-DOCSTART- -X- -X- O
Plan NN X O
and CC X O
prioritise VB X O
own JJ X O
work NN X O
and CC X O
that IN X O
of IN X O
more JJR X O
junior JJ X O
staff NN X O
so IN X O
that DT X O
deadlines NNS X O
are VBP X O
met VBN X O
. . X O
Swim NNP X O

Social NNP X O
Work NNP X O
are VBP X O
looking VBG X O
for IN X O
a DT X O
qualified JJ X O
social JJ X B-Occupation
worker NN X I-Occupation
to TO X O
join VB X O
the DT X O
children NNS X O
with IN X O
additional JJ X O
needs NNS X O
team NN X O
based VBN X O
in IN X O
Dartington NNP X O
, , X O
Devon NNP X O
. . X O
They PRP X O

have VBP X O
designed VBN X O
and CC X O
developed VBD X O
an DT X O
integrated VBN X B-Skill
needs NNS X I-Skill
and CC X I-Skill
risk NN X I-Skill
system NN X I-Skill
for IN X O
physical JJ X B-Domain
commodities NNS X I-Domain
trading VBG X I-Domain
that IN X O
their PRP$ X O
clients NNS X O
use VBP X O
directly RB X O
and CC X O
indirectly RB X O
on IN X O
a DT X O
daily JJ X O
basis NN X O
. . X O
We PRP X O

have VBP X O
vacancies NNS X O
for IN X O
Asbestos NNP X B-Occupation
Surveyors NNP X I-Occupation
, , X I-Occupation
Lead NNP X I-Occupation
Asbestos NNP X I-Occupation
Surveyors NNP X I-Occupation
, , X I-Occupation
Asbestos NNP X I-Occupation
Analysts NNS X I-Occupation
, , X I-Occupation
Asbestos NNP X I-Occupation
Project NNP X I-Occupation
Managers NNP X I-Occupation
, , X I-Occupation
Consultants NNP X I-Occupation
, , X I-Occupation
Asbestos NNP X I-Occupation
Administrators NNPS X I-Occupation
, , X I-Occupation
Asbestos NNP X I-Occupation
Laboratory NNP X I-Occupation
Technicians NNP X I-Occupation
, , X I-Occupation
Asbestos NNP X I-Occupation
Project NNP X I-Occupation
Managers NNP X I-Occupation
/ NNP X I-Occupation
Technical NNP X I-Occupation
/ NNP X I-Occupation
Quality NNP X I-Occupation
Managers NNP X I-Occupation
/ VBD X I-Occupation
Training NNP X I-Occupation
through IN X I-Occupation
to TO X I-Occupation
Sales NNS X I-Occupation
/ VB X I-Occupation
Senior NNP X I-Occupation
Management NNP X I-Occupation
and CC X I-Occupation
Director NNP X I-Occupation
level NN X O
Salaries NNS X O
ranging VBG X O
A DT X O

sound NN X O
understanding NN X O
of IN X O
the DT X O
Care NNP X B-Skill
Standards NNPS X I-Skill
together RB X O
with IN X O
a DT X O
Nursing NN X B-Qualification
qualification NN X I-Qualification
and CC X O
current JJ X O
NMC NNP X B-Qualification
registration NN X I-Qualification
are VBP X O
essential JJ X O
for IN X O
this DT X O
role NN X O
. . X O
Produce NNP X B-Skill

monthly JJ X I-Skill
OHS NNP X I-Skill
reports NNS X I-Skill
and CC X O
submit NN X B-Skill
to TO X I-Skill
Group NNP X I-Skill
OHS NNP X I-Skill
Manager NNP X I-Skill
or CC X I-Skill
her PRP$ X I-Skill
Deputy JJ X I-Skill
Produce NNP X I-Skill
site NN X I-Skill
based VBN X I-Skill
Accident NNP X I-Skill
Statistics NNPS X I-Skill
This DT X O

is VBZ X O
also RB X O
an DT X O
international JJ X O
operation NN X O
, , X O
producing VBG X B-Skill
coins NNS X I-Skill
and CC X I-Skill
blanks NNS X I-Skill
for IN X O
over IN X O
60 CD X O
countries NNS X O
worldwide RB X O
, , X O
making VBG X O
us PRP X O
the DT X O
world NN X O
s NN X O
leading VBG X O
export NN X O
mint NN X O
. . X O
The DT X O

main JJ X O
requirement NN X O
is VBZ X O
the DT X O
ability NN X O
to TO X O
motivate VB X B-Skill
your PRP$ X I-Skill
retail JJ X I-Skill
store NN X I-Skill
team NN X I-Skill
. . X O
It PRP X O

is VBZ X O
richly JJ X O
diverse JJ X O
ethnically RB X O
but CC X O
cohesive JJ X O
and CC X O
is VBZ X O
lead VBN X O
by IN X O
a DT X O
fantastic JJ X O
Headteacher NNP X B-Occupation
. . X O
A DT X O

growing VBG X O
business NN X O
where WRB X O
as IN X O
Assistant NNP X B-Occupation
Manager NNP X I-Occupation
you PRP X O
will MD X O
have VB X O
the DT X O
opportunity NN X O
to TO X O
be VB X O
a DT X O
key JJ X O
member NN X O
of IN X O
their PRP$ X O
team NN X O
and CC X O
contribute NN X O
to TO X O
their PRP$ X O
ongoing JJ X O
success NN X O
. . X O
An DT X O

individual NN X O
who WP X O
is VBZ X O
able JJ X O
to TO X O
play VB X B-Skill
a DT X I-Skill
vital JJ X I-Skill
role NN X I-Skill
in IN X I-Skill
further JJ X I-Skill
developing VBG X I-Skill
the DT X I-Skill
school NN X I-Skill
' POS X I-Skill
s NN X I-Skill
shared VBN X I-Skill
vision NN X I-Skill
and CC X O
use VB X O
this DT X O
opportunity NN X O
to TO X O
build VB X O
on IN X O
what WDT X O
will MD X O
already RB X O
have VB X O
been VBN X O
a DT X O
successful JJ X O
teaching NN X B-Domain
career NN X O
to TO X O
date NN X O
New NNP X O

2013 CD X O
Microsoft NNP X O
. . X B-Skill
NET NNP X I-Skill
, , X O
C NNP X B-Skill
, , X O
ASP NNP X B-Skill
. . X B-Occupation
Net NNP X I-Occupation
software NN X I-Occupation
engineer NN X I-Occupation
job NN X O
, , X O
Aberdeen NNP X O
. . X O
The DT X O

length NN X O
of IN X O
shifts NNS X O
will MD X O
vary VB X O
depending VBG X O
on IN X O
the DT X O
needs NNS X O
of IN X O
the DT X O
service NN X O
users NNS X O
that IN X O
you PRP X O
will MD X O
be VB X O
supporting VBG X O
and CC X O
will MD X O
include VB X O
working JJ X O
mornings NNS X O
, , X O
afternoons NNS X O
, , X O
evenings NNS X O
, , X O
weekends NNS X O
and CC X O
sleepins NNS X O
/ VBP X O
waking VBG X O
nights NNS X O
. . X O
Description NN X O

of IN X O
duties NNS X O
Main NNP X O
duties NNS X O
and CC X O
responsibilities NNS X O
: : X O
To TO X O
provide VB X O
technical JJ X B-Skill
support NN X I-Skill
to TO X I-Skill
staff NN X I-Skill
and CC X I-Skill
students NNS X I-Skill
within IN X O
Creative NNP X B-Domain
Technologies NNPS X I-Domain
area NN X I-Domain
. . X O
As IN X O

part NN X O
of IN X O
the DT X O
recruitment NN X O
process NN X O
, , X O
you PRP X O
will MD X O
be VB X O
asked VBN X O
to TO X O
provide VB X O
documented JJ X O
evidence NN X O
of IN X O
eligibility NN X O
A DT X O

willing JJ X B-Skill
to TO X I-Skill
suggest VB X I-Skill
technical JJ X I-Skill
improvements NNS X I-Skill
within IN X I-Skill
developed VBN X I-Skill
software NN X I-Skill
applications NNS X I-Skill
. . X O
Job NNP X O

Title NNP X O
; : X B-Occupation
iOS VBZ X I-Occupation
Developer NNP X I-Occupation
Exciting NNP X O
new JJ X O
projects NNS X O
Reading NNP X B-Skill
, , X O
Berks NNP X B-Skill
Skills NNP X O
for IN X O
the DT X O
iOS JJ X O
Developer NN X O
: : X O
Candidates NNS X O

will MD X O
ideally RB X O
have VB X O
Although IN X O
not RB X O
essential JJ X O
: : X O
Experience NN X O
as IN X O
an DT X O
online NN X B-Skill
/ NN X I-Skill
mobile JJ X I-Skill
UX NNP X I-Skill
designer NN X I-Skill
Experience NNP X O
of IN X O
information NN X B-Skill
The DT X O

Company NN X O
: : X O
This DT X O
European JJ X O
giant NN X O
has VBZ X O
had VBN X O
phenomenal JJ X O
success NN X O
in IN X O
this DT X O
large JJ X O
market NN X B-Domain
sector NN X O
for IN X O
over IN X O
fifty JJ X O
years NNS X O
. . X O
This DT X O

individual NN X O
will MD X O
work VB X O
with IN X O
other JJ X O
more JJR X O
experienced JJ X B-Skill
web NN X B-Occupation
developers NNS X I-Occupation
to TO X O
deliver VB X O
best JJS X O
practice NN X O
web NN X O
solutions NNS X O
using VBG X O
the DT X O
Microsoft NNP X B-Skill
stack NN X I-Skill
and CC X O
contribute NN X O
to TO X O
ongoing VBG X O
process NN X O
improvement NN X O
. . X O
In IN X O

this DT X O
role NN X O
you PRP X O
will MD X O
build VB X B-Skill
on IN X I-Skill
new JJ X I-Skill
and CC X I-Skill
existing VBG X I-Skill
relationships NNS X I-Skill
with IN X O
some DT X O
of IN X O
the DT X O
biggest JJS X O
engineering NN X O
firms NNS X O
in IN X O
the DT X O
UK NNP X O
and CC X O
high JJ X O
level NN X O
engineers NNS X O
. . X O
your PRP$ X O

CV NNP X O
immediately RB X O
White NNP X O
Recruitment NNP X O
Ltd NNP X O
is VBZ X O
acting VBG X O
as IN X O
an DT X O
Employment NNP X O
Agency NNP X O
in IN X O
relation NN X O
to TO X O
this DT X O
vacancy NN X O
Ensure NN X B-Skill

all DT X I-Skill
risk NN X I-Skill
information NN X I-Skill
across IN X I-Skill
the DT X I-Skill
group NN X I-Skill
is VBZ X I-Skill
consistent JJ X I-Skill
and CC X I-Skill
reported VBD X I-Skill
in IN X I-Skill
a DT X I-Skill
clear JJ X I-Skill
and CC X I-Skill
timely JJ X I-Skill
fashion NN X I-Skill
Prepare NNP X I-Skill
and CC X I-Skill
contribute NN X I-Skill
to TO X I-Skill
ICAAP NNP X I-Skill
preparation NN X I-Skill
Run NNP X I-Skill
risk NN X I-Skill
scenarios NNS X I-Skill
with IN X I-Skill
Exec NNP X I-Skill
team NN X I-Skill
to TO X I-Skill
challenge VB X I-Skill
and CC X I-Skill
analyse VB X I-Skill
risk NN X I-Skill
assumptions NNS X I-Skill
Input NNP X I-Skill
strongly RB X I-Skill
to TO X I-Skill
the DT X I-Skill
ICAAP NNP X I-Skill
process NN X I-Skill
Provide NNP X I-Skill
support NN X I-Skill
and CC X I-Skill
guidance NN X I-Skill
to TO X I-Skill
all DT X I-Skill
staff NN X I-Skill
on IN X I-Skill
risk NN X I-Skill
and CC X I-Skill
governance NN X I-Skill
issues NNS X I-Skill
Contribute NNP X I-Skill
to TO X I-Skill
and CC X I-Skill
develop VB X I-Skill
the DT X I-Skill
Operational NNP X I-Skill
Risk NNP X I-Skill
management NN X I-Skill
strategy NN X I-Skill
for IN X O
the DT X O
Group NNP X O
Key NNP X O
Skills NNP X O
Required NNP X O
Risk NNP X B-Skill
management NN X I-Skill
experience NN X I-Skill
including VBG X I-Skill
Risk NNP X I-Skill
Identification NNP X I-Skill
, , X I-Skill
Risk NNP X I-Skill
Analysis NNP X I-Skill
and CC X I-Skill
Risk NNP X I-Skill
Reporting NNP X I-Skill
in IN X I-Skill
a DT X I-Skill
regulated JJ X I-Skill
Financial NNP X I-Skill
Services NNPS X I-Skill
company NN X I-Skill
Experience NNP X I-Skill
of IN X I-Skill
managing VBG X I-Skill
risk NN X I-Skill
in IN X I-Skill
a DT X I-Skill
formal JJ X I-Skill
governance NN X I-Skill
environment NN X I-Skill
, , X I-Skill
risk NN X I-Skill
committees NNS X I-Skill
, , X I-Skill
risk NN X I-Skill
workshops NNS X I-Skill
, , X I-Skill
control NN X I-Skill
risk NN X I-Skill
self NN X I-Skill
assessments NNS X I-Skill
and CC X I-Skill
capital NN X I-Skill
management NN X I-Skill
Understanding NNP X I-Skill
of IN X I-Skill
risk NN X I-Skill
concepts NNS X I-Skill
Inherent NNP X I-Skill
risk NN X I-Skill
, , X I-Skill
residual JJ X I-Skill
risk NN X I-Skill
, , X I-Skill
control NN X I-Skill
design NN X I-Skill
, , X I-Skill
control NN X I-Skill
implementation NN X I-Skill
, , X I-Skill
KRIs NNP X I-Skill
, , X I-Skill
Capital NNP X I-Skill
Adequacy NNP X I-Skill
, , X I-Skill
risk NN X I-Skill
mitigation NN X I-Skill
etc FW X I-Skill
Familiar NNP X I-Skill
with IN X I-Skill
the DT X I-Skill
reporting NN X I-Skill
requirements NNS X I-Skill
of IN X I-Skill
a DT X I-Skill
risk NN X I-Skill
committee NN X I-Skill
including VBG X I-Skill
risk NN X I-Skill
appetite NN X I-Skill
assessment NN X I-Skill
, , X I-Skill
key JJ X I-Skill
risk NN X I-Skill
indicators NNS X I-Skill
and CC X I-Skill
risk NN X I-Skill
tolerance NN X I-Skill
management NN X I-Skill
Experience NN X I-Skill
of IN X I-Skill
implementing VBG X I-Skill
an DT X I-Skill
ICAAP NNP X I-Skill
/ NNP X I-Skill
ICA NNP X I-Skill
process NN X I-Skill
, , X I-Skill
including VBG X I-Skill
risk NN X I-Skill
scenario NN X I-Skill
generation NN X I-Skill
and CC X I-Skill
capital NN X I-Skill
monitoring NN X I-Skill
, , X I-Skill
stress JJ X I-Skill
testing NN X I-Skill
and CC X I-Skill
Pillar NNP X I-Skill
I PRP X I-Skill
, , X I-Skill
II NNP X I-Skill
and CC X I-Skill
III NNP X I-Skill
Any DT X O

other JJ X O
payroll NN X B-Skill
duties NNS X I-Skill
as IN X O
required VBN X O
by IN X O
the DT X O
business NN X O
. . X O
Your PRP$ X O

remit NN X O
will MD X O
be VB X O
to TO X O
ensure VB X O
delivery NN X O
, , X O
growth NN X O
and CC X O
profitable JJ X O
results NNS X O
for IN X O
the DT X O
client NN X O
, , X O
whilst JJ X O
driving VBG X B-Skill
forward JJ X I-Skill
innovation NN X I-Skill
in IN X I-Skill
strategic JJ X I-Skill
thinking NN X I-Skill
. . X O
My PRP$ X O

client NN X O
is VBZ X O
an DT X O
established VBN X O
, , X O
global JJ X B-Domain
business NN X I-Domain
that WDT X O
is VBZ X O
pushing VBG X O
for IN X O
growth NN X O
in IN X O
new JJ X B-Domain
markets NNS X I-Domain
with IN X O
a DT X O
product NN X O
range NN X O
that WDT X O
is VBZ X O
in IN X O
it PRP X O
s VBD X O
early JJ X O
stages NNS X O
of IN X O
development NN X B-Domain
but CC X O
about IN X O
to TO X O
expand VB X O
very RB X O
rapidly RB X O
. . X O
The DT X O

Senior NNP X B-Occupation
. . X I-Occupation
NET NNP X I-Occupation
Developer NNP X I-Occupation
Position NNP X O
AS IN X O
a DT X O
Senior NNP X O
. . X O
NET NNP X O
Developer NNP X O
you PRP X O
will MD X O
be VB X O
working VBG X B-Skill
in IN X I-Skill
a DT X I-Skill
fastpaced JJ X I-Skill
environment NN X I-Skill
using VBG X O
the DT X O
latest JJS X O
technologies NNS X O
to TO X O
deliver VB X B-Skill
bespoke JJ X I-Skill
solutions NNS X I-Skill
to TO X I-Skill
customers NNS X I-Skill
. . X O
Full JJ X O

Time NNP X O
, , X O
Permanent NNP X O
Motor NNP X O
Trade NNP X O
Jobs NNP X O
/ NNP X O
Automotive NNP X B-Domain
Vacancies NNS X O
: : X O
Automotive NNP X B-Occupation
Business NNP X I-Occupation
Manager NNP X I-Occupation
required VBD X O
in IN X O
Kidderminster NNP X O
. . X O
Leeds NNP X O

Centre NNP X O
for IN X O
Integrated NNP X B-Domain
Living NNP X I-Domain
is VBZ X O
a DT X O
Social NNP X O
Enterprise NNP X O
that WDT X O
helps VBZ X B-Skill
disabled VBN X I-Skill
and CC X I-Skill
older JJR X I-Skill
people NNS X I-Skill
to TO X O
set VB X B-Skill
up RP X I-Skill
and CC X I-Skill
manage VB X I-Skill
their PRP$ X I-Skill
own JJ X I-Skill
personal JJ X I-Skill
support NN X I-Skill
services NNS X I-Skill
. . X O
Company NN X O

: : X O
This DT X O
is VBZ X O
a DT X O
very RB X O
popular JJ X O
vibrant NN X O
restaurant NN X O
serving VBG X O
fresh JJ X O
seasonal JJ X O
British JJ X O
cuisine NN X O
created VBN X O
by IN X O
a DT X O
very RB X O
well RB X O
known VBN X O
award NN X O
winning VBG X O
Head NNP X O
Chef NNP X O
. . X O
Experience NN X B-Experience

of IN X I-Experience
working VBG X I-Experience
within IN X I-Experience
a DT X I-Experience
Digital NNP X I-Experience
Agency NNP X I-Experience
in IN X I-Experience
an DT X I-Experience
Account NNP X I-Experience
handling NN X I-Experience
function NN X I-Experience
To TO X O

be VB X O
considered VBN X O
for IN X O
the DT X O
role NN X O
, , X O
you PRP X O
must MD X O
have VB X O
experience NN X B-Skill
on IN X I-Skill
large JJ X I-Skill
consumer NN X I-Skill
brands NNS X I-Skill
and CC X O
have VBP X B-Skill
been VBN X I-Skill
working VBG X I-Skill
on IN X I-Skill
successful JJ X I-Skill
social JJ X I-Skill
media NNS X I-Skill
campaigns NNS X I-Skill
. . X O
Electronic JJ X O

Security NNP X O
Systems NNP X O
Installer NNP X O
is VBZ X O
currently RB X O
looking VBG X O
for IN X O
an DT X O
experiened JJ X B-Skill
Installation NNP X B-Occupation
Engineer NNP X I-Occupation
to TO X O
join VB X O
the DT X O
team NN X O
. . X O
A DT X O

high JJ X O
degree NN X O
of IN X O
flexibility NN X O
and CC X O
ability NN X O
to TO X O
form VB X B-Skill
part NN X I-Skill
of IN X I-Skill
a DT X I-Skill
call NN X I-Skill
out RP X I-Skill
rota NN X I-Skill
Excellent NNP X O
interpersonal JJ X B-Skill
skills NNS X I-Skill
. . X O
Due JJ X O

to TO X O
the DT X O
popularity NN X O
of IN X O
this DT X O
venue NN X O
it PRP X O
is VBZ X O
also RB X O
essential JJ X O
that IN X O
all DT X O
applicants NNS X O
are VBP X O
used VBN X O
to TO X O
managing VBG X B-Skill
a DT X I-Skill
high JJ X I-Skill
volume NN X I-Skill
but CC X I-Skill
all DT X I-Skill
fresh JJ X I-Skill
kitchen NN X I-Skill
. . X O
The DT X O

project NN X O
work NN X O
undertaken JJ X O
varies NNS X O
in IN X O
size NN X O
from IN X O
minor JJ X O
works NNS X O
to TO X O
full JJ X O
scale NN X O
greenfield NN X B-Skill
development NN X I-Skill
projects NNS X I-Skill
. . X O
You PRP X O

' '' X O
ll JJ X O
be VB X O
joining VBG X O
a DT X O
small JJ X O
entrepreneurial JJ X O
team NN X O
with IN X O
a DT X O
startup JJ X O
mentality NN X O
so IN X O
you PRP X O
will MD X O
be VB X O
expected VBN X O
to TO X O
have VB X O
wide JJ X B-Skill
ranging VBG X I-Skill
skills NNS X I-Skill
, , X O
energy NN X B-Skill
and CC X O
desire NN X B-Skill
to TO X I-Skill
turn VB X I-Skill
your PRP$ X I-Skill
hand NN X I-Skill
to TO X I-Skill
whatever WDT X I-Skill
is VBZ X I-Skill
necessary JJ X I-Skill
to TO X I-Skill
create VB X I-Skill
success NN X I-Skill
for IN X I-Skill
our PRP$ X I-Skill
business NN X I-Skill
. . X O
This DT X O

is VBZ X O
a DT X O
new JJ X O
position NN X O
within IN X O
a DT X O
local JJ X O
business NN X O
that WDT X O
has VBZ X O
been VBN X O
created VBN X O
to TO X O
place VB X B-Skill
a DT X I-Skill
new JJ X I-Skill
emphasis NN X I-Skill
on IN X I-Skill
the DT X I-Skill
businesses NNS X I-Skill
procurement JJ X I-Skill
strategy NN X I-Skill
. . X O
PAS NNP X B-Skill

, , X O
a DT X O
complex JJ X B-Skill
data NN X I-Skill
system NN X I-Skill
to TO X I-Skill
plan NN X I-Skill
and CC X I-Skill
implement JJ X I-Skill
PAS NNP X I-Skill
software NN X I-Skill
releases NNS X I-Skill
and CC X I-Skill
updates NNS X I-Skill
. . X O
Role NNP X O

/ JJ X O
Candidate NNP X O
: : X O
The DT X O
Ideal NNP X O
candidate NN X O
will MD X O
have VB X O
previous JJ X O
Sous NNP X B-Occupation
Chef NNP X I-Occupation
experience NN X B-Skill
with IN X O
in IN X O
a DT X O
similar JJ X O
operation NN X O
/ NNP X O
Ability NNP X O
to TO X O
create VB X B-Skill
new JJ X I-Skill
and CC X I-Skill
exciting JJ X I-Skill
dishes NNS X I-Skill
/ VBP X O
Menu NNP X B-Skill
planning NN X I-Skill
/ NNP X O
Menu NNP X B-Skill
input NN X O
/ NNP X B-Skill
Working NNP X I-Skill
closely RB X I-Skill
with IN X I-Skill
the DT X I-Skill
Head NNP X B-Occupation
chef NN X I-Occupation
/ NN X O
Running VBG X B-Skill
kitchen NN X I-Skill
in IN X I-Skill
absence NN X I-Skill
of IN X I-Skill
Head NNP X B-Occupation
Chef NNP X I-Occupation
/ NNP X O
Good NNP X O
stock NN X B-Skill
control NN X I-Skill
management NN X I-Skill
/ NNP X O
Ability NNP X O
to TO X O
lead VB X B-Skill
and CC X I-Skill
manage VB X I-Skill
the DT X I-Skill
junior JJ X I-Skill
Chefs NNP X I-Skill
/ NNP X O
Good NNP X O
Health NNP X B-Skill
& CC X I-Skill
Safety NNP X I-Skill
record NN X I-Skill
/ NNP X O
stock NN X B-Skill
management NN X I-Skill
/ VBD X O
Liaising VBG X B-Skill
with IN X I-Skill
suppliers NNS X I-Skill
Salary NNP X O
& CC X O
Benefits NNS X O
: : X O
You PRP X O

may MD X O
be VB X O
asked VBN X O
to TO X O
drive VB X B-Skill
various JJ X I-Skill
types NNS X I-Skill
of IN X I-Skill
Class NNP X I-Skill
1 CD X I-Skill
vehicles NNS X I-Skill
including VBG X O
vehicles NNS X O
with IN X O
Floating VBG X O
Floors NNS X O
. . X O
You PRP X O

will MD X O
need VB X O
to TO X O
be VB X O
able JJ X O
to TO X O
forge VB X B-Skill
strong JJ X I-Skill
relationships NNS X I-Skill
with IN X I-Skill
the DT X I-Skill
local JJ X I-Skill
business NN X I-Skill
community NN X I-Skill
and CC X O
be VB X O
able JJ X O
to TO X O
build VB X B-Skill
sales NNS X I-Skill
. . X O
ABOUT NNP X O

HARNHAM NNP X O
Harnham NNP X O
Search NNP X O
and CC X O
Selection NNP X O
are VBP X O
specialists NNS X O
in IN X O
recruiting VBG X O
within IN X O
niche NN X O
areas NNS X O
of IN X O
Statistical NNP X B-Domain
Analytical NNP X I-Domain
, , X O
Credit NNP X B-Domain
Risk NNP X I-Domain
, , X I-Domain
Business NNP X I-Domain
Intelligence NNP X I-Domain
and CC X O
IT NNP X B-Domain
employment NN X O
markets NNS X O
where WRB X O
many JJ X O
businesses NNS X O
find VBP X O
hiring JJ X O
quality NN X O
employees NNS X O
a DT X O
challenge NN X O
. . X O
You PRP X O

will MD X O
have VB X O
experience NN X B-Experience
in IN X I-Experience
high JJ X I-Experience
volume NN X I-Experience
as RB X I-Experience
well RB X I-Experience
as IN X I-Experience
restaurant NN X I-Experience
, , X I-Experience
bar NN X I-Experience
and CC X I-Experience
room NN X I-Experience
service NN X I-Experience
outlets NNS X I-Experience
. . X O
Our PRP$ X O

client NN X O
is VBZ X O
a DT X O
well RB X O
established VBN X O
independent JJ X O
estate NN X O
agent NN X O
, , X O
with IN X O
an DT X O
excellent JJ X O
reputation NN X O
and CC X O
great JJ X O
office NN X O
atmosphere RB X O
. . X O
Have VBP X O

you PRP X O
been VBN X O
a DT X O
Java NNP X B-Occupation
developer NN X I-Occupation
for IN X O
several JJ X O
years NNS X O
, , X O
and CC X O
are VBP X O
building VBG X B-Skill
Android NNP X I-Skill
apps NN X I-Skill
in IN X O
your PRP$ X O
own JJ X O
time NN X O
? . X O
NIGHT NNP X B-Occupation

NURSE NNP X I-Occupation
, , X O
DARLINGTON NNP X O
Registered NNP X B-Skill
Mental NNP X I-Skill
Health NNP X I-Skill
Nurse NNP X I-Skill
RMN NNP X B-Qualification
or CC X O
Registered NNP X B-Occupation
General NNP X I-Occupation
Nurse NNP X I-Occupation
The DT X O

Sales NNS X B-Occupation
Executive NNP X I-Occupation
will MD X O
: : X O
Identify VB X B-Skill
new JJ X I-Skill
business NN X I-Skill
opportunities NNS X I-Skill
develop VBP X I-Skill
and CC X I-Skill
close JJ X I-Skill
new JJ X I-Skill
business NN X I-Skill
deals NNS X I-Skill
meet VBP X I-Skill
with IN X I-Skill
clients NNS X I-Skill
to TO X O
determine VB X O
requirements NNS X O
; : X O
work NN X B-Skill
with IN X I-Skill
clients NNS X I-Skill
to TO X O
define VB X O
the DT X O
scope NN X O
of IN X O
a DT X O
project NN X O
; : X O
maintain CC X B-Skill
and CC X I-Skill
develop VB X I-Skill
a DT X I-Skill
qualified JJ X I-Skill
pipeline NN X I-Skill
of IN X I-Skill
at IN X I-Skill
least JJS X I-Skill
4 CD X I-Skill
times NNS X I-Skill
the DT X I-Skill
target NN X I-Skill
maintain VB X I-Skill
a DT X I-Skill
full JJ X I-Skill
appointment NN X I-Skill
schedule NN X I-Skill
on IN X O
a DT X O
monthly JJ X O
basis NN X O
Bring NNP X O
innovation NN X B-Skill
and CC X I-Skill
ideas NNS X I-Skill
to TO X O
gain VB X B-Skill
interest NN X I-Skill
from IN X I-Skill
your PRP$ X I-Skill
targeted VBN X I-Skill
new JJ X I-Skill
business NN X I-Skill
prospects NNS X I-Skill
Any DT X O

experience NN X O
within IN X O
a DT X O
retail JJ X B-Domain
organisation NN X O
would MD X O
also RB X O
be VB X O
beneficial JJ X O
for IN X O
the DT X O
position NN X O
. . X O
The DT X O

successful JJ X O
Administrator NNP X B-Occupation
, , X O
will MD X O
have VB X O
: : X O
Experience NN X B-Experience
within IN X I-Experience
a DT X I-Experience
similar JJ X I-Experience
role NN X I-Experience
is VBZ X O
essential JJ X O
Attention NNP X B-Skill
to TO X I-Skill
detail VB X I-Skill
essential JJ X O
Ability NNP X B-Skill
to TO X I-Skill
work VB X I-Skill
towards NNS X I-Skill
tight JJ X I-Skill
deadlines NNS X I-Skill
They PRP X O

have VBP X O
15 CD X O
sites NNS X O
presently RB X O
and CC X O
are VBP X O
going VBG X O
to TO X O
be VB X O
doubling VBG X O
over IN X O
the DT X O
next JJ X O
few JJ X O
months NNS X O
They PRP X O
have VBP X O
recently RB X O
taken VBN X O
their PRP$ X O
brand NN X O
to TO X O
the DT X O
states NNS X O
They PRP X O
are VBP X O
looking VBG X O
for IN X O
a DT X O
fast JJ X B-Skill
and CC X O
friendly JJ X B-Skill
Restaurant NNP X B-Occupation
General NNP X I-Occupation
manager NN X I-Occupation
to TO X O
drive VB X B-Skill
the DT X I-Skill
profits NNS X I-Skill
control VBP X I-Skill
the DT X I-Skill
food NN X I-Skill
orders NNS X I-Skill
, , X O
keep VB X B-Skill
the DT X I-Skill
customers NNS X I-Skill
coming VBG X I-Skill
back RB X I-Skill
time NN X I-Skill
and CC X I-Skill
time NN X I-Skill
again RB X I-Skill
and CC X O
be VB X B-Skill
involved VBN X I-Skill
in IN X I-Skill
the DT X I-Skill
growth NN X I-Skill
of IN X I-Skill
this DT X I-Skill
new JJ X I-Skill
up RB X I-Skill
and CC X I-Skill
coming VBG X I-Skill
brand NN X I-Skill
. . X O
**** JJ X O

k NN X O
and CC X O
10M CD X O
. . X O
Due JJ X O
to TO X O
expansion NN X O
they PRP X O
are VBP X O
on IN X O
the DT X O
lookout NN X O
for IN X O
an DT X O
Estimator NN X B-Occupation
to TO X O
join VB X O
their PRP$ X O
East NNP X O
Sussex NNP X O
based VBN X O
Estimating NNP X O
team NN X O
. . X O
To TO X O

promote VB X B-Skill
the DT X I-Skill
ethos NN X I-Skill
of IN X I-Skill
the DT X I-Skill
cluster NN X I-Skill
team NN X I-Skill
health NN X I-Skill
and CC X I-Skill
safety NN X I-Skill
procedures NNS X I-Skill
with IN X I-Skill
regard NN X I-Skill
to TO X I-Skill
working VBG X I-Skill
off RP X I-Skill
site NN X I-Skill
. . X O
Other JJ X O

Key NNP X O
aspects NNS X O
of IN X O
the DT X O
Domiciliary NNP X B-Domain
Care NNP X I-Domain
/ NNP X O
Area NNP X O
Manager NNP X O
Position NNP X O
are VBP X O
to TO X O
ensure VB X B-Skill
that IN X I-Skill
services NNS X I-Skill
meet VB X I-Skill
CQC NNP X I-Skill
and CC X O
other JJ X O
regulatory JJ X O
obligations NNS X O
, , X O
develop VB X B-Skill
partnerships NNS X I-Skill
and CC X O
maintain VBP X B-Skill
effective JJ X I-Skill
relationships NNS X I-Skill
and CC X O
to TO X O
establish VB X B-Skill
, , X I-Skill
open JJ X I-Skill
and CC X I-Skill
grow JJ X I-Skill
additional JJ X I-Skill
branches NNS X I-Skill
The DT X O
Candidate NNP X O
A DT X O

solid JJ X O
background NN X O
in IN X O
C NNP X B-Skill
/ NNP X I-Skill
ASP NNP X I-Skill
. . X I-Skill
net NN X I-Skill
, , X O
Web NNP X B-Skill
forms NNS X I-Skill
development NN X I-Skill
is VBZ X O
essential JJ X O
too RB X O
, , X O
as IN X O
you PRP X O
will MD X O
take VB X O
a DT X O
leading JJ X O
hand NN X O
in IN X O
development NN X B-Skill
work NN X O
within IN X O
the DT X O
role NN X O
, , X O
but CC X O
the DT X O
general JJ X O
guidance NN X O
of IN X O
the DT X O
team NN X O
and CC X O
the DT X O
surrounding VBG X O
responsibilities NNS X O
will MD X O
take VB X O
priority NN X O
to TO X O
allow VB X O
a DT X O
platform NN X O
and CC X O
foundation NN X O
for IN X O
growth NN X O
. . X O
Previous JJ X O

experience NN X O
in IN X O
parallel JJ X B-Skill
implementation NN X I-Skill
of IN X I-Skill
vision NN X I-Skill
algorithms NN X I-Skill
is VBZ X O
desirable JJ X O
. . X O
The DT X O

Person NNP X O
: : X O
The DT X O
successful JJ X O
candidate NN X O
will MD X O
have VB X O
a DT X B-Skill
background NN X I-Skill
in IN X I-Skill
corporate JJ X I-Skill
business NN X I-Skill
to TO X I-Skill
business NN X I-Skill
, , X O
FMCG NNP X B-Skill
or CC X O
foodservice NN X B-Skill
in IN X I-Skill
some DT X I-Skill
sort NN X I-Skill
of IN X I-Skill
sales NNS X I-Skill
orientated VBN X I-Skill
capacity NN X I-Skill
. . X O
Mechanical NNP X B-Occupation

Engineer NNP X I-Occupation
East NNP X O
Anglia NNP X O
A NNP X O
Mechanical NNP X B-Occupation
Engineer NNP X I-Occupation
is VBZ X O
needed VBN X O
for IN X O
an DT X O
exciting NN X O
and CC X O
rapidly RB X O
expanding VBG X B-Skill
consultancy NN X I-Skill
. . X O
This DT X O

UK NNP X O
based VBN X O
staff NN X O
position NN X O
is VBZ X O
within IN X O
the DT X O
technical JJ X B-Domain
directorate NN X I-Domain
team NN X O
with IN X O
the DT X O
successful JJ X O
candidate NN X O
gaining VBG X O
the DT X O
responsibility NN X O
for IN X O
the DT X O
operations NNS X O
of IN X O
performance NN X B-Skill
optimisation NN X I-Skill
teams NNS X O
and CC X O
shall MD X O
have VB X O
the DT X O
opportunity NN X O
to TO X O
review VB X B-Skill
and CC X I-Skill
implement JJ X I-Skill
improvements NNS X I-Skill
to TO X I-Skill
operational JJ X I-Skill
practise NN X I-Skill
. . X O
A DT X O

technology NN X O
solutions NNS X O
originator NN X O
and CC X O
reputable JJ X O
specialist NN X O
contractor NN X O
across IN X O
Asia NNP X O
Pacific NNP X O
is VBZ X O
seeking VBG X O
suitable JJ X O
professionals NNS X O
and CC X O
talents NNS X O
to TO X O
join VB X O
their PRP$ X O
organization NN X O
. . X O
We PRP X O

provide VBP X O
secondary JJ X O
education NN X O
and CC X O
support NN X O
to TO X O
ensure VB X O
their PRP$ X O
capabilities NNS X O
are VBP X O
fully RB X O
realised VBN X O
. . X O
My PRP$ X O

client NN X O
, , X O
an DT X O
organisation NN X O
within IN X O
the DT X O
Financial NNP X B-Domain
Services NNPS X O
domain NN X O
are VBP X O
looking VBG X O
for IN X O
. . X B-Skill
NET NN X I-Skill
**** NN X O

hours NNS X O
a DT X O
week NN X O
with IN X O
time NN X O
and CC X O
half NN X O
paid VBN X O
after IN X O
this DT X O
and CC X O
all DT X O
day NN X O
Saturdays NNP X O
, , X O
double JJ X O
time NN X O
on IN X O
Sundays NNS X O
. . X O
**** NN X O

to TO X O
work VB X O
for IN X O
an DT X O
international JJ X O
organisation NN X O
based VBN X O
in IN X O
Oxfordshire NNP X O
, , X O
due JJ X O
to TO X O
a DT X O
period NN X O
of IN X O
substantial JJ X O
growth NN X O
. . X O
Our PRP$ X O

client NN X O
, , X O
a DT X O
leading JJ X O
investment NN X O
bank NN X O
in IN X O
London NNP X O
, , X O
is VBZ X O
currently RB X O
looking VBG X O
to TO X O
hire VB X O
an DT X O
experienced JJ X O
Technical NNP X B-Occupation
Business NNP X I-Occupation
Analyst NNP X I-Occupation
to TO X O
work VB X O
full JJ X O
time NN X O
in IN X O
their PRP$ X O
London NNP X O
based VBN X O
headquarters NNS X O
. . X O
You PRP X O

will MD X O
be VB X O
an DT X O
excellent JJ X O
communicator NN X B-Skill
and CC X O
will MD X O
want VB X O
to TO X O
develop VB X O
a DT X O
career NN X O
in IN X O
a DT X O
leading JJ X O
organisation NN X O
. . X O
You PRP X O

will MD X O
need VB X O
to TO X O
be VB X O
comfortable JJ X B-Skill
with IN X I-Skill
travel NN X I-Skill
and CC X O
be VB X B-Skill
in IN X I-Skill
a DT X I-Skill
multisite JJ X I-Skill
role NN X I-Skill
now RB X I-Skill
or CC X O
have VBP X B-Skill
done VBN X I-Skill
a DT X I-Skill
multisite JJ X I-Skill
role NN X I-Skill
previously RB X I-Skill
. . X O
Very RB X O

strong JJ X O
, , X O
experienced JJ X O
and CC X O
well RB X O
known VBN X O
management NN X O
team NN X O
within IN X O
the DT X O
Big NNP X O
Data NNP X O
world NN X O
Privately NNP X O
held VBD X O
and CC X O
very RB X O
cash NN X O
You PRP X O

will MD X O
be VB X B-Skill
a DT X I-Skill
calming JJ X I-Skill
influence NN X I-Skill
, , X O
and CC X O
able JJ X B-Skill
to TO X I-Skill
deliver VB X I-Skill
the DT X I-Skill
best JJS X I-Skill
your PRP$ X I-Skill
business NN X I-Skill
has VBZ X I-Skill
to TO X I-Skill
offer VB X I-Skill
, , X O
even RB X O
under IN X B-Skill
the DT X I-Skill
most RBS X I-Skill
pressured JJ X I-Skill
situations NNS X I-Skill
The DT X O

ability NN X B-Skill
to TO X I-Skill
influence NN X I-Skill
and CC X I-Skill
negotiate VB X I-Skill
all DT X O
stakeholders NNS X O
Excellent NNP X O
verbal NN X B-Skill
and CC X O
written VBN X B-Skill
communication NN X I-Skill
skills NNS X I-Skill
to TO X O
create VB X B-Skill
and CC X I-Skill
develop VB X I-Skill
relationships NNS X I-Skill
with IN X I-Skill
new JJ X I-Skill
prospects NNS X I-Skill
, , X I-Skill
clients NNS X I-Skill
and CC X I-Skill
suppliers NNS X I-Skill
. . X O
Joining VBG X O

this DT X O
independent JJ X O
consultancy NN X O
you PRP X O
can MD X O
expect VB X O
to TO X O
work VB X B-Skill
with IN X I-Skill
industry NN X I-Skill
experts NNS X I-Skill
on IN X I-Skill
a DT X I-Skill
variety NN X I-Skill
of IN X I-Skill
oil NN X I-Skill
s NN X I-Skill
or CC X I-Skill
FPSO NNP X I-Skill
s NN X I-Skill
. . X O
The DT X O

Role NNP X O
The DT X O
Chief NNP X B-Occupation
Engineer NNP X I-Occupation
is VBZ X O
primarily RB X O
a DT X O
building NN X B-Skill
facilities NNS X I-Skill
and CC X O
engineering NN X B-Skill
role NN X O
. . X O
Our PRP$ X O

client NN X O
is VBZ X O
a DT X O
long JJ X O
established VBN X O
charitable JJ X O
organisation NN X O
providing VBG X B-Skill
support NN X I-Skill
and CC X I-Skill
assistance NN X I-Skill
to TO X I-Skill
service NN X I-Skill
personnel NNS X I-Skill
in IN X O
the DT X O
armed JJ X O
forces NNS X O
both DT X O
past JJ X O
and CC X O
present JJ X O
. . X O
The DT X O

venue NN X O
is VBZ X O
very RB X O
popular JJ X O
for IN X O
weddings NNS X O
and CC X O
considered VBN X O
to TO X O
be VB X O
one CD X O
of IN X O
the DT X O
most RBS X O
prestigious JJ X O
in IN X O
the DT X O
area NN X O
. . X O
This DT X O

is VBZ X O
an DT X O
exciting JJ X O
opportunity NN X O
for IN X O
dynamic JJ X B-Skill
and CC X O
driven JJ X O
retail JJ X B-Domain
, , X O
leisure NN X B-Domain
or CC X O
hospitality NN X B-Domain
managers NNS X B-Occupation
to TO X O
progress VB X O
their PRP$ X O
career NN X O
with IN X O
one CD X O
of IN X O
the DT X O
UK NNP X O
s NN X O
largest JJS X O
blue JJ X O
chip NN X O
food NN X O
retailers NNS X O
. . X O
Elevation NNP X O

Engineering NNP X O
& CC X O
Manufacturing NNP X O
is VBZ X O
a DT X O
specialist JJ X O
division NN X O
of IN X O
Elevation NNP X O
Recruitment NNP X O
focusing VBG X O
on IN X O
engineering NN X B-Skill
, , X O
operational JJ X B-Skill
, , X O
technical JJ X B-Skill
positions NNS X I-Skill
in IN X O
Yorkshire NNP X O
and CC X O
surrounding VBG X O
regions NNS X O
. . X O
actual JJ X O

shift NN X O
times NNS X O
are VBP X O
determined VBN X O
by IN X O
local JJ X O
demand NN X O
, , X O
unless IN X O
with IN X O
prior JJ X O
Patrol NNP X O
agreement NN X O
The DT X O
latest JJS X O
possible JJ X O
endofshift NN X O
time NN X O
excluding VBG X O
dedicated VBN X O
night NN X O
shifts NNS X O
is VBZ X O
Very RB X O

well RB X B-Skill
presented VBN X I-Skill
with IN X O
a DT X O
proactive JJ X B-Skill
, , X O
friendly JJ X B-Skill
attitude VBP X O
The DT X O
Benefits NNP X O
General NNP X B-Occupation
Manager NNP X I-Occupation
Excellent NNP X O
package NN X O
up RB X O
to TO X O
K NNP X O

Equity NNP X O
COMPANY NNP X O
INFORMATION NNP X O
Dynamic NNP X O
technology NN X O
start VBZ X O
up RP X O
specialising VBG X O
in IN X O
Big NNP X O
Data NNP X O
solutions NNS X O
Do VBP X O

you PRP X O
enjoy VB X O
SEO NNP X B-Occupation
and CC X O
learning VBG X O
as RB X O
much RB X O
as IN X O
you PRP X O
can MD X O
about IN X O
all DT X O
aspects NNS X O
of IN X O
digital JJ X B-Domain
marketing NN X I-Domain
? . X O
Due JJ X O

to TO X O
the DT X O
contracted VBN X O
beds NNS X O
and CC X O
mix NN X O
of IN X O
the DT X O
clients NNS X O
within IN X O
the DT X O
home NN X O
it PRP X O
makes VBZ X O
this DT X O
position NN X O
very RB X O
attractive JJ X O
as IN X O
a DT X O
great JJ X O
opportunity NN X O
to TO X O
enhance VB X O
your PRP$ X O
skillset NN X O
and CC X O
experience NN X O
and CC X O
because IN X O
of IN X O
this DT X O
candidates NNS X O
from IN X O
a DT X O
hospital NN X B-Domain
background NN X I-Domain
can MD X O
also RB X O
be VB X O
considered VBN X O
. . X O
Recognising VBG X O

the DT X O
wider NN X O
wealth NN X B-Skill
planning VBG X I-Skill
needs NNS X O
of IN X O
customers NNS X O
in IN X O
order NN X O
to TO X O
refer VB X B-Skill
customers NNS X I-Skill
to TO X I-Skill
other JJ X I-Skill
areas NNS X I-Skill
of IN X I-Skill
the DT X I-Skill
business NN X I-Skill
where WRB X O
their PRP$ X O
needs NNS X O
for IN X O
nonregulated JJ X B-Domain
products NNS X I-Domain
can MD X O
be VB X O
met VBN X O
. . X O
The DT X O

ability NN X B-Skill
to TO X I-Skill
manually RB X I-Skill
Powder NNP X I-Skill
Coat NNP X I-Skill
would MD X O
be VB X O
an DT X O
advantage NN X O
. . X O
A DT X O

1st CD X O
tier NN X O
Trading NN X O
House NNP X O
requires VBZ X O
a DT X O
Senior NNP X O
C NNP X B-Occupation
Flex NNP X I-Occupation
Developer NNP X I-Occupation
to TO X O
join VB X O
the DT X O
London NNP X O
based VBN X O
team NN X O
. . X O
If IN X O

you PRP X O
are VBP X O
not RB X O
contacted VBN X O
within IN X O
7 CD X O
days NNS X O
of IN X O
your PRP$ X O
application NN X O
, , X O
then RB X O
unfortunately RB X O
your PRP$ X O
application NN X O
has VBZ X O
been VBN X O
unsuccessful JJ X O
on IN X O
this DT X O
occasion NN X O
. . X O
This DT X O

will MD X O
cover VB X O
; : X O
oStrategic JJ X B-Skill
planning NN X I-Skill
of IN X I-Skill
core NN X I-Skill
ecommerce NN X I-Skill
disciplines NNS X O
with IN X O
a DT X O
particular JJ X O
strength NN X B-Skill
in IN X I-Skill
the DT X I-Skill
digital JJ X I-Skill
space NN X I-Skill
oResponsible NN X O
for IN X O
operational JJ X B-Skill
delivery NN X I-Skill
and CC X O
achieving VBG X O
clients NNS X O
results NNS X O
oLeading VBG X B-Skill
the DT X I-Skill
client NN X I-Skill
relationship NN X I-Skill
directly RB X O
and CC X O
with IN X O
the DT X O
relevant JJ X O
media NNS X O
and CC X O
technology NN X O
partners NNS X O
oDeveloping VBG X B-Skill
the DT X I-Skill
clients NNS X I-Skill
relationship NN X I-Skill
with IN X O
the DT X O
agency NN X O
oManaging VBG X B-Skill
the DT X I-Skill
commercial JJ X I-Skill
agreements NNS X I-Skill
and CC X I-Skill
negotiations NNS X I-Skill
oEnsuring VBG X I-Skill
constant JJ X I-Skill
innovation NN X I-Skill
across IN X O
planning NN X O
, , X O
tactics NNS X O
and CC X O
technology NN X O
MMC NNP X O

, , X O
one CD X O
of IN X O
the DT X O
largest JJS X O
professional JJ X O
services NNS X O
organizations NNS X O
and CC X O
a DT X O
major JJ X O
player NN X O
in IN X O
the DT X O
global JJ X O
insurance NN X O
sector NN X O
. . X O
The DT X O

20 CD X O
hours NNS X O
per IN X O
week NN X O
are VBP X O
flexible JJ X O
so IN X O
you PRP X O
can MD X O
determine VB X O
the DT X O
hours NNS X O
that WDT X O
will MD X O
be VB X O
most RBS X O
beneficial JJ X O
to TO X O
you PRP X O
For IN X O

more JJR X O
information NN X O
about IN X O
this DT X O
role NN X O
please NN X O
contact VB X O
our PRP$ X O
London NNP X O
office NN X O
Liaise NN X O

with IN X O
Project NNP X O
Management NNP X O
Client NNP X O
Services NNPS X O
on IN X O
project NN X O
status NN X O
and CC X O
resources NNS X O
. . X O
An DT X O

excellent JJ X O
and CC X O
unique JJ X O
opportunity NN X O
to TO X O
build VB X O
a DT X O
role NN X O
around IN X O
your PRP$ X O
ability NN X O
to TO X O
develop VB X O
the DT X O
role NN X O
as RB X O
well RB X O
as IN X O
a DT X O
great JJ X O
pension NN X O
scheme NN X O
, , X O
25 CD X O
days NNS X O
annual JJ X O
leave VBP X O
and CC X O
other JJ X O
various JJ X O
company NN X O
related VBD X O
benefits NNS X O
. . X O
It PRP X O

is VBZ X O
an DT X O
excellent JJ X O
career NN X O
opportunity NN X O
for IN X O
an DT X O
ACA NNP X B-Qualification
or CC X I-Qualification
ACCA NNP X I-Qualification
qualified VBD X O
looking VBG X O
for IN X O
a DT X O
managerial JJ X B-Occupation
role NN X I-Occupation
offering NN X O
responsibility NN X O
, , X O
autonomy NN X O
and CC X O
the DT X O
opportunity NN X O
to TO X O
progress VB X O
to TO X O
Partnership NNP X O
level NN X O
. . X O
This DT X O

is VBZ X O
an DT X O
excellent JJ X O
opportunity NN X O
to TO X O
develop VB X O
and CC X O
progress VB X O
with IN X O
an DT X O
employer NN X O
of IN X O
choice NN X O
which WDT X O
has VBZ X O
won VBN X O
awards NNS X O
previously RB X O
for IN X O
its PRP$ X O
consistently RB X O
high JJ X O
standard NN X O
of IN X O
quality NN X O
. . X O
Rare JJ X O

opening NN X O
for IN X O
a DT X O
highcalibre NN X B-Occupation
assistant NN X I-Occupation
at IN X O
this DT X O
prestigious JJ X O
City NNP X O
firm NN X O
with IN X O
a DT X O
highly RB X O
regarded JJ X O
commercial JJ X O
property NN X O
department NN X O
. . X O
Our PRP$ X O

client NN X O
offers VBZ X O
an DT X O
excellent JJ X O
salary NN X O
, , X O
commission NN X O
and CC X O
benefits NNS X O
package NN X O
and CC X O
with IN X O
an DT X O
unrivalled JJ X O
training NN X O
programme NN X O
, , X O
this DT X O
is VBZ X O
an DT X O
excellent JJ X O
opportunity NN X O
for IN X O
graduate NN X O
/ NNS X O
or CC X O
equivalent NN X O
to TO X O
start VB X O
their PRP$ X O
career NN X O
in IN X O
media NNS X O
sales NNS X O
. . X O
: : X O

Must NN X O
be VB X O
ACA NNP X B-Qualification
/ NNP X I-Qualification
ACCA NNP X I-Qualification
qualified VBD X I-Qualification
ideally RB X O
from IN X O
a DT X O
leading VBG X O
Accountancy NNP X O
practice NN X O
This DT X O

is VBZ X O
a DT X O
hands NNS X B-Skill
on IN X I-Skill
role NN X O
, , X O
You PRP X O
will MD X O
need VB X O
a DT X B-Experience
wide JJ X I-Experience
knowledge NN X I-Experience
and CC X I-Experience
proven NN X I-Experience
background NN X I-Experience
in IN X I-Experience
Power NNP X I-Experience
Supply NNP X I-Experience
design NN X I-Experience
also RB X O
with IN X O
experience NN X B-Experience
in IN X I-Experience
digital JJ X I-Experience
power NN X I-Experience
control NN X I-Experience
technology NN X I-Experience
. . X O
Prompt JJ X O

weekly JJ X O
payment NN X O
FREE NNP X O
Mandatory NNP X O
Induction NNP X O
Training NNP X O
Whilst NNP X O

not RB X O
rocket VBZ X O
science NN X O
we PRP X O
are VBP X O
looking VBG X O
for IN X O
a DT X B-Skill
firm NN X I-Skill
grounding NN X I-Skill
in IN X I-Skill
the DT X I-Skill
relevant JJ X I-Skill
networking NN X I-Skill
technologies NNS X I-Skill
, , X I-Skill
the DT X I-Skill
market NN X I-Skill
and CC X I-Skill
Security NNP X I-Skill
solutions NNS X I-Skill
in IN X O
order NN X O
to TO X O
gain VB X B-Skill
maximum JJ X I-Skill
credibility NN X I-Skill
and CC X I-Skill
quickly RB X I-Skill
understand VB X I-Skill
the DT X I-Skill
pain NN X I-Skill
point NN X I-Skill
and CC X I-Skill
issues NNS X I-Skill
facing VBG X I-Skill
end NN X I-Skill
user NN X I-Skill
Clients NNS X I-Skill
. . X O
Our PRP$ X O

client NN X O
is VBZ X O
a DT X O
leading VBG X O
company NN X O
within IN X O
risk NN X O
management NN X O
particularly RB X O
within IN X O
Health NNP X B-Domain
Care NNP X I-Domain
are VBP X O
looking VBG X O
for IN X O
a DT X O
billing NN X B-Occupation
assistant NN X I-Occupation
to TO X B-Skill
support VB X I-Skill
their PRP$ X I-Skill
small JJ X I-Skill
but CC X I-Skill
busy JJ X I-Skill
finance NN X I-Skill
team NN X I-Skill
. . X O
You PRP X O

must MD X O
be VB X O
an DT X O
excellent JJ X O
communicator NN X B-Skill
at IN X I-Skill
all DT X I-Skill
levels NNS X I-Skill
and CC X O
sensitive JJ X B-Skill
to TO X I-Skill
the DT X I-Skill
needs NNS X I-Skill
of IN X I-Skill
our PRP$ X I-Skill
patients NNS X I-Skill
and CC X I-Skill
their PRP$ X I-Skill
families NNS X I-Skill
. . X O
The DT X O

ideal JJ X O
Technical NNP X B-Skill
Business NNP X I-Skill
Analyst NNP X I-Skill
will MD X O
have VB X O
: : X O
Full NNP X B-Skill
understanding NN X I-Skill
of IN X I-Skill
the DT X I-Skill
project NN X I-Skill
lifecycle VBZ X I-Skill
Vital NNP X O
to TO X O
have VB X O
a DT X O
strong JJ X O
understanding NN X O
of IN X O
SQL NNP X B-Skill
and CC X O
to TO X O
have VB X B-Skill
coded VBN X I-Skill
in IN X I-Skill
developmental JJ X I-Skill
capacity NN X I-Skill
Previous NNP X O
background NN X O
in IN X O
support NN X B-Domain
is VBZ X O
beneficial JJ X O
Background NNP X O
in IN X O
the DT X O
financial JJ X B-Domain
services NNS X I-Domain
sector NN X O
The DT X O

company NN X O
offers VBZ X O
an DT X O
individual JJ X O
choice NN X O
to TO X O
clients NNS X O
and CC X O
partners NNS X O
through IN X O
their PRP$ X O
combination NN X O
of IN X O
independence NN X O
and CC X O
size NN X O
. . X O
B NNP X O

Q NNP X O
achieved VBD X O
the DT X O
Observer NNP X B-Qualification
' POS X I-Qualification
s JJ X I-Qualification
Ethical NNP X I-Qualification
Business NNP X I-Qualification
Award NNP X I-Qualification
, , X O
is VBZ X O
listed VBN X O
on IN X O
the DT X O
Sunday NNP X O
Times NNP X O
Best NNP X O
Green JJ X O
Companies NNP X O
list NN X O
and CC X O
was VBD X O
the DT X O
first JJ X O
retailer NN X B-Occupation
to TO X O
buy VB X O
100 CD X O
% NN X O
responsibly RB X O
sourced VBD X O
wood NN X O
. . X O
We PRP X O

have VBP X O
a DT X O
variety NN X O
of IN X O
graduate NN X B-Qualification
roles NNS X O
on IN X O
at IN X O
present JJ X O
Having VBG X O

worked VBN X O
within IN X O
the DT X O
industry NN X O
as IN X O
a DT X O
General NNP X B-Occupation
Manager NNP X I-Occupation
within IN X O
a DT X O
reputable JJ X B-Domain
fresh JJ X I-Domain
food NN X I-Domain
business NN X I-Domain
you PRP X O
will MD X O
be VB X O
aspiring VBG X O
to TO X O
better VB X O
yourself PRP X O
with IN X O
regards NNS X O
to TO X O
level NN X O
of IN X O
service NN X O
and CC X O
professional JJ X O
development NN X O
. . X O
The DT X O

successful JJ X O
candidates NNS X O
needs NNS X O
to TO X O
bring VB X O
the DT X O
right JJ X O
blend NN X O
of IN X O
technology NN X B-Domain
Be NNP X O

confident JJ X B-Skill
and CC X O
experienced VBD X B-Skill
to TO X O
drive VB X O
sales NNS X B-Domain
through IN X O
building NN X B-Skill
relationships NNS X I-Skill
with IN X I-Skill
your PRP$ X I-Skill
team NN X I-Skill
, , X I-Skill
local JJ X I-Skill
business NN X I-Skill
and CC X I-Skill
suppliers NNS X I-Skill
, , X O
while IN X O
taking VBG X O
full JJ X O
P NNP X O
experience NN X O
as IN X O
a DT X O
General NNP X B-Occupation
Manager NNP X I-Occupation
in IN X O
a DT X O
high JJ X O
volume NN X O
, , X O
branded VBD X O
restaurant NN X O
site NN X O
Ability NNP X O
to TO X O
lead VB X B-Skill
and CC X I-Skill
motivate VB X I-Skill
, , X O
with IN X O
a DT X O
positive JJ X B-Skill
handsone NN X I-Skill
attitude NN X I-Skill
Strong NNP X O
sense NN X B-Skill
of IN X I-Skill
ownership NN X I-Skill
over IN X O
the DT X O
business NN X O
and CC X O
drive NN X B-Skill
to TO X I-Skill
progress VB X I-Skill
in IN X O
the DT X O
company NN X O
Three CD X O

months NNS X O
ongoing VBG X O
Job NNP X O
Summary NNP X O
To TO X O
provide VB X B-Skill
HR NNP X I-Skill
Business NNP X I-Skill
Partner NNP X I-Skill
expertise NN X I-Skill
to TO X O
the DT X O
Regional NNP X B-Occupation
Managers NNPS X O
supporting VBG X B-Skill
all DT X I-Skill
aspects NNS X I-Skill
of IN X I-Skill
workforce NN X I-Skill
performance NN X I-Skill
, , X I-Skill
sickness JJ X I-Skill
absence NN X I-Skill
, , X I-Skill
and CC X I-Skill
employee NN X I-Skill
relations NNS X I-Skill
to TO X O
enable VB X O
the DT X O
achievement NN X O
of IN X O
operational JJ X B-Skill
and CC X I-Skill
strategic JJ X I-Skill
objectives NNS X I-Skill
through IN X O
the DT X O
effective JJ X O
deployment NN X B-Skill
of IN X I-Skill
staff NN X I-Skill
. . X O
and CC X O

we PRP X O
mean VBP X O
that IN X O
in IN X O
the DT X O
nicest JJS X O
possible JJ X O
way NN X O
, , X O
who WP X O
thrive VBP X O
when WRB X O
no DT X O
two CD X O
days NNS X O
are VBP X O
the DT X O
same JJ X O
and CC X O
who WP X O
get VBP X O
a DT X O
kick NN X O
out IN X O
of IN X O
seeing VBG X O
the DT X O
germ NN X O
of IN X O
an DT X O
idea NN X O
turn NN X O
into IN X O
an DT X O
awardwinning NN X O
and CC X O
potentially RB X O
famous JJ X O
campaign NN X O
. . X O
Your PRP$ X O

duties NNS X O
will MD X O
include VB X O
full JJ X B-Skill
responsibility NN X I-Skill
for IN X I-Skill
the DT X I-Skill
project NN X I-Skill
, , X I-Skill
producing VBG X I-Skill
plans NNS X I-Skill
, , X I-Skill
planning NN X I-Skill
, , X I-Skill
schedules NNS X I-Skill
, , X I-Skill
Gannt NNP X I-Skill
charts VBZ X I-Skill
etc FW X O
but CC X O
with IN X O
the DT X O
opportunity NN X B-Skill
to TO X I-Skill
work VB X I-Skill
on IN X I-Skill
some DT X I-Skill
of IN X I-Skill
the DT X I-Skill
technical JJ X I-Skill
equipment NN X I-Skill
in IN X I-Skill
a DT X I-Skill
mechanical JJ X I-Skill
or CC X I-Skill
electrical JJ X I-Skill
capacity NN X I-Skill
. . X O
They PRP X O

' '' X O
re VBP X O
one CD X O
of IN X O
the DT X O
fastest JJS X O
growing VBG X O
cross NN X O
development NN X O
teams NNS X O
in IN X O
the DT X O
country NN X O
and CC X O
the DT X O
company NN X O
are VBP X O
on IN X O
the DT X O
verge NN X O
of IN X O
taking VBG X O
the DT X O
industry NN X B-Domain
sector NN X I-Domain
by IN X O
storm NN X O
. . X O
The DT X O

successful JJ X O
candidate NN X O
will MD X O
have VB X O
the DT X O
following NN X O
: : X O
Previous JJ X O
experience NN X O
of IN X O
building NN X B-Skill
advanced JJ X I-Skill
device NN X I-Skill
responsive NN X I-Skill
websites NNS X I-Skill
within IN X I-Skill
site NN X I-Skill
search NN X I-Skill
function NN X I-Skill
, , X I-Skill
and CC X I-Skill
blog NN X I-Skill
linking VBG X I-Skill
through IN X I-Skill
to TO X I-Skill
external JJ X I-Skill
networking NN X I-Skill
sites NNS X I-Skill
Wordpress NNP X I-Skill
skills NNS X I-Skill
You PRP X O

will MD X O
work VB X B-Skill
directly RB X I-Skill
with IN X I-Skill
the DT X I-Skill
underwriters NNS X I-Skill
under IN X O
the DT X O
guidance NN X O
of IN X O
the DT X O
Senior NNP X O
Pricing NNP X O
Actuary NNP X O
. . X O
Although IN X O

not RB X O
essential JJ X O
, , X O
a DT X O
qualification NN X O
in IN X O
food NN X B-Domain
and CC X O
hygiene NN X B-Domain
would MD X O
be VB X O
an DT X O
advantage NN X O
To TO X O
apply VB X O
for IN X O
the DT X O
role NN X O
of IN X O
Front NNP X B-Occupation
of IN X I-Occupation
House NNP X I-Occupation
please NN X O
apply VB X O
via IN X O
the DT X O
button NN X O
or CC X O
link VB X O
shown VBN X O
. . X O
As IN X O

part NN X O
of IN X O
a DT X O
European NNP X O
funded VBD X O
project NN X O
Universities NNS X O
in IN X O
the DT X O
Knowledge NNP X O
Economy NNP X O
UNIKE NNP X O
, , X O
the DT X O
University NNP X O
of IN X O
Roehampton NNP X O
Business NNP X O
School NNP X O
is VBZ X O
offering VBG X O
a DT X O
fullyfunded JJ X O
PhD NNP X O
studentship NN X O
. . X O
To TO X O

generate VB X B-Skill
and CC X I-Skill
display VB X I-Skill
the DT X I-Skill
results NNS X I-Skill
and CC X I-Skill
interpret VB X I-Skill
their PRP$ X I-Skill
physical JJ X I-Skill
implications NNS X I-Skill
. . X O
you PRP X O

ll VBP X O
also RB X O
get VBP X O
to TO X O
enjoy VB X O
a DT X O
competitive JJ X O
salary NN X O
, , X O
fantastic JJ X O
bonus NN X O
opportunities NNS X O
, , X O
and CC X O
all PDT X O
the DT X O
support NN X O
you PRP X O
need VBP X O
to TO X O
develop VB X O
the DT X O
career NN X O
you PRP X O
want VBP X O
You PRP X O

will MD X O
be VB X O
tasked VBN X O
with IN X O
developing VBG X B-Skill
a DT X I-Skill
partnership NN X I-Skill
programme NN X I-Skill
, , X O
managing VBG X B-Skill
new JJ X I-Skill
partnership NN X I-Skill
opportunities NNS X I-Skill
and CC X O
account NN X B-Skill
management NN X I-Skill
. . X O
The DT X O

school NN X O
was VBD X O
awarded VBN X O
many JJ X O
Good JJ X O
points NNS X O
at IN X O
the DT X O
last JJ X O
Ofsted NNP X O
and CC X O
has VBZ X O
continued VBN X O
to TO X O
improve VB X O
over IN X O
the DT X O
course NN X O
of IN X O
the DT X O
last JJ X O
few JJ X O
terms NNS X O
. . X O
A DT X O

successful JJ X O
candidate NN X O
will MD X O
be VB X O
able JJ X B-Skill
to TO X I-Skill
work VB X I-Skill
on IN X I-Skill
their PRP$ X I-Skill
own JJ X I-Skill
and CC X O
will MD X O
know VB X B-Experience
their PRP$ X I-Experience
way NN X I-Experience
around IN X I-Experience
the DT X I-Experience
workshop NN X I-Experience
. . X O
To TO X O

be VB X O
proactive JJ X O
in IN X O
preventing VBG X B-Skill
equipment NN X I-Skill
failures NNS X I-Skill
and CC X O
improving VBG X B-Skill
overall JJ X I-Skill
equipment NN X I-Skill
performance NN X I-Skill
by IN X O
generating VBG X O
and CC X O
implementing VBG X O
ideas NNS X O
and CC X O
modifications NNS X O
. . X O
To TO X O

find VB X O
out RP X O
more RBR X O
about IN X O
Progressive NNP X O
Recruitment NNP X O
please VB X O
visit NN X O
URL NNP X O
removed VBD X O
Previous JJ X O

Cleaning NNP X B-Skill
Experience NNP X I-Skill
is VBZ X O
essential JJ X O
, , X O
duties NNS X O
to TO X O
include VB X O
hovering NN X B-Skill
, , X O
dusting VBG X B-Skill
, , X O
mopping VBG X B-Skill
, , X O
buffing NN X B-Skill
, , X O
emtying VBG X B-Skill
bins NNS X I-Skill
and CC X O
other JJ X O
general JJ X B-Skill
cleaning NN X I-Skill
duties NNS X I-Skill
. . X O
SAS NNP X B-Occupation

/ NNP X I-Occupation
SQL NNP X I-Occupation
Marketing NNP X I-Occupation
Analyst NNP X I-Occupation
With IN X O
the DT X O
potential NN X B-Skill
for IN X I-Skill
independent JJ X I-Skill
personal JJ X I-Skill
training NN X I-Skill
, , X O
progression NN X B-Skill
and CC X O
the DT X O
opportunity NN X O
to TO X O
work VB X O
in IN X O
an DT X O
international JJ X O
consultancy NN X O
Optimising VBG X B-Skill

appointments NNS X I-Skill
with IN X I-Skill
customers NNS X I-Skill
to TO X I-Skill
identify VB X I-Skill
needs NNS X I-Skill
and CC X I-Skill
opportunities NNS X I-Skill
and CC X O
provide VB X B-Skill
solutions NNS X I-Skill
in IN X I-Skill
order NN X I-Skill
to TO X I-Skill
achieve VB X I-Skill
personal JJ X I-Skill
and CC X I-Skill
team JJ X I-Skill
sales NNS X I-Skill
targets NNS X I-Skill
. . X O
Ideally RB X O

as IN X O
a DT X O
Sous JJ X B-Occupation
Chef NNP X I-Occupation
you PRP X O
will MD X O
have VB X O
previous JJ X O
experience NN X O
working VBG X B-Skill
in IN X I-Skill
busy JJ X I-Skill
modern JJ X I-Skill
staff NN X I-Skill
restauranrs NN X I-Skill
Promote JJ X B-Skill

people NNS X I-Skill
s VBP X I-Skill
equality NN X I-Skill
, , X I-Skill
diversity NN X I-Skill
and CC X I-Skill
rights NNS X I-Skill
Apply NNP X I-Skill
technology NN X I-Skill
for IN X I-Skill
measurement NN X I-Skill
, , X I-Skill
monitoring NN X I-Skill
and CC X I-Skill
treatment NN X I-Skill
. . X O
By IN X O

specialising VBG X O
solely RB X O
in IN X O
placing VBG X O
candidates NNS X O
in IN X O
the DT X O
market NN X O
I PRP X O
have VBP X O
built VBN X O
relationships NNS X O
with IN X O
key JJ X O
employers NNS X O
in IN X O
the DT X O
UK NNP X O
and CC X O
have VBP X O
an DT X O
unrivalled JJ X O
understanding NN X O
of IN X O
where WRB X O
the DT X O
best JJS X O
opportunities NNS X O
Dynamics NNP X B-Skill
AX NNP X I-Skill
/ NNP X O
Axapta NNP X B-Skill
jobs NNS X O
are VBP X O
. . X O
The DT X O

chance NN X O
to TO X O
grow VB X O
and CC X O
progress VB X O
from IN X O
a DT X O
Sous JJ X B-Occupation
Chef NNP X I-Occupation
to TO X O
Head NNP X B-Occupation
Chef NNP X I-Occupation
will MD X O
be VB X O
available JJ X O
for IN X O
the DT X O
right JJ X O
person NN X O
who WP X O
wants VBZ X O
career NN X O
progression NN X O
. . X O
a DT X O

**** JJ X O
basis NN X O
, , X O
a DT X O
consultant NN X B-Occupation
that WDT X O
is VBZ X O
looking VBG X O
for IN X O
that DT X O
next JJ X O
exciting JJ X O
move NN X O
and CC X O
is VBZ X O
ready JJ X B-Skill
to TO X I-Skill
attend VB X I-Skill
our PRP$ X I-Skill
Management NNP X I-Skill
Training NNP X I-Skill
Academy NNP X I-Skill
which WDT X O
trains VBZ X O
the DT X O
managers NNS X O
of IN X O
the DT X O
future NN X O
. . X O
You PRP X O

will MD X O
be VB X O
part NN X O
of IN X O
a DT X O
team NN X B-Skill
supporting NN X I-Skill
and CC X O
updating VBG X B-Skill
existing VBG X I-Skill
in IN X I-Skill
house NN X I-Skill
CRM NNP X I-Skill
systems NNS X I-Skill
to TO X O
an DT X O
agreed VBN X O
timetable NN X O
to TO X O
meet VB X O
the DT X O
requirements NNS X O
of IN X O
the DT X O
business NN X B-Domain
and CC X O
users NNS X O
. . X O
The DT X O

Candidate NNP X O
The DT X O
client NN X O
is VBZ X O
looking VBG X O
to TO X O
employ VB X O
someone NN X O
with IN X O
a DT X O
proven JJ X B-Skill
track NN X I-Skill
record NN X I-Skill
within IN X O
either CC X O
a DT X O
business NN X B-Skill
to TO X I-Skill
business NN X I-Skill
or CC X O
business NN X B-Skill
to TO X I-Skill
consumer NN X I-Skill
environment NN X O
. . X O
The DT X O

successful JJ X O
candidate NN X O
will MD X O
be VB X O
responsible JJ X B-Skill
for IN X I-Skill
digital JJ X I-Skill
and CC X I-Skill
analogue JJ X I-Skill
electronics NNS X I-Skill
design NN X I-Skill
and CC X I-Skill
verifications NNS X I-Skill
. . X O
Keep NNP X B-Skill

Management NNP X I-Skill
informed NN X I-Skill
of IN X I-Skill
progress NN X I-Skill
SKILLS NNP X O
REQUIRED NNP X O
Excellent NNP X O
customer NN X B-Skill
service NN X I-Skill
skills NNS X I-Skill
Good NNP X O
knowledge NN X B-Skill
of IN X O
PC NN X O
word NN X B-Skill
/ NNP X I-Skill
excel CC X I-Skill
Excellent NNP X O
communicator NN X B-Skill
and CC X O
can MD X O
easily RB X O
build VB X B-Skill
rapport NN X I-Skill
Selfconfidence NNP X I-Skill
Client NNP X I-Skill
relationship NN X I-Skill
skills NNS X I-Skill
Ability NNP X I-Skill
to TO X I-Skill
work VB X I-Skill
on IN X I-Skill
own JJ X I-Skill
initiative NN X I-Skill
Maintain NNP X B-Skill

material JJ X I-Skill
reconciliation NN X I-Skill
figures NNS X I-Skill
for IN X I-Skill
reporting VBG X I-Skill
in IN X I-Skill
the DT X I-Skill
weekly JJ X I-Skill
site NN X I-Skill
review NN X I-Skill
meeting NN X I-Skill
. . X O
Candidates NNS X O

must MD X O
be VB X O
eligible JJ X O
to TO X O
work VB X O
in IN X O
the DT X O
UK NNP X O
. . X O
Perform NNP X O

internal JJ X B-Skill
to TO X I-Skill
R NNP X I-Skill
& CC X I-Skill
D NNP X I-Skill
, , X I-Skill
testing VBG X I-Skill
of IN X I-Skill
all DT X I-Skill
software NN X I-Skill
components NNS X O
and CC X O
end NN X B-Skill
to TO X I-Skill
end VB X I-Skill
testing VBG X I-Skill
prior JJ X I-Skill
to TO X I-Skill
testing VBG X I-Skill
by IN X I-Skill
QA NNP X I-Skill
. . X O
Responsibilities NNS X O

include VBP X O
: : X O
To TO X O
train VB X O
as IN X O
an DT X O
Apprentice NNP X B-Occupation
Chef NNP X I-Occupation
following VBG X B-Skill
the DT X I-Skill
guidance NN X I-Skill
and CC X O
instruction NN X O
given VBN X O
from IN X O
the DT X O
Chef NNP X O
and CC X O
staff NN X O
in IN X O
particular JJ X O
assisting VBG X B-Skill
with IN X I-Skill
the DT X I-Skill
preparation NN X I-Skill
of IN X I-Skill
vegetables NNS X I-Skill
, , X I-Skill
salads NNS X I-Skill
and CC X I-Skill
sandwiches NNS X I-Skill
as IN X O
required VBN X O
. . X O
Ideally RB X O

you PRP X O
will MD X O
have VB X O
a DT X O
wealth NN X O
of IN X O
experience NN X O
supporting VBG X B-Skill
a DT X I-Skill
Windows NNP X I-Skill
environment NN X I-Skill
, , X O
covering VBG X O
Windows NNS X B-Skill
2003 CD X I-Skill
Supporting VBG X B-Skill

the DT X I-Skill
Service NNP X I-Skill
Delivery NNP X I-Skill
Managers NNP X I-Skill
, , X O
you PRP X O
will MD X O
ensure VB X B-Skill
a DT X I-Skill
high JJ X I-Skill
level NN X I-Skill
of IN X I-Skill
customer NN X I-Skill
service NN X I-Skill
is VBZ X I-Skill
provided VBN X I-Skill
to TO X I-Skill
all DT X I-Skill
students NNS X I-Skill
and CC X I-Skill
visitors NNS X I-Skill
. . X O
Additional JJ X O

Keywords NNS X O
: : X O
Part NNP X B-Qualification
Qualified NNP X I-Qualification
Financial NNP X I-Qualification
Accountant NNP X I-Qualification
, , X O
AAT NNP X B-Qualification
Part NNP X I-Qualification
Qualified NNP X I-Qualification
, , X O
ACA NNP X B-Qualification
Part NNP X I-Qualification
Qualified NNP X I-Qualification
, , X O
This DT X O

contract NN X O
provides VBZ X O
the DT X O
opportunity NN X O
to TO X O
work VB X O
on IN X O
one CD X O
of IN X O
the DT X O
worlds NNS X O
most RBS X O
prestigious JJ X O
nuclear JJ X O
projects NNS X O
, , X O
and CC X O
leading VBG X B-Skill
a DT X I-Skill
new JJ X I-Skill
team NN X I-Skill
of IN X I-Skill
experienced JJ X I-Skill
and CC X I-Skill
technical JJ X I-Skill
engineers NNS X I-Skill
. . X O
To TO X O

ensure VB X B-Skill
all DT X I-Skill
intercompany JJ X I-Skill
transactions NNS X I-Skill
are VBP X I-Skill
completed VBN X I-Skill
to TO X I-Skill
timescale VB X I-Skill
Monitor NNP X I-Skill
and CC X I-Skill
control VB X I-Skill
key JJ X I-Skill
staff NN X I-Skill
accounts NNS X I-Skill
such JJ X O
as IN X O
mobile JJ X O
phones NNS X O
, , X O
company NN X O
car NN X O
leases NNS X O
, , X O
mileage NN X O
, , X O
etc FW X O
Produce NNP X B-Skill
reconciliations NNS X I-Skill
of IN X I-Skill
certain JJ X I-Skill
key JJ X I-Skill
accounts NNS X I-Skill
Agreeing VBG X B-Skill

terms NNS X I-Skill
across IN X I-Skill
a DT X I-Skill
variety NN X I-Skill
of IN X I-Skill
commercial JJ X I-Skill
products NNS X I-Skill
and CC X I-Skill
classes NNS X I-Skill
of IN X I-Skill
business NN X I-Skill
, , X I-Skill
appropriate JJ X I-Skill
to TO X I-Skill
your PRP$ X I-Skill
skills NNS X I-Skill
and CC X I-Skill
experience NN X I-Skill
Performing VBG X I-Skill
a DT X I-Skill
range NN X I-Skill
of IN X I-Skill
duties NNS X I-Skill
such JJ X I-Skill
as IN X I-Skill
technical JJ X I-Skill
referrals NNS X I-Skill
, , X I-Skill
assisting VBG X I-Skill
with IN X I-Skill
technical JJ X I-Skill
training NN X I-Skill
and CC X I-Skill
auditing NN X I-Skill
, , X O
and CC X O
the DT X O
production NN X B-Skill
and CC X I-Skill
distribution NN X I-Skill
of IN X I-Skill
statistical JJ X I-Skill
information NN X I-Skill
and CC X I-Skill
other JJ X I-Skill
research NN X I-Skill
Underwriting NNP X I-Skill
complex JJ X I-Skill
individual JJ X I-Skill
risks NNS X I-Skill
Managing VBG X I-Skill
a DT X I-Skill
Regional NNP X I-Skill
portfolio NN X I-Skill
You PRP X O

will MD X O
be VB X O
able JJ X O
to TO X O
demonstrate VB X O
negotiation NN X B-Skill
skills NNS X I-Skill
and CC X O
have VBP X O
a DT X O
track NN X O
record NN X O
of IN X O
saving VBG X B-Skill
a DT X I-Skill
company NN X I-Skill
money NN X I-Skill
and CC X I-Skill
time NN X I-Skill
whilst NN X O
also RB X O
maintaining VBG X B-Skill
the DT X I-Skill
quality NN X I-Skill
and CC X I-Skill
standard NN X I-Skill
. . X O
This DT X O

is VBZ X O
a DT X O
full JJ X O
time NN X O
position NN X O
You PRP X O
will MD X O
be VB X O
responsible JJ X O
for IN X O
IT NNP X B-Domain
and CC X O
Professional NNP X B-Domain
Services NNP X I-Domain
. . X O
We PRP X O

have VBP X O
a DT X O
brilliant JJ X O
opportunity NN X O
for IN X O
an DT X O
Account NNP X B-Occupation
Manager NNP X I-Occupation
to TO X O
join VB X O
an DT X O
award NN X O
winning NN X O
agency NN X O
, , X O
and CC X O
one CD X O
of IN X O
Bristol NNP X O
` `` X O
s RB X O
finest JJS X O
, , X O
working VBG X O
within IN X O
their PRP$ X O
growing VBG X O
client NN X O
services NNS X O
team NN X O
. . X O
To TO X O

be VB X O
the DT X O
leading JJ X O
Executive NNP X O
Secretarial NNP X O
& CC X O
Support NNP X O
recruitment NN X B-Domain
consultancy NN X I-Domain
in IN X O
London NNP X O
, , X O
for IN X O
employers NNS X O
and CC X O
jobseekers NNS X O
alike RB X O
. . X O
Role NN X O

: : X O
Manage NN X B-Skill
, , X O
control NN X B-Skill
and CC X O
monitor VB X B-Skill
the DT X I-Skill
day NN X I-Skill
to TO X I-Skill
day NN X I-Skill
operation NN X I-Skill
of IN X I-Skill
the DT X I-Skill
helpdesk NN X I-Skill
Assist NNP X I-Skill
with IN X I-Skill
the DT X I-Skill
coordination NN X I-Skill
of IN X I-Skill
the DT X I-Skill
customer NN X I-Skill
service NN X I-Skill
survey NN X I-Skill
twice RB X I-Skill
a DT X I-Skill
year NN X I-Skill
Collate NNP X I-Skill
statistics NNS X I-Skill
and CC X I-Skill
prepare VB X I-Skill
monthly JJ X I-Skill
reports NNS X I-Skill
for IN X I-Skill
client NN X I-Skill
To TO X O
provide VB X B-Skill
hands NNS X I-Skill
on IN X I-Skill
help NN X I-Skill
, , X I-Skill
advice NN X I-Skill
and CC X I-Skill
assistance NN X I-Skill
as IN X I-Skill
required VBN X I-Skill
by IN X I-Skill
site NN X I-Skill
and CC X I-Skill
the DT X I-Skill
client NN X I-Skill
Assist NNP X I-Skill
with IN X I-Skill
the DT X I-Skill
improvement NN X I-Skill
of IN X I-Skill
the DT X I-Skill
personal JJ X I-Skill
management NN X I-Skill
and CC X I-Skill
development NN X I-Skill
Investigating NNP X I-Skill
and CC X I-Skill
solving VBG X I-Skill
customer NN X I-Skill
problems NNS X I-Skill
Badenoch NNP X O

Clark NNP X O
is VBZ X O
an DT X O
Equal JJ X O
Opportunity NNP X O
Employer NNP X O
and CC X O
a DT X O
registered JJ X O
Disability NNP X O
Symbol NNP X O
User NNP X O
. . X O
CMA NNP X O

Financial NNP X O
Recruitment NNP X O
Ltd NNP X O
is VBZ X O
acting VBG X O
as IN X O
a DT X O
recruitment NN X O
business NN X O
in IN X O
relation NN X O
to TO X O
this DT X O
role NN X O
. . X O
flexible JJ X B-Skill

, , X O
be VB X O
well RB X O
versed VBN X O
with IN X O
the DT X O
Health NNP X B-Domain
and CC X I-Domain
Safety NNP X I-Domain
legislation NN X O
with IN X O
regards NNS X O
to TO X O
asbestos NNS X O
, , X O
work NN X O
effectively RB X O
within IN X O
the DT X O
team NN X O
and CC X O
complete JJ X O
work NN X O
within IN X O
time NN X O
frame NN X O
and CC X O
must MD X O
have VB X O
the DT X O
ability NN X O
to TO X O
work VB X O
on IN X O
own JJ X O
initiative NN X O
. . X O
Reporting VBG X B-Skill

to TO X I-Skill
the DT X I-Skill
Delivery NNP X I-Skill
Manager NNP X I-Skill
of IN X I-Skill
the DT X I-Skill
Portfolio NNP X I-Skill
Management NNP X I-Skill
Team NNP X I-Skill
. . X O
**** JJ X O

Dep NNP X O
on IN X O
Exp NNP X O
East NNP X O
Midlands NNP X O
Multisite NNP X O
International NNP X O
manufacturer NN X O
, , X O
The DT X O
successful JJ X O
candidate NN X O
will MD X O
be VB X O
responsible JJ X B-Skill
for IN X I-Skill
undertaking VBG X I-Skill
process NN X I-Skill
checks NNS X I-Skill
in IN X I-Skill
line NN X I-Skill
with IN X I-Skill
procedures NNS X I-Skill
and CC X O
maintaining VBG X B-Skill
compliance NN X I-Skill
with IN X I-Skill
environmental JJ X I-Skill
provisions NNS X I-Skill
. . X O
CCTV NNP X O

Day2 NNP X O
Internal NNP X O
fixed VBD X O
dome JJ X O
camera NN X O
power NN X O
supply NN X O
unit NN X O
drum JJ X O
standard NN X O
shotgun NN X O
coax NN X O
with IN X O
power NN X O
cable NN X O
To TO X O

apply VB X O
for IN X O
this DT X O
Job NNP X O
or CC X O
enquire VB X O
about IN X O
additional JJ X O
Optometrist NNP X B-Occupation
Job NNP X O
Opportunities NNP X O
in IN X O
Scarborough NNP X O
or CC X O
the DT X O
North NNP X O
Yorkshire NNP X O
Region NNP X O
Contact NNP X O
Flame NNP X O
Health NNP X O
on IN X O
Must RB X O

be VB X O
self VBN X B-Skill
motivated VBN X I-Skill
with IN X O
the DT X O
ability NN X O
to TO X O
lead VB X B-Skill
and CC X O
effectively RB X O
motivate VB X B-Skill
a DT X I-Skill
team NN X I-Skill
Role JJ X O

requirements NNS X O
Provide VB X O
excellent JJ X O
customer NN X B-Skill
service NN X I-Skill
and CC X O
professional JJ X B-Skill
advice NN X I-Skill
on IN X I-Skill
products NNS X I-Skill
and CC X I-Skill
services NNS X I-Skill
offered VBN X O
by IN X O
Waitrose NNP X O
. . X O
For IN X O

an DT X O
application NN X O
pack NN X O
, , X O
contact VB X O
our PRP$ X O
24 CD X O
hours NNS X O
Recruitment NNP X O
Hotline NNP X O
. . X O
Assist VB X O

the DT X O
Registered NNP X B-Occupation
Manager NNP X I-Occupation
and CC X O
Home NNP X B-Occupation
Administrator NNP X I-Occupation
/ NNP X O
Book NNP X B-Occupation
Keeper NNP X I-Occupation
in IN X O
stock NN X B-Skill
control NN X I-Skill
and CC X O
order NN X B-Skill
and CC X I-Skill
purchase NN X I-Skill
supplies NNS X I-Skill
if IN X O
required VBN X O
. . X O
We PRP X O

aim VBP X O
to TO X O
achieve VB X O
it PRP X O
by IN X O
having VBG X O
integrity NN X O
, , X O
inspiring VBG X B-Skill
trust NN X I-Skill
and CC X O
building NN X B-Skill
a DT X O
better JJR X O
society NN X O
by IN X O
excelling VBG X O
in IN X O
everything NN X O
we PRP X O
do VBP X O
. . X O
Manage NN X B-Skill

and CC X I-Skill
implement VB X I-Skill
the DT X I-Skill
review NN X I-Skill
, , X I-Skill
operations NNS X I-Skill
, , X I-Skill
planning NN X I-Skill
, , X I-Skill
sales NNS X I-Skill
, , X I-Skill
marketing NN X I-Skill
and CC X I-Skill
administration NN X I-Skill
of IN X I-Skill
existing VBG X I-Skill
and CC X I-Skill
new JJ X I-Skill
commercial JJ X I-Skill
refuse NN X I-Skill
and CC X I-Skill
recycling VBG X I-Skill
collection NN X I-Skill
business NN X I-Skill
, , X O
in IN X O
line NN X O
with IN X O
business NN X O
plan NN X O
and CC X O
budgets NNS X O
Spring NN X O

Technology NNP X O
is VBZ X O
acting VBG X O
as IN X O
an DT X O
Employment NN X O
Business NN X O
in IN X O
relation NN X O
to TO X O
this DT X O
vacancy NN X O
. . X O
Such JJ X O

duties NNS X O
may MD X O
vary VB X O
from IN X O
time NN X O
to TO X O
time NN X O
without IN X O
changing VBG X O
the DT X O
general JJ X O
character NN X O
of IN X O
the DT X O
post NN X O
or CC X O
the DT X O
level NN X O
of IN X O
responsibility NN X O
entailed VBN X O
. . X O
Possible JJ X O

college NN X O
attendance NN X O
is VBZ X O
available JJ X O
to TO X O
assist VB X O
the DT X O
trainee NN X B-Occupation
service NN X I-Occupation
engineer NN X I-Occupation
acquire VB X O
the DT X O
additional JJ X O
knowledge NN X O
required VBN X O
re JJ X O
electrical JJ X B-Skill
circuitry NN X I-Skill
, , X I-Skill
hydraulic JJ X I-Skill
circuitry NN X I-Skill
, , X I-Skill
mechanical JJ X I-Skill
principles NNS X I-Skill
. . X O
Excellent NN X B-Skill

IT NNP X I-Skill
skills VBZ X I-Skill
Excellent JJ X I-Skill
organisation NN X I-Skill
and CC X I-Skill
planning NN X I-Skill
skills NNS X I-Skill
Personal JJ X O
qualities NNS X O
: : X O
Commitment NN X B-Skill
to TO X I-Skill
the DT X I-Skill
delivery NN X I-Skill
of IN X I-Skill
excellent JJ X I-Skill
Excellent NNP X I-Skill
communication NN X I-Skill
skills NNS X I-Skill
Application NNP X O
Form NNP X O
/ NNP X O
Interview NNP X O
Good NNP X B-Skill
teamwork NN X I-Skill
skills NNS X I-Skill
and CC X O
commitment NN X B-Skill
to TO X I-Skill
teamwork VB X I-Skill
Application NNP X O
form NN X O
Must NNP X O

have VBP X O
a DT X B-Skill
checkable JJ X I-Skill
employment NN X I-Skill
or CC X I-Skill
education NN X I-Skill
history NN X I-Skill
and CC X O
be VB X O
flexible JJ X B-Skill
to TO X I-Skill
work VB X I-Skill
a DT X I-Skill
rotating VBG X I-Skill
shift NN X I-Skill
system NN X I-Skill
. . X O
An DT X O

instantly RB X O
recognisable JJ X O
brand NN X O
are VBP X O
recruiting VBG X O
for IN X O
a DT X O
key JJ X O
role NN X O
within IN X O
their PRP$ X O
Commercial JJ X B-Domain
Finance NNP X I-Domain
team NN X O
. . X O
Previous JJ X O

Project NNP X O
Planning NNP X O
is VBZ X O
essential JJ X O
ideally RB X O
within IN X O
a DT X O
manufacturing NN X B-Domain
environment NN X O
The DT X O

School NNP X O
is VBZ X O
looking VBG X O
for IN X O
a DT X O
creative JJ X B-Skill
and CC X O
well RB X O
organised JJ X B-Skill
English NNP X B-Occupation
teacher NN X I-Occupation
with IN X O
excellent JJ X O
subject JJ X B-Skill
knowledge NN X I-Skill
and CC X O
a DT X O
strong JJ X O
classroom NN X O
presence NN X O
. . X O
Our PRP$ X O

client NN X O
is VBZ X O
one CD X O
of IN X O
the DT X O
leading VBG X O
franchised JJ X O
retail JJ X B-Domain
groups NNS X O
in IN X O
the DT X O
UK NNP X O
and CC X O
an DT X O
excellent JJ X O
opportunity NN X O
has VBZ X O
arisen VBN X O
for IN X O
a DT X O
Service NNP X B-Occupation
Advisor NNP X I-Occupation
to TO X O
join VB X O
their PRP$ X O
highly RB X O
successful JJ X O
Volkswagen NNP X O
dealership NN X O
in IN X O
Manchester NNP X O
. . X O
You PRP X O

will MD X O
also RB X O
be VB X O
able JJ X O
to TO X O
demonstrate VB X O
a DT X O
proven JJ X O
track NN X B-Skill
record NN X I-Skill
of IN X I-Skill
relationship NN X I-Skill
building NN X I-Skill
with IN X I-Skill
key JJ X I-Skill
clients NNS X I-Skill
. . X O
This DT X O

is VBZ X O
a DT X O
great JJ X O
opportunity NN X O
to TO X O
join VB X O
a DT X O
global JJ X O
food NN X O
manufacturer NN X O
as IN X O
a DT X O
Health NNP X O
Safety NNP X O
Advisor NNP X O
/ NNP X O
Trainer NNP X O
working VBG X O
in IN X O
Leeds NNP X O
. . X O
The DT X O

candidate NN X O
must MD X O
have VB X O
an DT X O
engineering NN X O
background NN X O
with IN X O
HND NNP X B-Skill
/ NNP X I-Skill
C NNP X I-Skill
or CC X O
degree NN X B-Qualification
, , X I-Qualification
PTS NNP X B-Skill
, , X O
**** JJ X O

working VBG X O
days NNS X O
you PRP X O
should MD X O
assume VB X O
you PRP X O
have VBP X O
not RB X O
been VBN X O
successful JJ X O
on IN X O
this DT X O
occasion NN X O
. . X O
You PRP X O

will MD X O
be VB X O
providing VBG X B-Skill
support NN X I-Skill
to TO X I-Skill
adults NNS X I-Skill
and CC X I-Skill
young JJ X I-Skill
people NNS X I-Skill
within IN X I-Skill
a DT X I-Skill
variety NN X I-Skill
of IN X I-Skill
care NN X I-Skill
settings NNS X I-Skill
which WDT X O
includes VBZ X O
Residential NNP X O
homes NNS X O
, , X O
Day NNP X O
Centres NNP X O
and CC X O
Supported VBD X O
Living NNP X O
accommodation NN X O
. . X O
Knowledge NNP X B-Skill

in IN X I-Skill
Dreamweaver NNP X I-Skill
and CC X O
content JJ X B-Skill
management NN X I-Skill
systems NNS X I-Skill
is VBZ X O
also RB X O
essential JJ X O
. . X O
This DT X O

role NN X O
requires VBZ X O
someone NN X O
who WP X O
is VBZ X O
comfortable JJ X O
within IN X O
a DT X O
consultancy NN X B-Domain
role NN X O
with IN X O
the DT X O
right JJ X O
technical JJ X O
attributes NNS X O
to TO X O
provide VB X B-Skill
solutions NNS X I-Skill
to TO X I-Skill
client NN X I-Skill
' '' X I-Skill
s NN X I-Skill
and CC X O
contribute NN X B-Skill
to TO X I-Skill
the DT X I-Skill
growing VBG X I-Skill
success NN X I-Skill
of IN X I-Skill
this DT X I-Skill
organisation NN X I-Skill
. . X O
Knowledge NNP X O

, , X O
Skills NNP X O
and CC X O
Experience NNP X O
Current NNP X B-Qualification
holder NN X I-Qualification
of IN X I-Qualification
a DT X I-Qualification
valid JJ X I-Qualification
driving NN X I-Qualification
licence NN X I-Qualification
with IN X I-Qualification
Category NNP X I-Qualification
D NNP X I-Qualification
You PRP X O

will MD X O
achieve VB X O
this DT X O
by IN X O
building NN X B-Skill
strong JJ X I-Skill
and CC X I-Skill
lasting JJ X I-Skill
relationships NNS X I-Skill
with IN X I-Skill
local JJ X I-Skill
authority NN X I-Skill
commissioners NNS X I-Skill
, , X I-Skill
as RB X I-Skill
well RB X I-Skill
as IN X I-Skill
other JJ X I-Skill
groups NNS X I-Skill
and CC X I-Skill
existing VBG X I-Skill
customers NNS X I-Skill
. . X O
Are NNP X O

you PRP X O
able JJ X O
to TO X O
demonstrate VB X O
good JJ X O
CQC NNP X B-Skill
, , X O
policy NN X B-Skill
and CC X I-Skill
procedure NN X I-Skill
knowledge NN X I-Skill
? . X O
The DT X O

Reward NNP X O
One CD X O
of IN X O
the DT X O
most RBS X O
competitive JJ X O
basic JJ X O
salaries NNS X O
around IN X O
is VBZ X O
just RB X O
the DT X O
start NN X O
. . X O
Working VBG X O

across IN X O
all DT X O
channels NNS X O
, , X O
no DT X O
two CD X O
days NNS X O
will MD X O
ever RB X O
be VB X O
the DT X O
same JJ X O
as IN X O
you PRP X O
will MD X O
work VB X B-Skill
across IN X I-Skill
multiple JJ X I-Skill
client NN X I-Skill
briefs NNS X I-Skill
, , X O
with IN X O
the DT X O
aim NN X O
of IN X O
ensuring VBG X B-Skill
audience NN X I-Skill
optimisation NN X I-Skill
. . X O
**** NN X O

stores NNS X O
and CC X O
concessions NNS X O
across IN X O
the DT X O
UK NNP X O
and CC X O
are VBP X O
now RB X O
growing VBG X O
internationally RB X O
. . X O
As IN X O

Senior NNP X B-Occupation
SQL NNP X I-Occupation
Developer NNP X I-Occupation
you PRP X O
will MD X O
manage VB X B-Skill
and CC X I-Skill
mentor VB X I-Skill
your PRP$ X I-Skill
team NN X I-Skill
of IN X O
SQL NNP X O
Developers NNP X O
ensuring VBG X B-Skill
the DT X I-Skill
quality NN X I-Skill
of IN X I-Skill
work NN X I-Skill
from IN X I-Skill
the DT X I-Skill
DB NNP X I-Skill
team NN X I-Skill
and CC X O
be VB X O
responsible JJ X B-Skill
for IN X I-Skill
documentation NN X I-Skill
of IN X I-Skill
all DT X I-Skill
DB NNP X I-Skill
related VBN X I-Skill
projects NNS X I-Skill
and CC X I-Skill
tasks NNS X I-Skill
. . X O
You PRP X O

will MD X O
work VB X O
as IN X O
part NN X O
of IN X O
a DT X O
team NN X O
, , X O
therefore RB X O
being VBG X O
a DT X O
team NN X O
player NN X O
is VBZ X O
essential JJ X O
. . X O
is VBZ X O

extremely RB X O
high JJ X O
If IN X O
you PRP X O
have VBP X O
the DT X O
relevant JJ X O
Pastry NNP X B-Occupation
Chef NNP X I-Occupation
experience NN X O
apply RB X O
now RB X O
to TO X O
find VB X O
out RP X O
more JJR X O
Free JJ X O
Accommodation NNP X O
is VBZ X O
provided VBN X O
with IN X O
this DT X O
Pastry NN X O
Chef NNP X O
position NN X O
in IN X O
Cumbria NNP X O
Position NNP X O
Pastry NNP X O
Chef NNP X O
Cumbria NNP X O
Salary NNP X O
To TO X O

apply VB X O
for IN X O
the DT X O
role NN X O
, , X O
please VB X O
send VB X O
an DT X O
updated JJ X O
CV NNP X O
ASAP NNP X O
. . X O
If IN X O

we PRP X O
have VBP X O
not RB X O
contacted VBN X O
you PRP X O
within IN X O
five CD X O
working VBG X O
days NNS X O
your PRP$ X O
application NN X O
has VBZ X O
been VBN X O
unsuccessful JJ X O
. . X O
So RB X O

as IN X O
a DT X O
Registered NNP X B-Qualification
Nurse NNP X I-Qualification
what WP X O
do VBP X O
you PRP X O
need VB X O
to TO X O
do VB X O
to TO X O
make VB X O
this DT X O
happen VB X O
? . X O
You PRP X O

will MD X O
have VB X O
a DT X O
good JJ X O
eye NN X B-Skill
for IN X I-Skill
detail NN X I-Skill
as RB X O
well RB X O
as IN X O
the DT X O
ability NN X B-Skill
to TO X I-Skill
learn VB X I-Skill
new JJ X I-Skill
skills NNS X I-Skill
to TO X O
take VB X O
your PRP$ X O
career NN X O
to TO X O
the DT X O
next JJ X O
level NN X O
. . X O
You PRP X O

will MD X O
benefit VB X O
from IN X O
working VBG X O
with IN X O
an DT X O
experienced JJ X B-Skill
team NN X O
in IN X O
a DT X O
structured JJ X O
development NN X B-Domain
environment NN X O
producing VBG X O
proper JJ X O
industrial JJ X B-Skill
strength NN X I-Skill
best JJS X I-Skill
of IN X I-Skill
breed NN X I-Skill
solutions NNS X I-Skill
. . X O
Candidates NNS X O

will MD X O
be VB X O
very RB X O
enthusiastic JJ X B-Skill
and CC X O
have VBP X O
a DT X O
desire NN X B-Skill
to TO X I-Skill
succeed VB X I-Skill
. . X O
Do VBP X O

you PRP X O
want VB X O
to TO X O
work VB X O
for IN X O
one CD X O
of IN X O
the DT X O
leading VBG X O
engineering NN X B-Domain
and CC X O
technical JJ X O
recruitment NN X B-Domain
companies NNS X O
in IN X O
the DT X O
UK NNP X O
who WP X O
will MD X O
offer VB X O
you PRP X O
an DT X O
excellent JJ X O
commission NN X O
structure NN X O
and CC X O
the DT X O
chance NN X O
to TO X O
progress VB X O
your PRP$ X O
career NN X O
? . X O
Growing VBG X O

team NN X O
with IN X O
a DT X O
leading VBG X O
Microsoft NNP X O
and CC X O
Cisco NNP X O
partner NN X O
are VBP X O
looking VBG X O
for IN X O
a DT X O
Sales NNS X B-Occupation
Support NNP X I-Occupation
/ VBD X I-Occupation
Operations NNPS X I-Occupation
Support NNP X I-Occupation
Executive NNP X I-Occupation
to TO X O
join VB X O
the DT X O
London NNP X O
commercial JJ X O
team NN X O
. . X O
My PRP$ X O

client NN X O
, , X O
a DT X O
leading VBG X O
enterprise NN X O
level NN X O
Microsoft NNP X O
Solutions NNP X O
provider NN X O
, , X O
is VBZ X O
currently RB X O
seeking VBG X O
an DT X O
experienced JJ X B-Skill
Solutions NNS X B-Occupation
Architect VBP X I-Occupation
to TO X O
work VB X O
on IN X O
a DT X O
number NN X O
of IN X O
large JJ X O
Microsoft NNP X B-Skill
Dynamics NNP X I-Skill
CRM NNP X I-Skill
projects NNS X O
. . X O
The DT X O

reproduction NN X O
, , X O
transmission NN X O
or CC X O
other JJ X O
use NN X O
of IN X O
all DT X O
or CC X O
any DT X O
part NN X O
of IN X O
this DT X O
advert NN X O
to TO X O
or CC X O
in IN X O
any DT X O
media NNS X O
, , X O
without IN X O
Perfect NNP X O
Placement NNP X O
UK NNP X O
Limited NNP X O
s VBD X O
prior RB X O
written VBN X O
permission NN X O
is VBZ X O
prohibited VBN X O
and CC X O
may MD X O
result VB X O
in IN X O
criminal JJ X O
or CC X O
civil JJ X O
actions NNS X O
. . X O
Excellent JJ X O

training NN X O
for IN X O
new JJ X O
staff NN X O
with IN X O
no DT X O
experience NN X O
is VBZ X O
provided VBN X O
by IN X O
this DT X O
extremely RB X O
wellrespected VBN X O
, , X O
West NNP X O
London NNP X O
based VBN X O
charity NN X O
full JJ X O

time NN X O
staff NN X O
working VBG X B-Skill
with IN X I-Skill
materials NNS X I-Skill
technology NN X I-Skill
within IN X O
the DT X O
main JJ X O
hubs NN X O
of IN X O
Aberdeen NNP X O
, , X O
London NNP X O
, , X O
Norway NNP X O
, , X O
Houston NNP X O
, , X O
Columbus NNP X O
, , X O
Calgary NNP X O
, , X O
Rio NNP X O
and CC X O
Singapore NNP X O
. . X O
**** JJ X O

hotels NNS X O
, , X O
eleven RB X O
in IN X O
Ireland NNP X O
, , X O
three CD X O
in IN X O
Spain NNP X O
and CC X O
the DT X O
rest NN X O
in IN X O
the DT X O
UK NNP X O
. . X O
Experience NNP X O

Previous NNP X B-Experience
experience NN X I-Experience
of IN X I-Experience
new JJ X I-Experience
store NN X I-Experience
formats NNS X I-Experience
preferred VBD X I-Experience
or CC X I-Experience
Retail JJ X I-Experience
in IN X I-Experience
store NN X I-Experience
trials NNS X I-Experience
As IN X O

this DT X O
is VBZ X O
a DT X O
Head NNP X B-Occupation
Chef NNP X I-Occupation
role NN X O
it PRP X O
is VBZ X O
important JJ X O
that IN X O
chefs VBP X B-Occupation
applying VBG X O
for IN X O
the DT X O
role NN X O
are VBP X O
experienced VBN X B-Skill
in IN X O
financial JJ X B-Skill
management NN X O
, , X O
administration NN X B-Skill
and CC X I-Skill
motivating VBG X I-Skill
a DT X I-Skill
team NN X I-Skill
. . X O
The DT X O

successful JJ X O
candidate NN X O
will MD X O
be VB X O
given VBN X O
the DT X O
opportunity NN X O
to TO X O
work VB X O
on IN X O
some DT X O
of IN X O
the DT X O
highest JJS X B-Skill
value NN X I-Skill
AX NNP X I-Skill
implementations NNS X I-Skill
currently RB X O
taking VBG X O
place NN X O
across IN X O
Europe NNP X O
and CC X O
become VB X O
a DT X O
keystone JJ X O
member NN X O
of IN X O
one CD X O
of IN X O
the DT X O
best JJS X O
resourced VBN X B-Skill
and CC X I-Skill
most JJS X I-Skill
highly RB X I-Skill
professional JJ X I-Skill
AX NNP X I-Skill
practices NNS X I-Skill
in IN X O
the DT X O
UK NNP X O
. . X O
Our PRP$ X O

approach NN X O
is VBZ X O
to TO X O
listen VB X B-Skill
to TO X I-Skill
your PRP$ X I-Skill
needs NNS X I-Skill
and CC X O
to TO X O
provide VB X B-Skill
a DT X I-Skill
highvalue JJ X I-Skill
/ NNP X I-Skill
low JJ X I-Skill
volume NN X I-Skill
solution NN X I-Skill
for IN X O
all DT X O
of IN X O
your PRP$ X O
recruiting NN X B-Domain
requirements NNS X O
. . X O
The DT X O

current JJ X O
business NN X O
model NN X O
focuses VBZ X O
on IN X O
engaging VBG X B-Skill
with IN X I-Skill
prospective JJ X I-Skill
learners NNS X I-Skill
via IN X I-Skill
an DT X I-Skill
array NN X I-Skill
of IN X I-Skill
channels NNS X I-Skill
including VBG X I-Skill
FE NNP X I-Skill
Colleges NNP X I-Skill
, , X I-Skill
Job NNP X I-Skill
Fairs NNP X I-Skill
/ NNP X I-Skill
Careers NNP X I-Skill
Guidance NNP X I-Skill
Events NNP X I-Skill
, , X I-Skill
Job NNP X I-Skill
Centre NNP X I-Skill
Plus NNP X I-Skill
and CC X I-Skill
Conferences NNP X I-Skill
and CC X O
some DT X O
good JJ X O
relationships NNS X O
already RB X O
exist VBP X O
in IN X O
order NN X O
to TO X O
supply VB X B-Skill
a DT X I-Skill
steady JJ X I-Skill
stream NN X I-Skill
of IN X O
The DT X O

ability NN X O
to TO X O
programme VB X B-Skill
vacuum FW X I-Skill
machine NN X I-Skill
A DT X O
good JJ X B-Skill
work NN X I-Skill
ethic JJ X I-Skill
and CC X O
attention NN X B-Skill
to TO X I-Skill
detail VB X I-Skill
with IN X O
high JJ X B-Skill
focus NN X I-Skill
on IN X I-Skill
quality NN X I-Skill
At IN X B-Experience

least JJS X I-Experience
23 CD X I-Experience
years NNS X I-Experience
exp RB X I-Experience
working VBG X O
as IN X O
an DT X O
HR NNP X B-Occupation
generalist NN X I-Occupation
in IN X O
an DT X O
HR NNP X O
dept NN X O
Assist NN X O

in IN X O
capturing VBG X O
requirements NNS X O
and CC X O
produce VB X B-Skill
accurate JJ X I-Skill
specifications NNS X I-Skill
and CC X O
estimates NNS X O
for IN X O
product NN X B-Skill
development NN X I-Skill
. . X O
We PRP X O

are VBP X O
interested JJ X O
in IN X O
engineers NNS X B-Skill
from IN X I-Skill
either DT X I-Skill
civil JJ X I-Skill
, , X I-Skill
electrical JJ X I-Skill
, , X I-Skill
track NN X I-Skill
or CC X I-Skill
mechanical JJ X I-Skill
backgrounds NNS X I-Skill
who WP X O
have VBP X O
good JJ X O
railway NN X B-Skill
experience NN X I-Skill
. . X O
This DT X O

is VBZ X O
an DT X O
exciting JJ X O
opportunity NN X O
for IN X O
any DT X O
candidate NN X O
who WP X O
is VBZ X O
keen VBN X O
on IN X O
undertaking VBG X O
an DT X O
interesting JJ X O
and CC X O
varied JJ X O
role NN X O
on IN X O
some DT X O
challenging VBG X O
rail JJ X O
projects NNS X O
with IN X O
a DT X O
leading VBG X O
Engineering NNP X O
Consultancy NNP X O
. . X O
The DT X O

ideal NN X O
Call NNP X B-Occupation
Centre NNP X I-Occupation
Operatives NNP X I-Occupation
will MD X O
be VB X O
Target NNP X B-Skill
driven VBN X I-Skill
with IN X O
Collections NNP X O
and CC X O
/ NNP X O
or CC X O
call VB X B-Skill
centre JJ X I-Skill
experience NN X O
. . X O
This DT X O

is VBZ X O
a DT X O
highly RB X O
challenging JJ X O
opportunity NN X O
for IN X O
a DT X O
suitably NN X O
skilled VBN X B-Skill
and CC X O
immediately RB X O
available JJ X O
accountant NN X B-Occupation
to TO X O
take VB X O
on IN X O
for IN X O
a DT X O
6month JJ X O
period NN X O
. . X O
As IN X O

Credit NNP X B-Occupation
Risk NNP X I-Occupation
and CC X O
Reporting NNP X B-Occupation
Project NNP X I-Occupation
Manager NNP X I-Occupation
/ NNP X I-Occupation
Business NNP X I-Occupation
Analyst NNP X I-Occupation
, , X O
you PRP X O
will MD X O
be VB X O
supporting VBG X O
the DT X O
business NN X O
analysts NNS X O
in IN X O
their PRP$ X O
investigation NN X O
and CC X O
definition NN X O
of IN X O
data NN X O
flows NNS X O
, , X O
mapping NN X O
and CC X O
transformation NN X O
, , X O
supporting VBG X O
QlikView NNP X B-Occupation
developers NNS X I-Occupation
, , X O
and CC X O
sharing VBG X O
your PRP$ X O
subject JJ X O
matter NN X O
expertise NN X O
of IN X O
financial JJ X O
products NNS X O
to TO X O
ensure VB X O
high JJ X O
quality NN X O
results NNS X O
. . X O
As RB X O

well RB X O
as IN X O
the DT X O
ability NN X O
to TO X O
liaise VB X O
with IN X O
G NNP X B-Occupation
. . X I-Occupation
P NNP X I-Occupation
s NN X O
and CC X O
other JJ X O
health NN X O
professionals NNS X O
, , X O
you PRP X O
must MD X O
also RB X O
be VB X O
able JJ X O
to TO X O
organise VB X B-Skill
, , X O
supervise NN X B-Skill
and CC X O
aid VBD X B-Skill
the DT X I-Skill
development NN X I-Skill
of IN X I-Skill
the DT X I-Skill
care NN X I-Skill
staff NN X I-Skill
. . X O
The DT X O

main JJ X O
focus NN X O
of IN X O
your PRP$ X O
role NN X O
will MD X O
be VB X O
providing VBG X O
technical JJ X B-Skill
support NN X I-Skill
by IN X O
ensuring VBG X B-Skill
that DT X I-Skill
equipment NN X I-Skill
is VBZ X I-Skill
functioning VBG X I-Skill
properly RB X I-Skill
and CC X O
is VBZ X O
ready JJ X O
to TO X O
use VB X O
as RB X O
well RB X O
as IN X O
preparing VBG X B-Skill
the DT X I-Skill
right JJ X I-Skill
materials NNS X I-Skill
before IN X I-Skill
or CC X I-Skill
during IN X I-Skill
lessons NNS X I-Skill
. . X O
These DT X O

plants NNS X O
take VBP X O
household NN X O
municipal JJ X O
waste NN X O
and CC X O
through IN X O
a DT X O
process NN X O
of IN X O
mass NN X O
burn NN X O
incineration NN X O
and CC X O
heat NN X O
recovery NN X O
produce VBP X O
electricity NN X O
for IN X O
the DT X O
local JJ X O
area NN X O
whilst NN X O
also RB X O
disposing VBG X O
of IN X O
waste NN X O
as IN X O
part NN X O
of IN X O
a DT X O
long JJ X O
term NN X O
waste NN X O
management NN X O
contract NN X O
. . X O
You PRP X O

will MD X O
be VB X O
able JJ X O
to TO X O
use VB X B-Skill
a DT X I-Skill
variety NN X I-Skill
of IN X I-Skill
hand NN X I-Skill
and CC X I-Skill
power NN X I-Skill
tools NNS X I-Skill
and CC X O
have VBP X O
the DT X O
ability NN X O
to TO X O
use VB X B-Skill
tape NN X I-Skill
and CC X I-Skill
other JJ X I-Skill
measuring VBG X I-Skill
instruments NNS X I-Skill
. . X O
Please NNP X O

contact NN X O
Maz NNP X O
by IN X O
email NN X O
with IN X O
your PRP$ X O
CV NNP X O
attached VBD X O
to TO X O
mcrtc VB X O
. . X O
co NN X O
. . X O
uk JJ X O
stating VBG X O
your PRP$ X O
interest NN X O
and CC X O
relative JJ X O
experience NN X O
. . X O
ALL DT X O

APPLICANTS NNP X O
MUST NNP X O
BE NNP X O
FREE NNP X O
TO NNP X O
WORK NNP X O
IN NNP X O
THE NNP X O
UK NNP X O
With IN X O

a DT X O
history NN X O
of IN X O
over IN X O
90 CD X O
years NNS X O
and CC X O
recently RB X O
achieving VBG X O
a DT X O
turnover NN X O
of IN X O
over IN X O
A DT X O

clear JJ X O
and CC X O
practical JJ X O
understanding NN X O
of IN X O
the DT X O
use NN X B-Skill
of IN X I-Skill
quality NN X I-Skill
improvement NN X I-Skill
methodology NN X I-Skill
, , X O
such JJ X O
as IN X O
SPC NNP X B-Skill
, , X O
DOE NNP X B-Skill
, , X O
PokaYoka NNP X B-Skill
, , X O
ie NN X O

scientific JJ X B-Skill
/ NNP X I-Skill
medical JJ X I-Skill
instruments NNS X I-Skill
Experience NN X I-Skill
working VBG X I-Skill
in IN X I-Skill
a DT X I-Skill
highly RB X I-Skill
regulated VBN X I-Skill
industry NN X I-Skill
Ability NNP X I-Skill
to TO X I-Skill
innovate VB X I-Skill
concept NN X I-Skill
designs NNS X I-Skill
Commercially NNP X I-Skill
aware JJ X I-Skill
and CC X O
be VB X O
able JJ X B-Skill
to TO X I-Skill
identify VB X I-Skill
product NN X I-Skill
cost NN X I-Skill
saving VBG X I-Skill
opportunities NNS X I-Skill
. . X O
The DT X O

role NN X O
also RB X O
requires VBZ X O
the DT X O
practical JJ X O
experience NN X O
of IN X O
applying VBG X O
that IN X O
knowledge NN X O
and CC X O
offering NN X O
suggestions NNS X O
and CC X O
direction NN X O
to TO X O
the DT X O
programme NN X O
and CC X O
other JJ X O
specialist NN X O
engineers NNS X O
, , X O
subcontractors NNS X O
and CC X O
the DT X O
customer NN X O
. . X O
XHTML IN X B-Skill

ALL DT X O
APPLICANTS NNP X O
MUST NNP X O
BE NNP X O
FREE NNP X O
TO NNP X O
WORK NNP X O
IN NNP X O
THE NNP X O
UK NNP X O
25 CD X O

days NNS X O
holiday NN X O
Are VBP X O
you PRP X O
looking VBG X O
to TO X O
start VB X O
your PRP$ X O
career NN X O
in IN X O
the DT X O
recruitment NN X B-Domain
industry NN X O
? . X O
Preparation NN X B-Skill

of IN X I-Skill
reports NNS X I-Skill
to TO X I-Skill
management NN X I-Skill
on IN X I-Skill
issues NNS X I-Skill
identified VBN X I-Skill
during IN X I-Skill
the DT X I-Skill
audit NN X I-Skill
Responsibility NNP X I-Skill
for IN X I-Skill
managing VBG X I-Skill
the DT X I-Skill
successful JJ X I-Skill
completion NN X I-Skill
of IN X I-Skill
the DT X I-Skill
audit NN X I-Skill
The DT X O
Candidate NNP X O
Qualified NNP X B-Qualification
accountant NN X I-Qualification
Chartered NNP X I-Qualification
Accountant NNP X I-Qualification
or CC X O
equivalent JJ X O
Excellent NNP X O
knowledge NN X O
of IN X O
accounting NN X B-Skill
and CC X I-Skill
auditing NN X I-Skill
, , X I-Skill
preferably RB X O
obtained VBN X O
in IN X O
a DT X O
Big NNP X O
4 CD X O
environment NN X O
Strong NNP X B-Skill
team NN X I-Skill
leading NN X I-Skill
, , X O
interpersonal JJ X B-Skill
and CC X I-Skill
communication NN X I-Skill
skills NNS X I-Skill
Excellent JJ X O
drive NN X O
, , X O
commitment NN X B-Skill
and CC X O
enthusiasm NN X B-Skill
The DT X O

Role NNP X O
Vehicle NNP X B-Occupation
Technician NNP X I-Occupation
Job NNP X O
Responsibilities NNP X O
Undertake NNP X B-Skill
vehicle NN X I-Skill
service NN X I-Skill
and CC X I-Skill
standard JJ X I-Skill
general JJ X I-Skill
repairs NNS X I-Skill
Use NNP X I-Skill
diagnostic JJ X I-Skill
equipment NN X I-Skill
as IN X O
a DT X O
matter NN X O
of IN X O
routine JJ X O
Maintain NNP X B-Skill
safe JJ X I-Skill
working NN X I-Skill
practices NNS X I-Skill
and CC X O
insure NN X B-Skill
that IN X I-Skill
your PRP$ X I-Skill
work NN X I-Skill
standards NNS X I-Skill
are VBP X I-Skill
in IN X I-Skill
accordance NN X I-Skill
with IN X I-Skill
HSO NNP X I-Skill
requirements NNS X I-Skill
. . X O
Working VBG X O

closely RB X O
with IN X O
the DT X O
sales NNS X B-Domain
and CC X O
marketing NN X B-Domain
team NN X O
, , X O
the DT X O
ideal JJ X O
candidate NN X O
will MD X O
have VB X O
the DT X O
following JJ X O
attributes NNS X O
: : X O
Excellent NNP X O
telephone NN X B-Skill
manner NN X O
telesales NNS X B-Domain
experience RBR X O
desirable JJ X O
Excellent NN X O
at IN X O
building VBG X B-Skill
relationships NNS X I-Skill
and CC X I-Skill
enhancing VBG X I-Skill
existing VBG X I-Skill
Self NNP X I-Skill
motivated VBD X I-Skill
, , X O
with IN X O
a DT X O
' '' X B-Skill
cando NN X I-Skill
' POS X I-Skill
approach NN X I-Skill
and CC X O
enjoy VB X O
working VBG X O
in IN X O
sales NNS X B-Domain
environment NN X I-Domain
run VB X B-Skill

unit NN X I-Skill
tests NNS X I-Skill
for IN X I-Skill
all DT X I-Skill
code NN X I-Skill
changes NNS X I-Skill
to TO X I-Skill
ensure VB X I-Skill
high JJ X I-Skill
quality NN X I-Skill
of IN X I-Skill
all DT X I-Skill
changes NNS X I-Skill
Participate NNP X I-Skill
in IN X I-Skill
the DT X I-Skill
design NN X I-Skill
of IN X I-Skill
new JJ X I-Skill
software NN X I-Skill
applications NNS X O
Problem NNP X B-Skill
solve NN X I-Skill
and CC X I-Skill
debug NN X I-Skill
complex JJ X I-Skill
software NN X I-Skill
systems NNS X I-Skill
to TO X I-Skill
allow VB X I-Skill
defect JJ X I-Skill
analysis NN X I-Skill
and CC X I-Skill
fixing VBG X I-Skill
Adhere NNP X I-Skill
to TO X I-Skill
department NN X I-Skill
procedures NNS X I-Skill
and CC X I-Skill
practices NNS X I-Skill
, , X I-Skill
including VBG X I-Skill
coding NN X I-Skill
standards NNS X I-Skill
, , X I-Skill
secure NN X I-Skill
coding NN X I-Skill
standards NNS X I-Skill
, , X I-Skill
build JJ X I-Skill
processes NNS X I-Skill
, , X I-Skill
source NN X I-Skill
control NN X I-Skill
and CC X I-Skill
development NN X I-Skill
process NN X I-Skill
Ensure NN X B-Skill

all DT X I-Skill
works NNS X I-Skill
are VBP X I-Skill
signed VBN X I-Skill
off RP X I-Skill
by IN X I-Skill
the DT X I-Skill
client NN X I-Skill
Selfmotivated VBN X B-Skill

Able JJ X I-Skill
to TO X I-Skill
work VB X I-Skill
well RB X I-Skill
on IN X I-Skill
own JJ X I-Skill
initiative NN X I-Skill
as RB X O
well RB X O
as IN X O
part NN X O
of IN X O
a DT X O
team NN X O
Solid NNP X O
decision NN X B-Skill
making NN X I-Skill
skills NNS X I-Skill
Our PRP$ X O

global JJ X O
automotive JJ X O
OEM NNP X O
client NN X O
located VBN X O
in IN X O
Bedfordshire NNP X O
are VBP X O
currently RB X O
seeking VBG X O
a DT X O
Harness NNP X B-Occupation
Layout NNP X I-Occupation
Engineer NNP X I-Occupation
to TO X O
join VB X O
them PRP X O
on IN X O
a DT X O
rolling NN X O
PLLocation NN X O

: : X O
West NNP X O
London NNP X O
Catch NNP X O
Resource NNP X O
Management NNP X O
is VBZ X O
a DT X B-Skill
leading VBG X I-Skill
provider NN X I-Skill
of IN X I-Skill
Dynamics NNP X I-Skill
AX NNP X I-Skill
, , X I-Skill
JD NNP X I-Skill
Edwards NNP X I-Skill
, , X I-Skill
SAP NNP X I-Skill
, , X I-Skill
Java NNP X I-Skill
and CC X I-Skill
. . X I-Skill
Net JJ X I-Skill
resources NNS X I-Skill
to TO X I-Skill
both DT X I-Skill
end NN X I-Skill
users NNS X I-Skill
and CC X I-Skill
to TO X I-Skill
product NN X I-Skill
suppliers NNS X I-Skill
/ JJ X I-Skill
authors NNS X I-Skill
. . X O
Ensure NN X B-Skill

that IN X I-Skill
processes NNS X I-Skill
are VBP X I-Skill
efficient JJ X I-Skill
, , X O
deliver JJ X B-Skill
benefit NN X I-Skill
and CC X O
are VBP X B-Skill
adhered VBN X I-Skill
to TO X I-Skill
. . X O
Essential JJ X O

for IN X O
this DT X O
position NN X O
is VBZ X O
the DT X O
ability NN X O
to TO X O
manipulate VB X B-Skill
data NNS X I-Skill
and CC X O
produce VB X B-Skill
reports NNS X I-Skill
within IN X I-Skill
Excel NNP X I-Skill
Vlookups NNP X I-Skill
, , X I-Skill
Pivot NNP X I-Skill
Tables NNP X I-Skill
. . X O
Our PRP$ X O

client NN X O
is VBZ X O
a DT X O
leading VBG X O
residential JJ X B-Domain
developer NN X I-Domain
within IN X O
the DT X O
UK NNP X O
, , X O
who WP X O
is VBZ X O
looking VBG X O
to TO X O
expand VB X O
its PRP$ X O
already RB X O
strong JJ X O
land NN X O
teams NNS X O
. . X O
Working VBG X B-Skill

with IN X I-Skill
business NN X I-Skill
leaders NNS X I-Skill
and CC X I-Skill
front JJ X I-Skill
line NN X I-Skill
colleagues NNS X I-Skill
, , X O
you PRP X O
will MD X O
be VB X O
able JJ X B-Skill
to TO X I-Skill
recognise VB X I-Skill
and CC X I-Skill
prioritise VB X I-Skill
improvements NNS X I-Skill
. . X O
topologies NNS X B-Skill

as RB X I-Skill
well RB X I-Skill
as IN X I-Skill
surface NN X I-Skill
mount NN X I-Skill
assembly NN X I-Skill
is VBZ X O
essential JJ X O
. . X O
In IN X O

the DT X O
case NN X O
of IN X O
those DT X O
for IN X O
whom WP X O
English NNP X O
is VBZ X O
not RB X O
the DT X O
first JJ X O
language NN X O
, , X O
have VBP X O
a DT X O
minimum NN X B-Qualification
of IN X I-Qualification
English NNP X I-Qualification
language NN X I-Qualification
proficiency NN X I-Qualification
IELTS NNP X I-Qualification
Experience NN X B-Skill

of IN X I-Skill
multisite JJ X I-Skill
management NN X I-Skill
at IN X I-Skill
a DT X I-Skill
senior JJ X I-Skill
level NN X I-Skill
in IN X I-Skill
project NN X I-Skill
operations NNS X I-Skill
discipline NN X I-Skill
. . X O
Main JJ X O

Duties NNS X O
: : X O
Reporting VBG X B-Skill
directly RB X I-Skill
to TO X I-Skill
Partners NNPS X I-Skill
and CC X I-Skill
liaising VBG X I-Skill
with IN X I-Skill
other JJ X I-Skill
managers NNS X I-Skill
as IN X I-Skill
required JJ X I-Skill
Planning NNP X I-Skill
, , X I-Skill
supervision NN X I-Skill
and CC X I-Skill
review NN X I-Skill
of IN X I-Skill
audit NN X I-Skill
and CC X I-Skill
accounts NNS X I-Skill
cases NNS X O
including VBG X O
preparing VBG X O
notes NNS X O
for IN X O
Partners NNPS X O
. . X O
All DT X O

correspondence NN X O
will MD X O
be VB X O
dealt VBN X O
with IN X O
in IN X O
the DT X O
strictest NN X O
of IN X O
The DT X O

practice NN X O
is VBZ X O
one CD X O
of IN X O
the DT X O
company NN X O
s VBZ X O
flagship NN X O
stores NNS X O
. . X O
Role NNP X O

Scrub NNP X B-Occupation
Practitioner NNP X I-Occupation
ODP NNP X I-Occupation
or CC X O
Nurse NNP X B-Occupation
Hours NNP X O
37 CD X O
. . X O
5 CD X O
hrs NN X O
per IN X O
week NN X O
Manage NN X B-Skill

absence NN X I-Skill
and CC X I-Skill
specialist JJ X I-Skill
adjustments NNS X I-Skill
against IN X I-Skill
corporate JJ X I-Skill
and CC X I-Skill
statutory JJ X I-Skill
policies NNS X I-Skill
. . X O
Due JJ X O

to TO X O
rapid JJ X O
expansion NN X O
they PRP X O
are VBP X O
currently RB X O
looking VBG X O
for IN X O
senior JJ X B-Skill
Head NNP X B-Occupation
or CC X I-Occupation
Executive NNP X I-Occupation
Chefs NNP X I-Occupation
to TO X O
join VB X O
their PRP$ X O
business NN X O
. . X O
You PRP X O

must MD X O
be VB X O
dynamic JJ X B-Skill
, , X O
driven RB X B-Skill
, , X O
passionate VB X B-Skill
about IN X O
representing VBG X B-Skill
a DT X I-Skill
market NN X I-Skill
leading VBG X I-Skill
organisation NN X I-Skill
and CC X O
driven NN X O
to TO X O
move VB X B-Skill
through IN X I-Skill
the DT X I-Skill
ranks NNS X I-Skill
of IN X I-Skill
the DT X I-Skill
Senior NNP X I-Skill
Sales NNS X I-Skill
function NN X I-Skill
. . X O
Keep NNP X O

abreast NN X O
of IN X O
current JJ X O
and CC X O
cuttingedge NN X O
Android NNP X B-Skill
technologies VBZ X I-Skill
to TO X O
ensure VB X O
outstanding JJ X O
and CC X O
compelling JJ X O
apps NNS X O
are VBP X O
produced VBN X O
. . X O
My PRP$ X O

client NN X O
, , X O
an DT X O
SME NNP X O
business NN X O
based VBN X O
in IN X O
the DT X O
Blackwood NNP X O
area NN X O
, , X O
currently RB X O
has VBZ X O
an DT X O
exciting JJ X O
opening NN X O
for IN X O
a DT X O
Financial NNP X B-Occupation
Controller NNP X I-Occupation
to TO X O
join VB X O
their PRP$ X O
team NN X O
. . X O
They PRP X O

are VBP X O
expanding VBG X O
their PRP$ X O
web NN X O
development NN X O
team NN X O
and CC X O
are VBP X O
looking VBG X O
to TO X O
recruit VB X O
a DT X O
Web NNP X B-Occupation
Developer NNP X I-Occupation
with IN X O
extensive JJ X O
experience NN X O
in IN X O
web NN X B-Skill
design NN X I-Skill
, , X O
as RB X O
well RB X O
as IN X O
being VBG X O
a DT X O
talented VBN X B-Skill
coder NN X O
. . X O
A DT X O

great JJ X O
' POS X O
one CD X O
stop NN X O
shop NN X O
' '' X O
for IN X O
all DT X O
their PRP$ X O
clients NNS X O
' POS X O
needs NNS X O
, , X O
who WP X O
can MD X O
be VB X O
anyone NN X O
from IN X O
start VB X O
up RP X O
companies NNS X O
to TO X O
those DT X O
who WP X O
are VBP X O
already RB X O
established VBN X O
. . X O
They PRP X O

selfdeliver VBP X O
virtually RB X O
all DT X O
our PRP$ X O
hard JJ X O
FM NNP X O
services NNS X O
nationally RB X O
. . X O
We PRP X O

are VBP X O
also RB X O
recruiting VBG X O
for IN X O
a DT X O
similar JJ X O
Field NNP X B-Occupation
Sales NNS X I-Occupation
Executive NNP X I-Occupation
position NN X O
for IN X O
Thames NNP X O
Valley NNP X O
Oxford NNP X O
or CC X O
Reading NNP X O
based VBN X O
OpenTable NNP X O
is VBZ X O
a DT X O
leading VBG X O
provider NN X O
of IN X O
free JJ X O
, , X O
realtime JJ X O
online NN X O
restaurant NN X O
reservations NNS X O
for IN X O
diners NNS X O
, , X O
as RB X O
well RB X O
as IN X O
a DT X O
computerised JJ X O
reservation NN X O
book NN X O
and CC X O
guest JJS X O
management NN X O
solution NN X O
for IN X O
restaurants NNS X O
. . X O
Our PRP$ X O

aim NN X O
at IN X O
Homebase NNP X O
is VBZ X O
to TO X O
help VB X O
our PRP$ X O
customers NNS X O
realise VBP X O
their PRP$ X O
dream NN X O
home NN X O
and CC X O
to TO X O
help VB X O
our PRP$ X O
employees NNS X O
realise VBP X O
their PRP$ X O
career NN X O
dreams NNS X O
. . X O
The DT X O

main JJ X O
responsibilities NNS X O
of IN X O
this DT X O
challenging JJ X O
role NN X O
will MD X O
be VB X O
to TO X O
act VB X O
as IN X O
first JJ X B-Skill
point NN X I-Skill
of IN X I-Skill
contact NN X I-Skill
for IN X I-Skill
ATM NNP X I-Skill
troubleshooting VBG X I-Skill
including VBG X O
undertaking VBG X O
fault NN X B-Skill
resolution NN X I-Skill
as IN X O
appropriate JJ X O
and CC X O
progressing VBG X O
fault NN X B-Skill
reports NNS X I-Skill
in IN X I-Skill
order NN X I-Skill
to TO X I-Skill
ensure VB X I-Skill
service NN X I-Skill
is VBZ X I-Skill
restored VBN X I-Skill
as RB X O
speedily RB X O
as IN X O
possible JJ X O
. . X O
We PRP X O

hold VBP X O
all DT X O
Yorkshire NNP X O
based VBN X O
candidates NNS X O
initial JJ X O
screening VBG X O
now RB X O
in IN X O
Leeds NNP X O
. . X O
Due JJ X O

to TO X O
the DT X O
nature NN X O
of IN X O
the DT X O
role NN X O
, , X O
flexibility NN X B-Skill
of IN X I-Skill
working VBG X I-Skill
hours NNS X I-Skill
is VBZ X O
required VBN X O
over IN X O
a DT X O
An DT X O

exceptional JJ X O
children NNS X O
s JJ X O
organisation NN X O
is VBZ X O
looking VBG X O
for IN X O
a DT X O
community NN X B-Domain
and CC X I-Domain
appeal NN X I-Domain
fundraiser NN X I-Domain
to TO X O
join VB X O
their PRP$ X O
team NN X O
in IN X O
London NNP X O
. . X O
But CC X O

our PRP$ X O
skillets NNS X O
aren VBP X O
t VB X O
the DT X O
only JJ X O
things NNS X O
that WDT X O
keep VBP X O
our PRP$ X O
customers NNS X O
coming VBG X O
back RB X O
for IN X O
more RBR X O
. . X O
Releasing VBG X B-Skill

orders NNS X I-Skill
on IN X I-Skill
customers NNS X I-Skill
in IN X I-Skill
accordance NN X I-Skill
with IN X I-Skill
agreed VBN X I-Skill
credit NN X I-Skill
terms NNS X I-Skill
and CC X I-Skill
credit NN X I-Skill
limits NNS X I-Skill
. . X O
If IN X O

you PRP X O
suit VBP X O
the DT X O
requirements NNS X O
for IN X O
this DT X O
fantastic JJ X O
opportunity NN X O
or CC X O
would MD X O
like VB X O
any DT X O
further JJ X O
information NN X O
for IN X O
about IN X O
the DT X O
role NN X O
do VBP X O
not RB X O
hesitate VB X O
to TO X O
get VB X O
in IN X O
contact NN X O
with IN X O
Classroom NNP X O
today NN X O
. . X O
This DT X O

company NN X O
are VBP X O
offering VBG X O
competitive JJ X O
rates NNS X O
of IN X O
pay NN X O
and CC X O
are VBP X O
willing JJ X O
to TO X O
consider VB X O
newlyqualified JJ X O
RGNs NNP X B-Occupation
for IN X O
this DT X O
position NN X O
. . X O
This DT X O

really RB X O
is VBZ X O
an DT X O
opportunity NN X O
to TO X O
become VB X O
part NN X O
of IN X O
a DT X O
committed JJ X O
and CC X O
collaborative JJ X O
team NN X O
who WP X O
love VBP X O
what WP X O
they PRP X O
do VBP X O
. . X O
and CC X O

it PRP X O
would MD X O
be VB X O
advantageous JJ X O
to TO X O
have VB X O
a DT X O
medication NN X B-Qualification
administration NN X I-Qualification
certificate NN X I-Qualification
Be NNP X O
able JJ X O
to TO X O
provide VB X B-Skill
details NNS X I-Skill
of IN X I-Skill
You PRP X O

will MD X O
be VB X O
responsible JJ X O
for IN X O
developing VBG X B-Skill
mechanical JJ X I-Skill
designs NNS X I-Skill
for IN X I-Skill
a DT X I-Skill
range NN X I-Skill
of IN X I-Skill
products NNS X I-Skill
and CC X I-Skill
processes NNS X I-Skill
in IN X I-Skill
a DT X I-Skill
variety NN X I-Skill
of IN X I-Skill
sectors NNS X I-Skill
. . X O
Be NNP X O

confident JJ X B-Skill
, , X O
fast JJ X B-Skill
working NN X I-Skill
, , X O
articulate NN X B-Skill
and CC X O
highly RB X B-Skill
motivated JJ X I-Skill
whilst NN X O
customer NN X B-Skill
centric NN X I-Skill
Be NNP X O
a DT X O
high JJ X B-Skill
achiever NN X I-Skill
with IN X O
a DT X O
proven JJ X O
track NN X O
record NN X O
of IN X O
consistent JJ X B-Skill
sales NNS X I-Skill
performance NN X I-Skill
Working VBG X O

for IN X O
this DT X O
well NN X O
established VBD X O
national JJ X O
Fire NNP X B-Domain
and CC X I-Domain
Security NNP X I-Domain
contractor NN X O
, , X O
you PRP X O
will MD X O
be VB X O
responsible JJ X O
for IN X O
a DT X O
variety NN X O
of IN X O
Fire NNP X B-Skill
alarm NN X I-Skill
maintenance NN X I-Skill
on IN X O
commercial JJ X O
projects NNS X O
and CC X O
security NN X B-Skill
maintenance NN X I-Skill
. . X O
Design NN X B-Skill

and CC X I-Skill
prove VB X I-Skill
mechanical JJ X I-Skill
solutions NNS X I-Skill
used VBN X O
for IN X O
the DT X O
client NN X O
s NN X O
products NNS X O
. . X O
This DT X O

opportunity NN X O
is VBZ X O
excellent JJ X O
if IN X O
you PRP X O
are VBP X O
an DT X O
experienced JJ X B-Skill
Business NNP X B-Occupation
Analyst NNP X I-Occupation
, , X O
allowing VBG X O
you PRP X O
to TO X O
implement VB X O
your PRP$ X O
own JJ X O
ideas NNS X O
which WDT X O
will MD X O
lead VB X O
to TO X O
high JJ X O
reward NN X O
and CC X O
career NN X O
progression NN X O
. . X O
The DT X O

successful JJ X O
Business NNP X B-Occupation
Development NNP X I-Occupation
Executive NNP X I-Occupation
will MD X O
be VB X O
able JJ X O
to TO X O
demonstrate VB X O
: : X O
A DT X O
track NN X O
record NN X O
of IN X O
achieving VBG X B-Skill
and CC X I-Skill
exceeding VBG X I-Skill
targets NNS X I-Skill
in IN X O
a DT X O
Business NNP X B-Domain
to TO X O
Business NNP X B-Domain
role NN X O
, , X O
dealing VBG X O
with IN X O
SME NNP X B-Skill
` `` X I-Skill
s RB X I-Skill
Good JJ X I-Skill
time NN X I-Skill
management NN X I-Skill
, , X O
appointment JJ X B-Skill
coordination NN X I-Skill
and CC X O
client NN X B-Skill
management NN X I-Skill
Resilience NNP X O
and CC X O
robustness NN X O
with IN X O
experience NN X O
in IN X O
generating VBG X B-Skill
new JJ X I-Skill
business NN X I-Skill
from IN X O
cold JJ X B-Skill
calls NNS X I-Skill
The DT X O

role NN X O
of IN X O
this DT X O
Marketeer NNP X B-Occupation
is VBZ X O
to TO X O
deliver VB X B-Skill
the DT X I-Skill
Brand NNP X I-Skill
experience NN X I-Skill
consistently RB X I-Skill
for IN X I-Skill
the DT X I-Skill
store NN X I-Skill
reinvention NN X I-Skill
programme NN X I-Skill
as IN X O
we PRP X O
continue VBP X O
roll VBG X O
out RB X O
of IN X O
this DT X O
format NN X O
. . X O
To TO X B-Skill

ensure VB X I-Skill
the DT X I-Skill
quality NN X I-Skill
of IN X I-Skill
the DT X I-Skill
assessment NN X I-Skill
process NN X I-Skill
by IN X I-Skill
working VBG X I-Skill
with IN X I-Skill
Internal NNP X I-Skill
Verifiers NNP X I-Skill
and CC X I-Skill
attending VBG X I-Skill
regular JJ X I-Skill
standardization NN X I-Skill
meetings NNS X I-Skill
. . X O
The DT X O

jobholder NN X O
must MD X O
be VB X O
qualified VBN X O
to TO X O
HND NNP X B-Qualification
level NN X O
or CC X O
equivalent NN X O
in IN X O
electrical JJ X B-Domain
engineering NN X I-Domain
, , X O
ideally RB X O
degree JJ X O
level NN X O
and CC X O
Be NNP X O
proficient JJ X B-Skill
with IN X I-Skill
electrical JJ X I-Skill
CAD NNP X I-Skill
systems NNS X I-Skill
, , X O
any DT X O

employment NN X O
breaks NNS X O
must MD X O
be VB X O
explained VBN X O
DISCLAIMER NNP X O
' POS X O
No NNP X O
terminology NN X O
in IN X O
the DT X O
above JJ X O
advertisement NN X O
is VBZ X O
intended VBN X O
to TO X O
discriminate VB X O
on IN X O
the DT X O
grounds NNS X O
of IN X O
age NN X O
, , X O
gender NN X O
, , X O
race NN X O
, , X O
colour NN X O
, , X O
religion NN X O
, , X O
disability NN X O
or CC X O
sexual JJ X O
orientation NN X O
. . X O
hours NNS X O

/ VBP X O
week NN X O
, , X O
between IN X O
8 CD X O
. . X O
00 CD X O
am VBP X O
and CC X O
9 CD X O
. . X O
00 CD X O
pm NN X O
Monday NNP X O
to TO X O
Friday NNP X O
with IN X O
at IN X O
least JJS X O
two CD X O
Saturdays NNS X O
a DT X O
month NN X O
between IN X O
8 CD X O
. . X O
00 CD X O
am VBP X O
and CC X O
4 CD X O
. . X O
00 CD X O
pm NN X O
. . X O
MIET NNP X B-Skill

or CC X O
be VB X O
able JJ X O
to TO X O
work VB X B-Skill
towards NNS X I-Skill
satisfying VBG X I-Skill
requirements NNS X I-Skill
for IN X I-Skill
CEng NNP X I-Skill
or CC X I-Skill
M NNP X I-Skill
Inst NNP X I-Skill
M NNP X I-Skill
& CC X I-Skill
C NNP X I-Skill
Experience NNP X I-Skill
of IN X O
: : X O
Submarine NN X B-Skill
, , X O
Marine NNP X B-Skill
, , X O
Nuclear NNP X B-Skill
, , X O
Defence NNP X B-Skill
or CC X O
Instrumentation NNP X B-Skill
and CC X I-Skill
/ NNP X I-Skill
or CC X I-Skill
control NN X I-Skill
system NN X I-Skill
design NN X I-Skill
or CC X I-Skill
manufacture NN X I-Skill
. . X O
We PRP X O

are VBP X O
looking VBG X O
for IN X O
a DT X O
candidate NN X O
with IN X O
strong JJ X O
Treasury NNP X B-Skill
knowledge NN X O
. . X O
The DT X O

role NN X O
requires VBZ X O
you PRP X O
to TO X O
go VB X O
out RP X O
into IN X O
the DT X O
manufacturing NN X B-Domain
department NN X O
to TO X O
see VB X O
your PRP$ X O
work NN X O
in IN X O
action NN X O
and CC X O
take VB X O
a DT X O
practical JJ X B-Skill
mind NN X I-Skill
set VBN X I-Skill
towards IN X O
the DT X O
role NN X O
. . X O
General NNP X B-Skill

Take NNP X I-Skill
responsibility NN X I-Skill
for IN X O
the DT X O
running NN X O
of IN X O
the DT X O
Home NNP X O
in IN X O
the DT X O
absence NN X O
of IN X O
the DT X O
Registered NNP X B-Occupation
Manager NNP X I-Occupation
. . X O
you PRP X O

' '' X O
ll JJR X O
need VBP X O
it PRP X O
to TO X O
balance VB X B-Skill
multiple JJ X I-Skill
projects NNS X I-Skill
and CC X I-Skill
deadlines NNS X I-Skill
Do VBP X O

you PRP X O
want VB X O
the DT X O
opportunity NN X O
to TO X O
drive VB X B-Skill
forward NN X I-Skill
sales NNS X I-Skill
and CC X O
contribute NN X B-Skill
to TO X I-Skill
the DT X I-Skill
overall JJ X I-Skill
success NN X I-Skill
of IN X O
an DT X O
established VBN X O
company NN X O
?? NN X O
Closing NN X O

date NN X O
for IN X O
receipt NN X O
of IN X O
applications NNS X O
: : X O
23rd CD X O
January NNP X O
2013 CD X O
High NNP X O
Road NNP X O
, , X O
Buckhurst NNP X O
Hill NNP X O
, , X O
Please NNP X O

note NN X O
, , X O
if IN X O
this DT X O
opportunity NN X O
isn NN X O
' POS X O
t NN X O
for IN X O
you PRP X O
however RB X O
you PRP X O
are VBP X O
seeking VBG X O
locum NN X B-Domain
work NN X I-Domain
, , X O
please VB X O
also RB X O
get VB X O
in IN X O
touch NN X O
and CC X O
I PRP X O
am VBP X O
more JJR X O
than IN X O
happy JJ X O
to TO X O
discuss VB X O
other JJ X O
opportunities NNS X O
with IN X O
you PRP X O
. . X O
Sales NNS X B-Occupation

Manager NNP X I-Occupation
, , X O
Sales NNS X B-Occupation
Engineer NNP X I-Occupation
required VBD X O
; : X O
my PRP$ X O
client NN X O
is VBZ X O
a DT X O
successful JJ X O
and CC X O
growing VBG X O
HVAC NNP X O
contractor NN X O
involved VBN X O
in IN X O
Air NNP X O
Conditioning NNP X O
, , X O
Refrigeration NNP X O
and CC X O
Heating NNP X O
projects NNS X O
in IN X O
York NNP X O
and CC X O
Leeds NNP X O
. . X O
In IN X O

return NN X O
the DT X O
Business NNP X B-Occupation
Development NNP X I-Occupation
Manager NNP X I-Occupation
Insurance NNP X I-Occupation
will MD X O
receive VB X O
an DT X O
excellent JJ X O
package NN X O
including VBG X O
Recruit NNP X B-Skill

and CC X I-Skill
develop VB X I-Skill
team NN X I-Skill
members NNS X I-Skill
to TO X I-Skill
the DT X I-Skill
DLL NNP X I-Skill
standard JJ X I-Skill
expertise NN X I-Skill
, , X I-Skill
skills NNS X I-Skill
and CC X I-Skill
values NNS X I-Skill
driven VBN X I-Skill
behaviour NNS X I-Skill
. . X O
Ideally RB X O

the DT X O
role NN X O
requires VBZ X O
a DT X B-Qualification
dual JJ X I-Qualification
qualified JJ X I-Qualification
RGN NNP X I-Qualification
/ NNP X I-Qualification
RMN NNP X I-Qualification
, , X O
however RB X O
suitably RB X O
experienced JJ X B-Skill
General NNP X B-Occupation
Nurses NNP X I-Occupation
and CC X O
/ NNP X O
or CC X O
Mental NNP X B-Occupation
Health NNP X I-Occupation
Nurses NNP X I-Occupation
will MD X O
be VB X O
considered VBN X O
. . X O
You PRP X O

will MD X O
also RB X O
manage VB X B-Skill
others NNS X I-Skill
within IN X I-Skill
the DT X I-Skill
UNICEF NNP X I-Skill
UK NNP X I-Skill
Media NNP X I-Skill
Team NNP X I-Skill
to TO X I-Skill
deliver VB X I-Skill
to TO X I-Skill
ambitious JJ X I-Skill
media NNS X I-Skill
targets NNS X I-Skill
. . X O
To TO X O

send VB X B-Skill
customer NN X I-Skill
statements NNS X I-Skill
on IN X I-Skill
a DT X I-Skill
monthly JJ X I-Skill
basis NN X I-Skill
Managing VBG X I-Skill
Aged NNP X I-Skill
Debtors NNPS X I-Skill
Report NNP X I-Skill
Purchase NNP X I-Skill
Ledger NNP X O
To TO X O
prepare VB X B-Skill
the DT X I-Skill
payment NN X I-Skill
run NN X I-Skill
, , X I-Skill
ensuring VBG X I-Skill
all DT X I-Skill
invoices NNS X I-Skill
which WDT X I-Skill
are VBP X I-Skill
due JJ X I-Skill
will MD X I-Skill
be VB X I-Skill
processed VBN X I-Skill
and CC X I-Skill
that IN X I-Skill
there EX X I-Skill
are VBP X I-Skill
no DT X I-Skill
duplicates NNS X I-Skill
. . X O
Experience NN X O

in IN X O
water NN X B-Skill
industry NN X I-Skill
and CC X O
preferably RB X O
previous JJ X O
experience NN X O
in IN X O
mechanical JJ X B-Skill
design NN X I-Skill
of IN X I-Skill
water NN X I-Skill
/ NNP X I-Skill
wastewater NN X I-Skill
treatment NN X I-Skill
plants NNS X I-Skill
and CC X I-Skill
water NN X I-Skill
/ VBP X I-Skill
wastewater NN X I-Skill
networks NNS X I-Skill
. . X O
Due JJ X O

to TO X O
continued JJ X O
growth NN X O
this DT X O
leading VBG X O
Tax NNP X B-Domain
Practice NNP X I-Domain
in IN X O
Birmingham NNP X O
is VBZ X O
recruiting VBG X O
for IN X O
an DT X O
Expat NNP X B-Occupation
Tax NNP X I-Occupation
Senior NNP X I-Occupation
Manager NNP X I-Occupation
Review NNP X B-Skill
and CC X I-Skill
prepare VB X I-Skill
UK NNP X I-Skill
and CC X I-Skill
US NNP X I-Skill
expatriate VBP X I-Skill
tax NN X I-Skill
returns NNS X I-Skill
Conduct NNP X O
entry NN X B-Skill
and CC X I-Skill
exit NN X I-Skill
consultations NNS X I-Skill
with IN X I-Skill
expatriates NNS X I-Skill
Advise NNP X I-Skill
and CC X I-Skill
guide JJ X I-Skill
clients NNS X I-Skill
on IN X O
the DT X O
planning NN X B-Skill
and CC X I-Skill
implications NNS X I-Skill
involved VBN X O
in IN X O
international JJ X B-Domain
assignments NNS X I-Domain
, , X O
and CC X O
resolve VB X B-Skill
client NN X I-Skill
queries NNS X I-Skill
Contribute NNP X O
to TO X O
marketing VBG X B-Domain
targeting VBG X I-Domain
new JJ X O
clients NNS X O
. . X O
Be NNP X O

actively RB X O
involved VBD X O
in IN X O
continuous JJ X O
improvement NN X O
projects NNS X O
aligned VBN X O
to TO X O
payroll VB X O
and CC X O
your PRP$ X O
remit NN X O
as IN X O
required VBN X O
. . X O
Title NN X O

: : X O
SQL JJ X B-Occupation
Application NNP X I-Occupation
Support NNP X I-Occupation
Analyst NNP X I-Occupation
Up NNP X O
skill NN X O
to TO X O
DBA NNP X O
Role NNP X O
: : X O
Experience NN X O

selling VBG X B-Skill
to TO X O
new JJ X O
clients NNS X O
and CC X O
working VBG X O
to TO X O
monthly JJ X O
and CC X O
quarterly JJ X O
targets NNS X O
. . X O
I PRP X O

require VBP X O
two CD X O
personal JJ X B-Occupation
assistant NN X I-Occupation
to TO X O
support VB X B-Skill
me PRP X I-Skill
with IN X I-Skill
personal JJ X I-Skill
care NN X I-Skill
, , X O
showering VBG X B-Skill
, , X O
wet NN X B-Skill
shave NN X I-Skill
, , X O
putting VBG X B-Skill
on IN X I-Skill
a DT X I-Skill
convener NN X I-Skill
training NN X O
will MD X O
be VB X O
given VBN X O
pad JJ X B-Skill
change NN X I-Skill
and CC X I-Skill
putting VBG X I-Skill
me PRP X I-Skill
on IN X I-Skill
a DT X I-Skill
cammode NN X I-Skill
, , X O
provide VB X B-Skill
me PRP X I-Skill
with IN X I-Skill
all DT X I-Skill
my PRP$ X I-Skill
meals NNS X I-Skill
and CC X I-Skill
drinks NNS X I-Skill
, , X O
and CC X O
two CD X O
support NN X B-Skill
me PRP X I-Skill
with IN X I-Skill
domestic JJ X I-Skill
help NN X I-Skill
, , X O
washing VBG X B-Skill
bedding NN X I-Skill
, , X O
clothes NNS X B-Skill
, , X O
drying VBG X B-Skill
them PRP X I-Skill
ironing VBG X I-Skill
and CC X O
putting VBG X B-Skill
away RB X I-Skill
, , X O
hoover NN X B-Skill
, , X O
polishing VBG X B-Skill
, , X O
may MD X O
be VB X O
a DT X O
small JJ X O
amount NN X O
of IN X O
shopping NN X B-Skill
, , X O
this DT X O
will MD X O
be VB X O
pam JJ X O
To TO X O

dispose VB X B-Skill
of IN X I-Skill
rubbish JJ X I-Skill
, , X O
as IN X O
outlined VBN X O
by IN X O
the DT X O
Executive NNP X O
Chef NNP X O
and CC X O
to TO X O
maintain VB X B-Skill
standards NNS X I-Skill
of IN X I-Skill
cleanliness NN X I-Skill
in IN X O
these DT X O
areas NNS X O
. . X O
My PRP$ X O

Client NN X O
is VBZ X O
a DT X O
market NN X O
leading VBG X O
Energy NNP X B-Domain
Major NNP X I-Domain
and CC X O
is VBZ X O
one CD X O
of IN X O
the DT X O
' POS X O
BIG JJ X O
6 CD X O
'. NN X O
Excellent JJ X O

package NN X O
with IN X O
car NN X O
allowance NN X O
, , X O
health NN X O
care NN X O
, , X O
pension NN X O
and CC X O
over IN X O
5 CD X O
weeks NNS X O
holiday NN X O
. . X O
Alecto NNP X O

Recruitment NNP X O
Ltd NNP X O
. . X O
simonfalectorecruitment NN X O
. . X O
com NN X O
or CC X O
call VB X O
[ JJ X O
blocked VBN X O
] NN X O
in IN X O
strict JJ X O
confidence NN X O
. . X O
Creating VBG X B-Skill

a DT X I-Skill
customer NN X I-Skill
focus NN X I-Skill
and CC X I-Skill
experience NN X I-Skill
design NN X I-Skill
platform NN X I-Skill
at IN X O
the DT X O
leading VBG X O
edge NN X O
of IN X O
the DT X O
digital JJ X O
experience NN X O
. . X O
Please NNP X O

note VBP X O
The DT X O
Saudi NNP X O
end NN X O
client NN X O
will MD X O
only RB X O
consider VB X O
Western NNP X O
, , X O
Western JJ X O
European JJ X O
or CC X O
North JJ X O
American JJ X O
applicants NNS X O
under IN X O
the DT X O
age NN X O
of IN X O
The DT X O

company NN X O
is VBZ X O
well RB X O
established VBN X O
and CC X O
prides VBZ X O
itself PRP X O
on IN X O
providing VBG X O
a DT X O
high JJ X O
level NN X O
of IN X O
customer NN X O
service NN X O
to TO X O
every DT X O
patient NN X O
. . X O
Carrying VBG X B-Skill

out RP X I-Skill
quality NN X I-Skill
control NN X I-Skill
of IN X O
new JJ X O
road NN X O
ways NNS X O
and CC X O
drainage NN X O
. . X O
IT NNP X B-Occupation

supplier NN X I-Occupation
manager NN X I-Occupation
is VBZ X O
required VBN X O
to TO X O
be VB X O
accountable JJ X O
and CC X O
responsible JJ X O
for IN X O
partners NNS X O
and CC X O
3rd CD X O
party NN X O
organisations NNS X O
. . X O
This DT X O

role NN X O
is VBZ X O
easily RB X O
accessible JJ X O
from IN X O
the DT X O
Cambridge NNP X O
city NN X O
centre NN X O
and CC X O
the DT X O
A NNP X O
This DT X O

is VBZ X O
a DT X O
Senior JJ X B-Skill
Administration NNP X B-Domain
role NN X O
which WDT X O
will MD X O
utilise VB X O
a DT X O
number NN X O
of IN X O
your PRP$ X O
skills NNS X O
. . X O
We PRP X O

can MD X O
consider VB X O
home NN X B-Occupation
managers NNS X I-Occupation
who WP X O
are VBP X O
either DT X O
RGN NNP X B-Qualification
or CC X O
RMN NNP X B-Qualification
. . X O
We PRP X O

are VBP X O
looking VBG X O
for IN X O
a DT X O
Senior NNP X B-Skill
Block NNP X B-Occupation
Manager NNP X I-Occupation
for IN X O
our PRP$ X O
client NN X O
based VBN X O
in IN X O
South NNP X O
West NNP X O
London NNP X O
. . X O
Effective JJ X O

project NN X B-Skill
management NN X I-Skill
skills NNS X I-Skill
are VBP X O
essential JJ X O
Ability NNP X O
to TO X O
deal VB X O
with IN X O
a DT X O
high JJ X B-Skill
standard NN X I-Skill
of IN X I-Skill
productivity NN X I-Skill
Professional NNP X I-Skill
and CC X O
proactive JJ X B-Skill
with IN X O
strong JJ X O
problem NN X B-Skill
solving VBG X I-Skill
skills NNS X I-Skill
Good JJ X O
understanding NN X O
of IN X O
ordering VBG X B-Skill
/ JJ X I-Skill
booking VBG X I-Skill
systems NNS X I-Skill
This DT X O

may MD X O
have VB X O
also RB X O
included VBN X O
having VBG X O
to TO X O
manage VB X B-Skill
resistance NN X I-Skill
to TO X I-Skill
change VB X I-Skill
. . X O
A DT X O

leading JJ X O
and CC X O
thriving VBG X O
asbestos NN X O
company NN X O
that WDT X O
specializes VBZ X O
in IN X O
all DT X O
asbestos NN X O
and CC X O
environmental JJ X O
disciplines NNS X O
presently RB X O
requires VBZ X O
the DT X O
services NNS X O
of IN X O
a DT X O
keen JJ X O
Asbestos NNP X B-Occupation
Surveyor NNP X I-Occupation
to TO X O
cover VB X O
a DT X O
mixture NN X O
of IN X O
contracts NNS X O
in IN X O
Herefordshire NNP X O
and CC X O
the DT X O
surrounding VBG X O
areas NNS X O
. . X O
Presently RB X O

we PRP X O
have VBP X O
an DT X O
opening NN X O
for IN X O
a DT X O
strong JJ X O
Head NNP X B-Occupation
Pastry NNP X I-Occupation
Chef NNP X I-Occupation
paying VBG X O
a DT X O
minimum NN X O
of IN X O
Due JJ X O

to TO X O
the DT X O
high JJ X O
volumes NNS X O
of IN X O
applications NNS X O
we PRP X O
are VBP X O
currently RB X O
receiving VBG X O
, , X O
unfortunately RB X O
we PRP X O
are VBP X O
only RB X O
able JJ X O
to TO X O
contact VB X O
candidates NNS X O
who WP X O
are VBP X O
successful JJ X O
in IN X O
progressing VBG X O
to TO X O
the DT X O
next JJ X O
stage NN X O
. . X O
hard JJ X B-Skill

worker NN X I-Skill
, , X O
hands NNS X B-Skill
on IN X I-Skill
Social NNP X O
Highly NNP X O
organised VBD X B-Skill
Previous JJ X O
Experience NN X O
A DT X O

strong JJ X O
understanding NN X O
of IN X O
either CC X O
the DT X O
retail JJ X B-Domain
or CC X O
FMCG JJ X B-Domain
sectors NNS X I-Domain
will MD X O
be VB X O
essential JJ X O
coupled VBN X O
with IN X O
the DT X O
ability NN X O
to TO X O
develop VB X B-Skill
relationships NNS X I-Skill
rapidly RB X I-Skill
. . X O
12 CD X B-Experience

months NNS X I-Experience
experience NN X O
in IN X O
a DT X O
similar JJ X O
role NN X O
supporting VBG X O
the DT X O
sales NNS X O
and CC X O
operations NNS X O
teams NNS X O
putting VBG X B-Skill
bids NNS X I-Skill
/ VBP X I-Skill
quotes VBZ X I-Skill
together RB X I-Skill
, , X O
checking VBG X B-Skill
pricing NN X I-Skill
and CC X O
dealing VBG X B-Skill
with IN X O
clients NNS X O
The DT X O

ability NN X O
to TO X O
work VB X B-Skill
unsupervised JJ X I-Skill
Qualified NNP X O
to TO X O
NVQ NNP X B-Qualification
Level NNP X I-Qualification
3 CD X I-Qualification
MOT NNP X I-Qualification
smart JJ X I-Qualification
card NN X I-Qualification
advantageous JJ X O
but CC X O
not RB X O
essential JJ X O
The DT X O

key JJ X O
duties NNS X O
include VBP X O
; : X O
Identifying VBG X B-Skill
Training NN X I-Skill
Needs NNP X I-Skill
through IN X O
job NN X B-Skill
analysis NN X I-Skill
and CC X O
consultation NN X B-Skill
with IN X O
the DT X O
management NN X O
team NN X O
Design NNP X B-Skill
, , X I-Skill
develop VB X I-Skill
and CC X I-Skill
deliver VB X I-Skill
training NN X I-Skill
programs NNS X I-Skill
using VBG X O
appropriate JJ X O
methods NNS X O
within IN X O
budget NN X B-Skill
Develop NNP X I-Skill
and CC X I-Skill
deliver VB X I-Skill
induction NN X I-Skill
programs NNS X I-Skill
Produce VBP X O
both DT X O
facetoface NN X B-Skill
and CC X I-Skill
elearning VBG X I-Skill
training VBG X I-Skill
material JJ X I-Skill
Monitor NNP X I-Skill
and CC X I-Skill
review VB X I-Skill
the DT X I-Skill
progress NN X I-Skill
of IN X O
tra NN X O
Sanctuary NNP X O

Management NNP X O
Services NNP X O
Limited NNP X O
is VBZ X O
a DT X O
subsidiary NN X O
of IN X O
Sanctuary NNP X O
Housing NNP X O
Association NNP X O
, , X O
an DT X O
exempt JJ X O
charity NN X O
. . X O
We PRP X O

are VBP X O
committed VBN X O
to TO X O
supporting VBG X O
our PRP$ X O
staff NN X O
through IN X O
professional JJ X B-Domain
development NN X I-Domain
, , X O
performance NN X B-Domain
management NN X I-Domain
, , X O
supervision NN X B-Domain
and CC X O
coaching NN X B-Domain
. . X O
The DT X O

vacancy NN X O
is VBZ X O
for IN X O
a DT X O
Lettings NNP X B-Occupation
Negotiator NNP X I-Occupation
, , X O
who WP X O
will MD X O
be VB X O
responsible JJ X O
directly RB X O
to TO X O
the DT X O
Lettings NNP X O
Account NNP X B-Occupation
Manager NNP X I-Occupation
, , X O
also RB X O
carrying VBG X O
out RP X O
, , X O
as IN X O
required VBN X O
, , X O
tasks NNS X O
for IN X O
the DT X O
Branch NNP X B-Occupation
Manager NNP X I-Occupation
and CC X O
Directors NNP X B-Occupation
including VBG X O
some DT X O
sales NNS X B-Skill
administration NN X I-Skill
and CC X I-Skill
general JJ X I-Skill
office NN X I-Skill
support NN X I-Skill
. . X O
The DT X O

ideal JJ X O
candidate NN X O
will MD X O
possess VB X O
the DT X O
following JJ X O
: : X O
Engineering NNP X B-Qualification
or CC X I-Qualification
business NN X I-Qualification
degree VBP X I-Qualification
Ideally RB X O
15 CD X B-Experience
years NNS X I-Experience
working VBG X I-Experience
experience NN X I-Experience
of IN X O
which WDT X O
Continuous JJ X O

improvement NN X O
activities NNS X O
at IN X O
the DT X O
clinic JJ X B-Domain
level NN X O
To TO X O
develop VB X O
and CC X O
promote VB X O
good JJ X O
working VBG X O
relationships NNS X O
between IN X O
our PRP$ X O
client NN X O
and CC X O
the DT X O
referring VBG X O
Organization NNP X B-Skill
, , X O
delegation NN X B-Skill
and CC X O
management NN X B-Skill
are VBP X O
essential JJ X O
for IN X O
fulfillment NN X O
of IN X O
this DT X O
position NN X O
. . X O
We PRP X O

are VBP X O
looking VBG X O
for IN X O
a DT X O
Project NNP X B-Occupation
Engineer NNP X I-Occupation
for IN X O
one CD X O
of IN X O
our PRP$ X O
clients NNS X O
. . X O
This DT X O

encompasses VBZ X O
most JJS X O
major JJ X O
risks NNS X O
including VBG X O
Property NNP X B-Domain
, , X I-Domain
Liability NNP X I-Domain
, , X O
Combined NNP X B-Domain
, , X I-Domain
Package NNP X I-Domain
, , X O
Property NNP X B-Domain
Owners NNP X I-Domain
and CC X O
Financial NNP X B-Domain
Lines NNPS X I-Domain
to TO X O
name VB X O
a DT X O
few JJ X O
. . X O
The DT X O

laboratories NNS X O
provide VBP X O
analytical JJ X B-Skill
services NNS X I-Skill
in IN X I-Skill
the DT X I-Skill
area NN X I-Skill
of IN X I-Skill
Life NNP X I-Skill
Sciences NNPS X I-Skill
, , X O
including VBG X O
protein NN X B-Skill
analysis NN X I-Skill
, , X O
pharmaceutical JJ X B-Skill
analysis NN X I-Skill
and CC X O
bioanalysis NN X B-Skill
to TO X O
support VB X O
the DT X O
drug NN X O
development NN X O
program NN X O
. . X O
We PRP X O

wish VBP X O
you PRP X O
the DT X O
best JJS X O
of IN X O
luck NN X O
with IN X O
your PRP$ X O
search NN X O
Process NN X B-Skill

multiple NN X I-Skill
fare NN X I-Skill
constructions NNS X I-Skill
on IN X I-Skill
both DT X I-Skill
individual JJ X I-Skill
and CC X I-Skill
group NN X I-Skill
bookings NNS X I-Skill
Using VBG X I-Skill
the DT X I-Skill
Galileo NNP X I-Skill
system NN X I-Skill
to TO X I-Skill
make VB X I-Skill
bookings NNS X I-Skill
for IN X I-Skill
a DT X I-Skill
range NN X I-Skill
of IN X I-Skill
other JJ X I-Skill
travel NN X I-Skill
services NNS X I-Skill
This DT X O

hotel NN X O
is VBZ X O
part NN X O
of IN X O
a DT X O
large JJ X O
successful JJ X B-Skill
, , X I-Skill
award JJ X I-Skill
winning VBG X I-Skill
hotel NN X B-Domain
group NN X I-Domain
and CC X O
has VBZ X O
a DT X O
fantastic JJ X O
reputation NN X O
in IN X O
the DT X O
hospitality NN X B-Domain
industry NN X I-Domain
for IN X O
the DT X O
levels NNS X O
of IN X O
quality NN X O
and CC X O
service NN X O
they PRP X O
provide VBP X O
for IN X O
their PRP$ X O
guests NNS X O
. . X O
ability NN X O

to TO X O
build VB X B-Skill
strong JJ X I-Skill
relationships NNS X I-Skill
within IN X O
a DT X O
team NN X O
Ability NNP X O
to TO X O
work VB X O
to TO X O
tight JJ X O
deadlines NNS X O
in IN X O
a DT X O
busy JJ X O
, , X O
high JJ X O
pressured VBD X O
environment NN X O
Keen NNP X O
to TO X O
gain VB X B-Skill
feedback NN X I-Skill
from IN X O
, , X O
and CC X O
accept VB X B-Skill
constructive JJ X I-Skill
criticism NN X I-Skill
Excellent NNP X O
time NN X B-Skill
management NN X I-Skill
skills VBZ X I-Skill
A DT X O
keen JJ X O
interest NN X O
in IN X O
keeping VBG X B-Skill
up RP X I-Skill
to TO X I-Skill
date NN X I-Skill
with IN X I-Skill
online JJ X I-Skill
trends NNS X I-Skill
, , X I-Skill
technologies NNS X I-Skill
and CC X I-Skill
competitor NN X I-Skill
activity NN X I-Skill
. . X O
Our PRP$ X O

clients NNS X O
are VBP X O
looking VBG X O
for IN X O
a DT X B-Occupation
project NN X I-Occupation
planner NN X I-Occupation
, , X O
ideally RB X O
with IN X O
knowledge NN X B-Skill
of IN X I-Skill
Primevera NNP X I-Skill
who WP X O
is VBZ X O
committed VBN X B-Skill
to TO X I-Skill
delivering VBG X I-Skill
programs NNS X I-Skill
ontime RB X I-Skill
, , X O
within IN X O
budget NN X O
and CC X O
to TO X O
specification NN X O
for IN X O
an DT X O
ongoing JJ X O
12 CD X O
month NN X O
contract NN X O
based VBN X O
in IN X O
Peterlee NNP X O
. . X O
The DT X O

ideal JJ X O
candidate NN X O
will MD X O
come VB X O
from IN X O
a DT X O
previous JJ X B-Skill
business NN X I-Skill
travel NN X I-Skill
background NN X I-Skill
and CC X O
will MD X O
ideally RB X O
have VB X O
an DT X O
existing VBG X O
knowledge NN X B-Skill
of IN X I-Skill
CRS NNP X I-Skill
systems NNS X I-Skill
in IN X I-Skill
order NN X I-Skill
to TO X I-Skill
hit VB X I-Skill
the DT X I-Skill
ground NN X I-Skill
running VBG X I-Skill
in IN X I-Skill
the DT X I-Skill
role NN X I-Skill
as RB X I-Skill
quickly RB X I-Skill
as IN X I-Skill
possible JJ X I-Skill
. . X O
Make NNP X B-Skill

atmospheric JJ X I-Skill
greenhouse NN X I-Skill
gas NN X I-Skill
, , X I-Skill
plant NN X I-Skill
and CC X I-Skill
soil NN X I-Skill
water NN X I-Skill
related JJ X I-Skill
measurements NNS X I-Skill
at IN X O
Whim NNP X O
Moss NNP X O
. . X O
Will MD X O

be VB X O
carrying VBG X B-Skill
out RP X I-Skill
central JJ X I-Skill
heating VBG X I-Skill
installs NNS X I-Skill
in IN X O
domestic JJ X O
properties NNS X O
. . X O
This DT X O

is VBZ X O
a DT X O
great JJ X O
opportunity NN X O
to TO X O
join VB X O
a DT X O
company NN X O
that WDT X O
will MD X O
offer VB X O
you PRP X O
a DT X O
challenging VBG X O
role NN X O
in IN X O
a DT X O
professional JJ X B-Skill
and CC X O
motivated JJ X B-Skill
environment NN X O
. . X O
Excellent JJ X O

opportunity NN X O
for IN X O
a DT X O
competent NN X B-Skill
Risk NNP X B-Occupation
Analyst NNP X I-Occupation
with IN X O
acquisition NN X B-Skill
, , X O
portfolio NN X B-Skill
and CC X O
experience NN X O
, , X O
looking VBG X O
to TO X O
progress VB X O
up RP X O
the DT X O
career NN X O
ladder NN X O
and CC X O
join VB X O
a DT X O
successful JJ X O
company NN X O
at IN X O
a DT X O
very RB X O
exciting JJ X O
timeA NN X O
hugely RB X O
successful JJ X O
and CC X O
reputable JJ X O
company NN X O
, , X O
this DT X O
client NN X O
is VBZ X O
investing VBG X O
heavily RB X O
in IN X O
its PRP$ X O
Risk NNP X B-Domain
, , X O
MI NNP X B-Domain
, , X O
and CC X O
Analytics NNP X B-Domain
departments NNS X O
, , X O
data NNS X B-Domain
processes NNS X I-Domain
and CC X I-Domain
systems NNS X I-Domain
. . X O
To TO X O

maintain VB X B-Skill
a DT X I-Skill
professional JJ X I-Skill
working NN X I-Skill
relationship NN X I-Skill
with IN X O
the DT X O
food NN X B-Domain
service NN X I-Domain
team NN X O
. . X O
You PRP X O

will MD X O
be VB X O
enthusiastic JJ X B-Skill
and CC X I-Skill
driven VBN X I-Skill
in IN X I-Skill
your PRP$ X I-Skill
sales NNS X I-Skill
style NN X I-Skill
and CC X O
be VB X O
able JJ X O
to TO X O
maintain VB X B-Skill
business NN X I-Skill
relationships NNS X I-Skill
with IN X I-Skill
clients NNS X I-Skill
. . X O
Control NNP X B-Skill

maintenance NN X I-Skill
expenditure NN X I-Skill
within IN X I-Skill
agreed VBD X I-Skill
parameters NNS X I-Skill
whilst VBP X I-Skill
ensuring VBG X I-Skill
all DT X I-Skill
maintenance NN X I-Skill
records NNS X I-Skill
are VBP X I-Skill
checked VBN X I-Skill
and CC X O
ensuring VBG X B-Skill
that IN X I-Skill
the DT X I-Skill
approved JJ X I-Skill
processes NNS X I-Skill
are VBP X I-Skill
followed VBN X I-Skill
to TO X I-Skill
provide VB X I-Skill
a DT X I-Skill
cost NN X I-Skill
effective JJ X I-Skill
repair NN X I-Skill
solution NN X I-Skill
taking VBG X I-Skill
into IN X I-Skill
consideration NN X I-Skill
the DT X I-Skill
need NN X I-Skill
to TO X I-Skill
exceed VB X I-Skill
both DT X I-Skill
business NN X I-Skill
and CC X I-Skill
customer NN X I-Skill
expectations NNS X I-Skill
To TO X O
manage VB X B-Skill
the DT X I-Skill
daily JJ X I-Skill
Work NN X I-Skill
Proactively RB X O

maintain NN X B-Skill
and CC X I-Skill
develop VB X I-Skill
knowledge NN X I-Skill
, , X O
skills NNS X O
and CC X O
experience NN X O
through IN X O
client NN X B-Skill
contact NN X I-Skill
, , X I-Skill
industry NN X I-Skill
sources NNS X I-Skill
, , X I-Skill
formalised VBD X I-Skill
training NN X I-Skill
and CC X I-Skill
development NN X I-Skill
plan NN X I-Skill
. . X O
depending VBG X O

on IN X O
experience NN X O
plus CC X O
commissions NNS X O
, , X O
car NN X O
allowance NN X O
and CC X O
excellent JJ X O
benefits NNS X O
package NN X O
. . X O
The DT X O

Premises NNP X O
Department NNP X O
organise NN X B-Skill
and CC X I-Skill
undertake VB X I-Skill
the DT X I-Skill
fitout NN X I-Skill
of IN X I-Skill
commercial JJ X I-Skill
premises NNS X I-Skill
for IN X O
the DT X O
Countrywide NNP X O
group NN X O
of IN X O
estate NN X O
agencies NNS X O
. . X O
Previous JJ X O

cleaning VBG X B-Skill
experience NN X O
is VBZ X O
desirable JJ X O
but CC X O
not RB X O
essential JJ X O
as IN X O
training NN X O
will MD X O
be VB X O
given VBN X O
. . X O
A DT X O

full JJ X O
clean JJ X O
Driving NNP X B-Qualification
Licence NNP X I-Qualification
Eligibility NNP X O
to TO X O
work VB X O
in IN X O
the DT X O
UK NNP X O
. . X O
Excellent JJ X O

opportunity NN X O
for IN X O
someone NN X O
to TO X O
step VB X O
into IN X O
a DT X O
senior JJ X O
role NN X O
for IN X O
fast NN X O
paced VBN X O
successful JJ X O
business NN X O
. . X O
The DT X O

work NN X O
will MD X O
cover VB X O
but CC X O
will MD X O
not RB X O
be VB X O
limited VBN X O
to TO X O
all DT X O
areas NNS X O
of IN X O
landlord NN X B-Domain
tenant NN X I-Domain
issues NNS X I-Domain
including VBG X O
business NN X B-Skill
lease NN X I-Skill
renewals NNS X I-Skill
, , X O
break NN X B-Skill
notices NNS X I-Skill
, , X O
claims NNS X B-Skill
relating VBG X I-Skill
to TO X I-Skill
landlords VB X I-Skill
consent NN X I-Skill
, , X O
dilapidations NNS X B-Skill
claims NNS X I-Skill
, , X O
forfeiture NN X B-Skill
, , X O
possession NN X B-Skill
claims NNS X I-Skill
, , X B-Domain
service JJ X I-Domain
charge NN X I-Domain
issues NNS X I-Domain
, , X O
tenant NN X B-Skill
default NN X I-Skill
and CC X O
tenant JJ X B-Skill
insolvency NN X I-Skill
. . X O
Due JJ X O

to TO X O
this DT X O
growth NN X O
they PRP X O
are VBP X O
looking VBG X O
to TO X O
add VB X O
two CD X O
Senior NNP X B-Skill
. . X B-Occupation
NET NN X I-Occupation
Developers NNPS X I-Occupation
to TO X O
join VB X O
their PRP$ X O
. . X O
NET NNP X O
team NN X O
. . X O
Possess NNP X O

sound VBD X O
knowledge NN X B-Skill
of IN X I-Skill
current JJ X I-Skill
legislation NN X I-Skill
and CC X O
able JJ X O
to TO X O
work VB X B-Skill
in IN X I-Skill
accordance NN X I-Skill
with IN X I-Skill
QA NNP X I-Skill
and CC X I-Skill
H NNP X I-Skill
S NNP X I-Skill
procedures NNS X I-Skill
and CC X O
experienced VBN X O
in IN X O
the DT X O
management NN X B-Skill
of IN X I-Skill
staff NN X I-Skill
and CC X O
staff NN X B-Skill
development NN X I-Skill
. . X O
Their PRP$ X O

aim NN X O
is VBZ X O
to TO X O
build VB X B-Skill
longterm JJ X I-Skill
partnerships NNS X I-Skill
with IN X O
their PRP$ X O
clients NNS X O
, , X O
to TO X O
implement VB X B-Skill
the DT X I-Skill
highest JJS X I-Skill
standards NNS X I-Skill
and CC X O
to TO X O
continually RB X O
be VB X O
on IN X O
the DT X O
cutting VBG X O
edge NN X O
of IN X O
innovation NN X B-Skill
and CC X O
technology NN X B-Domain
. . X O
Must NNP X O

have VBP X O
excellent JJ X O
communication NN X B-Skill
, , X O
organisational JJ X B-Skill
and CC X O
customer NN X B-Skill
service NN X I-Skill
skills NNS X O
with IN X O
a DT X O
real JJ X O
attention NN X O
to TO X O
details NNS X O
. . X O
It PRP X O

is VBZ X O
essential JJ X O
you PRP X O
have VBP X O
great JJ X O
communication NN X B-Skill
skills NNS X O
, , X O
can MD X O
work VB X B-Skill
well RB X I-Skill
as IN X I-Skill
part NN X I-Skill
of IN X I-Skill
a DT X I-Skill
team NN X I-Skill
or CC X I-Skill
on IN X I-Skill
your PRP$ X I-Skill
own JJ X I-Skill
and CC X O
are VBP X O
professional JJ X B-Skill
and CC X O
presentable JJ X B-Skill
. . X O
If IN X O

this DT X O
has VBZ X O
fired VBN X O
your PRP$ X O
imagination NN X O
and CC X O
you PRP X O
want VBP X O
to TO X O
work VB X O
with IN X O
a DT X O
hugely RB X O
dedicated VBN X O
and CC X O
enthusiastic JJ X O
team NN X O
of IN X O
professionals NNS X O
both DT X O
staff NN X O
and CC X O
Members NNS X O
then RB X O
please VB X O
email VB X O
your PRP$ X O
CV NNP X O
and CC X O
an DT X O
accompanying VBG X O
letter NN X O
to TO X O
: : X O
opportunitiestheiet JJ X O
. . X O
org NN X O
You PRP X O

will MD X O
be VB X O
responsible JJ X O
for IN X O
identifying VBG X B-Skill
key JJ X I-Skill
business NN X I-Skill
priorities NNS X I-Skill
, , X O
evaluating VBG X B-Skill
operational JJ X I-Skill
processes NNS X I-Skill
and CC X O
delivering VBG X B-Skill
change NN X I-Skill
. . X O
Ensuring VBG X B-Skill

the DT X I-Skill
company NN X I-Skill
provide VBP X I-Skill
an DT X I-Skill
organized VBN X I-Skill
, , X O
smooth JJ X B-Skill
delivery NN X I-Skill
service NN X I-Skill
and CC X O
offer VBP X B-Skill
high JJ X I-Skill
customer NN X I-Skill
service NN X I-Skill
levels NNS X I-Skill
at IN X O
all DT X O
times NNS X O
. . X O
Working VBG X B-Skill

in IN X O
an DT X O
Agile NNP X O
environment NN X O
, , X O
you PRP X O
will MD X O
build VB X B-Skill
scalable JJ X O
platforms NNS X O
using VBG X O
only RB X O
the DT X O
latest JJS X O
mobile JJ X O
technology NN X O
, , X O
all PDT X O
the DT X O
while NN X O
working VBG X O
in IN X O
funky NN X O
, , X O
new JJ X O
offices NNS X O
that WDT X O
include VBP X O
an DT X O
onsite JJ X O
gym NN X O
and CC X O
cafe NN X O
. . X O
To TO X O

be VB X O
considered VBN X O
for IN X O
this DT X O
position NN X O
you PRP X O
must MD X O
have VB X O
a DT X O
Purchase NNP X B-Skill
Ledger NNP X I-Skill
background NN X I-Skill
but CC X O
also RB X O
have VBP X O
a DT X O
real JJ X O
interest NN X B-Skill
in IN X I-Skill
developing VBG X I-Skill
your PRP$ X I-Skill
accounting NN X I-Skill
experience NN X I-Skill
further RB X I-Skill
as IN X O
this DT X O
company NN X O
do VBP X O
promote NN X O
from IN X O
within IN X O
. . X O
it PRP X O

s VBZ X O
a DT X O
privatelyowned JJ X O
company NN X O
and CC X O
feels NNS X O
more RBR X O
like IN X O
a DT X O
family NN X O
company NN X O
, , X O
not RB X O
at IN X O
all DT X O
institutionalised JJ X O
A DT X O

natural JJ X B-Skill
flair NN X I-Skill
for IN X I-Skill
building NN X I-Skill
and CC X I-Skill
maintaining VBG X I-Skill
key JJ X I-Skill
client NN X I-Skill
relationships NNS X I-Skill
. . X O
If IN X O

you PRP X O
are VBP X O
interested JJ X O
in IN X O
this DT X O
opportunity NN X O
please VB X O
contact VB X O
This DT X O
job NN X O
was VBD X O
originally RB X O
posted VBN X O
as IN X O
www NN X O
. . X O
totaljobs NN X O
. . X O
com NN X O
/ IN X O
JobSeeking VBG X O
/ JJ X O
OperationsManager_job NNP X O
As IN X O

an DT X O
experienced JJ X B-Skill
Automotive NNP X B-Occupation
Business NNP X I-Occupation
Manager NNP X I-Occupation
you PRP X O
will MD X O
have VB X O
experience NN X O
in IN X O
completing VBG X B-Skill
sales NNS X I-Skill
, , X O
putting VBG X B-Skill
forward RB X I-Skill
finance NN X I-Skill
proposals NNS X I-Skill
, , X O
upselling VBG X B-Skill
of IN X I-Skill
products NNS X I-Skill
and CC X O
treating VBG X O
customers NNS X O
as IN X O
required VBN X O
by IN X O
the DT X O
manufacturers NNS X B-Occupation
standards NNS X O
. . X O
Maintain NNP X B-Skill

and CC X I-Skill
strive JJ X I-Skill
to TO X I-Skill
improve VB X I-Skill
our PRP$ X I-Skill
current JJ X I-Skill
quality NN X I-Skill
standards NNS X I-Skill
. . X O
Ideally NNP X O

candidates NNS X O
will MD X O
have VB X O
the DT X O
following JJ X O
skills NNS X O
: : X O
Strong NNP X O
knowledge NN X B-Skill
of IN X I-Skill
F NNP X I-Skill
Extensive NNP X O
knowledge NN X B-Skill
in IN X I-Skill
Asp NNP X I-Skill
. . X O
Friday NNP X O

The DT X O
Council NNP X O
expects VBZ X O
all DT X O
its PRP$ X O
employees NNS X O
to TO X O
have VB X O
a DT X O
full JJ X O
commitment NN X O
to TO X O
the DT X O
Council NNP X O
s VBD X O
Equal NNP X O
Opportunities NNPS X O
Policy NNP X O
and CC X O
acceptance NN X O
of IN X O
personal JJ X O
responsibility NN X O
for IN X O
its PRP$ X O
practical JJ X O
application NN X O
. . X O
They PRP X O

have VBP X O
a DT X O
proud JJ X O
tradition NN X O
of IN X O
looking VBG X O
after IN X O
their PRP$ X O
own JJ X O
and CC X O
provided VBN X O
financial JJ X O
and CC X O
emotional JJ X O
support NN X O
directly RB X O
to TO X O
services NNS X O
staff NN X O
and CC X O
their PRP$ X O
families NNS X O
. . X O
As IN X O

one CD X O
of IN X O
the DT X O
largest JJS X O
banking NN X B-Domain
groups NNS X O
within IN X O
the DT X O
UK NNP X O
our PRP$ X O
client NN X O
is VBZ X O
an DT X O
established JJ X O
leader NN X O
within IN X O
their PRP$ X O
sector NN X O
. . X O
All DT X O

applicants NNS X O
must MD X O
be VB X O
eligible JJ X O
to TO X O
work VB X O
in IN X O
the DT X O
UK NNP X O
. . X O
The DT X O

sectors NNS X O
in IN X O
Commercial JJ X B-Domain
sales NNS X I-Domain
recruitment JJ X O
include VBP X O
; : X O
Business NNP X B-Domain
Finance NNP X I-Domain
, , X I-Domain
Business NNP X I-Domain
Information NNP X I-Domain
, , X I-Domain
IT NNP X I-Domain
Telecoms NNP X I-Domain
, , X O
Office NNP X B-Domain
Contract NNP X I-Domain
Furniture NNP X I-Domain
, , X O
Office NNP X B-Domain
Equipment NNP X I-Domain
, , X I-Domain
Office NNP X I-Domain
Supplies NNP X I-Domain
, , X O
Professional NNP X B-Domain
Services NNP X I-Domain
, , X I-Domain
Rental NNP X I-Domain
Services NNPS X I-Domain
, , X I-Domain
Security NNP X I-Domain
You PRP X O

must MD X O
hold VB X O
a DT X O
Valid JJ X B-Qualification
CSCS NNP X I-Qualification
Card NNP X I-Qualification
, , X O
to TO X O
a DT X O
minimum NN X O
of IN X O
Platinum NNP X O
/ NNP X O
Black NNP X O
Card NNP X O
. . X O
We PRP X O

offer VBP X O
our PRP$ X O
staff NN X O
all DT X O
necessary JJ X O
training NN X B-Domain
, , X O
including VBG X O
achieving VBG X O
NVQs NNP X B-Qualification
25 CD X O
days NNS X O
annual JJ X O
leave VBP X O
, , X O
increasing VBG X O
to TO X O
30 CD X O
days NNS X O
after IN X O
5 CD X O
years NNS X O
enhanced VBD X O
pay NN X O
for IN X O
public JJ X O
holidays NNS X O
Free JJ X O

teaching NN X O
resources NNS X O
Excellent JJ X O
rates NNS X O
of IN X O
takehome JJ X O
pay NN X O
Guaranteed NNP X O
pay NN X O
Ideally RB X O

the DT X O
candidate NN X O
will MD X O
have VB X O
worked VBN X O
in IN X O
a DT X O
high JJ X O
profile NN X O
home NN X O
, , X O
preferably RB X O
with IN X O
some DT X O
experience NN X O
of IN X O
recruiting VBG X B-Skill
for IN X I-Skill
the DT X I-Skill
household NN X I-Skill
. . X O
You PRP X O

will MD X O
come VB X O
from IN X O
a DT X O
civil JJ X B-Skill
engineering NN X I-Skill
background NN X I-Skill
and CC X O
will MD X O
have VB X O
a DT X O
strong JJ X O
Quality NNP X B-Skill
management NN X I-Skill
career NN X I-Skill
history NN X O
. . X O
Job NNP X O

Description NNP X O
Issue NNP X B-Skill
tickets NNS X I-Skill
for IN X I-Skill
group NN X I-Skill
booking VBG X I-Skill
multiple JJ X O
sectors NNS X O
The DT X O

sectors NNS X O
of IN X O
Construction NNP X O
sales NNS X O
recruitment NN X O
include VBP X O
; : X O
Bathrooms NNP X B-Skill
, , X O
Building NNP X B-Skill
Materials NNP X I-Skill
, , X O
Building NNP X B-Skill
Services NNPS X I-Skill
, , X O
Coatings NNP X B-Skill
, , X O
Repairs NNP X B-Skill
Treatments NNP X I-Skill
, , X I-Skill
Heating NNP X I-Skill
Plumbing NNP X I-Skill
, , X O
Interiors NNP X B-Skill
, , X O
Kitchens NNP X B-Skill
, , X O
Plant NNP X B-Skill
Equipment NNP X I-Skill
, , X I-Skill
Roofing NNP X I-Skill
Drainage NNP X I-Skill
. . X O
ad NN X O

link NN X B-Skill
aggregation NN X I-Skill
, , X O
IP NNP X B-Skill
networking NN X I-Skill
, , X O
routing VBG X B-Skill
, , X O
VRRP NNP X B-Skill
or CC X O
CARP NNP X B-Skill
, , X O
NAT NNP X B-Skill
and CC X O
loadbalancing VBG X B-Skill
Due JJ X O

to TO X O
our PRP$ X O
company NN X O
expansion NN X O
we PRP X O
have VBP X O
several JJ X O
new JJ X O
positions NNS X O
with IN X O
an DT X O
immediate JJ X O
start NN X O
: : X O
We PRP X O
are VBP X O
looking VBG X O
for IN X O
hard JJ X B-Skill
working NN X I-Skill
and CC X O
motivated JJ X B-Skill
individuals NNS X O
who WP X O
are VBP X O
looking VBG X O
to TO X O
progress VB X O
their PRP$ X O
career NN X O
in IN X O
the DT X O
renewable JJ X O
Solar JJ X O
industry NN X O
. . X O
Must NNP X O

have VBP X O
previous JJ X O
Telesales NNS X B-Domain
and CC X O
the DT X O
following NN X O
: : X O
Excellent JJ X O
communication NN X B-Skill
and CC X O
listening NN X B-Skill
skills NNS X O
Eden NNP X O

Brown NNP X O
Ltd NNP X O
is VBZ X O
acting VBG X O
as IN X O
an DT X O
Employment NNP X O
Agency NNP X O
in IN X O
relation NN X O
to TO X O
this DT X O
vacancy NN X O
. . X O
The DT X O

Home NNP X O
is VBZ X O
an DT X O
attractive JJ X O
purposebuilt NN X O
home NN X O
providing VBG X O
nursing NN X B-Skill
, , X O
palliative JJ X B-Skill
and CC X O
specialist JJ X O
dementia NN X B-Skill
care NN X I-Skill
. . X O
Ab NNP X O

Initio NNP X O
and CC X O
ideally RB X O
some DT X O
knowledge NN X B-Skill
of IN X I-Skill
BI NNP X I-Skill
toolsets NNS X I-Skill
If IN X O

you PRP X O
have VBP X O
any DT X O
questions NNS X O
regarding VBG X O
this DT X O
post NN X O
, , X O
contact NN X O
Nia NNP X O
Llwyd NNP X O
Lewis NNP X O
, , X O
Senior NNP X B-Occupation
Language NNP X I-Occupation
Services NNPS X I-Occupation
Officer NNP X I-Occupation
Hugely RB X O

successful JJ X O
online NN X O
gaming NN X O
firm NN X O
is VBZ X O
seeking VBG X O
a DT X O
creative JJ X B-Skill
and CC X O
passionate JJ X B-Skill
software NN X B-Occupation
engineer NN X I-Occupation
with IN X O
a DT X B-Skill
love NN X I-Skill
of IN X I-Skill
games NNS X I-Skill
to TO X O
join VB X O
their PRP$ X O
expanding VBG X O
team NN X O
due JJ X O
to TO X O
growth NN X O
. . X O
This DT X O

roles VBZ X O
responsibilities NNS X O
will MD X O
include VB X O
: : X O
The DT X O
ownership NN X B-Skill
and CC X I-Skill
development NN X I-Skill
of IN X I-Skill
the DT X I-Skill
bids NNS X I-Skill
and CC X I-Skill
proposals NNS X I-Skill
management NN X I-Skill
process NN X I-Skill
. . X O
In IN X O

return NN X O
for IN X O
hard JJ X B-Skill
work NN X I-Skill
and CC X I-Skill
commitment NN X I-Skill
we PRP X O
offer VBP X O
a DT X O
competitive JJ X O
salary JJ X O
package NN X O
and CC X O
the DT X O
opportunity NN X O
for IN X O
professional JJ X O
and CC X O
personal JJ X O
development NN X O
Planned VBN X B-Skill

Maintenance NNP X I-Skill
and CC X O
reactive JJ X B-Skill
maintenance NN X I-Skill
on IN X O
fast JJ X O
flowing JJ X O
production NN X O
line NN X O
work NN X B-Skill
well RB X I-Skill
under IN X I-Skill
pressure NN X I-Skill
It PRP X O

is VBZ X O
ideal JJ X O
if IN X O
you PRP X O
have VBP X O
knowledge VBN X O
of IN X O
the DT X O
Facilities NNP X B-Skill
Management NNP X I-Skill
industry NN X I-Skill
and CC X O
This DT X O

is VBZ X O
a DT X O
laboratory NN X O
based VBN X O
role NN X O
to TO X O
provide VB X B-Skill
quantitative JJ X I-Skill
bioanalysis NN X I-Skill
of IN X I-Skill
compounds NNS X I-Skill
and CC X I-Skill
related JJ X I-Skill
metabolites NNS X I-Skill
in IN X I-Skill
a DT X I-Skill
range NN X I-Skill
of IN X I-Skill
biological JJ X I-Skill
matrices NNS X I-Skill
. . X O
Once RB X O

a DT X O
project NN X O
has VBZ X O
been VBN X O
approved VBN X O
for IN X O
planning NN X O
, , X O
responsible JJ X B-Skill
for IN X I-Skill
delivery NN X I-Skill
of IN X I-Skill
product NN X I-Skill
and CC X I-Skill
supporting VBG X I-Skill
documentation NN X I-Skill
cost NN X I-Skill
plan NN X I-Skill
, , X O
project NN X B-Skill
plan NN X I-Skill
, , X O
risk NN X B-Skill
log NN X I-Skill
, , X O
product NN X B-Skill
requirements NNS X I-Skill
specification NN X I-Skill
. . X O
This DT X O

role NN X O
would MD X O
suit VB X O
an DT X O
experienced JJ X O
Part NNP X B-Qualification
Qualified NNP X I-Qualification
or CC X I-Qualification
newly RB X I-Qualification
qualified VBN X I-Qualification
ACCA NNP X I-Qualification
or CC X I-Qualification
CIMA NNP X I-Qualification
Keep VB X B-Skill

clean NN X I-Skill
and CC X I-Skill
tidy VB X I-Skill
the DT X I-Skill
coffee NN X I-Skill
room NN X I-Skill
at IN X O
all DT X O
times NNS X O
. . X O
therefore IN X O

it PRP X O
is VBZ X O
very RB X O
beneficial JJ X O
if IN X O
you PRP X O
live VBP X O
in IN X O
the DT X O
South NNP X O
We PRP X O

offer VBP X O
a DT X O
firstrate NN X O
benefits NNS X O
package NN X O
including VBG X O
a DT X O
competitive JJ X O
salary NN X O
, , X O
generous JJ X O
holiday NN X O
allowance NN X O
, , X O
life NN X O
assurance NN X O
and CC X O
BUPA NNP X O
health NN X O
cover NN X O
as RB X O
well RB X O
as IN X O
superb NN X O
opportunities NNS X O
for IN X O
progression NN X O
and CC X O
development NN X O
. . X O
If IN X O

you PRP X O
are VBP X O
interested JJ X O
in IN X O
this DT X O
position NN X O
please NN X O
email VB X O
us PRP X O
your PRP$ X O
CV NNP X O
. . X O
Ashley NNP X O

Kate NNP X O
HR NNP X O
specialise NN X O
exclusively RB X O
in IN X O
HR NNP X O
recruitment NN X O
, , X O
nationwide JJ X O
for IN X O
temporary JJ X O
, , X O
contract NN X O
and CC X O
permanent JJ X O
HR NNP X O
roles NNS X O
. . X O
Capable JJ X B-Skill

of IN X I-Skill
building NN X I-Skill
and CC X I-Skill
developing VBG X I-Skill
the DT X I-Skill
business NN X I-Skill
the DT X O
successful JJ X O
candidate NN X O
must MD X O
have VB X O
familiarity NN X B-Skill
with IN X I-Skill
a DT X I-Skill
fee NN X I-Skill
based VBN X I-Skill
operating VBG X I-Skill
model NN X I-Skill
. . X O
You PRP X O

will MD X O
be VB X O
confident JJ X O
in IN X O
reporting VBG X B-Skill
all DT X I-Skill
activity NN X I-Skill
, , X I-Skill
risks NNS X I-Skill
and CC X I-Skill
issues NNS X I-Skill
to TO X I-Skill
your PRP$ X O
line NN X B-Occupation
manager NN X I-Occupation
. . X O
Our PRP$ X O

client NN X O
has VBZ X O
a DT X O
constant JJ X O
flow NN X O
of IN X O
vehicles NNS X O
going VBG X O
through IN X O
the DT X O
workshop NN X O
so IN X O
the DT X O
ideal JJ X O
candidate NN X O
for IN X O
the DT X O
job NN X O
must MD X O
be VB X O
able JJ X O
to TO X O
work VB X O
to TO X O
targets NNS X O
with IN X O
the DT X O
large JJ X O
amount NN X O
of IN X O
work NN X O
coming VBG X O
through IN X O
the DT X O
body NN X O
shop NN X O
but CC X O
most RBS X O
important JJ X O
be VB X O
able JJ X O
to TO X O
produce VB X B-Skill
a DT X I-Skill
high JJ X I-Skill
quality NN X I-Skill
of IN X I-Skill
workmanship NN X I-Skill
. . X O
The DT X O

School NNP X O
has VBZ X O
a DT X O
reputation NN X O
for IN X O
promoting VBG X O
from IN X O
within IN X O
, , X O
which WDT X O
is VBZ X O
ideal NN X O
for IN X O
an DT X O
ambitious JJ X O
NQT NN X O
who WP X O
has VBZ X O
long JJ X O
term NN X O
goals NNS X O
of IN X O
progression NN X O
and CC X O
potentially RB X O
leading JJ X O
. . X O
This DT X O

is VBZ X O
an DT X O
URGENT JJ X O
role NN X O
that WDT X O
works VBZ X O
closely RB X O
with IN X O
the DT X O
Programme NNP X B-Occupation
Managers NNP X I-Occupation
, , X O
Technical NNP X B-Occupation
Architects NNP X I-Occupation
and CC X O
Technical NNP X B-Occupation
Leads NNP X I-Occupation
to TO X O
design VB X B-Skill
and CC X I-Skill
deliver VB X I-Skill
database NN X I-Skill
solutions NNS X I-Skill
and CC X I-Skill
projects NNS X I-Skill
. . X O
Check NNP X B-Skill

level NN X I-Skill
and CC X I-Skill
quality NN X I-Skill
of IN X I-Skill
work NN X I-Skill
through IN X I-Skill
use NN X I-Skill
of IN X I-Skill
diagnostic JJ X I-Skill
equipment NN X I-Skill
and CC X I-Skill
road NN X I-Skill
testing NN X I-Skill
vehicles NNS X O
after IN X O
work NN X O
has VBZ X O
been VBN X O
carried VBN X O
out RP X O
. . X O
Principal JJ X O

Responsibilities NNS X O
for IN X O
RGN NNP X B-Occupation
Deputy NNP X I-Occupation
Manager NNP X I-Occupation
Ensure NNP X O
that WDT X O
high JJ X O
standards NNS X O
of IN X O
care NN X B-Skill
are VBP X O
delivered VBN X O
to TO X O
meet VB X O
the DT X O
needs NNS X O
of IN X O
the DT X O
individual JJ X O
resident NN X O
, , X O
to TO X O
monitor VB X B-Skill
and CC X I-Skill
maintain VB X I-Skill
these DT X I-Skill
standards NNS X I-Skill
. . X O
maximum JJ X O

**** JJ X O
drops NNS X O
daily RB X O
, , X O
mainly RB X O
TN NNP X O
, , X O
CT NNP X O
, , X O
BR NNP X O
postcodes VBZ X O
immediate JJ X O
starts NNS X O
available JJ X O
, , X O
digital JJ X O
essential NN X O
. . X O
Must NNP X O

have VBP X O
experience NN X O
of IN X O
faultfinding NN X B-Skill
and CC X O
repair NN X B-Skill
onsite JJ X I-Skill
maintenance NN X I-Skill
of IN X I-Skill
scanner NN X I-Skill
/ NNP X I-Skill
printing NN X I-Skill
/ NNP X I-Skill
MFD NNP X I-Skill
s POS X I-Skill
Multifunction NNP X I-Skill
devices NNS X I-Skill
. . X O
My PRP$ X O

client NN X O
who WP X O
are VBP X O
a DT X O
102 CD X O
bed NN X O
nursing NN X B-Domain
home NN X I-Domain
in IN X O
the DT X O
Bolton NNP X O
area NN X O
are VBP X O
looking VBG X O
for IN X O
RGN NNP X B-Occupation
' POS X I-Occupation
s NN X I-Occupation
and CC X O
RMN NNP X B-Occupation
' POS X I-Occupation
s NN X I-Occupation
to TO X O
cover VB X O
two CD X O
days NNS X O
a DT X O
week NN X O
. . X O
Ensure NN X B-Skill

job NN X I-Skill
holder NN X I-Skill
and CC X I-Skill
all DT X I-Skill
staff NN X I-Skill
comply NN X I-Skill
with IN X I-Skill
all DT X I-Skill
company NN X I-Skill
policies NNS X I-Skill
and CC X I-Skill
procedures NNS X I-Skill
including VBG X O
Health NNP X O
& CC X O
Safety NNP X O
and CC X O
Fire NNP X O
Safety NNP X O
etc NN X O
. . X O
In IN X O

your PRP$ X O
application NN X O
, , X O
please VB X O
demonstrate VB X O
how WRB X O
you PRP X O
meet VBP X O
the DT X O
relevant JJ X O
criteria NNS X O
in IN X O
order NN X O
to TO X O
generate VB X O
a DT X O
response NN X O
. . X O
Work NN X B-Skill

with IN X I-Skill
the DT X I-Skill
reception NN X I-Skill
team NN X I-Skill
to TO X O
ensure VB X O
that IN X O
the DT X O
reception NN X O
team NN X O
book NN X O
David NNP X O
Lloyd NNP X O
kids NNS X O
products NNS X O
, , X O
courses NNS X O
and CC X O
classes NNS X O
compliant VBP X O
to TO X O
the DT X O
bookings NNS X O
policy NN X O
. . X O
Able JJ X O

to TO X O
communicate VB X B-Skill
financial JJ X I-Skill
information NN X I-Skill
to TO X O
nonfinance NN X O
managers NNS X O
and CC X O
work NN X B-Skill
to TO X I-Skill
meet VB X I-Skill
strict JJ X I-Skill
deadlines NNS X I-Skill
while IN X O
maintaining VBG X B-Skill
quality NN X I-Skill
of IN X I-Skill
service NN X I-Skill
? . X O
As IN X O

a DT X O
Graduate NNP X B-Occupation
Sales NNS X I-Occupation
Executive NNP X I-Occupation
your PRP$ X O
responsibilities NNS X O
will MD X O
include VB X O
: : X O
Developing VBG X B-Skill
existing VBG X I-Skill
accounts NNS X I-Skill
Prospecting VBG X I-Skill
for IN X I-Skill
new JJ X I-Skill
clients NNS X I-Skill
Liaising VBG X I-Skill
at IN X I-Skill
a DT X I-Skill
managerial JJ X I-Skill
level NN X I-Skill
Contract NNP X I-Skill
negotiation NN X I-Skill
For IN X O
this DT X O
Graduate NNP X B-Occupation
Sales NNS X I-Occupation
Executive NNP X I-Occupation
position NN X O
, , X O
we PRP X O
are VBP X O
looking VBG X O
for IN X O
individuals NNS X O
who WP X O
meet VBP X O
the DT X O
following VBG X O
criteria NNS X O
: : X O
Automotive JJ X B-Skill

technical JJ X I-Skill
knowledge NN X I-Skill
Knowledge NNP X I-Skill
of IN X I-Skill
motor NN X I-Skill
vehicle NN X I-Skill
warranty NN X I-Skill
PreRequisites NNS X O

Bachelor NNP X B-Occupation
s VBD X I-Occupation
Degree NNP X I-Occupation
, , X O
Post NNP X B-Occupation
Graduate NNP X I-Occupation
Diploma NNP X I-Occupation
, , X O
Professional NNP X B-Occupation
Degree NNP X I-Occupation
, , X O
Diploma NNP X B-Occupation
At IN X O
least JJS X O
10 CD X B-Experience
years NNS X I-Experience
working VBG X B-Skill
experience NN X I-Skill
in IN X I-Skill
the DT X I-Skill
related JJ X I-Skill
field NN X I-Skill
is VBZ X O
required VBN X O
for IN X O
this DT X O
position NN X O
with IN X O
at IN X O
least JJS X O
3 CD X B-Experience
years NNS X I-Experience
of IN X O
managerial JJ X B-Skill
experience NN X I-Skill
; : X O
Selfmotivated VBN X B-Skill
with IN X I-Skill
strong JJ X I-Skill
work NN X I-Skill
ethics NNS X I-Skill
; : X O
Resourceful NNP X B-Skill
team NN X I-Skill
player NN X I-Skill
who WP X I-Skill
can MD X I-Skill
also RB X I-Skill
work VB X I-Skill
independently RB X I-Skill
; : X O
Class NNP X B-Qualification
3 CD X I-Qualification
driving VBG X I-Qualification
license NN X I-Qualification
is VBZ X O
advantageous JJ X O
; : X O
Good NNP X O
interpersonal NN X B-Skill
and CC X I-Skill
communication NN X I-Skill
skills NNS X I-Skill
Able JJ X O
to TO X O
speak VB X B-Skill
some DT X I-Skill
Mandarin NNP X I-Skill
or CC X I-Skill
Malay NNP X I-Skill
besides IN X I-Skill
English NNP X I-Skill
Applicants NNS X O

are VBP X O
asked VBN X O
to TO X O
ensure VB X O
CV NNP X O
' POS X O
s NN X O
reflect VBP X O
this DT X O
experience NN X O
Our PRP$ X O
client NN X O
offers VBZ X O
a DT X O
competitive JJ X O
salary NN X O
, , X O
alternate JJ X O
day NN X O
/ NNP X O
evening NN X O
shift NN X O
working VBG X O
hours NNS X O
and CC X O
additional JJ X O
employee NN X O
benefits NNS X O
with IN X O
the DT X O
company NN X O
If IN X O
this DT X O
job NN X O
is VBZ X O
of IN X O
interest NN X O
please NN X O
forward RB X O
your PRP$ X O
CV NN X O
to TO X O
Eamonn NNP X O
McCance NNP X O
via IN X O
the DT X O
link NN X O
provided VBD X O
, , X O
or CC X O
call VB X O
The DT X O

new JJ X O
year NN X O
is VBZ X O
about IN X O
to TO X O
kick VB X O
off RP X O
for IN X O
any DT X O
Mid NNP X O
or CC X O
Senior NNP X O
level NN X O
UX NNP X O
Research NNP X O
/ NNP X O
Usability NNP X O
folk NN X O
looking VBG X O
for IN X O
something NN X O
new JJ X O
, , X O
as IN X O
this DT X O
desirable JJ X O
firm NN X O
based VBN X O
in IN X O
a DT X O
lively JJ X O
area NN X O
of IN X O
London NNP X O
are VBP X O
about IN X O
to TO X O
open VB X O
their PRP$ X O
doors NNS X O
for IN X O
a DT X O
number NN X O
of IN X O
new JJ X O
recruits NNS X O
. . X O
To TO X O

take VB X O
an DT X O
active JJ X O
role NN X O
in IN X O
the DT X O
procurement NN X B-Skill
and CC X I-Skill
implementation NN X I-Skill
of IN X I-Skill
the DT X I-Skill
new JJ X I-Skill
multimillion NN X I-Skill
pound NN X I-Skill
EPR NNP X I-Skill
/ NNP X I-Skill
PAS NNP X I-Skill
replacement NN X I-Skill
. . X O
This DT X O

Company NN X O
is VBZ X O
experiencing VBG X O
huge JJ X O
growth NN X O
and CC X O
offer VB X O
superb JJ X O
prospects NNS X O
. . X O
The DT X O

role NN X O
will MD X O
offer VB X O
excellent JJ X O
training NN X O
and CC X O
great JJ X O
opportunity NN X O
for IN X O
progression NN X O
as IN X O
the DT X O
team NN X O
expands VBZ X O
to TO X O
meet VB X O
its PRP$ X O
clients NNS X O
needs NNS X O
. . X O
**** JJ X O

Prioritise NNP X B-Skill
the DT X I-Skill
development NN X I-Skill
of IN X I-Skill
staff NN X I-Skill
through IN X O
regular JJ X B-Skill
reviews NNS X I-Skill
and CC X O
personal JJ X B-Skill
development NN X I-Skill
programmes NNS X I-Skill
This DT X O

home NN X O
has VBZ X O
an DT X O
excellent JJ X O
reputation NN X O
for IN X O
care NN X O
in IN X O
the DT X O
local JJ X O
area NN X O
and CC X O
the DT X O
organisation NN X O
are VBP X O
eager JJ X O
to TO X O
ensure VB X O
this DT X O
is VBZ X O
maintained VBN X O
. . X O
Qualifications NNS X O

and CC X O
experiences NNS X O
: : X O
BSc NNP X B-Qualification
, , X I-Qualification
MSc NNP X I-Qualification
or CC X I-Qualification
PhD NNP X I-Qualification
or CC X I-Qualification
equivalent NN X I-Qualification
in IN X I-Qualification
Statistics NNPS X I-Qualification
, , X I-Qualification
Computer NNP X I-Qualification
Science NNP X I-Qualification
, , X I-Qualification
Mathematics NNP X I-Qualification
or CC X I-Qualification
other JJ X I-Qualification
analytical JJ X I-Qualification
field NN X I-Qualification
. . X I-Qualification
This DT X O

is VBZ X O
a DT X O
great JJ X O
opportunity NN X O
to TO X O
work VB X O
in IN X O
a DT X O
variety NN X O
of IN X O
practices NNS X O
whilst VBP X O
enjoying VBG X O
the DT X O
job NN X O
stability NN X O
of IN X O
a DT X O
Fixed NNP X O
term NN X O
role NN X O
. . X O
Pupils NNS X O

in IN X O
this DT X O
unit NN X O
receive VBP X O
highly RB X O
specialist JJ X O
care NN X O
and CC X O
the DT X O
provision NN X O
given VBN X O
is VBZ X O
innovative JJ X O
and CC X O
forward JJ X O
thinking NN X O
. . X O
For IN X O

more JJR X O
information NN X O
or CC X O
to TO X O
apply VB X O
for IN X O
this DT X O
position NN X O
please NN X O
contact NN X O
Malcolm NNP X O
Barker NNP X O
at IN X O
Network NNP X O
Open NNP X O
on IN X O
Preference NN X O

will MD X O
be VB X O
given VBN X O
to TO X O
applicants NNS X O
with IN X O
a DT X O
proven JJ X O
research NN X B-Skill
record NN X I-Skill
and CC X O
publications NNS X B-Skill
in IN X I-Skill
the DT X I-Skill
relevant JJ X I-Skill
areas NNS X I-Skill
. . X O
Then RB X O

send VB X O
in IN X O
your PRP$ X O
CV NNP X O
to TO X O
Raj NNP X O
at IN X O
Zest NNP X O
For IN X O

further JJ X O
details NNS X O
or CC X O
a DT X O
confidential JJ X O
conversation NN X O
please NN X O
email JJ X O
doug NN X O
. . X O
robertssecpharma NN X O
. . X O
com NN X O
or CC X O
call VB X O
Doug NNP X O
on IN X O
Tel NNP X O
Previous JJ X O

experience NN X O
of IN X O
HR NNP X B-Skill
solutions NNS X I-Skill
, , X O
specifically RB X O
Peoplesoft NNP X B-Skill
is VBZ X O
strongly RB X O
preferred VBN X O
. . X O
Excellent JJ X O

opportunity NN X O
for IN X O
a DT X O
Sage NN X B-Occupation
CRM NNP X I-Occupation
support NN X I-Occupation
analyst NN X I-Occupation
to TO X O
join VB X O
a DT X O
market NN X B-Domain
leading VBG X O
and CC X O
thriving VBG X O
business NN X B-Domain
based VBN X O
close RB X O
to TO X O
Warrington NNP X O
. . X O
Experience NN X B-Skill

of IN X I-Skill
bespoke NN X I-Skill
IT NNP X I-Skill
Service NNP X I-Skill
Desk NNP X I-Skill
systems NNS X I-Skill
would MD X O
be VB X O
helpful JJ X O
and CC X O
demonstrable JJ X O
good JJ X O
interpersonal JJ X B-Skill
skills NNS X I-Skill
. . X O
You PRP X O

must MD X O
be VB X O
confident JJ X O
overhauling NN X B-Skill
, , X I-Skill
repairing VBG X I-Skill
, , X I-Skill
fault NN X I-Skill
finding NN X I-Skill
and CC X I-Skill
modifying VBG X I-Skill
mechanical JJ X I-Skill
devices NNS X I-Skill
and CC X I-Skill
machinery NN X I-Skill
including VBG X O
pumps NNS X O
, , X O
gearboxes NNS X O
, , X O
rotary JJ X O
equipment NN X O
. . X O
Verifies NNS X O

adherence NN X O
to TO X O
PDBP NNP X B-Skill
validation NN X I-Skill
processes VBZ X O
/ JJ X B-Skill
SOPs NNP X I-Skill
within IN X O
the DT X O
project NN X O
. . X O
Duties NNS X O

: : X O
Providing VBG X B-Skill
Administrative JJ X I-Skill
/ NN X I-Skill
PA NNP X I-Skill
support NN X I-Skill
to TO X I-Skill
various JJ X I-Skill
teams NNS X I-Skill
to TO X I-Skill
meet VB X I-Skill
business NN X I-Skill
needs NNS X I-Skill
Provision NNP X I-Skill
of IN X I-Skill
inseat NN X I-Skill
cover NN X I-Skill
as IN X I-Skill
required JJ X I-Skill
Production NN X I-Skill
of IN X I-Skill
legal JJ X I-Skill
documents NNS X I-Skill
Acquiring VBG X O
a DT X O
good JJ X O
working NN X O
knowledge NN X O
of IN X O
the DT X O
company NN X O
and CC X O
becoming VBG X O
the DT X O
' '' X O
go VBP X O
to TO X O
' '' X O
person NN X O
amongst IN X O
the DT X O
teams NNS X O
you PRP X O
support VBP X O
To TO X O
be VB X O
considered VBN X O
for IN X O
this DT X O
role NN X O
it PRP X O
is VBZ X O
essential JJ X O
that IN X O
you PRP X O
can MD X O
demonstrate VB X O
: : X O
Previous JJ X O
legal JJ X B-Domain
sector NN X I-Domain
PA NNP X O
experience NN X O
in IN X O
at IN X O
least JJS X O
two CD X O
practice NN X B-Skill
areas NNS X I-Skill
Experience NNP X O
of IN X O
supporting VBG X B-Skill
multiple JJ X I-Skill
teams NNS X I-Skill
/ VBP X I-Skill
individuals NNS X I-Skill
Giving VBG X B-Skill

update JJ X I-Skill
meeting NN X I-Skill
to TO X I-Skill
Sub NNP X I-Skill
Contractors NNP X I-Skill
and CC X I-Skill
Engineers NNP X I-Skill
Dealing NNP X I-Skill
with IN X I-Skill
technical JJ X I-Skill
queries NNS X I-Skill
. . X O
k NN X O

dependent NN X O
on IN X O
experience NN X O
Combined VBN X O
Company NNP X O
car NN X O
and CC X O
fuel NN X O
allowance NN X O
equivalent NN X O
of IN X O
Ability NN X O

to TO X O
work VB X B-Skill
under IN X I-Skill
pressure NN X I-Skill
with IN X I-Skill
minimal JJ X I-Skill
supervision NN X I-Skill
yet RB X O
is VBZ X O
a DT X O
team NN X B-Skill
player NN X I-Skill
. . X O
The DT X O

role NN X O
is VBZ X O
to TO X O
run VB X B-Skill
the DT X I-Skill
year NN X I-Skill
end NN X I-Skill
audit NN X I-Skill
, , X O
balance NN X B-Skill
sheet NN X I-Skill
reconciliations NNS X I-Skill
and CC X O
other JJ X O
duties NNS X O
for IN X O
36 CD X O
months NNS X O
. . X O
To TO X O

deputise VB X B-Skill
for IN X I-Skill
the DT X I-Skill
Manager NNP X I-Skill
in IN X I-Skill
his PRP$ X I-Skill
or CC X I-Skill
her PRP$ X I-Skill
absence NN X I-Skill
, , X O
undertaking VBG X B-Skill
all DT X I-Skill
appropriate JJ X I-Skill
duties NNS X I-Skill
to TO X I-Skill
ensure VB X I-Skill
the DT X I-Skill
continued JJ X I-Skill
operation NN X I-Skill
of IN X I-Skill
the DT X I-Skill
shop NN X I-Skill
. . X O
We PRP X O

are VBP X O
looking VBG X O
for IN X O
candidates NNS X O
who WP X O
display VBP X O
a DT X O
passion NN X B-Skill
for IN X I-Skill
care NN X I-Skill
, , X O
are VBP X O
flexible JJ X B-Skill
and CC X O
motivated VBD X B-Skill
. . X O
All DT X O

applicants NNS X O
must MD X O
be VB X O
willing JJ X O
to TO X O
undergo VB X O
the DT X O
appropriate JJ X O
screening NN X O
, , X O
including VBG X O
checks NNS X O
with IN X O
past JJ X O
employers NNS X O
and CC X O
an DT X O
Enhanced JJ X B-Qualification
Disclosure NN X I-Qualification
via IN X O
the DT X O
Criminal NNP X B-Domain
Records NNPS X I-Domain
Bureau NNP X O
. . X O
Interview NNP X O

Immediate NNP X O
Cubiq NNP X O
recruitment NN X O
has VBZ X O
an DT X O
exciting JJ X O
opportunity NN X O
to TO X O
join VB X O
a DT X O
leading VBG X O
defence NN X B-Domain
company NN X O
in IN X O
southampton NN X O
. . X O
We PRP X O

cover VBP X O
all DT X O
levels NNS X O
including VBG X O
Managers NNS X B-Occupation
, , X O
Technologists NNS X B-Occupation
, , X I-Occupation
Technicians NNPS X I-Occupation
, , X O
Managers NNPS X B-Occupation
, , X O
Team NNP X B-Occupation
Leaders NNP X I-Occupation
, , X O
Managers NNP X B-Occupation
and CC X O
Directors NNPS X B-Occupation
. . X O
You PRP X O

should MD X O
have VB X O
a DT X O
vibrant JJ X B-Skill
personality NN X I-Skill
and CC X O
be VB X O
prepared VBN X O
to TO X O
continually RB X O
develop VB X B-Skill
your PRP$ X I-Skill
skills NNS X I-Skill
to TO X I-Skill
ensure VB X I-Skill
enjoyment NN X I-Skill
and CC X I-Skill
rigour NN X I-Skill
in IN X I-Skill
the DT X I-Skill
classroom NN X I-Skill
. . X O
: : X O

Other JJ X O
, , X O
Please NNP X O
apply VB X O
online NN X O
: : X O
Closing NN X O
date NN X O
for IN X O
applications NNS X O
: : X O
08FEB2013 CD X O
This DT X O

is VBZ X O
a DT X O
fantastic JJ X O
opportunity NN X O
to TO X O
establish VB X O
yourself PRP X O
as IN X O
an DT X O
Android NNP X B-Occupation
developer NN X I-Occupation
, , X O
and CC X O
grow VB X O
with IN X O
an DT X O
already RB X O
established VBN X O
, , X O
worldwide JJ X O
company NN X O
. . X O
You PRP X O

will MD X O
need VB X O
to TO X O
be VB X O
able JJ X O
to TO X O
work VB X B-Skill
to TO X I-Skill
tight JJ X I-Skill
deadlines NNS X I-Skill
, , X O
enjoy VB X O
a DT X O
challenge NN X O
and CC X O
a DT X O
varied JJ X O
workload NN X O
, , X O
be VB X O
willing JJ X O
to TO X O
learn VB X B-Skill
new JJ X I-Skill
areas NNS X I-Skill
, , X O
have VBP X O
good JJ X O
attention NN X B-Skill
to TO X I-Skill
detail VB X I-Skill
and CC X O
good JJ X O
communication NN X B-Skill
skills NNS X I-Skill
, , X O
a DT X O
calm NN X B-Skill
and CC X I-Skill
cando JJ X I-Skill
attitude NN X I-Skill
whilst NN X O
remaining VBG X O
professional JJ X O
at IN X O
all DT X O
times NNS X O
. . X O
assess NN X B-Skill

business NN X I-Skill
requirements NNS X I-Skill
Define NNP X I-Skill
solution NN X I-Skill
options NNS X I-Skill
to TO X O
meet VB X O
specific JJ X O
business NN X O
objectives NNS X O
Suitable JJ X O

candidates NNS X O
will MD X O
have VB X O
experience NN X B-Skill
within IN X I-Skill
the DT X I-Skill
care NN X I-Skill
sector NN X I-Skill
, , X I-Skill
in IN X I-Skill
a DT X I-Skill
similar JJ X I-Skill
environment NN X I-Skill
. . X O
A DT X O

real JJ X O
passion NN X B-Skill
to TO X I-Skill
get VB X I-Skill
into IN X I-Skill
a DT X I-Skill
control JJ X I-Skill
systems NNS X I-Skill
engineering NN X I-Skill
role NN X O
. . X O
First RB X O

Point VB X O
IT NNP X B-Domain
are VBP X O
an DT X O
equalopportunity NN X O
employer NN X O
and CC X O
do VBP X O
not RB X O
discriminate VB X O
against IN X O
these DT X O
or CC X O
any DT X O
other JJ X O
class NN X O
protected VBN X O
by IN X O
applicable JJ X O
law NN X O
. . X O
Explore NNP X O

Group NNP X O
is VBZ X O
an DT X O
Equal JJ X O
Opportunities NNP X O
employer NN X O
; : X O
we PRP X O
welcome VBP X O
applicants NNS X O
from IN X O
all DT X O
backgrounds NNS X O
' POS X O
As IN X O

a DT X O
brand NN X O
they PRP X O
are VBP X O
very RB X O
passionate JJ X B-Skill
about IN X I-Skill
quality NN X I-Skill
of IN X I-Skill
product NN X I-Skill
and CC X I-Skill
service NN X I-Skill
. . X O
This DT X O

is VBZ X O
a DT X O
central JJ X O
role NN X O
that IN X O
essentially RB X O
can MD X O
take VB X O
off RP X O
in IN X O
any DT X O
direction NN X O
. . X O
Late RB X O

Night NNP X O
Venue NNP X O
in IN X O
Reading VBG X O
The DT X O
venue NN X O
is VBZ X O
a DT X O
boutique JJ X O
look NN X O
with IN X O
a DT X O
vibrant JJ X O
Party NNP X O
Cocktail NNP X O
Bar NNP X O
Excellent NNP X O
Monday NNP X O
Friday NNP X O
with IN X O
big JJ X O
Saturday NNP X O
nights NNS X O
too RB X O
They PRP X O

are VBP X O
a DT X O
fun NN X O
, , X O
professional JJ X O
and CC X O
rewarding VBG X O
chain NN X O
with IN X O
great JJ X O
focus NN X O
on IN X O
people NNS X O
. . X O
This DT X O

is VBZ X O
a DT X O
fantastic JJ X O
opportunity NN X O
to TO X O
join VB X O
a DT X O
well NN X O
organised VBN X O
and CC X O
team NN X O
oriented VBD X O
Secondary NNP X O
School NNP X O
which WDT X O
offers VBZ X O
a DT X O
settled JJ X O
teaching NN X O
team NN X O
and CC X O
a DT X O
supportive JJ X O
and CC X O
effective JJ X O
Senior NNP X O
Management NNP X O
Team NNP X O
. . X O
You PRP X O

ll VBP X O
advise RB X B-Skill
and CC X I-Skill
assist JJ X I-Skill
clients NNS X I-Skill
in IN X I-Skill
connection NN X I-Skill
with IN X I-Skill
both DT X I-Skill
contentious JJ X I-Skill
and CC X I-Skill
noncontentious JJ X I-Skill
, , X I-Skill
employment NN X I-Skill
matters NNS X I-Skill
. . X O
Please VB X O

visit VB X O
our PRP$ X O
website NN X O
at IN X O
www NN X O
. . X O
bmsengineers NNS X O
. . X O
com NN X O
for IN X O
more JJR X O
roles NNS X O
or CC X O
contact VB X O
the DT X O
engineering NN X O
consultants NNS X O
on IN X O
For IN X O

more JJR X O
information NN X O
on IN X O
what WP X O
we PRP X O
can MD X O
do VB X O
for IN X O
you PRP X O
, , X O
contact VB X O
Bruce NNP X O
Moran NNP X O
, , X O
Regional NNP X O
Manager NNP X O
. . X O
The DT X O

Principle NNP X B-Occupation
Production NNP X I-Occupation
Engineer NNP X I-Occupation
role NN X O
presents VBZ X O
an DT X O
ideal JJ X O
opportunity NN X O
for IN X O
the DT X O
career NN X O
driven NN X O
, , X O
experienced VBD X O
petroleum NN X O
engineering NN X O
professional NN X O
. . X O
You PRP X O

will MD X O
join VB X O
an DT X O
excellent JJ X O
company NN X O
that WDT X O
operates VBZ X O
a DT X O
range NN X O
of IN X O
services NNS X O
and CC X O
are VBP X O
recognised VBN X O
for IN X O
championing VBG X O
high JJ X O
standards NNS X O
. . X O
ow NN X O

n JJ X O
work NN X B-Skill
in IN X I-Skill
response NN X I-Skill
to TO X I-Skill
deadlines NNS X I-Skill
with IN X I-Skill
minimal JJ X I-Skill
supervision NN X I-Skill
. . X O
Assisting VBG X O

staff NN X O
with IN X O
technical JJ X B-Skill
accounting NN X I-Skill
and CC X O
auditing VBG X B-Skill
problems NNS X I-Skill
Assisting VBG X O
in IN X O
the DT X O
generation NN X O
of IN X O
business NN X O
for IN X O
the DT X O
audit NN X O
function NN X O
Developing VBG X B-Skill
the DT X I-Skill
audit NN X I-Skill
function NN X I-Skill
in IN X O
East NNP X O
London NNP X O
Regional NNP X O
office NN X O
Audit NNP X B-Skill
of IN X I-Skill
specialist JJ X I-Skill
organisations NNS X I-Skill
such JJ X O
as IN X O
pension NN X O
schemes NNS X O
, , X O
solicitors NNS X O
, , X O
charities NNS X O
, , X O
schools NNS X O
and CC X O
partnerships NNS X O
useful JJ X O
but CC X O
not RB X O
essential JJ X O
. . X O
You PRP X O

will MD X O
be VB X O
required VBN X O
to TO X B-Skill
produce VB X I-Skill
project JJ X I-Skill
documentation NN X I-Skill
including VBG X O
engineering NN X B-Domain
specifications NNS X O
, , X O
data NNS X B-Skill
sheets NNS X I-Skill
, , X O
layout IN X B-Skill
drawings NNS X I-Skill
etc FW X O
. . X O
This DT X O

is VBZ X O
a DT X O
small JJ X O
team NN X O
so IN X O
you PRP X O
will MD X O
have VB X O
the DT X O
chance NN X O
to TO X O
establish VB X B-Skill
and CC X O
grow VB X B-Skill
responsibilities NNS X I-Skill
quickly RB X O
. . X O
We PRP X O

are VBP X O
a DT X O
highprofile JJ X O
scientific JJ X O
technology NN X O
company NN X O
and CC X O
this DT X O
is VBZ X O
an DT X O
outstanding JJ X O
career NN X O
opportunity NN X O
for IN X O
the DT X O
right JJ X O
person NN X O
. . X O
Office NNP X B-Occupation

Management NNP X I-Occupation
Supervision NNP X I-Occupation
of IN X I-Occupation
administration NN X I-Occupation
/ NNP X I-Occupation
reception NN X I-Occupation
staff NN X I-Occupation
, , X O
including VBG X O
overall JJ X B-Skill
responsibility NN X I-Skill
for IN X I-Skill
office NN X I-Skill
equipment NN X I-Skill
and CC X I-Skill
services NNS X I-Skill
; : X I-Skill
Office NNP X I-Skill
Health NNP X I-Skill
Business NNP X I-Skill
Continuity NNP X I-Skill
review NN X I-Skill
and CC X I-Skill
coordination NN X I-Skill
. . X O
Key NNP X O

Skills NNP X O
: : X O
OBIEE NNP X B-Skill
Oracle NNP X I-Skill
Business NNP X I-Skill
Intelligence NNP X I-Skill
Excellent NNP X O
communications NNS X B-Skill
skills NNS X O
; : X O
The DT X O

home NN X B-Occupation
caters NNS X I-Occupation
for IN X O
the DT X O
care NN X B-Domain
of IN X O
the DT X O
elderly JJ X O
specifically RB X O
catering VBG X B-Skill
for IN X I-Skill
clients NNS X I-Skill
with IN X O
long JJ X O
term NN X O
care NN X O
and CC X O
nursing NN X O
, , X O
to TO X O
nursing VBG X O
dementia NN X O
care NN X O
and CC X O
respite NN X O
. . X O
The DT X O

role NN X O
To TO X O
contribute VB X O
to TO X O
the DT X O
strategic JJ X B-Skill
management NN X I-Skill
of IN X I-Skill
the DT X I-Skill
School NNP X I-Skill
; : X O
To TO X O
be VB X O
responsible JJ X O
for IN X O
ensuring VBG X O
the DT X O
provision NN X B-Skill
of IN X I-Skill
the DT X I-Skill
financial JJ X I-Skill
infrastructure NN X I-Skill
to TO X O
enable VB X O
the DT X O
School NNP X O
to TO X O
achieve VB X O
their PRP$ X O
vision NN X O
through IN X O
the DT X O
effective JJ X B-Skill
and CC X I-Skill
efficient JJ X I-Skill
management NN X I-Skill
of IN X I-Skill
resources NNS X I-Skill
Ensuring VBG X B-Occupation

Dealers NNS X I-Occupation
are VBP X O
adhering VBG X O
to TO X O
the DT X O
agreed VBN X O
claims NNS X O
procedures NNS X O
and CC X O
selfauthority NN X O
claim NN X O
limits NNS X O
. . X O
The DT X O

role NN X O
is VBZ X O
extremely RB X O
varied JJ X O
and CC X O
will MD X O
also RB X O
include VB X O
a DT X O
number NN X O
of IN X O
other JJ X O
administration NN X B-Skill
duties NNS X I-Skill
such JJ X O
as IN X O
updating VBG X B-Skill
the DT X I-Skill
CRM NNP X I-Skill
database NN X I-Skill
, , X O
ensuring VBG X B-Skill
compliance NN X I-Skill
to TO X I-Skill
processes NNS X I-Skill
and CC X I-Skill
procedures NNS X I-Skill
, , X O
looking VBG X B-Skill
after IN X I-Skill
the DT X I-Skill
appointments NNS X I-Skill
and CC X I-Skill
exhibitions NNS X I-Skill
diary JJ X I-Skill
and CC X I-Skill
legal JJ X I-Skill
administration NN X I-Skill
to TO X I-Skill
ensure VB X I-Skill
all DT X I-Skill
documents NNS X I-Skill
are VBP X I-Skill
legally RB X I-Skill
compliant JJ X I-Skill
. . X O
If IN X O

you PRP X O
have VBP X O
all DT X O
of IN X O
the DT X O
above NN X O
, , X O
the DT X O
way NN X O
is VBZ X O
clear JJ X O
for IN X O
career NN X O
success NN X O
with IN X O
a DT X O
company NN X O
whose WP$ X O
name NN X O
is VBZ X O
synonymous JJ X O
with IN X O
achievement NN X O
and CC X O
integrity NN X O
in IN X O
equal JJ X O
measure NN X O
. . X O
Working VBG X O

closely RB X O
with IN X O
the DT X O
marketing NN X B-Domain
department NN X O
, , X O
you PRP X O
will MD X O
be VB X O
required VBN X O
to TO X O
design VB X B-Skill
and CC X O
build VB X B-Skill
highquality NN X I-Skill
email NN X I-Skill
marketing NN X I-Skill
; : X O
optimising VBG X B-Skill
for IN X I-Skill
clickthroughs NNS X I-Skill
, , X O
open JJ X B-Skill
rates NNS X I-Skill
, , X O
and CC X O
accessibility NN X B-Skill
on IN X I-Skill
multiple JJ X I-Skill
devices NNS X I-Skill
. . X O
Technical JJ X O

Experience NNP X O
Microsoft NNP X B-Skill
Office NNP X I-Skill
SharePoint NNP X I-Skill
Server NNP X I-Skill
2010 CD X I-Skill
HTML NNP X I-Skill
/ NNP X O
XHTML NNP X B-Skill
InfoPath NNP X I-Skill
JavaScript NNP X I-Skill
This DT X O

is VBZ X O
a DT X O
key JJ X O
role NN X O
, , X O
where WRB X O
you PRP X O
will MD X O
develop VB X B-Skill
Ofgem NNP X I-Skill
s JJ X I-Skill
understanding NN X I-Skill
of IN X I-Skill
how WRB X I-Skill
energy NN X I-Skill
markets NNS X I-Skill
operate VBP X I-Skill
and CC X O
Reporting VBG X O

to TO X O
the DT X O
Industrial NNP X B-Occupation
Services NNP X I-Occupation
Manager NNP X I-Occupation
, , X O
this DT X O
role NN X O
will MD X O
involve VB X O
working VBG X O
closely RB X O
with IN X O
the DT X O
wider NN X O
manufacturing NN X B-Domain
team NN X B-Skill
. . X O
You PRP X O

need VBP X O
to TO X O
have VB X O
strong JJ X B-Skill
presenting NN X I-Skill
skills NNS X I-Skill
and CC X O
comfortable JJ X B-Skill
dealing VBG X I-Skill
with IN X I-Skill
senior JJ X I-Skill
individuals NNS X I-Skill
and CC X I-Skill
stakeholders NNS X I-Skill
. . X O
Excellent JJ X O

interpersonal JJ X B-Skill
, , X O
relationship NN X B-Skill
building NN X I-Skill
and CC X O
negotiation NN X B-Skill
skills NNS X O
Good JJ X O
analytical JJ X B-Skill
skills NNS X O
and CC X O
a DT X O
high JJ X O
level NN X O
of IN X O
attention NN X B-Skill
to TO X I-Skill
detail VB X I-Skill
Candidates NNS X O

must MD X O
have VB X O
in IN X O
date NN X O
CSCS NNP X B-Qualification
card NN X I-Qualification
and CC X O
have VBP X O
a DT X O
full JJ X B-Qualification
driving NN X I-Qualification
licence NN X I-Qualification
Any DT X O

exposure NN X O
or CC X O
a DT X O
keen JJ X O
interest NN X O
in IN X O
RF NNP X B-Skill
design NN X I-Skill
is VBZ X O
a DT X O
bonus NN X O
. . X O
Essential JJ X O

personal JJ X O
qualities NNS X O
and CC X O
attributes VBZ X O
/ JJ X O
Essential NNP X O
skills NNS X O
, , X O
knowledge NN X O
and CC X O
abilities NNS X O
Responsibilities NNS X O

Manage NNP X B-Skill
entire JJ X I-Skill
app NN X I-Skill
development NN X I-Skill
lifecycle NN X I-Skill
, , X O
from IN X O
initial JJ X B-Skill
design NN X I-Skill
and CC X I-Skill
planning NN X I-Skill
, , X O
through IN X O
to TO X O
development NN X B-Skill
and CC X I-Skill
deployment NN X I-Skill
of IN X I-Skill
Android NNP X I-Skill
apps NN X I-Skill
. . X O
Manage NN X B-Skill

the DT X I-Skill
trust NN X I-Skill
wide JJ X I-Skill
grant NN X I-Skill
claims NNS X I-Skill
schedule NN X I-Skill
, , X O
liaising VBG X B-Skill
with IN X I-Skill
project NN X I-Skill
managers NNS X I-Skill
to TO X O
ensure VB X O
all DT X O
grant NN X B-Skill
claims NNS X I-Skill
are VBP X O
completed VBN X O
in IN X O
line NN X O
with IN X O
funder NN X O
requirements NNS X O
Provide NNP X O
periodical JJ X B-Skill
reconciliation NN X I-Skill
between IN X I-Skill
the DT X I-Skill
financial JJ X I-Skill
Ledger NNP X I-Skill
and CC X I-Skill
Groundwork NNP X I-Skill
project VBP X I-Skill
management NN X I-Skill
s NN X I-Skill
ystem NN X I-Skill
An DT X O

expanding VBG X O
vibrant JJ X O
high JJ X O
volume NN X O
restaurant NN X O
group NN X O
with IN X O
exciting VBG X O
expansion NN X O
plans NNS X O
Exceptional JJ X O

opportunity NN X O
please NN X O
send VB X O
CV NNP X O
now RB X O
for IN X O
immediate JJ X O
considerationBurns NNS X O
Sheehan NNP X O
Ltd NNP X O
will MD X O
consider VB X O
applications NNS X O
based VBN X O
only RB X O
on IN X O
skills NNS X O
and CC X O
ability NN X O
and CC X O
will MD X O
not RB X O
discriminate VB X O
on IN X O
any DT X O
grounds NNS X O
. . X O
To TO X O

help VB X O
ensure VB X B-Skill
equipment NN X I-Skill
and CC X I-Skill
premises NNS X I-Skill
are VBP X I-Skill
maintained VBN X I-Skill
in IN X I-Skill
a DT X I-Skill
clean JJ X I-Skill
, , X I-Skill
working VBG X I-Skill
condition NN X I-Skill
. . X O
My PRP$ X O

client NN X O
has VBZ X O
high JJ X O
expectations NNS X O
of IN X O
all DT X O
students NNS X O
and CC X O
aim NN X O
to TO X O
provide VB X O
them PRP X O
with IN X O
the DT X O
best JJS X O
teaching NN X B-Skill
and CC X I-Skill
support NN X I-Skill
that IN X O
the DT X O
dedicated JJ X O
staff NN X O
can MD X O
offer VB X O
. . X O
This DT X O

position NN X O
is VBZ X O
subject JJ X O
to TO X O
an DT X O
Enhanced NNP X O
CRB NNP X B-Qualification
Disclosure NN X I-Qualification
Benefits NNS X O

: : X O
26 CD X O
days NNS X O
holiday JJ X O
plus CC X O
Bank NNP X O
Holidays NNP X O
Private NNP X O
Medical NNP X O
Scheme NNP X O
Pension NNP X O
Scheme NNP X O
Assist NNP X B-Skill

Service NNP X I-Skill
Users NNP X I-Skill
in IN X I-Skill
their PRP$ X I-Skill
day NN X I-Skill
to TO X I-Skill
day NN X I-Skill
personal JJ X I-Skill
care NN X I-Skill
and CC X I-Skill
to TO X I-Skill
have VB X I-Skill
regard NN X I-Skill
to TO X I-Skill
their PRP$ X I-Skill
comfort NN X I-Skill
. . X O
You PRP X O

will MD X O
have VB X O
experience NN X B-Skill
building VBG X I-Skill
large JJ X I-Skill
applications NNS X I-Skill
in IN X I-Skill
multiple JJ X I-Skill
languages NNS X I-Skill
. . X O
Proactively RB X O

manage JJ X B-Skill
parts NNS X I-Skill
stocks NNS X I-Skill
in IN X O
line NN X O
with IN X O
the DT X O
real JJ X O
requirements NNS X O
Ensuring VBG X O
that IN X O
all DT X O
paperwork NN X B-Skill
and CC X O
procedures NNS X O
relating VBG X O
to TO X O
the DT X O
vehicle NN X B-Domain
, , X O
parts NNS X B-Domain
and CC X O
assistance NN X B-Domain
is VBZ X O
completed VBN X O
in IN X O
a DT X O
timely JJ X O
manner NN X O
and CC X O
that IN X O
all DT X O
warranty NN X B-Skill
and CC X I-Skill
goodwill NN X I-Skill
procedures NNS X O
are VBP X O
followed VBN X O
ESSENTIAL NNP X O
SKILLS NNP X O
The DT X O

business NN X O
is VBZ X O
at IN X O
the DT X O
heart NN X O
of IN X O
the DT X O
local JJ X O
area NN X O
with IN X O
a DT X O
large JJ X O
regular JJ X O
base NN X O
on IN X O
food NN X O
and CC X O
drink NN X O
. . X O
Further JJ X O

funding NN X O
is VBZ X O
also RB X O
in IN X O
place NN X O
to TO X O
cover VB X O
the DT X O
costs NNS X O
of IN X O
travel NN X O
, , X O
accommodation NN X O
and CC X O
subsistence NN X O
costs NNS X O
for IN X O
attending VBG X O
all DT X O
UNIKE NNP X O
workshops NNS X O
and CC X O
summer NN X O
schools NNS X O
, , X O
including VBG X O
a DT X O
2week CD X O
summer NN X O
school NN X O
in IN X O
New NNP X O
Zealand NNP X O
; : X O
and CC X O
towards IN X O
the DT X O
costs NNS X O
of IN X O
secondments NNS X O
and CC X O
research NN X O
visits NNS X O
to TO X O
Associated NNP X O
Partners NNP X O
, , X O
including VBG X O
in IN X O
the DT X O
AsiaPacific NNP X O
Rim NNP X O
. . X O
To TO X O

register VB X O
your PRP$ X O
interest NN X O
in IN X O
this DT X O
opportunity NN X O
simply RB X O
send VB X O
through IN X O
your PRP$ X O
most RBS X O
recent JJ X O
CV NNP X O
or CC X O
call VB X O
Matt NNP X O
Cvijan NNP X O
on IN X O
If IN X O

this DT X O
sounds VBZ X O
like IN X O
the DT X O
role NN X O
you PRP X O
have VBP X O
been VBN X O
looking VBG X O
for IN X O
, , X O
please VB X O
apply RB X O
now RB X O
with IN X O
an DT X O
up NN X O
to TO X O
date NN X O
CV NNP X O
in IN X O
a DT X O
word NN X O
document NN X O
, , X O
or CC X O
visit VB X O
our PRP$ X O
website JJ X O
www NN X O
. . X O
appetite JJ X O
**** JJ X O
recruitment NN X O
. . X O
co NN X O
. . X O
uk NN X O
for IN X O
all DT X O
of IN X O
our PRP$ X O
current JJ X O
roles NNS X O
nationwide RB X O
. . X O
Certain NNP X O

family NN X O
members NNS X O
of IN X O
EEA NNP X O
, , X O
Swiss NNP X O
and CC X O
Turkish JJ X O
nationals NNS X O
are VBP X O
also RB X O
eligible JJ X O
regardless NN X O
of IN X O
their PRP$ X O
nationality NN X O
. . X O
This DT X O

is VBZ X O
an DT X O
exciting JJ X O
opportunity NN X O
for IN X O
a DT X O
Kitchen NNP X B-Occupation
Porter NNP X I-Occupation
to TO X O
join VB X O
a DT X O
great JJ X O
and CC X O
exciting JJ X O
concept NN X O
, , X O
who WP X O
will MD X O
take VB X O
pride NN X O
in IN X O
supporting VBG X B-Skill
the DT X I-Skill
Restaurant NNP X I-Skill
and CC X I-Skill
Kitchen NNP X I-Skill
team NN X I-Skill
within IN X I-Skill
the DT X I-Skill
Frankie NNP X I-Skill
s NN X I-Skill
concept NN X I-Skill
. . X O
They PRP X O

offer VBP X O
a DT X O
challenging NN X O
and CC X O
rewarding VBG X O
environment NN X O
with IN X O
excellent JJ X O
career NN X O
development NN X O
opportunities NNS X O
and CC X O
are VBP X O
proud JJ X O
to TO X O
be VB X O
recognised VBN X O
as IN X O
a DT X O
Sunday NNP X O
Times NNP X O
Top NNP X O
25 CD X O
Best NNP X O
Big JJ X O
Companies NNS X O
to TO X O
work VB X O
for IN X O
. . X O
There EX X O

is VBZ X O
competitive JJ X O
salary JJ X O
package NN X O
on IN X O
offer NN X O
which WDT X O
has VBZ X O
a DT X O
bracket NN X O
of IN X O
A DT X O

proven JJ X O
track NN X O
record NN X O
of IN X O
working VBG X B-Skill
with IN X I-Skill
a DT X I-Skill
diverse JJ X I-Skill
spread NN X I-Skill
of IN X I-Skill
busy JJ X I-Skill
, , X I-Skill
high JJ X I-Skill
level NN X I-Skill
professionals NNS X O
Additionally RB X O
, , X O
as IN X O
a DT X B-Occupation
Business NNP X I-Occupation
Development NNP X I-Occupation
Director NNP X I-Occupation
, , X O
you PRP X O
must MD X O
be VB X O
a DT X O
dynamic JJ X B-Skill
and CC X O
high JJ X B-Skill
achieving VBG X I-Skill
professional JJ X B-Occupation
with IN X O
a DT X O
strong JJ X O
work NN X B-Skill
ethic JJ X I-Skill
and CC X O
excellent JJ X O
organisational JJ X B-Skill
skills NNS X I-Skill
. . X O
As IN X O

part NN X O
of IN X O
their PRP$ X O
continued JJ X O
growth NN X O
within IN X O
their PRP$ X O
retail JJ X O
banking NN X O
division NN X O
they PRP X O
are VBP X O
seeking VBG X O
to TO X O
appoint VB X O
a DT X O
customer NN X B-Occupation
sales NNS X I-Occupation
advisor NN X I-Occupation
to TO X O
work VB X O
from IN X O
their PRP$ X O
offices NNS X O
in IN X O
Warrington NNP X O
Could MD X O

you PRP X O
be VB X O
interested VBN X O
in IN X O
working VBG X O
for IN X O
a DT X O
highly RB X O
unique JJ X O
software NN X O
company NN X O
who WP X O
is VBZ X O
a DT X O
specialist NN X O
in IN X O
highly RB X O
complex JJ X O
software NN X O
products NNS X O
that WDT X O
are VBP X O
used VBN X O
in IN X O
many JJ X O
of IN X O
the DT X O
worlds NNS X O
largest JJS X O
companies NNS X O
? . X O
Clients NNS X O

include VBP X O
Vodaphone NNP X O
, , X O
Severn NNP X O
Trent NNP X O
Water NNP X O
, , X O
Banks NNP X O
and CC X O
office NN X O
blocks NNS X O
. . X O
Our PRP$ X O

client NN X O
is VBZ X O
the DT X O
international JJ X O
leader NN X O
in IN X O
Assistance NNP X O
, , X O
Travel NNP X O
Insurance NNP X O
and CC X O
Personal NNP X O
Services NNPS X O
and CC X O
they PRP X O
are VBP X O
recruiting VBG X O
for IN X O
a DT X O
Warranty NNP X B-Occupation
Claims NNP X I-Occupation
Engineer NNP X I-Occupation
working VBG X O
on IN X O
MercedesBenz NNP X O
& CC X O
SMART NNP X O
claims VBZ X O
, , X O
to TO X O
be VB X O
based VBN X O
in IN X O
Croydon NNP X O
, , X O
Surrey NNP X O
. . X O
You PRP X O

' '' X O
ll NNS X O
need VBP X O
to TO X O
be VB X O
a DT X O
good JJ X O
communicator NN X B-Skill
, , X O
both DT X O
with IN X B-Skill
clients NNS X I-Skill
and CC X I-Skill
the DT X I-Skill
internal JJ X I-Skill
marketing NN X I-Skill
team NN X I-Skill
. . X O
for IN X O

any DT X O
referral JJ X O
that WDT X O
leads VBZ X O
to TO X O
a DT X O
successful JJ X O
placement NN X O
in IN X O
this DT X O
role NN X O
. . X O
Basic JJ X O

Enhancements NNS X O
I PRP X O
am VBP X O
currently RB X O
looking VBG X O
for IN X O
a DT X O
strong JJ X O
Ward NNP X B-Occupation
Staff NNP X I-Occupation
Nurse NNP X I-Occupation
to TO X O
work VB X O
for IN X O
a DT X O
private JJ X O
hospital NN X O
in IN X O
the DT X O
Cambridgeshire NNP X O
area NN X O
. . X O
An DT X O

excellent JJ X O
knowledge NN X O
/ NNP X O
experience NN X O
of IN X O
web NN X B-Skill
front JJ X I-Skill
end NN X I-Skill
technologies NNS X I-Skill
Java NNP X I-Skill
Script NNP X I-Skill
Objects NNP X I-Skill
Java NNP X I-Skill
/ NNP X I-Skill
JEE NNP X I-Skill
OpenLayers NNP X I-Skill
Development NNP X O
in IN X O
an DT X O
Agile NNP X O
, , X O
Continuous NNP X B-Skill
Integration NNP X I-Skill
and CC X O
Test NNP X B-Skill
Driven NNP X I-Skill
Development NNP X I-Skill
environment NN X O
Production NN X B-Skill
of IN X I-Skill
technical JJ X I-Skill
documentation NN X I-Skill
and CC X I-Skill
implementation NN X I-Skill
guides NNS X I-Skill
We PRP X O

pride VBP X O
ourselves PRP X O
on IN X O
our PRP$ X O
good JJ X O
reputation NN X O
in IN X O
our PRP$ X O
community NN X O
and CC X O
with IN X O
the DT X O
Local NNP X O
Authority NNP X O
. . X O
Send VB X O

your PRP$ X O
CV NNP X O
or CC X O
call VB X O
for IN X O
an DT X O
informal JJ X O
discussion NN X O
about IN X O
this DT X O
opportunity NN X O
. . X O
For IN X O

this DT X O
role NN X O
you PRP X O
will MD X O
need VB X O
to TO X O
have VB X B-Skill
bags NNS X I-Skill
of IN X I-Skill
energy NN X I-Skill
, , X O
enthusiasm NN X B-Skill
with IN X O
excellent JJ X O
communication NN X B-Skill
skills NNS X O
; : X O
be VB X O
selfmotivated VBN X B-Skill
and CC X O
enjoy VB X O
problem NN X B-Skill
solving NN X I-Skill
. . X O
A DT X O

sound NN X O
understanding NN X O
of IN X O
the DT X O
Care NNP X B-Skill
Standards NNPS X I-Skill
together RB X O
with IN X O
a DT X O
Nursing NN X B-Qualification
qualification NN X I-Qualification
and CC X O
current JJ X O
NMC NNP X B-Qualification
registration NN X I-Qualification
are VBP X O
essential JJ X O
for IN X O
this DT X O
role NN X O
. . X O
You PRP X O

will MD X O
have VB X O
the DT X O
opportunity NN X O
to TO X O
work VB X O
at IN X O
the DT X O
cutting VBG X O
edge NN X O
of IN X O
social JJ X O
care NN X O
provision NN X O
in IN X O
the DT X O
notforprofit NN X B-Domain
sector NN X I-Domain
. . X O
Macildowie NNP X O

is VBZ X O
a DT X O
specialist JJ X O
recruitment NN X O
consultancy NN X O
with IN X O
a DT X O
rich JJ X O
history NN X O
of IN X O
resourcing VBG X B-Skill
professionals NNS X B-Occupation
in IN X O
the DT X O
areas NNS X O
of IN X O
HR NNP X B-Domain
TRAINING NNP X I-Domain
, , X O
FINANCE NNP X B-Domain
, , X O
PROCUREMENT NNP X B-Domain
SUPPLY NNP X I-Domain
CHAIN NNP X I-Domain
and CC X O
SALES NNP X B-Domain
MARKETING NNP X I-Domain
. . X O
As IN X O

the DT X O
Sous NNP X B-Occupation
Chef NNP X I-Occupation
you PRP X O
will MD X O
be VB X O
providing VBG X B-Skill
modern JJ X I-Skill
British JJ X I-Skill
cuisine NN X I-Skill
to TO X O
a DT X O
very RB X O
high JJ X O
standard NN X O
providing VBG X B-Skill
a DT X I-Skill
breakfast NN X I-Skill
and CC X I-Skill
70 CD X I-Skill
% NN X I-Skill
plated JJ X I-Skill
lunch NN X I-Skill
service NN X I-Skill
. . X O
You PRP X O

will MD X O
also RB X O
have VB X O
experience NN X O
of IN X O
the DT X O
following NN X O
: : X O
managing NN X B-Skill
and CC X I-Skill
leading VBG X I-Skill
teams NNS X I-Skill
, , X O
meeting VBG X B-Skill
CQC NNP X I-Skill
Essential NNP X I-Skill
Standards NNP X I-Skill
track NN X I-Skill
record NN X I-Skill
in IN X I-Skill
business NN X I-Skill
development NN X I-Skill
and CC X I-Skill
growth NN X I-Skill
If IN X O

you PRP X O
would MD X O
like VB X O
to TO X O
be VB X O
considered VBN X O
for IN X O
this DT X O
role NN X O
please VB X O
send VB X O
an DT X O
up NN X O
to TO X O
date NN X O
CV NNP X O
to TO X O
sophie VB X O
. . X O
jacksonrullion NN X O
. . X O
co NN X O
. . X O
uk JJ X O
Key NNP X O
words NNS X O
DFSS NNP X B-Domain
, , X O
design NN X B-Domain
for IN X I-Domain
six CD X I-Domain
sigma NN X I-Domain
, , X O
six CD X B-Domain
sigma NN X I-Domain
, , X O
design NN X B-Domain
, , X O
parameter NN X O
, , X O
experimental JJ X B-Domain
, , X O
experimental JJ X B-Domain
design NN X I-Domain
, , X O
quality NN X O
, , X O
tolerance NN X O
, , X O
tolerancing VBG X O
, , X O
design NN X B-Domain
, , X O
quality NN X O
, , X O
quality NN X O
, , X O
NPI NNP X O
, , X O
npd RB X O
, , X O
development NN X B-Domain
, , X O
product NN X O
You PRP X O

will MD X O
prepare VB X B-Skill
vehicles NNS X I-Skill
to TO X I-Skill
be VB X I-Skill
resprayed VBN X I-Skill
, , X O
mix JJ X B-Skill
paints NNS X I-Skill
to TO X I-Skill
ensure VB X I-Skill
a DT X I-Skill
perfect JJ X I-Skill
match NN X I-Skill
and CC X I-Skill
respray NN X I-Skill
vehicles NNS X I-Skill
, , X O
checking VBG X B-Skill
on IN X I-Skill
completion NN X I-Skill
ensuring VBG X I-Skill
there EX X I-Skill
are VBP X I-Skill
no DT X I-Skill
defects NNS X I-Skill
. . X O
My PRP$ X O

client NN X O
is VBZ X O
a DT X O
leading VBG X O
Asian JJ X O
Bank NNP X O
and CC X O
we PRP X O
are VBP X O
looking VBG X O
for IN X O
a DT X O
strong JJ X O
Quantitative JJ X B-Skill
Market NN X I-Skill
Risk NNP X I-Skill
Head NNP X I-Skill
for IN X O
their PRP$ X O
expanding NN X O
Asian JJ X O
team NN X O
. . X O
Arrange NNP X B-Skill

trial NN X I-Skill
visits NNS X I-Skill
and CC X O
assess JJ X B-Skill
whether IN X I-Skill
or CC X I-Skill
not RB X I-Skill
the DT X I-Skill
home NN X I-Skill
is VBZ X I-Skill
able JJ X I-Skill
to TO X I-Skill
meet VB X I-Skill
the DT X I-Skill
needs NNS X I-Skill
of IN X I-Skill
any DT X I-Skill
prospective JJ X I-Skill
resident NN X I-Skill
. . X O
They PRP X O

pride VBP X O
themselves PRP X O
on IN X O
having VBG X O
the DT X O
best JJS X O
scientists NNS X O
engineers NNS X O
working VBG X O
on IN X O
highly RB X O
advanced JJ X O
technologies NNS X O
. . X O
There EX X O

will MD X O
be VB X O
occasional JJ X O
out IN X O
of IN X O
hours NNS X O
work NN X O
required VBN X O
and CC X O
some DT X O
travel NN X O
to TO X O
other JJ X O
business NN X O
units NNS X O
, , X O
so IN X O
it PRP X O
is VBZ X O
essential JJ X O
that IN X O
you PRP X O
have VBP X O
a DT X O
val NN X O
You PRP X O

need VBP X O
to TO X O
have VB X O
good JJ X B-Skill
consumer NN X I-Skill
lifestyle JJ X I-Skill
media NNS X I-Skill
and CC X I-Skill
blogger NN X I-Skill
contacts NNS X I-Skill
and CC X O
experience NN X B-Experience
managing NN X I-Experience
clients NNS X I-Experience
social JJ X I-Experience
media NNS X I-Experience
channels NNS X I-Experience
. . X O
It PRP X O

is VBZ X O
believed VBN X O
the DT X O
site NN X O
has VBZ X O
the DT X O
capacity NN X O
to TO X O
deliver VB X O
The DT X O

training NN X O
facilities NNS X O
are VBP X O
already RB X O
in IN X O
place NN X O
and CC X O
delivery NN X O
is VBZ X O
typically RB X O
based VBN X O
on IN X O
MondayFriday NNP X O
. . X O
Distributing VBG X B-Skill

quality NN X I-Skill
food NN X I-Skill
products NNS X I-Skill
to TO X I-Skill
foodservice VB X I-Skill
establishments NNS X I-Skill
UK NNP X I-Skill
wide JJ X I-Skill
. . X O
As IN X O

account NN X B-Occupation
Manager NNP X I-Occupation
you PRP X O
` `` X O
ll RB X O
be VB X O
working VBG X B-Skill
across IN X I-Skill
one CD X I-Skill
of IN X I-Skill
the DT X I-Skill
agency NN X I-Skill
` `` X I-Skill
s NN X I-Skill
key JJ X I-Skill
accounts NNS X I-Skill
, , X O
ensuring VBG X O
that IN X O
the DT X O
daytoday JJ X B-Skill
management NN X I-Skill
of IN X I-Skill
projects NNS X I-Skill
through IN X I-Skill
the DT X I-Skill
creative JJ X I-Skill
studio NN X I-Skill
is VBZ X O
as RB X O
seamless JJ X O
as IN X O
can MD X O
be VB X O
, , X O
and CC X O
the DT X O
client NN X O
is VBZ X O
updated VBN X O
every DT X O
step NN X O
of IN X O
the DT X O
way NN X O
. . X O
My PRP$ X O

client NN X O
is VBZ X O
an DT X O
internationally RB X O
leading JJ X O
and CC X O
forward JJ X O
thinking NN X O
FMCG NNP X O
organisation NN X O
. . X O
Worked VBN X O

in IN X O
a DT X O
similar JJ X O
Health NNP X B-Domain
Safety NNP X I-Domain
role NN X O
Carried VBD X O
out RP X O
various JJ X O
Health NNP X B-Domain
Safety NNP X I-Domain
TrainingPM NNP X O
Professional NNP X O
Ltd NNP X O
is VBZ X O
acting VBG X O
as IN X O
an DT X O
Employment NNP X B-Domain
Agency NNP X O
in IN X O
relation NN X O
to TO X O
this DT X O
vacancy NN X O
. . X O
Liaising VBG X B-Skill

with IN X I-Skill
end NN X I-Skill
customers NNS X I-Skill
and CC X I-Skill
Project NN X I-Skill
Managers NNS X I-Skill
to TO X I-Skill
manage VB X I-Skill
engineering NN X I-Skill
appointments NNS X I-Skill
between IN X I-Skill
suppliers NNS X I-Skill
and CC X I-Skill
the DT X I-Skill
company NN X I-Skill
. . X O
You PRP X O

ll VBP X O
ensure VB X O
good JJ X B-Skill
first JJ X I-Skill
impressions NNS X I-Skill
, , X I-Skill
last JJ X I-Skill
impressions NNS X I-Skill
and CC X O
those DT X O
in IN X O
between IN X O
You PRP X B-Skill
ll VBP X I-Skill
nurture JJ X I-Skill
and CC X I-Skill
grow VB X I-Skill
the DT X I-Skill
business NN X I-Skill
You PRP X O
ll VBP X O
be VB X O
on IN X O
the DT X O
fast JJ X O
track NN X O
to TO X O
a DT X O
rewarding VBG X O
career NN X O
with IN X O
us PRP X O
Proactive NNP X B-Skill

, , X O
enthusiastic JJ X B-Skill
and CC X O
with IN X O
excellent JJ X O
communication NN X B-Skill
skills NNS X O
, , X O
you PRP X O
' '' X O
ll RB X O
be VB X O
expected VBN X O
to TO X O
work VB X O
with IN X O
people NNS X O
at IN X O
all DT X O
levels NNS X O
across IN X O
the DT X O
organisation NN X O
to TO X O
support VB X B-Skill
, , X I-Skill
manage NN X I-Skill
and CC X I-Skill
deliver NN X I-Skill
network NN X I-Skill
connectivity NN X I-Skill
and CC X I-Skill
services NNS X I-Skill
, , X O
including VBG X O
input NN X O
to TO X O
strategy NN X O
and CC X O
governance NN X O
decisions NNS X O
. . X O
We PRP X O

are VBP X O
looking VBG X O
for IN X O
an DT X O
individual NN X O
who WP X O
has VBZ X O
a DT X B-Skill
real JJ X I-Skill
understanding NN X I-Skill
of IN X I-Skill
implementing VBG X I-Skill
systems NNS X I-Skill
and CC X O
is VBZ X O
IT NNP X B-Skill
literate NN X I-Skill
and CC X O
looking VBG X O
for IN X O
a DT X O
role NN X O
where WRB X O
they PRP X O
can MD X O
put VB X O
together RB X O
various JJ X O
finance NN X B-Domain
models NNS X O
and CC X O
packages NNS X O
. . X O
A DT X O

passion NN X O
for IN X O
delivering VBG X B-Skill
excellent JJ X I-Skill
customer NN X I-Skill
service NN X I-Skill
A NNP X O
drive NN X O
to TO X O
exceed VB X B-Skill
customers NNS X I-Skill
' POS X I-Skill
expectations NNS X I-Skill
This DT X O

wouldn NN X O
t NN X O
be VB X O
suitable JJ X O
for IN X O
someone NN X O
who WP X O
wants VBZ X O
a DT X O
Markom NNP X O
, , X O
Branding NNP X O
or CC X O
Marketing NNP X O
role NN X O
. . X O
More RBR X O

specifically RB X O
, , X O
recent JJ X O
projects NNS X O
have VBP X O
included VBN X O
: : X O
fixed VBN X B-Skill
riser NN X I-Skill
, , X O
hydrodynamic JJ X B-Skill
, , X O
hydrostatic JJ X B-Skill
, , X O
mooring VBG X B-Skill
analysis NN X I-Skill
, , X O
vessel JJ X B-Skill
conversion NN X I-Skill
and CC X O
dive JJ X B-Skill
way NN X I-Skill
system NN X I-Skill
projects NNS X O
. . X O
7 CD X B-Experience

years NNS X I-Experience
or CC X I-Experience
more JJR X I-Experience
experience NN X O
working VBG X O
as IN X O
an DT X O
Estimator NN X B-Occupation
working VBG X O
within IN X O
construction NN X B-Domain
. . X O
Based VBN X O

South NNP X O
Yorks NNPS X O
regional JJ X O
UK NNP X O
role NN X O
SALARY NNP X O
AND CC X O
BENEFITS NNP X O
: : X O
Please NNP X O

note NN X O
that IN X O
we PRP X O
only RB X O
provide VBP X O
feedback NN X O
to TO X O
shortlisted VBN X O
candidates NNS X O
. . X O
Our PRP$ X O

client NN X O
, , X O
an DT X O
international JJ X O
Electronics NNS X O
Manufacturer NNP X O
, , X O
is VBZ X O
looking VBG X O
to TO X O
recruit VB X O
a DT X O
Buyer NNP X B-Occupation
based VBN X O
at IN X O
their PRP$ X O
operations NNS X O
in IN X O
Staffordshire NNP X O
. . X O
The DT X O

role NN X O
will MD X O
manage VB X B-Skill
various JJ X I-Skill
accounts NNS X I-Skill
and CC X I-Skill
provide VB X I-Skill
proactive JJ X I-Skill
business NN X I-Skill
building VBG X I-Skill
relationships NNS X I-Skill
with IN X I-Skill
their PRP$ X I-Skill
clients NNS X I-Skill
. . X O
To TO X O

write VB X B-Skill
progress NN X I-Skill
reports NNS X I-Skill
and CC X I-Skill
prepare JJ X I-Skill
results NNS X I-Skill
for IN X I-Skill
publication NN X I-Skill
and CC X I-Skill
dissemination NN X I-Skill
via IN X I-Skill
presentations NNS X I-Skill
and CC X I-Skill
the DT X I-Skill
WWW NNP X I-Skill
. . X O
If IN X O

this DT X O
particular JJ X O
Vacancy NNP X O
isn NN X O
t NN X O
of IN X O
interest NN X O
to TO X O
you PRP X O
, , X O
but CC X O
you PRP X O
are VBP X O
looking VBG X O
for IN X O
work NN X O
in IN X O
a DT X O
similar JJ X O
field NN X O
, , X O
please VB X O
get VB X O
in IN X O
touch NN X O
, , X O
as IN X O
we PRP X O
have VBP X O
new JJ X O
vacancies NNS X O
registered VBN X O
on IN X O
a DT X O
daily JJ X O
basis NN X O
. . X O
The DT X O

ideal JJ X O
candidate NN X O
will MD X O
have VB X O
a DT X O
proven JJ X O
background NN X O
in IN X O
an DT X O
analyst NN X B-Occupation
type NN X O
role NN X O
, , X O
will MD X O
be VB X O
very RB X O
confident JJ X O
with IN X O
spread JJ X B-Skill
sheets NNS X I-Skill
and CC X O
have VBP X O
the DT X O
ability NN X O
to TO X O
talk VB X O
to TO X O
customer NN X B-Skill
management NN X I-Skill
and CC X O
work NN X O
on IN X O
their PRP$ X O
own JJ X O
initiative NN X B-Skill
on IN X O
specific JJ X O
blocks NNS X O
of IN X O
work NN X O
as RB X O
well RB X O
as IN X O
being VBG X O
able JJ X O
to TO X O
grasp VB X B-Skill
new JJ X I-Skill
systems NNS X I-Skill
and CC X I-Skill
processes VBZ X I-Skill
very RB X I-Skill
quickly RB X I-Skill
. . X O
To TO X O

provide VB X O
general JJ X O
assistance NN X O
to TO X O
the DT X O
team NN X O
in IN X O
terms NNS X O
of IN X O
answering VBG X B-Skill
phones NNS X I-Skill
and CC X O
dealing VBG X B-Skill
with IN X I-Skill
queries NNS X I-Skill
, , X O
opening VBG X B-Skill
post NN X I-Skill
, , X O
filing NN X B-Skill
, , X O
ordering VBG X B-Skill
stationery NN X I-Skill
, , X O
etc FW X O
. . X O
Key JJ X O

clients NNS X O
include VBP X O
; : X O
ASDA NNP X O
, , X O
M NNP X O
& CC X O
S NNP X O
, , X O
B NNP X O
& CC X O
S NNP X O
, , X O
Retail NNP X O
outlets NNS X O
, , X O
fast RB X O
track VB X O
Our PRP$ X O
client NN X O
is VBZ X O
looking VBG X O
for IN X O
a DT X O
motivated JJ X O
Project NN X B-Occupation
Manager NNP X I-Occupation
to TO X O
proactively RB X O
manage VB X B-Skill
a DT X I-Skill
Retail JJ X I-Skill
Development NNP X I-Skill
in IN X O
the DT X O
Manchester NNP X O
area NN X O
. . X O
Promoting VBG X B-Skill

choice NN X I-Skill
and CC X I-Skill
value NN X I-Skill
for IN X I-Skill
all DT X I-Skill
gas NN X I-Skill
and CC X I-Skill
electricity NN X I-Skill
customers NNS X I-Skill
Your PRP$ X O

role NN X O
will MD X O
see VB X O
you PRP X O
responsible JJ X B-Skill
for IN X I-Skill
advising VBG X I-Skill
managers NNS X I-Skill
on IN X I-Skill
how WRB X I-Skill
to TO X I-Skill
grow VB X I-Skill
sales NNS X I-Skill
in IN X I-Skill
store NN X I-Skill
, , X O
making VBG X B-Skill
the DT X I-Skill
product NN X I-Skill
and CC X I-Skill
merchandising VBG X I-Skill
more RBR X I-Skill
attractive JJ X I-Skill
to TO X I-Skill
consumers NNS X I-Skill
and CC X O
supporting VBG X B-Skill
the DT X I-Skill
field NN X I-Skill
sales NNS X I-Skill
team NN X I-Skill
. . X O
All DT X O

round VBP X O
creative JJ X B-Skill
and CC X O
integrated JJ X B-Skill
designer NN X B-Occupation
required VBN X O
at IN X O
this DT X O
London NNP X O
based VBN X O
brand NN X O
management NN X O
group NN X O
. . X O
You PRP X O

will MD X O
have VB X O
previous JJ X B-Experience
experience NN X I-Experience
in IN X I-Experience
a DT X I-Experience
similar JJ X I-Experience
role NN X I-Experience
with IN X I-Experience
problem NN X I-Experience
solving NN X I-Experience
and CC X I-Experience
project NN X I-Experience
management NN X I-Experience
skills NNS X I-Experience
. . X O
Able JJ X B-Skill

to TO X I-Skill
work VB X I-Skill
the DT X I-Skill
shifts NNS X I-Skill
as IN X I-Skill
detailedGood NN X O
communication NN X B-Skill
and CC X I-Skill
interpersonal JJ X I-Skill
skills NNS X O
, , X O
with IN X O
clear JJ X O
spoken NNS X O
EnglishHave VBP X O
a DT X B-Skill
friendly JJ X I-Skill
aptitude NN X I-Skill
, , X O
be VB X O
flexible JJ X B-Skill
and CC X I-Skill
hardworking NN X I-Skill
. . X O
Ability NN X B-Skill

to TO X I-Skill
take VB X I-Skill
an DT X I-Skill
account NN X I-Skill
management NN X I-Skill
approach NN X I-Skill
to TO X I-Skill
managing VBG X I-Skill
territory NN X I-Skill
business NN X I-Skill
. . X O
You PRP X O

will MD X O
need VB X O
to TO X O
have VB X O
: : X O
Strong JJ X O
experience NN X B-Skill
of IN X I-Skill
working VBG X I-Skill
with IN X I-Skill
Microsoft NNP X I-Skill
. . X I-Skill
Net JJ X I-Skill
architecture NN X I-Skill
. . X O
Printing VBG X B-Occupation

quotation NN X I-Occupation
documentation NN X I-Occupation
Office NNP X B-Skill
reception NN X I-Skill
duties NNS X O
, , X O
both DT X O
in IN X O
person NN X O
and CC X O
on IN X O
the DT X O
telephone NN X O
, , X O
including VBG X O
taking VBG X B-Skill
messages NNS X I-Skill
for IN X I-Skill
other JJ X I-Skill
staff NN X I-Skill
Ad NNP X I-Skill
hoc NN X I-Skill
administration NN X I-Skill
duties NNS X O
as IN X O
and CC X O
when WRB X O
required VBN X O
by IN X O
the DT X O
Directors NNPS X B-Occupation
Skills NNS X O
: : X O
Hands NNS X B-Skill

on IN X I-Skill
Site NNP X I-Skill
experience NN X O
is VBZ X O
essential JJ X O
Excellent NNP X O
Interfacing NNP X B-Skill
Detail NNP X I-Skill
, , X O
scheduling NN X B-Skill
and CC X I-Skill
programming NN X I-Skill
skills NNS X O
Enthusiastic JJ X B-Skill
with IN X O
clear JJ X O
communication NN X B-Skill
skills NNS X O
Our PRP$ X O

client NN X O
is VBZ X O
looking VBG X O
for IN X O
someone NN X O
to TO X O
understand VB X B-Skill
the DT X I-Skill
needs NNS X I-Skill
of IN X I-Skill
the DT X I-Skill
customer NN X I-Skill
, , X I-Skill
support NN X I-Skill
, , X O
develop VB X B-Skill
and CC X O
embed VB X B-Skill
best JJS X I-Skill
practice NN X I-Skill
in IN X O
areas NNS X O
of IN X O
knowledge NN X O
Generalist NNP X O
HR NNP X B-Domain
services NNS X O
, , X O
Workforce NNP X O
Development NNP X O
and CC X O
Health NNP X B-Domain
Safety NNP X O
, , X O
working VBG X O
in IN X O
a DT X O
flexible JJ X O
and CC X O
responsive JJ X O
way NN X O
. . X O
SAP NNP X B-Skill

BPC NNP X I-Skill
experience NN X O
is VBZ X O
not RB X O
necessarily RB X O
required VBN X O
although IN X O
a DT X O
strong JJ X O
understanding NN X O
of IN X O
SAP NNP X B-Skill
is VBZ X O
a DT X O
requirement NN X O
of IN X O
the DT X O
role NN X O
; : X O
an DT X O
accountancy NN X B-Domain
background NN X O
may MD X O
add VB X O
value NN X O
to TO X O
this DT X O
position NN X O
. . X O
5 CD X B-Qualification

years NNS X I-Qualification
experience RB X I-Qualification
ideally RB X O
directly RB X O
from IN X O
practice NN X O
, , X O
or CC X O
a DT X O
similar JJ X O
role NN X O
with IN X O
The DT X O

role NN X O
will MD X O
involve VB X O
calling VBG X B-Skill
past IN X I-Skill
delegates NNS X I-Skill
and CC X O
sourcing VBG X B-Skill
new JJ X I-Skill
leads NNS X I-Skill
using VBG X O
your PRP$ X O
own JJ X O
creativity NN X B-Skill
to TO X O
encourage VB X O
early JJ X B-Skill
registration NN X I-Skill
of IN X I-Skill
delegates NNS X I-Skill
and CC X O
up RB X O
selling VBG X B-Skill
additional JJ X I-Skill
delegate NN X I-Skill
places NNS X I-Skill
, , X O
workshops NNS X B-Skill
training NN X I-Skill
. . X O
Provide NNP X B-Skill

estimates NNS X I-Skill
of IN X I-Skill
work NN X I-Skill
where WRB X O
required VBN X O
and CC X O
work NN X B-Skill
to TO X I-Skill
agreed VB X I-Skill
timescales NNS X I-Skill
and CC X I-Skill
deadlines NNS X I-Skill
. . X O
This DT X O

is VBZ X O
a DT X O
360 CD X O
degree JJ X O
recruitment NN X O
sales NNS X O
and CC X O
delivery NN X O
role NN X O
and CC X O
to TO X O
be VB X O
suitable JJ X O
for IN X O
this DT X O
opportunity NN X O
you PRP X O
will MD X O
have VB X O
had VBN X O
previous JJ X O
success NN X O
in IN X O
a DT X O
sales NNS X B-Domain
recruitment NN X I-Domain
environment NN X I-Domain
, , X O
either RB X O
within IN X O
IT NNP X B-Domain
, , X O
Finance NNP X B-Domain
, , X O
Engineering NNP X B-Domain
, , X O
Banking NNP X B-Domain
, , X O
HR NNP X B-Domain
or CC X O
another DT X O
professional JJ X O
sector NN X O
with IN X O
a DT X O
transferable JJ X O
skills NNS X O
base NN X O
. . X O
Applicants NNS X O

will MD X O
be VB X O
expected VBN X O
to TO X O
undergo VB X O
a DT X O
facetoface NN X O
interview NN X O
, , X O
reference NN X O
checks NNS X O
and CC X O
an DT X O
enhanced JJ X O
CRB NNP X O
disclosure NN X O
. . X O
The DT X O

position NN X O
is VBZ X O
for IN X O
a DT X O
Credit NNP X B-Occupation
Controller NNP X I-Occupation
/ NNP X I-Occupation
Accounts NNP X I-Occupation
Assistant NNP X I-Occupation
, , X O
and CC X O
would MD X O
be VB X O
suitable JJ X O
for IN X O
a DT X O
studier NN X O
or CC X O
someone NN X O
' '' X O
qualified VBN X O
by IN X O
experience NN X O
'. NNS X O
It PRP X O

would MD X O
be VB X O
beneficial JJ X O
to TO X O
have VB X O
proven VBN X O
experience NN X O
of IN X O
dealing VBG X O
with IN X O
or CC X O
a DT X O
familiarity NN X O
of IN X O
Cognos NNP X B-Skill
, , X O
SAP NNP X B-Skill
BW NNP X I-Skill
and CC X O
SAP NNP X B-Skill
BPC NNP X I-Skill
Business NNP X I-Skill
Planning NNP X I-Skill
Consolidation NNP X I-Skill
. . X O
Rullion NN X O
We PRP X O

are VBP X O
offering VBG X O
: : X O
Ongoing JJ X B-Skill
Support NN X I-Skill
and CC X I-Skill
Development NNP X I-Skill
A NNP X I-Skill
market NN X I-Skill
leading VBG X I-Skill
range NN X I-Skill
of IN X I-Skill
products NNS X I-Skill
Committed VBN X O

to TO X O
helping VBG X B-Skill
children NNS X I-Skill
and CC X I-Skill
young JJ X I-Skill
people NNS X I-Skill
achieving VBG X I-Skill
their PRP$ X I-Skill
potential NN X I-Skill
. . X O
Duties NNS X O

include VBP X O
bricklaying VBG X B-Skill
and CC X O
related JJ X B-Skill
duties NNS X I-Skill
associated VBN X O
with IN X O
a DT X O
wide JJ X O
variety NN X O
of IN X O
domestic JJ X O
properties NNS X O
for IN X O
maintenance NN X O
works NNS X O
. . X O
Experience NN X B-Skill

with IN X I-Skill
MRP NNP X I-Skill
or CC X I-Skill
ERP NNP X I-Skill
machines NNS X I-Skill
is VBZ X O
desirable JJ X O
not RB X O
essential JJ X O
. . X O
You PRP X O

should MD X O
have VB X O
a DT X B-Skill
working VBG X I-Skill
understanding NN X I-Skill
of IN X I-Skill
HACCP NNP X I-Skill
processes NNS X I-Skill
, , X O
been VBN X B-Skill
involved VBN X I-Skill
with IN X I-Skill
controlling VBG X I-Skill
food NN X I-Skill
costs NNS X I-Skill
, , X I-Skill
labour JJ X I-Skill
costs NNS X I-Skill
and CC X O
show VBP X B-Skill
exceptional JJ X I-Skill
levels NNS X I-Skill
of IN X I-Skill
customer NN X I-Skill
service NN X I-Skill
. . X O
The DT X O

ability NN X O
to TO X O
work VB X B-Skill
under IN X I-Skill
pressure NN X I-Skill
and CC X O
to TO X O
see VB X B-Skill
a DT X I-Skill
job NN X I-Skill
through IN X I-Skill
to TO X I-Skill
completion NN X I-Skill
Needs NNP X O
to TO X O
be VB X O
able JJ X O
to TO X O
work VB X B-Skill
unsupervised JJ X I-Skill
and CC X O
have VBP X O
the DT X O
ability NN X O
to TO X O
take VB X B-Skill
ownership NN X I-Skill
of IN X I-Skill
members NNS X I-Skill
problems NNS X I-Skill
and CC X O
provide VB X B-Skill
a DT X I-Skill
solution NN X I-Skill
which WDT X I-Skill
is VBZ X I-Skill
acceptable JJ X I-Skill
to TO X I-Skill
the DT X I-Skill
member NN X I-Skill
. . X O
Very RB X O

well RB X O
organised VBN X B-Skill
, , X O
efficient JJ X B-Skill
and CC X O
able JJ X O
to TO X O
prioritise VB X B-Skill
your PRP$ X I-Skill
own JJ X I-Skill
workload NN X I-Skill
and CC X I-Skill
a DT X I-Skill
multitude NN X I-Skill
of IN X I-Skill
tasks NNS X I-Skill
The DT X O

candidate NN X O
must MD X O
have VB X O
very RB X O
strong JJ X O
Identity NNP X B-Skill
Management NNP X I-Skill
experience NN X I-Skill
and CC X O
excellent JJ X O
software NN X B-Skill
and CC X I-Skill
platform NN X I-Skill
architecture NN X I-Skill
skills VBZ X I-Skill
including VBG X O
: : X B-Skill
Active JJ X I-Skill
Directory NNP X I-Skill
, , X O
. . X B-Skill
net NN X I-Skill
Work NN X O

with IN X O
the DT X O
Registered NNP X B-Occupation
Manager NNP X I-Occupation
and CC X O
Home NNP X B-Occupation
Administrator NNP X I-Occupation
/ NNP X O
Book NNP X B-Occupation
Keeper NNP X I-Occupation
in IN X O
ensuring VBG X O
the DT X O
effective JJ X O
success NN X O
of IN X O
the DT X O
Home NNP X O
, , X O
including VBG X O
promoting VBG X O
the DT X O
home NN X O
within IN X O
the DT X O
local JJ X O
community NN X O
. . X O
Ensure NN X B-Skill

candidates NNS X I-Skill
receive VBP X I-Skill
assessment NN X I-Skill
, , X I-Skill
guidance NN X I-Skill
, , X I-Skill
verification NN X I-Skill
, , X I-Skill
review NN X I-Skill
and CC X I-Skill
monitoring NN X I-Skill
in IN X O
accordance NN X O
with IN X O
the DT X O
operating NN X O
rules NNS X O
of IN X O
Skills NNP X O
Development NNP X O
Scotland NNP X O
and CC X O
awarding VBG X O
body NN X O
requirements NNS X O
. . X O
Lead JJ X O

responsibility NN X O
for IN X O
all DT X O
core NN X B-Skill
tasks NNS X I-Skill
in IN X I-Skill
the DT X I-Skill
full JJ X I-Skill
life NN X I-Skill
cycle NN X I-Skill
of IN X I-Skill
each DT X I-Skill
ontology NN X I-Skill
: : X O
ontology NN X B-Skill
model NN X I-Skill
design NN X I-Skill
data NNS X I-Skill
volume NN X I-Skill
editorial NN X I-Skill
rules NNS X I-Skill
, , X O
imports NNS X B-Skill
and CC X I-Skill
buildout NN X I-Skill
integration NN X I-Skill
with IN X I-Skill
applications NNS X I-Skill
and CC X O
prelive JJ X B-Skill
testing NN X I-Skill
production NN X I-Skill
data NNS X I-Skill
releases NNS X I-Skill
, , X O
and CC X O
BAU NNP X B-Skill
changes NNS X I-Skill
. . X O
To TO X O

be VB X O
successful JJ X O
for IN X O
the DT X O
role NN X O
you PRP X O
will MD X O
need VB X O
to TO X O
have VB X O
worked VBN X O
within IN X O
the DT X O
Learning NNP X B-Domain
Disabilities NNP X I-Domain
sector NN X I-Domain
and CC X O
ideally RB X O
have VB X O
your PRP$ X O
NVQ NNP X B-Qualification
level NN X I-Qualification
3 CD X I-Qualification
and CC X O
be VB X O
willing JJ X O
to TO X O
work VB X O
towards NNS X O
your PRP$ X O
NVQ NNP X B-Qualification
level NN X I-Qualification
4 CD X I-Qualification
with IN X O
a DT X O
full JJ X B-Qualification
driving NN X I-Qualification
licence NN X I-Qualification
. . X O
As IN X O

an DT X O
experienced JJ X B-Skill
Electrical JJ X B-Occupation
Maintenance NNP X I-Occupation
Engineer NNP X I-Occupation
you PRP X O
will MD X O
have VB X O
: : X B-Qualification
Electrical JJ X I-Qualification
qualifications NNS X I-Qualification
to TO X I-Qualification
City NNP X I-Qualification
Hands NNP X I-Qualification
on IN X I-Qualification
Food NNP X I-Qualification
/ NNP X I-Qualification
FMCG NNP X I-Qualification
CRB NNP X B-Skill

, , X O
PES NNP X B-Skill
and CC X O
Financial NNP X B-Skill
Background NNP X I-Skill
checks NNS X I-Skill
Must NNP X O
have VBP X O
valid JJ X B-Qualification
drivers NNS X I-Qualification
license JJ X I-Qualification
and CC X O
Estate NNP X B-Skill
Vehicle NNP X I-Skill
or CC X O
preferably RB X O
small JJ X B-Skill
van NN X I-Skill
with IN X I-Skill
appropriate JJ X I-Skill
insurance NN X I-Skill
and CC X O
MOT NNP X B-Skill
Proficiency NNP X I-Skill
in IN X I-Skill
Windows NNP X I-Skill
operating VBG X I-Skill
systems NNS X I-Skill
, , X I-Skill
Microsoft NNP X I-Skill
Office NNP X I-Skill
software NN X I-Skill
Ability NNP X I-Skill
to TO X I-Skill
troubleshoot VB X I-Skill
and CC X I-Skill
repair VB X I-Skill
software NN X I-Skill
and CC X I-Skill
hardware NN X I-Skill
issues NNS X I-Skill
Your PRP$ X O

role NN X O
will MD X O
be VB X O
to TO X O
carry VB X B-Skill
out RP X I-Skill
planned VBN X I-Skill
and CC X I-Skill
reactive JJ X I-Skill
maintenance NN X I-Skill
covering VBG X I-Skill
gas NN X I-Skill
boilers NNS X I-Skill
and CC X O
HVAC NNP X B-Skill
Maintenance NNP X I-Skill
within IN X I-Skill
retail JJ X I-Skill
and CC X I-Skill
commercial JJ X I-Skill
sectors NNS X I-Skill
. . X O
To TO X O

prepare VB X B-Skill
the DT X I-Skill
banking NN X I-Skill
book NN X I-Skill
To TO X O
be VB X O
responsible JJ X B-Skill
and CC X I-Skill
ensure VB X I-Skill
that IN X I-Skill
all DT X I-Skill
credit NN X I-Skill
control NN X I-Skill
has VBZ X I-Skill
been VBN X I-Skill
done VBN X I-Skill
in IN X I-Skill
a DT X I-Skill
professional JJ X I-Skill
and CC X I-Skill
timely JJ X I-Skill
manner NN X I-Skill
. . X O
You PRP X O

will MD X O
be VB X O
focused VBN X O
on IN X O
creating VBG X B-Skill
an DT X I-Skill
outstanding JJ X I-Skill
shopping NN X I-Skill
experience NN X I-Skill
for IN X I-Skill
our PRP$ X I-Skill
customers NNS X I-Skill
through IN X I-Skill
the DT X I-Skill
engagement NN X I-Skill
of IN X I-Skill
the DT X I-Skill
team NN X I-Skill
. . X O
Automotive NNP X O

Experienced NNP X B-Skill
Service NNP X B-Occupation
Advisor NNP X I-Occupation
required VBD X O
for IN X O
a DT X O
Busy JJ X O
Main NNP X O
Dealer NNP X O
in IN X O
the DT X O
Exeter NNP X O
area NN X O
. . X O
KPIs NNP X O

Maintain NNP X O
high JJ X O
accuracy NN X O
of IN X O
work NN X O
at IN X O
all DT X O
times NNS X O
Reporting VBG X O

to TO X O
the DT X O
Database NNP X B-Occupation
Manager NNP X I-Occupation
, , X O
the DT X O
post NN X O
holder NN X O
will MD X O
be VB X O
responsible JJ X B-Skill
to TO X I-Skill
uphold VB X I-Skill
the DT X I-Skill
highest JJS X I-Skill
standards NNS X I-Skill
in IN X I-Skill
database NN X I-Skill
availability NN X I-Skill
, , X I-Skill
recoverability NN X I-Skill
and CC X I-Skill
performance NN X I-Skill
. . X O
Skills NNS X O

required VBN X O
: : X O
Hard JJ X B-Skill
working NN X I-Skill
, , X O
articulate NN X B-Skill
, , X O
numerate NN X B-Skill
and CC X O
highly RB X B-Skill
motivated JJ X I-Skill
team NN X O
players NNS X O
. . X O
This DT X O

school NN X O
in IN X O
the DT X O
north NN X O
of IN X O
Birmingham NNP X O
provides VBZ X O
education NN X O
for IN X O
children NNS X O
with IN X O
severe JJ X O
and CC X O
complex JJ X O
needs NNS X O
aged VBN X O
211 CD X O
years NNS X O
. . X O
Can MD X O

you PRP X O
improve VB X B-Skill
the DT X I-Skill
life NN X I-Skill
chances NNS X I-Skill
of IN X I-Skill
our PRP$ X I-Skill
students NNS X I-Skill
? . X O
Candidates NNS X O

who WP X O
are VBP X O
able JJ X B-Skill
to TO X I-Skill
provide VB X I-Skill
all PDT X I-Skill
the DT X I-Skill
relevant JJ X I-Skill
pre JJ X I-Skill
employment NN X I-Skill
checks NNS X I-Skill
can MD X I-Skill
potentially RB X I-Skill
be VB X I-Skill
offered VBN X I-Skill
work NN X I-Skill
within IN X I-Skill
710 CD X I-Skill
days NNS X I-Skill
and CC X O
subject JJ X B-Skill
to TO X I-Skill
all DT X I-Skill
pre JJ X I-Skill
employment NN X I-Skill
checks NNS X I-Skill
being VBG X I-Skill
satisfactorily RB X I-Skill
completed VBN X I-Skill
. . X O
The DT X O

successful JJ X O
Domiciliary NNP X B-Occupation
Care NNP X I-Occupation
/ NNP X O
Area NNP X B-Occupation
Manager NNP X I-Occupation
will MD X O
have VB X O
a DT X O
good JJ X O
working NN X B-Skill
knowledge NN X I-Skill
of IN X I-Skill
Domiciliary NNP X I-Skill
Care NNP X I-Skill
in IN X I-Skill
the DT X I-Skill
East NNP X I-Skill
Midlands NNP X I-Skill
area NN X I-Skill
. . X O
You PRP X O

ll VBP X O
be VB X O
responsible JJ X O
for IN X O
food NN X B-Skill
stock NN X I-Skill
control NN X I-Skill
and CC X I-Skill
ordering VBG X I-Skill
You PRP X O
ll VBP X O
be VB X O
accountable JJ X O
for IN X O
the DT X O
kitchen NN X B-Skill
s JJ X I-Skill
financial JJ X I-Skill
performance NN X I-Skill
from IN X O

our PRP$ X O
office NN X O
just RB X O
outside JJ X O
Banbury NNP X O
and CC X O
will MD X O
relocate VB X O
if IN X O
required VBN X O
If IN X O

you PRP X O
' VBP X O
d NNS X O
like IN X O
to TO X O
learn VB X O
more JJR X O
about IN X O
this DT X O
or CC X O
any DT X O
other JJ X O
of IN X O
our PRP$ X O
Python NNP X B-Occupation
Developer NNP X I-Occupation
roles VBZ X O
please VB X O
apply VB X O
with IN X O
your PRP$ X O
CV NNP X O
for IN X O
further JJR X O
details NNS X O
pro JJ X O

rata NN X O
to TO X O
include VB X O
8 CD X O
days NNS X O
bank NN X O
holiday JJ X O
3 CD X O
month NN X O
probationary JJ X O
period NN X O
. . X O
Therefore RB X O

, , X O
if IN X O
you PRP X O
wish VBP X O
, , X O
you PRP X O
could MD X O
become VB X O
more RBR X O
clientfacing JJ X B-Skill
and CC X O
progress NN X O
to TO X O
what WP X O
is VBZ X O
essentially RB X O
a DT X O
business NN X B-Occupation
analyst NN X I-Occupation
role NN X O
, , X O
or CC X O
you PRP X O
may MD X O
wish VB X O
to TO X O
specialise VB X O
more RBR X O
on IN X O
the DT X O
technical JJ X O
side NN X O
of IN X O
things NNS X O
and CC X O
push VB X O
the DT X O
boundaries NNS X O
of IN X O
the DT X O
technology NN X O
. . X O
I PRP X O

' '' X O
m NN X O
looking VBG X O
for IN X O
someone NN X O
with IN X O
either DT X O
Media NNP X B-Skill
or CC X I-Skill
Agency NNP X I-Skill
experience NN X I-Skill
, , X O
outstanding JJ X B-Skill
communication NN X I-Skill
skills NNS X I-Skill
and CC X O
the DT X O
ability NN X B-Skill
to TO X I-Skill
represent VB X I-Skill
platforms NNS X I-Skill
and CC X I-Skill
brands NNS X I-Skill
to TO X I-Skill
all DT X I-Skill
levels NNS X I-Skill
of IN X I-Skill
the DT X I-Skill
business NN X I-Skill
. . X O
Reporting VBG X B-Skill

directly RB X I-Skill
to TO X I-Skill
the DT X I-Skill
Assistant NNP X B-Occupation
Director NNP X I-Occupation
Business NNP X I-Occupation
Development NNP X I-Occupation
, , X O
you PRP X O
will MD X O
be VB X O
responsible JJ X B-Skill
for IN X I-Skill
taking VBG X I-Skill
the DT X I-Skill
lead NN X I-Skill
in IN X I-Skill
growing VBG X I-Skill
the DT X I-Skill
business NN X I-Skill
across IN X O
the DT X O
NorthEast NNP X O
of IN X O
England NNP X O
. . X O
welcome JJ X O

applications NNS X O
from IN X O
all DT X O
suitably RB X O
qualified JJ X O
people NNS X O
regardless RB X O
of IN X O
gender NN X O
, , X O
race NN X O
, , X O
disability NN X O
, , X O
age NN X O
or CC X O
sexual JJ X O
orientation NN X O
. . X O
You PRP X O

will MD X O
be VB X O
organised VBN X B-Skill
, , X O
self PRP X B-Skill
motivated VBD X I-Skill
and CC X O
able JJ X O
to TO X O
meet VB X B-Skill
deadlines NNS X I-Skill
. . X O
You PRP X O

will MD X O
have VB X O
the DT X O
luxury NN X O
of IN X O
capitalising VBG X O
on IN X O
established VBN X O
relationships NNS X O
, , X O
as RB X O
well RB X O
as IN X O
having VBG X O
the DT X O
freedom NN X O
to TO X O
create VB X O
your PRP$ X O
own JJ X O
business NN X O
opportunities NNS X O
. . X O
You PRP X O

will MD X O
be VB X O
a DT X O
Qualified NNP X B-Qualification
Registered NNP X I-Qualification
Nurse NNP X I-Qualification
RMN NNP X I-Qualification
and CC X O
be VB X O
registered VBN X B-Qualification
with IN X I-Qualification
the DT X I-Qualification
NMC NNP X I-Qualification
. . X O
Alternatively RB X O

to TO X O
discuss VB X O
the DT X O
Software NNP X B-Occupation
or CC X I-Occupation
Electronics NNP X I-Occupation
Development NNP X I-Occupation
Engineer NNP X I-Occupation
role NN X O
call NN X O
Clive NNP X O
on IN X O
[ NNP X O
blocked VBD X O
]. NN X O
This DT X O

is VBZ X O
a DT X O
fantastic JJ X O
opportunity NN X O
to TO X O
join VB X O
a DT X O
stable JJ X O
business NN X O
who WP X O
grew VBD X O
by IN X O
20 CD X O
% NN X O
last JJ X O
year NN X O
and CC X O
have VBP X O
similar JJ X O
growth NN X O
plans NNS X O
in IN X O
place NN X O
for IN X O
2013 CD X O
. . X O
Gloucestershire NNP X O

Salary NNP X O
Dependent NNP X O
on IN X O
experience NN X O
Excellent NNP X O
Remuneration NNP X O
package NN X O
Ref NNP X O
: : X O
BBBH NN X O
You PRP X O

will MD X O
have VB X O
excellent JJ X O
listening VBG X B-Skill
skills NNS X I-Skill
and CC X O
an DT X O
ability NN X O
to TO X O
provide VB X B-Skill
a DT X I-Skill
high JJ X I-Skill
level NN X I-Skill
of IN X I-Skill
care NN X I-Skill
as RB X O
well RB X O
as IN X O
the DT X O
ability NN X B-Skill
to TO X I-Skill
lead VB X I-Skill
on IN X I-Skill
tasks NNS X I-Skill
and CC X O
generate VB X B-Skill
commitment NN X I-Skill
and CC X I-Skill
enthusiasm NN X I-Skill
to TO X I-Skill
others NNS X I-Skill
. . X O
**** JJ X O

hours NNS X O
per IN X O
week NN X O
and CC X O
be VB X O
based VBN X O
from IN X O
their PRP$ X O
Luton NNP X O
Centre NNP X O
. . X O
Apply NNP X O

new JJ X B-Skill
ideas NNS X I-Skill
, , X O
technical JJ X B-Skill
developments NNS X I-Skill
, , X O
new JJ X O
equipment NN X O
and CC X O
alternativeworking VBG X B-Skill
methods NNS X O
to TO X O
provide VB X O
cost NN X B-Skill
savings NNS X I-Skill
, , X O
efficiencies NNS X O
and CC X O
improved VBN X O
safety NN X B-Skill
. . X O
We PRP X O

pride VBP X O
ourselves PRP X O
on IN X O
our PRP$ X O
friendly JJ X O
yet RB X O
professional JJ X O
service NN X O
and CC X O
do VB X O
our PRP$ X O
best JJS X O
to TO X O
create VB X O
a DT X O
unique NN X O
atmosphere NN X O
for IN X O
all DT X O
our PRP$ X O
customers NNS X O
. . X O
Their PRP$ X O

four CD X B-Experience
decades NNS X I-Experience
of IN X I-Experience
experience NN X I-Experience
in IN X O
this DT X O
area NN X O
have VBP X O
earned VBN X O
us PRP X O
the DT X O
reputation NN X O
of IN X O
a DT X O
world NN X O
leader NN X O
in IN X O
reducing VBG X B-Skill
costs NNS X I-Skill
, , X O
improving VBG X B-Skill
quality NN X I-Skill
, , X O
simplifying VBG X B-Skill
logistics NNS X I-Skill
, , X O
reducing VBG X B-Skill
turnaround NN X I-Skill
times NNS X I-Skill
and CC X O
improving VBG X B-Skill
security NN X I-Skill
in IN X O
the DT X O
examination NN X B-Skill
and CC X I-Skill
assessment JJ X I-Skill
marking NN X I-Skill
process NN X I-Skill
. . X O
The DT X O

Role NNP X O
Introduce NNP X O
, , X O
cultivate NN X B-Occupation
and CC X I-Occupation
drive NN X I-Occupation
Owner NNP X I-Occupation
Driver NNP X I-Occupation
/ NNP X I-Occupation
Operator NNP X O
/ NNP X O
Franchise NNP X O
applications NNS X O
. . X O
Our PRP$ X O

client NN X O
is VBZ X O
experiencing VBG X O
substantial JJ X O
growth NN X O
and CC X O
development NN X O
in IN X O
this DT X O
market NN X O
. . X O
Main NN X O

Responsibilities NNS X O
: : X O
Ensuring VBG X B-Skill
compliance NN X I-Skill
with IN X I-Skill
the DT X I-Skill
relevant JJ X I-Skill
approvals NNS X I-Skill
and CC X I-Skill
airworthiness NN X I-Skill
requirements NNS X I-Skill
Ensuring VBG X I-Skill
that IN X I-Skill
compliance NN X I-Skill
with IN X I-Skill
the DT X I-Skill
requirements NNS X I-Skill
has VBZ X I-Skill
been VBN X I-Skill
demonstrated VBN X I-Skill
. . X O
Skills NNS X O

/ VBP X O
experience NN X O
Commercial NNP X B-Skill
native NN X I-Skill
blackberry NN X I-Skill
developer NN X I-Skill
/ NNP X I-Skill
blackberry NN X I-Skill
application NN X I-Skill
developer NN X I-Skill
experience NN X B-Experience
Java NNP X I-Experience
, , X I-Experience
apps NN X I-Experience
, , X I-Experience
MVC NNP X I-Experience
, , X I-Experience
OOP NNP X I-Experience
, , X I-Experience
REST NNP X I-Experience
, , X I-Experience
Junit NNP X I-Experience
, , X I-Experience
BUnit NNP X I-Experience
, , X I-Experience
SQLite NNP X I-Experience
, , X I-Experience
CVS NNP X I-Experience
, , X I-Experience
Git NNP X I-Experience
. . X O
The DT X O

Person NNP X O
: : X O
The DT X O
Senior NNP X B-Occupation
Therapeutic NNP X I-Occupation
Practitioner NNP X I-Occupation
will MD X O
be VB X O
working VBG X O
in IN X O
or CC X O
will MD X O
have VB X O
worked VBN X O
within IN X O
a DT X O
residential JJ X B-Skill
Children NNP X I-Skill
' POS X I-Skill
s NN X I-Skill
Home NNP X I-Skill
and CC X O
will MD X O
have VB X O
experience NN X O
of IN X O
providing VBG X O
care NN X B-Skill
to TO X I-Skill
children NNS X I-Skill
with IN X I-Skill
challenging JJ X I-Skill
behaviours NNS X I-Skill
. . X O
Thanks NNS X O

to TO X O
a DT X O
low JJ X O
turnover NN X O
of IN X O
staff NN X O
they PRP X O
are VBP X O
looking VBG X O
to TO X O
replace VB X O
the DT X O
current JJ X O
maintenance NN X B-Occupation
engineer NN X I-Occupation
who WP X O
is VBZ X O
retiring VBG X O
. . X O
As IN X O

Call NNP X B-Occupation
Centre NNP X I-Occupation
Planning NNP X I-Occupation
Performan NNP X I-Occupation
Manager NNP X I-Occupation
, , X O
you PRP X O
will MD X O
provide VB X B-Skill
full JJ X I-Skill
planning NN X I-Skill
and CC X I-Skill
scheduling NN X I-Skill
services NNS X I-Skill
, , X I-Skill
develop VB X I-Skill
/ NNP X I-Skill
implement VB X I-Skill
an DT X I-Skill
effective JJ X I-Skill
skills NNS X I-Skill
based VBN X I-Skill
leads VBZ X I-Skill
allocation NN X I-Skill
process NN X I-Skill
and CC X O
develop VB X B-Skill
MI NNP X I-Skill
platforms NNS X I-Skill
and CC X I-Skill
strategies NNS X I-Skill
that WDT X I-Skill
inform VBP X I-Skill
future JJ X I-Skill
business NN X I-Skill
direction NN X I-Skill
. . X O
You PRP X O

will MD X O
be VB X O
able JJ X O
to TO X O
work VB X B-Skill
with IN X I-Skill
minimal JJ X I-Skill
supervision NN X I-Skill
and CC X O
will MD X O
be VB X O
expected VBN X O
to TO X O
be VB X O
able JJ X O
to TO X O
network NN X B-Skill
and CC X I-Skill
generate VB X I-Skill
further JJ X I-Skill
new JJ X I-Skill
business NN X I-Skill
. . X O
We PRP X O

look VBP X O
forward RB X O
to TO X O
hearing VBG X O
from IN X O
you PRP X O
Customer NNP X B-Occupation
Service NNP X I-Occupation
, , X O
Service NNP X B-Occupation
Advisor NNP X I-Occupation
, , X O
Automotive NNP X B-Domain
, , X O
Motor NNP X O
, , X O
Retail NNP X B-Domain
, , X O
Aftersales NNP X O
, , X O
Aftermarket NNP X O
, , X O
Kerridge NNP X O
, , X B-Occupation
Service NNP X I-Occupation
Administrator NNP X I-Occupation
, , X O
The DT X O

successful JJ X O
candidate NN X O
will MD X O
provide VB X B-Skill
high JJ X I-Skill
quality NN X I-Skill
operational JJ X I-Skill
and CC X I-Skill
technical JJ X I-Skill
application NN X I-Skill
systems NNS X I-Skill
support NN X I-Skill
to TO X I-Skill
the DT X I-Skill
organisations NNS X I-Skill
customers NNS X I-Skill
and CC X I-Skill
internal JJ X I-Skill
business NN X I-Skill
functions NNS X I-Skill
. . X O
You PRP X O

should MD X O
have VB X O
a DT X O
high JJ X O
degree NN X O
of IN X O
Adaptability NNP X B-Skill
and CC X O
Flexibility NNP X B-Skill
Be VB X O

very RB X O
delivery NN X B-Skill
focused VBD X I-Skill
, , X O
always RB X B-Skill
striving VBG X I-Skill
to TO X I-Skill
improve VB X I-Skill
on IN X I-Skill
quality NN X I-Skill
, , X I-Skill
cost NN X I-Skill
and CC X I-Skill
time NN X I-Skill
to TO X I-Skill
hire VB X I-Skill
. . X O
Experience NN X O

in IN X O
Commercial NNP X B-Skill
and CC X I-Skill
Technical NNP X I-Skill
negotiation NN X I-Skill
would MD X O
be VB X O
advantageous JJ X O
. . X O
Please NNP X O

be VB X O
advised VBN X O
that IN X O
if IN X O
unsuccessful JJ X O
for IN X O
this DT X O
role NN X O
we PRP X O
may MD X O
keep VB X O
your PRP$ X O
details NNS X O
in IN X O
our PRP$ X O
hold NN X O
file NN X O
for IN X O
6 CD X O
months NNS X O
, , X O
during IN X O
which WDT X O
time NN X O
you PRP X O
may MD X O
be VB X O
contacted VBN X O
for IN X O
other JJ X O
suitable JJ X O
vacancies NNS X O
. . X O
/ RB X O

Interview NNP X O
Able NNP X B-Skill
to TO X I-Skill
recognise VB X I-Skill
the DT X I-Skill
importance NN X I-Skill
of IN X I-Skill
and CC X I-Skill
provide VB X I-Skill
excellent JJ X I-Skill
customer NN X I-Skill
care NN X I-Skill
Application NNP X O
Form NNP X O
/ NNP X O
Interview NNP X O
Qualifications NNP X O
required VBD X O
: : X O
By IN X O

sending VBG X O
us PRP X O
your PRP$ X O
CV NNP X O
you PRP X O
are VBP X O
explicitly RB X O
consenting VBG X O
to TO X O
our PRP$ X O
processing NN X O
of IN X O
your PRP$ X O
personal JJ X O
data NNS X O
on IN X O
a DT X O
computer NN X O
database NN X O
and CC X O
/ NN X O
or CC X O
in IN X O
manual JJ X O
files NNS X O
for IN X O
the DT X O
purpose NN X O
of IN X O
evaluating VBG X O
your PRP$ X O
application NN X O
for IN X O
employment NN X O
. . X O
**** JJ X O

k NN X O
circa NN X O
To TO X O
keep VB X B-Skill
our PRP$ X I-Skill
client NN X I-Skill
at IN X I-Skill
the DT X I-Skill
forefront NN X I-Skill
of IN X I-Skill
systems NNS X I-Skill
development NN X I-Skill
. . X O
To TO X B-Skill

assist VB X I-Skill
the DT X O
Registered NNP X B-Occupation
Manager NNP X I-Occupation
in IN X O
the DT X O
management NN X B-Skill
of IN X I-Skill
the DT X I-Skill
home NN X I-Skill
in IN X I-Skill
accordance NN X I-Skill
with IN X I-Skill
the DT X I-Skill
policies NNS X I-Skill
and CC X I-Skill
proceduresand NN X I-Skill
to TO X O
take VB X B-Skill
overall JJ X I-Skill
responsibility NN X I-Skill
for IN X I-Skill
the DT X I-Skill
home NN X I-Skill
in IN X O
the DT X O
absence NN X O
of IN X O
the DT X O
Registered NNP X B-Occupation
Manager NNP X I-Occupation
. . X O
Framework NN X B-Skill

, , X I-Skill
Senior NNP X I-Skill
Software NNP X I-Skill
Developers NNP X I-Skill
, , X I-Skill
Web NNP X I-Skill
Developers NNP X I-Skill
, , X I-Skill
Visual NNP X I-Skill
Studio NNP X I-Skill
, , X I-Skill
Winforms NNP X I-Skill
, , X I-Skill
VB NNP X I-Skill
. . X I-Skill
NET NNP X I-Skill
, , X I-Skill
ASP NNP X I-Skill
. . X I-Skill
NET NNP X I-Skill
, , X I-Skill
PL NNP X I-Skill
/ NNP X I-Skill
SQL NNP X I-Skill
, , X I-Skill
Oracle NNP X I-Skill
, , X I-Skill
Biztalk NNP X I-Skill
, , X I-Skill
C NNP X I-Skill
, , X I-Skill
Web NNP X I-Skill
services NNS X I-Skill
, , X I-Skill
TFS NNP X I-Skill
, , X I-Skill
VB NNP X I-Skill
, , X I-Skill
SQL NNP X I-Skill
Server NNP X I-Skill
, , X I-Skill
XML NNP X I-Skill
, , X I-Skill
WCF NNP X I-Skill
Application NNP X I-Skill
lifecycle NN X I-Skill
management NN X I-Skill
, , X I-Skill
solutions NNS X I-Skill
development NN X I-Skill
and CC X I-Skill
design NN X I-Skill
etc NN X O
. . X O
Create NNP X B-Skill

report NN X I-Skill
packages NNS X I-Skill
and CC X O
communicate NN X B-Skill
on IN X I-Skill
project NN X I-Skill
status NN X I-Skill
, , X O
may MD X O
also RB X O
include VB X O
maintenance NN X B-Skill
of IN X I-Skill
a DT X I-Skill
program NN X I-Skill
web NN X I-Skill
site NN X I-Skill
. . X O
The DT X O

Company NNP X O
is VBZ X O
willing JJ X O
to TO X O
support VB X O
CIMA NNP X B-Qualification
/ NNP X I-Qualification
ACCA NNP X I-Qualification
study NN X O
. . X O
Liaise NN X B-Skill

with IN X I-Skill
customers NNS X I-Skill
to TO X O
chase VB X O
overdue JJ X O
payments NNS X O
by IN X O
phone NN X B-Skill
/ NNP X I-Skill
email NN X I-Skill
daily NN X O
. . X O
Candidates NNS X O

from IN X O
a DT X O
purely RB X O
Pharmaceutical JJ X B-Domain
, , X O
Medical JJ X B-Domain
Device NNP X I-Domain
or CC X O
Biotechnology NNP X B-Domain
background NN X O
will MD X O
not RB X O
be VB X O
considered VBN X O
To TO X O
apply VB X O
for IN X O
this DT X O
Job NNP X O
or CC X O
enquire VB X O
about IN X O
additional JJ X O
Business NNP X B-Domain
Development NNP X I-Domain
Opportunities NNP X O
across IN X O
the DT X O
UK NNP X O
and CC X O
Europe NNP X O
**** JJ X O

Day NNP X O
SMSTS NNP X B-Skill
, , X O
CSCS NNP X B-Skill
and CC X O
have VBP X O
experience NN X B-Skill
of IN X O
working VBG X O
in IN X O
the DT X O
rail NN X B-Domain
environment NN X I-Domain
undertaking VBG X B-Skill
bridge NN X I-Skill
refurbishment NN X I-Skill
works NNS X I-Skill
Plan NN X B-Skill

, , X I-Skill
develop VB X I-Skill
and CC X I-Skill
execute VB X I-Skill
all DT X I-Skill
B2B NNP X I-Skill
marketing NN X I-Skill
activities NNS X I-Skill
, , X O
campaigns NNS X B-Skill
, , X O
trade NN X B-Skill
shows NNS X I-Skill
and CC X I-Skill
sales NNS X I-Skill
actions NNS X I-Skill
on IN X I-Skill
and CC X I-Skill
offline VB X I-Skill
against IN X I-Skill
agreed JJ X I-Skill
objectives NNS X I-Skill
. . X O
Previous JJ X O

Healthcare NNP X B-Skill
Operational NNP X I-Skill
Management NNP X I-Skill
Experience NNP X O
desirable JJ X O
Knowledge NNP X O
of IN X O
both DT X O
adult NN X B-Skill
and CC X I-Skill
CAMHS NNP X I-Skill
services NNS X I-Skill
A DT X O

pensions NNS X O
contribution NN X O
is VBZ X O
also RB X O
made VBN X O
, , X O
Healthshield NNP X O
is VBZ X O
also RB X O
included VBN X O
. . X O
You PRP X O

will MD X O
possess VB X O
experience NN X O
of IN X O
supporting VBG X B-Skill
Sage NNP X I-Skill
CRM NNP X I-Skill
software NN X I-Skill
with IN X I-Skill
an DT X I-Skill
understanding NN X I-Skill
of IN X I-Skill
integration NN X I-Skill
with IN X I-Skill
Sage NNP X I-Skill
200 CD X I-Skill
, , X O
possibly RB X O
also RB X O
with IN X O
experience NN X O
of IN X O
SalesLogix NNP X B-Skill
. . X O
**** FW X O

per IN X O
annum NN X O
Sutton NNP X O
Coldfield NNP X O
, , X O
Birmingham NNP X O
Opportunity NNP X O
to TO X O
complete VB X O
NQT NNP X B-Qualification
induction NN X O
Full NNP X O

driving VBG X O
license JJ X O
These DT X O
positions NNS X O
are VBP X O
live JJ X O
and CC X O
signedoff JJ X O
positions NNS X O
in IN X O
which WDT X O
Matchtech NNP X O
are VBP X O
an DT X O
approved JJ X O
supplier NN X O
. . X O
Proven NNP X O

organisational JJ X B-Skill
skills NNS X O
with IN X O
the DT X O
ability NN X B-Skill
to TO X I-Skill
prioritise VB X I-Skill
effectively RB X I-Skill
and CC X I-Skill
meet VB X I-Skill
deadlines NNS X I-Skill
within IN X O
a DT X O
busy JJ X O
working VBG X O
environment NN X O
. . X O
Very RB X B-Skill

effective JJ X I-Skill
interpersonal JJ X I-Skill
skills NNS X I-Skill
are VBP X O
required VBN X O
including VBG X O
team NN X B-Skill
leadership NN X I-Skill
skills NNS X I-Skill
, , X O
excellent JJ X B-Skill
communication NN X I-Skill
skills NNS X I-Skill
, , X O
and CC X O
strong JJ X B-Skill
analytical JJ X I-Skill
and CC X I-Skill
organizational JJ X I-Skill
skills NNS X I-Skill
Benefits NNS X O

Key NNP X O
Skills NNP X O
Essential NNP X O
Cisco NNP X B-Qualification
CCNA NNP X I-Qualification
or CC X O
proven VBN X B-Skill
experience NN X I-Skill
Formally RB X O

request VB X O
any DT X O
missing VBG X O
information NN X O
in IN X O
sufficient JJ X O
time NN X O
to TO X O
allow VB X O
the DT X O
programme NN X O
to TO X O
proceed VB X O
without IN X O
delay NN X O
. . X O
If IN X O

this DT X O
sounds VBZ X O
like IN X O
you PRP X O
then RB X O
send VB X O
your PRP$ X O
CV NNP X O
over IN X O
to TO X O
url JJ X O
removed VBN X O
or CC X O
call VB X O
me PRP X O
on IN X O
Apply NNP X O
online MD X O
only RB X O
. . X O
Ideally NNP X O

candidates NNS X O
will MD X O
have VB X O
council NNS X O
tax NN X O
or CC X O
benefit NN X O
experience NN X O
and CC X O
be VB X O
able JJ X O
to TO X O
work VB X O
on IN X O
Northgate NNP X O
and CC X O
Civica NNP X O
platforms NNS X O
first JJ X O
point NN X O
of IN X O
contact NN X O
, , X O
both DT X O
face VBP X O
to TO X O
face NN X O
and CC X O
over IN X O
the DT X O
phone NN X O
. . X O
The DT X O

company NN X O
The DT X O
company NN X O
is VBZ X O
a DT X O
world NN X O
leading VBG X O
national JJ X O
civil JJ X B-Domain
engineering NN X I-Domain
and CC X O
build VB X O
company NN X O
and CC X O
are VBP X O
seeking VBG X O
an DT X O
Engineer NN X B-Occupation
. . X O
Ever RB X O

wanted VBD X O
to TO X O
work VB X O
in IN X O
a DT X O
place NN X O
you PRP X O
can MD X O
be VB X O
truly RB X O
proud JJ X O
of IN X O
? . X O
ECommerce NNP X B-Occupation

Commutable JJ X I-Occupation
from IN X O
: : X O
Bury NNP X O
St NNP X O
Edmunds NNP X O
, , X O
Suffolk NNP X O
, , X O
Ipswich NNP X O
, , X O
Stowmarket NNP X O
, , X O
Norwich NNP X O
, , X O
Cambridge NNP X O
, , X O
Newmarket NNP X O
Working VBG X O

within IN X O
the DT X O
financial JJ X B-Domain
analysis NN X I-Domain
team NN X O
, , X O
the DT X O
role NN X O
will MD X O
involve VB X O
working VBG X B-Skill
with IN X I-Skill
specialists NNS X I-Skill
in IN X I-Skill
many JJ X I-Skill
different JJ X I-Skill
disciplines NNS X I-Skill
, , X O
including VBG X O
technical JJ X B-Occupation
, , X O
legal JJ X B-Occupation
, , X O
regulatory JJ X B-Occupation
, , X O
economic JJ X B-Occupation
, , X O
and CC X O
commercial JJ X B-Occupation
experts NNS X I-Occupation
. . X O
Fusion NN X O

People NNS X O
are VBP X O
committed VBN X O
to TO X O
promoting VBG X O
equal JJ X O
opportunities NNS X O
to TO X O
people NNS X O
regardless RB X O
of IN X O
age NN X O
, , X O
gender NN X O
, , X O
religion NN X O
, , X O
belief NN X O
, , X O
race NN X O
, , X O
sexuality NN X O
or CC X O
disability NN X O
. . X O
This DT X O

is VBZ X O
a DT X O
brilliant JJ X O
opportunity NN X O
to TO X O
join VB X O
a DT X O
thriving NN X O
UK NNP X O
main JJ X O
contractor NN X O
ith NN X O
large JJ X O
, , X O
exciting JJ X O
projects NNS X O
. . X O
The DT X O

successful JJ X O
applicant NN X O
will MD X O
be VB X O
educated VBN X B-Qualification
to TO X I-Qualification
graduate VB X I-Qualification
level NN X I-Qualification
or CC X I-Qualification
equivalent NN X I-Qualification
and CC X O
have VB X O
proven VBN X O
experience NN X B-Skill
of IN X I-Skill
qualification NN X I-Skill
development NN X I-Skill
or CC X O
curriculum NN X O
development NN X O
together RB X O
with IN X O
excellent JJ X O
project NN X B-Skill
management NN X I-Skill
and CC X I-Skill
problem NN X I-Skill
solving NN X I-Skill
skills NNS X I-Skill
. . X O
Oh UH X O

, , X O
we PRP X O
' '' X O
ll JJ X O
pay NN X O
you PRP X O
quite VBP X O
a DT X O
bit NN X O
, , X O
and CC X O
give VB X O
you PRP X O
a DT X O
nice JJ X O
desk NN X O
in IN X O
Hammersmith NNP X O
, , X O
with IN X O
some DT X O
holiday NN X O
thrown VBN X O
in IN X O
. . X O
You PRP X O

may MD X O
already RB X O
work VB X O
within IN X O
the DT X O
not RB X B-Domain
for IN X I-Domain
profit NN X I-Domain
sector NN X I-Domain
or CC X O
be VB X O
an DT X O
accomplished JJ X B-Skill
account NN X B-Occupation
manager NN X I-Occupation
with IN X O
experience NN X O
of IN X O
managing VBG X B-Skill
commercial JJ X I-Skill
relationships NNS X I-Skill
with IN X O
key JJ X O
stakeholders NNS X B-Occupation
and CC X O
investors NNS X B-Occupation
. . X O
You PRP X O

will MD X O
assist VB X B-Skill
the DT X I-Skill
Marketing NNP X B-Occupation
Director NNP X I-Occupation
in IN X O
delivering VBG X B-Skill
all DT X I-Skill
company NN X I-Skill
internal JJ X I-Skill
and CC X I-Skill
external JJ X I-Skill
communications NNS X I-Skill
. . X O
As IN X O

Band NNP X B-Occupation
5 CD X I-Occupation
Nurse NNP X I-Occupation
, , X O
you PRP X O
must MD X O
demonstrate VB X O
the DT X O
following JJ X O
competence NN X O
, , X O
knowledge NN X B-Skill
, , X O
skills NNS X B-Skill
and CC X O
experience NN X B-Skill
and CC X I-Skill
evidence NN X I-Skill
of IN X I-Skill
continuing VBG X I-Skill
professional JJ X I-Skill
development NN X I-Skill
: : X O
Proven JJ X O
experience NN X B-Skill
in IN X I-Skill
clinical JJ X I-Skill
care NN X I-Skill
at IN X O
this DT X O
level NN X O
Enthusiasm NNP X B-Skill
and CC X O
commitment NN X O
to TO X O
provide VB X B-Skill
the DT X I-Skill
highest JJS X I-Skill
standards NNS X I-Skill
of IN X I-Skill
nursing NN X I-Skill
care NN X I-Skill
Experience NN X O

on IN X O
warehousing NN X B-Skill
, , X O
logistics NNS X B-Skill
, , X O
manufacturing NN X B-Skill
or CC X O
construction NN X B-Skill
titles NNS X O
would MD X O
be VB X O
an DT X O
advantage NN X O
. . X O
Feel NNP X O

free JJ X O
to TO X O
call VB X O
me PRP X O
directly RB X O
on IN X O
: : X O
NAME NN X O
Jenny NNP X O
Dunford NNP X O
TITLE NNP X O
Senior NNP X B-Occupation
Consultant NNP X I-Occupation
modelling VBG X B-Skill

Adhoc NNP X I-Skill
projects NNS X I-Skill
Daytoday NNP X O
financial JJ X B-Skill
operations NNS X I-Skill
Managing VBG X I-Skill
a DT X I-Skill
team NN X I-Skill
of IN X I-Skill
4 CD X I-Skill
staff NN X O
Assisting VBG X B-Skill
the DT X I-Skill
MD NNP X I-Skill
with IN X I-Skill
strategic JJ X I-Skill
and CC X I-Skill
commercial JJ X I-Skill
decisions NNS X I-Skill
Strong JJ X O

project NN X B-Skill
management NN X I-Skill
skills NNS X I-Skill
, , X O
ability NN X B-Skill
to TO X I-Skill
meet VB X I-Skill
deadlines NNS X I-Skill
Strong NNP X O
written VBN X B-Skill
, , X I-Skill
oral JJ X I-Skill
, , X I-Skill
and CC X I-Skill
interpersonal JJ X I-Skill
skills NNS X I-Skill
D NNP X O

****/**** NNP X O
or CC X O
A NNP X O
unit NN X O
and CC X O
relevant JJ X O
teaching NN X B-Skill
qualifications NNS X I-Skill
the DT X O
successful JJ X O
candidate NN X O
will MD X O
be VB X O
familiar JJ X O
with IN X O
work NN X B-Skill
based VBN X I-Skill
learning NN X I-Skill
and CC X I-Skill
apprenticeship NN X I-Skill
frameworks NNS X I-Skill
. . X O
We PRP X O

are VBP X O
a DT X O
medium NN X O
sized VBN X O
creative JJ X O
agency NN X O
based VBN X O
In IN X O
Hammersmith NNP X O
, , X O
West NNP X O
London NNP X O
, , X O
covering VBG X B-Domain
, , X O
live JJ X B-Domain
, , X O
experiential JJ X B-Domain
, , X O
film NN X B-Domain
and CC X O
digital NN X B-Domain
. . X O
We PRP X O

have VBP X O
many JJ X O
different JJ X O
Motor NNP X B-Domain
Trade NNP X I-Domain
Jobs NNP X O
available JJ X O
from IN X O
Service NNP X B-Occupation
Manager NNP X I-Occupation
, , X O
Service NNP X B-Occupation
Team NNP X I-Occupation
Leader NNP X I-Occupation
, , X O
Aftersales NNP X B-Occupation
Manager NNP X I-Occupation
, , X O
Sales NNS X B-Occupation
Executive NNP X I-Occupation
, , X O
General NNP X B-Occupation
Sales NNS X I-Occupation
Manager NNP X I-Occupation
, , X O
Sales NNS X B-Occupation
Manager NNP X I-Occupation
, , X O
Business NNP X B-Occupation
Manager NNP X I-Occupation
, , X O
Sales NNS X B-Occupation
Admin NNP X I-Occupation
, , X I-Occupation
Body NNP X I-Occupation
Shop NNP X I-Occupation
Manager NNP X I-Occupation
, , X O
Paint NNP X B-Occupation
Sprayer NNP X I-Occupation
, , X O
Panel NNP X B-Occupation
Beater NNP X I-Occupation
, , X O
Bodyshop NNP X B-Occupation
Estimator NNP X I-Occupation
, , X O
Dealer NNP X B-Occupation
Principal NNP X I-Occupation
, , X O
Motor NNP X B-Occupation
Mechanic NNP X I-Occupation
, , X O
Service NNP X B-Occupation
Advisor NNP X I-Occupation
, , X O
Motor NNP X B-Occupation
Cycle NNP X I-Occupation
Technicians NNPS X I-Occupation
Mechanics NNPS X I-Occupation
, , X O
Vehicle NNP X B-Occupation
Technician NNP X I-Occupation
, , X I-Occupation
Light NNP X I-Occupation
Commercial NNP X I-Occupation
Vehicle NNP X I-Occupation
Technicians NNP X I-Occupation
, , X O
HGV NNP X B-Occupation
Fitters NNP X I-Occupation
, , X O
Trade NNP X B-Occupation
Parts NNP X I-Occupation
Representative NNP X I-Occupation
, , X O
Parts NNP X B-Occupation
Advisor NNP X I-Occupation
, , X O
Parts NNP X B-Occupation
Manager NNP X I-Occupation
, , X O
Workshop NNP X B-Occupation
Controller NNP X I-Occupation
, , X O
Fast NNP X B-Occupation
Fit NNP X I-Occupation
, , X O
Tyre NNP X B-Occupation
Fitters NNP X I-Occupation
, , X O
Warranty NNP X B-Occupation
Administrator NNP X I-Occupation
, , X I-Occupation
Rental NNP X I-Occupation
Advisor NNP X I-Occupation
, , X O
Car NNP X B-Occupation
Valetor NNP X I-Occupation
, , X O
Collection NNP X B-Occupation
Delivery NNP X I-Occupation
Drivers NNP X I-Occupation
. . X O
The DT X O

Role NNP X O
You PRP X O
could MD X O
be VB X O
working VBG X B-Skill
in IN X I-Skill
a DT X I-Skill
fast NN X I-Skill
paced JJ X I-Skill
environment NN X I-Skill
in IN X I-Skill
the DT X I-Skill
restaurant NN X I-Skill
environment NN X O
with IN X O
strong JJ X O
structure NN X B-Skill
and CC X I-Skill
service NN X I-Skill
ethic VBP X I-Skill
where WRB X O
you PRP X O
can MD X O
be VB X O
leading JJ X B-Skill
teams NNS X I-Skill
Remember NNP X O

that IN X O
applications NNS X O
will MD X O
only RB X O
be VB X O
considered VBN X O
if IN X O
you PRP X O
have VBP X O
an DT X O
exceptional JJ X O
portfolio NN X O
demonstrating VBG X O
your PRP$ X O
ability NN X O
to TO X O
deliver VB X O
on IN X O
the DT X O
above NN X O
requirements NNS X O
. . X O
Fluent JJ X O

German NNP X B-Skill
is VBZ X O
a DT X O
must MD X O
For IN X O
further JJ X O
information NN X O
call NN X O
Jay NNP X O
on IN X O
**** NN X O

ALP NNP X O
, , X O
REC NNP X O
Audited NNP X O
, , X O
Investors NNPS X O
in IN X O
People NNS X O
and CC X O
Best NNP X O
Company NNP X O
to TO X O
work VB X O
for IN X O
are VBP X O
just RB X O
a DT X O
handful NN X O
of IN X O
the DT X O
accreditation NN X O
' POS X O
s NNS X O
Encore NNP X O
carry NN X O
, , X O
we PRP X O
also RB X O
offer VBP X O
to TO X O
place VB X O
all DT X O
Consultants NNS X B-Occupation
onto IN X O
the DT X O
REC NNP X B-Qualification
' POS X I-Qualification
s NN X I-Qualification
Certificate NNP X I-Qualification
and CC X O
Diploma NNP X O
in IN X O
Recruitment NNP X B-Qualification
Practice NNP X I-Qualification
Course NNP X O
. . X O
Our PRP$ X O

Client NN X O
in IN X O
Dyce NNP X O
is VBZ X O
a DT X O
global JJ X B-Domain
oilfield NN X I-Domain
provider NN X I-Domain
of IN X O
engineered VBN X B-Domain
services NNS X I-Domain
and CC X O
products NNS X O
primarily RB X O
to TO X O
the DT X O
offshore JJ X O
oil NN X B-Domain
and CC X I-Domain
gas NN X I-Domain
industry NN X I-Domain
, , X O
with IN X O
a DT X O
focus NN X B-Skill
on IN X I-Skill
deepwater NN X I-Skill
applications NNS X I-Skill
. . X O
Duties NNS X O

will MD X O
include VB X O
: : X O
Opening VBG X B-Skill
up RP X I-Skill
the DT X I-Skill
centre NN X I-Skill
Meet NNP X I-Skill
and CC X I-Skill
greet VB X I-Skill
the DT X O
group NN X O
Food NNP X B-Skill
preparation NN X I-Skill
and CC X O
cooking VBG X B-Skill
Cleaning NNP X I-Skill
kitchen NNP X O
area NN X O
and CC X O
dinning NN X O
room NN X O
To TO X O

take VB X B-Skill
responsibility NN X I-Skill
for IN X I-Skill
the DT X I-Skill
upkeep JJ X I-Skill
and CC X I-Skill
maintenance NN X I-Skill
of IN X I-Skill
practical JJ X I-Skill
production NN X I-Skill
areas NNS X I-Skill
. . X O
Our PRP$ X O

highly RB X O
successful JJ X O
international JJ X O
client NN X O
in IN X O
West NNP X O
Malling NNP X O
are VBP X O
looking VBG X O
to TO X O
recruit VB X O
a DT X O
Pricing NNP X B-Occupation
Analyst NNP X I-Occupation
on IN X O
a DT X O
Temporary JJ X O
basis NN X O
for IN X O
a DT X O
minimum NN X O
of IN X O
3 CD X O
months NNS X O
The DT X O
Role NNP X O
; : X O
To TO X O
participate VB X O
in IN X O
the DT X O
development NN X B-Skill
and CC X I-Skill
implementation NN X I-Skill
of IN X I-Skill
regional JJ X I-Skill
objectives NNS X I-Skill
and CC X I-Skill
business NN X I-Skill
plans NNS X I-Skill
Provide NNP X O
support NN X O
and CC X O
analysis NN X B-Skill
for IN X O
decision NN X O
making NN X O
, , X O
with IN X O
customer NN X B-Skill
management NN X I-Skill
and CC X O
within IN X O
the DT X O
pricing NN X O
team NN X O
Apply NNP X O
the DT X O
correct JJ X O
European JJ X B-Skill
pricing NN X I-Skill
and CC X O
promotional JJ X B-Skill
rebate NN X I-Skill
procedures NNS X I-Skill
By IN X O

joining VBG X O
this DT X O
company NN X O
you PRP X O
will MD X O
be VB X O
put VBN X O
into IN X O
a DT X O
strong JJ X O
leadership NN X O
position NN X O
and CC X O
will MD X O
be VB X O
managing VBG X B-Skill
a DT X I-Skill
team NN X I-Skill
of IN X O
Health NNP X B-Occupation
Economists NNP X I-Occupation
which WDT X O
is VBZ X O
responsible JJ X O
for IN X O
a DT X O
billion CD X O
pound NN X O
portfolio NN X O
. . X O
Erlang NNP X B-Occupation

Developers NNP X I-Occupation
Developers NNP X I-Occupation
required VBN X O
by IN X O
leading VBG X O
Client NNP X O
in IN X O
the DT X O
Quant NNP X B-Domain
/ NNP X I-Domain
hedge NN X I-Domain
/ NNP X I-Domain
Finance NNP X I-Domain
industry NN X I-Domain
to TO X O
work VB X B-Skill
on IN X I-Skill
complex JJ X I-Skill
Real JJ X I-Skill
Time NNP X I-Skill
data NN X I-Skill
problems NNS X I-Skill
Software NNP X I-Skill
Solutions NNP X I-Skill
Web NNP X I-Skill
applications NNS X I-Skill
, , X I-Skill
internal JJ X I-Skill
applications NNS X I-Skill
and CC X O
public JJ X B-Skill
facing NN X I-Skill
sites NNS X I-Skill
all DT X O
play VBP X O
a DT X O
part NN X O
in IN X O
controlling VBG X B-Skill
internal JJ X I-Skill
trading NN X I-Skill
algorithms NN X I-Skill
and CC X O
data NN X B-Skill
analytics NNS X I-Skill
in IN X I-Skill
Real JJ X I-Skill
Time NNP X I-Skill
; : X O
externally RB X O
presenting VBG X O
Real JJ X O
Time NNP X O
information NN X O
to TO X O
clients NNS X O
. . X O
Proven NNP X O

track NN X B-Skill
record NN X I-Skill
of IN X I-Skill
success NN X I-Skill
within IN X I-Skill
a DT X I-Skill
Retail JJ X I-Skill
environment NN X O
Excellent NNP X O
communication NN X B-Skill
and CC X I-Skill
influencing VBG X I-Skill
skills NNS X I-Skill
Passionate NNP X O
about IN X O
driving VBG X B-Skill
sales NNS X I-Skill
JAM NNP X O

Recruitment NNP X O
Ltd NNP X O
is VBZ X O
acting VBG X O
as IN X O
an DT X O
Employment NNP X B-Domain
Agency NNP X O
in IN X O
relation NN X O
to TO X O
this DT X O
vacancy NN X O
. . X O
ExpressionEngine NNP X B-Skill

, , X O
Symphony NNP X B-Skill
, , X O
TextPattern NNP X B-Skill
, , X O
or CC X O
similar JJ X O
Front NNP X B-Skill
end NN X I-Skill
dev NN X I-Skill
skills NNS X I-Skill
css VBP X I-Skill
, , X O
html5 NN X B-Skill
, , X O
js NN X B-Skill
, , X O
etc FW X O
Job JJ X O

Role NNP X O
: : X O
To TO X O
support VB X O
a DT X O
maintenance NN X O
program NN X O
by IN X O
performing VBG X O
complex JJ X B-Skill
engineering NN X I-Skill
, , X I-Skill
technical JJ X I-Skill
analysis NN X I-Skill
and CC X O
related JJ X O
duties NNS X O
required VBN X O
for IN X O
the DT X O
installation NN X O
, , X O
operation NN X O
, , X O
maintenance NN X O
, , X O
modification NN X O
, , X O
and CC X O
repair NN X O
of IN X O
company NN X O
and CC X O
customer NN X O
products NNS X O
and CC X O
equipment NN X O
to TO X O
the DT X O
customer NN X O
' POS X O
s JJ X O
satisfaction NN X O
. . X O
As IN X O

Roadside NNP X B-Occupation
Technician NNP X I-Occupation
/ NNP X O
Mechanic NNP X B-Occupation
, , X O
excellent JJ X O
customer NN X B-Skill
skills NNS X O
are VBP X O
as RB X O
essential JJ X O
as IN X O
good JJ X O
vehicle NN X B-Occupation
technician JJ X I-Occupation
/ NNP X O
repair NN X B-Skill
abilities NNS X I-Skill
. . X O
To TO X O

Produce VB X B-Skill
comprehensive JJ X I-Skill
and CC X I-Skill
commercial JJ X I-Skill
range NN X I-Skill
plans NNS X I-Skill
, , X I-Skill
using VBG X I-Skill
in IN X I-Skill
depth JJ X I-Skill
knowledge NN X I-Skill
of IN X I-Skill
all DT X I-Skill
available JJ X I-Skill
procedures NNS X I-Skill
and CC X I-Skill
systems NNS X I-Skill
to TO X I-Skill
maximise VB X I-Skill
profitability NN X I-Skill
wherever WRB X I-Skill
possible JJ X I-Skill
work NN X I-Skill
with IN X I-Skill
buyer NN X I-Skill
closely RB X I-Skill
to TO X I-Skill
formulate VB X I-Skill
trading NN X I-Skill
strategies NNS X I-Skill
for IN X I-Skill
each DT X I-Skill
key NN X I-Skill
season NN X I-Skill
attending VBG X I-Skill
and CC X O
presenting VBG X B-Skill
at IN X I-Skill
buying VBG X I-Skill
meetings NNS X I-Skill
, , X O
compiling VBG X B-Skill
and CC X I-Skill
addressing VBG X I-Skill
lessons NNS X I-Skill
learned VBD X I-Skill
. . X O
This DT X O

is VBZ X O
a DT X O
clientfacing JJ X O
role NN X O
with IN X O
travel NN X O
throughout IN X O
the DT X O
South NNP X O
West NNP X O
region NN X O
as IN X O
part NN X O
of IN X O
the DT X O
role NN X O
. . X O
This DT X O

is VBZ X O
a DT X O
truly RB X O
fantastic JJ X O
organisation NN X O
, , X O
which WDT X O
offers VBZ X O
stability NN X O
and CC X O
a DT X O
structured JJ X O
career NN X O
path NN X O
. . X O
Ability NN X O

to TO X O
produce VB X B-Skill
and CC X I-Skill
manage VB X I-Skill
workflows NNS X I-Skill
Excellent NNP X O
accuracy NN X O
and CC X O
attention NN X B-Skill
to TO X I-Skill
detail VB X I-Skill
Good NNP X O
data NNS X B-Skill
entry NN X I-Skill
skills VBZ X I-Skill
Highly NNP X O
diligent JJ X B-Skill
approach NN X I-Skill
to TO X I-Skill
work VB X I-Skill
is VBZ X O
essential JJ X O
due JJ X O
to TO X O
the DT X O
nature NN X O
and CC X O
importance NN X O
of IN X O
output NN X O
from IN X O
this DT X O
department NN X O
Ability NNP X O
to TO X O
handle VB X B-Skill
high JJ X I-Skill
pressure NN X I-Skill
situations NNS X I-Skill
and CC X I-Skill
sensitive JJ X I-Skill
information NN X I-Skill
Ability NNP X O
to TO X O
multitask VB X B-Skill
Ability NNP X O
to TO X O
work VB X B-Skill
to TO X I-Skill
strict VB X I-Skill
deadlines NNS X I-Skill
Methodical NNP X I-Skill
approach NN X I-Skill
to TO X I-Skill
work VB X I-Skill
Strong NNP X O
analytical JJ X B-Skill
skills NNS X I-Skill
with IN X I-Skill
the DT X I-Skill
ability NN X I-Skill
to TO X I-Skill
review VB X I-Skill
situations NNS X I-Skill
and CC X I-Skill
formulate VB X I-Skill
pragmatic JJ X I-Skill
and CC X I-Skill
sensible JJ X I-Skill
solutions NNS X I-Skill
to TO X I-Skill
a DT X I-Skill
variety NN X I-Skill
of IN X I-Skill
issues NNS X I-Skill
, , X O
whilst NN X O
also RB X O
having VBG X O
the DT X O
ability NN X O
to TO X O
approach VB X B-Skill
management NN X I-Skill
for IN X I-Skill
input NN X I-Skill
and CC X I-Skill
guidance NN X I-Skill
We PRP X O

look VBP X O
forward RB X O
to TO X O
hearing VBG X O
from IN X O
you PRP X O
Warranty NNP X O
, , X O
Insurance NNP X O
, , X O
Vehicles NNP X O
, , X O
Claims NNP X O
, , X O
Motor NNP X O
, , X O
Automotive NNP X O
, , X O
Technician NNP X O
, , X O
Are NNP X O

you PRP X O
a DT X O
talented JJ X O
Senior NNP X B-Occupation
. . X I-Occupation
NET NNP X I-Occupation
Developer NNP X I-Occupation
who WP X O
wants VBZ X O
to TO X O
work VB X O
in IN X O
a DT X O
fun NN X O
and CC X O
exciting NN X O
development NN X O
team NN X O
? . X O
Important NNP X O

An DT X O
experienced JJ X B-Skill
Mechanical NNP X B-Occupation
Engineer NNP X I-Occupation
with IN X O
a DT X O
proven JJ X O
track NN X O
record NN X O
and CC X O
experience NN X O
in IN X O
working VBG X B-Skill
within IN X I-Skill
the DT X I-Skill
Special JJ X I-Skill
/ NNP X I-Skill
Packaged NNP X I-Skill
Equipment NNP X I-Skill
discipline NN X O
of IN X O
a DT X O
contracting NN X O
organisation NN X O
. . X O
For IN X O

an DT X O
informal JJ X O
chat NN X O
about IN X O
the DT X O
role NN X O
, , X O
call VB X O
Eilish NNP X O
McDowell NNP X O
in IN X O
the DT X O
office NN X O
after IN X O
you PRP X O
have VBP X O
reviewed VBN X O
the DT X O
information NN X O
. . X O
Please NNP X O

contact NN X O
Rebecca NNP X O
White NNP X O
, , X O
Theatre NNP X B-Occupation
Manager NNP X I-Occupation
on IN X O
N NNP X O
/ NNP X O
A NNP X O
for IN X O
an DT X O
informal JJ X O
discussion NN X O
or CC X O
Human NNP X O
Resources NNPS X O
on IN X O
N NNP X O
The DT X O

following NN X O
is VBZ X O
a DT X O
sample NN X O
of IN X O
our PRP$ X O
recent JJ X O
strategy NN X B-Occupation
and CC X I-Occupation
operations NNS X I-Occupation
work VBP X I-Occupation
in IN X O
European JJ X B-Domain
Insurance NN X I-Domain
: : X O
For IN X O
a DT X B-Domain
global JJ X I-Domain
insurance NN X I-Domain
group NN X I-Domain
, , X O
identified VBN X O
opportunities NNS X O
for IN X O
strategic JJ X B-Skill
expansion NN X I-Skill
of IN X O
their PRP$ X O
business NN X O
in IN X O
light NN X O
of IN X O
the DT X O
current JJ X O
Eurozone NNP X O
crisis NN X O
and CC X O
broader JJR X O
economic JJ X O
scenarios NNS X O
For IN X O
a DT X O
major JJ X O
continental JJ X O
insurer NN X O
, , X O
shaped VBD X O
overall JJ X O
strategy NN X O
and CC X O
led VBN X O
transformation NN X O
program NN X O
covering VBG X O
PMO NNP X B-Occupation
, , X O
strategy NN X O
, , X O
cost NN X O
and CC X O
reorganisation NN X O
The DT X O

International NNP X O
Office NNP X O
Team NNP X O
includes VBZ X O
a DT X O
dedicated JJ X O
Enrolment NNP X O
Team NN X O
who WP X O
will MD X O
manage VB X B-Skill
the DT X I-Skill
student NN X I-Skill
journey NN X I-Skill
from IN X I-Skill
enquiry NN X I-Skill
to TO X I-Skill
enrolment NN X I-Skill
. . X O
The DT X O

ability NN X O
to TO X O
keep VB X B-Skill
calm NN X I-Skill
under IN X I-Skill
pressure NN X I-Skill
Experience NN X O
to TO X O
work VB X B-Skill
alone RB X I-Skill
and CC X I-Skill
as IN X I-Skill
part NN X I-Skill
of IN X I-Skill
a DT X I-Skill
team NN X I-Skill
Excellent NNP X O
communication NN X B-Skill
skills VBZ X O
The DT X O
passion NN X B-Skill
to TO X I-Skill
work VB X I-Skill
with IN X I-Skill
vulnerable JJ X I-Skill
Adults NNS X I-Skill
Filing VBG X B-Skill

warranty NN X I-Skill
claims NNS X I-Skill
, , X O
print NN X B-Skill
and CC X I-Skill
sending VBG X I-Skill
out RP X I-Skill
claim JJ X I-Skill
payment NN X I-Skill
statements NNS X I-Skill
. . X O
An DT X O

established VBN X O
home NN X O
part NN X O
of IN X O
a DT X O
small JJ X O
group NN X O
in IN X O
the DT X O
North NNP X O
East NNP X O
you PRP X O
will MD X O
be VB X O
joining VBG X O
a DT X O
strong JJ X O
nursing NN X O
team NN X O
working VBG X O
for IN X O
a DT X O
company NN X O
that WDT X O
are VBP X O
supportive JJ X O
and CC X O
offer VBP X O
continued JJ X O
progression NN X O
. . X O
This DT X O

international JJ X O
law NN X B-Domain
firm NN X O
is VBZ X O
looking VBG X O
for IN X O
an DT X O
experienced JJ X B-Skill
team NN X B-Occupation
leader NN X I-Occupation
with IN X O
extensive JJ X O
knowledge NN X B-Skill
of IN X I-Skill
MS NNP X I-Skill
Exchange NNP X I-Skill
to TO X O
lead VB X B-Skill
a DT X I-Skill
team NN X I-Skill
of IN X O
five CD X O
engineers NNS X B-Occupation
within IN X O
this DT X O
global JJ X O
environment NN X O
. . X O
The DT X O

Role NNP X O
Reporting NNP X B-Skill
to TO X I-Skill
the DT X I-Skill
Financial NNP X B-Occupation
Controller NNP X I-Occupation
, , X O
the DT X O
main JJ X O
responsibilities NNS X O
will MD X O
include VB X O
but CC X O
will MD X O
not RB X O
be VB X O
limited VBN X O
to TO X O
: : X O
Production NN X B-Skill
of IN X I-Skill
Corporation NNP X I-Skill
tax NN X I-Skill
returns NNS X I-Skill
and CC X I-Skill
Treasury NNP X I-Skill
management NN X I-Skill
, , X O
Intrastat NNP X B-Skill
, , X O
EC NNP X B-Skill
Sales NNS X I-Skill
Statutory NNP X I-Skill
financial JJ X I-Skill
reporting NN X I-Skill
for IN X I-Skill
group NN X I-Skill
companies NNS X I-Skill
to TO X I-Skill
UK NNP X I-Skill
GAAP NNP X I-Skill
Preparation NNP X I-Skill
of IN X I-Skill
monthly JJ X I-Skill
estimates NNS X I-Skill
including VBG X I-Skill
liaising VBG X I-Skill
with IN X I-Skill
site NN X I-Skill
personnel NNS X I-Skill
regarding VBG X I-Skill
sales NNS X I-Skill
and CC X I-Skill
production NN X I-Skill
data NNS X I-Skill
, , X O
participation NN X B-Skill
in IN X I-Skill
the DT X I-Skill
annual JJ X I-Skill
budgeting NN X I-Skill
process NN X I-Skill
. . X O
This DT X O

is VBZ X O
an DT X O
exciting JJ X O
opportunity NN X O
to TO X O
join VB X O
a DT X O
growing VBG X O
organisation NN X O
as IN X O
a DT X O
SharePoint NNP X B-Occupation
Developer NNP X I-Occupation
, , X O
providing VBG X B-Skill
business NN X I-Skill
solutions NNS X I-Skill
and CC X I-Skill
improvements NNS X I-Skill
across IN X O
the DT X O
UK NNP X O
. . X O
We PRP X O

are VBP X O
recruiting VBG X O
on IN X O
behalf NN X O
of IN X O
one CD X O
of IN X O
the DT X O
UK NNP X O
s NN X O
leading VBG X O
opticians NNS X O
. . X O
COMPANY NNP X O

Southampton NNP X O
Senior NNP X B-Occupation
Application NNP X I-Occupation
Packager NNP X I-Occupation
required VBD X O
for IN X O
market NN X O
leading NN X O
, , X O
global JJ X O
defence NN X O
company NN X O
Fantastic NNP X O
opportunity NN X O
to TO X O
get VB X O
involved VBN X O
with IN X O
one CD X O
of IN X O
the DT X O
largest JJS X O
organisations NNS X O
of IN X O
its PRP$ X O
kind NN X O
in IN X O
the DT X O
UK NNP X O
. . X O
Fantastic JJ X O

opportunity NN X O
for IN X O
an DT X O
experienced JJ X B-Skill
foodie NN X B-Occupation
Marketing NNP X I-Occupation
manager NN X I-Occupation
to TO X O
work VB X O
with IN X O
this DT X O
entrepreneurial JJ X O
and CC X O
fast JJ X O
moving NN X O
brand NN X O
owner NN X O
. . X O
If IN X O

you PRP X O
are VBP X O
interested JJ X O
in IN X O
applying VBG X O
for IN X O
this DT X O
role NN X O
please VB X O
send VB X O
your PRP$ X O
CV NNP X O
through IN X O
the DT X O
link NN X O
to TO X O
Lottie NNP X O
Robertson NNP X O
now RB X O
. . X O
Where WRB X O

the DT X O
helpdesk NN X O
currently RB X O
covers VBZ X O
inbound NN X O
calls VBZ X O
for IN X O
one CD X O
sector NN X O
of IN X O
the DT X O
business NN X O
this DT X O
will MD X O
grow VB X O
to TO X O
incorporate VB X O
additional JJ X O
sectors NNS X O
as RB X O
well RB X O
as IN X O
Management NNP X B-Skill
Information NNP X I-Skill
provision NN X I-Skill
for IN X O
key JJ X O
clients NNS X O
. . X O
**** VB X O

existing VBG X O
employees NNS X O
and CC X O
be VB X O
part NN X O
of IN X O
a DT X O
team NN X O
of IN X O
1000 CD X O
across IN X O
the DT X O
globe NN X O
. . X O
You PRP X O

will MD X O
be VB X O
a DT X O
reliable JJ X B-Skill
and CC X O
experienced JJ X O
Credit NNP X B-Occupation
Controller NNP X I-Occupation
with IN X O
a DT X O
confident NN X B-Skill
, , X O
professional JJ X B-Skill
telephone NN X I-Skill
manner NN X I-Skill
: : X O
Duties NNS X O
include VBP X O
: : X O
Research NN X B-Skill
and CC X I-Skill
liaise NN X I-Skill
with IN X O
customers NNS X O
to TO X O
review VB X O
and CC X O
assess VB X O
their PRP$ X O
credit NN X O
history NN X O
and CC X O
ensure VB X O
timely JJ X B-Skill
payment NN X I-Skill
of IN X I-Skill
debts NNS X I-Skill
Post NNP X I-Skill
and CC X I-Skill
allocate VB X I-Skill
sales NNS X I-Skill
ledger JJR X I-Skill
payments NNS X I-Skill
daily RB X O
. . X O
My PRP$ X O

client NN X O
has VBZ X O
a DT X O
strong JJ X O
history NN X O
of IN X O
promoting VBG X O
from IN X O
within IN X O
, , X O
so IN X O
progression NN X O
through IN X O
the DT X O
ranks NNS X O
is VBZ X O
there RB X O
for IN X O
those DT X O
that WDT X O
seek VBP X O
it PRP X O
. . X O
You PRP X O

will MD X O
have VB X O
the DT X O
support NN X O
of IN X O
a DT X O
great JJ X O
team NN X O
around IN X O
you PRP X O
and CC X O
will MD X O
be VB X O
working VBG X O
within IN X O
an DT X O
organisation NN X O
that WDT X O
is VBZ X O
seen VBN X O
as IN X O
being VBG X O
innovative JJ X O
and CC X O
forward JJ X O
thinking NN X O
. . X O
Training VBG X B-Domain

Big JJ X I-Domain
4 CD X I-Domain
or CC X O
Top JJ X B-Domain
50 CD X I-Domain
post NN X O
qualified VBD X O
experience NN X O
Broad NNP X O
experience NN X O
encompassing VBG X O
a DT X O
wide JJ X O
range NN X O
of IN X O
business NN X B-Skill
taxes NNS X I-Skill
including VBG X O
share NN X B-Skill
schemes NNS X I-Skill
To TO X O

apply VB X O
email VB X O
your PRP$ X O
CV NNP X O
to TO X O
esturgesscompassltd VB X O
. . X O
co NN X O
. . X O
uk NN X O
or CC X O
contact NN X O
Emma NNP X O
Sturgess NNP X O
on IN X O
Essentially RB X O

what WP X O
we PRP X O
are VBP X O
looking VBG X O
for IN X O
is VBZ X O
a DT X O
Mechanical JJ X B-Occupation
Engineer NN X I-Occupation
with IN X O
experience NN X B-Skill
in IN X I-Skill
the DT X I-Skill
design NN X I-Skill
of IN X I-Skill
pressure NN X I-Skill
equipment NN X I-Skill
. . X O
We PRP X O

are VBP X O
accredited VBN X O
by IN X O
the DT X O
Chartered NNP X O
Insurance NNP X O
Institute NNP X O
CII NNP X O
. . X O
As IN X O

a DT X O
Kitchen NNP X B-Occupation
Manager NNP X I-Occupation
you PRP X O
must MD X O
be VB X O
able JJ X O
deliver VB X B-Skill
a DT X I-Skill
consistent JJ X I-Skill
product NN X I-Skill
as RB X O
well RB X O
as IN X O
keeping VBG X B-Skill
cost NN X I-Skill
and CC X I-Skill
wastage NN X I-Skill
under IN X I-Skill
control NN X I-Skill
and CC X O
show NN X O
skills NNS X B-Skill
consistent JJ X I-Skill
with IN X I-Skill
staff NN X I-Skill
training NN X I-Skill
and CC X I-Skill
development NN X I-Skill
. . X O
For IN X O

further JJ X O
information NN X O
please NN X O
call VB X O
me PRP X O
or CC X O
send VB X O
your PRP$ X O
CV NNP X O
. . X O
is VBZ X O

essential JJ X O
Monitor NNP X B-Skill
Application NNP X I-Skill
Support NNP X I-Skill
helpdesk NN X I-Skill
queue NN X I-Skill
and CC X O
respond NN X O
to TO X O
calls VB X B-Skill
within IN X I-Skill
SLA NNP X I-Skill
s NN X I-Skill
Address NNP X I-Skill
user NN X I-Skill
queries NNS X I-Skill
regarding VBG X O
support NN X B-Skill
, , X O
usage NN X B-Skill
, , X O
training NN X B-Skill
, , X O
integration NN X B-Skill
, , X O
and CC X O
improvement NN X B-Skill
of IN X I-Skill
systems NNS X I-Skill
Record NNP X I-Skill
and CC X I-Skill
respond VB X I-Skill
to TO X I-Skill
Requests NNS X I-Skill
for IN X I-Skill
Change NNP X I-Skill
, , X O
following VBG X O
a DT X O
formal JJ X O
change NN X O
process NN X O
Reviewing VBG X O
if IN X O

you PRP X O
are VBP X O
a DT X O
good JJ X O
match NN X O
for IN X O
the DT X O
role NN X O
and CC X O
likely JJ X O
to TO X O
progress VB X O
to TO X O
client NN X O
shortlist NN X O
/ NNP X O
CV NNP X O
presentation NN X O
stage NN X O
. . X O
The DT X O

right JJ X O
Oracle NNP X B-Occupation
WebCenter NNP X I-Occupation
Architect NNP X I-Occupation
will MD X O
have VB X O
experience NN X O
of IN X O
translating VBG X B-Skill
business NN X I-Skill
requirements NNS X I-Skill
into IN X O
system NN X B-Skill
, , X O
scope NN X B-Skill
, , X O
solutions NNS X B-Skill
and CC X I-Skill
architecture NN X I-Skill
definition NN X I-Skill
. . X O
This DT X O

Advert NNP X O
is VBZ X O
posted VBN X O
by IN X O
CV NNP X O
Bay NNP X O
Ltd NNP X O
a DT X O
UK NNP X O
based VBN X O
Recruitment NNP X O
Consultancy NNP X O
, , X O
on IN X O
behalf NN X O
of IN X O
one CD X O
of IN X O
our PRP$ X O
client NN X O
s NN X O
. . X O
To TO X O

identify VB X B-Skill
opportunities NNS X I-Skill
within IN X I-Skill
the DT X I-Skill
market NN X I-Skill
, , X O
to TO X O
gain VB X B-Skill
and CC X I-Skill
maximise VB X I-Skill
new JJ X I-Skill
profitable JJ X I-Skill
business NN X I-Skill
. . X O
Responsible JJ X B-Skill

for IN X O
optimizing VBG X B-Skill
the DT X I-Skill
output NN X I-Skill
from IN X I-Skill
all DT X I-Skill
utilised JJ X I-Skill
platforms NNS X I-Skill
, , X O
providing VBG X B-Skill
timely JJ X I-Skill
responses NNS X I-Skill
to TO X I-Skill
all DT X I-Skill
customer NN X I-Skill
requirements NNS X I-Skill
. . X O
To TO X O

be VB X O
in IN X O
this DT X O
field NN X O
of IN X O
work NN X O
you PRP X O
need VBP X B-Skill
to TO X I-Skill
REALLY NNP X I-Skill
care NN X I-Skill
. . X O
bonusA NN X O

startup NN X O
technology NN X O
company NN X O
based VBN X O
in IN X O
Manchester NNP X O
has VBZ X O
a DT X O
vacancy NN X O
for IN X O
a DT X O
Predictive JJ X B-Occupation
Analytics NNP X I-Occupation
Expert NNP X I-Occupation
to TO X O
join VB X O
their PRP$ X O
teamThe JJ X O
Predictive NNP X B-Occupation
Analytics NNP X I-Occupation
Expert NNP X I-Occupation
will MD X O
be VB X O
responsible JJ X B-Skill
for IN X I-Skill
the DT X I-Skill
construction NN X I-Skill
and CC X I-Skill
validation NN X I-Skill
of IN X I-Skill
analytical JJ X I-Skill
models NNS X I-Skill
to TO X I-Skill
enhance VB X I-Skill
growth NN X I-Skill
and CC X I-Skill
optimize VB X I-Skill
business NN X I-Skill
decisions NNS X I-Skill
using VBG X I-Skill
statistical JJ X I-Skill
principles NNS X I-Skill
and CC X I-Skill
data NNS X I-Skill
analysis NN X I-Skill
They PRP X O
will MD X O
also RB X O
administer RB X B-Skill
, , X I-Skill
maintain NN X I-Skill
and CC X I-Skill
develop VB X I-Skill
recommendations NNS X I-Skill
for IN X I-Skill
automated JJ X I-Skill
reporting NN X I-Skill
processes NNS X I-Skill
, , X O
interpret NN X B-Skill
complex JJ X I-Skill
processes NNS X I-Skill
and CC X O
manage VB X B-Skill
the DT X I-Skill
efficient NN X I-Skill
and CC X I-Skill
effective JJ X I-Skill
production NN X I-Skill
of IN X I-Skill
high JJ X I-Skill
quality NN X I-Skill
output NN X I-Skill
analysis NN X I-Skill
, , X I-Skill
whilst NN X I-Skill
anticipating VBG X I-Skill
stakeholder NN X I-Skill
needsResponsibilities NNS X O
Utilize NNP X B-Skill
data NNS X I-Skill
mining NN X I-Skill
techniques NNS X I-Skill
and CC X I-Skill
queries NNS X I-Skill
to TO X I-Skill
assist VB X I-Skill
with IN X I-Skill
identifying JJ X I-Skill
opportunities NNS X I-Skill
for IN X I-Skill
cost NN X I-Skill
reduction NN X I-Skill
, , X I-Skill
revenue NN X I-Skill
growth NN X I-Skill
strategies NNS X I-Skill
and CC X I-Skill
increased VBD X I-Skill
efficiency NN X I-Skill
through IN X I-Skill
statistical JJ X I-Skill
analysis NN X I-Skill
internally RB X I-Skill
and CC X I-Skill
for IN X I-Skill
clients NNS X I-Skill
Responsible JJ X I-Skill
for IN X I-Skill
the DT X I-Skill
collection NN X I-Skill
, , X I-Skill
management NN X I-Skill
, , X I-Skill
and CC X I-Skill
analysis NN X I-Skill
of IN X I-Skill
internal JJ X I-Skill
data NNS X I-Skill
to TO X I-Skill
support VB X I-Skill
product NN X I-Skill
development NN X I-Skill
Assist NNP X I-Skill
with IN X I-Skill
developing VBG X I-Skill
statistical JJ X I-Skill
models NNS X I-Skill
and CC X I-Skill
methodologies NNS X I-Skill
that WDT X I-Skill
predict VBP X I-Skill
, , X I-Skill
quantify FW X I-Skill
and CC X I-Skill
forecast VBP X I-Skill
various JJ X I-Skill
business NN X I-Skill
metrics NNS X I-Skill
Assist VBP X I-Skill
with IN X I-Skill
the DT X I-Skill
design NN X I-Skill
, , X I-Skill
development NN X I-Skill
and CC X I-Skill
implementation NN X I-Skill
of IN X I-Skill
performance NN X I-Skill
metrics NNS X I-Skill
and CC X I-Skill
tracking VBG X I-Skill
processes NNS X I-Skill
to TO X I-Skill
measure VB X I-Skill
the DT X I-Skill
effectiveness NN X I-Skill
of IN X I-Skill
the DT X I-Skill
predictive JJ X I-Skill
modelling NN X I-Skill
efforts NNS X I-Skill
referral JJ X O

incentive NN X O
: : X O
If IN X O
you PRP X O
know VBP X O
of IN X O
anyone NN X O
who WP X O
you PRP X O
feel VBP X O
maybe RB X O
suitable JJ X O
for IN X O
this DT X O
role NN X O
we PRP X O
would MD X O
welcome VB X O
a DT X O
personal JJ X O
or CC X O
professional JJ X O
referral NN X O
. . X O
Are NNP X O

you PRP X O
a DT X O
high JJ X O
calibre NN X O
sales NNS X B-Skill
professional JJ X I-Skill
with IN X O
the DT X O
motivation NN X O
, , X O
to TO X O
seek VB X O
out RP X O
develop NN X O
and CC X O
close VB X O
leads NNS X O
? . X O
**** NNS X O

per IN X O
year NN X O
A NNP X O
role NN X O
as IN X O
a DT X O
Senior NNP X B-Occupation
Electronics NNP X I-Occupation
/ NNP X O
Firmware NNP X B-Occupation
Engineer NNP X I-Occupation
has VBZ X O
become VBN X O
available JJ X O
within IN X O
a DT X O
fantastic JJ X O
design NN X B-Domain
, , X O
development NN X B-Domain
and CC X O
manufacturing NN X B-Domain
company NN X O
based VBN X O
in IN X O
Ashford NNP X O
, , X O
Kent NNP X O
. . X O
Ultimately RB X O

the DT X O
goal NN X O
is VBZ X O
to TO X O
grow VB X B-Skill
our PRP$ X I-Skill
market NN X I-Skill
share NN X I-Skill
and CC X I-Skill
profits NNS X I-Skill
by IN X I-Skill
developing VBG X I-Skill
our PRP$ X I-Skill
customer NN X I-Skill
base NN X I-Skill
and CC X I-Skill
retaining VBG X I-Skill
our PRP$ X I-Skill
loyal NN X I-Skill
customers NNS X I-Skill
. . X O
The DT X O

specific JJ X O
technical JJ X O
skills NNS X O
experience NN X O
required VBN X O
are VBP X O
as IN X O
follows VBZ X O
: : X O
Experience NN X B-Skill
in IN X I-Skill
administering VBG X I-Skill
Linux NNP X I-Skill
and CC X I-Skill
Windows NNP X I-Skill
2003 CD X I-Skill
The DT X O

successful JJ X O
candidate NN X O
will MD X O
be VB X O
responsible JJ X O
for IN X O
loading VBG X O
and CC X O
unloading JJ X O
materials NNS X O
and CC X O
moving VBG X O
them PRP X O
to TO X O
the DT X O
appropriate JJ X O
areas NNS X O
on IN X O
the DT X O
factory NN X O
, , X O
completing VBG X O
general JJ X B-Skill
maintenance NN X I-Skill
/ NN X O
cleaning NN X B-Skill
, , X O
painting VBG X B-Skill
components NNS X O
and CC X O
assist VB X O
the DT X O
production NN X O
controller NN X O
when WRB X O
required VBN X O
. . X O
Experience NN X B-Skill

of IN X I-Skill
working VBG X I-Skill
outdoors NNS X I-Skill
in IN X I-Skill
a DT X I-Skill
marine JJ X I-Skill
environment NN X I-Skill
is VBZ X O
preferred VBN X O
, , X O
and CC X O
experience NN X B-Skill
of IN X I-Skill
working VBG X I-Skill
in IN X I-Skill
byelaw NN X I-Skill
enforcement NN X I-Skill
would MD X O
be VB X O
a DT X O
distinct JJ X O
advantage NN X O
. . X O
**** JJ X O

k NN X O
Opportunity NNP X O
to TO X O
join VB X O
a DT X O
defined JJ X O
contribution NN X O
pension NN X O
scheme NN X O
5 CD X O
weeks NNS X O
paid VBN X O
holiday RB X O
Other JJ X O
lifestyleflexible JJ X O
benefits NNS X O
Apply RB X O
now RB X O
if IN X O
you PRP X O
fancy VBP X O
a DT X O
rewarding NN X O
and CC X O
challenging VBG X O
career NN X O
where WRB X O
you PRP X O
can MD X O
really RB X O
go VB X O
places NNS X O
. . X O
As IN X O

the DT X O
Commercial NNP X B-Occupation
Account NNP X I-Occupation
Executive NNP X I-Occupation
you PRP X O
will MD X O
be VB X O
offered VBN X O
a DT X O
brilliant JJ X O
package NN X O
including VBG X O
a DT X O
fully RB X O
expensed JJ X O
car NN X O
, , X O
pension NN X O
scheme NN X O
and CC X O
healthcare NN X O
. . X O
Extensive JJ X O

experience NN X O
of IN X O
managing VBG X B-Skill
complex JJ X I-Skill
New NNP X I-Skill
Product NNP X I-Skill
Development NNP X I-Skill
programmes VBZ X I-Skill
involving VBG X O
multiple JJ X B-Skill
engineering NN X I-Skill
disciplines NNS X I-Skill
and CC X O
successful JJ X O
transfer NN X B-Skill
to TO X I-Skill
manufacturing NN X I-Skill
. . X O
Promote NNP X O

good JJ X B-Skill
relationships NNS X I-Skill
, , X O
communication NN X B-Skill
and CC X O
teamwork NN X B-Skill
with IN X O
all DT X O
disciplines NNS X B-Skill
within IN X O
the DT X O
department NN X O
and CC X O
within IN X O
the DT X O
hospital NN X B-Domain
. . X O
This DT X O

is VBZ X O
an DT X O
excellent JJ X O
opportunity NN X O
for IN X O
someone NN X O
who WP X O
comes VBZ X O
from IN X O
a DT X O
technical JJ X B-Skill
Business NNP X I-Skill
Analyst NNP X I-Skill
/ NNP X I-Skill
project NN X I-Skill
management NN X I-Skill
background NN X I-Skill
, , X O
who WP X O
is VBZ X O
good JJ X O
at IN X O
SQL NNP X B-Skill
, , X O
and CC X O
who WP X O
also RB X O
knows VBZ X O
QlikView NNP X B-Skill
, , X O
who WP X O
has VBZ X O
moved VBN X O
to TO X O
a DT X O
more JJR X O
senior JJ X O
business NN X O
facing VBG X O
role NN X O
within IN X O
Credit NNP X B-Domain
Risk NNP X I-Domain
or CC X O
loans NNS X B-Domain
. . X O
Candidates NNS X O

must MD X O
be VB X O
degree JJ X B-Qualification
educated VBN X I-Qualification
in IN X I-Qualification
a DT X I-Qualification
relevant JJ X I-Qualification
engineering NN X I-Qualification
discipline NN X I-Qualification
, , X O
preferably RB X O
chartered VBD X B-Qualification
status NN X I-Qualification
. . X O
We PRP X O

are VBP X O
currently RB X O
initiating VBG X O
major JJ X O
change NN X O
and CC X O
we PRP X O
are VBP X O
increasing VBG X O
our PRP$ X O
programme NN X O
office NN X O
and CC X O
project NN X O
management NN X O
capability NN X O
to TO X O
facilitate VB X O
this DT X O
. . X O
Urgently RB X O

recruiting VBG X O
for IN X O
Mobile NNP X B-Domain
Commercial NNP X I-Domain
and CC X O
Domestic NNP X B-Domain
Gas NNP X I-Domain
Services NNP X I-Domain
Engineers NNPS X B-Occupation
with IN X O
Oil NNP X B-Skill
and CC X I-Skill
LPG NNP X I-Skill
experience NN X I-Skill
Engineers NNS X O
needed VBD X O
to TO X O
cover VB X O
parts NNS X O
of IN X O
Surrey NNP X O
, , X O
Bekshire NNP X O
and CC X O
North NNP X O
Hampshire NNP X O
Engineers NNP X O
needed VBD X O
to TO X O
cover VB X O
Sussex NNP X O
, , X O
Dorking NNP X O
and CC X O
Kent NNP X O
The DT X O

main JJ X O
duties NNS X O
of IN X O
the DT X O
role NN X O
will MD X O
consist VB X O
of IN X O
; : X O
1 CD X O
. . X O
If IN X O

You PRP X O
do VBP X O
not RB X O
receive VB X O
a DT X O
response NN X O
within IN X O
7 CD X O
days NNS X O
unfortunately RB X O
on IN X O
this DT X O
occasion NN X O
your PRP$ X O
application NN X O
has VBZ X O
been VBN X O
unsuccessful JJ X O
Leading VBG X B-Occupation

global JJ X I-Occupation
manufacturer NN X I-Occupation
and CC X O
supplier NN X B-Occupation
of IN X I-Occupation
products NNS X I-Occupation
and CC X I-Occupation
services NNS X I-Occupation
used VBN X O
in IN X O
the DT X O
drilling NN X B-Domain
, , X I-Domain
completion NN X I-Domain
and CC X I-Domain
production NN X I-Domain
of IN X I-Domain
oil NN X I-Domain
and CC X I-Domain
gas NN X I-Domain
are VBP X O
currently RB X O
looking VBG X O
to TO X O
recruit VB X O
talented JJ X B-Skill
ambitious JJ X I-Skill
graduates NNS X B-Qualification
for IN X O
their PRP$ X O
site NN X O
based VBN X O
in IN X O
Ghana NNP X O
. . X O
If IN X O

you PRP X O
do VBP X O
not RB X O
hear VB X O
anything NN X O
in IN X O
those DT X O
two CD X O
weeks NNS X O
you PRP X O
have VBP X O
been VBN X O
unsuccessful JJ X O
with IN X O
your PRP$ X O
application NN X O
. . X O
employees NNS X O

are VBP X O
aware JJ X O
of IN X O
the DT X O
expectations NNS X O
in IN X O
relation NN X O
to TO X O
training VBG X O
agendas NNS X O
. . X O
To TO X O

identify VB X B-Skill
and CC X I-Skill
target VB X I-Skill
new JJ X I-Skill
accounts NNS X I-Skill
in IN X O
a DT X O
focused JJ X O
way NN X O
To TO X O
retain VB X B-Skill
all DT X I-Skill
key NN X I-Skill
customers NNS X I-Skill
and CC X O
develop VB X B-Skill
close JJ X I-Skill
working VBG X I-Skill
relationships NNS X I-Skill
with IN X O
key JJ X O
customers NNS X O
To TO X O
foster VB X B-Skill
good JJ X I-Skill
relationships NNS X I-Skill
with IN X O
all DT X O
stakeholders NNS X O
, , X O
particularly RB X O
internal JJ X O
customers NNS X O
Reporting VBG X O
relationships NNS X O
: : X O
Customer NNP X B-Domain
care NN X I-Domain
Barista NNP X B-Occupation
Training NNP X B-Domain
Service NNP X I-Domain
Logistics NNP X I-Domain
Marketing NNP X I-Domain
Finance NNP X I-Domain
Person NNP X O
Spec NNP X O
: : X O
Computer NNP X B-Skill
Literate NNP X I-Skill
To TO X O

work VB X O
within IN X O
the DT X O
development NN X B-Skill
team NN X O
to TO X O
deliver VB X B-Skill
full JJ X I-Skill
working VBG X I-Skill
solutions NNS X I-Skill
from IN X I-Skill
a DT X I-Skill
project NN X I-Skill
plan NN X I-Skill
through IN X I-Skill
design NN X I-Skill
, , X O
development NN X B-Skill
, , X O
testing VBG X B-Skill
, , X O
feedback NN X B-Skill
, , X O
deployment NN X B-Skill
, , X O
and CC X O
ongoing VBG X B-Skill
support NN X I-Skill
and CC X I-Skill
improvements NNS X I-Skill
. . X O
experience NN X O

of IN X O
using VBG X O
switchgear JJ X B-Skill
Be NNP X O
capable JJ X O
of IN X O
utilising VBG X B-Skill
spreadsheets NNS X I-Skill
and CC X I-Skill
MathCad NNP X I-Skill
**** JJ X O

**** NN X O
or CC X O
email JJ X O
bmsbmsit NN X O
. . X O
com NN X O
to TO X O
discuss VB X O
this DT X O
and CC X O
other JJ X O
unadvertised JJ X O
positions NNS X O
. . X O
**** NN X O

employees NNS X O
and CC X O
act NN X B-Skill
as IN X I-Skill
an DT X I-Skill
interface NN X I-Skill
to TO X I-Skill
the DT X I-Skill
general JJ X I-Skill
ledger NN X I-Skill
, , X I-Skill
and CC X I-Skill
external JJ X I-Skill
third JJ X I-Skill
parties NNS X I-Skill
such JJ X O
as IN X O
the DT X O
Benefits NNP X O
Agency NNP X O
and CC X O
Inland NNP X O
revenue NN X O
. . X O
Combined VBN X O

with IN X O
graphics NNS X B-Domain
software NN X I-Domain
products NNS X O
, , X B-Domain
MPD NNP X I-Domain
provides VBZ X O
a DT X O
unified JJ X O
and CC X O
scalable JJ X B-Domain
graphics NNS X I-Domain
solution NN X O
that WDT X O
will MD X O
continue VB X O
to TO X O
address VB X O
our PRP$ X O
customer NN X O
needs VBZ X O
into IN X O
the DT X O
future NN X O
. . X O
Please VB X O

check VB X O
out RP X O
my PRP$ X O
profile NN X O
on IN X O
LinkedIn NNP X O
: : X O
Search NN X O
for IN X O
Lucy NNP X O
Heron NNP X O
And CC X O
follow VB X O
us PRP X O
on IN X O
Twitter NN X O
: : X O
This DT X O

role NN X O
will MD X O
require VB X B-Skill
you PRP X I-Skill
to TO X I-Skill
head VB X I-Skill
a DT X I-Skill
team NN X I-Skill
of IN X O
Project NN X B-Occupation
Managers NNP X I-Occupation
, , X O
Engineers NNP X B-Occupation
, , X O
Coordinators NNP X B-Occupation
and CC X O
Supervisors NNPS X B-Occupation
in IN X O
managing VBG X B-Skill
and CC X I-Skill
coordinating VBG X I-Skill
all DT X I-Skill
aspects NNS X I-Skill
related VBN X I-Skill
to TO X I-Skill
the DT X I-Skill
installation NN X I-Skill
works VBZ X I-Skill
provided VBN X O
by IN X O
the DT X O
Company NNP X O
. . X O
The DT X O

hospitals NNS X O
provide VBP X O
a DT X O
wide JJ X O
range NN X O
of IN X O
services NNS X O
, , X O
from IN X O
diagnostic JJ X B-Skill
and CC X I-Skill
routine JJ X I-Skill
investigations NNS X I-Skill
, , X O
to TO X O
more RBR X O
complex JJ X B-Skill
surgery NN X I-Skill
. . X O
If IN X O

you PRP X O
re VBP X O
used VBN X B-Skill
to TO X I-Skill
selling VBG X I-Skill
and CC X I-Skill
handling VBG X I-Skill
cash NN X I-Skill
, , X O
that IN X O
s VBD X O
even RB X O
better RBR X O
. . X O
Appropriate NNP X O

ongoing VBG X O
training NN X O
will MD X O
be VB X O
provided VBN X O
in IN X O
a DT X O
number NN X O
of IN X O
areas NNS X O
to TO X O
assist VB X O
the DT X O
appointed VBN X O
researcher NN X O
to TO X O
develop VB X B-Skill
cutting VBG X I-Skill
edge NN X I-Skill
and CC X I-Skill
transferable JJ X I-Skill
research NN X I-Skill
skills NNS X I-Skill
to TO X O
support VB X O
career NN X O
progression NN X O
. . X O
Across IN X O

the DT X O
Biology NNP X B-Domain
, , X O
Chemistry NNP X B-Domain
and CC X O
Physics NNP X B-Domain
curriculum VBP X O
the DT X O
Science NNP X B-Domain
department NN X O
as IN X O
a DT X O
whole JJ X O
offers VBZ X O
great JJ X O
opportunity NN X O
for IN X O
progression NN X B-Skill
and CC X I-Skill
development NN X I-Skill
. . X O
Diary NNP X O

and CC X O
email JJ X O
management NN X O
for IN X O
Head NNP X O
of IN X O
the DT X O
Department NNP X O
Syntech NNP X O

Recruitment NNP X O
Limited NNP X O
is VBZ X O
acting VBG X O
as IN X O
an DT X O
Employment NNP X O
Agency NNP X O
in IN X O
relation NN X O
to TO X O
this DT X O
position NN X O
. . X O
Service NNP X O

specialises VBZ X O
in IN X O
care NN X B-Skill
proceedings NNS X I-Skill
, , X O
permanence NN X B-Skill
planning NN X I-Skill
and CC X O
direct JJ X B-Skill
work NN X I-Skill
. . X O
You PRP X O

` `` X O
ll NNS X O
take VB X B-Skill
thorough JJ X I-Skill
briefs NNS X I-Skill
from IN X I-Skill
the DT X I-Skill
client NN X I-Skill
to TO X I-Skill
guarantee VB X I-Skill
that IN X I-Skill
that DT X I-Skill
only RB X I-Skill
the DT X I-Skill
very RB X I-Skill
best JJS X I-Skill
work NN X I-Skill
is VBZ X I-Skill
delivered VBN X I-Skill
, , X O
so IN X O
whether IN X O
it PRP X O
` `` X O
s JJ X O
working NN X O
across IN X O
print NN X O
or CC X O
digital JJ X O
campaigns NNS X O
This DT X O

involves VBZ X O
a DT X O
lot NN X O
of IN X O
walking VBG X B-Skill
obviously RB X O
as RB X O
well RB X O
as IN X O
interaction NN X B-Skill
with IN X I-Skill
the DT X I-Skill
general JJ X I-Skill
public NN X I-Skill
, , X O
therefore RB X O
I PRP X O
am VBP X O
looking VBG X O
for IN X O
friendly JJ X B-Skill
, , X I-Skill
outgoing VBG X I-Skill
performers NNS X O
with IN X O
excellent JJ X O
improvisational JJ X B-Skill
skills NNS X O
and CC X O
good JJ X O
comedy NN X B-Skill
timing NN X I-Skill
. . X O
Electrical JJ X B-Occupation

, , X I-Occupation
Control NNP X I-Occupation
and CC X I-Occupation
Instrumentation NNP X I-Occupation
Engineer NNP X I-Occupation
Power NNP X B-Skill
Generation NNP X I-Skill
/ NNP X I-Skill
Utility NNP X I-Skill
Reporting NNP X I-Skill
to TO X I-Skill
the DT X I-Skill
Electrical NNP X I-Skill
, , X O
Control NNP X B-Skill
and CC X I-Skill
Instrumentation NNP X I-Skill
E NNP X B-Occupation
, , X I-Occupation
C NNP X I-Occupation
and CC X I-Occupation
I PRP X I-Occupation
Lead VBP X I-Occupation
Engineer NNP X I-Occupation
and CC X O
Project NNP X B-Occupation
Teams NNP X I-Occupation
, , X B-Skill
responsible JJ X I-Skill
for IN X I-Skill
checking VBG X I-Skill
, , X O
developing VBG X B-Skill
or CC X I-Skill
delivering VBG X I-Skill
EC NNP X I-Skill
and CC X I-Skill
I PRP X I-Skill
Engineering VBG X I-Skill
solutions NNS X I-Skill
from IN X O
feasibility NN X O
to TO X O
detailed VB X O
engineering NN X O
designs NNS X O
for IN X O
a DT X O
Generation NNP X O
Project NNP X O
or CC X O
portfolio NN X O
of IN X O
Generation NNP X O
Projects NNPS X O
covering VBG X O
existing VBG X O
Coal NNP X O
, , X O
Gas NNP X O
or CC X O
Renewable JJ X O
assets NNS X O
or CC X O
new JJ X O
build JJ X O
projects NNS X O
. . X O
We PRP X O

will MD X O
attain VB X O
this DT X O
reputation NN X O
through IN X O
the DT X O
value NN X O
we PRP X O
place VBP X O
on IN X O
our PRP$ X O
staff NN X O
and CC X O
the DT X O
expectations NNS X O
we PRP X O
place VBP X O
on IN X O
them PRP X O
for IN X O
the DT X O
highest JJS X O
standards NNS X O
of IN X O
performance NN X O
. . X O
Tableau NNP X B-Domain

makes VBZ X O
fast JJ X B-Domain
analytics NNS X I-Domain
and CC X O
data NNS X B-Domain
visualisation NN X I-Domain
software NN X I-Domain
that WDT X O
helps VBZ X O
people NNS X O
see VBP X O
and CC X O
understand VBP X O
their PRP$ X O
data NNS X O
in IN X O
a DT X O
fraction NN X O
of IN X O
the DT X O
time NN X O
of IN X O
conventional JJ X O
Business NNP X B-Domain
Intelligence NNP X I-Domain
tools NNS X I-Domain
. . X O
Duties NNS X O

: : X O
Process NN X B-Skill
development NN X I-Skill
and CC X I-Skill
implementation NN X I-Skill
and CC X I-Skill
the DT X I-Skill
development NN X I-Skill
of IN X I-Skill
SOP NNP X I-Skill
' POS X I-Skill
s NN X I-Skill
Organise NNP X I-Skill
preproduction NN X I-Skill
trials NNS X I-Skill
and CC X O
apply VB X B-Skill
any DT X I-Skill
modifications NNS X I-Skill
to TO X I-Skill
tooling NN X I-Skill
, , X I-Skill
programmes VBZ X I-Skill
fixtures NNS X I-Skill
etc FW X I-Skill
which WDT X I-Skill
the DT X I-Skill
trials NNS X I-Skill
may MD X I-Skill
highlight VB X I-Skill
as IN X I-Skill
being VBG X I-Skill
necessary JJ X I-Skill
. . X O
Group NNP X O

Personal NNP X O
Pension NNP X B-Domain
Plan NNP X O
Lunch NNP X B-Domain
Allowance NNP X I-Domain
Health NNP X I-Domain
& CC X I-Domain
Dental NNP X I-Domain
Care NNP X I-Domain
Useful NNP X O

also RB X O
Classic NNP X B-Skill
ASP NNP X I-Skill
, , X O
HTML NNP X B-Skill
, , X O
Javascript NNP X B-Skill
, , X O
AJAX NNP X B-Skill
, , X O
CSS NNP X B-Skill
, , X O
Flash NNP X B-Skill
, , X O
Google NNP X B-Skill
Maps NNP X I-Skill
? . X O
This DT X O

recognised VBD X O
, , X O
UK NNP X O
based VBN X O
engineering NN X B-Domain
company NN X O
manufacture NN X O
and CC X O
package NN X O
products NNS X O
for IN X O
a DT X O
major JJ X O
client NN X O
in IN X O
the DT X O
Food NNP X B-Domain
industry NN X I-Domain
plus CC X O
more RBR X O
. . X O
An DT X O

excellent JJ X O
opportunity NN X O
has VBZ X O
arisen VBN X O
to TO X O
join VB X O
a DT X O
world NN X O
leading VBG X O
global JJ X O
organisation NN X O
, , X O
our PRP$ X O
client NN X O
Unilever NNP X O
are VBP X O
currently RB X O
looking VBG X O
for IN X O
an DT X O
Engineer NNP X B-Occupation
Utilities NNPS X O
based VBN X O
at IN X O
Unilever NNP X O
' POS X O
s NN X O
manufacturing NN X B-Domain
site NN X O
in IN X O
Gloucester NNP X O
. . X O
This DT X O

is VBZ X O
a DT X O
high JJ X O
profile NN X O
role NN X O
and CC X O
consequently RB X O
offers VBZ X O
considerable JJ X O
rewards NNS X O
in IN X O
terms NNS X O
of IN X O
career NN X O
progression NN X O
. . X O
looking VBG X B-Skill

at IN X I-Skill
Data NNP X I-Skill
Quality NNP X I-Skill
for IN X I-Skill
both DT X I-Skill
onsite JJ X I-Skill
and CC X I-Skill
Cloud NNP X I-Skill
applications NNS X I-Skill
. . X O
They PRP X O

are VBP X O
looking VBG X O
for IN X O
experienced JJ X B-Skill
and CC X I-Skill
passionate JJ X I-Skill
fundraisers NNS X I-Skill
to TO X I-Skill
develop VB X I-Skill
and CC X I-Skill
deliver VB X I-Skill
a DT X I-Skill
financially RB X I-Skill
successful JJ X I-Skill
and CC X I-Skill
inspirational JJ X I-Skill
You PRP X O

relish VBP X O
a DT X O
challenge NN X O
, , X O
are VBP X O
resilient JJ X B-Skill
and CC X O
have VBP X O
a DT X O
desire NN X O
to TO X O
succeed VB X O
. . X O
**** NN X O

or CC X O
over IN X O
For IN X O
this DT X O
role NN X O
we PRP X O
need VBP X O
for IN X O
you PRP X O
to TO X O
have VB X O
previous JJ X O
supervisory JJ X B-Skill
experience NN X O
, , X O
it PRP X O
doesn VBZ X O
t JJ X O
matter NN X O
how WRB X O
many JJ X O
you PRP X O
have VBP X O
supervised VBN X O
You PRP X O
must MD X O
have VB X O
a DT X O
flexible JJ X B-Skill
approach NN X I-Skill
to TO X I-Skill
working VBG X I-Skill
hours NNS X I-Skill
The DT X O

Senior NNP X B-Occupation
Community NNP X I-Occupation
Fundraiser NNP X I-Occupation
will MD X O
also RB X O
lead VB X B-Skill
, , X O
manage NN X B-Skill
, , X O
motivate NN X B-Skill
and CC X O
grow VB X B-Skill
fundraising VBG X I-Skill
volunteers NNS X I-Skill
in IN X O
the DT X O
key JJ X O
area NN X O
and CC X O
to TO X O
maximise VB X B-Skill
all DT X I-Skill
networking JJ X I-Skill
opportunities NNS X I-Skill
and CC X O
assist NN X B-Skill
with IN X I-Skill
the DT X I-Skill
identification NN X I-Skill
of IN X I-Skill
key JJ X I-Skill
supporters NNS X I-Skill
/ VBP X I-Skill
major JJ X I-Skill
donors NNS X I-Skill
in IN X I-Skill
the DT X I-Skill
area NN X I-Skill
. . X O
You PRP X O

will MD X O
possess VB X O
an DT X O
NVQ NNP X B-Qualification
Level NNP X I-Qualification
4 CD X I-Qualification
, , X O
RMA NNP X B-Qualification
, , X O
QCF NNP X B-Qualification
level VBZ X I-Qualification
5 CD X I-Qualification
or CC X O
equivalent JJ X O
qualification NN X O
and CC X O
be VB X O
computer NN X B-Skill
literate NN X I-Skill
. . X O
please VB X O

send VB X O
your PRP$ X O
CV NNP X O
in IN X O
for IN X O
immediate JJ X O
review NN X O
against IN X O
this DT X O
opportunity NN X O
and CC X O
others NNS X O
. . X O
You PRP X O

will MD X O
have VB X O
experience NN X O
selling NN X B-Skill
feature NN X O
/ NNP X O
benefit NN X O
solutions NNS X O
and CC X O
demonstrate NN X O
successes NNS X O
and CC X O
target VB X O
achievement NN X O
in IN X O
previous JJ X O
roles NNS X O
. . X O
Ensure NNP X O

the DT X O
magazine NN X O
maintains VBZ X O
the DT X O
highest JJS X O
reputation NN X O
in IN X O
the DT X O
industry NN X B-Domain
. . X O
Good JJ X B-Skill

organisational NN X I-Skill
and CC X I-Skill
time NN X I-Skill
management NN X I-Skill
skills NNS X I-Skill
Good NNP X I-Skill
' POS X I-Skill
people NNS X I-Skill
skills NNS X I-Skill
' POS X I-Skill
the DT X I-Skill
ability NN X I-Skill
to TO X I-Skill
motivate VB X I-Skill
and CC X I-Skill
develop VB X I-Skill
staff NN X I-Skill
Comprehensive JJ X O

Product NNP X B-Skill
Knowledge NNP X I-Skill
, , X O
Service NNP X B-Skill
and CC X O
Application NNP X B-Skill
Results NNP X I-Skill
orientated VBD X I-Skill
Commercial NNP X I-Skill
awareness NN X I-Skill
Take VB X B-Skill

full JJ X I-Skill
ownership NN X I-Skill
of IN X I-Skill
the DT X I-Skill
task NN X I-Skill
and CC X I-Skill
responsibility NN X I-Skill
to TO X I-Skill
report VB X I-Skill
any DT X I-Skill
followup JJ X I-Skill
services NNS X I-Skill
required VBN X I-Skill
or CC X I-Skill
problem NN X I-Skill
escalations NNS X I-Skill
. . X O
Considerable JJ X O

success NN X O
to TO X O
date NN X O
, , X O
combined VBN X O
with IN X O
continuing VBG X O
strong JJ X O
customer NN X O
interest NN X O
and CC X O
market NN X O
opportunity NN X O
, , X O
requires VBZ X O
the DT X O
accelerated JJ X O
development NN X O
of IN X O
our PRP$ X O
Mali NNP X O
GPU NNP X O
product NN X O
family NN X O
. . X O
Two CD X B-Experience

years NNS X I-Experience
solid JJ X I-Experience
teaching NN X I-Experience
experience NN X I-Experience
is VBZ X O
essential JJ X O
Willingness NNP X B-Skill
to TO X I-Skill
promote VB X I-Skill
learning VBG X I-Skill
Strong NNP X O
classroom NN X B-Skill
management NN X I-Skill
skills NNS X O
Flexible JJ X B-Skill
and CC X O
adaptable JJ X B-Skill
approach NN X I-Skill
to TO X O
work VB X O
Positive NNP X O
outlook NN X O
Innovative NNP X B-Skill
and CC X O
resourceful JJ X B-Skill
teaching NN X I-Skill
methods NNS X O
Once RB X O

these DT X O
checks NNS X O
pass VBP X O
functional JJ X O
regression NN X O
tests NNS X O
are VBP X O
run VBN X O
in IN X O
a DT X O
dynamically RB X O
created VBN X O
virtual JJ X O
environment NN X O
all DT X O
of IN X O
this DT X O
is VBZ X O
fully RB X O
automated VBN X O
where WRB X O
possible JJ X O
. . X O
Baltic NNP X O

Recruitment NNP X O
Services NNPS X O
are VBP X O
currently RB X O
looking VBG X O
to TO X O
recruit VB X O
a DT X O
Team NN X B-Occupation
Leader NNP X I-Occupation
to TO X O
oversee VB X B-Skill
a DT X I-Skill
Powder NNP X I-Skill
Coating NNP X I-Skill
Plant NNP X I-Skill
. . X O
Experience NN X B-Skill

and CC X I-Skill
knowledge NN X I-Skill
of IN X I-Skill
EC NNP X I-Skill
and CC X I-Skill
I PRP X I-Skill
Engineering VBG X I-Skill
works NNS X I-Skill
required VBN X O
for IN X O
Generation NNP X O
projects NNS X O
. . X O
They PRP X O

will MD X O
also RB X O
be VB X O
able JJ X O
to TO X O
engage VB X O
with IN X O
business NN X B-Skill
requirement NN X I-Skill
gathering NN X I-Skill
, , X O
translation NN X B-Skill
of IN X O
requirements NNS X O
and CC X O
delivery NN X B-Skill
of IN X I-Skill
value NN X I-Skill
adding VBG X O
bespoke NN X O
services NNS X O
. . X O
Must NNP X O

have VBP X O
a DT X O
full JJ X O
clean JJ X O
driving VBG X B-Qualification
licence NN X I-Qualification
and CC X O
be VB X O
able JJ X B-Skill
to TO X I-Skill
travel VB X I-Skill
outside IN X I-Skill
the DT X I-Skill
UK NNP X I-Skill
if IN X O
necessary JJ X O
especially RB X O
to TO X O
Thailand NNP X O
at IN X O
least JJS X O
twice RB X O
a DT X O
year NN X O
. . X O
Reporting VBG X B-Skill

to TO X I-Skill
the DT X I-Skill
Head NNP X I-Skill
of IN X I-Skill
products NNS X I-Skill
and CC X I-Skill
services NNS X I-Skill
you PRP X O
will MD X O
be VB X O
tasked VBN X O
with IN X O
developing VBG X B-Skill
relationships NNS X I-Skill
with IN X I-Skill
target NN X I-Skill
organisations NNS X I-Skill
with IN X I-Skill
the DT X I-Skill
view NN X I-Skill
to TO X I-Skill
securing NN X I-Skill
and CC X I-Skill
maximising VBG X I-Skill
the DT X I-Skill
delivery NN X I-Skill
of IN X I-Skill
products NNS X I-Skill
/ NNP X I-Skill
services NNS X I-Skill
. . X O
To TO X O

be VB X O
a DT X O
success NN X O
you PRP X O
should MD X O
be VB X O
able JJ X O
to TO X O
see VB X O
the DT X O
bigger JJR X O
picture NN X O
and CC X O
recognise NN X O
opportunities NNS X O
to TO X O
make VB X O
savings NNS X O
across IN X O
shifts NNS X O
and CC X O
ways NNS X O
to TO X O
improve VB X O
across IN X O
the DT X O
board NN X O
. . X O
Ensuring VBG X O

all DT X O
VAT NNP X B-Skill
charges NNS X I-Skill
are VBP X I-Skill
communicated VBN X I-Skill
and CC X I-Skill
implemented VBN X I-Skill
by IN X I-Skill
the DT X I-Skill
business NN X I-Skill
Ownership NNP X I-Skill
of IN X I-Skill
goods NNS X I-Skill
flow VBP X I-Skill
throughout IN X I-Skill
Europe NNP X I-Skill
Liaise NNP X I-Skill
with IN X I-Skill
UK NNP X I-Skill
and CC X I-Skill
European NNP X I-Skill
VAT NNP X I-Skill
offices NNS X I-Skill
as IN X O
required JJ X O
Intrastat NNP X B-Skill
returns NNS X I-Skill
Daily NNP X I-Skill
recollection NN X I-Skill
of IN X I-Skill
overpaid JJ X I-Skill
VAT NNP X I-Skill
review NN X I-Skill
and CC X O
reconcile VB X B-Skill
the DT X I-Skill
import NN X I-Skill
VAT NNP X I-Skill
paid VBN X I-Skill
by IN X I-Skill
group NN X I-Skill
companies NNS X I-Skill
Relationship NNP X I-Skill
building VBG X I-Skill
/ NNP X I-Skill
management NN X I-Skill
with IN X I-Skill
HMRC NNP X I-Skill
Production NNP X I-Skill
and CC X I-Skill
submission NN X I-Skill
of IN X I-Skill
EC NNP X I-Skill
sales NNS X I-Skill
lists VBZ X I-Skill
Ad NNP X I-Skill
hoc NN X I-Skill
duties NNS X I-Skill
and CC X I-Skill
projects NNS X I-Skill
The DT X O
ideal JJ X O
candidate NN X O
will MD X O
be VB X O
a DT X O
VAT NNP X B-Occupation
expert NN X I-Occupation
with IN X O
strong JJ X O
experience NN X O
within IN X O
FMCG NNP X B-Domain
or CC X O
other JJ X O
consumer NN X B-Domain
goods NNS X I-Domain
sector NN X I-Domain
. . X O
Customer NNP X B-Occupation

Service NNP X I-Occupation
Advisors NNP X O
urgently RB X O
required VBD X O
City NNP X O
centre NN X O
location NN X O
Start NNP X O
date NN X O
Fantastic JJ X O

salary JJ X O
Implement NNP X O
own JJ X O
ideas NNS X O
and CC X O
develop VB X O
a DT X O
department NN X O
Professional NNP X O
offices NNS X O
Our PRP$ X O
client NN X O
is VBZ X O
a DT X O
growing VBG X O
finance NN X B-Domain
company NN X O
in IN X O
Warrington NNP X O
focused VBD X O
on IN X O
Debt NNP X B-Skill
recovery NN X I-Skill
. . X O
In IN X O

addition NN X O
to TO X O
this DT X O
role NN X O
, , X O
we PRP X O
have VBP X O
many JJ X O
other JJ X O
excellent JJ X O
and CC X O
specialist JJ X B-Domain
positions NNS X I-Domain
. . X O
nbsp RB X O

; : X O
The DT X O
job NN X O
holder NN X O
will MD X O
generally RB X O
be VB X O
at IN X O
least JJS X O
part NN X O
professionally RB X O
qualified VBN X O
and CC X O
will MD X O
probably RB X O
possess VB X O
some DT X O
specialised JJ X O
knowledge NN X O
/ NNP X O
skills NNS X O
gained VBD X O
through IN X O
on IN X O
the DT X O
job NN X O
experience NN X O
. . X O
This DT X O

will MD X O
include VB X O
the DT X O
creation NN X B-Skill
of IN X I-Skill
specifications NNS X I-Skill
, , X O
management NN X B-Skill
of IN X I-Skill
suppliers NNS X I-Skill
and CC X O
implementation NN X B-Skill
to TO X I-Skill
our PRP$ X I-Skill
production NN X I-Skill
plants NNS X I-Skill
Globally RB X I-Skill
. . X O
From IN X O

September NNP X O
2013 CD X O
, , X O
establish VB X O
a DT X O
NCS NNP X O
network NN X O
of IN X O
programme NN X O
graduates NNS X O
, , X O
a DT X O
group NN X O
that WDT X O
will MD X O
participate VB X O
in IN X O
similar JJ X O
activities NNS X O
to TO X O
a DT X O
traditional JJ X O
DF NNP X O
group NN X O
9 CD X O
. . X O
If IN X O

you PRP X O
require VBP X O
the DT X O
pack NN X O
to TO X O
be VB X O
sent VBN X O
in IN X O
the DT X O
post NN X O
, , X O
require VBP X O
it PRP X O
in IN X O
an DT X O
alternative JJ X O
format NN X O
or CC X O
would MD X O
like VB X O
to TO X O
contact VB X O
us PRP X O
, , X O
please VB X O
call VB X O
Protocol NNP X O

is VBZ X O
the DT X O
UKs NNP X O
largest JJS X O
provider NN X O
of IN X O
skilled JJ X O
professional JJ X O
staff NN X O
to TO X O
the DT X O
Further NNP X O
Education NNP X B-Domain
sector NN X O
who WP X O
are VBP X O
continually RB X O
looking VBG X O
for IN X O
experienced JJ X O
tutors NNS X B-Occupation
, , X O
lecturers NNS X B-Occupation
and CC X O
trainers NNS X B-Occupation
with IN X O
experience NN X B-Skill
in IN X O
the DT X O
FE NNP X B-Domain
sector NN X I-Domain
. . X O
Support VB X B-Skill

the DT X I-Skill
Sourcing NNP X I-Skill
Teams NNP X I-Skill
on IN X I-Skill
future JJ X I-Skill
fabric NN X I-Skill
requirements NNS X I-Skill
and CC X I-Skill
innovations NNS X I-Skill
. . X O
If IN X O

this DT X O
job NN X O
sounds VBZ X O
exciting VBG X O
to TO X O
you PRP X O
and CC X O
is VBZ X O
directly RB X O
relevant JJ X O
to TO X O
your PRP$ X O
background NN X O
and CC X O
experience NN X O
, , X O
aligned VBN X O
with IN X O
how WRB X O
you PRP X O
are VBP X O
seeking VBG X O
to TO X O
develop VB X O
your PRP$ X O
career NN X O
then RB X O
please VB X O
do VB X O
not RB X O
hesitate VB X O
to TO X O
get VB X O
in IN X O
touch NN X O
with IN X O
me PRP X O
. . X O
This DT X O

is VBZ X O
an DT X O
exciting JJ X O
opportunity NN X O
for IN X O
any DT X O
candidate NN X O
that WDT X O
is VBZ X O
looking VBG X O
for IN X O
their PRP$ X O
next JJ X O
Marketing NNP X B-Domain
Opportunity NNP X O
. . X O
Target NN X B-Skill

focused VBD X I-Skill
Cold JJ X I-Skill
calling VBG X I-Skill
experience NN X I-Skill
Customer NNP X I-Skill
service NN X I-Skill
orientated VBD X I-Skill
Please NNP X O
click NN X O
on IN X O
apply NN X O
if IN X O
interested JJ X O
in IN X O
this DT X O
position NN X O
or CC X O
call VB X O
Andrea NNP X O
on IN X O
: : X O
Working VBG X O

in IN X O
a DT X O
multi NN X O
disciplined VBD X O
engineering NN X B-Domain
team NN X O
to TO X O
provide VB X O
sound NN X B-Skill
designs NNS X I-Skill
, , X O
plans NNS X B-Skill
, , X O
support NN X B-Skill
and CC X O
execution NN X B-Skill
of IN X I-Skill
major JJ X I-Skill
MoD NNP X I-Skill
/ NNP X I-Skill
Civil NNP X I-Skill
projects NNS X I-Skill
Delivering VBG X O
presentations NNS X B-Skill
, , X O
reports NNS X B-Skill
and CC X O
status NN X B-Skill
to TO X O
other JJ X O
engineers NNS X B-Occupation
, , X O
higher JJR X B-Domain
management NN X I-Domain
, , X O
other JJ X O
departments NNS X O
along IN X O
with IN X O
customers NNS X O
and CC X O
suppliers NNS X O
, , X O
including VBG X O
presentation NN X B-Skill
at IN X I-Skill
design NN X I-Skill
reviews NNS X I-Skill
Representing VBG X I-Skill
the DT X I-Skill
organisation NN X I-Skill
as IN X I-Skill
a DT X I-Skill
technical JJ X I-Skill
contact NN X I-Skill
on IN X O
specific JJ X O
projects NNS X O
and CC X O
to TO X O
interact VB X B-Skill
with IN X I-Skill
external JJ X I-Skill
personnel NNS X I-Skill
on IN X I-Skill
significant JJ X I-Skill
technical JJ X I-Skill
matters NNS X I-Skill
Familiarity NNP X O
with IN X O
, , X O
and CC X O
regular JJ X O
usage NN X O
of IN X O
, , X O
computer NN X B-Skill
based VBN X I-Skill
tools NNS X I-Skill
design NN X I-Skill
packages NNS X I-Skill
and CC X O
Working VBG X B-Skill
to TO X I-Skill
tight JJ X I-Skill
timescales NNS X I-Skill
to TO X O
achieve VB X O
commitments NNS X O
and CC X O
willing JJ X B-Skill
to TO X I-Skill
do VB X I-Skill
what WP X I-Skill
is VBZ X I-Skill
required VBN X I-Skill
to TO X I-Skill
get VB X I-Skill
the DT X I-Skill
job NN X I-Skill
done VBN X I-Skill
Successful NNP X O
candidates NNS X O
will MD X O
possess VB X O
a DT X O
desire NN X O
to TO X O
be VB X O
challenged VBN X O
and CC X O
to TO X O
contribute VB X O
towards NNS X O
the DT X O
success NN X O
and CC X O
growth NN X O
of IN X O
the DT X O
business NN X O
. . X O
our PRP$ X O

**** NN X O
stores NNS X O
, , X O
and CC X O
we PRP X O
have VBP X O
over RP X O
70 CD X O
million CD X O
customers NNS X O
a DT X O
year NN X O
. . X O
Key NNP X O

Tasks NNP X O
will MD X O
involve VB X O
: : X O
To TO X O
maintain VB X B-Skill
the DT X I-Skill
standards NNS X I-Skill
of IN X I-Skill
cleanliness NN X I-Skill
of IN X I-Skill
all DT X I-Skill
materials NNS X I-Skill
in IN X I-Skill
line NN X I-Skill
with IN X I-Skill
company NN X I-Skill
policy NN X I-Skill
, , X O
which WDT X O
include VBP X O
: : X O
Machinery NN X O
; : X O
cooking VBG X O
equipment NN X O
, , X O
crockery NN X O
and CC X O
cutlery NN X O
, , X O
pots NNS X O
and CC X O
pans NNS X O
, , X O
floors NNS X O
and CC X O
tiles NNS X O
, , X O
refrigerators NNS X O
, , X O
storage NN X O
areas NNS X O
plus CC X O
outside JJ X O
areas NNS X O
relating VBG X O
to TO X O
storage VB X O
and CC X O
kitchen VB X O
. . X O
Inputting VBG X B-Skill

data NNS X I-Skill
on IN X I-Skill
electronic JJ X I-Skill
and CC X O
manual JJ X B-Skill
filing NN X I-Skill
and CC X O
information NN X B-Skill
systems NNS X I-Skill
Degree NNP X O

in IN X O
Computer NNP X B-Qualification
Science NNP X I-Qualification
, , X O
Business NNP X B-Qualification
or CC X O
Engineering NNP X B-Qualification
or CC X O
relevant JJ X O
discipline NN X O
. . X O
Carry NNP X B-Skill

out RP X I-Skill
commissioning VBG X I-Skill
activities NNS X I-Skill
at IN X I-Skill
client NN X I-Skill
site NN X I-Skill
as IN X O
required VBN X O
, , X O
to TO X O
ensure VB X O
successful JJ X O
engineering NN X B-Domain
handover NN X O
. . X O
You PRP X O

will MD X O
also RB X O
be VB X O
required VBN X O
to TO X O
assist VB X B-Skill
with IN X O
the DT X O
fund NN X O
audits NN X O
and CC X O
preparation NN X B-Skill
of IN X I-Skill
quarterly JJ X I-Skill
management NN X I-Skill
accounts NNS X I-Skill
for IN X O
holding VBG X O
companies NNS X O
and CC X O
assist NN X B-Skill
with IN X O
in IN X O
the DT X O
quarterly JJ X O
Fund NNP X O
Investor NNP X O
reporting VBG X B-Skill
The DT X O
Person NNP X O
You PRP X O

will MD X O
be VB X O
able JJ X O
to TO X O
effectively RB X O
manage VB X B-Skill
all DT X I-Skill
aspects NNS X I-Skill
of IN X I-Skill
direct JJ X I-Skill
and CC X I-Skill
nondirect JJ X I-Skill
labour NN X I-Skill
, , X I-Skill
materials NNS X I-Skill
and CC X I-Skill
plant NN X I-Skill
whilst NN X O
maintaining VBG X B-Skill
a DT X I-Skill
positive JJ X I-Skill
and CC X I-Skill
proactive JJ X I-Skill
relationship NN X I-Skill
with IN X I-Skill
the DT X I-Skill
client NN X I-Skill
. . X O
You PRP X O

will MD X O
work VB X O
closely RB X O
with IN X O
the DT X O
presales NNS X B-Occupation
teams NNS X O
, , X O
be VB X O
involved VBN X O
in IN X O
meetings NNS X O
to TO X O
provide VB X O
equipment NN X O
details NNS X O
and CC X O
calculations NNS X B-Skill
. . X O
**** NN X O

would MD X O
be VB X O
an DT X O
advantage NN X O
Work NN X O
on IN X O
a DT X O
callout NN X B-Skill
rota NN X I-Skill
Working NNP X O
in IN X O
a DT X O
mobile JJ X B-Skill
capacity NN X I-Skill
Security NNP X I-Skill
systems NNS X I-Skill
, , X O
emergency NN X B-Skill
lighting NN X I-Skill
, , X O
panic JJ X B-Skill
systems NNS X I-Skill
, , X O
access NN X B-Skill
control NN X I-Skill
, , X O
sprinkler NN X B-Skill
systems NNS X I-Skill
. . X O
The DT X O

BDD NNP X B-Occupation
will MD X O
be VB X O
responsible JJ X O
for IN X O
proactively RB X O
growing VBG X B-Skill
the DT X I-Skill
business NN X I-Skill
strategically RB X I-Skill
, , X I-Skill
managing VBG X I-Skill
the DT X I-Skill
business NN X I-Skill
development NN X I-Skill
team NN X I-Skill
and CC X O
keeping VBG X B-Skill
updated JJ X I-Skill
with IN X I-Skill
regards NNS X I-Skill
to TO X I-Skill
industry NN X I-Skill
developments NNS X I-Skill
. . X O
For IN X O

successful JJ X O
applicants NNS X O
we PRP X O
offer VBP X O
highly RB X O
competitive JJ X O
hourly NN X O
rates NNS X O
and CC X O
mileage NN X O
payments NNS X O
. . X O
The DT X O

successful JJ X O
candidate NN X O
will MD X O
be VB X O
immediately RB X O
available JJ X O
and CC X O
will MD X O
have VB X O
demonstrable JJ X B-Skill
credit NN X I-Skill
control NN X I-Skill
experience NN X I-Skill
, , X I-Skill
such JJ X I-Skill
as IN X I-Skill
chasing VBG X I-Skill
overdue JJ X I-Skill
invoices NNS X I-Skill
, , X I-Skill
BACS NNP X I-Skill
/ NNP X I-Skill
cheque NN X I-Skill
/ NNP X I-Skill
credit NN X I-Skill
card NN X I-Skill
payments NNS X I-Skill
looking VBG X I-Skill
into IN X I-Skill
credit NN X I-Skill
balances NNS X I-Skill
and CC X I-Skill
making VBG X I-Skill
sure JJ X I-Skill
accounts NNS X I-Skill
are VBP X I-Skill
presentable JJ X I-Skill
. . X O
We PRP X O

are VBP X O
currently RB X O
recruiting VBG X O
for IN X O
an DT X O
established VBN X O
, , X O
boutique NN X O
, , X O
family NN X O
run NN X O
business NN X O
who WP X O
are VBP X O
looking VBG X O
to TO X O
add VB X O
to TO X O
their PRP$ X O
small JJ X O
finance NN X B-Domain
team NN X O
. . X O
For IN X O

more JJR X O
information NN X O
, , X O
and CC X O
to TO X O
apply VB X O
online JJ X O
, , X O
please VB X O
click NN X O
on IN X O
the DT X O
apply JJ X O
button NN X O
. . X O
With IN X O

exposure NN X O
to TO X O
so RB X O
many JJ X O
different JJ X O
areas NNS X O
of IN X O
nursing NN X B-Domain
, , X O
you PRP X O
will MD X O
have VB X O
the DT X O
opportunity NN X O
to TO X O
build VB X O
on IN X O
your PRP$ X O
clinical JJ X B-Skill
skills NNS X I-Skill
or CC X O
focus VB X O
on IN X O
a DT X O
specialist JJ X O
area NN X O
. . X O
The DT X O

key JJ X O
responsibilities NNS X O
for IN X O
this DT X O
role NN X O
include VBP X O
; : X O
Producing NNP X B-Skill
and CC X I-Skill
analysing VBG X I-Skill
sales NNS X I-Skill
reports NNS X I-Skill
for IN X O
Account NNP X O
Managers NNP X O
and CC X O
Key NNP X O
Clients NNP X O
; : X B-Skill
Provide NNP X I-Skill
data NNS X I-Skill
to TO X I-Skill
identify VB X I-Skill
opportunities NNS X I-Skill
for IN X I-Skill
growth NN X I-Skill
; : X O
Resolve NNP X B-Skill
queries NNS X I-Skill
from IN X O
customers NNS X O
and CC X O
Key NNP X O
Account NNP X O
Managers NNP X O
; : X B-Skill
Produce NNP X I-Skill
rebate NN X I-Skill
files NNS X I-Skill
and CC X I-Skill
price NN X I-Skill
lists NNS X I-Skill
; : X O
completing VBG X B-Skill
PQQ NNP X I-Skill
' POS X I-Skill
s NN X I-Skill
for IN X I-Skill
tenders NNS X I-Skill
and CC X O
raising VBG X B-Skill
credits NNS X I-Skill
and CC X I-Skill
debits NNS X I-Skill
. . X O
The DT X O

role NN X O
is VBZ X O
offered VBN X O
on IN X O
an DT X O
initial JJ X O
6 CD X O
month NN X O
contract NN X O
with IN X O
the DT X O
potential NN X O
for IN X O
this DT X O
to TO X O
become VB X O
a DT X O
permanent JJ X O
position NN X O
Reporting VBG X O
to TO X O
the DT X O
Financial NNP X B-Occupation
Director NNP X I-Occupation
, , X O
responsible JJ X O
for IN X O
managing VBG X B-Skill
and CC X I-Skill
coordinating VBG X I-Skill
the DT X I-Skill
company NN X I-Skill
' POS X I-Skill
s NN X I-Skill
finance NN X I-Skill
operations NNS X I-Skill
, , X O
ensuring VBG X B-Skill
integrity NN X I-Skill
of IN X I-Skill
all DT X I-Skill
financial JJ X I-Skill
and CC X I-Skill
legal JJ X I-Skill
data NNS X I-Skill
to TO X O
comply VB X B-Skill
with IN X I-Skill
statutory JJ X I-Skill
and CC X I-Skill
reporting NN X I-Skill
requirements NNS X I-Skill
. . X O
As IN X O

the DT X O
successful JJ X O
account NN X B-Occupation
manager NN X I-Occupation
, , X O
you PRP X O
must MD X O
have VB X O
experience NN X B-Skill
of IN X I-Skill
selling VBG X I-Skill
a DT X I-Skill
product NN X I-Skill
or CC X I-Skill
service NN X I-Skill
into IN X I-Skill
small JJ X I-Skill
independent JJ X I-Skill
retailers NNS X I-Skill
. . X O
For IN X O

the DT X O
successful JJ X O
candidate NN X O
' '' X O
s NN X O
that WDT X O
are VBP X O
able JJ X O
to TO X O
stand VB X O
out RP X O
from IN X O
his PRP$ X O
or CC X O
her PRP$ X O
competition NN X O
and CC X O
produce VB X O
good JJ X O
results NNS X O
Key NNP X O

Technical NNP X O
skills NNS X O
include VBP X O
: : X O
Hands NNS X O
on IN X O
Web NNP X B-Skill
Development NNP X I-Skill
C NNP X I-Skill
ASP NNP X I-Skill
. . X I-Skill
NET NN X I-Skill
. . X O
The DT X O

ideal JJ X O
candidate NN X O
will MD X O
be VB X O
ambitious JJ X B-Skill
and CC X O
have VBP X O
the DT X O
drive NN X B-Skill
to TO X I-Skill
succeed VB X I-Skill
. . X O
Client JJ X O

Server NNP X O
Ltd NNP X O
. . X O
Client NNP X O
Server NNP X O
is VBZ X O
a DT X O
leading JJ X O
recruitment NN X O
consultancy NN X O
specialising VBG X O
in IN X O
technical JJ X O
positions NNS X O
in IN X O
IT NNP X O
. . X O
Some DT X O

experience NN X O
in IN X O
computer NN X B-Skill
programming VBG X I-Skill
during IN X O
your PRP$ X O
degree NN X O
. . X O
You PRP X O

will MD X O
be VB X O
working VBG X O
36 CD X O
hours NNS X O
per IN X O
week NN X O
, , X O
working VBG X O
night NN X O
shifts NNS X O
with IN X O
the DT X O
potential NN X O
for IN X O
overtime NN X O
. . X O
Experience NN X O

in IN X O
selling VBG X B-Skill
B2B NNP X I-Skill
mobile JJ X I-Skill
solutions NNS X I-Skill
would MD X O
also RB X O
be VB X O
beneficial JJ X O
. . X O
Apply RB X O

now RB X O
for IN X O
an DT X O
initial JJ X O
consultation NN X O
Service NNP X O
1st CD X O
Recruitment NNP X O
Ltd NNP X O
operates VBZ X O
& CC X O
advertises VBZ X O
as IN X O
an DT X O
Employment NNP X O
Agency NNP X O
for IN X O
permanent JJ X O
positions NNS X O
and CC X O
as IN X O
an DT X O
Employment NN X O
Business NN X O
for IN X O
contract NN X O
/ NNP X O
temporary JJ X O
positions NNS X O
Kare NNP X O

Plus NNP X O
is VBZ X O
currently RB X O
seeking VBG X O
enthusiastic JJ X B-Skill
, , X O
flexible JJ X B-Skill
Healthcare NNP X B-Occupation
Assistants NNPS X I-Occupation
to TO X O
work VB X O
within IN X O
various JJ X O
Care NNP X O
and CC X O
Nursing NNP X O
Homes NNP X O
in IN X O
the DT X O
South NNP X O
Oxfordshire NNP X O
Region NNP X O
. . X O
This DT X O

UK NNP X O
based VBN X O
technology NN X O
specialist NN X O
is VBZ X O
seeking VBG X O
to TO X O
expand VB X O
their PRP$ X O
SharePoint NNP X O
team NN X O
within IN X O
the DT X O
Microsoft NNP X B-Skill
Dynamics NNP X I-Skill
arena NN X O
and CC X O
requires VBZ X O
a DT X O
SharePoint NNP X B-Occupation
Consultant NNP X I-Occupation
with IN X O
experience NN X O
of IN X O
presenting VBG X B-Skill
to TO X I-Skill
customers NNS X I-Skill
as RB X O
well RB X O
as IN X O
working VBG X O
on IN X O
client NN X O
sites NNS X O
to TO X O
ensure VB X B-Skill
the DT X I-Skill
successful JJ X I-Skill
deployment NN X I-Skill
, , X I-Skill
roll NN X I-Skill
out RB X I-Skill
and CC X I-Skill
usage NN X I-Skill
of IN X I-Skill
SharePoint NNP X I-Skill
. . X O
The DT X O

SAS NNP X B-Occupation
Programmer NNP X I-Occupation
provides VBZ X O
statistical JJ X B-Skill
software NN X I-Skill
and CC X O
software NN X B-Skill
documentation NN X I-Skill
support NN X I-Skill
to TO X O
biometrics NNS X B-Skill
in IN X O
general JJ X O
and CC X O
to TO X O
specific VB X B-Skill
clinical JJ X I-Skill
projects NNS X I-Skill
. . X O
Executing VBG X B-Skill

the DT X I-Skill
recruitment NN X I-Skill
strategy NN X I-Skill
in IN X O
line NN X O
with IN X O
the DT X O
operating NN X O
unit NN X O
s NN X O
business NN X O
plan NN X O
and CC X O
work NN X B-Skill
with IN X I-Skill
HR NNP X I-Skill
and CC X I-Skill
external JJ X I-Skill
agencies NNS X I-Skill
to TO X I-Skill
satisfy VB X I-Skill
that DT X I-Skill
strategy NN X I-Skill
. . X O
The DT X O

ability NN X O
to TO X O
demonstrate VB X O
exceptional JJ X O
Customer NNP X B-Skill
Service NNP X I-Skill
Skills NNP X I-Skill
Highly NNP X O
motivated VBD X B-Skill
with IN X O
the DT X O
ability NN X B-Skill
to TO X I-Skill
multitask VB X I-Skill
Excellent JJ X O
communication NN X B-Skill
and CC X O
interpersonal JJ X B-Skill
skills NNS X O
Experience NN X B-Skill
of IN X I-Skill
a DT X I-Skill
telephone NN X I-Skill
based VBN X I-Skill
customer NN X I-Skill
service NN X I-Skill
role NN X O
would MD X O
be VB X O
an DT X O
advantage NN X O
HR NNP X B-Occupation

Business NNP X I-Occupation
Partner NNP X I-Occupation
experience NN X O
will MD X O
ideally RB X O
include VB X O
: : X O
Proven JJ X B-Skill
experience NN X I-Skill
within IN X I-Skill
commercial JJ X I-Skill
HR NNP X I-Skill
role NN X I-Skill
Through IN X O
knowledge NN X B-Skill
of IN X I-Skill
HR NNP X I-Skill
policies NNS X I-Skill
, , X I-Skill
practises NNS X I-Skill
and CC X I-Skill
employment NN X I-Skill
law NN X I-Skill
Marketing VBG X B-Skill

experience NN X I-Skill
with IN X O
significant JJ X O
experience NN X O
at IN X O
Marketing NNP X B-Occupation
Manager NNP X I-Occupation
ideally RB X O
across IN X O
multiple JJ X O
cultures NNS X O
and CC X O
countries NNS X O
ideally RB X O
pharmaceutical JJ X O
, , X O
consumer NN X B-Skill
marketing NN X I-Skill
, , X O
digital JJ X B-Skill
marketing NN X I-Skill
Sales NNS X I-Skill
Experience NNP X I-Skill
ideal JJ X O
People NNP X B-Skill
Management NNP X I-Skill
experience NN X I-Skill
either RB X O
in IN X O
a DT X O
sales NNS X B-Domain
management NN X O
role NN X O
or CC X O
Marketing NNP X B-Domain
Manager NNP X O
role NN X O
Recruitment NNP X O
Process NN X O
: : X O
Attain NNP X O

qualification NN X B-Qualification
as IN X I-Qualification
an DT X I-Qualification
Assessor NNP X I-Qualification
and CC X O
if IN X O
appropriate JJ X O
, , X O
an DT X O
Internal NNP X B-Occupation
Verifier NNP X I-Occupation
. . X O
This DT X O

is VBZ X O
an DT X O
URGENT JJ X O
vacancy NN X O
where WRB X O
the DT X O
hiring NN X O
manager NN X O
is VBZ X O
looking VBG X O
to TO X O
shortlist VB X O
for IN X O
interview NN X O
immediately RB X O
. . X O
Due JJ X O

to TO X O
growth NN X O
within IN X O
the DT X O
company NN X O
an DT X O
Electronics NNP X B-Occupation
designer NN X I-Occupation
is VBZ X O
required VBN X O
on IN X O
a DT X O
full JJ X B-Skill
time NN X I-Skill
permanent JJ X I-Skill
basis NN X I-Skill
. . X O
The DT X O

company NN X O
has VBZ X O
won VBN X O
numerous JJ X O
awards NNS X O
including VBG X O
The DT X O
Sunday NNP X O
Times NNP X O
award NN X O
for IN X O
Training NN X O
and CC X O
The DT X O
Sunday NNP X O
Times NNP X O
award NN X O
for IN X O
Innovation NNP X O
. . X O
To TO X O

apply VB X O
for IN X O
this DT X O
role NN X O
, , X O
please VB X O
click VB X O
the DT X O
apply NN X O
button NN X O
below IN X O
. . X O
Other JJ X O

benefits NNS X O
: : X O
In IN X O
addition NN X O
to TO X O
a DT X O
dynamic JJ X O
and CC X O
fun JJ X O
environment NN X O
, , X O
with IN X O
a DT X O
strong JJ X O
focus NN X O
on IN X O
social JJ X O
aspects NNS X O
within IN X O
the DT X O
work NN X O
place NN X O
and CC X O
with IN X O
restaurants NNS X O
as RB X O
well RB X O
as IN X O
a DT X O
competitive JJ X O
salary NN X O
, , X O
we PRP X O
also RB X O
offer VBP X O
a DT X O
comprehensive JJ X O
benefits NNS X O
package NN X O
: : X O
Pension NNP X O
Life NNP X O
assurance NN X O
Group NNP X O
income NN X O
protection NN X O
Private NNP X O
medical JJ X O
insurance NN X O
Dental NNP X O
insurance NN X O
Buy NNP X O
your PRP$ X O
own JJ X O
bike NN X O
Subsidised VBD X O
gym JJ X O
membership NN X O
Childcare NNP X O
vouchers NNS X O
OpenTable NNP X O
is VBZ X O
an DT X O
equal JJ X O
opportunity NN X O
employer NN X O
. . X O
To TO X B-Skill

log VB X I-Skill
all DT X I-Skill
payments NNS X I-Skill
onto IN X I-Skill
Sage NNP X I-Skill
200 CD X I-Skill
cheques NNS X O
, , X O
bacs NN X O
and CC X O
chaps NNS X O
To TO X B-Skill
deal VB X I-Skill
with IN X I-Skill
account NN X I-Skill
payable JJ X I-Skill
queries NNS X I-Skill
Managing VBG X I-Skill
Aged NNP X I-Skill
Creditors NNPS X I-Skill
Report NNP X I-Skill
We PRP X O

are VBP X O
URGENTLY JJ X O
looking VBG X O
for IN X O
a DT X O
number NN X O
of IN X O
quality JJ X O
sales NNS X B-Domain
candidates NNS X O
within IN X O
the DT X O
Leeds NNP X O
area NN X O
for IN X O
an DT X O
IMMEDIATE JJ X O
START NNP X O
. . X O
Leading VBG X O

residential JJ X O
developer NN X O
needs VBZ X O
two CD X O
experienced JJ X O
Assistant NNP X B-Occupation
Site NNP X I-Occupation
Managers NNPS X I-Occupation
to TO X O
work VB X O
on IN X O
one CD X O
of IN X O
their PRP$ X O
high JJ X O
profile NN X O
phased VBD X O
developments NNS X O
close RB X O
to TO X O
the DT X O
Addenbrookes NNP X O
Hospital NNP X O
, , X O
just RB X O
south NN X O
of IN X O
Cambridge NNP X O
. . X O
My PRP$ X O

client NN X O
is VBZ X O
a DT X O
top JJ X O
3 CD X O
Company NN X O
in IN X O
the DT X O
Demolition NNP X B-Domain
sector NN X I-Domain
. . X O
Technologies NNS X O

Required VBN X O
: : X O
SQL NNP X B-Skill
, , X O
HTML NNP X B-Skill
, , X O
asp NN X B-Skill
. . X I-Skill
net NN X I-Skill
, , X O
vb NN X B-Skill
. . X I-Skill
net NN X I-Skill
, , X O
all DT X B-Skill
Microsoft NNP X I-Skill
applications NNS X I-Skill
, , X O
SQL NNP X B-Skill
Server NNP X I-Skill
2005 CD X I-Skill
They PRP X O

are VBP X O
looking VBG X O
for IN X O
someone NN X O
with IN X O
TV NN X B-Skill
, , X I-Skill
Animation NNP X I-Skill
, , X I-Skill
Video NNP X I-Skill
and CC X I-Skill
broadcast RB X I-Skill
experience NN X I-Skill
as IN X O
this DT X O
is VBZ X O
something NN X O
that IN X O
the DT X O
company NN X O
is VBZ X O
moving VBG X O
into IN X O
more JJR X O
and CC X O
more RBR X O
. . X O
This DT X O

position NN X O
will MD X O
also RB X O
offer VB X O
you PRP X O
the DT X O
opportunity NN X O
to TO X O
manage VB X B-Skill
your PRP$ X I-Skill
own JJ X I-Skill
campaigns NNS X I-Skill
. . X O
Racking VBG X B-Skill

, , X O
shelving VBG X B-Skill
etc NN X O
is VBZ X O
looking VBG X O
to TO X O
recruit VB X O
a DT X O
Sales NNS X B-Occupation
Executive NN X I-Occupation
to TO X O
cover VB X O
the DT X O
M25 NNP X O
Corridor NNP X O
. . X O
The DT X O

User NNP X O
will MD X O
put VB X O
the DT X O
customers NNS X O
vast JJ X O
interests NNS X O
into IN X O
the DT X O
focal JJ X O
point NN X O
of IN X O
the DT X O
design NN X O
. . X O
Mental NNP X B-Domain

Health NNP X I-Domain
Elderly NNP X I-Domain
Dementia NNP X I-Domain
Includes NNP X O
working VBG X B-Skill
with IN X I-Skill
complex JJ X I-Skill
care NN X I-Skill
needs NNS X I-Skill
, , X I-Skill
dementia NN X I-Skill
, , X I-Skill
mental JJ X I-Skill
health NN X I-Skill
and CC X I-Skill
learning NN X I-Skill
disabilities NNS X I-Skill
. . X O
Sometimes RB X O

the DT X O
work NN X B-Skill
is VBZ X I-Skill
physically RB X I-Skill
demanding JJ X I-Skill
, , X O
and CC X O
will MD X O
involve VB X O
late JJ X O
nights NNS X O
and CC X O
weekend NN X O
working NN X O
and CC X O
being VBG X O
part NN X O
of IN X O
a DT X O
duty NN X O
management NN X B-Skill
rota NN X I-Skill
over IN X O
two CD X O
sites NNS X O
. . X O
You PRP X O

will MD X O
manage VB X B-Skill
a DT X I-Skill
small JJ X I-Skill
finance NN X I-Skill
team NN X I-Skill
, , X O
work NN X B-Skill
closely RB X I-Skill
across IN X I-Skill
the DT X I-Skill
management NN X I-Skill
of IN X I-Skill
the DT X I-Skill
business NN X I-Skill
and CC X O
quickly RB X O
develop VB X B-Skill
a DT X I-Skill
strong JJ X I-Skill
hands NNS X I-Skill
on IN X I-Skill
financial JJ X I-Skill
awareness NN X I-Skill
control NN X I-Skill
of IN X O
the DT X O
current JJ X O
position NN X O
. . X O
Establish JJ X B-Skill

maintain NN X I-Skill
good JJ X I-Skill
working VBG X I-Skill
relationships NNS X I-Skill
, , X O
within IN X O
team NN X O
, , X O
with IN X O
other JJ X O
departments NNS X O
with IN X O
subcontractors NNS X O
and CC X O
suppliers NNS X O
. . X O
Obtaining VBG X B-Skill

quotes NNS X I-Skill
/ VBP X I-Skill
chasing VBG X I-Skill
outstanding JJ X I-Skill
repairs NNS X I-Skill
and CC X I-Skill
dealing VBG X I-Skill
with IN X I-Skill
contractors NNS X I-Skill
Chasing VBG X I-Skill
outstanding JJ X I-Skill
rents NNS X I-Skill
by IN X O
text JJ X O
message NN X O
, , X O
letter NN X O
, , X O
telephone NN X O
Product NN X O

and CC X O
IT NNP X O
teams VBZ X O
Maintain NNP X B-Skill
and CC X I-Skill
innovate VB X I-Skill
both DT X I-Skill
layout NN X I-Skill
and CC X I-Skill
usability NN X I-Skill
of IN X I-Skill
front JJ X I-Skill
end NN X I-Skill
products NNS X I-Skill
On IN X O

Target NNP X O
Recruitment NNP X O
, , X O
now RB X O
recognised VBN X O
as IN X O
one CD X O
of IN X O
the DT X O
UK NNP X O
? . X O
s NN X O
leading VBG X O
sales NNS X O
recruiters NNS X O
, , X O
has VBZ X O
achieved VBN X O
significant JJ X O
organic JJ X O
growth NN X O
since IN X O
it PRP X O
? . X O
s JJ X O
inception NN X O
in IN X O
You PRP X O

will MD X O
also RB X O
be VB X O
an DT X O
effective JJ X B-Skill
communicator NN X I-Skill
who WP X O
can MD X O
develop VB X B-Skill
highly RB X I-Skill
productive JJ X I-Skill
working VBG X I-Skill
relationships NNS X I-Skill
with IN X I-Skill
journalists NNS X I-Skill
, , X I-Skill
key JJ X I-Skill
influencers NNS X I-Skill
and CC X I-Skill
supporters NNS X I-Skill
. . X O
If IN X O

you PRP X O
or CC X O
someone NN X O
you PRP X O
know VBP X O
would MD X O
be VB X O
interested JJ X O
in IN X O
this DT X O
fantastic JJ X O
sous JJ X B-Occupation
chef NN X I-Occupation
role NN X O
in IN X O
Hampshire NNP X O
please NN X O
get VB X O
in IN X O
touch NN X O
with IN X O
an DT X O
up NN X O
to TO X O
date NN X O
CV NNP X O
and CC X O
contact JJ X O
number NN X O
to TO X O
find VB X O
out RP X O
more JJR X O
Position NNP X O
Sous NNP X B-Occupation
Chef NNP X I-Occupation
Salary NNP X O
To TO X O

take VB X O
the DT X O
lead NN X B-Skill
on IN X I-Skill
driving VBG X I-Skill
the DT X I-Skill
computer NN X I-Skill
vision NN X I-Skill
aspects NNS X I-Skill
of IN X I-Skill
the DT X I-Skill
project NN X I-Skill
together RB X O
with IN X O
Prof NNP X O
Davison NNP X O
. . X O
About IN X O

the DT X O
RoleThe NNP X O
successful JJ X O
RGN NNP X O
will MD X O
be VB X O
responsible JJ X B-Skill
for IN X I-Skill
provide JJ X I-Skill
high JJ X I-Skill
quality NN X I-Skill
acute VBP X I-Skill
nursing VBG X I-Skill
to TO X I-Skill
privately RB X I-Skill
referred JJ X I-Skill
patients NNS X I-Skill
in IN X I-Skill
their PRP$ X I-Skill
own JJ X I-Skill
homes NNS X I-Skill
. . X O
The DT X O

Role NNP X O
: : X O
Broad NNP X O
knowledge NN X B-Skill
over IN X I-Skill
a DT X I-Skill
wide JJ X I-Skill
range NN X I-Skill
of IN X I-Skill
fabrics NNS X I-Skill
. . X O
To TO X O

undertake VB X O
cleaning VBG X O
duties NNS X O
as IN X O
directed VBN X O
by IN X O
senior JJ X B-Occupation
staff NN X I-Occupation
and CC X O
to TO X O
follow VB X O
HACCP NNP X B-Skill
guidelines NNS X O
. . X O
: : X O

Our PRP$ X O
client NN X O
is VBZ X O
the DT X O
largest JJS X O
specialist NN X O
distributor NN X O
of IN X O
video NN X O
communications NNS X O
products NNS X O
in IN X O
Europe NNP X O
, , X O
including VBG X O
video NN X O
conferencing NN X O
, , X O
digital JJ X O
signage NN X O
, , X O
video NN X O
streaming NN X O
, , X O
audio JJ X O
conferencing NN X O
, , X O
IPTV NNP X O
, , X O
HD NNP X O
cameras NNS X O
, , X O
interactive JJ X O
whiteboards NNS X O
and CC X O
LCD NNP X O
displays NNS X O
. . X O
MLE NNP X B-Skill

' POS X I-Skill
s NN X I-Skill
required VBD X I-Skill
coding NN X I-Skill
standards NNS X I-Skill
Be NNP X I-Skill
selfmotivated VBN X I-Skill
, , X O
able JJ X O
to TO X O
organise VB X B-Skill
their PRP$ X I-Skill
own JJ X I-Skill
workload NN X I-Skill
and CC X O
driven NN X B-Skill
to TO X I-Skill
succeed VB X I-Skill
Enjoy NNP X O
work NN X O
as IN X O
part NN X O
of IN X O
a DT X O
fast NN X O
paced VBN X O
, , X O
enthusiastic JJ X O
engineering NN X B-Domain
team NN X O
JAM NNP X O
Recruitment NNP X B-Domain
is VBZ X O
acting VBG X O
as IN X O
an DT X O
employment NN X B-Domain
agency NN X I-Domain
with IN X O
regards NNS X O
to TO X O
this DT X O
position NN X O
. . X O
**** NN X O

or CC X O
over IN X O
Legally RB X O
entitled VBN X O
to TO X O
work VB X O
and CC X O
be VB X O
resident NN X O
of IN X O
the DT X O
UK NNP X O
I PRP X O

gael VBP X O
pecyn JJ X O
recriwtio NN X O
, , X O
cysylltwch NN X O
ag NN X O
Adran NNP X O
Adnoddau NNP X O
Dynol NNP X O
Corfforaethol NNP X O
, , X O
Cyngor NNP X O
Bwrdeistref NNP X O
Sirol NNP X O
Conwy NNP X O
, , X O
Bodlondeb NNP X O
, , X O
Conwy NNP X O
, , X O
LL NNP X O
Further RB X O

to TO X O
this DT X O
you PRP X O
will MD X O
be VB X O
required VBN X O
to TO X O
liaise VB X O
with IN X O
the DT X O
Care NNP X B-Occupation
Coordinator NNP X I-Occupation
when WRB X O
required VBN X O
to TO X O
manage VB X B-Skill
a DT X I-Skill
rota NN X I-Skill
allocating VBG X I-Skill
work NN X I-Skill
to TO X I-Skill
care VB X I-Skill
workers NNS X I-Skill
, , X O
ensuring VBG X O
full JJ X O
cover NN X O
is VBZ X O
always RB X O
provided VBN X O
. . X O
In IN X O

addition NN X O
experience NN X O
of IN X O
using VBG X O
Profibus NNP X B-Skill
or CC X O
Devicenet NNP X B-Skill
would MD X O
be VB X O
advantageous JJ X O
. . X O
Extensive JJ X O

experience NN X O
within IN X O
financial JJ X B-Skill
modelling NN X I-Skill
, , X O
forecasting NN X B-Skill
, , X O
planning NN X B-Skill
and CC X I-Skill
analysis NN X I-Skill
A DT X O

great JJ X O
opportunity NN X O
has VBZ X O
arisen VBN X O
to TO X O
join VB X O
an DT X O
established VBN X O
financial JJ X O
services NNS X O
company NN X O
as IN X O
a DT X O
Web NNP X B-Occupation
Applications NNP X I-Occupation
Developer NNP X I-Occupation
. . X O
Established VBN X O

in IN X O
1999 CD X O
odm NN X O
have VBP X O
built VBN X O
an DT X O
enviable JJ X B-Skill
reputation NN X I-Skill
as IN X O
a DT X O
reliable JJ X B-Skill
and CC X O
fair JJ X B-Skill
employer NN X B-Occupation
as RB X O
well RB X O
as IN X O
trusted JJ X B-Skill
business NN X B-Domain
partner NN X O
primarily RB X O
specialising VBG X O
in IN X O
B2C NNP X B-Skill
customer NN X I-Skill
acquisition NN X I-Skill
campaigns NNS X I-Skill
. . X O
Participate NNP X B-Skill

and CC X I-Skill
lead JJ X I-Skill
process NN X I-Skill
improvement NN X I-Skill
initiatives NNS X I-Skill
within IN X I-Skill
the DT X I-Skill
company NN X I-Skill
Your NNP X O
Profile NN X O
The DT X O

ideal JJ X O
candidate NN X O
will MD X O
have VB X O
/ VBN X O
be VB X O
: : X O
Basic JJ X B-Qualification
accountancy NN X I-Qualification
qualification NN X I-Qualification
; : X I-Qualification
AAT NNP X I-Qualification
, , X O
ACCA NNP X B-Qualification
, , X O
CIMA NNP X B-Qualification
or CC X O
similar JJ X O
level NN X O
, , X O
via IN X O
being VBG X O
qualified VBN X O
by IN X O
experience NN X O
Fully NNP X O
proficient NN X B-Skill
in IN X I-Skill
Excel NNP X I-Skill
Previous NNP X O
experience NN X O
within IN X O
PR NNP X B-Domain
or CC X O
Marketing NNP X B-Domain
company NN X O
They PRP X O

are VBP X O
looking VBG X O
for IN X O
someone NN X O
who WP X O
ideally RB X O
has VBZ X O
both DT X O
CP NNP X B-Skill
and CC X O
CWD NNP X B-Skill
experience NN X O
and CC X O
who WP X O
is VBZ X O
able JJ X O
to TO X O
commit VB X O
to TO X O
the DT X O
whole JJ X O
7 CD X O
months NNS X O
. . X O
Liaising VBG X O

with IN X O
colleagues NNS X O
and CC X O
third JJ X O
parties NNS X O
to TO X O
gather VB X B-Skill
information NN X I-Skill
and CC X I-Skill
resolve VB X I-Skill
issues NNS X I-Skill
. . X O
You PRP X O

will MD X O
manage VB X B-Skill
and CC X O
drive VB X O
the DT X O
entire JJ X O
sales NNS X B-Domain
function NN X O
within IN X O
the DT X O
organisation NN X O
, , X O
from IN X O
identifying VBG X O
prospective JJ X O
new JJ X O
entrepreneurial JJ X B-Skill
clients NNS X O
to TO X O
initial JJ X O
contact NN X O
through IN X O
to TO X O
closure VB X O
as RB X O
well RB X O
as IN X O
managing VBG X O
the DT X O
results NNS X O
analysis NN X O
and CC X O
making VBG X O
recommendations NNS X O
for IN X O
improvement NN X O
. . X O
GENERAL NNP X B-Domain

RETAIL NNP X I-Domain
PRODUCT NNP X I-Domain
Management NNP X I-Domain
experience NN X O
in IN X O
a DT X O
customer NN X B-Skill
facing NN X I-Skill
environment NN X O
Set NNP X B-Skill

up RP X I-Skill
development NN X I-Skill
plans NNS X I-Skill
for IN X I-Skill
all DT X I-Skill
staffs NNS X I-Skill
, , X O
focusing VBG X B-Skill
on IN X I-Skill
points NNS X I-Skill
to TO X I-Skill
improve VB X I-Skill
and CC X O
providing VBG X B-Skill
support NN X I-Skill
where WRB X I-Skill
needed VBN X I-Skill
to TO X I-Skill
achieve VB X I-Skill
Daily NNP X I-Skill
buzz VB X I-Skill
meetings NNS X I-Skill
with IN X I-Skill
the DT X I-Skill
team NN X I-Skill
creating VBG X I-Skill
a DT X I-Skill
fun NN X I-Skill
and CC X I-Skill
focused VBD X I-Skill
department NN X I-Skill
. . X O
As IN X O

their PRP$ X O
business NN X B-Domain
further RB X O
develops VBZ X O
we PRP X O
have VBP X O
been VBN X O
asked VBN X O
by IN X O
the DT X O
MD NNP X O
to TO X O
find VB X O
an DT X O
experienced JJ X B-Skill
and CC X O
exceptionally RB X B-Skill
talented JJ X I-Skill
Print NNP X B-Occupation
Operations NNP X I-Occupation
/ NNP X O
Commercial NNP X B-Occupation
Manager NNP X I-Occupation
to TO X O
take VB X O
responsibility NN X O
for IN X O
managing VBG X B-Skill
their PRP$ X I-Skill
entire JJ X I-Skill
internal JJ X I-Skill
operations NNS X I-Skill
. . X O
Work NNP X O

alongside RB X O
the DT X O
operations NNS X O
team NN X O
to TO X O
ensure VB X B-Skill
that IN X I-Skill
all DT X I-Skill
accounts NNS X I-Skill
are VBP X I-Skill
set VBN X I-Skill
up RP X I-Skill
and CC X I-Skill
managed VBD X I-Skill
effectively RB X I-Skill
. . X O
They PRP X O

offer VBP X O
a DT X O
remuneration NN X O
package NN X O
that IN X O
consists VBZ X O
of IN X O
a DT X O
generous JJ X O
basic JJ X O
salary NN X O
with IN X O
a DT X O
flexible JJ X O
benefits NNS X O
package NN X O
which WDT X O
includes VBZ X O
a DT X O
car NN X O
or CC X O
allowance NN X O
, , X O
pension NN X O
and CC X O
healthcare NN X O
. . X O
Maintain RB X B-Skill

good JJ X I-Skill
working VBG X I-Skill
relations NNS X I-Skill
with IN X I-Skill
client NN X I-Skill
/ NN X I-Skill
designer NN X I-Skill
/ NNP X I-Skill
RE NNP X I-Skill
, , X I-Skill
together RB X I-Skill
with IN X I-Skill
our PRP$ X I-Skill
supply NN X I-Skill
chain NN X I-Skill
. . X O
It PRP X O

will MD X O
be VB X O
your PRP$ X O
responsibility NN X O
to TO X O
manage VB X B-Skill
the DT X I-Skill
end NN X I-Skill
to TO X I-Skill
end VB X I-Skill
recruitment NN X I-Skill
process NN X I-Skill
from IN X I-Skill
sourcing VBG X I-Skill
to TO X I-Skill
selection NN X I-Skill
. . X O
You PRP X O

will MD X O
be VB X O
responsible JJ X O
for IN X O
; : X O
Delivering NNP X B-Skill
high JJ X I-Skill
quality NN X I-Skill
performance NN X I-Skill
The DT X O

majority NN X O
of IN X O
the DT X O
software NN X O
is VBZ X O
written VBN X O
in IN X O
C NNP X B-Skill
and CC X O
ASP NNP X B-Skill
. . X I-Skill
NET NNP X I-Skill
so RB X O
strong JJ X O
commercial JJ X O
experience NN X O
in IN X O
these DT X O
areas NNS X O
is VBZ X O
a DT X O
must MD X O
. . X O
The DT X O

Roles NNPS X O
: : X O
Due JJ X O
to TO X O
our PRP$ X O
continuing VBG X O
success NN X O
and CC X O
expansion NN X O
, , X O
we PRP X O
are VBP X O
seeking VBG X O
to TO X O
employ VB X O
a DT X O
number NN X O
of IN X O
experienced JJ X B-Skill
and CC X O
dynamic JJ X B-Skill
individuals NNS X O
at IN X O
various JJ X O
store NN X O
positions NNS X O
in IN X O
The DT X O

Company NN X O
: : X O
A DT X O
new JJ X O
established VBN X O
development NN X O
agency NN X O
, , X O
working VBG X O
with IN X O
businesses NNS X O
regionally RB X O
, , X O
nationally RB X O
and CC X O
in IN X O
Europe NNP X O
. . X O
5 CD X O

. . X O
00pm CD X O
, , X O
every DT X O
10 CD X O
weeks NNS X O
you PRP X O
will MD X O
need VB X O
to TO X O
complete VB X O
1 CD X O
week NN X O
on IN X O
a DT X O
early JJ X O
shift NN X O
starting VBG X O
at IN X O
6 CD X O
. . X O
30am CD X O
and CC X O
1 CD X O
week NN X O
on IN X O
a DT X O
late JJ X O
shift NN X O
finishing VBG X O
at IN X O
10 CD X O
. . X O
00pm CD X O
this DT X O
will MD X O
work VB X O
on IN X O
a DT X O
rota JJ X O
basis NN X O
. . X O
If IN X O

you PRP X O
feel VBP X O
you PRP X O
would MD X O
like VB X O
to TO X O
part NN X O
of IN X O
their PRP$ X O
on IN X O
going VBG X O
success NN X O
story NN X O
and CC X O
have VBP X O
the DT X O
desire NN X O
, , X O
determination NN X O
to TO X O
make VB X O
a DT X O
difference NN X O
as IN X O
a DT X O
Hotel NNP X B-Occupation
Assistant NNP X I-Occupation
Manager NNP X I-Occupation
please VB X O
click JJ X O
apply NN X O
and CC X O
follow VB X O
the DT X O
URL NNP X O
link NN X O
to TO X O
the DT X O
careers NNS X O
page VBP X O
to TO X O
upload VB X O
your PRP$ X O
CV NNP X O
. . X O
Specialising VBG X O

within IN X O
the DT X O
Media NNP X O
sector NN X O
an DT X O
opportunity NN X O
has VBZ X O
arisen VBN X O
for IN X O
a DT X O
C NNP X B-Occupation
++ NNP X I-Occupation
Software NNP X I-Occupation
Engineer NNP X I-Occupation
to TO X O
join VB X O
an DT X O
innovative JJ X O
and CC X O
highlytechnical JJ X O
team NN X O
based VBN X O
near IN X O
Reading NNP X O
. . X O
Assemble JJ X O

a DT X O
bid NN X O
team NN X O
of IN X O
internal JJ X O
and CC X O
external JJ X O
resources NNS X O
Network NNP X B-Occupation
Consultants NNPS X I-Occupation
, , X O
Modellers NNPS X B-Occupation
. . X O
It PRP X O

requires VBZ X O
someone NN X O
deadline NN X O
focused VBN X B-Skill
with IN X O
a DT X O
high JJ X O
degree NN X O
of IN X O
commercial JJ X B-Skill
acumen NNS X I-Skill
and CC X O
strong JJ X O
IT NNP X B-Skill
skills VBZ X I-Skill
. . X O
however RB X O

not RB X O
essential JJ X O
Goodman NNP X O
Masson NNP X O
is VBZ X O
acting VBG X O
as IN X O
an DT X O
Employment NNP X O
Agency NNP X O
in IN X O
relation NN X O
to TO X O
this DT X O
vacancy NN X O
. . X O
Experience NN X O

of IN X O
working VBG X B-Skill
with IN X I-Skill
dementia NN X I-Skill
patients NNS X I-Skill
, , X O
ideal NN X O
but CC X O
not RB X O
essential JJ X O
Must NNP X O
be VB X O
able JJ X B-Skill
to TO X I-Skill
work VB X I-Skill
on IN X I-Skill
your PRP$ X I-Skill
own JJ X I-Skill
initiative NN X I-Skill
and CC X O
The DT X O

Quality NNP X B-Occupation
Engineer NNP X I-Occupation
will MD X O
need VB X O
to TO X O
have VB X O
a DT X O
good JJ X O
understanding NN X O
of IN X O
ISO9001 NNP X B-Skill
, , X O
experience NN X B-Skill
as IN X I-Skill
an DT X I-Skill
auditor NN X I-Skill
/ NN X I-Skill
assessor NN X I-Skill
, , X O
knowledge NN X B-Skill
of IN X I-Skill
quality NN X I-Skill
management NN X I-Skill
systems NNS X I-Skill
and CC X O
report NN X B-Skill
writing NN X I-Skill
. . X O
Liaise NN X B-Skill

with IN X I-Skill
QA NNP X I-Skill
and CC X I-Skill
or CC X I-Skill
Project NNP X I-Skill
/ NNP X I-Skill
Product NNP X I-Skill
Management NNP X I-Skill
to TO X I-Skill
prioritise VB X I-Skill
, , X I-Skill
resolve VB X I-Skill
and CC X I-Skill
manage VB X I-Skill
defects NNS X I-Skill
. . X O
They PRP X O

are VBP X O
looking VBG X O
for IN X O
a DT X O
highly RB X B-Experience
experienced JJ X I-Experience
engineer NN X B-Occupation
who WP X O
wants VBZ X O
a DT X O
varied JJ X O
and CC X O
interesting JJ X O
job NN X O
for IN X O
years NNS X O
to TO X O
come VB X O
. . X O
The DT X O

successful JJ X O
candidate NN X O
will MD X O
also RB X O
have VB X O
an DT X O
excellent JJ X B-Skill
attention NN X I-Skill
to TO X I-Skill
detail NN X I-Skill
and CC X O
will MD X O
have VB X O
a DT X B-Skill
strong JJ X I-Skill
knowledge NN X I-Skill
of IN X I-Skill
MS NNP X I-Skill
Office NNP X I-Skill
. . X O
You PRP X O

will MD X O
need VB X O
experince NN X O
with IN X O
Form NNP X O
F NNP X O
assesments NNS X O
and CC X O
must MD X O
be VB X O
a DT X O
car NN X O
driver NN X B-Occupation
and CC X O
willing JJ X O
to TO X O
work VB X O
from IN X O
home NN X O
. . X O
During IN X O

this DT X O
period NN X O
you PRP X O
will MD X O
be VB X O
involved VBN X O
brings VBZ X O
together RB X O
the DT X O
latest JJS X O
intake NN X O
of IN X O
Global NNP X O
Trainees NNP X O
. . X O
Excellent JJ X O

package NN X O
on IN X O
offer NN X O
in IN X O
a DT X O
stable JJ X O
role NN X O
with IN X O
decent JJ X O
long JJ X O
term NN X O
prospects NNS X O
. . X O
You PRP X O

will MD X O
have VB X O
proven VBN X O
experience NN X B-Skill
of IN X I-Skill
securing VBG X I-Skill
effective JJ X I-Skill
coverage NN X I-Skill
for IN X I-Skill
corporate JJ X I-Skill
partners NNS X I-Skill
, , X O
corporate JJ X B-Skill
social JJ X I-Skill
responsibility NN X I-Skill
themes NNS X I-Skill
and CC X O
for IN X O
specific JJ X B-Skill
mass NN X I-Skill
public JJ X I-Skill
campaigning NN X I-Skill
or CC X I-Skill
fundraising VBG X I-Skill
initiatives NNS X I-Skill
and CC X I-Skill
events NNS X I-Skill
. . X O
**** NN X O

and CC X O
over IN X O
the DT X O
years NNS X O
has VBZ X O
become VBN X O
a DT X O
classic JJ X O
English NNP X O
brand NN X O
; : X O
almost RB X O
as IN X O
English NNP X O
as IN X O
Strawberries NNPS X O
and CC X O
cream VB X O
Their NNP X O
sumptuous JJ X O
bed VBD X O
linen JJ X O
heralds NNS X O
high JJ X O
thread NN X O
counts NNS X O
, , X O
intricate JJ X O
embroidery NN X O
and CC X O
beautifully RB X O
woven JJ X O
designs NNS X O
in IN X O
classic JJ X O
and CC X O
contemporary JJ X O
styling NN X O
. . X O
Staff NNP X O

, , X O
pupils VBZ X O
, , X O
parents NNS X O
and CC X O
community NN X O
members NNS X O
take VBP X O
a DT X O
great JJ X O
pride NN X O
in IN X O
our PRP$ X O
provision NN X O
. . X O
Our PRP$ X O

client NN X O
is VBZ X O
a DT X O
South NNP X O
Yorkshire NNP X O
based VBN X O
Housing NNP X O
specialist NN X O
and CC X O
deals NNS X O
with IN X O
both DT X O
planned VBN X B-Skill
and CC X I-Skill
responsive JJ X I-Skill
maintenance NN X I-Skill
schemes NNS X I-Skill
throughout IN X O
the DT X O
north NN X O
of IN X O
England NNP X O
within IN X O
the DT X O
social JJ X B-Domain
housing NN X I-Domain
frameworks NNS X O
. . X O
f JJ X O

Preference NNP X O
for IN X O
an DT X O
in IN X O
depth NN X O
understanding NN X B-Skill
of IN X I-Skill
US NNP X I-Skill
GAAP NNP X I-Skill
rules NNS X I-Skill
with IN X O
respect NN X O
to TO X O
accounting NN X B-Skill
for IN X O
income NN X O
taxes NNS X O
, , X O
the DT X O
ability NN X O
to TO X O
interpret VB X O
the DT X O
company NN X O
` `` X O
s NN X O
books NNS X O
and CC X O
records NNS X O
and CC X O
transactional JJ X B-Skill
accounting NN X I-Skill
. . X O
Please NNP X O

send VB X O
a DT X O
CV NNP X O
to TO X O
Lbraggencoretechnical NNP X O
. . X O
co NN X O
. . X O
uk NN X O
to TO X O
apply VB X O
or CC X O
call VB X O
Louise NNP X O
Bragg NNP X O
in IN X O
the DT X O
strictest JJS X O
confidence NN X O
on IN X O
[ NN X O
blocked VBN X O
] NN X O
You PRP X O

will MD X O
fully RB X O
appreciate VB X O
what WP X O
needs VBZ X O
to TO X O
be VB X O
done VBN X O
where WRB X O
high JJ X O
customer NN X O
standards NNS X O
are VBP X O
concerned VBN X O
and CC X O
be VB X O
a DT X O
true JJ X O
professional NN X B-Occupation
who WP X O
can MD X O
actively RB X O
achieve VB X O
these DT X O
aims NNS X O
, , X O
while IN X O
closely RB X O
adhering VBG X O
to TO X O
the DT X O
values NNS X O
of IN X O
our PRP$ X O
brand NN X O
. . X O
To TO X O

be VB X O
successful JJ X O
in IN X O
this DT X O
post NN X O
you PRP X O
will MD X O
have VB X O
demonstrable JJ X O
experience NN X O
in IN X O
fundraising NN X B-Domain
or CC X O
possibly RB X O
marketing NN X B-Domain
, , X O
be VB X O
highly RB X O
organised VBN X B-Skill
and CC X O
possess RB X O
well RB X O
developed JJ X O
communication NN X B-Skill
skills NNS X O
. . X O
Working VBG X O

within IN X O
a DT X O
core NN X O
team NN X O
the DT X O
role NN X O
of IN X O
Developers NNP X O
will MD X O
include VB X O
writing VBG X O
Database NNP X B-Skill
packages NNS X I-Skill
, , X O
procedures NNS X O
and CC X O
functions NNS X O
. . X O
Its PRP$ X O

sites NNS X O
range VBP X O
from IN X O
historic JJ X O
castles NNS X O
, , X O
battle NN X O
grounds NNS X O
and CC X O
nature NN X O
reserves NNS X O
to TO X O
glorious JJ X O
gardens NNS X O
and CC X O
stunning VBG X O
mountains NNS X O
. . X O
Let VB X O

them PRP X O
know VB X O
how WRB X O
they PRP X O
are VBP X O
performing VBG X O
by IN X O
carrying VBG X B-Skill
out RP X I-Skill
regular JJ X I-Skill
one CD X I-Skill
to TO X I-Skill
ones NNS X I-Skill
and CC X I-Skill
formal JJ X I-Skill
Performance NNP X I-Skill
and CC X I-Skill
Development NNP X I-Skill
Reviews NNP X I-Skill
. . X O
The DT X O

company NN X O
have VBP X O
a DT X O
new JJ X O
care NN X O
service NN X O
Care NNP X O
home NN X O
Care NNP X O
complex JJ X O
being VBG X O
built VBN X O
and CC X O
need VBP X O
a DT X O
new JJ X O
manager NN X B-Occupation
to TO X O
assist VB X O
with IN X O
the DT X O
commissioning NN X B-Skill
, , X I-Skill
marketing NN X I-Skill
and CC X I-Skill
managing NN X I-Skill
of IN X I-Skill
their PRP$ X I-Skill
luxurious JJ X I-Skill
care NN X I-Skill
service NN X I-Skill
in IN X O
Buckinghamshire NNP X O
: : X O
You PRP X O
will MD X O
have VB X O
passion NN X B-Skill
, , X O
drive NN X B-Skill
, , X O
motivation NN X B-Skill
, , X O
strong JJ X O
people NNS X B-Skill
and CC X I-Skill
business NN X I-Skill
skills NNS X I-Skill
along IN X O
with IN X O
care NN X B-Skill
experience NN X I-Skill
at IN X I-Skill
management NN X I-Skill
level NN X I-Skill
. . X O
The DT X O

Company NNP X O
Our PRP$ X O
client NN X O
is VBZ X O
a DT X O
global JJ X O
heavy JJ X O
weight NN X O
supplying VBG X O
IT NNP X B-Domain
services NNS X I-Domain
/ NNP X O
outsourced VBD X B-Domain
business NN X I-Domain
processes NNS X O
services NNS X O
for IN X O
leading VBG X O
global JJ X O
organizations NNS X O
. . X O
The DT X O

Role NNP X O
: : X O
As IN X O
Corporate NNP X B-Occupation
sales NNS X I-Occupation
Manager NNP X I-Occupation
, , X I-Occupation
you PRP X O
will MD X O
be VB X O
responsible JJ X B-Skill
for IN X I-Skill
growing VBG X I-Skill
sales NNS X I-Skill
and CC X O
maintaining VBG X B-Skill
key JJ X I-Skill
accounts NNS X I-Skill
. . X O
Proactive JJ X B-Skill

and CC X I-Skill
passionate VB X I-Skill
about IN X I-Skill
the DT X I-Skill
involvement NN X I-Skill
and CC X I-Skill
engagement NN X I-Skill
of IN X I-Skill
parents NNS X I-Skill
and CC X I-Skill
carers NNS X I-Skill
. . X O
Above IN X O

all DT X O
, , X O
we PRP X O
are VBP X O
dedicated VBN X O
to TO X O
providing VBG X O
the DT X O
right JJ X O
environment NN X O
for IN X O
our PRP$ X O
people NNS X O
to TO X O
excel VB X O
. . X O
We PRP X O

are VBP X O
looking VBG X O
for IN X O
a DT X O
graduate NN X O
or CC X O
A DT X B-Qualification
level NN X I-Qualification
qualified VBN X I-Qualification
applicant JJ X O
with IN X O
telesales NNS X B-Domain
experience NN X O
. . X O
Job NNP X O

Title NNP X O
: : X O
Business NN X B-Skill
Development NNP X I-Skill
and CC X I-Skill
Account NNP X I-Skill
Manager NNP X I-Skill
Location NNP X O
: : X O
Glasgow NNP X O
, , X O
Scotland NNP X O
Salary NNP X O
: : X O
Confidentiality NNP X B-Skill

is VBZ X O
critical JJ X O
for IN X O
success NN X O
in IN X O
this DT X O
position NN X O
, , X O
as RB X O
well RB X O
as IN X O
demonstrating VBG X O
the DT X O
ability NN X O
to TO X O
collaborate VB X B-Skill
and CC X I-Skill
communicate VB X I-Skill
across IN X I-Skill
a DT X I-Skill
variety NN X I-Skill
of IN X I-Skill
global JJ X I-Skill
departments NNS X I-Skill
inc NN X O
. . X O
25 CD X O

Days NNS X O
Holiday NNP X O
Are VBP X O
you PRP X O
looking VBG X O
to TO X O
start VB X O
your PRP$ X O
career NN X O
in IN X O
the DT X O
recruitment NN X O
industry NN X O
? . X O
but CC X O

there EX X O
are VBP X O
some DT X O
Accounts NNS X O
based VBN X O
up RP X O
in IN X O
DURHAM NNP X O
and CC X O
NEWCASTLE NNP X O
TO NNP X O
APPLY NNP X O
FOR NNP X O
THE NNP X O
ROLE NNP X O
We PRP X O

successfully RB X O
place VBP X O
roles NNS X O
covering VBG X O
development NN X B-Domain
/ NNP X O
NPD NNP X B-Domain
, , X O
quality NN X B-Domain
/ NNP X O
QA NNP X B-Domain
, , X O
technical JJ X B-Domain
, , X O
process NN X B-Domain
, , X O
production NN X B-Domain
, , X O
operations NNS X B-Domain
, , X O
planning NN X B-Domain
, , X O
supply NN X B-Domain
, , X O
sales NNS X B-Domain
, , X O
account VBP X B-Domain
management NN X I-Domain
, , X O
engineering NN X B-Domain
, , X O
microbiology NN X B-Domain
, , X O
food NN X B-Domain
technology NN X I-Domain
, , X O
specifications NNS X B-Domain
, , X O
marketing NN X B-Domain
, , X O
logistics NNS X B-Domain
, , X O
purchasing NN X B-Domain
, , X O
hygiene NN X B-Domain
and CC X O
auditing NN X B-Domain
. . X O
Comply NN X O

with IN X O
all DT X O
legal JJ X O
, , X O
regulatory JJ X O
and CC X O
best JJS X O
practice NN X O
guidelines NNS X O
risk NN X B-Skill
to TO X I-Skill
all DT X I-Skill
is VBZ X I-Skill
minimised VBN X I-Skill
and CC X O
vulnerable JJ X B-Skill
clients NNS X I-Skill
are VBP X I-Skill
appropriately RB X I-Skill
protected VBN X I-Skill
. . X O
**** NN X O

Other JJ X O
NMC NNP X B-Experience
or CC X I-Experience
HPC NNP X I-Experience
registration NN X I-Experience
and CC X I-Experience
regulation NN X I-Experience
Willing VBG X O
to TO X O
participate VB X B-Skill
in IN X I-Skill
flexible JJ X I-Skill
working VBG X I-Skill
pattern NN X I-Skill
Empathy NNP X I-Skill
for IN X I-Skill
vulnerable JJ X I-Skill
and CC X I-Skill
sick JJ X I-Skill
patients NNS X I-Skill
Empathy NNP X I-Skill
for IN X I-Skill
principles NNS X I-Skill
and CC X I-Skill
importance NN X I-Skill
of IN X I-Skill
EO NNP X I-Skill
and CC X I-Skill
dignity NN X I-Skill
at IN X I-Skill
work NN X I-Skill
Willingness NNP X I-Skill
to TO X I-Skill
participate VB X I-Skill
in IN X I-Skill
on IN X I-Skill
call NN X I-Skill
duties NNS X I-Skill
Experian JJ X O

QAS NNP X O
are VBP X O
looking VBG X O
to TO X O
recruit VB X O
a DT X O
determined JJ X B-Skill
, , X O
enthusiastic JJ X B-Skill
and CC X O
results NNS X B-Skill
driven JJ X I-Skill
customer NN X B-Occupation
account NN X I-Occupation
management NN X I-Occupation
of IN X O
graduate NN X B-Qualification
calibre NN X O
. . X O
Current JJ X O

experience NN X B-Experience
within IN X I-Experience
the DT X I-Experience
local JJ X I-Experience
Essex NNP X I-Experience
market NN X O
is VBZ X O
highly RB X O
desirable JJ X O
. . X O
A DT X O

high JJ X O
level NN X O
of IN X O
commercial JJ X B-Skill
awareness NN X I-Skill
Target NNP X I-Skill
driven VBZ X I-Skill
with IN X I-Skill
a DT X I-Skill
strong JJ X I-Skill
desire NN X I-Skill
to TO X I-Skill
succeed VB X I-Skill
Able JJ X O
to TO X O
achieve VB X B-Skill
results NNS X I-Skill
through IN X I-Skill
others NNS X I-Skill
, , X I-Skill
by IN X O
leading VBG X B-Skill
and CC X I-Skill
developing VBG X I-Skill
your PRP$ X I-Skill
team NN X I-Skill
Proven NNP X O
track NN X B-Skill
record NN X I-Skill
of IN X I-Skill
building NN X I-Skill
strong JJ X I-Skill
working VBG X I-Skill
relationships NNS X I-Skill
and CC X O
being VBG X O
able JJ X B-Skill
to TO X I-Skill
influence VB X I-Skill
others NNS X I-Skill
A NNP X O
highly RB X O
organised VBD X B-Skill
, , X I-Skill
structured VBD X I-Skill
and CC X I-Skill
proactive JJ X I-Skill
approach NN X I-Skill
to TO X I-Skill
meeting VBG X I-Skill
deadlines NNS X I-Skill
Able NNP X I-Skill
to TO X I-Skill
work VB X I-Skill
well RB X I-Skill
under IN X I-Skill
pressure NN X I-Skill
Able NNP X I-Skill
to TO X I-Skill
communicate VB X I-Skill
with IN X I-Skill
people NNS X I-Skill
at IN X I-Skill
all DT X I-Skill
levels NNS X I-Skill
CareTech NNP X O

Community NNP X O
Services NNPS X O
is VBZ X O
a DT X O
national JJ X O
provider NN X B-Skill
of IN X I-Skill
support NN X I-Skill
for IN X I-Skill
people NNS X I-Skill
with IN X I-Skill
complex JJ X I-Skill
and CC X I-Skill
challenging JJ X I-Skill
behaviours NNS X I-Skill
associated VBN X O
with IN X O
autism NN X O
, , X O
learning VBG X O
disabilities NNS X O
, , X O
mental JJ X O
health NN X O
illness NN X O
and CC X O
neurological JJ X O
conditions NNS X O
. . X O
Must NNP X O

have VBP X O
a DT X O
good JJ X O
blend NN X O
of IN X O
excellent JJ X O
communication NN X B-Skill
, , X O
reporting NN X B-Skill
and CC X I-Skill
interpersonal JJ X I-Skill
skills NNS X O
. . X O
As IN X O

a DT X O
Restaurant NNP X B-Occupation
General NNP X I-Occupation
Manager NNP X I-Occupation
you PRP X O
will MD X O
be VB X O
overlooking VBG X B-Skill
the DT X I-Skill
running NN X I-Skill
of IN X O
this DT X O
high JJ X B-Domain
volume NN X I-Domain
Italian JJ X I-Domain
Style NNP X I-Domain
Restaurant NNP X I-Domain
and CC X O
managing VBG X B-Skill
a DT X I-Skill
large JJ X I-Skill
staff NN X I-Skill
team NN X I-Skill
. . X O
We PRP X O

are VBP X O
a DT X O
busy JJ X O
solicitors NNS X O
firm NN X O
and CC X O
require VB X O
for IN X O
immediate JJ X O
start NN X O
a DT X O
capable JJ X O
and CC X O
experienced JJ X B-Skill
personal JJ X I-Skill
injury NN X I-Skill
assistant NN X I-Skill
to TO X O
handle VB X B-Skill
road NN X I-Skill
traffic NN X I-Skill
accidents NNS X I-Skill
for IN X I-Skill
claimants NNS X I-Skill
and CC X O
assist NN X B-Skill
with IN X I-Skill
general JJ X I-Skill
office NN X I-Skill
and CC X I-Skill
reception NN X I-Skill
duties NNS X I-Skill
. . X O
The DT X O

nursery NN X O
has VBZ X O
not RB X O
been VBN X O
open JJ X O
long RB X O
so IN X O
it PRP X O
is VBZ X O
important JJ X O
that IN X O
you PRP X O
are VBP X O
experienced VBN X B-Skill
in IN X O
recruiting NN X B-Domain
and CC X O
marketing NN X B-Domain
and CC X O
advertising NN X B-Domain
to TO X O
increase VB X B-Skill
the DT X I-Skill
nurserys JJ X I-Skill
occupancy NN X I-Skill
level NN X I-Skill
. . X O
2 CD X B-Experience

years NNS X I-Experience
experience RB X I-Experience
, , X O
so RB X O
if IN X O
this DT X O
is VBZ X O
one CD X O
is VBZ X O
not RB X O
suitable JJ X O
; : X O
please VB X O
call VB X O
me PRP X O
to TO X O
discuss VB X O
other JJ X O
exciting VBG X O
opportunities NNS X O
which WDT X O
you PRP X O
can MD X O
apply VB X O
for IN X O
. . X O
Other JJ X O

key JJ X O
tasks NNS X O
will MD X O
include VB X O
; : X O
To TO X O
manage VB X B-Skill
specific JJ X I-Skill
projects NNS X I-Skill
which WDT X I-Skill
are VBP X I-Skill
allocated VBN X I-Skill
to TO X I-Skill
your PRP$ X I-Skill
and CC X I-Skill
to TO X I-Skill
ensure VB X I-Skill
the DT X I-Skill
overall JJ X I-Skill
success NN X I-Skill
of IN X I-Skill
the DT X I-Skill
Project NNP X I-Skill
project NN X I-Skill
to TO X I-Skill
be VB X I-Skill
implemented VBN X I-Skill
. . X O
Goodman NNP X O

Masson NNP X O
is VBZ X O
acting VBG X O
as IN X O
an DT X O
Employment NN X O
Business NN X O
in IN X O
relation NN X O
to TO X O
this DT X O
vacancy NN X O
. . X O
As IN X O

a DT X O
Commercial JJ X B-Occupation
Account NNP X I-Occupation
Executive NNP X I-Occupation
you PRP X O
will MD X O
be VB X O
responsible JJ X O
for IN X O
building VBG X B-Skill
relationships NNS X I-Skill
with IN X I-Skill
consumers NNS X I-Skill
in IN X O
larger JJR X O
, , X O
multi FW X O
site NN X O
clients NNS X O
across IN X O
the DT X O
area NN X O
Essential JJ X O

Experience NN X O
in IN X O
working VBG X B-Skill
in IN X I-Skill
Investment NNP X I-Skill
banking NN X I-Skill
environment NN X I-Skill
Indepth NNP X O
understanding NN X O
of IN X O
financial JJ X B-Skill
products NNS X I-Skill
and CC X I-Skill
trade NN X I-Skill
lifecycle NN X I-Skill
for IN X I-Skill
a DT X I-Skill
set NN X I-Skill
of IN X I-Skill
products NNS X I-Skill
across IN X O
so RB X O

you PRP X O
get VBP X O
a DT X O
chance NN X O
to TO X O
see VB X O
different JJ X O
places NNS X O
We PRP X O
pay VBP X O
for IN X O
all DT X O
of IN X O
your PRP$ X O
travel NN X O
A DT X O
strong JJ X O
support NN X O
network NN X O
of IN X O
nurses NNS X B-Occupation
as RB X O
well RB X O
as IN X O
former JJ X O
PAs NNPS X O
who WP X O
can MD X O
give VB X O
you PRP X O
help VB X O
and CC X O
advice VB X O
any DT X O
time NN X O
you PRP X O
need VBP X O
it PRP X O
A DT X O

massive JJ X O
earning NN X O
potential JJ X O
oppurtunity NN X O
will MD X O
be VB X O
on IN X O
offer NN X O
as RB X O
well RB X O
as IN X O
the DT X O
ability NN X O
to TO X O
take VB X O
part NN X O
in IN X O
company NN X O
incentive NN X O
schemes NNS X O
with IN X O
exciting JJ X O
and CC X O
diverse JJ X O
prizes NNS X O
on IN X O
offer NN X O
. . X O
They PRP X O

will MD X O
also RB X O
develop VB X B-Skill
a DT X I-Skill
detailed JJ X I-Skill
knowledge NN X I-Skill
of IN X I-Skill
the DT X I-Skill
conduit NN X I-Skill
accounting NN X I-Skill
source NN X I-Skill
system NN X I-Skill
. . X O
Delivering VBG X B-Skill

the DT X I-Skill
highest JJS X I-Skill
possible JJ X I-Skill
standards NNS X I-Skill
of IN X I-Skill
service NN X I-Skill
to TO X O
customers NNS X O
and CC X O
understanding VBG X O
the DT X O
impacts NNS X O
of IN X O
Supplier NNP X O
Hub NNP X O
in IN X O
achieving VBG X O
this DT X O
. . X O
Working VBG X O

within IN X O
our PRP$ X O
client NN X O
with IN X O
its PRP$ X O
strong JJ X O
growth NN X O
agenda NN X O
and CC X O
energy NN X O
will MD X O
allow VB X O
the DT X O
incumbent NN X O
of IN X O
the DT X O
role NN X O
to TO X O
experience VB X O
a DT X O
much JJ X O
broader JJR X O
involvement NN X O
than IN X O
would MD X O
be VB X O
experienced VBN X O
in IN X O
a DT X O
National NNP X O
Accounts NNPS X O
role NN X O
in IN X O
a DT X O
more RBR X O
traditional JJ X O
blue JJ X O
chip NN X O
environment NN X O
. . X O
the DT X O

current JJ X O
**** JJ X O
year NN X O
fundraising VBG X O
strategy NN X O
, , X O
the DT X O
Development NNP X O
team NN X O
is VBZ X O
growing VBG X O
and CC X O
this DT X O
has VBZ X O
created VBN X O
an DT X O
exciting JJ X O
opportunity NN X O
. . X O
**** RB X O

00 CD X B-Experience
years NNS X I-Experience
and CC X O
continuing VBG X O
to TO X O
do VB X O
so RB X O
today NN X O
from IN X O
its PRP$ X O
manufacturing NN X B-Domain
site NN X O
in IN X O
LLantrisant NNP X O
, , X O
South NNP X O
Wales NNP X O
. . X O
Minimum NNP X B-Experience

of IN X I-Experience
5 CD X I-Experience
years NNS X I-Experience
sales NNS X I-Experience
experience NN X I-Experience
within IN X O
a DT X O
commercial JJ X O
training NN X O
organisation NN X O
Minimum NNP X B-Experience
of IN X I-Experience
2 CD X I-Experience
years NNS X I-Experience
sales NNS X I-Experience
management NN X I-Experience
experience NN X O
Consistent NNP X O
achievement NN X O
of IN X O
The DT X O

Role NNP X O
Our PRP$ X O
Leicester NNP X O
Technical NNP X O
& CC X O
Engineering NNP X O
Division NNP X O
is VBZ X O
looking VBG X O
for IN X O
an DT X O
experienced JJ X O
Senior NNP X B-Occupation
Recruitment NNP X I-Occupation
Consultant NNP X I-Occupation
. . X O
Delivering VBG X B-Skill

successful JJ X I-Skill
events NNS X I-Skill
and CC X I-Skill
functions NNS X I-Skill
will MD X O
be VB X O
your PRP$ X O
forte NN X O
; : X O
you PRP X O
will MD X O
either RB X O
have VB X O
experience NN X B-Skill
of IN X I-Skill
event NN X I-Skill
management NN X I-Skill
to TO X I-Skill
a DT X I-Skill
varied VBN X I-Skill
customer NN X I-Skill
base NN X I-Skill
and CC X O
will MD X O
be VB X O
aware JJ X B-Skill
of IN X I-Skill
the DT X I-Skill
current JJ X I-Skill
trends NNS X I-Skill
. . X O
This DT X O

includes VBZ X O
people NNS X O
using VBG X O
Personal NNP X B-Skill
Budgets NNS X I-Skill
, , X O
and CC X O
Direct JJ X B-Skill
Payments NNS X I-Skill
. . X O
We PRP X O

are VBP X O
a DT X O
leader NN X O
in IN X O
home NN X O
enhancement NN X O
, , X O
and CC X O
are VBP X O
part NN X O
of IN X O
the DT X O
Home NNP X B-Domain
Retail NNP X I-Domain
Group NNP X O
, , X O
which WDT X O
is VBZ X O
the DT X O
UK NNP X O
' POS X O
s NN X O
leading VBG X O
home NN X O
and CC X O
general JJ X O
merchandise NN X B-Domain
retailer NN X O
. . X O
The DT X O

successful JJ X O
candidate NN X O
will MD X O
work VB X O
as IN X O
part NN X O
of IN X O
a DT X O
team NN X O
to TO X O
provide VB X O
and CC X O
deliver VB X O
logistical JJ X B-Skill
support NN X I-Skill
to TO X O
the DT X O
Heavy NNP X O
Armoured NNP X O
Wing NNP X O
of IN X O
the DT X O
AFV NNP X O
Gunnery NNP X O
School NNP X O
within IN X O
the DT X O
Precision NNP X O
Gunnery NNP X O
Training NNP X O
Equipment NNP X O
**** JJ X O

banks NNS X O
and CC X O
funds NNS X O
and CC X O
allows VBZ X O
massive JJ X O
data NNS X O
to TO X O
be VB X O
tweaked VBN X O
and CC X O
analysed VBN X O
sub JJ X O
second NN X O
. . X O
The DT X O

Role NNP X O
: : X O
You PRP X O
will MD X O
carryout VB X B-Skill
planned JJ X I-Skill
preventative JJ X I-Skill
maintenance NN X I-Skill
on IN X O
all DT X O
production NN X B-Domain
machinery NN X O
. . X O
The DT X O

main JJ X O
focus NN X O
of IN X O
your PRP$ X O
management NN X O
will MD X O
be VB X O
the DT X O
food NN X B-Skill
beverage NN X I-Skill
and CC X O
front NN X B-Skill
of IN X I-Skill
house NN X I-Skill
departments NNS X I-Skill
in IN X O
order NN X O
to TO X O
cement VB X B-Skill
the DT X I-Skill
hotels NNS X I-Skill
outstanding JJ X I-Skill
reputation NN X I-Skill
for IN X I-Skill
quality NN X I-Skill
produce NN X I-Skill
and CC X I-Skill
service NN X I-Skill
. . X O
We PRP X O

can MD X O
do VB X O
this DT X O
on IN X O
a DT X O
Temporary NNP X O
, , X O
Fixed NNP X O
Term NNP X O
Contract NNP X O
or CC X O
Permanent NNP X O
Basis NNP X O
, , X O
what WP X O
ever RB X O
you PRP X O
need VBP X O
, , X O
The DT X O

successful JJ X O
applicant NN X O
will MD X O
be VB X O
responsible JJ X B-Skill
for IN X I-Skill
the DT X I-Skill
monthly JJ X I-Skill
reporting NN X I-Skill
including VBG X I-Skill
analysis NN X I-Skill
and CC X I-Skill
commentary NN X I-Skill
, , X I-Skill
budgets NNS X I-Skill
and CC X I-Skill
forecasting NN X I-Skill
, , X O
working VBG X B-Skill
with IN X I-Skill
external JJ X I-Skill
auditors NNS X I-Skill
and CC X I-Skill
preparation NN X I-Skill
of IN X I-Skill
the DT X I-Skill
statutory JJ X I-Skill
accounts NNS X I-Skill
, , X O
assisting VBG X B-Skill
with IN X I-Skill
tax NN X I-Skill
returns NNS X I-Skill
and CC X I-Skill
providing VBG X I-Skill
input NN X I-Skill
into IN X I-Skill
continuous JJ X I-Skill
improvement NN X I-Skill
of IN X I-Skill
systems NNS X I-Skill
and CC X I-Skill
processes NNS X I-Skill
. . X O
A DT X B-Qualification

full JJ X I-Qualification
driving NN X I-Qualification
licence NN X I-Qualification
held VBD X O
for IN X O
a DT X B-Experience
minimum NN X I-Experience
of IN X I-Experience
1 CD X I-Experience
year NN X I-Experience
is VBZ X O
essential JJ X O
. . X O
Main NN X O

responsibilities NNS X O
: : X O
To TO X O
carry VB X B-Skill
out RP X I-Skill
chemotherapy NN X I-Skill
treatments NNS X I-Skill
within IN X O
our PRP$ X O
dedicated JJ X O
ward NN X O
, , X O
reporting VBG X B-Skill
to TO X I-Skill
the DT X I-Skill
chemotherapy NN X I-Skill
sister NN X I-Skill
. . X O
This DT X O

is VBZ X O
a DT X O
career NN X O
building NN X O
opportunity NN X O
to TO X O
join VB X O
a DT X O
major JJ X O
infrastructure NN X B-Domain
business NN X O
within IN X O
a DT X O
Global NNP X O
company NN X O
where WRB X O
you PRP X O
will MD X O
be VB X O
instrumental JJ X O
in IN X O
their PRP$ X O
on IN X O
going VBG X O
growth NN X O
in IN X O
Australia NNP X O
and CC X O
in IN X O
time NN X O
Regionally NNP X O
APAC NNP X O
. . X O
Have NNP X O

extensive JJ X B-Skill
knowledge NN X I-Skill
of IN X I-Skill
the DT X I-Skill
PR NNP X I-Skill
industry NN X I-Skill
and CC X I-Skill
best JJS X I-Skill
practice NN X I-Skill
processes VBZ X I-Skill
for IN X I-Skill
the DT X I-Skill
successful JJ X I-Skill
account NN X I-Skill
management NN X I-Skill
Second NNP X I-Skill
to TO X I-Skill
none NN X I-Skill
communication NN X I-Skill
skills NNS X I-Skill
, , X I-Skill
over IN X I-Skill
the DT X I-Skill
telephone NN X I-Skill
, , X I-Skill
facetoface NN X I-Skill
as RB X O
well RB X O
as IN X O
strong JJ X B-Skill
writing NN X I-Skill
skills NNS X I-Skill
Good JJ X B-Skill

judgement NN X I-Skill
is VBZ X O
needed VBN X O
to TO X O
provide VB X O
a DT X O
successful JJ X O
final JJ X O
product NN X O
from IN X O
design NN X O
, , X O
to TO X O
content VB X O
and CC X O
print VB X O
quality NN X O
. . X O
To TO X O

plan NN X B-Skill
and CC X I-Skill
carry VB X I-Skill
out RP X I-Skill
research NN X I-Skill
in IN X O
accordance NN X O
with IN X O
the DT X O
project NN X O
aims VBZ X O
. . X O
Reporting VBG X O

into IN X O
the DT X O
Finance NNP X B-Occupation
Director NNP X I-Occupation
and CC X O
managing VBG X O
a DT X O
Royalties NNP X B-Occupation
Assistant NNP X I-Occupation
your PRP$ X O
day NN X O
to TO X O
day NN X O
responsibilities NNS X O
will MD X O
include VB X O
: : X O
Accounting NN X B-Skill
and CC X I-Skill
reporting NN X I-Skill
television NN X I-Skill
and CC X I-Skill
new JJ X I-Skill
media NNS X I-Skill
business NN X I-Skill
including VBG X O
short JJ X O
to TO X O
medium VB X O
term NN X O
forecasting VBG X O
Managing VBG X B-Skill
the DT X I-Skill
process NN X I-Skill
for IN X I-Skill
producer NN X I-Skill
reporting VBG X I-Skill
producing VBG X O
accurate JJ X O
royalty NN X O
statements NNS X O
and CC X O
delivering VBG X O
them PRP X O
to TO X O
contractual JJ X O
deadlines NNS X O
. . X O
**** NN X O

WCF NNP X B-Skill
, , X O
WPF NNP X B-Skill
, , X O
MCP NNP X B-Skill
, , X O
MCAD NNP X B-Skill
, , X O
MCSDcertification NNP X B-Skill
, , X O
Nunit NNP X B-Skill
, , X O
Software NNP X B-Skill
Development NNP X I-Skill
C NNP X I-Skill
, , X O
. . X B-Skill
NET NN X I-Skill
, , X O
SQL NNP X B-Skill
Server NNP X I-Skill
, , X O
Winforms NNP X B-Skill
Platform NNP X I-Skill
, , X O
Agile NNP X B-Skill
, , X O
. . X B-Skill
Net NN X I-Skill
Client JJ X O

Server NNP X O
Ltd NNP X O
. . X O
Client NNP X O
Server NNP X O
is VBZ X O
a DT X O
leading JJ X O
recruitment NN X O
consultancy NN X O
specialising VBG X O
in IN X O
technical JJ X O
positions NNS X O
in IN X O
IT NNP X O
, , X O
the DT X O
services NNS X O
advertised VBN X O
are VBP X O
those DT X O
of IN X O
an DT X O
Employment NNP X O
Agency NNP X O
. . X O
**** JJ X O

Central NNP X O
Avenue NNP X O
, , X O
St NNP X O
Andrews NNP X O
Business NNP X O
Park NNP X O
, , X O
Thorpe NNP X O
St NNP X O
Andrew NNP X O
, , X O
Norwich NNP X O
, , X O
Norfolk NNP X O
NR NNP X O
My PRP$ X O

client NN X O
a DT X O
successful JJ X O
and CC X O
well RB X O
established VBN X O
company NN X O
in IN X O
Crewe NNP X O
are VBP X O
looking VBG X O
for IN X O
a DT X O
EPOS NNP X B-Occupation
Administrator NNP X I-Occupation
to TO X O
join VB X O
their PRP$ X O
team NN X O
to TO X O
cover VB X O
a DT X O
Maternity NNP X O
Contract NNP X O
. . X O
Punctual NNP X O

call NN X O
updates NNS X O
and CC X O
closures NNS X O
to TO X O
control VB X O
on IN X O
completion NN X O
of IN X O
the DT X O
task NN X O
. . X O
The DT X O

applicant NN X O
will MD X O
need VB X O
to TO X O
provide VB X O
a DT X O
strong JJ X B-Skill
portfolio NN X I-Skill
showing VBG X O
examples NNS X O
of IN X O
their PRP$ X O
own JJ X O
work NN X O
. . X O
S NNP X O

/ NNP X O
he PRP X O
will MD X O
also RB X O
have VB X O
an DT X O
ability NN X B-Skill
to TO X I-Skill
meet VB X I-Skill
targets NNS X I-Skill
and CC X I-Skill
deadlines NNS X I-Skill
. . X I-Skill
You PRP X O

must MD X O
have VB X O
several JJ X B-Experience
years NNS X I-Experience
experience NN X I-Experience
of IN X I-Experience
working VBG X I-Experience
in IN X I-Experience
industry NN X I-Experience
Essential NNP X O
Responsibilities NNP X O
This DT X O

is VBZ X O
truly RB X O
a DT X O
unique JJ X O
opportunity NN X O
that WDT X O
would MD X O
suit VB X O
someone NN X O
looking VBG X O
for IN X O
the DT X O
next JJ X O
challenge NN X O
in IN X O
their PRP$ X O
career NN X O
. . X O
You PRP X O

will MD X O
be VB X O
a DT X O
self JJ X B-Skill
starter NN X I-Skill
with IN X O
MVC NNP X B-Skill
/ NNP X I-Skill
HMVC NNP X I-Skill
experience NN X I-Skill
and CC X O
work NN X B-Skill
on IN X I-Skill
rational JJ X I-Skill
database NN X I-Skill
design NN X I-Skill
for IN X O
a DT X O
variety NN X O
of IN X O
applications NNS X O
, , X B-Skill
develop VB X I-Skill
small JJ X I-Skill
to TO X I-Skill
medium VB X I-Skill
size NN X I-Skill
tools NNS X I-Skill
for IN X O
internal JJ X O
use NN X O
and CC X O
perform VB X B-Skill
ongoing JJ X I-Skill
maintenance NN X I-Skill
of IN X I-Skill
Magento NNP X I-Skill
ecommerce NN X I-Skill
store NN X I-Skill
. . X O
THE DT X O

WORK NN X O
: : X O
We PRP X O
are VBP X O
recruiting VBG X O
top JJ X O
calibre NN X O
candidates NNS X O
for IN X O
secondary JJ X O
schools NNS X O
across IN X O
Greater NNP X O
London NNP X O
. . X O
ASP NNP X B-Skill

. . X I-Skill
NET NNP X I-Skill
MVC NNP X I-Skill
**** NNP X O
Razor NNP X B-Skill
, , X O
AJAX NNP X B-Skill
, , X O
Agile NNP X B-Skill
, , X O
TDD NNP X B-Skill
, , X O
Castle NNP X B-Skill
Monorail NNP X I-Skill
, , X O
Castle NNP X B-Skill
Windsor NNP X I-Skill
, , X O
Subversion NNP X B-Skill
, , X O
SVN NNP X B-Skill
, , X O
NHibernate NNP X B-Skill
, , X O
RhinoMocks NNP X B-Skill
, , X O
NUnit NNP X B-Skill
, , X O
Analyst NNP X B-Occupation
Programmer NNP X I-Occupation
, , X O
Engineer NNP X B-Occupation
, , X O
Architect NNP X B-Occupation
, , X O
Consultant NNP X B-Occupation
, , X O
MCTS NNP X B-Skill
, , X O
MCP NNP X B-Skill
, , X O
MCSD NNP X B-Skill
, , X O
MCAD NNP X B-Skill
, , X O
ASP NNP X B-Skill
. . X I-Skill
NET NNP X I-Skill
MVC NNP X I-Skill
, , X O
. . X B-Skill
NET NN X I-Skill
Change NNP X B-Skill

mop NNP X I-Skill
heads NNS X I-Skill
after IN X O
each DT X O
use NN X O
and CC X O
check VB X B-Skill
sluice NN X I-Skill
every DT X O
morning NN X O
and CC X O
after IN X O
each DT X O
list NN X O
. . X O
And CC X O

more JJR X O
of IN X O
everything NN X O
that WDT X O
makes VBZ X O
you PRP X O
proud VB X O
to TO X O
be VB X O
a DT X O
nurse NN X B-Occupation
. . X O
Please NNP X O

note NN X O
you PRP X O
will MD X O
receive VB X O
an DT X O
automated VBN X O
response NN X O
advising VBG X O
you PRP X O
that IN X O
we PRP X O
have VBP X O
received VBN X O
your PRP$ X O
CV NNP X O
. . X O
The DT X O

Role NNP X O
: : X O
To TO X O
liaise VB X B-Skill
between IN X I-Skill
BU NNP X I-Skill
' POS X I-Skill
s NN X I-Skill
, , X O
Retail NNP X B-Skill
Ops NNP X I-Skill
and CC X I-Skill
Suppliers NNP X I-Skill
on IN X O
sourcing VBG X O
projects NNS X O
. . X O
**** NN X O

provides VBZ X O
some DT X O
of IN X O
the DT X O
most RBS X O
modern JJ X O
learning NN X O
facilities NNS X O
in IN X O
Europe NNP X O
. . X O
Good JJ X O

working VBG X O
knowledge NN X B-Skill
of IN X I-Skill
Industrial NNP X I-Skill
Services NNPS X I-Skill
equipment NN X I-Skill
Boilers NNPS X I-Skill
, , X O
steam NN X B-Skill
, , X O
refrigeration NN X B-Skill
, , X O
compressed VBN X B-Skill
air NN X I-Skill
is VBZ X O
advantageous JJ X O
coupled VBN X O
with IN X O
knowledge NN X B-Skill
of IN X I-Skill
Computerised JJ X I-Skill
Maintenance NNP X I-Skill
Management NNP X I-Skill
Systems NNP X I-Skill
CMMS NNP X I-Skill
. . X O
Senior JJ X B-Occupation

Application NNP X I-Occupation
Packager NNP X I-Occupation
Role NNP X O
Responsibilities NNPS X O
: : X O
Package NN X B-Skill
applications NNS X I-Skill
for IN X I-Skill
deployment NN X I-Skill
to TO X I-Skill
remote VB X I-Skill
workstations NNS X I-Skill
Investigate NNP X I-Skill
software NN X I-Skill
faults NNS X I-Skill
and CC X I-Skill
determine VB X I-Skill
permanent JJ X I-Skill
solutions NNS X I-Skill
Provide VBP X I-Skill
2 CD X I-Skill
nd JJ X I-Skill
line NN X I-Skill
technical JJ X I-Skill
support NN X I-Skill
to TO X I-Skill
all DT X I-Skill
desktop NN X I-Skill
platforms NNS X I-Skill
. . X O
Must NNP X O

have VBP X O
experience NN X O
of IN X O
Multi NNP X B-Skill
drop NN X I-Skill
deliveries NNS X I-Skill
of IN X I-Skill
chilled VBN X I-Skill
, , X I-Skill
frozen JJ X I-Skill
and CC X I-Skill
ambient JJ X I-Skill
foods NNS X I-Skill
throughout IN X I-Skill
the DT X I-Skill
UK NNP X I-Skill
. . X O
As IN X O

a DT X O
result NN X O
of IN X O
the DT X O
volume NN X O
of IN X O
applications NNS X O
we PRP X O
may MD X O
be VB X O
unable JJ X O
to TO X O
respond VB X O
with IN X O
individual JJ X O
feedback NN X O
. . X O
Supporting VBG X B-Skill

the DT X I-Skill
business NN X I-Skill
with IN X I-Skill
any DT X I-Skill
redundancy NN X I-Skill
or CC X I-Skill
redeployment NN X I-Skill
and CC X O
helping VBG X B-Skill
to TO X I-Skill
support VB X I-Skill
and CC X I-Skill
guide VB X I-Skill
line NN X I-Skill
managers NNS X I-Skill
Supporting VBG X I-Skill
the DT X I-Skill
business NN X I-Skill
with IN X I-Skill
any DT X I-Skill
TUPE NNP X I-Skill
Getting NNP X I-Skill
involved VBN X I-Skill
with IN X I-Skill
project NN X I-Skill
work NN X I-Skill
in IN X I-Skill
a DT X I-Skill
low JJ X I-Skill
level NN X I-Skill
strategic JJ X I-Skill
capacity NN X I-Skill
We PRP X O
are VBP X O
looking VBG X O
for IN X O
the DT X O
successful JJ X O
candidate NN X O
to TO X O
be VB X O
a DT X O
credible JJ X O
HR NNP X B-Skill
professional NN X I-Skill
who WP X O
is VBZ X O
happy JJ X O
to TO X O
be VB X O
out RB X O
and CC X O
about IN X O
in IN X O
the DT X O
business NN X O
and CC X O
make VB X B-Skill
themselves PRP X I-Skill
visible JJ X I-Skill
to TO X I-Skill
line NN X I-Skill
managers NNS X I-Skill
across IN X I-Skill
the DT X I-Skill
part NN X I-Skill
of IN X I-Skill
the DT X I-Skill
business NN X I-Skill
they PRP X I-Skill
look VBP X I-Skill
after IN X I-Skill
. . X O
Work NN X B-Skill

within IN X I-Skill
the DT X I-Skill
values NNS X I-Skill
and CC X I-Skill
quality NN X I-Skill
standards NNS X I-Skill
that IN X O
the DT X O
Trust NNP X O
considers NNS X O
necessary JJ X O
to TO X O
meet VB X O
its PRP$ X O
objectives NNS X O
. . X O
an DT X O

enthusiastic JJ X B-Skill
and CC X O
ambitious JJ X B-Skill
attitude NN X O
Show NNP X O
commitment NN X B-Skill
and CC X O
determination NN X B-Skill
Have VBP X O
the DT X O
ability NN X B-Skill
to TO X I-Skill
drive VB X I-Skill
their PRP$ X I-Skill
staff NN X I-Skill
and CC X I-Skill
business NN X I-Skill
forward RB X I-Skill
Our PRP$ X O

client NN X O
have VB X O
had VBD X O
an DT X O
extremely RB X O
successful JJ X O
couple NN X O
of IN X O
years NNS X O
as IN X O
their PRP$ X O
software NN X O
products NNS X O
have VBP X O
been VBN X O
extremely RB X O
well RB X O
received VBN X O
in IN X O
the DT X O
global JJ X O
market NN X O
place NN X O
. . X O
A DT X O

positive JJ X B-Skill
and CC X I-Skill
proactive JJ X I-Skill
individual NN X I-Skill
with IN X O
a DT X O
strong JJ X O
work NN X B-Skill
ethic NN X I-Skill
will MD X O
thrive VB X O
with IN X O
my PRP$ X O
client NN X O
. . X O
Represent NNP X B-Skill

the DT X I-Skill
magazine NN X I-Skill
at IN X I-Skill
industry NN X I-Skill
events NNS X I-Skill
, , X I-Skill
conferences NNS X I-Skill
, , X I-Skill
trade NN X I-Skill
shows NNS X I-Skill
, , X I-Skill
talks NNS X I-Skill
, , X I-Skill
exhibitions NNS X I-Skill
. . X O
Detailed JJ X O

involvement NN X O
in IN X O
SharePoint NNP X B-Skill
Development NNP X I-Skill
Projects NNPS X I-Skill
Extensive NNP X I-Skill
Microsoft NNP X I-Skill
development NN X I-Skill
experience NN X O
in IN X O
their PRP$ X O
suite NN X O
of IN X O
development NN X B-Skill
tools NNS X I-Skill
. . X O
**** JJ X O

events NNS X O
in IN X O
38 CD X O
countries NNS X O
, , X O
bringing VBG X O
together RB X O
over IN X O
6 CD X O
million CD X O
active JJ X O
event NN X O
participants NNS X O
worldwide VBP X O
. . X O
Subsidised VBN X O

meals NNS X O
Free JJ X O
parking VBG X O
Pension NNP X O
scheme NN X O
Free NNP X O
training NN X B-Domain
and CC X O
uniform JJ X O
Good NNP X O
staffing NN X O
levels NNS X O
and CC X O
funding NN X O
for IN X O
equipment NN X O
High NNP X O
morale NN X O
and CC X O
excellent JJ X O
care NN X O
Foxden NNP X O

Provides NNP X O
residential JJ X O
short JJ X O
breaks NNS X O
for IN X O
children NNS X O
and CC X O
young JJ X O
people NNS X O
who WP X O
live VBP X O
in IN X O
the DT X O
South NNP X O
Tyneside NNP X O
area NN X O
who WP X O
have VBP X O
a DT X O
learning NN X O
and CC X O
/ NN X O
or CC X O
physical JJ X O
disability NN X O
. . X O
a DT X O

passion NN X B-Skill
for IN X I-Skill
usability NN X I-Skill
Have VBP X O
excellent JJ X O
organisation NN X B-Skill
, , X O
discipline NN X B-Skill
and CC X O
project NN X B-Skill
management NN X I-Skill
skills NNS X I-Skill
Direct JJ X B-Occupation

Sales NNS X I-Occupation
Advisor NNP X I-Occupation
, , X O
Field NNP X B-Occupation
Sales NNS X I-Occupation
Executive NNP X I-Occupation
, , X O
Door NNP X B-Occupation
to TO X I-Occupation
Door NNP X I-Occupation
Sales NNS X I-Occupation
Agent NNP X I-Occupation
, , X O
B2B NNP X B-Occupation
Sales NNS X I-Occupation
Executive NNP X I-Occupation
, , X O
B2C NNP X B-Occupation
Sales NNS X I-Occupation
Representative NNP X I-Occupation
, , X O
Outbound NNP X B-Occupation
Sales NNS X I-Occupation
Advisors NNS X I-Occupation
, , X O
Telesales NNP X B-Occupation
Advisors NNP X I-Occupation
, , X O
Outbound NNP X B-Occupation
Sales NNS X I-Occupation
Consultant NNP X I-Occupation
, , X O
Telesales NNP X B-Occupation
, , X O
Outbound NNP X B-Occupation
Sales NNS X I-Occupation
Representative NNP X I-Occupation
, , X O
Call NNP X B-Occupation
Centre NNP X I-Occupation
, , X O
Sales NNS X B-Occupation
Executive NNP X I-Occupation
, , X O
Contact NNP X B-Occupation
Centre NNP X I-Occupation
, , X O
Sales NNS X B-Occupation
Representative VBP X I-Occupation
in IN X O
Southampton NNP X O
, , X O
Bournemouth NNP X O
, , X O
Portsmouth NNP X O
, , X O
Dorset NNP X O
, , X O
Brighton NNP X O
and CC X O
Salisbury NNP X O
Ref NNP X O
: : X O
DPR NNP X O
**** VBZ X O
A DT X O
K NNP X O

sales NNS X O
per IN X O
annum NN X O
with IN X O
the DT X O
right JJ X O
people NNS X O
at IN X O
the DT X O
helm NN X O
who WP X O
are VBP X O
strong JJ X O
networkers NNS X B-Skill
, , X O
great JJ X O
hosts NNS X B-Skill
, , X I-Skill
team NN X I-Skill
leaders NNS X I-Skill
and CC X O
with IN X O
strong JJ X O
financial JJ X B-Skill
acumen NNS X I-Skill
to TO X O
ensure VB X B-Skill
bottom JJ X I-Skill
line NN X I-Skill
delivery NN X I-Skill
. . X O
The DT X O

ideal NN X O
applicant NN X O
will MD X O
be VB X O
able JJ X B-Skill
to TO X I-Skill
identify VB X I-Skill
new JJ X I-Skill
regions NNS X I-Skill
around IN X I-Skill
the DT X I-Skill
globe NN X I-Skill
from IN X I-Skill
which WDT X I-Skill
to TO X I-Skill
generate VB X I-Skill
new JJ X I-Skill
revenue NN X I-Skill
and CC X O
will MD X O
also RB X O
be VB X O
required VBN X O
to TO X O
travel VB X B-Skill
to TO X I-Skill
these DT X I-Skill
regions NNS X I-Skill
in IN X I-Skill
order NN X I-Skill
to TO X I-Skill
attend VB X I-Skill
various JJ X I-Skill
networking VBG X I-Skill
events NNS X I-Skill
. . X O
Please NNP X O

note NN X O
that IN X O
we PRP X O
may MD X O
be VB X O
recruiting VBG X O
multiple JJ X O
positions NNS X O
against IN X O
this DT X O
vacancy NN X O
Ability NN X O

to TO X O
relate VB X B-Skill
to TO X I-Skill
and CC X I-Skill
interact VB X I-Skill
with IN X I-Skill
other JJ X I-Skill
researchers NNS X I-Skill
, , X I-Skill
and CC X I-Skill
students NNS X I-Skill
in IN X I-Skill
an DT X I-Skill
academic JJ X I-Skill
context NN X I-Skill
. . X O
The DT X O

Candidate NNP X O
An DT X O
experienced JJ X B-Skill
Recruitment NNP X B-Occupation
Consultant NNP X I-Occupation
who WP X O
is VBZ X O
able JJ X O
to TO X O
demonstrate VB X O
their PRP$ X O
success NN X O
within IN X O
recruitment NN X B-Skill
and CC X O
that DT X O
is VBZ X O
currently RB X O
working VBG X O
in IN X O
a DT X O
senior JJ X O
role NN X O
or CC X O
who WP X O
is VBZ X O
looking VBG X O
for IN X O
their PRP$ X O
next JJ X O
career NN X O
move NN X O
. . X O
The DT X O

post NN X O
will MD X O
be VB X O
with IN X O
the DT X O
Billett NNP X O
Section NN X O
at IN X O
CEH NNP X O
Edinburgh NNP X O
. . X O
A DT X O

cleaner NN X B-Occupation
is VBZ X O
required VBN X O
initially RB X O
for IN X O
3 CD X O
days NNS X O
per IN X O
week NN X O
3 CD X O
. . X O
5 CD X O
hours NNS X O
per IN X O
day NN X O
which WDT X O
will MD X O
turn VB X O
in IN X O
to TO X O
full JJ X O
time NN X O
5 CD X O
days NNS X O
per IN X O
week NN X O
after IN X O
This DT X O

is VBZ X O
a DT X O
unique JJ X O
opportunity NN X O
to TO X O
join VB X O
one CD X O
of IN X O
the DT X O
UK NNP X O
s VBZ X O
most RBS X O
innovative JJ X O
and CC X O
successful JJ X O
high JJ X O
technology NN X O
companies NNS X O
operating VBG X O
in IN X O
the DT X O
broadcast NN X B-Domain
and CC X I-Domain
media NNS X I-Domain
space NN X I-Domain
. . X O
It PRP X O

is VBZ X O
likely JJ X O
that IN X O
you PRP X O
will MD X O
have VB X O
the DT X O
following JJ X O
background NN X O
: : X O
ACA NNP X B-Qualification
/ NNP X I-Qualification
CTA NNP X I-Qualification
Qualified NNP X I-Qualification
Top NNP X I-Qualification
10 CD X I-Qualification
/ NN X O
To TO X O

show VB X O
and CC X O
support VB X O
best JJS X O
practice NN X O
software NN X B-Skill
design NN X I-Skill
methodologies NNS X I-Skill
strong JJ X O
up RB X O
to TO X O
date NN X O
commercial JJ X B-Skill
knowledge NN X I-Skill
o JJ X O
f NN X O
design NN X B-Domain
and CC X O
architecture NN X B-Domain
would MD X O
be VB X O
a DT X O
direct JJ X O
advantage NN X O
. . X O
General NNP X O

project NN X B-Skill
management NN X I-Skill
experience NN X O
is VBZ X O
also RB X O
desirable JJ X O
ACADEMIC NNP X O
QUALIFICATIONS NN X O
: : X O
Ensure NN X O

all DT X O
processes NNS X O
used VBN X O
on IN X O
a DT X O
daily JJ X O
basis NN X O
within IN X O
your PRP$ X O
area NN X O
of IN X O
responsibility NN X O
are VBP X O
clearly RB X O
documented VBN X O
to TO X O
specify VB X O
the DT X O
download NN X O
entry NN X O
/ NNP X O
maintenance NN X O
of IN X O
data NNS X O
into IN X O
reports NNS X O
To TO X O
maintain VB X O
uptodate JJ X O
knowledge NN X O
of IN X O
all DT X O
systems NNS X O
used VBN X O
including VBG X O
but CC X O
not RB X O
limited JJ X O
to TO X O
Excel NNP X B-Skill
, , X O
Access NNP X B-Skill
, , X O
Mainframe NNP X B-Skill
, , X O
International NNP X B-Skill
EDW NNP X I-Skill
, , X O
Total NNP X B-Skill
view NN X I-Skill
, , X O
Symposium NNP X B-Skill
, , X I-Skill
Power NNP X I-Skill
play NN X I-Skill
, , X O
intranet NN X B-Skill
and CC X O
webbased VBD X B-Skill
technology NN X I-Skill
to TO X O
allow VB X O
development NN X O
of IN X O
future JJ X O
reporting NN X O
processes VBZ X O
Excellent NNP X O
MS NNP X B-Skill
Office NNP X I-Skill
skills VBZ X O
with IN X O
knowledge NN X O
and CC X O
experience NN X O
of IN X O
Microsoft NNP X B-Skill
Excel NNP X I-Skill
If IN X O

your PRP$ X O
application NN X O
is VBZ X O
unsuccessful JJ X O
, , X O
the DT X O
information NN X O
supplied VBD X O
may MD X O
still RB X O
be VB X O
retained VBN X O
for IN X O
use NN X O
in IN X O
connection NN X O
with IN X O
future JJ X O
vacancies NNS X O
. . X O
The DT X O

successful JJ X O
Registered NNP X O
General NNP X O
Nurse NNP X O
RGN NNP X O
will MD X O
need VB X O
to TO X O
undergo VB X O
an DT X O
enhanced JJ X O
CRB NNP X O
check NN X O
. . X O
you PRP X O

re VBP X O
reliable JJ X B-Skill
, , X O
methodical JJ X B-Skill
, , X O
practical JJ X B-Skill
and CC X O
organized VBN X B-Skill
, , X O
even RB X O
under IN X O
pressure NN X O
Communications NNS X O
Job NNP X O

Description NNP X O
: : X O
The DT X O
role NN X O
will MD X O
involve VB X O
proactively RB X O
identifying VBG X O
and CC X O
working VBG X B-Skill
with IN X I-Skill
dealers NNS X I-Skill
of IN X I-Skill
video NN X I-Skill
communications NNS X I-Skill
equipment NN X I-Skill
and CC X O
generating VBG X B-Skill
new JJ X I-Skill
business NN X I-Skill
within IN X I-Skill
existing VBG X I-Skill
accounts NNS X I-Skill
. . X O
As IN X O

the DT X O
Lead NNP X B-Occupation
Internal NNP X I-Occupation
Auditor NNP X I-Occupation
of IN X O
this DT X O
BlueChip NNP X O
firm NN X O
you PRP X O
will MD X O
be VB X O
involved VBN X O
in IN X O
ensuring VBG X O
that IN X O
all DT X O
risk NN X B-Skill
parameters NNS X I-Skill
and CC X I-Skill
controls NNS X I-Skill
are VBP X O
adhered VBN X O
to TO X O
and CC X O
will MD X O
be VB X O
highly RB X O
influential JJ X B-Skill
in IN X O
recommending VBG X O
new JJ X O
controls NNS X O
across IN X O
the DT X O
business NN X O
to TO X O
maximise VB X O
business NN X B-Skill
efficiency NN X I-Skill
and CC X I-Skill
profitability NN X I-Skill
. . X O
The DT X O

Registered NNP X O
Care NNP X B-Occupation
Manager NNP X I-Occupation
will MD X O
have VB X O
the DT X O
responsibility NN X B-Skill
for IN X I-Skill
all DT X I-Skill
aspects NNS X I-Skill
of IN X I-Skill
operational JJ X I-Skill
delivery NN X I-Skill
including VBG X O
staffing NN X B-Skill
and CC X O
working VBG X B-Skill
with IN X I-Skill
the DT X I-Skill
CSSIW NNP X I-Skill
regulatory JJ X I-Skill
framework NN X I-Skill
. . X O
You PRP X O

ll VBP X O
understand VB X O
the DT X O
emphasis NN X O
they PRP X O
place VBP X O
on IN X O
customer NN X B-Skill
satisfaction NN X I-Skill
, , X O
and CC X O
the DT X O
measures NNS X O
they PRP X O
can MD X O
utilise VB X O
to TO X O
ensure VB X O
that IN X O
it PRP X O
is VBZ X O
continually RB X O
achieved VBN X O
. . X O
Successful JJ X O

candidate NN X O
for IN X O
this DT X O
role NN X O
must MD X O
have VB X O
following VBG X O
skill JJ X O
and CC X O
experience NN X O
: : X O
Degree NNP X B-Qualification
level NN X I-Qualification
qualification NN X I-Qualification
Excellent NNP X B-Skill
eye NN X I-Skill
for IN X I-Skill
design NN X I-Skill
and CC X O
sensitivity NN X B-Skill
to TO X I-Skill
colour VB X I-Skill
. . X O
Good JJ X B-Skill

with IN X I-Skill
numbers NNS X I-Skill
have VBP X O
the DT X O
ability NN X B-Skill
to TO X I-Skill
build VB X I-Skill
a DT X I-Skill
Deal NNP X I-Skill
. . X O
Alternatively RB X O

, , X O
you PRP X O
may MD X O
have VB X O
developed VBN X O
your PRP$ X O
career NN X O
within IN X O
larger JJR X O
Top JJ X O
50 CD X O
/ JJ X O
Top NNP X O
Ten NNP X O
or CC X O
Top NNP X O
Four NNP X O
firm NN X O
environment NN X O
focused VBD X O
more RBR X O
in IN X O
audit NN X B-Skill
for IN X I-Skill
larger JJR X I-Skill
clients NNS X I-Skill
. . X O
An DT X O

excellent JJ X O
salary NN X O
and CC X O
benefits NNS X O
package NN X O
is VBZ X O
on IN X O
offer NN X O
as IN X O
well RB X O
the DT X O
as IN X O
the DT X O
opportunity NN X O
to TO X O
further VB X O
your PRP$ X O
career NN X O
with IN X O
a DT X O
market NN X O
leader NN X O
. . X O
Also RB X O

you PRP X O
must MD X O
have VB X O
commercial JJ X O
experience NN X O
in IN X O
dealing VBG X B-Skill
with IN X I-Skill
MVC NNP X I-Skill
and CC X I-Skill
entity NN X I-Skill
framework NN X I-Skill
. . X O
Carry NNP X O

out RP X O
appraisals NNS X O
and CC X O
ensure VB X O
development NN X O
needs NNS X O
are VBP X O
met VBN X O
through IN X O
appropriate JJ X O
training NN X O
and CC X O
staff NN X O
development NN X O
programmes NNS X O
. . X O
Our PRP$ X O

leading JJ X O
client NN X O
requires VBZ X O
a DT X O
highly RB X O
motivated VBN X B-Skill
, , X O
energetic JJ X B-Skill
OBIEE NNP X B-Occupation
Oracle NNP X I-Occupation
Consultant NNP X I-Occupation
to TO X O
be VB X O
a DT X B-Skill
subject JJ X I-Skill
matter NN X I-Skill
expert NN X I-Skill
on IN X I-Skill
OBIEE NNP X I-Skill
on IN X I-Skill
our PRP$ X I-Skill
clients NNS X I-Skill
Oracle NNP X I-Skill
installation NN X I-Skill
. . X O
Qualifications NNS X O

NACE NNP X B-Qualification
level NN X I-Qualification
II NNP X I-Qualification
or CC X I-Qualification
III NNP X I-Qualification
certification NN X I-Qualification
Package NNP X O
Successful NNP X O
candidates NNS X O
will MD X O
enjoy VB X O
a DT X O
tax NN X O
free JJ X O
salary NN X O
, , X O
accommodation NN X O
, , X O
transport NN X O
allowance NN X O
, , X O
30 CD X O
days NNS X O
holiday NN X O
and CC X O
return VB X O
flights NNS X O
to TO X O
point VB X O
of IN X O
origin NN X O
. . X O
Please NNP X O

apply VB X O
today NN X O
if IN X O
you PRP X O
meet VBP X O
all DT X O
of IN X O
the DT X O
above JJ X O
criteria NNS X O
Recruitment NNP X B-Domain
Zone NNP X O
acting VBG X O
as IN X O
an DT X O
employment NN X B-Domain
agency NN X O
in IN X O
regard NN X O
to TO X O
this DT X O
advert NN X O
. . X O
**** JJ X O

**** NNP X O
**** NN X O
or CC X O
email VB X O
your PRP$ X O
applications NNS X O
to TO X O
find VB X O
out RP X O
more JJR X O
about IN X O
this DT X O
role NN X O
and CC X O
to TO X O
apply VB X O
. . X O
Randstad NNP X O

Care NNP X O
are VBP X O
recruiting VBG X O
for IN X O
female JJ X O
support NN X B-Occupation
workers NNS X I-Occupation
to TO X O
work VB X O
at IN X O
a DT X O
residential JJ X O
homes NNS X O
for IN X O
adults NNS X O
with IN X O
learning VBG X O
disabilities NNS X O
based VBN X O
near IN X O
Wokingham NNP X O
. . X O
This DT X O

job NN X O
requires VBZ X O
shplit JJ X O
shifts NNS X O
, , X O
with IN X O
Mondays NNP X O
off IN X O
each DT X O
week NN X O
plus CC X O
one CD X O
further JJ X O
day NN X O
per IN X O
week NN X O
. . X O
We PRP X O

are VBP X O
based VBN X O
in IN X O
Essex NNP X O
and CC X O
Suffolk NNP X O
around IN X O
the DT X O
Colchester NNP X O
area NN X O
. . X O
The DT X O

Manager NNP X B-Occupation
of IN X I-Occupation
the DT X I-Occupation
EMEA NNP X I-Occupation
change NN X I-Occupation
management NN X I-Occupation
team NN X I-Occupation
is VBZ X O
responsible JJ X B-Skill
for IN X I-Skill
a DT X I-Skill
team NN X I-Skill
of IN X I-Skill
5 CD X I-Skill
people NNS X I-Skill
based VBN X O
over IN X O
2 CD X O
locations NNS X O
, , X O
the DT X O
role NN X O
is VBZ X O
based VBN X O
within IN X O
the DT X O
Basingstoke NNP X O
NOC NNP X O
. . X O
With IN X O

a DT X O
choice NN X O
of IN X O
three CD X O
succulent JJ X O
roasts NNS X O
and CC X O
unlimited JJ X O
veggies NNS X O
, , X O
there EX X O
s VBZ X O
no DT X O
better JJR X O
value NN X O
anywhere RB X O
. . X O
You PRP X O

will MD X O
also RB X O
preferably RB X O
have VBP X O
online JJ X B-Skill
retail JJ X I-Skill
and CC X I-Skill
large JJ X I-Skill
corporate JJ X I-Skill
site NN X I-Skill
design NN X I-Skill
experience NN X I-Skill
. . X O
The DT X O

User NNP X B-Occupation
Experience NNP X I-Occupation
Designer NNP X I-Occupation
will MD X O
gather VB X B-Skill
requirements NNS X I-Skill
and CC X I-Skill
specifications NNS X I-Skill
that WDT X I-Skill
are VBP X I-Skill
acceptable JJ X I-Skill
for IN X I-Skill
the DT X I-Skill
consumer NN X I-Skill
. . X O
Please NNP X O

note MD X O
only RB X O
suitable JJ X O
candidates NNS X O
will MD X O
be VB X O
contacted VBN X O
PLEASE NNP X O
Establish JJ X B-Skill

new JJ X I-Skill
accounts NNS X I-Skill
through IN X I-Skill
customer NN X I-Skill
calls NNS X I-Skill
and CC X O
follow VB X O
up RB X O
of IN X O
marketing VBG X B-Skill
initiatives NNS X I-Skill
; : X O
To TO X O
maximise VB X B-Skill
the DT X I-Skill
growth NN X I-Skill
in IN X I-Skill
existing VBG X I-Skill
accounts NNS X I-Skill
ie VB X O
Please NNP X O

apply VB X O
via IN X O
the DT X O
link NN X O
below IN X O
or CC X O
call VB X O
Ian NNP X O
Gerstein NNP X O
on IN X O
Travail NNP X O

Employment NNP X O
Group NNP X O
Ltd NNP X O
is VBZ X O
acting VBG X O
as IN X O
an DT X O
Employment NNP X O
Agency NNP X O
in IN X O
relation NN X O
to TO X O
this DT X O
vacancy NN X O
. . X O
Experience NN X O

within IN X O
the DT X O
Food NNP X B-Domain
Manufacturing NNP X I-Domain
sector NN X O
would MD X O
be VB X O
advantageous JJ X O
. . X O
Creates VBZ X B-Skill

the DT X I-Skill
datasets NNS X I-Skill
specification VBP X I-Skill
according VBG X O
to TO X O
the DT X O
global JJ X O
standard NN X O
in IN X O
cooperation NN X O
with IN X O
clinical JJ X B-Skill
programming NN X I-Skill
. . X O
Large JJ X O

local JJ X O
candidate NN X O
database NN X O
& CC X O
bull NN X O
Wide NNP X O
advertising NN X O
and CC X O
Job NNP X O
Board NNP X O
access NN X O
supported VBN X O
by IN X O
Resourcers NNP X O
Superb NNP X O
inhouse NN X O
facilities NNS X O
with IN X O
advanced JJ X O
IT NNP X O
Recruitment NNP X O
Systems NNPS X O
and CC X O
supportive JJ X O
management NN X O
Bright NNP X O
modern NNP X O
Redhill NNP X O
town NN X O
centre NN X O
offices NNS X O
with IN X O
onsite JJ X O
car NN X O
parking NN X O
, , X O
close RB X O
to TO X O
train VB X O
station NN X O
22 CD X O
years NNS X O
& CC X O
rsquo NN X O
**** JJ X O

locations NNS X O
across IN X O
the DT X O
UK NNP X O
over IN X O
a DT X O
suite NN X O
of IN X O
subsidiaries NNS X O
and CC X O
brands NNS X O
Making VBG X O
over IN X O
a DT X O

very RB X O
competitive JJ X O
salary NN X O
will MD X O
be VB X O
offered VBN X O
to TO X O
the DT X O
successful JJ X O
candidate NN X O
. . X O
The DT X O

successful JJ X O
candidate NN X O
will MD X O
be VB X O
working VBG X B-Skill
on IN X I-Skill
their PRP$ X I-Skill
own JJ X I-Skill
but CC X O
will MD X O
be VB X B-Skill
part NN X I-Skill
of IN X I-Skill
a DT X I-Skill
larger JJR X I-Skill
team NN X I-Skill
. . X O
Must NNP X O

be VB X O
willing JJ X O
to TO X O
travel VB X O
across IN X O
the DT X O
UK NNP X O
and CC X O
stay VB X O
away RB X O
. . X O
They PRP X O

are VBP X O
passionate JJ X O
about IN X O
delivering VBG X B-Skill
high JJ X I-Skill
quality NN X I-Skill
, , X I-Skill
platform NN X I-Skill
information NN X I-Skill
across IN X I-Skill
a DT X I-Skill
range NN X I-Skill
of IN X I-Skill
services NNS X I-Skill
, , X I-Skill
including VBG X I-Skill
; : X I-Skill
publications NNS X I-Skill
, , X I-Skill
events NNS X I-Skill
, , X I-Skill
awards NNS X I-Skill
, , X I-Skill
exhibitions NNS X I-Skill
, , X I-Skill
digital JJ X I-Skill
services NNS X I-Skill
and CC X I-Skill
other JJ X I-Skill
information NN X I-Skill
based VBN X I-Skill
products NNS X I-Skill
and CC X I-Skill
services NNS X I-Skill
. . X O
Subject JJ X O

to TO X O
observance NN X O
of IN X O
all DT X O
UK NNP X O
and CC X O
EU NNP X O
current JJ X O
legislation NN X O
we PRP X O
shall MD X O
not RB X O
discriminate VB X O
to TO X O
exclude VB X O
individuals NNS X O
on IN X O
the DT X O
grounds NNS X O
of IN X O
age NN X O
, , X O
race NN X O
, , X O
colour NN X O
, , X O
gender VB X O
birth NN X O
or CC X O
reassigned VBN X O
, , X O
sexual JJ X O
orientation NN X O
, , X O
disability NN X O
, , X O
religion NN X O
or CC X O
belief NN X O
, , X O
marital JJ X O
status NN X O
, , X O
ethnic JJ X O
or CC X O
national JJ X O
origin NN X O
, , X O
health NN X O
, , X O
pregnancy NN X O
, , X O
childcare NN X O
responsibilities NNS X O
or CC X O
criminal JJ X O
records NNS X O
. . X O
Chemistry NNP X B-Occupation

teacher CC X I-Occupation
position NN X O
available JJ X O
at IN X O
excellent JJ X O
school NN X O
in IN X O
Central NNP X O
London NNP X O
from IN X O
September NNP X O
2013 CD X O
The DT X O

position NN X O
To TO X O
support VB X O
its PRP$ X O
ongoing JJ X O
growth NN X O
, , X O
Oliver NNP X O
Wyman NNP X O
is VBZ X O
seeking VBG X O
extraordinary JJ X O
individuals NNS X O
with IN X O
major JJ X O
focus NN X B-Skill
in IN X I-Skill
strategy NN X I-Skill
and CC X I-Skill
operations NNS X I-Skill
and CC X O
experience NN X B-Skill
in IN X I-Skill
team NN X I-Skill
management NN X I-Skill
to TO X O
become VB X O
Junior NNP X B-Occupation
Managers NNPS X I-Occupation
and CC X O
Managers NNPS X B-Occupation
in IN X O
its PRP$ X O
EMEA NNP X O
Insurance NNP X O
Practice NNP X O
with IN X O
a DT X O
focus NN X O
on IN X O
Germany NNP X O
, , X O
Switzerland NNP X O
and CC X O
Austria NNP X O
. . X O
Hands NNS X O

on IN X O
commercial JJ X B-Skill
development NN X I-Skill
and CC X O
Microsoft NNP X B-Skill
SQL NNP X I-Skill
Server NNP X I-Skill
development NN X I-Skill
. . X O
You PRP X O

will MD X O
be VB X O
working VBG X O
in IN X O
a DT X O
mobile JJ X B-Skill
capacity NN X I-Skill
on IN X O
commercial JJ X B-Domain
properties NNS X B-Skill
through IN X O
out IN X O
the DT X O
West NNP X O
and CC X O
East NNP X O
Midlands NNP X O
region NN X O
. . X O
Excellent JJ X O

package NN X O
including VBG X O
good JJ X O
basic NN X O
and CC X O
bonus NN X O
is VBZ X O
on IN X O
offer NN X O
as IN X O
is VBZ X O
full JJ X O
relocation NN X O
where WRB X O
needed VBN X O
. . X O
Act NNP X O

in IN X O
a DT X O
professional JJ X B-Skill
and CC X O
ethical JJ X B-Skill
way NN X O
, , X O
maintaining VBG X O
a DT X O
high JJ X O
degree NN X O
of IN X O
integrity NN X B-Skill
, , X O
promoting VBG X B-Skill
activities NNS X I-Skill
at IN X O
all DT X O
times NNS X O
. . X O
The DT X O

working VBG X O
environment NN X O
here RB X O
is VBZ X O
very RB X O
pleasant JJ X O
too RB X O
casual JJ X O
dress NN X O
code NN X O
, , X O
laid VBN X O
back RB X O
and CC X O
friendly RB X O
atmosphere RB X O
but CC X O
also RB X O
hardworking VBG X B-Skill
and CC X O
dynamic JJ X B-Skill
. . X O
Our PRP$ X O

client NN X O
is VBZ X O
looking VBG X O
for IN X O
an DT X O
experienced JJ X B-Skill
Quality NN X B-Occupation
Manager NNP X I-Occupation
to TO X O
Lead VB X B-Skill
the DT X I-Skill
existing VBG X I-Skill
Quality NNP X I-Skill
Team NNP X I-Skill
, , X O
with IN X O
full JJ X O
responsibility NN X O
and CC X O
accountability NN X O
for IN X O
Maintaining NNP X B-Skill
and CC X I-Skill
Managing NNP X I-Skill
all DT X I-Skill
aspects NNS X I-Skill
of IN X I-Skill
their PRP$ X I-Skill
Quality NNP X I-Skill
Management NNP X I-Skill
Systems NNPS X I-Skill
, , X O
internally RB X O
and CC X O
externally RB X O
. . X O
You PRP X O

must MD X O
have VB X O
a DT X O
great JJ X O
personality NN X O
and CC X O
be VB X O
able JJ X B-Skill
to TO X I-Skill
get VB X I-Skill
along IN X I-Skill
with IN X I-Skill
people NNS X I-Skill
under IN X I-Skill
pressurised VBN X I-Skill
times NNS X I-Skill
. . X O
This DT X O

is VBZ X O
a DT X O
great JJ X O
opportunity NN X O
to TO X O
enhance VB X O
and CC X O
develop VB X O
your PRP$ X O
career NN X O
in IN X O
occupational JJ X B-Domain
therapy NN X I-Domain
within IN X O
a DT X O
progressive JJ X O
NHS NNP X O
trust NN X O
and CC X O
experienced VBD X O
OT NNP X O
team NN X O
. . X O
Broad NNP X O

experience NN X O
within IN X O
Ecommerce NNP X B-Skill
and CC X O
highly RB X B-Skill
transactional JJ X I-Skill
websites NNS X I-Skill
including VBG X O
mobile NN X B-Domain
is VBZ X O
essential JJ X O
. . X O
JAM NNP X O

Recruitment NNP X O
is VBZ X O
acting VBG X O
as IN X O
an DT X O
Employment NNP X O
Agency NNP X O
in IN X O
relation NN X O
to TO X O
this DT X O
vacancy NN X O
. . X O
Proven NNP X O

experience NN X O
of IN X O
working VBG X O
in IN X O
a DT X O
similar JJ X O
purchasing NN X B-Domain
environment NN X O
would MD X O
be VB X O
preferred VBN X O
. . X O
Previous JJ X O

experience NN X O
working VBG X B-Skill
with IN X I-Skill
blue JJ X I-Skill
and CC X I-Skill
white JJ X I-Skill
collar JJ X I-Skill
staff NN X I-Skill
Must NNP X O
have VBP X O
worked VBN X B-Skill
in IN X I-Skill
a DT X I-Skill
unionised JJ X I-Skill
environment NN X I-Skill
Experience NN X O
of IN X O
multisite JJ X B-Skill
HR NNP X I-Skill
responsibility NN X I-Skill
Strong NNP X O
influencing NN X B-Skill
skills NNS X O
, , X O
excellent JJ X O
leadership NN X B-Skill
skills NNS X O
, , X O
strong JJ X O
analytical JJ X B-Skill
and CC X O
project JJ X B-Skill
management NN X O
skills NNS X O
required VBD X O
Previously RB X O
been VBN X O
responsible JJ X B-Skill
for IN X I-Skill
daytoday JJ X I-Skill
HR NNP X I-Skill
If IN X O

you PRP X O
have VBP X O
the DT X O
required JJ X O
skills NNS X O
and CC X O
ability NN X O
please VBP X O
forward RB X O
your PRP$ X O
CV NN X O
to TO X O
Gemma NNP X O
Edwards NNP X O
for IN X O
immediate JJ X O
consideration NN X O
. . X O
You PRP X O

will MD X O
have VB X O
a DT X O
very RB X O
good JJ X O
technical JJ X B-Qualification
degree NN X I-Qualification
or CC X O
equiv NN X O
. . X O
, , X O
be VB X O
fully RB X O
competent JJ X O
in IN X O
C NNP X B-Skill
programming VBG X I-Skill
within IN X O
an DT X O
embedded JJ X O
/ NN X O
firmware NN X O
environment NN X O
with IN X O
a DT X O
real JJ X O
appreciation NN X O
for IN X O
developing VBG X B-Skill
software NN X I-Skill
at IN X I-Skill
the DT X I-Skill
hardware NN X I-Skill
level NN X I-Skill
. . X O
The DT X O

successful JJ X O
candidate NN X O
will MD X O
have VB X O
/ VBN X O
be VB X O
: : X O
Proven NNP X B-Skill
analytical JJ X I-Skill
skills NNS X I-Skill
and CC X O
ability NN X B-Skill
to TO X I-Skill
analyse VB X I-Skill
and CC X I-Skill
interpret VB X I-Skill
Retail NNP X I-Skill
sales NNS X I-Skill
and CC X I-Skill
customer NN X I-Skill
data NNS X I-Skill
in IN X I-Skill
to TO X I-Skill
drive VB X I-Skill
insight NN X I-Skill
and CC X O
knowledge NN X B-Skill
across IN X I-Skill
Brands NNP X I-Skill
, , X I-Skill
Categories NNP X I-Skill
and CC X I-Skill
Customers NNPS X I-Skill
to TO X I-Skill
inform VB X I-Skill
the DT X I-Skill
Retail JJ X I-Skill
channel NN X I-Skill
strategy NN X I-Skill
Part NN X O

Time NNP X O
, , X O
Financial NNP X B-Occupation
Accountant NNP X I-Occupation
, , X O
Finance NNP X B-Occupation
Manager NNP X I-Occupation
, , X O
Financial NNP X B-Occupation
Manager NNP X I-Occupation
, , X O
Finance NNP X O
, , X O
Financial NNP X O
, , X O
Accounting NNP X B-Occupation
, , X O
Accountant NNP X B-Occupation
, , X O
Accounts NNP X O
, , X O
Accountancy NNP X O
, , X O
Qualified NNP X O
Finance NNP X O
Manager NNP X O
, , X O
Qualified NNP X O
Accountant NNP X O
, , X O
Financial NNP X B-Occupation
Accounting NNP X I-Occupation
Manager NNP X I-Occupation
, , X O
Management NNP X B-Occupation
Accountant NNP X I-Occupation
, , X O
General NNP X B-Occupation
Ledger NNP X I-Occupation
Accountant NNP X I-Occupation
. . X O
They PRP X O

always RB X O
work VBP X O
together RB X O
with IN X O
their PRP$ X O
customers NNS X O
in IN X O
mind NN X O
, , X O
which WDT X O
is VBZ X O
one CD X O
of IN X O
the DT X O
reasons NNS X O
why WRB X O
over IN X O
twelve NN X O
million CD X O
people NNS X O
stayed VBN X O
with IN X O
them PRP X O
last JJ X O
year NN X O
. . X O
Liaise NN X O

with IN X O
Sales NNS X B-Domain
Administration NNP X O
and CC X O
Marketing NNP X B-Domain
Departments NNS X O
to TO X O
produce VB X B-Skill
rate NN X I-Skill
proposals NNS X I-Skill
and CC X O
tender NN X B-Skill
responses NNS X I-Skill
. . X O
They PRP X O

are VBP X O
currently RB X O
recruiting VBG X O
an DT X O
extra JJ X O
field NN X B-Occupation
sales NNS X I-Occupation
account VBP X I-Occupation
manager NN X I-Occupation
as IN X O
a DT X O
result NN X O
of IN X O
expansion NN X O
. . X O
Apply VB X O

for IN X O
this DT X O
role NN X O
now RB X O
or CC X O
find VB X O
us PRP X O
online VB X O
at IN X O
Web NNP X O
: : X O
they PRP X O

are VBP X O
one CD X O
of IN X O
the DT X O
world NN X O
s NN X O
largest JJS X O
manufacturer NN X B-Domain
of IN X O
everything NN X O
from IN X O
a DT X O
storage NN X O
rack NN X O
to TO X O
a DT X O
large JJ X O
transit NN X O
container NN X O
Key NNP X O
Tasks NNP X O
: : X O
Care NNP X B-Domain

South NNP X O
is VBZ X O
a DT X O
leading VBG X O
provider NN X O
of IN X O
residential JJ X O
and CC X O
home NN X O
care NN X B-Domain
across IN X O
the DT X O
South NNP X O
of IN X O
England NNP X O
. . X O
My PRP$ X O

client NN X O
an DT X O
extremely RB X O
well RB X O
established VBN X O
machinery NN X O
and CC X O
engineering NN X O
company NN X O
who WP X O
subcontract VBP X O
within IN X O
the DT X O
Aerospace NNP X B-Domain
and CC X O
defense NN X B-Domain
industries NNS X O
are VBP X O
looking VBG X O
for IN X O
an DT X O
experienced JJ X B-Skill
You PRP X O

will MD X O
be VB X O
contacted VBN X O
only RB X O
if IN X O
you PRP X O
have VBP X O
been VBN X O
shortlisted VBN X O
. . X O
AER NNP X O

Teachers NNP X O
is VBZ X O
currently RB X O
registering VBG X O
experienced VBN X B-Skill
Education NNP X B-Occupation
professionals NNS X I-Occupation
for IN X O
Cover NNP X O
Supervisor NNP X O
work NN X O
in IN X O
Secondary JJ X O
schools NNS X O
across IN X O
South NNP X O
London NNP X O
Company NN X O

contributory NN X O
pension NN X O
scheme NN X O
Client NNP X O
A NNP X O
well RB X O
known VBN X O
and CC X O
respected VBN X O
Manufacturer NNP X B-Domain
of IN X O
storage NN X O
and CC X O
material NN X O
handling NN X O
equipment NN X O
Candidates NNS X O

need VBP X O
good JJ X O
working VBG X B-Skill
knowledge NN X I-Skill
of IN X I-Skill
the DT X I-Skill
service NN X I-Skill
and CC X I-Skill
maintenance NN X I-Skill
of IN X I-Skill
fire NN X I-Skill
detection NN X I-Skill
systems NNS X I-Skill
, , X O
have VBP X O
a DT X O
good JJ X O
understanding NN X B-Skill
of IN X I-Skill
BS NNP X I-Skill
Community NNP X B-Occupation

Development NNP X I-Occupation
Worker NNP X I-Occupation
Reports NNS X O
to TO X O
: : X O
Brookfield NNP X O
Spaceplace NNP X O
Management NNP X O
Committee NNP X O
Work NNP X O
Base NNP X O
: : X O
Ideally RB X O

you PRP X O
would MD X O
have VB X O
3 CD X B-Experience
years NNS X I-Experience
within IN X I-Experience
the DT X I-Experience
industry NN X I-Experience
and CC X O
be VB X O
able JJ X O
to TO X O
display VB X O
a DT X O
portfolio NN X O
of IN X O
relevant JJ X O
work NN X O
. . X O
To TO X O

encourage VB X O
and CC X O
support VB X O
local JJ X O
people NNS X O
in IN X O
accessing VBG X B-Skill
community NN X I-Skill
development NN X I-Skill
projects NNS X I-Skill
To TO X O
undertake VB X O
administration NN X B-Skill
associated VBN X I-Skill
with IN X I-Skill
community NN X I-Skill
projects NNS X I-Skill
To TO X O
train VB X B-Skill
volunteers NNS X I-Skill
to TO X O
sustain VB X B-Skill
the DT X I-Skill
projects NNS X I-Skill
To TO X O
monitor VB X B-Skill
and CC X I-Skill
evaluate VB X I-Skill
the DT X I-Skill
effectiveness NN X I-Skill
of IN X I-Skill
projects NNS X I-Skill
, , X O
providing VBG X O
reports NNS X B-Skill
to TO X I-Skill
management NN X I-Skill
, , X I-Skill
partners NNS X I-Skill
and CC X I-Skill
funding VBG X I-Skill
bodies NNS X I-Skill
as IN X O
required VBN X O
Review NNP X B-Skill
services NNS X I-Skill
and CC X O
identify VB X B-Skill
potential JJ X I-Skill
for IN X I-Skill
development NN X I-Skill
to TO X O
support VB X B-Skill
communities NNS X I-Skill
To TO X O
liaise VB X B-Skill
with IN X I-Skill
funders NNS X I-Skill
and CC X I-Skill
partners NNS X I-Skill
ensuring VBG X O
the DT X O
provision NN X O
of IN X O
information NN X O
as IN X O
required VBN X O
Represent NNP X B-Skill
Spaceplace NNP X I-Skill
at IN X I-Skill
events NNS X I-Skill
and CC X I-Skill
meetings NNS X I-Skill
as IN X O
required VBN X O
To TO X O
undertake VB X O
personal JJ X B-Skill
development NN X I-Skill
training NN X I-Skill
as IN X O
required VBN X O
To TO X O
undertake VB X O
other JJ X O
work NN X O
that WDT X O
may MD X O
arise VB X O
on IN X O
a DT X O
day NN X O
to TO X O
day NN X O
basis NN X O
to TO X O
support VB X O
the DT X O
objectives NNS X O
of IN X O
Brookfield NNP X O
Spaceplace NNP X O
, , X O
as IN X O
requested VBN X O
by IN X O
the DT X O
Management NNP X B-Domain
Committee NNP X O
SkillsvCustomer NNP X O

FocusvDecision NNP X O
MakingvDeveloping NNP X O
Self NNP X B-Skill
& CC X I-Skill
OthersvFlexibility NNP X O
& CC X B-Skill
Managing NNP X I-Skill
Changev NNP X O
Planning NNP X B-Skill
& CC X O
PrioritisationvTeam NNP X O
WorkingvLeadershipvResults NNP X O
The DT X O

core NN X O
functions NNS X O
within IN X O
the DT X O
team NN X O
are VBP X O
managing VBG X B-Skill
the DT X I-Skill
end NN X I-Skill
to TO X I-Skill
end VB X I-Skill
registration NN X I-Skill
and CC X O
site NN X B-Skill
loss NN X I-Skill
processes VBZ X I-Skill
, , X O
initiating VBG X B-Skill
metering VBG X I-Skill
siteworks NNS X I-Skill
, , X O
energy NN X B-Skill
settlement NN X I-Skill
performance NN X I-Skill
, , X O
query JJ X B-Skill
resolution NN X I-Skill
and CC X O
as IN X O
an DT X O
interface NN X O
between IN X O
Sales NNS X B-Domain
, , X O
Customer NNP X B-Domain
Services NNPS X I-Domain
, , X I-Domain
Credit NNP X I-Domain
and CC X O
Settlement NNP X B-Domain
departments NNS X O
. . X O
Your PRP$ X O

role NN X O
will MD X O
be VB X O
working VBG X B-Skill
with IN X I-Skill
the DT X I-Skill
frontend NN X I-Skill
team NN X I-Skill
utilising VBG X I-Skill
your PRP$ X I-Skill
expertise NN X I-Skill
in IN X I-Skill
F NNP X I-Skill
, , X O
responsibilities NNS X O
will MD X O
include VB X O
working VBG X B-Skill
on IN X I-Skill
large JJ X I-Skill
scale JJ X I-Skill
systems NNS X I-Skill
. . X O
**** JJ X O

meetings NNS X O
with IN X O
all DT X O
staff NN X O
reviewing VBG X B-Skill
KPI NNP X I-Skill
s NN X I-Skill
, , X O
targets NNS X O
for IN X O
next JJ X O
month NN X O
and CC X O
progress NN X O
to TO X O
date NN X O
Our PRP$ X O

client NN X O
, , X O
a DT X O
large JJ X O
Welfare NNP X O
to TO X O
Work VB X O
provider NN X O
of IN X O
employability NN X O
contracts NNS X O
, , X O
is VBZ X O
recruiting VBG X O
for IN X O
a DT X O
dynamic JJ X B-Skill
Manager NNP X B-Occupation
to TO X O
motivate VB X B-Skill
and CC X I-Skill
support VB X I-Skill
a DT X I-Skill
team NN X I-Skill
of IN X I-Skill
staff NN X I-Skill
to TO X O
achieve VB X O
high JJ X O
performance NN X O
levels NNS X O
and CC X O
to TO X O
oversee VB X B-Skill
the DT X I-Skill
dayday JJ X I-Skill
running NN X I-Skill
of IN X I-Skill
operations NNS X I-Skill
. . X O
The DT X O

concept NN X O
is VBZ X O
about IN X O
fresh JJ X B-Domain
simple NN X I-Domain
food NN X I-Domain
, , X O
with IN X O
friendly JJ X B-Skill
and CC X O
efficient JJ X B-Skill
service NN X I-Skill
in IN X O
stylish JJ X O
surroundings NNS X O
. . X O
Maintain NNP X B-Skill

all DT X I-Skill
trolley VBP X I-Skill
areas NNS X I-Skill
in IN X I-Skill
a DT X I-Skill
clean JJ X I-Skill
and CC X I-Skill
tidy JJ X I-Skill
condition NN X I-Skill
. . X O
Please NNP X O

send VB X O
your PRP$ X O
CV NNP X O
in IN X O
to TO X O
me PRP X O
via IN X O
the DT X O
link NN X O
below IN X O
or CC X O
call VB X O
Mark NNP X O
McGranaghan NNP X O
on IN X O
Are NNP X O

you PRP X O
bored VBD X O
with IN X O
coding NN X O
in IN X O
COBOL NNP X B-Skill
for IN X O
dull JJ X O
industry NN X O
sectors NNS X O
? . X O
Maintain NNP X B-Skill

relationships NNS X I-Skill
with IN X I-Skill
key JJ X I-Skill
vendors NNS X I-Skill
Oversee VBP X I-Skill
the DT X I-Skill
delivery NN X I-Skill
of IN X I-Skill
vendor NN X I-Skill
funded VBN X I-Skill
ecommerce JJ X I-Skill
marketing NN X I-Skill
activity NN X I-Skill
We PRP X O

are VBP X O
currently RB X O
working VBG X O
to TO X O
gain VB X O
accreditation NN X O
with IN X O
The DT X O
Consortium NN X O
for IN X O
Therapeutic JJ X O
Communities NNPS X O
TCTC NNP X O
. . X O
To TO X O

participate VB X O
in IN X O
investigations NNS X B-Skill
into IN X I-Skill
processing VBG X I-Skill
issues NNS X I-Skill
and CC X O
provide VB X B-Skill
the DT X I-Skill
necessary JJ X I-Skill
input NN X I-Skill
to TO X I-Skill
reduce VB X I-Skill
waste NN X I-Skill
and CC X I-Skill
downtime NN X I-Skill
. . X O
To TO X O

constantly RB X B-Skill
assess VB X I-Skill
and CC X I-Skill
proactively RB X I-Skill
review VB X I-Skill
product NN X I-Skill
allocations NNS X I-Skill
in IN X I-Skill
line NN X I-Skill
with IN X I-Skill
the DT X I-Skill
annual JJ X I-Skill
calendar NN X I-Skill
To TO X O
propose VB X B-Skill
reviewed JJ X I-Skill
price NN X I-Skill
ranges NNS X I-Skill
for IN X I-Skill
markdowns NNS X I-Skill
Review NNP X I-Skill
store VBP X I-Skill
grading VBG X I-Skill
systems NNS X I-Skill
on IN X I-Skill
a DT X I-Skill
regular JJ X I-Skill
basis NN X I-Skill
. . X O
The DT X O

care NN X B-Occupation
home NN X I-Occupation
caters NNS X I-Occupation
for IN X O
elderly JJ X O
residents NNS X O
including VBG X O
those DT X O
who WP X O
are VBP X O
frail JJ X O
and CC X O
those DT X O
who WP X O
have VBP X O
dementia VBN X O
. . X O
Contributing VBG X O

to TO X O
the DT X O
future JJ X O
direction NN X O
of IN X O
the DT X O
team NN X O
' POS X O
s NN X O
products NNS X O
In IN X O

return NN X O
our PRP$ X O
clients NNS X O
offer NN X O
: : X O
& CC X O
bull VB X O
Excellent JJ X O
competitive JJ X O
basic JJ X O
salary NN X O
, , X O
dependent NN X O
on IN X O
experience NN X O
& CC X O
bull NN X O
Industry NN X O
leading VBG X O
training NN X O
and CC X O
development NN X O
programme NN X O
& CC X O
bull NN X O
Progression NN X O
opportunities NNS X O
to TO X O
Head NNP X B-Occupation
Chef NNP X I-Occupation
Ensuring VBG X B-Skill

that DT X I-Skill
design NN X I-Skill
, , X I-Skill
manufacture NN X I-Skill
and CC X I-Skill
testing NN X I-Skill
is VBZ X I-Skill
carried VBN X I-Skill
out IN X I-Skill
to TO X I-Skill
the DT X I-Skill
required JJ X I-Skill
standard NN X I-Skill
within IN X I-Skill
the DT X I-Skill
appropriate JJ X I-Skill
approvals NNS X I-Skill
. . X O
THE DT X O

ROLE NNP X O
Managerial NNP X O
responsibility NN X O
will MD X O
be VB X O
given VBN X O
to TO X O
you PRP X O
to TO X O
lead VB X O
from IN X O
the DT X O
front NN X O
and CC X O
come VB X B-Skill
up RP X I-Skill
with IN X I-Skill
innovative JJ X I-Skill
ideas NNS X I-Skill
to TO X O
take VB X O
the DT X O
practice NN X O
forward RB X O
however RB X O
be VB X O
rest RB X O
assured VBN X O
that IN X O
you PRP X O
will MD X O
have VB X O
full JJ X O
support NN X O
from IN X O
our PRP$ X O
client NN X O
. . X O
It PRP X O

is VBZ X O
vitally RB X O
important JJ X O
that IN X O
you PRP X O
have VBP X O
a DT X O
flexible JJ X B-Skill
working JJ X I-Skill
attitude NN X I-Skill
ensuring VBG X O
that IN X O
the DT X O
patient NN X O
is VBZ X O
always RB X O
put VBN X O
first RB X O
. . X O
However RB X O

a DT X O
working VBG X B-Skill
knowledge NN X I-Skill
of IN X I-Skill
VAT NNP X I-Skill
with IN X O
a DT X O
diligent NN X B-Skill
and CC X O
a DT X O
very RB X B-Skill
detail NN X I-Skill
focused JJ X I-Skill
nature NN X O
could MD X O
be VB X O
suitable JJ X O
. . X O
making VBG X O

us PRP X O
one CD X O
of IN X O
the DT X O
longest JJS X O
standing NN X O
Home NNP X O
Improvement NNP X O
Companies NNPS X O
in IN X O
the DT X O
UK NNP X O
. . X O
Potential NNP X O

for IN X O
fasttrack NN X O
through IN X O
to TO X O
Director NNP X B-Occupation
level NN X O
for IN X O
the DT X O
right JJ X O
individual NN X O
. . X O
Beringer NNP X O

Tame NNP X O
specialise NN X O
in IN X O
online JJ X B-Domain
marketing NN X I-Domain
and CC X O
ecommerce NN X B-Domain
jobs NNS X O
. . X O
Recently RB X O

listed VBN X O
in IN X O
the DT X O
UK NNP X O
s VBD X O
Top JJ X O
100 CD X O
Employers NNS X O
and CC X O
Investors NNPS X O
in IN X O
People NNPS X O
Champion NNP X O
, , X O
we PRP X O
offer VBP X O
the DT X O
successful JJ X O
candidate NN X O
a DT X O
salary NN X O
of IN X O
Good JJ X O

organisational NN X B-Skill
and CC X I-Skill
time NN X I-Skill
management NN X I-Skill
skills NNS X I-Skill
Must NNP X O
possess NN X O
attention NN X B-Skill
to TO X I-Skill
detail VB X I-Skill
Eden NNP X O

Brown NNP X O
are VBP X O
currently RB X O
recruiting VBG X O
for IN X O
a DT X O
experienced JJ X B-Skill
Hospital NNP X B-Occupation
Manager NNP X I-Occupation
to TO X O
undertake VB X O
accurate NN X B-Skill

and CC X I-Skill
clear JJ X I-Skill
setting VBG X I-Skill
out RP X I-Skill
for IN X I-Skill
works NNS X I-Skill
before IN X I-Skill
work NN X I-Skill
is VBZ X I-Skill
programmed VBN X I-Skill
to TO X I-Skill
commence VB X I-Skill
, , X O
Allowing NNP X B-Skill
time NN X I-Skill
for IN X I-Skill
independent JJ X I-Skill
checking VBG X I-Skill
where WRB X I-Skill
required VBN X I-Skill
. . X O
Checkpoint NNP X B-Skill

experience NN X I-Skill
is VBZ X O
essential JJ X O
covering VBG X O
Checkpoint NNP X B-Skill
implementation NN X I-Skill
and CC X I-Skill
configuration NN X I-Skill
but CC X O
our PRP$ X O
client NN X O
also RB X O
utilises VBZ X O
Cisco NNP X B-Skill
ASA NNP X I-Skill
Network NNP X I-Skill
problem NN X I-Skill
solving NN X I-Skill
and CC X I-Skill
decision NN X I-Skill
making NN X I-Skill
Ideally NNP X O
familiarity NN X O
with IN X O
ITIL NNP X B-Skill
Providing VBG X O
telephone NN X B-Skill
, , X I-Skill
email NN X I-Skill
and CC X I-Skill
facetoface NN X I-Skill
support NN X I-Skill
relating VBG X O
to TO X O
any DT X O
issues NNS X O
Someone VBP X O
with IN X O
experience NN X B-Skill
or CC X I-Skill
who WP X I-Skill
is VBZ X I-Skill
able JJ X I-Skill
to TO X I-Skill
work VB X I-Skill
in IN X I-Skill
a DT X I-Skill
mission NN X I-Skill
critical JJ X I-Skill
NOC NNP X I-Skill
Good NNP X I-Skill
attitude NN X I-Skill
The DT X O

successful JJ X O
candidate NN X O
will MD X O
be VB X O
required VBN X O
to TO X O
develop VB X B-Skill
and CC X I-Skill
deliver VB X I-Skill
a DT X I-Skill
two CD X I-Skill
or CC X I-Skill
three CD X I-Skill
year NN X I-Skill
strategic JJ X I-Skill
plan NN X I-Skill
for IN X I-Skill
the DT X I-Skill
UK NNP X I-Skill
business NN X I-Skill
across IN X I-Skill
Retail NNP X I-Skill
and CC X I-Skill
Commercial NNP X I-Skill
lines NNS X I-Skill
, , X O
inclusive NN X O
of IN X O
new JJ X O
market NN X O
segments NNS X O
. . X O
They PRP X O

are VBP X O
looking VBG X O
for IN X O
an DT X O
enthusiastic JJ X B-Skill
, , X O
charismatic JJ X B-Skill
leader NN X B-Occupation
to TO X O
move VB X O
the DT X O
Northern NNP X B-Domain
Operations NNP X I-Domain
forward RB X O
and CC X O
implement JJ X B-Skill
future NN X I-Skill
business NN X I-Skill
plans NNS X I-Skill
, , X O
whilst NN X O
maintaining VBG X B-Skill
the DT X I-Skill
companies NNS X I-Skill
ethos VBP X I-Skill
and CC X I-Skill
values NNS X I-Skill
. . X O
Role NNP X O

' POS X B-Skill
Respond NNP X I-Skill
to TO X I-Skill
call VB X I-Skill
outs NNS X I-Skill
and CC X O
cover NN X B-Skill
breakdowns NNS X I-Skill
/ JJ X I-Skill
emergencies NNS X I-Skill
' POS X I-Skill
Provide NNP X I-Skill
attendance NN X I-Skill
to TO X I-Skill
visiting VBG X I-Skill
specialist JJ X I-Skill
service NN X I-Skill
providers NNS X I-Skill
associated VBN X O
with IN X O
the DT X O
PPM NNP X O
schedules NNS X O
' POS X B-Skill
Develop NNP X I-Skill
opportunities NNS X I-Skill
with IN X I-Skill
customers NNS X I-Skill
to TO X O
provide VB X B-Skill
technical JJ X I-Skill
solutions NNS X I-Skill
' POS X I-Skill
Respond NNP X I-Skill
in IN X I-Skill
a DT X I-Skill
prompt NN X I-Skill
and CC X I-Skill
effective JJ X I-Skill
manner NN X I-Skill
to TO X I-Skill
all DT X I-Skill
reactive JJ X I-Skill
issues NNS X I-Skill
and CC X I-Skill
requests NNS X I-Skill
' POS X I-Skill
Carry NNP X I-Skill
out IN X I-Skill
and CC X I-Skill
ensure VB X I-Skill
that DT X I-Skill
PPM NNP X I-Skill
is VBZ X I-Skill
completed VBN X I-Skill
in IN X O
accordance NN X O
with IN X O
schedules NNS X O
' POS X B-Skill
Ensuring VBG X I-Skill
engineering NN X I-Skill
standards NNS X I-Skill
are VBP X I-Skill
maintained VBN X I-Skill
at IN X O
all DT X O
times NNS X O
' POS X B-Skill
Adherence NNP X I-Skill
to TO X I-Skill
Health NNP X I-Skill
and CC X I-Skill
Safety NNP X I-Skill
' POS X I-Skill
Carry NNP X I-Skill
out RP X I-Skill
risk NN X I-Skill
assessments NNS X I-Skill
' POS X I-Skill
Adhoc NNP X I-Skill
overtime NN X I-Skill
, , X I-Skill
dependant NN X O
on IN X O
workload NN X O
Candidate NNP X O
' POS X O
Must NNP X O
have VBP X O
knowledge NN X O
of IN X O
safe JJ X B-Skill
working VBG X I-Skill
systems NNS X I-Skill
' POS X I-Skill
Strong JJ X I-Skill
communication NN X I-Skill
, , X O
Operates NNS X O

within IN X O
agreed VBN X O
operational JJ X B-Domain
and CC X O
/ VBD X O
or CC X O
management NN X B-Domain
guidelines NNS X O
Interacts VBZ X B-Skill
with IN X I-Skill
client NN X I-Skill
or CC X O
users NNS X O
around IN X O
specific JJ X O
work NN X O
efforts NNS X O
and CC X O
deliverables NNS X B-Skill
Supports VBZ X O
delivery NN X O
of IN X O
Health NNP X B-Skill
and CC X I-Skill
Safety NNP X I-Skill
policy NN X I-Skill
and CC X I-Skill
standards NNS X I-Skill
The DT X O

ideal JJ X O
candidate NN X O
for IN X O
this DT X O
position NN X O
will MD X O
have VB X O
strong JJ X B-Skill
recruitment NN X I-Skill
experience NN X I-Skill
within IN X O
a DT X O
Introduction NN X O

A DT X O
Global NNP X O
technology NN X B-Domain
company NN X O
based VBN X O
in IN X O
Portsmouth NNP X O
is VBZ X O
recruiting VBG X O
for IN X O
a DT X O
SAP NNP X B-Occupation
Technical NNP X I-Occupation
Development NNP X I-Occupation
Analysts NNS X I-Occupation
with IN X O
SAP NNP X B-Skill
ABAP NNP X I-Skill
and CC X O
HCM NNP X B-Skill
expertise NN X O
. . X O
Good JJ X B-Skill

general JJ X I-Skill
education NN X I-Skill
to TO X O
graduate VB X B-Qualification
level NN X I-Qualification
or CC X I-Qualification
equivalent JJ X I-Qualification
experience NN X B-Skill
gained VBN X I-Skill
in IN X I-Skill
a DT X I-Skill
relevant JJ X I-Skill
working NN X I-Skill
environment NN X I-Skill
. . X O
You PRP X O

will MD X O
be VB X O
the DT X O
face NN X B-Skill
of IN X I-Skill
the DT X I-Skill
business NN X I-Skill
, , X O
leading VBG X B-Skill
from IN X I-Skill
the DT X I-Skill
front NN X I-Skill
, , X O
and CC X O
being VBG X O
a DT X O
positive JJ X B-Skill
ambassador NN X I-Skill
for IN X I-Skill
the DT X I-Skill
brand NN X I-Skill
and CC X I-Skill
the DT X I-Skill
site NN X I-Skill
. . X O
26 CD X O

days NNS X O
holiday NN X O
, , X O
Pension NNP X O
, , X O
Private NNP X O
Healthcare NNP X B-Domain
, , X O
Life NNP X O
Assurance NNP X O
4 CD X O
x NNP X O
salary NN X O
. . X O
Page NN X O

Personnel NNP X O
is VBZ X O
a DT X O
leading VBG X O
UK NNP X O
recruitment NN X O
consultancy NN X O
This DT X O
job NN X O
was VBD X O
originally RB X O
posted VBN X O
as IN X O
www NN X O
. . X O
totaljobs NN X O
. . X O
com NN X O
/ IN X O
JobSeeking VBG X O
/ JJ X O
PayrollManager_job NNP X O
Collect NNP X B-Skill

sharps NN X I-Skill
containers NNS X I-Skill
and CC X O
dispose NN X B-Skill
of IN X I-Skill
appropriately RB X I-Skill
as IN X O
per NN X O
policy NN X O
. . X O
Interviews NNS X O

to TO X O
be VB X O
held VBN X O
on IN X O
30th CD X O
and CC X O
31st CD X O
January NNP X O
2013 CD X O
. . X O
This DT X O

is VBZ X O
a DT X O
fantastic JJ X O
position NN X O
to TO X O
develop VB X O
a DT X O
thorough JJ X O
understanding NN X O
of IN X O
the DT X O
business NN X O
and CC X O
naturally RB X O
leads VBZ X O
to TO X O
multiple VB X O
career NN X O
progression NN X O
avenues VBZ X O
into IN X O
management NN X O
, , X O
trading NN X O
operations NNS X O
and CC X O
assurance NN X O
. . X O
all DT X O

jobs NNS X O
within IN X O
a DT X O
target NN X O
schedule NN X O
of IN X O
14 CD X O
days NNS X O
Responsible JJ X O
for IN X O
the DT X O
Health NNP X O
and CC X O
Safety NNP X O
and CC X O
Risk NNP X O
Assessments NNP X O
Oversee NNP X O
a DT X O
small JJ X O
team NN X O
of IN X O
Engineers NNS X B-Occupation
Desirable JJ X O

; : X O
Experience NNP X O
implementing VBG X B-Skill
design NN X I-Skill
patterns NNS X I-Skill
and CC X O
unit NN X B-Skill
testing VBG X I-Skill
with IN X I-Skill
NUnit NNP X I-Skill
. . X O
In IN X O

conjunction NN X O
with IN X O
the DT X O
Commercial NNP X O
Team NNP X O
produce VBP X B-Skill
deliverables NNS X I-Skill
in IN X I-Skill
P NNP X I-Skill
this DT X O

position NN X O
is VBZ X O
advertised VBN X O
based VBN X O
upon IN X O
DGH NNP X O
Recruitment NNP X O
Limited NNP X O
having VBG X O
first RB X O
sought VBN X O
approval NN X O
of IN X O
its PRP$ X O
client NN X O
to TO X O
find VB X O
candidates NNS X O
for IN X O
this DT X O
position NN X O
. . X O
**** RB X O

0 CD X O
years NNS X O
within IN X O
the DT X O
care NN X B-Domain
home NN X I-Domain
and CC X I-Domain
sheltered VBD X I-Domain
housing NN X I-Domain
industry NN X O
. . X O
This DT X O

role NN X O
reports VBZ X B-Skill
to TO X I-Skill
the DT X I-Skill
European JJ X B-Occupation
Head NNP X I-Occupation
of IN X I-Occupation
Development NNP X I-Occupation
, , X O
with IN X O
counterparts NNS X O
in IN X O
HOME NNP X B-Occupation

MANAGER NNP X I-Occupation
, , X O
NORTHUMBERLAND NNP X O
, , X O
NEWCASTLE NNP X O
, , X O
TYNE NNP X O
WEAR NNP X O
, , X O
ELDERLY NNP X O
CARE NNP X B-Domain
, , X O
NHS NNP X O
BEDS NNP X O
, , X O
PALLIATIVE NNP X O
CARE NNP X O
, , X O
MEDICAL NNP X O
WARD NNP X O
, , X O
WARD NNP X B-Occupation
MANAGER NNP X I-Occupation
, , X O
HOSPITAL NNP X B-Occupation
MANAGER NNP X I-Occupation
, , X O
How WRB X O

to TO X O
apply VB X O
This DT X O
is VBZ X O
an DT X O
exciting JJ X O
and CC X O
varied JJ X O
role NN X O
with IN X O
the DT X O
opportunity NN X O
to TO X O
further VB X O
your PRP$ X O
career NN X O
development NN X O
with IN X O
the DT X O
. . X O
Net JJ X O
framework NN X O
and CC X O
also RB X O
gain VB X O
new JJ X O
skills NNS X O
. . X O
Ensure NN X O

adherence NN X O
to TO X O
the DT X O
RBA NNP X B-Skill
process NN X O
and CC X O
the DT X O
proper JJ X O
use NN X O
of IN X O
ACET NNP X B-Skill
. . X O
The DT X O

successful JJ X O
candidate NN X O
will MD X O
be VB X O
involved VBN X O
in IN X O
designing VBG X B-Skill
and CC X I-Skill
developing VBG X I-Skill
creative JJ X I-Skill
, , X I-Skill
innovative JJ X I-Skill
design NN X I-Skill
solutions NNS X I-Skill
for IN X O
new JJ X O
and CC X O
existing VBG X O
mechanical JJ X O
assemblies NNS X O
on IN X O
the DT X O
client NN X O
s NN X O
products NNS X O
. . X O
You PRP X O

will MD X O
be VB X O
developing VBG X O
XHTML NNP X B-Skill
, , X O
HTML5 NNP X B-Skill
, , X O
CSS NNP X B-Skill
and CC X O
JQuery NNP X B-Skill
on IN X O
an DT X O
existing VBG X O
application NN X O
framework NN X O
that WDT X O
currently RB X O
powers VBZ X O
our PRP$ X O
client NN X O
websites NNS X O
. . X O
To TO X O

apply VB X O
please JJ X O
visit VB X O
our PRP$ X O
website JJ X O
via IN X O
the DT X O
button NN X O
below IN X O
. . X O
Act NNP X O

as IN X O
a DT X O
focal JJ X O
point NN X O
for IN X O
technical JJ X B-Skill
, , X I-Skill
product NN X I-Skill
selection NN X I-Skill
and CC X O
commercial JJ X B-Skill
strategy NN X I-Skill
to TO X O
ensure VB X O
all DT X O
of IN X O
these DT X O
are VBP X O
linked VBN X O
. . X O
If IN X O

you PRP X O
are VBP X O
interested JJ X O
in IN X O
this DT X O
fantastic JJ X O
opportunity NN X O
please NN X O
apply VB X O
with IN X O
a DT X O
copy NN X O
of IN X O
your PRP$ X O
most RBS X O
recent JJ X O
CV NNP X O
for IN X O
further JJ X O
information NN X O
. . X O
Review NNP X B-Skill

and CC X I-Skill
implement JJ X I-Skill
effective JJ X I-Skill
financial JJ X I-Skill
management NN X I-Skill
and CC X I-Skill
internal JJ X I-Skill
Controls NNP X I-Skill
. . X O
Due JJ X O

to TO X O
the DT X O
nature NN X O
of IN X O
work NN X O
to TO X O
be VB X O
undertaken VBN X O
, , X O
applicants NNS X O
will MD X O
be VB X O
required VBN X O
to TO X O
meet VB X O
certain JJ X O
residency NN X B-Qualification
criteria NNS X I-Qualification
in IN X O
order NN X O
to TO X O
attain VB X O
a DT X O
minimum JJ X O
level NN X O
of IN X O
UK NNP X B-Qualification
security NN X I-Qualification
clearance NN X I-Qualification
, , X O
if IN X O
not RB X O
already RB X O
security NN X B-Qualification
cleared VBD X I-Qualification
to TO X I-Qualification
a DT X I-Qualification
minimum JJ X I-Qualification
DV NNP X I-Qualification
level NN X I-Qualification
. . X O
If IN X O

you PRP X O
are VBP X O
interested JJ X O
in IN X O
this DT X O
role NN X O
please NN X O
can MD X O
you PRP X O
email VB X O
me PRP X O
with IN X O
you PRP X O
current JJ X O
CV NNP X O
to TO X O
Tracey NNP X O
. . X O
daviesequalapproach NN X O
. . X O
com VB X O
If IN X O
you PRP X O
need VBP X O
to TO X O
receive VB X O
this DT X O
information NN X O
in IN X O
an DT X O
alternative JJ X O
format NN X O
, , X O
please VB X O
contact JJ X O
Equal NNP X O
Approach NNP X O
and CC X O
we PRP X O
will MD X O
take VB X O
reasonable JJ X O
steps NNS X O
to TO X O
arrange VB X O
this DT X O
for IN X O
you PRP X O
. . X O
Manage VB X B-Skill

the DT X I-Skill
HB NNP X I-Skill
invoice NN X I-Skill
overpayment NN X I-Skill
process NN X I-Skill
including VBG X I-Skill
sending VBG X I-Skill
basic JJ X I-Skill
appeal NN X I-Skill
letters NNS X I-Skill
and CC X I-Skill
paying VBG X I-Skill
invoices NNS X I-Skill
where WRB X I-Skill
approved VBN X I-Skill
, , X O
passing VBG X B-Skill
more RBR X I-Skill
complex JJ X I-Skill
cases NNS X I-Skill
to TO X O
the DT X O
Income NNP X B-Occupation
Officer NNP X I-Occupation
for IN X O
further JJ X O
investigation NN X O
Manage NNP X B-Skill
HB NNP X I-Skill
changes NNS X I-Skill
of IN X I-Skill
circumstances NNS X I-Skill
including VBG X I-Skill
sending VBG X I-Skill
an DT X I-Skill
MWorld NNP X I-Skill
letter NN X I-Skill
and CC X I-Skill
adding VBG X I-Skill
notes NNS X I-Skill
Create NNP X I-Skill
sundry NN X I-Skill
accounts NNS X I-Skill
to TO X I-Skill
collect VB X I-Skill
recharge NN X I-Skill
related JJ X I-Skill
debt NN X I-Skill
and CC X I-Skill
produce VB X I-Skill
an DT X I-Skill
invoice NN X I-Skill
Complete NNP X I-Skill
RR1 NNP X I-Skill
paperwork NN X I-Skill
for IN X I-Skill
Fair NNP X I-Skill
Rent NNP X I-Skill
applications NNS X I-Skill
and CC X I-Skill
set VB X I-Skill
up RP X I-Skill
/ JJ X I-Skill
manage NN X I-Skill
monitoring NN X I-Skill
processes VBZ X I-Skill
Assist NNP X I-Skill
with IN X I-Skill
specific JJ X I-Skill
income NN X I-Skill
campaigns NNS X I-Skill
eg VBP X I-Skill
. . X O
We PRP X O

endeavour VBP X O
to TO X O
bring VB X O
our PRP$ X O
candidates NNS X O
a DT X O
number NN X O
of IN X O
opportunities NNS X O
across IN X O
a DT X O
variety NN X O
of IN X O
sectors NNS X O
and CC X O
industries NNS X O
, , X O
relevant NN X O
to TO X O
what WP X O
you PRP X O
are VBP X O
looking VBG X O
for IN X O
. . X O
We PRP X O

need VBP X O
someone NN X O
that WDT X O
is VBZ X O
experienced VBN X O
of IN X O
product NN X B-Skill
managing NN X I-Skill
or CC X O
rolling VBG X B-Skill
out RP X I-Skill
sophisticated JJ X I-Skill
advertising NN X I-Skill
or CC X O
databased VBN X B-Skill
marketing NN X I-Skill
product NN X I-Skill
within IN X O
a DT X O
top JJ X O
tier NN X O
B NNP X B-Domain
**** NNP X I-Domain
C NNP X I-Domain
Online NNP X I-Domain
business NN X I-Domain
. . X O
This DT X O

position NN X O
offers VBZ X O
excellent JJ X O
career NN X O
progression NN X O
and CC X O
will MD X O
be VB X O
working VBG X O
closely RB X O
with IN X O
Directors NNS X B-Occupation
and CC X O
Senior NNP X B-Occupation
Managers NNP X I-Occupation
. . X O
Our PRP$ X O

Client NNP X O
, , X O
an DT X O
Automotive NNP X O
Main NNP X O
Dealer NNP X O
, , X O
is VBZ X O
currently RB X O
looking VBG X O
to TO X O
hire VB X O
an DT X O
experienced JJ X O
Service NNP X B-Occupation
Advisor NNP X I-Occupation
to TO X O
be VB X B-Skill
part NN X I-Skill
of IN X I-Skill
their PRP$ X I-Skill
successful JJ X I-Skill
and CC X I-Skill
productive JJ X I-Skill
Service NNP X I-Skill
Team NNP X I-Skill
. . X O
You PRP X O

will MD X O
also RB X O
have VB X O
experience NN X O
in IN X O
: : X O
Delivering VBG X O
insights NNS X B-Skill
across IN X I-Skill
different JJ X I-Skill
functions NNS X I-Skill
Tracking VBG X O
instore NN X B-Skill
activity NN X I-Skill
across IN X I-Skill
retailers NNS X I-Skill
Ad NNP X I-Skill
hoc NN X I-Skill
analysis NN X I-Skill
to TO X O
support VB X O
commercial JJ X B-Domain
and CC X O
team NN X O
requirements NNS X O
My PRP$ X O

client NN X O
a DT X O
Global NNP X O
Salesforce NNP X O
. . X O
com JJ X O
End NNP X O
User NNP X O
are VBP X O
currently RB X O
seeking VBG X O
a DT X O
Salesforce NNP X B-Occupation
. . X I-Occupation
com NN X I-Occupation
Marketing NN X I-Occupation
Manager NNP X I-Occupation
to TO X O
join VB X O
their PRP$ X O
team NN X O
. . X O
This DT X O

is VBZ X O
an DT X O
excellent JJ X O
opportunity NN X O
to TO X O
work VB X O
for IN X O
a DT X O
market NN X O
leading VBG X O
firm NN X O
that WDT X O
is VBZ X O
enjoying VBG X O
great JJ X O
success NN X O
; : X O
you PRP X O
will MD X O
be VB X O
working VBG X O
in IN X O
an DT X O
informal JJ X O
and CC X O
sociable JJ X O
environment NN X O
with IN X O
a DT X O
team NN X O
of IN X O
first JJ X O
class NN X O
software NN X B-Occupation
engineers NNS X I-Occupation
. . X O
The DT X O

Company NNP X O
A NNP X O
boutique NN X O
agency NN X O
providing VBG X B-Skill
specialist JJ X I-Skill
corporate JJ X I-Skill
and CC X I-Skill
public JJ X I-Skill
affairs NNS X I-Skill
communications NNS X I-Skill
advice NN X I-Skill
to TO X O
a DT X O
select JJ X B-Skill
range NN X I-Skill
of IN X I-Skill
high JJ X I-Skill
profile NN X I-Skill
clients NNS X I-Skill
including VBG X O
a DT X O
top JJ X B-Occupation
retailer NN X I-Occupation
, , X O
a DT X O
global JJ X B-Domain
energy NN X I-Domain
company NN X O
as RB X O
well RB X O
as IN X O
leading VBG X O
property NN X B-Occupation
developers NNS X I-Occupation
. . X O
Would MD X O

you PRP X O
to TO X O
work VB X O
in IN X O
a DT X O
high JJ X O
achieving NN X O
Secondary JJ X O
School NNP X O
within IN X O
the DT X O
Sutton NNP X O
Coldfield NNP X O
of IN X O
Birmingham NNP X O
, , X O
which WDT X O
has VBZ X O
been VBN X O
deemed VBN X O
as IN X O
Outstanding NN X O
by IN X O
Ofsted NNP X O
in IN X O
2012 CD X O
? . X O
the DT X O

new JJ X O
Sous NNP X O
will MD X O
find VB X O
themselves PRP X O
running VBG X O
one CD X O
or CC X O
the DT X O
other JJ X O
. . X O
Degree NNP X B-Qualification

Educated NNP X I-Qualification
in IN X O
a DT X O
computing NN X B-Skill
related JJ X I-Skill
discipline NN X I-Skill
Description NNP X O
for IN X O
the DT X O
iOS NN X B-Occupation
Developer NNP X I-Occupation
You PRP X O

will MD X O
be VB X O
required VBN X O
to TO X O
follow VB X B-Skill
all DT X I-Skill
company NN X I-Skill
procedures VBZ X I-Skill
with IN X O
regards NNS X O
to TO X O
Health NNP X B-Domain
and CC X I-Domain
Safety NNP X I-Domain
. . X O
It PRP X O

is VBZ X O
essential JJ X O
that IN X O
to TO X O
occupy VB X O
such PDT X O
a DT X O
role NN X O
, , X O
the DT X O
post NN X O
holder NN X O
will MD X O
have VB X O
well RB X B-Skill
developed VBN X I-Skill
organisational JJ X I-Skill
, , X I-Skill
communication NN X I-Skill
and CC X O
teamwork NN X B-Skill
skills NNS X I-Skill
. . X O
Oxford NNP X O

Instruments NNP X O
Industrial NNP X O
Analysis NNP X O
provides VBZ X O
materials NNS X B-Skill
identification NN X I-Skill
and CC X O
thickness JJ X B-Skill
measurement NN X I-Skill
analysis NN X I-Skill
instrumentation NN X I-Skill
to TO X O
varying VBG X O
industrial JJ X O
customers NNS X O
. . X O
now RB X O

is VBZ X O
the DT X O
perfect JJ X O
time NN X O
to TO X O
join VB X O
the DT X O
UK NNP X O
' POS X O
s NN X O
fastest JJS X O
growing VBG X O
and CC X O
most JJS X O
recognised JJ X O
budget NN X O
Hotel NNP X O
Company NNP X O
. . X O
They PRP X O

need VBP X O
an DT X O
additional JJ X O
implementation NN X B-Occupation
consultant NN X I-Occupation
who WP X O
can MD X O
determine VB X B-Skill
business NN X I-Skill
requirements NNS X I-Skill
, , X I-Skill
produce VBP X I-Skill
specifications NNS X I-Skill
, , X O
implement VB X B-Skill
the DT X I-Skill
software NN X I-Skill
, , X I-Skill
run VB X I-Skill
training NN X I-Skill
courses NNS X I-Skill
and CC X O
assist NN X B-Skill
with IN X I-Skill
presales NNS X I-Skill
and CC X I-Skill
presentations NNS X I-Skill
. . X O
IT NNP X B-Occupation

Software NNP X I-Occupation
and CC X I-Occupation
Systems NNP X I-Occupation
developer NNP X I-Occupation
Person NNP X O
Specification NNP X O
: : X O
Attention NN X B-Skill
to TO X I-Skill
detail VB X I-Skill
Have NNP X O
strong JJ X O
interpersonal JJ X B-Skill
and CC X I-Skill
business NN X I-Skill
communication NN X I-Skill
skills NNS X I-Skill
this DT X O

is VBZ X O
a DT X O
full JJ X O
teaching NN X B-Domain
timetable NN X O
to TO X O
cover VB X O
maternity NN X O
leave VBP X O
. . X O
Opportunities NNS X O

to TO X O
transfer VB X O
overseas RB X O
to TO X O
offices NNS X O
in IN X O
Europe NNP X O
, , X O
Canada NNP X O
, , X O
Australia NNP X O
, , X O
New NNP X O
Zealand NNP X O
and CC X O
the DT X O
Far NNP X O
East NNP X O
. . X O
It PRP X O

is VBZ X O
a DT X O
very RB X O
exciting JJ X O
time NN X O
to TO X O
join VB X O
this DT X O
client NN X O
as IN X O
a DT X O
whole JJ X O
host NN X O
of IN X O
projects NNS X O
are VBP X O
at IN X O
greenfield JJ X O
stage NN X O
and CC X O
a DT X O
new JJ X O
CTO NNP X O
is VBZ X O
driving VBG X O
changeThis NN X O
is VBZ X O
a DT X O
client NN X O
side NN X O
role NN X O
to TO X O
work VB X O
in IN X O
the DT X O
IT NNP X B-Domain
team NN X O
to TO X O
provide VB X O
a DT X O
service NN X O
to TO X O
all DT X O
departments NNS X O
across IN X O
the DT X O
group NN X O
, , X O
including VBG X O
maintaining VBG X B-Skill
systems NNS X I-Skill
for IN X I-Skill
the DT X I-Skill
customer NN X I-Skill
service NN X I-Skill
, , X O
marketing NN X B-Skill
and CC X O
scheduling NN X B-Skill
, , X O
View NNP X O

our PRP$ X O
latest JJS X O
jobs NNS X O
today NN X O
at IN X O
URL NNP X O
removed VBD X O
and CC X O
follow VB X O
us PRP X O
on IN X O
Facebook NNP X O
, , X O
Twitter NNP X O
LinkedIn NNP X O
JAM NNP X O
Recruitment NNP X O
is VBZ X O
acting VBG X O
as IN X O
an DT X O
employment NN X O
agency NN X O
with IN X O
regards NNS X O
to TO X O
this DT X O
position NN X O
. . X O
Site NNP X B-Skill

surveys NNS X I-Skill
to TO X I-Skill
facilitate VB X I-Skill
the DT X I-Skill
production NN X I-Skill
of IN X I-Skill
design NN X I-Skill
and CC X I-Skill
installation NN X I-Skill
drawings NNS X I-Skill
. . X O
You PRP X O

' '' X O
re VB X O
proactive JJ X B-Skill
about IN X I-Skill
finding VBG X I-Skill
and CC X I-Skill
fixing VBG X I-Skill
problems NNS X I-Skill
You PRP X O
enjoy VBP X O
interacting VBG X B-Skill
with IN X I-Skill
people NNS X I-Skill
all DT X I-Skill
around IN X I-Skill
the DT X I-Skill
company NN X I-Skill
Essential JJ X O
Experience NNP X B-Skill
Systems NNPS X I-Skill
architecture NN X I-Skill
for IN X I-Skill
large JJ X I-Skill
distributed VBN X I-Skill
web NN X I-Skill
sites NNS X I-Skill
and CC X I-Skill
APIs NNP X I-Skill
The DT X O

role NN X O
is VBZ X O
being VBG X O
recruited VBN X O
because IN X O
of IN X O
an DT X O
internal JJ X O
move NN X O
of IN X O
an DT X O
existing VBG X O
employee NN X O
into IN X O
another DT X O
area NN X O
of IN X O
the DT X O
business NN X O
. . X O
is VBZ X O

committed VBN X O
to TO X O
equality NN X O
in IN X O
the DT X O
workplace NN X O
and CC X O
is VBZ X O
an DT X O
equal JJ X O
opportunity NN X O
employer NN X O
. . X O
To TO X O

assess VB X B-Skill
, , X I-Skill
plan NN X I-Skill
, , X I-Skill
deliver NN X I-Skill
and CC X I-Skill
evaluate VB X I-Skill
a DT X I-Skill
high JJ X I-Skill
personalised JJ X I-Skill
standard NN X I-Skill
of IN X I-Skill
residential JJ X I-Skill
care NN X I-Skill
which WDT X O
meets VBZ X O
the DT X O
individual JJ X O
needs NNS X O
of IN X O
residents NNS X O
and CC X O
the DT X O
high JJ X O
standards NNS X O
expected VBN X O
by IN X O
the DT X O
company NN X O
. . X O
**** JJ X O

evenings NNS X O
a DT X O
week NN X O
and CC X O
Sundays NNP X O
Supporting VBG X B-Skill
the DT X I-Skill
MFL NNP X I-Skill
department NN X I-Skill
and CC X I-Skill
assisting VBG X I-Skill
with IN X I-Skill
university NN X I-Skill
preparation NN X I-Skill
You PRP X O

will MD X O
drive VB X B-Skill
improvements NNS X I-Skill
in IN X I-Skill
efficiency NN X I-Skill
throughout IN X O
the DT X O
business NN X O
with IN X O
the DT X O
aim NN X O
of IN X O
achieving VBG X B-Skill
significant JJ X I-Skill
cost NN X I-Skill
benefits NNS X I-Skill
. . X O
To TO X O

find VB X O
out RP X O
how WRB X O
you PRP X O
can MD X O
be VB X O
part NN X O
of IN X O
the DT X O
future NN X O
of IN X O
the DT X O
energy NN X B-Domain
debate NN X O
, , X O
please VB X O
visit VB X O
our PRP$ X O
website NN X O
to TO X O
find VB X O
out RP X O
more JJR X O
and CC X O
to TO X O
apply VB X O
: : X O
The DT X O
closing NN X O
date NN X O
for IN X O
receipt NN X O
of IN X O
applications NNS X O
is VBZ X O
9am CD X O
, , X O
21 CD X O
January NNP X O
2013 CD X O
. . X O
Working VBG X O

to TO X O
ensure VB X O
the DT X O
Councils NNP X O
' POS X O
web NN X B-Skill
sites NNS X I-Skill
are VBP X O
of IN X O
high JJ X O
quality NN X O
and CC X O
userfocused JJ X O
To TO X O
apply VB X O
email JJ X O
c NN X O
. . X O
v NN X O
. . X O
through IN X O
to TO X O
info VB X O
**** JJ X O
hrrecruitment NN X O
. . X O
com NN X O
stating VBG X O
the DT X O
vacancy NN X O
RQ NNP X O
number NN X O
Please NNP X O

reply NN X O
in IN X O
confidence NN X O
, , X O
enclosing VBG X O
your PRP$ X O
CV NNP X O
and CC X O
current JJ X O
salary NN X O
details NNS X O
, , X O
quoting VBG X O
Reference NNP X O
IG NNP X O
So RB X O

you PRP X O
want VBP X O
to TO X O
be VB X O
involved VBN X O
in IN X O
a DT X O
business NN X O
that WDT X O
is VBZ X O
simply RB X O
going VBG X O
that IN X O
extra JJ X O
mile NN X O
? . X O
They PRP X O

are VBP X O
looking VBG X O
for IN X O
several JJ X O
candidates NNS X O
in IN X O
different JJ X O
position NN X O
supply NN X B-Skill
chain NN X I-Skill
, , X O
commercial JJ X B-Skill
, , X O
technical JJ X B-Skill
sales NNS X I-Skill
, , X O
marketing NN X B-Skill
. . X O
If IN X O

you PRP X O
are VBP X O
an DT X O
experienced JJ X B-Skill
manager NN X B-Occupation
with IN X O
a DT X O
proven JJ X O
track NN X O
record NN X O
then RB X O
i VB X O
would MD X O
be VB X O
keen JJ X O
to TO X O
hear VB X O
from IN X O
you PRP X O
. . X O
Outstanding VBG X O

communication NN X B-Skill
and CC X I-Skill
influencing VBG X I-Skill
skills NNS X I-Skill
appropriate JJ X O
to TO X O
the DT X O
winning NN X O
of IN X O
multimillion NN X O
dollar NN X O
bids NNS X O
. . X O
You PRP X O

will MD X O
survey NN X B-Skill
their PRP$ X I-Skill
property NN X I-Skill
, , X O
demonstrate NN X B-Skill
and CC X I-Skill
offer VB X I-Skill
a DT X I-Skill
range NN X I-Skill
of IN X I-Skill
energy NN X I-Skill
management NN X I-Skill
and CC X I-Skill
solar JJ X I-Skill
products NNS X I-Skill
. . X O
This DT X O

role NN X O
will MD X O
likely RB X O
suit VB X O
an DT X O
experienced JJ X O
dot NN X B-Skill
net NN X I-Skill
developer NN X I-Skill
, , X O
lead NN X B-Skill
and CC X O
/ NNP X O
or CC X O
manager NN X B-Skill
who WP X O
would MD X O
appreciate VB X O
the DT X O
flexibility NN X B-Skill
, , X O
autonomy NN X B-Skill
and CC X O
freedom NN X B-Skill
that IN X O
this DT X O
role NN X O
and CC X O
a DT X O
small JJ X O
friendly JJ X O
company NN X O
can MD X O
offer VB X O
, , X O
utilizing VBG X O
your PRP$ X O
skills NNS X O
and CC X O
experience NN X O
to TO X O
those DT X O
seeking VBG X B-Skill
a DT X I-Skill
new JJ X I-Skill
challenge NN X I-Skill
. . X O
The DT X O

following JJ X O
skills NNS X O
are VBP X O
desired VBN X O
, , X O
but CC X O
not RB X O
essential JJ X O
: : X O
SAP NN X B-Skill
, , X O
CAD NNP X B-Skill
, , X O
Solid NNP X B-Skill
Works NNP X I-Skill
. . X O
New NNP X O

Business NNP X B-Occupation
Senior NNP X I-Occupation
Sales NNS X I-Occupation
Executive NNP X I-Occupation
Hampshire NNP X O
Excellent NNP X O
salary NN X O
for IN X O
the DT X O
right JJ X O
candidate NN X O
, , X O
salary NN X O
is VBZ X O
dependent JJ X O
on IN X O
experience NN X O
. . X O
These DT X O

are VBP X O
customer NN X B-Skill
facing NN X I-Skill
roles NNS X O
, , X O
leading VBG X B-Skill
and CC X O
motivating VBG X B-Skill
a DT X I-Skill
team NN X I-Skill
of IN X O
people NNS X O
to TO X O
deliver VB X O
exceptional JJ X O
levels NNS X O
of IN X O
customer NN X B-Domain
service NN X I-Domain
. . X O
Our PRP$ X O

client NN X O
is VBZ X O
a DT X O
Leading VBG X O
Professional NNP X O
Services NNPS X O
Organisation NNP X O
with IN X O
Offices NNPS X O
in IN X O
Central NNP X O
Milton NNP X O
Keynes NNP X O
. . X O
an DT X O

in IN X O
depth NN X O
requirements NNS X O
capture VBP X O
Write NNP X B-Skill
design NN X I-Skill
, , X O
user NN X B-Skill
and CC X O
funcational JJ X B-Skill
specifications NNS X I-Skill
As IN X O

Learning NNP X B-Occupation
Development NNP X I-Occupation
Manager NNP X I-Occupation
, , X O
reporting VBG X O
to TO X O
the DT X O
Head NNP X B-Occupation
of IN X I-Occupation
Human NNP X I-Occupation
Resources NNP X I-Occupation
you PRP X O
will MD X O
be VB X O
based VBN X O
in IN X O
London NNP X O
and CC X O
cover VB X B-Skill
the DT X I-Skill
entire JJ X I-Skill
national JJ X I-Skill
portfolio NN X I-Skill
of IN X I-Skill
sites NNS X I-Skill
. . X O
You PRP X O

ll VBP X O
be VB X O
skilled VBN X O
in IN X O
managing VBG X B-Skill
a DT X I-Skill
complex JJ X I-Skill
caseload NN X I-Skill
, , X O
undertaking VBG X B-Skill
complex JJ X I-Skill
assessments NNS X I-Skill
, , X O
direct JJ X B-Skill
work NN X I-Skill
, , X O
preparing VBG X B-Skill
high JJ X I-Skill
quality NN X I-Skill
reports NNS X I-Skill
and CC X I-Skill
presenting VBG X I-Skill
them PRP X I-Skill
in IN X O
a DT X O
formal JJ X O
setting NN X O
and CC X O
working VBG X B-Skill
at IN X I-Skill
all DT X I-Skill
times NNS X I-Skill
to TO X I-Skill
reduce VB X I-Skill
delay NN X I-Skill
and CC X O
put VBD X B-Skill
the DT X I-Skill
timescales NNS X I-Skill
for IN X I-Skill
the DT X I-Skill
child NN X I-Skill
first RB X I-Skill
. . X O
The DT X O

company NN X O
are VBP X O
ideally RB X O
looking VBG X O
for IN X O
an DT X O
individual NN X O
who WP X O
is VBZ X O
ready JJ X O
to TO X O
move VB X O
to TO X O
their PRP$ X O
next JJ X O
career NN X O
step NN X O
Cash NNP X B-Skill

book NN X I-Skill
entries NNS X I-Skill
Bank NNP X I-Skill
reconciliations NNS X I-Skill
Assisting VBG X I-Skill
with IN X I-Skill
financial JJ X I-Skill
reporting NN X I-Skill
at IN X I-Skill
month NN X I-Skill
end NN X I-Skill
Candidates VBZ X O
for IN X O
this DT X O
role NN X O
must MD X O
not RB X O
be VB X O
studying VBG X B-Skill
ACCA NNP X I-Skill
or CC X I-Skill
CIMA NNP X I-Skill
Your PRP$ X O

will MD X O
be VB X O
working VBG X B-Skill
on IN X I-Skill
a DT X I-Skill
wide JJ X I-Skill
range NN X I-Skill
of IN X I-Skill
Projects NNS X I-Skill
, , X O
that WDT X O
include VBP X O
a DT X O
full JJ X B-Skill
IT NNP X I-Skill
Systems NNP X I-Skill
Review NNP X I-Skill
. . X O
You PRP X O

will MD X O
be VB X O
working VBG X O
with IN X O
the DT X O
Microsoft NNP X B-Skill
Dynamics NNP X I-Skill
NAV NNP X I-Skill
suite NN X I-Skill
of IN X O
software NN X B-Domain
. . X O
Work NN X O

is VBZ X O
undertaken VBN X O
on IN X O
a DT X O
selfemployed JJ X O
basis NN X O
under IN X O
contract NN X O
with IN X O
Protocol NNP X O
. . X O
Essential JJ X O

Working NNP X B-Skill
in IN X I-Skill
teams NNS X I-Skill
and CC X O
with IN X O
minimum JJ X O
supervision NN X O
Experience NNP X B-Skill
in IN X O
a DT X O
caring NN X O
role NN X O
Desirable JJ X O
Experience NN X O
of IN X O
applying VBG X O
clinical JJ X O
reasoning NN X O
skills NNS X O
to TO X O
a DT X O
range NN X O
of IN X O
complex JJ X O
and CC X O
varied JJ X O
patient NN X O
case NN X O
mixes NNS X O
You PRP X O

need VBP X O
to TO X O
be VB X O
a DT X O
confident JJ X O
communicator NN X B-Skill
and CC X O
have VBP X O
previous JJ X O
experience NN X O
working VBG X O
within IN X O
a DT X O
customer NN X B-Skill
service NN X I-Skill
and CC X O
administration NN X B-Skill
setting NN X I-Skill
. . X O
Your PRP$ X O

role NN X O
as IN X O
a DT X O
Technical NNP X B-Occupation
Consultant NNP X I-Occupation
will MD X O
be VB X O
multifunctional JJ X O
, , X O
making VBG X O
this DT X O
an DT X O
extremely RB X O
exciting JJ X O
and CC X O
rewarding JJ X O
opportunity NN X O
. . X O
This DT X O

role NN X O
forms VBZ X O
a DT X O
key JJ X O
part NN X O
of IN X O
the DT X O
overall JJ X O
technology NN X B-Domain
service NN X O
involving VBG X O
the DT X O
development NN X O
of IN X O
various JJ X O
C NNP X B-Skill
, , X O
SQL NNP X B-Skill
and CC X O
GUI NNP X B-Skill
solutions NNS X I-Skill
for IN X O
the DT X O
Front NNP X O
Office NNP X O
business NN X B-Domain
users NNS X O
. . X O
The DT X O

successful JJ X O
candidate NN X O
will MD X O
be VB X O
required VBN X O
to TO X O
maintain VB X B-Skill
a DT X I-Skill
high JJ X I-Skill
availability NN X I-Skill
database NN X I-Skill
infrastructure NN X I-Skill
, , X O
hosting VBG X B-Skill
clinical JJ X I-Skill
records NNS X I-Skill
across IN X O
more JJR X O
than IN X O
So RB X O

if IN X O
you PRP X O
feel VBP X O
you PRP X O
have VBP X O
the DT X O
right JJ X O
skills NNS X O
and CC X O
qualities NNS X O
for IN X O
the DT X O
role NN X O
, , X O
please VB X O
apply RB X O
now RB X O
This DT X O
is VBZ X O
an DT X O
immediate JJ X O
opportunity NN X O
They PRP X O

currently RB X O
have VBP X O
a DT X O
permanent JJ X O
position NN X O
for IN X O
a DT X O
Project NNP X B-Occupation
Manager NNP X I-Occupation
With IN X O
a DT X O
proactive JJ X B-Skill
approach NN X I-Skill
to TO X I-Skill
project VB X I-Skill
management NN X I-Skill
and CC X I-Skill
problem NN X I-Skill
solving NN X I-Skill
, , X O
their PRP$ X O
success NN X O
can MD X O
be VB X O
attributed VBN X O
to TO X O
a DT X O
continued VBN X O
commitment NN X O
to TO X O
effectively RB X O
manage VB X B-Skill
projects NNS X I-Skill
to TO X I-Skill
an DT X I-Skill
on IN X I-Skill
time NN X I-Skill
delivery NN X I-Skill
, , X I-Skill
within IN X I-Skill
budget NN X I-Skill
and CC X I-Skill
continually RB X I-Skill
communicating VBG X I-Skill
progress NN X I-Skill
to TO X I-Skill
their PRP$ X I-Skill
clients NNS X I-Skill
. . X O
For IN X O

information NN X O
on IN X O
this DT X O
and CC X O
other JJ X O
opportunities NNS X O
with IN X O
us PRP X O
and CC X O
to TO X O
apply VB X O
please VB X O
click NN X O
on IN X O
the DT X O
apply NN X O
now RB X O
button VBZ X O
below IN X O
; : X O
Closing VBG X O
Date NNP X O
: : X O
3 CD X O
February NNP X O
2013 CD X O
At IN X B-Experience

least JJS X I-Experience
10 CD X I-Experience
years NNS X I-Experience
of IN X O
commercial JJ X B-Skill
COBOL NNP X I-Skill
programming VBG X I-Skill
/ NNP X I-Skill
development NN X I-Skill
experience NN X O
Understand NNP X B-Skill

client NN X I-Skill
briefs NNS X I-Skill
and CC X I-Skill
work NN X I-Skill
with IN X I-Skill
them PRP X I-Skill
to TO X O
establish VB X O
appropriate JJ X O
solutions NNS X O
based VBN X O
on IN X O
their PRP$ X O
desired VBN X O
outcomes NNS X O
. . X O
Being VBG X O

a DT X O
prime NN X B-Domain
operator NN X I-Domain
leading VBG X O
the DT X O
competition NN X O
with IN X O
a DT X O
successful JJ X O
multifaceted JJ X B-Domain
business NN X I-Domain
; : X O
innovation NN X O
comes VBZ X O
natural JJ X O
to TO X O
the DT X O
changing VBG X O
face NN X O
of IN X O
this DT X O
big JJ X O
player NN X O
operating NN X O
across IN X O
the DT X O
length NN X O
and CC X O
breadths NNS X O
of IN X O
Great NNP X O
Britain NNP X O
. . X O
the DT X O

social JJ X O
media NNS X O
channels NNS X O
Manage VBP X B-Skill
the DT X I-Skill
agency NN X I-Skill
relationship NN X I-Skill
Oversee NNP X I-Skill
the DT X I-Skill
deliver NN X I-Skill
of IN X I-Skill
the DT X I-Skill
Toyologist NNP X I-Skill
program NN X I-Skill
Benefits NNS X O

are VBP X O
available JJ X O
depending VBG X O
on IN X O
eligibility NN X O
business NN X O
and CC X O
by IN X O
applying VBG X O
for IN X O
this DT X O
position NN X O
you PRP X O
give VBP X O
your PRP$ X O
consent NN X O
for IN X O
us PRP X O
to TO X O
do VB X O
so RB X O
. . X O
If IN X O

you PRP X O
are VBP X O
successful JJ X O
with IN X O
your PRP$ X O
application NN X O
you PRP X O
will MD X O
be VB X O
contacted VBN X O
within IN X O
2 CD X O
week NN X O
. . X O
Management NNP X B-Skill

/ NNP X O
Leadership NNP X B-Skill
Development NNP X B-Occupation
Manager NNP X I-Occupation
required VBD X O
for IN X O
a DT X O
large JJ X O
, , X O
multisite JJ X O
West NNP X O
Midlands NNPS X O
based VBN X O
organisation NN X O
. . X O
Able JJ X O

to TO X O
be VB X O
flexible JJ X B-Skill
on IN X I-Skill
hours NNS X I-Skill
and CC X I-Skill
days NNS X I-Skill
, , X O
but CC X O
ideally RB X O
Monday NNP X O
Friday NNP X O
; : X O
Duties NNS X O

will MD X O
include VB X O
: : X O
Faultfinding NNP X B-Skill
, , X O
maintaining VBG X B-Skill
and CC X O
providing VBG X B-Skill
expert JJ X I-Skill
knowledge NN X I-Skill
of IN X I-Skill
EC NNP X I-Skill
s NN X I-Skill
, , X O
ABB NNP X B-Skill
Melody NNP X I-Skill
DCS NNP X I-Skill
, , X O
CEMS NNP X B-Skill
Continuous NNP X I-Skill
Emissions NNP X I-Skill
Monitoring NNP X I-Skill
System NNP X I-Skill
, , X I-Skill
Instrumentation NNP X I-Skill
sensors NNS X I-Skill
and CC X I-Skill
actuators NNS X I-Skill
etc VBP X O
, , X O
Switchgear NNP X B-Skill
, , X O
Control NNP X B-Skill
Panels NNP X I-Skill
and CC X O
Protection NNP X B-Skill
Relays NNP X I-Skill
etc NN X O
. . X O
You PRP X O

ll VBP X O
help VB X O
train NN X B-Skill
, , X I-Skill
develop VB X I-Skill
and CC X I-Skill
grow VB X I-Skill
a DT X I-Skill
fantastic JJ X I-Skill
team NN X I-Skill
to TO X I-Skill
create VB X I-Skill
the DT X I-Skill
perfect JJ X I-Skill
blend NN X I-Skill
The DT X O

role NN X O
: : X O
To TO X O
produce VB X B-Skill
management NN X I-Skill
accounts NNS X I-Skill
for IN X O
the DT X O
company NN X O
and CC X O
related JJ X O
companies NNS X O
. . X O
An DT X O

excellent JJ X O
opportunity NN X O
exists NNS X O
within IN X O
Bibby NNP X O
Distribution NNP X O
for IN X O
a DT X O
Senior NNP X B-Occupation
Warehouse NNP X I-Occupation
Supervisor NNP X I-Occupation
within IN X O
a DT X O
multi JJ X O
user NN X O
FMCG NNP X O
environment NN X O
. . X O
With IN X O

a DT X O
time NN X O
served VBD X O
Apprenticeship NNP X O
, , X O
NVQ NNP X B-Skill
level VBZ X I-Skill
3 CD X I-Skill
or CC X O
relevant JJ X O
experience NN X O
in IN X O
this DT X O
field NN X O
, , X O
you PRP X O
will MD X O
be VB X O
a DT X O
competent JJ X B-Skill
HGV NNP X B-Occupation
Technician NNP X I-Occupation
/ NNP X O
Fitter NNP X B-Occupation
with IN X O
a DT X O
currently RB X O
driving VBG X B-Qualification
licence NN X I-Qualification
. . X O
They PRP X O

are VBP X O
recognised VBN X O
for IN X O
their PRP$ X O
professionalism NN X O
in IN X O
the DT X O
offshore NN X O
market NN X O
and CC X O
deliver NN X O
: : X O
FPSO NNP X B-Skill
concept NN X I-Skill
studies NNS X I-Skill
, , X O
vessel NN X B-Skill
conversions NNS X I-Skill
, , X I-Skill
stability NN X I-Skill
studies NNS X I-Skill
, , X O
ship JJ X B-Skill
motions NNS X I-Skill
and CC X I-Skill
operability NN X I-Skill
, , X O
ship JJ X B-Skill
structures NNS X I-Skill
analysis NN X I-Skill
using VBG X I-Skill
FEA NNP X I-Skill
as RB X O
well RB X O
as IN X O
marine NN X B-Skill
and CC X I-Skill
offshore JJ X I-Skill
construction NN X I-Skill
operations NNS X I-Skill
. . X O
your PRP$ X O

CV NNP X O
and CC X O
FOLIO NNP X O
Please NNP X O
note NN X O
that WDT X O
due JJ X O
to TO X O
exceptionally RB X O
high JJ X O
levels NNS X O
of IN X O
response NN X O
, , X O
we PRP X O
are VBP X O
only RB X O
able JJ X O
to TO X O
get VB X O
back RB X O
to TO X O
those DT X O
applicants NNS X O
who WP X O
have VBP X O
been VBN X O
successful JJ X O
. . X O
The DT X O

Company NNP X O
A NNP X O
thriving NN X O
, , X O
independent JJ X O
, , X O
boutique JJ X O
global JJ X O
media NNS X O
agency NN X O
that WDT X O
specialises VBZ X O
exclusively RB X O
in IN X O
the DT X O
technology NN X B-Domain
sector NN X I-Domain
. . X O
You PRP X O

will MD X O
also RB X O
Develop VB X B-Skill
, , X I-Skill
plan NN X I-Skill
and CC X I-Skill
lead JJ X I-Skill
generation NN X I-Skill
campaigns NNS X I-Skill
for IN X O
the DT X O
UK NNP X O
. . X O
Confirm NNP X B-Skill

which WDT X I-Skill
Social NNP X I-Skill
Security NNP X I-Skill
Office NNP X I-Skill
deals NNS X I-Skill
with IN X I-Skill
the DT X I-Skill
benefit NN X I-Skill
claim NN X I-Skill
, , X O
obtain VB X B-Skill
National NNP X I-Skill
Insurance NNP X I-Skill
and CC X I-Skill
rent NN X I-Skill
account NN X I-Skill
details NNS X O
and CC X O
produce VBP X B-Skill
an DT X I-Skill
application NN X I-Skill
on IN X I-Skill
a DT X I-Skill
letter NN X I-Skill
template NN X I-Skill
Manage NNP X I-Skill
rent NN X I-Skill
and CC X I-Skill
service NN X I-Skill
charge NN X I-Skill
accounts NNS X I-Skill
in IN X I-Skill
credit NN X I-Skill
including VBG X I-Skill
former JJ X I-Skill
tenants NNS X I-Skill
, , X O
recommending VBG X B-Skill
refunds NNS X I-Skill
to TO X I-Skill
Income NNP X I-Skill
Officers NNP X I-Skill
and CC X O
completing VBG X B-Skill
payment NN X I-Skill
process NN X I-Skill
where WRB X O
approved VBD X O
For IN X O

further JJ X O
information NN X O
please NN X O
contact NN X O
Ruth NNP X O
Moran NNP X O
8am9pm CD X O
weekdays NNS X O
. . X O
The DT X O

successful JJ X O
candidate NN X O
will MD X O
be VB X O
responsible JJ X O
for IN X O
developing VBG X B-Skill
products NNS X I-Skill
from IN X I-Skill
initial JJ X I-Skill
concept NN X I-Skill
through IN X I-Skill
to TO X I-Skill
launch VB X I-Skill
, , X O
undertaking VBG X B-Skill
market NN X I-Skill
research NN X I-Skill
to TO X I-Skill
spot VB X I-Skill
relevant JJ X I-Skill
trends NNS X I-Skill
, , X O
working VBG X B-Skill
closely RB X I-Skill
with IN X I-Skill
retailers NNS X I-Skill
to TO X I-Skill
analyse VB X I-Skill
sales NNS X I-Skill
performance NN X I-Skill
and CC X O
undertake JJ X B-Skill
range NN X I-Skill
reviews NNS X I-Skill
. . X O
Experience NN X O

with IN X O
care NN X B-Domain
of IN X I-Domain
the DT X I-Domain
elderly JJ X I-Domain
and CC X O
working VBG X B-Skill
with IN X I-Skill
patients NNS X I-Skill
with IN X I-Skill
Dementia NNP X I-Skill
is VBZ X O
essential JJ X O
a DT X O
nurse NN X B-Occupation
with IN X O
the DT X O
drive NN X B-Skill
, , X O
commitment NN X B-Skill
and CC X O
passion NN X B-Skill
to TO X O
drive VB X O
this DT X O
home NN X O
forward NN X O
is VBZ X O
required VBN X O
. . X O
If IN X O

you PRP X O
do VBP X O
not RB X O
hear VB X O
from IN X O
one CD X O
of IN X O
our PRP$ X O
consultants NNS X O
within IN X O
7 CD X O
days NNS X O
of IN X O
applying VBG X O
for IN X O
this DT X O
role NN X O
, , X O
please VB X O
assume VB X O
you PRP X O
have VBP X O
been VBN X O
unsuccessful JJ X O
in IN X O
this DT X O
instance NN X O
. . X O
You PRP X O

must MD X O
be VB X O
an DT X O
experienced JJ X O
Nurse NNP X B-Occupation
Practitioner NNP X I-Occupation
, , X B-Skill
able JJ X I-Skill
to TO X I-Skill
see VB X I-Skill
, , X I-Skill
diagnose VB X I-Skill
, , X I-Skill
treat NN X I-Skill
and CC X I-Skill
prescribe NN X I-Skill
for IN X I-Skill
acute JJ X I-Skill
cases NNS X I-Skill
. . X O
SQL NNP X B-Skill

server RB X I-Skill
Good NNP X O
knowledge NN X O
of IN X O
SQL NNP X B-Skill
how WRB X I-Skill
to TO X I-Skill
write VB X I-Skill
a DT X I-Skill
query NN X I-Skill
, , X I-Skill
Stored NNP X I-Skill
Procedures NNP X I-Skill
, , X O
understands VBZ X O
the DT X O
DB NNP X B-Skill
architecture NN X I-Skill
and CC X I-Skill
objects VBZ X I-Skill
Experience NNP X I-Skill
of IN X I-Skill
c NN X I-Skill
. . X I-Skill
net NN X I-Skill
Our PRP$ X O

client NN X O
is VBZ X O
a DT X O
successful JJ X O
international JJ X O
retailer NN X O
looking VBG X O
for IN X O
a DT X O
Fabric NNP X B-Occupation
Technologist NNP X I-Occupation
to TO X O
join VB X O
their PRP$ X O
Womenswear NNP X O
department NN X O
with IN X O
a DT X O
good JJ X O
knowledge NN X B-Skill
of IN X I-Skill
Wovens NNP X I-Skill
and CC X I-Skill
Jersey NNP X I-Skill
Products NNP X I-Skill
. . X O
We PRP X O

ve VBP X O
got VBD X O
everything NN X O
from IN X O
crisp NN X O
refreshing VBG X O
whites NNS X O
, , X O
trendy JJ X O
pinks NNS X O
to TO X O
fat VB X O
juicy NN X O
reds NNS X O
by IN X O
the DT X O
bottle NN X O
or CC X O
glass NN X O
The DT X O

ideal JJ X O
candidate NN X O
will MD X O
have VB X O
worked VBN X B-Skill
in IN X I-Skill
a DT X I-Skill
similar JJ X I-Skill
role NN X I-Skill
in IN X I-Skill
the DT X I-Skill
automation NN X I-Skill
, , X I-Skill
control NN X I-Skill
or CC X I-Skill
power NN X I-Skill
sectors NNS X I-Skill
. . X O
Support NN X B-Skill

students NNS X I-Skill
in IN X I-Skill
learning VBG X I-Skill
and CC X I-Skill
development NN X I-Skill
and CC X I-Skill
encourage VB X I-Skill
them PRP X I-Skill
to TO X I-Skill
participate VB X I-Skill
in IN X I-Skill
all DT X I-Skill
aspects NNS X I-Skill
of IN X I-Skill
school NN X I-Skill
life NN X I-Skill
. . X O
Hours NNS X O

are VBP X O
on IN X O
a DT X O
shift JJ X O
basis NN X O
between IN X O
the DT X O
hours NNS X O
of IN X O
7am CD X O
and CC X O
10pm CD X O
. . X O
Understanding NN X B-Skill

of IN X I-Skill
bookwork NN X I-Skill
, , X I-Skill
costs NNS X I-Skill
, , X I-Skill
ordering VBG X I-Skill
, , X I-Skill
stocks NNS X I-Skill
, , X I-Skill
healthy JJ X I-Skill
/ NNP X I-Skill
hygine NN X I-Skill
and CC X I-Skill
training NN X I-Skill
Familiarity NN X O

with IN X O
data NNS X B-Skill
connectivity NN X I-Skill
technologies NNS X I-Skill
such JJ X O
as IN X O
FTP NNP X B-Skill
, , X O
SFTP NNP X B-Skill
, , X O
HTTP NNP X B-Skill
, , X O
HTTPS NNP X B-Skill
, , X O
VAN NNP X B-Skill
and CC X O
AS2 NNP X B-Skill
. . X O
You PRP X O

will MD X O
be VB X O
responsible JJ X O
for IN X O
managing VBG X B-Occupation
a DT X I-Occupation
small JJ X I-Occupation
team NN X I-Occupation
and CC X O
continuing VBG X O
to TO X O
drive VB X B-Skill
the DT X I-Skill
already RB X I-Skill
successful JJ X I-Skill
practice NN X I-Skill
forward RB X I-Skill
. . X O
If IN X O

you PRP X O
are VBP X O
interested JJ X O
in IN X O
this DT X O
opportunity NN X O
please VB X O
send VB X O
a DT X O
copy NN X O
of IN X O
your PRP$ X O
CV NNP X O
to TO X O
James NNP X O
at IN X O
Big NNP X O
Red NNP X O
Recruitment NNP X O
. . X O
About IN X O

You PRP X O
Immediately RB X O
available JJ X O
and CC X O
living VBG X O
near IN X O
Farnborough NNP X O
, , X O
Hampshire NNP X O
, , X O
you PRP X O
will MD X O
be VB X O
looking VBG X O
to TO X O
start VB X O
a DT X O
new JJ X O
Management NNP X B-Occupation
Accounting NNP X I-Occupation
role NN X O
at IN X O
the DT X O
end NN X O
of IN X O
January NNP X O
201 CD X O
To TO X O

be VB X O
timeserved VBN X B-Skill
or CC X O
have VBP X O
completed VBN X B-Skill
a DT X I-Skill
recognised JJ X I-Skill
apprenticeship NN X I-Skill
and CC X O
have VBP X O
City NNP X B-Qualification
Guilds NNP X I-Qualification
or CC X O
NVQ NNP X B-Qualification
qualifications NNS X I-Qualification
or CC X I-Qualification
equivalent NN X I-Qualification
in IN X I-Qualification
machining VBG X I-Qualification
skills NNS X I-Qualification
. . X O
The DT X O

business NN X O
is VBZ X O
dedicated VBN X O
to TO X O
sourcing VBG X B-Skill
and CC X I-Skill
bringing VBG X I-Skill
new JJ X I-Skill
and CC X I-Skill
innovative JJ X I-Skill
products NNS X I-Skill
to TO X I-Skill
market NN X I-Skill
predominantly RB X O
through IN X O
retail JJ X B-Domain
and CC X O
foodservice JJ X B-Domain
avenues NNS X O
. . X O
We PRP X O

offer VBP X O
a DT X O
serious JJ X O
package NN X O
as RB X O
well RB X O
as IN X O
the DT X O
standard JJ X O
benefits NNS X O
. . X O
This DT X O

role NN X O
is VBZ X O
incredibly RB X O
unique JJ X O
as IN X O
it PRP X O
offers VBZ X O
the DT X O
successful JJ X O
candidate NN X O
the DT X O
chance NN X O
to TO X O
manage VB X B-Skill
a DT X I-Skill
worldrenowned JJ X I-Skill
venue NN X I-Skill
, , X O
work NN X B-Skill
within IN X I-Skill
a DT X I-Skill
creative JJ X I-Skill
agency NN X I-Skill
and CC X I-Skill
liaise NN X I-Skill
with IN X I-Skill
a DT X I-Skill
global JJ X I-Skill
sponsorship NN X I-Skill
client NN X I-Skill
. . X O
An DT X O

opportunity NN X O
within IN X O
the DT X O
business NN X O
has VBZ X O
become VBN X O
available JJ X O
for IN X O
an DT X O
experienced JJ X B-Skill
candidate NN X O
, , X O
who WP X O
has VBZ X O
a DT X O
history NN X O
of IN X O
providing VBG X B-Skill
exceptional JJ X I-Skill
customer NN X I-Skill
service NN X I-Skill
and CC X O
extensive JJ X O
administration NN X B-Skill
support NN X I-Skill
. . X O
At IN X O

Barchester NNP X O
we PRP X O
support VBP X O
you PRP X O
to TO X O
develop VB X O
your PRP$ X O
leadership NN X B-Skill
skills NNS X O
before IN X O
you PRP X O
are VBP X O
asked VBN X O
to TO X O
lead VB X O
a DT X O
team NN X O
, , X O
not RB X O
after IN X O
you PRP X O
have VBP X O
struggled VBN X O
We PRP X O
start VBP X O
by IN X O
offering VBG X O
a DT X O
nationally RB X O
recognised VBN X O
team NN X O
development NN X O
qualification NN X O
, , X O
followed VBN X O
by IN X O
a DT X O
level NN X B-Qualification
3 CD X I-Qualification
management NN X I-Qualification
NVQ NNP X I-Qualification
, , X O
a DT X B-Qualification
certificate NN X I-Qualification
or CC X I-Qualification
diploma NN X I-Qualification
in IN X I-Qualification
management NN X I-Qualification
studies NNS X I-Qualification
, , X O
a DT X B-Qualification
degree NN X I-Qualification
in IN X I-Qualification
management NN X I-Qualification
and CC X O
even RB X O
a DT X B-Qualification
Masters NNP X I-Qualification
degree NN X I-Qualification
. . X O
Ensure NN X B-Skill

an DT X I-Skill
effective JJ X I-Skill
workplace NN X I-Skill
programme NN X I-Skill
to TO X I-Skill
meet VB X I-Skill
all DT X I-Skill
requirements NNS X I-Skill
of IN X I-Skill
health NN X I-Skill
and CC X I-Skill
safety NN X I-Skill
laws NNS X I-Skill
and CC X I-Skill
regulations NNS X I-Skill
. . X O
Graduate NNP X O

Cover NNP X O
Supervisor NNP X O
Dudley NNP X O
Immediate NNP X O
start VB X O
Cover NNP X O
until IN X O
the DT X O
end NN X O
of IN X O
the DT X O
academic JJ X O
year NN X O
Excellent NNP X O
Teacher NNP X O
Training NNP X O
Opportunity NNP X O
Outstanding NNP X O
Senior NNP X O
Leadership NNP X O
s VBD X O
development NN X O
, , X O
their PRP$ X O
pupil JJ X O
s NN X O
development NN X O
and CC X O
the DT X O
schools NNS X O
ever RB X O
growing VBG X O
reputation NN X O
. . X O
Participating VBG X O

in IN X O
decisions NNS X O
regarding VBG X O
the DT X O
execution NN X B-Skill
of IN X I-Skill
Front NNP X I-Skill
End NNP X I-Skill
Engineering NNP X I-Skill
Design NNP X I-Skill
FEED NNP X I-Skill
and CC X O
/ NNP X O
or CC X O
Engineering NNP X B-Domain
, , X O
Procurement NNP X B-Domain
amp NN X O
; : X O
Construction NNP X B-Domain
EPC NNP X I-Domain
contracts NNS X O
May NNP X O
supervise VB X B-Skill
several JJ X I-Skill
subordinate JJ X I-Skill
supervisors NNS X I-Skill
or CC X I-Skill
team NN X I-Skill
leaders NNS X I-Skill
, , X O
including VBG X O
special JJ X B-Occupation
equipment NN X I-Occupation
lead NN X I-Occupation
engineers NNS X I-Occupation
on IN X O
FEED NNP X B-Skill
or CC X O
EPC NNP X B-Skill
projects NNS X O
. . X O
Primary JJ X O

School NNP X O
with IN X O
attached VBN X O
SEN NNP X O
School NNP X O
Ruislip NNP X O
, , X O
West NNP X O
London NNP X O
Borough NNP X O
of IN X O
Hillingdon NNP X O
Learning NNP X B-Occupation
Support NNP X I-Occupation
Assistant NNP X I-Occupation
position NN X O
Working VBG X O
with IN X O
Groups NNP X O
and CC X O
Our PRP$ X O

client NN X O
provides VBZ X O
bespoke IN X O
custody NN X O
and CC X O
fiscal JJ X O
metering NN X O
equipment NN X O
, , X O
hydraulic JJ X O
control NN X O
systems NNS X O
and CC X O
produced JJ X O
water NN X O
treatment NN X O
solutions NNS X O
. . X O
Our PRP$ X O

expertise NN X O
, , X O
knowledge NN X O
, , X O
experience NN X O
and CC X O
standards NNS X O
are VBP X O
well RB X O
known VBN X O
and CC X O
widely RB X O
used VBN X O
throughout IN X O
the DT X O
industry NN X O
. . X O
They PRP X O

will MD X O
then RB X O
look VB X O
at IN X O
Android NNP X O
and CC X O
possibly RB X O
BlackBerry NNP X O
at IN X O
a DT X O
later JJ X O
stage NN X O
. . X O
**** JJ X O

Support NNP X B-Skill
the DT X I-Skill
HR NNP X I-Skill
team NN X I-Skill
with IN X O
all DT X O
additional JJ X O
HR NNP X O
administration NN X O
requirements NNS X O
To TO X O

apply VB X O
please VB X O
contact VB X O
our PRP$ X O
West NNP X O
Yorkshire NNP X O
office NN X O
on IN X O
On IN X O

offer NN X O
for IN X O
the DT X O
right JJ X O
candidate NN X O
is VBZ X O
a DT X O
salary NN X O
of IN X O
up IN X O
**** JJ X O

Seek NNP X B-Skill
ways NNS X I-Skill
to TO X I-Skill
meet VB X I-Skill
agreed JJ X I-Skill
standards NNS X I-Skill
more RBR X I-Skill
cost NN X I-Skill
effectively RB X I-Skill
Provide NNP X I-Skill
timely RB X I-Skill
and CC X I-Skill
accurate JJ X I-Skill
information NN X I-Skill
through IN X I-Skill
effective JJ X I-Skill
communication NN X I-Skill
channels NNS X I-Skill
This DT X O

unique JJ X O
consultancy NN X O
specialises NNS X O
in IN X O
brand NN X O
entertainment NN X O
and CC X O
operates VBZ X O
across IN X O
PR NNP X B-Domain
, , X O
digital JJ X B-Domain
, , X I-Domain
events NNS X I-Domain
, , X O
advertising NN X B-Domain
and CC X O
marketing NN X B-Domain
. . X O
Test NNP X B-Skill

Strategy NNP X I-Skill
/ NNP X I-Skill
Plans VBZ X I-Skill
/ JJ X I-Skill
Approach NNP X I-Skill
, , X I-Skill
Test NNP X I-Skill
Scripts NNP X I-Skill
, , X O
Test NNP X B-Skill
Schedule NNP X I-Skill
, , X O
Progress NNP X B-Skill
Reports NNP X I-Skill
, , X O
Test NNP X B-Skill
Completion NNP X I-Skill
Reports NNP X I-Skill
Knowledge NNP X O
and CC X O
Skills NNP X O
For IN X O

more JJR X O
information NN X O
or CC X O
to TO X O
download VB X O
an DT X O
application NN X O
form NN X O
and CC X O
apply VB X O
online NN X O
, , X O
please VB X O
visit NN X O
www NN X O
. . X O
careersincards NNS X O
. . X O
co NN X O
. . X O
uk NN X O
Postqualification NN X B-Skill

experience NN X I-Skill
within IN X O
a DT X O
recognised JJ X O
real JJ X O
estate NN X O
litigation NN X B-Skill
department NN X O
is VBZ X O
essential JJ X O
to TO X O
the DT X O
role NN X O
, , X O
and CC X O
marketing NN X B-Skill
experience NN X O
would MD X O
be VB X O
an DT X O
advantage NN X O
. . X O
Do VBP X O

you PRP X O
have VB X O
a DT X O
passion NN X O
for IN X O
your PRP$ X O
subject NN X O
and CC X O
have VBP X O
you PRP X O
demonstrated VBN X O
this DT X O
on IN X O
your PRP$ X O
teacher NN X B-Occupation
training NN X O
placements NNS X O
? . X O
an DT X O

authentic JJ X O
American JJ X O
**** NN X O
sdinner NN X O
style NN X O
menu NN X O
using VBG X O
all DT X O
fresh JJ X O
local JJ X O
produce NN X O
served VBD X O
in IN X O
a DT X O
classic JJ X O
retro NN X O
As IN X O

a DT X O
sales NNS X B-Occupation
executive NN X I-Occupation
, , X O
you PRP X O
will MD X O
be VB X O
working VBG X O
developing VBG X B-Skill
relationships NNS X I-Skill
with IN X I-Skill
new JJ X I-Skill
and CC X I-Skill
existing JJ X I-Skill
businesses NNS X I-Skill
, , X O
selling VBG X B-Skill
revenues NNS X I-Skill
within IN X I-Skill
a DT X I-Skill
financial JJ X I-Skill
portfolio NN X I-Skill
across IN X O
a DT X O
range NN X O
of IN X O
media NNS X O
, , X O
including VBG X O
; : X O
print NN X O
, , X O
digital JJ X O
, , X O
events NNS X O
and CC X O
data NNS X O
led VBN X O
products NNS X O
. . X O
The DT X O

role NN X O
requires VBZ X O
dedication NN X B-Skill
and CC X O
in IN X O
turn NN X O
offers NNS X O
an DT X O
excellent JJ X O
commission NN X O
structure NN X O
. . X O
In IN X O

this DT X O
post NN X O
you PRP X O
will MD X O
provide VB X B-Skill
support NN X I-Skill
to TO X I-Skill
the DT X I-Skill
Trust NNP X I-Skill
and CC X I-Skill
Grants NNP X I-Skill
Manager NNP X I-Skill
to TO X O
deliver VB X O
significant JJ X O
income NN X O
from IN X O
Trust NNP X O
and CC X O
Foundation NNP X O
and CC X O
relevant JJ X O
grant NN X O
sources NNS X O
. . X O
Please VB X O

visit VB X O
our PRP$ X O
website NN X O
at IN X O
www NN X O
. . X O
elevationrecruitment NN X O
. . X O
com NN X O
for IN X O
more JJR X O
information NN X O
on IN X O
: : X O
Engineering NN X B-Domain
Jobs NNP X O
or CC X O
Engineering NNP X O
Recruitment NNP X O
Manufacturing NNP X B-Domain
Jobs NNP X O
or CC X O
Manufacturing NNP X O
Recruitment NNP X O
Ensure NN X O

that IN X O
training NN X B-Domain
and CC X O
development NN X B-Domain
is VBZ X O
integrated VBN X O
Appraise NNP X B-Skill
and CC X I-Skill
support NN X I-Skill
junior JJ X I-Skill
members NNS X I-Skill
of IN X I-Skill
staff NN X I-Skill
Establish NNP X O
great JJ X B-Skill
client NN X I-Skill
and CC X I-Skill
media NNS X I-Skill
contact JJ X I-Skill
relationships NNS X O
to TO X O
ensure VB X B-Skill
repeat NN X I-Skill
business NN X I-Skill
Be NNP X O
instrumental JJ X B-Skill
in IN X I-Skill
negotiating VBG X I-Skill
rates NNS X O
for IN X O
media NNS X O
and CC X O
client NN X O
contracts NNS X O
Strong JJ X O

Employee NNP X B-Skill
Relations NNPS X I-Skill
background NN X I-Skill
Depth NNP X I-Skill
of IN X I-Skill
experience NN X I-Skill
in IN X I-Skill
Employment NNP X I-Skill
Law NNP X I-Skill
and CC X O
uptodate JJ X B-Skill
with IN X I-Skill
legislation NN X I-Skill
. . X I-Skill
You PRP X O

will MD X O
be VB X O
tasked VBN X O
with IN X O
ensuring VBG X O
consistent JJ X B-Skill
, , X I-Skill
efficient JJ X I-Skill
processing NN X I-Skill
of IN X I-Skill
all DT X I-Skill
orders NNS X I-Skill
through IN X O
managing VBG X B-Skill
the DT X I-Skill
technical JJ X I-Skill
and CC X I-Skill
distribution NN X I-Skill
aspect NN X I-Skill
to TO X O
each DT X O
project NN X O
, , X O
liasing VBG X B-Skill
with IN X I-Skill
all DT X I-Skill
key JJ X I-Skill
departments NNS X I-Skill
through IN X O
to TO X O
completion NN X O
. . X O
The DT X O

Centre NNP X B-Occupation
Administrator NNP X I-Occupation
will MD X O
provide VB X B-Skill
a DT X I-Skill
comprehensive JJ X I-Skill
range NN X I-Skill
of IN X I-Skill
administrative JJ X I-Skill
services NNS X I-Skill
to TO X O
the DT X O
Centre NNP X O
and CC X O
offer VB X B-Skill
support NN X I-Skill
and CC X I-Skill
guidance NN X I-Skill
to TO X I-Skill
carers NNS X I-Skill
. . X O
Applicants NNS X O

will MD X O
need VB X O
to TO X O
have VB X O
a DT X O
working JJ X O
experience NN X B-Skill
as IN X O
a DT X O
Service NNP X B-Occupation
Advisor NNP X I-Occupation
within IN X B-Skill
the DT X I-Skill
Motor NNP X I-Skill
Trade NNP X I-Skill
in IN X O
order NN X O
to TO X O
be VB X O
considered VBN X O
for IN X O
this DT X O
role NN X O
. . X O
As IN X O

this DT X O
is VBZ X O
a DT X O
new JJ X O
role NN X O
and CC X O
new JJ X O
office NN X O
within IN X O
an DT X O
extablished VBN X O
company NN X O
their PRP$ X O
is VBZ X O
a DT X O
lot NN X O
of IN X O
opportunity NN X O
for IN X O
growth NN X O
and CC X O
development NN X O
. . X O
To TO X O

contribute VB X O
to TO X O
the DT X O
College NNP X O
' POS X O
s JJ X O
income NN X B-Skill
generation NN X I-Skill
activities NNS X O
so RB X O
as IN X O
to TO X O
promote VB X B-Skill
the DT X I-Skill
overall JJ X I-Skill
health NN X I-Skill
of IN X I-Skill
the DT X I-Skill
organisation NN X I-Skill
The DT X O

Ortolan NNP X O
Group NNP X O
is VBZ X O
engaged VBN X O
by IN X O
NCP NNP X O
to TO X O
assist VB X O
with IN X O
recruitment NN X O
services NNS X O
. . X O
**** JJ X O

person NN X O
leaving VBG X O
in IN X O
the DT X O
last JJ X O
2 CD X O
years NNS X O
: : X O
this DT X O
is VBZ X O
down RB X O
to TO X O
the DT X O
emphasis NN X O
on IN X O
the DT X O
positive JJ X O
working NN X O
environment NN X O
. . X O
Understands VBZ X O

the DT X O
sales NNS X B-Domain
process NN X O
from IN X O
AZ NNP X O
and CC X O
should MD X O
have VB X O
been VBN X O
trained VBN X B-Skill
in IN X I-Skill
how WRB X I-Skill
to TO X I-Skill
sell VB X I-Skill
, , X O
i NN X O
. . X O
e NN X O
. . X O
Spin NNP X B-Skill
Selling NNP X I-Skill
, , X O
Scotsman NNP X B-Skill
, , X O
TAZ NNP X B-Skill
, , X O
Miller NNP X B-Skill
Heiman NNP X I-Skill
or CC X O
equivalent NN X O
. . X O
You PRP X O

' '' X O
re VB X O
pragmatic JJ X O
about IN X O
doing VBG X O
quick JJ X O
fixes NNS X O
if IN X O
they PRP X O
' VBP X O
re JJ X O
urgent NN X O
In IN X O

return NN X O
my PRP$ X O
client NN X O
offers VBZ X O
a DT X O
competitive JJ X O
salary NN X O
and CC X O
benefits NNS X O
package NN X O
as RB X O
well RB X O
as IN X O
providing VBG X O
an DT X O
excellent JJ X O
environment NN X O
to TO X O
develop VB X O
your PRP$ X O
skills NNS X O
in IN X O
areas NNS X O
like IN X O
ASP NNP X B-Skill
. . X I-Skill
NET NNP X I-Skill
Web NNP X I-Skill
Forms NNP X I-Skill
Essential JJ X O

Requirements NNP X O
Suitable NNP X O
candidates NNS X O
will MD X O
possess VB X O
the DT X O
following JJ X O
qualifications NNS X O
and CC X O
experience NN X O
: : X O
You PRP X O

must MD X O
also RB X O
be VB X O
willing JJ X O
to TO X O
travel VB X B-Skill
for IN X I-Skill
long JJ X I-Skill
periods NNS X I-Skill
, , X O
have VBP X O
a DT X O
multicultural JJ X B-Skill
approach NN X I-Skill
and CC X O
a DT X B-Skill
teamwork JJ X I-Skill
attitude NN X I-Skill
with IN X O
a DT X O
good JJ X O
technical JJ X B-Domain
background NN X O
This DT X O

well NN X O
renowned VBD X O
manufacturing VBG X B-Domain
company NN X O
is VBZ X O
looking VBG X O
to TO X O
recruit VB X O
a DT X O
Automation NNP X B-Occupation
/ NNP X I-Occupation
Controls NNP X I-Occupation
Engineer NNP X I-Occupation
to TO X O
assist VB X B-Skill
the DT X I-Skill
successful JJ X I-Skill
team NN X I-Skill
in IN X I-Skill
coping VBG X I-Skill
with IN X I-Skill
an DT X I-Skill
ever RB X I-Skill
increasing VBG X I-Skill
demand NN X I-Skill
of IN X O
its PRP$ X O
products NNS X O
that DT X O
is VBZ X O
required VBN X O
by IN X O
their PRP$ X O
blue JJ X O
chip NN X O
clients NNS X O
In IN X O
return NN X O
you PRP X O
can MD X O
expect VB X O
one CD X O
of IN X O
the DT X O
best JJS X O
packages NNS X O
in IN X O
the DT X O
industry NN X O
, , X O
be VB X O
put VBN X O
on IN X O
an DT X O
excellent JJ X O
training NN X O
programme NN X O
to TO X O
get VB X O
you PRP X O
fully RB X O
uptospeed VBP X O
as RB X O
well RB X O
as IN X O
provide NN X O
ongoing VBG X O
support NN X O
to TO X O
ensure VB X O
you PRP X O
maintain VBP X O
the DT X O
company NN X O
` `` X O
s RB X O
high JJ X O
standards NNS X O
. . X O
They PRP X O

offer VBP X O
a DT X O
dynamic JJ X O
and CC X O
exciting JJ X O
, , X O
fastpaced VBD X O
working VBG X O
environment NN X O
whereby WRB X O
the DT X O
landscape NN X O
is VBZ X O
constantly RB X O
evolving VBG X O
in IN X O
order NN X O
to TO X O
meet VB X O
consumer NN X O
demand NN X O
. . X O
The DT X O

successful JJ X O
person NN X O
can MD X O
expect VB X O
and CC X O
excellent JJ X O
salary NN X O
in IN X O
the DT X O
region NN X O
of IN X O
Students NNS X O

benefit VBP X O
from IN X O
excellent JJ X O
teaching NN X B-Skill
, , X O
curriculum NN X B-Skill
, , X I-Skill
care NN X I-Skill
, , X I-Skill
guidance NN X I-Skill
and CC X I-Skill
support NN X I-Skill
. . X O
We PRP X O

do VBP X O
not RB X O
expect VB X O
excessive JJ X O
working JJ X O
hours NNS X O
, , X O
rather RB X O
we PRP X O
require VBP X O
flexibility NN X B-Skill
when WRB X O
there EX X O
is VBZ X O
a DT X O
clear JJ X O
benefit NN X O
to TO X O
the DT X O
company NN X O
. . X O
The DT X O

Proposition NNP X O
To TO X O
join VB X O
a DT X O
highly RB X B-Skill
regarded JJ X I-Skill
team NN X I-Skill
and CC X O
to TO X O
work VB X B-Skill
with IN X I-Skill
a DT X I-Skill
high JJ X I-Skill
quality NN X I-Skill
client NN X I-Skill
base NN X I-Skill
with IN X I-Skill
experienced JJ X I-Skill
practitioners NNS X I-Skill
. . X O
REQUIRED JJ X O

EXPERIENCE NN X O
: : X O
Site NNP X B-Skill
Management NNP X I-Skill
Safety NNP X I-Skill
Training NNP X I-Skill
Scheme NNP X I-Skill
Formal NNP X I-Skill
Qualification NNP X I-Skill
in IN X I-Skill
relevant JJ X I-Skill
engineering NN X I-Skill
discipline NN X I-Skill
HNC NNP X I-Skill
/ NNP X I-Skill
HND NNP X I-Skill
Civil NNP X I-Skill
Engineering NNP X I-Skill
. . X O
Key NNP X O

role NN X O
responsibilities NNS X O
are VBP X O
: : X O
to TO X O
ensure VB X B-Skill
the DT X I-Skill
highest JJS X I-Skill
standard NN X I-Skill
of IN X I-Skill
care NN X I-Skill
and CC X I-Skill
service NN X I-Skill
is VBZ X I-Skill
delivered VBN X I-Skill
to TO X I-Skill
the DT X I-Skill
residents NNS X I-Skill
whilst VBP X O
maintaining VBG X B-Skill
independence NN X I-Skill
and CC X I-Skill
choice NN X I-Skill
. . X O
If IN X O

you PRP X O
would MD X O
like VB X O
to TO X O
be VB X O
considered VBN X O
for IN X O
this DT X O
role NN X O
then RB X O
please VB X O
send VB X O
an DT X O
updated JJ X O
CV NNP X O
to TO X O
url VB X O
removed VBN X O
or CC X O
call VB X O
Katherine NNP X O
Oxlade NNP X O
on IN X O
Apply NNP X O
online MD X O
only RB X O
. . X O
This DT X O

is VBZ X O
a DT X O
fabulous JJ X O
opportunity NN X O
to TO X O
join VB X O
this DT X O
highly RB X O
successful JJ X O
agency NN X O
that WDT X O
works VBZ X O
within IN X O
exciting VBG X O
music NN X B-Domain
, , X O
digital JJ X B-Domain
, , X I-Domain
events NNS X I-Domain
, , X O
animation NN X B-Domain
and CC X O
branding NN X B-Domain
discipline NN X O
. . X O
You PRP X O

should MD X O
have VB X O
experience NN X O
of IN X O
working VBG X B-Skill
with IN X I-Skill
an DT X I-Skill
ERP NNP X I-Skill
package NN X I-Skill
it PRP X O
does VBZ X O
not RB X O
matter VB X O
which WDT X O
one CD X O
but CC X O
could MD X O
include VB X O
SAP NNP X B-Skill
, , X O
Sage NNP X B-Skill
, , X O
Epicor NNP X B-Skill
, , X O
Oracle NNP X B-Skill
, , X O
Netsuite NNP X B-Skill
, , X O
Infor NNP X B-Skill
, , X O
MS NNP X B-Skill
Dynamics NNP X I-Skill
NAV NNP X I-Skill
, , X O
etc NN X O
. . X O
Ideally RB X O

you PRP X O
will MD X O
have VB X O
worked VBN X O
in IN X O
a DT X O
hotel NN X O
environment NN X O
at IN X O
4 CD X O
star NN X O
level NN X O
and CC X O
be VB X O
looking VBG X O
for IN X O
your PRP$ X O
next JJ X O
step NN X O
. . X O
In IN X O

the DT X O
current JJ X O
competitive JJ X O
marketplace NN X O
, , X O
they PRP X O
have VBP X O
focused VBN X O
on IN X O
its PRP$ X O
clear JJ X O
strength NN X O
in IN X O
providing VBG X B-Skill
shoppers NNS X I-Skill
with IN X I-Skill
an DT X I-Skill
easy JJ X I-Skill
alternative NN X I-Skill
to TO X I-Skill
their PRP$ X I-Skill
competition NN X I-Skill
whilst IN X I-Skill
maintaining VBG X I-Skill
its PRP$ X I-Skill
commitment NN X I-Skill
to TO X I-Skill
fresh JJ X I-Skill
quality NN X I-Skill
foods NNS X I-Skill
and CC X I-Skill
fast RB X I-Skill
, , X I-Skill
friendly JJ X I-Skill
service NN X I-Skill
. . X O
Please NNP X O

send VB X O
your PRP$ X O
updated JJ X O
CV NNPS X O
to TO X O
or CC X O
call VB X O
for IN X O
more JJR X O
info NN X O
Providing VBG X B-Skill

direction NN X I-Skill
and CC X I-Skill
guidance NN X I-Skill
to TO X I-Skill
Technical NNP X I-Skill
Leads NNP X I-Skill
on IN X I-Skill
projects NNS X I-Skill
as IN X O
appropriate JJ X O
including VBG X O
ensuring VBG X B-Skill
the DT X I-Skill
best JJS X I-Skill
solutions NNS X I-Skill
are VBP X I-Skill
being VBG X I-Skill
pulled VBN X I-Skill
through IN X I-Skill
and CC X O
management NN X B-Skill
of IN X I-Skill
complex JJ X I-Skill
issues NNS X I-Skill
**** JJ X O

database NN X B-Skill
and CC X I-Skill
Line NNP X I-Skill
cutting VBG X I-Skill
with IN X O
a DT X O
track NN X B-Skill
record NN X I-Skill
of IN X I-Skill
successful JJ X I-Skill
supervisory JJ X I-Skill
achievements NNS X I-Skill
. . X O
Checking VBG X B-Skill

and CC X I-Skill
validating VBG X I-Skill
any DT X I-Skill
other JJ X I-Skill
relevant JJ X I-Skill
factors NNS X I-Skill
towards NNS X I-Skill
claim NN X I-Skill
costs NNS X I-Skill
using VBG X I-Skill
available JJ X I-Skill
systems NNS X I-Skill
. . X O
This DT X O

requires VBZ X O
an DT X O
ecommerce NN X B-Occupation
expert NN X I-Occupation
who WP X O
has VBZ X O
proven VBN X O
they PRP X O
can MD X O
deliver VB X O
for IN X O
the DT X O
most RBS X O
demanding JJ X O
brands NNS X O
and CC X O
ready JJ X O
to TO X O
work VB X O
on IN X O
one CD X O
the DT X O
UK NNP X O
' POS X O
s NN X O
largest JJS X O
retail JJ X B-Domain
groups NNS X O
. . X O
The DT X O

right JJ X O
individual NN X O
will MD X O
have VB X O
solid JJ X O
experience NN X B-Skill
in IN X I-Skill
the DT X I-Skill
application NN X I-Skill
and CC X I-Skill
implementation NN X I-Skill
of IN X I-Skill
lean JJ X I-Skill
tools NNS X I-Skill
and CC X I-Skill
techniques NNS X I-Skill
within IN X I-Skill
a DT X I-Skill
manufacturing NN X I-Skill
environment NN X I-Skill
, , X O
ideally RB X O
FMCG NNP X B-Skill
. . X O
This DT X O

will MD X O
include VB X O
training NN X B-Domain
, , X O
learning VBG X B-Domain
and CC X O
development NN X B-Domain
and CC X O
career NN X B-Domain
progression NN X I-Domain
of IN X O
our PRP$ X O
people NNS X O
. . X O
Attend NNP X B-Skill

progress NN X I-Skill
meetings NNS X I-Skill
with IN X O
Internal NNP X O
and CC X O
External NNP X O
Clients NNP X O
and CC X O
deliver VB X B-Skill
presentations NNS X I-Skill
on IN X I-Skill
project NN X I-Skill
progress NN X I-Skill
. . X O
only RB X O

for IN X O
more JJR X O
details NNS X O
KEYWORDS NNP X O
Support NNP X B-Occupation
Analyst NNP X I-Occupation
, , X O
Support NNP X B-Occupation
Consultant NNP X I-Occupation
, , X O
Helpdesk NNP X B-Skill
, , X O
Service NNP X B-Skill
Desk NNP X I-Skill
, , X O
1st CD X O
line NN X O
, , X O
2nd CD X O
line NN X O
, , X O
3rd CD X O
line NN X O
, , X O
support NN X B-Occupation
engineer NN X I-Occupation
, , X O
VMWare NNP X B-Skill
, , X O
HyperV NNP X B-Skill
, , X O
Xen NNP X B-Skill
, , X O
Windows NNP X B-Skill
, , X O
Exchange NNP X B-Skill
, , X O
network NN X B-Skill
topology NN X I-Skill
, , X O
Central NNP X O
London NNP X O
, , X O
City NNP X O
, , X O
City NNP X O
of IN X O
London NNP X O
Operational NNP X O

develop NN X B-Skill
relationship NN X I-Skill
with IN X I-Skill
key JJ X I-Skill
clients NNS X I-Skill
, , X O
capitalise NN X B-Skill
on IN X I-Skill
the DT X I-Skill
existing VBG X I-Skill
contacts NNS X I-Skill
to TO X I-Skill
develop VB X I-Skill
business NN X I-Skill
further RB X I-Skill
Spire NNP X O

Healthcare NNP X B-Domain
offers VBZ X O
treatment NN X B-Skill
for IN X O
private JJ X O
patients NNS X O
, , X O
funded VBN X O
by IN X O
health NN X O
insurance NN X O
, , X O
those DT X O
choosing VBG X O
to TO X O
pay VB X O
for IN X O
themselves PRP X O
and CC X O
NHS NNP X O
patients NNS X O
under IN X O
the DT X O
government NN X O
' POS X O
s NNS X O
Free NNP X O
Choice NNP X O
system NN X O
. . X O
You PRP X O

may MD X O
have VB X O
had VBD X O
some DT X O
agency NN X B-Skill
/ JJ X I-Skill
client NN X I-Skill
account NN X I-Skill
management NN X I-Skill
experience NN X O
. . X O
Review NNP X B-Skill

and CC X I-Skill
endorse JJ X I-Skill
inspection NN X I-Skill
reports NNS X I-Skill
to TO X O
ensure VB X O
they PRP X O
comply VBP X O
with IN X O
Client NNP X O
and CC X O
their PRP$ X O
General JJ X O
Practices NNPS X O
. . X O
Excellent JJ X O

organizational JJ X B-Skill
skills NNS X I-Skill
Able JJ X O
to TO X O
prioritise VB X B-Skill
workloads NNS X I-Skill
and CC X O
multitask NN X B-Skill
Able NNP X O
to TO X O
work VB X B-Skill
within IN X I-Skill
a DT X I-Skill
small JJ X I-Skill
and CC X I-Skill
progressive JJ X I-Skill
business NN X I-Skill
Able NNP X O
to TO X O
work VB X B-Skill
on IN X I-Skill
your PRP$ X I-Skill
own JJ X I-Skill
Creative JJ X I-Skill
and CC X O
proactive JJ X B-Skill
approach NN X I-Skill
Confident NNP X I-Skill
and CC X O
bring VB X B-Skill
ideas NNS X I-Skill
to TO X O
the DT X O
business NN X O
Reliable NNP X B-Skill
and CC X O
trustworthy VB X B-Skill
Must RB X O

be VB X O
a DT X O
strong JJ X O
man NN X O
manager NN X B-Occupation
who WP X O
is VBZ X O
commercially RB X B-Skill
focussed VBN X I-Skill
and CC X O
from IN X O
a DT X O
food NN X B-Domain
distribution NN X I-Domain
/ NNP X I-Domain
food NN X I-Domain
service NN X I-Domain
background NN X O
. . X O
Knowledge NNP X O

of IN X O
using VBG X O
SAP NNP X B-Skill
and CC X O
Hyperion NNP X B-Skill
systems NNS X I-Skill
would MD X O
be VB X O
advantageous JJ X O
but CC X O
is VBZ X O
not RB X O
essential JJ X O
. . X O
Key NNP X O

skills NNS X O
for IN X O
this DT X O
position NN X O
are VBP X O
: : X O
Ability NN X B-Skill
to TO X I-Skill
fully RB X I-Skill
maintain VB X I-Skill
all DT X I-Skill
ISO NNP X I-Skill
Quality NNP X I-Skill
, , X O
Environmental NNP X B-Skill
and CC X I-Skill
HSE NNP X I-Skill
standards NNS X I-Skill
Strong NNP X O
Process NNP X B-Skill
and CC X I-Skill
Auditing NNP X I-Skill
skills NNS X I-Skill
Strong NNP X O
Engineering NNP X B-Skill
knowledge NN X I-Skill
to TO X I-Skill
maintain VB X I-Skill
and CC X I-Skill
implement VB X I-Skill
Best NNP X I-Skill
in IN X I-Skill
Class NNP X I-Skill
Processes NNP X I-Skill
Process NNP X I-Skill
Focused VBD X I-Skill
and CC X I-Skill
Customer NNP X I-Skill
The DT X O

level NN X O
of IN X O
complexity NN X O
of IN X O
dishes NNS X O
prepared VBN X O
will MD X O
be VB X O
dependent JJ X O
upon IN X O
the DT X O
level NN X O
of IN X O
training VBG X O
undertaken JJ X O
and CC X O
completed VBN X O
. . X O
Applicants NNS X O

must MD X O
have VB X O
an DT X O
existing VBG X O
database NN X O
generating VBG X O
some DT X O
annual JJ X O
revenue NN X O
to TO X O
be VB X O
considered VBN X O
. . X O
All DT X O

staff NN X O
are VBP X O
expected VBN X O
to TO X O
care VB X B-Skill
for IN X I-Skill
our PRP$ X I-Skill
customers NNS X I-Skill
in IN X O
a DT X O
friendly JJ X B-Skill
, , X O
efficient JJ X B-Skill
and CC X O
professional JJ X B-Skill
manner NN X O
at IN X O
all DT X O
times NNS X O
. . X O
. . X O
This DT X O

is VBZ X O
one CD X O
of IN X O
the DT X O
best JJS X O
agency NN X O
side NN X O
opportunities NNS X O
seen VBN X O
in IN X O
a DT X O
long JJ X O
time NN X O
as IN X O
you PRP X O
will MD X O
have VB X O
the DT X O
opportunity NN X O
to TO X O
direct VB X B-Skill
this DT X I-Skill
agency NN X I-Skill
' POS X I-Skill
s NN X I-Skill
flaghship NN X I-Skill
client NN X I-Skill
one CD X O
of IN X O
the DT X O
UK NNP X O
' POS X O
s NN X O
largest JJS X O
online NN X B-Occupation
shopping VBG X I-Occupation
retailers NNS X I-Occupation
selling VBG X O
53 CD X O
million CD X O
items NNS X O
annually RB X O
. . X O
You PRP X O

must MD X O
have VB X O
experience NN X B-Skill
at IN X I-Skill
managerial JJ X I-Skill
level NN X I-Skill
within IN X O
the DT X O
Children NNP X B-Domain
with IN X I-Domain
Disabilities NNP X I-Domain
team NN X O
. . X O
You PRP X O

will MD X O
be VB X O
required VBN X O
to TO X O
build VB X B-Skill
exceptional JJ X I-Skill
relationships NNS X I-Skill
with IN X I-Skill
key JJ X I-Skill
stakeholders NNS X I-Skill
, , X O
plus CC X O
keep VB X B-Skill
in IN X I-Skill
regular JJ X I-Skill
contact NN X I-Skill
and CC X I-Skill
understand VB X I-Skill
the DT X I-Skill
needs NNS X I-Skill
and CC X I-Skill
objectives NNS X I-Skill
of IN X I-Skill
your PRP$ X I-Skill
clients NNS X I-Skill
. . X O
Alternatively RB X O

, , X O
you PRP X O
can MD X O
call VB X O
the DT X O
Human NNP X O
Resources NNPS X O
Department NNP X O
on IN X O
SIEM NNP X O

/ NNP X O
Intelligent NNP X O
/ NNP X O
Unified NNP X O
Security NNP X O
/ VBP X O
IT NNP X O
Security NNP X O
Regional NNP X B-Occupation
Sales NNS X I-Occupation
Manager NNP X I-Occupation
UK NNP X O
based VBN X O
and CC X O
covering VBG X O
Belgium NNP X O
, , X O
France NNP X O
, , X O
Luxemburg NNP X O
Also RB X O
for IN X O
the DT X O
right JJ X O
candidate NN X O
this DT X O
could MD X O
spread VB X O
to TO X O
Spain NNP X O
and CC X O
Italy NNP X O
Based VBD X O
on IN X O
outstanding JJ X O
success NN X O
this DT X O
leading VBG X O
player NN X O
in IN X O
the DT X O
world NN X O
of IN X O
SIEM NNP X O
/ NNP X O
Intelligent NNP X O
/ NNP X O
Unified NNP X O
Security NNP X O
is VBZ X O
looking VBG X O
to TO X O
strengthen VB X O
their PRP$ X O
team NN X O
by IN X O
hiring VBG X O
a DT X O
Regional JJ X B-Occupation
Sales NNS X I-Occupation
Manager NNP X I-Occupation
to TO X O
cover VB X O
Belgium NNP X O
, , X O
France NNP X O
Luxemburg NNP X O
initially RB X O
but CC X O
probably RB X O
spreading VBG X O
to TO X O
Spain NNP X O
and CC X O
Italy NNP X O
With IN X O
their PRP$ X O
awardwinning VBG X O
enterpriseclass NN X O
software NN X O
solutions NNS X O
If IN X O

you PRP X O
have VBP X O
2 CD X B-Experience
years NNS X I-Experience
commercial JJ X O
. . X B-Skill
NET JJ X I-Skill
, , X O
C NNP X B-Skill
, , X O
ASP NNP X B-Skill
. . X I-Skill
Net NNP X I-Skill
software NN X O
development NN X O
experience NN X O
and CC X O
you PRP X O
are VBP X O
interested JJ X O
in IN X O
a DT X O
new JJ X O
position NN X O
in IN X O
Aberdeen NNP X O
please NN X O
apply NN X O
. . X O
Lead JJ X B-Skill

generation NN X I-Skill
and CC X I-Skill
development NN X I-Skill
Conduct NNP X I-Skill
and CC X I-Skill
review VB X I-Skill
suitable JJ X I-Skill
advertising NN X I-Skill
campaigns NNS X I-Skill
Maintain NNP X I-Skill
and CC X I-Skill
service VB X I-Skill
a DT X I-Skill
roster NN X I-Skill
of IN X I-Skill
Owners NNP X I-Skill
Operators NNP X I-Skill
/ NNP X I-Skill
Drivers NNP X I-Skill
to TO X I-Skill
maximize VB X I-Skill
the DT X I-Skill
profitability NN X I-Skill
and CC X I-Skill
encourage VB X I-Skill
growth NN X I-Skill
of IN X I-Skill
the DT X I-Skill
fleet NN X I-Skill
Represent NNP X I-Skill
the DT X I-Skill
Company NNP X I-Skill
with IN X I-Skill
Integrity NNP X I-Skill
and CC X I-Skill
Professionalism NNP X I-Skill
Conduct NNP X I-Skill
interviews NNS X I-Skill
and CC X I-Skill
ensure VB X I-Skill
completion NN X I-Skill
of IN X I-Skill
necessary JJ X I-Skill
paperwork NN X I-Skill
. . X O
The DT X O

ability NN X O
to TO X O
work VB X B-Skill
alone RB X I-Skill
and CC X I-Skill
as IN X I-Skill
an DT X I-Skill
integrated JJ X I-Skill
member NN X I-Skill
of IN X I-Skill
the DT X I-Skill
field NN X I-Skill
research NN X I-Skill
group NN X I-Skill
is VBZ X O
essential JJ X O
. . X O
As RB X O

well RB X O
as IN X O
good JJ X O
care NN X O
quality NN X O
reports NNS X O
, , X O
the DT X O
home NN X O
boasts VBZ X O
a DT X O
comforting NN X O
and CC X O
caring NN X O
atmosphere RB X O
for IN X O
the DT X O
elderly JJ X O
and CC X O
mentally RB X O
infirm JJ X O
patients NNS X O
that IN X O
it PRP X O
accommodates VBZ X O
. . X O
A DT X O

good JJ X O
understanding NN X O
of IN X O
IT NNP X B-Skill
Technical NNP X I-Skill
terms NNS X I-Skill
would MD X O
be VB X O
an DT X O
advantage NN X O
and CC X O
having VBG X O
previous JJ X O
working VBG X O
knowledge NN X O
of IN X O
a DT X O
Service NNP X B-Skill
Desk NNP X I-Skill
computer NN X I-Skill
system NN X I-Skill
would MD X O
be VB X O
beneficial JJ X O
. . X O
Demonstrate NNP X O

an DT X O
appropriate JJ X O
level NN X O
of IN X O
knowledge NN X O
and CC X O
understanding VBG X O
with IN X O
practical JJ X O
knowledge NN X O
of IN X O
the DT X O
following JJ X O
areas NNS X O
: : X B-Skill
TSQL NNP X I-Skill
, , X O
SSIS NNP X B-Skill
, , X O
SSRS NNP X B-Skill
, , X O
SSAS NNP X B-Skill
Key NNP X O

responsibilities NNS X O
will MD X O
include VB X O
: : X O
Develop VB X B-Skill
the DT X I-Skill
annual JJ X I-Skill
Marketing NN X I-Skill
and CC X I-Skill
Sales NNS X I-Skill
Support NNP X I-Skill
Plan NN X I-Skill
. . X O
Experienced NNP X B-Skill

in IN X O
Systems NNP X B-Skill
Integration NNP X I-Skill
and CC X O
Web NNP X B-Skill
Services NNP X I-Skill
, , X O
XML NNP X B-Skill
and CC X O
XSLT NNP X B-Skill
? . X O
Experience NN X B-Skill

of IN X I-Skill
using VBG X I-Skill
computer NN X I-Skill
systems NNS X I-Skill
Please NNP X O
only RB X O
apply VB X O
for IN X O
this DT X O
position NN X O
, , X O
if IN X O
you PRP X O
have VBP X O
the DT X O
necessary JJ X O
experience NN X O
for IN X O
this DT X O
role NN X O
Please NNP X O
forward RB X O
all DT X O
CV NNP X O
' POS X O
s NN X O
in IN X O
word NN X O
format NN X O
, , X O
any DT X O
application NN X O
without IN X O
a DT X O
CV NNP X O
in IN X O
word NN X O
format NN X O
will MD X O
be VB X O
rejected VBN X O
Training NNP X O
in IN X O
the DT X O
role NN X O
will MD X O
be VB X O
provided VBN X O
You PRP X O

may MD X O
have VB X O
worked VBN X O
in IN X O
a DT X O
similar JJ X O
role NN X O
within IN X O
large JJ X O
corporate JJ X O
organisation NN X O
. . X O
This DT X O

organisation NN X O
require VB X O
a DT X O
HR NNP X B-Occupation
professional NN X I-Occupation
who WP X O
is VBZ X O
looking VBG X O
to TO X O
make VB X O
the DT X O
natural JJ X O
career NN X O
progression NN X O
into IN X O
a DT X O
Business NNP X B-Occupation
Partnering NNP X I-Occupation
position NN X O
. . X O
are VBP X O

met VBN X O
Working VBG X O
with IN X O
the DT X O
Marketing NNP X B-Occupation
Manager NNP X I-Occupation
to TO X O
provide VB X O
data NNS X B-Skill
driven RB X I-Skill
insight VBP X I-Skill
around RB X O
creative JJ X O
and CC X O
assisting VBG X O
in IN X O
the DT X O
enhancement NN X O
of IN X O
campaigns NNS X O
by IN X O
testing VBG X B-Skill
challenger NN X I-Skill
creative NN X I-Skill
. . X O
Ideally RB X O

you PRP X O
will MD X O
have VB X O
experience NN X B-Skill
within IN X I-Skill
this DT X I-Skill
field NN X I-Skill
with IN X O
a DT X O
real JJ X B-Skill
motivation NN X I-Skill
to TO X I-Skill
provide VB X I-Skill
high JJ X I-Skill
quality NN X I-Skill
therapeutic JJ X I-Skill
care NN X I-Skill
, , X I-Skill
treatment NN X I-Skill
and CC X I-Skill
education NN X I-Skill
for IN X O
severely RB X O
emotionally RB X O
troubled JJ X O
and CC X O
traumatised JJ X O
children NNS X O
and CC X O
young JJ X O
people NNS X O
. . X O
Experience NN X O

of IN X O
PHP NNP X B-Skill
frameworks NNS X I-Skill
preferably RB X O
Zend VBP X B-Skill
Understanding VBG X O
of IN X O
MVC NNP X B-Skill
architecture NN X I-Skill
The DT X O

successful JJ X O
candidate NN X O
will MD X O
be VB X O
involved VBN X O
in IN X O
delivering VBG X B-Skill
a DT X I-Skill
range NN X I-Skill
of IN X I-Skill
projects NNS X I-Skill
aiming VBG X O
to TO X O
increase VB X B-Skill
revenue NN X I-Skill
generation NN X I-Skill
and CC X O
reduce VB X B-Skill
manually RB X I-Skill
intensive JJ X I-Skill
business NN X I-Skill
processes NNS X I-Skill
within IN X O
the DT X O
lifecycle NN X O
of IN X O
a DT X O
Structured NNP X O
Note NNP X O
. . X O
We PRP X O

specialise VBP X O
in IN X O
graduate NN X B-Skill
assessment NN X I-Skill
, , X O
placement NN X B-Skill
and CC X O
sales NNS X B-Skill
training NN X I-Skill
. . X O
In IN X O

respect NN X O
of IN X O
the DT X O
above JJ X O
role NN X O
s NN X O
, , X O
Prime NNP X O
Time NNP X O
Recruitment NNP X O
Limited NNP X O
operates VBZ X O
as IN X O
an DT X O
Employment NNP X O
Agency NNP X O
as IN X O
defined VBN X O
under IN X O
the DT X O
Employment NNP X O
Agencies NNP X O
Act NNP X O
Working VBG X O

for IN X O
a DT X O
Steel NNP X O
and CC X O
Fabrication NNP X O
Company NNP X O
in IN X O
a DT X O
mainly RB X O
male JJ X O
environment NN X O
. . X O
Child NNP X B-Domain

Protection NNP X I-Domain
| NNP X O
Qualified NNP X B-Qualification
Social NNP X I-Qualification
Worker NNP X I-Qualification
| NNP X O
Barnsley NNP X O
Currently NNP X O
seeking VBG X O
a DT X O
Qualified NNP X B-Qualification
Social NNP X I-Qualification
Worker NNP X I-Qualification
Child NNP X B-Domain
Protection NNP X I-Domain
in IN X O
Barnsley NNP X O
. . X O
To TO X O

apply VB X O
please VB X O
forward RB X O
your PRP$ X O
current JJ X O
CV NNP X O
to TO X O
url VB X O
removed VBN X O
quoting VBG X O
reference NN X O
: : X O
A DT X O

tender NN X B-Occupation
/ NN X I-Occupation
proposals NNS X I-Occupation
coordinator NN X I-Occupation
is VBZ X O
required VBN X O
for IN X O
a DT X B-Domain
oil NN X I-Domain
& CC X I-Domain
gas NN X I-Domain
company NN X O
focussed VBD X O
on IN X O
the DT X O
subsea NN X O
sector NN X O
. . X O
**** JJ X O

Coordinate NNP X B-Skill
the DT X I-Skill
teams NNS X I-Skill
relationships VBP X I-Skill
with IN X I-Skill
key JJ X I-Skill
clients NNS X I-Skill
, , X O
developing VBG X B-Skill
business NN X I-Skill
relationships NNS X I-Skill
Continual NNP X O

development NN X O
and CC X O
support NN X O
will MD X O
always RB X O
be VB X O
given VBN X O
to TO X O
nuture VB X O
future JJ X O
talent NN X O
within IN X O
the DT X O
business NN X O
. . X O
Please VB X O

visit VB X O
our PRP$ X O
website NN X O
to TO X O
find VB X O
out RP X O
more RBR X O
about IN X O
us PRP X O
. . X O
and CC X O

the DT X O
role NN X O
is VBZ X O
based VBN X O
in IN X O
Osterley NNP X O
, , X O
West NNP X O
London NNP X O
. . X O
A DT X O

shopper JJ X O
marketing NN X O
agency NN X O
in IN X O
central JJ X O
London NNP X O
is VBZ X O
in IN X O
need NN X O
of IN X O
a DT X O
super JJ X O
driven NN X B-Skill
and CC X I-Skill
ambitious JJ X I-Skill
Creative NNP X B-Occupation
Services NNPS X I-Occupation
Manager NNP X I-Occupation
to TO X O
start VB X O
asap NN X O
. . X O
Undertake NNP X B-Skill

such JJ X I-Skill
other JJ X I-Skill
kitchen NN X I-Skill
duties NNS X I-Skill
as IN X I-Skill
may MD X I-Skill
be VB X I-Skill
assigned VBN X I-Skill
by IN X O
the DT X O
Head NNP X B-Occupation
Chef NNP X I-Occupation
in IN X O
the DT X O
interest NN X B-Skill
of IN X I-Skill
efficient JJ X I-Skill
kitchen NN X I-Skill
operations NNS X I-Skill
and CC X I-Skill
the DT X I-Skill
excellence NN X I-Skill
of IN X I-Skill
its PRP$ X I-Skill
products NNS X I-Skill
. . X O
The DT X O

firm NN X O
and CC X O
culture NN X O
offer VBP X O
genuine JJ X O
career NN X O
progression NN X O
and CC X O
development NN X O
prospects NNS X O
for IN X O
individuals NNS X O
looking VBG X O
to TO X O
develop VB X B-Skill
further JJ X I-Skill
skills NNS X I-Skill
and CC X O
gain NN X B-Skill
greater JJR X I-Skill
responsibility NN X I-Skill
and CC X O
develop VB X B-Skill
their PRP$ X I-Skill
careers NNS X I-Skill
. . X O
As IN X O

an DT X O
experienced JJ X B-Skill
Business NNP X B-Occupation
Analyst NNP X I-Occupation
you PRP X O
will MD X O
have VB X O
excellent JJ X O
demonstrable JJ X B-Skill
experience NN X I-Skill
of IN X O
the DT X O
following NN X O
: : X O
Excellent JJ X O
Requirements NNS X B-Skill
Gathering NNP X I-Skill
, , X I-Skill
Business NNP X I-Skill
Engagement NNP X I-Skill
and CC X I-Skill
Business NNP X I-Skill
Proces NNP X I-Skill
Skills NNP X I-Skill
This DT X O

is VBZ X O
an DT X O
average JJ X O
sized JJ X O
Secondary JJ X O
School NNP X O
, , X O
with IN X O
around IN X O
yn NN X O

dibynnu NN X O
ar NN X O
allu NN X O
, , X O
profiad VB X O
a DT X O
dyletswyddau NN X O
penodol NN X O
Rydym NNP X O
yn NNP X O
dymuno NN X O
penodi NN X O
cyfieithwyr NN X O
The DT X O

successful JJ X O
applicant NN X O
will MD X O
possess VB X O
the DT X O
following JJ X O
criteria NNS X O
: : X O
Experience NN X O
of IN X O
working VBG X O
within IN X O
a DT X O
customer NN X B-Skill
service NN X I-Skill
, , X O
help VB X B-Skill
desk NN X I-Skill
or CC X I-Skill
call VB X I-Skill
centre JJ X I-Skill
role NN X I-Skill
, , X O
involving VBG X O
extensive JJ X O
telephone NN X O
liaison NN X O
. . X O
Successful JJ X O

applicants NNS X O
for IN X O
the DT X O
Internal NNP X B-Occupation
Auditor NNP X I-Occupation
post NN X O
will MD X O
be VB X O
qualified JJ X O
accountants NNS X B-Occupation
, , X O
auditors NNS X B-Occupation
or CC X O
come VBN X O
with IN X O
extensive JJ X O
knowledge NN X B-Skill
of IN X I-Skill
the DT X I-Skill
INGO NNP X I-Skill
sector NN X I-Skill
. . X O
This DT X O

is VBZ X O
an DT X O
excellent JJ X O
opportunity NN X O
for IN X O
someone NN X O
with IN X O
experience NN X B-Skill
of IN X I-Skill
tenders NNS X I-Skill
/ VBP X I-Skill
proposals NNS X I-Skill
in IN X I-Skill
any DT X I-Skill
sector NN X I-Skill
looking VBG X O
to TO X O
specialise VB X O
, , X O
as IN X O
the DT X O
hiring NN X B-Occupation
manager NN X I-Occupation
is VBZ X O
very RB X O
proactive JJ X O
in IN X O
developing VBG X O
his PRP$ X O
team NN X O
. . X O
The DT X O

role NN X O
will MD X O
be VB X O
based VBN X O
on IN X O
their PRP$ X O
frontline JJ X O
Reception NNP X O
desk NN X O
and CC X O
will MD X O
include VB X O
: : X O
Meeting NN X B-Skill
and CC X I-Skill
greeting VBG X I-Skill
all DT X I-Skill
customers NNS X I-Skill
/ VBP X I-Skill
clients NNS X I-Skill
Answering VBG X O
Experience NN X O

of IN X O
implementing VBG X B-Skill
new JJ X I-Skill
processes NNS X I-Skill
to TO X O
develop VB X O
a DT X O
company NN X O
s NN X O
efficiency NN X O
and CC X O
performance NN X O
. . X O
Java NNP X B-Skill

, , X O
Spring NNP X B-Skill
, , X O
Hibernate NNP X B-Skill
, , X O
HTML NNP X B-Skill
, , X O
CSS NNP X B-Skill
, , X O
Javascript NNP X B-Skill
, , X O
Agile NNP X B-Skill
, , X O
JUnit NNP X B-Skill
, , X O
Selenium NNP X B-Skill
, , X O
Ant NNP X B-Skill
, , X O
Apache NNP X B-Skill
, , X O
Our PRP$ X O
client NN X O
are VBP X O
one CD X O
of IN X O
the DT X O
UKs NNP X O
Top NNP X B-Domain
10 CD X I-Domain
largest JJS X I-Domain
websites VBZ X I-Domain
a DT X O
household NN X O
name NN X O
and CC X O
a DT X O
a DT X O
SUPERB JJ X O
place NN X O
in IN X O
which WDT X O
to TO X O
work VB X O
and CC X O
develop VB X O
your PRP$ X O
career NN X O
. . X O
History NN X O

working VBG X B-Skill
both DT X I-Skill
independently RB X I-Skill
and CC X I-Skill
as IN X I-Skill
a DT X I-Skill
member NN X I-Skill
of IN X I-Skill
a DT X I-Skill
crossfunctional JJ X I-Skill
team NN X I-Skill
on IN X I-Skill
multiple JJ X I-Skill
concurrent JJ X I-Skill
projects NNS X I-Skill
. . X O
This DT X O

pub NN X O
is VBZ X O
already RB X O
in IN X O
the DT X O
AA NNP X O
good JJ X O
food NN X O
guide NN X O
and CC X O
makes VBZ X O
all DT X O
food NN X O
in IN X O
house NN X O
, , X O
so IN X O
this DT X O
is VBZ X O
an DT X O
extremely RB X O
attractive JJ X O
job NN X O
for IN X O
somebody NN X O
who WP X O
wants VBZ X O
to TO X O
learn VB X O
from IN X O
the DT X O
best JJS X O
and CC X O
progress NN X O
professionally RB X O
. . X O
You PRP X O

could MD X O
be VB X O
a DT X O
department NN X B-Occupation
manager NN X I-Occupation
within IN X O
a DT X O
large JJ X O
environment NN X O
or CC X O
a DT X O
deputy JJ X B-Occupation
manager NN X I-Occupation
or CC X O
assistant NN X B-Occupation
manager NN X I-Occupation
or CC X O
supervisor NN X B-Occupation
just RB X O
itching VBG X O
to TO X O
take VB X B-Skill
accountability NN X I-Skill
with IN X I-Skill
the DT X I-Skill
Store NNP X B-Occupation
Manager NNP X I-Occupation
of IN X O
the DT X O
store NN X O
. . X O
The DT X O

role NN X O
will MD X O
involve VB X O
supporting VBG X B-Skill
, , X I-Skill
training NN X I-Skill
and CC X I-Skill
developing VBG X I-Skill
users NNS X I-Skill
to TO X O
gain VB X O
maximum JJ X O
benefit NN X O
from IN X O
the DT X O
system NN X O
. . X O
You PRP X O

must MD X O
ensure VB X B-Skill
all DT X I-Skill
Training NNP X I-Skill
Development NNP X I-Skill
processes NNS X I-Skill
are VBP X I-Skill
planned VBN X I-Skill
and CC X I-Skill
coordinated VBN X I-Skill
effectively RB X I-Skill
. . X O
In IN X O

return NN X O
you PRP X O
will MD X O
receive VB X O
a DT X O
good JJ X O
salary NN X O
, , X O
benefits NNS X O
package NN X O
, , X O
full JJ X O
medical JJ X O
package NN X O
and CC X O
a DT X O
good JJ X O
bonus NN X O
scheme NN X O
. . X O
You PRP X O

ll VBP X O
drive JJ X B-Skill
focused JJ X I-Skill
improvements NNS X I-Skill
in IN X I-Skill
asset NN X I-Skill
performance NN X I-Skill
ll NN X O
be VB X O
responsible JJ X O
for IN X O
ensuring VBG X B-Skill
that IN X I-Skill
the DT X I-Skill
parts NNS X I-Skill
required VBN X I-Skill
for IN X I-Skill
operational JJ X I-Skill
and CC X I-Skill
planned VBN X I-Skill
overhauls NNS X I-Skill
are VBP X I-Skill
added VBN X I-Skill
correctly RB X I-Skill
to TO X I-Skill
the DT X I-Skill
stores NNS X I-Skill
stock NN X I-Skill
and CC X O
that IN X O
the DT X O
planned JJ X B-Skill
maintenance NN X I-Skill
is VBZ X I-Skill
delivered VBN X I-Skill
. . X O
The DT X O

main JJ X O
skills NNS X O
you PRP X O
will MD X O
get VB X O
to TO X O
use VB X O
in IN X O
this DT X O
role NN X O
are VBP X O
: : X O
C NNP X B-Skill
, , X O
LINQ NNP X B-Skill
, , X O
WCF NNP X B-Skill
, , X O
ASP NNP X B-Skill
. . X I-Skill
net NN X I-Skill
MVC NN X I-Skill
For IN X O

a DT X O
confidential JJ X O
discussion NN X O
regarding VBG X O
the DT X O
Registered NNP X B-Occupation
General NNP X I-Occupation
Nurse NNP X I-Occupation
RGN NNP X O
role NN X O
and CC X O
others NNS X O
we PRP X O
are VBP X O
currently RB X O
recruiting VBG X O
for IN X O
, , X O
please VB X O
forward RB X O
an DT X O
uptodate JJ X O
CV NNP X O
to TO X O
your PRP$ X O
merricknursesetc NN X O
. . X O
co NN X O
. . X O
uk NN X O
ICS NNP X O

Recruitment NNP X O
operates VBZ X O
as IN X O
a DT X O
Recruitment NNP X O
Agency NNP X O
in IN X O
providing VBG X O
permanent JJ X O
jobseeking NN X O
services NNS X O
and CC X O
as IN X O
a DT X O
Recruitment NNP X O
Business NNP X O
in IN X O
providing VBG X O
temporary JJ X O
or CC X O
contract NN X O
jobseeking NN X O
services NNS X O
. . X O
KPI NNP X O

s NN X O
are VBP X O
over IN X O
achieved JJ X O
Create NNP X B-Skill
a DT X I-Skill
department NN X I-Skill
with IN X I-Skill
its PRP$ X I-Skill
own JJ X I-Skill
identity NN X I-Skill
, , X O
hardworking VBG X B-Skill
and CC X O
enthusiastic JJ X B-Skill
at IN X O
all DT X O
times NNS X O
. . X O
Always RB X O

be VB X B-Skill
a DT X I-Skill
point NN X I-Skill
of IN X I-Skill
contact NN X I-Skill
to TO X I-Skill
assist VB X I-Skill
with IN X I-Skill
any DT X I-Skill
problems NNS X I-Skill
or CC X I-Skill
issues NNS X I-Skill
that WDT X I-Skill
may MD X I-Skill
arise VB X I-Skill
and CC X O
see VB X B-Skill
all DT X I-Skill
through IN X I-Skill
to TO X I-Skill
satisfactory JJ X I-Skill
completion NN X I-Skill
in IN X I-Skill
a DT X I-Skill
professional JJ X I-Skill
and CC X I-Skill
sincere JJ X I-Skill
manor NN X I-Skill
. . X O
**** JJ X O

homes NNS X O
across IN X O
their PRP$ X O
two CD X O
strong JJ X O
brands NNS X O
, , X O
Barratt NNP X O
and CC X O
David NNP X O
Wilson NNP X O
. . X O
Lead NN X B-Skill

, , X O
facilitate NN X B-Skill
and CC X O
participate VB X B-Skill
in IN X I-Skill
staff NN X I-Skill
meetings NNS X I-Skill
, , X O
residents NNS X B-Skill
meetings NNS X I-Skill
, , X O
staff NN X B-Skill
training NN X I-Skill
and CC X O
development NN X B-Skill
activities NNS X I-Skill
We PRP X O

work VBP X O
hard RB X O
to TO X O
meet VB X O
the DT X O
varying VBG X O
needs NNS X O
of IN X O
all DT X O
our PRP$ X O
learners NNS X B-Occupation
. . X O
To TO X O

be VB X O
successful JJ X O
in IN X O
this DT X O
role NN X O
you PRP X O
must MD X O
Be VB X O
customer NN X B-Skill
focused VBD X I-Skill
In IN X O

addition NN X O
understanding VBG X O
the DT X O
business NN X B-Skill
impact NN X I-Skill
of IN X I-Skill
changes NNS X I-Skill
, , X O
and CC X O
working VBG X B-Skill
with IN X I-Skill
the DT X I-Skill
project NN X I-Skill
stakeholders VBZ X I-Skill
to TO X O
ensure VB X O
the DT X O
project NN X O
is VBZ X O
successfully RB X O
transitioned VBN X O
into IN X O
the DT X O
operational JJ X B-Domain
environment NN X I-Domain
You PRP X O

would MD X O
work VB X O
on IN X O
Retail JJ X B-Domain
, , X O
Automotive NNP X B-Domain
, , X O
Financial NNP X B-Domain
and CC X O
Pharmaceutical NNP X B-Domain
and CC X O
loads NNS X O
of IN X O
other JJ X O
client NN X O
industries NNS X O
You PRP X O
would MD X O
work VB X O
Monday NNP X O
to TO X O
Friday NNP X O
You PRP X O

also RB X O
be VB X O
a DT X O
driver NN X O
with IN X O
your PRP$ X O
own JJ X O
car NN X O
due JJ X O
to TO X O
location NN X O
. . X O
With IN X O

excellent JJ X O
business NN X B-Skill
acumen NNS X I-Skill
, , X O
attention NN X B-Skill
to TO X I-Skill
detail VB X I-Skill
and CC X O
an DT X O
ability NN X B-Skill
to TO X I-Skill
motivate VB X I-Skill
and CC X I-Skill
inspire VB X I-Skill
your PRP$ X I-Skill
team NN X I-Skill
with IN X O
the DT X O
support NN X O
of IN X O
the DT X O
operations NNS X B-Occupation
manager NN X I-Occupation
. . X O
Excellent JJ X O

benefits NNS X O
available JJ X O
Requirements NNS X O
for IN X O
Principle NNP X B-Occupation
Developer NNP X I-Occupation
Business NNP X I-Occupation
Intelligence NNP X I-Occupation
, , X O
SSIS NNP X B-Skill
, , X O
TSQL NNP X B-Skill
, , X O
SSRS NNP X B-Skill
: : X O
Responsible JJ X O

for IN X O
the DT X O
currentyear JJ X O
Media NNP X B-Skill
Plan NNP X I-Skill
, , X O
ensuring VBG X O
the DT X O
competing VBG X O
Calendar NNP X B-Skill
initiatives NNS X I-Skill
are VBP X O
appropriately RB X O
considered VBN X O
and CC X O
prioritised VBN X O
, , X O
ultimately RB X O
delivering VBG X B-Skill
an DT X I-Skill
optimised JJ X I-Skill
plan NN X I-Skill
that WDT X O
drives VBZ X O
sales NNS X B-Domain
and CC X O
builds VBZ X O
the DT X O
brand NN X B-Skill
image NN X I-Skill
To TO X O
apply VB X O
for IN X O
this DT X O
position NN X O
, , X O
candidates NNS X O
must MD X O
be VB X O
eligible JJ X B-Qualification
to TO X I-Qualification
live VB X I-Qualification
and CC X I-Qualification
work VB X I-Qualification
in IN X I-Qualification
the DT X I-Qualification
UK NNP X I-Qualification
Barclay NNP X O
Meade NNP X O
is VBZ X O
acting VBG X O
as IN X O
an DT X O
Employment NN X O
Business NN X O
in IN X O
relation NN X O
to TO X O
this DT X O
vacancy NN X O
. . X O
Twitter NNP X B-Skill

bootstrap NN X I-Skill
Software NNP X I-Skill
architecture NN X I-Skill
Familiarity NNP X I-Skill
with IN X I-Skill
the DT X I-Skill
hospitality NN X I-Skill
or CC X I-Skill
music NN X I-Skill
industry NN X I-Skill
Python NNP X B-Occupation
/ NNP X I-Occupation
Django NNP X I-Occupation
Developer NNP X I-Occupation
To TO X O

maintain VB X B-Skill
and CC X I-Skill
respond VB X I-Skill
to TO X I-Skill
all DT X I-Skill
dataflows NNS X I-Skill
from IN X O
Meter NNP X O
Operators NNPS X O
, , X O
Data NNP X B-Occupation
Collectors NNP X I-Occupation
, , X O
Data NNP X O
Aggregators NNP X O
and CC X O
Distribution NNP X O
companies NNS X O
within IN X O
Industry NNP X O
standard NN X O
timescales NNS X O
. . X O
ASP NNP X B-Skill

. . X I-Skill
Net NNP X I-Skill
MVC NNP X I-Skill
, , X O
C NNP X B-Skill
, , X O
. . X B-Skill
Net NN X I-Skill
, , X O
HTML NNP X B-Skill
, , X O
CSS NNP X B-Skill
, , X O
JQuery NNP X B-Skill
, , X O
ASP NNP X B-Skill
. . X I-Skill
Net NN X I-Skill
, , X O
Entity NNP X B-Skill
framework NN X I-Skill
Location NN X O
: : X O
A DT X O

new JJ X O
opportunity NN X O
has VBZ X O
arisen VBN X O
to TO X O
join VB X O
our PRP$ X O
friendly JJ X O
team NN X O
, , X O
working VBG X O
at IN X O
both DT X O
Dinwiddy NNP X O
House NNP X O
and CC X O
Paul NNP X O
Robeson NNP X O
House NNP X O
. . X O
The DT X O

market NN X O
is VBZ X O
in IN X O
its PRP$ X O
infancy NN X O
and CC X O
hence NN X O
whilst JJ X O
product NN X O
roadmaps NNS X O
need VBP X O
to TO X O
be VB X O
developed VBN X O
, , X O
the DT X O
Head NNP X B-Occupation
of IN X I-Occupation
Product NNP X I-Occupation
Management NNP X I-Occupation
needs VBZ X O
to TO X O
be VB X O
able JJ X O
to TO X O
react VB X B-Skill
quickly RB X I-Skill
to TO X I-Skill
new JJ X I-Skill
innovations NNS X I-Skill
in IN X I-Skill
technology NN X I-Skill
, , X I-Skill
new JJ X I-Skill
market NN X I-Skill
entrants NNS X I-Skill
or CC X I-Skill
changes NNS X I-Skill
in IN X I-Skill
customer NN X I-Skill
behaviour NN X I-Skill
. . X O
RMS NNP X O

is VBZ X O
acting VBG X O
as IN X O
an DT X O
Employment NNP X O
Business NNP X O
on IN X O
behalf NN X O
of IN X O
our PRP$ X O
client NN X O
. . X O
In IN X O

order NN X O
to TO X O
grow VB X O
the DT X O
business NN X O
over IN X O
the DT X O
coming VBG X O
years NNS X O
they PRP X O
are VBP X O
looking VBG X O
to TO X O
recruit VB X O
a DT X O
Senior NNP X B-Occupation
Project NNP X I-Occupation
Manager NNP X I-Occupation
to TO X O
be VB X O
based VBN X O
out IN X O
of IN X O
their PRP$ X O
expanding VBG X O
Sheffield NNP X O
office NN X O
. . X O
Further JJ X O

particulars NNS X O
including VBG X O
information NN X O
on IN X O
how WRB X O
to TO X O
apply VB X O
and CC X O
application VB X O
form NN X O
are VBP X O
available JJ X O
at IN X O
: : X O
http NN X O
:// NN X O
www NN X O
. . X O
medschl NN X O
. . X O
cam NN X O
. . X O
ac NN X O
. . X O
uk JJ X O
/ NN X O
jobs NNS X O
/? VBP X O
p NN X O
k NN X O

uncapped VBD X O
, , X O
Pension NNP X O
, , X O
Laptop NNP X O
, , X O
Mobile NNP X O
Phone NNP X O
Location NNP X O
Birmingham NNP X O
, , X O
Nottingham NNP X O
, , X O
Leicester NNP X O
, , X O
Stoke NNP X O
, , X O
Northampton NNP X O
eRecruit NN X O

Solutions NNP X O
is VBZ X O
a DT X O
flat JJ X O
fee NN X O
online NN X O
recruitment NN X B-Domain
company NN X O
, , X O
who WP X O
actively RB X O
recruit NN X O
for IN X O
the DT X O
following JJ X O
roles NNS X O
: : X O
Child NNP X B-Domain
Care NNP X I-Domain
, , X O
Social NNP X B-Domain
Work NNP X I-Domain
, , X O
Foster NNP X B-Occupation
Carer NNP X I-Occupation
, , X O
Child NNP X B-Domain
Support NNP X I-Domain
, , X O
Social NNP X B-Domain
Care NNP X I-Domain
, , X O
Residential NNP X B-Occupation
Carer NNP X I-Occupation
, , X O
Youth NNP X B-Occupation
Worker NNP X I-Occupation
, , X O
Foster NNP X B-Occupation
Parent NNP X I-Occupation
in IN X O
Bristol NNP X O
Ref NNP X O
: : X O
NEA NNP X O
**** NNP X O
BR NNP X O
Ongoing VBG X O

recruitment NN X O
: : X O
Please VB X O
apply VB X O
at IN X O
any DT X O
time NN X O
Please NNP X O
attach VBZ X O
a DT X O
comprehensive JJ X O
CV NNP X O
showing VBG X O
your PRP$ X O
full JJ X O
employment NN X O
history NN X O
and CC X O
current JJ X O
salary NN X O
. . X O
This DT X O

is VBZ X O
a DT X O
leading VBG X O
events NNS X O
company NN X O
based VBN X O
n IN X O
the DT X O
heart NN X O
of IN X O
London NNP X O
, , X O
providing VBG X O
excellent JJ X O
training NN X O
, , X O
progression NN X O
and CC X O
a DT X O
great JJ X O
brand NN X O
name NN X O
on IN X O
your PRP$ X O
cv NN X O
Graduate NNP X B-Qualification
Delegate NNP X O
Sales NNS X B-Occupation
Executive NN X I-Occupation
Person NNP X O

specificationRegistered VBD X O
nurse JJ X B-Skill
with IN X O
current JJ X O
UKCC NNP X B-Qualification
registrationExperience NN X O
in IN X B-Skill
care NN X I-Skill
of IN X I-Skill
the DT X I-Skill
elderlyPractice NN X O
knowledge NN X B-Skill
of IN X I-Skill
care NN X I-Skill
planningProfessional JJ X O
, , X O
understanding JJ X B-Skill
, , X O
and CC X O
patient NN X B-Skill
with IN X O
a DT X O
warm JJ X B-Skill
personalityGood NN X O
interpersonal JJ X B-Skill
skillsDemonstrates VBZ X O
a DT X O
caring VBG X B-Skill
disposition NN X I-Skill
towards NNS X I-Skill
othersReliable JJ X O
and CC X O
punctualTeam NN X O
player NN X B-Skill
, , X O
willing JJ X B-Skill
to TO X I-Skill
train VB X I-Skill
and CC X I-Skill
develop VB X I-Skill
colleagues NNS X I-Skill
There EX X O

s VBZ X O
something NN X O
for IN X O
everyone NN X O
and CC X O
for IN X O
all DT X O
occasions NNS X O
too RB X O
. . X O
The DT X O

client NN X O
offers VBZ X O
a DT X O
range NN X O
of IN X O
engineering NN X B-Domain
design NN X I-Domain
, , X O
analysis NN X B-Domain
services NNS X I-Domain
to TO X O
a DT X O
number NN X O
of IN X O
clients NNS X O
ranging VBG X O
from IN X O
initial JJ X B-Skill
concept NN X I-Skill
and CC X O
feasibility NN X B-Skill
studies NNS X I-Skill
through IN X O
to TO X O
design VB X B-Skill
and CC X O
supply NN X B-Skill
of IN X I-Skill
bespoke NN X I-Skill
nuclear JJ X I-Skill
mechanical JJ X I-Skill
equipment NN X I-Skill
. . X O
**** JJ X O

k NN X O
per IN X O
annum NN X O
Potential NNP X O
Bonus NNP X O
of IN X O
10 CD X O
% NN X O
25 CD X O
days NNS X O
holiday RB X O
a DT X O
year NN X O
and CC X O
My PRP$ X O

Client NNP X O
an DT X O
exciting JJ X O
organisation NN X O
, , X O
are VBP X O
currently RB X O
recruiting VBG X O
for IN X O
an DT X O
Accounts NNP X B-Occupation
Assistant NNP X I-Occupation
to TO X O
join VB X O
their PRP$ X O
team NN X O
. . X O
effective JJ X O

Ideally NNP X O
two CD X B-Experience
years NNS X I-Experience
experience RB X I-Experience
in IN X O
a DT X O
food NN X B-Domain
distribution NN X I-Domain
environment NN X O
Strong NNP X O
leader NN X B-Skill
with IN X O
coaching VBG X B-Skill
style NN X I-Skill
of IN X I-Skill
management NN X I-Skill
Demonstrates NNP X O
drive NN X B-Skill
and CC X I-Skill
energy NN X I-Skill
to TO X I-Skill
carry VB X I-Skill
out RP X I-Skill
role NN X I-Skill
in IN X O
a DT X B-Skill
professional JJ X I-Skill
and CC X I-Skill
timely JJ X I-Skill
manner NN X I-Skill
Flexible JJ X I-Skill
on IN X I-Skill
hours NNS X I-Skill
and CC X O
days NNS X O
of IN X O
work NN X O
Set NNP X B-Skill
and CC X I-Skill
monitor VB X I-Skill
thorough NN X I-Skill
and CC X I-Skill
detailed JJ X I-Skill
plans NNS X I-Skill
to TO X I-Skill
meet VB X I-Skill
agreed JJ X I-Skill
deadlines NNS X I-Skill
all DT X O

consumer NN X B-Skill
and CC X I-Skill
corporate JJ X I-Skill
PR NNP X I-Skill
activities NNS X I-Skill
Manage VBP X I-Skill
the DT X I-Skill
bullion NN X I-Skill
segment NN X I-Skill
and CC X I-Skill
brand NN X I-Skill
to TO X O
ensure VB X O
consistent JJ X O
and CC X O
appropriate JJ X O
tone NN X B-Skill
, , X I-Skill
look NN X I-Skill
and CC X I-Skill
quality NN X I-Skill
of IN X I-Skill
allmaterials NNS X I-Skill
To TO X O
manage VB X O
any DT X O
day NN X B-Skill
to TO X I-Skill
day NN X I-Skill
agency NN X I-Skill
relationships NNS X I-Skill
to TO X O
agreed VB X O
contractual JJ X B-Skill
standard NN X I-Skill
and CC X O
cost NN X B-Skill
effectiveness NN X I-Skill
To TO X O
develop VB X O
a DT X O
thorough JJ X O
understanding NN X B-Skill
of IN X I-Skill
the DT X I-Skill
market NN X I-Skill
and CC X I-Skill
competitor NN X I-Skill
activity NN X I-Skill
and CC X O
brief NN X B-Skill
the DT X O
business NN X O
accordingly RB X O
. . X O
A DT X O

working VBG X B-Skill
knowledge NN X I-Skill
of IN X I-Skill
domiciliary JJ X I-Skill
care NN X I-Skill
, , X O
REACH NNP X O
standards NNS X O
and CC X O
Supporting VBG X O
People NNP X O
legislation NN X O
will MD X O
be VB X O
matched VBN X O
by IN X O
your PRP$ X O
confidence NN X B-Skill
in IN X I-Skill
liaising VBG X I-Skill
with IN X I-Skill
local JJ X I-Skill
authorities NNS X I-Skill
on IN X I-Skill
business NN X I-Skill
development NN X I-Skill
and CC X I-Skill
managing NN X I-Skill
change NN X I-Skill
. . X O
eRecruit NN X O

Solutions NNP X O
is VBZ X O
a DT X O
flat JJ X O
fee NN X O
online NN X O
recruitment NN X O
company NN X O
that WDT X O
actively RB X O
recruit VBP X O
for IN X O
the DT X O
following JJ X O
roles NNS X O
: : X O
As IN X O

a DT X O
Driver NNP X B-Occupation
/ NNP X I-Occupation
Passenger NNP X I-Occupation
Assistant NNP X I-Occupation
you PRP X O
will MD X O
be VB X O
required VBN X O
to TO X O
drive VB X B-Skill
or CC X I-Skill
assist VB X I-Skill
the DT X I-Skill
drivers NNS X I-Skill
of IN X I-Skill
Community NNP X I-Skill
Link NNP X I-Skill
mini NN X I-Skill
buses NNS X I-Skill
, , X O
including VBG X O
the DT X O
recording NN X B-Skill
of IN X I-Skill
statistical JJ X I-Skill
data NNS X I-Skill
relating VBG X I-Skill
to TO X I-Skill
vehicle NN X I-Skill
details NNS X I-Skill
, , X I-Skill
passengers NNS X I-Skill
carried VBD X I-Skill
and CC X I-Skill
maintaining VBG X I-Skill
records NNS X I-Skill
is VBZ X O
carried VBN X O
out RP X O
. . X O
Help NNP X B-Skill

, , X I-Skill
prepare NN X I-Skill
, , X I-Skill
organise NN X I-Skill
and CC X I-Skill
deliver VB X I-Skill
commercial JJ X I-Skill
courses NNS X I-Skill
to TO X O
customer NN X O
specifications NNS X O
. . X O
This DT X O

is VBZ X O
a DT X O
fantastic JJ X O
opportunity NN X O
to TO X O
work VB X O
in IN X O
an DT X O
influential JJ X O
role NN X O
with IN X O
an DT X O
organisation NN X O
undertaking VBG X O
a DT X O
technology NN X O
refresh NN X O
. . X O
Interested JJ X O

candidates NNS X O
must MD X O
be VB X O
reliable JJ X O
and CC X O
able JJ X O
to TO X O
demonstrate VB X O
a DT X O
commitment NN X B-Skill
to TO X I-Skill
providing VBG X I-Skill
quality NN X I-Skill
, , X O
client NN X B-Skill
focussed VBD X I-Skill
care NN X O
. . X O
Experience NN X O

of IN X O
working VBG X B-Skill
with IN X I-Skill
Dementia NNP X I-Skill
care NN X I-Skill
and CC X I-Skill
end NN X I-Skill
of IN X I-Skill
life NN X I-Skill
care NN X I-Skill
would MD X O
be VB X O
advantageous JJ X O
. . X O
Specialising VBG X O

in IN X O
fully RB X B-Skill
automated VBN X I-Skill
materials NNS X I-Skill
handling VBG X I-Skill
solutions NNS X I-Skill
their PRP$ X O
customers NNS X O
include VBP X O
the DT X O
likes NNS X O
of IN X O
BMW NNP X O
, , X O
Bentley NNP X O
, , X O
Aston NNP X O
Martin NNP X O
, , X O
Amazon NNP X O
and CC X O
Parcel NNP X O
Force NNP X O
to TO X O
name VB X O
a DT X O
few JJ X O
. . X O
Spire NNP X O

Harpenden NNP X O
Hospital NNP X O
offers VBZ X O
comprehensive JJ X O
private JJ X B-Domain
hospital NN X I-Domain
services NNS X I-Domain
in IN X O
a DT X O
comfortable JJ X O
and CC X O
relaxed JJ X O
environment NN X O
to TO X O
patients NNS X O
from IN X O
London NNP X O
and CC X O
its PRP$ X O
northern JJ X O
counties NNS X O
Hertfordshire NNP X O
, , X O
Bedfordshire NNP X O
and CC X O
Buckinghamshire NNP X O
. . X O
This DT X O

is VBZ X O
a DT X O
fantastic JJ X O
opportunity NN X O
to TO X O
work VB X O
with IN X O
a DT X O
great JJ X O
team NN X O
of IN X O
people NNS X O
and CC X O
develop VB X O
great JJ X O
accounts NNS X O
experience NN X O
. . X O
For IN X O

this DT X O
role NN X O
you PRP X O
will MD X O
work VB X O
as IN X O
part NN X O
of IN X O
the DT X O
Service NNP X O
Implementation NNP X O
team NN X O
to TO X O
deliver VB X O
an DT X O
ongoing JJ X O
project NN X O
implementing VBG X B-Skill
Information NNP X I-Skill
Technology NNP X I-Skill
Information NNP X I-Skill
Library NNP X I-Skill
ITIL NNP X I-Skill
best JJS X I-Skill
practice NN X I-Skill
processes NNS X I-Skill
. . X O
Able JJ X O

to TO X O
work VB X B-Skill
with IN X I-Skill
their PRP$ X I-Skill
colleagues NNS X I-Skill
in IN X I-Skill
coordinating VBG X I-Skill
the DT X I-Skill
refurbishment NN X I-Skill
process NN X I-Skill
to TO X I-Skill
completion NN X I-Skill
Enthusiastic NNP X I-Skill
, , X O
professional JJ X B-Skill
and CC X O
driven VBN X B-Skill
to TO X I-Skill
producing VBG X I-Skill
a DT X I-Skill
quality NN X I-Skill
product NN X I-Skill
for IN X I-Skill
each DT X I-Skill
project NN X I-Skill
. . X O
Support VB X O

the DT X O
development NN X O
of IN X O
Quality NNP X O
related JJ X O
KPIs NNP X O
and CC X O
the DT X O
data NNS X O
collection NN X O
activities NNS X O
associated VBN X O
with IN X O
KPI NNP X O
reporting NN X O
. . X O
As RB X O

long RB X O
as IN X O
you PRP X O
' '' X O
re JJ X O
enthusiastic JJ X B-Skill
, , X O
accurate JJ X B-Skill
, , X O
and CC X O
confident NN X B-Skill
on IN X I-Skill
the DT X I-Skill
phone NN X I-Skill
and CC X O
know VB X B-Skill
your PRP$ X I-Skill
way NN X I-Skill
round IN X I-Skill
a DT X I-Skill
computer NN X I-Skill
, , X O
we PRP X O
' VBP X O
re JJ X O
sure JJ X O
you PRP X O
' POS X O
ll NNS X O
make VBP X O
a DT X O
welcome JJ X O
addition NN X O
to TO X O
our PRP$ X O
team NN X O
. . X O
The DT X O

software NN X O
is VBZ X O
web JJ X O
enabled JJ X O
and CC X O
can MD X O
be VB X O
sold VBN X O
as IN X O
on IN X O
premise NN X O
or CC X O
hosted VBN X O
in IN X O
the DT X O
Cloud NNP X O
. . X O
Realistic JJ X O

earning NN X O
for IN X O
the DT X O
first JJ X O
year NN X O
are VBP X O
in IN X O
the DT X O
region NN X O
of IN X O
You PRP X O

will MD X O
have VB X O
clear JJ X O
and CC X O
defined JJ X O
targets NNS X O
set VBN X O
to TO X O
ensure VB X O
that IN X O
you PRP X O
earn VBP X O
commission NN X O
on IN X O
a DT X O
regular JJ X O
basis NN X O
and CC X O
progress NN X O
through IN X O
the DT X O
business NN X O
. . X O
louisepickinharnhamsearch NN X O

. . X O
com NN X O
KEY NNP X O
WORDS NNP X O
SAS NNP X O
, , X O
SQL NNP X O
, , X O
SPSS NNP X O
, , X O
SAS NNP X O
analyst NN X B-Occupation
, , X O
customer NN X B-Occupation
insight NN X I-Occupation
analyst NN X I-Occupation
, , X O
analytics NNS X O
, , X B-Occupation
campaign NN X I-Occupation
analyst NN X I-Occupation
, , X O
market NN X O
insight NN X O
, , X O
marketing NN X B-Occupation
analyst NN X I-Occupation
, , X O
consultancy NN X B-Domain
, , X O
London NNP X O
, , X O
Central NNP X O
London NNP X O
. . X O
In IN X O

return NN X O
, , X O
our PRP$ X O
client NN X O
offers VBZ X O
a DT X O
full JJ X O
product NN X O
induction NN X O
and CC X O
fantastic JJ X O
bonus NN X O
package NN X O
. . X O
If IN X O

so RB X O
, , X O
we PRP X O
currently RB X O
have VBP X O
an DT X O
exciting JJ X O
opportunity NN X O
for IN X O
a DT X O
Male JJ X B-Occupation
Support NNP X I-Occupation
Worker NNP X I-Occupation
in IN X O
the DT X O
Carmarthen NNP X O
area NN X O
. . X O
Preparation NN X O

and CC X O
presentat NN X O
You PRP X O
will MD X O
have VB X O
previously RB X O
worked VBN X O
at IN X O
Commercial NNP X B-Occupation
Manager NNP X I-Occupation
level NN X O
for IN X O
a DT X O
minimum NN X B-Experience
of IN X I-Experience
3 CD X I-Experience
years NNS X I-Experience
working VBG X O
closely RB X O
with IN X O
major JJ X O
retailers NNS X B-Occupation
in IN X O
an DT X O
FMCG NNP X B-Domain
field NN X I-Domain
. . X O
The DT X O

Engineer NNP X B-Occupation
will MD X O
initially RB X O
be VB X O
based VBN X O
on IN X O
a DT X O
very RB X O
prestigious JJ X O
project NN X O
in IN X O
the DT X O
London NNP X O
area NN X O
. . X O
Funky NNP X O

bar NN X O
with IN X O
great JJ X O
cocktails NNS X O
and CC X O
high JJ X O
volume NN X O
restaurant NN X O
buzz NN X O
Reviews NNS X B-Skill

and CC X I-Skill
authorises NNS X I-Skill
applications NNS X I-Skill
from IN X I-Skill
welfare NN X I-Skill
executives NNS X I-Skill
on IN X I-Skill
behalf NN X I-Skill
of IN X I-Skill
beneficiaries NNS X I-Skill
Experience NNP X O
and CC X O
skills NNS X O
required VBN X O
Must NNP X O
be VB X O
a DT X B-Skill
proven JJ X I-Skill
manager NN X I-Skill
within IN X I-Skill
a DT X I-Skill
welfare NN X I-Skill
and CC X I-Skill
supported VBD X I-Skill
environment NN X I-Skill
The DT X O

successful JJ X O
candidate NN X O
will MD X O
have VB X O
a DT X O
high JJ X O
level NN X O
of IN X O
experience NN X O
and CC X O
expertise NN X O
in IN X O
developing VBG X O
and CC X O
supporting VBG X O
the DT X O
highest JJS X O
quality NN X O
SharePoint NNP X B-Skill
services NNS X I-Skill
. . X O
RMS NNP X B-Domain

is VBZ X O
an DT X O
equal JJ X O
opportunities NNS X O
employer NN X O
and CC X O
recruits NNS X O
and CC X O
promotes NNS X O
employees NNS X O
on IN X O
the DT X O
basis NN X O
of IN X O
suitability NN X O
for IN X O
the DT X O
job NN X O
. . X O
WIS NNP X O

International NNP X O
is VBZ X O
one CD X O
of IN X O
the DT X O
world NN X O
s NN X O
leading VBG X O
stocktaking VBG X O
companies NNS X O
and CC X O
conducts NNS X O
inventories NNS X O
throughout IN X O
the DT X O
UK NNP X O
for IN X O
retail JJ X O
companies NNS X O
such JJ X O
as IN X O
Asda NNP X O
, , X O
Debenhams NNP X O
and CC X O
Dunelm NNP X O
Mill NNP X O
. . X O
This DT X O

is VBZ X O
an DT X O
excellent JJ X O
opportunity NN X O
with IN X O
a DT X O
first JJ X O
rate NN X O
remuneration NN X O
and CC X O
benefits NNS X O
package NN X O
. . X O
The DT X O

right NN X O
to TO X O
work VB X O
in IN X O
the DT X O
UK NNP X O
Are NNP X O
you PRP X O
a DT X O
Live NNP X O
in IN X O
Carer NNP X O
who WP X O
is VBZ X O
; : X O
This DT X O

is VBZ X O
covering VBG X O
both DT X O
day NN X B-Skill
case NN X I-Skill
surgery NN X I-Skill
and CC X O
inpatient NN X B-Skill
surgery NN X I-Skill
for IN X O
four CD X O
disciplines NNS X O
Orthopaedics NNP X B-Domain
, , X O
General NNP X O
Surgery NNP X B-Domain
, , X O
Ophthalmology NNP X B-Domain
and CC X O
Oral NNP X B-Domain
. . X O
Protocol NNP X O

is VBZ X O
the DT X O
UK NNP X O
s NN X O
largest JJS X O
provider NN X O
of IN X O
skilled JJ X O
professional JJ X O
staff NN X O
to TO X O
the DT X O
Further NNP X O
Education NNP X B-Domain
sector NN X I-Domain
who WP X O
are VBP X O
continually RB X O
looking VBG X O
for IN X O
experienced JJ X B-Skill
tutors NNS X B-Occupation
, , X O
lecturers NNS X B-Occupation
and CC X O
trainers NNS X B-Occupation
with IN X O
experience NN X B-Skill
in IN X I-Skill
the DT X I-Skill
FE NNP X I-Skill
sector NN X I-Skill
. . X O
MedicsPro NNP X O

is VBZ X O
one CD X O
of IN X O
the DT X O
UK NNP X O
' POS X O
s NN X O
leading VBG X O
specialist JJ X O
medical JJ X O
recruitment NN X O
agencies NNS X O
, , X O
contracted VBD X O
to TO X O
supply VB X O
medical JJ X B-Occupation
staff NN X I-Occupation
to TO X O
a DT X O
wide JJ X O
range NN X O
of IN X O
public JJ X B-Domain
and CC X O
private JJ X B-Domain
sector NN X I-Domain
clients NNS X O
throughout IN X O
the DT X O
country NN X O
. . X O
They PRP X O

have VBP X O
assigned VBN X O
AER NNP X O
to TO X O
recruit VB X O
on IN X O
their PRP$ X O
behalf NN X O
so IN X O
please JJ X O
get NN X O
in IN X O
touch NN X O
with IN X O
Deon NNP X O
or CC X O
Jenna NNP X O
immediately RB X O
if IN X O
you PRP X O
have VBP X O
the DT X O
relevant JJ X O
experience NN X O
for IN X O
this DT X O
role NN X O
. . X O
Our PRP$ X O

telephone NN X O
teams NNS X O
are VBP X O
sales NNS X B-Skill
driven RB X I-Skill
and CC X O
goalorientated VBN X B-Skill
and CC X O
you PRP X O
ll VBP X O
need VB X O
to TO X O
ensure VB X O
that IN X O
your PRP$ X O
targets NNS X B-Skill
are VBP X I-Skill
consistently RB X I-Skill
met VBN X I-Skill
whilst NN X O
staying VBG X B-Skill
compliant JJ X I-Skill
across IN X I-Skill
the DT X I-Skill
product NN X I-Skill
spectrum NN X I-Skill
. . X O
The DT X O

Applications NNP X B-Occupation
Engineer NNP X I-Occupation
will MD X O
support VB X O
the DT X O
sales NNS X B-Domain
team NN X O
in IN X O
the DT X O
development NN X B-Skill
of IN X I-Skill
customer NN X I-Skill
solution NN X I-Skill
sales NNS X I-Skill
, , X O
providing VBG X B-Skill
product NN X I-Skill
and CC X I-Skill
solution NN X I-Skill
expertise NN X I-Skill
during IN X O
the DT X O
sales NNS X O
process NN X O
. . X O
Staff NNP X O

Lead NNP X B-Skill
, , X I-Skill
manage NN X I-Skill
and CC X I-Skill
develop VB X I-Skill
the DT X I-Skill
work NN X I-Skill
of IN X I-Skill
the DT X I-Skill
staff NN X I-Skill
team NN X I-Skill
, , X O
under IN X O
the DT X O
supervision NN X O
of IN X O
the DT X O
Registered NNP X O
Manager NNP X O
, , X O
by IN X O
setting VBG X B-Skill
objectives NNS X I-Skill
and CC X O
supervising VBG X B-Skill
staff NN X I-Skill
. . X O
Our PRP$ X O

client NN X O
, , X O
a DT X O
national JJ X O
Housing NNP X B-Occupation
and CC X I-Occupation
Social NNP X I-Occupation
Care NNP X I-Occupation
provider NN X I-Occupation
is VBZ X O
currently RB X O
recruiting VBG X O
for IN X O
Senior NNP X B-Occupation
Care NNP X I-Occupation
Workers NNPS X I-Occupation
to TO X O
provide VB X O
community NN X B-Skill
support NN X I-Skill
services NNS X I-Skill
to TO X I-Skill
vulnerable JJ X I-Skill
adults NNS X I-Skill
living VBG X I-Skill
in IN X I-Skill
their PRP$ X I-Skill
own JJ X I-Skill
homes NNS X I-Skill
in IN X O
the DT X O
Dukinfield NNP X O
, , X O
Hyde NNP X O
and CC X O
Stalybridge NNP X O
area NN X O
. . X O
The DT X O

ideal JJ X O
candidate NN X O
will MD X O
: : X O
3 CD X B-Experience
years NNS X I-Experience
experience RB X I-Experience
in IN X I-Experience
a DT X I-Experience
similar JJ X I-Experience
carpentry NN X I-Experience
role NN X I-Experience
Qualified VBD X O
to TO X O
NVQ NNP X B-Qualification
level NN X I-Qualification
3 CD X I-Qualification
or CC X I-Qualification
similar JJ X I-Qualification
in IN X O
either CC X O
carpentry VB X O
Good JJ X O
general JJ X O
skill NN X O
set VBN X O
, , X O
including VBG X O
one CD X O
or CC X O
more JJR X O
of IN X O
the DT X O
following NN X O
: : X O
Responsibilities NNS X O

: : X O
Analysis NN X B-Skill
and CC X I-Skill
design NN X I-Skill
of IN X I-Skill
business NN X I-Skill
processes NNS X I-Skill
and CC X I-Skill
systems NNS X I-Skill
Provision NNP X O
of IN X O
a DT X O
pragmatic JJ X O
and CC X O
commercially RB X O
aware JJ X O
business NN X B-Skill
interface NN X I-Skill
to TO X O
the DT X O
technology NN X O
team NN X O
whilst NN X O
also RB X O
providing VBG X O
a DT X O
strong JJ X O
focus NN X O
on IN X O
designing VBG X B-Skill
robust JJ X I-Skill
and CC X I-Skill
flexible JJ X I-Skill
processes NNS X I-Skill
and CC X I-Skill
systems NNS X I-Skill
Ensure NNP X O
that IN X O
the DT X O
key JJ X O
benefits NNS X O
of IN X O
any DT X O
change NN X O
are VBP X O
identified VBN X O
Proactive NNP X O
pursuit NN X B-Skill
of IN X I-Skill
development NN X I-Skill
opportunities NNS X I-Skill
for IN X I-Skill
the DT X I-Skill
business NN X I-Skill
Working VBG X O
closely RB X O
with IN X O
all DT X O
areas NNS X O
of IN X O
the DT X O
business NN X B-Domain
from IN X O
creative JJ X B-Domain
and CC X O
marketing NN X B-Domain
to TO X O
operations NNS X B-Domain
and CC X O
finance NN X B-Domain
In IN X O

return NN X O
, , X O
Celsian JJ X O
Education NN X O
offers NNS X O
: : X O
A DT X O
dedicated JJ X O
consultant NN X O
who WP X O
knows VBZ X O
just RB X O
what WP X O
challenges VBZ X O
you PRP X O
prefer VBP X O
A DT X O
wide JJ X O
variety NN X O
of IN X O
suitable JJ X O
assignments NNS X O
Full NNP X O

UK NNP X O
driving VBG X B-Qualification
license JJ X I-Qualification
Our PRP$ X O
client NN X O
is VBZ X O
a DT X O
market NN X O
leader NN X O
in IN X O
the DT X O
electronic JJ X B-Skill
fire NN X I-Skill
and CC X I-Skill
security NN X I-Skill
solutions NNS X I-Skill
, , X O
with IN X O
a DT X O
dynamic JJ X O
and CC X O
vibrant JJ X O
team NN X O
culture NN X O
and CC X O
great JJ X O
career NN X O
development NN X O
opportunities NNS X O
. . X O
Are NNP X O

you PRP X O
a DT X O
General NNP X B-Occupation
Manager NNP X I-Occupation
that WDT X O
wants VBZ X O
to TO X O
join VB X O
a DT X O
company NN X O
that WDT X O
has VBZ X O
Of IN X O

graduate NN X B-Qualification
calibre NN X O
, , X O
you PRP X O
have VBP X O
a DT X O
proven NN X B-Skill
record NN X I-Skill
in IN X I-Skill
competitor NN X I-Skill
/ NN X I-Skill
market NN X I-Skill
analysis NN X I-Skill
, , X I-Skill
preferably RB X I-Skill
with IN X I-Skill
experience NN X I-Skill
of IN X I-Skill
business NN X I-Skill
planning NN X I-Skill
and CC X I-Skill
strategy NN X I-Skill
development NN X I-Skill
. . X O
Uxbridge NNP X O

, , X O
Middlesex NNP X O
One CD X O
of IN X O
the DT X O
UK NNP X O
' POS X O
s NN X O
leading VBG X O
construction NN X B-Domain
companies NNS X O
is VBZ X O
looking VBG X O
to TO X O
recruit VB X O
an DT X O
experienced JJ X B-Skill
SQL NNP X B-Occupation
Application NNP X I-Occupation
Support NNP X I-Occupation
Analyst NNP X I-Occupation
to TO X O
join VB X O
their PRP$ X O
team NN X O
in IN X O
Uxbr NNP X O
id NN X O
ge NN X O
, , X O
Recommend VB X O

a DT X O
friend NN X O
on IN X O
this DT X O
role NN X O
and CC X O
win VB X O
a DT X O
Kindle NNP X O
eReader NN X O
**** JJ X O

bn NN X O
and CC X O
a DT X O
portfolio NN X O
of IN X O
Out NNP X O
of IN X O
Area NNP X O
acute NN X O
contracts NNS X O
The DT X O

Company NNP X O
Our PRP$ X O
client NN X O
has VBZ X O
been VBN X O
established VBN X O
for IN X O
many JJ X O
years NNS X O
and CC X O
is VBZ X O
the DT X O
market NN X O
leader NN X O
in IN X O
providing VBG X O
electronic JJ X O
interactive JJ X O
venue NN X O
data NNS X O
to TO X O
corporate JJ X O
and CC X O
agency NN X O
buyers NNS X O
of IN X O
Meetings NNP X O
, , X O
Incentives NNP X O
, , X O
Conferences NNP X O
and CC X O
Events NNS X O
. . X O
Due JJ X O

to TO X O
their PRP$ X O
continued JJ X O
success NN X O
we PRP X O
are VBP X O
now RB X O
looking VBG X O
to TO X O
recruit VB X O
an DT X O
Assistant NNP X B-Occupation
Hotel NNP X I-Occupation
Manager NNP X I-Occupation
to TO X O
take VB X O
responsibility NN X O
for IN X O
a DT X O
busy JJ X O
125 CD X O
bedroom NN X O
hotel NN X O
with IN X O
full JJ X O
bar NN X O
caf NN X O
facilities NNS X O
situated VBN X O
in IN X O
the DT X O
centre NN X O
of IN X O
Bath NNP X O
. . X O
Do VBP X O

you PRP X O
want VB X O
to TO X O
develop VB X B-Skill
your PRP$ X I-Skill
accounting NN X I-Skill
skills NNS X I-Skill
further RBR X O
? . X O
Successful JJ X O

candidates NNS X O
will MD X O
have VB X O
experience NN X O
in IN X O
the DT X O
following NN X O
: : X O
Filtration NN X B-Skill
, , X I-Skill
ion NN X I-Skill
exchange NN X I-Skill
and CC X I-Skill
effluent JJ X I-Skill
treatment NN X I-Skill
plants NNS X I-Skill
Electrical JJ X I-Skill
experience NN X O
Carry NNP X B-Skill

out RP X I-Skill
testing VBG X I-Skill
/ JJ X I-Skill
sampling NN X I-Skill
of IN X I-Skill
materials NNS X I-Skill
as IN X I-Skill
required VBN X I-Skill
by IN X I-Skill
the DT X I-Skill
specification NN X I-Skill
. . X O
If IN X O

you PRP X O
would MD X O
like VB X O
to TO X O
apply VB X O
then RB X O
send VB X O
an DT X O
updated JJ X O
CV NNP X O
to TO X O
petermbnrecruitment VB X O
. . X O
com NN X O
or CC X O
call VB X O
me PRP X O
on IN X O
the DT X O

analytical JJ X O
methods NNS X O
we PRP X O
use VBP X O
to TO X O
inform VB X O
regulatory JJ X O
decision NN X O
making NN X O
. . X O
Please NNP X O

click NN X O
to TO X O
apply VB X O
for IN X O
the DT X O
opportunity NN X O
to TO X O
become VB X O
a DT X O
Foster NNP X B-Occupation
Carer NNP X I-Occupation
in IN X O
Hampshire NNP X O
A DT X O

passion NN X O
for IN X O
delivering VBG X B-Skill
great JJ X I-Skill
food NN X I-Skill
and CC X O
an DT X O
obsessive JJ X O
attention NN X O
to TO X O
detail VB X O
ensuring VBG X B-Skill
that IN X I-Skill
every DT X I-Skill
dish NN X I-Skill
that WDT X I-Skill
leaves VBZ X I-Skill
the DT X I-Skill
kitchen NN X I-Skill
leaves VBZ X I-Skill
a DT X I-Skill
guest NN X I-Skill
satisfied JJ X I-Skill
Leadership NNP X I-Skill
qualities NNS X I-Skill
with IN X O
the DT X O
enthusiasm NN X B-Skill
and CC X O
charisma NN X B-Skill
to TO X O
inspire VB X O
your PRP$ X O
team NN X O
Attention NN X O
to TO X O
the DT X O
maintenance NN X B-Skill
of IN X I-Skill
profit NN X I-Skill
margins NNS X I-Skill
Strict VBP X O
about IN X O
conforming VBG X B-Skill
to TO X I-Skill
health NN X I-Skill
and CC X I-Skill
hygiene NN X I-Skill
regulations NNS X I-Skill
This DT X O

is VBZ X O
an DT X O
outstanding JJ X O
business NN X O
and CC X O
career NN X O
opportunity NN X O
that WDT X O
is VBZ X O
looking VBG X O
to TO X O
make VB X O
its PRP$ X O
first JJ X O
senior JJ X O
personnel NNS X O
investment NN X O
as IN X O
the DT X O
business NN X O
continues VBZ X O
its PRP$ X O
impressive JJ X O
growth NN X O
. . X O
If IN X O

you PRP X O
have VBP X O
not RB X O
been VBN X O
contacted VBN X O
within IN X O
this DT X O
timescale JJ X O
unfortunately RB X O
your PRP$ X O
application NN X O
has VBZ X O
not RB X O
been VBN X O
successful JJ X O
. . X O
You PRP X O

ll VBP X O
also RB X O
understand VBP X B-Skill
key JJ X I-Skill
policies NNS X I-Skill
in IN X I-Skill
relation NN X I-Skill
to TO X I-Skill
operational JJ X I-Skill
risk NN X I-Skill
such JJ X I-Skill
as IN X I-Skill
conflicts NNS X I-Skill
of IN X I-Skill
interest NN X I-Skill
, , X O
data NNS X B-Skill
security NN X I-Skill
and CC X O
operational JJ X B-Skill
losses NNS X I-Skill
. . X O
: : X O

A DT X O
rapidly RB X O
expanding VBG X O
Software NNP X O
house NN X O
based VBN X O
in IN X O
the DT X O
heart NN X O
of IN X O
Reading VBG X O
a DT X O
short JJ X O
distance NN X O
from IN X O
the DT X O
train NN X O
station NN X O
are VBP X O
looking VBG X O
for IN X O
a DT X O
bright JJ X B-Skill
dynamic JJ X I-Skill
graduate NN X O
in IN X O
computer NN X B-Domain
sciences NNS X I-Domain
with IN X O
If IN X O

successful JJ X O
you PRP X O
will MD X O
be VB X O
contacted VBN X O
by IN X O
Edustaff NNP X O
to TO X O
discuss VB X O
further JJR X O
details NNS X O
and CC X O
availability NN X O
for IN X O
an DT X O
interview NN X O
. . X O
The DT X O

role NN X O
will MD X O
be VB X O
based VBN X O
between IN X O
two CD X O
sites NNS X O
, , X O
within IN X O
commutable JJ X O
distance NN X O
of IN X O
each DT X O
other JJ X O
. . X O
Our PRP$ X O

Banbury NNP X O
based VBN X O
client NN X O
are VBP X O
seeking VBG X O
an DT X O
experienced JJ X O
Account NNP X B-Occupation
Manager NNP X I-Occupation
with IN X O
a DT X O
minimum JJ X B-Experience
5 CD X I-Experience
years NNS X I-Experience
experience RB X I-Experience
in IN X O
overseas JJ X O
events NNS X B-Skill
to TO X O
include VB X O
incentive JJ X O
travel NN X O
, , X O
conferences NNS X O
and CC X O
meetings NNS X O
. . X O
In IN X O

order NN X O
to TO X O
achieve VB X O
the DT X O
schools NNS X O
challenging VBG X O
future JJ X O
targets NNS X O
and CC X O
to TO X O
support VB X B-Skill
the DT X I-Skill
school NN X I-Skill
development NN X I-Skill
and CC X I-Skill
expansion NN X I-Skill
plans NNS X I-Skill
, , X O
we PRP X O
are VBP X O
keen JJ X O
to TO X O
strengthen VB X O
our PRP$ X O
existing VBG X O
leadership NN X B-Skill
team NN X O
further RBR X O
with IN X O
the DT X O
appointment NN X O
of IN X O
a DT X O
new JJ X O
Deputy NNP X B-Occupation
Headteacher NNP X I-Occupation
. . X O
The DT X O

DDU NNP X O
works VBZ X O
to TO X O
Biotech NNP X B-Skill
style NN X I-Skill
philosophy NN X I-Skill
and CC X O
standards NNS X O
incorporating VBG X B-Skill
, , X O
dynamic JJ X B-Skill
, , X O
goal NN X B-Skill
driven VBN X I-Skill
project NN X B-Domain
management NN X I-Domain
based VBN X O
on IN X O
Target NNP X O
Product NNP X O
Profiles NNP X O
and CC X O
Compound NNP X O
Selection NNP X O
Criteria NNP X O
. . X O
the DT X O

opportunity NN X O
to TO X O
join VB X B-Skill
the DT X I-Skill
Civil NNP X I-Skill
Service NNP X I-Skill
pension NN X I-Skill
arrangements NNS X I-Skill
, , X O
which WDT X O
include VBP X O
a DT X O
valuable JJ X O
range NN X O
of IN X O
benefits NNS X O
flexible JJ X O
working JJ X O
hours NNS X O
and CC X O
family NN X O
friendly JJ X O
policies NNS X O
subsidised VBN X O
gym NN X O
and CC X O
restaurant NN X O
London NNP X O
only RB X O
interest NN X O
free JJ X O
season NN X O
ticket NN X O
loan NN X O
, , X O
and CC X O
an DT X O
excellent JJ X O
working NN X O
environment NN X O
. . X O
Support VB X B-Skill

the DT X I-Skill
consolidated JJ X I-Skill
budgeting NN X I-Skill
and CC X I-Skill
forecasting NN X I-Skill
process NN X I-Skill
for IN X O
the DT X O
organisation NN X O
Produce NNP X B-Skill
management NN X I-Skill
information NN X I-Skill
to TO X O
support VB X O
the DT X O
budget NN X O
and CC X O
forecast NN X O
processes NNS X O
, , X O
enabling VBG X B-Skill
the DT X I-Skill
directors NNS X I-Skill
to TO X I-Skill
make VB X I-Skill
timely JJ X I-Skill
decisions NNS X I-Skill
The DT X O

Role NNP X O
: : X O
As IN X O
a DT X O
leader NN X B-Occupation
and CC X I-Occupation
manager NN X I-Occupation
of IN X I-Occupation
the DT X I-Occupation
P NNP X I-Occupation
& CC X I-Occupation
P NNP X I-Occupation
team NN X I-Occupation
, , X O
this DT X O
role NN X O
is VBZ X O
also RB X O
responsible JJ X O
for IN X O
developing VBG X B-Skill
the DT X I-Skill
marketing NN X I-Skill
and CC X I-Skill
business NN X I-Skill
acumen NNS X I-Skill
of IN X O
the DT X O
P NNP X B-Occupation
& CC X I-Occupation
P NNP X I-Occupation
Managers NNPS X I-Occupation
for IN X O
potentially RB X O
more JJR X O
senior JJ X O
roles NNS X O
within IN X O
Sales NNS X B-Domain
and CC X O
/ NN X O
or CC X O
Marketing NN X B-Domain
functions NNS X O
. . X O
This DT X O

is VBZ X O
national JJ X O
position NN X O
requiring VBG X O
you PRP X O
to TO X O
visit VB X O
locations NNS X O
throughout IN X O
the DT X O
UK NNP X O
Unfortunately RB X O

due JJ X O
to TO X O
the DT X O
high JJ X O
volume NN X O
of IN X O
applications NNS X O
we PRP X O
receive VBP X O
we PRP X O
are VBP X O
not RB X O
always RB X O
able JJ X O
to TO X O
respond VB X O
directly RB X O
to TO X O
everyone NN X O
, , X O
but CC X O
we PRP X O
will MD X O
try VB X O
our PRP$ X O
best JJS X O
This DT X O
job NN X O
was VBD X O
originally RB X O
posted VBN X O
as IN X O
www NN X O
. . X O
retailchoice NN X O
. . X O
com NN X O
/ IN X O
JobSeeking VBG X O
/ JJ X O
HRAdvisorFashion6months_job NNP X O
idealAny NN X O

project NN X B-Skill
planning VBG X I-Skill
experience NN X O
is VBZ X O
a DT X O
distinct JJ X O
bonusYou NN X O
will MD X O
be VB X O
assertive JJ X B-Skill
in IN X I-Skill
your PRP$ X I-Skill
sales NNS X I-Skill
approach NN X I-Skill
with IN X O
excellent JJ X O
closing NN X B-Skill
skills NNS X O
My PRP$ X O

client NN X O
are VBP X O
an DT X O
expanding VBG X O
and CC X O
successful JJ X O
company NN X O
who WP X O
are VBP X O
growing VBG X O
their PRP$ X O
IT NNP X B-Domain
department NN X O
across IN X O
a DT X O
number NN X O
of IN X O
levels NNS X O
. . X O
Excellent JJ X O

written VBN X B-Skill
and CC X I-Skill
oral JJ X I-Skill
communication NN X I-Skill
skills NNS X I-Skill
, , X O
with IN X O
the DT X O
ability NN X O
to TO X O
represent VB X B-Skill
Ofgem NNP X I-Skill
and CC X I-Skill
influence NN X I-Skill
at IN X I-Skill
the DT X I-Skill
highest JJS X I-Skill
levels NNS X I-Skill
within IN X I-Skill
the DT X I-Skill
industry NN X I-Skill
. . X O
work NN X B-Skill

to TO X I-Skill
strict VB X I-Skill
schedules NNS X I-Skill
and CC X O
adhere RB X B-Skill
to TO X I-Skill
all DT X I-Skill
established VBN X I-Skill
safe JJ X I-Skill
working NN X I-Skill
practices NNS X I-Skill
and CC X I-Skill
procedures NNS X I-Skill
. . X O
This DT X O

is VBZ X O
the DT X O
ideal JJ X O
role NN X O
for IN X O
an DT X O
experienced JJ X B-Skill
Front NNP X B-Occupation
of IN X I-Occupation
House NNP X I-Occupation
looking VBG X O
for IN X O
a DT X O
fulltime JJ X O
opportunity NN X O
working VBG X O
within IN X O
a DT X O
high JJ X O
quality NN X O
establishment NN X O
. . X O
Ability NN X B-Skill

to TO X I-Skill
work VB X I-Skill
under IN X I-Skill
general JJ X I-Skill
direction NN X I-Skill
within IN X I-Skill
a DT X I-Skill
clearly RB X I-Skill
defined VBN X I-Skill
accountability NN X I-Skill
framework NN X I-Skill
Our PRP$ X O

client NN X O
is VBZ X O
an DT X O
Engineering VBG X O
firm NN X O
based VBN X O
in IN X O
StocktonOnTees NNP X O
specialising VBG X O
in IN X O
the DT X O
Oil NNP X B-Domain
Gas NNP X I-Domain
, , X O
Aerospace NNP X B-Domain
and CC X O
Pump NNP X B-Domain
Manufacturing NNP X I-Domain
Markets NNPS X O
. . X O
There EX X O

will MD X O
be VB X O
a DT X O
lot NN X O
of IN X O
client NN X B-Skill
contact NN X I-Skill
both DT X I-Skill
by IN X I-Skill
telephone NN X I-Skill
and CC X I-Skill
in IN X I-Skill
person NN X I-Skill
, , X O
therefore IN X O
a DT X O
good JJ X O
telephone NN X B-Skill
manner NN X I-Skill
is VBZ X O
essential JJ X O
as IN X O
are VBP X O
excellent JJ X O
customer NN X B-Skill
care NN X I-Skill
and CC X O
communication NN X B-Skill
skills NNS X I-Skill
both DT X I-Skill
verbal JJ X I-Skill
and CC X I-Skill
written VBN X I-Skill
. . X O
This DT X O

includes VBZ X O
weekends VBZ X O
Manage NNP X B-Skill
the DT X I-Skill
daily JJ X I-Skill
running NN X I-Skill
of IN X I-Skill
the DT X I-Skill
call NN X I-Skill
centre NN X I-Skill
. . X O
This DT X O

outstanding JJ X O
opportunity NN X O
would MD X O
well RB X O
suit VB X O
a DT X O
qualified JJ X O
CSBM NNP X B-Qualification
or CC X O
DSBM NNP X B-Qualification
candidate VBP X O
studying VBG X O
for IN X O
the DT X O
final JJ X O
stages NNS X O
of IN X O
ACCA NNP X B-Qualification
/ NNP X I-Qualification
CIMA NNP X I-Qualification
/ NNP X I-Qualification
CIPFA NNP X I-Qualification
or CC X O
a DT X O
qualified JJ X O
accountant JJ X B-Occupation
ACA NNP X B-Qualification
/ NN X O
You PRP X O

will MD X O
be VB X O
developing VBG X B-Skill
very RB X I-Skill
low JJ X I-Skill
level NN X I-Skill
software NN X I-Skill
in IN X I-Skill
C NNP X I-Skill
which WDT X O
will MD X O
drive VB X O
the DT X O
hardware NN X O
for IN X O
their PRP$ X O
market NN X O
leading VBG X O
radio NN X O
communications NNS X O
systems NNS X O
. . X O
Put VB X O

your PRP$ X O
expertise NN X O
into IN X O
practice NN X O
This DT X O
is VBZ X O
an DT X O
opportunity NN X O
to TO X O
develop VB X O
your PRP$ X O
career NN X O
to TO X O
focus VB X O
on IN X O
delivering VBG X B-Skill
high JJ X I-Skill
quality NN X I-Skill
permanent JJ X I-Skill
outcomes NNS X I-Skill
for IN X O
younger JJR X O
Looked NNP X O
After IN X O
Children NNP X O
. . X O
Clinical JJ X B-Domain

Research NNP X O
Business NNP X B-Occupation
Development NNP X I-Occupation
Director NNP X I-Occupation
Job NNP X O
in IN X O
the DT X O
UK NNP X O
UK NNP X O
This DT X O

role NN X O
is VBZ X O
predominantly RB X O
focused VBN X O
on IN X O
presales NNS X B-Skill
support NN X I-Skill
, , X O
the DT X B-Skill
design NN X I-Skill
/ NNP X I-Skill
implementation NN X I-Skill
of IN X I-Skill
new JJ X I-Skill
customer NN X I-Skill
solutions NNS X I-Skill
with IN X O
the DT X O
additional JJ X O
responsibility NN X O
of IN X O
being VBG X B-Skill
an DT X I-Skill
escalation NN X I-Skill
point NN X I-Skill
for IN X I-Skill
the DT X I-Skill
resolution NN X I-Skill
of IN X I-Skill
high JJ X I-Skill
complexity NN X I-Skill
support NN X I-Skill
calls VBZ X I-Skill
Key NNP X O
Responsibilities NNP X O
To TO X O

manage VB X B-Skill
and CC X I-Skill
work VB X I-Skill
queries NNS X I-Skill
raised VBN X I-Skill
both DT X I-Skill
internally RB X I-Skill
and CC X I-Skill
externally RB X I-Skill
through IN X O
to TO X O
resolution NN X O
, , X O
liaising VBG X O
with IN X O
external JJ X O
third JJ X O
parties NNS X O
as IN X O
required VBN X O
. . X O
**** JJ X O

**** NNP X O
**** NN X O
or CC X O
send VB X O
your PRP$ X O
CV NNP X O
to TO X O
cvcaresign VB X O
. . X O
co NN X O
. . X O
uk JJ X O
Successful JJ X O
applicants NNS X O
are VBP X O
required VBN X O
to TO X O
provide VB X O
an DT X O
enhanced JJ X O
disclosure NN X O
. . X O
Also RB X O

on IN X O
offer NN X O
is VBZ X O
a DT X O
flexible JJ X O
package NN X O
that WDT X O
allows VBZ X O
you PRP X O
to TO X O
choose VB X O
cash NN X O
or CC X O
pick NN X O
from IN X O
a DT X O
range NN X O
of IN X O
benefit NN X O
options NNS X O
including VBG X O
retail JJ X O
discount NN X O
vouchers NNS X O
, , X O
private JJ X O
medical JJ X O
insurance NN X O
and CC X O
a DT X O
contributory JJ X O
pension NN X O
scheme NN X O
. . X O
Great NNP X O

working VBG X O
environment NN X O
Employee NNP X O
help NN X O
line NN X O
to TO X O
support VB X B-Skill
staff NN X I-Skill
in IN X I-Skill
times NNS X I-Skill
of IN X I-Skill
needAm NN X O
I PRP X O
the DT X O
right JJ X O
person NN X O
to TO X O
work VB X O
for IN X O
Barchester NNP X O
? . X O
You PRP X O
' '' X O
ll NNS X O
need VBP X O
excellent JJ X O
clinical JJ X B-Skill
skills NNS X I-Skill
, , X O
combined VBN X O
with IN X O
the DT X O
ability NN X O
to TO X O
lead VB X B-Skill
and CC X I-Skill
motivate VB X I-Skill
a DT X I-Skill
team NN X I-Skill
. . X O
Ensure NN X B-Skill

the DT X I-Skill
delivery NN X I-Skill
of IN X I-Skill
quality NN X I-Skill
care NN X I-Skill
continually RB X I-Skill
assessing VBG X I-Skill
our PRP$ X I-Skill
residents NNS X I-Skill
' POS X I-Skill
needs NNS X I-Skill
and CC X I-Skill
wishes NNS X I-Skill
, , X O
developing VBG X B-Skill
the DT X I-Skill
service NN X I-Skill
to TO X I-Skill
enhance VB X I-Skill
their PRP$ X I-Skill
quality NN X I-Skill
of IN X I-Skill
life NN X I-Skill
. . X O
To TO X O

be VB X O
considered VBN X O
, , X O
candidates NNS X O
will MD X O
be VB X O
able JJ X O
to TO X O
demonstrate VB X O
the DT X O
ability NN X B-Skill
to TO X I-Skill
successfully RB X I-Skill
lead JJ X I-Skill
projects NNS X I-Skill
. . X O
Ability NN X B-Skill

to TO X I-Skill
work VB X I-Skill
well RB X I-Skill
in IN X I-Skill
teams NNS X I-Skill
but CC X O
also RB X O
to TO X O
work VB X B-Skill
independently RB X I-Skill
with IN X O
the DT X O
minimum NN X O
of IN X O
supervision NN X O
Experience NN X B-Skill

with IN X I-Skill
XML NNP X I-Skill
and CC X O
related JJ X O
technologies NNS X O
such JJ X O
as IN X O
XSLT NNP X B-Skill
and CC X O
XPath NNP X B-Skill
preferred VBD X O
. . X O
We PRP X O

have VBP X O
built VBN X O
up RP X O
an DT X O
enviable JJ X O
reputation NN X O
over IN X O
many JJ X O
years NNS X O
for IN X O
listening VBG X O
to TO X O
the DT X O
very RB X O
specific JJ X O
needs NNS X O
of IN X O
clients NNS X O
and CC X O
candidates NNS X O
and CC X O
responding VBG X O
with IN X O
genuine JJ X O
interest NN X O
, , X O
enthusiasm NN X O
and CC X O
speed NN X O
. . X O
Head NN X B-Occupation

of IN X I-Occupation
P NNP X I-Occupation
. . X I-Occupation
E NNP X I-Occupation
needed VBD X O
in IN X O
Buckinghamshire NNP X O
Are NNP X O
you PRP X O
a DT X O
wellqualified VBN X B-Skill
, , X O
experienced VBD X B-Skill
, , X O
enthusiastic JJ X B-Skill
and CC X O
inclusive JJ X B-Skill
PE NNP X I-Skill
teacher NN X I-Skill
? . X O
OR CC X O

Are NNP X O
you PRP X O
a DT X O
strong JJ X O
Automation NNP X B-Occupation
Engineer NNP X I-Occupation
OR NNP X O
PLC NNP X B-Occupation
Programmer NNP X I-Occupation
OR NNP X O
Controls NNP X B-Occupation
Engineer NNP X I-Occupation
looking VBG X O
to TO X O
join VB X O
a DT X O
manufacturing NN X B-Domain
company NN X O
that WDT X O
can MD X O
offer VB X O
a DT X O
rewarding NN X O
salary NN X O
as RB X O
well RB X O
as IN X O
stability NN X O
? . X O
The DT X O

Governors NNPS X B-Occupation
of IN X O
Milford NNP X O
Primary NNP X O
School NNP X O
are VBP X O
seeking VBG X O
to TO X O
appoint VB X O
a DT X O
suitably RB X B-Skill
experienced JJ X I-Skill
person NN X O
to TO X O
carry VB X O
out RP X O
the DT X O
responsibilities NNS X O
of IN X O
cleaner NN X B-Occupation
as IN X O
outlined VBN X O
in IN X O
the DT X O
job NN X O
description NN X O
, , X O
including VBG X O
dusting NN X B-Skill
, , X O
polishing VBG X B-Skill
, , X O
vacuuming VBG X B-Skill
and CC X O
the DT X O
cleaning NN X B-Skill
of IN X I-Skill
toilet NN X I-Skill
areas NNS X I-Skill
. . X O
Job NNP X O

Description NNP X O
: : X O
Please NNP X O
see VB X O
below IN X O
a DT X O
few JJ X O
of IN X O
the DT X O
key JJ X O
day NN X O
to TO X O
day NN X O
requirements NNS X O
within IN X O
this DT X O
role NN X O
: : X O
Proven NNP X O

experience NN X B-Skill
of IN X O
Design NNP X B-Domain
and CC X I-Domain
Construction NNP X I-Domain
, , X O
with IN X O
an DT X O
emphasis NN X O
on IN X O
design NN X O
; : X O
Demonstrable JJ X O
experience NN X O
delivering VBG X B-Skill
projects NNS X I-Skill
within IN X O
the DT X O
rail NN X B-Domain
industry NN X I-Domain
; : X O
Acted NNP X B-Skill
as IN X I-Skill
a DT X I-Skill
CEM NNP X I-Skill
on IN X I-Skill
Network NNP X I-Skill
projects NNS X I-Skill
; : X O
Good NNP X O
engineering NN X O
qualifications NNS X O
including VBG X O
HNC NNP X B-Qualification
/ NNP X I-Qualification
degree VBP X I-Qualification
highly RB X O
desirable JJ X O
; : X O
Chartered NNP X B-Qualification
/ NNP X I-Qualification
Incorporated NNP X I-Qualification
Status NNP X I-Qualification
within IN X O
your PRP$ X O
core NN X O
discipline NN X O
To TO X O

work VB X O
for IN X O
a DT X O
well RB X O
established VBN X O
, , X O
market NN X O
leading VBG X O
Company NNP X O
, , X O
based VBN X O
near IN X O
Blackpool NNP X O
, , X O
Lancashire NNP X O
. . X O
The DT X O

Role NNP X O
: : X O
The DT X O
successful JJ X O
candidate NN X O
will MD X O
be VB X O
given VBN X O
full JJ X O
autonomy NN X O
within IN X O
the DT X O
role NN X O
and CC X O
should MD X O
be VB X O
able JJ X O
to TO X O
demonstrate VB X O
a DT X O
full JJ X O
understanding NN X O
of IN X O
managing VBG X B-Skill
a DT X I-Skill
successful JJ X I-Skill
business NN X I-Skill
. . X O
In IN X O

addition NN X O
to TO X O
the DT X O
qualifications NNS X O
described VBD X O
below IN X O
, , X O
the DT X O
ideal JJ X O
candidate NN X O
will MD X O
be VB X O
required VBN X O
to TO X O
: : X O
Demonstrate NNP X O
excellent VBD X O
telephone NN X B-Skill
skills NNS X O
. . X O
Commemorative NNP X O

Coin NNP X O
which WDT X O
is VBZ X O
responsible JJ X O
for IN X O
the DT X O
design NN X B-Domain
, , X O
development NN X B-Domain
, , X O
manufacture NN X B-Domain
and CC X O
sales NNS X B-Domain
of IN X O
extremely RB X O
high JJ X O
quality NN X O
, , X O
specially RB X O
packaged VBN X O
versions NNS X O
of IN X O
circulating VBG X O
coins NNS X O
, , X O
created VBN X O
specifically RB X O
for IN X O
the DT X O
collecting NN X B-Domain
and CC X O
gifting VBG X B-Domain
markets NNS X I-Domain
. . X O
You PRP X O

MUST VBP X O
: : X O
Have VBP X O
good JJ X O
knowledge NN X O
of IN X O
Java NNP X B-Skill
, , X O
HTML NNP X B-Skill
/ NNP X I-Skill
CSS NNP X I-Skill
/ NNP X I-Skill
Javascript NNP X I-Skill
and CC X O
be VB X O
able JJ X O
to TO X O
create VB X B-Skill
endtoend JJ X I-Skill
applications NNS X I-Skill
Have VBP X O
some DT X O
knowledge NN X O
of IN X O
Agile NNP X B-Skill
software NN X I-Skill
development NN X I-Skill
and CC X O
design NN X B-Skill
methodologies NNS X O
and CC X O
show VB X O
a DT X O
keen JJ X B-Skill
interest NN X I-Skill
in IN X I-Skill
technology NN X I-Skill
advancements NNS X I-Skill
Have VBP X O
an DT X O
appreciation NN X O
of IN X O
graphic JJ X B-Skill
design NN X I-Skill
and CC X I-Skill
layout NN X I-Skill
and CC X O
If IN X O

you PRP X O
have VBP X O
several JJ X O
years NNS X O
experinece RB X O
within IN X O
fostering VBG X B-Skill
or CC X O
working VBG X O
with IN X O
children NNS X O
and CC X O
families NNS X O
then RB X O
this DT X O
may MD X O
be VB X O
the DT X O
job NN X O
for IN X O
you PRP X O
. . X O
20 CD X O

Bed NNP X O
EMI NNP X O
Care NNP X O
Home NNP X O
Small NNP X O
, , X O
Cosy NNP X O
, , X O
Family NNP X O
Run NNP X O
, , X O
5 CD X O
Star NNP X O
Home NNP X O
Monday NNP X O
Friday NNP X O
You PRP X O

may MD X O
also RB X O
be VB X O
involved VBN X O
in IN X O
Method NNP X B-Skill
Development NNP X I-Skill
and CC X I-Skill
Validation NNP X I-Skill
. . X O
CHEF NNP X O

DE NNP X O
PARTIE NNP X O
Mercure NNP X O
Brandon NNP X O
Hall NNP X O
Hotel NNP X O
and CC X O
Spa NNP X O
are VBP X O
looking VBG X O
for IN X O
an DT X O
experienced JJ X B-Skill
Chef NNP X B-Occupation
de FW X I-Occupation
Partie NNP X I-Occupation
to TO X O
join VB X O
the DT X O
busy JJ X O
kitchen NN X O
team NN X O
. . X O
As IN X O

the DT X O
successful JJ X O
candidate NN X O
of IN X O
this DT X O
exciting JJ X O
role NN X O
, , X O
you PRP X O
will MD X O
be VB X O
responsible JJ X O
for IN X O
leading VBG X O
all DT X O
marketing NN X B-Skill
web NN X I-Skill
analytics NNS X I-Skill
across IN X O
the DT X O
company NN X O
s VBZ X O
website NN X O
. . X O
The DT X O

Successful NNP X O
candidate NN X O
will MD X O
have VB X O
a DT X B-Skill
positive JJ X I-Skill
attitude NN X I-Skill
to TO X I-Skill
develop VB X I-Skill
and CC X I-Skill
expand VB X I-Skill
their PRP$ X I-Skill
nursing NN X I-Skill
skills NNS X I-Skill
. . X O
You PRP X O

will MD X O
also RB X O
have VB X O
prepared JJ X B-Skill
press NN X I-Skill
releases NNS X I-Skill
and CC X O
managed VBD X B-Skill
press NN X I-Skill
relations NNS X I-Skill
. . X O
We PRP X O

are VBP X O
currently RB X O
recruiting VBG X O
for IN X O
a DT X O
building NN X B-Occupation
services NNS X I-Occupation
mobile VBP X I-Occupation
air NN X I-Occupation
conditioning VBG X I-Occupation
engineer NN X I-Occupation
to TO X O
maintain VB X B-Skill
all DT X I-Skill
variety NN X I-Skill
of IN X I-Skill
air NN X I-Skill
conditioning VBG X I-Skill
equipment NN X I-Skill
including VBG X O
splits NNS X O
, , X O
multi NN X O
splits NNS X O
, , X O
package NN X O
units NNS X O
, , X O
VRVs NNP X O
, , X O
VRFs NNP X O
and CC X O
first JJ X O
line NN X O
faults NNS X O
on IN X O
chillers NNS X O
. . X O
This DT X O

will MD X O
involve VB X O
writing VBG X B-Skill
job NN X I-Skill
advertisements NNS X I-Skill
and CC X O
sourcing VBG X B-Skill
candidates NNS X I-Skill
through IN X I-Skill
a DT X I-Skill
variety NN X I-Skill
of IN X I-Skill
methods NNS X I-Skill
such JJ X O
as IN X O
screening VBG X O
applications NNS X O
and CC X O
accessing VBG X O
job NN X O
boards NNS X O
. . X O
Sage NN X O

CRM NNP X B-Skill
for IN X O
this DT X O
leading JJ X O
Sage NN X O
200 CD X O
Systems NNPS X O
House NNP X O
. . X O
Healthy JJ X O

Careers NNS X O
are VBP X O
pleased VBN X O
to TO X O
be VB X O
recruiting VBG X O
for IN X O
Registered NNP X B-Occupation
Mental NNP X I-Occupation
Health NNP X I-Occupation
Nurses NNP X O
on IN X O
behalf NN X O
of IN X O
a DT X O
well RB X O
established VBN X O
Private NNP X O
Hospital NNP X B-Domain
. . X O
Our PRP$ X O

Advisers NNS X B-Occupation
help VBP X O
our PRP$ X O
customers NNS X O
to TO X O
employ VB X O
their PRP$ X O
own JJ X O
support NN X B-Occupation
workers NNS X I-Occupation
and CC X O
provide VB X O
ongoing VBG X B-Skill
advice NN X I-Skill
when WRB X O
required VBN X O
regarding VBG X O
the DT X O
employer NN X B-Occupation
/ NNP X O
employee NN X B-Occupation
relationship NN X O
. . X O
Candidates NNS X O

that WDT X O
have VBP X O
worked VBN X B-Skill
as IN X I-Skill
an DT X I-Skill
Account NNP X B-Occupation
Executive NNP X I-Occupation
would MD X O
be VB X O
ideal JJ X O
and CC X O
other JJ X O
candidates NNS X O
with IN X O
relevant JJ X B-Skill
internships NNS X I-Skill
or CC X O
related JJ X B-Skill
work NN X I-Skill
experience NN X I-Skill
will MD X O
be VB X O
prioritised VBN X O
. . X O
Proactive JJ X B-Skill

involvement NN X I-Skill
with IN X I-Skill
the DT X I-Skill
field NN X I-Skill
sales NNS X I-Skill
force NN X I-Skill
and CC X I-Skill
Performance NNP X I-Skill
manager NN X I-Skill
to TO X O
ensure VB X O
For IN X O

more JJR X O
about IN X O
it PRP X O
, , X O
first JJ X O
send VB X O
your PRP$ X O
details NNS X O
to TO X O
Lynn NNP X O
Beaumont NNP X O
via IN X O
bestthefoundry NN X O
. . X O
co NN X O
. . X O
uk NN X O
, , X O
or CC X O
by IN X O
all DT X O
means NNS X O
call VBP X O
us PRP X O
for IN X O
a DT X O
chat NN X O
. . X O
A DT X O

strong JJ X O
working VBG X B-Skill
knowledge NN X I-Skill
of IN X I-Skill
user NN X I-Skill
centred VBN X I-Skill
experience NN X I-Skill
design NN X I-Skill
, , X I-Skill
brand NN X I-Skill
development NN X I-Skill
, , X I-Skill
interactive JJ X I-Skill
commerce NN X I-Skill
and CC X I-Skill
creative JJ X I-Skill
process NN X I-Skill
. . X O
If IN X O

you PRP X O
? . X O
re VB X O
currently RB X O
undertaking VBG X O
a DT X O
PGCE NNP X B-Qualification
in IN X I-Qualification
Science NNP X I-Qualification
leading VBG X I-Qualification
in IN X I-Qualification
Chemistry NNP X I-Qualification
and CC X O
you PRP X O
want VBP X O
your PRP$ X O
first JJ X O
job NN X O
as IN X O
a DT X O
Chemistry NNP X B-Occupation
Teacher NNP X I-Occupation
to TO X O
be VB X O
in IN X O
a DT X O
large JJ X O
Inner NNP X O
London NNP X O
secondary JJ X O
school NN X O
, , X O
get VB X O
in IN X O
touch JJ X O
today NN X O
. . X O
Excel NNP X B-Skill

Excellent NNP X O
communication NN X B-Skill
skills NNS X O
Hours NNP X O
of IN X O
work NN X O
: : X O
Monday NNP X O
to TO X O
Friday NNP X O
37 CD X O
. . X O
5 CD X O
hours NNS X O
per IN X O
week NN X O
Coordinate NNP X B-Skill

all DT X I-Skill
of IN X I-Skill
the DT X I-Skill
resources NNS X I-Skill
assigned VBN X O
to TO X O
the DT X O
project NN X O
to TO X O
ensure VB X O
that IN X O
the DT X O
tender NN X O
reflects VBZ X O
the DT X O
project NN X O
strategy NN X O
. . X O
Maintain NNP X B-Skill

direct JJ X I-Skill
and CC X I-Skill
regular JJ X I-Skill
contact NN X I-Skill
with IN X I-Skill
Asset NNP X I-Skill
Teams NNP X I-Skill
in IN X O
order NN X O
to TO X O
ensure VB X O
an DT X O
effective JJ X O
Inspection NNP X O
Service NNP X O
. . X O
Drawings NNS X B-Skill

, , X O
International NNP X B-Skill
and CC X I-Skill
Customer NNP X I-Skill
Standards NNP X I-Skill
Experience NNP X O
in IN X O
the DT X O
use NN X O
of IN X O
Core NN X O
tools NNS X O
Roles NNS X O

and CC X O
responsibilities NNS X O
: : X O
Design NNP X B-Skill
, , X I-Skill
build NN X I-Skill
and CC X I-Skill
maintain VB X I-Skill
the DT X I-Skill
ontologies NNS X I-Skill
They PRP X O

are VBP X O
currently RB X O
in IN X O
need NN X O
of IN X O
a DT X O
Junior NNP X B-Occupation
Sous NNP X I-Occupation
to TO X O
join VB X O
their PRP$ X O
established VBN X O
brigade NN X O
. . X O
This DT X O

type NN X O
of IN X O
role NN X O
needs VBZ X O
a DT X O
confident JJ X B-Skill
individual NN X O
who WP X O
can MD X O
interact VB X B-Skill
well RB X I-Skill
with IN X I-Skill
others NNS X I-Skill
from IN X I-Skill
all DT X I-Skill
backgrounds NNS X I-Skill
. . X O
For IN X O

more JJR X O
information NN X O
and CC X O
to TO X O
apply VB X O
for IN X O
this DT X O
role NN X O
please VB X O
call VB X O
Carl NNP X O
at IN X O
Compass NNP X O
Associates NNPS X O
on IN X O
Additionally RB X O

you PRP X O
will MD X O
adopt VB X O
a DT X O
proactive JJ X B-Skill
approach NN X O
in IN X O
challenging VBG X B-Skill
any DT X I-Skill
request NN X I-Skill
where WRB X I-Skill
costs NNS X I-Skill
might MD X I-Skill
arise VB X I-Skill
and CC X O
negotiate VB X B-Skill
and CC X I-Skill
agree VB X I-Skill
wherever WDT X I-Skill
practicable JJ X I-Skill
the DT X I-Skill
best JJS X I-Skill
price NN X I-Skill
from IN X I-Skill
the DT X I-Skill
Supplier NNP X I-Skill
when WRB X I-Skill
placing VBG X I-Skill
an DT X I-Skill
order NN X I-Skill
. . X O
Ensure NN X O

the DT X O
effective JJ X O
resolution NN X O
of IN X O
UNIX NNP X O
related JJ X O
incidents NNS X O
and CC X O
service NN X O
requests NNS X O
Identify NNP X O
opportunities NNS X O
within IN X O
the DT X O
UNIX NNP X O
infrastructure NN X O
for IN X O
infrastructure NN X O
improvement NN X O
Assist NNP X B-Skill
and CC X O
manage VB X B-Skill
the DT X O
delivery NN X O
of IN X O
UNIX NNP X O
related JJ X O
work NN X O
requests NNS X O
and CC X O
improvements NNS X O
to TO X O
the DT X O
UNIX NNP X O
infrastructure NN X O
Build NNP X O
, , X O
Configure NNP X O
, , X O
install NN X O
, , X O
commission NN X O
, , X O
test NN X O
and CC X O
deploy NN X O
infrastructure NN X O
in IN X O
line NN X O
with IN X O
designs NNS X O
created VBN X O
by IN X O
the DT X O
technology NN X O
team NN X O
Participate NNP X O
and CC X O
manage NN X O
tasks NNS X O
and CC X O
initiatives NNS X O
as IN X O
defined VBN X O
by IN X O
the DT X O
Server NNP X O
and CC X O
Database NNP X B-Occupation
Manager NNP X I-Occupation
Constructively NNP X O
contribute NN X O
to TO X O
continuous JJ X O
improvement NN X O
within IN X O
the DT X O
IT NNP X B-Domain
Division NNP X O
Experience NNP X O
Ensure NN X B-Skill

all DT X I-Skill
UK NNP X I-Skill
marketing NN X I-Skill
sales NNS X I-Skill
communications NNS X I-Skill
are VBP X I-Skill
compliant JJ X I-Skill
with IN X I-Skill
group NN X I-Skill
brand NN X I-Skill
guidelines NNS X I-Skill
. . X O
A DT X O

selfmotivated VBN X B-Skill
, , X O
driven VBN X B-Skill
, , X O
results NNS X B-Skill
orientated VBD X I-Skill
and CC X O
proactive JJ X B-Skill
attitude NN X I-Skill
is VBZ X O
required VBN X O
. . X O
Have VBP X O

a DT X O
passion NN X B-Skill
for IN X I-Skill
testing VBG X I-Skill
As IN X O
a DT X O
company NN X O
they PRP X O
are VBP X O
looking VBG X O
to TO X O
expand VB X O
across IN X O
Europe NNP X O
in IN X O
the DT X O
next JJ X O
12 CD X O
months NNS X O
and CC X O
this DT X O
Systems NNP X B-Occupation
developer NN X I-Occupation
role NN X O
will MD X O
play VB X O
an DT X O
integral JJ X O
part NN X O
in IN X O
the DT X O
company NN X O
s VBZ X O
future JJ X O
Perl NNP X O
Linux NNP X O
Key NNP X O

responsibilities NNS X O
for IN X O
this DT X O
role NN X O
include VBP X O
: : X O
Working VBG X B-Skill
closely RB X I-Skill
with IN X I-Skill
various JJ X I-Skill
business NN X I-Skill
owners NNS X I-Skill
to TO X O
understand VB X O
their PRP$ X O
needs NNS X O
to TO X O
design VB X B-Skill
a DT X I-Skill
mechanism NN X I-Skill
to TO X I-Skill
track VB X I-Skill
web JJ X I-Skill
usage NN X I-Skill
. . X O
The DT X O

successful JJ X O
candidate NN X O
must MD X O
be VB X O
degree JJ X B-Qualification
qualified VBN X I-Qualification
or CC X I-Qualification
equivalent JJ X I-Qualification
in IN X I-Qualification
Mechanical NNP X I-Qualification
Engineering NNP X I-Qualification
or CC X O
other JJ X O
relevant JJ X O
subject NN X O
and CC X O
preferably RB X O
chartered VBD X O
and CC X O
a DT X B-Qualification
member NN X I-Qualification
of IN X I-Qualification
a DT X I-Qualification
relevant JJ X I-Qualification
engineering NN X I-Qualification
institution NN X I-Qualification
. . X O
THE DT X O

RECRUITMENT NNP X O
CONSULTANCY NNP X O
Edwards NNP X O
s NN X O
across IN X O
all DT X O
manufacturing NN X B-Domain
and CC X O
service NN X B-Domain
sectors NNS X I-Domain
, , X O
and CC X O
are VBP X O
on IN X O
the DT X O
preferred JJ X O
supplier NN X O
lists NNS X O
of IN X O
a DT X O
number NN X O
of IN X O
blue JJ X O
chip NN X O
organisations NNS X O
Our PRP$ X O

vision NN X O
is VBZ X O
to TO X O
become VB X O
the DT X O
Compelling NNP X O
, , X O
Cooperative NNP X O
Alternative NNP X O
in IN X O
the DT X O
UK NNP X O
financial JJ X B-Domain
service NN X I-Domain
market NN X O
. . X O
To TO X O

apply VB X O
for IN X O
this DT X O
role NN X O
, , X O
please VB X O
forward RB X O
your PRP$ X O
CV NN X O
to TO X O
Andy NNP X O
Strange NNP X O
, , X O
Alecto NNP X O
Recruitment NNP X O
Ltd NNP X O
Applicant NNP X O

data NNS X O
will MD X O
be VB X O
treated VBN X O
in IN X O
accordance NN X O
with IN X O
the DT X O
Allegis NNP X O
Group NNP X O
s VBD X O
Privacy NNP X O
Notice NNP X O
http VBD X O
:// NNP X O
www NN X O
. . X O
allegisgroup NN X O
. . X O
com NN X O
/ JJ X O
Privacy NNP X O
/ NNP X O
Default NNP X O
. . X O
aspx NN X O
. . X O
General NNP X O

description NN X O
of IN X O
the DT X O
role NN X O
: : X O
We PRP X O
are VBP X O
recruiting VBG X O
for IN X O
a DT X O
Software NNP X B-Occupation
developer NN X I-Occupation
, , X O
to TO X O
join VB X O
the DT X O
development NN X O
team NN X O
at IN X O
our PRP$ X O
clients NNS X O
Milton NNP X O
Keynes NNP X O
based VBN X O
development NN X O
team NN X O
Build NNP X B-Skill
leadingedge NN X I-Skill
software NN X I-Skill
applications NNS X I-Skill
on IN X I-Skill
a DT X I-Skill
C NNP X I-Skill
. . X I-Skill
Net JJ X I-Skill
/ NN X I-Skill
SQL NNP X I-Skill
Server NNP X I-Skill
/ NNP X I-Skill
Winforms NNP X I-Skill
platform NN X I-Skill
. . X O
The DT X O

applicant NN X O
will MD X O
be VB X O
required VBN X O
to TO X O
complete VB X O
an DT X O
Essex NNP X O
County NNP X O
Council NNP X O
driver NN X O
' '' X O
s JJ X O
medical JJ X O
assessment NN X O
note NN X O
: : X O
the DT X O
post NN X O
will MD X O
not RB X O
be VB X O
awarded VBN X O
until IN X O
medical JJ X O
clearance NN X O
is VBZ X O
received VBN X O
This DT X O

is VBZ X O
a DT X O
fantastic JJ X O
opportunity NN X O
for IN X O
a DT X O
focussed JJ X B-Skill
Dispensing NNP X B-Occupation
Optician NNP X I-Occupation
manager NN X I-Occupation
to TO X O
really RB X O
further VB X O
their PRP$ X O
career NN X O
in IN X O
an DT X O
affluent JJ X O
area NN X O
of IN X O
Hemel NNP X O
Hempstead NNP X O
. . X O
Ensure NN X B-Skill

all DT X I-Skill
required JJ X I-Skill
investigations NNS X I-Skill
are VBP X I-Skill
conducted VBN X I-Skill
thoroughly RB X I-Skill
and CC X I-Skill
in IN X I-Skill
a DT X I-Skill
timely JJ X I-Skill
manner NN X I-Skill
and CC X I-Skill
provide VB X I-Skill
a DT X I-Skill
full JJ X I-Skill
report NN X I-Skill
as IN X I-Skill
appropriate JJ X I-Skill
The DT X O
ideal JJ X O
candidate NN X O
will MD X O
have VB X O
the DT X O
following NN X O
: : X O
. . X O
To TO X O

apply VB X O
for IN X O
the DT X O
role NN X O
of IN X O
Part NNP X B-Occupation
Qualified NNP X I-Occupation
Financial NNP X I-Occupation
Accountant NNP X I-Occupation
AAT NNP X B-Skill
/ NNP X O
ACA NNP X B-Skill
/ NNP X O
CIMA NNP X B-Skill
Proven NNP X O

experience NN X O
of IN X O
working VBG X B-Skill
towards NNS X I-Skill
targets NNS X I-Skill
/ VBP X O
sales NNS X B-Skill
levels NNS X I-Skill
Excellent VBP X O
IT NNP X B-Skill
and CC X I-Skill
administration NN X I-Skill
skills NNS X O
Qualified VBD X O
to TO X O
graduate VB X B-Qualification
level NN X I-Qualification
or CC X I-Qualification
equivalent NN X I-Qualification
Candidates NNS X O

will MD X O
ideally RB X O
have VB X O
gained VBN X O
experience NN X O
managing VBG X B-Skill
large JJ X I-Skill
/ NNP X I-Skill
multiple NN X I-Skill
projects NNS X I-Skill
in IN X O
the DT X O
construction NN X B-Domain
or CC X O
electricity NN X B-Domain
industry NN X I-Domain
. . X O
Adecco NNP X O

are VBP X O
an DT X O
employment NN X O
agencyAdecco NN X O
is VBZ X O
acting VBG X O
as IN X O
an DT X O
Employment NNP X O
Agency NNP X O
in IN X O
relation NN X O
to TO X O
this DT X O
vacancy NN X O
We PRP X O

design VBP X B-Skill
, , X I-Skill
manufacture NN X I-Skill
and CC X I-Skill
supply VB X I-Skill
an DT X I-Skill
extensive JJ X I-Skill
range NN X I-Skill
of IN X I-Skill
engine NN X I-Skill
testing VBG X I-Skill
systems NNS X I-Skill
in IN X O
the DT X O
automotive JJ X B-Domain
, , X O
aerospace NN X B-Domain
, , X O
marine NN X B-Domain
and CC X O
industrial JJ X B-Domain
markets NNS X I-Domain
. . X O
This DT X O

is VBZ X O
a DT X O
brand NN X O
new JJ X O
role NN X O
and CC X O
we PRP X O
are VBP X O
looking VBG X O
for IN X O
someone NN X O
who WP X O
has VBZ X B-Skill
previously RB X I-Skill
managed VBN X I-Skill
the DT X I-Skill
contractual JJ X I-Skill
agreements NNS X I-Skill
between IN X I-Skill
customer NN X I-Skill
and CC X I-Skill
clients NNS X I-Skill
from IN X I-Skill
an DT X I-Skill
operational JJ X I-Skill
perspective NN X I-Skill
. . X O
Responsibilities NNS X O

will MD X O
include VB X O
: : X O
Ensure JJ X B-Skill
compliance NN X I-Skill
of IN X I-Skill
Company NNP X I-Skill
policies NNS X I-Skill
, , X I-Skill
instructions NNS X I-Skill
, , X I-Skill
guidelines NNS X I-Skill
and CC X I-Skill
procedures NNS X I-Skill
. . X O
Bullion NN X O

will MD X O
plan VB X B-Skill
, , X O
implement NN X B-Skill
and CC X O
evaluate VB X B-Skill
marketing NN X I-Skill
plans NNS X I-Skill
to TO X I-Skill
achieve VB X I-Skill
monthly JJ X I-Skill
and CC X I-Skill
annual JJ X I-Skill
profit NN X I-Skill
targets NNS X I-Skill
. . X O
With IN X O

the DT X O
ability NN X O
to TO X O
solve VB X B-Skill
problems NNS X I-Skill
, , X O
you PRP X O
will MD X O
have VB X O
experience NN X O
of IN X O
working VBG X O
in IN X O
a DT X O
busy JJ X B-Domain
service NN X I-Domain
sector NN X I-Domain
environment NN X O
with IN X O
excellent JJ X O
IT NNP X B-Skill
skills VBZ X I-Skill
and CC X O
an DT X O
understanding NN X O
of IN X O
the DT X O
principles NNS X O
of IN X O
quality NN X B-Skill
care NN X I-Skill
and CC X O
support NN X B-Skill
. . X O
But CC X O

they PRP X O
re VBP X O
just RB X O
the DT X O
benefits NNS X O
we PRP X O
can MD X O
tell VB X O
you PRP X O
about IN X O
here RB X O
. . X O
Team NN X B-Skill

working VBG X I-Skill
and CC X O
communications NNS X B-Skill
within IN X O
an DT X O
overall JJ X O
approach NN X O
that WDT X O
values VBZ X B-Skill
people NNS X I-Skill
will MD X O
be VB X O
of IN X O
key JJ X O
importance NN X O
. . X O
Follow NNP X O

us PRP X O
on IN X O
Twitter NNP X O
http NN X O
:// NNP X O
twitter NN X O
. . X O
com NN X O
/ NN X O
MotorTradeJobs NNP X O
Perfect NNP X O
Placement NNP X O
UK NNP X O
Ltd NNP X O
is VBZ X O
an DT X O
employment NN X B-Domain
agency NN X O
acting VBG X O
as IN X O
such JJ X O
under IN X O
the DT X O
Employment NNP X O
Act NNP X O
Typically RB X O

manages VBZ X B-Skill
cost NN X I-Skill
centre NN X I-Skill
budget NN X I-Skill
first JJ X O
line NN X O
budgetary JJ X O
accountability NN X O
As IN X O

a DT X O
wholly RB X O
owned JJ X O
UK NNP X O
subsidiary NN X O
of IN X O
a DT X O
larger JJR X O
Group NNP X O
alongside VBD X O
its PRP$ X O
sister NN X O
companies NNS X O
throughout IN X O
Europe NNP X O
, , X O
our PRP$ X O
client NN X O
is VBZ X O
a DT X O
reliable JJ X B-Skill
and CC X O
successful JJ X B-Skill
whole JJ X B-Domain
sale NN X I-Domain
trade NN X I-Domain
partner NN X O
in IN X O
components NNS X O
for IN X O
fluid JJ X B-Domain
transport NN X I-Domain
systems NNS X I-Domain
. . X O
Ensuring VBG X B-Skill

compliance NN X I-Skill
with IN X I-Skill
legislative JJ X I-Skill
requirements NNS X I-Skill
and CC X I-Skill
the DT X I-Skill
Environmental NNP X I-Skill
Permit NNP X I-Skill
Hours NNP X O

of IN X O
Work NNP X O
: : X O
40 CD X O
hours NNS X O
per IN X O
week NN X O
Benefits NNS X O
: : X O
4 CD X O
x NNS X O
Salary JJ X O
Death NNP X O
In IN X O
Service NNP X O
Scheme NNP X O
. . X O
Nigel NNP X O

Frank NNP X O
International NNP X O
is VBZ X O
the DT X O
leading VBG X O
Microsoft NNP X O
Dynamics NNP X O
recruitment NN X O
firm NN X O
in IN X O
the DT X O
UK NNP X O
, , X O
advertising VBG X O
more JJR X O
Microsoft NNP X O
Lync NNP X O
jobs NNS X O
than IN X O
any DT X O
other JJ X O
agency NN X O
. . X O
This DT X O

position NN X O
will MD X O
be VB X O
joining VBG X O
a DT X O
very RB X O
strong JJ X O
team NN X O
, , X O
so RB X O
will MD X O
be VB X O
an DT X O
excellent JJ X O
environment NN X O
in IN X O
which WDT X O
to TO X O
develop VB X O
. . X O
Exposure NN X B-Skill

and CC X I-Skill
understanding NN X I-Skill
of IN X I-Skill
MI NNP X I-Skill
and CC X O
lead JJ X B-Skill
allocation NN X I-Skill
within IN X I-Skill
an DT X I-Skill
outbound NN X I-Skill
environment NN X I-Skill
Proactive NNP X I-Skill
approach NN X I-Skill
with IN X I-Skill
a DT X I-Skill
track NN X I-Skill
record NN X I-Skill
of IN X I-Skill
working VBG X I-Skill
cross NN X I-Skill
functionally RB X I-Skill
**** JJ X O

hr JJ X B-Domain
operational JJ X O
responsibility NN X O
of IN X O
the DT X O
hospital NN X B-Domain
/ NNP X O
centre NN X O
and CC X O
provide VB X O
leadership NN X B-Skill
and CC X O
direction NN X O
in IN X O
meeting VBG X O
all DT X O
people NNS X O
, , X O
financial JJ X B-Skill
and CC X I-Skill
legislative JJ X I-Skill
requirements NNS X I-Skill
. . X O
Your PRP$ X O

role NN X O
will MD X O
be VB X O
to TO X O
promote VB X B-Skill
the DT X I-Skill
services NNS X I-Skill
and CC X O
then RB X O
manage VB X B-Skill
the DT X I-Skill
relationships NNS X I-Skill
between IN X I-Skill
the DT X I-Skill
schools NNS X I-Skill
and CC X I-Skill
the DT X I-Skill
organisations NNS X I-Skill
in IN X O
order NN X O
to TO X O
promote VB X O
placements NNS X O
, , X O
experience NN X O
days NNS X O
and CC X O
apprenticeships NNS X O
. . X O
To TO X O

achieve VB X B-Skill
all DT X I-Skill
KPI NNP X I-Skill
s NN X I-Skill
and CC X I-Skill
targets NNS X I-Skill
for IN X I-Skill
activity NN X I-Skill
or CC X I-Skill
service NN X I-Skill
provision NN X I-Skill
in IN X I-Skill
conjunction NN X I-Skill
with IN X I-Skill
client NN X I-Skill
They PRP X O

will MD X O
be VB X O
joining VBG X O
and CC X O
on IN X O
occasion NN X O
leading VBG X B-Skill
a DT X I-Skill
brigade NN X I-Skill
of IN X O
Let VB X O

s PRP X O
find VB X O
the DT X O
career NN X O
that WDT X O
connects VBZ X O
with IN X O
your PRP$ X O
life NN X O
. . X O
Job NNP X O

Description NNP X O
: : X O
We PRP X O
are VBP X O
currently RB X O
recruiting VBG X O
for IN X O
Sous NNP X B-Occupation
Chef NNP X I-Occupation
positions NNS X O
for IN X O
a DT X O
number NN X O
of IN X O
our PRP$ X O
key JJ X O
clients NNS X O
across IN X O
the DT X O
UK NNP X O
, , X O
many JJ X O
of IN X O
whom WP X O
have VBP X O
registered VBN X O
their PRP$ X O
vacancies NNS X O
with IN X O
us PRP X O
and CC X O
us PRP X O
alone RB X O
, , X O
choosing VBG X O
Cherryred NNP X O
as IN X O
the DT X O
consultancy NN X O
of IN X O
choice NN X O
. . X O
The DT X O

agency NN X O
is VBZ X O
a DT X O
smalltomedium NN X O
sized VBN X O
medical JJ X B-Domain
communications NNS X I-Domain
agency NN X O
that WDT X O
has VBZ X O
a DT X O
modern JJ X O
approach NN X O
and CC X O
has VBZ X O
enjoyed VBN X O
success NN X O
. . X O
However RB X O

the DT X O
successful JJ X O
candidate NN X O
will MD X O
be VB X O
proactive JJ X B-Skill
and CC X O
have VBP X O
the DT X O
ability NN X B-Skill
to TO X I-Skill
generate VB X I-Skill
their PRP$ X I-Skill
own JJ X I-Skill
leads NNS X I-Skill
if IN X O
required VBN X O
. . X O
You PRP X O

will MD X O
ideally RB X O
have VB X O
a DT X O
testing JJ X O
time NN X O
of IN X O
twenty NN X O
minutes NNS X O
and CC X O
will MD X O
continually RB X O
strive VB X O
to TO X O
improve VB X O
your PRP$ X O
commercial JJ X B-Skill
awareness NN X I-Skill
. . X O
All DT X O

disabled JJ X O
applicants NNS X O
who WP X O
meet VBP X O
the DT X O
essential JJ X O
job NN X O
requirements NNS X O
will MD X O
be VB X O
guaranteed VBN X O
an DT X O
interview NN X O
. . X O
For IN X O

further JJ X O
details NNS X O
and CC X O
to TO X O
apply VB X O
visit NN X O
and CC X O
select JJ X O
PA NNP X O
Vacancies NNP X O
in IN X O
Nottinghamshire NNP X O
vacancy NN X O
ref NN X O
SB NNP X O
/ NNP X O
DG NNP X O
/ NNP X O
NOTTM NNP X O
. . X O
to TO X O

**** VB X O
a DT X O
week NN X O
with IN X O
a DT X O
total JJ X O
portfolio NN X O
spend VBP X O
level NN X O
in IN X O
excess NN X O
of IN X O
1 CD X O
****, NNS X O
000 CD X O
week NN X O
across IN X O
50 CD X O
Your PRP$ X O

responsiblities NNS X O
will MD X O
also RB X O
include VB X O
: : X O
Assisting NNP X O
in IN X O
the DT X O
delivery NN X B-Skill
of IN X I-Skill
business NN X I-Skill
events NNS X I-Skill
and CC X I-Skill
seminars NNS X I-Skill
Supporting VBG X O
the DT X O
team NN X O
in IN X O
the DT X O
delivery NN X B-Skill
of IN X I-Skill
external JJ X I-Skill
projects NNS X I-Skill
including VBG X O
: : X O
European JJ X B-Domain
Regional NNP X I-Domain
Development NNP X I-Domain
Fund NNP X I-Domain
ERDF NNP X I-Domain
programmes NNS X I-Domain
, , X O
regional JJ X B-Domain
Improvement NNP X I-Domain
and CC X O
Efficiency NNP X B-Domain
Programme NNP X I-Domain
and CC X I-Domain
Technology NNP X I-Domain
Strategy NNP X O
Board NNP X O
Contributing NNP X O
to TO X O
and CC X O
supporting VBG X O
the DT X O
delivery NN X O
of IN X O
marketing VBG X B-Skill
performance NN X I-Skill
reports NNS X I-Skill
Managing VBG X O
social JJ X B-Skill
media NNS X I-Skill
sites NNS X I-Skill
, , X O
previous JJ X O
experience NN X O
essential VBD X O
The DT X O
Person NN X O
: : X O
Work NN X O

with IN X O
the DT X O
client NN X O
to TO X O
discuss VB X B-Skill
/ NNP X I-Skill
clarify VB X I-Skill
control NN X I-Skill
requirements NNS X I-Skill
Provide NNP X O

support NN X B-Skill
, , X I-Skill
consultancy NN X I-Skill
and CC X I-Skill
assistance NN X I-Skill
to TO X O
colleagues NNS X O
and CC X O
other JJ X O
areas NNS X O
within IN X O
the DT X O
company NN X O
as RB X O
required JJ X O
. . X O
The DT X O

application NN X O
of IN X O
which WDT X O
is VBZ X O
Consumer NNP X B-Domain
electronic JJ X I-Domain
, , X O
Medical NNP X B-Domain
, , X O
Renewable NNP X B-Domain
Energy NNP X I-Domain
including VBG X O
Photovoltaic NNP X B-Domain
' POS X I-Domain
s NN X I-Domain
, , X O
Energy NNP X B-Domain
Storage NNP X I-Domain
such JJ X O
as IN X O
batteries NNS X O
, , X O
super JJ X O
capacitors NNS X O
etc VBP X O
Requirements NNS X O
: : X O
The DT X O

package NN X O
comprises VBZ X O
of IN X O
excellent JJ X O
basic JJ X O
salary NN X O
and CC X O
corporate JJ X O
benefits NNS X O
. . X O
Keeps VBZ X B-Skill

up RP X I-Skill
with IN X I-Skill
Fee NNP X I-Skill
Earners NNP X I-Skill
work NN X I-Skill
production NN X I-Skill
High NNP X I-Skill
accuracy NN X I-Skill
levels NNS X I-Skill
: : X O

Excellent NN X O
research NN X B-Skill
, , X I-Skill
analytical JJ X I-Skill
and CC X I-Skill
writing VBG X I-Skill
skills NNS X I-Skill
Previous JJ X O
experience NN X O
in IN X O
new JJ X B-Skill
business NN X I-Skill
development NN X I-Skill
in IN X O
a DT X O
corporate JJ X B-Domain
communications NNS X I-Domain
agency NN X O
Commutable JJ X O

locations NNS X O
include VBP X O
Taunton NNP X O
, , X O
WestonSuperMare NNP X O
, , X O
Bristol NNP X O
, , X O
Bridgwater NNP X O
, , X O
Exeter NNP X O
, , X O
BurnhamonSea NNP X O
, , X O
Clevedon NNP X O
, , X O
Yeovil NNP X O
and CC X O
Glastonbury NNP X O
. . X O
Michelin NNP X B-Domain

or CC X O
high JJ X B-Domain
rosette NN X I-Domain
experience NN X O
accompanied VBN X O
with IN X O
the DT X O
drive NN X B-Skill
to TO X I-Skill
succeed VB X I-Skill
is VBZ X O
a DT X O
MUST NNP X O
for IN X O
this DT X O
Pastry NNP X B-Occupation
Chef NNP X I-Occupation
role NN X O
as IN X O
the DT X O
standard NN X O
of IN X O
this DT X O
establishment NN X O
Employment NN X O

subject NN X O
to TO X O
enhanced VB X O
CRB NNP X O
checksTo NN X O
apply NN X O
for IN X O
this DT X O
position NN X O
please VB X O
call JJ X O
Becky NNP X O
Branson NNP X O
at IN X O
Compass NNP X O
Associates NNPS X O
on IN X O
PERSON NNP X O

SPECIFICATION NNP X O
Family NNP X B-Occupation
Support NNP X I-Occupation
Worker NNP X I-Occupation
Please NNP X O
address VB X O
the DT X O
following JJ X O
points NNS X O
in IN X O
your PRP$ X O
job NN X O
application NN X O
ATTRIBUTES NNP X O
Ideally RB X O

you PRP X O
will MD X O
have VB X O
telephony JJ X B-Skill
experience NN X I-Skill
within IN X O
a DT X O
related JJ X O
sales NNS X B-Domain
environment NN X O
, , X O
at IN X O
the DT X O
very RB X O
least JJS X O
you PRP X O
must MD X O
be VB X O
able JJ X O
to TO X O
demonstrate VB X O
excellent JJ X O
customer NN X B-Skill
service NN X I-Skill
and CC X O
sales NNS X B-Skill
experience NN X I-Skill
with IN X O
a DT X O
demonstrable JJ X O
track NN X O
record NN X O
with IN X O
a DT X O
targeted JJ X B-Skill
sales NNS X I-Skill
environment NN X O
. . X O
Must NNP X O

have VBP X O
ACS NNP X B-Skill
, , X O
Gas NNP X B-Skill
Safe NNP X I-Skill
, , X O
Part NNP X B-Skill
L NNP X I-Skill
, , X O
own JJ X B-Skill
van NN X I-Skill
/ NN X I-Skill
tools NNS X I-Skill
, , X O
S NNP X B-Skill
& CC X I-Skill
Y NNP X I-Skill
Plan NNP X I-Skill
exp VBZ X I-Skill
, , X O
clean JJ X B-Skill
criminal NN X I-Skill
record NN X I-Skill
and CC X O
relevant JJ X O
experience NN X B-Skill
. . X O
You PRP X O

will MD X O
have VB X O
developed VBN X B-Skill
soft JJ X I-Skill
skills NNS X I-Skill
, , X O
customer NN X B-Domain
service NN X I-Domain
and CC X O
business NN X B-Domain
specific JJ X I-Domain
training NN X I-Domain
programs NNS X O
and CC X O
ideally RB X O
be VB X O
degree JJ X O
qualified VBN X B-Qualification
or CC X O
equivalent JJ X O
. . X O
Experience NN X O

in IN X O
a DT X O
Food NNP X B-Domain
Beverage NNP X I-Domain
, , X O
retail JJ X B-Domain
or CC X O
hospitality NN X B-Domain
environment NN X I-Domain
is VBZ X O
preferred VBN X O
. . X O
This DT X O

is VBZ X O
also RB X O
an DT X O
opportunity NN X O
for IN X O
an DT X O
individual NN X O
to TO X O
further VB X O
their PRP$ X O
career NN X O
development NN X O
and CC X O
in IN X O
the DT X O
future JJ X O
move NN X O
into IN X O
a DT X O
more RBR X O
database JJ X B-Domain
administration NN X I-Domain
role NN X O
. . X O
You PRP X O

will MD X O
hear VB X O
from IN X O
them PRP X O
directly RB X O
to TO X O
arrange VB X O
interviews NNS X O
and CC X O
/ NN X O
or CC X O
assessment NN X O
centres NNS X O
. . X O
Therefore RB X O

a DT X O
high JJ X O
standard NN X O
of IN X O
English NNP X B-Skill
grammar NN X I-Skill
and CC X O
good JJ X O
working VBG X O
knowledge NN X O
of IN X O
Word NNP X B-Skill
Excel NNP X I-Skill
are VBP X O
essential JJ X O
. . X O
Your PRP$ X O

role NN X O
will MD X O
be VB X O
to TO X O
take VB X O
responsibility NN X B-Skill
for IN X I-Skill
IT NNP X I-Skill
solutions VBZ X I-Skill
projects NNS X O
that IN X O
deliver JJ X B-Skill
whole JJ X I-Skill
solutions NNS X I-Skill
to TO X I-Skill
the DT X I-Skill
business NN X I-Skill
; : X O
coordinating VBG X B-Skill
multidiscipline VBP X I-Skill
virtual JJ X I-Skill
teams NNS X I-Skill
spanning VBG X O
across IN X O
IT NNP X O
teams NNP X O
, , X O
business NN X O
areas NNS X O
and CC X O
multiple JJ X O
suppliers NNS X O
. . X O
at IN X O

least JJS X O
****: JJ X O
1 CD X O
level NN X O
Get NNP X O
satisfaction NN X O
from IN X O
making VBG X B-Skill
a DT X I-Skill
difference NN X I-Skill
and CC X I-Skill
exceeding VBG X I-Skill
customer NN X I-Skill
expectations NNS X I-Skill
**** JJ X O

Report NNP X B-Skill
monthly NN X I-Skill
on IN X I-Skill
progress NN X I-Skill
against IN X I-Skill
programme NN X I-Skill
outcomes NNS X I-Skill
, , X O
meeting VBG X B-Skill
the DT X I-Skill
reporting NN X I-Skill
requirements NNS X I-Skill
of IN X I-Skill
the DT X I-Skill
NCS NNP X I-Skill
Network NNP X I-Skill
and CC X I-Skill
Cabinet NNP X I-Skill
Office NNP X I-Skill
The DT X O

Role NNP X O
: : X O
The DT X O
role NN X O
focuses VBZ X O
on IN X O
data NNS X O
captured VBN X O
from IN X O
a DT X O
range NN X O
of IN X O
common JJ X O
Building NNP X B-Skill
Energy NNP X I-Skill
Management NNP X I-Skill
Systems NNP X O
, , X O
aligned VBN X O
with IN X O
Energy NNP X B-Skill
consumption NN X I-Skill
profiling VBG X O
data NNS X O
. . X O
Our PRP$ X O

customers NNS X O
want VBP X O
to TO X O
Make VB X O
a DT X O
House NNP X B-Domain
a DT X O
Home NNP X B-Domain
, , X O
and CC X O
we PRP X O
are VBP X O
here RB X O
to TO X O
help VB X B-Skill
them PRP X O
do VB X O
just RB X O
that IN X O
supplying VBG X B-Skill
the DT X I-Skill
product NN X I-Skill
ranges VBZ X I-Skill
they PRP X I-Skill
want VBP X I-Skill
, , X I-Skill
and CC X I-Skill
the DT X I-Skill
friendly JJ X I-Skill
advice NN X I-Skill
they PRP X I-Skill
need VBP X I-Skill
. . X O
Needs NNS X O

to TO X O
be VB X O
competent JJ X O
in IN X O
EXCEL NNP X B-Skill
and CC X O
WORD NNP X B-Skill
, , X O
reliable JJ X B-Skill
with IN X O
good JJ X O
time NN X B-Skill
keeping VBG X I-Skill
. . X O
I PRP X O

m VBP X O
working VBG X O
on IN X O
behalf NN X O
of IN X O
the DT X O
owners NNS X O
of IN X O
an DT X O
independent JJ X O
freehouse NN X O
who WP X O
are VBP X O
seeking VBG X O
a DT X O
reliable JJ X B-Skill
, , X O
ambitious JJ X B-Skill
and CC X O
experienced JJ X B-Skill
management NN X B-Occupation
couple NN X I-Occupation
for IN X O
their PRP$ X O
village NN X O
pub NN X O
. . X O
Demonstrate VB X B-Skill

a DT X I-Skill
caring NN X I-Skill
manner NN X I-Skill
towards IN X I-Skill
patients NNS X I-Skill
at IN X O
all DT X O
times NNS X O
and CC X O
after IN X O
full JJ X O
training NN X O
assist VB X B-Skill
the DT X I-Skill
nursing JJ X I-Skill
staff NN X I-Skill
with IN X I-Skill
lifting NN X I-Skill
, , X I-Skill
turning VBG X I-Skill
and CC X I-Skill
positioning NN X I-Skill
of IN X I-Skill
patients NNS X I-Skill
as IN X I-Skill
necessary JJ X I-Skill
. . X O
hereThey NN X O

may MD X O
consider VB X O
exceptional JJ X O
individuals NNS X O
without IN X O
sales NNS X B-Domain
experience NN X O
, , X O
but CC X O
with IN X O
the DT X O
drive NN X B-Skill
and CC X I-Skill
tenacity NN X I-Skill
to TO X I-Skill
succeed VB X I-Skill
in IN X I-Skill
a DT X I-Skill
new JJ X I-Skill
business NN X I-Skill
sales NNS X I-Skill
role NN X I-Skill
If IN X O

you PRP X O
are VBP X O
interested JJ X O
in IN X O
applying VBG X O
for IN X O
this DT X O
role NN X O
please NN X O
click VB X O
APPLY NNP X O
now RB X O
or CC X O
contact VB X O
Katie NNP X O
on IN X O
Are NNP X O

you PRP X O
a DT X O
highly RB X O
skilled VBN X B-Skill
PR NNP X B-Occupation
professional NN X I-Occupation
who WP X O
has VBZ X O
excellent JJ X O
contacts NNS X B-Skill
with IN X I-Skill
the DT X I-Skill
media NNS X I-Skill
and CC X I-Skill
clients NNS X I-Skill
? . X O
Benefits NNS X O

Flexible JJ X O
hours NNS X O
to TO X O
suit VB X O
you PRP X O
Competitive JJ X O
rates NNS X O
of IN X O
pay NN X O
Holiday NNP X O
pay NN X O
Members NNP X O
Loyalty NNP X O
programme JJ X O
Specialist NNP X O
training NN X O
to TO X O
further JJ X O
develop VB X O
your PRP$ X O
career NN X O
CRB NNP X O
Reimbursement NNP X O
scheme NN X O
Access NNP X O
to TO X O
exclusive JJ X O
discounts NNS X O
for IN X O
High NNP X O
Street NNP X O
stores NNS X O
, , X O
travel NN X O
and CC X O
other JJ X O
leisure NN X O
activities NNS X O
Work VBP X O
with IN X O
some DT X O
of IN X O
the DT X O
UK NNP X O
s VBZ X O
most JJS X O
prestigious JJ X O
companies NNS X O
and CC X O
individuals NNS X O
CSCS NNP X B-Qualification

Available NNP X O
references NNS X O
Roles NNP X O
and CC X O
responsibilities NNS X O
will MD X O
include VB X O
Attending NNP X B-Skill
site NN X I-Skill
progress NN X I-Skill
meetings NNS X I-Skill
Liaising VBG X I-Skill
with IN X I-Skill
clients NNS X I-Skill
and CC X I-Skill
their PRP$ X I-Skill
representative NN X I-Skill
Able JJ X O

to TO X O
present VB X B-Skill
complex JJ X I-Skill
information NN X I-Skill
face NN X I-Skill
to TO X I-Skill
face VB X I-Skill
Adaptable NNP X I-Skill
and CC X O
able JJ X O
to TO X O
sell VB X B-Skill
into IN X I-Skill
diverse JJ X I-Skill
customer NN X I-Skill
base NN X I-Skill
We PRP X O

have VBP X O
an DT X O
innovative JJ X B-Skill
and CC X O
professional JJ X B-Skill
approach NN X I-Skill
to TO X O
support VB X B-Skill
and CC X I-Skill
care VB X I-Skill
planning VBG X I-Skill
to TO X O
ensure VB X B-Skill
that DT X I-Skill
service NN X I-Skill
users NNS X I-Skill
are VBP X I-Skill
involved VBN X I-Skill
in IN X I-Skill
all DT X I-Skill
areas NNS X I-Skill
of IN X I-Skill
our PRP$ X I-Skill
work NN X I-Skill
. . X O
At IN X O

all DT X O
times NNS X O
work VBP X B-Domain
safety NN X I-Domain
, , X O
ensuring VBG X O
the DT X O
safety NN X B-Skill
of IN X I-Skill
self NN X I-Skill
and CC X I-Skill
members NNS X I-Skill
, , X O
to TO X O
minimize VB X B-Skill
risk NN X I-Skill
of IN X I-Skill
accident NN X I-Skill
or CC X I-Skill
injury NN X I-Skill
. . X O
They PRP X O

will MD X O
need VB X O
knowledge NN X B-Skill
within IN X I-Skill
the DT X I-Skill
operating NN X I-Skill
department NN X I-Skill
and CC X O
be VB X O
able JJ X B-Skill
to TO X I-Skill
give VB X I-Skill
procedure NN X I-Skill
advice NN X I-Skill
. . X O
If IN X O

this DT X O
role NN X O
is VBZ X O
of IN X O
interest NN X O
to TO X O
you PRP X O
then RB X O
please VB X O
apply RB X O
now RB X O
or CC X O
contact VB X O
us PRP X O
for IN X O
information NN X O
on IN X O
similar JJ X O
roles NNS X O
. . X O
Eligibility NN X O

You PRP X O
must MD X O
be VB X O
eligible JJ X O
to TO X B-Skill
live VB X I-Skill
and CC X I-Skill
work VB X I-Skill
in IN X I-Skill
the DT X I-Skill
location NN X I-Skill
advertised VBD X I-Skill
. . X O
The DT X O

company NN X O
offer VBP X O
excellent JJ X O
benefits NNS X O
, , X O
training NN X O
and CC X O
career NN X O
progression NN X O
is VBZ X O
available JJ X O
to TO X O
all DT X O
employees NNS X O
wishing VBG X O
to TO X O
work VB X O
towards NNS X O
promotion NN X O
. . X O
As IN X O

the DT X O
Project NNP X B-Occupation
Manager NNP X I-Occupation
you PRP X O
will MD X O
be VB X O
responsible JJ X O
for IN X O
leading VBG X B-Skill
the DT X I-Skill
project NN X I-Skill
team NN X I-Skill
ensuring VBG X I-Skill
all DT X I-Skill
work NN X I-Skill
is VBZ X I-Skill
carried VBN X I-Skill
out RP X I-Skill
efficiently RB X I-Skill
to TO X I-Skill
time NN X I-Skill
and CC X I-Skill
budget NN X I-Skill
. . X O
Although IN X O

Business NNP X B-Skill
Intelligence NNP X I-Skill
and CC X O
Data NNP X B-Skill
Warehousing NNP X I-Skill
skills NNS X O
are VBP X O
not RB X O
essential JJ X O
, , X O
it PRP X O
is VBZ X O
considered VBN X O
hugely RB X O
advantageous JJ X O
if IN X O
the DT X O
successful JJ X O
candidate NN X O
has VBZ X O
a DT X O
grounding NN X O
in IN X O
SQL NNP X B-Skill
Server NNP X I-Skill
technologies VBZ X O
with IN X O
a DT X O
genuine JJ X O
interest NN X O
in IN X O
learning VBG X O
more JJR X O
about IN X O
the DT X O
BI NNP X B-Domain
field NN X O
. . X O
We PRP X O

are VBP X O
unable JJ X O
to TO X O
give VB X O
specific JJ X O
feedback NN X O
to TO X O
unsuccessful JJ X O
candidates NNS X O
. . X O
You PRP X O

will MD X O
be VB X O
expected VBN X O
to TO X O
undertake VB X B-Skill
all DT X I-Skill
aspects NNS X I-Skill
of IN X I-Skill
personal JJ X I-Skill
care NN X I-Skill
, , X O
including VBG X O
assisting VBG X B-Skill
at IN X I-Skill
meal NN X I-Skill
times NNS X I-Skill
, , X O
bathing NN X B-Skill
, , X I-Skill
dressing VBG X I-Skill
, , X I-Skill
toileting VBG X I-Skill
and CC X I-Skill
being VBG X I-Skill
involved VBN X I-Skill
in IN X I-Skill
activities NNS X I-Skill
within IN X I-Skill
the DT X I-Skill
home NN X I-Skill
. . X O
Experience NN X O

in IN X O
redeployment NN X B-Skill
, , X O
redundancies NNS X B-Skill
and CC X O
hearings NNS X B-Skill
is VBZ X O
essential JJ X O
P NNP X O
lease NN X O
email VB X O
your PRP$ X O
CV NNP X O
to TO X O
Lee NNP X O
quoting VBG X O
the DT X O
above JJ X O
reference NN X O
number NN X O
so IN X O
we PRP X O
can MD X O
locate VB X O
the DT X O
job NN X O
ok NN X O
. . X O
To TO X O

assess VB X B-Skill
claims NNS X I-Skill
in IN X I-Skill
a DT X I-Skill
timely JJ X I-Skill
manner NN X I-Skill
, , X O
ensuring VBG X B-Skill
Department NNP X I-Skill
and CC X I-Skill
Client NNP X I-Skill
objectives NNS X I-Skill
are VBP X I-Skill
met VBN X I-Skill
. . X O
to TO X O

**** VB X O
per IN X O
hour NN X O
including VBG X O
holiday JJ X O
pay NN X O
No NNP X O
minimum JJ X O
number NN X O
of IN X O
shifts NNS X O
to TO X O
work VB X O
Develop NNP X B-Skill
your PRP$ X I-Skill
CPD NNP X I-Skill
Book NNP X I-Skill
shifts VBZ X O
up IN X O
to TO X O
6 CD X O
months NNS X O
in IN X O
advance NN X O
Quick NNP X O
and CC X O
easy JJ X O
joining NN X O
process NN X O
and CC X O
excellent JJ X O
agency NN X O
service NN X O
**** JJ X O

**** NNP X O
**** NNP X O
for IN X O
a DT X O
confidential JJ X O
discussion NN X O
about IN X O
this DT X O
or CC X O
other JJ X O
roles NNS X O
we PRP X O
are VBP X O
recruiting VBG X O
for IN X O
We PRP X O
at IN X O
Profiles NNP X O
Creative NNP X O
are VBP X O
interested JJ X O
in IN X O
talking VBG X O
to TO X O
candidates NNS X O
who WP X O
specifically RB X O
match VBP X O
these DT X O
criteria NNS X O
AND CC X O
with IN X O
candidates NNS X O
who WP X O
feel VBP X O
they PRP X O
could MD X O
grow VB X O
into IN X O
this DT X O
role NN X O
. . X O
You PRP X O

will MD X O
be VB X O
buying JJ X B-Skill
resources NNS X I-Skill
and CC X I-Skill
consultancy NN X I-Skill
from IN X I-Skill
outsourced JJ X I-Skill
providers NNS X I-Skill
. . X O
You PRP X O

will MD X O
be VB X O
classically RB X O
FMCG NNP X B-Skill
trained VBD X I-Skill
, , X O
preferably RB X O
through IN X O
a DT X O
graduate NN X B-Qualification
scheme NN X O
, , X O
where WRB X O
you PRP X O
would MD X O
have VB X O
developed VBN X O
excellent JJ X O
negotiation NN X B-Skill
, , X I-Skill
sales NNS X I-Skill
& CC X O
communication NN X B-Skill
skills NNS X O
. . X O
We PRP X O

have VBP X O
an DT X O
opportunity NN X O
for IN X O
a DT X O
Resource NNP X B-Occupation
Planner NNP X I-Occupation
Analyst NNP X I-Occupation
to TO X O
join VB X O
the DT X O
Contact NNP X O
Centre NNP X O
in IN X O
Lount NNP X O
of IN X O
the DT X O
UK NNP X O
leader NN X O
in IN X O
express JJ X O
parcel NN X O
delivery NN X O
providing VBG X O
an DT X O
unparalleled JJ X O
range NN X O
of IN X O
guaranteed JJ X O
businesstobusiness NN X O
services NNS X O
. . X O
The DT X O

Person NNP X O
We PRP X O
are VBP X O
looking VBG X O
for IN X O
fun NN X B-Skill
, , X I-Skill
friendly RB X I-Skill
and CC X I-Skill
outgoing VBG X I-Skill
experienced JJ X O
Managers NNS X B-Occupation
, , X O
who WP X O
genuinely RB X O
enjoys VBZ X O
working VBG X O
in IN X O
funky JJ X O
restaurant NN X B-Domain
environment NN X O
in IN X O
very RB X O
high JJ X B-Skill
volume NN X I-Skill
environment NN X I-Skill
. . X O
Dependant NN X O

on IN X O
the DT X O
size NN X O
of IN X O
group NN X O
and CC X O
dietary JJ X O
requirements NNS X O
. . X O
The DT X O

Person NNP X O
Key NNP X O
attributes VBZ X O
and CC X O
experience NN X O
for IN X O
this DT X O
corporate JJ X O
and CC X O
public JJ X O
affairs NNS X O
communications VBZ X O
New NNP X B-Occupation
Business NNP X I-Occupation
Consultant NNP X I-Occupation
role NN X O
All DT X O

candidates NNS X O
must MD X O
be VB X O
in IN X O
the DT X O
UK NNP X O
at IN X O
the DT X O
time NN X O
of IN X O
application NN X O
. . X O
The DT X O

Role NNP X O
: : X O
Reporting NN X B-Skill
to TO X I-Skill
the DT X I-Skill
Regional NNP X B-Occupation
Director NNP X I-Occupation
you PRP X O
will MD X O
be VB X O
expected VBN X O
to TO X O
undertake VB X B-Skill
all DT X I-Skill
managerial JJ X I-Skill
responsibilities NNS X I-Skill
for IN X I-Skill
the DT X I-Skill
community NN X I-Skill
based VBN X I-Skill
services NNS X I-Skill
within IN X I-Skill
the DT X I-Skill
area NN X I-Skill
and CC X O
will MD X O
also RB X O
promote VB X B-Skill
future JJ X I-Skill
service NN X I-Skill
development NN X I-Skill
to TO X I-Skill
strengthen VB X I-Skill
the DT X I-Skill
company NN X I-Skill
s VBD X I-Skill
presence NN X I-Skill
within IN X I-Skill
the DT X I-Skill
locality NN X I-Skill
Ensure NNP X I-Skill
the DT X I-Skill
highest JJS X I-Skill
quality NN X I-Skill
of IN X I-Skill
care NN X I-Skill
is VBZ X I-Skill
delivered VBN X I-Skill
across IN X I-Skill
the DT X I-Skill
services NNS X I-Skill
, , X O
maintaining VBG X B-Skill
the DT X I-Skill
credible JJ X I-Skill
reputation NN X I-Skill
across IN X I-Skill
the DT X I-Skill
sector NN X I-Skill
Effectively RB X I-Skill
manage JJ X I-Skill
budgets NNS X I-Skill
of IN X I-Skill
around IN X I-Skill
3 CD X I-Skill
million CD X I-Skill
and CC X O
provide VB X B-Skill
line NN X I-Skill
management NN X I-Skill
to TO X I-Skill
service NN X I-Skill
managers NNS X I-Skill
within IN X I-Skill
the DT X I-Skill
locality NN X I-Skill
You PRP X O

will MD X O
work VB X O
on IN X O
a DT X O
wide JJ X O
range NN X O
of IN X O
clients NNS X O
, , X O
across IN X O
varied JJ X O
industries NNS X O
and CC X O
turnovers NNS X O
with IN X O
involvement NN X O
in IN X O
added JJ X O
value NN X O
project NN X O
work NN X O
and CC X O
within IN X O
a DT X O
culture NN X O
and CC X O
firm NN X O
where WRB X O
you PRP X O
will MD X O
be VB X O
encouraged VBN X O
to TO X O
develop VB X O
further JJ X O
skills NNS X O
and CC X O
progress NN X O
in IN X O
your PRP$ X O
career NN X O
. . X O
To TO X O

create VB X B-Skill
and CC X I-Skill
manage VB X I-Skill
the DT X I-Skill
weekly JJ X I-Skill
sales NNS X I-Skill
and CC X I-Skill
WSSI NNP X I-Skill
report NN X I-Skill
and CC X O
ensure VB X B-Skill
all DT X I-Skill
appropriate JJ X I-Skill
actions NNS X I-Skill
are VBP X I-Skill
taken VBN X I-Skill
To TO X O
proactively RB X B-Skill
monitor VB X I-Skill
the DT X I-Skill
WSSI NNP X I-Skill
each DT X I-Skill
week NN X I-Skill
, , X O
coaching VBG X B-Skill
junior JJ X I-Skill
colleagues NNS X I-Skill
to TO X I-Skill
help VB X I-Skill
them PRP X I-Skill
effectively RB X I-Skill
analyse VBZ X I-Skill
the DT X I-Skill
information NN X I-Skill
provided VBD X I-Skill
Conduct NNP X I-Skill
weekly JJ X I-Skill
analysis NN X I-Skill
of IN X I-Skill
the DT X I-Skill
WSSI NNP X I-Skill
to TO X I-Skill
identify VB X I-Skill
OTB NNP X I-Skill
budget NN X I-Skill
Produce NNP X I-Skill
weekly JJ X I-Skill
reports NNS X I-Skill
to TO X I-Skill
use VB X I-Skill
for IN X I-Skill
forecasting NN X I-Skill
activities NNS X I-Skill
To TO X O

support VB X O
the DT X O
organisation NN X O
deliver NN X O
initiatives NNS X O
, , X O
change NN X O
and CC X O
development NN X O
projects NNS X O
in IN X O
a DT X O
way NN X O
that WDT X O
is VBZ X O
efficient JJ X O
, , X O
customer NN X O
focused VBD X O
and CC X O
results NNS X O
driven RB X O
. . X O
An DT X O

excellent JJ X O
communicator NN X B-Skill
with IN X O
the DT X O
ability NN X O
to TO X O
communicate VB X O
with IN X O
people NNS X O
at IN X O
all DT X O
levels NNS X O
, , X O
strong JJ X O
commitment NN X B-Skill
to TO X I-Skill
continuous JJ X I-Skill
improvement NN X I-Skill
, , X I-Skill
development NN X I-Skill
and CC X I-Skill
safety NN X I-Skill
. . X O
The DT X O

successful JJ X O
candidate NN X O
will MD X O
show VB X O
demonstrable JJ X O
knowledge NN X O
of IN X O
: : X O
SourcingIT NNP X B-Skill
Hardware NNP X I-Skill
/ NNP X I-Skill
Softwareand NNP X I-Skill
assemblies NNS X I-Skill
Wiring NNP X I-Skill
, , X O
Connecters NNP X B-Skill
and CC X O
PCBS NNP X B-Skill
be VB X O

outcome VBN X B-Skill
focused JJ X I-Skill
managing VBG X I-Skill
personal JJ X I-Skill
learning NN X I-Skill
and CC X I-Skill
development NN X I-Skill
able JJ X I-Skill
to TO X I-Skill
take VB X I-Skill
reasoned JJ X I-Skill
decisions NNS X I-Skill
able JJ X I-Skill
to TO X I-Skill
manage VB X I-Skill
and CC X I-Skill
respond VB X I-Skill
positively RB X I-Skill
to TO X I-Skill
change VB X I-Skill
ability NN X O
to TO X O
influence VB X B-Skill
others NNS X I-Skill
able JJ X O
to TO X O
communicate VB X B-Skill
effectively RB X I-Skill
to TO X O
a DT X O
range NN X O
of IN X O
audiences NNS X O
able JJ X O
to TO X O
plan VB X B-Skill
and CC X I-Skill
prioritise VB X I-Skill
a DT X I-Skill
varied JJ X I-Skill
workload NN X I-Skill
SPECIAL NNP X O
CONDITIONS NNP X O
Attain NNP X O

qualification NN X B-Qualification
as IN X I-Qualification
a DT X I-Qualification
First JJ X I-Qualification
Aider NNP X I-Qualification
if IN X O
required VBN X O
by IN X O
the DT X O
company NN X O
. . X O
They PRP X O

seek VBP X O
high JJ X O
calibre NN X O
Embedded NNP X B-Skill
Software NNP X I-Skill
or CC X O
Firmware NNP X B-Skill
Engineers NNPS X I-Skill
for IN X O
new JJ X O
wireless NN X B-Skill
development NN X I-Skill
projects NNS X I-Skill
. . X O
Bydd NNP X O

pob NN X O
ymgeisydd NN X O
anabl NN X O
sy NN X O
n JJ X O
cyfarfod NN X O
gofynion NN X O
hanfodol NN X O
y NN X O
swydd NN X O
cael NN X O
cyfweliad NN X O
. . X O
Celsian JJ X O

Education NNP X O
is VBZ X O
a DT X O
trading NN X O
name NN X O
of IN X O
Carlisle NNP X O
Staffing NNP X B-Domain
plc NN X O
. . X O
Validation NN X B-Skill

and CC X I-Skill
approvals NNS X I-Skill
of IN X I-Skill
harness NN X I-Skill
protection NN X I-Skill
materials NNS X I-Skill
including VBG X I-Skill
NVH NNP X I-Skill
materials NNS X I-Skill
Digital NNP X I-Skill
trial NN X I-Skill
support NN X O
Physical NNP X B-Skill
trial NN X I-Skill
build NN X I-Skill
support NN X I-Skill
Providing VBG X I-Skill
data NNS X I-Skill
to TO X I-Skill
Circuit NNP X I-Skill
, , X I-Skill
Applications NNP X I-Skill
and CC X I-Skill
management NN X I-Skill
teams NNS X I-Skill
to TO X I-Skill
support VB X I-Skill
their PRP$ X I-Skill
activities NNS X I-Skill
We PRP X O

look VBP X O
forward RB X O
to TO X O
hearing VBG X O
from IN X O
you PRP X O
Automotive VBP X O
, , X O
motor NN X O
, , X O
tec NN X O
Being VBG X O

a DT X O
market NN X O
leading VBG X O
retailer NN X O
not RB X O
only RB X O
are VBP X O
we PRP X O
able JJ X O
to TO X O
offer VB X O
a DT X O
: : X O
Competitive JJ X O
salary JJ X O
Performance NNP X O
related VBD X O
bonus CC X O
up RB X O
to TO X O
at IN X O

least JJS X O
**** JJ X O
asset NN X O
class NN X O
People NNP X O
management NN X O
experience NN X O
Demonstrable NNP X O
experience NN X O
of IN X O
working VBG X B-Skill
to TO X I-Skill
fixed VBN X I-Skill
business NN X I-Skill
deadlines NNS X I-Skill
and CC X O
with IN X O
multiple JJ X B-Skill
projects NNS X I-Skill
at IN X I-Skill
once RB X I-Skill
Excellent JJ X O
communication NN X B-Skill
and CC X O
interpersonal JJ X B-Skill
skills NNS X I-Skill
Ability NNP X O
to TO X O
build VB X B-Skill
a DT X I-Skill
team NN X I-Skill
and CC X O
earn VB X B-Skill
the DT X I-Skill
respect NN X I-Skill
of IN X I-Skill
teammembers NNS X I-Skill
. . X I-Skill
NET NN X I-Skill
Description NN X O

: : X O
Reporting NN X B-Skill
to TO X I-Skill
the DT X I-Skill
UK NNP X B-Occupation
Area NNP X I-Occupation
Manager NNP X I-Occupation
, , X O
in IN X O
this DT X O
business NN X O
development NN X O
position NN X O
, , X O
you PRP X O
will MD X O
be VB X O
responsible JJ X B-Skill
for IN X I-Skill
generating VBG X I-Skill
marketspecific JJ X I-Skill
revenue NN X I-Skill
through IN X I-Skill
selling VBG X I-Skill
OpenTable JJ X I-Skill
technology NN X I-Skill
solutions NNS X I-Skill
to TO X I-Skill
restaurants NNS X I-Skill
in IN X I-Skill
an DT X I-Skill
assigned JJ X I-Skill
territory NN X I-Skill
. . X O
This DT X O

is VBZ X O
an DT X O
exciting JJ X O
opportunity NN X O
to TO X O
work VB X O
for IN X O
one CD X O
of IN X O
the DT X O
worlds NNS X O
most RBS X O
renowned JJ X O
Media NNP X O
Groups NNP X O
who WP X O
have VBP X O
an DT X O
exceptional JJ X O
reputation NN X O
within IN X O
the DT X O
advertising NN X B-Domain
world NN X O
. . X O
It PRP X O

is VBZ X O
hoped VBN X O
that IN X O
the DT X O
successful JJ X O
candidate NN X O
will MD X O
be VB X O
able JJ X O
to TO X O
take VB X O
up RP X O
post NN X O
in IN X O
February NNP X O
2013 CD X O
. . X O
You PRP X O

will MD X O
be VB X O
required VBN X O
to TO X O
work VB X O
Monday NNP X O
to TO X O
Friday NNP X O
This DT X O

will MD X O
involve VB X O
monitoring NN X B-Skill
and CC X I-Skill
analysing VBG X I-Skill
key JJ X I-Skill
economic JJ X I-Skill
, , X I-Skill
technological JJ X I-Skill
and CC X I-Skill
other JJ X I-Skill
developments NNS X I-Skill
that WDT X O
could MD X O
affect VB X O
energy NN X B-Domain
markets NNS X I-Domain
, , X O
in IN X O
order NN X O
to TO X O
understand VB X B-Skill
the DT X I-Skill
implications NNS X I-Skill
for IN X I-Skill
Ofgem NNP X I-Skill
and CC X O
to TO X O
inform VB X B-Skill
and CC X I-Skill
influence NN X I-Skill
policy NN X I-Skill
. . X O
Maintain NNP X B-Skill

equipment NN X I-Skill
/ NN X I-Skill
stores NNS X I-Skill
including VBG X I-Skill
building NN X I-Skill
and CC X I-Skill
furnishings NNS X I-Skill
arranging VBG X I-Skill
for IN X I-Skill
repairs NNS X I-Skill
/ JJ X I-Skill
replacement NN X I-Skill
as IN X I-Skill
and CC X I-Skill
when WRB X I-Skill
required VBN X I-Skill
. . X I-Skill
The DT X O

village NN X O
is VBZ X O
affluent JJ X O
with IN X O
a DT X O
good JJ X O
mix NN X O
of IN X O
customers NNS X O
who WP X O
expect VBP X O
a DT X O
high JJ X O
level NN X O
of IN X O
hospitality NN X O
from IN X O
their PRP$ X O
pub NN X O
and CC X O
its PRP$ X O
team NN X O
. . X O
Extensive JJ X O

experience NN X O
with IN X O
J NNP X B-Skill
**** NNP X I-Skill
EE NNP X I-Skill
, , X O
XML NNP X B-Skill
/ NNP X I-Skill
Web NNP X I-Skill
Services NNPS X I-Skill
, , X O
SOA NNP X B-Skill
, , X I-Skill
UML NNP X I-Skill
. . X O
Based VBN X O

in IN X O
the DT X O
Poole NNP X O
area NN X O
Dorset NNP X O
with IN X O
a DT X O
leading VBG X O
nursing NN X O
home NN X O
provider NN X O
, , X O
this DT X O
is VBZ X O
an DT X O
excellent JJ X O
opportunity NN X O
for IN X O
the DT X O
right NN X O
healthcare NN X B-Domain
professional JJ X O
. . X O
Be VB X O

prepared VBN X O
to TO X O
travel VB X B-Skill
around IN X O
the DT X O
UK NNP X O
so RB X O
have VBP X O
their PRP$ X O
own JJ X O
car NN X O
Duties NNS X O
: : X O
The DT X O

cost NN X O
of IN X O
your PRP$ X O
training NN X O
and CC X O
accommodation NN X O
covered VBN X O
In IN X O
house NN X O
level NN X O
2 CD X O
and CC X O
Bee NNP X O

Recruitment NNP X O
is VBZ X O
an DT X O
equal JJ X O
opportunities NNS X O
employer NN X O
, , X O
a DT X O
recruitment NN X O
agency NN X O
dedicated VBN X O
to TO X O
recruitment VB X O
in IN X O
the DT X O
hospitality NN X B-Domain
industry NN X I-Domain
. . X O
DOE NNP X O

Our PRP$ X O
client NN X O
is VBZ X O
the DT X O
UK NNP X O
' POS X O
s NN X O
leading VBG X O
membership NN X O
club NN X O
for IN X O
innovative JJ X O
, , X O
high JJ X O
growth NN X O
entrepreneurs NNS X O
. . X O
We PRP X O

are VBP X O
an DT X O
energetic JJ X O
team NN X O
of IN X O
professional JJ X O
and CC X O
smart JJ X O
consultants NNS X O
who WP X O
are VBP X O
committed VBN X O
at IN X O
exceeding VBG X O
our PRP$ X O
client NN X O
s NN X O
expectations NNS X O
. . X O
Ideally RB X O

you PRP X O
will MD X O
have VB X O
experience NN X O
of IN X O
the DT X O
Sameday NNP X B-Skill
courier NN X I-Skill
market NN X I-Skill
, , X O
but CC X O
applicants NNS X O
from IN X O
a DT X O
transport NN X B-Skill
logistics NNS X I-Skill
background NN X O
, , X O
such JJ X O
as IN X O
Next JJ X B-Skill
Day NNP X I-Skill
, , X O
Pallet NNP X B-Skill
network NN X I-Skill
, , X O
or CC X O
other JJ X O
logistics NNS X B-Skill
network NN X I-Skill
sectors NNS X I-Skill
may MD X O
be VB X O
suitable JJ X O
. . X O
The DT X O

Role NN X O
: : X O
My PRP$ X O
clients NNS X O
are VBP X O
currently RB X O
recruiting VBG X O
for IN X O
an DT X O
experienced JJ X O
Senior NNP X B-Occupation
Therapeutic NNP X I-Occupation
Practitioner NNP X I-Occupation
for IN X O
a DT X O
small JJ X O
residential JJ X O
home NN X O
specialising NN X O
in IN X O
care NN X B-Skill
for IN X I-Skill
children NNS X I-Skill
with IN X I-Skill
challenging VBG X I-Skill
behaviours NNS X I-Skill
in IN X O
the DT X O
Salisbury NNP X O
area NN X O
. . X O
The DT X O

Job NNP X B-Occupation
Holder NNP X I-Occupation
s VBD X O
performance NN X O
will MD X O
have VB X O
either CC X O
a DT X O
very RB X O
small JJ X O
impact NN X O
on IN X O
plc NN X B-Domain
performance NN X O
, , X O
or CC X O
a DT X O
small JJ X O
impact NN X O
on IN X O
Business NNP X B-Domain
Group NNP X I-Domain
performance NN X O
. . X O
Bagshot NNP X O

, , X O
Bracknell NNP X O
, , X O
Camberley NNP X O
, , X O
Farnborough NNP X O
, , X O
Farnham NNP X O
, , X O
Fleet NNP X O
, , X O
Frimley NNP X O
, , X O
Lightwater NNP X O
, , X O
Woking NNP X O
, , X O
Yateley NNP X O
Howett NNP X O
Thorpe NNP X O
recruit NN X O
for IN X O
roles NNS X O
within IN X O
accounts NNS X B-Skill
payable JJ X I-Skill
, , X O
credit NN X B-Skill
control NN X I-Skill
Undertake NNP X O

research NN X B-Skill
in IN X I-Skill
relation NN X I-Skill
to TO X I-Skill
the DT X I-Skill
local JJ X I-Skill
population NN X I-Skill
and CC X O
areas NNS X O
of IN X O
deprivation NN X O
to TO X O
support VB X B-Skill
the DT X I-Skill
development NN X I-Skill
of IN X I-Skill
services NNS X I-Skill
. . X O
Please NNP X O

send VB X O
your PRP$ X O
CV NNP X O
to TO X O
Nikki NNP X O
at IN X O
nikkibeerecruitment NN X O
. . X O
co NN X O
. . X O
uk NN X O
or CC X O
call NN X O
on IN X O
We PRP X O

are VBP X O
looking VBG X O
for IN X O
talented JJ X O
individuals NNS X O
that WDT X O
are VBP X O
full JJ X O
of IN X O
personality NN X O
, , X O
spark NN X O
and CC X O
charm NN X O
People NNS X O
that WDT X O
genuinely RB X O
enjoy VBP X O
working VBG X O
with IN X O
others NNS X O
and CC X O
the DT X O
general JJ X O
public NN X O
, , X O
someone NN X O
that WDT X O
is VBZ X O
confident JJ X O
with IN X O
passion NN X O
for IN X O
what WP X O
they PRP X O
do VBP X O
. . X O
Here RB X O

you PRP X O
will MD X O
have VB X O
the DT X O
autonomy NN X O
to TO X O
drive VB X O
your PRP$ X O
job NN X O
role NN X O
forward RB X O
and CC X O
determine VB X O
your PRP$ X O
future JJ X O
role NN X O
. . X O
Must NNP X O

hold VB X O
a DT X O
audit NN X B-Skill
management NN X I-Skill
role NN X I-Skill
from IN X I-Skill
either CC X I-Skill
Wealth NNP X I-Skill
Management NNP X I-Skill
or CC X I-Skill
Asset NNP X I-Skill
Management NNP X I-Skill
The DT X O

Early JJ X O
Years NNP X O
Foundation NNP X O
Stage NNP X O
curriculum NN X O
Child NNP X B-Skill
Development NNP X I-Skill
Learning NNP X I-Skill
through IN X I-Skill
play NN X I-Skill
Child NNP X I-Skill
protection NN X I-Skill
guidelines NNS X O
Safeguarding VBG X B-Skill
policies NNS X O
and CC X O
procedures NNS X O
Maintaining VBG X B-Skill
a DT X I-Skill
safe JJ X I-Skill
environment NN X I-Skill
Children NNP X O
s VBZ X O
Centre NNP X O
Core NNP X O
Offer NN X O
They PRP X O

are VBP X O
a DT X O
dynamic JJ X O
, , X O
forward RB X O
thinking VBG X O
provider NN X O
seeking VBG X O
people NNS X O
who WP X O
share NN X O
their PRP$ X O
genuine JJ X O
enthusiasm NN X O
and CC X O
commitment NN X O
to TO X O
the DT X O
sector NN X O
. . X O
Ensuring VBG X B-Skill

projects NNS X I-Skill
are VBP X I-Skill
delivered VBN X I-Skill
on IN X I-Skill
time NN X I-Skill
and CC X I-Skill
to TO X I-Skill
budget NN X I-Skill
Producing NNP X I-Skill
quality NN X I-Skill
Transport NNP X I-Skill
Assessments NNP X I-Skill
and CC X I-Skill
Travel NNP X I-Skill
Plans NNS X I-Skill
This DT X O

expanding VBG X O
global JJ X O
provider NN X O
of IN X O
outsourced JJ X O
business NN X O
process NN X O
management NN X O
, , X O
which WDT X O
works VBZ X O
mostly RB X O
with IN X O
Fortune NNP X O
Quality NN X O

Awards NNS X O
and CC X O
with IN X O
the DT X O
management NN X O
of IN X O
Employment NNP X O
and CC X O
Health NNP X O
Follow NNP X B-Skill
up RP X I-Skill
on IN X I-Skill
enquiries NNS X I-Skill
, , X O
both DT X O
internal JJ X O
and CC X O
external JJ X O
, , X O
maintain VB X B-Skill
a DT X I-Skill
high JJ X I-Skill
level NN X I-Skill
of IN X I-Skill
customer NN X I-Skill
care NN X I-Skill
Deal NNP X I-Skill
with IN X I-Skill
queries NNS X I-Skill
and CC X I-Skill
complaints NNS X I-Skill
as IN X O
the DT X O
first JJ X O
point NN X O
of IN X O
contact NN X O
in IN X O
a DT X O
professional JJ X O
and CC X O
courteous JJ X O
manner NN X O
Organise NNP X B-Skill
contracts NNS X I-Skill
and CC X I-Skill
services NNS X I-Skill
/ VBP X O
support NN X B-Skill
for IN X I-Skill
p NN X I-Skill
. . X I-Skill
c NN X I-Skill
s NN X I-Skill
, , X I-Skill
telephones NNS X I-Skill
, , X I-Skill
mobiles NNS X I-Skill
and CC X I-Skill
printers NNS X I-Skill
Our PRP$ X O

Client NN X O
is VBZ X O
looking VBG X O
for IN X O
an DT X O
accomplished JJ X B-Skill
Sales NNS X B-Occupation
Executive NN X I-Occupation
with IN X O
an DT X O
excellent JJ X O
track NN X O
record NN X O
and CC X O
stable JJ X B-Skill
work NN X I-Skill
history NN X I-Skill
, , X O
you PRP X O
will MD X O
need VB X O
to TO X O
be VB X O
as IN X O
passionate NN X B-Skill
about IN X I-Skill
customer NN X I-Skill
service NN X I-Skill
as IN X O
you PRP X O
are VBP X O
about IN X O
closing VBG X O
a DT X O
deal NN X O
, , X O
you PRP X O
will MD X O
also RB X O
need VB X O
to TO X O
have VB X O
an DT X O
organised JJ X B-Skill
process NN X I-Skill
and CC X O
understand VB X O
the DT X O
importance NN X O
of IN X O
keeping VBG X B-Skill
your PRP$ X I-Skill
customer NN X I-Skill
informed VBD X I-Skill
as IN X I-Skill
to TO X I-Skill
any DT X I-Skill
enquiries NNS X I-Skill
they PRP X I-Skill
have VBP X I-Skill
made VBN X I-Skill
, , X O
the DT X O
progress NN X O
of IN X O
their PRP$ X O
vehicle NN X O
purchase NN X O
and CC X O
once RB X O
the DT X O
vehicle NN X O
has VBZ X O
been VBN X O
delivered VBN X O
to TO X O
make VB X O
sure JJ X O
they PRP X O
are VBP X O
happy JJ X O
. . X O
Care NNP X B-Skill

Quality NNP X I-Skill
Commission NNP X I-Skill
standards NNS X I-Skill
Supervision NNP X I-Skill
and CC X I-Skill
management NN X I-Skill
of IN X I-Skill
all DT X I-Skill
staff NN X I-Skill
in IN X I-Skill
the DT X I-Skill
home NN X I-Skill
Maintaining VBG X I-Skill
the DT X I-Skill
well NN X I-Skill
being VBG X I-Skill
and CC X I-Skill
ensuring VBG X I-Skill
all DT X I-Skill
residents NNS X I-Skill
receive VBP X I-Skill
the DT X I-Skill
highest JJS X I-Skill
standards NNS X I-Skill
of IN X I-Skill
care NN X I-Skill
Maintaining NNP X I-Skill
and CC X I-Skill
ensuring VBG X I-Skill
that IN X I-Skill
all DT X I-Skill
members NNS X I-Skill
of IN X I-Skill
staff NN X I-Skill
are VBP X I-Skill
trained VBN X I-Skill
to TO X I-Skill
the DT X I-Skill
correct JJ X I-Skill
standards NNS X I-Skill
Delegating VBG X I-Skill
responsibility NN X I-Skill
, , X I-Skill
where WRB X I-Skill
necessary JJ X I-Skill
to TO X I-Skill
senior JJ X I-Skill
staff NN X I-Skill
Conducting VBG X I-Skill
staff NN X I-Skill
meetings NNS X I-Skill
Respond NNP X I-Skill
to TO X I-Skill
incidents NNS X I-Skill
in IN X I-Skill
a DT X I-Skill
professional JJ X I-Skill
and CC X I-Skill
appropriate JJ X I-Skill
manor NN X I-Skill
Establish NNP X I-Skill
and CC X I-Skill
maintain VB X I-Skill
good JJ X I-Skill
communication NN X I-Skill
with IN X I-Skill
clients NNS X I-Skill
, , X I-Skill
relatives NNS X I-Skill
, , X I-Skill
colleagues NNS X I-Skill
and CC X I-Skill
professionals NNS X I-Skill
outside IN X I-Skill
the DT X I-Skill
nursing NN X I-Skill
home NN X I-Skill
such JJ X I-Skill
as IN X I-Skill
Social NNP X I-Skill
Services NNPS X I-Skill
and CC X I-Skill
the DT X I-Skill
Care NNP X I-Skill
Quality NNP X I-Skill
Commission NNP X I-Skill
The DT X O
Candidate NNP X O
Your PRP$ X O

technical JJ X O
development NN X O
work NN X O
will MD X O
include VB X O
coding NN X B-Skill
, , X O
unit NN X B-Skill
/ JJ X I-Skill
component NN X I-Skill
testing NN X I-Skill
and CC X O
function NN X B-Skill
testing NN X I-Skill
. . X O
In IN X O

addition NN X O
, , X O
you PRP X O
will MD X O
develop VB X B-Skill
a DT X I-Skill
team NN X I-Skill
with IN X I-Skill
strong JJ X I-Skill
modelling NN X I-Skill
and CC X I-Skill
analytical JJ X I-Skill
capability NN X I-Skill
and CC X O
operate NN X B-Skill
as IN X I-Skill
an DT X I-Skill
effective JJ X I-Skill
member NN X I-Skill
of IN X I-Skill
the DT X I-Skill
Retail JJ X I-Skill
Markets NNP X I-Skill
Research NNP X I-Skill
directorate NN X I-Skill
management NN X I-Skill
team NN X I-Skill
. . X O
C NNP X B-Skill

. . X I-Skill
Net NN X I-Skill
, , X O
SQL NNP X B-Skill
query NN X I-Skill
usage NN X I-Skill
, , X O
Web NNP X B-Skill
based VBN X I-Skill
testing NN X I-Skill
, , X O
VB NNP X B-Skill
Scripting NNP X I-Skill
or CC X O
evidence NN X O
of IN X O
Test NNP X B-Skill
Automation NNP X I-Skill
, , X O
Test NNP X B-Skill
Management NNP X I-Skill
toolset NN X I-Skill
e NN X I-Skill
. . X I-Skill
g NN X I-Skill
. . X I-Skill
Quality NNP X I-Skill
Centre NNP X I-Skill
, , X I-Skill
Jira NNP X I-Skill
etc VBZ X O
along IN X O
with IN X O
practical JJ X O
experience NN X B-Skill
of IN X I-Skill
functional JJ X I-Skill
testing NN X I-Skill
within IN X I-Skill
the DT X I-Skill
financial JJ X I-Skill
services NNS X I-Skill
sector NN X I-Skill
in IN X I-Skill
an DT X I-Skill
Agile NNP X I-Skill
/ NNP X I-Skill
iterative JJ X I-Skill
delivery NN X I-Skill
model NN X I-Skill
would MD X O
be VB X O
highly RB X O
beneficial JJ X O
. . X O
Supplying VBG X O

to TO X O
the DT X O
MOD NNP X B-Domain
, , X O
Oil NNP X B-Domain
Gas NNP X I-Domain
, , X O
Aerospace NNP X B-Domain
, , X O
Automotive NNP X B-Domain
, , X O
Space NNP X B-Domain
and CC X O
Medical NNP X B-Domain
industries NNS X O
. . X O
Although IN X O

it PRP X O
is VBZ X O
not RB X O
essential JJ X O
exposure NN X B-Skill
to TO X I-Skill
marine VB X I-Skill
based VBN X I-Skill
projects NNS X I-Skill
or CC X I-Skill
tidal JJ X I-Skill
works NNS X I-Skill
would MD X O
be VB X O
a DT X O
distinct JJ X O
advantage NN X O
. . X O
You PRP X O

will MD X O
also RB X O
have VB X O
the DT X O
opportunity NN X O
to TO X O
gain VB X O
a DT X O
broad JJ X O
understanding NN X O
of IN X O
the DT X O
UK NNP X O
energy NN X O
infrastructure NN X O
market NN X O
, , X O
through IN X O
involvement NN X B-Skill
in IN X I-Skill
ad NN X I-Skill
hoc NN X I-Skill
tasks NNS X I-Skill
and CC X I-Skill
special JJ X I-Skill
projects NNS X I-Skill
, , X O
as IN X O
they PRP X O
arise VBP X O
. . X O
work NN X B-Skill

as IN X I-Skill
part NN X I-Skill
of IN X I-Skill
a DT X I-Skill
team NN X I-Skill
Demonstrates VBZ X O
clear JJ X B-Skill
commitment NN X I-Skill
to TO X I-Skill
the DT X I-Skill
Firm NN X I-Skill
and CC X O
We PRP X O

are VBP X O
within IN X O
a DT X O
short JJ X O
walking NN X O
distance NN X O
to TO X O
several JJ X O
large JJ X O
supermarkets NNS X O
and CC X O
a DT X O
well RB X O
equipped VBN X O
community NN X O
sports NNS X O
centre NN X O
. . X O
You PRP X O

will MD X O
have VB X O
an DT X O
involvement NN X B-Skill
throughout IN X I-Skill
whole JJ X I-Skill
software NN X I-Skill
/ NNP X I-Skill
systems NNS X I-Skill
lifecycle NN X I-Skill
, , X O
from IN X O
design NN X B-Skill
through IN X O
coding VBG X B-Skill
to TO X O
testing VBG X B-Skill
, , X O
installation NN X B-Skill
and CC X O
configuration NN X B-Skill
, , X O
and CC X O
documentation NN X B-Skill
working VBG X O
throughout IN X O
to TO X O
full JJ X O
QA NNP X O
procedures NNS X O
. . X O
It PRP X O

requires VBZ X O
a DT X O
combination NN X O
of IN X O
very RB X O
proficient JJ X O
operational JJ X B-Skill
skills NNS X I-Skill
and CC X O
sophisticated JJ X B-Skill
planning NN X I-Skill
. . X O
Monitor NNP X B-Skill

and CC X I-Skill
track VB X I-Skill
the DT X I-Skill
delivery NN X I-Skill
and CC X I-Skill
quality NN X I-Skill
performance NN X I-Skill
of IN X O
fabrics NNS X O
from IN X O
nominated JJ X O
mills NNS X O
. . X O
We PRP X O

are VBP X O
looking VBG X O
for IN X O
a DT X O
Registered NNP X O
General NNP X O
Nurse NNP X B-Occupation
RGN NNP X O
, , X O
to TO X O
work VB X O
in IN X O
a DT X O
private JJ X O
nursing NN X O
home NN X O
. . X O
Requirements NNS X O

A DT X B-Qualification
degree NN X I-Qualification
in IN X I-Qualification
Computer NNP X I-Qualification
Science NNP X I-Qualification
, , X I-Qualification
Engineering NNP X I-Qualification
or CC X I-Qualification
numerate JJ X I-Qualification
discipline NN X I-Qualification
Experience NN X B-Skill
in IN X I-Skill
developing VBG X I-Skill
code NN X I-Skill
for IN X I-Skill
apps NN X I-Skill
which WDT X I-Skill
support NN X I-Skill
a DT X I-Skill
full JJ X I-Skill
spectrum NN X I-Skill
of IN X I-Skill
Android NNP X I-Skill
devices NNS X I-Skill
this DT X O
can MD X O
be VB X O
achieved VBN X O
through IN X O
commercial JJ X O
or CC X O
personal JJ X O
work NN X O
Experience NN X O

of IN X O
working VBG X B-Skill
to TO X I-Skill
API NNP X I-Skill
, , X I-Skill
ASME NNP X I-Skill
or CC X I-Skill
ASTM NNP X I-Skill
standards NNS X I-Skill
would MD X O
be VB X O
of IN X O
an DT X O
advantage NN X O
for IN X O
this DT X O
position NN X O
. . X O
To TO X O

proactively RB X B-Skill
create VB X I-Skill
, , X I-Skill
communicate VB X I-Skill
, , X I-Skill
implement NN X I-Skill
and CC X I-Skill
support VB X I-Skill
the DT X O
college NN X O
' POS X O
s JJ X O
Sustainability NNP X O
Development NNP X O
Strategy NNP X O
to TO X O
ensure VB X B-Skill
college NN X I-Skill
targets NNS X I-Skill
are VBP X I-Skill
achieved VBN X I-Skill
. . X O
o JJ X O

work NN X B-Skill
to TO X I-Skill
deadlines NNS X I-Skill
o MD X O
to TO X O
cope VB X B-Skill
under IN X I-Skill
pressure NN X I-Skill
o NN X O
use NN X B-Skill
initiative NN X I-Skill
To TO X O

carry VB X B-Skill
out RP X I-Skill
basic JJ X I-Skill
maintenance NN X I-Skill
duties NNS X I-Skill
on IN X I-Skill
moulds NNS X I-Skill
, , X O
moulding VBG X B-Skill
machines NNS X I-Skill
and CC X I-Skill
ancillary JJ X I-Skill
equipment NN X I-Skill
as IN X I-Skill
specified VBN X I-Skill
within IN X I-Skill
the DT X I-Skill
Planned JJ X I-Skill
Maintenance NNP X I-Skill
guidelines NNS X I-Skill
. . X O
Please NNP X O

note NN X O
; : X O
due JJ X O
to TO X O
the DT X O
huge JJ X O
response NN X O
Prime NNP X O
Time NNP X O
generates VBZ X O
from IN X O
online JJ X O
advertising NN X O
Are NNP X O

you PRP X O
available JJ X O
to TO X O
work VB X O
in IN X O
a DT X O
Temp NNP X O
to TO X O
Perm VB X O
position NN X O
? . X O
Hours NNP X O

of IN X O
work NN X O
Sun NNP X O
79am CD X O
, , X O
Mon NNP X O
68am CD X O
, , X O
Tues VBZ X O
69am CD X O
You PRP X O

will MD X O
need VB X O
to TO X O
be VB X O
able JJ X O
to TO X O
demonstrate VB X O
excellent JJ X O
communication NN X B-Skill
skills NNS X I-Skill
, , X I-Skill
first JJ X I-Skill
class NN X I-Skill
negotiation NN X I-Skill
skills NNS X I-Skill
, , X I-Skill
a DT X I-Skill
proven JJ X I-Skill
history NN X I-Skill
of IN X I-Skill
hitting NN X I-Skill
and CC X I-Skill
exceeding VBG X I-Skill
targets NNS X I-Skill
and CC X I-Skill
a DT X I-Skill
strong JJ X I-Skill
interest NN X I-Skill
in IN X I-Skill
design NN X I-Skill
, , X I-Skill
digital JJ X I-Skill
and CC X I-Skill
culture NN X I-Skill
. . X O
**** JJ X O

ATIA NNP X O
, , X O
GAREAT NNP X O
and CC X O
LFB NNP X O
Assist NNP X B-Skill
other JJ X I-Skill
teams NNS X I-Skill
in IN X I-Skill
the DT X I-Skill
use NN X I-Skill
of IN X I-Skill
catastrophe NN X I-Skill
modelling NN X I-Skill
output NN X I-Skill
where WRB X I-Skill
necessary JJ X I-Skill
Visa NNP X O
Required NNP X O
: : X O
Applicants NNS X O
must MD X O
be VB X O
eligible JJ X O
to TO X O
work VB X O
in IN X O
the DT X O
specified JJ X O
location NN X O
You PRP X O

may MD X O
also RB X O
be VB X O
carrying VBG X O
out RP X O
market NN X B-Skill
research NN X I-Skill
, , X O
searching VBG X B-Skill
new JJ X I-Skill
leads NNS X I-Skill
and CC X O
growing VBG X B-Skill
your PRP$ X I-Skill
own JJ X I-Skill
customer NN X I-Skill
base NN X I-Skill
. . X O
This DT X O

is VBZ X O
an DT X O
exciting JJ X O
opportunity NN X O
as IN X O
this DT X O
company NN X O
is VBZ X O
experiencing VBG X O
exceptional JJ X O
growth NN X O
. . X O
Previous JJ X O

experience NN X O
of IN X O
cash NN X B-Skill
handling NN X I-Skill
is VBZ X O
essential JJ X O
for IN X O
this DT X O
position NN X O
Please NNP X O

note VBP X O
that IN X O
most JJS X O
of IN X O
the DT X O
clients NNS X O
that WDT X O
use VBP X O
Tableau NNP X O
are VBP X O
situated VBN X O
in IN X O
London NNP X O
This DT X O

will MD X O
cover VB X O
a DT X O
variety NN X O
of IN X O
disciplines NNS X O
and CC X O
levels NNS X O
of IN X O
seniority NN X O
. . X O
More RBR X O

importantly RB X O
you PRP X O
will MD X O
benefit VB X O
from IN X O
a DT X O
structured JJ X O
career NN X O
path NN X O
from IN X O
this DT X O
award NN X O
winning VBG X O
company NN X O
. . X O
Ensuring VBG X B-Skill

that IN X I-Skill
the DT X I-Skill
BU NNP X I-Skill
has VBZ X I-Skill
well RB X I-Skill
documented VBN X I-Skill
procedures NNS X I-Skill
which WDT X O
are VBP X O
in IN X O
line NN X O
with IN X O
company NN X O
standards NNS X O
and CC X O
that IN X O
these DT X O
are VBP X O
being VBG X O
adhered VBN X O
to TO X O
Ensuring NNP X B-Skill
corporate JJ X I-Skill
technical JJ X I-Skill
standards NNS X I-Skill
are VBP X I-Skill
applied VBN X I-Skill
and CC X I-Skill
enforced VBN X I-Skill
Contributing NNP X I-Skill
technical JJ X I-Skill
advice NN X I-Skill
to TO X I-Skill
Programme NNP X I-Skill
management NN X I-Skill
meetings NNS X I-Skill
and CC X O
management NN X B-Skill
of IN X I-Skill
project NN X I-Skill
risks NNS X I-Skill
, , X I-Skill
issues NNS X I-Skill
and CC X I-Skill
problems NNS X I-Skill
. . X I-Skill
Active JJ X B-Skill

Assistance NNP X I-Skill
, , X O
Live NNP X B-Skill
in IN X I-Skill
care NN X I-Skill
job NN X O
, , X B-Occupation
live VBP X I-Occupation
in IN X I-Occupation
care NN X I-Occupation
worker NN X I-Occupation
job NN X O
, , X O
live VBP X B-Occupation
in IN X I-Occupation
carer NN X I-Occupation
, , X B-Domain
livein EX X I-Domain
care NN X I-Domain
, , X O
livein JJ X B-Occupation
carer NN X I-Occupation
. . X O
Microsoft NNP X B-Skill

MCITP NNP X I-Skill
or CC X O
MCSE NNP X B-Skill
in IN X O
either CC X O
Windows NNP X B-Skill
2003 CD X I-Skill
or CC X O
Windows VBZ X B-Skill
2008 CD X I-Skill
or CC X O
Windows NNP X B-Skill
2012 CD X I-Skill
, , X O
working VBG X O
within IN X O
the DT X O
ITIL NNP X B-Skill
framework NN X O
with IN X O
excellent JJ X O
knowledge NN X O
of IN X O
Windows NNP X B-Skill
server NN X I-Skill
platform NN X I-Skill
and CC X O
Red NNP X B-Skill
Hat NNP X I-Skill
Linux NNP X I-Skill
administration NN X I-Skill
. . X O
Ensure NN X B-Skill

the DT X I-Skill
effective JJ X I-Skill
application NN X I-Skill
of IN X I-Skill
new JJ X I-Skill
techniques NNS X I-Skill
, , X I-Skill
technologies NNS X I-Skill
and CC X O
use NN X B-Skill
of IN X I-Skill
specialist NN X I-Skill
NDT NNP X I-Skill
contractor NN X I-Skill
to TO X I-Skill
limit VB X I-Skill
intrusive JJ X I-Skill
inspection NN X I-Skill
so RB X I-Skill
to TO X I-Skill
maximise VB X I-Skill
inspection NN X I-Skill
intervals NNS X I-Skill
, , X I-Skill
where WRB X I-Skill
appropriate NN X I-Skill
. . X O
Manage VB X B-Skill

the DT X I-Skill
bid NN X I-Skill
process NN X I-Skill
e NN X O
. . X O
g NN X O
. . X O
gate JJ X B-Skill
reviews NNS X I-Skill
, , X O
risk NN X B-Skill
reviews NNS X I-Skill
, , X O
presentations NNS X B-Skill
with IN X O
all DT X O
stakeholders NNS X O
. . X O
Our PRP$ X O

client NN X O
, , X O
a DT X O
multinational JJ X O
EPC NNP X O
company NN X O
, , X O
are VBP X O
looking VBG X O
for IN X O
an DT X O
Estimating NNP X B-Occupation
Manager NNP X I-Occupation
to TO X O
join VB X O
their PRP$ X O
team NN X O
in IN X O
either CC X O
Houston NNP X O
or CC X O
Singapore NNP X O
. . X O
25 CD X O

days NNS X O
annual JJ X O
holiday NN X O
, , X O
increasing VBG X O
to TO X O
28 CD X O
days NNS X O
by IN X O
5th CD X O
year NN X O
of IN X O
service NN X O
plus CC X O
Bank NNP X O
Holidays NNP X O
. . X O
If IN X O

you PRP X O
feel VBP X O
suitable JJ X O
for IN X O
this DT X O
role NN X O
please NN X O
apply VB X O
. . X O
C NNP X B-Skill

/ NNP X O
. . X B-Skill
NET NNP X I-Skill
/ NN X O
VB NNP X B-Skill
. . X I-Skill
net NN X I-Skill
Development NNP X I-Skill
or CC X O
a DT X O
final JJ X O
year NN X O
project NN X O
based VBN X O
heavily RB X O
on IN X O
C NNP X B-Skill
How WRB X O

would MD X O
you PRP X O
like IN X O
people NNS X O
to TO X O
apply VB X O
for IN X O
the DT X O
job NN X O
? . X O
Computer NNP X O

Personnel NNP X O
Ltd NNP X O
is VBZ X O
acting VBG X O
as IN X O
an DT X O
Employment NN X O
Business NN X O
in IN X O
relation NN X O
to TO X O
this DT X O
vacancy NN X O
. . X O
The DT X O

position NN X O
is VBZ X O
a DT X O
busy JJ X O
, , X O
fast RB X B-Skill
paced JJ X I-Skill
role NN X O
, , X O
working VBG X O
on IN X O
small JJ X O
works NNS X O
for IN X O
the DT X O
Rolls NNP X O
Royce NNP X O
contract NN X O
, , X O
and CC X O
requires VBZ X O
flexibility NN X B-Skill
in IN X O
order NN X O
to TO X O
ensure VB X B-Skill
that IN X I-Skill
all DT X I-Skill
jobs NNS X I-Skill
are VBP X I-Skill
completed VBN X I-Skill
properly RB X I-Skill
and CC X I-Skill
within IN X I-Skill
the DT X I-Skill
given VBN X I-Skill
time NN X I-Skill
frame NN X I-Skill
. . X O
Assist NN X B-Skill

in IN X I-Skill
staff NN X I-Skill
training NN X I-Skill
and CC X I-Skill
development NN X I-Skill
through IN X O
targets NNS X O
, , X O
reviews NNS X O
and CC X O
appraisals NNS X O
The DT X O

team NN X O
provides VBZ X B-Skill
analysis NN X I-Skill
and CC X I-Skill
interpretation NN X I-Skill
of IN X I-Skill
business NN X I-Skill
information NN X I-Skill
to TO X I-Skill
the DT X I-Skill
Commercial NNP X I-Skill
team NN X I-Skill
enabling VBG X I-Skill
the DT X I-Skill
business NN X I-Skill
to TO X I-Skill
deliver VB X I-Skill
company NN X I-Skill
targets NNS X I-Skill
and CC X I-Skill
profitability NN X I-Skill
. . X O
Do VBP X O

you PRP X O
have VB X O
a DT X O
PHD NNP X B-Qualification
with IN X O
an DT X O
outstanding JJ X B-Skill
academic JJ X I-Skill
record NN X I-Skill
in IN X O
a DT X O
technical JJ X O
discipline NN X O
such JJ X O
as IN X O
Computer NNP X B-Domain
Science NNP X I-Domain
, , X O
Maths NNP X B-Domain
, , X O
Physics NNP X B-Domain
, , X O
Engineering NNP X B-Domain
or CC X I-Domain
Science NNP X I-Domain
? . X O
The DT X O

menu NN X O
is VBZ X O
based VBN X O
on IN X O
fresh JJ X O
food NN X O
prepared VBN X O
simply RB X O
but CC X O
with IN X O
style NN X O
using VBG X O
only RB X O
the DT X O
finest JJS X O
and CC X O
freshest JJS X O
ingredients NNS X O
sourced VBD X O
according VBG X O
to TO X O
quality NN X O
. . X O
K NNP X O

Bonus NNP X O
Excellent NNP X O
training NN X O
and CC X O
progression NN X O
programs NNS X O
Company NNP X O
Discount NNP X O
& CC X O
28 CD X O
days NNS X O
Hours NNS X O

and CC X O
days NNS X O
of IN X O
work NN X O
Early NNP X O
late RB X O
and CC X O
weekend NN X O
shift NN X O
this DT X O
includes VBZ X O
start JJ X O
times NNS X O
as RB X O
early RB X O
as IN X O
5 CD X O
. . X O
00am CD X O
and CC X O
finish JJ X O
times NNS X O
as RB X O
late RB X O
as IN X O
22 CD X O
. . X O
00pm CD X O
Flexibility NNP X B-Skill
will MD X O
be VB X O
required VBN X O
. . X O
B NNP X O

Q NNP X O
is VBZ X O
part NN X O
of IN X O
Kingfisher NNP X O
Plc NNP X O
, , X O
Europe NNP X O
' POS X O
s NN X O
leading VBG X O
DIY NNP X O
home NN X O
improvement NN X O
retailer NN X O
. . X O
In IN X O

this DT X O
instance NN X O
Travail NNP X O
Employment NNP X O
Group NNP X O
are VBP X O
operating VBG X O
as IN X O
an DT X O
Employment NNP X O
Agency NNP X O
. . X O
They PRP X O

are VBP X O
currently RB X O
wanting VBG X O
to TO X O
employ VB X O
and CC X O
experience VB X O
M NNP X O
E NNP X O
Maintenance NNP X B-Occupation
Engineer NNP X I-Occupation
for IN X O
an DT X O
immediate JJ X O
start NN X O
. . X O
As IN X O

a DT X O
SharePoint NNP X B-Occupation
Consultant NNP X I-Occupation
, , X O
you PRP X O
will MD X O
be VB X O
an DT X O
experienced JJ X B-Skill
and CC X O
motivated JJ X B-Skill
professional NN X B-Occupation
, , X O
with IN X O
excellent JJ X O
interpersonal JJ X B-Skill
skills NNS X I-Skill
and CC X O
proven JJ X O
experience NN X O
in IN X O
MS NNP X B-Skill
Dynamics NNP X I-Skill
implementations NNS X O
. . X O
To TO X O

ensure VB X B-Skill
food NN X I-Skill
is VBZ X I-Skill
served VBN X I-Skill
and CC X I-Skill
presented VBN X I-Skill
to TO X I-Skill
a DT X I-Skill
high JJ X I-Skill
standard NN X I-Skill
and CC X O
provide VB X B-Skill
a DT X I-Skill
friendly JJ X I-Skill
and CC X I-Skill
efficient JJ X I-Skill
service NN X I-Skill
that WDT X I-Skill
will MD X I-Skill
encourage VB X I-Skill
repeat NN X I-Skill
custom NN X I-Skill
. . X O
developer NN X B-Occupation

, , X O
asp NN X B-Skill
. . X I-Skill
net NN X I-Skill
, , X O
vb NN X B-Skill
. . X I-Skill
net NN X I-Skill
, , X O
vb NN X B-Occupation
. . X I-Occupation
net JJ X I-Occupation
developer NN X I-Occupation
, , X O
asp NN X B-Occupation
. . X I-Occupation
net JJ X I-Occupation
developer NN X I-Occupation
, , X O
asp NN X B-Qualification
. . X I-Qualification
net NN X I-Qualification
, , X O
html NN X B-Skill
, , X O
ajax NN X B-Skill
, , X O
jquery NN X B-Skill
, , X O
mvc NN X B-Skill
, , X O
asp NN X B-Skill
. . X I-Skill
net NN X O
, , X O
vb NN X B-Occupation
. . X I-Occupation
net JJ X I-Occupation
developer NN X I-Occupation
, , X O
sql NN X B-Skill
server NN X I-Skill
, , X I-Skill
agile NN X I-Skill
, , X O
scrum NN X B-Skill
, , X O
scrum NN X B-Skill
methodology NN X I-Skill
, , X O
scrum NN X B-Skill
agile NN X I-Skill
, , X O
scrum NN X B-Skill
, , X O
agile JJ X B-Skill
/ NN X I-Skill
scrum NN X I-Skill
, , X O
xml NNP X B-Skill
, , X O
xml NNP X B-Skill
/ NNP X I-Skill
xslt NNP X I-Skill
, , X O
xml NNP X B-Domain
/ NNP X I-Domain
web NN X I-Domain
services NNS X I-Domain
, , X O
web NN X B-Domain
development NN X I-Domain
, , X O
web NN X B-Occupation
developer NN X I-Occupation
, , X O
web NN X B-Domain
development NN X I-Domain
, , X O
microsoft JJ X B-Skill
. . X I-Skill
net NN X I-Skill
, , X O
microsoft JJ X B-Skill
. . X I-Skill
net JJ X I-Skill
framework NN X I-Skill
, , X O
oracle NN X B-Skill
database NN X I-Skill
, , X O
You PRP X O

must MD X O
have VB X O
proof NN X B-Qualification
of IN X I-Qualification
eligibility NN X I-Qualification
to TO X I-Qualification
live VB X I-Qualification
and CC X I-Qualification
work VB X I-Qualification
in IN X I-Qualification
the DT X I-Qualification
UK NNP X I-Qualification
However RB X O

due JJ X O
to TO X O
the DT X O
volume NN X O
of IN X O
applications NNS X O
we PRP X O
receive VBP X O
we PRP X O
may MD X O
not RB X O
be VB X O
able JJ X O
to TO X O
respond VB X O
to TO X O
every DT X O
candidate NN X O
individually RB X O
. . X O
Working VBG X O

at IN X O
Premium NNP X B-Domain
Country NNP X I-Domain
Dining NNP X I-Domain
Group NNP X I-Domain
restaurants VBZ X O
If IN X O
you PRP X O
aspire VBP X O
to TO X O
working VBG X O
in IN X O
the DT X O
refined JJ X O
and CC X O
sophisticated JJ X O
environment NN X O
of IN X O
a DT X O
topclass NN X O
country NN X O
restaurant NN X O
, , X O
we PRP X O
ve VBP X O
got VBD X O
some DT X O
exceptional JJ X O
vacancies NNS X O
in IN X O
some DT X O
beautiful JJ X O
locations NNS X O
. . X O
The DT X O

duties NNS X O
and CC X O
responsibilities NNS X O
of IN X O
the DT X O
role NN X O
will MD X O
include VB X O
: : X O
the DT X O
drawing NN X B-Skill
and CC X I-Skill
design NN X I-Skill
of IN X I-Skill
pressure NN X I-Skill
retaining VBG X I-Skill
equipment NN X I-Skill
; : X O
performing VBG X B-Skill
calculations NNS X I-Skill
to TO X I-Skill
validate VB X I-Skill
designs NNS X I-Skill
; : X O
managing VBG X B-Skill
the DT X I-Skill
testing NN X I-Skill
and CC X O
approval NN X B-Skill
of IN X I-Skill
designs NNS X I-Skill
; : X O
and CC X O
also RB X O
to TO X O
produce VB X B-Skill
the DT X I-Skill
relevant JJ X I-Skill
documentation NN X I-Skill
. . X O
The DT X O

primary JJ X O
roles NNS X O
of IN X O
this DT X O
post NN X O
will MD X O
be VB X O
to TO X O
: : X O
Work NN X O
within IN X O
a DT X O
team NN X O
of IN X O
field NN X B-Occupation
research NN X I-Occupation
scientists NNS X I-Occupation
operating VBG X O
three CD X O
major JJ X O
fixed VBN X O
field NN X O
sites NNS X O
in IN X O
the DT X O
proximity NN X O
of IN X O
CEH NNP X O
Edinburgh NNP X O
. . X O
I PRP X O

am VBP X O
currently RB X O
recruiting VBG X O
for IN X O
a DT X O
leading VBG X O
Unified VBN X B-Occupation
Communications NNP X I-Occupation
provider NN X I-Occupation
currently RB X O
going VBG X O
from IN X O
strength NN X O
to TO X O
strength NN X O
in IN X O
the DT X O
marketplace NN X B-Domain
. . X O
Are NNP X O

you PRP X O
looking VBG X O
for IN X O
the DT X O
opportunity NN X O
to TO X O
shape VB X B-Skill
how WRB X I-Skill
IT NNP X I-Skill
services NNS X I-Skill
are VBP X I-Skill
delivered VBN X I-Skill
and CC X I-Skill
managed VBN X I-Skill
? . X O
We PRP X O

are VBP X O
looking VBG X O
for IN X O
a DT X B-Occupation
Clinic NNP X I-Occupation
Manager NNP X I-Occupation
with IN X O
at IN X B-Experience
least JJS X I-Experience
two CD X I-Experience
years NNS X I-Experience
experience RB X I-Experience
in IN X O
Haemodialysis NNP X B-Skill
working VBG X O
at IN X O
a DT X O
Senior NNP X B-Qualification
level NN X I-Qualification
. . X O
URGENT NNP X O

CNC NNP X B-Occupation
Millers NNP X I-Occupation
& CC X O
CNC NNP X B-Occupation
Turners NNP X I-Occupation
Needed NNP X O
Neg NNP X O
per IN X O
hour NN X O
Hailsham NN X O
The DT X O

requirements NNS X O
for IN X O
the DT X O
role NN X O
are VBP X O
; : X O
Real JJ X B-Skill
Time NNP X I-Skill
embedded VBD X I-Skill
C NNP X I-Skill
for IN X O
Wide NNP X B-Skill

network NN X I-Skill
of IN X I-Skill
contacts NNS X I-Skill
within IN X I-Skill
the DT X I-Skill
industry NN X I-Skill
with IN X I-Skill
the DT X I-Skill
ability NN X I-Skill
to TO X I-Skill
obtain VB X I-Skill
more JJR X I-Skill
. . X O
Our PRP$ X O

client NN X O
believes VBZ X O
that IN X O
people NNS X O
should MD X O
be VB X O
looked VBN X O
after IN X O
with IN X O
the DT X O
utmost JJ X O
dignity NN X O
and CC X O
respect NN X O
and CC X O
are VBP X O
proud JJ X O
of IN X O
the DT X O
high JJ X O
standards NNS X O
we PRP X O
achieve VBP X O
through IN X O
a DT X O
continuing VBG X O
philosophy NN X O
of IN X O
developing VBG X O
standards NNS X O
and CC X O
delivering VBG X O
service NN X O
. . X O
To TO X O

be VB X O
considered VBN X O
, , X O
the DT X O
Project NNP X B-Occupation
Manager NNP X I-Occupation
should MD X O
have VB X O
proven VBN X O
experience NN X B-Skill
in IN X O
most JJS X O
of IN X O
the DT X O
following NN X O
: : X O
SQL NNP X B-Skill
Server NNP X I-Skill
development NN X I-Skill
knowledge NN X I-Skill
/ NNP X I-Skill
experience NN X I-Skill
TSQL NNP X I-Skill
, , X O
SSIS NNP X B-Skill
etc FW X O
Proficiency NNP X B-Skill
in IN X I-Skill
MS NNP X I-Skill
Project NNP X I-Skill
Please NNP X O

send VB X O
your PRP$ X O
CV NNP X O
to TO X O
Ben NNP X O
West NNP X O
ASAP NNP X O
to TO X O
be VB X O
considered VBN X O
. . X O
Various JJ X B-Skill

reports NNS X I-Skill
supporting VBG X I-Skill
operating VBG X I-Skill
rhythm NN X I-Skill
Consolidation NNP X I-Skill
and CC X I-Skill
distribution NN X I-Skill
of IN X I-Skill
agreed VBN X I-Skill
upon IN X I-Skill
outcomes NNS X I-Skill
and CC X I-Skill
actions NNS X I-Skill
from IN X I-Skill
management NN X I-Skill
team NN X I-Skill
meetings NNS X I-Skill
Influence NNP X O
change NN X O
: : X B-Skill
Working VBG X I-Skill
with IN X I-Skill
crossfunctional JJ X I-Skill
stakeholders NNS X I-Skill
, , X I-Skill
driving VBG X I-Skill
value NN X I-Skill
by IN X I-Skill
developing VBG X I-Skill
innovative JJ X I-Skill
modelling NN X I-Skill
and CC X I-Skill
analytical JJ X I-Skill
solutions NNS X I-Skill
which WDT X O
improve VBP X B-Skill
the DT X I-Skill
credit NN X I-Skill
risk NN X I-Skill
management NN X I-Skill
/ NNP X I-Skill
mitigation NN X I-Skill
process NN X I-Skill
. . X O
Candidates NNS X O

will MD X O
need VB X O
to TO X O
possess VB X O
the DT X O
following JJ X O
experience NN X O
, , X O
skills NNS X O
and CC X O
attributes NNS X O
: : X O
Leading VBG X B-Skill
a DT X I-Skill
team NN X I-Skill
consisting NN X O
of IN X O
administration NN X O
and CC X O
warehouse JJ X O
staff NN X O
, , X O
on IN X O
various JJ X O
shifts NNS X O
covering VBG X O
twentyfour JJ X O
/ NNP X O
seven CD X O
Provide NNP X B-Skill
supervisor NN X I-Skill
holiday NN X I-Skill
cover NN X I-Skill
across IN X O
You PRP X O

ll VBP X O
be VB X O
: : X O
Responsible JJ X O
for IN X O
delivering VBG X O
excellent JJ X O
customer NN X B-Skill
service NN X I-Skill
Training NNP X I-Skill
and CC X I-Skill
leading VBG X I-Skill
a DT X I-Skill
team NN X I-Skill
of IN X O
thirty NN X O
Managing VBG X B-Skill
stock NN X I-Skill
levels NNS X I-Skill
and CC X O
placing VBG X B-Skill
orders NNS X I-Skill
Running VBG X O
huge JJ X O
nights NNS X O
, , X O
working VBG X B-Skill
closely RB X I-Skill
with IN X I-Skill
bands NNS X I-Skill
, , X I-Skill
DJs NNP X I-Skill
and CC X I-Skill
artists NNS X I-Skill
You PRP X O

will MD X O
be VB X O
expected VBN X O
to TO X O
produce VB X B-Skill
feature NN X I-Skill
content NN X I-Skill
for IN X I-Skill
the DT X I-Skill
magazine NN X I-Skill
, , X O
source NN X B-Skill
articles NNS X I-Skill
from IN X I-Skill
contacts NNS X I-Skill
in IN X O
the DT X O
industry NN X B-Domain
and CC X O
manage NN X B-Skill
news NN X I-Skill
contributors NNS X I-Skill
and CC X I-Skill
freelancers NNS X I-Skill
. . X O
You PRP X O

will MD X O
ideally RB X O
have VB X B-Skill
hands NNS X I-Skill
on IN X I-Skill
exposure NN X I-Skill
with IN X O
atleast NN X O
Potential JJ X O

candidates NNS X O
must MD X O
Be VB X O
fluent VBN X O
in IN X O
French NNP X B-Skill
and CC X O
English NNP X B-Skill
Have VBP X O
is VBZ X O

never RB X O
enough RB X O
Not RB X O
get VB X O
bogged VBN X O
down RP X O
in IN X O
whether IN X O
something NN X O
is VBZ X O
in IN X O
your PRP$ X O
job NN X O
description NN X O
or CC X O
not RB X O
Have VB X O
the DT X O
ability NN X O
to TO X O
work VB X O
with IN X O
all DT X O
members NNS X O
of IN X O
the DT X O
business NN X O
and CC X O
third JJ X O
party NN X O
companies NNS X O
Bristol NNP X O

/ NNP X O
Bath NNP X O
Keywords NNP X O
: : X O
WordPress NNP X B-Skill
, , X O
PHP NNP X B-Skill
, , X O
OOP NNP X B-Skill
, , X I-Skill
CMS NNP X I-Skill
, , X O
SQL NNP X B-Skill
, , X O
BASH NNP X B-Skill
, , X O
HTML NNP X B-Skill
, , X O
CSS NNP X B-Skill
Commutable NNP X O
from IN X O
: : X O
Bristol NNP X O
, , X O
Bath NNP X O
, , X O
Weston NNP X O
, , X O
Taunton NNP X O
, , X O
Chippenham NNP X O
, , X O
Trowbridge NNP X O
, , X O
Swindon NNP X O
. . X O
Ensure NN X B-Skill

the DT X I-Skill
delivery NN X I-Skill
of IN X I-Skill
quality NN X I-Skill
care NN X I-Skill
by IN X O
continually RB X B-Skill
assessing VBG X I-Skill
our PRP$ X I-Skill
residents NNS X I-Skill
needs NNS X I-Skill
and CC X O
wishesDevelop NN X B-Skill
, , X I-Skill
review NN X I-Skill
and CC X O
update JJ X B-Skill
care NN X I-Skill
plans NNS X I-Skill
to TO X O
meet VB X O
our PRP$ X O
clients NNS X O
changing VBG X O
physical JJ X O
, , X O
social JJ X O
and CC X O
psychological JJ X O
needs NNS X O
. . X O
A DT X O

full JJ X O
copy NN X O
of IN X O
our PRP$ X O
privacy NN X O
policy NN X O
can MD X O
be VB X O
viewed VBN X O
on IN X O
our PRP$ X O
website NN X O
We PRP X O

will MD X O
never RB X O
send VB X O
your PRP$ X O
CV NNP X O
without IN X O
your PRP$ X O
permission NN X O
. . X O
Previous JJ X O

experience NN X O
of IN X O
working VBG X O
with IN X O
Network NNP X B-Skill
Rail NNP X I-Skill
would MD X O
be VB X O
an DT X O
advantage NN X O
Previous JJ X O

experience NN X B-Skill
of IN X I-Skill
preparing VBG X I-Skill
management NN X I-Skill
and CC X I-Skill
statutory JJ X I-Skill
accounts NNS X I-Skill
, , X I-Skill
tax NN X I-Skill
computations NNS X I-Skill
, , X I-Skill
budgets NNS X I-Skill
& CC X I-Skill
forecasting NN X I-Skill
is VBZ X O
essential JJ X O
as IN X O
is VBZ X O
advanced JJ X O
knowledge NN X O
of IN X O
Excel NNP X B-Skill
and CC X O
strong JJ X O
communication NN X B-Skill
skills NNS X I-Skill
. . X O
Would MD X O

you PRP X O
like VB X O
to TO X O
work VB X O
in IN X O
a DT X O
well RB X O
facilitated VBN X O
English NNP X O
department NN X O
with IN X O
a DT X O
support NN X B-Skill
group NN X O
of IN X O
staff NN X O
? . X O
Your PRP$ X O

fully RB X O
completed VBN X O
application NN X O
will MD X O
be VB X O
acknowledged VBN X O
by IN X O
email NN X O
. . X O
You PRP X O

will MD X O
be VB X O
expected VBN X O
to TO X O
input VB X B-Skill
high JJ X I-Skill
volumes NNS X I-Skill
of IN X I-Skill
invoices NNS X I-Skill
, , X O
resolve VBP X B-Skill
supplier JJR X I-Skill
queries NNS X I-Skill
, , X O
reconcile JJ X B-Skill
accounts NNS X I-Skill
and CC X O
assist NN X B-Skill
with IN X I-Skill
payment NN X I-Skill
runs NNS X I-Skill
at IN X I-Skill
month NN X I-Skill
end NN X I-Skill
. . X O
Duties NNS X O

include VBP X O
serving VBG X B-Skill
food NN X I-Skill
to TO X I-Skill
customers NNS X I-Skill
in IN X I-Skill
the DT X I-Skill
restaurant NN X I-Skill
, , X O
keeping VBG X B-Skill
the DT X I-Skill
bar NN X I-Skill
, , X I-Skill
restaurant NN X I-Skill
and CC X I-Skill
all DT X I-Skill
areas NNS X I-Skill
clean VBP X I-Skill
and CC X I-Skill
tidy NN X I-Skill
, , X O
clearing VBG X B-Skill
tables NNS X I-Skill
and CC X O
all DT X O
general JJ X O
duties NNS X O
. . X O
My PRP$ X O

client NN X O
is VBZ X O
a DT X O
specialist JJ X O
Tour NNP X B-Occupation
Operator NNP X I-Occupation
; : X O
dealing VBG X O
with IN X O
travel NN X B-Skill
for IN X I-Skill
sporting VBG X I-Skill
teams NNS X I-Skill
, , X I-Skill
bodies NNS X I-Skill
, , X I-Skill
groups NNS X I-Skill
and CC X I-Skill
fans NNS X I-Skill
My PRP$ X O

client NN X O
is VBZ X O
a DT X O
long JJ X O
established VBN X O
and CC X O
reputable JJ X O
independent JJ X O
insurance NN X B-Domain
broker NN X O
which WDT X O
prides VBZ X O
itself PRP X O
on IN X O
providing VBG X B-Skill
unbiased JJ X I-Skill
and CC X I-Skill
honest JJ X I-Skill
advice NN X I-Skill
to TO X O
it PRP X O
EXPERIENCE NN X O

REQUIRED NNP X O
A NNP X O
working VBG X O
knowledge NN X O
of IN X O
digital JJ X B-Skill
projection NN X I-Skill
, , X O
call NN X B-Skill
centres NNS X I-Skill
, , X O
databases NNS X B-Skill
or CC X O
scheduling VBG X B-Skill
systems NNS X I-Skill
is VBZ X O
desirable JJ X O
for IN X O
this DT X O
role NN X O
as RB X O
would MD X O
previous JJ X O
experience NN X O
in IN X O
a DT X O
similar JJ X O
role NN X O
. . X O
Liaise RB X B-Skill

, , X I-Skill
as IN X I-Skill
required VBN X I-Skill
with IN X I-Skill
Health NNP X I-Skill
and CC X I-Skill
Local NNP X I-Skill
Authorities NNP X I-Skill
, , X I-Skill
voluntary JJ X I-Skill
and CC X I-Skill
community NN X I-Skill
organisations NNS X I-Skill
for IN X I-Skill
the DT X I-Skill
benefit NN X I-Skill
of IN X I-Skill
residents NNS X I-Skill
and CC X I-Skill
staff NN X I-Skill
. . X O
Credit NN X O

is VBZ X O
always RB X O
given VBN X O
to TO X O
individuals NNS X O
for IN X O
their PRP$ X O
efforts NNS X O
and CC X O
an DT X O
exciting NN X O
and CC X O
structured VBD X O
career NN X O
path NN X O
exists NNS X O
for IN X O
those DT X O
who WP X O
have VBP X O
the DT X O
beliefs NNS X O
and CC X O
abilities NNS X O
to TO X O
succeed VB X O
. . X O
As IN X O

a DT X O
South NNP X O
East NNP X O
London NNP X O
based VBN X O
litho JJ X O
print NN X O
and CC X O
office NN X O
supplies NNS X O
company NN X O
, , X O
our PRP$ X O
client NN X O
is VBZ X O
passionate JJ X O
about IN X O
providing VBG X B-Skill
high JJ X I-Skill
quality NN X I-Skill
services NNS X I-Skill
and CC X I-Skill
products NNS X I-Skill
. . X O
M NNP X O

Co NNP X O
. . X O
The DT X O
role NN X O
will MD X O
involve VB X O
working VBG X O
very RB X O
closely RB X O
with IN X O
the DT X O
Design NNP X B-Domain
team NN X O
and CC X O
liaising VBG X B-Skill
with IN X I-Skill
factories NNS X I-Skill
in IN X O
India NNP X O
, , X O
the DT X O
Far NNP X O
East NNP X O
and CC X O
Turkey NNP X O
. . X O
CRG NNP X O

Allied NNP X O
Health NNP X O
are VBP X O
working VBG X O
in IN X O
partnership NN X O
with IN X O
a DT X O
private JJ X O
client NN X O
that WDT X O
is VBZ X O
looking VBG X O
to TO X O
recruit VB X O
Permanent JJ X B-Occupation
Physiotherapists NNS X I-Occupation
. . X O
To TO X O

act VB X O
as IN X O
the DT X O
focal JJ X O
point NN X O
for IN X O
visitors NNS X O
to TO X O
the DT X O
PGTE NNP X B-Skill
building NN X I-Skill
. . X O
Liverpool NNP X O

Basic NNP X O
c VBZ X O
.**** NNP X O
k NNP X O
Uncapped NNP X O
Bonus NNP X O
to TO X O
18 CD X O
% NN X O
of IN X O
GP NNP X O
Benefits NNP X O
including VBG X O
Cont NNP X O
pension NN X O
scheme NN X O
To TO X O

accept VB X O
specific JJ X O
areas NNS X O
of IN X O
responsibility NN X O
and CC X O
excel NN X O
in IN X O
your PRP$ X O
chosen NN X O
disciplines NNS X O
to TO X O
best VB X O
support NN X O
the DT X O
team NN X O
output NN X O
. . X O
Our PRP$ X O

Client NNP X O
requires VBZ X O
a DT X O
Senior JJ X B-Occupation
Office NNP X I-Occupation
Administrator NNP X I-Occupation
to TO X O
join VB X O
their PRP$ X O
busy JJ X O
office NN X O
on IN X O
a DT X O
temp NN X O
to TO X O
perm VB X O
basis NN X O
. . X O
You PRP X O

will MD X O
be VB X O
a DT X O
passionate NN X O
Learning NNP X B-Skill
Development NNP X I-Skill
professional JJ X I-Skill
/ NNP X I-Skill
store NN X I-Skill
trainer NN X I-Skill
, , X O
with IN X O
a DT X O
real JJ X O
desire NN X O
to TO X O
work VB X B-Skill
in IN X I-Skill
an DT X I-Skill
extremely RB X I-Skill
fast JJ X I-Skill
paced VBD X I-Skill
, , X I-Skill
operationally RB X I-Skill
led VBD X I-Skill
, , X I-Skill
sales NNS X I-Skill
driven VBP X I-Skill
environment NN X I-Skill
. . X O
Having VBG X O

unprecedented JJ X O
success NN X O
in IN X O
the DT X O
last JJ X O
number NN X O
of IN X O
years NNS X O
they PRP X O
are VBP X O
now RB X O
in IN X O
a DT X O
growth NN X O
phase NN X O
as IN X O
the DT X O
company NN X O
continues VBZ X O
to TO X O
expand VB X O
. . X O
You PRP X O

will MD X O
need VB X O
to TO X O
have VB X O
a DT X O
keen JJ X B-Skill
eye NN X I-Skill
for IN X I-Skill
detail NN X I-Skill
and CC X O
be VB X O
very RB X O
efficient JJ X O
to TO X O
ensure VB X B-Skill
customer NN X I-Skill
records NNS X I-Skill
are VBP X I-Skill
accurately RB X I-Skill
recorded VBN X I-Skill
. . X O
An DT X O

enhanced JJ X O
Disclosure NN X B-Qualification
and CC X I-Qualification
Barring NNP X I-Qualification
Service NNP X I-Qualification
DBS NNP X I-Qualification
check NN X I-Qualification
is VBZ X O
required VBN X O
for IN X O
all DT X O
Protocol NNP X O
assignments NNS X O
. . X O
The DT X O

Change NNP X O
team NN X O
rigorously RB X O
manage VBZ X O
the DT X O
production NN X B-Skill
network NN X I-Skill
change NN X I-Skill
management NN X I-Skill
process NN X I-Skill
across IN X O
a DT X O
complicated VBN X O
and CC X O
extensive JJ X O
pan NN X O
European NNP X O
telecommunications NN X B-Domain
network NN X O
. . X O
A DT X O

client NN X O
that WDT X O
touches VBZ X O
many JJ X O
of IN X O
our PRP$ X O
lives NNS X O
on IN X O
a DT X O
daily JJ X O
business NN X O
you PRP X O
will MD X O
be VB X O
joining VBG X B-Skill
a DT X I-Skill
group NN X I-Skill
that WDT X I-Skill
has VBZ X I-Skill
a DT X I-Skill
real JJ X I-Skill
enthusiasm NN X I-Skill
for IN X I-Skill
what WP X I-Skill
they PRP X I-Skill
do VBP X I-Skill
and CC X I-Skill
how WRB X I-Skill
they PRP X I-Skill
exceed VBP X I-Skill
customer NN X I-Skill
expectation NN X I-Skill
. . X O
Accounts NNS X O

Payable JJ X O
Overseeing VBG X O
the DT X O
Purchase NNP X B-Skill
ordering NN X I-Skill
system NN X I-Skill
ensuring VBG X O
costs NNS X O
are VBP X O
allocated VBN X O
to TO X O
correct VB X O
client NN X O
budgets NNS X O
or CC X O
overheads NNS X O
. . X O
We PRP X O

are VBP X O
currently RB X O
looking VBG X O
for IN X O
a DT X O
QS NNP X B-Occupation
/ NNP X I-Occupation
contract NN X I-Occupation
specialist NN X I-Occupation
to TO X O
work VB X O
within IN X O
the DT X O
nuclear JJ X B-Domain
industry NN X O
. . X O
As IN X O

Senior NNP X B-Occupation
SharePoint NNP X I-Occupation
Developer NNP X I-Occupation
you PRP X O
will MD X O
engaged VBN X O
in IN X O
Leading VBG X B-Skill
a DT X I-Skill
project NN X I-Skill
team NN X I-Skill
, , X O
Requirements NNP X B-Skill
Gathering NNP X I-Skill
, , X O
SharePoint NNP X B-Skill
Development NNP X I-Skill
, , X O
Project NNP X B-Skill
Delivery NNP X I-Skill
and CC X I-Skill
Support NNP X I-Skill
where WRB X O
applicable JJ X O
. . X O
With IN X O

a DT X O
strong JJ X O
grasp NN X O
of IN X O
our PRP$ X O
brand NN X O
' '' X O
s JJ X O
standards NNS X O
and CC X O
aims NNS X O
, , X O
you PRP X O
must MD X O
also RB X O
ensure VB X O
that IN X O
the DT X O
Hotel NNP X O
team NN X O
are VBP X O
fully RB X O
prepared JJ X O
, , X O
motivated VBN X O
and CC X O
ready JJ X O
to TO X O
work VB X O
to TO X O
the DT X O
highest JJS X O
standards NNS X O
. . X O
If IN X O

this DT X O
sounds VBZ X O
like IN X O
something NN X O
youd NNS X O
like IN X O
to TO X O
know VB X O
more JJR X O
about IN X O
, , X O
please VB X O
call VB X O
me PRP X O
on IN X O
As IN X O

an DT X O
experienced JJ X B-Skill
solicitor NN X O
likely RB X O
to TO X O
have VB X O
upwards NNS X B-Experience
of IN X I-Experience
four CD X I-Experience
years NNS X I-Experience
experience NN X I-Experience
you PRP X O
will MD X O
have VB X O
experience NN X O
of IN X O
dealing VBG X B-Skill
with IN X I-Skill
clients NNS X I-Skill
from IN X I-Skill
a DT X I-Skill
wide JJ X I-Skill
range NN X I-Skill
of IN X I-Skill
sectors NNS X I-Skill
on IN X O
both DT X O
contentious JJ X O
and CC X O
non JJ X O
contentious JJ X O
issues NNS X O
. . X O
This DT X O

is VBZ X O
a DT X O
technical JJ X O
sales NNS X O
role NN X O
, , X O
so RB X O
will MD X O
require VB X O
excellent JJ X O
knowledge NN X B-Skill
of IN X I-Skill
air NN X I-Skill
conditioning VBG X I-Skill
equipment NN X I-Skill
. . X O
If IN X O

this DT X O
sounds VBZ X O
like IN X O
the DT X O
type NN X O
of IN X O
role NN X O
you PRP X O
would MD X O
thrive VB X O
in IN X O
, , X O
then RB X O
please VB X O
contact NN X O
Becky NNP X O
directly RB X O
on IN X O
a DT X O

role NN X O
for IN X O
everyone NN X O
, , X O
good JJ X O
allrounders NNS X O
won VBD X O
t JJ X O
want VBP X O
such PDT X O
a DT X O
niche NN X O
remit NN X O
; : X O
it PRP X O
will MD X O
suit VB X O
someone NN X O
who WP X O
doesn VBP X O
t NN X O
want VBP X O
/ NN X O
enjoy VB X O
the DT X O
kerfuffle NN X O
of IN X O
client NN X B-Skill
handling NN X I-Skill
, , X O
timesheets NNS X B-Skill
and CC X O
administration NN X B-Skill
. . X O
Please NNP X O

check VB X O
our PRP$ X O
Jobsearch NNP X O
section NN X O
at IN X O
URL NNP X O
removed VBD X O
if IN X O
you PRP X O
would MD X O
like VB X O
to TO X O
find VB X O
out RP X O
more RBR X O
. . X O
Confident NN X O

in IN X O
the DT X O
use NN X B-Skill
of IN X I-Skill
Computers NNS X I-Skill
; : X O
can MD X O
readily VB X O
learn VB X B-Skill
new JJ X I-Skill
software NN X I-Skill
applications NNS X O
Experience NNP X B-Skill
in IN X I-Skill
programming NN X I-Skill
and CC X I-Skill
using VBG X I-Skill
statistical JJ X I-Skill
software NN X I-Skill
as RB X O
well RB X O
as IN X O
knowledge NN X B-Skill
of IN X I-Skill
databases NNS X I-Skill
and CC X I-Skill
interface NN X I-Skill
systems NNS X I-Skill
. . X O
Benefits NNS X O

Include VBP X O
: : X O
Uniform NN X O
Provided VBD X O
Meals NNS X O
on IN X O
Duty NNP X O
Share NNP X O
of IN X O
Tips NNP X O
Bonus NNP X O
Scheme NNP X O
Excellent NNP X O
Opportunities NNPS X O
To TO X O
Progress VB X O
If IN X O
you PRP X O
are VBP X O
interested JJ X O
in IN X O
this DT X O
position NN X O
or CC X O
would MD X O
like VB X O
information NN X O
on IN X O
the DT X O
other JJ X O
positions NNS X O
we PRP X O
are VBP X O
recruiting VBG X O
for IN X O
or CC X O
any DT X O
temporary JJ X O
assignments NNS X O
please VB X O
send VB X O
your PRP$ X O
CV NNP X O
by IN X O
clicking VBG X O
on IN X O
the DT X O
apply NN X O
now RB X O
button VBZ X O
below IN X O
and CC X O
our PRP$ X O
consultant NN X O
Chris NNP X O
Gill NNP X O
will MD X O
do VB X O
his PRP$ X O
utmost NN X O
to TO X O
assist VB X O
you PRP X O
in IN X O
your PRP$ X O
search NN X O
for IN X O
employment NN X O
. . X O
Tasks NNS X O

will MD X O
include VB X O
audio JJ X B-Skill
typing NN X I-Skill
reports NNS X I-Skill
, , X O
letters NNS X B-Skill
and CC X I-Skill
memos NNS X I-Skill
, , X I-Skill
updating VBG X I-Skill
the DT X I-Skill
claims NNS X I-Skill
system NN X I-Skill
with IN X I-Skill
information NN X I-Skill
, , X O
MI NNP X B-Skill
and CC X O
task NN X B-Skill
lists NNS X I-Skill
and CC X O
providing VBG X B-Skill
any DT X I-Skill
administrative JJ X I-Skill
assistance NN X I-Skill
as IN X O
and CC X O
when WRB X O
required VBN X O
. . X O
This DT X O

includes VBZ X O
supporting VBG X B-Skill
the DT X I-Skill
day NN X I-Skill
to TO X I-Skill
day NN X I-Skill
operation NN X I-Skill
of IN X I-Skill
three CD X I-Skill
major JJ X I-Skill
fixed VBN X I-Skill
, , X I-Skill
local JJ X I-Skill
field NN X I-Skill
sites NNS X I-Skill
. . X O
We PRP X O

require VBP X O
a DT X O
Kitchen NNP X B-Occupation
Manager NNP X I-Occupation
for IN X O
a DT X O
Themed NNP X O
Restaurant NNP X O
, , X O
which WDT X O
offers VBZ X O
Working VBG X B-Skill

on IN X I-Skill
an DT X I-Skill
interim JJ X I-Skill
basis NN X I-Skill
, , X O
you PRP X O
will MD X O
gain VB X O
fantastic JJ X O
exposure NN X O
working VBG X O
within IN X O
a DT X O
multibrand NN X B-Domain
environment NN X I-Domain
whilst NN X O
representing VBG X B-Skill
a DT X I-Skill
leading VBG X I-Skill
retail JJ X I-Skill
name NN X I-Skill
. . X O
In IN X O

this DT X O
role NN X O
you PRP X O
will MD X O
be VB X O
reporting VBG X B-Skill
to TO X I-Skill
and CC X I-Skill
helping VBG X I-Skill
support VB X I-Skill
the DT X I-Skill
Senior NNP X I-Skill
Project NNP X I-Skill
Manager NNP X I-Skill
in IN X O
the DT X O
successful JJ X O
delivery NN X O
of IN X O
a DT X O
workflow JJ X O
solution NN X O
for IN X O
a DT X O
number NN X O
of IN X O
customers NNS X O
. . X O
Product NN X B-Skill

marketing NN X I-Skill
Essential NNP X O
skills NNS X O
and CC X O
experience NN X O
required VBN X O
: : X O
Bachelors NNS X B-Qualification
in IN X I-Qualification
Computer NNP X I-Qualification
Science NNP X I-Qualification
, , X O
related JJ X O
field NN X O
or CC X O
equivalent JJ X O
experience NN X O
. . X O
The DT X O

Project NNP X B-Occupation
Manager NNP X I-Occupation
will MD X O
help VB X O
coordinate VB X B-Skill
many JJ X I-Skill
projects NNS X I-Skill
and CC X O
most JJS X O
importantly RB X O
will MD X O
be VB X O
Client NNP X B-Skill
facing NN X I-Skill
, , X O
and CC X O
therefore IN X O
we PRP X O
are VBP X O
looking VBG X O
for IN X O
a DT X O
confident NN X B-Skill
and CC X O
well RB X B-Skill
presented VBN X I-Skill
scientist NN X B-Occupation
who WP X O
is VBZ X O
comfortable JJ X O
meeting NN X B-Skill
Clients NNS X I-Skill
face VBP X I-Skill
to TO X I-Skill
face NN X I-Skill
. . X O
Produce NNP X B-Skill

Variable NNP X I-Skill
Speed NNP X I-Skill
Drive NNP X I-Skill
software NN X I-Skill
if IN X O
required VBN X O
for IN X O
the DT X O
project NN X O
Produce NNP X B-Skill
software NN X I-Skill
for IN X I-Skill
any DT X I-Skill
Human NNP X I-Skill
Machine NNP X I-Skill
Interfaces NNS X I-Skill
A DT X O

couple NN X O
of IN X O
the DT X O
people NNS X O
supported VBD X O
here RB X O
have VBP X O
mobility NN X O
issues NNS X O
, , X O
and CC X O
there EX X O
are VBP X O
two CD X O
people NNS X O
with IN X O
visual JJ X O
impairments NNS X O
and CC X O
communication NN X O
issues NNS X O
. . X O
The DT X O

opportunity NN X O
now RB X O
exists VBZ X O
for IN X O
an DT X O
enthusiastic JJ X B-Skill
, , X O
proactive JJ X B-Skill
, , X O
and CC X O
professional JJ X B-Skill
individual NN X O
who WP X O
has VBZ X O
a DT X O
strong JJ X O
working VBG X B-Skill
knowledge NN X I-Skill
of IN X I-Skill
F NNP X I-Skill
I PRP X I-Skill
to TO X O
join VB X O
our PRP$ X O
client NN X O
' '' X O
s JJ X O
successful JJ X O
motor NN X B-Domain
trade NN X I-Domain
team NN X O
as IN X O
a DT X O
Business NNP X B-Occupation
Manager NNP X I-Occupation
. . X O
The DT X O

successful JJ X O
candidate NN X O
will MD X O
be VB X O
part NN X O
of IN X O
a DT X O
company NN X O
that WDT X O
recently RB X O
worked VBD X O
with IN X O
the DT X O
London NNP X O
Olympics NNPS X O
that IN X O
offers VBZ X O
cutting VBG X O
edge NN X O
solutions NNS X O
in IN X O
an DT X O
inspiring NN X O
, , X O
dynamic JJ X O
environment NN X O
. . X O
Eliminate NNP X O

waste NN X O
of IN X O
whatever WDT X O
form NN X O
, , X O
to TO X O
suggest VB X O
the DT X O
use NN X O
of IN X O
more RBR X O
environmentally RB X O
friendly JJ X O
substances NNS X O
and CC X O
practices NNS X O
and CC X O
contribute NN X O
to TO X O
the DT X O
continuous JJ X O
improvement NN X O
of IN X O
the DT X O
environment NN X O
. . X O
Key JJ X O

responsibilities NNS X O
: : X O
a DT X O
key JJ X O
commercial JJ X O
management NN X B-Occupation
accountant JJ X I-Occupation
role NN X O
role NN X O
operating VBG X O
in IN X O
the DT X O
Core NNP X O
Finance NNP X B-Domain
team NN X O
and CC X O
reporting NN X O
to TO X O
the DT X O
Sales NNS X B-Occupation
and CC X I-Occupation
Planning NNP X I-Occupation
Manager NNP X I-Occupation
; : X O
engaging VBG X O
with IN X O
the DT X O
business NN X O
to TO X O
build VB X O
and CC X O
validate VB X B-Skill
consensus NN X I-Skill
forecasts NNS X I-Skill
and CC X I-Skill
plans NNS X I-Skill
; : X O
assisting VBG X O
with IN X O
all DT X O
central JJ X O
planning NN X B-Skill
activities NNS X I-Skill
within IN X O
the DT X O
business NN X O
and CC X O
responsible JJ X O
for IN X O
the DT X O
reporting NN X O
of IN X O
parallel JJ X B-Skill
trade NN X I-Skill
across IN X O
the DT X O
sales NNS X B-Domain
and CC X O
marketing NN X B-Domain
portfolio NN X O
; : X O
understand VB X O
the DT X O
commercial JJ X O
environment NN X O
and CC X O
challenges NNS X O
within IN X O
the DT X O
global JJ X B-Skill
retail JJ X I-Skill
markets NNS X I-Skill
to TO X O
be VB X O
able JJ X O
to TO X O
effectively RB X O
partner NN X B-Skill
with IN X I-Skill
non JJ X I-Skill
finane NN X I-Skill
business NN X I-Skill
partners NNS X I-Skill
to TO X O
ensure VB X O
robust JJ X O
plans NNS X O
are VBP X O
in IN X O
place NN X O
, , X O
which WDT X O
are VBP X O
fully RB X O
bought VBN X O
into IN X O
by IN X O
the DT X O
business NN X O
; : X O
partner NN X O
with IN X O
the DT X O
business NN X O
to TO X O
compile VB X B-Skill
, , X I-Skill
review NN X I-Skill
and CC X I-Skill
challenge NN X I-Skill
consensus NN X I-Skill
forecast NN X I-Skill
on IN X O
a DT X O
monthly JJ X O
basis NN X O
; : X O
ensure VB X B-Skill
systems NNS X I-Skill
in IN X I-Skill
support NN X I-Skill
of IN X I-Skill
planning NN X I-Skill
processes NNS X I-Skill
, , X I-Skill
are VBP X I-Skill
maintained VBN X I-Skill
and CC X I-Skill
improved VBN X I-Skill
, , X O
to TO X O
continually RB X O
provide VB X O
accurate NN X O
and CC X O
timely JJ X O
forecasts NNS X B-Skill
in IN X O
line NN X O
with IN X O
European JJ X O
and CC X O
internal JJ X O
deadlines NNS X B-Skill
. . X O
Our PRP$ X O

client NN X O
is VBZ X O
the DT X O
professional JJ X O
association NN X O
for IN X O
Chartered NNP X B-Occupation
Legal NNP X I-Occupation
Executive NNP X I-Occupation
lawyers NNS X I-Occupation
. . X O
May NNP X O

I PRP X O
take VBP X O
this DT X O
opportunity NN X O
to TO X O
wish VB X O
you PRP X O
good JJ X O
luck NN X O
with IN X O
your PRP$ X O
job NN X O
search NN X O
. . X O
twentyfour NN X O

/ VBD X O
seven CD X O
Excellent JJ X O
pay NN X O
rates NNS X O
with IN X O
clear JJ X O
advice NN X O
Proactively RB X O

assist JJ X B-Skill
clients NNS X O
with IN X O
all DT X O
queries NNS X O
and CC X O
obtain VB X O
information NN X O
when WRB X O
answers NNS X O
not RB X O
known VBN X O
. . X O
A DT X O

Major NNP X O
Civil NNP X B-Domain
Engineering NNP X I-Domain
Contractor NNP X O
is VBZ X O
seeking VBG X O
a DT X O
project NN X B-Occupation
/ NNP X I-Occupation
Senior NNP X I-Occupation
Planner NNP X I-Occupation
to TO X O
work VB X O
within IN X O
their PRP$ X O
civil JJ X O
Engineering NNP X O
function NN X O
. . X O
Take VB X O

a DT X O
leadership NN X B-Skill
role NN X O
for IN X O
shifts NNS X O
ensuring VBG X B-Skill
all DT X I-Skill
staff NN X I-Skill
are VBP X I-Skill
supervised VBN X I-Skill
appropriately RB X I-Skill
and CC X O
the DT X O
shift NN X O
runs VBZ X O
in IN X O
a DT X O
smooth JJ X O
efficient JJ X O
manner NN X O
. . X O
The DT X O

client NN X O
has VBZ X O
experienced VBN X O
continual JJ X O
growth NN X O
and CC X O
are VBP X O
looking VBG X O
to TO X O
add VB X O
to TO X O
their PRP$ X O
team NN X O
of IN X O
skilled VBN X B-Skill
and CC X O
experienced VBN X B-Skill
multidisciplined VBD X I-Skill
developers NNS X B-Occupation
. . X O
The DT X O

successful JJ X O
individual NN X O
will MD X O
be VB X O
expected VBN X O
to TO X O
build VB X B-Skill
key JJ X I-Skill
relationships NNS X I-Skill
with IN X I-Skill
Area NNP X I-Skill
Sales NNS X I-Skill
Manager NNP X I-Skill
, , X I-Skill
General NNP X I-Skill
Manager NNP X I-Skill
, , X I-Skill
Operations NNP X I-Skill
Manager NNP X I-Skill
and CC X I-Skill
Regional NNP X I-Skill
Director NNP X I-Skill
with IN X O
the DT X O
ability NN X B-Skill
and CC X I-Skill
confidence NN X I-Skill
to TO X I-Skill
delegate VB X I-Skill
upwards NNS X I-Skill
and CC X I-Skill
downwards NNS X I-Skill
as IN X O
is VBZ X O
required VBN X O
as IN X O
you PRP X O
will MD X O
have VB X O
lots NNS X O
of IN X O
things NNS X O
thrown VBN X O
at IN X O
you PRP X O
Creative JJ X B-Skill

head NN X B-Occupation
chef NN X I-Occupation
with IN X O
flair NN X B-Skill
, , X O
passion NN X B-Skill
and CC X O
dedication NN X B-Skill
Salary NNP X O
and CC X O
Benefits NNP X O
They PRP X O

are VBP X O
seeking VBG X O
a DT X O
Regulatory NNP X B-Occupation
Affairs NNP X I-Occupation
Manager NNP X I-Occupation
to TO X O
join VB X O
their PRP$ X O
European JJ X O
team NN X O
, , X O
providing VBG X O
an DT X O
invaluable JJ X O
service NN X O
to TO X O
the DT X O
business NN X O
. . X O
Cathcart NNP X O

Associates NNPS X O
client NN X O
who WP X O
are VBP X O
a DT X O
very RB X O
well RB X O
thought VBN X O
of IN X O
software NN X O
house NN X O
in IN X O
Aberdeen NNP X O
, , X O
are VBP X O
now RB X O
looking VBG X O
to TO X O
recruit VB X O
their PRP$ X O
first JJ X O
new JJ X O
member NN X O
of IN X O
staff NN X O
in IN X O
2013 CD X O
. . X O
An DT X O

excellent JJ X O
career NN X O
opportunity NN X O
for IN X O
a DT X O
Parts NNP X B-Occupation
Supervisor NNP X I-Occupation
with IN X O
experience NN X B-Skill
in IN X I-Skill
Capital NNP X I-Skill
Equipment NNP X I-Skill
and CC X I-Skill
bespoke VBD X I-Skill
equipment NN X I-Skill
parts NNS X I-Skill
. . X O
Define NNP X B-Skill

project NN X I-Skill
scope NN X I-Skill
, , X I-Skill
goals NNS X I-Skill
and CC X I-Skill
deliverables NNS X I-Skill
to TO X O
support VB X O
business NN X O
goals NNS X O
in IN X O
collaboration NN X O
with IN X O
management NN X O
. . X O
Performance NNP X B-Skill

driven JJ X I-Skill
Experience NNP X I-Skill
of IN X I-Skill
project NN X I-Skill
management NN X I-Skill
skills NNS X I-Skill
across IN X I-Skill
multifunctional JJ X I-Skill
teams NNS X I-Skill
Team NNP X I-Skill
player NN X I-Skill
Experience NN X I-Skill
of IN X I-Skill
managing VBG X I-Skill
a DT X I-Skill
cost NN X I-Skill
centre NN X I-Skill
effectively RB X I-Skill
Commodities NNP X I-Skill
/ NNP X I-Skill
financial JJ X I-Skill
services NNS X I-Skill
experience NN X O
would MD X O
be VB X O
desirable JJ X O
Willing NNP X B-Skill
and CC X I-Skill
able JJ X I-Skill
to TO X I-Skill
travel VB X I-Skill
, , X I-Skill
including VBG X O
event NN X B-Skill
attendance NN X I-Skill
and CC X I-Skill
overnight JJ X I-Skill
stays NNS X I-Skill
if IN X O
required VBN X O
Closing NN X O
Date NN X O
: : X O
Monday NNP X O
11 CD X O
th NN X O
February NNP X O
2013 CD X O
at IN X O
midday NN X O
To TO X O
apply VB X O
, , X O
please VB X O
incorporate VB X O
your PRP$ X O
Covering VBG X O
Letter NNP X O
with IN X O
your PRP$ X O
CV NNP X O
, , X O
detailing VBG X O
relevant JJ X O
experience NN X O
and CC X O
qualifications NNS X O
. . X O
Our PRP$ X O

REFER NNP X O
and CC X O
be VB X O
REWARDED NNP X O
scheme NN X O
is VBZ X O
about IN X O
recognising VBG X O
and CC X O
thanking VBG X O
you PRP X O
for IN X O
telling VBG X O
your PRP$ X O
friends NNS X O
, , X O
family NN X O
or CC X O
colleagues NNS X O
about IN X O
our PRP$ X O
services NNS X O
and CC X O
how WRB X O
we PRP X O
could MD X O
help VB X O
them PRP X O
. . X O
The DT X O

role NN X O
will MD X O
also RB X O
involve VB X O
assisting VBG X B-Skill
in IN X I-Skill
the DT X I-Skill
development NN X I-Skill
of IN X I-Skill
consistent NN X I-Skill
and CC X I-Skill
standardised VBD X I-Skill
reporting NN X I-Skill
, , X O
and CC X O
working VBG X B-Skill
alongside JJ X I-Skill
subcontractors NNS X I-Skill
to TO X O
make VB X B-Skill
sure JJ X I-Skill
company NN X I-Skill
standards NNS X I-Skill
are VBP X I-Skill
met VBN X I-Skill
and CC X O
legislative JJ X O
requirements NNS X O
are VBP X O
adhered VBN X O
to TO X O
. . X O
We PRP X O

are VBP X O
fast JJ X O
becoming VBG X O
known VBN X O
as IN X O
the DT X O
agency NN X O
that WDT X O
pays VBZ X O
the DT X O
highest JJS X O
rates NNS X O
, , X O
GUARANTEED NNP X O
We PRP X O
are VBP X O
holders NNS X O
of IN X O
the DT X O
Quality NNP X O
Mark NNP X O
. . X O
ll RB X O

give VB X O
you PRP X O
all PDT X O
the DT X O
rewards NNS X O
and CC X O
recognition NN X O
you PRP X O
deserve VBP X O
, , X O
along IN X O
with IN X O
access NN X O
to TO X O
the DT X O
training NN X B-Domain
required VBN X O
to TO X O
develop VB X O
you PRP X O
in IN X O
this DT X O
role NN X O
. . X O
The DT X O

company NN X O
perform VB X O
all DT X O
R NNP X B-Domain
& CC X I-Domain
D NNP X I-Domain
at IN X O
their PRP$ X O
Oxfordshire NNP X O
facility NN X O
and CC X O
have VBP X O
grown VBN X O
year NN X O
on IN X O
year NN X O
due JJ X O
to TO X O
high JJ X O
demand NN X O
for IN X O
their PRP$ X O
specialist NN X O
products NNS X O
. . X O
This DT X O

Advert NNP X O
is VBZ X O
posted VBN X O
by IN X O
CV NNP X O
Bay NNP X O
Ltd NNP X O
a DT X O
UK NNP X O
based VBN X O
Recruitment NNP X O
Consultancy NNP X O
, , X O
on IN X O
behalf NN X O
of IN X O
one CD X O
of IN X O
our PRP$ X O
clients NNS X O
. . X O
This DT X O

is VBZ X O
an DT X O
excellent JJ X O
opportunity NN X O
with IN X O
real JJ X O
scope NN X O
for IN X O
career NN X O
progression NN X O
Randstad NNP X O
Financial NNP X O
& CC X O
Professional NNP X O
encourage NN X O
applications NNS X O
from IN X O
individuals NNS X O
of IN X O
all DT X O
ages NNS X O
& CC X O
backgrounds NNS X O
. . X O
If IN X O

anonymity NN X O
is VBZ X O
not RB X O
required VBN X O
then RB X O
please VB X O
feel VB X O
free JJ X O
to TO X O
apply VB X O
through IN X O
this DT X O
job NN X O
board NN X O
Our PRP$ X O

client NN X O
, , X O
a DT X O
fantastic JJ X O
Hotel NNP X O
and CC X O
Spa NNP X O
in IN X O
Oxfordshire NNP X O
, , X O
is VBZ X O
currently RB X O
looking VBG X O
for IN X O
a DT X O
talented JJ X B-Skill
CDP NNP X B-Occupation
to TO X O
join VB X O
their PRP$ X O
team NN X O
. . X O
C NNP X B-Skill

arry VBZ X I-Skill
out RP X I-Skill
adhoc JJ X I-Skill
finance NN X I-Skill
work NN X I-Skill
as IN X O
directed VBN X O
by IN X O
the DT X O
Finance NNP X B-Occupation
Manager NNP X I-Occupation
Health NNP X O
Safety NNP X O
In IN X O

return NN X O
, , X O
my PRP$ X O
client NN X O
offers VBZ X O
an DT X O
excellent JJ X O
career NN X O
path NN X O
to TO X O
Power NNP X B-Domain
Supply NNP X I-Domain
Design NNP X I-Domain
and CC X O
exposure NN X O
to TO X O
the DT X O
industry NN X B-Domain
' POS X I-Domain
s JJ X O
leading VBG X O
edge NN X O
technology NN X O
and CC X O
engineers NNS X B-Occupation
. . X O
Use VB X O

your PRP$ X O
media NNS X B-Skill
knowledge NN X I-Skill
to TO X O
streamline VB X B-Skill
and CC X I-Skill
improve VB X I-Skill
the DT X I-Skill
agency NN X I-Skill
s JJ X I-Skill
media NNS X I-Skill
offering NN X I-Skill
The DT X O

concept NN X O
is VBZ X O
built VBN X O
on IN X O
the DT X O
foundation NN X O
of IN X O
being VBG X O
able JJ X O
to TO X O
offer VB X B-Skill
the DT X I-Skill
guest JJS X I-Skill
an DT X I-Skill
authentic JJ X I-Skill
quality NN X I-Skill
product NN X I-Skill
in IN X I-Skill
a DT X I-Skill
volume NN X I-Skill
, , X I-Skill
fastpaced VBD X I-Skill
environment NN X I-Skill
. . X O
This DT X O

is VBZ X O
a DT X O
fantastic JJ X O
opportunity NN X O
for IN X O
a DT X O
Sous JJ X B-Occupation
Chef NN X I-Occupation
to TO X O
progress VB X O
and CC X O
grow VB X O
within IN X O
an DT X O
established VBN X O
company NN X O
. . X O
This DT X O

process NN X O
is VBZ X O
conducted VBN X O
by IN X O
each DT X O
line NN X B-Occupation
manager NN X I-Occupation
in IN X O
consultation NN X O
with IN X O
the DT X O
employees NNS X O
reporting VBG X O
directly RB X O
to TO X O
him PRP X O
/ VB X O
her PRP X O
. . X O
My PRP$ X O

client NN X O
, , X O
a DT X O
global JJ X O
and CC X O
leading VBG X O
technology NN X O
software NN X O
manufacturer NN X O
, , X O
is VBZ X O
offering VBG X O
a DT X O
fantastic JJ X O
opportunity NN X O
for IN X O
a DT X O
Mechanical NNP X B-Occupation
Design NNP X I-Occupation
Engineer NNP X I-Occupation
to TO X O
join VB X O
them PRP X O
. . X O
This DT X O

is VBZ X O
the DT X O
perfect JJ X O
opportunity NN X O
to TO X O
join VB X O
this DT X O
family NN X O
owned VBD X O
business NN X O
who WP X O
still RB X O
maintained VBD X O
a DT X O
traditional JJ X O
approach NN X O
to TO X O
business NN X O
even RB X O
within IN X O
the DT X O
structure NN X O
of IN X O
what WP X O
is VBZ X O
now RB X O
a DT X O
large JJ X O
enterprise NN X O
. . X O
Or CC X O

time NN X O
served VBN X O
Lift NNP X B-Occupation
Engineer NNP X I-Occupation
Must NNP X O
be VB X O
willing JJ X O
to TO X O
do VB X O
out IN X O
of IN X O
hours NNS X O
rota VBP X O
In IN X O

summary JJ X O
taking VBG X B-Skill
a DT X I-Skill
solution NN X I-Skill
and CC X I-Skill
testing VBG X I-Skill
it PRP X I-Skill
to TO X I-Skill
make VB X I-Skill
sure JJ X I-Skill
it PRP X I-Skill
works VBZ X I-Skill
, , X I-Skill
and CC X I-Skill
then RB X I-Skill
make VB X I-Skill
it PRP X I-Skill
work NN X I-Skill
. . X O
pension NN X O

, , X O
private JJ X O
health NN X O
cover NN X O
dependent NN X O
on IN X O
skills NNS X O
and CC X O
experience NN X O
To TO X O

attend VB X B-Skill
and CC X I-Skill
repair VB X I-Skill
breakdowns NNS X I-Skill
as IN X O
required VBN X O
, , X O
and CC X O
report VB X B-Skill
all DT X I-Skill
actions NNS X I-Skill
carried VBD X I-Skill
out IN X I-Skill
and CC X I-Skill
any DT X I-Skill
further JJ X I-Skill
actions NNS X I-Skill
required VBN X I-Skill
, , X O
To TO X O
report VB X O
in IN X O
a DT X O
comprehensive JJ X O
manner NN X O
, , X O
all DT X O
work NN X O
activities NNS X O
carried VBD X O
out RP X O
on IN X O
a DT X O
daily JJ X O
/ NNP X O
shift NN X O
basis NN X O
. . X O
Experian JJ X O

QAS NNP X O
is VBZ X O
an DT X O
international JJ X O
provider NN X O
of IN X O
data NNS X B-Skill
accuracy NN X I-Skill
solutions NNS X I-Skill
. . X O
Must NNP X O

have VBP X O
previous JJ X O
experience NN X B-Skill
and CC X O
a DT X O
roller NN X B-Skill
ticket NN X I-Skill
is VBZ X O
essential JJ X O
. . X O
Working VBG X O

for IN X O
our PRP$ X O
client NN X O
based VBN X O
in IN X O
Birmingham NNP X O
in IN X O
a DT X O
fast JJ X O
paced JJ X O
sales NNS X B-Domain
environment NN X O
. . X O
Working VBG X O

across IN X O
the DT X O
Finmeccanica NNP X O
group NN X O
to TO X O
ensure VB X B-Skill
alignment NN X I-Skill
with IN X I-Skill
other JJ X I-Skill
training VBG X I-Skill
activities NNS X I-Skill
Supporting VBG X I-Skill
the DT X I-Skill
Sales NNS X I-Skill
process NN X I-Skill
through IN X I-Skill
customer NN X I-Skill
engagement NN X I-Skill
, , X O
briefings NNS X B-Skill
, , X O
presentations NNS X B-Skill
, , X O
development NN X B-Skill
of IN X I-Skill
high JJ X I-Skill
level NN X I-Skill
approaches NNS X I-Skill
and CC X I-Skill
solutions NNS X I-Skill
and CC X O
governing VBG X B-Skill
proposals NNS X I-Skill
Providing VBG X I-Skill
technical JJ X I-Skill
assurance NN X I-Skill
to TO X I-Skill
projects NNS X I-Skill
through IN X I-Skill
the DT X I-Skill
phase NN X I-Skill
review NN X I-Skill
process NN X I-Skill
You PRP X O

will MD X O
be VB X O
welcomed VBN X O
into IN X O
the DT X O
company NN X O
with IN X O
the DT X O
correct JJ X O
attitude NN X B-Skill
that WDT X O
continues VBZ X O
to TO X O
attract VB X O
individuals NNS X O
to TO X O
this DT X O
business NN X O
. . X O
Chase NNP X O

Medical NNP X B-Domain
is VBZ X O
an DT X O
agency NN X O
that WDT X O
supplies VBZ X O
locum JJ X O
work NN X O
to TO X O
Nurse NNP X B-Occupation
Practitioners NNP X I-Occupation
throughout IN X O
the DT X O
UK NNP X O
. . X O
Ensure NN X O

that WDT X O
myself PRP X O
and CC X O
the DT X O
team NN X O
deliver VB X O
the DT X O
David NNP X O
Lloyd NNP X O
Brand NNP X O
Standards NNP X O
and CC X O
other JJ X O
operational JJ X O
requirements NNS X O
of IN X O
the DT X O
Childrens NNP X B-Domain
Safety NNP X I-Domain
Guide NNP X O
to TO X O
ensure VB X O
that IN X O
the DT X O
needs NNS X O
of IN X O
the DT X O
children NNS X O
are VBP X O
a DT X O
priority NN X O
in IN X O
line NN X O
with IN X O
the DT X O
guide NN X O
. . X O
A DT X O

couple NN X O
of IN X O
the DT X O
people NNS X O
supported VBD X O
here RB X O
have VBP X O
mobility NN X O
issues NNS X O
and CC X O
use VB X O
wheelchairs NNS X O
when WRB X O
out RP X O
in IN X O
the DT X O
community NN X O
, , X O
and CC X O
there EX X O
are VBP X O
two CD X O
people NNS X O
with IN X O
visual JJ X O
impairments NNS X O
and CC X O
communication NN X B-Domain
issues NNS X O
. . X O
Candidates NNS X O

for IN X O
this DT X O
role NN X O
should MD X O
have VB X O
good JJ X O
practical JJ X O
knowledge NN X O
of IN X O
a DT X O
range NN X O
of IN X O
addressable JJ X O
fire NN X B-Skill
detection NN X I-Skill
systems NNS X I-Skill
, , X O
being VBG X O
able JJ X O
to TO X O
service NN X B-Skill
and CC X I-Skill
maintain NN X I-Skill
systems NNS X I-Skill
without IN X I-Skill
supervision NN X I-Skill
. . X O
This DT X O

medium NN X O
sized JJ X O
service NN X O
is VBZ X O
part NN X O
of IN X O
a DT X O
well NN X O
known VBN X O
and CC X O
highly RB X O
regarded JJ X O
provider NN X O
of IN X O
elderly JJ X O
nursing NN X O
homes NNS X O
. . X O
To TO X O

assist VB X B-Skill
in IN X I-Skill
the DT X I-Skill
smooth JJ X I-Skill
running NN X I-Skill
of IN X I-Skill
the DT X I-Skill
kitchen NN X I-Skill
and CC X O
retail JJ X O
service NN X O
. . X O
Abacus NNP X O

Professional NNP X O
Recruitment NNP X B-Domain
are VBP X O
Irish JJ X O
News NNP X O
Workplace NNP X O
Employment NNP X O
Awards NNP X O
2010 CD X O
We PRP X O

are VBP X O
looking VBG X O
for IN X O
an DT X O
MIRPM NNP X B-Qualification
qualified VBD X I-Qualification
Block NNP X B-Occupation
Manager NNP X I-Occupation
with IN X O
at IN X B-Experience
least JJS X I-Experience
5 CD X I-Experience
years NNS X I-Experience
relevant JJ X I-Experience
experience NN X I-Experience
. . X O
As IN X O

for IN X O
prospects NNS X O
, , X O
where WRB X O
you PRP X O
can MD X O
take VB X O
this DT X O
role NN X O
is VBZ X O
flexible JJ X O
, , X O
as IN X O
the DT X O
role NN X O
entails VBZ X O
a DT X O
wide JJ X O
remit NN X O
across IN X O
most JJS X O
aspects NNS X O
of IN X O
development NN X O
. . X O
This DT X O

is VBZ X O
a DT X O
permanent JJ X O
role NN X O
based VBN X O
inCanaryWharf NN X O
, , X O
London NNP X O
, , X O
with IN X O
a DT X O
salary JJ X O
range NN X O
of IN X O
A DT X O

proven NN X O
record NN X O
of IN X O
factory NN X B-Skill
training NN X I-Skill
Positive NNP X I-Skill
attitude NN X I-Skill
Team NNP X I-Skill
Player NNP X I-Skill
You PRP X O

can MD X O
view VB X O
are VBP X O
jobs NNS X O
on IN X O
our PRP$ X O
website NN X O
, , X O
download VB X O
our PRP$ X O
app NN X O
or CC X O
link VB X O
up RP X O
with IN X O
us PRP X O
on IN X O
twitter NN X O
, , X O
Facebook NNP X O
or CC X O
LinkedIn NNP X O
. . X O
The DT X O

successful JJ X O
candidate NN X O
will MD X O
have VB X O
the DT X O
opportunity NN X O
to TO X O
work VB X O
on IN X O
the DT X O
largest JJS X O
projects NNS X O
within IN X O
Oil NNP X B-Domain
and CC X O
Gas NNP X B-Domain
in IN X O
a DT X O
position NN X O
that IN X O
offers VBZ X O
outstanding JJ X O
career NN X O
progression NN X O
. . X O
If IN X O

you PRP X O
have VBP X O
the DT X O
above JJ X O
skills NNS X O
with IN X O
a DT X O
can MD X O
do VB X O
attitude VB X B-Skill
and CC X O
a DT X O
customer NN X B-Skill
facing VBG X I-Skill
ability NN X I-Skill
with IN X O
an DT X O
interest NN X B-Skill
in IN X I-Skill
Airports NNP X I-Skill
and CC X I-Skill
Aviation NNP X I-Skill
, , X I-Skill
Navaids NNP X I-Skill
and CC X I-Skill
Air NNP X I-Skill
traffic NN X I-Skill
control NN X I-Skill
You PRP X O

will MD X O
be VB X O
expected VBN X O
to TO X O
coordinate VB X B-Skill
analyses NNS X I-Skill
in IN X I-Skill
one CD X I-Skill
or CC X I-Skill
more JJR X I-Skill
of IN X I-Skill
the DT X I-Skill
following JJ X I-Skill
analytical JJ X I-Skill
areas NNS X I-Skill
to TO X O
ensure VB X B-Skill
turnaround NN X I-Skill
times NNS X I-Skill
are VBP X I-Skill
met VBN X I-Skill
, , X I-Skill
the DT X I-Skill
work NN X I-Skill
is VBZ X I-Skill
performed VBN X I-Skill
safely RB X I-Skill
and CC X I-Skill
to TO X I-Skill
the DT X I-Skill
specified VBN X I-Skill
quality NN X I-Skill
standards NNS X I-Skill
alongside IN X O
the DT X O
study NN X B-Occupation
directors NNS X O
, , X O
team NN X B-Occupation
leaders NNS X O
and CC X O
manager NN X B-Occupation
of IN X I-Occupation
biochemical JJ X I-Occupation
services NNS X I-Occupation
: : X O
Protein NNP X B-Skill
chemistry NN X I-Skill
/ NNP X I-Skill
microchemistry NN X I-Skill
. . X O
Exposed JJ X O

Solutions NNP X O
is VBZ X O
acting VBG X O
as IN X O
an DT X O
employment NN X B-Domain
agency NN X O
to TO X O
this DT X O
client NN X O
. . X O
Experience NN X O

in IN X O
Structured NNP X B-Skill
Products NNPS X I-Skill
/ NNP X I-Skill
Securitised JJ X I-Skill
Products NNPS X I-Skill
is VBZ X O
very RB X O
beneficial JJ X O
to TO X O
this DT X O
role NN X O
. . X O
We PRP X O

also RB X O
pride VBP X O
ourselves NNS X O
on IN X O
being VBG X O
supportive JJ X O
and CC X O
as IN X O
caring VBG X O
to TO X O
our PRP$ X O
staff NN X B-Occupation
as IN X O
we PRP X O
want VBP X O
them PRP X O
to TO X O
be VB X O
to TO X O
our PRP$ X O
customers NNS X O
. . X O
' '' X O
By IN X O

applying VBG X O
to TO X O
this DT X O
advert NN X O
and CC X O
submitting VBG X O
your PRP$ X O
CV NNP X O
and CC X O
/ NNP X O
or CC X O
cover RB X O
letter NN X O
to TO X O
us PRP X O
, , X O
you PRP X O
give VBP X O
express JJ X O
consent NN X O
to TO X O
us PRP X O
using VBG X O
your PRP$ X O
details NNS X O
for IN X O
this DT X O
purpose NN X O
. . X O
**** NN X O

k NN X O
for IN X O
exceptional JJ X O
candidates NNS X O
plus CC X O
up RB X O
to TO X O
20 CD X O
% NN X O
management NN X O
bonuses NNS X O
and CC X O
company NN X O
incentives NNS X O
this DT X O
is VBZ X O
a DT X O
very RB X O
attractive JJ X O
role NN X O
. . X O
Although IN X O

not RB X O
essential JJ X O
, , X O
SPEN NNP X B-Qualification
authorised VBD X I-Qualification
candidates NNS X O
will MD X O
be VB X O
preferred VBN X O
. . X O
Very RB X O

strong JJ X O
stakeholder NN X B-Skill
management NN X I-Skill
Drive NNP X I-Skill
and CC X O
enthusiasm NN X B-Skill
to TO X O
take VB X O
on IN X O
a DT X O
new JJ X O
challenge NN X O
. . X O
We PRP X O

are VBP X O
looking VBG X O
for IN X O
someone NN X O
who WP X O
can MD X O
generate VB X B-Skill
new JJ X I-Skill
business NN X I-Skill
from IN X O
both DT X O
new JJ X O
and CC X O
existing VBG X O
customers NNS X O
, , X O
puts VBZ X B-Skill
service NN X I-Skill
and CC X I-Skill
customer NN X I-Skill
care NN X I-Skill
above IN X I-Skill
everything NN X I-Skill
else RB X I-Skill
, , X O
someone NN X O
who WP X O
can MD X O
build VB X B-Skill
relationships NNS X I-Skill
and CC X O
work NN X B-Skill
with IN X I-Skill
clients NNS X I-Skill
on IN X O
As IN X O

a DT X O
Waitrose NNP X O
Customer NNP X B-Occupation
Service NNP X I-Occupation
professional NN X I-Occupation
, , X O
you PRP X O
will MD X O
be VB X O
required VBN X O
to TO X O
take VB X B-Skill
inbound NN X I-Skill
calls VBZ X I-Skill
from IN X O
customers NNS X O
regarding VBG X O
products NNS X B-Skill
and CC X O
services NNS X B-Skill
offered VBN X O
by IN X O
the DT X O
brand NN X O
and CC X O
deliver VB X O
exceptional JJ X O
customer NN X B-Skill
service NN X I-Skill
at IN X O
all DT X O
times NNS X O
. . X O
Exceptional JJ X O

understanding NN X O
of IN X O
UNIX NNP X O
related JJ X O
industry NN X O
initiatives VBZ X O
Excellent JJ X O
experience NN X O
of IN X O
working VBG X O
in IN X O
server NN X B-Skill
rooms NNS X I-Skill
or CC X O
datacentres NNS X B-Skill
Excellent NNP X O
written VBN X B-Skill
and CC X I-Skill
verbal JJ X I-Skill
communication NN X I-Skill
skills NNS X O
Subject JJ X O
matter NN X O
expert NN X O
for IN X O
UNIX NNP X O
technologies NNS X O
and CC X O
ability NN X O
to TO X O
provide VB X O
consultancy NN X B-Domain
to TO X O
all DT X O
levels NNS X O
in IN X O
an DT X O
organisation NN X O
Ability NNP X O
to TO X O
work VB X O
in IN X O
a DT X O
busy JJ X O
, , X O
fast RB X O
moving VBG X O
environment NN X O
Willing VBG X O
to TO X O
undertake VB X O
travel NN X O
throughout IN X O
the DT X O
UK NNP X O
with IN X O
the DT X O
possibility NN X O
of IN X O
overnight JJ X O
stays NNS X O
away RB X O
from IN X O
home NN X O
for IN X O
short JJ X O
periods NNS X O
of IN X O
time NN X O
. . X O
THE DT X O

PACKAGE NN X O
: : X O
A DT X O
competitive JJ X O
basic JJ X O
salary NN X O
is VBZ X O
available JJ X O
to TO X O
reflect VB X O
experience NN X O
, , X O
along IN X O
with IN X O
an DT X O
excellent JJ X O
company NN X O
benefits NNS X O
package NN X O
and CC X O
the DT X O
opportunity NN X O
to TO X O
work VB X O
with IN X O
one CD X O
of IN X O
the DT X O
most RBS X O
sought JJ X O
after IN X O
names NNS X O
in IN X O
the DT X O
UK NNP X O
business NN X O
travel NN X B-Domain
industry NN X O
. . X O
Our PRP$ X O

client NN X O
is VBZ X O
a DT X O
global JJ X O
company NN X O
, , X O
operating VBG X O
out IN X O
of IN X O
a DT X O
Swindon NNP X O
based VBN X O
office NN X O
. . X O
Enhance VB X B-Skill

the DT X I-Skill
customer NN X I-Skill
experience NN X I-Skill
through IN X O
product NN X B-Skill
knowledge NN X I-Skill
and CC X O
effectively RB X B-Skill
promote VB X I-Skill
the DT X I-Skill
brand NN X I-Skill
and CC X I-Skill
its PRP$ X I-Skill
services NNS X I-Skill
. . X O
Maintains NNS X B-Skill

uptodate VBP X I-Skill
project NN X I-Skill
documentation NN X I-Skill
including VBG X O
that IN X O
of IN X O
presentation NN X B-Skill
, , X O
analysis NN X B-Skill
and CC X O
graphics NNS X B-Skill
software NN X I-Skill
. . X O
As IN X O

a DT X O
Senior NNP X B-Occupation
Therapeutic NNP X I-Occupation
Practitioner NNP X I-Occupation
you PRP X O
will MD X O
provide VB X B-Skill
high JJ X I-Skill
quality NN X I-Skill
child NN X I-Skill
care NN X I-Skill
consistent JJ X O
with IN X O
that DT X O
of IN X O
an DT X O
experienced JJ X B-Skill
and CC X O
skilled JJ X B-Skill
practitioner NN X O
. . X O
Ability NN X O

to TO X O
relate VB X B-Skill
to TO X I-Skill
other JJ X I-Skill
researchers NNS X I-Skill
, , X I-Skill
and CC X I-Skill
students NNS X I-Skill
in IN X I-Skill
an DT X I-Skill
academic JJ X I-Skill
context NN X I-Skill
. . X O
Highly NNP X O

passionate NN X B-Skill
with IN X O
a DT X O
' POS X B-Skill
cando JJ X I-Skill
attitude NN X I-Skill
' POS X O
Very NNP X O
strong JJ X O
and CC X O
willing JJ X O
handson NN X B-Skill
project NN X B-Occupation
manager NN X I-Occupation
. . X O
The DT X O

Category NNP X B-Occupation
Manager NNP X I-Occupation
will MD X O
work VB X B-Skill
with IN X I-Skill
the DT X I-Skill
Bullion NNP X I-Skill
sales NNS X I-Skill
team NN X I-Skill
to TO X I-Skill
grow VB X I-Skill
the DT X I-Skill
Royal NNP X I-Skill
Mint NNP X I-Skill
bullion NN X I-Skill
business NN X I-Skill
and CC X O
develop VB X B-Skill
and CC X I-Skill
implement VB X I-Skill
strategies NNS X I-Skill
to TO X I-Skill
raise VB X I-Skill
awareness NN X I-Skill
of IN X I-Skill
and CC X I-Skill
engagement NN X I-Skill
with IN X I-Skill
the DT X I-Skill
Royal NNP X I-Skill
Mint NNP X I-Skill
bullion NN X I-Skill
business NN X I-Skill
Key NNP X O
Responsibilities NNS X O
: : X O
Big NNP X O

Data NNP X O
Technology NNP X O
Company NNP X O
Candidates NNP X O
must MD X O
be VB X O
eligible JJ X O
to TO X O
work VB X O
and CC X O
live VB X O
in IN X O
the DT X O
UK NNP X O
. . X O
You PRP X O

will MD X O
need VB X O
to TO X O
be VB X O
IT NNP X B-Skill
literate JJ X I-Skill
including VBG X O
experience NN X O
of IN X O
using VBG X O
word NN X B-Skill
processing NN X I-Skill
; : X O
spreadsheets NNS X B-Skill
and CC X O
databases NNS X B-Skill
at IN X O
basic JJ X O
level NN X O
and CC X O
a DT X O
QPA NNP X B-Qualification
/ NNP X I-Qualification
RPC NNP X I-Qualification
qualification NN X O
would MD X O
be VB X O
advantageous JJ X O
. . X O
SLA NNP X B-Skill

reporting VBG X I-Skill
Define NNP X I-Skill
SLA NNP X I-Skill
s NN X I-Skill
and CC X I-Skill
KPI NNP X I-Skill
s NN X I-Skill
for IN X I-Skill
the DT X I-Skill
Manufacturing NNP X I-Skill
and CC X I-Skill
Quality NNP X I-Skill
business NN X I-Skill
processes NNS X I-Skill
Hold VBP X I-Skill
regular JJ X I-Skill
meetings NNS X I-Skill
with IN X I-Skill
the DT X I-Skill
process NN X I-Skill
Stakeholders NNPS X I-Skill
to TO X I-Skill
discuss VB X I-Skill
SLA NNP X I-Skill
s NN X I-Skill
and CC X I-Skill
KPI NNP X I-Skill
s VBP X I-Skill
KNOWLEDGE NNP X O
/ NNP X O
SKILLS NNP X O
/ JJ X O
EXPERIENCE NN X O
: : X O
For IN X O

more JJR X O
information NN X O
on IN X O
the DT X O
blackberry NN X B-Occupation
developer NN X I-Occupation
/ NNP X O
blackberry NN X B-Occupation
application NN X I-Occupation
developer NN X I-Occupation
contract NN X O
please VB X O
apply RB X O
urgently RB X O
with IN X O
an DT X O
updated JJ X O
CV NNP X O
. . X O
This DT X O

development NN X O
will MD X O
be VB X O
at IN X O
either DT X O
Kernel NNP X B-Skill
or CC X I-Skill
Driver NNP X I-Skill
level NN X I-Skill
and CC X O
will MD X O
be VB X O
in IN X O
C NNP X B-Skill
. . X O
You PRP X O

will MD X O
be VB X O
supported VBN X O
in IN X O
your PRP$ X O
post NN X O
through IN X O
reflective JJ X O
supervision NN X O
and CC X O
with IN X O
excellent JJ X O
training NN X O
opportunities NNS X O
. . X O
Ability NN X O

to TO X O
work VB X B-Skill
well RB X I-Skill
in IN X I-Skill
a DT X I-Skill
multidisciplinary JJ X I-Skill
team NN X I-Skill
and CC X I-Skill
independently RB X I-Skill
. . X O
This DT X O

role NN X O
offers VBZ X O
tangible JJ X O
progression NN X O
, , X O
an DT X O
excellent JJ X O
benefits NNS X O
package NN X O
and CC X O
personal JJ X O
development NN X O
second JJ X O
to TO X O
none NN X O
all DT X O
within IN X O
a DT X O
great JJ X O
working JJ X O
environment NN X O
. . X O
If IN X O

you PRP X O
think VBP X O
we PRP X O
' '' X O
re JJ X O
doing VBG X O
a DT X O
good JJ X O
job NN X O
and CC X O
know NN X O
of IN X O
someone NN X O
who WP X O
would MD X O
benefit VB X O
from IN X O
our PRP$ X O
services NNS X O
, , X O
please JJ X O
pass NN X O
on IN X O
their PRP$ X O
name NN X O
and CC X O
number NN X O
to TO X O
me PRP X O
and CC X O
I PRP X O
promise VBP X O
we PRP X O
will MD X O
follow VB X O
it PRP X O
up RP X O
. . X O
Sub NNP X B-Occupation

Agent NNP X I-Occupation
required VBD X O
for IN X O
a DT X O
major JJ X O
Rail NNP X B-Domain
/ NNP X I-Domain
Civil NNP X I-Domain
Engineering NNP X I-Domain
Principle NNP X O
contractor NN X O
The DT X O

department NN X O
leader NN X O
is VBZ X O
very RB X O
supportive JJ X O
and CC X O
promotes VBZ X O
the DT X O
benefits NNS X O
of IN X O
group NN X O
planning NN X O
, , X O
sharing VBG X O
creative JJ X O
ideas NNS X O
to TO X O
providing VBG X O
the DT X O
students NNS X O
with IN X O
an DT X O
engaging NN X O
and CC X O
creative JJ X O
exposure NN X O
to TO X O
the DT X O
national JJ X O
curriculum NN X O
. . X O
We PRP X O

give VBP X O
equal JJ X O
priority NN X O
to TO X O
our PRP$ X O
candidate NN X O
and CC X O
client NN X O
relationships NNS X O
and CC X O
ensure VB X B-Skill
we PRP X I-Skill
deliver VB X I-Skill
a DT X I-Skill
highly RB X I-Skill
professional JJ X I-Skill
HR NNP X I-Skill
consultancy NN X I-Skill
service NN X I-Skill
at IN X I-Skill
all DT X I-Skill
times NNS X I-Skill
. . X O
This DT X O

is VBZ X O
a DT X O
very RB X O
exciting JJ X O
opportunity NN X O
to TO X O
lead VB X B-Skill
the DT X I-Skill
strategic JJ X I-Skill
development NN X I-Skill
of IN X I-Skill
one CD X I-Skill
of IN X I-Skill
the DT X I-Skill
motor NN X I-Skill
products NNS X I-Skill
for IN X I-Skill
our PRP$ X I-Skill
client NN X I-Skill
across IN X I-Skill
both DT X I-Skill
our PRP$ X I-Skill
Commercial NNP X I-Skill
and CC X I-Skill
Retail NNP X I-Skill
business NN X I-Skill
divisions NNS X I-Skill
. . X O
SALES NNP X B-Occupation

ACCOUNT NNP X I-Occupation
MANAGER NNP X I-Occupation
WANT NNP X O
TO NNP X O
JOIN NNP X O
AN NNP X O
EXPANDING NNP X O
, , X O
DYNAMIC NNP X B-Skill
AND NNP X O
SUCCESSFUL NNP X O
SALES NNP X B-Domain
TEAM NNP X O
??? VBD X O
Renewal NNP X B-Skill

meetings NNS X I-Skill
, , X I-Skill
claims NNS X I-Skill
etc VBP X O
to TO X O
maintain VB X B-Skill
and CC X I-Skill
strengthen VB X I-Skill
the DT X I-Skill
relationship NN X I-Skill
. . X O
You PRP X O

should MD X O
have VB X O
an DT X O
excellent JJ X O
track NN X O
record NN X O
of IN X O
growth NN X B-Skill
, , X O
achievement NN X B-Skill
and CC X O
have VBP X O
the DT X O
drive NN X B-Skill
, , X O
determination NN X B-Skill
and CC X O
enthusiasm NN X B-Skill
to TO X O
further RB X O
develop VB X O
this DT X O
well RB X O
established VBN X O
business NN X B-Domain
. . X O
The DT X O

sectors NNS X O
in IN X O
Engineering VBG X B-Domain
sales NNS X I-Domain
recruitment JJ X I-Domain
include VBP X O
; : X O
Capital NNP X B-Domain
Equipment NNP X I-Domain
, , X O
Control NNP X B-Domain
Automation NNP X I-Domain
, , X O
Electrical NNP X B-Domain
, , X O
Electronic NNP X B-Domain
, , X O
Fluid NNP X B-Domain
Power NNP X I-Domain
, , X O
Industrial NNP X B-Domain
, , X O
Instrumentation NNP X B-Domain
Control NNP X I-Domain
, , X O
Power NNP X B-Domain
Generation NNP X I-Domain
Transmission NNP X I-Domain
, , X O
Services NNP X B-Domain
. . X O
A DT X O

leading VBG X O
Retailer NNP X O
is VBZ X O
now RB X O
looking VBG X O
for IN X O
aWarehouse NN X B-Occupation
Operations NNP X I-Occupation
Manager NNP X I-Occupation
. . X O
This DT X O

global JJ X O
company NN X O
has VBZ X O
a DT X O
fantastic JJ X O
reputation NN X O
in IN X O
the DT X O
UK NNP X O
and CC X O
is VBZ X O
currently RB X O
working VBG X O
on IN X O
some DT X O
of IN X O
the DT X O
largest JJS X O
and CC X O
most RBS X O
exciting JJ X O
MS NNP X B-Skill
Dynamics NNP X I-Skill
CRM NNP X I-Skill
projects NNS X O
in IN X O
the DT X O
channel NN X O
. . X O
The DT X O

Role NNP X O
: : X O
The DT X O
successful JJ X O
candidate NN X O
will MD X O
be VB X O
responsible JJ X O
but CC X O
not RB X O
limited JJ X O
to TO X O
the DT X O
following NN X O
: : X O
Develop VB X B-Skill
individual JJ X I-Skill
compensation NN X I-Skill
strategies NNS X I-Skill
to TO X O
improve VB X O
processes NNS X O
and CC X O
implement JJ X O
innovative JJ X O
approaches NNS X O
and CC X O
solutions NNS X O
Development NNP X B-Skill
and CC X I-Skill
implementation NN X I-Skill
of IN X I-Skill
strategically RB X I-Skill
oriented VBN X I-Skill
, , X I-Skill
integrated JJ X I-Skill
payment NN X I-Skill
systems NNS X I-Skill
for IN X O
top JJ X O
management NN X O
to TO X O
programs NNS X O
and CC X O
incentive JJ X O
systems NNS X O
to TO X O
increase VB X O
employee NN X O
productivity NN X O
and CC X O
reduce VB X O
staff NN X O
turnover NN X O
Control NNP X B-Skill
and CC X I-Skill
management NN X I-Skill
of IN X I-Skill
projects NNS X I-Skill
and CC X O
lead JJ X B-Skill
smaller JJR X I-Skill
projects NNS X I-Skill
independently RB X I-Skill
to TO X O
be VB X O
instrumental JJ X O
in IN X O
the DT X O
strategic JJ X O
development NN X O
of IN X O
our PRP$ X O
rewards NNS X O
area NN X O
You PRP X O

will MD X O
oversee VB X B-Skill
disciplinarians NNS X I-Skill
, , X O
internal JJ X B-Skill
investigations NNS X I-Skill
etc FW X O
and CC X O
the DT X O
ensure VB X B-Skill
all DT X I-Skill
essential JJ X I-Skill
standards NNS X I-Skill
are VBP X I-Skill
met VBN X I-Skill
. . X O
NATIONWIDE JJ X O

Building NNP X O
Product NNP X O
Sales NNS X O
Management NNP X O
opportunities NNS X O
and CC X O
to TO X O
discuss VB X O
your PRP$ X O
own JJ X O
career NN X O
options NNS X O
visit VBP X O
our PRP$ X O
website NN X O
at IN X O
www NN X O
. . X O
pinnacleconsulting VBG X O
. . X O
co NN X O
. . X O
uk NN X O
liaising VBG X B-Skill

with IN X I-Skill
business NN X I-Skill
users NNS X I-Skill
to TO X O
understand VB X O
and CC X O
education NN X O
on IN X O
risks NNS X O
. . X O
Someone NN X O

willing JJ X O
to TO X O
do VB X O
everything NN X O
from IN X O
the DT X O
handy JJ X B-Skill
man NN X I-Skill
tasks NNS X I-Skill
/ JJ X I-Skill
general JJ X I-Skill
maintenance NN X I-Skill
to TO X O
a DT X O
supervisor JJ X B-Occupation
role NN X O
dealing VBG X O
with IN X O
reports NNS X B-Skill
and CC X O
sourcing VBG X B-Skill
costs NNS X I-Skill
for IN X O
materials NNS X O
and CC X O
completing VBG X O
risk NN X B-Skill
assessments NNS X I-Skill
and CC X O
method JJ X B-Skill
statements NNS X I-Skill
. . X O
Degree NNP X B-Qualification

or CC X I-Qualification
equivalent NN X I-Qualification
with IN X O
at IN X B-Experience
least JJS X I-Experience
3 CD X I-Experience
years NNS X I-Experience
to TO X I-Experience
5 CD X I-Experience
years NNS X I-Experience
experience RB X I-Experience
in IN X O
a DT X O
national JJ X O
account NN X B-Occupation
manager NN X I-Occupation
role NN X O
within IN X O
food NN X O
. . X O
The DT X O

role NN X O
will MD X O
require VB X B-Skill
travel NN X I-Skill
internationally RB X I-Skill
to TO X O
customer NN X O
sites NNS X O
, , X O
typically RB X O
this DT X O
can MD X O
by IN X O
up IN X O
to TO X O
Completely RB X O

Guaranteed VBN X O
Mason NNP X O
Frank NNP X O
International NNP X O
is VBZ X O
a DT X O
leading VBG X O
supplier NN X O
of IN X O
Salesforce NNP X B-Occupation
. . X I-Occupation
com NN X I-Occupation
consultants NNS X I-Occupation
on IN X O
both DT X O
a DT X O
permanent NN X O
and CC X O
contract NN X O
basis NN X O
throughout IN X O
Europe NNP X O
. . X O
Development NNP X O

and CC X O
career NN X O
growth NN X O
opportunity NN X O
within IN X O
a DT X O
Top JJ X O
30 CD X O
FTSE NNP X O
100 CD X O
company NN X O
Centrica NNP X O
plc NN X O
Data NNP X B-Occupation
Analyst NNP X I-Occupation
, , X O
BMSi NNP X O
British NNP X O
Gas NNP X O
You PRP X O

will MD X O
work VB X O
predominantly RB X O
with IN X O
a DT X O
range NN X O
of IN X O
blue JJ X O
chip NN X O
and CC X O
FMCG NNP X O
clients NNS X O
, , X O
on IN X O
a DT X O
number NN X O
of IN X O
projects NNS X O
covering VBG X O
both DT X O
on IN X O
and CC X O
offline JJ X O
work NN X O
. . X O
Ensure NN X B-Skill

all DT X I-Skill
relevant JJ X I-Skill
KPI NNP X I-Skill
' POS X I-Skill
s NN X I-Skill
for IN X I-Skill
the DT X I-Skill
area NN X I-Skill
are VBP X I-Skill
monitored VBN X I-Skill
and CC X I-Skill
relevant JJ X I-Skill
actions NNS X I-Skill
taken VBN X I-Skill
where WRB X I-Skill
required VBN X I-Skill
ensuring VBG X I-Skill
targets NNS X I-Skill
are VBP X I-Skill
met VBN X I-Skill
. . X O
. . X O
Job NNP X O

Role NNP X O
Manage NNP X O
the DT X O
regulatory JJ X B-Skill
clearance NN X I-Skill
and CC X O
/ NN X O
or CC X O
compliance NN X B-Skill
throughout IN X O
Europe NNP X O
for IN X O
enzymes RB X B-Skill
, , X O
direct JJ X B-Skill
fed NN X I-Skill
microbials NNS X I-Skill
and CC X O
other JJ X O
animal JJ X B-Skill
nutrition NN X I-Skill
products NNS X I-Skill
, , X O
acting VBG X O
as IN X O
a DT X O
focal JJ X O
point NN X O
for IN X O
information NN X O
A DT X O

leading JJ X O
company NN X O
is VBZ X O
currently RB X O
looking VBG X O
to TO X O
recruit VB X O
at IN X O
least JJS X O
two CD X O
Pension NN X B-Occupation
Administrators NNS X I-Occupation
to TO X O
join VB X O
their PRP$ X O
team NN X O
. . X O
We PRP X O

can MD X O
offer VB X O
you PRP X O
: : X O
Excellent JJ X O
earnings NNS X O
package NN X O
with IN X O
uncapped JJ X O
commission NN X O
& CC X O
bull NN X O
Local NNP X O
Surrey NNP X O
area NN X O
sales NNS X O
territory NN X O
/ NN X O
named VBN X O
Customer NNP X O
Accounts NNPS X O
list NN X O
This DT X O

is VBZ X O
a DT X O
rare JJ X O
opportunity NN X O
to TO X O
join VB X O
our PRP$ X O
prestigious JJ X O
international JJ X O
client NN X O
based VBN X O
in IN X O
central JJ X O
Birmingham NNP X O
. . X O
22456151 CD X O

Marketing NNP X B-Domain
Manager NNP X B-Skill
Recommend NNP X I-Skill
, , X I-Skill
deliver NN X I-Skill
and CC X I-Skill
report NN X I-Skill
back RB X I-Skill
on IN X I-Skill
the DT X I-Skill
online NN X I-Skill
marketing NN X I-Skill
strategy NN X I-Skill
Forecast NNP X I-Skill
, , X I-Skill
allocate NN X I-Skill
and CC X I-Skill
manage VB X I-Skill
the DT X I-Skill
marketing NN X I-Skill
budget NN X I-Skill
Deliver NNP X I-Skill
/ NNP X I-Skill
analyse VBZ X I-Skill
the DT X I-Skill
monthly JJ X I-Skill
ecommerce NN X I-Skill
marketing NN X I-Skill
report NN X I-Skill
, , X I-Skill
adjust VBP X I-Skill
activity NN X I-Skill
Further RB X O

details NNS X O
will MD X O
be VB X O
sent VBN X O
out RP X O
to TO X O
the DT X O
email NN X O
address NN X O
specified VBN X O
in IN X O
your PRP$ X O
application NN X O
. . X O
My PRP$ X O

client NN X O
, , X O
very RB X O
well RB X O
known VBN X O
name NN X O
in IN X O
Restaurant NNP X O
Industry NNP X O
with IN X O
operations NNS X O
across IN X O
the DT X O
whole JJ X O
UK NNP X O
, , X O
is VBZ X O
looking VBG X O
for IN X O
an DT X O
Assistant NNP X B-Occupation
Manager NNP X I-Occupation
to TO X O
lead VB X O
a DT X O
team NN X O
in IN X O
Bristol NNP X O
. . X O
Have VBP X O

or CC X O
are VBP X O
working VBG X O
towards IN X O
an DT X O
accountancy NN X B-Qualification
qualification NN X I-Qualification
Certificates NNP X O
Experience NNP X O
Previous NNP X O
work NN X O
experience NN X O
within IN X O
a DT X O
finance NN X B-Domain
department NN X O
Working VBG X O
knowledge NN X O
of IN X O
Excel NNP X B-Skill
Experience NNP X O
of IN X O
Sage NNP X B-Skill
Accounting NNP X I-Skill
software NN X O
Previous NNP X O
work NN X O
experience NN X O
within IN X O
a DT X O
Charity NNP X B-Domain
Job NNP X O
Application NNP X O
/ NNP X O
Interview NNP X O
Skills NNP X O
Attitude NNP X O
Able NNP X B-Skill
to TO X I-Skill
cope VB X I-Skill
well RB X I-Skill
under IN X I-Skill
pressure NN X I-Skill
Excellent NNP X O
communication NN X B-Skill
and CC X O
organisational JJ X B-Skill
skills NNS X I-Skill
. . X O
Working VBG X O

in IN X O
a DT X O
highly RB X O
agile JJ X O
environment NN X O
, , X O
you PRP X O
will MD X O
provide VB X B-Skill
significant JJ X I-Skill
contributions NNS X I-Skill
to TO X I-Skill
the DT X I-Skill
expansion NN X I-Skill
and CC X I-Skill
introduction NN X I-Skill
of IN X I-Skill
high JJ X I-Skill
quality NN X I-Skill
standards NNS X I-Skill
of IN X I-Skill
production NN X I-Skill
code NN X I-Skill
and CC X I-Skill
testing NN X I-Skill
. . X O
Provide NNP X B-Skill

onthejob MD X I-Skill
training VBG X I-Skill
and CC X I-Skill
oversee JJ X I-Skill
field NN X I-Skill
service NN X I-Skill
activities NNS X I-Skill
of IN X I-Skill
lower JJR X I-Skill
level NN X I-Skill
personnel NNS X I-Skill
. . X O
The DT X O

ideal JJ X O
candidate NN X O
must MD X O
have VB X O
experience NN X O
of IN X O
managing VBG X B-Skill
longterm JJ X I-Skill
cases NNS X I-Skill
, , X O
court NN X B-Skill
and CC X O
managing VBG X B-Skill
a DT X I-Skill
duty NN X I-Skill
team NN X I-Skill
on IN X O
a DT X O
daily JJ X O
basis NN X O
. . X O
Crawford NNP X O

Company NNP X O
is VBZ X O
the DT X O
World NNP X O
s NN X O
largest JJS X O
Insurance NN X B-Domain
claims NNS X O
provider NN X O
with IN X O
approximately RB X O
Our PRP$ X O

client NN X O
is VBZ X O
looking VBG X O
for IN X O
a DT X O
bubbly RB X B-Skill
, , X O
smiley NN X B-Skill
and CC X O
cheerful JJ X B-Skill
character NN X O
with IN X O
plenty NN X O
of IN X O
personality NN X O
and CC X O
a DT X O
' '' X B-Skill
can MD X I-Skill
do VB X I-Skill
' POS X I-Skill
attitude NN X I-Skill
. . X O
both DT X O

oral JJ X O
and CC X O
written VBN X O
Key NNP X O
Skills NNP X O
: : X O
Experience NN X B-Skill
of IN X I-Skill
technical JJ X I-Skill
payrolls NNS X I-Skill
Experience NNP X I-Skill
of IN X I-Skill
processing VBG X I-Skill
a DT X I-Skill
high JJ X I-Skill
volume NN X I-Skill
of IN X I-Skill
payroll NN X I-Skill
An DT X O
up RB X O
to TO X O
date NN X O
knowledge NN X B-Skill
of IN X I-Skill
Inland NNP X I-Skill
Revenue NNP X I-Skill
legislation NN X I-Skill
Our PRP$ X O

client NN X O
, , X O
a DT X O
leading VBG X O
London NNP X O
housing NN X O
association NN X O
, , X O
is VBZ X O
looking VBG X O
to TO X O
recruit VB X O
a DT X O
Contract NNP X B-Occupation
Manager NNP X I-Occupation
to TO X O
ensure VB X B-Skill
successful JJ X I-Skill
and CC X I-Skill
cost NN X I-Skill
effective JJ X I-Skill
outcomes NNS X I-Skill
from IN X I-Skill
all DT X I-Skill
contract NN X I-Skill
delivery NN X I-Skill
by IN X O
implementing VBG X B-Skill
processes NNS X I-Skill
and CC X I-Skill
procedures NNS X I-Skill
to TO X I-Skill
maximise VB X I-Skill
income NN X I-Skill
whilst NN X I-Skill
maintaining VBG X I-Skill
audit NN X I-Skill
compliance NN X I-Skill
. . X O
Keeping VBG X B-Skill

and CC X I-Skill
maintaining VBG X I-Skill
accurate NN X I-Skill
records NNS X I-Skill
using VBG X I-Skill
amongst IN X I-Skill
other JJ X I-Skill
things NNS X I-Skill
the DT X I-Skill
sites NNS X I-Skill
CMMS NNP X I-Skill
Computerised VBD X I-Skill
Maintenance NNP X I-Skill
Management NNP X I-Skill
System NNP X I-Skill
. . X O
Basic JJ X B-Skill

web NN X I-Skill
programming NN X I-Skill
knowledge NN X I-Skill
would MD X O
be VB X O
beneficial JJ X O
Confident NNP X O
user NN X O
of IN X O
Microsoft NNP X B-Skill
Office NNP X I-Skill
packages NNS X O
and CC X O
databases NNS X O
including VBG X O
an DT X O
enhanced JJ X O
appreciation NN X O
of IN X O
MS NNP X B-Skill
Excel NNP X I-Skill
Methodical NNP X I-Skill
mindset NN X O
with IN X O
ability NN X O
to TO X O
capture NN X O
and CC X O
report NN X O
on IN X O
findings NNS X O
Ability NNP X B-Skill
to TO X I-Skill
multitask VB X I-Skill
and CC X O
operate VB X O
with IN X O
strong JJ X O
time NN X B-Skill
management NN X I-Skill
skills NNS X O
Enhanced NNP X O
level NN X O
of IN X O
communications NNS X B-Skill
skills NNS X O
; : X O
demonstrate VB X O
the DT X O
ability NN X B-Skill
to TO X I-Skill
converse VB X I-Skill
at IN X I-Skill
all DT X I-Skill
levels NNS X I-Skill
, , X O
from IN X O
business NN X O
leaders NNS X O
and CC X O
decision NN X O
makers NNS X O
to TO X O
multiskilled VB X O
, , X O
site NN X O
based VBN X O
personnel NNS X O
. . X O
High NNP X O

uncapped VBD X O
earnings NNS X O
potential NN X O
for IN X O
a DT X O
dynamic JJ X B-Skill
and CC X O
successful JJ X B-Skill
business NN X B-Occupation
developer NN X I-Occupation
with IN X O
the DT X O
commercial NN X O
of IN X O
a DT X O
household NN X O
name NN X O
organisation NN X O
within IN X O
the DT X O
automotive JJ X B-Domain
and CC X O
training VBG X B-Domain
arenas JJ X O
BASIC NNP X O
: : X O
The DT X O

company NN X O
works VBZ X O
with IN X O
many JJ X O
well RB X O
known VBN X O
high JJ X O
profile NN X O
clients NNS X O
. . X O
You PRP X O

will MD X O
be VB X O
working VBG X O
in IN X O
collaboration NN X O
with IN X O
other JJ X O
scientists NNS X O
so RB X O
will MD X O
need VB X O
a DT X O
flexible JJ X B-Skill
attitude NN X I-Skill
, , X O
a DT X O
strong JJ X O
teamwork NN X B-Skill
ethic NN X I-Skill
and CC X O
the DT X O
ability NN X O
to TO X O
meet VB X B-Skill
deadlines NNS X I-Skill
. . X O
Oliver NNP X O

Wyman NNP X O
s VBD X O
Insurance NNP X O
practice NN X O
is VBZ X O
a DT X O
major JJ X O
part NN X O
of IN X O
the DT X O
global JJ X O
financial JJ X B-Domain
services NNS X O
franchise NN X O
and CC X O
a DT X O
top JJ X O
priority NN X O
for IN X O
further JJ X O
growth NN X O
. . X O
Your PRP$ X O

task NN X O
could MD X O
involve VB X O
the DT X O
following NN X O
: : X O
Supporting VBG X B-Skill
the DT X I-Skill
work NN X I-Skill
of IN X I-Skill
science NN X I-Skill
teachers NNS X I-Skill
and CC X I-Skill
students NNS X I-Skill
by IN X O
using VBG X O
equipment NN X O
accurately RB X O
and CC X O
safely RB X O
. . X O
You PRP X O

will MD X O
also RB X O
need VB X O
to TO X O
demonstrate VB X O
the DT X B-Skill
ability NN X I-Skill
to TO X I-Skill
diagnose VB X I-Skill
and CC X I-Skill
solve VB X I-Skill
problems NNS X I-Skill
with IN X I-Skill
regard NN X I-Skill
to TO X I-Skill
quality NN X I-Skill
, , X I-Skill
process NN X I-Skill
and CC X I-Skill
facility NN X I-Skill
issues NNS X I-Skill
. . X O
Commutable JJ X O

throughout IN X O
Nottinghamshire NNP X O
Derbyshire NNP X O
, , X O
Beeston NNP X O
, , X O
Nottingham NNP X O
, , X O
Derby NNP X O
, , X O
Loughborough NNP X O
Mansfield NNP X O
Senitor NNP X O
Associates NNPS X O
Ltd NNP X O
is VBZ X O
acting VBG X O
as IN X O
an DT X O
Employment NNP X B-Domain
Agency NNP X I-Domain
in IN X O
relation NN X O
to TO X O
this DT X O
vacancy NN X O
. . X O
A DT X O

Senior NNP X B-Qualification
SQL NNP X B-Occupation
Developer NNP X I-Occupation
with IN X O
the DT X O
following VBG X O
skill NN X O
set VBN X O
would MD X O
be VB X O
a DT X O
strong JJ X O
fit NN X O
: : X O
MS NNP X B-Skill
SQL NNP X I-Skill
Server NNP X I-Skill
development NN X I-Skill
knowledge NN X I-Skill
MS NNP X I-Skill
SQL NNP X I-Skill
Database NNP X I-Skill
Administration NNP X I-Skill
although IN X O
the DT X O
role NN X O
has VBZ X O
very RB X O
little JJ X O
focus NN X O
on IN X O
DBA NNP X B-Skill
This DT X O

is VBZ X O
a DT X O
highly RB X O
customer NN X B-Skill
oriented VBD X I-Skill
environment NN X O
so RB X O
high JJ X O
service NN X O
levels NNS X O
cannot VBP X O
be VB X O
compromised VBN X O
as IN X O
new JJ X O
service NN X O
offerings NNS X O
are VBP X O
developed VBN X O
. . X O
They PRP X O

have VBP X O
a DT X O
transparent NN X O
working VBG X O
ethos NN X O
and CC X O
have VBP X O
built VBN X O
their PRP$ X O
business NN X B-Domain
on IN X O
first JJ X B-Domain
class NN X I-Domain
service NN X I-Domain
and CC X O
the DT X O
ability NN X O
to TO X O
build VB X B-Skill
and CC X I-Skill
maintain VB X I-Skill
relationships NNS X I-Skill
with IN X I-Skill
their PRP$ X I-Skill
clients NNS X I-Skill
and CC X I-Skill
candidates NNS X I-Skill
. . X O
Process NNP X O

refunds NNS X O
, , X O
revalidations NNS X O
and CC X O
re VB X O
issues NNS X O
on IN X O
flight NN X O
tickets NNS X O
If IN X O

your PRP$ X O
skills NNS X O
and CC X O
experience NN X O
meet NN X O
with IN X O
this DT X O
requirement NN X O
, , X O
we PRP X O
will MD X O
contact VB X O
you PRP X O
to TO X O
discuss VB X O
the DT X O
position NN X O
in IN X O
further JJ X O
detail NN X O
. . X O
Collections NNS X O

Team NNP X O
Leader NNP X O
Our PRP$ X O
client NN X O
based VBN X O
near IN X O
Hatfield NNP X O
is VBZ X O
seeking VBG X O
a DT X O
Team NN X B-Occupation
Leader NNP X I-Occupation
for IN X O
their PRP$ X O
collections NNS X B-Domain
department NN X O
. . X O
Our PRP$ X O

clients NNS X O
consist VB X O
of IN X O
manufacturers NNS X B-Occupation
, , X O
merchants NNS X B-Occupation
and CC X O
specialist JJ X B-Occupation
distributors NNS X I-Occupation
. . X O
For IN X O

more JJR X O
information NN X O
on IN X O
this DT X O
role NN X O
, , X O
please VB X O
click JJ X O
apply NN X O
today NN X O
. . X O
You PRP X O

do VBP X O
not RB X O
need VB X O
to TO X O
come VB X O
from IN X O
The DT X O
Airline NNP X B-Domain
industry NN X I-Domain
, , X O
we PRP X O
are VBP X O
keen JJ X O
to TO X O
hear VB X O
from IN X O
Business NNP X B-Occupation
Analysts NNS X I-Occupation
who WP X O
have VBP X O
worked VBN X B-Skill
in IN X I-Skill
leading VBG X I-Skill
retail JJ X I-Skill
, , X I-Skill
hospitality NN X I-Skill
, , X I-Skill
FMCG NNP X I-Skill
, , X I-Skill
Service NNP X I-Skill
industry NN X I-Skill
or CC X I-Skill
Ecommerce NNP X I-Skill
sectors NNS X I-Skill
. . X O
The DT X O

ideal JJ X O
candidate NN X O
will MD X O
be VB X O
educated VBN X B-Qualification
to TO X I-Qualification
degree VB X I-Qualification
standard NN X I-Qualification
, , X O
professionally RB X B-Qualification
qualified JJ X I-Qualification
RICS NNP X I-Qualification
or CC X I-Qualification
CIOB NNP X I-Qualification
and CC X O
have VBP X O
operated VBN X B-Skill
within IN X I-Skill
a DT X I-Skill
contracting NN X I-Skill
environment NN X I-Skill
for IN X O
a DT X O
minimum NN X B-Experience
of IN X I-Experience
5 CD X I-Experience
years NNS X I-Experience
. . X O
Corporate JJ X O

Traveller NNP X O
' POS X O
s NN X O
Business NNP X O
Travel NNP X B-Occupation
Consultants NNS X I-Occupation
are VBP X O
among IN X O
the DT X O
highest JJS X O
earners NNS X O
in IN X O
the DT X O
industry NN X O
. . X O
You PRP X O

will MD X O
be VB X O
passionate JJ X B-Skill
about IN X O
delivering VBG X B-Skill
projects NNS X I-Skill
and CC X O
demonstrable JJ X O
experience NN X O
of IN X O
developing VBG X B-Skill
enterprise JJ X I-Skill
standard NN X I-Skill
high JJ X I-Skill
volume NN X I-Skill
, , X I-Skill
high JJ X I-Skill
performance NN X I-Skill
software NN X I-Skill
solutions NNS X I-Skill
Technology NNP X O
and CC X O
Skills NNP X O
For IN X O

our PRP$ X O
Composite JJ X O
Application NNP X O
Development NNP X O
roles VBZ X O
we PRP X O
actively RB X O
welcome VBD X O
experienced JJ X B-Skill
developers NNS X B-Occupation
who WP X O
want VBP X O
to TO X O
move VB X O
into IN X O
the DT X O
Mobile NNP X B-Domain
and CC X I-Domain
SAP NNP X I-Domain
space NN X O
. . X O
Manage NN X B-Skill

performance NN X I-Skill
by IN X I-Skill
identifying VBG X I-Skill
operational JJ X I-Skill
improvements NNS X I-Skill
and CC X O
staff NN X B-Skill
training NN X I-Skill
requirements NNS X I-Skill
to TO X O
ensure VB X B-Skill
service NN X I-Skill
improvements NNS X I-Skill
, , X O
cost NN X B-Skill
reductions NNS X I-Skill
and CC X O
a DT X O
highly RB X B-Skill
trained JJ X I-Skill
, , X I-Skill
flexible JJ X I-Skill
workforce NN X I-Skill
. . X O
As IN X O

the DT X O
nursing NN X B-Occupation
home NN X I-Occupation
manager NN X I-Occupation
in IN X I-Occupation
this DT X O
lovely JJ X O
home NN X O
in IN X O
Hampshire NNP X O
you PRP X O
will MD X O
be VB X O
expected VBN X O
to TO X O
manage VB X B-Skill
the DT X I-Skill
staff NN X I-Skill
, , X I-Skill
control VBP X I-Skill
the DT X I-Skill
home NN X I-Skill
budget NN X I-Skill
, , X I-Skill
market NN X I-Skill
the DT X I-Skill
home NN X I-Skill
and CC X I-Skill
make VB X I-Skill
sure JJ X I-Skill
standards NNS X I-Skill
are VBP X I-Skill
high JJ X I-Skill
and CC X I-Skill
maintained VBN X I-Skill
in IN X I-Skill
the DT X I-Skill
home NN X I-Skill
. . X O
http NN X O

:// NNP X O
www NN X O
. . X O
hje NN X O
. . X O
org NN X O
. . X O
uk JJ X O
Download NNP X O
our PRP$ X O
application NN X O
form NN X O
, , X O
complete JJ X O
and CC X O
return NN X O
to TO X O
: : X O
careershje NN X O
. . X O
org NN X O
. . X O
uk JJ X O
If IN X O
you PRP X O
are VBP X O
unable JJ X O
to TO X O
access NN X O
out RP X O
career NN X O
page NN X O
please NN X O
contact VB X O
us PRP X O
on IN X O
per IN X O

day NN X O
Digital NNP X O
London NNP X O
Digital NNP X B-Domain
Agency NNP X O
in IN X O
London NNP X O
requires VBZ X O
a DT X O
strong JJ X O
PHP NNP X B-Occupation
Developer NNP X I-Occupation
with IN X O
experience NN X O
of IN X O
MVC NNP X B-Skill
Frameworks NNP X I-Skill
, , X O
ideally RB X O
Codeigniter NNP X B-Skill
. . X O
The DT X O

Key NNP X O
duties NNS X O
of IN X O
the DT X O
role NN X O
will MD X O
be VB X O
: : X O
Outgoing VBG X B-Skill
telephone NN X I-Skill
calls VBZ X I-Skill
to TO X O
build VB X B-Skill
up RP X I-Skill
own JJ X I-Skill
Account NNP X I-Skill
base NN X I-Skill
. . X O
In IN X O

this DT X O
role NN X O
you PRP X O
will MD X O
gain VB X O
experience NN X O
and CC X O
skills NNS X O
in IN X O
new JJ X O
technologies NNS X O
such JJ X O
as IN X O
ASP NNP X B-Skill
. . X I-Skill
net NN X I-Skill
MVC NN X I-Skill
The DT X O

Business NNP X B-Occupation
Development NNP X I-Occupation
Manager NNP X I-Occupation
is VBZ X O
a DT X O
member NN X O
of IN X O
the DT X O
SEP NNP X O
Strategic NNP X O
Enterprise NNP X O
Program NNP X O
that WDT X O
is VBZ X O
aligned VBN X O
to TO X O
a DT X O
leading VBG X O
mobile JJ X O
provider NN X O
. . X O
This DT X O

will MD X O
include VB X O
more JJR X O
accurate JJ X O
product NN X B-Skill
cost NN X I-Skill
forecast NN X I-Skill
and CC X O
a DT X O
refinement NN X B-Skill
of IN X I-Skill
the DT X I-Skill
original JJ X I-Skill
business NN X I-Skill
case NN X I-Skill
for IN X O
the DT X O
project NN X O
based VBN X O
on IN X O
the DT X O
planning NN X O
work NN X O
. . X O
Communicating NNP X B-Skill

, , X I-Skill
via IN X I-Skill
phone NN X I-Skill
, , X I-Skill
email NN X I-Skill
and CC X I-Skill
verbally RB X I-Skill
with IN X O
all DT X O
appropriate JJ X O
departments NNS X O
regarding VBG X O
status NN X O
of IN X O
orders NNS X O
or CC X O
any DT X O
other JJ X O
relevant JJ X O
information NN X O
. . X O
There EX X O

is VBZ X O
the DT X O
opportunity NN X O
to TO X O
create VB X O
all DT X O
of IN X O
your PRP$ X O
own JJ X O
training NN X O
documents NNS X O
and CC X O
be VB X O
highly RB X O
innovative JJ X B-Skill
. . X O
Other JJ X O

responsibilities NNS X O
include VBP X O
but CC X O
are VBP X O
not RB X O
limited VBN X O
to TO X O
: : X O
Liaising VBG X B-Skill
with IN X I-Skill
different JJ X I-Skill
departments NNS X I-Skill
within IN X I-Skill
the DT X I-Skill
business NN X I-Skill
to TO X O
define VB X O
new JJ X O
enhancements NNS X B-Skill
and CC X I-Skill
solutions NNS X I-Skill
to TO X I-Skill
improve VB X I-Skill
the DT X I-Skill
customer NN X I-Skill
experience NN X I-Skill
. . X O
European JJ X O

Lifestyles NNP X O
supports NNS X O
adults NNS X O
and CC X O
young JJ X O
people NNS X O
who WP X O
have VBP X O
learning VBG X O
disabilities NNS X O
, , X O
autism NN X O
, , X O
brain NN X O
injuries NNS X O
, , X O
mental JJ X O
health NN X O
problems NNS X O
and CC X O
special JJ X O
educational JJ X O
needs NNS X O
through IN X O
its PRP$ X O
schools NNS X O
, , X O
resource NN X O
centres NNS X O
, , X O
residential JJ X O
and CC X O
supported VBD X O
living NN X O
services NNS X O
. . X O
By IN X O

understanding VBG X O
their PRP$ X O
customers NNS X O
individual JJ X O
needs NNS X O
, , X O
our PRP$ X O
client NN X O
provides VBZ X O
ongoing JJ X O
supply NN X O
chain NN X O
solutions NNS X O
from IN X O
next JJ X O
day NN X O
deliveries NNS X O
to TO X O
scheduled VB X O
full JJ X O
sea NN X O
containers NNS X O
, , X O
throughout IN X O
the DT X O
UK NNP X O
Ireland NNP X O
. . X O
This DT X O

school NN X O
enjoys VBZ X O
excellent JJ X O
facilities NNS X O
, , X O
a DT X O
strong JJ X O
leadership NN X O
team NN X O
and CC X O
supportive JJ X B-Domain
environment NN X I-Domain
for IN X O
staff NN X O
. . X O
Senior JJ X O

Web NNP X B-Occupation
Developer NNP X I-Occupation
, , X B-Skill
HTML5 NNP X I-Skill
, , X O
XHTML NNP X B-Skill
, , X I-Skill
CSS NNP X I-Skill
, , X O
JavaScript NNP X B-Skill
, , X I-Skill
JQuery NNP X I-Skill
, , X I-Skill
Front NNP X I-Skill
End NNP X I-Skill
, , X O
Berkshire NNP X O
. . X O
The DT X O

job NN X O
is VBZ X O
predominantly RB X O
officebased VBN X O
but CC X O
may MD X O
occasionally RB X O
include VB X O
accompanying VBG X B-Skill
viewings NNS X I-Skill
. . X O
A DT X O

unique JJ X O
opportunity NN X O
has VBZ X O
arisen VBN X O
for IN X O
an DT X O
IT NNP X B-Occupation
Project NNP X I-Occupation
Manager NNP X I-Occupation
to TO X O
take VB X O
the DT X O
next JJ X O
step NN X O
in IN X O
their PRP$ X O
career NN X O
and CC X O
join VB X O
a DT X O
multiple JJ X O
award NN X O
winning VBG X O
digital JJ X O
agency NN X O
as IN X O
a DT X O
Project NNP X O
Manager NNP X O
working VBG X B-Skill
on IN X I-Skill
their PRP$ X I-Skill
leading JJ X I-Skill
customer NN X I-Skill
s NN X I-Skill
data NNS X I-Skill
warehouse NN X I-Skill
projects NNS X I-Skill
. . X O
The DT X O

successful JJ X O
candidate NN X O
will MD X O
have VB X O
experience NN X O
within IN X O
a DT X O
DIRECT NNP X B-Skill
MAIL NNP X I-Skill
, , X O
MAIL NNP X B-Skill
or CC X O
POSTAL NNP X B-Skill
IT NNP X O

Salary NNP X O
, , X O
Benefits NNP X O
& CC X O
OTECompetitive NNP X O
salary JJ X O
plus CC X O
Commission NNP X O
Bonus NNP X O
and CC X O
Benefits NNP X O
Locations NNS X O
: : X O
To TO X O

apply VB X O
, , X O
please VB X O
click VB X O
the DT X O
Apply NNP X O
now RB X O
Button NNP X O
Closing NNP X O
date NN X O
: : X O
28 CD X O
January NNP X O
2013 CD X O
. . X O
Someone NN X O

with IN X O
a DT X O
background NN X O
from IN X O
the DT X O
following VBG X O
would MD X O
be VB X O
advantageous JJ X O
; : X O
engineering NN X B-Domain
, , X O
logistics NNS X B-Domain
and CC X O
IT NNP X B-Domain
services NNS X I-Domain
would MD X O
be VB X O
advantageous JJ X O
. . X O
Senior JJ X O

level NN X O
role NN X O
reporting VBG X B-Skill
into IN X I-Skill
broad JJ X I-Skill
at IN X I-Skill
head NN X I-Skill
office NN X I-Skill
. . X O
corrective JJ X B-Skill

/ NNP X I-Skill
routine JJ X I-Skill
maintenance NN X I-Skill
calls VBZ X I-Skill
Small JJ X O
installation NN X B-Skill
works NNS X I-Skill
and CC X O
commissioning NN X B-Skill
of IN X I-Skill
CCTV NNP X I-Skill
, , X O
Intruder NNP X B-Skill
and CC X O
Access NNP X B-Skill
Control NNP X I-Skill
Systems NNP X I-Skill
in IN X O
the DT X O
North NNP X O
of IN X O
England NNP X O
. . X O
You PRP X O

will MD X O
be VB X O
specifically RB X O
responsible JJ X O
for IN X O
leading VBG X B-Skill
all DT X O
UNICEF NNP X O
UK NNP X O
s VBD X O
strategic JJ X B-Skill
communications NNS X I-Skill
thinking VBG X O
and CC X O
media NNS X B-Skill
delivery NN X I-Skill
on IN X O
our PRP$ X O
response NN X O
to TO X O
emerging VBG X O
news NN X O
stories NNS X O
, , X O
as RB X O
well RB X O
as IN X O
breaking NN X O
and CC X O
ongoing JJ X O
disasters NNS X O
and CC X O
emergencies NNS X O
. . X O
You PRP X O

will MD X O
understand VB X B-Skill
the DT X I-Skill
importance NN X I-Skill
of IN X I-Skill
completing VBG X I-Skill
projects NNS X I-Skill
in IN X I-Skill
a DT X I-Skill
timely JJ X I-Skill
manner NN X I-Skill
and CC X O
be VB X O
used VBN X B-Skill
to TO X I-Skill
managing VBG X I-Skill
the DT X I-Skill
processes NNS X I-Skill
required VBN X O
. . X O
We PRP X O

are VBP X O
NOT JJ X O
looking VBG X O
for IN X O
Windows NNP X B-Skill
Forms NNP X I-Skill
or CC X O
ASP NNP X B-Occupation
developers NNS X I-Occupation
. . X O
Contribute NN X B-Skill

to TO X I-Skill
the DT X I-Skill
promotion NN X I-Skill
of IN X I-Skill
business NN X I-Skill
and CC X O
product NN X B-Skill
integration NN X I-Skill
of IN X I-Skill
ontologies NNS X I-Skill
A NNP X I-Skill
level NN X I-Skill
, , X O
or CC X O
considerable JJ X O
previous JJ X O
experience NN X O
in IN X O
written VBN X B-Skill
Spanish JJ X I-Skill
at IN X O
work NN X O
. . X O
You PRP X O

may MD X O
be VB X O
currently RB X O
working VBG X O
as IN X O
a DT X O
Resourcing NNP X B-Occupation
Planner NNP X O
, , X O
Resource NNP X B-Occupation
Planning NNP X I-Occupation
Specialist NNP X I-Occupation
, , X O
Resource NNP X B-Occupation
Planning NNP X I-Occupation
Analyst NNP X I-Occupation
, , X O
Team NNP X B-Occupation
Scheduler NNP X I-Occupation
, , X O
Deputy NNP X B-Occupation
Scheduler NNP X I-Occupation
, , X O
Scheduler NNP X B-Occupation
, , X O
Planning NNP X B-Occupation
Manager NNP X I-Occupation
, , X O
Financial NNP X B-Occupation
Analyst NNP X I-Occupation
, , X O
or CC X O
have VBP X O
relevant JJ X O
experience NN X O
within IN X O
a DT X O
similar JJ X O
environment NN X O
. . X O
Maintaining VBG X B-Skill

customer NN X I-Skill
confidence NN X I-Skill
and CC X O
protecting VBG X B-Skill
operations NNS X I-Skill
To TO X O
be VB X O
considered VBN X O
, , X O
you PRP X O
must MD X O
have VB X O
: : X O
Experience NN X O
as IN X O
a DT X O
part NN X B-Skill
qualified VBN X I-Skill
accountant IN X I-Skill
An DT X O
AAT NNP X B-Qualification
, , X I-Qualification
ACA NNP X I-Qualification
, , X I-Qualification
CIMA NNP X I-Qualification
, , X I-Qualification
or CC X I-Qualification
ACCA NNP X I-Qualification
part NN X I-Qualification
qualification NN X I-Qualification
or CC X I-Qualification
working VBG X I-Qualification
toward IN X I-Qualification
one CD X I-Qualification
Knowledge NNP X O
of IN X O
accounting NN X B-Skill
, , X O
corporate JJ X B-Skill
finance NN X I-Skill
and CC X O
reporting VBG X B-Skill
The DT X O
ability NN X B-Skill
to TO X I-Skill
report VB X I-Skill
research NN X I-Skill
results NNS X I-Skill
Because IN X O

the DT X O
role NN X O
is VBZ X O
covering VBG X O
the DT X O
HR NNP X O
/ NNP X O
WR NNP X O
regions NNS X O
, , X O
they PRP X O
are VBP X O
ideally RB X O
looking VBG X O
for IN X O
someone NN X O
in IN X O
or CC X O
around IN X O
these DT X O
areas NNS X O
In IN X O

return NN X O
you PRP X O
will MD X O
be VB X O
working VBG X O
with IN X O
a DT X O
prestigious JJ X O
local JJ X O
employer NN X O
of IN X O
choice NN X O
and CC X O
benefit NN X O
from IN X O
excellent JJ X O
remuneration NN X O
and CC X O
free JJ X O
parking NN X O
. . X O
We PRP X O

span VBP X O
a DT X O
variety NN X O
of IN X O
specialist NN X O
industries NNS X O
and CC X O
are VBP X O
the DT X O
recruitment JJ X O
company NN X O
to TO X O
help VB X O
you PRP X O
find VB X O
your PRP$ X O
next JJ X O
career NN X O
opportunity NN X O
. . X O
Benefits NNS X O

include VBP X O
: : X O
Competitive JJ X O
rates NNS X O
of IN X O
pay NN X O
Access NNP X O
to TO X O
a DT X O
structured JJ X O
career NN X O
development NN X O
path NN X O
and CC X O
award NN X O
winning VBG X O
training NN X O
via IN X O
the DT X O
Barchester NNP X O
Business NNP X O
School NNP X O
which WDT X O
offer VBP X O
a DT X O
range NN X O
of IN X O
training NN X O
from IN X O
NVQs NNP X O
to TO X O
Masters NNP X O
Degrees NNP X O
Generous NNP X O
Annual NNP X O
Leave NNP X O
Allowance NNP X O
Employer NNP X O
contribution NN X O
to TO X O
a DT X O
Stakeholder NNP X O
pension NN X O
plan NN X O
Access NNP X O
to TO X O
Barchester NNP X O
' POS X O
s NN X O
Shopping NNP X O
Club NNP X O
for IN X O
hundreds NNS X O
of IN X O
savings NNS X O
from IN X O
retail JJ X O
outlets NNS X O
Subsidised VBD X O
health NN X O
and CC X O
personal JJ X O
accident NN X O
insurance NN X O
The DT X O

successful JJ X O
candidate NN X O
will MD X O
gain VB X O
experience NN X O
in IN X O
the DT X O
specialised JJ X O
area NN X O
of IN X O
ABCP NNP X B-Domain
conduit NN X I-Domain
accounting NN X I-Domain
. . X O
The DT X O

role NN X O
will MD X O
balance VB X B-Skill
prebooked JJ X I-Skill
and CC X I-Skill
prequalified JJ X I-Skill
customer NN X I-Skill
appointments NNS X I-Skill
and CC X I-Skill
inbound NN X I-Skill
calls NNS X I-Skill
, , X O
focussing VBG X O
very RB X O
heavily RB X O
on IN X O
a DT X O
multiproduct NN X B-Skill
spread NN X I-Skill
. . X O
Strategically RB X B-Skill

design NN X I-Skill
and CC X I-Skill
implement NN X I-Skill
data NNS X I-Skill
integration NN X I-Skill
routines NNS X I-Skill
, , X I-Skill
data NNS X I-Skill
models NNS X I-Skill
Contribute NNP X I-Skill
to TO X I-Skill
and CC X I-Skill
work VB X I-Skill
within IN X I-Skill
agreed JJ X I-Skill
processes NNS X I-Skill
in IN X I-Skill
order NN X I-Skill
to TO X I-Skill
deliver VB X I-Skill
the DT X I-Skill
business NN X I-Skill
plan NN X I-Skill
in IN X I-Skill
line NN X I-Skill
with IN X I-Skill
the DT X I-Skill
Group NNP X I-Skill
Data NNP X I-Skill
Direct NNP X I-Skill
, , X I-Skill
organize NN X I-Skill
and CC X I-Skill
lead VB X I-Skill
the DT X I-Skill
Data NNP X I-Skill
Warehouse NNP X I-Skill
Developers NNP X I-Skill
in IN X I-Skill
the DT X I-Skill
implementation NN X I-Skill
and CC X I-Skill
use NN X I-Skill
of IN X I-Skill
new JJ X I-Skill
DI NNP X I-Skill
software NN X I-Skill
tools NNS X I-Skill
and CC X I-Skill
systems NNS X I-Skill
Assess NNP X I-Skill
and CC X I-Skill
cultivate VB X I-Skill
longterm JJ X I-Skill
strategic JJ X I-Skill
goals NNS X I-Skill
for IN X I-Skill
DW NNP X I-Skill
development NN X I-Skill
in IN X I-Skill
conjunction NN X I-Skill
with IN X I-Skill
end NN X I-Skill
users NNS X I-Skill
, , X O
managers NNS X B-Occupation
and CC X O
other JJ X B-Occupation
stakeholders NNS X I-Occupation
Support NNP X B-Skill
the DT X I-Skill
Group NNP X I-Skill
Data NNP X I-Skill
Prioritise NNP X I-Skill
level NN X I-Skill
2 CD X I-Skill
data NNS X I-Skill
warehouse NN X I-Skill
requests NNS X I-Skill
and CC X I-Skill
assign NN X I-Skill
to TO X I-Skill
team VB X I-Skill
members NNS X I-Skill
Motivate NNP X I-Skill
and CC X I-Skill
deliver VB X I-Skill
against IN X I-Skill
agreed VBN X I-Skill
objectives NNS X I-Skill
, , X O
KPI NNP X B-Skill
s NN X I-Skill
and CC X I-Skill
SLA NNP X I-Skill
s NN X I-Skill
in IN X I-Skill
order NN X I-Skill
to TO X I-Skill
carry VB X I-Skill
out RP X I-Skill
responsibilities NNS X I-Skill
and CC X O
meet VB X B-Skill
agreed JJ X I-Skill
service NN X I-Skill
and CC X I-Skill
performance NN X I-Skill
targets NNS X I-Skill
Analyse NNP X I-Skill
user NN X I-Skill
requirements NNS X I-Skill
and CC X O
, , X O
based VBN X B-Skill
on IN X I-Skill
findings NNS X I-Skill
, , X O
design NN X B-Skill
functional JJ X I-Skill
specifications NNS X I-Skill
for IN X I-Skill
data NNS X I-Skill
warehouse NN X I-Skill
extract NN X I-Skill
and CC X I-Skill
integration NN X I-Skill
routines NNS X I-Skill
Promote VBP X I-Skill
the DT X I-Skill
benefits NNS X I-Skill
of IN X I-Skill
DW NNP X I-Skill
Develop NNP X I-Skill
and CC X I-Skill
maintain VB X I-Skill
the DT X I-Skill
company NN X I-Skill
s VBZ X I-Skill
MI NNP X I-Skill
glossary NN X I-Skill
of IN X I-Skill
definitions NNS X I-Skill
Maintain VBP X I-Skill
an DT X I-Skill
ongoing JJ X I-Skill
development NN X I-Skill
of IN X I-Skill
the DT X I-Skill
data NNS X I-Skill
warehouse NN X I-Skill
and CC X I-Skill
its PRP$ X I-Skill
components NNS X I-Skill
Liaise NNP X I-Skill
with IN X I-Skill
actuaries NNS X I-Skill
, , X I-Skill
underwriters NNS X I-Skill
, , X I-Skill
operations NNS X I-Skill
and CC X I-Skill
others NNS X I-Skill
to TO X I-Skill
ensure VB X I-Skill
data NNS X I-Skill
quality NN X I-Skill
is VBZ X I-Skill
maintained VBN X I-Skill
and CC X I-Skill
used VBN X I-Skill
appropriately RB X I-Skill
in IN X I-Skill
MI NNP X I-Skill
Background NNP X O

AXA NNP X B-Skill
Commercial NNP X O
Lines NNP X O
Personal NNP X O
Intermediary NNP X O
CLPI NNP X B-Skill
offers VBZ X O
insurance NN X B-Skill
solutions NNS X I-Skill
and CC X O
expert JJ X B-Skill
advice NN X I-Skill
to TO X I-Skill
our PRP$ X I-Skill
customers NNS X I-Skill
primarily RB X O
small JJ X O
and CC X O
medium JJ X O
sized JJ X O
business NN X O
enterprises NNS X O
. . X O
**** JJ X O

D NNP X O
CAD NNP X B-Skill
experience NN X O
with IN X O
packages NNS X O
such JJ X O
as IN X O
; : X O
Unigraphics NNS X B-Skill
, , X O
Solidworks NNP X B-Skill
, , X O
ProE NNP X B-Skill
or CC X O
Catia NNP X B-Skill
would MD X O
be VB X O
an DT X O
advantage NN X O
. . X O
Ability NN X B-Skill

to TO X I-Skill
work VB X I-Skill
under IN X I-Skill
pressure NN X I-Skill
Commitment NNP X I-Skill
to TO X O
excellence VB X O
Flexible JJ X B-Skill
attitude NN X O
in IN X O
the DT X O
way NN X O
he PRP X O
/ VBD X O
They PRP X O

have VBP X O
over IN X O
50 CD X O
years NNS X O
' POS X O
experience NN X O
in IN X O
providing VBG X O
engineering NN X O
solutions NNS X O
, , X O
designed VBN X O
, , X O
manufactured VBN X O
and CC X O
tested VBN X O
at IN X O
one CD X O
of IN X O
their PRP$ X O
worldwide NN X O
sites NNS X O
. . X O
Reporting VBG X O

to TO X O
the DT X O
Head NNP X O
of IN X O
Operations NNP X O
, , X O
you PRP X O
will MD X O
manage VB X B-Skill
and CC X I-Skill
coordinate VB X I-Skill
outbound NN X I-Skill
operations NNS X I-Skill
and CC X O
Disciplined VBN X B-Skill

and CC X O
persistent JJ X B-Skill
, , X O
you PRP X O
must MD X O
be VB X O
organised VBN X B-Skill
with IN X O
plenty NN X O
of IN X O
initiative NN X B-Skill
and CC X O
capable JJ X B-Skill
of IN X I-Skill
bringing VBG X I-Skill
in IN X I-Skill
results NNS X I-Skill
. . X O
Our PRP$ X O

Client NNP X O
, , X O
a DT X O
specialist NN X O
in IN X O
their PRP$ X O
industry NN X O
, , X O
is VBZ X O
working VBG X O
alongside RB X O
Hays NNP X O
to TO X O
recruit VB X O
a DT X O
Sales NNS X B-Occupation
Support NNP X I-Occupation
Administrator NNP X I-Occupation
/ NNP X O
Customer NNP X B-Occupation
Service NNP X I-Occupation
Coordinator NNP X I-Occupation
for IN X O
a DT X O
permanent JJ X O
job NN X O
in IN X O
their PRP$ X O
Runcorn NNP X O
office NN X O
. . X O
Support NNP X O

the DT X O
Business NNP X B-Occupation
Change NNP X I-Occupation
Manager NNP X I-Occupation
and CC X O
the DT X O
business NN X B-Domain
areas NNS X I-Domain
in IN X O
developing VBG X B-Skill
robust JJ X I-Skill
benefit NN X I-Skill
cases NNS X I-Skill
built VBP X O
around IN X O
current JJ X O
and CC X O
future JJ X O
business NN X B-Domain
performance NN X O
and CC X O
capability NN X O
. . X O
You PRP X O

will MD X O
also RB X O
need VB X O
to TO X O
have VB X B-Skill
strong JJ X I-Skill
academic JJ X I-Skill
qualifications NNS X I-Skill
and CC X I-Skill
a DT X I-Skill
sound NN X I-Skill
knowledge NN X I-Skill
of IN X I-Skill
Legal NNP X I-Skill
protocols NNS X I-Skill
and CC X I-Skill
Legislation NNP X I-Skill
s NN X I-Skill
. . X O
Exposure NN X B-Skill

to TO X I-Skill
3rd CD X I-Skill
Party NNP X I-Skill
/ NNP X I-Skill
Supplier NNP X I-Skill
Relationship NNP X I-Skill
Management NNP X I-Skill
Key NNP X O
Stakeholder NNP X O
Enagement NNP X B-Skill
and CC X I-Skill
Stakeholder NNP X I-Skill
Management NNP X I-Skill
Skills NNP X I-Skill
Experience NNP X O
of IN X O
Agile NNP X B-Skill
, , X O
Scrum NNP X B-Skill
As IN X O

a DT X O
member NN X O
of IN X O
the DT X O
senior JJ X O
team NN X O
you PRP X O
will MD X O
be VB X O
an DT X O
excellent JJ X B-Skill
communicator NN X I-Skill
, , X O
able JJ X O
to TO X O
effectively RB X O
introduce VB X B-Skill
and CC X I-Skill
manage VB X I-Skill
change NN X I-Skill
and CC X I-Skill
influence NN X I-Skill
practice NN X I-Skill
. . X O
As IN X O

the DT X O
successful JJ X O
candidate NN X O
you PRP X O
must MD X O
have VB X O
: : X O
A DT X B-Experience
strong JJ X I-Experience
track NN X I-Experience
record NN X I-Experience
as IN X I-Experience
a DT X I-Experience
3rd CD X I-Experience
Line NNP X I-Experience
Infrastructure NNP X I-Experience
Engineer NNP X I-Experience
Strong NNP X B-Skill
skills NNS X I-Skill
in IN X I-Skill
implementing NN X I-Skill
and CC X I-Skill
supporting VBG X I-Skill
the DT X I-Skill
Microsoft NNP X I-Skill
technology NN X I-Skill
stack NN X I-Skill
Windows NNP X I-Skill
server NN X I-Skill
Experience NN X O

with IN X O
hand NN X B-Skill
calculations NNS X I-Skill
and CC X O
use NN X O
of IN X O
software NN X O
such JJ X O
as IN X O
MathCAD NNP X B-Skill
or CC X O
similar JJ X O
is VBZ X O
desirable JJ X O
. . X O
Selfmotivated VBN X B-Skill

and CC X O
able JJ X B-Skill
to TO X I-Skill
plan VB X I-Skill
and CC X I-Skill
manage VB X I-Skill
a DT X I-Skill
varied JJ X I-Skill
workload NN X I-Skill
Strong NNP X I-Skill
team NN X I-Skill
working VBG X I-Skill
skills NNS X I-Skill
and CC X O
demonstrable JJ X B-Skill
ability NN X I-Skill
to TO X I-Skill
work VB X I-Skill
cooperatively RB X I-Skill
and CC X I-Skill
flexibly RB X I-Skill
to TO X I-Skill
achieve VB X I-Skill
team NN X I-Skill
objectives NNS X I-Skill
. . X O
Help NN X B-Skill

clients NNS X I-Skill
with IN X I-Skill
any DT X I-Skill
form NN X I-Skill
of IN X I-Skill
disability NN X I-Skill
or CC X I-Skill
limitation NN X I-Skill
including VBG X O
the DT X O
proper JJ X O
use NN X O
and CC X O
care NN X O
of IN X O
aids NNS X O
and CC X O
personal JJ X O
equipment NN X O
. . X O
To TO X O

organise VB X O
UK NNP X B-Skill
and CC X I-Skill
International NNP X I-Skill
complex JJ X I-Skill
travel NN X I-Skill
arrangements NNS X I-Skill
, , X O
including VBG X O
obtaining VBG X B-Skill
visas NN X I-Skill
; : X O
booking VBG X B-Skill
flights NNS X I-Skill
, , X I-Skill
hotels NNS X I-Skill
and CC X I-Skill
events NNS X I-Skill
; : X O
and CC X O
completing VBG X O
internal JJ X B-Skill
travel NN X I-Skill
insurance NN X I-Skill
forms NNS X I-Skill
. . X O
Howett NNP X O

Thorpe NNP X O
are VBP X O
acting VBG X O
as IN X O
a DT X O
recruitment NN X O
agency NN X O
in IN X O
relation NN X O
to TO X O
this DT X O
role NN X O
and CC X O
comply NN X O
with IN X O
all DT X O
relevant JJ X O
UK NNP X O
legislation NN X O
and CC X O
do VB X O
not RB X O
discriminate VB X O
on IN X O
any DT X O
protected JJ X O
characteristics NNS X O
. . X O
/ NNS X O

Experienced VBD X O
Required VBN X O
: : X O
Experience NN X B-Skill
of IN X I-Skill
working VBG X I-Skill
within IN X I-Skill
, , X I-Skill
coordinating VBG X I-Skill
and CC X I-Skill
minuting VBG X I-Skill
high JJ X I-Skill
level NN X I-Skill
public JJ X I-Skill
meetings NNS X I-Skill
, , X I-Skill
including VBG X I-Skill
the DT X I-Skill
preparation NN X I-Skill
of IN X I-Skill
agendas NNS X I-Skill
Building NNP X I-Skill
professional JJ X I-Skill
working VBG X I-Skill
relationships NNS X I-Skill
at IN X I-Skill
a DT X I-Skill
very RB X I-Skill
senior JJ X I-Skill
level NN X I-Skill
, , X O
demonstrating VBG X O
excellent JJ X O
commuication NN X B-Skill
and CC X I-Skill
interpersonal JJ X I-Skill
skills NNS X I-Skill
Previous JJ X O
experience NN X B-Skill
of IN X I-Skill
working VBG X I-Skill
within IN X I-Skill
a DT X I-Skill
public JJ X I-Skill
sector NN X I-Skill
environment NN X I-Skill
at IN X I-Skill
a DT X I-Skill
similar JJ X I-Skill
level NN X I-Skill
is VBZ X O
essential JJ X O
The DT X O

role NN X O
would MD X O
suit VB X O
a DT X O
candidate NN X O
wanting NN X O
to TO X O
develop VB X O
their PRP$ X O
career NN X O
. . X O
We PRP X O

are VBP X O
looking VBG X O
for IN X O
an DT X O
enthusiastic JJ X B-Skill
Theatre NNP X B-Occupation
Nurse NNP X I-Occupation
with IN X O
Scrub NNP X B-Skill
experience NN X I-Skill
to TO X I-Skill
work VB X I-Skill
as IN X I-Skill
part NN X I-Skill
of IN X I-Skill
team NN X I-Skill
within IN X O
a DT X O
private JJ X B-Domain
hospital NN X I-Domain
in IN X O
Surrey NNP X O
. . X O
The DT X O

Company NN X O
This DT X O
leading VBG X O
supplier NN X O
of IN X O
project NN X O
and CC X O
performance NN X B-Skill
management NN X I-Skill
software NN X I-Skill
also RB X O
includes VBZ X O
planning NN X B-Skill
tools NNS X I-Skill
, , X O
consultancy NN X B-Skill
and CC X O
training NN X B-Skill
in IN X O
their PRP$ X O
portfolio NN X O
to TO X O
create VB X O
a DT X O
full JJ X O
offering NN X O
. . X O
Our PRP$ X O

Client NN X O
is VBZ X O
based VBN X O
within IN X O
Llanelli NNP X O
, , X O
and CC X O
there EX X O
is VBZ X O
on IN X O
site NN X O
parking NN X O
. . X O
You PRP X O

' '' X O
ll JJ X O
be VB X O
inspired VBN X O
by IN X O
having VBG X O
ownership NN X O
for IN X O
the DT X O
technology NN X O
of IN X O
one CD X O
of IN X O
the DT X O
UK NNP X O
' POS X O
s NN X O
leading VBG X O
online JJ X O
brands NNS X O
. . X O
The DT X O

successful JJ X O
Test NNP X B-Occupation
Technician NN X I-Occupation
will MD X O
be VB X O
responsible JJ X O
for IN X O
nonroutine JJ X B-Skill
maintenance NN X I-Skill
for IN X I-Skill
all DT X I-Skill
electrical JJ X I-Skill
/ NNP X I-Skill
electronic JJ X I-Skill
test NN X I-Skill
and CC X I-Skill
production NN X I-Skill
equipment NN X I-Skill
, , X O
work NN X O
on IN X O
the DT X O
manufacture NN X B-Skill
and CC X I-Skill
assembly NN X I-Skill
of IN X I-Skill
test NN X I-Skill
equipment NN X I-Skill
, , X O
provide VBP X B-Skill
drawings NNS X I-Skill
prototype NN X I-Skill
PCB NNP X I-Skill
layouts VBZ X I-Skill
, , X O
purchase NN X B-Skill
parts NNS X I-Skill
and CC X O
calibrate VB X B-Skill
machinery NN X I-Skill
after IN X O
repair NN X O
. . X O
GERMAN JJ X B-Skill

and CC X O
ITALIAN NNP X B-Skill
speaking NN X O
DIGITAL NNP X B-Occupation
CINEMA NNP X I-Occupation
CONTENT NNP X I-Occupation
DELIVERY NNP X I-Occupation
MANAGER NNP X I-Occupation
LOCATION NNP X O
a DT X O

qualified JJ X O
Registered NNP X B-Occupation
General NNP X I-Occupation
Nurse NNP X I-Occupation
Must NNP X O
have VBP X O
at IN X O
least JJS X O
5 CD X B-Qualification
years NNS X I-Qualification
experience RB X I-Qualification
working VBG X B-Skill
with IN X I-Skill
elderly JJ X I-Skill
clients NNS X I-Skill
Must WDT X O
have VBP X O
at IN X O
least JJS X O
2 CD X B-Experience
years NNS X I-Experience
experience RB X I-Experience
as IN X O
a DT X O
Home NNP X B-Occupation
Manager NNP X I-Occupation
To TO X O

find VB X O
out RP X O
more JJR X O
then RB X O
please VB X O
contact VB X O
us PRP X O
NOW NNP X O
A DT X O

BMS NNP X O
has VBZ X O
been VBN X O
established VBN X O
for IN X O
twenty NN X O
years NNS X O
, , X O
specialising VBG X O
in IN X O
providing VBG X O
solutions NNS X O
sales NNS X B-Domain
and CC X O
presales NNS X B-Occupation
professionals NNS X I-Occupation
to TO X O
the DT X O
IT NNP X B-Domain
and CC X O
Telecoms NNP X B-Domain
marketplace NN X O
. . X O
Not RB X B-Skill

afraid IN X I-Skill
of IN X I-Skill
high JJ X I-Skill
volumes NNS X I-Skill
of IN X I-Skill
work NN X I-Skill
in IN X O
a DT X O
changing NN X O
sometimes RB X O
pressurised VBD X O
working VBG X O
environment NN X O
Teach NN X O

In IN X O
Buckinghamshire NNP X O
are VBP X O
looking VBG X O
for IN X O
a DT X O
dynamic JJ X B-Skill
, , X O
forwardlooking JJ X B-Skill
and CC X O
inspirational JJ X B-Skill
PE NNP X B-Occupation
teacher NN X I-Occupation
to TO X O
be VB X B-Skill
part NN X I-Skill
of IN X I-Skill
a DT X I-Skill
cohesive JJ X I-Skill
and CC X I-Skill
forwardlooking VBG X I-Skill
team NN X I-Skill
which WDT X I-Skill
stimulates VBZ X I-Skill
learning NN X I-Skill
and CC X I-Skill
is VBZ X I-Skill
determined VBN X I-Skill
to TO X I-Skill
raise VB X I-Skill
standards NNS X I-Skill
still RB X I-Skill
further RB X I-Skill
at IN X I-Skill
our PRP$ X I-Skill
inclusive JJ X I-Skill
and CC X I-Skill
extended JJ X I-Skill
school NN X I-Skill
. . X O
You PRP X O

will MD X O
need VB X O
to TO X O
be VB X O
able JJ X O
work NN X B-Skill
under IN X I-Skill
pressure NN X I-Skill
and CC X I-Skill
to TO X I-Skill
strict VB X I-Skill
deadlines NNS X I-Skill
on IN X O
occasion NN X O
. . X O
Our PRP$ X O

client NN X O
wants VBZ X O
to TO X O
meet VB X O
people NNS X O
capable JJ X O
of IN X O
leading VBG X B-Skill
and CC X I-Skill
motivating VBG X I-Skill
their PRP$ X I-Skill
teams NNS X I-Skill
to TO X O
achieve VB X O
ambitious JJ X O
performance NN X O
targets NNS X O
. . X O
The DT X O

Role NNP X O
: : X O
Reporting NN X O
to TO X O
the DT X O
Project NNP X B-Occupation
Director NNP X I-Occupation
, , X I-Occupation
you PRP X O
will MD X O
create VB X B-Skill
and CC X I-Skill
manage VB X I-Skill
marketing NN X I-Skill
initiatives NNS X I-Skill
, , X I-Skill
update NN X I-Skill
and CC X I-Skill
develop VB X I-Skill
websites NNS X I-Skill
, , X I-Skill
promote NN X I-Skill
brand NN X I-Skill
awareness NN X I-Skill
and CC X I-Skill
manage VB X I-Skill
our PRP$ X I-Skill
social JJ X I-Skill
media NNS X I-Skill
presence NN X I-Skill
. . X O
We PRP X O

are VBP X O
currently RB X O
looking VBG X O
to TO X O
reward VB X O
our PRP$ X O
salaried JJ X O
staff NN X O
a DT X O
total NN X O
of IN X O
88 CD X O
million CD X O
over IN X O
the DT X O
next JJ X O
2 CD X O
years NNS X O
. . X O
Driver NNP X O

s PRP X O
Motor NNP X O
Vehicle NNP X O
Records NNP X O
Organise NNP X O
Induction NNP X O
Training NNP X B-Domain
programmes NNS X O
Ensuring VBG X O
resourcing VBG X O
metrics NNS X O
effectively RB X O
describe VBP X O
actual JJ X O
performance NN X O
making NN X O
recommendations NNS X O
and CC X O
providing VBG X O
feedback NN X O
to TO X O
reporting VBG X O
colleagues NNS X O
Conduct NNP X O
exit NN X O
interviews NNS X O
and CC X O
review NN X O
information NN X O
The DT X O
Applicant NNP X O
To TO X O
be VB X O
suitable JJ X O
for IN X O
this DT X O
role NN X O
you PRP X O
will MD X O
have VB X O
experience NN X O
of IN X O
recruiting VBG X B-Skill
drivers NNS X I-Skill
Successful JJ X O

applicants NNS X O
will MD X O
; : X O
Have VB X O
great JJ X O
people NNS X B-Skill
skills NNS X I-Skill
You PRP X O

will MD X O
be VB X O
helping VBG X O
clients NNS X O
make VBP X O
decisions NNS X O
based VBN X O
on IN X O
your PRP$ X O
understand NN X B-Skill
the DT X I-Skill
product NN X I-Skill
range NN X I-Skill
, , X I-Skill
pricing NN X I-Skill
margins NNS X I-Skill
, , X I-Skill
promotions NNS X I-Skill
, , X I-Skill
alternative JJ X I-Skill
suppliers NNS X I-Skill
and CC X I-Skill
programmes NNS X I-Skill
To TO X O

act VB X O
as IN X O
liaison JJ X B-Occupation
officer NN X I-Occupation
with IN X O
all DT X O
outside JJ X O
contractors NNS X O
for IN X O
repair NN X B-Skill
to TO X I-Skill
the DT X I-Skill
specialised JJ X I-Skill
equipment NN X I-Skill
, , X O
to TO X O
include VB X O
giving VBG X B-Skill
Health NNP X I-Skill
and CC X I-Skill
Safety NNP X I-Skill
Briefs NNP X I-Skill
as IN X O
applicable JJ X O
. . X O
**** FW X O

per IN X O
annum NN X O
uncapped NN X O
and CC X O
you PRP X O
will MD X O
receive VB X O
an DT X O
array NN X O
of IN X O
benefits NNS X O
to TO X O
support VB X O
you PRP X O
in IN X O
both DT X O
your PRP$ X O
personal JJ X O
and CC X O
professional JJ X O
life NN X O
. . X O
As IN X O

a DT X O
Registered NNP X B-Occupation
Mental NNP X I-Occupation
Nurse NNP X I-Occupation
RMN NNP X I-Occupation
what WP X O
do VBP X O
you PRP X O
need VB X O
to TO X O
do VB X O
to TO X O
make VB X O
this DT X O
happen VB X O
? . X O
Technical JJ X O

presentations NNS X O
Calculations NNPS X B-Occupation
Developing VBG X I-Occupation
test NN X O
procedures NNS X O
and CC X O
facilities NNS X B-Occupation
Attending NNP X I-Occupation
factory NN X O
acceptance NN X O
tests NNS X O
Ideal JJ X O

candidate NN X O
must MD X O
be VB X O
good JJ X O
at IN X O
prioritising VBG X B-Skill
workload NN X I-Skill
and CC X O
working VBG X B-Skill
to TO X I-Skill
strict JJ X I-Skill
deadlines NNS X I-Skill
. . X O
The DT X O

Registered NNP X B-Occupation
General NNP X I-Occupation
Nurse NNP X I-Occupation
RGN NNP X O
will MD X O
be VB X O
expected VBN X O
to TO X O
work VB X O
days NNS X O
. . X O
My PRP$ X O

clients NNS X O
provide VBP X O
professional JJ X O
technical JJ X O
services NNS X O
to TO X O
projects NNS X O
in IN X O
the DT X O
Oil NNP X B-Domain
and CC X I-Domain
Gas NNP X I-Domain
arena VBP X O
on IN X O
a DT X O
global JJ X O
scale NN X O
. . X O
Program NNP X O

camera NN X O
into IN X O
DVR NNP X O
and CC X O
provide VB X O
working VBG X O
demonstration NN X O
to TO X O
client NN X O
MUST NNP X O
have VBP X O
PACOM NNP X B-Skill
Access NNP X I-Skill
Control NNP X I-Skill
and CC X O
CCTV NNP X B-Skill
experience NN X O
Required VBN X O
Documentation NN X O
: : X O
Strong JJ X O

understanding NN X O
of IN X O
the DT X O
software NN X B-Domain
industry NN X O
, , X O
including VBG X O
knowledge NN X B-Skill
of IN X I-Skill
the DT X I-Skill
underlying VBG X I-Skill
technology NN X I-Skill
, , X O
major JJ X O
companies NNS X O
, , X O
and CC X O
research NN X B-Skill
. . X O
Restricted VBN X O

Share NNP X O
Units NNP X O
at IN X O
the DT X O
discretion NN X O
of IN X O
ARM NNP X O
Holdings NNP X O
plc NN X O
Private NNP X O
medical JJ X O
insurance NN X O
If IN X O

you PRP X O
think VBP X O
this DT X O
is VBZ X O
you PRP X O
please VBP X O
call VB X O
Alexandra NNP X O
Robbins NNP X O
on IN X O
**** JJ X O

Location NN X O
: : X O
Swindon NNP X O
The DT X O
Role NNP X O
Responsible NNP X O
for IN X O
the DT X O
day NN X O
to TO X O
day NN X O
running VBG X B-Skill
of IN X I-Skill
the DT X I-Skill
site NN X I-Skill
with IN X O
a DT X O
Hospitality NNP X B-Skill
/ NNP X I-Skill
F NNP X I-Skill
& CC X I-Skill
B NNP X I-Skill
focus NN X O
Accountable NNP X B-Skill
for IN X I-Skill
driving VBG X I-Skill
business NN X I-Skill
performance NN X I-Skill
and CC X I-Skill
making VBG X I-Skill
sure JJ X I-Skill
the DT X I-Skill
customers NNS X I-Skill
are VBP X I-Skill
happy JJ X I-Skill
with IN X O
their PRP$ X O
experience NN X O
every DT X O
time NN X O
they PRP X O
come VBP X O
Provide NNP X O
excellent JJ X B-Skill
customer NN X I-Skill
service NN X I-Skill
and CC X O
inspire VB X B-Skill
the DT X O
team NN X O
to TO X O
do VB X O
the DT X O
same JJ X O
Fully NNP X O
operational JJ X O
and CC X O
? . X O
The DT X O

county NN X O
town NN X O
of IN X O
Worcestershire NNP X O
is VBZ X O
an DT X O
ancient JJ X O
city NN X O
with IN X O
a DT X O
modern JJ X O
outlook NN X O
and CC X O
it PRP X O
has VBZ X O
great JJ X O
things NNS X O
to TO X O
offer VB X O
. . X O
To TO X O

maintain VB X B-Skill
regular JJ X I-Skill
contact NN X I-Skill
with IN X I-Skill
clients NNS X I-Skill
, , X O
build VB X B-Skill
lasting VBG X I-Skill
relationships NNS X I-Skill
to TO X I-Skill
maximise VB X I-Skill
any DT X I-Skill
opportunities NNS X I-Skill
and CC X O
keep VB X B-Skill
them PRP X I-Skill
fully RB X I-Skill
informed VBN X I-Skill
of IN X I-Skill
the DT X I-Skill
progress NN X I-Skill
of IN X I-Skill
current JJ X I-Skill
jobs NNS X I-Skill
Key NNP X O
benefits NNS X O
Other JJ X O

responsibilities NNS X O
will MD X O
include VB X O
, , X O
key JJ X B-Skill
account NN X I-Skill
planning NN X I-Skill
, , X O
where WRB X O
you PRP X O
will MD X O
support VB X B-Skill
all DT X I-Skill
CRM NNP X I-Skill
initiatives NNS X I-Skill
within IN X O
your PRP$ X O
group NN X O
, , X O
detailed JJ X B-Skill
competitor NN X I-Skill
analysis NN X I-Skill
and CC X O
you PRP X O
will MD X O
also RB X O
have VB X O
strong JJ X O
involvement NN X O
in IN X O
broader JJR X O
marketing NN X B-Domain
and CC X O
communications NNS X B-Domain
working VBG X O
closely RB X O
with IN X O
a DT X O
central JJ X O
team NN X O
. . X O
All DT X O

applications NNS X O
will MD X O
be VB X O
dealt VBN X O
with IN X O
in IN X O
the DT X O
strictest JJS X O
confidence NN X O
you PRP X O

will MD X O
be VB X O
responsible JJ X O
for IN X O
a DT X O
helping VBG X O
develop VB X B-Skill
the DT X I-Skill
Industrial NNP X I-Skill
division NN X I-Skill
throughout IN X O
the DT X O
North NNP X O
West NNP X O
, , X O
leading VBG X O
from IN X O
the DT X O
front NN X O
with IN X O
sales NNS X O
and CC X O
promoting VBG X O
the DT X O
already RB X O
well RB X O
known VBN X O
brand NN X O
. . X O
Applications NNS X O

must MD X O
be VB X O
received VBN X O
no DT X O
later RBR X O
than IN X O
7th CD X O
February NNP X O
2013 CD X O
. . X O
The DT X O

successful JJ X O
applicant NN X O
will MD X O
have VB X O
involvement NN X O
in IN X O
Clinical JJ X B-Domain
Governance NNP X I-Domain
. . X O
We PRP X O

are VBP X O
looking VBG X O
for IN X O
two CD X O
dedicated JJ X B-Skill
individuals NNS X O
to TO X O
join VB X O
our PRP$ X O
team NN X O
. . X O
so IN X O

it PRP X O
requires VBZ X O
someone NN X O
who WP X O
is VBZ X O
self RB X B-Skill
motivated VBN X I-Skill
, , X O
good JJ X O
at IN X O
prioritising VBG X B-Skill
their PRP$ X I-Skill
workload NN X I-Skill
and CC X O
used VBD X O
working VBG X B-Skill
under IN X I-Skill
minimal JJ X I-Skill
supervision NN X I-Skill
. . X O
**** JJ X O

members NNS X O
in IN X O
127 CD X O
countries NNS X O
, , X O
we PRP X O
share NN X O
and CC X O
advance NN X O
knowledge NN X O
throughout IN X O
the DT X O
global JJ X O
engineering NN X O
and CC X O
technology NN X O
community NN X O
. . X O
You PRP X O

must MD X O
have VB X O
eligibility NN X O
to TO X O
work VB X O
in IN X O
the DT X O
UK NNP X O
and CC X O
a DT X O
full JJ X O
valid JJ X O
UK NNP X B-Qualification
Driving NNP X I-Qualification
Licence NNP X I-Qualification
. . X O
Well RB X B-Skill

organised VBN X I-Skill
Works NNP X I-Skill
well RB X I-Skill
under IN X I-Skill
pressure NN X I-Skill
Strong NNP X I-Skill
sense NN X I-Skill
of IN X I-Skill
creative JJ X I-Skill
direction NN X I-Skill
and CC X I-Skill
of IN X I-Skill
the DT X I-Skill
right JJ X I-Skill
action NN X I-Skill
for IN X I-Skill
a DT X I-Skill
Retail JJ X I-Skill
Brand NNP X I-Skill
Good NNP X I-Skill
at IN X I-Skill
relaying VBG X I-Skill
and CC X I-Skill
explaining VBG X I-Skill
guidance NN X I-Skill
or CC X I-Skill
decisions NNS X I-Skill
This DT X O

is VBZ X O
an DT X O
ideal JJ X O
role NN X O
for IN X O
an DT X O
individual JJ X O
seeking VBG X O
a DT X O
career NN X O
working VBG X O
in IN X O
a DT X O
dynamic JJ X O
environment NN X O
within IN X O
the DT X O
Rail NNP X B-Skill
, , X O
Private NNP X B-Skill
Network NNP X I-Skill
s NN X I-Skill
applications NNS X I-Skill
and CC X O
processing NN X O
of IN X O
payment NN X B-Skill
certification NN X I-Skill
in IN X O
accordance NN X O
with IN X O
the DT X O
Projects NNPS X O
contractual JJ X O
terms NNS X O
and CC X O
conditions NNS X O
. . X O
Ensure NN X O

targets NNS X O
are VBP X O
set VBN X O
, , X O
pledges NNS X O
made VBN X O
and CC X O
putting VBG X O
an DT X O
emphasis NN X O
on IN X O
fun NN X O
Create NNP X O
and CC X O
run VB X O
monthly RB X O
incentives NNS X O
to TO X O
encourage VB X O
a DT X O
fun NN X O
environment NN X O
whilst NN X O
incentivising VBG X O
a DT X O
good JJ X O
result NN X O
Develop NNP X O
a DT X O
number NN X O
2 CD X O
within IN X O
the DT X O
department NN X O
to TO X O
bring VB X O
through RP X O
as IN X O
a DT X O
right JJ X O
hand NN X O
person NN X O
within IN X O
the DT X O
team NN X O
This DT X O

is VBZ X O
an DT X O
opportunity NN X O
for IN X O
someone NN X O
that WDT X O
wants VBZ X O
to TO X O
work VB X O
with IN X O
a DT X O
smart JJ X O
people NNS X O
in IN X O
a DT X O
collaborative JJ X O
environment NN X O
that WDT X O
is VBZ X O
solely RB X O
focused VBN X B-Skill
on IN X I-Skill
serious JJ X I-Skill
returns NNS X I-Skill
. . X O
A DT X O

vacancy NN X O
exists VBZ X O
for IN X O
a DT X O
responsible JJ X B-Skill
, , X O
mature NN X B-Skill
and CC X O
enthusiastic JJ X B-Skill
native JJ X I-Skill
speaking NN X I-Skill
French JJ X I-Skill
graduate NN X B-Qualification
who WP X O
may MD X O
wish VB X O
to TO X O
pursue VB X O
a DT X O
career NN X O
in IN X O
teaching NN X B-Skill
. . X O
A DT X O

highly RB X O
organised JJ X O
Administrative NNP X B-Occupation
Assistant NNP X I-Occupation
is VBZ X O
required VBN X O
to TO X O
work VB X O
as IN X O
part NN X O
of IN X O
the DT X O
Administration NNP X O
Team NNP X O
providing VBG X B-Skill
support NN X I-Skill
with IN X O
the DT X O
daily JJ X O
running NN X O
of IN X O
this DT X O
residential JJ X O
children NNS X O
' POS X O
s NN X O
home NN X O
. . X O
This DT X O

is VBZ X O
an DT X O
excellent JJ X O
opportunity NN X O
with IN X O
a DT X O
leading VBG X O
service NN X O
provider NN X O
, , X O
offering VBG X O
a DT X O
competitive JJ X O
salary NN X O
and CC X O
excellent JJ X O
prospects NNS X O
. . X O
Security NN X B-Skill

Systems NNPS X I-Skill
, , X O
especially RB X B-Skill
Access NNP X I-Skill
Control NNP X I-Skill
installations NNS X I-Skill
experience NN X I-Skill
is VBZ X O
essential JJ X O
For IN X O
the DT X O
right JJ X O
engineer NN X O
who WP X O
wants VBZ X O
to TO X O
work VB X O
in IN X O
a DT X O
professional JJ X O
environment NN X O
where WRB X O
the DT X O
engineer NN X O
are VBP X O
treated VBN X O
fairly RB X O
with IN X O
a DT X O
lot NN X O
of IN X O
trust NN X O
, , X O
progress NN X O
and CC X O
develop VB X O
their PRP$ X O
career NN X O
from IN X O
training VBG X O
within IN X O
a DT X O
forward NN X O
thinking VBG X O
technologically RB X O
advanced JJ X O
company NN X O
You PRP X O

will MD X O
be VB X O
working VBG X O
on IN X O
large JJ X O
complex JJ X O
sites NNS X O
with IN X O
a DT X O
variety NN X O
of IN X O
property NN X O
types NNS X O
, , X O
from IN X O
apartments NNS X O
to TO X O
pound NN X O
; : X O
1M CD X O
detached VBD X O
houses NNS X O
. . X O
You PRP X O

must MD X O
have VB X O
experience NN X O
of IN X O
C NNP X B-Skill
. . X I-Skill
NET NNP X I-Skill
development NN X I-Skill
and CC X O
ideally RB X O
be VB X O
educated VBN X O
to TO X O
degree VB X B-Qualification
level NN X I-Qualification
in IN X I-Qualification
a DT X I-Qualification
software NN X I-Qualification
development NN X I-Qualification
related VBN X O
discipline NN X O
. . X O
Ensure NNP X B-Skill

effective JJ X I-Skill
Health NNP X I-Skill
& CC X I-Skill
Safety NNP X I-Skill
Produce NNP X I-Skill
method NN X I-Skill
statements NNS X I-Skill
and CC X I-Skill
risk NN X I-Skill
assessment NN X I-Skill
My PRP$ X O

client NN X O
are VBP X O
a DT X O
market NN X O
leader NN X O
within IN X O
the DT X O
Lighting NNP X B-Domain
industry NN X I-Domain
, , X O
they PRP X O
offer VBP X O
a DT X O
wide JJ X O
range NN X O
of IN X O
services NNS X O
within IN X O
the DT X O
lighting VBG X O
industry NN X O
including VBG X O
Project NNP X B-Skill
Management NNP X I-Skill
, , X I-Skill
Fabrication NNP X I-Skill
and CC X I-Skill
Lighting NNP X I-Skill
Design NNP X I-Skill
and CC X I-Skill
Installation NNP X I-Skill
. . X O
As IN X O

a DT X O
Typist NNP X B-Occupation
you PRP X O
will MD X O
provide VB X B-Skill
full JJ X I-Skill
typing NN X I-Skill
and CC X I-Skill
administrative JJ X I-Skill
support NN X I-Skill
for IN X I-Skill
the DT X I-Skill
office NN X I-Skill
. . X O
I PRP X O

understand VBP X O
the DT X O
need NN X O
for IN X O
discretion NN X O
and CC X O
would MD X O
welcome VB X O
the DT X O
opportunity NN X O
to TO X O
speak VB X O
to TO X O
any DT X O
candidates NNS X O
that WDT X O
are VBP X O
considering VBG X O
a DT X O
new JJ X O
career NN X O
or CC X O
job NN X O
either RB X O
now RB X O
or CC X O
in IN X O
the DT X O
future NN X O
. . X O
Provide VB X B-Skill

support NN X I-Skill
functions NNS X I-Skill
to TO X I-Skill
interfacing VBG X I-Skill
departments NNS X I-Skill
and CC X I-Skill
vendors NNS X I-Skill
for IN X I-Skill
mechanical JJ X I-Skill
based VBN X I-Skill
design NN X I-Skill
. . X O
A DT X O

strong JJ X O
commercial JJ X B-Skill
outlook NN X I-Skill
and CC X O
passion NN X B-Skill
for IN X I-Skill
HR NNP X I-Skill
will MD X O
make VB X O
an DT X O
impact NN X O
in IN X O
this DT X O
role NN X O
. . X O
You PRP X O

will MD X O
be VB X O
a DT X O
self JJ X B-Skill
starter NN X I-Skill
who WP X I-Skill
is VBZ X I-Skill
able JJ X I-Skill
to TO X I-Skill
use VB X I-Skill
their PRP$ X I-Skill
own JJ X I-Skill
initiative NN X I-Skill
and CC X O
work NN X B-Skill
in IN X I-Skill
a DT X I-Skill
fast NN X I-Skill
paced JJ X I-Skill
environment NN X I-Skill
and CC X O
be VB X B-Skill
flexible JJ X I-Skill
in IN X I-Skill
the DT X I-Skill
approach NN X I-Skill
to TO X I-Skill
their PRP$ X I-Skill
work NN X I-Skill
. . X O
Please VB X O

visit VB X O
our PRP$ X O
website NN X O
to TO X O
find VB X O
out RP X O
more JJR X O
and CC X O
to TO X O
apply VB X O
: : X O
IMI NNP X B-Skill

Solid NNP X I-Skill
experience NN X O
is VBZ X O
required VBN X O
working VBG X O
as IN X O
a DT X O
technician NN X B-Occupation
in IN X O
a DT X O
workshop NN X B-Domain
environment NN X O
or CC X O
working NN X B-Skill
as IN X I-Skill
a DT X I-Skill
roadside NN X I-Skill
patrol NN X I-Skill
. . X O
The DT X O

successful JJ X O
candidate NN X O
will MD X O
ideally RB X O
be VB X O
Degree NNP X B-Qualification
/ NNP X I-Qualification
HND NNP X I-Qualification
/ NNP X I-Qualification
HNC NNP X I-Qualification
qualified VBD X O
in IN X O
Civil NNP X B-Skill
Engineering NNP X I-Skill
and CC X O
have VBP X O
worked VBN X B-Skill
either RB X I-Skill
with IN X I-Skill
a DT X I-Skill
main JJ X I-Skill
contractor NN X I-Skill
on IN X I-Skill
general JJ X I-Skill
civil JJ X I-Skill
engineering NN X I-Skill
project NN X I-Skill
. . X O
Help NNP X B-Skill

maintain VB X I-Skill
a DT X I-Skill
safe JJ X I-Skill
, , X I-Skill
secure NN X I-Skill
and CC X I-Skill
hygienic JJ X I-Skill
environment NN X I-Skill
for IN X I-Skill
customers NNS X I-Skill
, , X I-Skill
staff NN X I-Skill
and CC X I-Skill
visitors NNS X I-Skill
. . X O
**** JJ X O

**** NN X O
or CC X O
email VB X O
your PRP$ X O
CV NNP X O
to TO X O
: : X O
an DT X O
na NN X O
. . X O
shawprecedohealthcare NN X O
. . X O
co NN X O
. . X O
uk JJ X O
Precedo NNP X O
Healthcare NNP X B-Domain
is VBZ X O
an DT X O
equal JJ X O
opportunities NNS X O
employer NN X O
. . X O
Suitable JJ X O

candidates NNS X O
will MD X O
have VB X O
strong JJ X O
commercial JJ X B-Skill
website NN X I-Skill
development NN X I-Skill
experience NN X O
using VBG X O
PHP NNP X B-Skill
and CC X O
WordPress NNP X B-Skill
coupled VBD X O
with IN X O
a DT X O
good JJ X O
understanding NN X O
of IN X O
HTML NNP X B-Skill
, , X O
CSS NNP X B-Skill
and CC X O
JavaScript NNP X B-Skill
. . X O
Help VB X O

the DT X O
Registered NNP X B-Occupation
Manager NNP X I-Occupation
produce VBP X I-Occupation
and CC X O
maintain VBP X B-Skill
systems NNS X I-Skill
and CC X I-Skill
procedures NNS X I-Skill
for IN X O
all DT X O
auditing NN X B-Skill
and CC X I-Skill
assuring VBG X I-Skill
quality NN X I-Skill
of IN X I-Skill
care NN X I-Skill
provided VBN X O
by IN X O
the DT X O
home NN X O
. . X O
You PRP X O

will MD X O
help VB X B-Skill
define VB X I-Skill
and CC X I-Skill
deliver VB X I-Skill
the DT X I-Skill
changes NNS X I-Skill
in IN X I-Skill
organisation NN X I-Skill
, , X I-Skill
processes VBZ X I-Skill
, , X I-Skill
roles NNS X I-Skill
, , X I-Skill
systems NNS X I-Skill
technology NN X I-Skill
within IN X I-Skill
the DT X I-Skill
Human NNP X B-Domain
Resources NNPS X I-Domain
area NN X O
of IN X O
the DT X O
business NN X O
. . X O
This DT X O

role NN X O
is VBZ X O
most RBS X O
suited JJ X O
to TO X O
candidates NNS X O
with IN X O
6 CD X O
months NNS X O
b2b JJ X O
sales NNS X B-Domain
experience NN X O
. . X O
Ensure NN X B-Skill

that IN X I-Skill
Training VBG X I-Skill
Agreements NNS X I-Skill
, , X I-Skill
Training NNP X I-Skill
Plans NNPS X I-Skill
are VBP X I-Skill
drawn VBN X I-Skill
up RP X I-Skill
as IN X I-Skill
required VBN X I-Skill
and CC X I-Skill
files NNS X I-Skill
are VBP X I-Skill
updated VBN X I-Skill
in IN X I-Skill
accordance NN X I-Skill
with IN X I-Skill
Skills NNP X I-Skill
Development NNP X I-Skill
Scotland NNP X I-Skill
operating VBG X I-Skill
rules NNS X I-Skill
. . X O
Razor NNP X B-Skill

, , X O
AJAX NNP X B-Skill
, , X O
Agile NNP X B-Skill
, , X O
TDD NNP X B-Skill
, , X O
Castle NNP X B-Skill
Monorail NNP X I-Skill
, , X O
Castle NNP X B-Skill
Windsor NNP X I-Skill
, , X O
Subversion NNP X B-Skill
SVN NNP X I-Skill
, , X O
NHibernate NNP X B-Skill
, , X O
RhinoMocks NNP X B-Skill
and CC X O
NUnit NNP X B-Skill
. . X O
Support NNP X B-Skill

ongoing VBG X I-Skill
value NN X I-Skill
store NN X I-Skill
roll NN X I-Skill
out IN X I-Skill
to TO X O
ensure VB X B-Skill
correct JJ X I-Skill
POS NNP X I-Skill
is VBZ X I-Skill
allocated VBN X I-Skill
and CC X I-Skill
communicated VBN X I-Skill
to TO X I-Skill
stores NNS X I-Skill
within IN X I-Skill
**** JJ X O

**** NNP X O
PZ NNP X O
, , X O
or CC X O
email VB X O
your PRP$ X O
CV NNP X O
to TO X O
travailloughboroughteg VB X O
**** NNP X O
com NN X O
, , X O
or CC X O
come VB X O
into IN X O
the DT X O
branch NN X O
. . X O
If IN X O

you PRP X O
have VBP X O
the DT X O
relevant JJ X O
skills NNS X O
and CC X O
experience NN X O
then RB X O
please VB X O
do VB X O
not RB X O
hesitate VB X O
to TO X O
apply VB X O
. . X O
This DT X O

post NN X O
is VBZ X O
responsible JJ X O
to TO X O
carry VB X O
out RP X O
such JJ X O
domestic JJ X O
duties NNS X O
as IN X O
required VBN X O
in IN X O
the DT X O
unit NN X O
by IN X O
the DT X O
Senior JJ X B-Domain
Staff NNP X I-Domain
in IN X O
order NN X O
to TO X O
maintain VB X B-Skill
a DT X I-Skill
clean JJ X I-Skill
environment NN X I-Skill
, , X O
to TO X O
serve VB X B-Skill
meals NNS X I-Skill
and CC X O
to TO X O
assist VB X B-Skill
with IN X I-Skill
personal JJ X I-Skill
care NN X I-Skill
for IN X I-Skill
service NN X I-Skill
users NNS X I-Skill
. . X O
You PRP X O

will MD X O
deliver VB X O
excellence NN X O
in IN X O
performance NN X O
through IN X O
performance NN X B-Skill
management NN X I-Skill
, , X O
training NN X B-Skill
, , X O
coaching NN X B-Skill
and CC X O
the DT X O
inspirational JJ X O
leadership NN X O
of IN X O
Team NN X B-Occupation
Managers NNS X I-Occupation
who WP X O
, , X O
in IN X O
turn NN X O
have VBP X O
a DT X O
team NN X O
of IN X O
direct JJ X O
reports NNS X O
. . X O
Nurse NNP X B-Occupation

Practitioner NNP X I-Occupation
/ NNP X I-Occupation
Prescribers NNP X I-Occupation
needed VBD X O
in IN X O
Scunthorpe NNP X O
due JJ X O
to TO X O
high JJ X O
volumes NNS X O
of IN X O
locum JJ X O
work NN X O
available JJ X O
. . X O
Metropolitan NNP X O

supports VBZ X O
flexible JJ X O
working NN X O
and CC X O
welcomes NNS X O
job NN X O
applications NNS X O
/ VBP X O
proposals NNS X O
on IN X O
that DT X O
basis NN X O
. . X O
As IN X O

a DT X O
Head NNP X B-Occupation
Chef NNP X I-Occupation
you PRP X O
will MD X O
be VB X O
used VBN X O
to TO X O
dealing VBG X B-Skill
with IN X I-Skill
suppliers NNS X I-Skill
, , X O
achieving VBG X B-Skill
target NN X I-Skill
gross JJ X I-Skill
profit NN X I-Skill
, , X O
compiling VBG X B-Skill
cost NN X I-Skill
effective JJ X I-Skill
menu NN X I-Skill
' POS X I-Skill
s NN X I-Skill
and CC X O
controlling VBG X B-Skill
food NN X I-Skill
waste NN X I-Skill
. . X O
They PRP X O

are VBP X O
highly RB X O
involved VBN X O
in IN X O
the DT X O
coordination NN X B-Skill
of IN X I-Skill
shop NN X I-Skill
initiatives NNS X I-Skill
through IN X O
both DT X O
merchandising NN X B-Domain
and CC X O
marketing NN X B-Domain
and CC X O
are VBP X O
responsible JJ X O
for IN X O
the DT X O
day NN X O
to TO X O
day NN X O
running VBG X O
of IN X O
the DT X O
betting NN X O
shop NN X O
in IN X O
the DT X O
absence NN X O
of IN X O
the DT X O
Shop NNP X B-Occupation
Manager NNP X I-Occupation
. . X O
Install NNP X B-Skill

and CC X I-Skill
optimize VB X I-Skill
hardware NN X I-Skill
/ NNP X I-Skill
software NN X I-Skill
/ NNP X I-Skill
networking NN X I-Skill
products NNS X I-Skill
and CC X I-Skill
configuration NN X I-Skill
at IN X O
customer NN X O
sites NNS X O
. . X O
This DT X O

is VBZ X O
an DT X O
excellent JJ X O
opportunity NN X O
to TO X O
join VB X O
this DT X O
leading VBG X O
aerospace NN X B-Domain
company NN X O
as IN X O
a DT X O
Logistics NNP X B-Occupation
Coordinator NNP X I-Occupation
offering VBG X O
a DT X O
salary NN X O
of IN X O
Fantastic JJ X O

opportunity NN X O
has VBZ X O
arisen VBN X O
for IN X O
a DT X O
Systems NNP X B-Occupation
Accountant NNP X I-Occupation
role NN X O
to TO X O
join VB X O
a DT X O
successful JJ X O
, , X O
international JJ X O
Media NNP X B-Domain
business NN X O
. . X O
detailed JJ X B-Skill

tender NN X I-Skill
recommendation NN X I-Skill
reports NNS X I-Skill
Order NNP X I-Skill
placement NN X I-Skill
General NNP X I-Skill
Contract NNP X I-Skill
Administration NNP X I-Skill
tasks VBZ X O
including VBG X O
: : X O
Valuations NNS X B-Skill
and CC X I-Skill
payments NNS X I-Skill
Instructions NNS X I-Skill
Correspondence NNP X I-Skill
East NNP X O

Sussex NNP X O
Badenoch NNP X O
and CC X O
Clark NNP X O
are VBP X O
looking VBG X O
to TO X O
recruit VB X O
a DT X O
HR NNP X B-Occupation
Business NNP X I-Occupation
Partner NNP X I-Occupation
for IN X O
an DT X O
established VBN X O
organisation NN X O
in IN X O
East NNP X O
Sussex NNP X O
. . X O
To TO X O

apply VB X O
for IN X O
this DT X O
Job NNP X O
or CC X O
enquire VB X O
about IN X O
additional JJ X O
Optometrist NNP X B-Occupation
Job NNP X O
Opportunities NNP X O
in IN X O
Dorchester NNP X O
or CC X O
the DT X O
Dorset NNP X O
Region NNP X O
Contact NNP X O
Flame NNP X O
Health NNP X O
on IN X O
Purpose NNP X O

of IN X O
role NN X O
: : X O
To TO X B-Skill
manage VB X I-Skill
the DT X I-Skill
delivery NN X I-Skill
of IN X I-Skill
the DT X I-Skill
HR NNP X I-Skill
function NN X I-Skill
, , X O
ensuring VBG X B-Skill
that IN X I-Skill
H NNP X I-Skill
. . X I-Skill
R NNP X I-Skill
. . X I-Skill
strategies NNS X I-Skill
support VBP X I-Skill
the DT X I-Skill
business NN X I-Skill
plan NN X I-Skill
. . X O
My PRP$ X O

client NN X O
is VBZ X O
looking VBG X O
for IN X O
a DT X O
mobile JJ X O
, , X O
commercial JJ X B-Occupation
gas NN X I-Occupation
engineer NN X I-Occupation
, , X O
based VBN X O
in IN X O
Aberdeen NNP X O
on IN X O
a DT X O
permanent JJ X O
basis NN X O
. . X O
A DT X O

very RB X O
generous JJ X O
commission NN X O
package NN X O
means VBZ X O
that IN X O
OTE NNP X O
is VBZ X O
c VBN X O
. . X O
You PRP X O

will MD X O
also RB X O
be VB X O
responsible JJ X B-Skill
for IN X I-Skill
developing VBG X I-Skill
VBA NNP X I-Skill
plugins NNS X I-Skill
in IN X I-Skill
Excel NNP X I-Skill
for IN X I-Skill
managing VBG X I-Skill
data NNS X I-Skill
used VBN X I-Skill
by IN X I-Skill
the DT X I-Skill
business NN X I-Skill
as RB X O
well RB X O
as IN X O
administering VBG X B-Skill
the DT X I-Skill
Windows NNP X I-Skill
Server NNP X I-Skill
Requirements NNS X O

: : X O
This DT X O
role NN X O
would MD X O
suit VB X O
an DT X O
experienced JJ X O
Head NNP X B-Occupation
Chef NNP X I-Occupation
who WP X O
is VBZ X O
used VBN X O
to TO X O
running VBG X B-Skill
a DT X I-Skill
kitchen NN X I-Skill
within IN X I-Skill
a DT X I-Skill
gastro NN X I-Skill
/ NN X I-Skill
food NN X I-Skill
led VBD X I-Skill
pub NN X I-Skill
that DT X O
was VBD X O
accredited VBN X O
with IN X O
AA NNP X O
Rosettes NNP X O
. . X O
Where WRB X O

required VBN X O
supervision NN X B-Skill
of IN X I-Skill
chainperson NN X I-Skill
, , X I-Skill
assistant JJ X I-Skill
engineers NNS X I-Skill
and CC X I-Skill
work NN X I-Skill
with IN X I-Skill
section NN X I-Skill
foremen NNS X I-Skill
. . X O
Competencies NNS X O

Required VBN X O
: : X O
Computer NNP X B-Skill
skills VBZ X I-Skill
Microsoft NNP X I-Skill
Office NNP X I-Skill
applications NNS X I-Skill
and CC X O
CRM NNP X B-Skill
Essentially RB X O

you PRP X O
will MD X O
have VB X O
experience NN X O
of IN X O
using VBG X O
structured VBN X B-Skill
analysis NN X I-Skill
methods NNS X O
and CC X O
will MD X O
have VB X O
been VBN X O
involved VBN X O
with IN X O
all DT X O
aspects NNS X O
of IN X O
the DT X O
project NN X B-Skill
lifecycle NN X I-Skill
, , X O
you PRP X O
will MD X O
have VB X O
good JJ X O
verbal NNS X B-Skill
and CC X O
written VBN X B-Skill
communication NN X I-Skill
skills NNS X I-Skill
and CC X O
someone NN X O
who WP X O
cooperates VBZ X O
and CC X O
works VBZ X O
well RB X O
with IN X O
others NNS X O
. . X O
Proven RB X O

working VBG X O
knowledge NN X O
of IN X O
Microsoft NNP X B-Skill
technologies NNS X I-Skill
Support NNP X I-Skill
test NN X I-Skill
management NN X I-Skill
in IN X I-Skill
test NN X I-Skill
planning NN X I-Skill
, , X O
documentation NN X B-Skill
and CC X O
execution NN X O
activities NNS X O
Experience NNP X O
of IN X O
working VBG X O
within IN X O
a DT X O
V NNP X O
Model NNP X O
/ NNP X O
Agile NNP X O
Testing NNP X O
environment NN X O
Knowledge NNP X O
and CC X O
experience NN X O
of IN X O
hardware NN X B-Skill
and CC X O
software NN X B-Skill
development NN X I-Skill
lifecycles NNS X I-Skill
We PRP X O

are VBP X O
inundated VBN X O
with IN X O
applications NNS X O
, , X O
will MD X O
endeavour VB X O
to TO X O
get VB X O
back RB X O
in IN X O
touch NN X O
, , X O
however RB X O
if IN X O
you PRP X O
have VBP X O
applied VBN X O
to TO X O
Future NNP X O
Select NNP X O
and CC X O
you PRP X O
have VBP X O
not RB X O
heard VBN X O
from IN X O
us PRP X O
after IN X O
a DT X O
week NN X O
, , X O
on IN X O
this DT X O
occasion NN X O
, , X O
you PRP X O
will MD X O
not RB X O
have VB X O
been VBN X O
successful JJ X O
. . X O
programming NN X B-Skill

, , X O
deploying VBG X B-Skill
, , X O
maintaining VBG X B-Skill
, , X O
scaling VBG X B-Skill
Working VBG X I-Skill
with IN X I-Skill
big JJ X I-Skill
data NNS X I-Skill
processing NN X I-Skill
using VBG X I-Skill
distributed VBN X I-Skill
systems NNS X I-Skill
such JJ X I-Skill
as IN X I-Skill
Hadoop NNP X I-Skill
Managing NNP X I-Skill
and CC X I-Skill
scaling VBG X I-Skill
queuing VBG X I-Skill
systems NNS X I-Skill
such JJ X I-Skill
as IN X I-Skill
RabbitMQ NNP X I-Skill
Experience NNP X I-Skill
managing VBG X I-Skill
Node NNP X I-Skill
. . X I-Skill
js NN X I-Skill
services NNS X I-Skill
You PRP X O

will MD X O
deputise VB X O
for IN X O
the DT X O
head NN X B-Occupation
of IN X I-Occupation
open JJ X I-Occupation
source NN X I-Occupation
technologies NNS X I-Occupation
and CC X O
represent VB X B-Skill
the DT X I-Skill
technical JJ X I-Skill
team NN X I-Skill
during IN X O
design NN X O
and CC X O
presales NNS X O
activities NNS X O
providing VBG X B-Skill
expertise NN X I-Skill
as IN X I-Skill
required VBN X I-Skill
. . X O
Focused VBN X O

on IN X O
protecting VBG X O
our PRP$ X O
customers NNS X O
, , X O
colleagues NNS X O
and CC X O
the DT X O
company NN X O
through IN X O
the DT X O
robust JJ X O
application NN X O
of IN X O
best JJS X O
in IN X O
class NN X O
risk NN X O
management NN X O
, , X O
your PRP$ X O
task NN X O
will MD X O
be VB X O
to TO X O
help VB X O
define VB X O
, , X O
deliver VB X O
and CC X O
monitor VB X O
an DT X O
effective JJ X O
process NN X B-Skill
management NN X I-Skill
and CC X O
quality NN X B-Skill
assurance NN X I-Skill
approach NN X O
. . X O
The DT X O

company NN X O
will MD X O
help VB X O
with IN X O
exams JJ X O
offering VBG X O
full JJ X O
funding NN X O
and CC X O
enviable JJ X O
support NN X O
. . X O
They PRP X O

are VBP X O
currently RB X O
looking VBG X O
for IN X O
a DT X O
Contracts NNP X B-Occupation
Manager NNP X I-Occupation
with IN X O
a DT X O
minimum NN X O
of IN X O
You PRP X O

will MD X O
be VB X O
required VBN X O
to TO X O
complete VB X B-Skill
a DT X I-Skill
baseline JJ X I-Skill
security NN X I-Skill
check NN X I-Skill
. . X O
The DT X O

opportunity NN X O
will MD X O
offer VB X O
a DT X O
mind NN X O
blowing VBG X O
amount NN X O
of IN X O
exposure NN X O
to TO X O
cross VB X O
platform NN X O
, , X O
cross NN X B-Skill
platform NN X I-Skill
development NN X I-Skill
within IN X O
some DT X O
of IN X O
the DT X O
most RBS X O
capable JJ X O
development NN X O
teams NNS X O
in IN X O
the DT X O
country NN X O
. . X O
our PRP$ X O

retained VBD X B-Occupation
consultant NN X I-Occupation
Rod NNP X O
Plowe NNP X O
quoting VBG X O
Sales NNS X B-Occupation
Manager NNP X I-Occupation
Big NNP X O
Ticket NNP X O
Automotive NNP X B-Domain
Consultancy NNP X O
, , X O
Training NNP X O
Solutions NNP X O
and CC X O
reference NN X O
RP NNP X O
**** VBZ X O
A DT X O
to TO X O
rp VB X O
N NNP X O
/ VB X O
A NNP X O
Wallace NNP X O
Hind NNP X O
Selection NNP X O
, , X O
The DT X O
Old NNP X O
Vicarage NNP X O
, , X O
Duston NNP X O
, , X O
Northants NNP X O
, , X O
**** JJ X O

working VBG X O
days NNS X O
from IN X O
your PRP$ X O
date NN X O
of IN X O
application NN X O
, , X O
please VB X O
assume VB X O
you PRP X O
have VBP X O
been VBN X O
unsuccessful JJ X O
. . X O
iv JJ X O

Adherence NNP X B-Skill
to TO X I-Skill
the DT X I-Skill
Council NNP X I-Skill
s NN X I-Skill
Best NNP X I-Skill
Value NNP X I-Skill
Objectives NNP X I-Skill
including VBG X O
performance NN X B-Skill
pledges NNS X I-Skill
and CC X O
other JJ X O
performance NN X O
targets NNS X O
and CC X O
; : X O
v NNS X O
Leading VBG X B-Skill

the DT X I-Skill
commercial JJ X I-Skill
development NN X I-Skill
of IN X I-Skill
the DT X I-Skill
training NN X I-Skill
business NN X I-Skill
in IN X I-Skill
the DT X I-Skill
UK NNP X I-Skill
Developing NNP X I-Skill
, , X O
maintaining NN X B-Skill
and CC X I-Skill
implementing VBG X I-Skill
a DT X I-Skill
sales NNS X I-Skill
and CC X I-Skill
marketing NN X I-Skill
strategy NN X I-Skill
and CC X I-Skill
plan NN X I-Skill
Managing VBG X I-Skill
a DT X I-Skill
dedicated JJ X I-Skill
sales NNS X I-Skill
team NN X I-Skill
to TO X I-Skill
undertake VB X I-Skill
proactive JJ X I-Skill
and CC X I-Skill
reactive JJ X I-Skill
sales NNS X I-Skill
Undertaking VBG X I-Skill
proactive JJ X I-Skill
sales NNS X I-Skill
activity NN X I-Skill
to TO X I-Skill
develop VB X I-Skill
your PRP$ X I-Skill
own JJ X I-Skill
revenue NN X I-Skill
streams NNS X I-Skill
Working VBG X I-Skill
with IN X I-Skill
other JJ X I-Skill
stake NN X I-Skill
holders NNS X I-Skill
to TO X I-Skill
ensure VB X I-Skill
that IN X I-Skill
commercial JJ X I-Skill
opportunities NNS X I-Skill
for IN X I-Skill
the DT X I-Skill
training NN X I-Skill
division NN X I-Skill
are VBP X I-Skill
fully RB X I-Skill
realised VBN X I-Skill
Developing VBG X I-Skill
partnerships NNS X I-Skill
with IN X I-Skill
external JJ X I-Skill
organisations NNS X I-Skill
to TO X I-Skill
commercially RB X I-Skill
benefit VB X I-Skill
both DT X I-Skill
parties NNS X I-Skill
Ensuring NNP X I-Skill
that IN X I-Skill
commercial JJ X I-Skill
activity NN X I-Skill
and CC X I-Skill
strategy NN X I-Skill
is VBZ X I-Skill
fully RB X I-Skill
aligned VBN X I-Skill
with IN X I-Skill
operational JJ X I-Skill
requirements NNS X I-Skill
, , X I-Skill
group NN X I-Skill
guidelines NNS X I-Skill
and CC X I-Skill
accreditation NN X I-Skill
requirements NNS X I-Skill
Candidate JJ X O
requirements NNS X O
: : X O
The DT X O

post NN X O
holder NN X O
will MD X O
be VB X O
highly RB X B-Skill
confident JJ X I-Skill
with IN X I-Skill
spreadsheets NNS X I-Skill
. . X O
Lead VB X B-Occupation

Control NNP X I-Occupation
and CC X I-Occupation
Instrumentation NNP X I-Occupation
Engineer NNP X I-Occupation
New NNP X O
Power NNP X O
Project NNP X O
Consistent JJ X O

new JJ X O
business NN X O
wins NNS X O
for IN X O
the DT X O
world NN X O
leader NN X O
in IN X O
the DT X O
provision NN X O
of IN X O
software NN X B-Domain
solutions NNS X O
to TO X O
the DT X O
Music NNP X B-Domain
and CC X O
Entertainment NNP X B-Domain
industry NN X O
has VBZ X O
given VBN X O
rise NN X O
to TO X O
the DT X O
need NN X O
for IN X O
an DT X O
experienced JJ X B-Skill
Java NNP X B-Occupation
Developer NNP X I-Occupation
. . X O
You PRP X O

will MD X O
also RB X O
have VB X O
: : X O
Track NN X B-Skill
record NN X I-Skill
of IN X I-Skill
success NN X I-Skill
in IN X I-Skill
B2B NNP X I-Skill
new JJ X I-Skill
business NN X I-Skill
sales NNS X I-Skill
Proven NNP X O
to TO X O
be VB X O
results NNS X B-Skill
orientated VBN X I-Skill
Strong JJ X O
negotiating NN X B-Skill
and CC X I-Skill
selling NN X I-Skill
skills NNS X I-Skill
Drive NNP X I-Skill
and CC X I-Skill
enthusiasm JJ X I-Skill
Determination NNP X I-Skill
to TO X I-Skill
meet VB X I-Skill
business NN X I-Skill
targets NNS X I-Skill
Track NNP X O
record NN X O
of IN X O
success NN X O
in IN X O
B2B NNP X O
sales NNS X O
This DT X O

will MD X O
dramatically RB X O
change VB X B-Skill
the DT X I-Skill
shape NN X I-Skill
of IN X I-Skill
their PRP$ X I-Skill
business NN X I-Skill
and CC X O
provide VB X B-Skill
fantastic JJ X I-Skill
opportunities NNS X I-Skill
going VBG X I-Skill
forward RB X I-Skill
. . X O
London NNP X O

Borough NNP X O
of IN X O
Southwark NNP X O
Required NNP X O
for IN X O
a DT X O
September NNP X O
2013 CD X O
Fantastic NNP X O
support NN X O
from IN X O
an DT X O
exceptional JJ X O
Science NN X O
team NN X O
**** JJ X O

private JJ X O
leisure NN X O
events NNS X O
per IN X O
year NN X O
Planning NN X B-Skill
to TO X I-Skill
logistics NNS X I-Skill
of IN X I-Skill
each DT X I-Skill
function NN X I-Skill
with IN X I-Skill
the DT X I-Skill
management NN X I-Skill
team NN X I-Skill
Training NNP X I-Skill
and CC X I-Skill
mentoring VBG X I-Skill
the DT X I-Skill
team NN X I-Skill
Ensuring NNP X I-Skill
that IN X I-Skill
a DT X I-Skill
great JJ X I-Skill
level NN X I-Skill
of IN X I-Skill
communication NN X I-Skill
is VBZ X I-Skill
constantly RB X I-Skill
carried VBN X I-Skill
out RP X I-Skill
during IN X I-Skill
busy JJ X I-Skill
services NNS X I-Skill
Installing VBG X I-Skill
health NN X I-Skill
and CC X I-Skill
safety NN X I-Skill
and CC X I-Skill
correct JJ X I-Skill
food NN X I-Skill
safety NN X I-Skill
regimes NNS X I-Skill
You PRP X O

ll VBP X O
need VB X O
a DT X O
good JJ X O
understanding NN X O
of IN X O
P NNP X B-Skill
s VBP X O
a DT X O
competitive JJ X O
basic JJ X O
salary NN X O
and CC X O
a DT X O
very RB X O
generous JJ X O
and CC X O
realistic JJ X O
bonus NN X O
package NN X O
. . X O
The DT X O

firm NN X O
are VBP X O
a DT X O
strong JJ X O
independent JJ X O
Top JJ X O
50 CD X O
firm NN X O
of IN X O
chartered JJ X O
accountants NNS X O
and CC X O
business NN X O
advisers NNS X O
who WP X O
have VBP X O
identified VBN X O
the DT X O
need NN X O
for IN X O
a DT X O
Partner NNP X O
in IN X O
the DT X O
next JJ X O
23 CD X O
years NNS X O
. . X O
A DT X O

Security NNP X B-Occupation
Service NNP X I-Occupation
Engineer NNP X I-Occupation
is VBZ X O
required VBN X O
to TO X O
join VB X O
an DT X O
electrical JJ X B-Domain
fire NN X I-Domain
and CC X O
security NN X B-Domain
system NN X I-Domain
specialist NN X O
company NN X O
based VBN X O
in IN X O
Darlington NNP X O
. . X O
Hays NNS X O

Finance NNP X O
Technology NNP X O
is VBZ X O
a DT X O
trading NN X O
division NN X O
of IN X O
Hays NNP X O
PLC NNP X O
and CC X O
acts VBZ X O
as IN X O
an DT X O
employment NN X O
agency NN X O
for IN X O
permanent JJ X O
recruitment NN X O
and CC X O
employment NN X O
business NN X O
for IN X O
the DT X O
supply NN X O
of IN X O
temporary JJ X O
workers NNS X O
. . X O
You PRP X O

will MD X O
gain VB X O
great JJ X O
exposure NN X O
delivering VBG X B-Skill
audits NNS X I-Skill
across IN X O
the DT X O
energy NN X B-Domain
business NN X I-Domain
, , X O
engaging VBG X O
with IN X O
Stakeholders NNP X O
and CC X O
senior JJ X O
Department NNP X B-Occupation
Heads NNP X I-Occupation
and CC X O
help VB X O
shape VB X B-Skill
the DT X I-Skill
business NN X I-Skill
control NN X I-Skill
environment NN X I-Skill
. . X O
**** RB X O

0 CD X O
bedded VBD X O
home NN X O
in IN X O
Northumberland NNP X O
ideally RB X O
placed VBD X O
just RB X O
5 CD X O
miles NNS X O
out IN X O
of IN X O
city NN X O
centre NN X O
Newcastle NNP X O
. . X O
It PRP X O

will MD X O
also RB X O
include VB X O
picking VBG X B-Skill
up RP X I-Skill
more RBR X I-Skill
difficult JJ X I-Skill
support NN X I-Skill
cases NNS X I-Skill
, , X O
writing VBG X B-Skill
detailed JJ X I-Skill
TechNotes NNS X I-Skill
and CC X O
providing VBG X B-Skill
Coaching NNP X I-Skill
and CC X I-Skill
Development NNP X I-Skill
for IN X I-Skill
Engineers NNPS X I-Skill
when WRB X O
required VBN X O
. . X O
You PRP X O

will MD X O
Ensure VB X O
that IN X O
the DT X O
operation NN X O
is VBZ X O
run VBN X O
in IN X O
the DT X O
most RBS X O
cost JJ X B-Skill
effective JJ X I-Skill
manner NN X O
. . X O
If IN X O

you PRP X O
would MD X O
like VB X O
to TO X O
apply VB X O
for IN X O
this DT X O
position NN X O
please VB X O
send VB X O
you PRP X O
CV NNP X O
to TO X O
Gemma NNP X O
Taylor NNP X O
at IN X O
or CC X O
call VB X O
Apply NNP X O
online NN X O
only RB X O
. . X O
A DT X O

significant JJ X O
opportunity NN X O
has VBZ X O
arisen VBN X O
to TO X O
join VB X O
the DT X O
existing VBG X O
team NN X O
of IN X O
National NNP X B-Occupation
Account NNP X I-Occupation
Managers NNP X O
. . X O
Have VBP X O

a DT X O
strong JJ X O
Womens NNP X O
background NN X O
with IN X O
a DT X O
good JJ X O
knowledge NN X B-Skill
of IN X I-Skill
Wovens NNP X I-Skill
and CC X I-Skill
Jersey NNP X I-Skill
. . X O
In IN X O

line NN X O
with IN X O
the DT X O
requirements NNS X O
of IN X O
the DT X O
Employment NNP X O
Agencies NNP X O
Act NNP X O
If IN X O

you PRP X O
are VBP X O
interested JJ X O
in IN X O
one CD X O
of IN X O
these DT X O
roles NNS X O
then RB X O
contact VBP X O
Bethany NNP X O
Downes NNP X O
at IN X O
ATA NNP X O
Recruitment NNP X O
on IN X O
[ NNP X O
blocked VBD X O
] CD X O
or CC X O
Experience NN X B-Skill

Running VBG X I-Skill
multiple JJ X I-Skill
PPC NNP X I-Skill
accounts NNS X I-Skill
simultaneously RB X I-Skill
Excellent NNP X O
understanding NN X B-Skill
of IN X I-Skill
search NN X I-Skill
techniques NNS X I-Skill
To TO X O

support VB X O
our PRP$ X O
international JJ X O
strategy NN X O
, , X O
you PRP X O
will MD X O
analyse VB X B-Skill
key JJ X I-Skill
international JJ X I-Skill
markets NNS X I-Skill
, , X O
to TO X O
identify VB X B-Skill
partnership NN X I-Skill
opportunities NNS X I-Skill
. . X O
I PRP X O

am VBP X O
currently RB X O
looking VBG X O
for IN X O
a DT X O
Band NNP X B-Occupation
6 CD X I-Occupation
Occupational NNP X I-Occupation
Therapist NN X I-Occupation
for IN X O
my PRP$ X O
client NN X O
based VBN X O
in IN X O
SouthEast NNP X O
England NNP X O
for IN X O
a DT X O
6 CD X O
month NN X O
post NN X O
. . X O
And CC X O

for IN X O
those DT X O
that WDT X O
are VBP X O
committed VBN X O
to TO X O
exceeding VBG X O
our PRP$ X O
expectations NNS X O
: : X O
Free JJ X O
holidays NNS X O
that WDT X O
are VBP X O
once RB X O
in IN X O
a DT X O
lifetime JJ X O
experiences NNS X O
Top JJ X O
class NN X O
tickets NNS X O
to TO X O
Premiership NNP X O
football NN X O
, , X O
International NNP X O
football NN X O
Belgium NNP X O
, , X O
Holland NNP X O
, , X O
Luxembourg NNP X O
, , X O
Slovenia NNP X O
, , X O
Cyprus NNP X O
and CC X O
Republic NNP X O
of IN X O
Ireland NNP X O
and CC X O
has VBZ X O
a DT X O
flexible JJ X O
approach NN X O
to TO X O
entry VB X O
into IN X O
new JJ X O
markets NNS X O
The DT X O

key JJ X O
daytoday JJ X O
tasks NNS X O
of IN X O
the DT X O
Technical NNP X B-Occupation
Manager NNP X I-Occupation
include VBP X O
: : X O
Overall JJ X O
responsibility NN X O
for IN X O
the DT X O
Quality NNP X B-Skill
Assurance NNP X I-Skill
and CC X O
Quality NNP X B-Skill
Control NNP X I-Skill
of IN X O
all DT X O
Manufacturing NNP X O
operations NNS X O
, , X O
procedures NNS X O
and CC X O
product NN X O
dispatched VBN X O
by IN X O
the DT X O
business NN X O
To TO X O
develop VB X B-Skill
and CC X I-Skill
maintain VB X I-Skill
a DT X I-Skill
framework NN X I-Skill
to TO X O
manage VB X O
the DT X O
delivery NN X O
of IN X O
a DT X O
robust JJ X O
QA NNP X B-Skill
/ NNP X I-Skill
QC NNP X I-Skill
System NNP X I-Skill
Develop NNP X I-Skill
and CC X O
maintain VB X O
robust JJ X O
controls NNS X O
and CC X O
procedures NNS X O
to TO X O
ensure VB X O
consistent JJ X O
Supervisory NNP X O
management NN X B-Skill
of IN X I-Skill
adherence NN X I-Skill
to TO X I-Skill
all DT X I-Skill
QA NNP X I-Skill
/ NNP X I-Skill
QC NNP X I-Skill
procedures VBZ X I-Skill
Actively RB X O
monitor JJ X O
standards NNS X O
, , X O
to TO X O
facilitate VB X O
the DT X O
maintenance NN X O
of IN X O
Grade NNP X O
A NNP X O
BRC NNP X O
Status NNP X O
Effectively RB X O
develop VB X B-Skill
culture NN X I-Skill
within IN X I-Skill
operational JJ X I-Skill
teams NNS X I-Skill
, , X O
with IN X O
focus NN X O
on IN X O
100 CD X O
% NN X O
adherence NN X O
to TO X O
plan VB X O
Keeping NNP X O
abreast NN X O
of IN X O
all DT X O
current JJ X O
Technical NNP X B-Skill
Information NN X I-Skill
pertaining VBG X O
to TO X O
a DT X O
food NN X O
manufacturing NN X O
environment NN X O
and CC X O
all DT X O
associated VBN X O
with IN X O
it PRP X O
Facilitate NNP X B-Skill
the DT X I-Skill
implementation NN X I-Skill
of IN X I-Skill
effective JJ X I-Skill
system NN X I-Skill
of IN X O
working VBG X O
practices NNS X O
, , X O
ensuring VBG X O
the DT X O
optimum JJ X O
delivery NN X O
to TO X O
QA NNP X O
plan NN X O
is VBZ X O
accepted VBN X O
by IN X O
Supervisors NNS X O
and CC X O
Team NN X O
Leaders NNPS X O
THE DT X O
CANDIDATE NN X O
To TO X O

be VB X O
suitable JJ X O
for IN X O
this DT X O
role NN X O
you PRP X O
must MD X O
hold VB X O
a DT X O
teaching JJ X B-Qualification
qualification NN X I-Qualification
and CC X O
have VBP X O
experience NN X O
within IN X O
the DT X O
subject JJ X O
area NN X O
. . X O
an DT X O

NVQ NNP X B-Qualification
level NN X I-Qualification
3 CD X I-Qualification
qualification NN X O
or CC X O
equivalent NN X O
Have VBP X O
good JJ X B-Skill
spoken VBN X I-Skill
and CC X I-Skill
written VBN X I-Skill
English JJ X I-Skill
We PRP X O

invite VBP X O
all DT X O
applicants NNS X O
that WDT X O
feel VBP X O
they PRP X O
have VBP X O
what WP X O
it PRP X O
takes VBZ X O
to TO X O
take VB X O
on IN X O
this DT X O
role NN X O
to TO X O
apply VB X O
with IN X O
a DT X O
CV NNP X O
and CC X O
covering VBG X O
letter NN X O
to TO X O
emmarrougerecruitment VB X O
. . X O
com NN X O
. . X O
C NNP X O

& CC X O
M NNP X O
Events NNP X O
Recruitment NNP X O
is VBZ X O
acting VBG X O
as IN X O
an DT X O
Employment NNP X O
Agency NNP X O
in IN X O
relation NN X O
to TO X O
this DT X O
vacancy NN X O
. . X O
The DT X O

successful JJ X O
candidate NN X O
will MD X O
promote VB X O
clarity NN X B-Skill
and CC X O
consistency NN X B-Skill
of IN X I-Skill
values NNS X I-Skill
, , X O
standards NNS X B-Skill
, , X O
and CC X O
common JJ X B-Skill
ways NNS X I-Skill
of IN X I-Skill
working VBG X I-Skill
for IN X O
colleagues NNS X O
at IN X O
all DT X O
levels NNS X O
of IN X O
the DT X O
organisation NN X O
. . X O
Proven NNP X O

track NN X O
record NN X O
to TO X O
working VBG X B-Skill
to TO X I-Skill
deadlines NNS X I-Skill
is VBZ X O
important JJ X O
for IN X O
this DT X O
role NN X O
. . X O
Practical NNP X O

knowledge NN X B-Skill
of IN X I-Skill
Test NNP X I-Skill
Management NNP X I-Skill
processes NNS X I-Skill
and CC X I-Skill
techniques NNS X I-Skill
Has VBP X O
a DT X O
systematic JJ X B-Skill
, , X O
disciplined JJ X B-Skill
and CC X O
analytical JJ X B-Skill
approach NN X I-Skill
to TO X I-Skill
problem NN X I-Skill
solving VBG X I-Skill
Good NNP X O
written VBN X B-Skill
and CC X I-Skill
verbal JJ X I-Skill
communication NN X I-Skill
skills NNS X I-Skill
The DT X O

role NN X O
entails VBZ X O
: : X O
Answer VB X B-Skill
the DT X I-Skill
telephone NN X I-Skill
and CC X I-Skill
address NN X I-Skill
enquiries NNS X I-Skill
with IN X I-Skill
a DT X I-Skill
polite JJ X I-Skill
and CC X I-Skill
professional JJ X I-Skill
approach NN X I-Skill
**** NN X O

hours NNS X O
a DT X O
week NN X O
; : X O
candidates NNS X O
must MD X O
be VB X O
fully RB X O
flexible JJ X O
between IN X O
the DT X O
hours NNS X O
of IN X O
8am CD X O
and CC X O
Experience NN X O

using VBG X B-Skill
cookies NNS X I-Skill
and CC X I-Skill
session NN X I-Skill
data NNS X I-Skill
to TO X O
help VB X O
inform VB X O
served JJ X O
content JJ X O
Experience NN X O
with IN X O
command NN X B-Skill
line NN X I-Skill
/ NNP X I-Skill
Terminal NNP X I-Skill
Amazon NNP X I-Skill
AWS NNP X I-Skill
experience NN X O
Besides IN X O

real JJ X O
scope NN X O
for IN X O
individuality NN X O
and CC X O
excellent JJ X O
career NN X O
development NN X O
prospects NNS X O
, , X O
Homebase NNP X O
offers VBZ X O
highly RB X O
competitive JJ X O
rewards NNS X O
and CC X O
benefits NNS X O
, , X O
including VBG X O
an DT X O
immediate JJ X O
20 CD X O
% NN X O
discount NN X O
at IN X O
Homebase NNP X B-Domain
and CC X O
10 CD X O
% NN X O
discount NN X O
on IN X O
all DT X O
Argos NNP X O
products NNS X O
. . X O
There EX X O

is VBZ X O
a DT X O
variety NN X O
of IN X O
teaching VBG X B-Skill
styles NNS X O
within IN X O
the DT X O
school NN X O
, , X O
which WDT X O
is VBZ X O
very RB X O
much JJ X O
encouraged VBN X O
by IN X O
the DT X O
senior JJ X O
leadership NN X O
team NN X O
. . X O
The DT X O

northern JJ X O
office NN X O
, , X O
opened VBN X O
in IN X O
1994 CD X O
offering VBG X O
sales NNS X B-Domain
jobs NNS X O
for IN X O
Trainees NNP X B-Occupation
, , X O
Sales NNS X B-Occupation
Representatives NNS X I-Occupation
, , X I-Occupation
Sales NNS X I-Occupation
Executives NNS X I-Occupation
, , X O
Sales NNS X B-Occupation
Engineers NNS X I-Occupation
, , X O
Area NNP X B-Occupation
Sales NNS X I-Occupation
Managers NNS X I-Occupation
and CC X O
Account NNP X B-Occupation
Managers NNP X I-Occupation
, , X O
opportunities NNS X O
are VBP X O
available JJ X O
in IN X O
every DT X O
corner NN X O
of IN X O
the DT X O
UK NNP X O
and CC X O
Ireland NNP X O
. . X O
This DT X O

fantastic JJ X O
pub NN X O
is VBZ X O
already RB X O
a DT X O
destination NN X O
site NN X O
and CC X O
offers VBZ X O
a DT X O
range NN X O
of IN X O
English NNP X O
country NN X O
classics NNS X O
and CC X O
speciality NN X O
dishes NNS X O
cooked VBD X O
and CC X O
served VBD X O
to TO X O
a DT X O
high JJ X O
standard NN X O
. . X O
you PRP X O

will MD X O
need VB X O
to TO X O
have VB X O
experience NN X O
teaching VBG X B-Skill
English JJ X O
across IN X O
both DT X O
key JJ X O
stages NNS X O
in IN X O
your PRP$ X O
PGCE NNP X O
placements NNS X O
. . X O
Great NNP X O

potential JJ X O
for IN X O
increasing VBG X O
your PRP$ X O
IT NNP X O
skills VBZ X O
and CC X O
growing VBG X O
your PRP$ X O
knowledge NN X O
, , X O
providing VBG X O
a DT X O
challenging JJ X O
position NN X O
with IN X O
excellent JJ X O
scope NN X O
for IN X O
progression NN X O
. . X O
For IN X O

the DT X O
right JJ X O
candidate NN X O
my PRP$ X O
client NN X O
is VBZ X O
willing JJ X O
to TO X O
offer VB X O
a DT X O
market NN X O
leading VBG X O
salary JJ X O
package NN X O
of IN X O
This DT X O

vacancy NN X O
is VBZ X O
based VBN X O
in IN X O
Kidderminster NNP X O
and CC X O
our PRP$ X O
client NN X O
is VBZ X O
looking VBG X O
only RB X O
for IN X O
Main NNP X B-Occupation
Dealer NNP X I-Occupation
Business NNP X I-Occupation
Manager NNP X I-Occupation
experienced VBD X B-Skill
applicants NNS X O
. . X O
We PRP X O

set VBP X O
the DT X O
highest JJS X O
standards NNS X O
in IN X O
the DT X O
industry NN X O
and CC X O
with IN X O
the DT X O
most RBS X O
comprehensive JJ X O
product NN X O
range NN X O
which WDT X O
includes VBZ X O
: : X O
Block NN X O
: : X O
Pave NNP X O
Driveways NNP X O
and CC X O
Patios NNP X O
Flat NNP X O
Roofs NNP X O
and CC X O
state NN X O
: : X O
of IN X O
: : X O
the DT X O
: : X O
art NN X O
Garage NNP X O
Doors NNP X O
Roofline NNP X O
Products NNPS X O
: : X O
fascia NN X O
, , X O
Soffit NNP X O
and CC X O
guttering VBG X O
Wireless NNP X O
Home NNP X B-Domain
Security NNP X I-Domain
Systems NNPS X O
and CC X O
CCTV NNP X B-Domain
Windows NNP X O
, , X O
Doors NNP X O
in IN X O
Aluminium NNP X O
, , X O
PVC NNP X O
: : X O
u NN X O
, , X O
and CC X O
Timber NNP X O
Kitchens NNP X O
Conservatories NNP X O
, , X O
and CC X O
Orangeries VBZ X B-Domain
a DT X O
variety NN X O
of IN X O
styles NNS X O
and CC X O
materials NNS X O
Self NNP X B-Skill

starter NN X I-Skill
able JJ X I-Skill
to TO X I-Skill
work VB X I-Skill
individually RB X I-Skill
or CC X O
as IN X B-Skill
part NN X I-Skill
of IN X I-Skill
a DT X I-Skill
team NN X I-Skill
Eagerness NN X I-Skill
to TO X I-Skill
learn VB X I-Skill
new JJ X I-Skill
skills NNS X I-Skill
If IN X O
you PRP X O
are VBP X O
a DT X O
confident JJ X B-Skill
, , X O
self PRP X B-Skill
motivated VBD X I-Skill
professional JJ X I-Skill
with IN X O
a DT X O
strong JJ X B-Skill
personality NN X I-Skill
who WP X O
performs VBZ X B-Skill
well RB X I-Skill
in IN X I-Skill
a DT X I-Skill
demanding NN X I-Skill
environment NN X I-Skill
then RB X O
please VB X O
send VB X O
your PRP$ X O
CV NNP X O
IMMEDIATELY NNP X O
for IN X O
consideration NN X O
. . X O
**** NN X O

or CC X O
higher JJR X O
in IN X O
a DT X O
business NN X B-Qualification
, , X I-Qualification
economics NNS X I-Qualification
, , X I-Qualification
statistics NNS X I-Qualification
or CC X I-Qualification
mathematics NNS X I-Qualification
based VBN X I-Qualification
degree JJ X I-Qualification
Highly NNP X O
numerate NN X O
with IN X O
a DT X O
good JJ X O
understanding NN X O
of IN X O
statistics NNS X B-Skill
Strong NNP X O
understanding NN X O
and CC X O
awareness NN X B-Skill
of IN X I-Skill
the DT X I-Skill
influence NN X I-Skill
of IN X I-Skill
economic JJ X I-Skill
factors NNS X I-Skill
on IN X I-Skill
market NN X I-Skill
development NN X I-Skill
The DT X O

ability NN X O
to TO X O
think VB X B-Skill
on IN X I-Skill
your PRP$ X I-Skill
feet NNS X I-Skill
Hours NNS X O
: : X O
8 CD X O
. . X O
305pm CD X O
Monday NNP X O
Friday NNP X O
To TO X O
apply VB X O
in IN X O
the DT X O
first JJ X O
instance NN X O
please NN X O
send VB X O
your PRP$ X O
cv NN X O
to TO X O
tshawmeridianbs VB X O
. . X O
co NN X O
. . X O
uk NN X O
How WRB X O

to TO X O
Apply VB X O
: : X O
If IN X O
this DT X O
sounds VBZ X O
like IN X O
you PRP X O
please VBP X O
apply VB X O
through IN X O
this DT X O
portal NN X O
or CC X O
feel VB X O
free JJ X O
to TO X O
contact VB X O
Donna NNP X O
Trotter NNP X O
on IN X O
This DT X O

is VBZ X O
a DT X O
great JJ X O
opportunity NN X O
for IN X O
those DT X O
looking VBG X O
to TO X O
gain VB X O
experience NN X O
working VBG X O
at IN X O
Merchandise NNP X B-Occupation
Manager NNP X I-Occupation
level NN X O
, , X O
utilising VBG X O
your PRP$ X O
existing VBG X O
skill NN X O
set VBN X O
but CC X O
representing VBG X O
one CD X O
of IN X O
the DT X O
biggest JJS X O
names NNS X O
in IN X O
branded JJ X O
fashion NN X B-Domain
. . X O
Due JJ X O

to TO X O
the DT X O
ongoing JJ X O
needs NNS X O
of IN X O
the DT X O
business NN X O
you PRP X O
will MD X O
also RB X O
be VB X O
required VBN X O
to TO X O
work VB X O
alternative JJ X O
weekends NNS X O
time NN X O
in IN X O
lieu NN X O
given VBN X O
and CC X O
occasional JJ X O
evenings NNS X O
. . X O
This DT X O

is VBZ X O
a DT X O
permanent JJ X O
and CC X O
full JJ X O
time NN X O
contract NN X O
with IN X O
your PRP$ X O
working VBG X O
week NN X O
running VBG X O
from IN X O
Monday NNP X O
to TO X O
Friday NNP X O
each DT X O
week NN X O
. . X O
Due JJ X O

to TO X O
further JJ X O
work NN X O
being VBG X O
secured VBN X O
for IN X O
2013 CD X O
and CC X O
beyond IN X O
, , X O
they PRP X O
are VBP X O
looking VBG X O
to TO X O
recruit VB X O
a DT X O
Procurement NNP X B-Occupation
Co NNP X I-Occupation
Ordinator NNP X I-Occupation
to TO X O
work VB X O
from IN X O
their PRP$ X O
South NNP X O
Yorkshire NNP X O
office NN X O
on IN X O
a DT X O
permanent JJ X O
basis NN X O
. . X O
The DT X O

school NN X O
provides VBZ X O
a DT X O
positive JJ X O
learning NN X O
environment NN X O
where WRB X O
all DT X O
primary JJ X O
students NNS X O
make VBP X O
the DT X O
very RB X O
best JJS X O
of IN X O
their PRP$ X O
potential JJ X O
and CC X O
candidates NNS X O
will MD X O
need VB X O
to TO X O
be VB X O
confident JJ X O
in IN X O
planning NN X B-Skill
, , X I-Skill
preparing VBG X I-Skill
and CC X I-Skill
assessing VBG X I-Skill
these DT X O
year NN X O
4 CD X O
primary NN X O
pupils NNS X O
work NN X O
as RB X O
well RB X O
as IN X O
being VBG X O
able JJ X O
to TO X O
fit VB X B-Skill
into IN X O
a DT X O
friendly JJ X O
and CC X O
supportive JJ X O
team NN X O
. . X O
It PRP X O

is VBZ X O
essential JJ X O
you PRP X O
have VBP X O
lots NNS X O
of IN X O
branding VBG X B-Skill
experience NN X O
from IN X O
some DT X O
of IN X O
the DT X O
top JJ X O
branding NN X O
agencies NNS X O
You PRP X O
will MD X O
have VB X O
worked VBN X O
with IN X O
some DT X O
excellent JJ X O
brands NNS X O
and CC X O
be VB X O
able JJ X O
to TO X O
create VB X B-Skill
a DT X I-Skill
visual JJ X I-Skill
language NN X I-Skill
for IN X I-Skill
a DT X I-Skill
brand NN X I-Skill
. . X O
These DT X O

should MD X O
be VB X O
forwarded VBN X O
to TO X O
dunnikierps VB X O
. . X O
recruitmentfife NN X O
. . X O
gov NN X O
. . X O
uk JJ X O
no DT X O
later RB X O
than IN X O
1 CD X O
February NNP X O
2013 CD X O
, , X O
to TO X O
ensure VB X O
your PRP$ X O
application NN X O
will MD X O
be VB X O
taken VBN X O
into IN X O
consideration NN X O
. . X O
Working VBG X B-Skill

as RB X I-Skill
hard JJ X I-Skill
as IN X I-Skill
is VBZ X I-Skill
needed VBN X I-Skill
to TO X I-Skill
be VB X I-Skill
outstanding JJ X I-Skill
**** JJ X O

bonuses NNS X O
and CC X O
generous JJ X O
company NN X O
incentives VBZ X O
Nursing NNP X B-Occupation
Home NNP X I-Occupation
Manager NNP X I-Occupation
required VBD X O
for IN X O
a DT X O
large JJ X O
bedded JJ X O
nursing NN X O
home NN X O
in IN X O
Stockton NNP X O
, , X O
Cleveland NNP X O
. . X O
Our PRP$ X O

client NN X O
has VBZ X O
been VBN X O
producing VBG X O
unparalleled JJ X O
entertainment NN X B-Domain
experiences NNS X O
for IN X O
over IN X O
50 CD X O
years NNS X O
. . X O
**** JJ X O

employees NNS X O
worldwide VBP X O
, , X O
which WDT X O
offers VBZ X O
excellent JJ X O
remuneration NN X O
and CC X O
package NN X O
to TO X O
perm VB X O
employees NNS X O
. . X O
The DT X O

candidate NN X O
who WP X O
gets VBZ X O
the DT X O
role NN X O
can MD X O
quickly RB X O
expect VB X O
to TO X O
be VB X O
working VBG X O
with IN X O
the DT X O
following VBG X O
technology NN X O
: : X O
If IN X O

you PRP X O
meet VBP X O
the DT X O
above JJ X O
criteria NNS X O
please VB X O
send VB X O
your PRP$ X O
CV NNP X O
to TO X O
url VB X O
removed VBN X O
**** NN X B-Qualification

or CC X I-Qualification
above VB X I-Qualification
in IN X I-Qualification
a DT X I-Qualification
Bachelors NNP X I-Qualification
BSc NNP X I-Qualification
, , X I-Qualification
BA NNP X I-Qualification
or CC X O
Masters NNP X B-Qualification
MA NNP X I-Qualification
, , X I-Qualification
MSc NNP X I-Qualification
, , X I-Qualification
MChem NNP X I-Qualification
, , X I-Qualification
MRes NNP X I-Qualification
, , X I-Qualification
Mphil NNP X I-Qualification
in IN X I-Qualification
Chemistry NNP X I-Qualification
, , X I-Qualification
Materials NNP X I-Qualification
Science NNP X I-Qualification
, , X I-Qualification
Materials NNP X I-Qualification
engineering NN X I-Qualification
or CC X I-Qualification
a DT X I-Qualification
related JJ X I-Qualification
discipline NN X I-Qualification
. . X O
All DT X O

leads NNS X O
are VBP X O
warm JJ X O
, , X O
with IN X O
Clients NNS X O
visiting VBG X O
their PRP$ X O
very RB X O
impressive JJ X O
showroom NN X O
If IN X O

this DT X O
is VBZ X O
not RB X O
the DT X O
opportunity NN X O
for IN X O
you PRP X O
then RB X O
please VB X O
still RB X O
get VB X O
in IN X O
contact NN X O
as IN X O
we PRP X O
are VBP X O
currently RB X O
recruiting VBG X O
for IN X O
a DT X O
number NN X O
of IN X O
positions NNS X O
both DT X O
Functional NNP X B-Occupation
and CC X O
Technical NNP X B-Occupation
. . X O
This DT X O

is VBZ X O
a DT X O
field NN X O
sales NNS X O
role NN X O
covering VBG X O
Pembrokeshire NNP X O
, , X O
Dyfed NNP X O
, , X O
Powys NNP X O
, , X O
Glamorgan NNP X O
, , X O
Gwent NNP X O
, , X O
Gloucestershire NNP X O
, , X O
Bristol NNP X O
, , X O
Cardiff NNP X O
. . X O
Are NNP X O

you PRP X O
looking VBG X O
to TO X O
start VB X O
your PRP$ X O
career NN X O
in IN X O
the DT X O
recruitment NN X B-Domain
industry NN X I-Domain
? . X O
My PRP$ X O

client NN X O
is VBZ X O
seeking VBG X O
a DT X O
Field NNP X B-Occupation
Service NNP X I-Occupation
Engineer NNP X I-Occupation
with IN X O
experience NN X O
of IN X O
carrying VBG X B-Skill
out RP X I-Skill
Installation NNP X I-Skill
, , X O
commissioning VBG X B-Skill
and CC X O
servicing NN X B-Skill
of IN X O
vehicle NN X B-Skill
based VBN X I-Skill
security NN X I-Skill
and CC X O
data NN X B-Skill
collection NN X I-Skill
systems NNS X I-Skill
, , X O
such JJ X O
as IN X O
digital JJ X B-Skill
CCTV NNP X I-Skill
recording NN X I-Skill
equipment NN X I-Skill
, , X O
RFID NNP X B-Skill
and CC X O
intelligent JJ X B-Skill
radar NN X I-Skill
systems NNS X I-Skill
to TO X O
cover VB X O
the DT X O
Oxfordshire NNP X O
area NN X O
predominantly RB X O
. . X O
This DT X O

is VBZ X O
a DT X O
Senior JJ X B-Occupation
Management NNP X I-Occupation
appointment NN X O
and CC X O
is VBZ X O
highly RB X O
visible JJ X O
from IN X O
the DT X O
Group NNP X O
s VBD X O
perspective NN X O
. . X O
Locum NNP X O

Meds NNP X O
are VBP X O
recruiting VBG X O
for IN X O
Nurse NNP X B-Occupation
Practitioners NNP X I-Occupation
Independent NNP X I-Occupation
Prescribers NNPS X I-Occupation
to TO X O
work VB X O
in IN X O
: : X O
GP NNP X O
Surgerys NNP X O
, , X O
Walkin NNP X O
Centres NNP X O
, , X O
Urgent NNP X O
Care NNP X O
Centres NNP X O
, , X O
Out NNP X O
of IN X O
Hours NNP X O
etc FW X O
. . X O
Our PRP$ X O

Client NNP X O
, , X O
a DT X O
Volume NN X O
Main NNP X O
Dealer NNP X O
in IN X O
Bromley NNP X O
is VBZ X O
looking VBG X O
for IN X O
an DT X O
experienced JJ X B-Skill
Sales NNS X B-Occupation
Executive NN X I-Occupation
for IN X O
their PRP$ X O
busy JJ X O
dealership NN X O
. . X O
Their PRP$ X O

standards NNS X O
for IN X O
collection NN X B-Skill
, , X I-Skill
sortation NN X I-Skill
and CC X I-Skill
delivery NN X I-Skill
are VBP X O
amongst IN X O
the DT X O
best JJS X O
in IN X O
the DT X O
industry NN X O
. . X O
Further RB X O

technical JJ X B-Skill
skills NNS X I-Skill
/ JJ X I-Skill
technologies NNS X I-Skill
of IN X O
interest NN X O
here RB X O
would MD X O
include VB X O
SQL NNP X B-Skill
Server NNP X I-Skill
, , X O
SQL NNP X B-Skill
, , X O
MVC NNP X B-Skill
, , X O
jQuery NN X B-Skill
and CC X O
WCF NNP X B-Skill
. . X O
The DT X O

ideal JJ X O
candidate NN X O
will MD X O
have VB X O
some DT X O
previous JJ X O
experience NN X B-Skill
in IN X I-Skill
nursing VBG X I-Skill
residential JJ X I-Skill
care NN X I-Skill
for IN X I-Skill
the DT X I-Skill
elderly JJ X I-Skill
and CC X O
will MD X O
have VB X O
excellent JJ X O
clinical JJ X B-Skill
skills NNS X I-Skill
together RB X I-Skill
with IN X I-Skill
knowledge NN X I-Skill
of IN X I-Skill
the DT X I-Skill
care NN X I-Skill
home NN X I-Skill
environment NN X I-Skill
and CC X O
working VBG X B-Skill
with IN X I-Skill
one CD X I-Skill
or CC X I-Skill
all DT X I-Skill
of IN X I-Skill
these DT X I-Skill
service NN X I-Skill
user RB X I-Skill
types VBZ X I-Skill
along IN X I-Skill
with IN X I-Skill
having VBG X I-Skill
skills NNS X I-Skill
and CC X I-Skill
experience NN X I-Skill
with IN X I-Skill
medication NN X I-Skill
management NN X I-Skill
and CC X I-Skill
hands NNS X I-Skill
on IN X I-Skill
clinical JJ X I-Skill
nursing NN X I-Skill
. . X O
Keywords NNS X O

: : X O
Principle NNP X B-Occupation
Developer NNP X I-Occupation
Business NNP X I-Occupation
Intelligence NNP X I-Occupation
, , X O
SSIS NNP X B-Skill
, , X O
TSQL NNP X B-Skill
, , X O
SSRS NNP X B-Skill
, , X O
SQL NNP X B-Skill
Server NNP X I-Skill
, , X O
SVN NNP X B-Skill
, , X O
C NNP X B-Skill
, , X O
Oracle NNP X B-Skill
Prior NNP X O

Internal NNP X B-Skill
Audit NNP X I-Skill
experience NN X O
is VBZ X O
expected VBN X O
with IN X O
applicants NNS X O
having VBG X O
worked VBN X O
internationally RB X O
, , X O
preferably RB X O
with IN X O
experience NN X O
of IN X O
operating NN X B-Skill
in IN X I-Skill
less JJR X I-Skill
developed JJ X I-Skill
countries NNS X I-Skill
. . X O
You PRP X O

will MD X O
complete VB X O
the DT X O
annual JJ X O
preparation NN X B-Skill
of IN X I-Skill
annual JJ X I-Skill
financial JJ X I-Skill
statements NNS X I-Skill
for IN X O
holding VBG X O
companies NNS X O
and CC X O
assist NN X B-Skill
with IN X O
the DT X O
provision NN X O
of IN X O
information NN X O
necessary JJ X O
for IN X O
US NNP X O
tax NN X B-Skill
reporting NN X I-Skill
. . X O
Excellent JJ X O

Microsoft NNP X B-Skill
Excel NNP X I-Skill
modelbuilding VBG X I-Skill
skills NNS X I-Skill
including VBG X O
a DT X O
working JJ X B-Skill
knowledge NN X I-Skill
of IN X I-Skill
VBA NNP X I-Skill
Excellent NNP X O
research NN X B-Skill
skills NNS X I-Skill
for IN X I-Skill
ongoing VBG X I-Skill
analysis NN X I-Skill
and CC X I-Skill
understanding NN X I-Skill
of IN X I-Skill
industry NN X I-Skill
trends NNS X I-Skill
and CC X I-Skill
key JJ X I-Skill
strategic JJ X I-Skill
issues NNS X I-Skill
Very RB X O
good JJ X O
communication NN X B-Skill
skills NNS X I-Skill
to TO X I-Skill
liaise VB X I-Skill
with IN X I-Skill
other JJ X I-Skill
divisions NNS X I-Skill
/ VBP X I-Skill
analysts NNS X I-Skill
. . X O
It PRP X O

is VBZ X O
imperative JJ X O
that IN X O
you PRP X O
are VBP X O
comfortable JJ X B-Skill
in IN X I-Skill
presenting VBG X I-Skill
face NN X I-Skill
to TO X I-Skill
face NN X I-Skill
as RB X O
well RB X O
as IN X O
competent NN X O
in IN X O
booking VBG X B-Skill
appointments NNS X I-Skill
over IN X I-Skill
the DT X I-Skill
phone NN X I-Skill
. . X O
If IN X O

you PRP X O
are VBP X O
fired VBN X O
up RP X O
by IN X O
the DT X O
thought NN X O
of IN X O
leaving VBG X O
your PRP$ X O
own JJ X O
legacy NN X O
to TO X O
this DT X O
world NN X O
renowned VBD X O
institution NN X O
then RB X O
this DT X O
may MD X O
be VB X O
the DT X O
role NN X O
for IN X O
you PRP X O
. . X O
To TO X O

participate VB X B-Skill
in IN X I-Skill
the DT X I-Skill
promotional JJ X I-Skill
and CC X I-Skill
marketing NN X I-Skill
activities NNS X I-Skill
of IN X O
the DT X O
College NNP X O
and CC X O
ensure VB X B-Skill
a DT X I-Skill
professional JJ X I-Skill
and CC X I-Skill
favourable JJ X I-Skill
image NN X I-Skill
is VBZ X I-Skill
portrayed VBN X I-Skill
at IN X I-Skill
all DT X I-Skill
times NNS X I-Skill
to TO X O
enhance VB X B-Skill
the DT X I-Skill
College NNP X I-Skill
' POS X I-Skill
s JJ X I-Skill
reputation NN X I-Skill
and CC X O
assist NN X O
in IN X O
ensuring VBG X O
its PRP$ X O
future NN X O
success NN X O
. . X O
To TO X O

support VB X O
this DT X O
growth NN X O
activity NN X O
they PRP X O
now RB X O
wish VBP X O
to TO X O
hire VB X O
a DT X O
Head NNP X B-Occupation
of IN X I-Occupation
Product NNP X I-Occupation
Management NNP X I-Occupation
. . X O
As IN X O

a DT X O
Project NN X B-Occupation
Manager NNP X I-Occupation
/ NNP X O
Marketing NNP X B-Occupation
Manager NNP X I-Occupation
you PRP X O
can MD X O
expect VB X O
to TO X O
earn VB X O
a DT X O
highly RB X O
competitive JJ X O
salary NN X O
to TO X O
Alecto NNP X O

Recruitment NNP X B-Domain
Ltd NNP X O
. . X O
andyalectorecruitment NN X O
. . X O
com NN X O
or CC X O
call VB X O
[ JJ X O
blocked VBN X O
] NN X O
in IN X O
strict JJ X O
confidence NN X O
. . X O
**** NN X O

k VBZ X O
A NNP X O
Helpdesk NNP X B-Occupation
Support NNP X I-Occupation
Consultant NNP X I-Occupation
, , X O
with IN X O
experience NN X O
of IN X O
providing VBG X B-Skill
1st CD X I-Skill
, , X I-Skill
2nd CD X I-Skill
and CC X I-Skill
3rd CD X I-Skill
line NN X I-Skill
support NN X I-Skill
and CC X O
ideally RB X O
knowledge NN X B-Skill
of IN X I-Skill
VMWare NNP X I-Skill
, , X O
is VBZ X O
required VBN X O
by IN X O
a DT X O
leading VBG X O
IT NNP X B-Domain
business NN X O
based VBN X O
in IN X O
Central NNP X O
London NNP X O
. . X O
Outstanding VBG X O

by IN X O
Ofsted NNP X O
with IN X O
relationships NNS X O
between IN X O
staff NN X O
and CC X O
students NNS X O
being VBG X O
excellent JJ X O
. . X O
Budget NNP X O

accurate NN X B-Skill
budget NN X I-Skill
management NN X I-Skill
to TO X I-Skill
maximise VB X I-Skill
profitability NN X I-Skill
Strategy NNP X I-Skill
frequent JJ X I-Skill
exposure NN X I-Skill
to TO X I-Skill
senior JJ X I-Skill
management NN X I-Skill
and CC X I-Skill
insight NN X I-Skill
into IN X I-Skill
decision NN X I-Skill
making NN X I-Skill
for IN X I-Skill
the DT X I-Skill
brand NN X I-Skill
in IN X I-Skill
the DT X I-Skill
longer JJR X I-Skill
term NN X I-Skill
. . X O
: : X O

When WRB X O
it PRP X O
comes VBZ X O
to TO X O
work VB X O
, , X O
we PRP X O
have VBP X O
a DT X O
very RB X O
simple JJ X O
philosophy NN X O
at IN X O
Sports NNP X O
Direct NNP X O
, , X O
Do NNP X O
More JJR X O
, , X O
Earn NNP X O
More NNP X O
. . X O
Excellent JJ X O

working VBG X O
knowledge NN X O
of IN X O
excel NN X B-Skill
and CC X O
databases VBZ X B-Skill
The DT X O
ability NN X B-Skill
to TO X I-Skill
work VB X I-Skill
to TO X I-Skill
deadlines NNS X I-Skill
and CC X I-Skill
targets NNS X I-Skill
. . X O
In IN X O

return NN X O
we PRP X O
can MD X O
offer VB X O
career NN X O
development NN X O
, , X O
an DT X O
empowered JJ X O
and CC X O
supportive JJ X O
working NN X O
environment NN X O
and CC X O
competitive JJ X O
reward NN X O
package NN X O
. . X O
This DT X O

role NN X O
is VBZ X O
based VBN X O
in IN X O
Normanton NNP X O
but CC X O
occasionally RB X O
may MD X O
require VB X O
travel NN X O
to TO X O
Glasgow NNP X O
. . X O
Operational NNP X B-Skill

, , X I-Skill
technological JJ X I-Skill
and CC X I-Skill
business NN X I-Skill
knowledge NN X I-Skill
of IN X I-Skill
banking NN X I-Skill
/ JJ X I-Skill
financial JJ X I-Skill
systems NNS X I-Skill
. . X O
Business NN X B-Skill

development NN X I-Skill
efforts NNS X O
are VBP X O
an DT X O
expectation NN X O
with IN X O
this DT X O
role NN X O
and CC X O
the DT X O
successful JJ X O
applicant NN X O
will MD X O
be VB X O
handsomely RB X O
rewarded VBN X O
for IN X O
bringing VBG X O
in IN X O
results NNS X O
. . X O
Experience NN X B-Experience

of IN X I-Experience
design NN X I-Experience
monitoring NN X I-Experience
including VBG X I-Experience
design NN X I-Experience
safety NN X I-Experience
, , X I-Experience
constructability NN X I-Experience
, , X I-Experience
ergonomics NNS X I-Experience
and CC X I-Experience
staged VBD X I-Experience
design NN X I-Experience
review NN X I-Experience
process NN X I-Experience
i NN X O
. . X O
e NN X O
. . X O
30 CD X O
%; JJ X O
60 CD X O
%; JJ X O
90 CD X O
% NN X O
model NN X O
reviews NNS X O
. . X O
The DT X O

majority NN X O
of IN X O
your PRP$ X O
time NN X O
will MD X O
be VB X O
spent VBN X O
writing VBG X B-Skill
code NN X I-Skill
for IN X O
fully RB X O
automated VBN X O
systems NNS X O
, , X O
with IN X O
the DT X O
rest NN X O
spent VBN X O
on IN X O
site NN X O
working VBG X O
with IN X O
the DT X O
Commissioning NNP X B-Occupation
Engineers NNS X I-Occupation
at IN X O
the DT X O
point NN X O
of IN X O
installation NN X O
. . X O
pre NN X B-Skill

and CC X I-Skill
post NN X I-Skill
tender NN X I-Skill
Develop NNP X I-Skill
and CC X I-Skill
implement NN X I-Skill
business NN X I-Skill
reporting VBG X I-Skill
Attend NNP X I-Skill
monthly JJ X I-Skill
management NN X I-Skill
meetings NNS X I-Skill
and CC X O
report NN X B-Skill
estimating VBG X I-Skill
progress JJ X I-Skill
Liaise NNP X I-Skill
with IN X I-Skill
Commercial NNP X I-Skill
team NN X I-Skill
Produce NNP X I-Skill
handover NN X I-Skill
documentation NN X I-Skill
Draft NNP X I-Skill
precontract NN X I-Skill
programmes NNS X I-Skill
and CC X I-Skill
Method NNP X I-Skill
Statements NNS X I-Skill
Viamii NNP X O

Recruitment NNP X O
Training NNP X O
is VBZ X O
a DT X O
specialist JJ X O
career NN X O
service NN X O
for IN X O
those DT X O
in IN X O
the DT X O
media NNS X B-Domain
, , X O
marketing NN X B-Domain
and CC X O
communications NNS X B-Domain
sector NN X I-Domain
. . X O
This DT X O

is VBZ X O
an DT X O
opportunity NN X O
to TO X O
be VB X O
part NN X O
of IN X O
the DT X O
Trading NN X B-Domain
team NN X O
that WDT X O
will MD X O
support VB X O
the DT X O
vision NN X O
for IN X O
Age NNP X O
UK NNP X O
to TO X O
be VB X O
the DT X O
number NN X B-Skill
one CD X I-Skill
destination NN X I-Skill
for IN X I-Skill
older JJR X I-Skill
people NNS X I-Skill
to TO X O
find VB X B-Skill
solutions NNS X I-Skill
to TO X I-Skill
the DT X I-Skill
challenges NNS X I-Skill
faced VBN X I-Skill
by IN X I-Skill
them PRP X I-Skill
in IN X I-Skill
later JJ X I-Skill
life NN X I-Skill
. . X O
It PRP X O

goes VBZ X O
without IN X O
saying VBG X O
that IN X O
you PRP X O
will MD X O
have VB X O
a DT X O
good JJ X B-Skill
understanding NN X I-Skill
of IN X I-Skill
WMS NNP X I-Skill
distribution NN X I-Skill
systems NNS X I-Skill
and CC X O
a DT X O
proven JJ X O
track NN X O
record NN X O
of IN X O
working VBG X B-Skill
towards IN X I-Skill
the DT X I-Skill
development NN X I-Skill
of IN X I-Skill
systems NNS X I-Skill
and CC X I-Skill
processes NNS X I-Skill
. . X O
A DT X O

fantastic JJ X O
opportunity NN X O
has VBZ X O
arisen VBN X O
for IN X O
an DT X O
experienced JJ X B-Skill
Transport NNP X B-Occupation
Planner NNP X I-Occupation
to TO X O
join VB X O
a DT X O
growing VBG X O
and CC X O
successful JJ X O
team NN X O
in IN X O
a DT X O
large JJ X O
multidisciplinary JJ X O
consultancy NN X B-Domain
in IN X O
their PRP$ X O
Taunton NNP X O
office NN X O
. . X O
You PRP X O

will MD X O
enjoy VB X O
working VBG X O
within IN X O
a DT X O
varied JJ X O
sales NNS X B-Domain
role NN X O
where WRB X O
you PRP X O
will MD X O
have VB X O
targets NNS X B-Skill
selling VBG X I-Skill
across IN X O
a DT X O
range NN X O
of IN X O
different JJ X O
products NNS X O
. . X O
PRINCE NNP X O

**** NNP X O
APM NNP X O
and CC X O
MSP NNP X O
What WP X O
we PRP X O
can MD X O
offer VB X O
you PRP X O
An DT X O
opportunity NN X O
to TO X O
join VB X O
a DT X O
very RB X O
successful JJ X O
business NN X O
unit NN X O
and CC X O
lead VB X B-Skill
a DT X I-Skill
dedicated JJ X I-Skill
team NN X I-Skill
of IN X I-Skill
technical JJ X I-Skill
experts NNS X I-Skill
. . X O
To TO X O

be VB X O
responsible JJ X O
for IN X O
the DT X O
School NNP X O
s NN X O
strategic JJ X B-Skill
financial JJ X I-Skill
planning NN X I-Skill
, , X O
developing VBG X B-Skill
annual JJ X I-Skill
budgets NNS X I-Skill
and CC X O
rolling VBG X B-Skill
financial JJ X I-Skill
plans NNS X I-Skill
. . X O
The DT X O

company NN X O
offers VBZ X O
a DT X O
great JJ X O
working JJ X O
environment NN X O
with IN X O
a DT X O
fantastic JJ X O
range NN X O
of IN X O
perks NNS X O
ranging VBG X O
from IN X O
Private NNP X O
Healthcare NNP X O
to TO X O
a DT X O
Bar NNP X O
and CC X O
Cafe NNP X O
onsite VBP X O
in IN X O
their PRP$ X O
office NN X O
, , X O
they PRP X O
really RB X O
do VBP X O
have VB X O
a DT X O
lot NN X O
to TO X O
offer VB X O
. . X O
Whatever WDT X O

your PRP$ X O
background NN X O
, , X O
you PRP X O
re VBP X O
now RB X O
ready JJ X O
to TO X O
meet VB X O
the DT X O
challenge NN X O
of IN X O
driving VBG X O
one CD X O
of IN X O
our PRP$ X O
clients NNS X O
convenience VB X B-Domain
food NN X I-Domain
retail JJ X I-Domain
stores NNS X I-Domain
, , X O
and CC X O
your PRP$ X O
own JJ X O
retail JJ X B-Domain
management NN X I-Domain
career NN X O
to TO X O
further JJ X O
success NN X O
and CC X O
high JJ X O
rewards NNS X O
. . X O
**** JJ X O

Ensure NN X O
that WDT X O
cost NN X B-Skill
saving NN X I-Skill
is VBZ X O
not RB X O
to TO X O
the DT X O
detriment NN X O
of IN X O
the DT X O
service NN X O
Surrey NNP X O

Commutable JJ X O
from IN X O
: : X O
Guildford NNP X O
, , X O
Leatherhead NNP X O
, , X O
Kingston NNP X O
, , X O
Reigate NNP X O
, , X O
Croydon NNP X O
, , X O
also RB X O
Berkshire NNP X O
, , X O
Middlesex NNP X O
and CC X O
London NNP X O
SALARY NNP X O
: : X O
up RB X O
to TO X O
Knowledge NNP X B-Skill

of IN X I-Skill
street NN X I-Skill
furniture NN X I-Skill
or CC X I-Skill
related VBN X I-Skill
products NNS X I-Skill
would MD X O
be VB X O
considered VBN X O
as IN X O
an DT X O
advantage NN X O
, , X O
but CC X O
not RB X O
essential JJ X O
. . X O
The DT X O

ideal JJ X O
Operations NNP X B-Occupation
Specialist NNP X I-Occupation
will MD X O
possess VB X O
the DT X O
following JJ X O
attributes NNS X O
/ VBP X O
skills NNS X O
: : X O
Please NNP X O

send VB X O
your PRP$ X O
CV NNP X O
to TO X O
Julie NNP X O
via IN X O
the DT X O
apply NN X O
button NN X O
We PRP X O

are VBP X O
looking VBG X O
for IN X O
an DT X O
outstanding JJ X O
P NNP X B-Occupation
. . X I-Occupation
E NNP X I-Occupation
teacher NN X I-Occupation
with IN X O
a DT X O
commitment NN X O
to TO X O
academic VB X B-Skill
excellence NN X I-Skill
and CC X O
helping VBG X B-Skill
every DT X I-Skill
child NN X I-Skill
succeed VB X I-Skill
. . X O
**** JJ X O

clients NNS X O
are VBP X O
looking VBG X O
to TO X O
hire VB X O
a DT X O
UK NNP X O
Software NNP X B-Occupation
Development NNP X I-Occupation
Manager NNP X I-Occupation
, , X O
to TO X O
technically RB X O
lead VB X B-Skill
a DT X I-Skill
team NN X I-Skill
of IN X I-Skill
10 CD X I-Skill
mostly RB X I-Skill
Visual JJ X I-Skill
C NNP X I-Skill
and CC X I-Skill
. . X I-Skill
NET NNP X I-Skill
Software NNP X I-Skill
Engineers NNP X I-Skill
and CC X I-Skill
an DT X I-Skill
Architect NNP X I-Skill
, , X I-Skill
developing VBG X I-Skill
software NN X I-Skill
for IN X I-Skill
automated VBN X I-Skill
and CC X I-Skill
branded VBN X I-Skill
ebilling NN X I-Skill
and CC X I-Skill
printing NN X I-Skill
solutions NNS X I-Skill
. . X O
To TO X O

apply VB X O
please JJ X O
send VB X O
your PRP$ X O
accurate NN X O
and CC X O
current JJ X O
CV NNP X O
to TO X O
Louisa NNP X O
Coggs NNP X O
, , X O
quoting VBG X O
Job NNP X O
Ref NNP X O
J NNP X O
: : X O

Warehouses NNS X B-Domain
/ VBP X O
Logistics NNP X B-Domain
companies NNS X O
etc VBP X O
Use NNP X B-Skill
and CC X I-Skill
present JJ X I-Skill
products NNS X I-Skill
and CC X I-Skill
services NNS X I-Skill
in IN X I-Skill
a DT X I-Skill
creative JJ X I-Skill
manner NN X I-Skill
; : X O
Accurately NNP X O
design NN X B-Skill
, , X O
specify NN X B-Skill
and CC X O
price NN X B-Skill
sales NNS X I-Skill
proposals NNS X I-Skill
to TO X O
meet VB X O
customer NN X O
requirements NNS X O
; : X O
Prepare NNP X O
sales NNS X B-Skill
proposals NNS X I-Skill
and CC X O
present JJ X B-Skill
them PRP X I-Skill
in IN X I-Skill
a DT X I-Skill
professional JJ X I-Skill
manner NN X I-Skill
; : X O
Achieve NNP X B-Skill
agreed VBD X I-Skill
sales NNS X I-Skill
to TO X I-Skill
target VB X I-Skill
; : X O
Gain NNP X O
and CC X O
maintain VB X O
a DT X O
thorough NN X B-Skill
and CC X I-Skill
updated JJ X I-Skill
knowledge NN X I-Skill
of IN X I-Skill
Company NNP X I-Skill
products NNS X I-Skill
, , X I-Skill
services NNS X I-Skill
and CC X I-Skill
their PRP$ X I-Skill
application NN X I-Skill
; : X O
Ensure NNP X O
commercial JJ X B-Skill
awareness NN X I-Skill
and CC X O
knowledge NN X O
competitors NNS X O
offerings NNS X O
; : X O
Record NNP X B-Skill
and CC X I-Skill
input VB X I-Skill
data NNS X I-Skill
onto IN X I-Skill
CRM NNP X I-Skill
package NN X I-Skill
in IN X O
a DT X O
timely JJ X O
manner NN X O
keep VB X O
updated JJ X O
and CC X O
relevant JJ X O
; : X O
Continually NNP X O
seek VB X B-Skill
out RP X I-Skill
new JJ X I-Skill
business NN X I-Skill
opportunities NNS X I-Skill
Candidate NNP X O
Specification NNP X O
Ideally NNP X O
candidates NNS X O
will MD X O
have VB X O
worked VBN X O
in IN X O
a DT X O
similar JJ X O
industry NN X B-Domain
Warehouse NNP X I-Domain
solutions NNS X O
/ VBP X B-Domain
Material NNP X I-Domain
Handling NNP X I-Domain
Have VBP X O
a DT X O
demonstrable JJ X O
sales NNS X B-Domain
record NN X O
. . X O
He PRP X O

or CC X O
she PRP X O
will MD X O
ensure VB X B-Skill
that IN X I-Skill
the DT X I-Skill
products NNS X I-Skill
developed VBN X I-Skill
are VBP X I-Skill
what WP X I-Skill
the DT X I-Skill
market NN X I-Skill
wants VBZ X I-Skill
and CC X O
can MD X O
be VB X O
delivered VBN X O
with IN X O
the DT X O
required JJ X O
margin NN X O
targets NNS X O
. . X O
Demonstrate NNP X O

an DT X O
understanding NN X B-Skill
of IN X I-Skill
how WRB X I-Skill
technical JJ X I-Skill
solutions NNS X I-Skill
will MD X I-Skill
meet VB X I-Skill
both DT X I-Skill
IT NNP X I-Skill
architectural JJ X I-Skill
aims NNS X I-Skill
and CC X O
also RB X O
achieve VBP X B-Skill
the DT X I-Skill
business NN X I-Skill
requirements NNS X I-Skill
. . X O
We PRP X O

deal VBP X O
with IN X O
a DT X O
range NN X O
of IN X O
small JJ X B-Occupation
, , X I-Occupation
medium NN X I-Occupation
and CC X I-Occupation
large JJ X I-Occupation
Contractors NNS X I-Occupation
, , X O
Local NNP X B-Domain
Authorities NNP X I-Domain
, , X O
Charities NNP X B-Domain
and CC X O
Housing NNP X B-Domain
Associations NNP X I-Domain
. . X O
Job NNP X O

Description NNP X O
Advantage NNP X O
Healthcare NNP X O
Group NNP X O
is VBZ X O
recruiting VBG X O
for IN X O
an DT X O
Approved NNP X O
Mental NNP X B-Occupation
Health NNP X I-Occupation
Professional NNP X I-Occupation
in IN X O
Cumbria NNP X O
, , X O
for IN X O
a DT X O
temporary JJ X O
role NN X O
to TO X O
cover VB X O
for IN X O
approximately RB X O
Liaise NN X B-Skill

with IN X I-Skill
academic JJ X I-Skill
and CC X I-Skill
business NN X I-Skill
support NN X I-Skill
staff NN X I-Skill
within IN X O
the DT X O
College NNP X O
, , X O
and CC X O
within IN X O
Media NNP X O
and CC X O
Digital NNP X O
Communications NNP X O
. . X O
identified VBN X O

Presentation NN X B-Skill
of IN X I-Skill
results NNS X I-Skill
and CC X I-Skill
remediation NN X I-Skill
initiatives NNS X I-Skill
to TO X I-Skill
senior JJ X I-Skill
stakeholders NNS X I-Skill
Send NNP X O

CV NNP X O
s NN X O
to TO X O
apply VB X O
. . X O
a DT X O
**** JJ X O
uskvnpaoho NN X O
. . X O
aptrack NN X O
. . X O
co NN X O
now RB X O
for IN X O
immediate JJ X O
review NN X O
and CC X O
more JJR X O
information NN X O
Mechanical NNP X B-Occupation
Engineer NNP X I-Occupation
, , X O
manufacturing NN X B-Skill
, , X O
concept NN X B-Skill
, , X O
materials NNS X B-Skill
, , X O
3D CD X B-Skill
CAD NNP X I-Skill
, , X O
Solidworks NNP X B-Skill
, , X O
East NNP X O
Anglia NNP X O
, , X O
Cambridge NNP X O
Must NNP X O

work NN X B-Skill
as IN X I-Skill
a DT X I-Skill
team NN X I-Skill
to TO X I-Skill
meet VB X I-Skill
weekly JJ X I-Skill
/ NNP X I-Skill
monthly JJ X I-Skill
/ NNS X I-Skill
quarterly JJ X I-Skill
recruiting NN X I-Skill
and CC X I-Skill
retention NN X I-Skill
goals NNS X I-Skill
Run NNP X I-Skill
and CC X I-Skill
analyze RB X I-Skill
prospective JJ X I-Skill
Owner NNP X O
Operator NNP X O
s VBD X O
/ NN X O
Please NNP X O

send VB X O
your PRP$ X O
CV NNP X O
to TO X O
[ VB X O
contact NN X O
details NNS X O
removed VBD X O
] NN X O
or CC X O
contact NN X O
Phillip NNP X O
Hartley NNP X O
on IN X O
[ NNP X O
contact NN X O
details NNS X O
removed VBD X O
] NN X O
. . X O
Provide VB X B-Skill

senior JJ X I-Skill
management NN X I-Skill
with IN X I-Skill
audit NN X I-Skill
expertise NN X I-Skill
and CC X O
input NN X B-Skill
to TO X I-Skill
audit VB X I-Skill
methodology NN X I-Skill
development NN X I-Skill
You PRP X O

will MD X O
be VB X O
spending VBG X O
23 CD X O
weeks NNS X O
in IN X O
China NNP X O
and CC X O
then RB X O
return VB X O
to TO X O
the DT X O
UK NNP X O
site NN X O
for IN X O
23 CD X O
weeks NNS X O
. . X O
Ensure NN X B-Skill

that IN X I-Skill
the DT X I-Skill
team NN X I-Skill
' POS X I-Skill
s NN X I-Skill
skill NN X I-Skill
and CC X I-Skill
knowledge NN X I-Skill
levels NNS X I-Skill
are VBP X I-Skill
able JJ X I-Skill
to TO X I-Skill
meet VB X I-Skill
the DT X I-Skill
changing VBG X I-Skill
needs NNS X I-Skill
of IN X I-Skill
the DT X I-Skill
business NN X I-Skill
. . X O
These DT X O

skills NNS X O
will MD X O
be VB X O
backed VBN X O
up RP X O
by IN X O
a DT X O
proven NN X B-Experience
record NN X I-Experience
of IN X I-Experience
success NN X I-Experience
in IN X I-Experience
your PRP$ X I-Experience
previous JJ X I-Experience
roles NNS X I-Experience
. . X O
Candidates NNS X O

with IN X O
upwards NNS X B-Experience
of IN X I-Experience
1 CD X I-Experience
years NNS X I-Experience
PQE NNP X I-Experience
will MD X O
be VB X O
considered VBN X O
, , X O
ideally RB X O
those DT X O
with IN X O
good JJ X B-Skill
academics NNS X I-Skill
and CC X O
a DT X O
background NN X O
within IN X O
a DT X O
Top JJ X O
200 CD X O
UK NNP X O
Law NNP X O
Firm NN X O
. . X O
Due JJ X O

to TO X O
their PRP$ X O
successful JJ X O
growth NN X O
initiatives NNS X O
, , X O
they PRP X O
are VBP X O
now RB X O
looking VBG X O
for IN X O
an DT X O
Operations NNP X B-Occupation
Manager NNP X I-Occupation
. . X O
In IN X O

the DT X O
role NN X O
you PRP X O
will MD X O
have VB X O
a DT X O
mixed JJ X O
portfolio NN X O
of IN X O
audit NN X B-Skill
and CC X I-Skill
accounts NNS X I-Skill
work NN X I-Skill
. . X O
Document NNP X B-Skill

all DT X I-Skill
data NNS X I-Skill
and CC X I-Skill
work NN X I-Skill
in IN X I-Skill
an DT X I-Skill
open JJ X I-Skill
manner NN X I-Skill
, , X O
and CC X O
commit NN X O
to TO X O
delivering VBG X B-Skill
appropriate JJ X I-Skill
knowledgesharing NN X I-Skill
within IN X O
the DT X O
entire JJ X O
team NN X O
. . X O
The DT X O

organisation NN X O
is VBZ X O
split VBN X O
into IN X O
2 CD X O
business NN X O
units NNS X O
: : X O
Circulating NNP X O
which WDT X O
is VBZ X O
responsible JJ X O
for IN X O
the DT X O
contract NN X O
with IN X O
the DT X O
UK NNP X O
Treasury NNP X O
to TO X O
design VB X B-Skill
, , X O
develop VB X B-Skill
and CC X O
manufacture VB X B-Skill
the DT X I-Skill
coins NNS X I-Skill
in IN X I-Skill
public JJ X I-Skill
circulation NN X I-Skill
. . X O
Our PRP$ X O

customers NNS X O
range VBP X O
from IN X O
elderly JJ X O
people NNS X O
who WP X O
need VBP X O
help NN X O
with IN X O
personal JJ X O
care NN X B-Domain
through IN X O
to TO X O
severely RB X O
disabled JJ X O
people NNS X O
with IN X O
very RB X O
complex JJ X O
care NN X O
needs NNS X O
. . X O
We PRP X O

require VBP X O
a DT X O
person NN X O
who WP X O
has VBZ X O
experience NN X O
of IN X O
advice NN X B-Skill
work NN X I-Skill
and CC X O
an DT X O
understanding NN X O
of IN X O
employment NN X B-Skill
law NN X I-Skill
requirements NNS X I-Skill
to TO X O
join VB X O
our PRP$ X O
busy JJ X O
team NN X O
of IN X O
Advisers NNP X O
. . X O
Credit NN X O

Risk NNP X O
Reporting NNP X O
Project NNP X B-Occupation
Manager NNP X I-Occupation
Excellent NNP X O
opportunity NN X O
for IN X O
an DT X O
experienced JJ X O
and CC X O
senior JJ X O
Credit NNP X O
Risk NNP X O
and CC X O
Reporting NNP X O
Project NNP X B-Occupation
Manager NNP X I-Occupation
/ NNP X I-Occupation
Business NNP X I-Occupation
Analyst NNP X I-Occupation
to TO X O
join VB X O
a DT X O
leading JJ X O
investment NN X O
bank NN X O
based VBN X O
inCanaryWharf NN X O
. . X O
Excellent JJ X O

opportunity NN X O
to TO X O
join VB X O
a DT X O
growing VBG X O
team NN X O
with IN X O
Project NNP X B-Skill
Management NNP X I-Skill
responsibility NN X I-Skill
to TO X O
deliver VB X B-Skill
custom NN X I-Skill
built VBN X I-Skill
engineering NN X I-Skill
projects NNS X O
to TO X O
civil JJ X O
and CC X O
Military JJ X O
Airports NNP X O
worldwide NN X O
. . X O
**** NN X O

would MD X O
be VB X O
an DT X O
advantage NN X O
but CC X O
not RB X O
essential JJ X O
You PRP X O
will MD X O
be VB X O
rewarded VBN X O
with IN X O
an DT X O
excellent JJ X O
basic JJ X O
salary NN X O
of IN X O
circa NN X O
The DT X O

role NN X O
requires VBZ X O
excellent JJ X O
attention NN X B-Skill
to TO X I-Skill
detail VB X I-Skill
, , X O
the DT X O
ability NN X B-Skill
to TO X I-Skill
manage VB X I-Skill
your PRP$ X I-Skill
own JJ X I-Skill
workload NN X I-Skill
, , X O
and CC X O
good JJ X O
computer NN X B-Skill
skills NNS X O
. . X O
Be NNP X O

instructed VBN X B-Skill
in IN X I-Skill
First NNP X I-Skill
Aid NNP X I-Skill
and CC X O
be VB X O
available JJ X O
to TO X O
the DT X O
Home NNP X O
in IN X O
this DT X O
capacity NN X O
. . X O
This DT X O

unique JJ X O
opportunity NN X O
will MD X O
give VB X O
responsibility NN X B-Skill
to TO X O
the DT X O
right JJ X O
candidate NN X O
as IN X O
you PRP X O
will MD X O
become VB X O
a DT X O
key JJ X O
member NN X O
of IN X O
staff NN X O
. . X O
The DT X O

successful JJ X O
Graduate NNP X B-Occupation
Sales NNS X I-Occupation
Lettings NNP X I-Occupation
Secretary NNP X O
must MD X O
be VB X O
: : X O
Outgoing NNP X B-Skill
, , X O
friendly RB X B-Skill
and CC X O
confident JJ X B-Skill
. . X O
Key NNP X O

responsibilities NNS X O
Hold NNP X O
final JJ X O
responsibility NN X B-Skill
for IN X I-Skill
the DT X I-Skill
production NN X I-Skill
, , X I-Skill
quality NN X I-Skill
and CC X I-Skill
accuracy NN X I-Skill
of IN X I-Skill
all DT X I-Skill
editorial NN X I-Skill
content NN X I-Skill
. . X O
To TO X O

participate VB X B-Skill
in IN X I-Skill
the DT X I-Skill
College NNP X I-Skill
' POS X I-Skill
s JJ X I-Skill
Performance NNP X I-Skill
Review NNP X I-Skill
Scheme NNP X I-Skill
in IN X O
order NN X O
to TO X O
ensure VB X B-Skill
personal JJ X I-Skill
development NN X I-Skill
needs NNS X I-Skill
are VBP X I-Skill
identified VBN X I-Skill
to TO X O
allow VB X O
maximisation NN X O
of IN X O
a DT X O
high JJ X O
level NN X O
of IN X O
performance NN X O
. . X O
Support VB X O

the DT X O
effective JJ X O
operation NN X B-Skill
of IN X I-Skill
the DT X I-Skill
Food NNP X I-Skill
Services NNPS X I-Skill
within IN X O
the DT X O
hotel NN X O
Manage NNP X B-Skill
events NNS X I-Skill
and CC X I-Skill
functions NNS X I-Skill
from IN X O
conferences NNS X O
to TO X O
weddings NNS X O
Drive NNP X O
business NN X O
forwards NNS X O
to TO X O
increase VB X O
revenue NN X O
and CC X O
hit VBD X O
performance NN X O
targets NNS X O
Manage NNP X B-Skill
and CC X I-Skill
develop VB X I-Skill
the DT X I-Skill
food NN X I-Skill
and CC X I-Skill
beverage NN X I-Skill
team NN X I-Skill
providing VBG X O
leadership NN X B-Skill
and CC X O
motivation NN X O
Drive NNP X B-Skill
guest NN X I-Skill
satisfaction NN X I-Skill
by IN X O
ensuring VBG X O
consistently RB X O
excellent JJ X O
levels NNS X O
of IN X O
customer NN X O
service NN X O
Experience NN X O

of IN X O
working VBG X B-Skill
in IN X I-Skill
a DT X I-Skill
Theatre NNP X I-Skill
environment NN X I-Skill
is VBZ X O
essential JJ X O
, , X O
preferably RB X O
including VBG X O
major JJ X O
Ortho NNP X B-Skill
, , X O
Ophthalmic NNP X B-Skill
, , X O
General NNP X B-Skill
and CC X I-Skill
Gynae NNP X I-Skill
work NN X I-Skill
. . X O
We PRP X O

have VBP X O
new JJ X O
assignments NNS X O
coming VBG X O
in IN X O
every DT X O
day NN X O
and CC X O
would MD X O
be VB X O
delighted VBN X O
to TO X O
hear VB X O
from IN X O
you PRP X O
, , X O
please VB X O
email VB X O
your PRP$ X O
CV NNP X O
stating VBG X O
which WDT X O
subjects VBZ X O
you PRP X O
would MD X O
be VB X O
interested JJ X O
in IN X O
. . X O
Strong JJ X O

communication NN X B-Skill
skills NNS X O
will MD X O
be VB X O
essential JJ X O
as IN X O
you PRP X O
will MD X O
be VB X O
liaising VBG X O
with IN X O
clients NNS X O
at IN X O
various JJ X O
levels NNS X O
. . X O
maintain RB X B-Skill

high JJ X I-Skill
levels NNS X I-Skill
of IN X I-Skill
hygiene NN X I-Skill
and CC X I-Skill
safety NN X I-Skill
in IN X O
the DT X O
workplace NN X O
. . X O
Approving VBG X B-Skill

valid JJ X I-Skill
claims NNS X I-Skill
using VBG X I-Skill
internal JJ X I-Skill
and CC X I-Skill
manufacturer NN X I-Skill
systems NNS X I-Skill
to TO X O
validate VB X B-Skill
parts NNS X I-Skill
and CC X I-Skill
labour NN X I-Skill
claimed NN X I-Skill
. . X I-Skill
Our PRP$ X O

client NN X O
a DT X O
busy JJ X O
Lloyds NNP X O
brokers NNS X O
in IN X O
the DT X O
heart NN X O
of IN X O
the DT X O
City NNP X O
are VBP X O
looking VBG X O
for IN X O
a DT X O
highly RB X O
experienced JJ X B-Skill
Marine NNP X B-Occupation
Claims NNP X I-Occupation
Advocate NNP X I-Occupation
to TO X O
join VB X O
their PRP$ X O
busy JJ X O
and CC X O
growing VBG X O
team NN X O
. . X O
REQUIRED NNP X O

Extensive NNP X O
realworld NN X O
experience NN X O
with IN X O
Django NNP X B-Skill
and CC X O
Python NNP X B-Skill
Realworld NNP X O
experience NN X O
with IN X O
HTML NNP X B-Skill
A DT X O

willingness NN X O
to TO X O
travel VB X O
and CC X O
work VB X O
at IN X O
customer NN X O
sites NNS X O
when WRB X O
required VBN X O
is VBZ X O
also RB X O
important JJ X O
as IN X O
is VBZ X O
a DT X O
full JJ X B-Qualification
Driving NNP X I-Qualification
licence NN X I-Qualification
. . X O
Conduct NNP X B-Skill

health NN X I-Skill
and CC X I-Skill
safety NN X I-Skill
talks NNS X I-Skill
and CC X I-Skill
risk NN X I-Skill
assessments NNS X I-Skill
for IN X O
helpdesk NN X O
Conduct NNP X B-Skill
monthly RB X I-Skill
one CD X I-Skill
to TO X I-Skill
one CD X I-Skill
meetings NNS X I-Skill
with IN X I-Skill
staff NN X I-Skill
and CC X I-Skill
deal NN X I-Skill
with IN X I-Skill
any DT X I-Skill
problems NNS X I-Skill
arising VBG X I-Skill
from IN X I-Skill
them PRP X I-Skill
Work NNP X I-Skill
as IN X I-Skill
part NN X I-Skill
of IN X I-Skill
the DT X I-Skill
team NN X I-Skill
at IN X O
either DT X O
site NN X O
when WRB X O
and CC X O
if IN X O
required VBN X O
, , X O
some DT X O
traveling NN X B-Skill
may MD X O
be VB X O
required VBN X O
Candidate NNP X O
We PRP X O

are VBP X O
seeking VBG X O
applicants NNS X O
with IN X O
good JJ X O
educational JJ X B-Qualification
qualifications NNS X I-Qualification
and CC X O
organisational JJ X B-Skill
ability NN X I-Skill
, , X O
who WP X O
have VBP X O
empathy VBN X B-Skill
with IN X I-Skill
students NNS X I-Skill
, , X O
are VBP X O
sympathetic JJ X O
to TO X O
their PRP$ X O
needs NNS X O
and CC X O
able JJ X B-Skill
to TO X I-Skill
motivate VB X I-Skill
and CC X I-Skill
encourage VB X O
them PRP X O
. . X O
You PRP X O

will MD X O
be VB X O
required VBN X O
to TO X O
sell VB X B-Skill
spaces NNS X I-Skill
at IN X I-Skill
leading VBG X I-Skill
events NNS X I-Skill
held VBN X O
around IN X O
the DT X O
globe NN X O
. . X O
Working VBG X O

within IN X O
a DT X O
busy JJ X O
department NN X O
you PRP X O
will MD X O
be VB X O
relied VBN X O
on IN X O
for IN X O
true JJ X O
right JJ X B-Skill
hand NN X I-Skill
support NN X I-Skill
. . X O
you PRP X O

have VBP X O
a DT X O
proven JJ X O
ability NN X O
with IN X O
the DT X O
core NN X B-Skill
programming NN X I-Skill
languages NNS X I-Skill
mentioned VBN X O
above IN X O
Commercial NNP X B-Skill
skills NNS X I-Skill
This DT X O

is VBZ X O
an DT X O
opportunity NN X O
to TO X O
join VB X O
a DT X O
superb NN X O
business NN X O
who WP X O
recognise VBP X O
the DT X O
opportunities NNS X O
they PRP X O
have VBP X O
to TO X O
develop VB X O
into IN X O
a DT X O
major JJ X O
lean JJ X O
success NN X O
. . X O
Development NNP X O

practices NNS X O
tend VBP X O
to TO X O
be VB X O
ahead RB X O
of IN X O
many JJ X O
financial JJ X B-Domain
institutions NNS X O
with IN X O
respect NN X O
to TO X O
continuous JJ X B-Skill
integration NN X I-Skill
, , X O
automated VBD X B-Skill
testing VBG X I-Skill
and CC X O
dynamic JJ X O
use NN X O
of IN X O
virtual JJ X B-Skill
machines NNS X I-Skill
. . X O
You PRP X O

will MD X O
have VB X O
proven VBN X O
experience NN X B-Skill
in IN X I-Skill
managing VBG X I-Skill
multiple JJ X I-Skill
relationships NNS X I-Skill
, , X O
multiple JJ X B-Skill
marketing NN X I-Skill
routes NNS X I-Skill
and CC X O
controlling VBG X B-Skill
projects NNS X I-Skill
to TO X I-Skill
fruition NN X I-Skill
. . X O
Sales NNS X B-Domain

or CC X O
related JJ X B-Skill
industry NN X I-Skill
experience NN X I-Skill
is VBZ X O
required VBN X O
: : X O
Sales NNS X B-Occupation
Executive NNP X I-Occupation
, , X O
Sales NNS X B-Occupation
Consultant NNP X I-Occupation
, , X O
Business NNP X B-Occupation
developer NN X I-Occupation
, , X O
Account NNP X B-Occupation
Manager NNP X I-Occupation
, , X O
Field NNP X O
Sales NNS X B-Domain
, , X O
Direct JJ X O
Sales NNS X B-Domain
, , X O
Sales NNS X B-Occupation
Advisor NNP X I-Occupation
, , X O
Financial NNP X O
Sales NNS X B-Domain
, , X O
etc FW X O
. . X O
The DT X O

number NN X O
of IN X O
students NNS X O
who WP X O
speak VBP X O
English NNP X O
as IN X O
their PRP$ X O
second JJ X O
language NN X O
is VBZ X O
just RB X O
below IN X O
the DT X O
national JJ X O
average NN X O
, , X O
and CC X O
the DT X O
number NN X O
of IN X O
children NNS X O
with IN X O
special JJ X O
educational JJ X O
needs NNS X O
in IN X O
School NNP X O
is VBZ X O
slightly RB X O
higher JJR X O
than IN X O
average NN X O
. . X O
To TO X O

describe VB X O
Cherryred NNP X O
in IN X O
one CD X O
sentence NN X O
& CC X O
ldquoWe NN X O
are VBP X O
focused VBN X B-Skill
, , X O
professional JJ X B-Skill
, , X O
driven RB X B-Skill
, , X O
exciting VBG X O
, , X O
funky NN X O
and CC X O
cool NN X O
, , X O
and CC X O
passionate VB X O
about IN X O
what WP X O
we PRP X O
do VBP X O
.& VB X O
rdquo VB X O
PLEASE NNP X O
They PRP X O

are VBP X O
now RB X O
looking VBG X O
to TO X O
recruit VB X O
a DT X O
Patient NNP X B-Occupation
Services NNPS X I-Occupation
Administrator NNP X I-Occupation
/ NNP X I-Occupation
Office NNP X I-Occupation
Coordinator NNP X I-Occupation
. . X O
Russian JJ X B-Skill

Speaking NNP X I-Skill
Senior NNP X B-Occupation
Broker NNP X I-Occupation
Got VBD X O
it PRP X O
in IN X O
you PRP X O
to TO X O
make VB X O
lots NNS X O
of IN X O
money NN X O
? . X O
Sales NNS X B-Domain

Distribution NNP X I-Domain
Offering VBG X B-Skill
support NN X I-Skill
enhancements NNS X I-Skill
to TO X I-Skill
the DT X I-Skill
SAP NNP X I-Skill
SD NNP X I-Skill
Provide NNP X I-Skill
training NN X I-Skill
and CC X I-Skill
support NN X I-Skill
for IN X I-Skill
all DT X I-Skill
end NN X I-Skill
users NNS X I-Skill
Develop VBP X I-Skill
the DT X I-Skill
system NN X I-Skill
wherever WDT X O
necessary JJ X O
, , X O
in IN X O
order NN X O
to TO X O
meet VB X O
business NN X O
expectations NNS X O
Reporting VBG X O

in IN X O
to TO X O
the DT X O
Managing NNP X B-Occupation
Director NNP X I-Occupation
of IN X O
the DT X O
business NN X O
, , X O
my PRP$ X O
client NN X O
is VBZ X O
looking VBG X O
to TO X O
recruit VB X O
a DT X O
driven NN X B-Skill
, , X O
handson JJ X B-Skill
individual NN X O
with IN X O
demonstrable JJ X O
experience NN X B-Skill
working VBG X I-Skill
in IN X I-Skill
a DT X I-Skill
growing VBG X I-Skill
SME NNP X I-Skill
environment NN X I-Skill
, , X O
not RB X O
afraid JJ X O
to TO X O
roll VB X O
up RP X O
your PRP$ X O
sleeves NNS X O
and CC X O
lead NN X B-Skill
from IN X I-Skill
the DT X I-Skill
front NN X I-Skill
. . X O
Prior NNP X O

experience NN X O
working VBG X O
in IN X O
an DT X O
Energy NNP X B-Skill
Trading NN X I-Skill
environment NN X I-Skill
Strong NNP X O
analytical JJ X B-Skill
ability NN X I-Skill
Degree NNP X B-Qualification
level NN X I-Qualification
education NN X B-Domain
in IN X O
a DT X O
numerate NN X O
subject JJ X O
Accounting NNP X B-Skill
qualification NN X O
preferable JJ X O
Strong NNP X O
Excel NNP X B-Skill
data NNS X I-Skill
handling VBG X I-Skill
experience NN X O
. . X O
Attitude NN X O

: : X O
You PRP X O
prefer VBP X O
automation NN X O
and CC X O
repeatable JJ X O
solutions NNS X O
to TO X O
quick VB X O
fixes NNS X O
We PRP X O

strive VBP X O
to TO X O
meet VB X O
the DT X O
needs NNS X O
and CC X O
wishes NNS X O
of IN X O
each DT X O
individual NN X O
and CC X O
place NN X O
people NNS X O
at IN X O
the DT X O
very JJ X O
heart NN X O
of IN X O
their PRP$ X O
own JJ X O
bespoke NN X O
care NN X B-Domain
programme NN X O
. . X O
Applicants NNS X O

must MD X O
have VB X O
completed VBN X O
their PRP$ X O
PhD NNP X B-Qualification
in IN X O
an DT X O
area NN X O
of IN X O
American JJ X O
history NN X O
. . X O
Answering VBG X B-Skill

the DT X I-Skill
telephone NN X I-Skill
and CC X O
dealing VBG X B-Skill
with IN X I-Skill
customers NNS X I-Skill
in IN X O
the DT X O
office NN X O
Should MD X O

be VB X O
willing JJ X O
to TO X O
work VB X O
overtime RB X O
and CC X O
other JJ X O
shift NN X O
patterns NNS X O
as IN X O
and CC X O
when WRB X O
required VBN X O
. . X O
Perform NNP X B-Skill

technical JJ X I-Skill
installation NN X I-Skill
, , X I-Skill
operation NN X I-Skill
, , X I-Skill
and CC X I-Skill
maintenance NN X I-Skill
, , X O
to TO X O
include VB X O
hardware NN X B-Skill
/ NNP X I-Skill
software NN X I-Skill
maintenance NN X I-Skill
support NN X I-Skill
, , X O
in IN X O
accordance NN X O
with IN X O
customer NN X O
specifications NNS X O
. . X O
To TO X O

assist VB X B-Skill
some DT X I-Skill
Directors NNS X I-Skill
with IN X I-Skill
entry NN X I-Skill
of IN X I-Skill
their PRP$ X I-Skill
expenses NNS X I-Skill
into IN X I-Skill
the DT X I-Skill
system NN X I-Skill
. . X O
Current JJ X O

requirements NNS X O
include VBP X O
: : X O
New NNP X B-Skill
cross NN X I-Skill
platform NN X I-Skill
Market NNP X I-Skill
Data NNP X I-Skill
application NN X I-Skill
interface NN X I-Skill
to TO X I-Skill
standardise VB X I-Skill
market NN X I-Skill
data NNS X I-Skill
use VBP X I-Skill
across IN X I-Skill
asset NN X I-Skill
classes NNS X I-Skill
Horizontally NNP X I-Skill
scaling VBG X I-Skill
the DT X I-Skill
database NN X I-Skill
with IN X I-Skill
a DT X I-Skill
distributed JJ X I-Skill
Coherence NNP X I-Skill
cache NN X I-Skill
New NNP X I-Skill
market NN X I-Skill
data NNS X I-Skill
validation NN X I-Skill
system NN X I-Skill
New NNP X I-Skill
data NNS X I-Skill
feeds NNS X I-Skill
from IN X I-Skill
upstream JJ X I-Skill
systems NNS X I-Skill
Rewrite NNP X I-Skill
of IN X I-Skill
data NNS X I-Skill
archiving VBG X I-Skill
subsystem NN X I-Skill
Introducing VBG X I-Skill
a DT X I-Skill
bespoke NN X I-Skill
automated VBN X I-Skill
deployment NN X I-Skill
system NN X I-Skill
Ensure NN X B-Skill

timely JJ X I-Skill
release NN X I-Skill
in IN X I-Skill
order NN X I-Skill
to TO X I-Skill
achieve VB X I-Skill
planned VBN X I-Skill
completion NN X I-Skill
dates NNS X I-Skill
. . X O
A DT X O

commitment NN X O
to TO X O
be VB X O
flexible JJ X B-Skill
and CC X O
to TO X O
embrace VB X B-Skill
change NN X I-Skill
is VBZ X O
expected VBN X O
. . X O
Some DT X O

are VBP X O
married VBN X O
, , X O
some DT X O
are VBP X O
single JJ X O
and CC X O
some DT X O
live VBP X O
with IN X O
a DT X O
partner NN X O
. . X O
First RB X O

class NN X O
presentation NN X B-Skill
skills NNS X I-Skill
and CC X O
a DT X O
good JJ X O
level NN X O
of IN X O
IT NNP X B-Skill
literacy NN X I-Skill
especially RB X O
with IN X O
MS NNP X B-Skill
PowerPoint NNP X I-Skill
is VBZ X O
also RB X O
key JJ X O
. . X O
Job NNP X O

Title NNP X O
Field NNP X B-Occupation
Sales NNS X I-Occupation
Account NNP X I-Occupation
Manager NNP X I-Occupation
/ NNP X O
Account NNP X B-Occupation
Executive NNP X I-Occupation
/ NNP X O
Hardware NNP X B-Occupation
Services NNPS X I-Occupation
Sales NNS X I-Occupation
, , X O
Proven NNP X O

experience NN X O
of IN X O
working VBG X O
within IN X O
a DT X O
Finance NNP X B-Domain
, , X O
IFP NNP X B-Domain
A NNP X O
or CC X O
Audit NNP X B-Domain
environment NN X O
Forecasting NNP X B-Skill
and CC X I-Skill
trend NN X I-Skill
analysis NN X I-Skill
To TO X O

find VB X O
out RP X O
more RBR X O
about IN X O
Real JJ X O
please NN X O
visit NN X O
www NN X O
. . X O
realstaffing VBG X O
. . X O
com NN X O
Work NN X B-Skill

within IN X I-Skill
the DT X I-Skill
company NN X I-Skill
guidelines NNS X I-Skill
with IN X I-Skill
regard NN X I-Skill
to TO X I-Skill
agreed VB X I-Skill
rates NNS X I-Skill
and CC X I-Skill
authorisation NN X I-Skill
levels NNS X I-Skill
. . X I-Skill
mso NN X O

hansi NN X O
themefont NN X O
: : X O
minorlatin NN X O
; : X O
mso CC X O
bidi JJ X O
fontfamily RB X O
: : X O
Times NNP X O
New NNP X O
Roman NNP X O
; : X O
We PRP X O

are VBP X O
looking VBG X O
for IN X O
an DT X O
outgoing NN X B-Skill
, , X O
dynamic JJ X B-Skill
individual NN X O
that WDT X O
has VBZ X O
the DT X O
ability NN X O
to TO X O
build VB X B-Skill
a DT X I-Skill
rapport NN X I-Skill
over IN X I-Skill
both DT X I-Skill
the DT X I-Skill
phone NN X I-Skill
and CC X I-Skill
face NN X I-Skill
to TO X I-Skill
face NN X I-Skill
. . X O
We PRP X O

are VBP X O
currently RB X O
searching VBG X O
for IN X O
an DT X O
ambitious JJ X B-Skill
and CC X O
capable JJ X B-Skill
individual JJ X O
to TO X O
take VB X O
on IN X O
a DT X O
new JJ X O
account NN X B-Skill
executive NN X I-Skill
opportunity NN X O
within IN X O
a DT X O
leading VBG X O
medical JJ X B-Domain
communications NNS X I-Domain
agency NN X O
based VBN X O
in IN X O
London NNP X O
. . X O
The DT X O

job NN X O
is VBZ X O
to TO X O
play VB X B-Skill
a DT X I-Skill
key JJ X I-Skill
role NN X I-Skill
in IN X O
the DT X O
continued JJ X O
success NN X O
of IN X O
the DT X O
company NN X O
by IN X O
focusing VBG X B-Skill
on IN X I-Skill
the DT X I-Skill
researching VBG X I-Skill
new JJ X I-Skill
leads NNS X I-Skill
and CC X O
setting VBG X B-Skill
up RP X I-Skill
meetings NNS X I-Skill
with IN X I-Skill
potential JJ X I-Skill
clients NNS X I-Skill
. . X O
Although IN X O

not RB X O
essential JJ X O
, , X O
experience NN X O
in IN X O
data NNS X B-Skill
analysis NN X I-Skill
and CC X O
management NN X B-Skill
coupled VBN X O
with IN X O
project NN X B-Skill
management NN X I-Skill
skills NNS X O
, , X O
would MD X O
be VB X O
beneficial JJ X O
. . X O
In IN X O

and CC X O
Out NNP X O
bound IN X O
calls VBZ X O
Selling VBG X B-Skill
into IN X I-Skill
Contractors NNS X I-Skill
and CC X I-Skill
End NN X I-Skill
Users NNS X I-Skill
Account NNP X B-Occupation

Director NNP X I-Occupation
Marketing NNP X I-Occupation
Senior NNP X I-Occupation
Account NNP X I-Occupation
Manager NNP X I-Occupation
Marketing NNP X B-Domain
Agency NNP X I-Domain
Marketing NNP X I-Domain
Services NNPS X I-Domain
Company NN X O
Role NNP X O

Homecare NNP X O
, , X O
also RB X O
known VBN X O
as IN X O
domiciliary JJ X O
care NN X O
is VBZ X O
the DT X O
support NN X B-Skill
and CC X I-Skill
help NN X I-Skill
with IN X I-Skill
personal JJ X I-Skill
care NN X I-Skill
and CC X I-Skill
household NN X I-Skill
tasks NNS X I-Skill
for IN X I-Skill
the DT X I-Skill
frail NN X I-Skill
or CC X I-Skill
those DT X I-Skill
with IN X I-Skill
long JJ X I-Skill
term NN X I-Skill
care NN X I-Skill
needs NNS X I-Skill
. . X O
Days NNS X O

to TO X O
be VB X O
worked VBN X O
: : X O
Monday NNP X O
to TO X O
Friday NNP X O
, , X O
7 CD X O
. . X O
5hrs CD X O
per IN X O
week NN X O
between IN X O
5 CD X O
. . X O
30pm CD X O
and CC X O
7pm CD X O
. . X O
A DT X O

centrally RB X O
located JJ X O
school NN X O
is VBZ X O
currently RB X O
seeking VBG X O
a DT X O
Maths NNP X B-Occupation
Teacher NNP X I-Occupation
for IN X O
a DT X O
permanent JJ X O
post NN X O
. . X O
**** JJ X O

**** NNP X O
**** NN X O
for IN X O
further JJ X O
information NN X O
or CC X O
to TO X O
arrange VB X O
an DT X O
interview NN X O
Please NNP X O
note NN X O
that IN X O
as IN X O
part NN X O
of IN X O
the DT X O
recruitment NN X B-Domain
process NN X O
you PRP X O
will MD X O
be VB X O
required VBN X O
to TO X O
complete VB X O
an DT X O
enhanced JJ X O
CRB NNP X B-Qualification
check NN X I-Qualification
. . X O
**** JJ X O

Social NNP X O
Work NNP X O
Employee NNP X O
Benefits NNP X O
Programme NNP X O
For IN X O
more JJR X O
information NN X O
and CC X O
to TO X O
find VB X O
other JJ X O
vacancies NNS X O
in IN X O
your PRP$ X O
area NN X O
contact NN X O
Ryan NNP X O
Hurst NNP X O
on IN X O
Ability NN X O

to TO X O
work VB X B-Skill
in IN X I-Skill
teams NNS X I-Skill
and CC X I-Skill
across IN X I-Skill
teams NNS X I-Skill
Excellent NNP X O
numeracy NN X B-Skill
skills NNS X O
Commitment NNP X O
to TO X O
providing VBG X B-Skill
support NN X I-Skill
and CC X I-Skill
guidance NN X I-Skill
to TO X I-Skill
residents NNS X I-Skill
in IN X I-Skill
resolving VBG X I-Skill
debt NN X I-Skill
issues NNS X I-Skill
. . X O
The DT X O

successful JJ X O
applicant NN X O
will MD X O
be VB X O
involved VBN X O
in IN X O
a DT X O
wide JJ X O
range NN X O
of IN X O
management NN X B-Skill
related JJ X I-Skill
tasks NNS X I-Skill
including VBG X O
ensuring VBG X B-Skill
CQC NNP X I-Skill
regulations NNS X I-Skill
are VBP X I-Skill
met VBN X I-Skill
, , X O
ensuring VBG X B-Skill
quality NN X I-Skill
care NN X I-Skill
is VBZ X I-Skill
delivered VBN X I-Skill
at IN X I-Skill
all DT X I-Skill
times NNS X I-Skill
, , X O
safeguarding VBG X B-Skill
the DT X I-Skill
wellbeing NN X I-Skill
of IN X I-Skill
all DT X I-Skill
service NN X I-Skill
users NNS X I-Skill
, , X I-Skill
staff NN X I-Skill
/ NNP X I-Skill
nurse NN X I-Skill
management NN X I-Skill
and CC X O
team NN X B-Skill
development NN X I-Skill
. . X O
Normal JJ X O

working VBG X O
hours NNS X O
will MD X O
include VB X O
alternating JJ X O
shifts NNS X O
, , X O
Monday NNP X O
to TO X O
Friday NNP X O
, , X O
during IN X O
term NN X O
time NN X O
of IN X O
8am4pm CD X O
, , X O
10am6pm CD X O
and CC X O
2pm10pm CD X O
. . X O
We PRP X O

want VBP X O
to TO X O
meet VB X O
the DT X O
best JJS X O
Recruiters NNS X B-Occupation
in IN X O
the DT X O
area NN X O
, , X O
someone NN X O
who WP X O
wants VBZ X O
to TO X O
take VB X O
the DT X O
step NN X O
into IN X O
leading VBG X O
a DT X O
team NN X O
and CC X O
has VBZ X O
fresh JJ X O
and CC X O
exciting JJ X O
ideas NNS X O
, , X O
someone NN X O
who WP X O
wants VBZ X O
a DT X O
vast JJ X O
area NN X O
to TO X O
work VB X O
in IN X O
and CC X O
someone NN X O
who WP X O
wants VBZ X O
to TO X O
be VB X O
involved VBN X O
in IN X O
strategic JJ X B-Skill
planning NN X I-Skill
with IN X O
the DT X O
setting NN X B-Skill
of IN X I-Skill
financial JJ X I-Skill
and CC X I-Skill
sales NNS X I-Skill
reviews NNS X I-Skill
. . X O
Photoshop NNP X B-Skill

/ NNP X O
HTML NNP X B-Skill
/ NNP X O
CSS NNP X B-Skill
Leeds NNP X O
Senitor NNP X O
Associates NNPS X O
Ltd NNP X O
is VBZ X O
acting VBG X O
as IN X O
an DT X O
Employment NNP X B-Domain
Agency NNP X O
in IN X O
relation NN X O
to TO X O
this DT X O
vacancy NN X O
. . X O
FREE JJ X O

FROM IN X O
THE NNP X O
RESTRICTIONS NNP X O
OF NNP X O
VISA NNP X O
S NNP X O
AND NNP X O
WORK NNP X O
PERMITS NNP X O
. . X O
Have NNP X O

previously RB X O
worked VBN X O
in IN X O
an DT X O
FMCG NNP X B-Skill
paced VBD X I-Skill
working VBG X I-Skill
environment NN X I-Skill
ROLE NNP X O
INFORMATION NN X O
: : X O
To TO X O

apply VB X O
for IN X O
the DT X O
Group NNP X O
Account NNP X O
Director NNP X O
opportunity NN X O
, , X O
please VB X O
click VB X O
the DT X O
' '' X O
Apply NNP X O
' POS X O
button NN X O
below IN X O
. . X O
You PRP X O

will MD X O
be VB X O
rewarded VBN X O
with IN X O
ongoing VBG X O
training NN X O
, , X O
a DT X O
leading VBG X O
salary NN X O
, , X O
car NN X O
/ NN X O
car NN X O
allowance NN X O
, , X O
a DT X O
12 CD X O
% NN X O
bonus NN X O
and CC X O
a DT X O
consise NN X O
benefits NNS X O
package NN X O
. . X O
, , X O

this DT X O
is VBZ X O
an DT X O
exciting JJ X O
opportunity NN X O
for IN X O
a DT X O
candidate NN X O
to TO X O
report VB X O
directly RB X O
into IN X O
the DT X O
Financial NNP X B-Occupation
Controller NNP X I-Occupation
whilst NN X O
having VBG X O
a DT X O
dotted JJ X B-Skill
reporting NN X I-Skill
line NN X O
into IN X O
a DT X O
passionate JJ X B-Skill
entrepreneur NN X B-Occupation
and CC X O
MD NNP X B-Occupation
. . X O
This DT X O

is VBZ X O
an DT X O
opportunity NN X O
to TO X O
work VB X O
for IN X O
a DT X O
brilliant JJ X O
agency NN X O
who WP X O
have VBP X O
a DT X O
legacy NN X O
of IN X O
using VBG X O
. . X B-Skill
net NN X I-Skill
and CC X O
fully RB X O
appreciate VB X O
its PRP$ X O
importance NN X O
. . X O
It PRP X O

s VBZ X O
easy JJ X O
to TO X O
take VB X O
pride NN X O
in IN X O
your PRP$ X O
work NN X O
when WRB X O
you PRP X O
re VBP X O
delivering VBG X O
top JJ X O
quality NN X O
food NN X O
designed VBN X O
by IN X O
passionate NN X O
chefs NNS X O
. . X O
The DT X O

group NN X O
also RB X O
runs VBZ X O
a DT X O
comprehensive JJ X O
benefits NNS X O
package NN X O
, , X O
including VBG X O
pension NN X O
and CC X O
health NN X O
schemes NNS X O
. . X O
Working VBG X O

for IN X O
Active NNP X O
not RB X O
only RB X O
gave VBD X O
me PRP X O
all PDT X O
these DT X O
things NNS X O
, , X O
it PRP X O
was VBD X O
also RB X O
great JJ X O
fun NN X O
, , X O
eye NN X O
opening NN X O
and CC X O
inspiring NN X O
. . X O
Role NNP X O

will MD X O
include VB X O
all DT X O
catering NN X B-Skill
for IN X I-Skill
family NN X I-Skill
members NNS X I-Skill
and CC X O
regular JJ X B-Skill
dinner NN X I-Skill
parties NNS X I-Skill
The DT X O

Enrolment NNP X B-Domain
Management NNP X I-Domain
Team NNP X O
is VBZ X O
the DT X O
customer NN X O
facing NN X O
operation NN X O
of IN X O
the DT X O
Admissions NNP X O
and CC X O
enrolment JJ X B-Skill
service NN X I-Skill
and CC X O
the DT X O
key JJ X O
requirement NN X O
is VBZ X O
to TO X O
convert VB X O
enquiries NNS X O
to TO X O
applications NNS X O
and CC X O
applications NNS X O
to TO X O
enrolled VB X O
students NNS X O
. . X O
The DT X O

prospective JJ X B-Skill
candidate NN X O
should MD X O
be VB X O
willing JJ X O
to TO X O
travel VB X B-Skill
on IN X I-Skill
short JJ X I-Skill
duration NN X I-Skill
international JJ X I-Skill
assignments NNS X I-Skill
if IN X O
required VBN X O
. . X O
Our PRP$ X O

client NN X O
provides VBZ X O
education NN X B-Skill
, , X O
training NN X B-Skill
and CC X O
the DT X O
development NN X B-Skill
of IN X I-Skill
skills NNS X I-Skill
for IN X O
its PRP$ X O
members NNS X O
, , X O
and CC X O
those DT X O
who WP X O
wish VBP X O
to TO X O
become VB X B-Skill
more RBR X I-Skill
proficient JJ X I-Skill
and CC X I-Skill
knowledgeable JJ X I-Skill
in IN X I-Skill
the DT X I-Skill
law NN X I-Skill
. . X O
You PRP X O

will MD X O
be VB X O
responsible JJ X B-Skill
for IN X I-Skill
The DT X I-Skill
daytoday JJ X I-Skill
functions NNS X I-Skill
of IN X I-Skill
the DT X I-Skill
office NN X I-Skill
Coordinating NNP X I-Skill
office NN X I-Skill
supplies NNS X I-Skill
and CC X I-Skill
stationery NN X I-Skill
Taking VBG X I-Skill
telephone NN X I-Skill
enquiries NNS X I-Skill
Maintaining VBG X I-Skill
the DT X I-Skill
clinic JJ X I-Skill
appearance NN X I-Skill
Meeting NNP X I-Skill
and CC X I-Skill
greeting VBG X I-Skill
patients NNS X I-Skill
Maintaining VBG X I-Skill
financial JJ X I-Skill
records NNS X I-Skill
and CC X I-Skill
petty JJ X I-Skill
cash NN X I-Skill
etc NN X O
. . X O
Formulation NN X B-Skill

of IN X I-Skill
product NN X I-Skill
development NN X I-Skill
strategy NN X I-Skill
and CC X I-Skill
work NN X I-Skill
breakdown NN X I-Skill
structure NN X I-Skill
. . X O
Reading NN X B-Skill

, , X O
Berkshire NNP X O
Senior NNP X B-Occupation
Inside NNP X I-Occupation
Sales NNS X I-Occupation
, , X O
Native NNP X B-Skill
or CC X I-Skill
fluent JJ X I-Skill
German JJ X I-Skill
or CC X I-Skill
Swedish JJ X I-Skill
The DT X O

system NN X O
operates VBZ X O
globally RB X O
and CC X O
manages VBZ X O
the DT X O
full JJ X O
lifecycle NN X O
of IN X O
our PRP$ X O
particular JJ X O
trading NN X O
process NN X O
requirements NNS X O
, , X O
from IN X O
trade NN X B-Skill
capture NN X I-Skill
, , X O
contract NN X B-Skill
generation NN X I-Skill
and CC X O
confirmation NN X B-Skill
tracking NN X I-Skill
, , X O
to TO X O
invoice VB X B-Skill
management NN X I-Skill
, , X O
market NN X B-Skill
data NNS X I-Skill
capture NN X I-Skill
, , X O
and CC X O
flexible JJ X B-Skill
reporting NN X I-Skill
facilities NNS X O
. . X O
The DT X O

role NN X O
consists VBZ X O
of IN X O
a DT X O
mixture NN X O
of IN X O
support NN X B-Skill
, , X I-Skill
maintenance NN X I-Skill
, , X O
enhancements NNS X B-Skill
, , X O
development NN X B-Skill
, , X O
specification NN X B-Skill
and CC X O
testing NN X B-Skill
. . X O
Demonstrated NNP X O

success NN X B-Skill
in IN X O
Road NNP X B-Domain
Asset NNP X I-Domain
maintenance NN X I-Domain
contracts NNS X O
, , X O
and CC X O
/ NNP X O
or CC X O
Performance NNP X B-Domain
Specified NNP X I-Domain
or CC X I-Domain
Alliance NNP X I-Domain
style NN X I-Domain
Asset NNP X I-Domain
Maintenance NNP X I-Domain
contracts NNS X O
. . X O
From IN X O

time NN X O
to TO X O
time NN X O
you PRP X O
may MD X O
be VB X O
requested VBN X O
to TO X O
work VB X B-Skill
outside IN X I-Skill
of IN X I-Skill
your PRP$ X I-Skill
normal JJ X I-Skill
working JJ X I-Skill
hours NNS X I-Skill
to TO X O
help VB X O
maintain VB X B-Skill
effective JJ X I-Skill
cover NN X I-Skill
. . X O
This DT X O

role NN X O
is VBZ X O
to TO X O
join VB X B-Skill
an DT X I-Skill
established VBN X I-Skill
team NN X I-Skill
, , X O
working VBG X B-Skill
predominantly RB X I-Skill
for IN X I-Skill
power NN X I-Skill
station NN X I-Skill
clients NNS X I-Skill
, , X O
both DT X O
on IN X O
new JJ X B-Skill
system NN X I-Skill
development NN X I-Skill
and CC X O
also RB X O
supporting VBG X B-Skill
modifications NNS X I-Skill
to TO X I-Skill
our PRP$ X I-Skill
large JJ X I-Skill
installed JJ X I-Skill
base NN X I-Skill
of IN X I-Skill
the DT X I-Skill
firm NN X I-Skill
s VBD X I-Skill
systems NNS X I-Skill
. . X O
A DT X O

Qualified NNP X O
Financial NNP X B-Occupation
and CC X I-Occupation
Management NNP X I-Occupation
Accountant NNP X I-Occupation
is VBZ X O
required VBN X O
for IN X O
a DT X O
extremely RB X O
progressive JJ X O
insurance NN X B-Domain
company NN X O
based VBN X O
inLondon NN X O
. . X O
Team NN X B-Domain

building NN X I-Domain
events NNS X O
and CC X O
monthly JJ X O
award NN X O
schemes NNS X O
are VBP X O
the DT X O
norm NN X O
within IN X O
the DT X O
company NN X O
. . X O
You PRP X O

will MD X O
be VB X O
working VBG X O
directly RB X O
with IN X O
the DT X O
Creative NNP X B-Occupation
Director NNP X I-Occupation
, , X O
so IN X O
someone NN X O
who WP X O
is VBZ X O
forthcoming VBG X B-Skill
with IN X I-Skill
their PRP$ X I-Skill
creative JJ X I-Skill
ideas NNS X I-Skill
and CC X I-Skill
able JJ X I-Skill
to TO X I-Skill
voice VB X I-Skill
them PRP X I-Skill
is VBZ X O
required VBN X O
. . X O
Organised VBN X B-Skill

, , X O
with IN X O
good JJ X O
time NN X B-Skill
management NN X I-Skill
skills NNS X O
and CC X O
the DT X O
ability NN X O
to TO X O
meet VB X B-Skill
deadlines NNS X I-Skill
You PRP X O

should MD X O
ideally RB X O
thrive VB X O
in IN X O
a DT X O
small JJ X O
team NN X O
environment NN X O
and CC X O
enjoy VB X O
gaining VBG X B-Skill
ownership NN X I-Skill
of IN X I-Skill
parts NNS X I-Skill
of IN X I-Skill
the DT X I-Skill
project NN X I-Skill
as RB X O
well RB X O
as IN X O
liaising VBG X B-Skill
with IN X I-Skill
peers NNS X I-Skill
, , X O
contributing VBG X B-Skill
to TO X I-Skill
ideas NNS X I-Skill
and CC X O
assisting VBG X B-Skill
with IN X I-Skill
the DT X I-Skill
backend NN X I-Skill
ASP NNP X I-Skill
. . X I-Skill
Net JJ X I-Skill
/ NN X I-Skill
C NNP X I-Skill
development NN X I-Skill
. . X O
Design NN X O

for IN X O
Through NNP X B-Occupation
Life NNP X I-Occupation
Cost NNP X I-Occupation
Facilitator NNP X I-Occupation
/ NNP X O
Analysis NNP X B-Occupation
cocoordinator NN X I-Occupation
Role NNP X O
Purpose NNP X O
: : X O
To TO X O
act VB X B-Skill
as IN X I-Skill
lead JJ X I-Skill
facilitator NN X I-Skill
and CC X I-Skill
coordinator NN X I-Skill
in IN X I-Skill
the DT X I-Skill
deployment NN X I-Skill
of IN X I-Skill
the DT X I-Skill
DTLC NNP X I-Skill
Design NNP X I-Skill
for IN X I-Skill
Through NNP X I-Skill
Life NNP X I-Skill
Cost NNP X I-Skill
tools NNS X I-Skill
and CC X I-Skill
methodologies NNS X I-Skill
across IN X I-Skill
the DT X I-Skill
Engineering NNP X I-Skill
functions NNS X I-Skill
within IN X I-Skill
the DT X I-Skill
emerging VBG X I-Skill
and CC X I-Skill
future JJ X I-Skill
projects NNS X I-Skill
. . X O
Team NN X B-Occupation

Managers NNPS X I-Occupation
in IN X O
order NN X O
to TO X O
deliver VB X O
the DT X O
Client NNP X O
' POS X O
s JJ X O
definitions NNS X O
of IN X O
success NN X O
. . X O
This DT X O

charity NN X O
is VBZ X O
at IN X O
the DT X O
forefront NN X O
in IN X O
dealing VBG X O
with IN X O
some DT X O
of IN X O
the DT X O
most RBS X O
challenging JJ X O
situations NNS X O
around IN X O
the DT X O
world NN X O
. . X O
Looking VBG X O

for IN X O
someone NN X O
who WP X O
is VBZ X O
wanting VBG X B-Skill
to TO X I-Skill
progress VB X I-Skill
within IN X I-Skill
a DT X I-Skill
growing VBG X I-Skill
company NN X I-Skill
, , X O
the DT X O
role NN X O
is VBZ X O
for IN X O
a DT X O
mobile JJ X O
multiskilled JJ X O
maintenance NN X B-Occupation
engineer NN X I-Occupation
mainly RB X O
based VBN X O
in IN X O
the DT X O
city NN X O
however RB X O
will MD X O
be VB X O
covering VBG X O
all DT X O
sites NNS X O
within IN X O
and CC X O
around IN X O
the DT X O
M25 NNP X O
. . X O
Experience NN X O

of IN X O
completing VBG X B-Skill
sales NNS X I-Skill
forecasts NNS X I-Skill
and CC X I-Skill
budgets NNS X I-Skill
IT NNP X I-Skill
literate NN X I-Skill
to TO X O
basic VB X O
level NN X O
, , X O
including VBG X O
Word NNP X B-Skill
, , X I-Skill
Excel NNP X I-Skill
and CC X O
Powerpoint NNP X B-Skill
Sometimes RB X O

this DT X O
is VBZ X O
achieved VBN X O
directly RB X O
in IN X O
response NN X O
to TO X O
requests NNS X O
from IN X O
senior JJ X O
management NN X O
, , X O
other JJ X O
times NNS X O
it PRP X O
is VBZ X O
indirect JJ X O
and CC X O
will MD X O
involve VB X O
supporting VBG X B-Skill
other JJ X I-Skill
teams NNS X I-Skill
on IN X I-Skill
financial JJ X I-Skill
matters NNS X I-Skill
. . X O
The DT X O

Faculty NNP X O
of IN X O
Performance NNP X O
, , X O
Media NNP X O
and CC X O
English NNP X O
PME NNP X O
comprises VBZ X O
the DT X O
Birmingham NNP X O
Conservatoire NNP X O
and CC X O
the DT X O
Schools NNP X O
of IN X O
Media NNP X O
, , X O
English NNP X O
and CC X O
Acting NNP X O
. . X O
Our PRP$ X O

Client NNP X O
Our PRP$ X O
client NN X O
is VBZ X O
a DT X O
well RB X O
known VBN X O
blue JJ X O
chip NN X O
convenience NN X O
food NN X O
retailer NN X O
and CC X O
is VBZ X O
the DT X O
employer NN X O
of IN X O
choice NN X O
for IN X O
over IN X O
require NN X O

dedicated VBN X B-Skill
, , X O
professional JJ X B-Skill
people NNS X O
in IN X O
the DT X O
Alton NNP X O
area NN X O
who WP X O
have VBP X O
a DT X O
passion NN X O
for IN X O
care NN X B-Domain
work NN X O
and CC X O
are VBP X O
happy JJ X O
to TO X O
complete VB X O
full JJ X O
mandatory NN X O
and CC X O
work NN X O
based VBN X O
training NN X O
to TO X O
become VB X O
a DT X O
Domiciliary NNP X B-Occupation
Care NNP X I-Occupation
Worker NNP X I-Occupation
. . X O
Proven NNP X O

track NN X B-Skill
record NN X I-Skill
of IN X I-Skill
managing VBG X I-Skill
projects NNS X I-Skill
to TO X I-Skill
set VB X I-Skill
budgets NNS X I-Skill
, , X I-Skill
targets NNS X I-Skill
and CC X I-Skill
deadlines NNS X I-Skill
The DT X O

studentship NN X O
will MD X O
characterise VB X B-Skill
virulence NN X I-Skill
factors NNS X I-Skill
that WDT X O
activate VBP X O
signaling VBG X O
pathways NNS X O
controlling VBG X O
intestinal JJ X O
tumorigenesis NN X O
, , X O
and CC X O
investigate VB X B-Skill
bacteriahost NN X I-Skill
mucosa JJ X I-Skill
interactions NNS X I-Skill
in IN X I-Skill
3D CD X I-Skill
organotypic JJ X I-Skill
culture NN X I-Skill
models NNS X I-Skill
to TO X O
be VB X O
developed VBN X O
as IN X O
part NN X O
of IN X O
this DT X O
project NN X O
using VBG X O
rotatingwall JJ X O
vessel NN X O
bioreactor NN X O
technology NN X O
. . X O
Someone NN X O

s VBD X O
actually RB X O
recruiting VBG X O
for IN X O
COBOL NNP X B-Occupation
programmers NNS X I-Occupation
, , X O
in IN X O
an DT X O
interesting JJ X O
sector NN X O
, , X O
with IN X O
prospects NNS X O
in IN X O
Java NNP X B-Skill
They PRP X O
even RB X O
have VBP X O
a DT X O
casual JJ X O
dress NN X O
code NN X O
too RB X O
. . X O
You PRP X O

will MD X O
be VB X O
ACA NNP X B-Qualification
, , X I-Qualification
ACCA NNP X I-Qualification
qualified VBD X I-Qualification
or CC X I-Qualification
equivalent JJ X I-Qualification
with IN X O
a DT X O
background NN X B-Skill
gained VBD X O
within IN X O
accountancy NN X B-Skill
practice NN X I-Skill
from IN X I-Skill
small JJ X I-Skill
, , X I-Skill
medium NN X I-Skill
or CC X I-Skill
large JJ X I-Skill
regional JJ X I-Skill
firm NN X I-Skill
environment NN X I-Skill
, , X O
with IN X O
skills NNS X O
across IN X O
audit NN X B-Skill
, , X O
accounts NNS X B-Skill
and CC X O
general JJ X B-Skill
practice NN X I-Skill
services NNS X I-Skill
. . X O
some DT X O

multilingual JJ X O
, , X O
thesauri NN X O
, , X O
taxonomies NNS X O
, , X O
hierarchies NNS X O
, , X O
controlledvocabularies NNS X O
, , X O
synonyms NN X O
and CC X O
metadata NN X O
of IN X O
structured JJ X O
reference NN X O
datasets NNS X O
including VBG X O
headings NNS X O
, , X O
classifications NNS X O
, , X O
categories NNS X O
, , X O
keywords NNS X O
and CC X O
templates NNS X O
used VBN X O
in IN X O
hibu JJ X O
s JJ X O
Digital NNP X O
and CC X O
Consumer NNP X O
products NNS X O
. . X O
They PRP X O

benefit VBP X O
from IN X O
partnering VBG X O
one CD X O
of IN X O
the DT X O
world NN X O
s VBZ X O
most RBS X O
foremost VB X O
IT NNP X O
organisations NNS X O
and CC X O
are VBP X O
set VBN X O
for IN X O
some DT X O
excellent JJ X O
growth NN X O
in IN X O
their PRP$ X O
London NNP X O
office NN X O
hence RB X O
their PRP$ X O
current JJ X O
requirement NN X O
for IN X O
a DT X O
new JJ X O
Sales NNS X B-Occupation
Executive NN X I-Occupation
. . X O
Presenting VBG X B-Skill

analysis NN X I-Skill
and CC X I-Skill
insights NNS X I-Skill
to TO X I-Skill
executive NN X I-Skill
and CC X I-Skill
other JJ X I-Skill
business NN X I-Skill
stakeholders NNS X I-Skill
. . X O
Conduct NNP X B-Skill

sales NNS X I-Skill
negotiations NNS X I-Skill
with IN X I-Skill
customers NNS X I-Skill
having VBG X O
responsibility NN X B-Skill
for IN X I-Skill
agreeing VBG X I-Skill
planned JJ X I-Skill
volume NN X I-Skill
, , X I-Skill
price NN X I-Skill
targets NNS X I-Skill
etc VBP X O
. . X O
We PRP X O

need VBP X O
someone NN X O
who WP X O
can MD X O
accept VB X B-Skill
a DT X I-Skill
solution NN X I-Skill
from IN X I-Skill
a DT X I-Skill
Creative NNP X I-Skill
Director NNP X I-Skill
and CC X I-Skill
challenge VB X I-Skill
it PRP X I-Skill
too RB X I-Skill
. . X O
My PRP$ X O

client NN X O
is VBZ X O
offering VBG X O
a DT X O
generous JJ X O
salary NN X O
and CC X O
benefits NNS X O
package NN X O
as RB X O
well RB X O
as IN X O
fantastic JJ X O
opportunities NNS X O
to TO X O
progress VB X O
to TO X O
Associate NNP X O
level NN X O
and CC X O
beyond IN X O
. . X O
Reporting VBG X O

to TO X O
the DT X O
Warehouse NNP X B-Occupation
Manager NNP X I-Occupation
, , X O
the DT X O
role NN X O
will MD X O
be VB X O
both DT X O
challenging JJ X O
and CC X O
demanding VBG X O
. . X O
**** NN X O

minutes NNS X O
, , X O
5pm CD X O
30 CD X O
minutes NNS X O
9 CD X O
. . X O
30pm CD X O
30 CD X O
minutes NNS X O
all DT X O
shifts NNS X O
with IN X O
two CD X O
staff NN X O
To TO X O

assist VB X B-Skill
in IN X I-Skill
all DT X I-Skill
administration NN X I-Skill
duties NNS X I-Skill
and CC X O
assist JJ X B-Skill
members NNS X I-Skill
of IN X I-Skill
the DT X I-Skill
team NN X I-Skill
, , X O
you PRP X O
will MD X O
be VB X O
responsible JJ X B-Skill
for IN X I-Skill
all DT X I-Skill
in IN X I-Skill
coming VBG X I-Skill
calls NNS X I-Skill
to TO X I-Skill
the DT X I-Skill
company NN X I-Skill
and CC X O
therefore RB X O
will MD X O
need VB X O
to TO X O
have VB X O
excellent JJ X O
communication NN X B-Skill
skills NNS X I-Skill
. . X O
You PRP X O

will MD X O
be VB X O
working VBG X O
early JJ X O
mornings NNS X O
, , X O
12 CD X O
hrs NN X O
per IN X O
week NN X O
to TO X O
clean VB X B-Skill
the DT X I-Skill
store NN X I-Skill
. . X O
Benefits NNS X O

Ref NNP X O
: : X O
BBBH NNP X O
**** NNP X O
ey NN X O
words NNS X O
and CC X O
phrases NNS X O
important JJ X O
to TO X O
this DT X O
job NN X O
include VBP X O
: : X O
The DT X O

role NN X O
is VBZ X O
due JJ X O
to TO X O
commence VB X O
within IN X O
a DT X O
quick JJ X O
turnaround NN X O
time NN X O
and CC X O
offers VBZ X O
a DT X O
generous JJ X O
remuneration NN X O
package NN X O
for IN X O
the DT X O
successful JJ X O
candidate NN X O
. . X O
Qualifications NNS X O

: : X B-Skill
Educated VBN X I-Skill
to TO X I-Skill
professional JJ X I-Skill
level NN X O
with IN X O
a DT X O
relevant JJ X B-Qualification
degree NN X I-Qualification
or CC X I-Qualification
equivalent NN X I-Qualification
in IN X I-Qualification
a DT X I-Qualification
core NN X I-Qualification
business NN X I-Qualification
related JJ X I-Qualification
discipline NN X I-Qualification
. . X O
Business JJ X B-Occupation

Analyst NNP X I-Occupation
Manufacturing NNP X O
and CC X O
Quality NNP X O
PURPOSE NNP X O
OF IN X O
THE NNP X O
POSITION NNP X O
Work NNP X B-Skill
closely RB X I-Skill
with IN X I-Skill
all DT X I-Skill
levels NNS X I-Skill
of IN X I-Skill
the DT X I-Skill
Manufacturing NNP X I-Skill
and CC X I-Skill
Quality NNP X I-Skill
communities NNS X I-Skill
to TO X I-Skill
identify VB X I-Skill
business NN X I-Skill
issues NNS X I-Skill
and CC X I-Skill
determine VB X I-Skill
where WRB X I-Skill
IM NNP X I-Skill
can MD X I-Skill
add VB X I-Skill
value NN X I-Skill
though IN X I-Skill
business NN X I-Skill
process NN X I-Skill
changes NNS X I-Skill
and CC X I-Skill
innovation NN X I-Skill
Act NNP X I-Skill
as IN X I-Skill
the DT X I-Skill
liaison NN X I-Skill
between IN X I-Skill
the DT X I-Skill
business NN X I-Skill
groups NNS X I-Skill
and CC X I-Skill
IM NNP X I-Skill
Shared NNP X I-Skill
Services NNPS X I-Skill
to TO X I-Skill
ensure VB X I-Skill
understanding NN X I-Skill
, , X I-Skill
successful JJ X I-Skill
delivery NN X I-Skill
on IN X I-Skill
time NN X I-Skill
and CC X I-Skill
in IN X I-Skill
budget NN X I-Skill
Work NN X I-Skill
closely RB X I-Skill
with IN X I-Skill
the DT X I-Skill
Business NNP X B-Occupation
Relationship NNP X I-Occupation
Director NNP X I-Occupation
to TO X B-Skill
build VB X I-Skill
maintain JJ X I-Skill
solutions NNS X I-Skill
roadmap VBP X I-Skill
for IN X I-Skill
the DT X I-Skill
Sector NNP X I-Skill
Participates NNPS X I-Skill
with IN X I-Skill
the DT X I-Skill
BRD NNP X I-Skill
in IN X I-Skill
defining VBG X I-Skill
the DT X I-Skill
IT NNP X I-Skill
strategy NN X I-Skill
, , X O
Priorities NNPS X B-Skill
and CC X I-Skill
Budget NNP X I-Skill
for IN X I-Skill
the DT X I-Skill
relevant JJ X I-Skill
business NN X I-Skill
functions NNS X I-Skill
Establish VBP X I-Skill
an DT X I-Skill
active JJ X I-Skill
Key NNP X I-Skill
user NNP X I-Skill
community NN X I-Skill
with IN X I-Skill
relevant JJ X I-Skill
Business NNP X I-Skill
functions NNS X I-Skill
We PRP X O

will MD X O
provide VB X O
you PRP X O
with IN X O
full JJ X O
product NN X O
training NN X O
on IN X O
our PRP$ X O
solar JJ X O
products NNS X O
. . X O
Handle NNP X O

Recruitment NNP X O
are VBP X O
delighted VBN X O
to TO X O
be VB X O
working VBG X O
with IN X O
leading VBG X O
PR NNP X O
agency NN X O
, , X O
in IN X O
a DT X O
search NN X O
to TO X O
find VB X O
an DT X O
Assistant NNP X B-Occupation
Accountant NNP X I-Occupation
to TO X O
join VB X O
their PRP$ X O
London NNP X O
office NN X O
. . X O
For IN X O

such PDT X O
a DT X O
strategic JJ X O
role NN X O
as IN X O
this DT X O
, , X O
my PRP$ X O
client NN X O
is VBZ X O
looking VBG X O
to TO X O
make VB X O
a DT X O
very RB X O
attractive JJ X O
offer NN X O
and CC X O
besides IN X O
a DT X O
basic JJ X O
salary NN X O
anticipated VBD X O
to TO X O
be VB X O
in IN X O
the DT X O
region NN X O
of IN X O
Business NN X O

Unit NNP X O
/ NNP X O
Area NNP X O
Overview NNP X O
ESDomestic NNP X O
Sector NNP X O
Purpose NNP X O
of IN X O
Role NNP X O
To TO X O
build VB X B-Skill
, , X I-Skill
manage NN X I-Skill
amp NN X I-Skill
; : X O
maintain CC X B-Skill
financial JJ X I-Skill
Models NNP X I-Skill
amp NN X I-Skill
; : X O
provide CC X B-Skill
internal JJ X I-Skill
expertise NN X I-Skill
in IN X I-Skill
Financial NNP X I-Skill
Modelling NNP X I-Skill
for IN X I-Skill
bidding NN X I-Skill
amp NN X I-Skill
; : X O
refinancing VBG X B-Skill
PPP NNP X I-Skill
/ NNP X I-Skill
PFI NNP X I-Skill
projects NNS X I-Skill
. . X O
Carry NNP X B-Skill

out RP X I-Skill
benchmarking NN X I-Skill
, , X O
preparing VBG X O
in IN X O
a DT X O
comprehensible JJ X O
format NN X O
that WDT X O
can MD X O
be VB X O
circulated VBN X O
Assist NNP X B-Skill
with IN X I-Skill
material JJ X I-Skill
preparation NN X I-Skill
and CC X I-Skill
plans NNS X I-Skill
for IN X I-Skill
product NN X I-Skill
launches NNS X I-Skill
, , X I-Skill
training NN X I-Skill
, , X O
presentation NN X B-Skill
Assist NNP X I-Skill
with IN X I-Skill
product NN X I-Skill
testing NN X I-Skill
and CC X I-Skill
collation NN X I-Skill
of IN X I-Skill
results NNS X I-Skill
/ JJ X I-Skill
information NN X I-Skill
Monitor NNP X I-Skill
market NN X I-Skill
trends NNS X I-Skill
and CC X I-Skill
competitor NN X I-Skill
activity NN X I-Skill
liaising VBG X I-Skill
with IN X I-Skill
internal JJ X I-Skill
departments NNS X I-Skill
, , X I-Skill
external JJ X I-Skill
sales NNS X I-Skill
team NN X I-Skill
, , X I-Skill
retailers NNS X I-Skill
, , X I-Skill
reviewing VBG X I-Skill
relevant JJ X I-Skill
media NNS X I-Skill
We PRP X O

create VBP X O
individually RB X O
tailored VBN X O
pathways NNS X O
of IN X O
Education NNP X B-Domain
and CC X O
Care NNP X B-Domain
for IN X O
each DT X O
young JJ X O
person NN X O
and CC X O
are VBP X O
passionate JJ X O
about IN X O
finding VBG X O
unique JJ X O
ways NNS X O
forward RB X O
for IN X O
young JJ X O
people NNS X O
placed VBN X O
with IN X O
us PRP X O
. . X O
You PRP X O

will MD X O
need VB X O
to TO X O
be VB X O
computer NN X B-Skill
literate NN X I-Skill
and CC X O
have VBP X O
previous JJ X O
customer NN X B-Skill
service NN X I-Skill
experience NN X O
in IN X O
both DT X O
customer NN X O
facing NN X O
and CC X O
interface NN X O
with IN X O
suppliers NNS X O
. . X O
The DT X O

Candidate NNP X O
Fully NNP X B-Skill
qualified VBD X I-Skill
Accountant NNP X I-Skill
with IN X I-Skill
demonstrable JJ X I-Skill
, , X I-Skill
relevant JJ X I-Skill
commercial JJ X I-Skill
experience NN X I-Skill
For IN X O

this DT X O
role NN X O
the DT X O
Junior NNP X B-Occupation
Programmer NNP X I-Occupation
will MD X O
be VB X O
involved VBN X O
with IN X O
the DT X O
creation NN X B-Skill
and CC X I-Skill
replication NN X I-Skill
of IN X I-Skill
outpatient JJ X I-Skill
letters NNS X I-Skill
as IN X O
part NN X O
of IN X O
an DT X O
ongoing JJ X O
PAS NNP X B-Domain
patient NN X I-Domain
administration NN X I-Domain
system NN X I-Domain
implementation NN X O
project NN X O
. . X O
At IN X O

all DT X O
times NNS X O
behaviour VBP X O
is VBZ X O
in IN X O
keeping VBG X O
with IN X O
the DT X O
expected VBN X O
and CC X O
defined VBN X O
to TO X O
ensure VB X B-Skill
that IN X I-Skill
members NNS X I-Skill
are VBP X I-Skill
treated VBN X I-Skill
professionally RB X I-Skill
, , X I-Skill
courteously RB X I-Skill
and CC X I-Skill
with IN X I-Skill
empathy JJ X I-Skill
which WDT X O
ensures VBZ X O
high JJ X O
reputation NN X O
is VBZ X O
maintained VBN X O
. . X O
Maintain VB X B-Skill

the DT X I-Skill
highest JJS X I-Skill
levels NNS X I-Skill
of IN X I-Skill
confidentiality NN X I-Skill
pertaining VBG X I-Skill
to TO X I-Skill
all DT X I-Skill
business NN X I-Skill
and CC X O
be VB X B-Skill
aware JJ X I-Skill
of IN X I-Skill
inadvertently RB X I-Skill
passing VBG X I-Skill
on IN X I-Skill
information NN X I-Skill
to TO X I-Skill
members NNS X I-Skill
and CC X I-Skill
suppliers NNS X I-Skill
. . X O
Please NNP X O

contact NN X O
Lee NNP X O
Traylor NNP X O
, , X O
Legal NNP X B-Occupation
Recruitment NNP X I-Occupation
Consultant NNP X I-Occupation
, , X O
to TO X O
discuss VB X O
the DT X O
role NN X O
in IN X O
more JJR X O
detail NN X O
or CC X O
apply VB X O
through IN X O
the DT X O
vacancy NN X O
for IN X O
immediate JJ X O
consideration NN X O
. . X O
If IN X O

you PRP X O
would MD X O
like VB X O
to TO X O
talk VB X O
to TO X O
someone NN X O
about IN X O
this DT X O
vacancy NN X O
call NN X O
Tony NNP X O
Williams NNP X O
on IN X O
Achievement NN X O

of IN X O
targets NNS X O
for IN X O
Children NNP X O
s NN X O
Parties NNPS X O
and CC X O
Events NNS X O
Excellence NNP X O
. . X O
Career NNP X O

progression NN X O
and CC X O
accommodation NN X O
is VBZ X O
initially RB X O
available JJ X O
for IN X O
the DT X O
ideal JJ X O
candidate NN X O
. . X O
You PRP X O

will MD X O
have VB X O
extensive JJ X O
experience NN X O
of IN X O
acting VBG X O
as IN X O
the DT X O
lead NN X B-Skill
contact NN X I-Skill
for IN X I-Skill
senior JJ X I-Skill
news NN X I-Skill
journalists NNS X I-Skill
and CC X I-Skill
senior JJ X I-Skill
internal JJ X I-Skill
stakeholders NNS X I-Skill
, , X O
or CC X O
news NN X B-Skill
editor NN X I-Skill
experience NN X O
. . X O
Randstad NNP X O

Financial NNP X O
Professional NNP X O
acts VBZ X O
as IN X O
an DT X O
employment NN X O
agency NN X O
for IN X O
permanent JJ X O
recruitment NN X O
an DT X O
employment NN X O
business NN X O
for IN X O
temporary JJ X O
recruitment NN X O
as IN X O
defined VBN X O
by IN X O
the DT X O
Conduct NNP X O
of IN X O
Employment NNP X O
Agencies NNPS X O
Employment NNP X O
Business NNP X O
Regulations NNS X O
Knowledge NNP X O

of IN X O
Photoshop NNP X B-Skill
, , X O
Adobe NNP X B-Skill
Indesign NNP X I-Skill
or CC X O
illustrator NN X B-Skill
as RB X O
well RB X O
as IN X O
a DT X O
good JJ X O
knowledge NN X O
of IN X O
printing NN X B-Skill
and CC X O
colour NN X B-Skill
processes NNS X I-Skill
and CC X O
preparation NN X O
of IN X O
artwork NN X B-Skill
designs NNS X I-Skill
. . X O
Note NN X O

This DT X O
job NN X O
profile NN X O
is VBZ X O
an DT X O
outline NN X O
of IN X O
the DT X O
Principal NNP X O
Accountabilities NNP X O
for IN X O
the DT X O
post NN X O
but CC X O
is VBZ X O
not RB X O
part NN X O
of IN X O
the DT X O
Contract NNP X O
of IN X O
Employment NNP X B-Domain
. . X O
You PRP X O

will MD X O
join VB X O
a DT X O
forward NN X O
thinking VBG X O
organisation NN X O
with IN X O
an DT X O
excellent JJ X O
reputation NN X O
to TO X O
work VB X B-Skill
on IN X I-Skill
several JJ X I-Skill
pivotal JJ X I-Skill
new JJ X I-Skill
business NN X I-Skill
applications NNS X I-Skill
during IN X I-Skill
the DT X I-Skill
implementation NN X I-Skill
of IN X I-Skill
ASP NNP X I-Skill
. . X I-Skill
Net NN X I-Skill
MVC NN X I-Skill
throughout IN X I-Skill
the DT X I-Skill
company NN X I-Skill
. . X O
Adecco NNP X O

is VBZ X O
acting VBG X O
as IN X O
an DT X O
Employment NNP X O
Agency NNP X O
in IN X O
relation NN X O
to TO X O
this DT X O
vacancy NN X O
We PRP X O

provide VBP X O
residential JJ X B-Skill
, , X I-Skill
educational JJ X I-Skill
and CC X I-Skill
supported VBD X I-Skill
living NN X I-Skill
services NNS X I-Skill
which WDT X O
enable VBP X O
people NNS X O
to TO X O
live VB X O
as RB X O
independently RB X O
as IN X O
possible JJ X O
. . X O
If IN X O

you PRP X O
are VBP X O
looking VBG X O
for IN X O
an DT X O
opportunity NN X O
to TO X O
progress VB X O
in IN X O
a DT X O
fast JJ X O
expanding VBG X O
motor NN X B-Domain
trade NN X I-Domain
company NN X O
who WP X O
rewards VBZ X O
hard JJ X O
work NN X O
and CC X O
offers VBZ X O
you PRP X O
the DT X O
opportunity NN X O
to TO X O
further VB X O
your PRP$ X O
skills NNS X O
, , X O
contact VB X O
us PRP X O
now RB X O
Salary VBZ X O
: : X O
This DT X O

is VBZ X O
a DT X O
wonderful JJ X O
opportunity NN X O
working VBG X O
for IN X O
Experian JJ X O
QAS NNP X O
, , X O
a DT X O
prestigious JJ X O
global JJ X O
software NN X B-Domain
company NN X O
and CC X O
will MD X O
suit VB X O
an DT X O
individual JJ X O
looking VBG X O
to TO X O
start VB X O
their PRP$ X O
career NN X O
within IN X O
a DT X O
fast JJ X B-Skill
paced JJ X I-Skill
sales NNS X I-Skill
environment NN X I-Skill
. . X O
FREE JJ X O

LIVE NNP X O
IN NNP X O
TIPS NNP X O
Platinum NNP X O
Recruitment NNP X O
' POS X O
s NN X O
Elite NNP X O
Chef NNP X O
Division NNP X O
is VBZ X O
currently RB X O
representing VBG X O
a DT X O
Luxury NNP X O
Hotel NNP X O
in IN X O
Cumbria NNP X O
This DT X O

is VBZ X O
a DT X O
fantastic JJ X O
opportunity NN X O
to TO X O
work VB X O
with IN X O
a DT X O
large JJ X B-Domain
international JJ X I-Domain
outfit NN X I-Domain
and CC X O
evolving VBG X O
their PRP$ X O
digital JJ X B-Domain
content NN X I-Domain
strategy NN X O
. . X O
Provide NNP X B-Skill

challenging NN X I-Skill
and CC X I-Skill
insightful JJ X I-Skill
ad NN X I-Skill
hoc NN X I-Skill
commercial JJ X I-Skill
analysis NN X I-Skill
such JJ X O
as IN X O
promotional JJ X B-Skill
analysis NN X I-Skill
, , X O
store NN X B-Skill
trials NNS X I-Skill
and CC X O
basket NN X B-Skill
analysis NN X I-Skill
. . X O
The DT X O

Project NNP X B-Occupation
Manager NNP X I-Occupation
will MD X O
be VB X O
responsible JJ X B-Occupation
for IN X I-Occupation
leading VBG X I-Occupation
, , X I-Occupation
directing VBG X I-Occupation
and CC X I-Occupation
managing VBG X I-Occupation
a DT X I-Occupation
project NN X I-Occupation
team NN X I-Occupation
, , X I-Occupation
delivering VBG X I-Occupation
a DT X I-Occupation
stream NN X I-Occupation
of IN X I-Occupation
new JJ X I-Occupation
product NN X I-Occupation
designs NNS X I-Occupation
for IN X I-Occupation
the DT X I-Occupation
client NN X I-Occupation
. . X O
they PRP X O

' '' X O
re VBP X O
currently RB X O
available JJ X O
in IN X O
97 CD X O
% NN X O
of IN X O
our PRP$ X O
pharmacies NNS X O
AAH NNP X O
Pharmaceuticals NNS X O
Comply NN X B-Skill

with IN X I-Skill
all DT X I-Skill
relevant JJ X I-Skill
legislation NN X I-Skill
and CC X O
agreed VBD X O
procedures NNS X O
to TO X O
ensure VB X B-Skill
a DT X I-Skill
legal JJ X I-Skill
and CC X I-Skill
safe JJ X I-Skill
working NN X I-Skill
environment NN X I-Skill
and CC X O
consistent JJ X O
quality NN X O
standards NNS X O
. . X O
Our PRP$ X O

client NN X O
has VBZ X O
an DT X O
immediate JJ X O
requirement NN X O
for IN X O
a DT X O
Experienced NNP X O
CNC NNP X B-Skill
Horizontal NNP X I-Skill
Borer NNP X I-Skill
. . X O
Support NNP X B-Skill

the DT X I-Skill
review NN X I-Skill
and CC X O
approval NN X B-Skill
of IN X I-Skill
batch NN X I-Skill
productionrelated VBN X I-Skill
records NNS X I-Skill
, , X O
including VBG X O
all DT X O
records NNS X O
for IN X O
packaging NN X B-Skill
and CC X I-Skill
labelling VBG X I-Skill
operations NNS X I-Skill
, , X O
ensuring VBG X O
that IN X O
production NN X B-Skill
records NNS X I-Skill
are VBP X I-Skill
reviewed VBN X I-Skill
for IN X I-Skill
completion NN X I-Skill
and CC X I-Skill
errors NNS X I-Skill
. . X O
Considerable JJ X O

experience NN X O
of IN X O
architecture NN X B-Skill
and CC X I-Skill
design NN X I-Skill
of IN X O
client NN X O
applications NNS X O
as RB X O
well RB X O
as IN X O
previous JJ X O
exposure NN X O
to TO X O
agile VB X B-Skill
software NN X I-Skill
development NN X I-Skill
process NN X O
is VBZ X O
also RB X O
required VBN X O
. . X O
Indeed RB X O

Sir NNP X O
Sean NNP X O
took VBD X O
on IN X O
the DT X O
role NN X O
of IN X O
the DT X O
onscreen JJ X O
storyteller NN X O
for IN X O
the DT X O
University NNP X O
film NN X O
, , X O
Ever RB X O
to TO X O
Excel NNP X O
, , X O
commissioned VBN X O
by IN X O
the DT X O
Principal NNP X O
to TO X O
commemorate VB X O
Scotland NNP X O
s PRP X O
first RB X O
university NN X O
in IN X O
its PRP$ X O
600th JJ X O
year NN X O
and CC X O
paid VBN X O
for IN X O
by IN X O
an DT X O
American JJ X O
donor NN X O
. . X O
Full NNP X O

training NN X O
on IN X O
products NNS X O
will MD X O
be VB X O
given VBN X O
in IN X O
the DT X O
UK NNP X O
before IN X O
work NN X O
commences NNS X O
in IN X O
China NNP X O
in IN X O
Dcember NNP X O
. . X O
Duties NNS X O

will MD X O
include VB X O
, , X O
but CC X O
will MD X O
not RB X O
be VB X O
limited VBN X O
to TO X O
: : X O
working VBG X B-Skill
with IN X I-Skill
senior JJ X I-Skill
HR NNP X I-Skill
management NN X I-Skill
to TO X I-Skill
establish VB X I-Skill
principles NNS X I-Skill
for IN X I-Skill
HR NNP X I-Skill
systems NNS X I-Skill
/ NNP X I-Skill
policies NNS X I-Skill
/ VBP X I-Skill
processes NNS X I-Skill
design NN X I-Skill
, , X O
develop VB X B-Skill
and CC X I-Skill
implement VB X I-Skill
new JJ X I-Skill
HR NNP X I-Skill
policies NNS X I-Skill
and CC X I-Skill
procedures NNS X I-Skill
design NN X I-Skill
and CC X O
develop VB X B-Skill
all DT X I-Skill
HR NNP X I-Skill
literature NN X I-Skill
and CC X I-Skill
templates NNS X I-Skill
design NN X I-Skill
and CC X I-Skill
deliver VB X I-Skill
training VBG X I-Skill
material JJ X I-Skill
travel NN X I-Skill
to TO X I-Skill
other JJ X I-Skill
offices NNS X I-Skill
on IN X I-Skill
an DT X I-Skill
adhoc JJ X I-Skill
basis NN X I-Skill
The DT X O
ideal JJ X O
candidate NN X O
will MD X O
be VB X O
able JJ X O
to TO X O
work VB X B-Skill
on IN X I-Skill
projects NNS X I-Skill
both DT X I-Skill
autonomously RB X I-Skill
and CC X I-Skill
as IN X I-Skill
part NN X I-Skill
of IN X I-Skill
a DT X I-Skill
team NN X I-Skill
. . X O
Hours NNP X O

will MD X O
vary VB X O
over IN X O
a DT X O
seven CD X O
day NN X O
period NN X O
with IN X O
possible JJ X O
weekends NNS X O
during IN X O
busy JJ X O
times NNS X O
and CC X O
an DT X O
8am CD X O
start NN X O
. . X O
To TO X O

monitor VB X B-Skill
the DT X I-Skill
costs NNS X I-Skill
on IN X I-Skill
the DT X I-Skill
specific JJ X I-Skill
projects NNS X I-Skill
allocated VBN X O
with IN X O
minimum JJ X O
cost NN X O
incurred VBN X O
and CC X O
maximum JJ X O
profitability NN X O
. . X O
You PRP X O

will MD X O
have VB X O
knowledge NN X O
of IN X O
complex JJ X B-Skill
supply NN X I-Skill
chain NN X I-Skill
management NN X I-Skill
and CC X O
an DT X O
understanding NN X B-Skill
of IN X I-Skill
the DT X I-Skill
barriers NNS X I-Skill
individuals NNS X I-Skill
face VBP X I-Skill
with IN X I-Skill
regards NNS X I-Skill
to TO X I-Skill
accessing VBG X I-Skill
learning VBG X I-Skill
opportunities NNS X I-Skill
and CC X I-Skill
employment NN X I-Skill
. . X O
This DT X O

is VBZ X O
a DT X O
good JJ X O
opportunity NN X O
to TO X O
join VB X O
a DT X O
successful JJ X O
company NN X O
that WDT X O
offers VBZ X O
a DT X O
competitive JJ X O
salary NN X O
, , X O
company NN X O
vehicle NN X O
and CC X O
along IN X O
with IN X O
other JJ X O
benefits NNS X O
. . X O
Capable JJ X O

of IN X O
working VBG X B-Skill
efficiently RB X I-Skill
and CC X O
doing VBG X O
what WP X O
is VBZ X O
necessary JJ X O
to TO X O
achieve VB X B-Skill
deadlines NNS X I-Skill
. . X O
Solid JJ X O

experience NN X O
working VBG X O
with IN X O
MS NNP X B-Skill
Office NNP X I-Skill
applications NNS X I-Skill
including VBG X I-Skill
Excel NNP X I-Skill
. . X O
At IN X B-Experience

least JJS X I-Experience
2 CD X I-Experience
years NNS X I-Experience
of IN X O
your PRP$ X O
COBOL NNP X B-Skill
programming NN X I-Skill
experience NN X O
must MD X O
have VB X O
been VBN X O
be VB X O
on IN X O
the DT X O
AS NNP X O
Essential JJ X B-Occupation

Quality NNP X I-Occupation
Manager NNP X I-Occupation
experience NN X O
Engineering NNP X B-Qualification
degree NN X I-Qualification
or CC X O
appreciation NN X O
Keen NNP X B-Skill
eye NN X I-Skill
for IN X I-Skill
detail NN X I-Skill
Main NNP X B-Occupation
contractor NN X I-Occupation
background NN X O
Ability NNP X O
to TO X O
manage VB X B-Skill
a DT X I-Skill
team NN X I-Skill
of IN X O
Document NNP X B-Occupation
Controllers NNP X I-Occupation
Quality NNP X I-Occupation
engineers NNS X I-Occupation
Identify NNP X O

and CC X O
evaluate VB X O
new JJ X O
business NN X O
opportunities NNS X O
within IN X O
your PRP$ X O
customer NN X O
portfolio NN X O
. . X O
My PRP$ X O

client NN X O
, , X O
a DT X O
FTSE NNP X O
50 CD X O
global JJ X O
retailer NN X B-Domain
and CC X O
market NN X O
leader NN X O
are VBP X O
recruiting VBG X O
for IN X O
a DT X O
Finance NNP X B-Occupation
Manager NNP X I-Occupation
to TO X O
join VB X O
their PRP$ X O
north JJ X O
London NNP X O
head NN X O
office NN X O
. . X O
To TO X O

develop VB X O
the DT X O
Quality NNP X B-Skill
Systems NNPS X I-Skill
of IN X O
the DT X O
Department NNP X O
including VBG X O
monitoring NN X B-Skill
and CC X I-Skill
evaluating NN X I-Skill
of IN X I-Skill
systems NNS X I-Skill
and CC X O
standards NNS X B-Skill
of IN X I-Skill
service NN X I-Skill
in IN X O
line NN X O
with IN X O
future JJ X O
needs NNS X B-Skill
of IN X I-Skill
customers NNS X I-Skill
in IN X O
accordance NN X O
with IN X O
the DT X O
future NN X O
needs VBZ X O
of IN X O
customers NNS X O
in IN X O
accordance NN X O
with IN X O
the DT X O
College NNP X O
' POS X O
s JJ X O
Quality NNP X B-Skill
Systems NNPS X I-Skill
. . X O
He PRP X O

has VBZ X O
really RB X O
enthused VBN X O
the DT X O
ethos NN X O
of IN X O
the DT X O
School NNP X O
, , X O
creating VBG X O
a DT X O
motivated JJ X O
environment NN X O
where WRB X O
both DT X O
staff NN X O
and CC X O
students NNS X O
can MD X O
achieve VB X O
their PRP$ X O
individual JJ X O
expectations NNS X O
. . X O
**** JJ X O

hotel NN X B-Domain
experience NN X O
and CC X O
worked VBD X O
within IN X O
quality NN X B-Domain
2AA CD X I-Domain
Rosette NNP X I-Domain
restaurants NNS X I-Domain
Due JJ X O

to TO X O
their PRP$ X O
consistent JJ X O
growth NN X O
and CC X O
success NN X O
are VBP X O
looking VBG X O
to TO X O
hire VB X O
a DT X O
Lead NNP X B-Occupation
Internal NNP X I-Occupation
Auditor NNP X I-Occupation
to TO X O
focus VB X O
on IN X O
their PRP$ X O
eversuccessful JJ X O
Energy NNP X O
Trading NN X O
business NN X O
. . X O
You PRP X O

will MD X O
have VB X O
the DT X O
support NN X B-Skill
of IN X I-Skill
an DT X I-Skill
excellent JJ X I-Skill
marketing NN X I-Skill
departments NNS X I-Skill
and CC X I-Skill
database NN X I-Skill
and CC X O
will MD X O
also RB X O
need VB X O
to TO X O
work VB X B-Skill
from IN X I-Skill
your PRP$ X I-Skill
own JJ X I-Skill
initiative NN X I-Skill
. . X O
Ranked VBN X O

in IN X O
the DT X O
top JJ X O
12 CD X O
universities NNS X O
in IN X O
Britain NNP X O
our PRP$ X O
aim NN X O
is VBZ X O
to TO X O
climb VB X O
further RBR X O
. . X O
bullFinancial JJ X O

& CC X O
Commercial NNP X O
& CC X O
ndash NN X O
Is VBZ X O
results NNS X O
driven RB X O
, , X O
shows VBZ X O
a DT X O
strong JJ X O
GP NNP X B-Skill
and CC X I-Skill
financial JJ X I-Skill
acumen NNS X I-Skill
, , X O
has VBZ X O
a DT X O
positive JJ X B-Skill
approach NN X I-Skill
to TO X I-Skill
feedback VB X I-Skill
and CC X O
always RB X B-Skill
looks VBZ X I-Skill
for IN X I-Skill
improvement NN X I-Skill
within IN X I-Skill
budgets NNS X I-Skill
constraints NNS X I-Skill
Key JJ X O

Activities NNP X O
include NN X O
: : X O
Maintain NNP X B-Skill
high JJ X I-Skill
personal JJ X I-Skill
safety NN X I-Skill
and CC X I-Skill
environmental JJ X I-Skill
standards NNS X I-Skill
in IN X I-Skill
accordance NN X I-Skill
with IN X I-Skill
company NN X I-Skill
policies NNS X I-Skill
and CC X O
report VB X B-Skill
any DT X I-Skill
standards NNS X I-Skill
on IN X I-Skill
the DT X I-Skill
site NN X I-Skill
which WDT X I-Skill
are VBP X I-Skill
considered VBN X I-Skill
by IN X I-Skill
you PRP X I-Skill
as IN X I-Skill
inadequate NN X I-Skill
. . X O
people NNS X O

, , X O
this DT X O
is VBZ X O
a DT X O
genuine JJ X O
corporate JJ X B-Domain
conglomerate NN X I-Domain
offering VBG X O
an DT X O
exciting JJ X O
career NN X O
path NN X O
for IN X O
the DT X O
right JJ X O
individual NN X O
. . X O
**** JJ X O

seater NN X O
Italian JJ X O
restaurant NN X O
, , X O
will MD X O
offer VB X O
a DT X O
wide JJ X O
range NN X O
of IN X O
Italian JJ X O
food NN X O
including VBG X O
pizzas NN X O
and CC X O
pastas NN X O
as RB X O
well RB X O
as IN X O
seafood NN X O
and CC X O
steaks NNS X O
. . X O
This DT X O

is VBZ X O
a DT X O
handson NN X O
and CC X O
solid JJ X O
role NN X O
for IN X O
a DT X O
Senior NNP X B-Occupation
Software NNP X I-Occupation
Engineer NNP X I-Occupation
to TO X O
drive VB X O
and CC X O
outline VB X O
the DT X O
development NN X B-Skill
of IN X I-Skill
software NN X I-Skill
products NNS X I-Skill
within IN X O
a DT X O
progressively RB X O
evolving VBG X O
environment NN X O
. . X O
In IN X O

order NN X O
to TO X O
apply VB X O
, , X O
please VB X O
forward RB X O
your PRP$ X O
CV NN X O
to TO X O
url VB X O
removed VBN X O
or CC X O
call VB X O
Apply NNP X O
online PRP X O
only RB X O
They PRP X O

tackle VBP X B-Skill
issues NNS X I-Skill
such JJ X I-Skill
as IN X I-Skill
child NN X I-Skill
neglect NN X I-Skill
and CC X I-Skill
abuse NN X I-Skill
whilst NN X O
offering VBG X O
a DT X O
range NN X O
of IN X O
innovative JJ X B-Skill
services NNS X I-Skill
to TO X I-Skill
children NNS X I-Skill
in IN X I-Skill
care NN X I-Skill
, , X I-Skill
disabled JJ X I-Skill
children NNS X I-Skill
, , X I-Skill
young JJ X I-Skill
people NNS X I-Skill
and CC X I-Skill
families NNS X I-Skill
. . X O
Duties NNS X O

will MD X O
include VB X O
: : X O
Providing VBG X B-Skill
secretarial JJ X I-Skill
support NN X I-Skill
within IN X O
the DT X O
department NN X O
to TO X O
partner NN X O
level NN X O
. . X O
Resolve NNP X B-Skill

incomplete NN X I-Skill
or CC X I-Skill
conflicting VBG X I-Skill
items NNS X I-Skill
, , X O
Check NNP X B-Skill
drawings NNS X I-Skill
produced VBD X I-Skill
, , X O
Prepare NNP X B-Skill
and CC X I-Skill
check VB X I-Skill
instrument JJ X I-Skill
technical JJ X I-Skill
aspects NNS X I-Skill
and CC X O
Check NNP X B-Skill
materials NNS X I-Skill
for IN X I-Skill
construction NN X I-Skill
phase NN X I-Skill
. . X O
so IN X O

we PRP X O
are VBP X O
really RB X O
looking VBG X O
forward RB X O
to TO X O
your PRP$ X O
reaction NN X O
to TO X O
all PDT X O
the DT X O
latest JJS X O
treasures NNS X O
We PRP X O
are VBP X O
also RB X O
very RB X O
proud JJ X O
of IN X O
our PRP$ X O
beers NNS X O
and CC X O
we PRP X O
have VBP X O
a DT X O
great JJ X O
selection NN X O
of IN X O
cask NN X O
ales NNS X O
, , X O
super NN X O
chilled VBD X O
draft NN X O
and CC X O
bottled VBD X O
beers NNS X O
to TO X O
quench VB X O
your PRP$ X O
thirst NN X O
. . X O
Please VB X O

can MD X O
you PRP X O
ring VBG X O
Scott NNP X O
on IN X O
Tel NNP X O
Apply NNP X O
online MD X O
only RB X O
and CC X O
email VB X O
me PRP X O
your PRP$ X O
CV NNP X O
Due NNP X O
to TO X O
the DT X O
amount NN X O
of IN X O
response NN X O
we PRP X O
receive VBP X O
, , X O
unfortunately RB X O
we PRP X O
are VBP X O
not RB X O
able JJ X O
to TO X O
give VB X O
feedback NN X O
to TO X O
individuals NNS X O
, , X O
if IN X O
you PRP X O
have VBP X O
not RB X O
heard VBN X O
back RB X O
within IN X O
7 CD X O
days NNS X O
please VB X O
assume VB X O
that IN X O
you PRP X O
have VBP X O
not RB X O
been VBN X O
successful JJ X O
for IN X O
the DT X O
role NN X O
you PRP X O
have VBP X O
applied VBN X O
for IN X O
Willingness NN X B-Skill

to TO X I-Skill
walk VB X I-Skill
around IN X I-Skill
in IN X I-Skill
all DT X I-Skill
weathers NNS X I-Skill
Must NNP X O
have VBP X O
driving VBG X B-Qualification
license NN X I-Qualification
can MD X O
have VB X O
up RP X O
to TO X O
In IN X O

return NN X O
the DT X O
company NN X O
offers VBZ X O
a DT X O
competitive JJ X O
salary NN X O
, , X O
25 CD X O
days NNS X O
holiday RB X O
, , X O
a DT X O
company NN X O
van NN X O
and CC X O
a DT X O
company NN X O
pension NN X O
after IN X O
This DT X O

flagship NN X O
home NN X O
has VBZ X O
an DT X O
excellent JJ X O
reputation NN X O
and CC X O
is VBZ X O
situated VBN X O
in IN X O
delightful JJ X O
surroundings NNS X O
. . X O
Antibiotics NNS X B-Skill

, , X O
Cannulation NNP X B-Skill
and CC X O
Venepuncture NNP X B-Skill
Recording NNP X I-Skill
patients NNS X I-Skill
notes VBZ X I-Skill
through IN X I-Skill
an DT X I-Skill
online NN X I-Skill
system NN X I-Skill
ensuring VBG X O
you PRP X O
meet VBP X O
NMC JJ X O
guidelines NNS X O
To TO X O
apply VB X O
for IN X O
this DT X O
role NN X O
candidates NNS X O
must MD X O
: : X O
Be VB X O
fully RB X O
registered VBN X B-Qualification
with IN X I-Qualification
the DT X I-Qualification
NMC NNP X I-Qualification
and CC X O
hold VB X B-Qualification
a DT X I-Qualification
valid JJ X I-Qualification
pin NN X I-Qualification
Have NNP X O
previously RB X O
worked VBD X O
within IN X O
an DT X O
acute JJ X B-Domain
setting NN X I-Domain
, , X O
eg VB X O
A NNP X O
Neill NNP X O
at IN X O
Medicor NNP X O
Global NNP X O
Completes VBZ X O

drivers NNS X O
tasks NNS X O
when WRB X O
peaks NNS X O
in IN X O
business NN X O
require VBP X O
it PRP X O
to TO X O
demonstrate VB X O
leadership NN X B-Skill
. . X O
The DT X O

Role NNP X O
You PRP X O
will MD X O
contribute VB X O
to TO X O
the DT X O
design NN X B-Skill
and CC X I-Skill
creation NN X I-Skill
of IN X I-Skill
new JJ X I-Skill
images NNS X I-Skill
and CC X I-Skill
brochures NNS X I-Skill
, , X O
manage NN X B-Skill
press NN X I-Skill
relations NNS X I-Skill
and CC X O
develop VB X O
the DT X O
CRM NNP X B-Skill
database NN X I-Skill
. . X O
Negotiating VBG X B-Skill

specials NNS X I-Skill
/ VBP X I-Skill
promotions NNS X I-Skill
where WRB X O
hotels NNS X O
have VBP X O
rooms NNS X O
for IN X O
sale NN X O
Maintaining VBG X B-Skill
a DT X I-Skill
database NN X I-Skill
of IN X I-Skill
availability NN X I-Skill
and CC X O
regular JJ X B-Skill
communication NN X I-Skill
with IN X I-Skill
contractor NN X I-Skill
to TO X I-Skill
ensure VB X I-Skill
you PRP X I-Skill
have VBP X I-Skill
the DT X I-Skill
right NN X I-Skill
rooms NNS X I-Skill
at IN X I-Skill
the DT X I-Skill
right NN X I-Skill
prices NNS X I-Skill
An DT X O

excellent JJ X O
opportunity NN X O
has VBZ X O
arisen VBN X O
for IN X O
a DT X O
Power NNP X B-Occupation
Supply NNP X I-Occupation
Engineer NNP X I-Occupation
/ NNP X O
Development NNP X B-Occupation
Technician NNP X I-Occupation
with IN X O
a DT X O
leading VBG X O
company NN X O
specialising VBG X O
in IN X O
providing VBG X B-Skill
electronic JJ X I-Skill
solutions NNS X I-Skill
across IN X O
a DT X O
range NN X O
of IN X O
different JJ X O
industries NNS X O
including VBG X O
medical JJ X B-Domain
, , X O
defence NN X B-Domain
/ NN X I-Domain
avionics NNS X I-Domain
and CC X O
commercial JJ X B-Domain
plus CC X O
more RBR X O
. . X O
Please VB X O

do VB X O
not RB X O
apply VB X O
if IN X O
you PRP X O
do VBP X O
not RB X O
have VB X O
system NN X O
experience NN X O
on IN X O
Paprika NNP X B-Skill
**** FW X O

per IN X O
annum NN X O
Experience NN X B-Skill
in IN X I-Skill
a DT X I-Skill
Senior JJ X I-Skill
Position NN X I-Skill
with IN X I-Skill
Dementia NNP X I-Skill
and CC X I-Skill
Alzheimer NNP X I-Skill
' POS X I-Skill
s NN X I-Skill
is VBZ X O
essential JJ X O
. . X O
You PRP X O

will MD X O
be VB X O
a DT X O
true JJ X O
hybrid JJ X O
creative NN X B-Skill
with IN X O
strong JJ X O
conceptual JJ X B-Skill
thinking NN X I-Skill
and CC X O
the DT X O
design NN X B-Skill
skills VBZ X O
to TO X O
match VB X O
. . X O
You PRP X O

will MD X O
have VB X B-Skill
a DT X I-Skill
clear JJ X I-Skill
vision NN X I-Skill
about IN X I-Skill
how WRB X I-Skill
care NN X I-Skill
is VBZ X I-Skill
delivered VBN X I-Skill
and CC X O
how WRB X B-Skill
homes NNS X I-Skill
should MD X I-Skill
be VB X I-Skill
developed VBN X I-Skill
, , X I-Skill
promoted VBN X I-Skill
and CC X I-Skill
marketed VBN X I-Skill
. . X O
Our PRP$ X O

client NN X O
has VBZ X O
an DT X O
ever RB X O
expanding VBG X O
order NN X O
book NN X O
and CC X O
can MD X O
offer VB X O
some DT X O
great JJ X O
long JJ X O
term NN X O
opportunity NN X O
both DT X O
within IN X O
the DT X O
UK NNP X O
and CC X O
internationally RB X O
. . X O
Principle NN X B-Occupation

Production NNP X I-Occupation
Engineer NNP X I-Occupation
Organisation NNP X O
Description NNP X O
We PRP X O
are VBP X O
currently RB X O
partnered VBN X O
with IN X O
one CD X O
of IN X O
the DT X O
worlds NNS X O
leading VBG X O
oilfield JJ X O
service NN X O
companies NNS X O
. . X O
You PRP X O

will MD X O
be VB X O
taking VBG X O
on IN X O
a DT X O
business NN X O
critical JJ X O
role NN X O
within IN X O
the DT X O
business NN X O
and CC X O
be VB X O
a DT X O
key JJ X O
driver NN X O
of IN X O
the DT X O
strategy NN X O
the DT X O
business NN X O
wants VBZ X O
to TO X O
drive VB X O
forward NN X O
. . X O
Due JJ X O

to TO X O
location NN X O
applicants NNS X O
must MD X O
have VB X O
their PRP$ X O
own JJ X O
transport NN X O
. . X O
a DT X O

well NN X O
established VBN X O
and CC X O
growing VBG X O
Water NNP X O
Treatment NNP X O
Company NNP X O
who WP X O
have VBP X O
a DT X O
requirement NN X O
for IN X O
an DT X O
experienced JJ X B-Skill
Sales NNS X B-Occupation
Engineer NNP X I-Occupation
to TO X O
join VB X O
the DT X O
team NN X O
. . X O
We PRP X O

are VBP X O
currently RB X O
recruiting VBG X O
for IN X O
a DT X O
senior JJ X B-Occupation
quality NN X I-Occupation
engineer NN X I-Occupation
to TO X O
work VB X O
for IN X O
an DT X O
extremely RB X O
successful JJ X O
global JJ X O
manufacturing NN X B-Domain
company NN X O
based VBN X O
in IN X O
Farnham NNP X O
. . X O
Ability NNP X B-Skill

to TO X I-Skill
create VB X I-Skill
detailed JJ X I-Skill
usecase NN X I-Skill
and CC X I-Skill
system NN X I-Skill
architecture NN X I-Skill
documents NNS X O
Strong JJ X B-Skill
selfsufficiency NN X I-Skill
If IN X O

you PRP X O
can MD X O
excel VB X O
yourself PRP X O
in IN X O
this DT X O
role NN X O
the DT X O
company NN X O
will MD X O
be VB X O
willing JJ X O
to TO X O
give VB X O
its PRP$ X O
time NN X O
back RB X O
to TO X O
you PRP X O
and CC X O
progress VB X O
you PRP X O
in IN X O
the DT X O
role NN X O
to TO X O
take VB X O
on IN X O
more JJR X O
responsibility NN X O
. . X O
The DT X O

successful JJ X O
candidate NN X O
will MD X O
be VB X O
responsible JJ X O
for IN X O
assisting VBG X B-Skill
the DT X O
Finance NNP X B-Occupation
Director NNP X I-Occupation
in IN X O
achieving VBG X O
the DT X O
company NN X O
objectives VBZ X O
for IN X O
reporting NN X B-Skill
and CC X O
regulatory JJ X O
requirements NNS X O
. . X O
Taking VBG X B-Skill

calls NNS X I-Skill
from IN X I-Skill
customers NNS X I-Skill
, , X O
you PRP X O
' '' X O
ll JJ X O
handle VBZ X B-Skill
a DT X I-Skill
huge JJ X I-Skill
variety NN X I-Skill
of IN X I-Skill
request NN X I-Skill
and CC X I-Skill
queries NNS X I-Skill
, , X O
always RB X O
ensuring VBG X O
the DT X O
customer NN X O
receive VBP X O
the DT X O
best JJS X O
possible JJ X O
advice NN X O
and CC X O
experience NN X O
, , X O
when WRB X O
appropriate NN X O
you PRP X O
will MD X O
also RB X O
offer VB X B-Skill
customers NNS X I-Skill
products NNS X I-Skill
and CC X I-Skill
services NNS X I-Skill
which WDT X I-Skill
are VBP X I-Skill
right JJ X I-Skill
for IN X I-Skill
them PRP X I-Skill
. . X O
Preferably RB X O

accredited VBN X O
at IN X O
foundation NN X O
level NN X O
making VBG X O
progress JJ X O
towards NNS X O
/ NNS X O
have VBP X O
attained VBN X O
practitioner JJR X O
level NN X O
If IN X O

sales NNS X B-Domain
is VBZ X O
your PRP$ X O
calling VBG X O
and CC X O
you PRP X O
re VBP X O
passionate VB X B-Skill
about IN X I-Skill
dealing VBG X I-Skill
with IN X I-Skill
people NNS X I-Skill
, , X O
apply RB X O
now RB X O
to TO X O
find VB X O
out RP X O
more RBR X O
. . X O
Please NNP X O

note NN X O
that WDT X O
due JJ X O
to TO X O
the DT X O
large JJ X O
volume NN X O
of IN X O
CVs NNP X O
received VBD X O
we PRP X O
are VBP X O
only RB X O
able JJ X O
to TO X O
respond VB X O
to TO X O
successful JJ X O
applications NNS X O
. . X O
You PRP X O

are VBP X O
an DT X O
experienced JJ X B-Skill
customer NN X B-Occupation
service NN X I-Occupation
supervisor NN X I-Occupation
and CC X O
will MD X O
be VB X O
responsible JJ X O
for IN X O
showing VBG X B-Skill
our PRP$ X I-Skill
customers NNS X I-Skill
the DT X I-Skill
Coral NNP X I-Skill
experience NN X I-Skill
by IN X O
providing VBG X O
exceptional JJ X O
customer NN X B-Skill
service NN X I-Skill
at IN X O
all DT X O
times NNS X O
whilst VBP X O
understanding JJ X B-Skill
and CC X I-Skill
complying VBG X I-Skill
with IN X I-Skill
all DT X I-Skill
Gambling NNP X I-Skill
Commission NNP X I-Skill
regulations NNS X I-Skill
. . X O
Strong JJ X O

negotiating NN X B-Skill
and CC X I-Skill
commercial JJ X I-Skill
skills NNS X I-Skill
Conscientious JJ X I-Skill
and CC X O
thorough JJ X B-Skill
by IN X O
nature NN X O
Must RB X O

be VB X O
able JJ X O
to TO X O
work VB X B-Skill
under IN X I-Skill
pressure NN X I-Skill
and CC X O
work NN X B-Skill
to TO X I-Skill
tight JJ X I-Skill
deadlines NNS X I-Skill
. . X I-Skill
ensure VB X B-Skill

that IN X I-Skill
the DT X I-Skill
team NN X I-Skill
' POS X I-Skill
s NN X I-Skill
skill NN X I-Skill
and CC X I-Skill
knowledge NN X I-Skill
levels NNS X I-Skill
are VBP X I-Skill
able JJ X I-Skill
to TO X I-Skill
meet VB X I-Skill
the DT X I-Skill
changing VBG X I-Skill
needs NNS X I-Skill
of IN X I-Skill
the DT X I-Skill
business NN X I-Skill
. . X O
The DT X O

firm NN X O
are VBP X O
well RB X O
known VBN X O
for IN X O
their PRP$ X O
strong JJ X B-Domain
media NNS X I-Domain
and CC X O
entertainment NN X B-Domain
clients NNS X O
as RB X O
well RB X O
as IN X O
having VBG X O
a DT X O
strong JJ X O
foothold NN X O
in IN X O
the DT X O
FS NNP X B-Domain
market NN X I-Domain
mainly RB X O
private JJ X B-Domain
equity NN X I-Domain
and CC X O
hedge NN X B-Domain
funds NNS X I-Domain
. . X O
Prepare NNP X B-Skill

correspondence NN X I-Skill
and CC X I-Skill
documents NNS X I-Skill
through IN X O
audio JJ X O
/ NNP X O
copytyping NN X O
and CC X O
word NN X O
processing NN X O
. . X O
This DT X O

is VBZ X O
an DT X O
ideal JJ X O
role NN X O
for IN X O
a DT X O
Sous JJ X B-Occupation
Chef NNP X I-Occupation
looking VBG X O
to TO X O
develop VB X O
within IN X O
a DT X O
fantastic JJ X O
hotel NN X B-Domain
group NN X I-Domain
into IN X O
a DT X O
senior JJ X O
position NN X O
within IN X O
an DT X O
award NN X O
winning VBG X O
kitchen NN X O
. . X O
We PRP X O

also RB X O
have VBP X O
offices NNS X O
throughout IN X O
the DT X O
UK NNP X O
and CC X O
there EX X O
will MD X O
be VB X O
considerable JJ X O
travel NN X O
to TO X O
fulfil VB X O
this DT X O
role NN X O
, , X O
including VBG X O
overnight JJ X O
stays NNS X O
. . X O
You PRP X O

will MD X O
ensure VB X O
excellent JJ X B-Skill
care NN X I-Skill
is VBZ X O
delivered VBN X O
at IN X O
all DT X O
times NNS X O
and CC X O
that IN X O
the DT X O
home NN X O
continues VBZ X O
to TO X O
remain VB X O
compliant JJ X O
with IN X O
CQC NNP X O
legislation NN X O
. . X O
Our PRP$ X O

consultants NNS X B-Occupation
undergo VBP X O
intensive JJ X O
training NN X O
to TO X O
become VB X O
experts NNS X O
within IN X O
their PRP$ X O
fields NNS X O
. . X O
Skills NNP X O

/ NN X O
Requirements NNP X O
for IN X O
Cardiac NNP X B-Occupation
Staff NNP X I-Occupation
Nurse NNP X I-Occupation
: : X O
Registered VBD X O
Nurse NNP X O
with IN X O
the DT X O
NMC NNP X B-Qualification
Good NNP X O
understanding NN X O
of IN X O
Cardiac NNP X B-Skill
Nursing NNP X I-Skill
and CC X O
You PRP X O

will MD X O
be VB X O
an DT X O
excellent JJ X B-Skill
communicator NN X I-Skill
and CC X O
team NN X B-Skill
player NN X I-Skill
, , X O
with IN X O
both DT X O
business NN X B-Skill
and CC X I-Skill
financial JJ X I-Skill
skills NNS X I-Skill
. . X O
The DT X O

Person NN X O
: : X O
Well RB X B-Skill
presented VBN X I-Skill
and CC X O
ready JJ X O
to TO X O
be VB X B-Skill
the DT X I-Skill
face NN X I-Skill
of IN X I-Skill
the DT X I-Skill
business NN X I-Skill
. . X O
Our PRP$ X O

industryleading VBG X O
training NN X O
programme NN X O
will MD X O
put VB X O
all PDT X O
the DT X O
resources NNS X O
you PRP X O
need VBP X O
to TO X O
succeed VB X O
at IN X O
your PRP$ X O
fingertips NNS X O
. . X O
Electrical JJ X B-Occupation

Eng NNP X I-Occupation
C NNP X O
& CC X O
I PRP X O
Job VBP X O
type JJ X O
: : X O
Contract JJ X O
Skills NNS X O
: : X O
Instrumentation NN X B-Skill
and CC X I-Skill
control NN X I-Skill
system NN X I-Skill
theory NN X I-Skill
in IN X I-Skill
PID NNP X I-Skill
control NN X I-Skill
Location NN X O
: : X O
Barrow NN X O
In IN X O
Furness NNP X O
Rate NN X O
: : X O
Identify NNP X B-Skill

new JJ X I-Skill
functionality NN X I-Skill
that WDT X O
can MD X O
add VB X O
value NN X O
to TO X O
the DT X O
business NN X B-Domain
Carry NNP X B-Skill
out RP X I-Skill
extensive JJ X I-Skill
testing NN X I-Skill
of IN X I-Skill
system NN X I-Skill
upgrades NNS X I-Skill
: : X O

Sell NN X O
multiyear IN X B-Skill
IT NNP X I-Skill
/ NNP X I-Skill
BPO NNP X I-Skill
/ NNP X I-Skill
Consulting NNP X I-Skill
services NNS X I-Skill
in IN X O
Insurance NNP X B-Domain
space NN X O
Build NNP X B-Skill
up RP X I-Skill
a DT X I-Skill
pipeline NN X I-Skill
of IN X I-Skill
opportunities NNS X I-Skill
to TO X I-Skill
ensure VB X I-Skill
that IN X I-Skill
sales NNS X I-Skill
targets NNS X I-Skill
are VBP X I-Skill
met VBN X I-Skill
Identify NNP X I-Skill
and CC X I-Skill
target VB X I-Skill
new JJ X I-Skill
business NN X I-Skill
opportunities NNS X I-Skill
Introduce NNP X I-Skill
our PRP$ X I-Skill
clients NNS X I-Skill
services NNS X I-Skill
to TO X I-Skill
organisations NNS X I-Skill
at IN X I-Skill
board NN X I-Skill
level NN X I-Skill
Use NNP X I-Skill
your PRP$ X I-Skill
extensive JJ X I-Skill
knowledge NN X I-Skill
of IN X I-Skill
services NNS X I-Skill
/ NNP X I-Skill
offshoring VBG X I-Skill
/ JJ X I-Skill
outsourcing VBG X I-Skill
experience NN X I-Skill
within IN X I-Skill
the DT X I-Skill
Insurance NNP X I-Skill
sector NN X I-Skill
to TO X I-Skill
gain VB X I-Skill
credibility NN X I-Skill
with IN X I-Skill
clients NNS X I-Skill
Utilise NNP X I-Skill
initiative NN X I-Skill
, , X I-Skill
creativity NN X I-Skill
and CC X I-Skill
motivation NN X I-Skill
to TO X I-Skill
surpass VB X I-Skill
challenging VBG X I-Skill
performance NN X I-Skill
goals NNS X I-Skill
and CC X I-Skill
sales NNS X I-Skill
targets VBZ X I-Skill
The DT X O
Candidate NNP X O
The DT X B-Occupation
Business NNP X I-Occupation
Development NNP X I-Occupation
Manager NNP X I-Occupation
experience NN X O
and CC X O
qualifications NNS X O
: : X O
Must NNP X B-Experience
have VBP X I-Experience
over IN X I-Experience
3 CD X I-Experience
years NNS X I-Experience
experience RB X I-Experience
selling VBG X B-Skill
outsourcing VBG X I-Skill
solutions NNS X I-Skill
in IN X I-Skill
the DT X I-Skill
insurance NN X I-Skill
marketplace NN X I-Skill
Extensive NNP X I-Skill
C NNP X I-Skill
level NN X I-Skill
contacts NNS X I-Skill
and CC X I-Skill
experience NN X I-Skill
at IN X I-Skill
senior JJ X I-Skill
level NN X I-Skill
Soon RB X O

you PRP X O
ll VBP X O
be VB X O
helping VBG X O
deliver VB X B-Skill
top JJ X I-Skill
quality NN X I-Skill
carvery NN X I-Skill
food NN X I-Skill
that WDT X O
s VBD X O
staggering VBG X O
value NN X O
for IN X O
money NN X O
and CC X O
seeing VBG X O
satisfied JJ X O
guests NNS X O
returning VBG X O
time NN X O
and CC X O
time NN X O
again RB X O
A DT X O

small JJ X O
and CC X O
friendly JJ X O
primary JJ X O
school NN X B-Domain
situated VBN X O
in IN X O
the DT X O
Borough NNP X O
of IN X O
Sutton NNP X O
are VBP X O
looking VBG X O
for IN X O
a DT X O
creative JJ X B-Skill
and CC X O
dedicated JJ X B-Skill
Primary NNP X B-Occupation
Teacher NNP X I-Occupation
to TO X O
join VB X O
them PRP X O
from IN X O
February NNP X O
. . X O
Great JJ X O

rates NNS X O
of IN X O
pay NN X O
Email NNP X O
richardriverdriverecruitment NN X O
. . X O
co NN X O
. . X O
uk JJ X O
Freephone NNP X O
Richard NNP X O
or CC X O
Jack NNP X O
With IN X O

offices NNS X O
across IN X O
Europe NNP X O
, , X O
USA NNP X O
and CC X O
Asia NNP X O
they PRP X O
specialise VBP X O
in IN X O
consultancy NN X B-Domain
projects NNS X O
for IN X O
a DT X O
range NN X O
of IN X O
international JJ X O
clients NNS X O
in IN X O
the DT X O
pharmaceutical JJ X O
and CC X O
medical JJ X O
device NN X O
sectors NNS X O
. . X O
Extensive JJ X B-Skill

experience NN X I-Skill
of IN X I-Skill
optioneering NN X I-Skill
, , X I-Skill
scoping VBG X I-Skill
and CC X I-Skill
feasibility NN X I-Skill
studies NNS X I-Skill
Extensive NNP X I-Skill
experience NN X I-Skill
of IN X I-Skill
outline NN X I-Skill
and CC X I-Skill
detailed JJ X I-Skill
mechanical JJ X I-Skill
design NN X I-Skill
work NN X I-Skill
within IN X I-Skill
water NN X I-Skill
and CC X I-Skill
wastewater NN X I-Skill
areas NNS X I-Skill
Experience NNP X I-Skill
in IN X O
other JJ X O
sectors NNS X O
such JJ X O
as IN X O
nuclear JJ X O
or CC X O
oil NN X B-Domain
and CC X I-Domain
gas NN X I-Domain
would MD X O
be VB X O
an DT X O
advantage NN X O
The DT X O

National NNP X O
Accounts NNPS X O
positionis NN X O
instrumental NN X O
in IN X O
continuing VBG X O
our PRP$ X O
clientsculture NN X O
change NN X O
success NN X O
and CC X O
retailer NN X O
partnering NN X O
agenda NN X O
. . X O
Main NNP X O

responsibilities NNS X O
will MD X O
include VB X O
: : X O
Lead VB X B-Skill
the DT X I-Skill
Industrial NNP X I-Skill
Services NNPS X I-Skill
Shift NNP X I-Skill
team NN X I-Skill
and CC X I-Skill
ensure VB X I-Skill
compliance NN X I-Skill
with IN X I-Skill
internal JJ X I-Skill
and CC X I-Skill
external JJ X I-Skill
regulations NNS X I-Skill
/ JJ X I-Skill
legislation NN X I-Skill
. . X O
You PRP X O

require VBP X O
all DT X O
of IN X O
the DT X O
above JJ X O
experience NN X O
in IN X O
order NN X O
for IN X O
to TO X O
be VB X O
eligible JJ X O
for IN X O
this DT X O
role NN X O
. . X O
The DT X O

client NN X O
has VBZ X O
requested VBN X O
an DT X O
apprentice NN X O
trained VBD X O
air NN X B-Occupation
conditioning VBG X I-Occupation
engineer NN X I-Occupation
with IN X O
experience NN X O

of IN X O
using VBG X O
XML NNP X B-Skill
/ NNP X I-Skill
XSLT NNP X I-Skill
and CC X O
web NN X B-Skill
services NNS X I-Skill
have VBP X O
experience NN X O
of IN X O
XHTML NNP X B-Skill
/ NNP X I-Skill
CSS NNP X I-Skill
and CC X O
Cross NNP X B-Skill
Browser NNP X I-Skill
ASP NNP X B-Skill

. . X I-Skill
NET NNP X I-Skill
MVC NNP X I-Skill
**** NNP X I-Skill
Razor NNP X I-Skill
, , X O
AJAX NNP X B-Skill
, , X O
Agile NNP X B-Skill
, , X O
TDD NNP X B-Skill
, , X O
Castle NNP X B-Skill
Monorail NNP X I-Skill
, , X O
Castle NNP X B-Skill
Windsor NNP X I-Skill
, , X O
Subversion NNP X B-Skill
, , X O
SVN NNP X B-Skill
, , X O
NHibernate NNP X B-Skill
, , X O
RhinoMocks NNP X B-Skill
, , X O
NUnit NNP X B-Skill
, , X O
Urgent NNP X O
Knowledge NNP X O

of IN X O
the DT X O
legal JJ X B-Domain
sector NN X I-Domain
and CC X O
an DT X O
understanding NN X O
of IN X O
regulatory JJ X B-Skill
frameworks NNS X I-Skill
would MD X O
be VB X O
an DT X O
advantage NN X O
but CC X O
not RB X O
essential JJ X O
. . X O
My PRP$ X O

client NN X O
, , X O
a DT X O
Local NNP X O
Authority NNP X O
based VBN X O
in IN X O
West NNP X O
London NNP X O
is VBZ X O
looking VBG X O
to TO X O
recruit VB X O
a DT X O
strong JJ X O
Administrator NN X B-Occupation
with IN X O
excellent JJ X O
organisational JJ X B-Skill
skills NNS X I-Skill
for IN X O
this DT X O
busy JJ X O
and CC X O
varied JJ X O
role NN X O
supporting VBG X B-Skill
social JJ X I-Skill
work NN X I-Skill
teams NNS X I-Skill
in IN X O
the DT X O
Youth NNP X O
Offending NNP X O
Service NNP X O
Main NNP X O
Duties NNP X O
Draft NNP X B-Skill
routine NN X I-Skill
correspondence NN X I-Skill
and CC X O
respond NN X B-Skill
to TO X I-Skill
requests NNS X I-Skill
for IN X I-Skill
information NN X I-Skill
from IN X I-Skill
internal JJ X I-Skill
and CC X I-Skill
external JJ X I-Skill
service NN X I-Skill
users NNS X I-Skill
Receive NNP X I-Skill
and CC X I-Skill
filter RB X I-Skill
telephone NN X I-Skill
calls VBZ X I-Skill
, , X I-Skill
taking VBG X I-Skill
and CC X I-Skill
distributing VBG X I-Skill
messages NNS X I-Skill
as IN X I-Skill
appropriate NN X I-Skill
. . X O
You PRP X O

will MD X O
have VB X O
a DT X O
confident JJ X B-Skill
telephone NN X I-Skill
manner NN X I-Skill
and CC X O
will MD X O
have VB X O
a DT X O
flexible JJ X B-Skill
work NN X I-Skill
ethic NN X I-Skill
as IN X O
some DT X O
travel NN X O
may MD X O
be VB X O
required VBN X O
to TO X O
support VB X O
UK NNP X O
events NNS X O
. . X O
This DT X O

is VBZ X O
an DT X O
exciting JJ X O
opportunity NN X O
to TO X O
develop VB X O
and CC X O
progress VB X O
with IN X O
a DT X O
forward NN X O
thinking VBG X O
organisation NN X O
that IN X O
rewards VBZ X O
achievers NNS X B-Skill
Make NNP X O
contact NN X O
today NN X O
to TO X O
find VB X O
out RP X O
moreWe NNS X O
are VBP X O
acting VBG X O
as IN X O
an DT X O
Employment NNP X B-Domain
Agency NN X O
**** JJ X O

GCSE NNP X B-Qualification
qualifications NNS X I-Qualification
or CC X O
equivalent JJ X O
Willingness NN X O
to TO X O
undertake VB X O
further JJ X O
financial JJ X O
training NN X O
handling VBG X B-Skill

all DT X I-Skill
incoming VBG X I-Skill
calls NNS X I-Skill
in IN X I-Skill
a DT X I-Skill
polite JJ X I-Skill
, , X I-Skill
efficient JJ X I-Skill
and CC X I-Skill
proactive JJ X I-Skill
manner NN X I-Skill
. . X O
You PRP X O

will MD X O
work VB X O
from IN X O
patient JJ X O
s NNS X O
own JJ X O
homes NNS X O
, , X O
providing VBG X O
them PRP X O
and CC X O
their PRP$ X O
families NNS X O
with IN X O
clinical JJ X O
and CC X O
healthcare JJ X O
support NN X O
. . X O
HUDDERSFIELD NNP X O

Enjoy NNP X O
working VBG X B-Skill
to TO X I-Skill
tight JJ X I-Skill
deadlines NNS X I-Skill
Enjoy NNP X O
working VBG X B-Skill
in IN X I-Skill
a DT X I-Skill
fast NN X I-Skill
paced NN X I-Skill
, , X I-Skill
team NN X I-Skill
oriented VBD X I-Skill
, , X I-Skill
rewarding VBG X I-Skill
environment NN X I-Skill
Experience NN X O
of IN X O
product NN X B-Skill
sourcing NN X I-Skill
Due NNP X O

to TO X O
an DT X O
internal JJ X O
promotion NN X O
, , X O
we PRP X O
now RB X O
have VBP X O
a DT X O
vacancy NN X O
for IN X O
an DT X O
experienced JJ X B-Skill
Quality NNP X B-Occupation
Engineer NNP X I-Occupation
from IN X O
an DT X O
engineering NN X B-Qualification
/ NN X I-Qualification
manufacturing NN X I-Qualification
environment NN X O
. . X O
From IN X O

the DT X O
design NN X B-Skill
, , X O
development NN X B-Skill
and CC X O
production NN X B-Skill
of IN X I-Skill
state NN X I-Skill
of IN X I-Skill
the DT X I-Skill
art NN X I-Skill
equipment NN X I-Skill
, , X I-Skill
software NN X I-Skill
and CC X I-Skill
complex JJ X I-Skill
systems NNS X I-Skill
architectures VBZ X I-Skill
to TO X O
through IN X B-Skill
life NN X I-Skill
support NN X I-Skill
, , X O
Selex NNP X O
ES NNP X O
partners NNS X O
its PRP$ X O
customers NNS X O
to TO X O
deliver VB X B-Skill
the DT X I-Skill
information NN X I-Skill
superiority NN X I-Skill
required VBN X I-Skill
to TO X I-Skill
act VB X I-Skill
decisively RB X I-Skill
, , X O
complete JJ X B-Skill
missions NNS X I-Skill
, , X O
and CC X O
maintain VBP X B-Skill
security NN X I-Skill
and CC X I-Skill
protection NN X I-Skill
for IN X I-Skill
operational JJ X I-Skill
effectiveness NN X I-Skill
As IN X O
part NN X O
of IN X O
our PRP$ X O
ongoing JJ X O
expansion NN X O
, , X O
we PRP X O
now RB X O
require VBP X O
a DT X O
Technical JJ X B-Occupation
Lead NNP X I-Occupation
/ NN X I-Occupation
Principal NNP X I-Occupation
Architect NNP X I-Occupation
to TO X O
join VB X B-Skill
the DT X I-Skill
senior JJ X I-Skill
management NN X I-Skill
team NN X I-Skill
within IN X I-Skill
our PRP$ X I-Skill
thriving VBG X I-Skill
Simulation NNP X I-Skill
and CC X I-Skill
Training NNP X I-Skill
Unit NNP X I-Skill
. . X O
Work NN X O

with IN X O
consultants NNS X O
to TO X O
better JJR X O
understand VB X O
issues NNS X B-Skill
and CC X I-Skill
resolutions NNS X I-Skill
. . X O
To TO X O

attend VB X B-Skill
regular JJ X I-Skill
Commercial JJ X I-Skill
meetings NNS X I-Skill
as IN X I-Skill
appropriate JJ X I-Skill
to TO X O
gain VB X O
a DT X O
more RBR X O
thorough JJ X O
understanding NN X O
of IN X O
the DT X O
commercial JJ X O
environment NN X O
. . X O
**** JJ X O

Work NNP X B-Skill
concurrently RB X I-Skill
with IN X I-Skill
Manufacturing NNP X I-Skill
Engineers NNPS X I-Skill
to TO X I-Skill
ensure VB X I-Skill
Design NNP X I-Skill
for IN X I-Skill
Manufacture NN X I-Skill
This DT X O

role NN X O
would MD X O
suit VB X O
a DT X O
very RB X O
numerate JJ X B-Skill
, , X O
self PRP X B-Skill
motivated VBD X I-Skill
person NN X O
, , X O
who WP X O
has VBZ X O
a DT X O
keen JJ X O
interest NN X O
in IN X O
new JJ X O
product NN X B-Skill
development NN X I-Skill
. . X O
We PRP X O

specialise VBP X O
in IN X O
Field NNP X B-Domain
Sales NNS X I-Domain
, , X O
Marketing NN X B-Domain
, , X O
Management NNP X B-Domain
and CC X O
Board NNP X O
level NN X O
appointments NNS X O
across IN X O
the DT X O
whole NN X O
of IN X O
the DT X O
UK NNP X O
. . X O
The DT X O

new JJ X O
sales NNS X B-Occupation
executive NN X I-Occupation
will MD X O
be VB X O
selling VBG X B-Skill
software NN X I-Skill
packages NNS X I-Skill
at IN X O
project NN X O
manager NN X O
and CC X O
C NNP X O
level NN X O
, , X O
with IN X O
software NN X O
sales NNS X O
deals NNS X O
averaging VBG X O
Complete NNP X B-Skill

relevant JJ X I-Skill
service NN X I-Skill
documentation NN X I-Skill
Ideal NNP X O
Candidate NNP X O
Must NNP X O
be VB X O
Vauxhall NNP X B-Skill
Trained NNP X O
UK NNP X O
all DT X O

briefing NN X B-Skill
and CC X I-Skill
debriefing VBG X I-Skill
documentation NN X I-Skill
, , X O
equipment NN X B-Skill
logging NN X I-Skill
and CC X O
associated VBN X O
paperwork NN X B-Skill
is VBZ X O
completed VBN X O
on IN X O
time NN X O
and CC X O
filed VBD X O
appropriately RB X O
. . X O
The DT X B-Skill

ability NN X I-Skill
to TO X I-Skill
impress VB X I-Skill
a DT X I-Skill
highly RB X I-Skill
individual JJ X I-Skill
and CC X I-Skill
diverse JJ X I-Skill
clientele NN X I-Skill
Reporting VBG X O

to TO X O
the DT X O
Quality NNP X B-Occupation
Assurance NNP X I-Occupation
Director NNP X I-Occupation
, , X O
you PRP X O
will MD X O
manage VB X O
a DT X O
small JJ X O
team NN X O
responsible JJ X O
for IN X O
automated JJ X B-Skill
ultrasonic JJ X I-Skill
inspection NN X I-Skill
, , X O
manual JJ X B-Skill
ultrasonic JJ X I-Skill
inspection NN X I-Skill
, , X O
eddy JJ X B-Skill
current JJ X I-Skill
testing NN X I-Skill
and CC X O
radiographic JJ X B-Skill
inspection NN X I-Skill
. . X O
THE DT X O

ROLE NN X O
: : X O
Support VB X O
the DT X O
full JJ X O
software NN X B-Skill
life NN X I-Skill
cycle NN X I-Skill
in IN X O
accordance NN X O
with IN X O
Quality NNP X B-Skill
procedures NNS X I-Skill
. . X O
Works NNS X O

required VBN X O
will MD X O
include VB X O
Competent NNP X B-Skill
face NN X I-Skill
brickwork NN X I-Skill
, , X O
Cutting VBG X B-Skill
out RP X I-Skill
and CC X I-Skill
reappointing VBG X I-Skill
brickwork NN X I-Skill
, , X O
including VBG X O
mastic JJ X O
pointing NN X O
. . X O
All DT X O

instances NNS X O
of IN X O
deviation NN X B-Skill
, , X I-Skill
especially RB X I-Skill
where WRB X I-Skill
working VBG X I-Skill
outside IN X I-Skill
our PRP$ X I-Skill
Clients NNS X I-Skill
environment NN X I-Skill
, , X I-Skill
are VBP X I-Skill
to TO X I-Skill
be VB X I-Skill
notified VBN X I-Skill
to TO X O
line NN X B-Domain
management NN X I-Domain
, , X O
and CC X O
where WRB X O
the DT X O
nature NN X O
of IN X O
the DT X O
operations NNS X O
so RB X O
requires VBZ X O
, , X O
task NN X B-Skill
risk NN X I-Skill
reviews NNS X I-Skill
should MD X O
be VB X O
performed VBN X O
To TO X O

arrange VB X O
a DT X O
telephone NN X O
interview NN X O
forward RB X O
your PRP$ X O
cv NN X O
to TO X O
paul_innesers NNS X O
. . X O
co NN X O
. . X O
uk NN X O
This DT X O
job NN X O
was VBD X O
originally RB X O
posted VBN X O
as IN X O
Our PRP$ X O

standards NNS X B-Skill
are VBP X I-Skill
high JJ X I-Skill
and CC X I-Skill
maintained VBN X I-Skill
by IN X O
our PRP$ X O
friendly JJ X O
team NN X O
of IN X O
staff NN X B-Occupation
who WP X O
are VBP X O
dedicated VBN X O
and CC X O
committed VBN X B-Skill
to TO X I-Skill
providing VBG X I-Skill
a DT X I-Skill
professional JJ X I-Skill
quality NN X I-Skill
service NN X I-Skill
to TO X O
each DT X O
of IN X O
our PRP$ X O
service NN X O
users NNS X O
and CC X O
their PRP$ X O
families NNS X O
. . X O
Your PRP$ X O

profile NN X O
As IN X O
magazine NN X B-Occupation
editor NN X I-Occupation
you PRP X O
will MD X O
be VB X O
well RB X O
organised JJ X B-Skill
and CC X O
great JJ X O
at IN X O
multitasking VBG X B-Skill
. . X O
We PRP X O

invite VBP X O
applications NNS X O
from IN X O
individuals NNS X O
who WP X O
can MD X O
fulfil VB X O
the DT X O
below NN X O
criteria NNS X O
: : X O
Supervisory JJ X B-Skill
experience NN X O
in IN X O
Banqueting NNP X B-Domain
/ NNP X I-Domain
Function NNP X I-Domain
/ NNP X I-Domain
Restaurant NNP X I-Domain
service NN X O
We PRP X O

currently RB X O
have VBP X O
a DT X O
variety NN X O
of IN X O
exciting VBG X O
opportunities NNS X O
available JJ X O
in IN X O
a DT X O
number NN X O
of IN X O
Residential JJ X B-Domain
Homes NNP X I-Domain
and CC X O
Schools NNP X B-Domain
for IN X I-Domain
Children NNP X I-Domain
across IN X O
the DT X O
county NN X O
catering NN X O
for IN X O
looked VBN X O
after IN X O
children NNS X O
with IN X O
serious JJ X O
emotional JJ X O
and CC X O
behavioural JJ X O
difficulties NNS X O
. . X O
As IN X O

the DT X O
Administrator NNP X B-Occupation
, , X O
you PRP X O
will MD X O
be VB X O
: : X O
Processing VBG X B-Skill
information NN X I-Skill
using VBG X I-Skill
in IN X I-Skill
house NN X I-Skill
systems NNS X I-Skill
Dealing VBG X I-Skill
with IN X I-Skill
queries NNS X I-Skill
Dealing VBG X I-Skill
with IN X I-Skill
and CC X I-Skill
resolving VBG X I-Skill
complaints NNS X I-Skill
or CC X I-Skill
problems NNS X I-Skill
Amending VBG X I-Skill
details NNS X I-Skill
on IN X I-Skill
inhouse NN X I-Skill
system NN X I-Skill
Scanning NNP X I-Skill
, , X I-Skill
filing NN X I-Skill
and CC X I-Skill
uploading JJ X I-Skill
relevant JJ X I-Skill
documentation NN X I-Skill
to TO X I-Skill
in IN X I-Skill
house NN X I-Skill
system NN X I-Skill
Liaising VBG X I-Skill
with IN X I-Skill
internal JJ X I-Skill
members NNS X I-Skill
of IN X I-Skill
staff NN X I-Skill
Liaising VBG X I-Skill
with IN X I-Skill
accounts NNS X I-Skill
department NN X I-Skill
Working VBG X I-Skill
closely RB X I-Skill
with IN X I-Skill
compliance NN X I-Skill
team NN X I-Skill
Working NNP X I-Skill
towards NNS X I-Skill
inhouse NN X I-Skill
We PRP X O

have VBP X O
a DT X O
new JJ X O
vacancy NN X O
for IN X O
a DT X O
RGN NNP X B-Occupation
Nurse NNP X I-Occupation
working VBG X O
days NNS X O
and CC X O
nights NNS X O
. . X O
In IN X O

turn NN X O
, , X O
the DT X O
company NN X O
is VBZ X O
offering VBG X O
an DT X O
excellent JJ X O
salary NN X O
with IN X O
the DT X O
bonus NN X O
, , X O
a DT X O
competitive JJ X O
package NN X O
including VBG X O
flexible JJ X O
working JJ X O
hours NNS X O
/ JJ X O
month NN X O
, , X O
private JJ X O
health NN X O
care NN X O
, , X O
pension NN X O
, , X O
relocation NN X O
package NN X O
. . X O
It PRP X O

' '' X O
s VBZ X O
not RB X O
just RB X O
our PRP$ X O
customers NNS X O
who WP X O
know VBP X O
we PRP X O
are VBP X O
the DT X O
best JJS X O
; : X O
we PRP X O
are VBP X O
recognised VBN X O
within IN X O
the DT X O
industry NN X O
and CC X O
by IN X O
the DT X O
British JJ X O
Standards NNP X O
Institute NNP X O
, , X O
and CC X O
this DT X O
constantly RB X O
generates VBZ X O
business NN X O
for IN X O
our PRP$ X O
Sales NNS X B-Occupation
Representatives NNPS X I-Occupation
. . X O
Protocol NNP X O

National NNP X O
is VBZ X O
the DT X O
UK NNP X O
s NN X O
largest JJS X O
provider NN X O
of IN X O
skilled JJ X O
professional JJ X O
staff NN X O
to TO X O
the DT X O
Further NNP X B-Domain
Education NNP X I-Domain
sector NN X I-Domain
who WP X O
are VBP X O
continually RB X O
looking VBG X O
for IN X O
experienced JJ X B-Skill
tutors NNS X B-Occupation
, , X I-Occupation
lecturers NNS X I-Occupation
and CC X O
trainers NNS X B-Occupation
with IN X O
experience NN X O
in IN X O
the DT X O
FE NNP X B-Domain
sector NN X I-Domain
. . X O
They PRP X O

will MD X O
give VB X O
you PRP X O
a DT X O
massive JJ X O
chance NN X O
to TO X O
progress VB X B-Skill
and CC X I-Skill
develop VB X I-Skill
yourself PRP X I-Skill
with IN X O
the DT X O
company NN X O
along IN X O
with IN X O
huge JJ X O
bonus NN X O
potential NN X O
Howarth NNP X O

Morris NNP X O
offers VBZ X O
an DT X O
outstanding JJ X O
dedicated JJ X O
Accountancy NNP X O
and CC X O
HR NNP X O
recruitment NN X O
service NN X O
. . X O
Line NNP X O

management NN X B-Skill
experience NN X O
and CC X O
the DT X O
flexibility NN X B-Skill
to TO X I-Skill
travel VB X I-Skill
within IN X O
the DT X O
UK NNP X O
are VBP X O
also RB X O
key JJ X O
requirements NNS X O
for IN X O
this DT X O
role NN X O
. . X O
Claim NNP X B-Skill

assessment NN X I-Skill
ensuring VBG X O
that IN X O
warranties NNS X O
are VBP X O
valid JJ X O
and CC X O
that IN X O
the DT X O
claim NN X O
requested VBD X O
is VBZ X O
covered VBN X O
by IN X O
the DT X O
warranty NN X O
. . X O
Qualified VBN X O

Social JJ X B-Skill
Workers NNS X I-Skill
are VBP X O
required VBN X O
to TO X O
undertake VB X O
some DT X O
project NN X O
work NN X O
in IN X O
Weston NNP X O
Supermare NNP X O
. . X O
Assist VB X O

the DT X O
Registered NNP X B-Occupation
Manager NNP X I-Occupation
and CC X O
Home NNP X B-Occupation
Administrator NNP X I-Occupation
/ NNP X O
Book NNP X B-Occupation
keeper NN X I-Occupation
in IN X O
the DT X O
maintenance NN X B-Skill
of IN X I-Skill
records NNS X I-Skill
relating VBG X O
to TO X O
staff NN X O
employed VBN X O
in IN X O
the DT X O
Home NNP X O
. . X O
Report NNP X B-Skill

directly RB X I-Skill
to TO X I-Skill
the DT X I-Skill
General NNP X B-Occupation
Manager NNP X I-Occupation
Be NNP X O
able JJ X O
to TO X O
manage VB X B-Skill
a DT X I-Skill
team NN X I-Skill
Have NNP X O
excellent JJ X O
leadership NN X B-Skill
and CC X I-Skill
communication NN X I-Skill
skills NNS X I-Skill
Creative NNP X I-Skill
flair NN X I-Skill
and CC X I-Skill
passion NN X I-Skill
to TO X I-Skill
see VB X I-Skill
those DT X I-Skill
around RB X I-Skill
develop VBP X I-Skill
as IN X I-Skill
part NN X I-Skill
of IN X I-Skill
driving NN X I-Skill
standards NNS X I-Skill
and CC X I-Skill
client NN X I-Skill
satisfaction NN X I-Skill
. . X O
Due JJ X O

to TO X O
the DT X O
size NN X O
of IN X O
the DT X O
organisation NN X O
there EX X O
is VBZ X O
a DT X O
clear JJ X O
career NN X O
path NN X O
into IN X O
a DT X O
practice NN X O
lead NN X O
or CC X O
programme JJ X B-Occupation
delivery NN X I-Occupation
manager NN X I-Occupation
position NN X O
in IN X O
the DT X O
future NN X O
. . X O
The DT X O

business NN X O
is VBZ X O
going VBG X O
through IN X O
some DT X O
change NN X O
currently RB X O
and CC X O
is VBZ X O
urgently RB X O
looking VBG X O
to TO X O
hire VB X O
a DT X O
Propositions NNP X B-Occupation
Manager NNP X I-Occupation
to TO X O
drive VB X B-Skill
upsell JJ X I-Skill
propositions NNS X I-Skill
into IN X I-Skill
the DT X I-Skill
existing VBG X I-Skill
customer NN X I-Skill
base NN X I-Skill
. . X O
A DT X O

legal JJ X O
organisation NN X O
in IN X O
Bristol NNP X O
are VBP X O
looking VBG X O
to TO X O
recruit VB X O
a DT X O
flexible JJ X B-Skill
PA NNP X B-Occupation
/ NNP X O
Administrator NNP X B-Occupation
. . X O
As IN X O

General NNP X B-Occupation
Manager NNP X I-Occupation
you PRP X O
ll VBP X O
be VB X O
training NN X B-Skill
and CC X I-Skill
leading VBG X I-Skill
a DT X I-Skill
large JJ X I-Skill
team NN X I-Skill
. . X O
To TO X O

apply VB X O
for IN X O
this DT X O
position NN X O
you PRP X O
must MD X O
have VB X O
commercial JJ X O
experience NN X O
developing VBG X B-Skill
in IN X I-Skill
ASP NNP X I-Skill
. . X I-Skill
Net NN X I-Skill
If IN X O

you PRP X O
would MD X O
like VB X O
to TO X O
contact VB X O
VanRath NNP X O
for IN X O
an DT X O
update JJ X O
please NN X O
call VB X O
our PRP$ X O
consultants NNS X O
directly RB X O
on IN X O
The DT X O

successful JJ X O
Senior NNP X B-Skill
SQL NNP X B-Occupation
Developer NNP X I-Occupation
will MD X O
manage VB X B-Skill
a DT X I-Skill
team NN X I-Skill
of IN X I-Skill
3 CD X I-Skill
SQL NNP X I-Skill
Developers NNP X I-Skill
and CC X O
report NN X B-Skill
into IN X I-Skill
the DT X I-Skill
Technical NNP X I-Skill
Architect NNP X I-Skill
. . X O
To TO X O

maintain VB X B-Skill
, , X I-Skill
optimise NN X I-Skill
and CC X I-Skill
improve VB X I-Skill
all DT X I-Skill
aspects NNS X I-Skill
of IN X I-Skill
equipment NN X I-Skill
and CC X I-Skill
process NN X I-Skill
performance NN X I-Skill
using VBG X I-Skill
TPM NNP X I-Skill
principles NNS X I-Skill
, , X I-Skill
loss NN X I-Skill
analysis NN X I-Skill
and CC X I-Skill
tools NNS X I-Skill
. . X O
Knowledge NNP X O

of IN X O
and CC X O
experience NN X O
with IN X O
AJAX NNP X B-Skill
Asynchronous NNP X I-Skill
JavaScript NNP X I-Skill
XML NNP X I-Skill
Experience NNP X O
with IN X O
IBM NNP X B-Skill
DB NNP X I-Skill
**** JJ X O

month NN X O
initial JJ X O
contract NN X O
likely JJ X O
to TO X O
be VB X O
extended VBN X O
based VBN X O
near IN X O
Southampton NNP X O
, , X O
Hampshire NNP X O
. . X O
Desirable JJ X O

Experience NN X O
of IN X O
SCUK NNP X B-Skill
systems NNS X I-Skill
PSF NNP X I-Skill
or CC X O
Agresso NNP X B-Skill
, , X O
Vision NNP X B-Skill
Refer VB X O

a DT X O
friend NN X O
If IN X O
this DT X O
job NN X O
is VBZ X O
not RB X O
of IN X O
interest NN X O
to TO X O
you PRP X O
, , X O
but CC X O
you PRP X O
know VBP X O
a DT X O
friend NN X O
or CC X O
colleague NN X O
who WP X O
may MD X O
be VB X O
interested JJ X O
, , X O
recommend VB X O
them PRP X O
to TO X O
us PRP X O
and CC X O
receive VB X O
a DT X O
minimum NN X O
of IN X O
Additionally RB X O

, , X O
please VB X O
feel VB X O
free JJ X O
to TO X O
add VB X O
me PRP X O
on IN X O
LinkedIn NNP X O
: : X O
http NN X O
:// NN X O
uk NN X O
. . X O
linkedin NN X O
. . X O
com NN X O
/ NN X O
in IN X O
/ NNP X O
allankhonje NN X O
. . X O
Partnering VBG X B-Skill

with IN X I-Skill
internal JJ X I-Skill
stakeholders NNS X I-Skill
and CC X I-Skill
external JJ X I-Skill
bodies NNS X I-Skill
you PRP X O
will MD X O
produce VB X B-Skill
complex JJ X I-Skill
financial JJ X I-Skill
models NNS X I-Skill
demonstrating VBG X O
current JJ X B-Skill
and CC X I-Skill
prospect JJ X I-Skill
pricing NN X I-Skill
and CC X I-Skill
benchmarking NN X I-Skill
against IN X I-Skill
other JJ X I-Skill
bodies NNS X I-Skill
. . X O
The DT X O

Medical NNP X B-Occupation
Director NNP X I-Occupation
, , X O
where WRB X O
applicable JJ X O
, , X O
will MD X O
participate VB X O
in IN X O
evolving VBG X O
and CC X O
upholding VBG X B-Skill
the DT X I-Skill
integrated VBN X I-Skill
Governance NNP X I-Skill
Strategy NNP X I-Skill
. . X O
A DT X O

key JJ X O
element NN X O
of IN X O
the DT X O
role NN X O
involves VBZ X O
initiating VBG X B-Skill
, , X I-Skill
developing VBG X I-Skill
and CC X I-Skill
maintaining VBG X I-Skill
key JJ X I-Skill
business NN X I-Skill
relationships NNS X I-Skill
with IN X I-Skill
prestigious JJ X I-Skill
companies NNS X I-Skill
inLondonand VBP X I-Skill
working VBG X I-Skill
with IN X I-Skill
them PRP X I-Skill
to TO X I-Skill
satisfy VB X I-Skill
their PRP$ X I-Skill
recruitment NN X I-Skill
needs NNS X I-Skill
. . X O
To TO X O

work VB X B-Skill
as IN X I-Skill
part NN X I-Skill
of IN X I-Skill
a DT X I-Skill
team NN X I-Skill
both DT X O
within IN X O
the DT X O
section NN X O
and CC X O
as IN X O
part NN X O
of IN X O
the DT X O
College NNP X O
as IN X O
a DT X O
whole NN X O
to TO X O
provide VB X O
a DT X O
team NN X B-Skill
culture NN X I-Skill
and CC X I-Skill
environment NN X I-Skill
and CC X O
contribute NN X O
towards NNS X O
the DT X O
team NN X B-Skill
development NN X I-Skill
and CC X O
assist NN X B-Skill
others NNS X I-Skill
as IN X O
necessary JJ X O
during IN X O
periods NNS X O
of IN X O
peak JJ X O
demand NN X O
. . X O
Maintain NNP X B-Skill

constructive JJ X I-Skill
communication NN X I-Skill
channels NNS X I-Skill
between IN X I-Skill
payroll NN X I-Skill
teams NNS X I-Skill
, , X I-Skill
HRSS NNP X I-Skill
and CC X I-Skill
its PRP$ X I-Skill
clients NNS X I-Skill
and CC X I-Skill
customers NNS X I-Skill
Compass NN X O

Associates NNS X B-Occupation
are VBP X O
working VBG X O
on IN X O
behalf NN X O
of IN X O
a DT X O
care NN X B-Occupation
provider NN X I-Occupation
to TO X O
appoint VB X O
a DT X O
Unit NNP X B-Occupation
Manager NNP X I-Occupation
for IN X O
one CD X O
of IN X O
their PRP$ X O
Nursing NN X B-Domain
Homes NNPS X I-Domain
providing VBG X O
care NN X B-Skill
for IN X I-Skill
elderly JJ X I-Skill
service NN X I-Skill
users NNS X I-Skill
. . X O
If IN X O

you PRP X O
? . X O
re VB X O
a DT X O
Chemistry NNP X B-Occupation
teacher NN X I-Occupation
seeking VBG X O
a DT X O
challenge NN X O
, , X O
and CC X O
you PRP X O
would MD X O
like VB X O
to TO X O
work VB X O
in IN X O
an DT X O
academically RB X O
strong JJ X O
, , X O
Central NNP X O
London NNP X O
School NNP X O
, , X O
we PRP X O
want VBP X O
to TO X O
hear VB X O
from IN X O
you PRP X O
. . X O
Please NNP X O

also RB X O
confirm VBP X O
your PRP$ X O
CRB NNP X O
status NN X O
as IN X O
you PRP X O
will MD X O
be VB X O
required VBN X O
to TO X O
possess VB X O
a DT X O
recent JJ X O
Enhanced NNP X B-Qualification
CRB NNP X I-Qualification
Disclosure NNP X I-Qualification
. . X O
We PRP X O

encourage VBP X O
participation NN X O
in IN X O
all DT X O
forms NNS X O
of IN X O
training NN X O
and CC X O
have VBP X O
an DT X O
active JJ X O
programme NN X O
of IN X O
inhouse NN X O
and CC X O
well RB X O
as IN X O
external JJ X O
training NN X O
for IN X O
all DT X O
of IN X O
our PRP$ X O
engineers NNS X O
. . X O
Desirable JJ X O

Knowledge NNP X B-Skill
of IN X I-Skill
any DT X I-Skill
of IN X I-Skill
the DT X I-Skill
following JJ X I-Skill
key NN X I-Skill
SAP NNP X I-Skill
Innovation NNP X I-Skill
Tools NNP X I-Skill
such JJ X O
as IN X O
: : X O
Classic JJ X B-Skill
SAP NNP X I-Skill
, , X O
SUP NNP X B-Skill
, , X I-Skill
SAP NNP X I-Skill
PO NNP X I-Skill
Male JJ X O

P NNP X B-Occupation
. . X I-Occupation
E NNP X I-Occupation
Teacher NNP X I-Occupation
4 CD X O
week NN X O
booking VBG X O
School NNP X B-Domain
based VBN X O
in IN X O
Barking NNP X O
s NN X O
and CC X O
experienced JJ X B-Skill
candidates NNS X O
wanted VBD X O
. . X O
Other JJ X O

duties NNS X O
will MD X O
include VB X O
: : X O
Logging NNP X B-Skill
service NN X I-Skill
calls VBZ X I-Skill
via IN X O
email NN X O
, , X O
phone NN X O
and CC X O
fax NN X O
. . X O
Experience NN X O

in IN X O
the DT X O
Energy NNP X B-Domain
Power NNP X I-Domain
or CC X O
Oil NNP X B-Domain
Gas NNP X I-Domain
industries NNS X O
useful JJ X O
but CC X O
not RB X O
essential JJ X O
As IN X O

a DT X O
field NN X O
sales NNS X B-Occupation
consultant NN X I-Occupation
, , X O
you PRP X O
will MD X O
be VB X O
required VBN X O
to TO X O
sell VB X B-Skill
this DT X I-Skill
leading VBG X I-Skill
company NN X I-Skill
' '' X I-Skill
s JJ X I-Skill
brand NN X I-Skill
into IN X I-Skill
independent JJ X I-Skill
florists NNS X I-Skill
and CC X I-Skill
provide VB X I-Skill
business NN X I-Skill
consultancy NN X I-Skill
into IN X I-Skill
small JJ X I-Skill
retailers NNS X I-Skill
. . X O
Various JJ X O

working VBG X O
patterns NNS X O
including VBG X O
a DT X O
shift NN X O
pattern NN X O
to TO X O
cover VB X O
between IN X O
7am CD X O
to TO X O
10pm CD X O
, , X O
you PRP X O
will MD X O
work VB X O
in IN X O
a DT X O
reliable JJ X B-Skill
manner NN X I-Skill
ensuring VBG X I-Skill
that IN X I-Skill
continuity NN X I-Skill
of IN X I-Skill
service NN X I-Skill
is VBZ X I-Skill
maintained VBN X I-Skill
to TO X O
service NN X O
users NNS X O
, , X O
undertaking VBG X B-Skill
reviews NNS X I-Skill
of IN X O
care NN X O
plans NNS X O
, , X O
quality NN X B-Skill
assurance NN X I-Skill
checks NNS X I-Skill
of IN X O
care NN X O
staff NN X O
and CC X O
other JJ X O
duties NNS X O
as IN X O
required VBN X O
. . X O
To TO X O

find VB X O
out RP X O
more RBR X O
about IN X O
us PRP X O
please VB X O
visit VB X O
our PRP$ X O
website NN X O
at IN X O
www NN X O
. . X O
ashleykatehr NN X O
. . X O
com NN X O
Join NNP X O
the DT X O
Ashley NNP X O
Kate NNP X O
HR NNP X O
LinkedIn NNP X O
group NN X O
at IN X O
http NN X O
:// NNP X O
linkd NN X O
. . X O
in IN X O
/ JJ X O
HRProfessionalsNetworkUK NNP X O
And CC X O
follow VB X O
us PRP X O
on IN X O
Twitter NN X O
at IN X O
In IN X O

line NN X O
with IN X O
the DT X O
requirements NNS X O
of IN X O
the DT X O
Asylum NNP X O
and CC X O
Immigration NNP X O
Act NNP X O
Eclypse NNP X O

Recruitment NNP X O
is VBZ X O
currently RB X O
looking VBG X O
to TO X O
recruit VB X O
a DT X O
Nursing NNP X B-Occupation
Home NNP X I-Occupation
Manager NNP X I-Occupation
for IN X O
a DT X O
home NN X O
in IN X O
Farnborough NNP X O
, , X O
Hampshire NNP X O
. . X O
And CC X O

, , X O
to TO X O
help VB X O
you PRP X O
be VB X O
your PRP$ X O
best JJS X O
, , X O
you PRP X O
ll VBP X O
have VBP X O
full JJ X O
support NN X O
and CC X O
great JJ X O
training NN X O
from IN X O
the DT X O
moment NN X O
you PRP X O
join VBP X O
. . X O
Our PRP$ X O

IT NNP X B-Domain
teams NN X O
are VBP X O
central JJ X O
to TO X O
that DT X O
success NN X O
building NN X B-Skill
and CC X I-Skill
delivering VBG X I-Skill
smart JJ X I-Skill
, , X I-Skill
fast JJ X I-Skill
and CC X I-Skill
costeffective JJ X I-Skill
solutions NNS X I-Skill
. . X O
If IN X O

you PRP X O
have VBP X O
the DT X O
relevant JJ X O
skills NNS X O
and CC X O
experience NN X O
for IN X O
this DT X O
position NN X O
we PRP X O
would MD X O
welcome VB X O
your PRP$ X O
application NN X O
, , X O
however RB X O
please JJ X O
note NN X O
that IN X O
we PRP X O
receive VBP X O
high JJ X O
levels NNS X O
of IN X O
responses NNS X O
to TO X O
our PRP$ X O
advertisements NNS X O
so RB X O
can MD X O
only RB X O
immediately RB X O
respond VB X O
to TO X O
those DT X O
that WDT X O
are VBP X O
a DT X O
close JJ X O
match NN X O
. . X O
For IN X O

more JJR X O
information NN X O
, , X O
visit NN X O
www NN X O
. . X O
blueskiescareers NNS X O
. . X O
co NN X O
. . X O
uk JJ X O
and CC X O
we PRP X O
` `` X O
ll JJ X O
make NN X O
sure NN X O
we PRP X O
do VBP X O
our PRP$ X O
best JJS X O
to TO X O
find VB X O
you PRP X O
the DT X O
perfect JJ X O
marketing NN X O
role NN X O
. . X O
SQL NNP X B-Skill

Database NNP X I-Skill
and CC X O
Performance NNP X B-Skill
monitoring NN X I-Skill
Have NNP X O
excellent JJ X O
customer NN X B-Skill
service NN X I-Skill
skills NNS X I-Skill
, , X O
strong JJ X O
communication NN X B-Skill
and CC X O
previous JJ X B-Skill
client NN X I-Skill
facing VBG X I-Skill
experience NN X I-Skill
Worked VBN X B-Experience

in IN X I-Experience
a DT X I-Experience
senior JJ X I-Experience
chef NN X I-Experience
position NN X I-Experience
for IN X I-Experience
at IN X I-Experience
least JJS X I-Experience
2 CD X I-Experience
years NNS X I-Experience
with IN X O
a DT X O
steady JJ X O
CV NNP X O
Experience NNP X B-Experience
of IN X I-Experience
working VBG X I-Experience
within IN X I-Experience
a DT X I-Experience
fresh JJ X I-Experience
food NN X I-Experience
, , X I-Experience
volume NN X I-Experience
environment NN X I-Experience
In IN X O

addition NN X O
to TO X O
a DT X O
competitive JJ X O
salary NN X O
, , X O
there EX X O
is VBZ X O
an DT X O
excellent JJ X O
bonus NN X O
scheme NN X O
as RB X O
well RB X O
as IN X O
a DT X O
company NN X O
car NN X O
with IN X O
Monday NNP X O
to TO X O
Friday NNP X O
working VBG X O
hours NNS X O
. . X O
There EX X O

are VBP X O
opportunities NNS X O
to TO X O
work VB X O
flexibly RB X O
, , X O
including VBG X O
early JJ X O
mornings NNS X O
, , X O
evenings NNS X O
and CC X O
weekends NNS X O
. . X O
Due JJ X O

to TO X O
the DT X O
high JJ X O
level NN X O
of IN X O
response NN X O
only RB X O
candidates NNS X O
with IN X O
the DT X O
relevant JJ X O
experience NN X O
will MD X O
be VB X O
contacted VBN X O
Previous JJ X O

experience NN X O
in IN X O
customer NN X B-Skill
insight NN X I-Skill
, , X O
marketing NN X B-Skill
analytics NNS X I-Skill
or CC X O
campaign NN X B-Skill
insight NN X I-Skill
My PRP$ X O

client NN X O
is VBZ X O
ideally RB X O
seeking VBG X O
a DT X B-Skill
talented VBN X I-Skill
recently RB X O
qualified VBN X O
accountant NN X B-Domain
who WP X O
possess RB X O
good JJ X O
people NNS X B-Skill
skills NNS X I-Skill
, , X O
strong JJ X O
management NN X B-Skill
accounting NN X I-Skill
experience NN X I-Skill
and CC X O
the DT X O
ability NN X O
to TO X O
develop VB X B-Skill
within IN X I-Skill
a DT X I-Skill
key JJ X I-Skill
role NN X I-Skill
in IN X I-Skill
the DT X I-Skill
businesses NNS X I-Skill
succession NN X I-Skill
planning NN X I-Skill
. . X O
Successful JJ X O

candidates NNS X O
will MD X O
have VB X O
experience NN X O
working VBG X B-Skill
as IN X I-Skill
a DT X I-Skill
home NN X I-Skill
manager NN X I-Skill
and CC X O
will MD X O
have VB X O
a DT X O
nursing NN X B-Skill
background NN X I-Skill
coupled VBD X O
with IN X O
strong JJ X O
clinical JJ X B-Skill
skills NNS X I-Skill
. . X O
We PRP X O

offer VBP X O
a DT X O
supportive JJ X O
environment NN X O
where WRB X O
professional JJ X O
development NN X O
is VBZ X O
strongly RB X O
encouraged VBN X O
, , X O
pension NN X O
options NNS X O
including VBG X O
continuing VBG X O
the DT X O
NHS NNP X O
pension NN X O
scheme NN X O
if IN X O
eligible JJ X O
, , X O
flexible JJ X O
working VBG X O
patterns NNS X O
can MD X O
be VB X O
negotiated VBN X O
, , X O
salary JJ X O
commensurate NN X O
with IN X O
skills NNS X O
and CC X O
experience NN X O
and CC X O
a DT X O
season NN X O
ticket NN X O
loan NN X O
. . X O
The DT X O

successful JJ X O
candidate NN X O
will MD X O
be VB X O
responsible JJ X B-Skill
for IN X I-Skill
all DT X I-Skill
Incidents NNP X I-Skill
and CC X I-Skill
Service NNP X I-Skill
Requests NNP X I-Skill
, , X O
ensuring VBG X B-Skill
that IN X I-Skill
they PRP X I-Skill
are VBP X I-Skill
recorded VBN X I-Skill
and CC X I-Skill
that IN X I-Skill
appropriate JJ X I-Skill
resources NNS X I-Skill
are VBP X I-Skill
applied VBN X I-Skill
so IN X I-Skill
that IN X I-Skill
a DT X I-Skill
resolution NN X I-Skill
is VBZ X I-Skill
achieved VBN X I-Skill
according VBG X I-Skill
to TO X I-Skill
strict JJ X I-Skill
SLA NNP X I-Skill
' POS X I-Skill
s NN X I-Skill
. . X O
As IN X O

part NN X O
of IN X O
our PRP$ X O
candidate NN X O
care NN X O
process NN X O
we PRP X O
aim VBP X O
to TO X O
respond VB X O
to TO X O
all DT X O
applications NNS X O
within IN X O
In IN X O

return NN X O
for IN X O
your PRP$ X O
hard JJ X O
work NN X O
and CC X O
dedication NN X O
at IN X O
this DT X O
exciting VBG X O
company NN X O
, , X O
you PRP X O
will MD X O
receive VB X O
an DT X O
excellent JJ X O
bonus NN X O
, , X O
as RB X O
well RB X O
as IN X O
your PRP$ X O
own JJ X O
laptop JJ X O
and CC X O
phone NN X O
. . X O
To TO X O

apply VB X O
for IN X O
this DT X O
position NN X O
please VB X O
email VB X O
your PRP$ X O
CV NNP X O
to TO X O
sarah VB X O
. . X O
belton NN X O
: : X O
If IN X O

your PRP$ X O
application NN X O
is VBZ X O
successful JJ X O
we PRP X O
will MD X O
contact VB X O
you PRP X O
to TO X O
discuss VB X O
the DT X O
opportunity NN X O
in IN X O
more JJR X O
detail NN X O
, , X O
within IN X O
The DT X O

Trust NNP X B-Occupation
and CC X I-Occupation
Foundation NNP X I-Occupation
Officer NNP X I-Occupation
will MD X O
provide VB X B-Skill
excellent JJ X I-Skill
care NN X I-Skill
to TO X I-Skill
relevant VB X I-Skill
stakeholders NNS X I-Skill
and CC X I-Skill
funders NNS X I-Skill
and CC X O
deliver VB X B-Skill
an DT X I-Skill
applications NNS X I-Skill
programme VBP X I-Skill
primarily RB X I-Skill
to TO X I-Skill
small JJ X I-Skill
to TO X I-Skill
medium VB X I-Skill
UK NNP X I-Skill
Trusts NNPS X I-Skill
and CC X I-Skill
Foundations NNP X I-Skill
and CC X I-Skill
Grants NNP X I-Skill
in IN X O
the DT X O
region NN X O
of IN X O
qualification NN X O

is VBZ X O
not RB X O
essential JJ X O
but CC X O
evidence NN X O
of IN X O
working VBG X B-Skill
in IN X I-Skill
a DT X I-Skill
structured JJ X I-Skill
environment NN X I-Skill
will MD X O
be VB X O
required VBN X O
. . X O
Cleaning VBG X B-Skill

equipment NN X I-Skill
and CC X I-Skill
materials NNS X I-Skill
to TO X O
be VB X O
handled VBN X O
and CC X O
stored VBN X O
in IN X O
line NN X O
with IN X O
trained JJ X B-Skill
COSHH NNP X B-Domain
instructions NNS X O
. . X O
My PRP$ X O

client NN X O
is VBZ X O
the DT X O
one NN X O
of IN X O
the DT X O
largest JJS X O
providers NNS X O
of IN X O
private JJ X B-Domain
healthcare NN X I-Domain
in IN X O
the DT X O
UK NN X O
with IN X O
up IN X O
to TO X O
Proof NNP X B-Skill

reading NN X I-Skill
and CC X O
checking NN X B-Skill
that IN X I-Skill
proposals NNS X I-Skill
being VBG X I-Skill
sent VBD X I-Skill
to TO X I-Skill
clients NNS X I-Skill
include VB X O
all PDT X O
the DT X O
required JJ X O
elements NNS X O
. . X O
The DT X O

Hotel NN X B-Domain
: : X O
My PRP$ X O
client NN X O
is VBZ X O
converting VBG X O
a DT X O
luxury NN X O
International NNP X O
Chain NNP X O
hotel NN X O
that IN X O
consists VBZ X O
of IN X O
The DT X O

Software NNP X B-Occupation
Engineer NNP X I-Occupation
will MD X O
work VB X O
with IN X O
engineering NN X O
staff NN X O
to TO X O
define VB X B-Skill
interfaces NNS X I-Skill
between IN X I-Skill
hardware NN X I-Skill
and CC X I-Skill
software NN X I-Skill
, , X O
develop VB X B-Skill
software NN X I-Skill
performance NN X I-Skill
and CC X O
user NN X B-Skill
requirements NNS X I-Skill
specifications NNS X I-Skill
, , X O
develop VB X O
software NN X B-Domain
designs NNS X I-Domain
, , X O
system NN X B-Skill
test NN X I-Skill
and CC X O
validation NN X B-Skill
procedures NNS X I-Skill
, , X O
undertake JJ X O
software NN X B-Domain
programming VBG X I-Domain
and CC X O
development NN X B-Skill
of IN X I-Skill
documentation NN X I-Skill
. . X O
We PRP X O

value NN X O
and CC X O
support VB X O
all DT X O
our PRP$ X O
staff NN X O
to TO X O
gain VB X O
nationally RB X O
recognised JJ X O
qualifications NNS X O
. . X O
Full JJ X O

time NN X O
/ NNP X O
Part NNP X O
Time NNP X O
including VBG X O
weekend NN X O
working VBG X O
Positions NNS X O
available JJ X O
in IN X O
Cambridgeshire NNP X O
as RB X O
well RB X O
as IN X O
London NNP X O
, , X O
Essex NNP X O
, , X O
Surrey NNP X O
and CC X O
Kent NNP X O
borders NNS X O
. . X O
The DT X O

practice NN X O
has VBZ X O
been VBN X O
established VBN X O
for IN X O
five CD X O
years NNS X O
and CC X O
now RB X O
has VBZ X O
three CD X O
consulting VBG X O
rooms NNS X O
including VBG X O
a DT X O
room NN X O
dedicated VBN X O
to TO X O
contact VB X O
lens JJ X O
patients NNS X O
. . X O
As IN X O

Head NNP X B-Occupation
Pastry NNP X I-Occupation
Chef NNP X I-Occupation
you PRP X O
will MD X O
be VB X O
performing VBG X B-Skill
up RP X I-Skill
to TO X I-Skill
three CD X I-Skill
hundred JJ X I-Skill
covers NNS X I-Skill
per IN X I-Skill
day NN X I-Skill
. . X O
**** NNS X O

per IN X O
month NN X O
Minimum NNP X O
average JJ X O
appointments NNS X O
booked VBN X O
from IN X O
each DT X O
telesales NNS X O
exec VBP X O
of IN X O
Strong JJ X B-Experience

client NN X I-Experience
and CC X I-Experience
team NN X I-Experience
management NN X I-Experience
experience NN X I-Experience
is VBZ X O
essential JJ X O
The DT X O
ability NN X O
to TO X O
create VB X B-Skill
an DT X I-Skill
effective JJ X I-Skill
communication NN X I-Skill
strategies NNS X I-Skill
Experience NNP X B-Experience
in IN X I-Experience
social JJ X I-Experience
networking NN X I-Experience
and CC X I-Experience
pitching VBG X I-Experience
for IN X I-Experience
new JJ X I-Experience
business NN X I-Experience
is VBZ X O
desirable JJ X O
Brief JJ X O
Description NN X O
of IN X O
Company NNP X O
Job NNP X O
SkyParlour NNP X O
is VBZ X O
a DT X O
B2B NNP X O
PR NNP X O
consultancy NN X O
with IN X O
an DT X O
established VBN X O
team NN X O
of IN X O
fresh JJ X O
thinking NN X O
, , X O
highly RB X O
experienced JJ X O
hard JJ X O
working VBG X O
PR NNP X O
consultants NNS X O
. . X O
The DT X O

welfare NN X O
of IN X O
those DT X O
in IN X O
need NN X O
is VBZ X O
at IN X O
the DT X O
very RB X O
top JJ X O
of IN X O
their PRP$ X O
agenda NN X O
and CC X O
they PRP X O
have VBP X O
a DT X O
dedicated JJ X O
support NN X O
team NN X O
made VBD X O
of IN X O
ex NN X O
services NNS X O
members NNS X O
and CC X O
civilians NNS X O
who WP X O
work VBP X O
directly RB X O
with IN X O
the DT X O
members NNS X O
and CC X O
their PRP$ X O
families NNS X O
. . X O
A DT X O

polite JJ X B-Skill
telephone NN X I-Skill
manner NN X I-Skill
Ability NNP X O
to TO X O
communicate VB X B-Skill
with IN X I-Skill
people NNS X I-Skill
at IN X I-Skill
different JJ X I-Skill
levels NNS X I-Skill
within IN X O
the DT X O
organisation NN X O
and CC X O
externally RB X O
Be NNP X O
organised VBN X B-Skill
and CC X O
able JJ X B-Skill
to TO X I-Skill
deal VB X I-Skill
with IN X I-Skill
busy JJ X I-Skill
periods NNS X I-Skill
within IN X I-Skill
the DT X I-Skill
office NN X I-Skill
Ability NNP X O
to TO X O
use VB X B-Skill
own JJ X I-Skill
initiative JJ X I-Skill
Ability NNP X O
to TO X O
deliver VB X B-Skill
accurately RB X I-Skill
to TO X I-Skill
instruction VB X I-Skill
given VBN X I-Skill
Possess NNP X O
good JJ X O
computer NN X B-Skill
skills NNS X I-Skill
Job NNP X O
Application NNP X O
/ NNP X O
Interview NNP X O
Other JJ X O
Full NNP X O
training NN X B-Domain
and CC X O
support NN X O
available JJ X O
on IN X O
job NN X O
. . X O
You PRP X O

will MD X O
hold VB X O
a DT X O
social JJ X B-Qualification
work NN X I-Qualification
qualification NN X O
, , X O
as RB X O
well RB X O
as IN X O
HCPC NNP X B-Qualification
registration NN X I-Qualification
and CC X O
an DT X O
up RB X O
to TO X O
date NN X O
CRB NNP X B-Qualification
check NN X I-Qualification
. . X O
Experience NN X O

of IN X O
OLAP NNP X B-Skill
and CC X O
MDX NNP X B-Skill
a DT X O
plus JJ X O
Experience NN X O
of IN X O
AJAX NNP X B-Skill
front JJ X I-Skill
end NN X I-Skill
development NN X I-Skill
and CC X O
realtime NN X B-Skill
streaming VBG X I-Skill
technologies NNS X I-Skill
a DT X O
plus NN X O
. . X O
Any DT X O

experience NN X B-Skill
gained VBN X O
in IN X O
the DT X O
logistics NNS X B-Skill
warehousing VBG X I-Skill
sector NN X O
or CC X O
in IN X O
the DT X O
manufacturing NN X B-Skill
sector NN X O
would MD X O
also RB X O
be VB X O
of IN X O
interest NN X O
. . X O
Candidates NNS X O

will MD X O
be VB X O
required VBN X O
to TO X O
have VB X O
a DT X O
minimum NN X O
of IN X O
34 CD X B-Experience
years NNS X I-Experience
' POS X I-Experience
experience NN X I-Experience
with IN X O
: : X O
ASP NNP X B-Skill
. . X I-Skill
NET NNP X I-Skill
Sitecore NNP X I-Skill
C NNP X I-Skill
SQL NNP X I-Skill
Server NNP X I-Skill
As NNP X O
well RB X O
as IN X O
strong JJ X O
experience NN X B-Skill
with IN X I-Skill
ASP NNP X I-Skill
. . X I-Skill
NET NNP X I-Skill
, , X O
Sitecore NNP X B-Skill
and CC X O
SQL NNP X B-Skill
Server NNP X O
, , X O
experience NN X B-Skill
of IN X I-Skill
Umbraco NNP X I-Skill
and CC X I-Skill
MVC NNP X I-Skill
would MD X O
be VB X O
very RB X O
much RB X O
advantageous JJ X O
. . X O
You PRP X O

will MD X O
be VB X O
working VBG X B-Skill
in IN X I-Skill
an DT X I-Skill
adaptive JJ X I-Skill
and CC X I-Skill
creative JJ X I-Skill
environment NN X I-Skill
with IN X I-Skill
an DT X I-Skill
enthusiastic JJ X I-Skill
team NN X I-Skill
of IN X I-Skill
talented JJ X I-Skill
Mechanical NNP X B-Occupation
Engineers NNP X I-Occupation
. . X O
Documented VBN X O

evidence NN X O
of IN X O
the DT X O
eligibility NN X O
will MD X O
be VB X O
required VBN X O
from IN X O
candidates NNS X O
as IN X O
part NN X O
of IN X O
the DT X O
recruitment NN X O
process NN X O
. . X O
Our PRP$ X O

client NN X O
is VBZ X O
an DT X O
International NNP X B-Domain
corporate JJ X I-Domain
helping VBG X O
businesses NNS X B-Domain
worldwide JJ X O
get NN X O
regulated VBN X O
where WRB X O
it PRP X O
matters VBZ X O
increasing VBG X B-Skill
their PRP$ X I-Skill
efficiency NN X I-Skill
, , X I-Skill
delivery NN X I-Skill
and CC X I-Skill
service NN X I-Skill
. . X O
Candidates NNS X O

need VBP X O
to TO X O
have VB X O
previous JJ X O
management NN X B-Skill
/ NNP X I-Skill
team NN X I-Skill
leader NN X I-Skill
experience NN X O
. . X O
Celsian JJ X O

Education NNP X O
is VBZ X O
currently RB X O
seeking VBG X O
primary JJ X B-Occupation
school NN X I-Occupation
specialist NN X I-Occupation
teacher NN X I-Occupation
to TO X O
work VB X O
within IN X O
a DT X O
two CD X O
form NN X O
entry NN X O
primary JJ X O
school NN X O
for IN X O
Year NN X O
For IN X O

an DT X O
application NN X O
pack NN X O
, , X O
please VB X O
visit VB X O
our PRP$ X O
website NN X O
on IN X O
: : X O
You PRP X O

will MD X O
be VB X O
required VBN X O
to TO X O
liaise VB X B-Skill
with IN X I-Skill
Clients NNS X I-Skill
and CC X I-Skill
Contractors NNS X I-Skill
to TO X O
identify VB X B-Skill
opportunities NNS X I-Skill
and CC X O
develop VB X B-Skill
business NN X I-Skill
relationships NNS X I-Skill
. . X O
Job NNP X O

Purpose NNP X O
To TO X O
provide VB X B-Skill
exemplary JJ X I-Skill
planned VBN X I-Skill
care NN X I-Skill
for IN X I-Skill
patients NNS X I-Skill
within IN X O
the DT X O
perioperative JJ X O
and CC X O
assist NN X B-Skill
in IN X I-Skill
the DT X I-Skill
management NN X I-Skill
and CC X I-Skill
organisation NN X I-Skill
of IN X I-Skill
care NN X I-Skill
provision NN X I-Skill
in IN X I-Skill
the DT X I-Skill
operating NN X I-Skill
theatre NN X I-Skill
. . X O
Excellent JJ X O

communication NN X B-Skill
skills NNS X O
are VBP X O
required VBN X O
as IN X O
you PRP X O
will MD X O
be VB X O
covering VBG X B-Skill
the DT X I-Skill
Service NNP X I-Skill
Desk NNP X I-Skill
during IN X I-Skill
absences NNS X I-Skill
. . X O
Add NNP X O

to TO X O
that DT X O
some DT X O
beautiful JJ X O
buildings NNS X O
and CC X O
subtly RB X O
designed VBN X O
interiors NNS X O
often RB X O
incorporating VBG X O
the DT X O
pub NN X O
' POS X O
s JJ X O
original JJ X O
features NNS X O
and CC X O
log NN X O
burning NN X O
fires NNS X O
, , X O
and CC X O
you PRP X O
can MD X O
go VB X O
to TO X O
work VB X O
knowing VBG X O
you PRP X O
re VBP X O
part NN X O
of IN X O
something NN X O
truly JJ X O
exceptional JJ X O
. . X O
Perhaps RB X O

you PRP X O
have VBP X O
already RB X O
earned VBN X O
your PRP$ X O
stripes NNS X O
in IN X O
a DT X O
big JJ X B-Domain
media NNS X I-Domain
agency NN X I-Domain
and CC X O
are VBP X O
keen JJ X O
to TO X O
apply VB X O
your PRP$ X O
experience NN X O
to TO X O
a DT X O
more RBR X O
dynamic JJ X B-Domain
environment NN X I-Domain
. . X O
Due JJ X O

to TO X O
mileage VB X O
in IN X O
this DT X O
role NN X O
expect VBP X O
you PRP X O
will MD X O
be VB X O
visiting VBG X B-Skill
23 CD X I-Skill
sites NNS X I-Skill
per IN X I-Skill
day NN X I-Skill
. . X O
Are NNP X O

you PRP X O
looking VBG X O
to TO X O
join VB X O
a DT X O
company NN X O
where WRB X O
you PRP X O
can MD X O
progress VB X O
quickly RB X O
and CC X O
take VB X O
on IN X O
more JJR X O
responsibility NN X O
? . X O
This DT X O

includes VBZ X O
technical JJ X B-Skill
solutions NNS X I-Skill
to TO X I-Skill
proactively RB X I-Skill
maintain VB X I-Skill
developments NNS X I-Skill
Wilde NNP X O
Associates NNPS X O
is VBZ X O
an DT X O
Employment NN X O
Business NN X O
All DT X O

candidates NNS X O
should MD X O
be VB X O
flexible JJ X B-Skill
and CC X O
hard JJ X B-Skill
working NN X I-Skill
, , X O
able JJ X B-Skill
to TO X I-Skill
work VB X I-Skill
under IN X I-Skill
own JJ X I-Skill
initiative NN X I-Skill
and CC X O
manage VB X B-Skill
your PRP$ X I-Skill
work NN X I-Skill
load NN X I-Skill
, , X O
competent NN X B-Skill
in IN X I-Skill
fault NN X I-Skill
finding NN X I-Skill
, , X I-Skill
breakdowns NNS X I-Skill
and CC X I-Skill
PPM NNP X I-Skill
work NN X I-Skill
on IN X I-Skill
all DT X I-Skill
above IN X I-Skill
mentioned VBN X I-Skill
types NNS X I-Skill
of IN X I-Skill
boilers NNS X I-Skill
and CC X I-Skill
burners NNS X I-Skill
and CC X I-Skill
associated VBN X I-Skill
plant NN X I-Skill
and CC X I-Skill
systems NNS X I-Skill
such JJ X I-Skill
as IN X I-Skill
, , X I-Skill
pumps NNS X I-Skill
, , X I-Skill
motors NNS X I-Skill
, , X I-Skill
valves NNS X I-Skill
, , X I-Skill
controls NNS X I-Skill
, , X I-Skill
burners NNS X I-Skill
, , X I-Skill
pipework NN X I-Skill
, , X I-Skill
flues NNS X I-Skill
, , X I-Skill
dampers NNS X I-Skill
, , X I-Skill
water NN X I-Skill
systems NNS X I-Skill
, , X I-Skill
water NN X I-Skill
treatment NN X I-Skill
, , X I-Skill
gas NN X I-Skill
analysing NN X I-Skill
, , X I-Skill
gas NN X I-Skill
boaster NN X I-Skill
, , X I-Skill
filters NNS X I-Skill
, , X I-Skill
boiler NN X I-Skill
inspections NNS X I-Skill
and CC X I-Skill
some DT X I-Skill
general JJ X I-Skill
HVAC NNP X I-Skill
systems NNS X I-Skill
. . X O
Our PRP$ X O

client NN X O
is VBZ X O
a DT X O
leading VBG X O
business NN X O
within IN X O
the DT X O
chilled JJ X O
and CC X O
dairy NN X O
sector NN X O
, , X O
and CC X O
has VBZ X O
an DT X O
excellent JJ X O
reputation NN X O
for IN X O
developing VBG X O
internal JJ X O
talent NN X O
. . X O
**** JJ X O

working VBG X O
days NNS X O
then RB X O
please VB X O
accept VB X O
that IN X O
your PRP$ X O
application NN X O
is VBZ X O
not RB X O
going VBG X O
to TO X O
proceed VB X O
further RB X O
. . X O
We PRP X O

re VBP X O
looking VBG X O
to TO X O
recruit VB X O
a DT X B-Occupation
Programme NNP X I-Occupation
/ NNP X O
Project NNP X B-Occupation
professional JJ X I-Occupation
to TO X O
manage VB X O
New NNP X B-Skill
Product NNP X I-Skill
Development NNP X I-Skill
programmes NNS X I-Skill
for IN X I-Skill
a DT X I-Skill
rapidly RB X I-Skill
expanding VBG X I-Skill
hitech NN X I-Skill
electronics NNS X I-Skill
organisation NN X I-Skill
. . X O
The DT X O

school NN X O
has VBZ X O
an DT X O
excellent JJ X O
atmosphere NN X O
of IN X O
' '' X O
friendly JJ X O
learning VBG X O
' '' X O
and CC X O
a DT X O
strong JJ X O
academic JJ X O
and CC X O
moral JJ X O
ethos NN X O
. . X O
The DT X O

Role NNP X O
To TO X O
identify VB X B-Skill
and CC X I-Skill
maximise VB X I-Skill
new JJ X I-Skill
opportunities NNS X I-Skill
for IN X I-Skill
the DT X I-Skill
existing VBG X I-Skill
product NN X I-Skill
base NN X I-Skill
. . X O
Key NNP X O

contacts NNS X O
; : X O
Property NNP X O
, , X O
Implementation NNP X O
Team NNP X O
, , X O
PoS NNP X O
Team NNP X O
, , X O
Print NNP X O
Management NNP X O
Essentially RB X O

a DT X O
designer NN X B-Occupation
role NN X O
, , X O
all DT X O
projects NNS X O
worked VBN X O
on IN X O
will MD X O
have VB X O
one CD X O
common JJ X O
aim NN X O
to TO X O
manage VB X O
towards NNS X O
successful JJ X B-Skill
delivery NN X I-Skill
for IN X I-Skill
the DT X I-Skill
team NN X I-Skill
, , X O
building VBG X O
consumer NN X B-Skill
engagement NN X I-Skill
through IN X O
the DT X O
creation NN X O
of IN X O
a DT X O
variety NN X O
of IN X O
assets NNS X B-Skill
. . X O
To TO X B-Skill

assist VB X I-Skill
with IN X I-Skill
the DT X I-Skill
company NN X I-Skill
s VBZ X I-Skill
accounts NNS X I-Skill
functions NNS X I-Skill
as IN X O
directed VBN X O
. . X O
Please NNP X O

be VB X O
aware JJ X O
we PRP X O
receiv VBP X O
Where WRB X O
specific JJ X O
UK NNP X O
qualifications NNS X O
are VBP X O
required VBN X O
we PRP X O
will MD X O
take VB X O
into IN X O
account NN X O
overseas JJ X O
equivalents NNS X O
. . X O
**** JJ X O

Ensure NN X O
that WDT X O
personal JJ X B-Skill
targets NNS X I-Skill
are VBP X O
clearly RB X O
defined VBN X O
and CC X O
provide VB X O
the DT X O
facilities NNS X O
to TO X O
allow VB X O
achievement NN X O
of IN X O
these DT X O
targets NNS X O
You PRP X O

will MD X O
maintain VB X O
daily JJ X B-Skill
contact NN X I-Skill
via IN X I-Skill
phone NN X I-Skill
as RB X I-Skill
well RB X I-Skill
as IN X I-Skill
facetoface NN X I-Skill
contact NN X I-Skill
with IN X I-Skill
your PRP$ X I-Skill
clients NNS X I-Skill
and CC X O
ensure VB X O
that IN X O
you PRP X O
are VBP X O
growing VBG X O
business NN X O
. . X O
Contribution NN X B-Skill

to TO X I-Skill
evolution NN X I-Skill
of IN X I-Skill
team NN X I-Skill
processes NNS X I-Skill
and CC X I-Skill
standards NNS X I-Skill
Skills NNP X O
/ NNP X O
Knowledge NNP X O
Desirable NNP X O
: : X O
? . X O
The DT X O

Candidate NNP X O
To TO X O
be VB X O
successful JJ X O
in IN X O
your PRP$ X O
application NN X O
you PRP X O
must MD X O
have VB X O
the DT X O
following JJ X O
skills NNS X O
or CC X O
attributes NNS X O
: : X O
Must NNP X O
be VB X O
able JJ X B-Skill
to TO X I-Skill
write VB X I-Skill
PLC NNP X I-Skill
code NN X I-Skill
from IN X I-Skill
scratch NN X I-Skill
Staff NNP X O

should MD X O
be VB X O
aware JJ X O
of IN X O
the DT X O
rest NN X O
of IN X O
the DT X O
Group NNP X O
activities NNS X O
by IN X O
circulating VBG X B-Skill
all DT X I-Skill
relevant JJ X I-Skill
information NN X I-Skill
Ensure NN X I-Skill
that WDT X I-Skill
comprehensive JJ X I-Skill
personnel NNS X I-Skill
records NNS X I-Skill
are VBP X I-Skill
kept VBN X I-Skill
for IN X I-Skill
each DT X I-Skill
member NN X I-Skill
of IN X I-Skill
staff NN X I-Skill
Uphold NNP X I-Skill
the DT X I-Skill
duties NNS X I-Skill
of IN X I-Skill
the DT X I-Skill
Registered NNP X I-Skill
Manager NNP X I-Skill
in IN X O
relation NN X O
to TO X O
HealthCare NNP X B-Domain
. . X O
The DT X O

company NN X O
offers VBZ X O
a DT X O
good JJ X O
benefits NNS X O
package NN X O
including VBG X O
Microsoft NNP X O
training NN X O
, , X O
Pension NNP X O
, , X O
Medical NNP X O
, , X O
and CC X O
20 CD X O
days NNS X O
holiday NN X O
. . X O
Their PRP$ X O

business NN X O
covers VBZ X O
a DT X O
wide JJ X O
variety NN X O
of IN X O
construction NN X B-Skill
projects NNS X I-Skill
for IN X I-Skill
clients NNS X I-Skill
within IN X I-Skill
both DT X I-Skill
the DT X I-Skill
public NN X I-Skill
and CC X I-Skill
private JJ X I-Skill
sectors NNS X I-Skill
and CC X O
due JJ X O
to TO X O
recent JJ X O
projects NNS X O
wins NNS X O
and CC X O
an DT X O
increase NN X O
in IN X O
workloads NNS X O
they PRP X O
are VBP X O
seeking VBG X O
to TO X O
appoint VB X O
a DT X O
Senior NNP X B-Occupation
Planning NNP X I-Occupation
Engineer NNP X I-Occupation
to TO X O
provide VB X B-Skill
planning VBG X I-Skill
expertise NN X I-Skill
on IN X I-Skill
projects NNS X I-Skill
valued VBN X I-Skill
between IN X I-Skill
550m CD X I-Skill
at IN X I-Skill
contract NN X I-Skill
and CC X I-Skill
tender NN X I-Skill
stages NNS X I-Skill
. . X O
Directly RB X O

Responsible JJ X O
to TO X O
: : X O
IT NNP X B-Skill
Director NNP X I-Skill
Service NNP X I-Skill
/ NNP X I-Skill
Consultative NNP X I-Skill
Relationships NNP X I-Skill
with IN X I-Skill
: : X I-Skill
IT NN X I-Skill
suppliers NNS X I-Skill
, , X I-Skill
software NN X I-Skill
developers NNS X I-Skill
, , X I-Skill
internal JJ X I-Skill
users NNS X I-Skill
, , X I-Skill
external JJ X I-Skill
clients NNS X I-Skill
and CC X I-Skill
external JJ X I-Skill
system NN X I-Skill
users NNS X I-Skill
. . X O
To TO X O

apply VB X O
for IN X O
the DT X O
role NN X O
of IN X O
Business NNP X B-Occupation
Development NNP X I-Occupation
Manager NNP X I-Occupation
, , X O
please VB X O
apply VB X O
via IN X O
the DT X O
button NN X O
shown VBN X O
. . X O
The DT X O

salary NN X O
is VBZ X O
likely JJ X O
to TO X O
be VB X O
in IN X O
the DT X O
range NN X O
For IN X O

further JJ X O
details NNS X O
about IN X O
the DT X O
vacancy NN X O
and CC X O
how WRB X O
to TO X O
apply VB X O
online JJ X O
please NN X O
click VB X O
apply RB X O
now RB X O
. . X O
Access RB X O

to TO X O
' '' X O
Busy JJ X O
Bees NNP X O
' POS X O
Child NNP X B-Domain
Care NNP X I-Domain
Vouchers NNP X O
Scheme NNP X O
Long NNP X O
Service NNP X O
Awards NNP X O
Great NNP X O
working VBG X O
environment NN X O
This DT X O

is VBZ X O
an DT X O
excellent JJ X O
opportunity NN X O
for IN X O
the DT X O
right JJ X O
individual NN X O
to TO X O
move VB X O
into IN X O
this DT X O
key JJ X O
area NN X O
of IN X O
aviation NN X O
and CC X O
receive VB X O
some DT X O
of IN X O
the DT X O
highest JJS X O
levels NNS X O
of IN X O
training NN X O
in IN X O
the DT X O
business NN X O
. . X O
Recommend NNP X B-Skill

and CC X I-Skill
deploy NN X I-Skill
changes NNS X I-Skill
via IN X I-Skill
the DT X I-Skill
change NN X I-Skill
management NN X I-Skill
process NN X I-Skill
when WRB X O
required VBN X O
. . X O
You PRP X O

will MD X O
have VB X O
excellent JJ X O
influencing NN X B-Skill
and CC X I-Skill
supporting VBG X I-Skill
skills NNS X I-Skill
Problem NNP X I-Skill
solving NN X I-Skill
, , X O
and CC X O
critical JJ X B-Skill
thinking NN X I-Skill
skills NNS X O
, , X O
being VBG X B-Skill
able JJ X I-Skill
to TO X I-Skill
make VB X I-Skill
sense NN X I-Skill
of IN X I-Skill
concepts NNS X I-Skill
Excellent NNP X O
planning NN X B-Skill
, , X O
organizational JJ X B-Skill
and CC X O
communication NN X B-Skill
skills NNS X O
Ability NNP X O
to TO X O
function NN X B-Skill
in IN X I-Skill
a DT X I-Skill
truly NN X I-Skill
global JJ X I-Skill
and CC X I-Skill
virtual JJ X I-Skill
environment NN X I-Skill
Ability NNP X O
to TO X O
communicate VB X B-Skill
in IN X I-Skill
fluently RB X I-Skill
in IN X I-Skill
English NNP X I-Skill
verbally RB X I-Skill
and CC X I-Skill
written VBN X I-Skill
As IN X O

the DT X O
technical JJ X O
team NN X O
is VBZ X O
small JJ X O
you PRP X O
will MD X O
be VB X O
involved VBN X O
in IN X O
all DT X O
aspects NNS X O
of IN X O
the DT X O
development NN X B-Skill
and CC X I-Skill
maintenance NN X I-Skill
of IN X I-Skill
the DT X I-Skill
web JJ X I-Skill
application NN X I-Skill
, , X I-Skill
databases NNS X I-Skill
, , X I-Skill
web NN X I-Skill
services NNS X I-Skill
and CC X I-Skill
web JJ X I-Skill
server NN X I-Skill
. . X O
The DT X B-Skill

3rd CD X I-Skill
line NN X I-Skill
support NN X I-Skill
of IN X I-Skill
all DT X I-Skill
open JJ X I-Skill
source NN X I-Skill
infrastructure NN X I-Skill
Lead NNP X I-Skill
technical JJ X I-Skill
teams NNS X I-Skill
and CC X I-Skill
act NN X I-Skill
as IN X I-Skill
the DT X I-Skill
final JJ X I-Skill
decision NN X I-Skill
maker NN X I-Skill
during IN X I-Skill
the DT X I-Skill
build JJ X I-Skill
phase NN X I-Skill
of IN X I-Skill
customer NN X I-Skill
and CC X I-Skill
internal JJ X I-Skill
projects NNS X I-Skill
Deputise NNP X I-Skill
for IN X I-Skill
the DT X I-Skill
head NN X I-Skill
of IN X I-Skill
open JJ X I-Skill
source NN X I-Skill
technologies NNS X I-Skill
as IN X I-Skill
required JJ X I-Skill
Collaborate NNP X I-Skill
with IN X I-Skill
development NN X I-Skill
staff NN X I-Skill
to TO X I-Skill
recreate VB X I-Skill
problems NNS X I-Skill
in IN X I-Skill
the DT X I-Skill
test NN X I-Skill
environment NN X I-Skill
and CC X I-Skill
resolve VB X I-Skill
in IN X I-Skill
the DT X I-Skill
live JJ X I-Skill
environment NN X I-Skill
Work NN X I-Skill
with IN X I-Skill
the DT X I-Skill
customer NN X I-Skill
and CC X I-Skill
other JJ X I-Skill
team NN X I-Skill
members NNS X I-Skill
to TO X I-Skill
ensure VB X I-Skill
correct JJ X I-Skill
focus NN X I-Skill
and CC X I-Skill
resolution NN X I-Skill
of IN X I-Skill
incidents NNS X I-Skill
within IN X I-Skill
SLA NNP X I-Skill
Provide NNP X I-Skill
incident NN X I-Skill
/ NN X I-Skill
problem NN X I-Skill
updates NNS X I-Skill
and CC X I-Skill
communications NNS X I-Skill
as IN X I-Skill
required VBN X I-Skill
Contribute NNP X I-Skill
to TO X I-Skill
meeting VBG X I-Skill
the DT X I-Skill
ongoing JJ X I-Skill
process NN X I-Skill
improvement NN X I-Skill
activities NNS X I-Skill
outlined VBN X I-Skill
in IN X I-Skill
the DT X I-Skill
departments NNS X I-Skill
continual JJ X I-Skill
service NN X I-Skill
improvement NN X I-Skill
programme NN X I-Skill
Create NNP X I-Skill
and CC X I-Skill
update JJ X I-Skill
appropriate JJ X I-Skill
documentation NN X I-Skill
and CC X I-Skill
configuration NN X I-Skill
management NN X I-Skill
records NNS X I-Skill
Analysing VBG X B-Skill

breakdown JJ X I-Skill
trends NNS X I-Skill
to TO X O
identify VB X O
recurring VBG X O
defects NNS X O
in IN X O
equipment NN X O
. . X O
notes NNS X O

The DT X O
FC NNP X B-Occupation
and CC X O
MD NNP X B-Occupation
are VBP X O
looking VBG X O
for IN X O
a DT X O
proactive JJ X B-Skill
team NN X I-Skill
player NN X I-Skill
who WP X O
can MD X O
explain VB X O
their PRP$ X O
previous JJ X O
experience NN X O
well RB X O
, , X O
what WP X O
they PRP X O
have VBP X O
achieved VBN X O
and CC X O
what WP X O
there EX X O
are VBP X O
ambitions NNS X O
are VBP X O
moving VBG X O
forward RB X O
. . X O
Demonstrate NNP X B-Skill

growth NN X I-Skill
in IN X I-Skill
our PRP$ X I-Skill
people NNS X I-Skill
by IN X I-Skill
developing VBG X I-Skill
their PRP$ X I-Skill
competence NN X I-Skill
and CC X I-Skill
capabilities NNS X I-Skill
and CC X I-Skill
capture NN X I-Skill
within IN X I-Skill
their PRP$ X I-Skill
Personal NNP X I-Skill
Development NNP X I-Skill
Plans NNPS X I-Skill
. . X O
Christchurch NNP X O

Borough NNP X O
Council NNP X O
is VBZ X O
looking VBG X O
for IN X O
crew NN X O
members NNS X O
for IN X O
its PRP$ X O
Marine NNP X B-Domain
Patrol NNP X I-Domain
Service NNP X I-Domain
operating VBG X O
in IN X O
Christchurch NNP X O
Harbour NNP X O
and CC X O
Bay NNP X O
this DT X O
summer NN X O
, , X O
enforcing VBG X B-Skill
local JJ X I-Skill
byelaws NN X I-Skill
for IN X O
speed NN X O
and CC X O
navigation NN X O
, , X O
and CC X O
dealing VBG X B-Skill
with IN X I-Skill
the DT X I-Skill
general JJ X I-Skill
public NN X I-Skill
. . X O
Applicant NNP X O

CV NNP X O
s NN X O
with IN X O
achievements NNS X O
and CC X O
performance NN X O
against IN X O
targets NNS X O
will MD X O
receive VB X O
priority NN X O
. . X O
Able JJ X O

to TO X O
interpret VB X B-Skill
engineering NN X I-Skill
requirements NNS X I-Skill
and CC X O
produce VB X B-Skill
appropriate JJ X I-Skill
design NN X I-Skill
solutions NNS X I-Skill
. . X O
To TO X O

ensure VB X O
applications NNS X O
are VBP X O
technically RB X O
tested VBN X O
throughout IN X O
the DT X O
development NN X O
process NN X O
, , X O
tracking VBG X O
verifying VBG X O
the DT X O
proper JJ X O
complete JJ X O
implementation NN X O
of IN X O
the DT X O
application NN X O
architecture NN X O
technical JJ X O
specifications NNS X O
Responsible JJ X O
for IN X O
ensuring VBG X O
that DT X O
code NN X B-Skill
design NN X I-Skill
meets VBZ X O
quality JJ X O
standards NNS X O
, , X O
is VBZ X O
secure JJ X B-Skill
easily RB X I-Skill
maintainable JJ X I-Skill
To TO X O
ensure VB X O
that IN X O
ongoing VBG X O
support NN X B-Skill
for IN X I-Skill
projects NNS X I-Skill
is VBZ X O
to TO X O
the DT X O
highest JJS X O
standard NN X O
. . X O
Participating VBG X O

in IN X O
sales NNS X B-Domain
and CC X O
marketing VBG X B-Domain
activities NNS X O
such JJ X O
as IN X O
seminars NNS X O
, , X O
trade NN X O
shows NNS X O
, , X O
webinars NNS X O
Sharing VBG X O
your PRP$ X O
knowledge NN X O
with IN X O
others NNS X O
through IN X O
training NN X B-Skill
courses NNS X I-Skill
, , X O
blogs NNS X B-Skill
The DT X O

primary JJ X O
purpose NN X O
of IN X O
this DT X O
position NN X O
is VBZ X O
to TO X O
Design NNP X B-Skill
Electrical NNP X I-Skill
Installations NNP X I-Skill
for IN X O
the DT X O
Rail NNP X B-Domain
industry NN X I-Domain
for IN X O
one CD X O
of IN X O
the DT X O
market NN X O
leaders NNS X O
. . X O
url RB X O

removed VBN X O
To TO X O
view VB X O
all DT X O
of IN X O
our PRP$ X O
current JJ X O
Quantity NNP X O
Surveyor NNP X O
vacancies NNS X O
or CC X O
to TO X O
find VB X O
out RP X O
more RBR X O
about IN X O
Project NNP X O
Resource NNP X O
visit NN X O
: : X O
A DT X O

leading JJ X O
Telecommunications NN X O
firm NN X O
require VB X O
a DT X O
Document NNP X B-Occupation
Controller NNP X I-Occupation
with IN X O
Project NNP X B-Skill
Administration NNP X I-Skill
experience NN X I-Skill
to TO X O
join VB X B-Skill
their PRP$ X I-Skill
dynamic JJ X I-Skill
and CC X I-Skill
forward RB X I-Skill
thinking VBG X I-Skill
team NN X I-Skill
based VBN X O
out IN X O
of IN X O
their PRP$ X O
Hampshire NNP X O
offices NNS X O
. . X O
Organisation NNP X O

Assist NNP X O
the DT X O
Registered NNP X B-Occupation
Manager NNP X I-Occupation
and CC X O
Home NNP X B-Occupation
Administrator NNP X I-Occupation
/ NNP X I-Occupation
Book NNP X I-Occupation
Keeper NNP X I-Occupation
in IN X O
the DT X O
effective JJ X B-Skill
and CC X I-Skill
efficient JJ X I-Skill
running NN X I-Skill
of IN X I-Skill
the DT X I-Skill
home NN X I-Skill
, , X O
including VBG X O
budgetary JJ X B-Skill
control NN X I-Skill
. . X O
The DT X O

successful JJ X O
candidate NN X O
will MD X O
be VB X O
required VBN X O
to TO X O
design VB X B-Skill
and CC X I-Skill
implement VB X I-Skill
PLC NNP X I-Skill
based VBN X I-Skill
automation NN X I-Skill
systems NNS X I-Skill
for IN X O
various JJ X O
boiler NN X O
control NN X O
and CC X O
materials NNS X O
handling VBG X O
applications NNS X O
, , X O
along IN X O
with IN X O
related JJ X O
software NN X O
engineering NN X O
activities NNS X O
. . X O
The DT X O

job NN X O
is VBZ X O
very RB X O
rewarding JJ X O
as RB X O
well RB X O
as IN X O
demanding VBG X O
at IN X O
times NNS X O
. . X O
The DT X O

candidate NN X O
will MD X O
also RB X O
be VB X O
responsible JJ X O
for IN X O
the DT X O
planning NN X B-Skill
, , X I-Skill
scheduling VBG X I-Skill
and CC X I-Skill
control NN X I-Skill
of IN X I-Skill
the DT X I-Skill
movement NN X I-Skill
of IN X I-Skill
Releases NNP X I-Skill
to TO X O
test VB X O
and CC X O
live JJ X O
environments NNS X O
from IN X O
project NN X O
design NN X O
through IN X O
to TO X O
handover VB X O
. . X O
the DT X O

collection NN X B-Skill
and CC X I-Skill
updating NN X I-Skill
of IN X I-Skill
Key NNP X I-Skill
Risk NNP X I-Skill
matrix POS X I-Skill
information NN X I-Skill
for IN X I-Skill
presentation NN X I-Skill
to TO X I-Skill
the DT X I-Skill
Exec NNP X I-Skill
on IN X I-Skill
a DT X I-Skill
monthly JJ X I-Skill
basis NN X I-Skill
Conduct NNP X I-Skill
Control NNP X I-Skill
Risk NNP X I-Skill
Self NNP X I-Skill
Assessment NNP X I-Skill
workshops VBZ X I-Skill
across IN X O
the DT X O
business NN X O
Compilation NNP X B-Skill
of IN X I-Skill
balanced JJ X I-Skill
scorecard NN X I-Skill
information NN X I-Skill
and CC X I-Skill
key JJ X I-Skill
MI NNP X I-Skill
for IN X O
our PRP$ X O
parent NN X O
Group NNP X O
Provide NNP X B-Skill
escalation NN X I-Skill
and CC X I-Skill
loss NN X I-Skill
reporting NN X I-Skill
procedures NNS X I-Skill
in IN X O
a DT X O
consistent JJ X O
manner NN X O
across IN X O
the DT X O
business NN X O
You PRP X O

must MD X O
have VB X O
an DT X O
engaging NN X B-Skill
and CC X I-Skill
professional JJ X I-Skill
personality NN X O
, , X O
a DT X O
genuine JJ X O
depth NN X O
breadth NN X O
of IN X O
print NN X B-Skill
manufacturing NN X I-Skill
knowledge NN X I-Skill
, , X O
a DT X O
strong JJ X O
commercial JJ X B-Skill
talent NN X I-Skill
and CC X O
experience NN X B-Skill
of IN X I-Skill
effectively RB X I-Skill
managing VBG X I-Skill
both CC X I-Skill
the DT X I-Skill
production NN X I-Skill
link VBZ X I-Skill
the DT X I-Skill
supply NN X I-Skill
chain NN X I-Skill
with IN X I-Skill
full JJ X I-Skill
overall JJ X I-Skill
P NNP X I-Skill
/ NNP X I-Skill
L NNP X I-Skill
responsibility NN X I-Skill
. . X O
We PRP X O

look VBP X O
for IN X O
excellent JJ X B-Skill
team NN X B-Occupation
players NNS X I-Occupation
who WP X O
can MD X O
offer VB X O
the DT X O
ultimate NN X O
in IN X O
customer NN X B-Skill
service NN X I-Skill
, , X O
and CC X O
in IN X O
return NN X O
we PRP X O
offer VBP X O
an DT X O
exciting JJ X O
career NN X O
, , X O
with IN X O
fantastic JJ X O
opportunities NNS X O
for IN X O
professional JJ X B-Skill
development NN X I-Skill
in IN X O
a DT X O
stimulating NN X O
and CC X O
friendly JJ X O
work NN X O
environment NN X O
. . X O
server NN X B-Skill

environments NNS X I-Skill
Experience NN X I-Skill
with IN X I-Skill
network NN X I-Skill
and CC X I-Skill
firewall JJ X I-Skill
security NN X I-Skill
Experience NN X I-Skill
with IN X I-Skill
supporting VBG X I-Skill
multitier JJR X I-Skill
infrastructures NNS X I-Skill
Experience NNP X I-Skill
of IN X I-Skill
writing VBG X I-Skill
Identifies NNS X B-Skill

temporary JJ X I-Skill
works NNS X I-Skill
and CC X I-Skill
traffic NN X I-Skill
management NN X I-Skill
requirements NNS X I-Skill
Putting VBG X I-Skill
forward RB X I-Skill
VE NNP X I-Skill
alternatives NNS X I-Skill
Produces NNPS X I-Skill
programmes RB X I-Skill
showing VBG X I-Skill
key JJ X I-Skill
constraints NNS X I-Skill
/ VBP X I-Skill
key JJ X I-Skill
offsite JJ X I-Skill
procurement NN X I-Skill
design NN X I-Skill
/ NNP X I-Skill
key JJ X I-Skill
resources NNS X I-Skill
levelled VBD X I-Skill
linked VBN X I-Skill
/ JJ X I-Skill
float NN X I-Skill
analysis NN X I-Skill
/ NN X I-Skill
time NN X I-Skill
risk NN X I-Skill
allowances NNS X I-Skill
is VBZ X I-Skill
of IN X I-Skill
optimistic JJ X I-Skill
realistic JJ X I-Skill
overall JJ X I-Skill
durations NNS X I-Skill
Liaises VBZ X I-Skill
with IN X I-Skill
internal JJ X I-Skill
and CC X I-Skill
external JJ X I-Skill
colleagues NNS X I-Skill
Production NNP X I-Skill
of IN X I-Skill
change NN X I-Skill
programme NN X I-Skill
and CC X I-Skill
revised VBN X I-Skill
contract NN X I-Skill
Management NNP X I-Skill
of IN X I-Skill
as RB X I-Skill
built VBN X I-Skill
records NNS X I-Skill
and CC X I-Skill
measure NN X I-Skill
productivity NN X I-Skill
Production NNP X I-Skill
of IN X I-Skill
planning VBG X I-Skill
report NN X I-Skill
Measurement NNP X I-Skill
of IN X I-Skill
planning VBG X I-Skill
standard JJ X I-Skill
Identifies NNP X I-Skill
opportunities NNS X I-Skill
and CC X I-Skill
threats NNS X I-Skill
Provide NNP X O

systems NNS X O
experience NN X O
and CC X O
knowledge NN X O
to TO X O
get VB X O
the DT X O
maximum JJ X O
utilisation NN X O
of IN X O
these DT X O
systems NNS X O
, , X O
and CC X O
develop VB X O
best JJS X O
practices NNS X O
within IN X O
the DT X O
team NN X O
So RB X O

would MD X O
experience VB X B-Skill
of IN X I-Skill
risk NN X I-Skill
management NN X I-Skill
as RB X O
well RB X O
as IN X O
knowledge NN X B-Skill
of IN X I-Skill
social JJ X I-Skill
care NN X I-Skill
sector NN X I-Skill
and CC X O
service NN X O
types NNS X O
. . X O
Updating VBG X B-Skill

existing VBG X I-Skill
data NNS X I-Skill
feeds NNS X I-Skill
to TO X O
meet VB X O
new JJ X O
business NN X O
requirements NNS X O
Adding VBG X B-Skill
new JJ X I-Skill
monitoring NN X I-Skill
processes VBZ X I-Skill
to TO X O
managed VB X O
the DT X O
capacity NN X O
of IN X O
the DT X O
environment NN X O
Upgrading NNP X B-Skill
build NN X I-Skill
and CC X I-Skill
test NN X I-Skill
systems NNS X I-Skill
to TO X O
meet VB X O
our PRP$ X O
exacting VBG X O
test NN X O
requirements NNS X O
Core NNP X B-Skill
Frameworks NNP X I-Skill
strongly RB X O
advocates VBZ X O
using VBG X O
agile JJ X B-Skill
management NN X I-Skill
methodologies NNS X I-Skill
with IN X O
largely RB X O
selfmanaging VBG X O
teams NNS X O
. . X O
And CC X O

you PRP X O
ll VBP X O
need VB X O
a DT X O
team JJ X B-Skill
attitude NN X I-Skill
with IN X O
the DT X O
high JJ X O
levels NNS X O
of IN X O
selfmotivation NN X B-Skill
required VBN X O
for IN X O
you PRP X O
to TO X O
meet VB X O
and CC X O
exceed VB X O
your PRP$ X O
targets NNS X O
. . X O
**** JJ X O

clients NNS X O
, , X O
you PRP X O
will MD X O
provide VB X B-Skill
specialist NN X I-Skill
protection NN X I-Skill
advice NN X I-Skill
on IN X I-Skill
products NNS X I-Skill
and CC X I-Skill
services NNS X I-Skill
. . X O
**** JJ X O

staff NN X O
globally RB X O
requires VBZ X O
a DT X O
number NN X O
of IN X O
PHP NNP X B-Skill
/ NNP X I-Skill
WordPress NNP X I-Skill
Developers NNP X O
to TO X O
join VB X O
its PRP$ X O
growing VBG X O
and CC X O
successful JJ X O
team NN X O
. . X O
their PRP$ X O

relatives NNS X O
and CC X O
staff NN X O
Ensure NN X O
that IN X O
the DT X O
people NNS X O
we PRP X O
support VBP X O
are VBP X O
treated VBN X O
with IN X O
privacy NN X O
, , X O
dignity NN X O
and CC X O
respect NN X O
at IN X O
all DT X O
times NNS X O
Support NNP X B-Skill

process NN X I-Skill
trials NNS X I-Skill
and CC X O
validation NN X B-Skill
on IN X I-Skill
new JJ X I-Skill
or CC X I-Skill
modified VBN X I-Skill
mould JJ X I-Skill
processes NNS X I-Skill
. . X O
You PRP X O

will MD X O
be VB X O
responsible JJ X B-Skill
for IN X I-Skill
overseeing VBG X I-Skill
the DT X I-Skill
cost NN X I-Skill
effective JJ X I-Skill
and CC X I-Skill
timely JJ X I-Skill
delivery NN X I-Skill
of IN X I-Skill
the DT X I-Skill
software NN X I-Skill
and CC X I-Skill
infrastructure JJ X I-Skill
side NN X I-Skill
of IN X I-Skill
the DT X I-Skill
projects NNS X I-Skill
in IN X O
collaboration NN X O
with IN X O
Development NNP X B-Domain
, , X O
Software NNP X B-Domain
QA NNP X I-Domain
and CC X O
Infrastructure NNP X B-Domain
teams NNS X O
. . X O
Essential JJ X O

Knowledge NNP X O
, , X O
Qualifications NNP X O
, , X O
Skills NNP X O
and CC X O
Experience NNP X O
Previous NNP X O
experience NN X B-Skill
of IN X I-Skill
providing VBG X I-Skill
administrative JJ X I-Skill
support NN X I-Skill
to TO X I-Skill
a DT X I-Skill
team NN X I-Skill
Experienced NNP X O
with IN X O
MS NNP X B-Skill
Office NNP X I-Skill
and CC X O
other JJ X B-Skill
client NN X I-Skill
specific JJ X I-Skill
databases NNS X I-Skill
Company NN X O

Overview NNP X O
Carillion NNP X O
is VBZ X O
one CD X O
of IN X O
the DT X O
UK NNP X O
s NN X O
leading VBG X O
support NN X O
services NNS X O
companies NNS X O
with IN X O
a DT X O
substantial JJ X O
portfolio NN X O
of IN X O
Public NNP X O
Private NNP X O
Partnership NNP X O
projects NNS X O
and CC X O
extensive JJ X O
construction NN X O
capabilities NNS X O
. . X O
Knowledge NNP X B-Skill

of IN X I-Skill
Dynamics NNP X I-Skill
would MD X O
be VB X O
an DT X O
advantage NN X O
but CC X O
training NN X O
will MD X O
be VB X O
given VBN X O
. . X O
Key JJ X O

requirements NNS X O
: : X O
Knowledge NNP X O
of IN X O
the DT X O
following JJ X O
; : X O
performance NN X B-Skill
of IN X I-Skill
files NNS X I-Skill
, , X O
breakages NNS X B-Skill
, , X O
identifying VBG X B-Skill
liquidation NN X I-Skill
curves NNS X I-Skill
and CC X I-Skill
payment NN X I-Skill
trends NNS X I-Skill
. . X O
You PRP X O

will MD X O
also RB X O
have VB X O
the DT X O
freedom NN X O
to TO X O
identify VB X B-Skill
, , X I-Skill
initiate VB X I-Skill
and CC X I-Skill
take VB X I-Skill
responsibility NN X I-Skill
for IN X I-Skill
valueadding VBG X I-Skill
projects NNS X I-Skill
of IN X O
your PRP$ X O
own JJ X O
. . X O
Working VBG X O

the DT X O
SDLC NNP X O
you PRP X O
will MD X O
be VB X O
involved VBN X O
in IN X O
analysing VBG X B-Skill
and CC X I-Skill
implementing VBG X I-Skill
operational JJ X I-Skill
enhancements NNS X I-Skill
, , X O
code NN X B-Skill
reviews NNS X I-Skill
, , X O
detailed JJ X O
project NN X O
work NN X O
and CC X O
ultimately RB X O
working VBG X O
on IN X O
to TO X O
the DT X O
implementation NN X O
of IN X O
major JJ X O
product NN X O
enhancements NNS X O
and CC X O
new JJ X O
modules NNS X O
. . X O
For IN X O

that DT X O
reason NN X O
we PRP X O
like VBP X O
to TO X O
reward VB X O
those DT X O
who WP X O
go VBP X O
the DT X O
extra JJ X O
mile NN X O
to TO X O
make VB X O
a DT X O
difference NN X O
. . X O
Main NN X O

responsibilities NNS X O
: : X O
To TO X O
provide VB X B-Skill
exemplary JJ X I-Skill
planned VBN X I-Skill
care NN X I-Skill
for IN X I-Skill
patients NNS X I-Skill
within IN X O
the DT X O
perioperative JJ X O
area NN X O
and CC X O
assist NN X B-Skill
in IN X I-Skill
the DT X I-Skill
management NN X I-Skill
and CC X I-Skill
organisation NN X I-Skill
of IN X I-Skill
care NN X I-Skill
provision NN X I-Skill
in IN X O
the DT X O
operating NN X O
theatre NN X O
. . X O
It PRP X O

is VBZ X O
essential JJ X O
that IN X O
you PRP X O
have VBP X O
excellent JJ X O
sales NNS X B-Skill
skills NNS X O
are VBP X O
and CC X O
hungry JJ X O
to TO X O
earn VB X O
the DT X O
realistic JJ X O
OTE NNP X O
of IN X O
Duties NNS X O

: : X O
preparation NN X B-Skill
and CC X I-Skill
production NN X I-Skill
of IN X I-Skill
bread NN X I-Skill
, , X I-Skill
pastry NN X I-Skill
, , X I-Skill
pies NNS X I-Skill
and CC X I-Skill
confectionery NN X I-Skill
. . X O
For IN X O

a DT X O
small JJ X O
contract NN X O
, , X O
section NN X O
of IN X O
contract NN X O
or CC X O
single JJ X O
disciplinary JJ X O
teams NNS X O
: : X O
Typically RB X O
first JJ X O
line NN X O
manager NN X O
with IN X O
overall JJ X B-Skill
people NNS X I-Skill
responsibility NN X I-Skill
Optimises VBZ X I-Skill
performance NN X I-Skill
Undertakes NNP X I-Skill
performance NN X I-Skill
reviews NNS X I-Skill
and CC X I-Skill
provides VBZ X I-Skill
training NN X I-Skill
and CC X I-Skill
reward NN X I-Skill
recommendations NNS X O
Responsible NNP X O
for IN X O
implementing VBG X B-Skill
disciplinary JJ X I-Skill
actions NNS X I-Skill
up IN X I-Skill
to TO X I-Skill
final JJ X I-Skill
warning NN X I-Skill
Knowledge NNP X I-Skill
and CC X I-Skill
Applied NNP X I-Skill
Skills NNP X I-Skill
Thorough NNP X I-Skill
working VBG X I-Skill
knowledge NN X I-Skill
of IN X I-Skill
one CD X I-Skill
functional JJ X I-Skill
area NN X I-Skill
through IN X I-Skill
significant JJ X I-Skill
job NN X I-Skill
experience NN X I-Skill
amp NN X I-Skill
; : X O
training VBG X B-Skill
Experience NNP X I-Skill
of IN X I-Skill
supporting VBG X I-Skill
a DT X I-Skill
business NN X I-Skill
contract NN X I-Skill
and CC X I-Skill
/ NN X I-Skill
or CC X I-Skill
providing VBG X I-Skill
support NN X I-Skill
to TO X I-Skill
a DT X I-Skill
professional JJ X I-Skill
function NN X I-Skill
Likely RB X O
to TO X O
have VB X O
5 CD X B-Experience
years NNS X I-Experience
business NN X O
experience NN X O
and CC X O
/ NN X O
or CC X O
be VB X O
a DT X O
fully RB X O
qualified VBN X O
professional JJ X O
with IN X O
minimum NN X O
of IN X O
2 CD X B-Experience
years NNS X I-Experience
PQE NNP X B-Skill
with IN X I-Skill
Intermediate NNP X I-Skill
Level NNP X I-Skill
Qualifications NNP X I-Skill
. . X O
Full NNP X O

working VBG X O
knowledge NN X O
of IN X O
Microsoft NNP X B-Skill
Office NNP X I-Skill
Suite NNP X I-Skill
Must NNP X O
be VB X O
Nurse NNP X B-Qualification
qualified JJ X I-Qualification
, , X O
ideally RB X B-Qualification
RMN NNP X I-Qualification
Eden NNP X O
Brown NNP X O
is VBZ X O
committed VBN X O
to TO X O
equality NN X O
in IN X O
the DT X O
workplace NN X O
and CC X O
is VBZ X O
an DT X O
equal JJ X O
opportunity NN X O
employer NN X O
. . X O
Therefore RB X O

our PRP$ X O
ideal JJ X O
candidate NN X O
will MD X O
have VB X B-Skill
the DT X I-Skill
vision NN X I-Skill
and CC X I-Skill
energy NN X I-Skill
to TO X I-Skill
sustain VB X I-Skill
and CC X I-Skill
promote VB X I-Skill
current JJ X I-Skill
standards NNS X I-Skill
of IN X I-Skill
achievement JJ X I-Skill
whilst NN X O
ensuring VBG X B-Skill
the DT X I-Skill
continued VBN X I-Skill
development NN X I-Skill
and CC X I-Skill
progress NN X I-Skill
of IN X I-Skill
the DT X I-Skill
school NN X I-Skill
. . X O
The DT X O

ideal JJ X O
Foster NNP X B-Occupation
Carer NNP X I-Occupation
will MD X O
need VB X O
to TO X O
possess VB X O
the DT X O
following JJ X O
: : X O
A DT X O
spare JJ X O
room NN X O
in IN X O
your PRP$ X O
home NN X O
Elevation NNP X O

Sales NNS X O
& CC X O
Marketing NN X O
are VBP X O
currently RB X O
recruiting VBG X O
for IN X O
a DT X B-Occupation
Product NNP X I-Occupation
Manager NNP X I-Occupation
in IN X O
West NNP X O
Yorkshire NNP X O
. . X O
If IN X O

you PRP X O
re VBP X O
thinking VBG X O
heavy NN X O
, , X O
if IN X O
you PRP X O
re VBP X O
thinking VBG X O
stodgy NN X O
, , X O
if IN X O
you PRP X O
re VBP X O
thinking VBG X O
, , X O
heaven RB X O
forbid NN X O
, , X O
greasy NN X O
, , X O
think VB X O
again RB X O
. . X O
As IN X O

SharePoint NNP X B-Occupation
Developer NNP X I-Occupation
you PRP X O
will MD X O
engaged VBN X O
in IN X O
Requirements NNP X B-Skill
Gathering NNP X I-Skill
, , X O
SharePoint NNP X B-Skill
Development NNP X I-Skill
, , X O
Project NNP X B-Skill
Delivery NNP X I-Skill
and CC X O
Support NNP X B-Skill
where WRB X O
applicable JJ X O
. . X O
Our PRP$ X O

client NN X O
, , X O
a DT X O
renowned JJ X O
broadcaster NN X O
and CC X O
digital JJ X B-Domain
media NNS X I-Domain
provider NN X O
, , X O
has VBZ X O
a DT X O
fantastic JJ X O
opportunity NN X O
for IN X O
a DT X O
Senior NNP X B-Occupation
Digital NNP X I-Occupation
Designer NNP X I-Occupation
to TO X O
come VB X O
and CC X O
join VB X O
their PRP$ X O
Creative NNP X O
team NN X O
on IN X O
an DT X O
initial JJ X O
3 CD X O
month NN X O
contract NN X O
basis NN X O
. . X O
We PRP X O

are VBP X O
looking VBG X O
for IN X O
an DT X O
outstanding JJ X O
professional NN X O
with IN X O
the DT X O
drive NN X B-Skill
, , X O
determination NN X B-Skill
and CC X O
ability NN X B-Skill
to TO X I-Skill
deliver VB X I-Skill
. . X O
Your PRP$ X O

role NN X O
We PRP X O
now RB X O
seek VBP X O
a DT X O
professional JJ X O
, , X O
strategyfocused JJ X B-Skill
market NN X B-Occupation
analyst NN X I-Occupation
to TO X O
support VB X O
us PRP X O
in IN X O
achieving VBG X O
our PRP$ X O
goals NNS X O
by IN X O
providing VBG X O
robust JJ X B-Skill
market NN X I-Skill
and CC X I-Skill
competitor NN X I-Skill
analysis NN X I-Skill
based VBN X I-Skill
on IN X I-Skill
high JJ X I-Skill
quality NN X I-Skill
inhouse NN X I-Skill
and CC X I-Skill
commissioned VBD X I-Skill
research NN X I-Skill
. . X O
To TO X O

exercise VB X B-Skill
a DT X I-Skill
flexible JJ X I-Skill
and CC X I-Skill
dynamic JJ X I-Skill
mindset NN X I-Skill
that WDT X I-Skill
seeks VBZ X I-Skill
to TO X I-Skill
deliver VB X I-Skill
solutions NNS X I-Skill
via IN X I-Skill
code NN X I-Skill
, , X O
not RB X O
coding VBG X O
solutions NNS X O
. . X O
Lead JJ X B-Occupation

Recovery NNP X I-Occupation
Practitioner NNP X I-Occupation
: : X O
You PRP X O
will MD X O
have VB X O
sound VBN X B-Skill
clinical JJ X I-Skill
skills NNS X I-Skill
in IN X I-Skill
adult NN X I-Skill
and CC X I-Skill
paediatric JJ X I-Skill
recovery NN X I-Skill
, , X O
the DT X O
ability NN X O
to TO X O
provide VB X B-Skill
clinical JJ X I-Skill
, , X I-Skill
managerial JJ X I-Skill
, , X I-Skill
teaching NN X I-Skill
and CC X I-Skill
mentorship NN X I-Skill
support NN X I-Skill
for IN X O
the DT X O
multidisciplinary JJ X O
team NN X O
with IN X O
a DT X O
minimum NN X O
of IN X O
2 CD X B-Skill
years NNS X I-Skill
experience RB X I-Skill
in IN X O
a DT X O
senior JJ X O
position NN X O
. . X O
both DT X O

internally RB X O
e NN X O
. . X O
g NN X O
. . X O
Account NN X B-Occupation
Managers NNPS X I-Occupation
and CC X O
externally RB X O
vendors NNS X B-Occupation
/ VBP X I-Occupation
exhibitors NNS X I-Occupation
. . X O
The DT X O

Ideal NNP X O
Candidate NNP X O
must MD X O
have VB X B-Skill
a DT X I-Skill
strong JJ X I-Skill
Civils NNP X I-Skill
background NN X I-Skill
with IN X I-Skill
good JJ X I-Skill
experience NN X I-Skill
in IN X I-Skill
highways JJ X I-Skill
new JJ X I-Skill
build NN X I-Skill
and CC X I-Skill
reconstruction NN X I-Skill
, , X I-Skill
Infrastructure NNP X I-Skill
and CC X I-Skill
structures NNS X I-Skill
. . X O
Additional JJ X O

funding NN X O
is VBZ X O
in IN X O
place NN X O
to TO X O
cover VB X O
all DT X O
tuition NN X O
fees NNS X O
. . X O
Skills NNS X O

and CC X O
Experience NNP X O
RequiredMust NNP X O
possess VB X B-Skill
a DT X I-Skill
thorough JJ X I-Skill
understanding NN X I-Skill
of IN X I-Skill
interactive JJ X I-Skill
communications NNS X I-Skill
and CC X I-Skill
delivery NN X I-Skill
systems NNS X I-Skill
, , X I-Skill
processes NNS X I-Skill
, , X I-Skill
and CC X I-Skill
user JJ X I-Skill
interface NN X I-Skill
design NN X I-Skill
as RB X I-Skill
well RB X I-Skill
as IN X I-Skill
industry NN X I-Skill
best JJS X I-Skill
practices NNS X I-Skill
. . X O
The DT X O

Job NNP X O
The DT X O
Engineer NNP X B-Occupation
Special NNP X O
Equipment NNP X O
is VBZ X O
responsible JJ X B-Skill
for IN X I-Skill
design NN X I-Skill
, , X I-Skill
specification NN X I-Skill
, , X I-Skill
selection NN X I-Skill
and CC X I-Skill
services NNS X I-Skill
relating VBG X O
to TO X O
special JJ X O
and CC X O
packaged JJ X O
equipment NN X O
for IN X O
both DT X O
project NN X O
and CC X O
proposal NN X B-Skill
work NN X I-Skill
for IN X I-Skill
process NN X I-Skill
plant NN X I-Skill
and CC X I-Skill
facilities NNS X I-Skill
across IN X O
the DT X O
Oil NNP X B-Domain
and CC X O
Gas NNP X B-Domain
sector NN X O
. . X O
You PRP X O

will MD X O
be VB X O
given VBN X O
free JJ X O
rein NN X O
to TO X O
develop VB X B-Skill
menus NNS X I-Skill
whilst IN X I-Skill
consulting VBG X I-Skill
with IN X I-Skill
the DT X I-Skill
Head NNP X I-Skill
Chef NNP X I-Skill
. . X O
This DT X O

is VBZ X O
an DT X O
agile JJ X O
development NN X O
environment NN X O
and CC X O
participating VBG X B-Skill
in IN X I-Skill
daily JJ X I-Skill
standup JJ X I-Skill
meetings NNS X I-Skill
will MD X O
be VB X O
key JJ X O
. . X O
The DT X O

Lead NNP X B-Occupation
Piping NNP X I-Occupation
Engineer NNP X I-Occupation
will MD X O
lead VB X O
a DT X O
team NN X O
of IN X O
more JJR X O
junior JJ X O
engineers NNS X O
in IN X O
the DT X O
engineering NN X O
delivery NN X O
of IN X O
projects NNS X O
to TO X O
time NN X O
, , X O
cost NN X O
and CC X O
quality NN X O
or CC X O
in IN X O
the DT X O
management NN X O
of IN X O
small JJ X O
projects NNS X O
. . X O
All DT X O

applicants NNS X O
must MD X O
be VB X O
aware JJ X O
that IN X O
this DT X O
travel NN X O
will MD X O
be VB X O
to TO X O
some DT X O
challenging JJ X O
environments NNS X O
. . X O
Educated VBN X B-Skill

to TO X O
degree VB X B-Qualification
level NN X I-Qualification
Some DT X O
commercial JJ X B-Domain
work NN X I-Domain
experience NN X O
i NN X O
. . X O
e NN X O
. . X O
telesales NNS X B-Domain
or CC X O
retail JJ X B-Domain
Career NNP X B-Skill
driven NN X I-Skill
Organised VBD X I-Skill
, , X O
confident NN X B-Skill
, , X O
down RB X B-Skill
to TO X I-Skill
earth VB X I-Skill
**** JJ X O

**** NNP X O
**** NN X O
or CC X O
email VB X O
your PRP$ X O
CV NNP X O
to TO X O
me PRP X O
at IN X O
alison NN X O
. . X O
nimmosynergygroup NN X O
. . X O
co NN X O
. . X O
ukThe JJ X O
Synergy NNP X O
Group NNP X O
We PRP X O

are VBP X O
looking VBG X O
for IN X O
selfmotivated VBN X B-Skill
and CC X O
inspirational JJ X B-Skill
individuals NNS X O
with IN X O
experience NN X B-Skill
in IN X O
working VBG X B-Skill
with IN X I-Skill
unemployed JJ X I-Skill
people NNS X I-Skill
. . X O
To TO X O

apply VB X O
, , X O
send VB X O
a DT X O
copy NN X O
of IN X O
your PRP$ X O
CV NNP X O
including VBG X O
the DT X O
names NNS X O
of IN X O
2 CD X O
referees NNS X O
together RB X O
with IN X O
a DT X O
covering VBG X O
letter NN X O
expressing VBG X O
your PRP$ X O
interest NN X O
to TO X O
bjcampblliv VB X O
. . X O
ac NN X O
. . X O
uk JJ X O
or CC X O
click NN X O
on IN X O
the DT X O
Apply NNP X O
button NN X O
below IN X O
. . X O
Any DT X O

unresolved JJ X O
incidents NNS X O
will MD X O
be VB X O
passed VBN X O
to TO X O
2nd CD X O
and CC X O
3rd CD X O
Line NNP X O
Support NNP X O
Teams NNP X O
. . X O
This DT X O

is VBZ X O
a DT X O
fast JJ X O
moving NN X O
environment NN X O
, , X O
with IN X O
customers NNS X O
who WP X O
have VBP X O
very RB X O
high JJ X O
expectations NNS X O
meaning VBG X O
we PRP X O
often RB X O
have VBP X O
to TO X O
be VB X O
flexible JJ X B-Skill
and CC X O
react VB X O
to TO X O
their PRP$ X O
demands NNS X O
. . X O
We PRP X O

' '' X O
d VBP X O
like IN X O
you PRP X O
to TO X O
keep VB X O
up RP X O
to TO X O
date NN X O
with IN X O
our PRP$ X O
newest JJS X O
roles NNS X O
, , X O
Like IN X O
us PRP X O
on IN X O
Facebook NNP X O
and CC X O
Follow NNP X O
us PRP X O
on IN X O
Twitter NN X O
The DT X O

successful JJ X O
candidate NN X O
will MD X O
receive VB X O
a DT X O
company NN X O
vehicle NN X O
, , X O
phone NN X O
, , X O
laptop NN X O
, , X O
OTE NNP X O
and CC X O
Standby NNP X O
rate NN X O
. . X O
Knowledge NNP X O

of IN X O
Apple NNP X B-Skill
Macs NNP X I-Skill
, , X O
SharePoint NNP X B-Skill
and CC X O
SQL NNP X B-Skill
be VB X O
beneficial JJ X O
. . X O
You PRP X O

will MD X O
be VB X O
required VBN X O
to TO X O
provide VB X O
quality NN X B-Skill
care NN X I-Skill
for IN X I-Skill
patients NNS X I-Skill
covering VBG X I-Skill
a DT X I-Skill
wide JJ X I-Skill
range NN X I-Skill
of IN X I-Skill
specialities NNS X I-Skill
, , X O
proven RB X O
ability NN X O
to TO X O
work VB X B-Skill
effectively RB X I-Skill
in IN X I-Skill
a DT X I-Skill
team NN X I-Skill
environment NN X I-Skill
and CC X I-Skill
independently RB X I-Skill
as IN X I-Skill
required VBN X I-Skill
with IN X O
the DT X O
ability NN X O
to TO X O
be VB X O
flexible JJ X B-Skill
and CC X I-Skill
adaptable JJ X I-Skill
to TO X I-Skill
meet VB X I-Skill
the DT X I-Skill
changing VBG X I-Skill
needs NNS X I-Skill
of IN X I-Skill
the DT X I-Skill
business NN X I-Skill
. . X O
It PRP X O

is VBZ X O
a DT X O
standard NN X O
for IN X O
this DT X O
client NN X B-Occupation
to TO X O
give VB X O
a DT X O
commitment NN X O
to TO X O
have VB X O
passed VBN X O
your PRP$ X O
CII NNP X B-Qualification
examinations NNS X O
within IN X O
6 CD X O
months NNS X O
. . X O
Communicate NN X B-Skill

with IN X O
staff NN X O
, , X O
managers NNS X O
, , X O
internal JJ X O
and CC X O
external JJ X O
contacts NNS X O
as IN X O
required VBN X O
to TO X O
ensure VB X O
effective JJ X O
two CD X O
way NN X O
communication NN X O
exists VBZ X O
to TO X O
support VB X O
achievement NN X O
of IN X O
agreed JJ X O
customer NN X O
service NN X O
levels NNS X O
. . X O
**** JJ X O

Increase NNP X B-Skill
the DT X I-Skill
quality NN X I-Skill
of IN X I-Skill
service NN X I-Skill
delivery NN X I-Skill
to TO X I-Skill
drive VB X I-Skill
up RP X I-Skill
turnover NN X I-Skill
and CC X I-Skill
margin NN X I-Skill
: : X O

Identify NN X B-Skill
and CC X I-Skill
evaluate VB X I-Skill
credit NN X I-Skill
risks NNS X I-Skill
inherent JJ X I-Skill
within IN X I-Skill
credit NN X I-Skill
acquisition NN X I-Skill
strategies NNS X I-Skill
and CC X O
management NN X B-Skill
of IN X I-Skill
the DT X I-Skill
existing VBG X I-Skill
customer NN X I-Skill
portfolio NN X I-Skill
. . X O
As IN X O

Warranty NNP X B-Occupation
Administrator NNP X I-Occupation
, , X O
you PRP X O
will MD X O
be VB X O
responsible JJ X O
for IN X O
overseeing VBG X B-Skill
all DT X I-Skill
mechanical JJ X I-Skill
and CC X I-Skill
bodywork NN X I-Skill
warranties NNS X I-Skill
and CC X O
previous JJ X O
Warranty NNP X O
experience NN X O
is VBZ X O
preferred VBN X O
. . X O
My PRP$ X O

client NN X O
is VBZ X O
a DT X O
leading VBG X O
M NNP X O
& CC X O
E NNP X O
Contractor NNP X O
with IN X O
offices NNS X O
throughout IN X O
the DT X O
UK NNP X O
and CC X O
they PRP X O
are VBP X O
looking VBG X O
for IN X O
a DT X O
Junior NNP X O
M NNP X B-Occupation
& CC X I-Occupation
E NNP X I-Occupation
Project NNP X I-Occupation
Engineer NNP X I-Occupation
to TO X O
join VB X O
the DT X O
team NN X O
at IN X O
their PRP$ X O
Ashford NNP X O
depot NN X O
. . X O
k VB X O

The DT X B-Occupation
PPC NNP X I-Occupation
Manager NNP X I-Occupation
shall MD X O
create VB X O
and CC X O
manage VB X O
PPC NNP X B-Skill
campaigns NNS X I-Skill
and CC X O
manage NN X B-Skill
and CC X I-Skill
lead VB X I-Skill
the DT X I-Skill
team NN X I-Skill
. . X O
Always NNS X O

ensuring VBG X B-Skill
the DT X I-Skill
creative JJ X I-Skill
firmly NN X I-Skill
reflects VBZ X I-Skill
brand NN X I-Skill
guidelines NNS X I-Skill
and CC X I-Skill
essence NN X I-Skill
is VBZ X O
a DT X O
key JJ X O
objective NN X O
within IN X O
this DT X O
role NN X O
. . X O
Manage VB X B-Skill

the DT X I-Skill
IQ NNP X I-Skill
/ NNP X I-Skill
RO NNP X I-Skill
/ NNP X I-Skill
FMO NNP X I-Skill
process NN X I-Skill
flow NN X I-Skill
, , X O
ensuring VBG X B-Skill
tracking NN X I-Skill
, , X I-Skill
integrity NN X I-Skill
and CC X I-Skill
regular JJ X I-Skill
reporting NN X I-Skill
of IN X I-Skill
all DT X I-Skill
relevant JJ X I-Skill
data NNS X I-Skill
. . X O
bull NN X O

; : X O
Grow NNP X B-Skill
income NN X I-Skill
from IN X I-Skill
high JJ X I-Skill
net JJ X I-Skill
worth NN X I-Skill
individuals NNS X I-Skill
with IN X O
a DT X O
view NN X O
to TO X O
securing VBG X B-Skill
long JJ X I-Skill
term NN X I-Skill
commitment NN X I-Skill
bull NN X O
; : X O
Identify NNP X B-Skill
and CC X I-Skill
research NN X I-Skill
prospective JJ X I-Skill
high JJ X I-Skill
net JJ X I-Skill
worth NN X I-Skill
individuals NNS X I-Skill
, , X O
trusts NNS X O
and CC X O
foundations NNS X O
bull VBP X O
; : X O
Proven NNP X O
track NN X O
record NN X O
in IN X O
In IN X O

order NN X O
to TO X O
be VB X O
considered VBN X O
for IN X O
this DT X O
role NN X O
you PRP X O
must MD X O
have VB X O
: : X O
Competent NNP X B-Qualification
Advisor NNP X I-Qualification
Status NNP X I-Qualification
Level NNP X I-Qualification
3 CD X I-Qualification
certification NN X I-Qualification
qualification NN X O
They PRP X O

offer VBP X O
a DT X O
great JJ X O
induction NN X O
support NN X O
package NN X O
for IN X O
NQT NNP X O
' POS X O
s NN X O
with IN X O
one CD X O
of IN X O
the DT X O
SLT NNP X O
providing VBG X O
mentoring VBG X O
support NN X O
giving VBG X O
you PRP X O
the DT X O
opportunity NN X O
of IN X O
learning VBG X O
from IN X O
the DT X O
very RB X O
best JJS X O
They PRP X O
are VBP X O
currently RB X O
in IN X O
the DT X O
process NN X O
of IN X O
expanding VBG X O
in IN X O
to TO X O
a DT X O
2 CD X O
form NN X O
entry NN X O
school NN X O
and CC X O
due JJ X O
to TO X O
this DT X O
they PRP X O
will MD X O
soon RB X O
be VB X O
able JJ X O
to TO X O
boast VB X O
a DT X O
brand NN X O
new JJ X O
modern JJ X O
building NN X O
with IN X O
all PDT X O
the DT X O
latest JJS X O
facilities NNS X O
and CC X O
resources NNS X O
to TO X O
allow VB X O
you PRP X O
to TO X O
deliver VB X O
your PRP$ X O
lessons NNS X O
in IN X O
the DT X O
most RBS X O
exciting JJ X O
and CC X O
engaging VBG X O
ways NNS X O
If IN X O
you PRP X O
are VBP X O
interested JJ X O
then RB X O
click VBP X O
apply RB X O
now RB X O
Or NNP X O
contact NN X O
Academics NNS X O
Today VBP X O
Dynamic NNP X O

, , X O
innovative JJ X O
company NN X O
with IN X O
an DT X O
excellent JJ X O
software NN X O
product NN X O
in IN X O
a DT X O
niche NN X O
market NN X O
. . X O
In IN X O

these DT X O
roles NNS X O
you PRP X O
will MD X O
be VB X O
responsible JJ X O
for IN X O
developing VBG X B-Skill
and CC X I-Skill
maintaining VBG X I-Skill
the DT X I-Skill
performance NN X I-Skill
of IN X I-Skill
strategies NNS X I-Skill
for IN X I-Skill
Card NNP X I-Skill
Services NNP X I-Skill
portfolios NNS X I-Skill
ensuring VBG X I-Skill
they PRP X I-Skill
carefully RB X I-Skill
balance NN X I-Skill
risk NN X I-Skill
and CC X I-Skill
reward NN X I-Skill
. . X O
All DT X O

staff NN X O
and CC X O
volunteers NNS X O
will MD X O
have VB X O
responsibility NN X O
in IN X O
ensuring VBG X O
that IN X O
their PRP$ X O
working NN X O
environment NN X O
is VBZ X O
healthy JJ X O
and CC X O
safe JJ X O
and CC X O
that DT X O
staff NN X O
and CC X O
volunteers NNS X O
for IN X O
whom WP X O
they PRP X O
are VBP X O
responsible JJ X O
are VBP X O
not RB X O
placed VBN X O
at IN X O
risk NN X O
. . X O
The DT X O

candidate NN X O
must MD X O
be VB X O
IT NNP X B-Skill
literate NNP X I-Skill
, , X O
A NNP X O
site NN X B-Skill
document NN X I-Skill
management NN X I-Skill
experience NN X I-Skill
would MD X O
be VB X O
beneficial JJ X O
, , X O
and CC X O
good JJ X B-Skill
communication NN X I-Skill
skills NNS X I-Skill
are VBP X O
a DT X O
necessity NN X O
. . X O
**** JJ X O

staff NN X O
Minimum NNP X O
average JJ X O
personal JJ X O
sales NNS X O
from IN X O
each DT X O
telesales NNS X O
exec VBP X O
of IN X O
My PRP$ X O

client NN X O
is VBZ X O
a DT X O
successful JJ X O
contractor NN X O
within IN X O
the DT X O
care NN X B-Domain
home NN X I-Domain
developments NNS X I-Domain
industry NN X O
. . X O
provided VBN X O

3 CD X B-Skill
. . X I-Skill
Deliver VB X I-Skill
process JJ X I-Skill
evaluation NN X I-Skill
and CC X I-Skill
development NN X I-Skill
to TO X O
ensure VB X O
continuous JJ X O
improvement NN X B-Skill
within IN X I-Skill
the DT X I-Skill
team NN X I-Skill
Ideally NNP X O

applicants NNS X O
will MD X O
have VB X O
had VBN X O
experience NN X B-Experience
of IN X O
working VBG X O
in IN X O
both DT X O
The DT X O

children NNS X O
have VBP X O
been VBN X O
described VBN X O
as IN X O
a DT X O
joy NN X O
to TO X O
teach VB X O
with IN X O
no DT X O
major JJ X O
behavioural JJ X O
concerns NNS X O
. . X O
Experience NN X O

in IN X O
ion NN X O
chromatography NN X B-Skill
or CC X O
AMFIA NNP X B-Skill
instrumentation NN X I-Skill
would MD X O
also RB X O
be VB X O
an DT X O
advantage NN X O
. . X O
Al NNP X O

stock NN X O
will MD X O
be VB X O
on IN X O
site NN X O
, , X O
applicants NNS X O
must MD X O
be VB X O
able JJ X O
to TO X O
work VB X B-Skill
alone RB X I-Skill
and CC X O
use VB X B-Skill
own JJ X I-Skill
initiative NN X I-Skill
. . X O
The DT X O

Problem NNP X B-Occupation
manager NN X I-Occupation
will MD X O
be VB X O
working VBG X O
closely RB X O
with IN X O
a DT X O
team NN X O
to TO X O
help VB X O
define VB X B-Skill
and CC X I-Skill
streamline VB X I-Skill
the DT X I-Skill
problem NN X I-Skill
management NN X I-Skill
function NN X I-Skill
within IN X O
the DT X O
organisation NN X O
. . X O
If IN X O

you PRP X O
are VBP X O
interested JJ X O
in IN X O
a DT X O
new JJ X O
SAP NNP X B-Domain
SD NNP X I-Domain
challenge NN X O
, , X O
with IN X O
a DT X O
well RB X O
respected VBN X O
international JJ X O
organization NN X O
to TO X O
work VB X O
on IN X O
challenging VBG X O
and CC X O
innovative JJ X O
projects NNS X O
please VBP X O
send VB X O
your PRP$ X O
CV NNP X O
to TO X O
Adam NNP X O
Govan NNP X O
or CC X O
for IN X O
more JJR X O
information NN X O
call NN X O
. . X O
You PRP X O

will MD X O
ensure VB X O
that IN X O
our PRP$ X O
customers NNS X B-Skill
experience NN X I-Skill
when WRB X O
visiting VBG X O
our PRP$ X O
branches NNS X O
will MD X O
be VB X O
outstanding JJ X O
and CC X O
memorable JJ X O
and CC X O
they PRP X O
will MD X O
be VB X O
provided VBN X O
with IN X O
all PDT X O
the DT X O
necessary JJ X O
information NN X O
required VBN X O
to TO X O
enhance VB X O
their PRP$ X O
decision NN X O
to TO X O
purchase VB X O
a DT X O
suitable JJ X O
vehicle NN X O
. . X O
Level NN X O

2 CD X O
Food NNP X O
Production NNP X O
Apprenticeship NNP X O
Framework NNP X O
to TO X O
include VB X O
NVQ NNP X B-Qualification
Technical NNP X I-Qualification
Certificate NNP X I-Qualification
, , X O
Employer NNP X O
Rights NNPS X O
and CC X O
Responsibilities NNPS X O
and CC X O
Personal NNP X B-Skill
Learning NNP X I-Skill
and CC X I-Skill
Thinking NNP X I-Skill
Skills NNP X O
. . X O
Chase NNP X O

Medical NNP X O
locum NN X O
work NN X O
comes VBZ X O
with IN X O
the DT X O
following VBG X O
benefits NNS X O
: : X O
Great JJ X O
pay NN X O
rates NNS X O
To TO X O

apply VB X O
or CC X O
to TO X O
find VB X O
out RP X O
more JJR X O
information NN X O
, , X O
please VB X O
contact JJ X O
Dan NNP X O
Gunner NNP X O
at IN X O
Beringer NNP X O
Tame NNP X O
, , X O
dangunnerberingertame NN X O
. . X O
com NN X O
or CC X O
call VB X O
A DT X O

wide JJ X O
range NN X O
of IN X O
apprenticeships NNS X O
are VBP X O
provided VBN X O
by IN X O
the DT X O
company NN X O
incorporating VBG X O
business NN X B-Skill
admin NN X I-Skill
/ NNP X I-Skill
customer NN X I-Skill
service NN X I-Skill
, , X O
retail JJ X B-Skill
, , X O
management NN X B-Skill
, , X O
logistics NNS X B-Skill
and CC X O
warehousing NN X B-Skill
, , X O
giving VBG X O
excellent NN X O
options NNS X O
to TO X O
your PRP$ X O
learners NNS X O
. . X O
you PRP X O

are VBP X O
equally RB X O
adept JJ X B-Skill
at IN X I-Skill
communicating VBG X I-Skill
the DT X I-Skill
usefulness NN X I-Skill
and CC X I-Skill
power NN X I-Skill
of IN X I-Skill
analytics NNS X I-Skill
to TO X I-Skill
both DT X I-Skill
technical JJ X I-Skill
and CC X I-Skill
nontechnical JJ X I-Skill
audiences NNS X I-Skill
. . X O
but CC X O

if IN X O
you PRP X O
have VBP X O
not RB X O
heard VBN X O
from IN X O
us PRP X O
within IN X O
3 CD X O
working VBG X O
days NNS X O
then RB X O
please VB X O
accept VB X O
that IN X O
your PRP$ X O
application NN X O
is VBZ X O
not RB X O
going VBG X O
to TO X O
proceed VB X O
further RB X O
. . X O
Offering VBG X O

sales NNS X O
jobs NNS X O
for IN X O
trainees NNS X B-Occupation
, , X I-Occupation
sales NNS X I-Occupation
representatives NNS X I-Occupation
, , X I-Occupation
sales NNS X I-Occupation
executives NNS X I-Occupation
, , X O
sales NNS X B-Occupation
engineers NNS X I-Occupation
, , X O
area NN X B-Occupation
sales NNS X I-Occupation
managers NNS X I-Occupation
, , X I-Occupation
territory NN X I-Occupation
managers NNS X I-Occupation
and CC X O
account NN X B-Occupation
managers NNS X I-Occupation
, , X O
opportunities NNS X O
are VBP X O
available JJ X O
in IN X O
every DT X O
corner NN X O
of IN X O
the DT X O
UK NNP X O
. . X O
If IN X O

you PRP X O
are VBP X O
interested JJ X O
in IN X O
this DT X O
role NN X O
, , X O
or CC X O
require VB X O
further JJ X O
information NN X O
, , X O
please VB X O
do VB X O
not RB X O
hesitate VB X O
to TO X O
contact VB X O
Richard NNP X O
on IN X O
01932837773 CD X O
Method NNP X O
of IN X O
apply NN X O
: : X O
Spring NN X O

Technology NNP X O
is VBZ X O
an DT X O
Equal JJ X B-Occupation
Opportunities NNP X I-Occupation
employer NN X I-Occupation
; : X O
we PRP X O
welcome VBP X O
applicants NNS X O
from IN X O
all DT X O
backgrounds NNS X O
. . X O
We PRP X O

are VBP X O
seeking VBG X O
qualified JJ X B-Skill
professionals NNS X B-Occupation
with IN X O
excellent JJ X O
clinical JJ X B-Skill
skills NNS X O
and CC X O
up RB X B-Skill
to TO X I-Skill
date NN X I-Skill
knowledge NN X I-Skill
in IN X I-Skill
the DT X I-Skill
perioperative JJ X I-Skill
setting NN X I-Skill
. . X O
This DT X O

role NN X O
is VBZ X O
being VBG X O
handled VBN X O
by IN X O
the DT X O
Centrica NNP X O
recruitment NN X B-Domain
team NN X O
and CC X O
NO NNP X O
agency NN X O
contact NN X O
is VBZ X O
required VBN X O
. . X O
Building VBG X B-Skill

effective JJ X I-Skill
relationships NNS X I-Skill
with IN X I-Skill
key JJ X I-Skill
stakeholders NNS X I-Skill
, , X O
this DT X O
role NN X O
will MD X O
have VB X O
responsibility NN X O
for IN X O
ensuring VBG X B-Skill
that IN X I-Skill
all DT X I-Skill
partner NN X I-Skill
organisations NNS X I-Skill
understand VBP X I-Skill
the DT X I-Skill
project NN X I-Skill
targets NNS X I-Skill
and CC X I-Skill
comply NN X I-Skill
with IN X I-Skill
guidelines NNS X I-Skill
set VBN X I-Skill
out RP X I-Skill
in IN X I-Skill
partnership NN X I-Skill
agreements NNS X I-Skill
. . X O
**** JJ X O

application NN X O
form NN X O
IN NNP X O
MS NNP X O
WORD NNP X O
together RB X O
with IN X O
a DT X O
letter NN X O
of IN X O
application NN X O
, , X O
curriculum NN X O
vitae NN X O
, , X O
statement NN X O
of IN X O
future JJ X O
research NN X O
projects NNS X O
, , X O
FPS NNP X B-Qualification
, , X O
CCT NNP X B-Qualification
and CC X O
Declaration NNP X O
forms NNS X O
and CC X O
the DT X O
names NNS X O
of IN X O
three CD X O
referees NNS X O
to TO X O
: : X O
csrecruitmentmedschl NN X O
. . X O
cam NN X O
. . X O
ac NN X O
. . X O
uk JJ X O
by IN X O
5pm CD X O
Friday NNP X O
1 CD X O
March NNP X O
2013 CD X O
. . X O
For IN X O

the DT X O
successful JJ X O
candidate NN X O
, , X O
we PRP X O
offer VBP X O
a DT X O
competitive JJ X O
package NN X O
along IN X O
with IN X O
excellent JJ X O
career NN X O
opportunities NNS X O
. . X O
The DT X O

products NNS X O
are VBP X O
used VBN X O
as IN X O
a DT X O
core NN X O
component NN X O
in IN X O
the DT X O
enterprise NN X O
data NNS X B-Skill
processing NN X I-Skill
infrastructure NN X O
by IN X O
many JJ X O
of IN X O
the DT X O
world NN X O
s VBZ X O
most RBS X O
admired JJ X O
and CC X O
successful JJ X O
companies NNS X O
. . X O
We PRP X O

would MD X O
like VB X O
to TO X O
receive VB X O
applications NNS X O
from IN X O
ambitious JJ X B-Skill
and CC X O
highly RB X B-Skill
motivated JJ X I-Skill
nurses NNS X B-Occupation
that WDT X O
are VBP X O
looking VBG X O
for IN X O
an DT X O
opportunity NN X O
to TO X O
work VB X O
at IN X O
Staff NNP X B-Occupation
Nurse NNP X I-Occupation
level NN X O
within IN X O
a DT X O
care NN X O
home NN X O
environment NN X O
. . X O
All DT X O

applicants NNS X O
must MD X O
undergo VB X O
a DT X O
full JJ X O
CRB NNP X B-Qualification
Check NNP X I-Qualification
and CC X O
MUST NNP X O
have VBP X O
the DT X O
relevant JJ X O
qualifications NNS X O
. . X O
Are NNP X O

you PRP X O
looking VBG X O
for IN X O
a DT X O
new JJ X O
exciting JJ X O
role NN X O
within IN X O
the DT X O
travel NN X B-Domain
industry NN X I-Domain
? . X O
Must RB X B-Skill

be VB X I-Skill
competent NN X I-Skill
in IN X I-Skill
bending VBG X I-Skill
pipe NN X I-Skill
using VBG X I-Skill
pipe JJ X I-Skill
benders NNS X I-Skill
. . X O
Regular JJ X B-Skill

attendance NN X I-Skill
of IN X I-Skill
buying VBG X I-Skill
meetings NNS X I-Skill
with IN X I-Skill
the DT X I-Skill
customer NN X I-Skill
base NN X I-Skill
to TO X I-Skill
discuss VB X I-Skill
new JJ X I-Skill
opportunities NNS X I-Skill
. . X O
In IN X O

addition NN X O
, , X O
the DT X O
forecaster NN X B-Occupation
will MD X O
be VB X O
expected VBN X O
to TO X O
demonstrate VB X O
initiative NN X B-Skill
and CC X O
a DT X O
flexible JJ X B-Skill
yet RB X I-Skill
organised VBN X I-Skill
approach NN X O
to TO X O
providing VBG X O
forecasts NNS X B-Skill
across IN X I-Skill
a DT X I-Skill
range NN X I-Skill
of IN X I-Skill
different JJ X I-Skill
industry NN X I-Skill
segments NNS X I-Skill
and CC X O
subject JJ X O
areas NNS X O
in IN X O
response NN X O
to TO X O
changing VBG X O
market NN X B-Domain
dynamics NNS X O
. . X O
Researching VBG X B-Skill

and CC X I-Skill
resolving VBG X I-Skill
technical JJ X I-Skill
queries NNS X I-Skill
from IN X I-Skill
clients NNS X I-Skill
Reviewing VBG X I-Skill
financial JJ X I-Skill
statements NNS X I-Skill
Liaising VBG X I-Skill
with IN X I-Skill
directors NNS X I-Skill
and CC X I-Skill
partners NNS X I-Skill
, , X I-Skill
as RB X I-Skill
well RB X I-Skill
as IN X I-Skill
other JJ X I-Skill
professionals NNS X I-Skill
including VBG X I-Skill
Tax NNP X I-Skill
, , X I-Skill
Actuarial NNP X I-Skill
, , X I-Skill
etc NN X I-Skill
. . X O
Ensure NN X B-Skill

that WDT X I-Skill
myself PRP X I-Skill
and CC X I-Skill
the DT X I-Skill
team NN X I-Skill
contribute NN X I-Skill
to TO X I-Skill
the DT X I-Skill
open JJ X I-Skill
and CC X I-Skill
close JJ X I-Skill
duties NNS X I-Skill
required VBN X I-Skill
for IN X I-Skill
the DT X I-Skill
club NN X I-Skill
to TO X I-Skill
operate VB X I-Skill
. . X O
ERP NNP X B-Occupation

Application NNP X I-Occupation
Specialist NNP X I-Occupation
required VBD X O
for IN X O
a DT X O
leading VBG X O
company NN X O
to TO X O
be VB X O
based VBN X O
close RB X O
to TO X O
Newcastle NNP X O
upon IN X O
Tyne NNP X O
In IN X O
a DT X O
very RB X O
varied JJ X O
role NN X O
you PRP X O
will MD X O
support VB X B-Skill
, , X I-Skill
train NN X I-Skill
, , X I-Skill
test NN X I-Skill
and CC X I-Skill
implement NN X I-Skill
changes NNS X I-Skill
to TO X I-Skill
an DT X I-Skill
ERP NNP X I-Skill
system NN X I-Skill
. . X O
mikebalectorecruitment NN X O

. . X O
com NN X O
or CC X O
call VB X O
[ JJ X O
blocked VBN X O
] NN X O
in IN X O
strict JJ X O
confidence NN X O
for IN X O
further JJ X O
information NN X O
. . X O
Contact NNP X O

Centre NNP X O
Partners NNPS X O
are VBP X O
delighted VBN X O
to TO X O
once VB X O
again RB X O
be VB X O
supporting VBG X O
this DT X O
very RB X O
well RB X O
known VBN X O
business NN X O
based VBN X O
in IN X O
Cardiff NNP X O
with IN X O
its PRP$ X O
recruitment NN X O
of IN X O
an DT X O
Operations NNP X B-Occupation
Manager NNP X I-Occupation
. . X O
Have VBP X O

at IN X B-Experience
least JJS X I-Experience
1 CD X I-Experience
years NNS X I-Experience
experience RB X O
along RB X O
with IN X O
an DT X O
ambitious JJ X B-Skill
and CC X I-Skill
assertive JJ X I-Skill
attitude NN X I-Skill
which WDT X O
will MD X O
enable VB X O
you PRP X O
to TO X O
multiply VB X O
a DT X O
company NN X O
' POS X O
s NN X O
sales NNS X B-Domain
allowing VBG X O
you PRP X O
to TO X O
become VB X O
one CD X O
of IN X O
their PRP$ X O
highly RB X O
prized VBN X O
assets NNS X O
? . X O
Supporting VBG X B-Skill

the DT X I-Skill
organisation NN X I-Skill
with IN X I-Skill
Recruitment NNP X I-Skill
and CC X I-Skill
HR NNP X I-Skill
Advice NNP X I-Skill
around IN X I-Skill
best JJS X I-Skill
practice NN X I-Skill
, , X O
you PRP X O
will MD X O
be VB X O
the DT X O
main JJ X B-Skill
point NN X I-Skill
of IN X I-Skill
contact NN X I-Skill
for IN X I-Skill
line NN X I-Skill
and CC X I-Skill
senior JJ X I-Skill
managers NNS X I-Skill
across IN X I-Skill
the DT X I-Skill
business NN X I-Skill
. . X O
**** JJ X O

staff NN X O
located VBN X O
at IN X O
the DT X O
Conservatoire NNP X O
, , X O
the DT X O
School NNP X O
of IN X O
Acting NNP X O
at IN X O
Millennium NNP X O
Point NNP X O
and CC X O
at IN X O
City NNP X O
North NNP X O
Campus NNP X O
, , X O
Perry NNP X O
Barr NNP X O
. . X O
To TO X O

assist VB X B-Skill
in IN X I-Skill
controlling VBG X I-Skill
the DT X I-Skill
financial JJ X I-Skill
performance NN X I-Skill
of IN X I-Skill
the DT X I-Skill
business NN X I-Skill
, , X O
seeking VBG X O
to TO X O
exceed VB X O
agreed JJ X O
sales NNS X O
and CC X O
profit NN X O
targets NNS X O
and CC X O
achieving VBG X O
agreed VBD X O
margins NNS X O
. . X O
Checking VBG X B-Skill

computerised VBN X I-Skill
timesheets NNS X I-Skill
and CC X O
record NN X B-Skill
all DT X I-Skill
absences NNS X I-Skill
, , X I-Skill
holidays NNS X I-Skill
and CC X I-Skill
sickness NN X I-Skill
To TO X O

apply VB X O
please VB X O
forward RB X O
a DT X O
copy NN X O
of IN X O
your PRP$ X O
current JJ X O
CV NNP X O
or CC X O
call VB X O
Russell NNP X O
Grady NNP X O
direct VBP X O
on IN X O
Apply NNP X O
online MD X O
only RB X O
. . X O
A DT X O

big JJ X O
part NN X O
of IN X O
this DT X O
role NN X O
requires VBZ X O
you PRP X O
to TO X O
have VB X O
an DT X O
upbeat JJ X B-Skill
attitude NN X I-Skill
and CC X O
have VBP X O
the DT X O
drive NN X B-Skill
to TO X I-Skill
execute VB X I-Skill
each DT X I-Skill
task NN X I-Skill
with IN X O
that DT X O
can MD X O
do VB X O
attitude VB X B-Skill
and CC X I-Skill
determination NN X I-Skill
to TO X I-Skill
succeed VB X I-Skill
as IN X O
you PRP X O
will MD X O
be VB X O
working VBG X B-Skill
closely RB X I-Skill
with IN X I-Skill
senior JJ X I-Skill
management NN X I-Skill
, , X O
you PRP X O
will MD X O
essentially RB X O
be VB X O
contributing VBG X B-Skill
to TO X I-Skill
the DT X I-Skill
development NN X I-Skill
of IN X I-Skill
the DT X I-Skill
company NN X I-Skill
and CC X O
you PRP X O
will MD X O
do VB X O
this DT X O
namely RB X O
through IN X O
remarkable JJ X B-Skill
customer NN X I-Skill
service NN X I-Skill
and CC X O
ambition NN X B-Skill
. . X O
16th CD X O

or CC X O
17th CD X O
Edition NN X O
A NNP X O
proven RB X O
understanding NN X B-Skill
of IN X I-Skill
PLC NNP X I-Skill
systems NNS X I-Skill
You PRP X O

will MD X O
need VB X O
a DT X O
fresh JJ X O
and CC X O
inventive JJ X O
approach NN X O
and CC X O
you PRP X O
will MD X O
have VB X O
strong JJ X O
abilities NNS X O
in IN X O
the DT X O
majority NN X O
of IN X O
the DT X O
following JJ X O
areas NNS X O
: : X O
at IN X O
least JJS X O
3 CD X B-Experience
years NNS X I-Experience
experience RB X I-Experience
as IN X O
a DT X O
Mechanical NNP X B-Occupation
Engineer NNP X I-Occupation
Manufacturing NNP X B-Skill
processes VBZ X I-Skill
Analysis NNP X I-Skill
of IN X I-Skill
static JJ X I-Skill
, , X O
dynamic JJ X B-Skill
, , X O
fluid NN X B-Skill
or CC X O
thermodynamic JJ X B-Skill
systems NNS X I-Skill
The DT X O

Role NNP X O
You PRP X O
will MD X O
be VB X O
responsible JJ X O
for IN X O
working VBG X B-Skill
closely RB X I-Skill
with IN X I-Skill
the DT X I-Skill
MD NNP X I-Skill
to TO X O
deal VB X O
with IN X O
the DT X O
day NN X O
to TO X O
day NN X O
aspects NNS X O
of IN X O
a DT X O
commercial JJ X O
account NN X O
. . X O
Our PRP$ X O

client NN X O
is VBZ X O
seeking VBG X O
a DT X O
Sales NNS X B-Occupation
Negotiator NNP X I-Occupation
/ VBD X O
Assistant NNP X B-Occupation
Sales NNS X I-Occupation
Manager NNP X I-Occupation
to TO X O
work VB X O
in IN X O
Blackheath NNP X O
South NNP X O
East NNP X O
London NNP X O
Educated VBN X O

to TO X O
degree VB X B-Skill
standard NN X O
preferably RB X O
with IN X O
a DT X O
formal JJ X O
QA NNP X B-Qualification
qualification NN X I-Qualification
e NN X O
. . X O
g NN X O
. . X O
ISTQB NNP X B-Skill
Foundation NNP X I-Skill
level NN X I-Skill
desirable JJ X O
If IN X O
you PRP X O
meet VBP X O
the DT X O
above JJ X O
requirement NN X O
and CC X O
are VBP X O
looking VBG X O
for IN X O
a DT X O
new JJ X O
challenge NN X O
within IN X O
a DT X O
well RB X O
established VBN X O
financial JJ X O
services NNS X O
organisation NN X O
please NN X O
do VB X O
not RB X O
hesitate VB X O
to TO X O
send VB X O
your PRP$ X O
CV NNP X O
for IN X O
immediate JJ X O
consideration NN X O
The DT X O

management NN X O
accommodation NN X O
above IN X O
the DT X O
pub NN X O
comprises VBZ X O
a DT X O
self NN X O
contained VBN X O
, , X O
spacious JJ X O
and CC X O
characterful JJ X O
three CD X O
bedroom NN X O
flat NN X O
. . X O
This DT X O

is VBZ X O
an DT X O
influential JJ X O
and CC X O
rewarding JJ X O
role NN X O
with IN X O
great JJ X O
long JJ X O
term NN X O
opportunities NNS X O
. . X O
Knowledge NNP X O

and CC X O
experience NN X O
in IN X O
contingency NN X B-Skill
analysis NN X I-Skill
and CC X O
risks NNS X B-Skill
assessment NN X I-Skill
in IN X O
the DT X O
bidding NN X B-Skill
process NN X O
and CC X O
execution NN X O
of IN X O
these DT X O
projects NNS X O
is VBZ X O
essential JJ X O
. . X O
Involvement NN X O

in IN X O
the DT X O
implementation NN X O
of IN X O
a DT X O
global JJ X B-Skill
estimating NN X I-Skill
system NN X I-Skill
a DT X O
plus NN X O
. . X O
This DT X O

is VBZ X O
a DT X O
permanent JJ X O
post NN X O
from IN X O
September NNP X O
2013 CD X O
, , X O
if IN X O
you PRP X O
are VBP X O
an DT X O
English JJ X B-Qualification
NQT NNP X I-Qualification
as IN X O
of IN X O
September NNP X O
2013 CD X O
looking VBG X O
for IN X O
your PRP$ X O
first JJ X O
teaching NN X O
role NN X O
The DT X O

ideal JJ X O
candidate NN X O
must MD X O
have VB X O
experience NN X O
delivering VBG X O
Electrical NNP X B-Skill
Engineering NNP X I-Skill
and CC X O
must MD X O
also RB X O
have VB X O
a DT X O
recognised VBN X B-Qualification
teaching NN X I-Qualification
qualification NN X I-Qualification
or CC X O
be VB X O
working VBG X O
towards IN X O
one CD X O
. . X O
To TO X O

join VB X O
our PRP$ X O
growing VBG X O
and CC X O
very RB X O
successful JJ X O
team NN X O
please NN X O
send VB X O
us PRP X O
your PRP$ X O
CV NN X O
**** NN X O

for IN X O
CAD NNP X B-Skill
modelling NN X I-Skill
, , X O
and CC X O
ANSYS NNP X B-Skill
for IN X O
FEA NNP X B-Skill
calculations NNS X O
would MD X O
be VB X O
beneficial JJ X O
, , X O
although IN X O
candidates NNS X O
who WP X O
have VBP X O
used VBN X O
alternative JJ X O
packages NNS X O
will MD X O
be VB X O
considered VBN X O
. . X O
**** NN X O

TSQL NNP X B-Skill
, , X O
PHP NNP X B-Skill
, , X O
HTML NNP X B-Skill
, , X O
CSS NNP X B-Skill
, , X I-Skill
OO NNP X I-Skill
Skills NNP X O
, , X O
NTier NNP X B-Skill
, , X O
XSLT NNP X B-Skill
, , X O
XHTML NNP X B-Skill
Visual NNP X I-Skill
Studio NNP X I-Skill
, , X O
C NNP X B-Skill
. . X I-Skill
NET NN X I-Skill
Sage NN X O

experience NN X O
is VBZ X O
essential JJ X O
in IN X O
this DT X O
role NN X O
and CC X O
a DT X O
good JJ X O
knowledge NN X O
of IN X O
excel NN X B-Skill
along IN X O
with IN X O
other JJ X O
systems NNS X O
experience NN X O
, , X O
as IN X O
you PRP X O
will MD X O
be VB X O
expected VBN X O
to TO X O
go VB X O
into IN X O
the DT X O
role NN X O
and CC X O
hit VBD X O
the DT X O
ground NN X O
running VBG X O
. . X O
Meet NNP X B-Skill

the DT X I-Skill
required JJ X I-Skill
standards NNS X I-Skill
of IN X I-Skill
performance NN X I-Skill
by IN X I-Skill
achieving VBG X I-Skill
the DT X I-Skill
key JJ X I-Skill
measures NNS X I-Skill
used VBN X O
to TO X O
manage VB X O
the DT X O
business NN X O
in IN X O
order NN X O
to TO X O
provide VB X O
a DT X O
cost NN X O
effective JJ X O
service NN X O
. . X O
Strong JJ X O

desire NN X O
to TO X O
develop VB X O
personal JJ X O
skills NNS X O
through IN X O
knowledge NN X B-Skill
of IN X I-Skill
new JJ X I-Skill
design NN X I-Skill
trends NNS X I-Skill
, , X I-Skill
technologies NNS X I-Skill
and CC X I-Skill
industry NN X I-Skill
developments NNS X I-Skill
. . X O
This DT X O

is VBZ X O
a DT X O
4 CD X O
on IN X O
4 CD X O
off IN X O
shift NN X O
position NN X O
, , X O
temp JJ X O
role NN X O
for IN X O
6 CD X O
months NNS X O
, , X O
paying VBG X O
up RP X O
to TO X O
If IN X O

you PRP X O
are VBP X O
interested JJ X O
and CC X O
think VB X O
you PRP X O
fit VBP X O
the DT X O
bill NN X O
please VB X O
email NN X O
for IN X O
further JJ X O
details NNS X O
. . X O
You PRP X O

will MD X O
be VB X O
reliable JJ X B-Skill
and CC X O
could MD X O
have VB X O
the DT X O
flexibility NN X B-Skill
to TO X I-Skill
work VB X I-Skill
additional JJ X I-Skill
hours NNS X I-Skill
if IN X O
needed VBN X O
. . X O
**** JJ X O

Collaborate NNP X O
with IN X O
other JJ X O
NCS NNP X B-Occupation
programme NN X I-Occupation
providers NNS X I-Occupation
in IN X O
the DT X O
Yorkshire NNP X O
Humber NNP X O
2 CD X O
region NN X O
Enfield NNP X O

Job NNP X O
Title NNP X O
: : X O
Daytime NNP X O
Roadside NNP X O
Assistance NNP X B-Skill
Technician NNP X I-Skill
Role NNP X O
Purpose NNP X O
: : X O
Proven NNP X B-Skill

success NN X I-Skill
across IN X I-Skill
multiple JJ X I-Skill
routes NNS X I-Skill
to TO X I-Skill
market NN X I-Skill
/ JJ X I-Skill
channels NNS X I-Skill
Experience NNP X I-Skill
of IN X I-Skill
digital JJ X I-Skill
promotion NN X I-Skill
and CC X O
online JJ X B-Skill
marketing NN X I-Skill
activity NN X I-Skill
We PRP X O

are VBP X O
looking VBG X O
for IN X O
a DT X O
qualified JJ X B-Skill
lecturer NN X B-Occupation
with IN X O
experience NN X O
in IN X O
teaching VBG X B-Skill
Electrical JJ X I-Skill
Engineering NNP X I-Skill
to TO X O
undertake VB X O
a DT X O
full JJ X O
time NN X O
assignment NN X O
within IN X O
the DT X O
North NNP X O
East NNP X O
area NN X O
. . X O
Monitor NNP X B-Skill

the DT X I-Skill
local JJ X I-Skill
market NN X I-Skill
and CC X I-Skill
competitor NN X I-Skill
activity NN X I-Skill
to TO X O
identify VB X O
opportunities NNS X O
for IN X O
organic JJ X O
business NN X O
. . X O
Registering VBG X B-Skill

all DT X I-Skill
conversations NNS X I-Skill
and CC X I-Skill
details NNS X I-Skill
of IN X I-Skill
the DT X I-Skill
claim NN X I-Skill
onto IN X I-Skill
the DT X I-Skill
inhouse NN X I-Skill
system NN X I-Skill
. . X O
Our PRP$ X O

client NN X O
is VBZ X O
a DT X O
rapidly RB X O
expanding VBG X O
company NN X O
based VBN X O
on IN X O
the DT X O
outskirts NNS X O
ofYork NN X O
GET NNP X O

IN NNP X O
TOUCH NNP X O
WITH NNP X O
US NNP X O
TO NNP X O
FIND NNP X O
OUT NNP X O
HOW NNP X O
WE NNP X O
CAN NNP X O
WORK NNP X O
WITH NNP X O
YOU NNP X O
TO NNP X O
FIND NNP X O
THE NNP X O
PERFECT NNP X O
ROLE NNP X O
AT NNP X O
THE NNP X O
SALARIES NNP X O
AND NNP X O
RATES NNP X O
YOU NNP X O
DESERVE NNP X O
Do NNP X O

not RB X O
miss VB X O
out RP X O
on IN X O
this DT X O
excellent JJ X O
opportunity NN X O
to TO X O
experience VB X O
a DT X O
new JJ X O
challenge NN X O
and CC X O
be VB X O
part NN X O
of IN X O
the DT X O
success NN X O
at IN X O
this DT X O
brilliant JJ X O
school NN X O
Communicates NNS X B-Skill

clearly RB X I-Skill
and CC X I-Skill
effectively RB X I-Skill
in IN X I-Skill
written VBN X I-Skill
reports NNS X I-Skill
, , X O
data NNS X B-Skill
presentations NNS X I-Skill
and CC X I-Skill
meetings NNS X I-Skill
as IN X I-Skill
required VBN X I-Skill
. . X O
Successful NNP X O

Assistant NNP X B-Occupation
Manager NNP X I-Occupation
would MD X O
take VB X O
on IN X O
this DT X O
fully RB X O
operational JJ X O
, , X O
? . X O
As IN X O

Community NNP X B-Occupation
Development NNP X I-Occupation
worker NN X I-Occupation
you PRP X O
will MD X O
coordinate VB X B-Skill
the DT X I-Skill
development NN X I-Skill
, , X I-Skill
implementation NN X I-Skill
and CC X I-Skill
evaluation NN X I-Skill
of IN X I-Skill
community NN X I-Skill
development NN X I-Skill
initiatives NNS X I-Skill
within IN X O
Spaceplace NNP X O
. . X O
You PRP X O

will MD X O
be VB X O
working VBG X O
at IN X O
the DT X O
forefront NN X O
of IN X O
social JJ X B-Domain
work NN X I-Domain
in IN X O
an DT X O
exciting NN X O
, , X O
challenging VBG X O
time NN X O
within IN X O
a DT X O
Borough NNP X O
that WDT X O
is VBZ X O
embracing VBG X O
the DT X O
changes NNS X O
in IN X O
social JJ X O
work NN X O
. . X O
FastTrack NNP X O

Management NNP X O
Services NNPS X O
Ltd NNP X O
. . X O
If IN X O
this DT X O
role NN X O
is VBZ X O
not RB X O
quite RB X O
right JJ X O
, , X O
we PRP X O
may MD X O
have VB X O
other JJ X O
work NN X O
you PRP X O
may MD X O
wish VB X O
to TO X O
consider VB X O
, , X O
either DT X O
way NN X O
please NN X O
do VB X O
not RB X O
hesitate VB X O
to TO X O
contact VB X O
the DT X O
Automotive NNP X B-Domain
team NN X O
The DT X O

successful JJ X O
candidate NN X O
will MD X O
be VB X O
responsible JJ X O
for IN X O
advising VBG X B-Skill
on IN X I-Skill
a DT X I-Skill
range NN X I-Skill
of IN X I-Skill
compensationbased JJ X I-Skill
issues NNS X I-Skill
. . X O
Due NNP X O

to TO X O
an DT X O
increased VBN X O
customer NN X O
portfolio NN X O
, , X O
both DT X O
residential JJ X O
and CC X O
business NN X O
, , X O
and CC X O
an DT X O
increase NN X O
in IN X O
business NN X O
demand NN X O
, , X O
this DT X O
client NN X O
is VBZ X O
seeking VBG X O
a DT X O
Senior NNP X B-Occupation
Risk NNP X I-Occupation
Analyst NNP X I-Occupation
to TO X O
be VB X O
responsible JJ X O
for IN X O
identifying NN X B-Skill
, , X I-Skill
and CC X I-Skill
evaluating VBG X I-Skill
credit NN X I-Skill
risks NNS X I-Skill
inherent JJ X O
within IN X O
credit NN X B-Skill
acquisition NN X I-Skill
strategies NNS X I-Skill
and CC X O
management NN X B-Skill
of IN X I-Skill
the DT X I-Skill
existing VBG X I-Skill
customer NN X I-Skill
portfolio NN X I-Skill
. . X O
You PRP X O

will MD X O
provide VB X O
personal JJ X B-Domain
care NN X I-Domain
as IN X O
defined VBN X O
in IN X O
the DT X O
individual NN X B-Skill
s VBD X I-Skill
personal JJ X I-Skill
Care NNP X I-Skill
Plan NNP X I-Skill
, , X O
always RB X O
being VBG X B-Skill
sensitive JJ X I-Skill
to TO X I-Skill
the DT X I-Skill
care NN X I-Skill
users NNS X I-Skill
needs NNS X I-Skill
and CC X I-Skill
feelings NNS X I-Skill
. . X O
**** NN X O

customers NNS X O
, , X O
reviewing VBG X O
their PRP$ X O
account NN X O
and CC X O
adding VBG X O
to TO X O
it PRP X O
if IN X O
possible JJ X O
. . X O
An DT X O

established VBN X O
utilities NNS X B-Domain
servicing VBG X I-Domain
company NN X O
with IN X O
contracts NNS X O
around IN X O
the DT X O
Glasgow NNP X O
area NN X O
are VBP X O
looking VBG X O
for IN X O
an DT X O
Electrical NNP X B-Occupation
Project NNP X I-Occupation
Manager NNP X I-Occupation
to TO X O
join VB X O
on IN X O
a DT X O
temp JJ X O
perm JJ X O
basis NN X O
. . X O
Must NNP X O

have VBP X O
previous JJ X O
Utility NNP X B-Domain
industry NN X I-Domain
experience NN X O
commercial JJ X B-Domain
and CC X O
residential JJ X B-Domain
. . X O
A DT X O

leading VBG X O
London NNP X O
based VBN X O
Publishing NNP X B-Domain
Company NNP X O
is VBZ X O
looking VBG X O
for IN X O
an DT X O
experienced JJ X B-Skill
Media NNP X B-Occupation
Sales NNS X I-Occupation
Executive NNP X I-Occupation
to TO X O
join VB X O
their PRP$ X O
team NN X O
. . X O
The DT X O

Role NNP X O
Reporting NNP X O
to TO X O
the DT X O
Marketing NNP X B-Occupation
Manager NNP X I-Occupation
the DT X O
Category NNP X B-Occupation
Manager NNP X I-Occupation
The DT X O

ideal JJ X O
candidate NN X O
will MD X O
be VB X O
an DT X O
experienced JJ X O
team NN X B-Skill
player NN X I-Skill
with IN X O
these DT X O
qualities NNS X O
: : X O
You PRP X O

will MD X O
be VB X O
working VBG X O
in IN X O
a DT X O
superb NN X O
environment NN X O
surrounded VBN X O
by IN X O
likeminded JJ X O
Engineers NNS X B-Occupation
with IN X O
real JJ X O
opportunities NNS X O
for IN X O
career NN X O
advancement NN X O
. . X O
You PRP X O

will MD X O
ensure VB X B-Skill
the DT X I-Skill
environment NN X I-Skill
in IN X I-Skill
the DT X I-Skill
home NN X I-Skill
is VBZ X I-Skill
exemplary JJ X I-Skill
, , X I-Skill
homely RB X I-Skill
and CC X I-Skill
all DT X I-Skill
clean VBP X I-Skill
at IN X I-Skill
all DT X I-Skill
times NNS X I-Skill
. . X O
You PRP X O

must MD X O
have VB X O
experience NN X B-Skill
of IN X I-Skill
Chilled NNP X I-Skill
or CC X I-Skill
short JJ X I-Skill
life NN X I-Skill
Ambient NNP X I-Skill
products NNS X I-Skill
as IN X I-Skill
opposed VBN X I-Skill
to TO X I-Skill
Tinned NNP X I-Skill
/ NNP X I-Skill
Frozen NNP X I-Skill
. . X O
The DT X O

Role NNP X O
Key NNP X O
challenges NNS X O
and CC X O
opportunities NNS X O
in IN X O
this DT X O
corporate JJ X O
and CC X O
public JJ X O
affairs NNS X O
communications VBZ X O
New NNP X B-Occupation
Business NNP X I-Occupation
Consultant NNP X I-Occupation
role NN X O
: : X O
Be NNP X O
intellectually RB X B-Skill
stimulated VBD X I-Skill
on IN X O
a DT X O
daily JJ X O
basis NN X O
by IN X O
being VBG X O
part NN X O
of IN X O
an DT X O
agency NN X O
that WDT X O
will MD X O
expect VB X O
and CC X O
bring VB X O
out RP X O
the DT X O
very RB X O
best JJS X O
in IN X O
you PRP X O
Work VBP X O
alongside RB X O
the DT X O
partners NNS X O
of IN X O
the DT X O
company NN X O
and CC X O
take VB X O
significant JJ X O
responsibility NN X O
from IN X O
the DT X O
moment NN X O
you PRP X O
walk VBP X O
through IN X O
the DT X O
door NN X O
Help NNP X O
to TO X O
bring VB X O
in IN X O
the DT X O
biggest JJS X O
and CC X O
best RBS X O
companies NNS X O
in IN X O
the DT X O
corporate JJ X O
and CC X O
public JJ X O
affairs NNS X O
industry NN X O
Built NNP X B-Skill
and CC X I-Skill
develop VB X I-Skill
relationships NNS X I-Skill
with IN X O
journalists NNS X O
, , X O
political JJ X O
influencers NNS X O
and CC X O
key JJ X O
businesses NNS X O
The DT X O

Financial NNP X B-Occupation
Controller NNP X I-Occupation
will MD X O
be VB X O
responsible JJ X O
for IN X O
the DT X O
following NN X O
: : X O
**** JJ X O

Familiarization NNP X O
training NN X O
for IN X O
target NN X O
groups NNS X O
/ VBP X O
functions NNS X O
/ JJ X O
projects NNS X O
as IN X O
required VBN X O
. . X O
This DT X O

organisation NN X O
, , X O
in IN X O
line NN X O
with IN X O
their PRP$ X O
continued JJ X O
expansion NN X O
plan NN X O
, , X O
are VBP X O
now RB X O
looking VBG X O
for IN X O
a DT X O
new JJ X O
commercially RB X O
focused VBN X O
HR NNP X B-Occupation
Business NNP X I-Occupation
Partners NNPS X I-Occupation
to TO X O
join VB X O
our PRP$ X O
dynamic JJ X O
HR NNP X B-Domain
function NN X O
. . X O
Academic NNP X O

wise NN X O
a DT X B-Qualification
Business NNP X I-Qualification
qualification NN X I-Qualification
such JJ X O
as IN X O
a DT X O
Business NNP X B-Qualification
Studies NNPS X I-Qualification
degree VBP X I-Qualification
or CC X O
HND NNP X B-Qualification
would MD X O
be VB X O
ideal JJ X O
but CC X O
relevant JJ X O
commercial JJ X B-Domain
experience NN X O
is VBZ X O
at IN X O
least JJS X O
as IN X O
useful JJ X O
. . X O
Experience NN X B-Experience

of IN X I-Experience
leading VBG X I-Experience
the DT X I-Experience
special JJ X I-Experience
/ NNP X I-Experience
packaged VBD X I-Experience
equipment NN X I-Experience
discipline NN X I-Experience
on IN X I-Experience
large JJ X I-Experience
projects NNS X I-Experience
, , X O
controlling VBG X B-Skill
expertise NN X I-Skill
in IN X I-Skill
equipment NN X I-Skill
outline NN X I-Skill
design NN X I-Skill
, , X I-Skill
specification NN X I-Skill
, , X I-Skill
selection NN X I-Skill
through IN X I-Skill
the DT X I-Skill
technical JJ X I-Skill
bid NN X I-Skill
analysis NN X I-Skill
process NN X I-Skill
and CC X O
verifying VBG X B-Skill
what WP X I-Skill
was VBD X I-Skill
specified VBN X I-Skill
is VBZ X I-Skill
ultimately RB X I-Skill
delivered VBN X I-Skill
by IN X I-Skill
suppliers NNS X I-Skill
. . X O
in IN X O

place NN X O
under IN X O
the DT X O
Employment NNP X O
Agencies NNP X O
Act NNP X O
, , X O
JAM NNP X O
Global NNP X O
Mobility NNP X O
will MD X O
require VB X O
proof NN X O
of IN X O
identification NN X O
. . X O
B NNP X O

Q NNP X O
Build NNP X O
a DT X O
career NN X O
in IN X O
which WDT X O
you PRP X O
can MD X O
say VB X O
' POS X O
I PRP X O
Did VBP X O
That DT X O
' '' X O
The DT X O

individual NN X O
must MD X O
be VB X O
able JJ X B-Skill
to TO X I-Skill
manage VB X I-Skill
their PRP$ X I-Skill
individual JJ X I-Skill
project NN X I-Skill
tasks NNS X I-Skill
to TO X I-Skill
quality NN X I-Skill
, , X I-Skill
cost NN X I-Skill
and CC X I-Skill
schedule NN X I-Skill
, , X I-Skill
as RB X I-Skill
well RB X I-Skill
as IN X I-Skill
provide JJ X I-Skill
accurate NN X I-Skill
estimates NNS X I-Skill
and CC X I-Skill
technical JJ X I-Skill
evaluations NNS X I-Skill
for IN X I-Skill
future JJ X I-Skill
work NN X I-Skill
. . X O
This DT X O

is VBZ X O
an DT X O
exciting VBG X O
new JJ X O
opportunity NN X O
for IN X O
an DT X O
experienced JJ X B-Skill
recruitment NN X B-Occupation
professional JJ X I-Occupation
to TO X O
take VB X O
over RP X O
the DT X O
industrial JJ X O
arm NN X O
of IN X O
this DT X O
large JJ X O
specialist NN X O
recruitment NN X B-Domain
consultancy NN X O
. . X O
The DT X O

right JJ X O
person NN X O
for IN X O
this DT X O
role NN X O
will MD X O
have VB X O
a DT X O
good JJ X O
understanding NN X O
of IN X O
Responsive NNP X B-Skill
Designs NNP X I-Skill
and CC X O
have VBP X B-Skill
originality VBN X I-Skill
to TO X I-Skill
their PRP$ X I-Skill
designs NNS X I-Skill
. . X O
Read VBN X O

on IN X O
I PRP X O
am VBP X O
currently RB X O
recruiting VBG X O
for IN X O
a DT X O
strong JJ X B-Skill
, , X O
proven RB X B-Skill
ASSISTANT NNP X B-Occupation
MANAGER NNP X I-Occupation
to TO X O
join VB X O
the DT X O
team NN X O
in IN X O
this DT X O
busy JJ X O
store NN X O
in IN X O
a DT X O
key JJ X O
location NN X O
in IN X O
Central NNP X O
London NNP X O
. . X O
every DT X O

Friday NNP X O
Send NNP X O
your PRP$ X O
CV NNP X O
to TO X O
applyprospectresourcing VBG X O
. . X O
com NN X O
Due JJ X O
to TO X O
the DT X O
high JJ X O
level NN X O
of IN X O
applications NNS X O
we PRP X O
are VBP X O
unable JJ X O
to TO X O
respond VB X O
to TO X O
everyone NN X O
. . X O
Our PRP$ X O

operations NNS X O
are VBP X O
global JJ X O
with IN X O
manufacturing NN X B-Domain
or CC X O
sales NNS X B-Domain
and CC X O
service NN X B-Domain
centres NNS X O
around IN X O
the DT X O
world NN X O
. . X O
In IN X O

addition NN X O
you PRP X O
will MD X O
responsible JJ X O
for IN X O
the DT X O
content NN X B-Skill
and CC X I-Skill
management NN X I-Skill
of IN X I-Skill
the DT X I-Skill
website NN X I-Skill
, , X O
intra JJ X B-Skill
and CC X I-Skill
extranet NN X I-Skill
, , X O
using VBG X O
a DT X O
content JJ X B-Skill
management NN X I-Skill
system NN X I-Skill
. . X O
The DT X O

ability NN X O
to TO X O
build VB X B-Skill
and CC X I-Skill
maintain VB X I-Skill
strong JJ X I-Skill
peer NN X I-Skill
relationships NNS X I-Skill
and CC X O
work NN X B-Skill
effectively RB X I-Skill
under IN X I-Skill
pressure NN X I-Skill
is VBZ X O
key JJ X O
. . X O
All DT X O

in IN X O
all DT X O
they PRP X O
are VBP X O
working VBG X O
hard RB X O
to TO X O
ensure VB X O
their PRP$ X O
people NNS X O
and CC X O
stores NNS X O
are VBP X O
the DT X O
best JJS X O
in IN X O
the DT X O
retail JJ X B-Domain
marketplace NN X O
. . X O
assess NN X B-Skill

requirements NNS X I-Skill
from IN X I-Skill
Brand NNP X I-Skill
and CC X I-Skill
Marketing NNP X I-Skill
to TO X I-Skill
ensure VB X I-Skill
the DT X I-Skill
correct JJ X I-Skill
communication NN X I-Skill
mix NN X I-Skill
is VBZ X I-Skill
achieved VBN X I-Skill
Recognise NNP X I-Skill
, , X I-Skill
identify NN X I-Skill
and CC X I-Skill
propose VB X I-Skill
a DT X I-Skill
store NN X I-Skill
s NN X I-Skill
key JJ X I-Skill
communication NN X I-Skill
mix NN X I-Skill
e NN X O
. . X O
g NN X O
. . X O
if IN X O
Pharmacy NNP X O
to TO X O
be VB X O
prominent JJ X O
from IN X O
window NN X O
over IN X O
Beauty NNP X O
on IN X O
a DT X O
store NN X O
specific JJ X O
basis NN X O
We PRP X O

are VBP X O
currently RB X O
seeking VBG X O
to TO X O
appoint VB X O
to TO X O
the DT X O
role NN X O
of IN X O
Associate NNP X B-Occupation
Director NNP X I-Occupation
of IN X I-Occupation
Acute NNP X I-Occupation
Contracting NNP X I-Occupation
, , X O
North NNP X O
West NNP X O
London NNP X O
Commissioning NNP X O
Support NNP X O
Unit NNP X O
. . X O
Desirable JJ X O

/ NNP X O
AdvantageousKnowledge NNP X B-Skill
of IN X I-Skill
Axure NNP X I-Skill
and CC X I-Skill
OmnigraffleUnderstanding NNP X I-Skill
of IN X I-Skill
Agile NNP X I-Skill
, , X I-Skill
Waterfall NNP X I-Skill
and CC X I-Skill
Prince NNP X I-Skill
This DT X O

role NN X O
is VBZ X O
customer NN X O
facing NN X O
, , X O
therefore RB X O
strong JJ X O
communication NN X B-Skill
skills NNS X O
are VBP X O
essential JJ X O
. . X O
Anticipates NNS X B-Skill

future VBP X I-Skill
needs NNS X I-Skill
of IN X I-Skill
the DT X I-Skill
organisation NN X I-Skill
and CC X O
takes VBZ X O
appropriate JJ X O
steps NNS X O
to TO X O
learn VB X B-Skill
new JJ X I-Skill
skills NNS X I-Skill
and CC X I-Skill
knowledge NN X I-Skill
to TO X O
fulfil VB X O
these DT X O
needs NNS X O
. . X O
The DT X O

ideal JJ X O
candidate NN X O
will MD X O
be VB X O
similarly RB X O
forward RB X B-Skill
thinking VBG X I-Skill
and CC X I-Skill
can MD X I-Skill
bring VB X I-Skill
the DT X I-Skill
best JJS X I-Skill
out RP X I-Skill
in IN X I-Skill
students NNS X I-Skill
. . X O
DUTIES NNP X O

Responsibilities NNP X O
include VBP X O
: : X O
Checking NN X B-Skill
and CC X I-Skill
submitting VBG X I-Skill
warranty NN X I-Skill
claims NNS X I-Skill
Keeping VBG X I-Skill
up RP X I-Skill
to TO X I-Skill
date NN X I-Skill
with IN X I-Skill
warranty NN X I-Skill
procedures NNS X I-Skill
and CC X I-Skill
documentation NN X I-Skill
Working VBG X O

for IN X O
this DT X O
international JJ X O
and CC X O
well RB X O
renowned JJ X O
client NN X O
, , X O
an DT X O
outstanding JJ X O
creative NN X O
is VBZ X O
needed VBN X O
who WP X O
will MD X O
consistently RB X O
remain VB X O
passionate JJ X O
and CC X O
enthusiastic JJ X O
about IN X O
their PRP$ X O
branding NN X O
work NN X O
, , X O
providing VBG X O
international JJ X O
creative JJ X O
solutions NNS X O
to TO X O
meet VB X O
business NN X O
challenges NNS X O
. . X O
Requirement NNP X O

Previous NNP X O
experience NN X O
working VBG X B-Skill
in IN X I-Skill
a DT X I-Skill
relevant JJ X I-Skill
recruitment NN X I-Skill
field NN X I-Skill
Ability NNP X O
to TO X O
recruit VB X O
in IN X O
a DT X O
full JJ X O
The DT X O

Manager NNP X B-Occupation
will MD X O
act VB X O
as IN X O
an DT X O
escalation NN X O
point NN X O
for IN X O
internal JJ X B-Skill
and CC X I-Skill
external JJ X I-Skill
customers NNS X I-Skill
related VBN X I-Skill
issues NNS X I-Skill
additionally RB X O
you PRP X O
will MD X O
be VB X O
expected VBN X O
to TO X O
identify VB X B-Skill
and CC X I-Skill
introduce VB X I-Skill
process NN X I-Skill
improvements NNS X I-Skill
, , X O
offering VBG X O
governance NN X B-Skill
or CC X O
advice NN X B-Skill
to TO X O
other JJ X O
teams NNS X O
. . X O
This DT X O

venture NN X O
has VBZ X O
brought VBN X O
some DT X O
of IN X O
the DT X O
brightest JJS X O
minds NNS X O
in IN X O
the DT X O
industry NN X O
together RB X O
, , X O
including VBG X O
board NN X O
level NN X O
talent NN X O
from IN X O
some DT X O
of IN X O
the DT X O
UK NNP X O
' POS X O
s NN X O
top NN X O
10 CD X O
agencies NNS X O
. . X O
Ideally RB X O

qualified VBN X O
in IN X O
industrial JJ X B-Skill
boilers NNS X I-Skill
and CC X O
steam NN X B-Skill
raising VBG X I-Skill
Electrical NNP X I-Skill
/ NNP X I-Skill
mechanical JJ X I-Skill
multi NN X I-Skill
skilled VBD X I-Skill
competency NN X O
to TO X O
industry NN X B-Domain
standard NN X O
Liaise NN X B-Skill

with IN X I-Skill
customers NNS X I-Skill
to TO X I-Skill
verify VB X I-Skill
correct JJ X I-Skill
locations NNS X I-Skill
for IN X I-Skill
installation NN X I-Skill
of IN X I-Skill
services NNS X I-Skill
. . X O
If IN X O

you PRP X O
are VBP X O
interested JJ X O
in IN X O
applying VBG X O
for IN X O
this DT X O
role NN X O
please NN X O
contact VB X O
Nikki NNP X O
O NNP X O
Connor NNP X O
on IN X O
[ NNP X O
contact NN X O
details NNS X O
removed VBD X O
] NN X O
or CC X O
send VB X O
your PRP$ X O
CV NNP X O
along IN X O
with IN X O
a DT X O
covering VBG X O
letter NN X O
stating VBG X O
why WRB X O
you PRP X O
would MD X O
be VB X O
an DT X O
ideal JJ X O
candidate NN X O
to TO X O
[ VB X O
contact NN X O
details NNS X O
removed VBD X O
] NN X O
Avon NNP X O

, , X O
Bristol NNP X O
, , X O
Bath NNP X O
, , X O
Somerset NNP X O
, , X O
Dorset NNP X O
, , X O
Gloucestershire NNP X O
, , X O
Cornwall NNP X O
Wiltshire NNP X O
, , X O
Glamorgan NNP X O
, , X O
Carmarthenshire NNP X O
, , X O
Cardiff NNP X O
, , X O
Swansea NNP X O
BMS NNP X O
is VBZ X O
a DT X O
leading JJ X O
consultancy NN X B-Domain
specialising VBG X O
in IN X O
sales NNS X B-Domain
recruitment NN X I-Domain
. . X O
For IN X O

further JJ X O
information NN X O
and CC X O
to TO X O
apply VB X O
online JJ X O
please NN X O
click NN X O
on IN X O
the DT X O
Apply NNP X O
Now RB X O
button VBP X O
A DT X O

professional JJ X O
intelligent NN X O
sales NNS X O
approach VBP X O
to TO X O
these DT X O
customers NNS X O
is VBZ X O
needed VBN X O
more JJR X O
than IN X O
a DT X O
simple JJ X O
telesales NNS X O
call VBP X O
. . X O
Main NNP X O

duties NNS X O
and CC X O
responsibilities NNS X O
: : X O
The DT X O
role NN X O
will MD X O
predominantly RB X O
focus VB X O
on IN X O
the DT X O
development NN X B-Skill
of IN X I-Skill
services NNS X I-Skill
for IN X I-Skill
the DT X I-Skill
core NN X I-Skill
telecoms NNS X I-Skill
products NNS X I-Skill
with IN X O
an DT X O
element NN X O
of IN X O
support NN X B-Skill
, , X O
raising VBG X O
over IN X O
time NN X O
. . X O
The DT X O

successful JJ X O
applicant NN X O
will MD X O
be VB X O
strategic JJ X B-Skill
, , X O
articulate JJ X B-Skill
and CC X O
possesses VBZ X O
a DT X O
good JJ X O
work NN X O
ethic NN X O
. . X O
Employed VBN X O

as IN X O
the DT X O
subject NN X O
matter NN X O
expert NN X O
this DT X O
role NN X O
will MD X O
have VB X O
responsibility NN X O
for IN X O
the DT X O
definition NN X O
of IN X O
process NN X O
, , X O
the DT X O
innovation NN X O
and CC X O
enhancement NN X O
of IN X O
services NNS X O
and CC X O
long JJ X O
term NN X O
there EX X O
is VBZ X O
scope NN X O
for IN X O
this DT X O
role NN X O
to TO X O
grow VB X O
in IN X O
one CD X O
of IN X O
two CD X O
directions NNS X O
, , X O
depending VBG X O
upon IN X O
both DT X O
aptitude NN X O
and CC X O
personal JJ X O
preference NN X O
. . X O
Strong JJ X O

interpersonal JJ X O
skills NNS X O
Thrives VBZ X O
in IN X O
a DT X O
high JJ X O
pressure NN X O
working VBG X O
environment NN X O
Working VBG X O
knowledge NN X O
of IN X O
using VBG X O
bespoke VBD X O
IT NNP X B-Domain
systems NNS X O
The DT X O

ideal JJ X O
candidate NN X O
will MD X O
have VB X O
experience NN X O
in IN X O
managing VBG X B-Skill
the DT X I-Skill
complete JJ X I-Skill
training NN X I-Skill
process NN X I-Skill
from IN X O
needs NNS X O
analysis NN X O
through IN X O
to TO X O
design VB X O
, , X O
delivery NN X O
and CC X O
evaluation NN X O
. . X O
Business NN X B-Occupation

Intelligence NNP X I-Occupation
Consultant NNP X I-Occupation
aim NN X O
: : X O
Help NN X B-Skill
clients NNS X I-Skill
see VB X I-Skill
and CC X I-Skill
understand VB X I-Skill
their PRP$ X I-Skill
data NNS X I-Skill
Provide NNP X I-Skill
clients NNS X I-Skill
with IN X I-Skill
meaningful JJ X I-Skill
and CC X I-Skill
actionable JJ X I-Skill
insight NN X I-Skill
to TO X I-Skill
their PRP$ X I-Skill
data NNS X I-Skill
Enable JJ X I-Skill
clients NNS X I-Skill
to TO X I-Skill
drive VB X I-Skill
better JJR X I-Skill
value NN X I-Skill
from IN X I-Skill
all DT X I-Skill
of IN X I-Skill
their PRP$ X I-Skill
resources NNS X I-Skill
The DT X O

focus NN X O
for IN X O
this DT X O
role NN X O
is VBZ X O
the DT X O
fire NN X B-Skill
prevention NN X I-Skill
and CC X I-Skill
security NN X I-Skill
needs NNS X I-Skill
for IN X I-Skill
these DT X I-Skill
businesses NNS X I-Skill
. . X O
You PRP X O

may MD X O
be VB X O
placed VBN X O
on IN X O
assignments NNS X O
to TO X O
cover VB X O
additional JJ X O
shifts NNS X O
. . X O
You PRP X O

will MD X O
need VB X O
to TO X O
follow VB X O
these DT X O
actions NNS X O
through IN X O
to TO X O
ensure VB X O
that IN X O
the DT X O
problems NNS X O
get VBP X O
resolved VBN X O
. . X O
What WP X O

we PRP X O
are VBP X O
looking VBG X O
for IN X O
Hotel NNP X B-Experience
sales NNS X I-Experience
experience NN X I-Experience
is VBZ X O
essential JJ X O
. . X O
to TO X O

: : X O
Ms NNP X O
Petra NNP X O
Seifert NNP X O
Human NNP X B-Occupation
Resources NNP X I-Occupation
Manager NNP X I-Occupation
Chamber NNP X O
Training NNP X B-Domain
In IN X O

return NN X O
you PRP X O
will MD X O
receive VB X O
a DT X O
very RB X O
competitive JJ X O
salary JJ X O
package NN X O
, , X O
which WDT X O
has VBZ X O
an DT X O
additional JJ X O
location NN X O
supplement NN X O
. . X O
This DT X O

is VBZ X O
a DT X O
fantastic JJ X O
opportunity NN X O
to TO X O
join VB X O
a DT X O
well RB X O
respected VBN X O
organisation NN X O
within IN X O
their PRP$ X O
field NN X O
and CC X O
a DT X O
company NN X O
that WDT X O
have VBP X O
a DT X O
strong JJ X O
global JJ X O
presence NN X O
. . X O
. . X O
NET NN X O
Jam NNP X O

Recruitment NNP X O
is VBZ X O
currently RB X O
recruiting VBG X O
for IN X O
a DT X O
Mechanical NNP X B-Occupation
Design NNP X I-Occupation
Engineers NNS X I-Occupation
Alternatively RB X O

if IN X O
you PRP X O
have VBP X O
Project JJ X B-Skill
Managment NNP X I-Skill
experience NN X I-Skill
and CC X O
have VBP X O
delivered VBN X O
where WRB X O

applicable JJ X O
Perform NNP X O
any DT X O
other JJ X O
duties NNS X O
, , X O
as IN X O
required VBN X O
by IN X O
the DT X O
Manager NNP X B-Occupation
For IN X O
more JJR X O
information NN X O
please NN X O
call NN X O
You PRP X O

will MD X O
be VB X O
working VBG X O
as IN X O
part NN X O
of IN X O
a DT X O
dedicated JJ X B-Skill
team NN X O
looking VBG X O
at IN X O
clearing VBG X B-Skill
a DT X I-Skill
number NN X I-Skill
of IN X I-Skill
pensionrelated JJ X I-Skill
projects NNS X I-Skill
and CC X O
staff NN X O
are VBP X O
needed VBN X O
at IN X O
a DT X O
variety NN X O
of IN X O
levels NNS X O
up IN X O
to TO X O
Senior NNP X B-Occupation
Pensions NNP X I-Occupation
Administrator NNP X I-Occupation
. . X O
By IN X O

applying VBG X O
for IN X O
this DT X O
job NN X O
you PRP X O
accept VBP X O
the DT X O
T NNP X O
& CC X O
C NNP X O
' POS X O
s NN X O
, , X O
Privacy NN X O
Policy NNP X O
and CC X O
Disclaimers NNP X O
which WDT X O
can MD X O
be VB X O
found VBN X O
at IN X O
Also RB X O

available JJ X O
on IN X O
a DT X O
Monday NNP X O
, , X O
Tuesday NNP X O
and CC X O
Friday NNP X O
basis NN X O
, , X O
5 CD X O
hours NNS X O
per IN X O
day NN X O
. . X O
Portal NNP X O

Financial NNP X O
Services VBZ X O
A NNP X O
global JJ X O
bank NN X O
is VBZ X O
looking VBG X O
to TO X O
recruit VB X O
a DT X O
number NN X O
of IN X O
Portal NNP X B-Occupation
Architects NNPS X I-Occupation
to TO X O
their PRP$ X O
existing VBG X O
team NN X O
due JJ X O
to TO X O
strong JJ X O
growth NN X O
. . X O
Be NNP X O

able JJ X O
to TO X O
regularly VB X O
visit NN X B-Skill
client NN X I-Skill
sites NNS X I-Skill
, , X O
occasionally RB X O
abroad RB X O
Desirable JJ X O
Management NNP X B-Domain
experience NN X O
Relevant NNP X O
software NN X B-Skill
design NN X I-Skill
and CC X I-Skill
development NN X I-Skill
skills NNS X I-Skill
, , X O
e NN X O
. . X O
g NN X O
. . X O
Visual JJ X B-Skill
Basic NNP X I-Skill
, , X O
scripting VBG X B-Skill
Familiar NNP X I-Skill
with IN X I-Skill
safety NN X I-Skill
design NN X I-Skill
principles NNS X I-Skill
The DT X O

ideal NN X O
Sous JJ X B-Occupation
Chef NNP X I-Occupation
must MD X O
have VB X O
a DT X O
proven NN X B-Skill
record NN X I-Skill
in IN X O
: : X O
& CC X O
bullStandards NNS X O
& CC X B-Skill
Quality NNP X I-Skill
& CC X O
ndash NN X O
Working VBG X O

in IN X O
the DT X O
field NN X O
of IN X O
Trim NNP X B-Domain
& CC X I-Domain
Final NNP X I-Domain
Simulation NNP X I-Domain
Engineering NNP X I-Domain
, , X O
Virtual NNP X B-Occupation
Man NNP X I-Occupation
Eng NNP X I-Occupation
and CC X O
Advanced NNP X B-Occupation
Man NNP X I-Occupation
Eng NNP X I-Occupation
., NNP X O
Simulation NNP X B-Skill
activities NNS X O
involve VBP X O
detailed JJ X B-Skill
process NN X I-Skill
analysis NN X I-Skill
in IN X O
support NN X O
of IN X O
the DT X O
Simulation NNP X O
Plan NNP X O
for IN X O
all DT X O
new JJ X O
& CC X O
Model NNP X O
Year NNP X O
vehicle NN X O
programs NNS X O
. . X O
An DT X O

experienced JJ X B-Skill
Drupal NNP X B-Occupation
Developer NNP X I-Occupation
, , X O
ideally RB X O
with IN X O
knowledge NN X O
of IN X O
PHP NNP X B-Skill
, , X O
MySQL NNP X B-Skill
and CC X O
Drupal NNP X B-Skill
, , X O
is VBZ X O
required VBN X O
by IN X O
a DT X O
leading VBG X O
agency NN X O
based VBN X O
in IN X O
Manchester NNP X O
. . X O
Please NNP X O

contact NN X O
Harriet NNP X O
Janman NNP X O
at IN X O
Rolf NNP X O
Berryman NNP X O
Technical NNP X O
for IN X O
more JJR X O
information NN X O
. . X O
**** NN X O

grade NN X O
in IN X O
a DT X O
numerate JJ X O
degree NN X O
Experience NN X O
in IN X O
SAS NNP X B-Skill
, , X I-Skill
SPSS NNP X I-Skill
, , X I-Skill
SQL NNP X I-Skill
experience NN X O
is VBZ X O
advantageous JJ X O
but CC X O
not RB X O
essential JJ X O
Excellent NNP X O
communication NN X O
and CC X O
organisational JJ X O
skills NNS X O
Participation NN X O

of IN X O
David NNP X O
Lloyd NNP X O
Kids NNP X O
Programme NNP X O
Inspiration NNP X B-Skill
and CC X O
Passion NNP X B-Skill
. . X O
Our PRP$ X O

practical JJ X O
training NN X B-Domain
includes VBZ X O
job NN X B-Skill
shadowing VBG X I-Skill
a DT X O
current JJ X O
member NN X O
of IN X O
the DT X O
team NN X O
to TO X O
the DT X O
patient NN X O
s VBD X O
home NN X O
to TO X O
care VB X O
for IN X O
them PRP X O
Completion NN X B-Skill

of IN X I-Skill
adhoc NN X I-Skill
project NN X I-Skill
work NN X I-Skill
as IN X O
specified VBN X O
by IN X O
your PRP$ X O
manager NN X O
. . X O
as IN X O

many JJ X O
of IN X O
the DT X O
following JJ X O
as IN X O
possible JJ X O
OO NNP X B-Skill
languages NNS X I-Skill
such JJ X O
as IN X O
C NNP X B-Skill
++ NNP X I-Skill
/ NNP X O
Java NNP X B-Skill
ect VBP X I-Skill
MVC NNP X I-Skill
framework NN X I-Skill
/ NNP X O
design NN X B-Skill
patterns NNS X I-Skill
The DT X O

successful JJ X O
candidate NN X O
will MD X O
have VB X O
: : X O
an DT X O
outstanding JJ X O
portfolio NN X B-Skill
of IN X I-Skill
innovative JJ X I-Skill
design NN X I-Skill
projects NNS X I-Skill
considerable JJ X O
design NN X B-Skill
experience NN X I-Skill
in IN X I-Skill
a DT X I-Skill
print NN X I-Skill
environment NN X I-Skill
an DT X O
excellent JJ X O
network NN X B-Skill
of IN X I-Skill
creative JJ X I-Skill
contacts NNS X I-Skill
and CC X I-Skill
suppliers NNS X I-Skill
the DT X O
ability NN X B-Skill
to TO X I-Skill
interpret VB X I-Skill
a DT X I-Skill
client NN X I-Skill
brief NN X I-Skill
whilst JJ X O
matching VBG X O
Wallpaper NNP X O
s NN X O
brand NN X O
guidelines NNS X O
advanced VBD X O
skills NNS X O
in IN X O
InDesign NNP X B-Skill
, , X O
Photoshop NNP X B-Skill
and CC X O
Illustrator NNP X B-Skill
a DT X O
strong JJ X O
understanding NN X B-Skill
of IN X I-Skill
the DT X I-Skill
Wallpaper NNP X I-Skill
brand NN X I-Skill
and CC X O
its PRP$ X O
marketplace NN X O
Previous JJ X O

manufacturing VBG X B-Domain
/ NN X I-Domain
assembly NN X I-Domain
experience NN X O
a DT X O
distinct JJ X O
advantage NN X O
, , X O
the DT X O
company NN X O
operates VBZ X O
a DT X O
**** JJ X O

k NN X O
basic JJ X O
salary VBZ X O
Up IN X O
to TO X O
40 CD X O
% NN X O
Bonus NNP X O
Car NNP X O
/ NN X O
Car NNP X O
allowance NN X O
Pension NNP X O
Healthcare NNP X B-Domain
23 CD X O
days NNS X O
holiday NN X O
To TO X O
apply VB X O
please NN X O
use IN X O
the DT X O
Apply NNP X O
link NN X O
within IN X O
this DT X O
advert NN X O
and CC X O
This DT X O

is VBZ X O
a DT X O
very RB X O
handson JJ X O
role NN X O
and CC X O
as IN X O
such JJ X O
the DT X O
successful JJ X O
candidate NN X O
will MD X O
need VB X O
to TO X O
be VB X O
prepared VBN X O
to TO X O
deal VB X B-Skill
with IN X I-Skill
most JJS X I-Skill
financial JJ X I-Skill
matters NNS X I-Skill
and CC X O
develop VB X B-Skill
a DT X I-Skill
team NN X I-Skill
over IN X I-Skill
time NN X I-Skill
We PRP X O

are VBP X O
looking VBG X O
for IN X O
tenacious JJ X B-Skill
, , X O
energetic JJ X B-Skill
and CC X O
passionate JJ X B-Skill
individuals NNS X I-Skill
with IN X O
a DT X O
real JJ X O
drive NN X O
to TO X O
succeed VB X O
If IN X O
you PRP X O
would MD X O
like VB X O
to TO X O
know VB X O
more JJR X O
about IN X O
this DT X O
role NN X O
then RB X O
contact VB X O
us PRP X O
today NN X O
with IN X O
your PRP$ X O
CV NNP X O
Please NNP X O
note MD X O
only RB X O
candidates NNS X O
eilgible JJ X O
to TO X O
work VB X O
on IN X O
the DT X O
UK NNP X O
only RB X O
We PRP X O
regret VBP X O
that DT X O
due JJ X O
to TO X O
the DT X O
high JJ X O
volume NN X O
of IN X O
applications NNS X O
we PRP X O
receive VBP X O
, , X O
only RB X O
SUCCESSFUL NNP X O
CANDIDATES NNP X O
WILL MD X O
BE VB X O
CONTACTED NNP X O
. . X O
Experience NN X B-Skill

of IN X I-Skill
using VBG X I-Skill
financial JJ X I-Skill
analysis NN X I-Skill
to TO X I-Skill
understand VB X I-Skill
complex JJ X I-Skill
business NN X I-Skill
situations NNS X I-Skill
and CC X I-Skill
support NN X I-Skill
management NN X I-Skill
decisions NNS X I-Skill
, , X O
and CC X O
of IN X O
reaching VBG X B-Skill
conclusions NNS X I-Skill
from IN X I-Skill
sensitivity NN X I-Skill
analysis NN X I-Skill
and CC X I-Skill
Monte NNP X I-Skill
Carlo NNP X I-Skill
analysis NN X I-Skill
. . X O
This DT X O

role NN X O
can MD X O
also RB X O
be VB X O
considered VBN X O
on IN X O
a DT X O
contracting JJ X O
basis NN X O
with IN X O
rates NNS X O
to TO X O
be VB X O
negotiated VBN X O
. . X O
To TO X O

apply VB X O
for IN X O
this DT X O
position NN X O
you PRP X O
must MD X O
possess VB X O
the DT X O
right NN X O
to TO X O
work VB X O
in IN X O
the DT X O
United NNP X O
Kingdom NNP X O
. . X O
Big NNP X O

Data NNP X O
Technology NNP X O
Company NNP X O
KEY NNP X O
EXPERIENCE NNP X O
REQUIRED NNP X O
Strong NNP X O
Java NNP X B-Skill
skills NNS X O
The DT X O

working NN X O
hours NNS X O
are VBP X O
08 CD X O
. . X O
30am CD X O
to TO X O
5 CD X O
. . X O
00pm CD X O
Monday NNP X O
to TO X O
Friday NNP X O
Good JJ X O

' '' X O
people NNS X O
skills NNS X O
' POS X O
for IN X O
building VBG X B-Skill
relationships NNS X I-Skill
with IN X I-Skill
colleagues NNS X I-Skill
at IN X I-Skill
all DT X I-Skill
levels NNS X I-Skill
Ability NNP X O
to TO X O
plan VB X B-Skill
and CC X I-Skill
prioritise VB X I-Skill
your PRP$ X I-Skill
own JJ X I-Skill
work NN X I-Skill
and CC X I-Skill
other JJ X I-Skill
people NNS X I-Skill
' POS X I-Skill
s JJ X I-Skill
PC NN X I-Skill
literate NN X I-Skill
, , X O
competent NN X B-Skill
and CC X O
confident NN X B-Skill
in IN X I-Skill
analysing VBG X I-Skill
and CC X I-Skill
acting VBG X I-Skill
on IN X I-Skill
data NNS X I-Skill
Able NNP X O
to TO X O
anticipate VB X B-Skill
issues NNS X I-Skill
and CC X O
advise VB X B-Skill
line NN X I-Skill
managers NNS X I-Skill
accordingly RB X I-Skill
Deals NNS X I-Skill
with IN X I-Skill
changes NNS X I-Skill
in IN X I-Skill
priority NN X I-Skill
can MD X O
juggle VB X O
your PRP$ X O

application NN X O
has VBZ X O
not RB X O
been VBN X O
successful JJ X O
and CC X O
your PRP$ X O
details NNS X O
have VBP X O
not RB X O
been VBN X O
retained VBN X O
. . X O
The DT X O

duties NNS X O
are VBP X O
to TO X O
work VB X B-Skill
alongside RB X I-Skill
a DT X I-Skill
team NN X I-Skill
of IN X I-Skill
nurses NNS X I-Skill
and CC X I-Skill
care NN X I-Skill
staff NN X I-Skill
in IN X I-Skill
the DT X I-Skill
Home NNP X I-Skill
to TO X I-Skill
ensure VB X I-Skill
that IN X I-Skill
residents NNS X I-Skill
get VBP X I-Skill
the DT X I-Skill
best JJS X I-Skill
possible JJ X I-Skill
care NN X I-Skill
. . X O
Ability NN X O

to TO X O
meet VB X B-Skill
targets NNS X I-Skill
within IN X I-Skill
set VBN X I-Skill
timescales NNS X I-Skill
with IN X O
drive NN X B-Skill
and CC X O
passion NN X B-Skill
A DT X O

rapidly RB X O
growing VBG X O
Telecoms NNP X B-Domain
business NN X O
is VBZ X O
looking VBG X O
to TO X O
bring VB X O
on IN X O
board NN X O
a DT X O
talented VBN X B-Skill
Management NNP X B-Occupation
Accountant NNP X I-Occupation
in IN X O
a DT X O
varied JJ X O
role NN X O
with IN X O
the DT X O
opportunity NN X O
to TO X O
develop VB X O
in IN X O
a DT X O
dynamic JJ X B-Skill
and CC X O
exciting JJ X O
company NN X O
. . X O
If IN X O

this DT X O
role NN X O
does VBZ X O
not RB X O
fully RB X O
match VB X O
your PRP$ X O
needs NNS X O
please VB X O
visit VB X O
our PRP$ X O
website NN X O
, , X O
www NN X O
. . X O
berkeleyscott NN X O
. . X O
co NN X O
. . X O
uk NN X O
for IN X O
similar JJ X O
opportunities NNS X O
or CC X O
call VB X O
us PRP X O
on IN X O
To TO X O

be VB X O
considered VBN X O
you PRP X O
will MD X O
have VB X O
a DT X B-Experience
minimum NN X I-Experience
of IN X I-Experience
18 CD X I-Experience
months NNS X I-Experience
Media NNP X B-Domain
Sales NNS X I-Domain
experience NN X O
and CC X O
be VB X O
able JJ X O
to TO X O
meet VB X B-Skill
high JJ X I-Skill
sales NNS X I-Skill
targets NNS X I-Skill
on IN X I-Skill
a DT X I-Skill
daily JJ X I-Skill
basis NN X I-Skill
. . X O
They PRP X O

now RB X O
require VBP X O
a DT X O
Front NNP X B-Occupation
End NNP X I-Occupation
Web NNP X I-Occupation
Developer NNP X I-Occupation
to TO X O
join VB X O
their PRP$ X O
growing VBG X O
tech JJ X O
team NN X O
. . X O
The DT X O

successful JJ X O
candidate NN X O
will MD X O
play VB X O
an DT X O
essential JJ X O
role NN X O
in IN X O
helping VBG X B-Skill
the DT X I-Skill
organisation NN X I-Skill
shape VBP X I-Skill
their PRP$ X I-Skill
HR NNP X I-Skill
policies NNS X I-Skill
and CC X I-Skill
procedures NNS X I-Skill
in IN X I-Skill
what WP X I-Skill
is VBZ X I-Skill
a DT X I-Skill
key JJ X I-Skill
stage NN X I-Skill
in IN X I-Skill
the DT X I-Skill
company NN X I-Skill
s NN X I-Skill
development NN X I-Skill
. . X O
The DT X O

ideal JJ X O
candidate NN X O
will MD X O
ideally RB X O
have VB X O
: : X O
Qualified VBN X O
to TO X O
HNC NNP X B-Qualification
level NN X I-Qualification
or CC X O
with IN X O
other JJ X O
relevant JJ X O
qualifications NNS X O
At IN X B-Experience
least JJS X I-Experience
5 CD X I-Experience
years NNS X I-Experience
relevant JJ X O
experience NN X O
within IN X O
the DT X O
house NN X B-Domain
building NN X I-Domain
sector NN X O
My PRP$ X O

client NN X O
, , X O
a DT X O
leading VBG X O
High NNP X O
Street NNP X O
fashion NN X O
supplier NN X O
with IN X O
a DT X O
lively JJ X O
head NN X O
office NN X O
in IN X O
London NNP X O
, , X O
are VBP X O
looking VBG X O
for IN X O
a DT X O
Garment NNP X B-Occupation
Technologist NN X I-Occupation
who WP X O
: : X O
Has VBZ X O
a DT X O
proven VBN X O
background NN X B-Skill
in IN X I-Skill
working VBG X I-Skill
with IN X I-Skill
Womenswear NNP X I-Skill
Wovens NNP X I-Skill
. . X O
In IN X O

the DT X O
meantime NN X O
, , X O
we PRP X O
would MD X O
like VB X O
to TO X O
thank VB X O
you PRP X O
for IN X O
your PRP$ X O
interest NN X O
in IN X O
Cavendish NNP X O
Maine NNP X O
. . X O
Your PRP$ X O

good JJ X O
project NN X B-Skill
management NN X I-Skill
skills NNS X I-Skill
will MD X O
come VB X O
to TO X O
the DT X O
fore NN X O
with IN X O
your PRP$ X O
leadership NN X B-Skill
of IN X I-Skill
the DT X I-Skill
DC NNP X I-Skill
reengineering NN X I-Skill
programme NN X I-Skill
and CC X I-Skill
capital NN X I-Skill
projects NNS X I-Skill
. . X O
Ideally RB X O

you PRP X O
may MD X O
have VB X O
worked VBN X B-Skill
to TO X O
one CD X O
fo NN X O
the DT X O
following JJ X O
laboratory NN X O
standards NNS X O
ISO NNP X B-Skill
BSEN NNP X I-Skill
or CC X O
GMP NNP X B-Skill
etc NN X O
. . X O
Collate NNP X B-Skill

monthly JJ X I-Skill
timesheets NNS X I-Skill
for IN X I-Skill
all DT X I-Skill
Group NNP X I-Skill
companies NNS X I-Skill
and CC X I-Skill
process NN X I-Skill
in IN X I-Skill
line NN X I-Skill
with IN X I-Skill
company NN X I-Skill
requirements NNS X I-Skill
2 CD X O
. . X O
You PRP X O

will MD X O
require VB X O
excellent JJ X O
communication NN X B-Skill
skills NNS X I-Skill
along IN X O
with IN X O
the DT X O
ability NN X B-Skill
to TO X I-Skill
upsell VB X I-Skill
on IN X I-Skill
products NNS X I-Skill
and CC X I-Skill
services NNS X I-Skill
to TO X I-Skill
the DT X I-Skill
customer NN X I-Skill
. . X O
depending VBG X O

on IN X O
experience NN X O
and CC X O
the DT X O
company NN X O
are VBP X O
based VBN X O
in IN X O
Leicester NNP X O
. . X O
Candidate NN X O

: : X O
You PRP X O
must MD X O
have VB X O
experience NN X B-Skill
within IN X I-Skill
the DT X I-Skill
channel NN X I-Skill
Reseller NNP X I-Skill
or CC X I-Skill
Distributor NNP X I-Skill
Looking NNP X O
for IN X O
a DT X O
knowledge NN X O
of IN X O
IT NNP X B-Skill
Security NNP X I-Skill
or CC X O
security NN X B-Skill
products NNS X I-Skill
, , X O
I PRP X O
. . X O
E NN X O
. . X O
Barracuda NNP X O
, , X O
Checkpoint NNP X O
There EX X O

are VBP X O
great JJ X O
benefits NNS X O
on IN X O
offer NN X O
, , X O
with IN X O
additional JJ X O
perks NNS X O
such JJ X O
as IN X O
drinks NNS X O
and CC X O
a DT X O
free JJ X O
full JJ X O
English NNP X O
breakfast NN X O
degree NN X B-Qualification

in IN X I-Qualification
Physical NNP X I-Qualification
/ NNP X I-Qualification
Environmental NNP X I-Qualification
Sciences NNP X I-Qualification
and CC X O
some DT X O
project NN X O
based VBN X O
experience NN X O
of IN X O
quantitative JJ X B-Skill
scientific JJ X I-Skill
work NN X I-Skill
in IN X O
a DT X O
university NN X O
or CC X O
research NN X O
environment NN X O
with IN X O
a DT X O
strong JJ X O
field NN X O
component NN X O
. . X O
Multi NNP X O

skilled VBD X O
Educated VBN X O
to TO X O
ONC NNP X B-Qualification
standard NN X I-Qualification
or CC X I-Qualification
higher JJR X I-Qualification
Mechatronics NNS X I-Qualification
or CC X O
**** NN X O

and CC X O
operates VBZ X O
throughout IN X O
a DT X O
network NN X O
of IN X O
offices NNS X O
across IN X O
the DT X O
UK NNP X O
enabling VBG X O
us PRP X O
to TO X O
respond VB X O
to TO X O
your PRP$ X O
needs NNS X O
quickly RB X O
and CC X O
effectively RB X O
. . X O
A DT X O

team NN X O
adds VBZ X O
optimal JJ X O
value NN X O
through IN X O
excellent JJ X O
performance NN X B-Skill
management NN X I-Skill
on IN X I-Skill
goals NNS X I-Skill
, , X O
ensuring VBG X O
a DT X O
high JJ X O
level NN X O
of IN X O
engagement JJ X B-Skill
commitment NN X I-Skill
within IN X O
the DT X O
team NN X O
. . X O
, , X O

line NN X O
manage NN X O
other JJ X O
analysts NNS X B-Occupation
I PRP X O
am VBP X O
looking VBG X O
for IN X O
candidates NNS X O
who WP X O
have VBP X O
strong JJ X B-Skill
SAS NNP X I-Skill
and CC X O
analytical JJ X B-Skill
skills NNS X I-Skill
within IN X O
a DT X O
marketing NN X B-Domain
/ NN X O
insight NN X O
environment NN X O
. . X O
Specific JJ X O

skills NNS X O
qualifications NNS X O
Candidates NNS X O
must MD X O
be VB X O
of IN X O
graduate JJ X B-Qualification
level NN X I-Qualification
or CC X I-Qualification
equivalent JJ X I-Qualification
with IN X O
proven JJ X O
experience NN X B-Skill
in IN X O
the DT X O
following JJ X O
areas NNS X O
: : X O
Good JJ X O
bioanalytical JJ X B-Skill
experience NN X I-Skill
, , X O
with IN X O
detailed JJ X O
knowledge NN X B-Skill
and CC X I-Skill
understanding NN X I-Skill
of IN X I-Skill
bioanalytical JJ X I-Skill
preparation NN X I-Skill
analytical JJ X I-Skill
techniques NNS X I-Skill
in IN X I-Skill
the DT X I-Skill
DMPK NNP X I-Skill
nonclinical JJ X I-Skill
environment NN X I-Skill
. . X O
Develop NNP X B-Skill

own JJ X I-Skill
knowledge NN X I-Skill
and CC X I-Skill
skills NNS X I-Skill
and CC X I-Skill
that DT X I-Skill
of IN X I-Skill
others NNS X I-Skill
. . X O
My PRP$ X O

client NN X O
, , X O
is VBZ X O
currently RB X O
recruiting VBG X O
for IN X O
a DT X O
Purchase NNP X B-Occupation
Ledger NNP X I-Occupation
Clerk NNP X I-Occupation
to TO X O
join VB X O
their PRP$ X O
team NN X O
due JJ X O
to TO X O
expansion NN X O
. . X O
/ NN X O

Redhat NNP X O
Merseyside NNP X O
based VBN X O
Retailer NNP X B-Domain
is VBZ X O
seeking VBG X O
an DT X O
experienced JJ X O
Systems NNP X B-Occupation
Engineer NNP X I-Occupation
to TO X O
provide VB X O
technical JJ X B-Skill
support NN X I-Skill
, , X O
administration NN X B-Skill
and CC X O
deployment NN X B-Skill
of IN X I-Skill
business NN X I-Skill
IT NNP X I-Skill
Systems NNP X I-Skill
, , X O
which WDT X O
will MD X O
include VB X O
evaluating NN X B-Skill
, , X I-Skill
testing VBG X I-Skill
and CC X I-Skill
monitoring NN X I-Skill
of IN X I-Skill
internal JJ X I-Skill
systems NNS X I-Skill
. . X O
Please NNP X O

note VBP X O
IT NNP X B-Skill
skills NNS X I-Skill
are VBP X O
required VBN X O
for IN X O
all DT X O
Quarriers NNP X O
vacancies NNS X O
. . X O
SQL NNP X B-Skill

Server NNP X I-Skill
2005 CD X I-Skill
, , X I-Skill
SQL NNP X I-Skill
Server NNP X I-Skill
2008 CD X I-Skill
, , X O
SSIS NNP X B-Skill
, , X O
SSAS NNP X B-Skill
, , X O
ETL NNP X B-Skill
, , X O
OLAP NNP X B-Skill
, , X O
Data NNP X B-Skill
Warehouse NNP X I-Skill
an DT X O

**** NN X O
with IN X O
great JJ X O
earnings NNS X O
potential NN X O
, , X O
flexible JJ X O
hours NNS X O
, , X O
Guaranteed NNP X O
annual JJ X O
salary NN X O
of IN X O
The DT X O

post NN X B-Occupation
holder NN X I-Occupation
will MD X O
be VB X O
caring VBG X B-Skill
for IN X I-Skill
complex JJ X I-Skill
cardiac NN X I-Skill
and CC X I-Skill
other JJ X I-Skill
unwell NN X I-Skill
patients NNS X I-Skill
requiring VBG X I-Skill
monitoring NN X I-Skill
. . X O
We PRP X O

will MD X O
only RB X O
contact VB X O
you PRP X O
within IN X O
the DT X O
next JJ X O
14 CD X O
days NNS X O
if IN X O
you PRP X O
are VBP X O
selected VBN X O
for IN X O
interview NN X O
. . X O
Key NNP X O

responsibilities NNS X O
for IN X O
the DT X O
Head NNP X B-Occupation
of IN X I-Occupation
Quantitative NNP X I-Occupation
Market NNP X I-Occupation
Risk NNP X I-Occupation
role NN X O
: : X O
Quantitative JJ X B-Skill
validation NN X I-Skill
of IN X I-Skill
Market NNP X I-Skill
Risk NNP X I-Skill
models NNS X I-Skill
Validation NNP X I-Skill
of IN X I-Skill
pricing VBG X I-Skill
and CC X I-Skill
market NN X I-Skill
risk NN X I-Skill
management NN X I-Skill
systems NNS X I-Skill
; : X O
setting VBG X B-Skill
model NN X I-Skill
reserves NNS X I-Skill
My PRP$ X O

client NN X O
is VBZ X O
the DT X O
fastest JJS X O
growing VBG X O
digital JJ X O
agency NN X O
in IN X O
the DT X O
south NN X O
and CC X O
is VBZ X O
offering VBG X O
the DT X O
chance NN X O
for IN X O
a DT X O
backend NN X B-Occupation
developer NN X I-Occupation
to TO X O
join VB X O
an DT X O
award NN X O
winning VBG X O
team NN X O
. . X O
Set NNP X O

in IN X O
picturesque JJ X O
locations NNS X O
they PRP X O
are VBP X O
looking VBG X O
for IN X O
a DT X O
general JJ X B-Occupation
manager NN X I-Occupation
to TO X O
be VB X O
the DT X O
face NN X O
of IN X O
the DT X O
business NN X O
and CC X O
the DT X O
heart NN X O
of IN X O
the DT X O
community NN X O
. . X O
The DT X O

following JJ X O
experience NN X O
is VBZ X O
desirable JJ X O
, , X O
though IN X O
not RB X O
essential JJ X O
: : X O
Knowledge NN X O
of IN X O
the DT X O
Websphere NNP X B-Skill
development NN X I-Skill
environment NN X I-Skill
and CC X O
application NN X B-Skill
server NN X I-Skill
. . X O
Successful JJ X O

candidates NNS X O
must MD X O
have VB X O
QTS NNP X B-Qualification
and CC X O
relevant JJ X O
teaching NN X B-Skill
experience NN X O
. . X O
The DT X O

position NN X O
would MD X O
suit VB X O
applicants NNS X O
with IN X O
a DT X O
flexible JJ X B-Skill
and CC X I-Skill
innovative JJ X I-Skill
approach NN X I-Skill
, , X O
and CC X O
the DT X O
ability NN X B-Skill
to TO X I-Skill
hit VB X I-Skill
the DT X I-Skill
ground NN X I-Skill
running VBG X I-Skill
. . X O
Leading VBG X B-Skill

delivery NN X I-Skill
GRIP NNP X I-Skill
**** NNP X I-Skill
design NN X I-Skill
packages NNS X I-Skill
, , X I-Skill
for IN X I-Skill
our PRP$ X I-Skill
main JJ X I-Skill
clients NNS X I-Skill
Network NNP X I-Skill
Rail NNP X I-Skill
and CC X I-Skill
Contractors NNPS X I-Skill
on IN X I-Skill
a DT X I-Skill
design NN X I-Skill
and CC X I-Skill
build JJ X I-Skill
basis NN X I-Skill
; : X O
Ensuring NNP X B-Skill
thorough IN X I-Skill
understanding NN X I-Skill
of IN X I-Skill
the DT X I-Skill
relevant JJ X I-Skill
standards NNS X I-Skill
and CC X I-Skill
regulations NNS X I-Skill
within IN X I-Skill
the DT X I-Skill
UK NNP X I-Skill
rail NN X I-Skill
sector NN X I-Skill
; : X O
Ensure NNP X B-Skill
successful JJ X I-Skill
delivery NN X I-Skill
of IN X I-Skill
projects NNS X I-Skill
by IN X I-Skill
coordinating VBG X I-Skill
crossdiscipline JJ X I-Skill
interfaces NNS X I-Skill
; : X O
Maintaining NNP X B-Skill
and CC X I-Skill
developing VBG X I-Skill
client NN X I-Skill
relationships NNS X I-Skill
; : X O
Preparation NNP X B-Skill
of IN X I-Skill
prequalification NN X I-Skill
responses NNS X I-Skill
, , X I-Skill
proposals NNS X I-Skill
and CC X I-Skill
tenders NNS X I-Skill
; : X O
Undertaking NNP X B-Skill
Technical NNP X I-Skill
Reviewer NNP X I-Skill
roles NNS X I-Skill
on IN X I-Skill
projects NNS X I-Skill
; : X O
Undertaking NNP X B-Skill
Contractor NNP X I-Skill
Engineering NNP X I-Skill
Manager NNP X I-Skill
CEM NNP X I-Skill
role NN X I-Skill
on IN X I-Skill
Network NNP X I-Skill
Rail NNP X I-Skill
Projects NNPS X I-Skill
. . X O
**** NN X O

jobs NNS X O
within IN X O
the DT X O
next JJ X O
7 CD X O
days NNS X O
, , X O
we PRP X O
unfortunately RB X O
will MD X O
not RB X O
be VB X O
progressing VBG X O
with IN X O
your PRP$ X O
application NN X O
on IN X O
this DT X O
occasion NN X O
. . X O
By IN X O

submitting VBG X O
personal JJ X O
data NNS X O
to TO X O
any DT X O
company NN X O
or CC X O
division NN X O
within IN X O
the DT X O
Allegis NNP X O
Group NNP X O
, , X O
the DT X O
applicant NN X O
is VBZ X O
providing VBG X O
explicit JJ X O
consent NN X O
to TO X O
the DT X O
use NN X O
of IN X O
such JJ X O
data NNS X O
by IN X O
the DT X O
Allegis NNP X O
Group NNP X O
and CC X O
to TO X O
the DT X O
transfer NN X O
of IN X O
such JJ X O
data NNS X O
to TO X O
and CC X O
from IN X O
the DT X O
Allegis NNP X O
Group NNP X O
companies NNS X O
within IN X O
the DT X O
UK NNP X O
, , X O
Europe NNP X O
and CC X O
outside IN X O
the DT X O
European JJ X O
Economic NNP X O
Area NNP X O
in IN X O
connection NN X O
with IN X O
the DT X O
fulfilment NN X O
of IN X O
the DT X O
applicant JJ X O
s NN X O
voluntary JJ X O
requests NNS X O
, , X O
and CC X O
the DT X O
fulfilment NN X O
of IN X O
other JJ X O
job NN X O
opportunities NNS X O
that WDT X O
match VBP X O
the DT X O
applicant JJ X O
s NN X O
profile NN X O
, , X O
and CC X O
confirms NNS X O
that IN X O
they PRP X O
may MD X O
be VB X O
contacted VBN X O
about IN X O
such JJ X O
job NN X O
opportunities NNS X O
. . X O
Must RB X O

be VB X O
NMC NNP X B-Qualification
registered VBD X O
For IN X O
more JJR X O
information NN X O
please NN X O
contact NN X O
Barbara NNP X O
Shaw NNP X O
on IN X O
or CC X O
Opportunity NN X O

to TO X O
join VB X O
a DT X O
well NN X O
established VBN X O
and CC X O
rapidly RB X O
expanding VBG X O
company NN X O
. . X O
The DT X O

Role NNP X O
Provide NNP X O
input NN X O
to TO X O
the DT X O
ongoing JJ X O
development NN X O
of IN X O
IT NNP X B-Skill
systems NNS X I-Skill
in IN X O
all DT X O
areas NNS X O
Manage NNP X O
and CC X O
implement VB X O
a DT X O
range NN X O
of IN X O
Business NNP X B-Skill
Improvement NNP X I-Skill
Projects NNPS X I-Skill
, , X O
including VBG X O
requirements NNS X B-Skill
capture NN X I-Skill
, , X O
systems NNS X B-Skill
analysis NN X I-Skill
, , X O
vendor NN X B-Skill
suitability NN X I-Skill
rating NN X I-Skill
, , X O
project NN X B-Skill
plans NNS X I-Skill
and CC X O
all DT X O
associated VBN X O
documentation NN X B-Skill
We PRP X O

can MD X O
offer VB X O
the DT X O
opportunity NN X O
for IN X O
you PRP X O
to TO X O
earn VB X O
a DT X O
salary NN X O
based VBN X O
on IN X O
You PRP X O

will MD X O
be VB X O
enthusiastic JJ X B-Skill
, , X O
bright JJ X B-Skill
and CC X O
able JJ X O
to TO X O
take VB X B-Skill
on IN X I-Skill
new JJ X I-Skill
challenges NNS X I-Skill
and CC X I-Skill
technologies NNS X I-Skill
. . X O
Due JJ X O

to TO X O
continued JJ X O
growth NN X O
, , X O
the DT X O
business NN X O
is VBZ X O
seeking VBG X O
a DT X O
talented JJ X O
accountant NN X B-Skill
to TO X O
join VB X O
as IN X O
Assistant NNP X B-Occupation
Finance NNP X I-Occupation
Manager NNP X I-Occupation
for IN X O
a DT X O
sizable JJ X O
division NN X O
in IN X O
the DT X O
group NN X O
. . X O
To TO X O

apply VB X O
for IN X O
this DT X O
role NN X O
please VB X O
forward RB X O
your PRP$ X O
cv NN X O
to TO X O
: : X O
recruitmentevensure NN X O
. . X O
co NN X O
. . X O
uk NN X O
Your PRP$ X O

CV NNP X O
must MD X O
cover VB X O
the DT X O
last JJ X O
10 CD X B-Experience
years NNS X I-Experience
of IN X O
employment NN X O
history NN X O
where WRB X O
possible JJ X O
and CC X O
Huntress NN X O

does VBZ X O
not RB X O
discriminate VB X O
on IN X O
the DT X O
grounds NNS X O
of IN X O
age NN X O
, , X O
race NN X O
, , X O
gender NN X O
, , X O
disability NN X O
, , X O
creed NN X O
or CC X O
sexual JJ X O
orientation NN X O
and CC X O
complies NNS X O
with IN X O
all DT X O
relevant JJ X O
UK NNP X O
legislation NN X O
. . X O
Support VB X B-Skill

the DT X I-Skill
Commodity NNP X I-Skill
team NN X I-Skill
in IN X O
management NN X O
of IN X O
supplier NN X O
performance NN X O
, , X O
continuous JJ X B-Skill
improvement NN X I-Skill
and CC X I-Skill
the DT X I-Skill
maintenance NN X I-Skill
of IN X I-Skill
commodity NN X I-Skill
trends NNS X I-Skill
and CC X O
market NN X B-Skill
intelligence NN X I-Skill
within IN X O
the DT X O
region NN X O
. . X O
Largely RB X O

based VBN X O
at IN X O
our PRP$ X O
Development NNP X B-Domain
centre NN X O
in IN X O
Leamington NNP X O
Spa NNP X O
your PRP$ X O
role NN X O
will MD X O
involve VB X O
the DT X O
following NN X O
: : X O
Dependant JJ X B-Skill
on IN X I-Skill
experience NN X I-Skill
Working VBG X I-Skill
with IN X I-Skill
resourcing JJ X I-Skill
Manager NNP X I-Skill
and CC X I-Skill
SCRUM NNP X I-Skill
master NN X I-Skill
to TO X O
identify VB X B-Skill
resources NNS X I-Skill
required VBN X I-Skill
for IN X I-Skill
client NN X I-Skill
solutions NNS X I-Skill
. . X O
Anaesthetic NNP X B-Occupation

, , X I-Occupation
scrub NN X I-Occupation
and CC X I-Occupation
recovery NN X I-Occupation
practitioners NNS X I-Occupation
: : X O
Bank NNP X O
and CC X O
permanent JJ X O
positions NNS X O
available JJ X O
, , X O
you PRP X O
will MD X O
have VB X O
excellent JJ X O
clinical JJ X B-Skill
skills NNS X O
and CC X O
the DT X O
motivation NN X B-Skill
to TO X O
be VB X O
part NN X O
of IN X O
an DT X O
effective JJ X B-Skill
, , X O
enthusiastic JJ X B-Skill
team NN X O
. . X O
Must RB X O

be VB X O
proactive JJ X B-Skill
and CC X O
possess VB X O
a DT X O
flexible JJ X B-Skill
attitude NN X I-Skill
to TO X I-Skill
the DT X I-Skill
work NN X I-Skill
load NN X I-Skill
Advanced NNP X O
/ NNP X O
Intermediate NNP X O
knowledge NN X O
of IN X O
Microsoft NNP X B-Skill
Office NNP X I-Skill
products NNS X I-Skill
The DT X O

team NN X O
will MD X O
assist VB X O
you PRP X O
in IN X O
your PRP$ X O
optometric JJ X O
duties NNS X O
; : X O
they PRP X O
will MD X O
complete VB X O
the DT X O
field NN X O
screening NN X O
and CC X O
pressures NNS X O
of IN X O
each DT X O
patient NN X O
for IN X O
you PRP X O
. . X O
To TO X O

manage VB X B-Skill
user JJ X I-Skill
access NN X I-Skill
and CC X I-Skill
further JJ X I-Skill
developments NNS X I-Skill
in IN X I-Skill
conjunction NN X I-Skill
with IN X I-Skill
the DT X I-Skill
Trusts NNS X I-Skill
business NN X I-Skill
requirements NNS X I-Skill
. . X O
If IN X O

so RB X O
, , X O
please VB X O
send VB X O
your PRP$ X O
CV NNP X O
and CC X O
cover RB X O
letter NN X O
to TO X O
: : X O
emma NN X O
. . X O
purdonpremiereagency NN X O
. . X O
com NN X O
or CC X O
call VB X O
As IN X O

our PRP$ X O
Merchandising NNP X B-Occupation
Team NNP X I-Occupation
Controller NNP X I-Occupation
, , X O
you PRP X O
ll VBP X O
manage VB X B-Skill
a DT X I-Skill
small JJ X I-Skill
team NN X I-Skill
of IN X I-Skill
part NN X I-Skill
time NN X I-Skill
Merchandisers NNP X I-Skill
across IN X O
the DT X O
Eastbourne NNP X O
area NN X O
who WP X O
are VBP X O
responsible JJ X B-Skill
for IN X I-Skill
maintaining VBG X I-Skill
and CC X I-Skill
replenishing VBG X I-Skill
our PRP$ X I-Skill
instore NN X I-Skill
greeting VBG X I-Skill
card NN X I-Skill
stands NNS X I-Skill
and CC X I-Skill
organising VBG X I-Skill
seasonal JJ X I-Skill
displays NNS X I-Skill
. . X O
a DT X O

genuine JJ X O
interest NN X B-Skill
in IN X I-Skill
legal JJ X I-Skill
work NN X I-Skill
Has NNP X O
a DT X O
good JJ X B-Skill
attendance NN X I-Skill
record NN X I-Skill
Demonstrates VBZ X O
a DT X O
positive JJ X B-Skill
attitude NN X I-Skill
. . X O
Social NNP X B-Skill

skills NNS X I-Skill
and CC X I-Skill
personable JJ X I-Skill
persona NN X I-Skill
with IN X I-Skill
presence NN X I-Skill
and CC X I-Skill
gravitas NNS X I-Skill
to TO X I-Skill
fit VB X I-Skill
with IN X I-Skill
major JJ X I-Skill
retailer NN X I-Skill
commercial JJ X O
environment NN X O
is VBZ X O
paramount NN X O
. . X O
We PRP X O

deliver VBP X O
Global JJ X O
Recruitment NNP X B-Domain
Solutions NNP X O
within IN X O
the DT X O
Oil NNP X B-Domain
Gas NNP X I-Domain
, , X O
Power NNP X B-Domain
, , X O
Nuclear NNP X B-Domain
, , X O
Utilities NNP X B-Domain
, , X O
Rail NNP X B-Domain
, , X O
Construction NNP X B-Domain
and CC X O
Aerospace NNP X B-Domain
Sectors NNP X O
for IN X O
Owner NNP X B-Occupation
/ NNP X I-Occupation
Operators NNP X O
, , X O
Consultancies NNP X B-Occupation
, , X O
Contractors NNP X O
and CC X O
SubContractors NNP X O
. . X O
Candidates NNS X O

must MD X O
be VB X O
NMC NNP X B-Qualification
Registered NNP X I-Qualification
and CC X O
have VBP X B-Skill
an DT X I-Skill
uptodate JJ X I-Skill
Pin NNP X I-Skill
Number NNP X I-Skill
. . X O
Electrical JJ X B-Occupation

Engineer NNP X I-Occupation
/ NNP X O
Electrical NNP X B-Occupation
Project NNP X I-Occupation
Engineer NNP X I-Occupation
/ NNP X O
HV NNP X B-Domain
Infrastructure NNP X I-Domain
/ NNP X O
Power NNP X B-Domain
Systems NNP X I-Domain
/ NNP X O
Onshore NNP X B-Domain
Wind NNP X I-Domain
/ NNP X O
Offshore NNP X B-Domain
Wind NNP X I-Domain
/ NN X O
Carillon NNP X O

s VBD X O
portfolio NN X O
of IN X O
equity NN X O
investments NNS X O
in IN X O
Public NNP X O
Private NNP X O
Partnership NNP X O
projects NNS X O
includes VBZ X O
projects NNS X O
in IN X O
the DT X O
UK NNP X O
and CC X O
Canada NNP X O
, , X O
particularly RB X O
in IN X O
the DT X O
Defence NNP X B-Domain
, , X O
Education NNP X B-Domain
, , X O
Health NNP X B-Domain
and CC X O
transport NN X B-Domain
sectors NNS X O
. . X O
Able JJ X O

to TO X O
work VB X B-Skill
both DT X I-Skill
individually RB X I-Skill
and CC X I-Skill
as IN X I-Skill
part NN X I-Skill
of IN X I-Skill
a DT X I-Skill
team NN X I-Skill
Careful NNP X I-Skill
, , X O
conscientious JJ X B-Skill
and CC X O
customer NN X B-Skill
focused VBD X I-Skill
A NNP X O
high JJ X O
level NN X O
of IN X O
initiative JJ X B-Skill
and CC X I-Skill
problem NN X I-Skill
solving VBG X I-Skill
Job NNP X O
Requirements NNPS X O
Education NNP X B-Skill
Qualifications NNP X I-Skill
Good NNP X O
university NN X B-Qualification
degree NN X I-Qualification
, , X O
in IN X O
electronic JJ X B-Skill
engineering NN X I-Skill
or CC X O
computer NN X B-Skill
science NN X I-Skill
ideally RB X O
, , X O
although IN X O
other JJ X O
science NN X O
graduates NNS X O
will MD X O
be VB X O
considered VBN X O
if IN X O
they PRP X O
have VBP X O
relevant JJ X O
experience NN X O
. . X O
We PRP X O

have VBP X O
an DT X O
exciting JJ X O
opportunity NN X O
for IN X O
a DT X O
Software NNP X B-Occupation
or CC X O
Electronics NNP X B-Occupation
Development NNP X I-Occupation
Engineer NNP X I-Occupation
to TO X O
join VB X O
our PRP$ X O
market NN X O
leading VBG X O
and CC X O
expanding VBG X O
operation NN X O
. . X O
You PRP X O

should MD X O
have VB X O
an DT X O
indepth JJ X O
knowledge NN X O
of IN X O
Photoshop NNP X B-Skill
and CC X O
Illustrator NNP X B-Skill
and CC X O
be VB X O
a DT X O
confident JJ X O
hand NN X O
coder NN X O
of IN X O
HTML NNP X O
and CC X O
CSS NNP X B-Skill
. . X O
The DT X O

closing NN X O
date NN X O
for IN X O
applications NNS X O
is VBZ X O
25 CD X O
January NNP X O
2013 CD X O
. . X O
To TO X O

ensure VB X B-Skill
the DT X I-Skill
provision NN X I-Skill
of IN X I-Skill
excellent NN X I-Skill
, , X O
evidence NN X B-Skill
based VBN X I-Skill
nursing NN X I-Skill
care NN X I-Skill
for IN X I-Skill
the DT X I-Skill
children NNS X I-Skill
and CC X I-Skill
their PRP$ X I-Skill
families NNS X I-Skill
within IN X O
theAcute JJ X O
Neurological NNP X O
Rehabilitation NNP X O
Unit NNP X O
and CC X O
Children NNP X O
s NN X O
Services NNPS X O
. . X O
Working VBG X O

with IN X O
both DT X O
public JJ X B-Domain
and CC X O
private JJ X B-Domain
sector NN X I-Domain
there EX X O
are VBP X O
many JJ X O
exciting JJ X O
projects NNS X O
currently RB X O
in IN X O
development NN X O
. . X O
20 CD X O

days NNS X O
holiday JJ X O
plus CC X O
bank NN X O
holidays NNS X O
Contact NNP X O
: : X O
For IN X O
more JJR X O
information NN X O
about IN X O
this DT X O
position NN X O
please VB X O
email VB X O
your PRP$ X O
CV NNP X O
to TO X O
Rebecca NNP X O
Wall NNP X O
: : X O
Our PRP$ X O

client NN X O
is VBZ X O
offering VBG X O
an DT X O
on IN X O
going VBG X O
contract NN X O
of IN X O
up IN X O
to TO X O
30 CD X O
hours NNS X O
per IN X O
week NN X O
with IN X O
a DT X O
competitive JJ X O
basic JJ X O
rate NN X O
of IN X O
The DT X O

successful JJ X O
candidate NN X O
will MD X O
be VB X O
responsible JJ X O
for IN X O
all DT X O
aspects NNS X O
of IN X O
the DT X O
product NN X B-Skill
development NN X I-Skill
life NN X I-Skill
cycle NN X I-Skill
. . X O
Door NNP X O

will MD X O
have VB X O
to TO X O
be VB X O
programmed VBN X O
in IN X O
PACOM NNP X B-Skill
Access NNP X I-Skill
Control NNP X I-Skill
Software NNP X I-Skill
, , X O
with IN X O
working VBG X O
demonstration NN X O
provided VBD X O
to TO X O
client NN X O
. . X O
You PRP X O

will MD X O
join VB X O
a DT X O
caring NN X O
, , X O
compassionate JJ X O
organisation NN X O
whose WP$ X O
primary JJ X O
aim NN X O
is VBZ X O
to TO X O
ensure VB X B-Skill
a DT X I-Skill
high JJ X I-Skill
standard NN X I-Skill
of IN X I-Skill
life NN X I-Skill
for IN X I-Skill
all DT X I-Skill
service NN X I-Skill
users NNS X I-Skill
. . X O
You PRP X O

ll VBP X O
be VB X O
joining VBG X B-Skill
a DT X I-Skill
small JJ X I-Skill
and CC X I-Skill
friendly JJ X I-Skill
team NN X I-Skill
in IN X O
an DT X O
exciting NN X O
and CC X O
ambitious JJ X O
company NN X O
where WRB X O
your PRP$ X O
work NN X O
can MD X O
make VB X O
a DT X O
big JJ X O
difference NN X O
. . X O
Based VBN X O

in IN X O
Milton NNP X O
Keynes NNP X O
, , X O
they PRP X O
provide VBP X O
services NNS X O
for IN X O
a DT X O
wide JJ X O
range NN X O
of IN X O
clients NNS X O
including VBG X O
those DT X O
in IN X O
the DT X O
automotive JJ X B-Domain
, , X O
IT NNP X B-Domain
technology NN X I-Domain
healthcare NN X I-Domain
sectors NNS X O
, , X O
developing VBG X B-Skill
exciting VBG X I-Skill
innovative JJ X I-Skill
marketing NN X I-Skill
solutions NNS X I-Skill
across IN X I-Skill
print NN X I-Skill
, , X I-Skill
mobile JJ X I-Skill
digital JJ X I-Skill
platforms NNS X I-Skill
. . X O
You PRP X O

must MD X O
be VB X O
proactive JJ X B-Skill
and CC X I-Skill
commercially RB X I-Skill
minded VBD X I-Skill
as IN X O
this DT X O
is VBZ X O
a DT X O
business NN X O
that WDT X O
is VBZ X O
profit NN X O
driven NN X O
. . X O
Reporting VBG X O

to TO X O
the DT X O
Engineering NNP X O
Manager NNP X O
the DT X O
successful JJ X O
candidate NN X O
will MD X O
be VB X O
responsible JJ X O
for IN X O
onsite JJ X O
technical JJ X B-Skill
support NN X I-Skill
for IN X O
our PRP$ X O
customers NNS X O
. . X O
A DT X O

successful JJ X O
Estate NNP X B-Occupation
Agent NNP X I-Occupation
is VBZ X O
currently RB X O
seeking VBG X O
an DT X O
experienced JJ X B-Skill
and CC X O
proactive JJ X B-Skill
Sales NNS X B-Occupation
Negotiator NN X I-Occupation
for IN X O
their PRP$ X O
office NN X O
in IN X O
Hampstead NNP X O
, , X O
London NNP X O
NW NNP X O
**** NN X O

offices NNS X O
, , X O
in IN X O
over IN X O
60 CD X O
countries NNS X O
and CC X O
territories NNS X O
around IN X O
the DT X O
world NN X O
, , X O
The DT X O
Adecco NNP X O
Group NNP X O
is VBZ X O
a DT X O
Fortune NNP X O
Global NNP X O
500 CD X O
company NN X O
and CC X O
official JJ X O
Recruitment NNP X B-Domain
Services NNPS X O
Provider NNP X O
to TO X O
the DT X O
London NNP X O
2012 CD X O
Olympic NNP X O
and CC X O
Paralympic NNP X O
Games NNP X O
. . X O
In IN X O

depth JJ X O
knowledge NN X B-Skill
of IN X I-Skill
the DT X I-Skill
Retail NNP X I-Skill
environment NN X I-Skill
, , X I-Skill
its PRP$ X I-Skill
customers NNS X I-Skill
and CC X I-Skill
channels NNS X I-Skill
and CC X O
experience NN X B-Skill
of IN X I-Skill
retail JJ X I-Skill
segmentation NN X I-Skill
for IN X I-Skill
tactical JJ X I-Skill
and CC X I-Skill
strategic JJ X I-Skill
planning NN X I-Skill
across IN X I-Skill
the DT X I-Skill
channel NN X I-Skill
Experience NN X I-Skill
in IN X I-Skill
developing VBG X I-Skill
business NN X I-Skill
reporting NN X I-Skill
and CC X I-Skill
KPI NNP X I-Skill
dashboards NNS X I-Skill
Presentation NNP X I-Skill
and CC X I-Skill
communication NN X I-Skill
skills NNS X I-Skill
, , X O
able JJ X O
to TO X O
present VB X B-Skill
confidently RB X I-Skill
to TO X I-Skill
senior JJ X B-Occupation
managers NNS X I-Occupation
, , X O
cross VBP X B-Skill
functional JJ X I-Skill
teams NNS X I-Skill
and CC X O
Retail NNP X B-Skill
customers NNS X I-Skill
The DT X O

restaurant NN X O
has VBZ X O
received VBN X O
stunning JJ X O
reviews NNS X O
over IN X O
the DT X O
last JJ X O
5 CD X O
years NNS X O
and CC X O
continues VBZ X O
produced VBN X O
exciting VBG X O
innovative JJ X O
food NN X O
. . X O
Reporting VBG X B-Skill

to TO X I-Skill
the DT X I-Skill
Head NNP X B-Occupation
of IN X I-Occupation
Strategy NNP X I-Occupation
and CC X I-Occupation
International NNP X I-Occupation
Development NNP X I-Occupation
, , X O
accountable JJ X B-Skill
to TO X I-Skill
the DT X I-Skill
Business NNP X B-Occupation
Performance NNP X I-Occupation
& CC X I-Occupation
Planning NNP X I-Occupation
Director NNP X I-Occupation
and CC X O
collaborating VBG X B-Skill
closely RB X I-Skill
with IN X I-Skill
managers NNS X I-Skill
and CC X I-Skill
stakeholders NNS X I-Skill
throughout IN X I-Skill
the DT X I-Skill
IET NNP X I-Skill
The DT X O

post NN X O
holder NN X O
may MD X O
be VB X O
required VBN X O
to TO X O
attend VB X B-Skill
evening JJ X I-Skill
meetings NNS X I-Skill
or CC X O
other JJ X B-Skill
outofhours JJ X I-Skill
events NNS X I-Skill
on IN X I-Skill
occasion NN X I-Skill
; : X O
reasonable JJ X O
notice NN X O
will MD X O
be VB X O
given VBN X O
. . X O
If IN X O

you PRP X O
want VBP X O
to TO X O
be VB X O
part NN X O
of IN X O
their PRP$ X O
dynamic JJ X O
team NN X O
and CC X O
believe VBP X O
you PRP X O
have VBP X O
the DT X O
skills NNS X O
and CC X O
drive NN X O
to TO X O
join VB X O
the DT X O
fastest JJS X O
growing VBG X O
courier JJR X O
and CC X O
logistics NNS X O
company NN X O
in IN X O
the DT X O
UK NNP X O
, , X O
apply RB X O
now RB X O
. . X O
The DT X O

magazine NN X O
is VBZ X O
published VBN X O
by IN X O
World NNP X O
Market NNP X O
Intelligence NNP X O
, , X O
part NN X O
of IN X O
Progressive NNP X O
Media NNP X O
Group NNP X O
. . X O
You PRP X O

will MD X O
be VB X O
able JJ X O
to TO X O
work VB X B-Skill
efficiently RB X I-Skill
with IN X I-Skill
other JJ X I-Skill
` `` X I-Skill
s NNS X I-Skill
codes NNS X I-Skill
and CC X O
have VBP X O
an DT X O
understanding NN X B-Skill
of IN X I-Skill
browser NN X I-Skill
compatibility NN X I-Skill
and CC X O
testing VBG X B-Skill
methodology NN X I-Skill
as RB X O
well RB X O
as IN X O
possessing VBG X O
excellent JJ X O
oral JJ X B-Skill
communication NN X I-Skill
skills NNS X I-Skill
. . X O
To TO X O

carry VB X O
out RP X O
such JJ X O
other JJ X O
duties NNS X O
as IN X O
the DT X O
Principal NNP X O
may MD X O
reasonably RB X O
require VB X O
. . X O
Devise NNP X O

and CC X O
implement JJ X O
segmentation NN X B-Skill
and CC X O
treatment NN X B-Skill
strategies NNS X I-Skill
that WDT X O
optimise VBP X B-Skill
collections NNS X I-Skill
and CC X O
recovery NN X B-Skill
activity NN X I-Skill
to TO X O
best VB X O
effectIdentify NN X O
opportunities NNS X B-Skill
to TO X O
expand VB X B-Skill
or CC X I-Skill
rationalise VB X I-Skill
reporting NN X I-Skill
based VBN X O
upon IN X O
changing VBG X O
requirements NNS X O
of IN X O
the DT X O
business NN X B-Domain
. . X O
Assist NN X B-Skill

in IN X I-Skill
maintaining VBG X I-Skill
uptime NN X I-Skill
of IN X I-Skill
network NN X I-Skill
infrastructure NN X I-Skill
and CC X I-Skill
customer NN X I-Skill
solutions NNS X I-Skill
Assist VBP X I-Skill
with IN X I-Skill
the DT X I-Skill
ongoing JJ X I-Skill
development NN X I-Skill
of IN X I-Skill
the DT X I-Skill
core NN X I-Skill
network NN X I-Skill
strategy NN X I-Skill
Ensure NN X O
Work NN X O

with IN X O
prospects NNS X O
from IN X O
a DT X O
detailed JJ X O
needs JJ X O
assessment NN X B-Skill
, , X O
to TO X O
presentation NN X O
and CC X O
solution NN X B-Skill
development NN X I-Skill
, , X O
to TO X O
pricing NN X B-Skill
and CC X I-Skill
negotiation NN X I-Skill
of IN X O
final JJ X O
deals NNS X O
. . X O
The DT X O

appointed VBN X O
candidates NNS X O
will MD X O
be VB X O
subject JJ X O
to TO X O
a DT X O
DBS NNP X B-Skill
Disclosure NNP X I-Skill
and CC X I-Skill
Barring NNP X I-Skill
Service NNP X I-Skill
check NN X O
. . X O
If IN X O

you PRP X O
are VBP X O
hardworking VBG X B-Skill
and CC X O
looking VBG X O
for IN X O
a DT X O
fresh JJ X O
opportunity NN X O
with IN X O
an DT X O
established VBN X O
consultancy NN X B-Domain
then RB X O
this DT X O
role NN X O
is VBZ X O
for IN X O
you PRP X O
. . X O
An DT X O

understanding NN X B-Skill
of IN X I-Skill
the DT X I-Skill
Internal NNP X I-Skill
Revenue NNP X I-Skill
Code NNP X I-Skill
, , X O
and CC X O
demonstrate VB X O
the DT X O
ability NN X B-Skill
to TO X I-Skill
apply VB X I-Skill
the DT X I-Skill
appropriate JJ X I-Skill
rules NNS X I-Skill
and CC X I-Skill
regulations NNS X I-Skill
to TO X I-Skill
the DT X I-Skill
company NN X I-Skill
` `` X I-Skill
s VB X I-Skill
US NNP X I-Skill
GAA NNP X I-Skill
World NNP X I-Skill
Renowned VBD X I-Skill
Multinational NNP X I-Skill
hospitality NN X I-Skill
provider NN X I-Skill
. . X O
Good JJ X B-Skill

analysis NN X I-Skill
of IN X I-Skill
statitistics NNS X I-Skill
and CC X I-Skill
prioritising VBG X I-Skill
workload NN X I-Skill
is VBZ X O
essential JJ X O
. . X O
As IN X O

a DT X O
result NN X O
of IN X O
sustained JJ X O
growth NN X O
, , X O
our PRP$ X O
client NN X O
a DT X O
global JJ X O
provider NN X O
of IN X O
training NN X O
solutions NNS X O
, , X O
is VBZ X O
looking VBG X O
to TO X O
recruit VB X O
an DT X O
experienced JJ X O
sales NNS X B-Skill
professional JJ X I-Skill
with IN X O
a DT X O
successful JJ X O
track NN X B-Skill
record NN X I-Skill
within IN X I-Skill
the DT X I-Skill
training NN X I-Skill
sector NN X I-Skill
. . X O
Salesforce NNP X O

. . X O
com NN X O
Marketing NNP X B-Occupation
Manager NNP X I-Occupation
/ NNP X O
Flexible NNP X O
Salary NNP X O
along IN X O
with IN X O
a DT X O
competitive JJ X O
bonus NN X O
and CC X O
benefits NNS X O
package NN X O
/ VBP X O
Oxford NNP X O
/ NNP X O
Swindon NNP X O
/ NNP X O
Abingdon NNP X O
/ NN X O
Particular JJ X O

focus NN X O
will MD X O
be VB X O
on IN X O
Wnt NNP X B-Skill
pathway NN X I-Skill
activation NN X I-Skill
and CC X O
nuclear JJ X B-Skill
translocation NN X I-Skill
of IN X I-Skill
catenin NN X I-Skill
, , X O
a DT X O
frequent JJ X O
early JJ X O
event NN X O
in IN X O
colorectal JJ X O
cancer NN X O
. . X O
Reprographics NNS X B-Domain

experience NN X O
is VBZ X O
essential JJ X O
and CC X O
you PRP X O
should MD X O
have VB X O
excellent JJ X B-Skill
communication NN X I-Skill
skills NNS X I-Skill
, , X O
both DT X O
written VBN X B-Skill
and CC X I-Skill
verbal JJ X I-Skill
, , X O
a DT X O
Level NNP X B-Skill
3 CD X I-Skill
qualification NN X I-Skill
or CC X O
equivalent NN X O
and CC X O
also RB X O
a DT X O
qualification NN X B-Qualification
or CC X O
formal JJ X O
training NN X B-Domain
in IN X O
IT NNP X B-Domain
is VBZ X O
desirable JJ X O
. . X O
Selling VBG X O

B2B NNP X O
telephone NN X O
systems NNS X O
or CC X O
mobile JJ X O
solutions NNS X O
Our PRP$ X O
client NN X O
is VBZ X O
a DT X O
wellestablished JJ X O
telecommunications NN X B-Domain
reseller NN X O
involved VBN X O
in IN X O
the DT X O
installation NN X O
, , X O
maintenance NN X O
and CC X O
support NN X O
of IN X O
voice NN X O
and CC X O
data NN X O
products NNS X O
across IN X O
the DT X O
UK NNP X O
. . X O
The DT X O

successful JJ X O
candidate NN X O
will MD X O
have VB X O
a DT X O
strong JJ X B-Experience
travel NN X I-Experience
background NN X I-Experience
with IN X O
in IN X B-Skill
depth NN X I-Skill
knowledge NN X I-Skill
of IN X I-Skill
GDS NNP X I-Skill
Galileo NNP X I-Skill
. . X O
Private JJ X O

healthcare NN X O
Company NNP X O
issued VBD X O
ipad NN X O
or CC X O
tablet NN X O
To TO X O
apply VB X O
for IN X O
this DT X O
position NN X O
, , X O
candidates NNS X O
must MD X O
be VB X O
eligible JJ X O
to TO X O
live VB X O
and CC X O
work VB X O
in IN X O
the DT X O
UK NNP X O
Matchtech NNP X O
is VBZ X O
acting VBG X O
as IN X O
an DT X O
Employment NN X O
Business NN X O
in IN X O
relation NN X O
to TO X O
this DT X O
vacancy NN X O
. . X O
Major JJ X O

UK NNP X O
Telecoms NNP X B-Domain
Operator NNP X B-Occupation
is VBZ X O
urgently RB X O
recruiting VBG X O
a DT X O
Propositions NNP X B-Occupation
Manager NNP X I-Occupation
to TO X O
develop VB X B-Skill
and CC X I-Skill
launch VB X I-Skill
compelling VBG X I-Skill
Consumer NNP X I-Skill
Propositions NNPS X I-Skill
to TO X O
it PRP X O
' '' X O
s JJ X O
customer NN X O
base NN X O
. . X O
Proven NNP X O

ability NN X O
to TO X O
take VB X B-Skill
Information NN X I-Skill
from IN X I-Skill
multiple JJ X I-Skill
sources NNS X I-Skill
to TO X I-Skill
formulate VB X I-Skill
Insight NNP X I-Skill
and CC X O
provide VB X B-Skill
recommendations NNS X I-Skill
and CC X I-Skill
options NNS X I-Skill
to TO X I-Skill
influence VB X I-Skill
the DT X I-Skill
Channel NNP X I-Skill
strategy NN X I-Skill
You PRP X O
will MD X O
need VB X O
a DT X O
strong JJ X O
background NN X B-Skill
/ NN X I-Skill
interest NN X I-Skill
in IN X I-Skill
analysis NN X I-Skill
from IN X I-Skill
an DT X I-Skill
ecommerce NN X I-Skill
perspective NN X I-Skill
and CC X O
also RB X O
looking VBG X O
at IN X O
future JJ X O
trends NNS X O
in IN X O
ecommerce NN X O
. . X O
Over IN X O

the DT X O
two CD X O
year NN X O
contract NN X O
, , X O
set VBN X B-Skill
up RP X I-Skill
two CD X I-Skill
local JJ X I-Skill
Venturer NNP X I-Skill
groups NNS X I-Skill
to TO X I-Skill
sustain VB X I-Skill
the DT X I-Skill
interest NN X I-Skill
of IN X I-Skill
potential JJ X I-Skill
NCS NNP X I-Skill
participants VBZ X I-Skill
the DT X O
groups NNS X O
will MD X O
provide VB X O
a DT X O
regular JJ X O
programme NN X O
of IN X O
activity NN X O
that WDT X O
seeks VBZ X O
to TO X O
educate VB X O
, , X O
inspire NN X O
and CC X O
empower VB X O
young JJ X O
people NNS X O
At IN X O

C NNP X O
. . X O
A NNP X O
. . X O
R NNP X O
. . X O
S NNP X O
. . X O
we PRP X O
believe VBP X O
our PRP$ X O
most RBS X O
valuable JJ X O
asset NN X O
is VBZ X O
our PRP$ X O
staff NN X O
and CC X O
provide VB X O
an DT X O
environment NN X O
where WRB X O
hard JJ X B-Skill
work NN X I-Skill
, , X O
commitment NN X B-Skill
and CC X O
achievement NN X B-Skill
never RB X O
go VBP X O
unrewarded JJ X O
. . X O
As IN X O

a DT X O
Recruitment NNP X B-Occupation
Advisor NNP X I-Occupation
you PRP X O
will MD X O
manage VB X B-Skill
the DT X I-Skill
high JJ X I-Skill
volume NN X I-Skill
recruitment NN X I-Skill
of IN X O
a DT X O
breadth NN X O
of IN X O
roles NNS X O
across IN X O
the DT X O
organisation NN X O
. . X O
This DT X O

is VBZ X O
an DT X O
exciting JJ X O
opportunity NN X O
for IN X O
a DT X O
customer NN X B-Skill
focused VBD X I-Skill
individual JJ X O
looking VBG X O
to TO X O
play VB X O
a DT X O
vital JJ X O
role NN X O
in IN X O
the DT X O
success NN X O
of IN X O
a DT X O
key JJ X O
housing NN X O
project NN X O
. . X O
Your PRP$ X O

role NN X O
will MD X O
be VB X O
to TO X O
sell VB X B-Skill
Facebook NNP X I-Skill
advertising VBG X I-Skill
space NN X I-Skill
to TO X I-Skill
Small VB X I-Skill
to TO X I-Skill
Medium NNP X I-Skill
Enterprises NNP X I-Skill
. . X O
Maintain NNP X B-Skill

and CC X I-Skill
update JJ X I-Skill
any DT X I-Skill
manual JJ X I-Skill
systems NNS X I-Skill
within IN X I-Skill
agreed JJ X I-Skill
timescales NNS X I-Skill
Produce VBP X I-Skill
letters NNS X I-Skill
to TO X I-Skill
customers NNS X I-Skill
and CC X I-Skill
partners NNS X I-Skill
on IN X I-Skill
a DT X I-Skill
standard JJ X I-Skill
timetable NN X I-Skill
or CC X I-Skill
at IN X I-Skill
the DT X I-Skill
direction NN X I-Skill
of IN X I-Skill
the DT X I-Skill
team NN X I-Skill
officers NNS X I-Skill
or CC X I-Skill
managers NNS X I-Skill
Essential JJ X O
Criteria NNS X O
: : X O
Excellent JJ X B-Skill
efficient NN X I-Skill
and CC X I-Skill
accurate JJ X I-Skill
administrative JJ X I-Skill
skills NNS X I-Skill
**** JJ X O

K NNP X O
per IN X O
annum NN X O
Pension NNP X O
Scheme NNP X O
, , X O
Private NNP X O
Medical NNP X O
, , X O
10 CD X O
% NN X O
Quarterly JJ X O
Bonus NNP X O
, , X O
Annual NNP X O
Salary NNP X O
Review NNP X O
, , X O
all DT X O
travel NN X O
, , X O
accommodation NN X O
and CC X O
expenses NNS X O
paid VBN X O
. . X O
it PRP X O

is VBZ X O
for IN X O
a DT X O
very RB X O
reuptable JJ X O
banking NN X O
client NN X O
who WP X O
are VBP X O
happy JJ X O
to TO X O
see VB X O
candidates NNS X O
outside IN X O
of IN X O
the DT X O
banking NN X O
industry NN X O
. . X O
Reconciliation NNP X B-Skill

skills VBZ X I-Skill
Ability NNP X I-Skill
to TO X I-Skill
initiate VB X I-Skill
and CC X I-Skill
sustain VB X I-Skill
process NN X I-Skill
improvement NN X I-Skill
Royalty NNP X I-Skill
reporting NN X I-Skill
experience NN X O
desirable JJ X O
/ NN X O
not RB X O
essential JJ X O
If IN X O

this DT X O
appeals NNS X O
to TO X O
you PRP X O
, , X O
and CC X O
you PRP X O
have VBP X B-Skill
your PRP$ X I-Skill
own JJ X I-Skill
transport NN X I-Skill
, , X O
we PRP X O
would MD X O
love VB X O
to TO X O
hear VB X O
from IN X O
you PRP X O
. . X O
All DT X O

interested JJ X O
applicants NNS X O
should MD X O
contact VB X O
Charge NNP X O
Nurse NNP X O
Lillian NNP X O
Weir NNP X O
in IN X O
the DT X O
Surgical NNP X O
High NNP X O
Dependency NNP X O
Unit NNP X O
on IN X O
Also RB X O

must MD X O
have VB X O
an DT X O
excellent JJ X O
understanding NN X B-Skill
of IN X I-Skill
the DT X I-Skill
financial JJ X I-Skill
markets NNS X I-Skill
and CC X I-Skill
hedge NN X I-Skill
funds NNS X I-Skill
, , X O
very RB X O
good JJ X O
knowledge NN X B-Skill
of IN X I-Skill
fixed JJ X I-Skill
income NN X I-Skill
, , X I-Skill
equity NN X I-Skill
and CC X I-Skill
currency NN X I-Skill
trading NN X I-Skill
technology NN X I-Skill
, , X O
previous JJ X O
experience NN X O
working VBG X B-Skill
with IN X I-Skill
Bloomberg NNP X I-Skill
and CC X I-Skill
Reuters NNPS X I-Skill
and CC X O
finally RB X O
excellent JJ X O
understanding NN X B-Skill
of IN X I-Skill
information NN X I-Skill
flows NNS X I-Skill
from IN X I-Skill
idea NN X I-Skill
generation NN X I-Skill
, , X O
order NN X B-Skill
placement NN X I-Skill
, , X O
execution NN X B-Skill
through IN X I-Skill
to TO X I-Skill
booking VBG X I-Skill
. . X O
A DT X O

mechanically RB X O
biased VBN X O
engineer NN X B-Occupation
with IN X O
some DT X O
HVAC NNP X B-Skill
/ NNP X O
Building NNP X B-Skill
Services NNPS X I-Skill
experience NN X O
is VBZ X O
required VBN X O
to TO X O
join VB X O
a DT X O
engineering NN X O
organisation NN X O
to TO X O
train VB X O
in IN X O
validation NN X O
. . X O
The DT X O

analyst NN X B-Occupation
will MD X O
be VB X O
responsible JJ X O
for IN X O
delivering VBG X B-Skill
direct JJ X I-Skill
marketing NN X I-Skill
strategy NN X I-Skill
and CC X I-Skill
customer NN X I-Skill
insight NN X I-Skill
analysis NN X I-Skill
using VBG X O
either CC X O
SAS NNP X O
, , X O
SPSS NNP X O
or CC X O
SQL NNP X O
, , X O
and CC X O
sitting VBG X B-Skill
specifically RB X I-Skill
within IN X I-Skill
the DT X I-Skill
campaign NN X I-Skill
team NN X I-Skill
, , X O
in IN X O
order NN X O
to TO X O
provide VB X B-Skill
solutions NNS X I-Skill
to TO X I-Skill
consult VB X I-Skill
in IN X I-Skill
to TO X I-Skill
the DT X I-Skill
company NN X I-Skill
' POS X I-Skill
s NN X I-Skill
big JJ X I-Skill
name NN X I-Skill
clients NNS X I-Skill
. . X O
It PRP X O

is VBZ X O
the DT X O
Trust NNP X O
' POS X O
s NN X O
practice NN X O
to TO X O
review VB X O
, , X O
from IN X O
time NN X O
to TO X O
time NN X O
, , X O
employee NN X O
s NNS X O
job NN X O
descriptions NNS X O
and CC X O
to TO X O
revise VB X O
them PRP X O
to TO X O
ensure VB X O
that IN X O
they PRP X O
relate VBP X O
to TO X O
the DT X O
job NN X O
as IN X O
it PRP X O
is VBZ X O
being VBG X O
performed VBN X O
or CC X O
to TO X O
incorporate VB X O
any DT X O
changes NNS X O
being VBG X O
proposed VBN X O
. . X O
Flexible JJ X O

shift NN X O
patterns NNS X O
are VBP X O
also RB X O
offered VBN X O
to TO X O
suit VB X O
your PRP$ X O
lifestyle NN X O
. . X O
This DT X O

will MD X O
include VB X O
oversight NN X O
of IN X O
, , X O
and CC X O
support NN X O
for IN X O
, , X O
team NN X B-Occupation
managers NNS X I-Occupation
to TO X O
ensure VB X O
that DT X O
quality NN X O
monitoring VBG X O
reviews NNS X O
undertaken JJ X O
across IN X O
Customer NNP X O
Relations NNPS X O
are VBP X O
fit VBN X O
for IN X O
purpose NN X O
. . X O
Optimisation NN X B-Skill

of IN X I-Skill
financial JJ X I-Skill
models NNS X I-Skill
through IN X O
analysis NN X B-Skill
of IN X I-Skill
the DT X I-Skill
financial JJ X I-Skill
model NN X I-Skill
, , X O
key JJ X O
financial JJ X B-Domain
drivers NNS X I-Domain
for IN X I-Domain
the DT X I-Domain
bid NN X I-Domain
, , X O
affordability NN X B-Skill
constraints NNS X I-Skill
etc VBP X O
in IN X O
order NN X O
to TO X O
help VB X O
maximise VB X B-Skill
the DT X I-Skill
competitiveness NN X I-Skill
of IN X I-Skill
the DT X I-Skill
bid NN X I-Skill
. . X O
All DT X O

applications NNS X O
are VBP X O
dealt JJ X O
with IN X O
in IN X O
the DT X O
strictest NN X O
of IN X O
confidence NN X O
. . X O
You PRP X O

will MD X O
also RB X O
manage VB X B-Skill
and CC X I-Skill
review VB X I-Skill
the DT X I-Skill
PSL NNP X I-Skill
' POS X I-Skill
s NNS X I-Skill
agreed VBD X I-Skill
with IN X I-Skill
several JJ X I-Skill
recruitment NN X I-Skill
agencies NNS X I-Skill
. . X O
Wallpaper NNP X O

has VBZ X O
attracted VBN X O
the DT X O
most RBS X O
sophisticated JJ X O
global JJ X O
audience NN X O
by IN X O
constantly RB X O
pushing VBG X O
into IN X O
new JJ X O
creative JJ X O
territories NNS X O
and CC X O
ensuring VBG X B-Skill
its PRP$ X I-Skill
coverage NN X I-Skill
of IN X I-Skill
everything NN X I-Skill
from IN X O
architecture NN X O
to TO X O
motoring NN X O
, , X O
fashion NN X O
to TO X O
travel VB X O
, , X O
and CC X O
interiors NNS X O
to TO X O
jewellery NN X O
remains VBZ X O
unrivalled JJ X O
. . X O
We PRP X O

are VBP X O
currently RB X O
looking VBG X O
to TO X O
recruit VB X O
a DT X O
Business NNP X B-Occupation
Intelligence NNP X I-Occupation
Consultant NNP X I-Occupation
to TO X O
join VB X O
a DT X O
consultancy NN X O
specialising VBG X O
in IN X O
Tableau NNP X B-Skill
software NN X I-Skill
. . X O
**** JJ X O

K NNP X O
Excellent NNP X O
, , X O
flexible JJ X O
benefits NNS X O
package NN X O
Can MD X O
be VB X O
based VBN X O
mainly RB X O
from IN X O
home NN X O
but CC X O
must MD X O
be VB X O
able JJ X B-Skill
to TO X I-Skill
travel VB X I-Skill
when WRB X O
needed VBN X O
Opportunity NNP X O
to TO X O
work VB X O
for IN X O
an DT X O
industry NN X B-Domain
leader NN X O
Must RB X O

be VB X O
flexible JJ X B-Skill
regarding VBG X O
working VBG X O
hours NNS X O
to TO X O
cover VB X O
extra JJ X O
shifts NNS X O
and CC X O
weekends NNS X O
. . X O
Our PRP$ X O

excellent JJ X O
team NN X O
of IN X O
dedicated JJ X O
staff NN X O
have VBP X O
worked VBN X O
with IN X O
total JJ X O
commitment NN X O
and CC X O
dedication NN X O
to TO X O
provide VB X O
an DT X O
' CD X O
outstanding JJ X O
' '' X O
OfSTED JJ X O
2010 CD X O
school NN X O
for IN X O
our PRP$ X O
community NN X O
. . X O
Across IN X O

all DT X O
areas NNS X O
of IN X O
care NN X O
, , X O
we PRP X O
seek VBP X O
to TO X O
provide VB X B-Skill
specialist NN X I-Skill
and CC X I-Skill
general JJ X I-Skill
services NNS X I-Skill
fairly RB X I-Skill
and CC X I-Skill
efficiently RB X I-Skill
and CC X I-Skill
to TO X I-Skill
the DT X I-Skill
highest JJS X I-Skill
standards NNS X I-Skill
. . X O
Never RB X O

has VBZ X O
it PRP X O
been VBN X O
more RBR X O
exciting JJ X O
to TO X O
join VB X O
a DT X O
local JJ X O
, , X O
leading JJ X O
recruiter NN X B-Domain
. . X O
Broad NNP X O

PVG NNP X B-Skill
Skills NNP X I-Skill
set VBD X O
Ability NNP X O
to TO X O
deal VB X O
with IN X O
complex JJ X O
pharmacovigilance NN X B-Domain
issues NNS X O
Acumen NNP X B-Skill
to TO X I-Skill
face NN X I-Skill
clients NNS X I-Skill
, , X O
convert JJ X O
opportunity NN X O
and CC X O
negotiate VB X O
on IN X O
pricing NN X B-Skill
, , X O
budget NN X B-Skill
and CC X O
services NNS X B-Domain
deliver VB X B-Skill

the DT X I-Skill
PPC NNP X I-Skill
strategy NN X I-Skill
working VBG X O
directly RB X O
with IN X O
Google NNP X O
Paid NNP X O
Natural NNP X O
deliver VB X B-Skill
the DT X I-Skill
paid VBN X I-Skill
natural JJ X I-Skill
search NN X I-Skill
strategy NN X I-Skill
working VBG X I-Skill
directly RB X I-Skill
with IN X I-Skill
the DT X I-Skill
supplier NN X I-Skill
Manage NNP X I-Skill
/ NNP X I-Skill
Oversee NNP X I-Skill
the DT X I-Skill
eCRM NN X I-Skill
schedule NN X I-Skill
and CC X O
delivery NN X B-Skill
of IN X I-Skill
the DT X I-Skill
eCRM JJ X I-Skill
program NN X I-Skill
Manage NN X I-Skill
**** JJ X O

statutory JJ X O
holidays NNS X O
Money NNP X O
purchase NN X O
pension NN X O
scheme NN X O
with IN X O
matched VBN X O
contribution NN X O
up RB X O
to TO X O
6 CD X O
% NN X O
of IN X O
salary JJ X O
, , X O

**** '' X O
g NN X O
, , X O
SQL NNP X B-Skill
, , X I-Skill
PL NNP X I-Skill
, , X I-Skill
SQL NNP X I-Skill
, , X O
Developer NNP X B-Occupation
, , X O
Consultant NNP X B-Occupation
, , X O
Business NNP X B-Skill
Intelligence NNP X I-Skill
West NNP X O
London NNP X O
On IN X O

a DT X O
daytoday JJ X O
basis NN X O
, , X O
the DT X O
candidate NN X O
will MD X O
be VB X O
expected VBN X O
to TO X O
design VB X B-Skill
, , X O
organise NN X B-Skill
, , X O
set VBN X B-Skill
up RP X I-Skill
and CC X I-Skill
deliver VB X I-Skill
courses NNS X I-Skill
to TO X O
meet VB X O
the DT X O
needs NNS X O
of IN X O
all DT X O
staff NN X O
and CC X O
monitor NN X O
and CC X O
evaluate VB X B-Skill
the DT X I-Skill
quality NN X I-Skill
and CC X I-Skill
effectiveness NN X I-Skill
of IN X I-Skill
training NN X I-Skill
, , X I-Skill
assessment NN X I-Skill
and CC X I-Skill
outcomes NNS X I-Skill
of IN X I-Skill
courses NNS X I-Skill
delivered VBN X I-Skill
. . X O
If IN X O

you PRP X O
have VBP X O
Trust NNP X B-Skill
Deed NNP X I-Skill
experience NN X O
, , X O
please VB X O
apply VB X O
ASAP NNP X O
to TO X O
this DT X O
ad NN X O
for IN X O
immediate JJ X O
consideration NN X O
. . X O
Work NN X O

with IN X O
the DT X O
NCS NNP X O
Programme NNP X O
Assistants NNP X O
to TO X O
ensure VB X B-Skill
all DT X I-Skill
programme NN X I-Skill
logistics NNS X I-Skill
are VBP X I-Skill
in IN X I-Skill
place NN X I-Skill
e NN X O
. . X O
g NN X O
. . X O
participant JJ X O
sign NN X O
ups NNS X O
, , X O
site NN X O
bookings NNS X O
/ NNP X O
liaison NN X O
, , X O
travel NN X O
arrangements NNS X O
, , X O
equipment NN X O
, , X O
all DT X O
additional JJ X O
needs NNS X O
are VBP X O
identified VBN X O
and CC X O
met VBD X O
5 CD X O
. . X O
Good JJ X O

awareness NN X O
of IN X O
IT NNP X B-Skill
Project NNP X I-Skill
Management NNP X I-Skill
disciplines NNS X O
and CC X O
the DT X O
end NN X B-Skill
to TO X I-Skill
end VB X I-Skill
project NN X I-Skill
lifecycle NN X I-Skill
. . X O
Design NN X B-Skill

and CC X I-Skill
implement NN X I-Skill
an DT X I-Skill
effective JJ X I-Skill
recruitment NN X I-Skill
strategy NN X I-Skill
, , X O
to TO X O
attract VB X O
the DT X O
target NN X O
number NN X O
of IN X O
participants NNS X O
to TO X O
the DT X O
NCS NNP X O
programme NN X O
our PRP$ X O

client NN X O
will MD X O
be VB X O
providing VBG X O
the DT X O
successful JJ X O
candidate NN X O
with IN X O
20 CD X O
days NNS X O
holiday JJ X O
plus CC X O
bank NN X O
holidays NNS X O
, , X O
company NN X O
contributory JJ X O
pension NN X O
along IN X O
with IN X O
training NN X O
and CC X O
career NN X O
development NN X O
. . X O
You PRP X O

will MD X O
ideally RB X O
live VB X B-Skill
within IN X I-Skill
the DT X I-Skill
Bromley NNP X I-Skill
area NN X I-Skill
or CC X O
be VB X O
able JJ X B-Skill
to TO X I-Skill
travel VB X I-Skill
to TO X I-Skill
the DT X I-Skill
Bromley NNP X I-Skill
area NN X I-Skill
and CC X O
have VBP X O
a DT X O
working JJ X B-Skill
experience NN X I-Skill
of IN X I-Skill
a DT X I-Skill
main JJ X I-Skill
dealer NN X I-Skill
showroom NN X I-Skill
. . X O
RGN NNP X B-Occupation

Nurse NNP X I-Occupation
to TO X O
work VB X O
with IN X O
Elderly NNP X O
and CC X O
also RB X O
younger JJR X O
Adults NNS X O
Be NNP X O

responsible JJ X O
for IN X O
the DT X O
internal JJ X O
IT NNP X B-Skill
infrastructure NN X I-Skill
Answer NNP X I-Skill
phones VBZ X I-Skill
promptly RB X O
and CC X O
efficiently RB X O
Update NNP X O
and CC X O
manage VB X O
the DT X O
company NN X O
s VBZ X O
database NN X B-Skill
Record NNP X I-Skill
and CC X I-Skill
manage VB X I-Skill
support NN X I-Skill
calls VBZ X I-Skill
into IN X O
the DT X O
business NN X O
Liaise NNP X B-Skill
with IN X I-Skill
contracted JJ X I-Skill
external JJ X I-Skill
third JJ X I-Skill
party NN X I-Skill
support NN X I-Skill
companies NNS X I-Skill
to TO X O
ensure VB X O
support NN X B-Skill
tasks NNS X I-Skill
are VBP X O
handled VBN X O
promptly RB X O
Complete JJ X B-Skill
accreditation NN X I-Skill
and CC X I-Skill
exams NNS X I-Skill
set VBD X O
out RP X O
in IN X O
your PRP$ X O
personal JJ X O
development NN X O
plan NN X O
A DT X B-Skill

driven JJ X I-Skill
Chef NNP X B-Occupation
de FW X I-Occupation
Partie NNP X I-Occupation
is VBZ X O
required VBN X O
to TO X O
work VB X O
in IN X O
a DT X O
great JJ X O
country NN X O
pub NN X O
environment NN X O
in IN X O
the DT X O
Kidderminster NNP X O
area NN X O
, , X O
to TO X O
work VB X O
along RB X O
Michelin NNP X O
Trained NNP X B-Occupation
Chef NNP X I-Occupation
/ NNP X I-Occupation
Owner NNP X I-Occupation
. . X O
Must NNP X O

have VBP X O
experience NN X B-Experience
of IN X O
selling VBG X B-Skill
into IN X I-Skill
High NNP X I-Skill
street NN X I-Skill
retailers NNS X I-Skill
and CC X I-Skill
department NN X I-Skill
stores NNS X I-Skill
. . X O
You PRP X O

will MD X O
be VB X O
managing VBG X B-Skill
the DT X I-Skill
payroll NN X I-Skill
of IN X I-Skill
contract NN X I-Skill
changes NNS X I-Skill
and CC X O
personal JJ X B-Skill
changes NNS X I-Skill
and CC X O
be VB X O
able JJ X O
to TO X O
take VB X B-Skill
part NN X I-Skill
in IN X I-Skill
audit NN X I-Skill
processes NNS X I-Skill
. . X O
The DT X O

Supplier NNP X O
Hub NNP X O
team NN X O
are VBP X O
responsible JJ X O
for IN X O
the DT X O
registration NN X B-Skill
of IN X I-Skill
both DT X I-Skill
industrial JJ X I-Skill
and CC X I-Skill
commercial JJ X I-Skill
electricity NN X I-Skill
customers NNS X I-Skill
and CC X O
for IN X O
industry NN X B-Skill
data NNS X I-Skill
management NN X I-Skill
. . X O
Our PRP$ X O

client NN X O
, , X O
a DT X O
Hampshire NNP X O
based VBN X O
local JJ X O
authority NN X O
are VBP X O
looking VBG X O
for IN X O
an DT X O
experienced JJ X B-Skill
person NN X O
to TO X O
join VB X O
their PRP$ X O
busy JJ X O
team NN X O
for IN X O
an DT X O
initial JJ X O
assignment NN X O
of IN X O
three CD X O
months NNS X O
with IN X O
a DT X O
possibility NN X O
of IN X O
extending VBG X O
should MD X O
the DT X O
need NN X O
require VBP X O
it PRP X O
. . X O
**** FW X O

per IN X O
hour NN X O
plus CC X O
shift NN X O
allowance NN X O
with IN X O
a DT X O
view NN X O
of IN X O
this DT X O
increasing VBG X O
once RB X O
taken VBN X O
on IN X O
permanent NN X O
. . X O
Candidate NN X O

must MD X O
have VB X O
hardware NN X B-Domain
and CC X O
software NN X B-Domain
experience NN X O
to TO X O
support VB X B-Skill
a DT X I-Skill
wide JJ X I-Skill
variety NN X I-Skill
of IN X I-Skill
client NN X I-Skill
owned VBN X I-Skill
equipment NN X I-Skill
. . X O
To TO X O

work VB X B-Skill
closely RB X I-Skill
with IN X I-Skill
the DT X I-Skill
Information NN X B-Occupation
Analysts NNS X I-Occupation
to TO X O
ensure VB X B-Skill
that IN X I-Skill
reporting NN X I-Skill
and CC X I-Skill
commissioning VBG X I-Skill
performance NN X I-Skill
is VBZ X I-Skill
guaranteed VBN X I-Skill
. . X O
**** JJ X O

employees NNS X O
offering VBG X O
a DT X O
wide JJ X O
range NN X O
of IN X O
care NN X B-Skill
and CC X I-Skill
support NN X I-Skill
services NNS X I-Skill
in IN X I-Skill
the DT X I-Skill
community NN X I-Skill
. . X O
Along IN X O

with IN X O
this DT X O
they PRP X O
offer VBP X O
you PRP X O
the DT X O
opportunity NN X O
to TO X O
get VB X O
certified JJ X O
whilst NN X O
on IN X O
the DT X O
job NN X O
. . X O
Commit NN X O

to TO X O
continuous JJ X O
improvement NN X O
of IN X O
self NN X O
, , X O
team NN X O
and CC X O
the DT X O
company NN X O
as IN X O
a DT X O
whole JJ X O
The DT X O
Ideal NNP X O
Software NNP X B-Occupation
Engineer NNP X I-Occupation
: : X O
Deputy NNP X B-Occupation

Manager NNP X I-Occupation
registered VBD X I-Occupation
nurse NN X I-Occupation
is VBZ X O
required VBN X O
for IN X O
a DT X O
medium NN X O
sized VBN X O
nursing NN X O
home NN X O
in IN X O
Salisbury NNP X O
. . X O
This DT X O

role NN X O
will MD X O
involve VB X O
testing VBG X B-Skill
software NN X I-Skill
, , X I-Skill
investigating VBG X I-Skill
bugs NNS X I-Skill
/ JJ X I-Skill
issues NNS X I-Skill
and CC X O
General NNP X B-Skill
IT NNP X I-Skill
/ NNP X I-Skill
system NN X I-Skill
support NN X I-Skill
. . X O
Support VB X B-Skill

the DT X I-Skill
company NN X I-Skill
team NN X I-Skill
in IN X I-Skill
all DT X I-Skill
activities NNS X I-Skill
, , X O
and CC X O
promote VB X B-Skill
good JJ X I-Skill
will MD X I-Skill
The DT X O

ideal JJ X O
candidate NN X O
must MD X O
have VB X O
good JJ X B-Skill
communication NN X I-Skill
and CC X I-Skill
interpersonal JJ X I-Skill
skills NNS X I-Skill
, , X O
with IN X O
clear JJ X B-Skill
spoken JJ X I-Skill
English NNP X I-Skill
, , X O
have VBP X O
a DT X O
friendly JJ X B-Skill
aptitude NN X I-Skill
, , X O
be VB X O
flexible JJ X B-Skill
and CC X O
hardworking NN X B-Skill
. . X O
General NNP X B-Skill

management NN X I-Skill
experience NN X I-Skill
Knowledge NNP X I-Skill
of IN X I-Skill
quality NN X I-Skill
standards NNS X I-Skill
They PRP X O

can MD X O
offer VB X O
a DT X O
wide JJ X O
range NN X O
of IN X O
schemes NNS X O
varying VBG X O
in IN X O
size NN X O
from IN X O
1m CD X O
50m CD X O
across IN X O
the DT X O
commercial NN X B-Domain
, , X O
leisure NN X B-Domain
, , X O
retail JJ X B-Domain
, , X O
education NN X B-Domain
and CC X O
research NN X B-Domain
sectors NNS X I-Domain
and CC X O
a DT X O
highly RB X O
trained JJ X O
team NN X O
ready NN X O
to TO X O
support VB X O
you PRP X O
. . X O
Monitor NNP X B-Skill

and CC X I-Skill
review VB X I-Skill
store NN X I-Skill
performance NN X I-Skill
on IN X O
a DT X O
regular JJ X O
daily JJ X O
, , X O
weekly JJ X O
and CC X O
monthly JJ X O
basis NN X O
and CC X O
communicate VB X O
this DT X O
to TO X O
all DT X O
associates NNS X O
. . X O
The DT X O

company NN X O
is VBZ X O
well RB X O
resourced VBN X O
with IN X O
an DT X O
outstanding JJ X O
reputation NN X O
for IN X O
attracting VBG X O
and CC X O
retaining VBG X O
the DT X O
best JJS X O
talent NN X O
, , X O
and CC X O
developing VBG X O
its PRP$ X O
most JJS X O
promising JJ X O
leadership NN X O
capability NN X O
. . X O
Some DT X O

experience NN X O
overseeing VBG X B-Skill
the DT X I-Skill
work NN X I-Skill
of IN X I-Skill
more JJR X I-Skill
junior JJ X I-Skill
designers NNS X I-Skill
, , X I-Skill
nurturing VBG X I-Skill
creative JJ X I-Skill
talent NN X I-Skill
and CC X O
encouraging VBG X B-Skill
strategic JJ X I-Skill
thinking NN X I-Skill
. . X O
IT NNP X B-Occupation

literate NN X I-Occupation
with IN X O
strong JJ X O
analytical JJ X B-Skill
skills NNS X O
A DT X O
current JJ X O
driving NN X O
licence NN X O
with IN X O
no DT X O
more JJR X O
than IN X O
Assisting VBG X O

with IN X O
the DT X O
development NN X B-Skill
and CC X I-Skill
ongoing JJ X I-Skill
function NN X I-Skill
of IN X I-Skill
the DT X I-Skill
team NN X I-Skill
in IN X O
matters NNS X O
relating VBG X O
to TO X O
the DT X O
HR NNP X B-Domain
Provision NNP X O
of IN X O
Case NNP X B-Skill
Management NNP X I-Skill
Service NNP X O
, , X O
Head NNP X O
Office NNP X O
and CC X O
other JJ X O
employed JJ X O
personnel NNS X O
. . X O
To TO X O

undertake VB X O
normally RB X O
no DT X O
more JJR X O
than IN X O
two CD X O
additional JJ X O
responsibilities NNS X O
made VBD X O
up IN X O
of IN X O
no DT X O
more JJR X O
than IN X O
four CD X O
activities NNS X O
as IN X O
agreed VBN X O
with IN X O
the DT X O
Programme NNP X B-Occupation
Area NNP X I-Occupation
Manager NNP X I-Occupation
in IN X O
order NN X O
to TO X O
contribute VB X O
to TO X O
the DT X O
effective JJ X B-Skill
functioning NN X I-Skill
and CC X I-Skill
development NN X I-Skill
of IN X I-Skill
the DT X I-Skill
programme JJ X I-Skill
area NN X I-Skill
, , X I-Skill
faculty NN X I-Skill
or CC X I-Skill
college NN X I-Skill
objectives NNS X I-Skill
. . X O
**** NN X O

in IN X O
Health NNP X B-Domain
and CC X I-Domain
Social NNP X I-Domain
care NN X I-Domain
and CC X O
/ NN X O
or CC X O
Management NNP X B-Skill
Experience NNP X I-Skill
of IN X O
using VBG X O
a DT X B-Skill
rota NN X I-Skill
software NN X I-Skill
Be NNP X O
able JJ X O
to TO X O
deliver VB X B-Skill
training NN X I-Skill
to TO X I-Skill
staff NN X I-Skill
. . X O
Firstly RB X O

, , X O
the DT X O
sous JJ X B-Occupation
chef NN X I-Occupation
will MD X O
, , X O
of IN X O
course NN X O
, , X O
be VB X O
a DT X O
very RB X O
strong JJ X O
cook NN X O
with IN X O
excellent JJ X O
ability NN X O
and CC X O
experience NN X O
in IN X O
both DT X O
a DT X B-Skill
la NN X I-Skill
carte NN X I-Skill
and CC X I-Skill
banqueting NN X I-Skill
who WP X O
feels VBZ X O
very RB X B-Skill
at IN X I-Skill
home NN X I-Skill
in IN X I-Skill
the DT X I-Skill
kitchen NN X I-Skill
and CC X O
leading VBG X B-Skill
the DT X I-Skill
brigade NN X I-Skill
when WRB X O
needed VBN X O
. . X O
YOU NN X O

MUST NNP X O
HAVE VBP X O
A NNP X O
BACKGROUND NNP X O
WITHIN NNP X O
EXPRESS NNP X B-Domain
PARCELS NNP X I-Domain
, , X O
MAIL NNP X B-Domain
, , X O
COURIER NNP X B-Domain
, , X O
FREIGHT NNP X B-Domain
FORWARDING NNP X I-Domain
OR NNP X O
GENERAL NNP X B-Domain
TRANSPORT NNP X I-Domain
. . X O
Ideally RB X O

you PRP X O
will MD X O
have VB X O
experience NN X B-Skill
or CC X O
have VBP X O
completed VBN X B-Skill
training NN X I-Skill
with IN X I-Skill
Corporate NNP X I-Skill
Commercial NNP X I-Skill
Law NNP X I-Skill
and CC X I-Skill
Property NNP X I-Skill
Law NNP X I-Skill
. . X O
My PRP$ X O

client NN X O
is VBZ X O
a DT X O
100m CD X O
turnover NN X O
ECommerce NNP X O
business NN X O
, , X O
based VBN X O
on IN X O
the DT X O
outskirts NNS X O
of IN X O
Manchester NNP X O
. . X O
A DT X O

flexible JJ X B-Skill
working JJ X I-Skill
attitude NN X I-Skill
is VBZ X O
key JJ X O
as IN X O
evening NN X O
and CC X O
weekend NN X O
work NN X O
will MD X O
be VB X O
also RB X O
required VBN X O
. . X O
**** NN X O

in IN X O
gift NN X O
vouchers NNS X O
, , X O
for IN X O
any DT X O
successful JJ X O
recommendations NNS X O
, , X O
which WDT X O
leads VBZ X O
to TO X O
a DT X O
hire NN X O
. . X O
From IN X O

CRG NNP X O
AHP NNP X O
you PRP X O
can MD X O
expect VB X O
the DT X O
following JJ X O
benefits NNS X O
: : X O
Designated VBN X O
AHP NNP X O
Team NNP X O
available JJ X O
We PRP X O

are VBP X O
acting VBG X O
as IN X O
a DT X O
Recruitment NNP X O
Business NNP X O
in IN X O
relation NN X O
to TO X O
this DT X O
role NN X O
. . X O
Contribute NN X O

to TO X O
and CC X O
review VB X B-Skill
test NN X I-Skill
plans NNS X I-Skill
to TO X O
ensure VB X O
that DT X O
critical JJ X B-Skill
deliverables NNS X I-Skill
are VBP X O
adequately RB X O
within IN X O
an DT X O
approach NN X O
that WDT X O
balances VBZ X O
the DT X O
test NN X O
effort NN X O
against IN X O
the DT X O
business NN X B-Domain
appetite NN X O
for IN X O
expediency NN X O
. . X O
A DT X O

working VBG X O
knowledge NN X O
of IN X O
Windows NNP X B-Skill
Server NNP X I-Skill
and CC X O
IIS NNP X B-Skill
configuration NN X I-Skill
Excellent NNP X O
communication NN X B-Skill
and CC X O
interpersonal JJ X B-Skill
skills NNS X O
Handling VBG X O

enquiries NNS X O
in IN X O
a DT X O
polite JJ X B-Skill
, , X O
efficient JJ X B-Skill
and CC X O
proactive JJ X B-Skill
way NN X O
THE NNP X O
PERSON NNP X O
Our PRP$ X O
client NN X O
is VBZ X O
looking VBG X O
for IN X O
someone NN X O
who WP X O
is VBZ X O
polite JJ X O
, , X O
friendly JJ X B-Skill
and CC X O
professional JJ X B-Skill
with IN X O
an DT X O
excellent JJ X O
telephone NN X B-Skill
manner NN X I-Skill
and CC X O
great JJ X O
people NNS X B-Skill
skills NNS X I-Skill
. . X O
Working VBG X B-Skill

closely RB X I-Skill
with IN X I-Skill
different JJ X I-Skill
departments NNS X I-Skill
to TO X I-Skill
ensure VB X I-Skill
the DT X I-Skill
quality NN X I-Skill
of IN X I-Skill
service NN X I-Skill
is VBZ X I-Skill
there RB X I-Skill
at IN X I-Skill
all DT X I-Skill
times NNS X I-Skill
Access NNP X B-Occupation

Control NNP X I-Occupation
CCTV NNP X I-Occupation
Engineer NNP X I-Occupation
Location NNP X O
: : X O
Sale NN X O
, , X O
Manchester NNP X O
Start NNP X O
Date NNP X O
: : X O
The DT X O

ability NN X O
to TO X O
accurately RB X O
input VB X B-Skill
data NNS X I-Skill
at IN X I-Skill
speed NN X I-Skill
is VBZ X O
essential JJ X O
and CC X O
to TO X O
meet VB X B-Skill
deadlines NNS X I-Skill
in IN X I-Skill
a DT X I-Skill
busy JJ X I-Skill
office NN X I-Skill
environment NN X I-Skill
. . X O
this DT X O

is VBZ X O
a DT X O
fantastic JJ X O
opportunity NN X O
for IN X O
a DT X O
talented JJ X B-Skill
professional NN X I-Skill
to TO X O
join VB X O
a DT X O
company NN X O
offering VBG X O
a DT X O
great JJ X O
working JJ X O
environment NN X O
. . X O
Excellent JJ X B-Skill

communication NN X I-Skill
and CC X O
interpersonal JJ X B-Skill
skills NNS X I-Skill
are VBP X O
essential JJ X O
coupled VBN X O
with IN X O
the DT X O
ability NN X B-Skill
to TO X I-Skill
take VB X I-Skill
ownership NN X I-Skill
and CC X O
work NN X B-Skill
autonomously RB X I-Skill
. . X O
With IN X O

a DT X O
good JJ X O
head NN X O
for IN X O
business NN X O
and CC X O
proven NN X O
experience NN X O
leading VBG X B-Skill
people NNS X I-Skill
experience NN X O
you PRP X O
' '' X O
re NNS X O
now RB X O
eager VBP X O
for IN X O
your PRP$ X O
next JJ X O
challenge NN X O
. . X O
Experience NN X O

of IN X O
project NN X B-Skill
management NN X I-Skill
of IN X I-Skill
software NN X I-Skill
projects NNS X I-Skill
Using VBG X O
formal JJ X O
structured JJ X B-Skill
management NN X I-Skill
techniques NNS X I-Skill
Experience NNP X O
of IN X O
producing VBG X B-Skill
project NN X I-Skill
documentation NN X I-Skill
not RB X O
limited VBN X O
to TO X O
Prince VB X B-Skill
2 CD X I-Skill
methodologies NNS X I-Skill
This DT X O

is VBZ X O
a DT X O
great JJ X O
opportunity NN X O
to TO X O
join VB X O
a DT X O
fast JJ X O
growing VBG X O
successful JJ X O
Software NNP X B-Domain
House NNP X O
, , X O
with IN X O
the DT X O
opportunity NN X O
to TO X O
make VB X O
your PRP$ X O
mark NN X O
on IN X O
the DT X O
way NN X O
they PRP X O
push VBP X O
mobile JJ X B-Domain
development NN X I-Domain
forward RB X O
and CC X O
to TO X O
broaden VB X O
your PRP$ X O
technology NN X O
skill NN X O
set VBN X O
. . X O
You PRP X O

will MD X O
be VB X O
required VBN X O
to TO X O
oversee VB X B-Skill
and CC X I-Skill
supervise VB X I-Skill
the DT X I-Skill
continued JJ X I-Skill
production NN X I-Skill
of IN X I-Skill
a DT X I-Skill
number NN X I-Skill
of IN X I-Skill
machines NNS X I-Skill
and CC X I-Skill
a DT X I-Skill
team NN X I-Skill
of IN X I-Skill
operatives NNS X I-Skill
. . X O
Principle NNP X O

functional JJ X O
responsibilities NNS X O
: : X O
Develops NNP X B-Skill
and CC X I-Skill
documents NNS X I-Skill
statistical JJ X I-Skill
programming NN X I-Skill
standards NNS X I-Skill
in IN X O
accordance NN X O
with IN X O
current JJ X O
statistical JJ X O
programming NN X O
practices NNS X O
and CC X O
regulatory JJ X O
authority NN X O
requirements NNS X O
. . X O
You PRP X O

will MD X O
need VB X O
extensive JJ X O
experience NN X B-Skill
with IN X I-Skill
Linux NNP X I-Skill
, , X O
security NN X B-Skill
, , X O
virtualisation NN X B-Skill
, , X O
HTTP NNP X B-Skill
, , X O
and CC X O
web JJ X B-Skill
service NN X I-Skill
architecture NN X I-Skill
. . X O
This DT X O

truly NN X O
is VBZ X O
a DT X O
wonderful JJ X O
opportunity NN X O
to TO X O
move VB X O
into IN X O
an DT X O
award NN X O
winning VBG X O
company NN X O
that WDT X O
is VBZ X O
taking VBG X O
the DT X O
UK NNP X O
a DT X O
nd JJ X O
US NNP X O
by IN X O
storm NN X O
. . X O
As IN X O

part NN X O
of IN X O
your PRP$ X O
day NN X O
to TO X O
day NN X O
responsibilities NNS X O
, , X O
you PRP X O
will MD X O
be VB X O
involved VBN X O
in IN X O
energising VBG X B-Skill
and CC X I-Skill
proactively RB X I-Skill
managing VBG X I-Skill
a DT X I-Skill
large JJ X I-Skill
and CC X I-Skill
very RB X I-Skill
colourful JJ X I-Skill
team NN X I-Skill
, , X I-Skill
inspiring VBG X I-Skill
them PRP X I-Skill
to TO X I-Skill
deliver VB X I-Skill
way NN X I-Skill
above IN X I-Skill
expectations NNS X I-Skill
. . X O
The DT X O

role NN X O
is VBZ X O
for IN X O
56 CD X O
hours NNS X O
per IN X O
week NN X O
, , X O
predominately RB X O
nights NNS X O
. . X O
In IN X O

promoting VBG X O
equal JJ X O
opportunities NNS X O
Conwy NNP X O
welcomes VBZ X O
applicants NNS X O
from IN X O
all DT X O
sections NNS X O
of IN X O
the DT X O
community NN X O
. . X O
The DT X O

PA NNP X B-Occupation
is VBZ X O
expected VBN X O
to TO X O
use VB X O
a DT X O
high JJ X O
degree NN X O
of IN X O
self NN X B-Skill
management NN X I-Skill
and CC X I-Skill
initiative NN X I-Skill
. . X O
experienced JJ X B-Skill

Electrical NNP X B-Occupation
, , X I-Occupation
Controls NNP X I-Occupation
and CC X I-Occupation
Instrumentation NNP X I-Occupation
Technicians NNPS X I-Occupation
to TO X O
join VB X O
this DT X O
team NN X O
. . X O
Provide NNP X B-Skill

input NN X I-Skill
and CC X I-Skill
guidance NN X I-Skill
to TO X I-Skill
operations NNS X I-Skill
and CC X I-Skill
data NNS X I-Skill
service NN X I-Skill
teams NNS X I-Skill
on IN X I-Skill
implementation NN X I-Skill
of IN X I-Skill
findings NNS X I-Skill
from IN X I-Skill
models NNS X I-Skill
Effectively RB X O
communicate VBP X B-Skill
findings NNS X I-Skill
to TO X I-Skill
key VB X I-Skill
stakeholders NNS X I-Skill
Establish NNP X I-Skill
and CC X I-Skill
build VB X I-Skill
relationships NNS X I-Skill
with IN X I-Skill
clients NNS X I-Skill
and CC X I-Skill
internal JJ X I-Skill
stakeholders NNS X I-Skill
to TO X I-Skill
identify VB X I-Skill
business NN X I-Skill
requirements NNS X I-Skill
and CC X I-Skill
provide VB X I-Skill
appropriate JJ X I-Skill
support NN X I-Skill
and CC X I-Skill
guidanceDesired VBD X O
Skills NNP X O
and CC X O
Experience NNP X O
Education NNP X O
Mathematics NNP X B-Qualification
, , X I-Qualification
Statistics NNPS X I-Qualification
or CC X I-Qualification
related VBN X I-Qualification
field NN X I-Qualification
Degree NNP X I-Qualification
Master NNP X I-Qualification
Degree NNP X I-Qualification
an DT X O
advantage NN X O
Extensive NNP X O
data NN X B-Skill
analytics NNS X I-Skill
experience NN X I-Skill
with IN X I-Skill
statistical JJ X I-Skill
and CC X I-Skill
predictive JJ X I-Skill
modelling NN X I-Skill
approaches NNS X O
Experience NNP X B-Skill
in IN X I-Skill
data NN X I-Skill
mining NN X I-Skill
and CC X I-Skill
using VBG X I-Skill
analytical JJ X I-Skill
tools NNS X I-Skill
such JJ X O
as IN X O
SQL NNP X B-Skill
/ NNP X O
SAS NNP X B-Skill
/ NNP X O
SPSS NNP X B-Skill
/ NNP X O
R NNP X B-Skill
etc FW X O
Ability NNP X O
to TO X O
communicate VB X B-Skill
effectively RB X I-Skill
with IN X I-Skill
all DT X I-Skill
levels NNS X I-Skill
of IN X I-Skill
the DT X I-Skill
organisation NN X I-Skill
and CC X I-Skill
clients NNS X I-Skill
Working VBG X O
knowledge NN X B-Skill
of IN X I-Skill
designing VBG X I-Skill
and CC X I-Skill
utilizing JJ X I-Skill
statistical JJ X I-Skill
modelling NN X I-Skill
techniques NNS X I-Skill
and CC X I-Skill
other JJ X I-Skill
quantitative JJ X I-Skill
and CC X I-Skill
research NN X I-Skill
analytics NNS X I-Skill
such JJ X O
as IN X O
GLMs NNP X B-Skill
, , X O
GLMMs NNP X B-Skill
, , X O
GAMs NNP X B-Skill
, , X O
decision NN X B-Skill
tree NN X I-Skill
, , X O
clustering VBG X B-Skill
Knowledge NNP X I-Skill
of IN X I-Skill
various JJ X I-Skill
regression NN X I-Skill
models NNS X I-Skill
, , X I-Skill
neural JJ X I-Skill
networks NNS X I-Skill
, , X I-Skill
categorical JJ X I-Skill
data NN X I-Skill
analysis NN X I-Skill
and CC X I-Skill
ANOVA NNP X I-Skill
High NNP X O
level NN X O
of IN X O
organisational JJ X B-Skill
and CC X I-Skill
project JJ X I-Skill
management NN X I-Skill
skills NNS X O
with IN X O
ability NN X B-Skill
to TO X I-Skill
handle VB X I-Skill
multiple JJ X I-Skill
tasks NNS X I-Skill
simultaneously RB X I-Skill
Attention NNP X I-Skill
to TO X I-Skill
details NNS X I-Skill
with IN X O
the DT X O
ability NN X B-Skill
to TO X I-Skill
meet VB X I-Skill
multiple JJ X I-Skill
deadlines NNS X I-Skill
which WDT X I-Skill
remaining VBG X I-Skill
highly RB X I-Skill
organised VBN X I-Skill
Ability NNP X O
to TO X O
work VB X B-Skill
with IN X I-Skill
minimal JJ X I-Skill
supervision NN X I-Skill
Strong NNP X O
team NN X B-Skill
playerPlease NN X O
send VB X O
your PRP$ X O
CV NNP X O
to TO X O
infoaspiredatacouk VB X O
or CC X O
call VB X O
Phillip NNP X O
Hartley NNP X O
on IN X O
Applicants NNS X O

will MD X O
hold VB X O
a DT X O
current JJ X O
counter NN X B-Qualification
balance NN X I-Qualification
licence NN X I-Qualification
and CC X O
have VBP X O
experience VBN X B-Skill
in IN X I-Skill
a DT X I-Skill
similar JJ X I-Skill
role NN X I-Skill
, , X O
have VBP X O
good JJ X O
attention NN X B-Skill
to TO X I-Skill
detail VB X I-Skill
and CC X O
communication NN X B-Skill
skills NNS X I-Skill
will MD X O
also RB X O
be VB X O
required VBN X O
. . X O
All DT X O

applicants NNS X O
must MD X O
be VB X O
eligible JJ X O
to TO X O
live VB X O
and CC X O
work VB X O
in IN X O
the DT X O
UK NNP X O
The DT X O

ideal JJ X O
candidate NN X O
will MD X O
have VB X O
had VBN X O
previous JJ X O
experience NN X O
of IN X O
fire NN X B-Skill
alarm NN X I-Skill
maintenance NN X I-Skill
and CC X O
Instillation NNP X B-Skill
with IN X O
another DT X O
contractor NN X O
or CC X O
similar JJ X O
organisation NN X O
This DT X O

is VBZ X O
the DT X O
ideal JJ X O
role NN X O
for IN X O
a DT X O
sales NNS X B-Skill
professional JJ X I-Skill
looking VBG X O
to TO X O
develop VB X O
their PRP$ X O
career NN X O
with IN X O
a DT X O
premier JJR X O
organisation NN X O
that IN X O
facilitates VBZ X O
interaction NN X O
amongst RB X O
high JJ X O
growth NN X O
entrepreneurs NNS X O
. . X O
To TO X O

apply VB X O
for IN X O
this DT X O
position NN X O
you PRP X O
must MD X O
have VB X O
a DT X O
minimum NN X B-Skill
of IN X I-Skill
12 CD X I-Skill
months NNS X I-Skill
Practice NNP X I-Skill
experience NN X I-Skill
in IN X O
both DT X O
Accounts NNP X B-Domain
and CC X O
Audit NNP X B-Domain
, , X O
have VBP X O
excellent JJ X O
academics NNS X B-Skill
, , X O
and CC X O
be VB X O
looking VBG X B-Skill
to TO X I-Skill
forge VB X I-Skill
your PRP$ X I-Skill
career NN X I-Skill
in IN X I-Skill
a DT X I-Skill
mixed JJ X I-Skill
role NN X I-Skill
and CC X O
where WRB X O
your PRP$ X O
ability NN X B-Skill
and CC X O
talent NN X B-Skill
will MD X O
be VB X O
recognised VBN X O
. . X O
a DT X O

personable JJ X B-Skill
and CC X O
friendly JJ X B-Skill
nature NN X O
Have VBP X O
a DT X O
fantastic JJ X O
telephone NN X B-Skill
voice NN X I-Skill
and CC X O
be VB X O
a DT X O
good JJ X B-Skill
listener NN X I-Skill
Be NNP X O
competitive JJ X B-Skill
and CC X O
have VBP X O
a DT X O
can MD X O
do VB X O
atti VB X O
Become NNP X O

more RBR X O
valued JJ X O
This DT X O
South NNP X O
London NNP X O
agency NN X O
are VBP X O
looking VBG X O
for IN X O
an DT X O
experienced JJ X B-Skill
senior JJ X O
with IN X O
a DT X O
strong JJ X O
mix NN X O
of IN X O
creative JJ X B-Skill
skills NNS X I-Skill
and CC X O
commercial JJ X B-Skill
awareness NN X I-Skill
to TO X O
join VB X O
their PRP$ X O
thriving NN X O
team NN X O
. . X O
This DT X O

role NN X O
is VBZ X O
based VBN X O
in IN X O
Fareham NNP X O
and CC X O
will MD X O
require VB X O
weekly JJ X O
visits NNS X O
to TO X O
Paris NNP X O
office NN X O
. . X O
Ability NN X O

to TO X O
effectively RB X O
break VB X B-Skill
business NN X I-Skill
questions NNS X I-Skill
into IN X I-Skill
their PRP$ X I-Skill
key JJ X I-Skill
components NNS X I-Skill
, , X O
identify VB X B-Skill
appropriate JJ X I-Skill
data NNS X I-Skill
sources NNS X I-Skill
and CC X I-Skill
methodology NN X I-Skill
for IN X I-Skill
analysis NN X I-Skill
and CC X O
translate JJ X O
findings NNS X B-Skill
into IN X I-Skill
actionable JJ X I-Skill
insights NNS X I-Skill
. . X O
With IN X O

an DT X O
attractive JJ X O
commission NN X O
structure NN X O
your PRP$ X O
potential JJ X O
earnings NNS X O
could MD X O
be VB X O
If IN X O

you PRP X O
are VBP X O
interested JJ X O
in IN X O
applying VBG X O
for IN X O
the DT X O
MICE NNP X O
Sales NNS X B-Occupation
Managers NNP X I-Occupation
role NN X O
please NN X O
forward RB X O
your PRP$ X O
CV NN X O
to TO X O
sarahacandm VB X O
. . X O
co NN X O
. . X O
uk JJ X O
quoting VBG X O
This DT X O

is VBZ X O
an DT X O
exciting JJ X O
opportunity NN X O
to TO X O
work VB X B-Skill
within IN X I-Skill
a DT X I-Skill
complex JJ X I-Skill
and CC X I-Skill
large JJ X I-Skill
scale NN X I-Skill
environment NN X I-Skill
. . X O
Good JJ X O

approach NN X O
to TO X O
answering VBG X B-Skill
the DT X I-Skill
telephone NN X I-Skill
, , X O
and CC X O
welcoming VBG X B-Skill
visitors NNS X I-Skill
not RB X O
on IN X O
a DT X O
frequent JJ X O
basis NN X O
; : X O
Good NNP X O
accounting NN X B-Skill
ability NN X O
, , X O
to TO X O
be VB X O
able JJ X O
to TO X O
work VB X O
in IN X O
a DT X O
methodical JJ X B-Skill
steady JJ X I-Skill
way NN X O
; : X O
Ability NNP X O
to TO X O
work VB X O
with IN X O
Excel NNP X B-Skill
Spreadsheets NNS X I-Skill
Stateoftheart NNP X O

buildings NNS X O
and CC X O
our PRP$ X O
forwardlooking NN X O
and CC X O
innovative JJ X O
approach NN X O
have VBP X O
earned VBN X O
our PRP$ X O
hospitals NNS X O
recognition NN X O
as IN X O
centres NNS X O
of IN X O
excellence NN X O
. . X O
You PRP X O

will MD X O
be VB X O
using VBG X B-Skill
page NN X I-Skill
layout NN X I-Skill
language NN X I-Skill
to TO X O
recreate VB X B-Skill
templates NNS X I-Skill
which WDT X O
will MD X O
consist VB X O
of IN X O
inserting VBG X B-Skill
commands NNS X I-Skill
into IN X I-Skill
a DT X I-Skill
database NN X I-Skill
. . X O
Where WRB X O

possible JJ X O
they PRP X O
aim VBP X O
to TO X O
promote VB X O
from IN X O
within IN X O
and CC X O
are VBP X O
keen JJ X O
that IN X O
all DT X O
employees NNS X O
have VBP X O
ample JJ X O
opportunities NNS X O
to TO X O
build VB X O
a DT X O
career NN X O
with IN X O
them PRP X O
. . X O
The DT X O

project NN X O
is VBZ X O
a DT X O
collaboration NN X O
with IN X O
experts NNS X B-Occupation
all PDT X O
the DT X O
way NN X O
through IN X O
the DT X O
vertical JJ X O
stack NN X O
from IN X O
application NN X O
to TO X O
architecture NN X O
, , X O
led VBN X O
by IN X O
Prof NNP X B-Occupation
. . X I-Occupation
Paul NNP X O
Kelly NNP X O
at IN X O
Imperial NNP X O
College NNP X O
, , X O
Prof NNP X B-Occupation
. . X I-Occupation
Michael NNP X O
O NNP X O
' POS X O
Boyle NNP X O
in IN X O
Edinburgh NNP X O
and CC X O
Prof NNP X B-Occupation
. . X I-Occupation
Steve NNP X O
Furber NNP X O
in IN X O
Manchester NNP X O
. . X O
**** JJ X O

gold NN X O
, , X O
silver NN X O
and CC X O
bronze NN X O
victory NN X O
medals NNS X O
awarded VBD X O
at IN X O
London NNP X O
2012 CD X O
. . X O
Key NNP X O

services NNS X O
include VBP X O
: : X O
Pipeline NNP X B-Skill
design NN X I-Skill
Verification NNP X I-Skill
Asset NNP X I-Skill
Risk NNP X I-Skill
Management NNP X I-Skill
Technical NNP X I-Skill
Qualification NNP X I-Skill
for IN X I-Skill
new JJ X I-Skill
Technologies NNS X I-Skill
Responsibilities NNS X O
This DT X O

is VBZ X O
an DT X O
outstanding JJ X O
opportunity NN X O
to TO X O
join VB X O
a DT X O
growing VBG X O
software NN X O
business NN X O
at IN X O
a DT X O
time NN X O
of IN X O
significant JJ X O
interesting JJ X O
growth NN X O
within IN X O
the DT X O
sector NN X O
. . X O
The DT X O

candidate NN X O
should MD X O
also RB X O
be VB X O
knowledgeable JJ X O
on IN X O
a DT X O
variety NN X O
of IN X O
Microsoft NNP X B-Skill
products NNS X I-Skill
and CC X O
other JJ X O
desktop NN X B-Skill
applications NNS X I-Skill
, , X O
including VBG X O
common JJ X O
operating VBG X B-Skill
systems NNS X I-Skill
. . X O
Events NNS X B-Occupation

Assistant VBP X I-Occupation
We PRP X O
are VBP X O
looking VBG X O
to TO X O
appoint VB X O
this DT X O
key JJ X O
position NN X O
in IN X O
our PRP$ X O
award NN X O
winning VBG X O
new JJ X O
theatre NN X B-Domain
. . X O
This DT X O

individual NN X O
will MD X O
focus VB X O
on IN X O
maintaining VBG X B-Skill
the DT X I-Skill
excellent JJ X I-Skill
relationship NN X I-Skill
. . X O
Previous JJ X B-Skill

pricing NN X I-Skill
experience NN X I-Skill
is VBZ X O
not RB X O
required VBN X O
, , X O
though RB X O
could MD X O
be VB X O
a DT X O
benefit NN X O
. . X O
We PRP X O

pride VBP X O
ourselves PRP X O
on IN X O
our PRP$ X O
commitment NN X O
to TO X O
candidates NNS X O
and CC X O
stick NN X O
to TO X O
our PRP$ X O
ethos NN X O
of IN X O
finding VBG X O
the DT X O
right JJ X O
role NN X O
for IN X O
the DT X O
right JJ X O
person NN X O
. . X O
Reporting VBG X B-Skill

into IN X I-Skill
the DT X I-Skill
Head NNP X B-Occupation
of IN X I-Occupation
Affinity NNP X I-Occupation
, , X O
this DT X O
role NN X O
is VBZ X O
to TO X O
account VB X B-Skill
manage VB X I-Skill
all DT X I-Skill
existing VBG X I-Skill
affinity NN X I-Skill
technology NN X I-Skill
relationships NNS X I-Skill
across IN X I-Skill
multiple JJ X I-Skill
trading NN X I-Skill
channels NNS X I-Skill
and CC X I-Skill
support VB X I-Skill
the DT X I-Skill
integration NN X I-Skill
and CC X I-Skill
development NN X I-Skill
of IN X I-Skill
Age NNP X I-Skill
UK NNP X I-Skill
You PRP X O

will MD X O
monitor VB X B-Skill
and CC X I-Skill
report VB X I-Skill
on IN X I-Skill
income NN X I-Skill
and CC X I-Skill
expenditure NN X I-Skill
and CC X I-Skill
other JJ X I-Skill
targets NNS X I-Skill
, , X O
eg VBP X B-Skill
fundraising VBG X I-Skill
volunteer NN X I-Skill
recruitment NN X I-Skill
. . X O
You PRP X O

will MD X O
need VB X O
to TO X O
demonstrate VB X O
excellence NN X O
in IN X O
these DT X O
areas NNS X O
in IN X O
order NN X O
to TO X O
deliver VB X B-Skill
high JJ X I-Skill
quality NN X I-Skill
, , X I-Skill
responsive JJ X I-Skill
and CC X I-Skill
childfocused JJ X I-Skill
services NNS X I-Skill
enabling VBG X I-Skill
the DT X I-Skill
best JJS X I-Skill
use NN X I-Skill
of IN X I-Skill
resources NNS X I-Skill
in IN X I-Skill
establishing VBG X I-Skill
longterm JJ X I-Skill
plans NNS X I-Skill
for IN X I-Skill
children NNS X I-Skill
. . X O
It PRP X O

will MD X O
however RB X O
require VB X O
excellent JJ X B-Skill
academic JJ X I-Skill
backgrounds NNS X I-Skill
allied VBD X O
to TO X O
proven VB X B-Skill
business NN X I-Skill
development NN X I-Skill
and CC X O
marketing NN X B-Skill
experience NN X I-Skill
in IN X O
a DT X O
professional JJ X O
services NNS X O
firm NN X O
. . X O
Reporting VBG X O

to TO X O
the DT X O
Head NNP X B-Occupation
of IN X I-Occupation
Communications NNP X I-Occupation
and CC X O
Director NNP X B-Occupation
of IN X I-Occupation
HR NNP X I-Occupation
, , X O
you PRP X O
will MD X O
be VB X O
involved VBN X O
in IN X O
planning VBG X O
implementing VBG X B-Skill
internal JJ X I-Skill
communications NNS X I-Skill
plans NNS X I-Skill
, , X O
and CC X O
delivering VBG X B-Skill
firmwide JJ X I-Skill
key JJ X I-Skill
messages NNS X I-Skill
using VBG X O
a DT X O
variety NN X O
of IN X O
communications NNS X O
mechanisms NNS X O
. . X O
Senior JJ X B-Occupation

Systems NNP X I-Occupation
Engineer NNP X I-Occupation
/ NNP X I-Occupation
Infrastructure NNP X I-Occupation
Engineer NNP X I-Occupation
Windows NNP X B-Skill
2008 CD X I-Skill
Server NNP X O
, , X O
VMware NNP X B-Skill
vSphere NNP X I-Skill
, , X O
Exchange NNP X B-Skill
, , X O
Networking NNP X B-Skill
Projects NNPS X O
/ VBD X B-Skill
3rd CD X I-Skill
4th CD X I-Skill
Line NNP X I-Skill
Support NNP X I-Skill
Experience NN X O

of IN X O
using VBG X O
object JJ X B-Skill
oriented VBN X I-Skill
programming NN X I-Skill
languages NNS X I-Skill
, , X O
knowledge NN X O
of IN X O
scripting VBG X B-Skill
or CC X O
interpreted VBN X B-Skill
languages NNS X I-Skill
, , X O
Experience NNP X O
of IN X O
using VBG X O
SQL NNP X B-Skill
Server NNP X I-Skill
or CC X O
equivalent VB X O
The DT X O
Company NN X O
: : X O
Working NNP X O
within IN X O
a DT X O
company NN X O
that WDT X O
s VBZ X O
core NN X O
business NN X O
is VBZ X O
based VBN X O
on IN X O
providing VBG X O
bill NN X B-Domain
payment NN X I-Domain
services NNS X I-Domain
primarily RB X O
to TO X O
the DT X O
public NN X B-Domain
sector NN X I-Domain
. . X O
dependant NN X O

on IN X O
the DT X O
experience NN X O
and CC X O
the DT X O
hours NNS X O
are VBP X O
likely JJ X O
to TO X O
be VB X O
8am CD X O
Organise NNP X B-Skill

monthly JJ X I-Skill
management NN X I-Skill
meetings NNS X I-Skill
and CC X O
prepare VB X B-Skill
reports NNS X I-Skill
in IN X O
advance NN X O
and CC X O
afterwards NNS X O
Manage VBP X B-Skill
the DT X I-Skill
content JJ X I-Skill
held NN X I-Skill
on IN X I-Skill
all DT X I-Skill
printing VBG X I-Skill
construction NN X I-Skill
drawings NNS X I-Skill
, , X O
maintain VBP X B-Skill
a DT X I-Skill
drawing JJ X I-Skill
register NN X I-Skill
per IN X O
project NN X O
and CC X O
ensure VB X B-Skill
all DT X I-Skill
information NN X I-Skill
is VBZ X I-Skill
obtained VBN X I-Skill
and CC X I-Skill
complete JJ X I-Skill
Assist NNP X O
with IN X O
the DT X O
management NN X B-Skill
of IN X I-Skill
ISO NNP X I-Skill
9001 CD X I-Skill
, , X O
Ensure NN X B-Skill

that IN X I-Skill
all DT X I-Skill
requirements NNS X I-Skill
meet VB X I-Skill
regulatory JJ X I-Skill
minimum JJ X I-Skill
standards NNS X I-Skill
, , X I-Skill
systems NNS X I-Skill
and CC X I-Skill
controls NNS X I-Skill
. . X O
You PRP X O

will MD X O
be VB X O
instrumental JJ X O
in IN X O
launching VBG X B-Skill
new JJ X I-Skill
areas NNS X I-Skill
of IN X I-Skill
business NN X I-Skill
and CC X O
developing VBG X B-Skill
all DT X I-Skill
existing VBG X I-Skill
offerings NNS X I-Skill
on IN X O
an DT X O
ongoing JJ X O
basis NN X O
. . X O
Develop NNP X B-Skill

manufacturable JJ X I-Skill
creative NN X I-Skill
and CC X I-Skill
innovative JJ X I-Skill
design NN X I-Skill
solutions NNS X I-Skill
for IN X I-Skill
new JJ X I-Skill
and CC X I-Skill
existing VBG X I-Skill
mechanical JJ X I-Skill
assemblies NNS X I-Skill
on IN X O
client NN X O
s NN X O
products NNS X O
. . X O
This DT X O

role NN X O
is VBZ X O
an DT X O
entry NN X O
level NN X O
position NN X O
where WRB X O
a DT X O
structured JJ X O
career NN X B-Domain
development NN X I-Domain
program NN X O
has VBZ X O
been VBN X O
implemented VBN X O
to TO X O
ensure VB X O
you PRP X O
develop VB X O
. . X O
Join VB X O

our PRP$ X O
dedicated VBN X O
homecare NN X O
team NN X O
in IN X O
Alton NNP X O
Castlerock NNP X O
Homecare NNP X O
Candidates NNS X O

from IN X O
the DT X O
Commonwealth NNP X O
must MD X O
be VB X O
free JJ X O
from IN X O
any DT X O
restrictions NNS X O
to TO X O
take VB X O
up RP X O
employment NN X O
in IN X O
the DT X O
UK NNP X O
. . X O
Please NNP X O

email VB X O
your PRP$ X O
CV NNP X O
to TO X O
katy VB X O
. . X O
donnellyjabgroup NN X O
. . X O
co NN X O
. . X O
uk NN X O
or CC X O
call VB X O
Katy NNP X O
for IN X O
an DT X O
informal JJ X O
chat NN X O
on IN X O
Due JJ X O

to TO X O
the DT X O
international JJ X O
nature NN X O
of IN X O
the DT X O
role NN X O
language NN X B-Skill
skills VBZ X I-Skill
to TO X O
include VB X O
English NNP X B-Skill
French NNP X I-Skill
, , X O
ideally RB X O
backed VBD X O
up RP X O
with IN X O
other JJ X O
relevant JJ X O
EU NNP X O
language NN X O
e NN X O
. . X O
g NN X O
. . X O
Spanish JJ X B-Skill
Italian JJ X I-Skill
. . X O
Responsibilities NNS X O

Responsibility NNP X B-Skill
for IN X I-Skill
a DT X I-Skill
for IN X I-Skill
range NN X I-Skill
of IN X I-Skill
clients NNS X I-Skill
Ensure NNP X I-Skill
client NN X I-Skill
expectations NNS X I-Skill
are VBP X I-Skill
met VBN X I-Skill
or CC X I-Skill
exceeded VBN X I-Skill
at IN X I-Skill
all DT X I-Skill
times NNS X I-Skill
Managing NNP X I-Skill
and CC X I-Skill
developing VBG X I-Skill
client NN X I-Skill
relationships NNS X I-Skill
across IN X I-Skill
our PRP$ X I-Skill
entire JJ X I-Skill
portfolio NN X I-Skill
of IN X I-Skill
services NNS X I-Skill
Fully NNP X I-Skill
understand VBP X I-Skill
clients NNS X I-Skill
business NN X I-Skill
objectives NNS X I-Skill
, , X I-Skill
work NN X I-Skill
with IN X I-Skill
them PRP X I-Skill
to TO X I-Skill
achieve VB X I-Skill
their PRP$ X I-Skill
goals NNS X I-Skill
and CC X O
add VB X B-Skill
value NN X I-Skill
by IN X I-Skill
challenging VBG X I-Skill
their PRP$ X I-Skill
ideas NNS X I-Skill
if IN X I-Skill
appropriate JJ X I-Skill
. . X O
Our PRP$ X O

client NN X O
is VBZ X O
currently RB X O
recruiting VBG X O
for IN X O
nurses NNS X B-Occupation
for IN X O
their PRP$ X O
Endoscopy NNP X O
suit NN X O
. . X O
Key JJ X O

accountabilities NNS X O
: : X O
Delivering VBG X B-Skill
results NNS X I-Skill
, , X I-Skill
maintaining VBG X I-Skill
high JJ X I-Skill
standards NNS X I-Skill
and CC X I-Skill
continual JJ X I-Skill
improvement NN X I-Skill
Ensuring VBG X I-Skill
compliance NN X I-Skill
with IN X I-Skill
health NN X I-Skill
and CC X I-Skill
safety NN X I-Skill
, , X I-Skill
legislation NN X I-Skill
and CC X I-Skill
audit NN X I-Skill
requirements NNS X I-Skill
Building NNP X I-Skill
and CC X I-Skill
implementing VBG X I-Skill
plans NNS X I-Skill
to TO X I-Skill
deliver VB X I-Skill
business NN X I-Skill
results NNS X I-Skill
and CC X I-Skill
maximise JJ X I-Skill
profit NN X I-Skill
Creating VBG X I-Skill
a DT X I-Skill
great JJ X I-Skill
customer NN X I-Skill
experience NN X I-Skill
, , X I-Skill
delivering VBG X I-Skill
value NN X I-Skill
to TO X I-Skill
our PRP$ X I-Skill
customer NN X I-Skill
and CC X I-Skill
connecting VBG X I-Skill
with IN X I-Skill
their PRP$ X I-Skill
ever RB X I-Skill
changing VBG X I-Skill
needs NNS X I-Skill
Duty NNP X I-Skill
management NN X I-Skill
responsibilities NNS X I-Skill
Performance NNP X I-Skill
management NN X I-Skill
Succession NNP X I-Skill
planning NN X I-Skill
and CC X I-Skill
talent NN X I-Skill
spotting NN X I-Skill
for IN X I-Skill
the DT X I-Skill
future JJ X I-Skill
Recruitment NNP X I-Skill
of IN X I-Skill
departmental JJ X I-Skill
staff NN X I-Skill
Motivating NNP X I-Skill
, , X I-Skill
coaching VBG X I-Skill
and CC X I-Skill
training VBG X I-Skill
Organising NNP X I-Skill
and CC X I-Skill
planning VBG X I-Skill
staff NN X I-Skill
deployment NN X I-Skill
within IN X I-Skill
the DT X I-Skill
department NN X I-Skill
An DT X O

organised JJ X B-Skill
person NN X O
who WP X O
can MD X O
efficiently RB X O
organise VB X B-Skill
their PRP$ X I-Skill
day NN X I-Skill
and CC X I-Skill
diary JJ X I-Skill
Work NN X I-Skill
as IN X I-Skill
team NN X I-Skill
but CC X O
also RB X O
happy JJ X O
to TO X O
work VB X B-Skill
independently RB X I-Skill
Strong NNP X O
communicator NN X B-Skill
and CC X O
excellent JJ X O
listener NN X B-Skill
Playing VBG X O

leadership NN X B-Skill
roles NNS X I-Skill
in IN X O
program NN X O
teams NNS X O
or CC X O
crossdiscipline JJ X O
work NN X O
groups NNS X O
Providing VBG X B-Skill
innovative JJ X I-Skill
ideas NNS X I-Skill
in IN X O
the DT X O
development NN X B-Skill
of IN X I-Skill
the DT X I-Skill
unit NN X I-Skill
s NN X I-Skill
capabilities NNS X I-Skill
Ideally NNP X O

candidates NNS X O
will MD X O
have VB X O
experience NN X B-Skill
in IN X I-Skill
project NN X I-Skill
management NN X I-Skill
, , X O
project NN X B-Skill
delivery NN X I-Skill
, , X O
solution NN X B-Skill
delivery NN X I-Skill
and CC X O
implementation NN X B-Skill
. . X O
About IN X O

the DT X O
client NN X O
This DT X O
global JJ X O
hotel NN X B-Domain
group NN X O
has VBZ X O
one CD X O
of IN X O
their PRP$ X O
midmarket NN X O
hotel NN X O
brands NNS X O
in IN X O
a DT X O
prominent JJ X O
location NN X O
on IN X O
the DT X O
Essex NNP X O
coast NN X O
. . X O
The DT X O

Role NNP X O
Providing NNP X B-Skill
specialist JJ X I-Skill
advice NN X I-Skill
on IN X I-Skill
our PRP$ X I-Skill
customers NNS X I-Skill
largest JJS X I-Skill
purchase NN X I-Skill
, , X O
you PRP X O
ll VBP X O
deliver VB X B-Skill
the DT X I-Skill
perfect JJ X I-Skill
mortgage NN X I-Skill
and CC X I-Skill
protection NN X I-Skill
solutions NNS X I-Skill
by IN X O
building VBG X B-Skill
strong JJ X I-Skill
relationships NNS X I-Skill
. . X O
University NNP X O

? . X O
s JJ X O
vision NN X O
is VBZ X O
to TO X O
be VB X O
recognised VBN X O
regionally RB X O
, , X O
nationally RB X O
and CC X O
internationally RB X O
as IN X O
a DT X O
University NNP X O
which WDT X O
fosters VBZ X O
intellectual JJ X O
, , X O
critical JJ X O
and CC X O
creative JJ X O
endeavour NN X O
. . X O
In IN X O

conjunction NN X O
with IN X O
the DT X O
Commercial NNP X O
Team NNP X O
produce VBP X B-Skill
Earned VBN X I-Skill
Value NNP X I-Skill
Analysis NNP X I-Skill
Data NNP X I-Skill
in IN X O
compliance NN X O
with IN X O
the DT X O
client NN X O
and CC X O
requirements NNS X O
in IN X O
P NNP X O
Night NNP X O

shift NN X O
positions NNS X O
also RB X O
available JJ X O
A NNP X O
shift NN X O
allowance NN X O
and CC X O
attendance NN X O
bonus NN X O
is VBZ X O
paid VBN X O
. . X O
This DT X O

is VBZ X O
a DT X O
temporary JJ X O
full JJ X O
time NN X O
position NN X O
for IN X O
two CD X O
weeks NNS X O
. . X O
We PRP X O

have VBP X O
an DT X O
excellent JJ X O
new JJ X O
instruction NN X O
with IN X O
terrific JJ X O
potential NN X O
for IN X O
an DT X O
experienced JJ X B-Skill
Commercial NNP X B-Occupation
Solicitor NNP X I-Occupation
, , X O
to TO X O
join VB X O
a DT X O
leading JJ X O
and CC X O
prestigious JJ X O
law NN X O
firm NN X O
at IN X O
senior JJ X B-Skill
level NN X I-Skill
. . X O
For IN X O

more JJR X O
information NN X O
on IN X O
this DT X O
Oracle NNP X B-Occupation
WebCenter NNP X I-Occupation
Architect NNP X I-Occupation
opening VBG X O
contact NN X O
David NNP X O
on IN X O
David NNP X O
. . X O
BurkeAnsonMcCade NNP X O
. . X O
com NN X O
Oracle NNP X O
WebCenter NNP X O
Architect NNP X O
Requirements NNS X O

: : X O
Strong JJ X B-Skill
organisational JJ X I-Skill
/ NN X I-Skill
project NN X I-Skill
management NN X I-Skill
skills VBZ X I-Skill
not RB X B-Experience
necessarily RB X I-Experience
formally RB X I-Experience
trained VBN X I-Experience
but CC X I-Experience
strong JJ X I-Experience
practical JJ X I-Experience
experience NN X I-Experience
Experience NN X I-Experience
of IN X I-Experience
working VBG X I-Experience
with IN X I-Experience
marketing NN X I-Experience
campaigns NNS X I-Experience
Specifically RB X O

: : X O
Maintenance NN X B-Skill
of IN X I-Skill
instrumentation NN X I-Skill
, , X O
data NNS X B-Skill
capture NN X I-Skill
equipment NN X I-Skill
and CC X I-Skill
software NN X I-Skill
; : X O
Routine NNP X B-Skill
instrument NN X I-Skill
checks NNS X I-Skill
; : X O
Assistance NNP X O
with IN X O
field NN X B-Skill
sampling VBG X I-Skill
; : X O
Field NNP X B-Skill
related VBD X I-Skill
experiments NNS X I-Skill
; : X O
Installation NNP X B-Skill
of IN X I-Skill
new JJ X I-Skill
sampling VBG X I-Skill
equipment NN X I-Skill
and CC X I-Skill
infrastructure NN X I-Skill
; : X O
Data NNP X B-Skill
management NN X I-Skill
of IN X I-Skill
longterm JJ X I-Skill
experimental JJ X I-Skill
data NNS X I-Skill
sets NNS X I-Skill
. . X O
Candidates NNS X O

wishing VBG X O
to TO X O
apply VB X O
MUST NNP X O
HAVE NNP X O
a DT X O
Graduate NNP X B-Qualification
or CC X O
Managers NNPS X B-Qualification
CSCS NNP X I-Qualification
and CC X O
First NNP X B-Qualification
Aid NNP X I-Qualification
. . X O
This DT X O

is VBZ X O
an DT X O
excellent JJ X O
opportunity NN X O
for IN X O
senior JJ X B-Occupation
chefs NNS X I-Occupation
to TO X O
develop VB X O
their PRP$ X O
career NN X O
in IN X O
an DT X O
alternative JJ X O
direction NN X O
. . X O
various JJ X O

exercises NNS X O
using VBG X O
spreadsheet NN X B-Skill
packages NNS X I-Skill
for IN X O
managing VBG X O
business NN X B-Skill
reporting NN X I-Skill
requirements NNS X O
Source NNP X B-Skill
and CC X I-Skill
compile NN X I-Skill
data NNS X I-Skill
to TO X O
support VB X O
the DT X O
implementation NN X O
and CC X O
design NN X O
of IN X O
Customer NNP X B-Domain
Services NNPS X I-Domain
strategy NN X O
and CC X O
policies NNS X O
Responsible NNP X O
for IN X O
ensuring VBG X B-Skill
the DT X I-Skill
data NNS X I-Skill
used VBN X I-Skill
meets VBZ X I-Skill
the DT X I-Skill
Customer NNP X I-Skill
Services NNPS X I-Skill
requirements NNS X I-Skill
The DT X O

ability NN X O
to TO X O
speak VB X B-Skill
and CC X I-Skill
write VB X I-Skill
both DT X I-Skill
languages NNS X I-Skill
to TO X I-Skill
a DT X I-Skill
high JJ X I-Skill
standard NN X I-Skill
is VBZ X O
essential JJ X O
. . X O
As IN X O

champion NN X B-Occupation
of IN X I-Occupation
the DT X I-Occupation
United NNP X I-Occupation
Nations NNPS X I-Occupation
Convention NNP X I-Occupation
on IN X O
the DT X O
Rights NNPS X O
of IN X O
the DT X O
Child NNP X O
, , X O
UNICEF NNP X B-Domain
works VBZ X O
to TO X B-Skill
help VB X I-Skill
every DT X I-Skill
child NN X I-Skill
realise VB X I-Skill
their PRP$ X I-Skill
full JJ X I-Skill
potential NN X I-Skill
. . X O
A DT X O

driver NN X B-Occupation
would MD X O
be VB X O
ideal JJ X O
for IN X O
this DT X O
position NN X O
, , X O
as IN X O
the DT X O
location NN X O
doesn NN X O
t NN X O
have VBP X O
good JJ X O
transport NN X O
links NNS X O
. . X O
The DT X O

required JJ X O
criteria NNS X O
is VBZ X O
2 CD X B-Experience
years NNS X I-Experience
post RB X I-Experience
qualifying VBG X I-Experience
experience NN X I-Experience
for IN X O
Qualified NNP X O
Social NNP X B-Occupation
Worker NNP X I-Occupation
Children NNP X O
Protection NNP X O
Barnsley NNP X O
Our PRP$ X O

Main NNP X O
Dealer NNP X O
client NN X O
is VBZ X O
looking VBG X O
to TO X O
recruit VB X O
an DT X O
exceptional JJ X B-Skill
Automotive NNP X B-Domain
Business NNP X B-Qualification
Manager NNP X I-Qualification
to TO X O
complement VB X O
their PRP$ X O
existing VBG X O
Motor NNP X B-Domain
Trade NNP X I-Domain
team NN X O
in IN X O
St NNP X O
Ives NNP X O
. . X O
Skills NNP X O

Physical NNP X B-Skill
Chemistry NNP X I-Skill
, , X O
Materials NNP X B-Skill
Science NNP X I-Skill
, , X O
Materials NNP X B-Skill
Engineering NNP X I-Skill
, , X O
Product NNP X B-Skill
Development NNP X I-Skill
, , X O
Research NNP X B-Skill
Development NNP X I-Skill
, , X O
Synthesis NNP X B-Skill
, , X O
Characterisation NNP X B-Skill
. . X O
This DT X O

is VBZ X O
an DT X O
opportunity NN X O
to TO X O
join VB X O
a DT X O
large JJ X O
company NN X O
who WP X O
operate VBP X O
within IN X O
the DT X O
facilities NNS X B-Domain
management NN X I-Domain
arena NN X O
, , X O
however RB X O
this DT X O
role NN X O
is VBZ X O
focused VBN X O
on IN X O
the DT X O
catering NN X B-Skill
. . X O
Sitel NNP X O

are VBP X O
currently RB X O
recruiting VBG X O
for IN X O
skilled VBN X O
inbound NN X B-Skill
agents NNS X I-Skill
with IN X I-Skill
a DT X I-Skill
passion NN X I-Skill
for IN X I-Skill
Customer NNP X I-Skill
Service NNP X I-Skill
to TO X O
join VB X O
our PRP$ X O
Waitrose NNP X O
Customer NNP X O
Service NNP X O
Team NNP X O
. . X O
They PRP X O

ideally RB X O
would MD X O
like VB X O
an DT X O
ODP NNP X B-Qualification
or CC X O
RGN NNP X B-Qualification
that WDT X O
has VBZ X O
Orthopaedic JJ X B-Domain
experience NN X O
or CC X O
willing JJ X O
to TO X O
train VB X O
in IN X O
Orthopaedics NNP X B-Domain
. . X O
With IN X O

a DT X O
team NN X O
of IN X O
operational JJ X B-Occupation
experts NNS X I-Occupation
and CC X O
account NN X B-Occupation
execs NN X I-Occupation
to TO X O
support VB X O
you PRP X O
, , X O
your PRP$ X O
will MD X O
be VB X O
to TO X O
increase VB X B-Skill
distribution NN X I-Skill
, , X O
maximise NN X B-Skill
in IN X I-Skill
store NN X I-Skill
opportunities NNS X I-Skill
with IN X O
stores NNS X O
nationally RB X O
and CC X O
create VB X B-Skill
a DT X I-Skill
clear JJ X I-Skill
line NN X I-Skill
of IN X I-Skill
communication NN X I-Skill
with IN X O
all DT X O
areas NNS X O
of IN X O
the DT X O
supply NN X O
chain NN X O
. . X O
Manage NN X B-Skill

adhoc NN X I-Skill
requests NNS X I-Skill
for IN X O
assistance NN X O
and CC X O
information NN X O
from IN X O
other JJ X O
stakeholders NNS X O
. . X O
Develop NNP X B-Skill

and CC X I-Skill
improve VB X I-Skill
processes NNS X I-Skill
used VBN X I-Skill
by IN X I-Skill
the DT X I-Skill
engineering NN X I-Skill
group NN X I-Skill
. . X O
Candidate NNP X O

Minimum NNP X B-Experience
of IN X I-Experience
7 CD X I-Experience
years NNS X I-Experience
planning VBG X B-Skill
experience NN X O
within IN X O
a DT X O
main JJ X O
contractor NN X O
environment NN X O
. . X O
Career NNP X O

development NN X O
opportunities NNS X O
, , X O
including VBG X O
team NN X B-Skill
or CC X I-Skill
business NN X I-Skill
management NN X I-Skill
or CC X O
onsite JJ X B-Skill
recruitment NN X I-Skill
. . X O
We PRP X O

offer VBP X O
a DT X O
competitive JJ X O
starting NN X O
salary NN X O
, , X O
30 CD X O
days NNS X O
holiday NN X O
and CC X O
mileage NN X O
with IN X O
expenses NNS X O
. . X O
RGN NNP X B-Occupation

with IN X O
relevant JJ X O
experience NN X O
required VBN X O
for IN X O
medium NN X O
nursing NN X O
home NN X O
in IN X O
Darlington NNP X O
, , X O
County NNP X O
Durham NNP X O
. . X O
You PRP X O

will MD X O
be VB X O
responsible JJ X O
for IN X O
preparing VBG X B-Skill
and CC X I-Skill
submitting VBG X I-Skill
revenue NN X I-Skill
claims NNS X I-Skill
to TO X O
customers NNS X O
, , X O
extracting VBG X B-Skill
data NNS X I-Skill
and CC X I-Skill
manipulating VBG X I-Skill
it PRP X O
into IN X O
an DT X O
easily RB X O
understandable JJ X O
format NN X O
for IN X O
the DT X O
operational JJ X O
teams NNS X O
, , X O
investigating VBG X O
and CC X O
analysing VBG X B-Skill
all DT X O
work NN X O
carried VBD X O
out IN X O
to TO X O
ensure VB X O
that IN X O
all DT X O
revenue NN X O
is VBZ X O
claimed VBN X O
for IN X O
, , X O
conducting VBG X B-Skill
adhoc JJ X I-Skill
investigations NNS X I-Skill
of IN X O
revenue NN X O
streams NNS X O
based VBN X O
on IN X O
daily JJ X O
reporting VBG X O
issues NNS X O
/ NNP X O
trends NNS X O
, , X O
automation NN X O
/ FW X O
improvement NN X O
/ NNP X B-Skill
documentation NN X I-Skill
of IN X O
current JJ X O
manual JJ X O
reporting NN X O
tasks NNS X O
as RB X O
well RB X O
as IN X O
adhoc NN X O
project NN X O
work NN X O
supporting VBG X O
the DT X O
group NN X O
and CC X O
the DT X O
Normanton NNP X O
and CC X O
Glasgow NNP X O
teams NNS X O
. . X O
Joining VBG X O

a DT X O
global JJ X O
company NN X O
as IN X O
they PRP X O
launch VBP X O
their PRP$ X O
new JJ X O
eMarkets NNS X B-Domain
brand NN X O
across IN X O
the DT X O
digital NN X B-Domain
and CC X O
mobile JJ X B-Domain
space NN X O
, , X O
you PRP X O
will MD X O
help VB X O
them PRP X O
increase VB X B-Skill
their PRP$ X I-Skill
digital JJ X I-Skill
presence NN X I-Skill
. . X O
You PRP X O

will MD X O
also RB X O
have VB X O
gained VBN X O
experience NN X O
of IN X O
SQL NNP X B-Skill
Server NNP X I-Skill
inc NN X O
Reporting NNP X B-Skill
Services NNPS X I-Skill
with IN X O
a DT X O
technical JJ X B-Skill
knowledge NN X I-Skill
of IN X I-Skill
software NN X I-Skill
which WDT X O
would MD X O
enable VB X O
you PRP X O
to TO X O
download VB X O
a DT X O
database NN X O
and CC X O
replicate VB X O
a DT X O
problem NN X O
. . X O
OpenTable NNP X O

also RB X O
owns VBZ X O
and CC X O
operates VBZ X O
toptable JJ X O
. . X O
co NN X O
. . X O
uk NN X O
, , X O
a DT X O
leading VBG X O
restaurant NN X B-Domain
reservation NN X I-Domain
site NN X O
in IN X O
the DT X O
United NNP X O
Kingdom NNP X O
. . X O
This DT X O

is VBZ X O
a DT X O
rare JJ X O
opportunity NN X O
to TO X O
work VB X O
in IN X O
an DT X O
' POS X O
inhouse NN X O
' POS X O
position NN X O
as IN X O
part NN X O
of IN X O
their PRP$ X O
global JJ X O
immigration NN X O
team NN X O
, , X O
where WRB X O
you PRP X O
will MD X O
you PRP X O
be VB X O
the DT X O
subject JJ X O
matter NN X O
expert NN X O
for IN X O
immigration NN X B-Skill
legislation NN X I-Skill
. . X O
Due JJ X O

to TO X O
continued JJ X O
growth NN X O
our PRP$ X O
client NN X O
is VBZ X O
currently RB X O
recruiting VBG X O
experienced VBN X B-Skill
Senior NNP X I-Skill
Software NNP X B-Occupation
and CC X I-Occupation
WEB NNP X I-Occupation
Developers NNP X I-Occupation
with IN X O
front JJ X B-Skill
end NN X I-Skill
development NN X I-Skill
and CC X O
web NN X B-Skill
development NN X I-Skill
skills NNS X O
. . X O
The DT X O

company NN X O
is VBZ X O
headquartered VBN X O
in IN X O
San NNP X O
Francisco NNP X O
, , X O
California NNP X O
, , X O
and CC X O
the DT X O
OpenTable NNP X O
service NN X O
is VBZ X O
available JJ X O
throughout IN X O
the DT X O
United NNP X O
States NNPS X O
, , X O
as RB X O
well RB X O
as IN X O
in IN X O
Canada NNP X O
, , X O
Germany NNP X O
, , X O
Japan NNP X O
, , X O
Mexico NNP X O
, , X O
and CC X O
the DT X O
United NNP X O
Kingdom NNP X O
. . X O
We PRP X O

are VBP X O
working VBG X O
with IN X O
a DT X O
small JJ X O
provider NN X O
who WP X O
are VBP X O
a DT X O
progressive JJ X O
company NN X O
within IN X O
the DT X O
care NN X B-Domain
sector NN X O
providing VBG X O
care NN X B-Skill
and CC X I-Skill
support NN X I-Skill
to TO X I-Skill
the DT X I-Skill
elderly JJ X I-Skill
and CC X I-Skill
those DT X I-Skill
with IN X I-Skill
dementia NN X I-Skill
. . X O
A DT X O

letter NN X O
of IN X O
application NN X O
, , X O
a DT X O
completed VBN X O
application NN X O
form NN X O
and CC X O
the DT X O
names NNS X O
, , X O
addresses NNS X O
and CC X O
telephone NN X O
numbers NNS X O
of IN X O
three CD X O
referees NNS X O
including VBG X O
the DT X O
current JJ X O
or CC X O
latest JJS X O
employer NN X O
should MD X O
be VB X O
sent VBN X O
by IN X O
Monday NNP X O
25 CD X O
February NNP X O
2013 CD X O
to TO X O
: : X O
Working VBG X O

to TO X O
the DT X O
principles NNS X O
of IN X O
dignity NN X O
, , X O
respect NN X O
and CC X O
valuing VBG X O
people NNS X O
, , X O
the DT X O
role NN X O
of IN X O
a DT X O
Medacs NNP X O
Healthcare NNP X B-Occupation
Support NNP X I-Occupation
Worker NNP X I-Occupation
is VBZ X O
to TO X O
provide VB X O
personal JJ X B-Skill
, , X I-Skill
domestic JJ X I-Skill
and CC X I-Skill
general JJ X I-Skill
support NN X I-Skill
to TO X O
help VB X O
people NNS X O
to TO X O
live VB X O
as RB X O
independently RB X O
as IN X O
possible JJ X O
. . X O
Encore RB X O

Personnel NNS X O
have VBP X O
been VBN X O
established VBN X O
for IN X O
10 CD X O
years NNS X O
and CC X O
have VBP X O
seen VBN X O
significant JJ X O
growth NN X O
year NN X O
on IN X O
year NN X O
. . X O
Are NNP X O

you PRP X O
a DT X O
talented JJ X B-Skill
Quality NNP X B-Occupation
Assurance NNP X I-Occupation
Tester NNP X I-Occupation
/ NNP X I-Occupation
Manager NNP X I-Occupation
looking VBG X O
to TO X O
work VB X O
with IN X O
marketleading VBG X O
software NN X O
applications NNS X O
? . X O
working VBG X O

days NNS X O
please VB X O
assume VB X O
your PRP$ X O
application NN X O
has VBZ X O
been VBN X O
unsuccessful JJ X O
on IN X O
this DT X O
occasion NN X O
. . X O
IDEALLY NNP X O

YOU NNP X O
WILL MD X O
HAVE VB X O
THE NNP X O
FOLLOWING NNP X O
Experience NNP X O
of IN X O
working VBG X O
within IN X O
a DT X O
power NN X B-Domain
plant NN X I-Domain
Ensure NN X B-Skill

medicines NNS X I-Skill
are VBP X I-Skill
appropriately RB X I-Skill
received VBN X I-Skill
, , X I-Skill
stored VBN X I-Skill
and CC X I-Skill
administered VBN X I-Skill
to TO X I-Skill
our PRP$ X I-Skill
clients NNS X I-Skill
. . X O
The DT X O

ideal JJ X O
senior JJ X B-Skill
ASP NNP X I-Skill
. . X I-Skill
NET NNP X I-Skill
developer NN X I-Skill
is VBZ X O
going VBG X O
to TO X O
be VB X O
a DT X O
passionate JJ X O
individual NN X O
with IN X O
strong JJ X O
functional JJ X O
development NN X O
skills NNS X O
with IN X O
a DT X O
high JJ X O
interest NN X O
in IN X O
delivering VBG X O
great JJ X O
results NNS X O
. . X O
TEKsystems NNS X O

and CC X O
Aerotek NNP X O
are VBP X O
divisions NNS X O
of IN X O
Allegis NNP X O
Group NNP X O
Limited NNP X O
. . X O
Team NN X O

and CC X O
formal JJ X O
training NN X O
will MD X O
be VB X O
provided VBN X O
to TO X O
get VB X O
the DT X O
successful JJ X O
applicant NN X O
up IN X O
to TO X O
speed VB X O
if IN X O
required VBN X O
. . X O
You PRP X O

will MD X O
work VB X B-Skill
in IN X I-Skill
a DT X I-Skill
small JJ X I-Skill
team NN X I-Skill
of IN X O
up IN X O
to TO X O
three CD X O
operatives NNS X O
based VBN X O
at IN X O
our PRP$ X O
Darwen NNP X O
depot NN X O
, , X O
hours NNS X O
of IN X O
work NN X O
Monday NNP X O
to TO X O
Friday NNP X O
7 CD X O
. . X O
30am CD X O
4 CD X O
. . X O
00pm CD X O
, , X O
overtime NN X O
as IN X O
and CC X O
when WRB X O
required VBN X O
. . X O
Lead VB X B-Skill

the DT X I-Skill
Debtors NNS X I-Skill
review VBP X I-Skill
with IN X I-Skill
the DT X I-Skill
MD NNP X I-Skill
/ NNP X I-Skill
FC NNP X I-Skill
to TO X I-Skill
analyse VB X I-Skill
the DT X I-Skill
position NN X I-Skill
of IN X I-Skill
each DT X I-Skill
debtor NN X I-Skill
with IN X I-Skill
the DT X I-Skill
use NN X I-Skill
of IN X I-Skill
own JJ X I-Skill
Aged NNP X I-Skill
Debtor NNP X I-Skill
analysis NN X I-Skill
report NN X I-Skill
and CC X I-Skill
progress NN X I-Skill
Therefore RB X O

knowledge NN X B-Skill
and CC X O
experience NN X B-Skill
in IN X O
SQL NNP X B-Skill
and CC X O
QlikView NNP X B-Skill
is VBZ X O
going VBG X O
to TO X O
be VB X O
highly RB X O
regarded VBN X O
for IN X O
this DT X O
role NN X O
. . X O
**** JJ X O

plus CC X O
benefits NNS X O
Apply NNP X O
online NN X O
, , X O
including VBG X O
your PRP$ X O
current JJ X O
remuneration NN X O
details NNS X O
or CC X O
telephone NN X O
us PRP X O
on IN X O
As IN X O

a DT X O
B NNP X B-Occupation
Q NNP X I-Occupation
Store NNP X I-Occupation
Manager NNP X I-Occupation
you PRP X O
will MD X O
be VB X O
heading VBG X B-Skill
up RP X I-Skill
the DT X I-Skill
in IN X I-Skill
store NN X I-Skill
team NN X I-Skill
and CC X O
will MD X O
be VB X O
a DT X O
custodian NN X B-Skill
of IN X I-Skill
B NNP X I-Skill
Q NNP X I-Skill
values NNS X I-Skill
. . X O
A DT X O

good JJ X O
communication NN X B-Skill
who WP X O
pays VBZ X O
attention NN X B-Skill
to TO X I-Skill
detail VB X I-Skill
Experience NNP X I-Skill
of IN X O
working VBG X O
within IN X O
a DT X O
manufacturing NN X B-Domain
company NN X I-Domain
would MD X O
be VB X O
an DT X O
advantageHays JJ X O
Specialist NNP X O
Recruitment NNP X O
Limited NNP X O
acts VBZ X O
as IN X O
an DT X O
employment NN X O
agency NN X O
for IN X O
permanent JJ X O
recruitment NN X O
and CC X O
employment NN X O
business NN X O
for IN X O
the DT X O
supply NN X O
of IN X O
temporary JJ X O
workers NNS X O
. . X O
Send NNP X O

CV NNP X O
to TO X O
Click NNP X O
here RB X O
to TO X O
contact VB X O
this DT X O
recruiter NN X O
. . X O
If IN X O

you PRP X O
are VBP X O
looking VBG X O
for IN X O
a DT X O
new JJ X O
challenge NN X O
in IN X O
business NN X B-Domain
travel NN X I-Domain
, , X O
then RB X O
this DT X O
is VBZ X O
an DT X O
opportunity NN X O
not RB X O
to TO X O
be VB X O
missed VBN X O
This DT X O

is VBZ X O
a DT X O
rare JJ X O
opportunity NN X O
to TO X O
join VB X O
the DT X O
Bespoke NNP X O
team NN X O
at IN X O
Wallpaper NNP X O
in IN X O
the DT X O
lead JJ X O
design NN X B-Skill
role NN X O
for IN X O
the DT X O
brand NN X O
s VBD X O
creative JJ X B-Skill
solutions NNS X I-Skill
business NN X O
. . X O
With IN X O

the DT X O
Shop NNP X B-Occupation
Manager NNP X I-Occupation
, , X O
accept NN X B-Skill
, , X I-Skill
sort NN X I-Skill
, , X I-Skill
price NN X I-Skill
and CC X I-Skill
display NN X I-Skill
stock NN X I-Skill
in IN X I-Skill
accordance NN X I-Skill
with IN X I-Skill
Age NNP X I-Skill
UK NNP X I-Skill
guidelines NNS X I-Skill
. . X O
Being VBG X O

a DT X O
strong JJ X B-Skill
communicator NN X I-Skill
, , X O
you PRP X O
will MD X O
also RB X O
demonstrate VB X O
commercial JJ X B-Domain
experience NN X O
preferably RB X O
gained VBD X O
within IN X O
a DT X O
large JJ X B-Domain
consumer NN X I-Domain
lead NN X I-Domain
organisation NN X I-Domain
. . X O
This DT X O

is VBZ X O
an DT X O
excellent JJ X O
opportunity NN X O
to TO X O
join VB X O
a DT X O
rapidly RB X O
growing VBG X O
organisation NN X O
with IN X O
exciting JJ X O
expansion NN X O
plans NNS X O
. . X O
My PRP$ X O

client NN X O
has VBZ X O
a DT X O
vacancy NN X O
for IN X O
an DT X O
administration NN X B-Occupation
assistant NN X I-Occupation
to TO X O
provide VB X O
support NN X O
to TO X O
their PRP$ X O
Wills NNP X O
Probate NNP X O
and CC X O
Personal NNP X O
Injury NNP X O
departments NNS X O
. . X O
**** JJ X O

form NN X O
entry NN X O
Primary NNP X O
school NN X O
that WDT X O
serves VBZ X B-Skill
a DT X I-Skill
culturally RB X I-Skill
diverse JJ X I-Skill
demographic NN X I-Skill
. . X O
You PRP X O

will MD X O
be VB X O
responsible JJ X O
for IN X O
: : X O
Maintaining VBG X B-Skill
the DT X I-Skill
existing VBG X I-Skill
platform NN X I-Skill
Developing NNP X I-Skill
, , X I-Skill
testing VBG X I-Skill
, , X I-Skill
implementing VBG X I-Skill
and CC X I-Skill
maintaining VBG X I-Skill
the DT X I-Skill
next JJ X I-Skill
version NN X I-Skill
of IN X I-Skill
the DT X I-Skill
platform NN X I-Skill
Suggesting VBG X I-Skill
improvements NNS X I-Skill
to TO X I-Skill
the DT X I-Skill
existing VBG X I-Skill
system NN X I-Skill
Providing VBG X I-Skill
estimations NNS X I-Skill
to TO X I-Skill
assist VB X I-Skill
with IN X I-Skill
project NN X I-Skill
planning VBG X I-Skill
Follow NNP X I-Skill
coding NN X I-Skill
standards NNS X I-Skill
set VBN X I-Skill
by IN X I-Skill
the DT X I-Skill
Technical NNP X I-Skill
Lead NNP X I-Skill
Technical NNP X O
skills VBZ X O
you PRP X O
will MD X O
be VB X O
expected VBN X O
to TO X O
use VB X O
in IN X O
your PRP$ X O
role NN X O
include VBP X O
: : X O
Visual JJ X B-Skill
Studio NN X I-Skill
The DT X O

successful JJ X O
candidate NN X O
will MD X O
have VB X O
experience NN X B-Experience
in IN X I-Experience
a DT X I-Experience
field NN X I-Experience
service NN X I-Experience
role NN X I-Experience
, , X O
preferably RB X O
on IN X O
machinery NN X B-Experience
comprising NN X I-Experience
of IN X I-Experience
high JJ X I-Experience
pressure NN X I-Experience
hydraulic JJ X I-Experience
systems NNS X I-Experience
. . X O
Monitor NNP X B-Skill

the DT X I-Skill
sales NNS X I-Skill
of IN X I-Skill
new JJ X I-Skill
and CC X I-Skill
existing JJ X I-Skill
hotels NNS X I-Skill
Coordinate NNP X I-Skill
and CC X I-Skill
prepare VB X I-Skill
regular JJ X I-Skill
statistics NNS X I-Skill
Freesale NNP X I-Skill
trips NNS X I-Skill
to TO X I-Skill
hotels NNS X I-Skill
/ JJ X I-Skill
cities NNS X I-Skill
to TO X I-Skill
discuss VB X I-Skill
deals NNS X I-Skill
/ NNP X I-Skill
availability NN X I-Skill
face NN X I-Skill
to TO X I-Skill
face VB X I-Skill
Assisting VBG X I-Skill
the DT X I-Skill
rest NN X I-Skill
of IN X I-Skill
the DT X I-Skill
freesale JJ X I-Skill
team NN X I-Skill
with IN X I-Skill
closeouts NNS X I-Skill
or CC X I-Skill
issues NNS X I-Skill
arising VBG X I-Skill
from IN X I-Skill
freesale JJ X I-Skill
use NN X I-Skill
with IN X I-Skill
partner NN X I-Skill
hotels NNS X I-Skill
Working VBG X I-Skill
closely RB X I-Skill
with IN X I-Skill
Customer NNP X I-Skill
Service NNP X I-Skill
to TO X I-Skill
ensure VB X I-Skill
all DT X I-Skill
freesale JJ X I-Skill
bookings NNS X I-Skill
are VBP X I-Skill
honoured VBN X I-Skill
by IN X I-Skill
the DT X I-Skill
hotels NNS X I-Skill
We PRP X O
are VBP X O
looking VBG X O
for IN X O
a DT X O
person NN X O
who WP X O
has VBZ X O
very RB X O
good JJ X O
administration NN X B-Skill
skills NNS X I-Skill
, , X O
can MD X O
organize VB X O
themselves PRP X O
very RB X O
well RB X O
, , X O
is VBZ X O
a DT X O
real JJ X O
team NN X B-Skill
player NN X I-Skill
but CC X O
who WP X O
can MD X O
also RB X O
work VB X B-Skill
on IN X I-Skill
their PRP$ X I-Skill
own JJ X I-Skill
initiative NN X I-Skill
, , X O
good JJ X B-Skill
with IN X I-Skill
deadlines NNS X I-Skill
, , X O
good JJ X O
communication NN X B-Skill
skills NNS X I-Skill
, , X O
negotiation NN X B-Skill
experience NN X I-Skill
is VBZ X O
an DT X O
advantage NN X O
, , X O
the DT X O
requested JJ X O
language NN X O
skills NNS X O
above IN X O
are VBP X O
very RB X O
important JJ X O
and CC X O
native JJ X O
speakers NNS X O
are VBP X O
preferred VBN X O
. . X O
We PRP X O

are VBP X O
looking VBG X O
to TO X O
appoint VB X O
three CD X O
Rostering VBG X B-Occupation
Coordinators NNS X I-Occupation
to TO X O
provide VB X O
cover NN X O
between IN X O
7 CD X O
. . X O
30am CD X O
to TO X O
10 CD X O
. . X O
30pm CD X O
seven CD X O
days NNS X O
per IN X O
week NN X O
, , X O
responsible JJ X O
for IN X O
the DT X O
coordination NN X B-Skill
, , X I-Skill
rostering VBG X I-Skill
and CC X I-Skill
allocation NN X I-Skill
of IN X I-Skill
service NN X I-Skill
user NN X I-Skill
visits NNS X I-Skill
. . X O
hands NNS X O

on IN X O
` `` X O
position NN X O
where WRB X O
they PRP X O
would MD X O
be VB X O
expected VBN X O
to TO X O
be VB X O
creating VBG X B-Skill
a DT X I-Skill
fun NN X I-Skill
environment NN X I-Skill
with IN X I-Skill
good JJ X I-Skill
working JJ X I-Skill
culture NN X I-Skill
together RB X I-Skill
with IN X I-Skill
other JJ X I-Skill
managers NNS X I-Skill
and CC X I-Skill
rest NN X I-Skill
of IN X I-Skill
the DT X I-Skill
great JJ X I-Skill
team NN X I-Skill
. . X O
Apply NNP X O

to TO X O
Steve NNP X O
Neale NNP X O
with IN X O
your PRP$ X O
CV NNP X O
and CC X O
covering VBG X O
letter NN X O
by IN X O
email NN X O
to TO X O
[ VB X O
blocked JJ X O
email NN X O
] NN X O
Responsibility NN X O

for IN X O
strategy NN X B-Skill
creation NN X I-Skill
and CC X I-Skill
implementation NN X I-Skill
Development NNP X I-Skill
of IN X I-Skill
the DT X I-Skill
specific JJ X I-Skill
commodity NN X I-Skill
supply NN X I-Skill
base NN X I-Skill
Your PRP$ X O

responsibilities NNS X O
will MD X O
include VB X O
, , X O
but CC X O
not RB X O
be VB X O
exhaustive JJ X O
of IN X O
: : X O
Staff NNP X B-Skill
management NN X I-Skill
including VBG X O
training NN X B-Skill
, , X O
coaching NN X B-Skill
, , X O
reviewing VBG X B-Skill
their PRP$ X I-Skill
workload NN X I-Skill
and CC X O
monitoring NN X B-Skill
Reporting VBG X I-Skill
to TO X O
Manager NNP X B-Occupation
Helen NNP X O
Stevens NNP X O
on IN X O
You PRP X O

will MD X O
be VB X O
CIPD NNP X B-Qualification
qualified VBD X I-Qualification
or CC X I-Qualification
equivalent JJ X I-Qualification
and CC X O
have VBP X O
a DT X O
good JJ X O
working NN X O
knowledge NN X O
of IN X O
the DT X O
public JJ X B-Domain
/ NNP X I-Domain
education NN X I-Domain
sectors NNS X I-Domain
. . X O
To TO X O

propose VB X B-Skill
suitable JJ X I-Skill
commercially RB X I-Skill
viable JJ X I-Skill
technical JJ X I-Skill
solutions NNS X I-Skill
to TO X I-Skill
answer VB X I-Skill
clients NNS X I-Skill
' POS X I-Skill
stated VBN X I-Skill
underlying JJ X I-Skill
business NN X I-Skill
needs NNS X I-Skill
Where WRB X O
necessary JJ X O
to TO X O
be VB X O
a DT X O
key JJ X O
point NN X O
of IN X O
contact NN X B-Skill
for IN X I-Skill
your PRP$ X I-Skill
clients NNS X I-Skill
, , X O
attending VBG X B-Skill
meetings NNS X I-Skill
presenting VBG X I-Skill
technical JJ X I-Skill
solutions NNS X I-Skill
, , X O
development NN X B-Skill
project NN X I-Skill
approaches VBZ X I-Skill
Help NNP X I-Skill
clarify VB X I-Skill
client NN X I-Skill
briefs NNS X I-Skill
to TO X I-Skill
understand VB X I-Skill
requirements NNS X I-Skill
, , X O
deliverables NNS X B-Skill
, , X O
end VBP X B-Skill
goals NNS X I-Skill
risks NNS X I-Skill
. . X O
Randstad NNP X O

Financial NNP X B-Domain
& CC X O
Professional NNP X O
encourage NN X O
applications NNS X O
from IN X O
individuals NNS X O
of IN X O
all DT X O
ages NNS X O
& CC X O
backgrounds NNS X O
. . X O
Carry NNP X O

out RP X O
work NN X O
in IN X O
accordance NN X O
with IN X O
the DT X O
Company NNP X O
Health NNP X O
, , X O
Safety NNP X O
, , X O
Environmental NNP X O
and CC X O
Quality NNP X O
Systems NNPS X O
. . X O
Required VBN X O

skills NNS X O
/ JJ X O
experience NN X O
High NNP X O
attention NN X B-Skill
to TO X I-Skill
detail VB X I-Skill
, , X O
methodical JJ X B-Skill
and CC X O
organized VBN X B-Skill
. . X O
Commutable JJ X O

from IN X O
: : X O
Leeds NNS X O
, , X O
Wakefield NNP X O
, , X O
Bradford NNP X O
, , X O
Huddersfield NNP X O
, , X O
Halifax NNP X O
, , X O
Dewsbury NNP X O
, , X O
Oldham NNP X O
, , X O
Sheffield NNP X O
, , X O
Barnsley NNP X O
, , X O
Pontefract NNP X O
, , X O
etc NN X O
. . X O
K NNP X O

. . X O
Ideally NNP X O
you PRP X O
will MD X O
have VB X O
previously RB X O
sold VBN X B-Skill
some DT X I-Skill
IT NNP X I-Skill
solution NN X I-Skill
or CC X I-Skill
internet NN X I-Skill
service NN X I-Skill
If IN X O

so RB X O
please JJ X O
apply VB X O
for IN X O
more JJR X O
information NN X O
on IN X O
the DT X O
role NN X O
and CC X O
our PRP$ X O
requirements NNS X O
and CC X O
fill NN X O
in IN X O
an DT X O
online JJ X O
application NN X O
form NN X O
. . X O
The DT X O

successful JJ X O
Mechanical NNP X B-Occupation
Design NNP X I-Occupation
Engineer NNP X I-Occupation
will MD X O
join VB X O
an DT X O
established VBN X O
reputable JJ X O
organisation NN X O
that WDT X O
has VBZ X O
expanded VBN X O
year NN X O
on IN X O
year NN X O
and CC X O
be VB X O
part NN X O
of IN X O
a DT X O
design NN X O
team NN X O
that WDT X O
is VBZ X O
leading VBG X B-Skill
the DT X I-Skill
way NN X I-Skill
their PRP$ X I-Skill
technology NN X I-Skill
. . X O
The DT X O

software NN X B-Skill
product NN X O
has VBZ X O
been VBN X O
adapted VBN X O
to TO X O
sell VB X O
into IN X O
the DT X O
Public NNP X B-Domain
sector NN X I-Domain
, , X O
making VBG X O
their PRP$ X O
proposition NN X O
highly RB X O
attractive JJ X O
in IN X O
those DT X O
areas NNS X O
. . X O
P NNP X O

**** NNP X O
s VBD X O
**** NNP X O
Responsible NNP X O
for IN X O
creating VBG X B-Skill
, , X O
maintaining VBG X B-Skill
and CC X O
updating VBG X B-Skill
all DT X I-Skill
payroll NN X I-Skill
processes NNS X I-Skill
As IN X O

part NN X O
of IN X O
your PRP$ X O
role NN X O
, , X O
you PRP X O
will MD X O
be VB X O
a DT X O
key JJ X B-Skill
point NN X I-Skill
of IN X I-Skill
contact NN X I-Skill
for IN X I-Skill
clients NNS X I-Skill
in IN X O
providing VBG X O
system NN X O
designs NNS X O
. . X O
This DT X O

role NN X O
is VBZ X O
responsible JJ X O
for IN X O
taking VBG X B-Skill
the DT X I-Skill
initial JJ X I-Skill
call NN X I-Skill
, , X I-Skill
all PDT X I-Skill
the DT X I-Skill
way NN X I-Skill
through IN X I-Skill
to TO X I-Skill
getting VBG X I-Skill
the DT X I-Skill
trust NN X I-Skill
deed NN X I-Skill
protected VBN X I-Skill
. . X O
This DT X O

will MD X O
also RB X O
enable VB X O
you PRP X O
to TO X O
develop VB X O
talent JJ X O
pipelines NNS X O
and CC X O
build VB X O
relationships NNS X O
across IN X O
the DT X O
organisation NN X O
. . X O
Can MD X O

you PRP X O
deliver VB X B-Skill
consistently RB X I-Skill
good JJ X I-Skill
and CC X I-Skill
above JJ X I-Skill
standard NN X I-Skill
lessons NNS X I-Skill
which WDT X O
are VBP X O
creative JJ X B-Skill
and CC X O
engaging VBG X B-Skill
to TO X O
pupils NNS X O
of IN X O
all DT X O
ability NN X O
levels NNS X O
? . X O
Based VBN X B-Skill

from IN X I-Skill
home NN X I-Skill
you PRP X O
will MD X O
manage VB X B-Skill
these DT X I-Skill
key JJ X I-Skill
national JJ X I-Skill
accounts NNS X I-Skill
and CC X O
provide VB X B-Skill
a DT X I-Skill
high JJ X I-Skill
level NN X I-Skill
of IN X I-Skill
service NN X I-Skill
to TO X I-Skill
key VB X I-Skill
contacts NNS X I-Skill
at IN X O
the DT X O
designated JJ X O
accounts NNS X O
. . X O
Initiative NNP X B-Skill

and CC X O
ability NN X B-Skill
to TO X I-Skill
work VB X I-Skill
under IN X I-Skill
time NN X I-Skill
pressures NNS X I-Skill
to TO X I-Skill
meet VB X I-Skill
deadlines NNS X I-Skill
. . X O
Computer NNP X B-Skill

literate NN X I-Skill
in IN X I-Skill
the DT X I-Skill
use NN X I-Skill
of IN X I-Skill
data NNS X I-Skill
analysis NN X I-Skill
tools NNS X I-Skill
Experienced NNP X I-Skill
in IN X I-Skill
technical JJ X I-Skill
report NN X I-Skill
writing VBG X I-Skill
Ability NNP X I-Skill
to TO X I-Skill
read VB X I-Skill
, , X I-Skill
understand VB X I-Skill
and CC X I-Skill
interpret VB X I-Skill
engineering NN X I-Skill
product NN X I-Skill
and CC X I-Skill
process NN X I-Skill
information NN X I-Skill
DSP NNP X B-Occupation

Developers NNP X O
with IN X O
the DT X O
following JJ X O
skills NNS X O
are VBP X O
invited VBN X O
to TO X O
apply VB X O
Essential JJ X O
: : X O
Internally RB X O

you PRP X O
will MD X O
deliver VB X B-Skill
excellence NN X I-Skill
of IN X I-Skill
service NN X I-Skill
that WDT X O
always RB X O
ensures VBZ X O
that IN X O
the DT X O
guest NN X O
will MD X O
come VB X O
back RB X O
. . X O
therefore RB X O

RMN NNP X B-Qualification
qualified VBD X I-Qualification
nurses NNS X I-Qualification
are VBP X O
ideal JJ X O
although IN X O
RGN NNP X B-Occupation
nurses NNS X I-Occupation
with IN X O
relevant JJ X O
experience NN X O
will MD X O
also RB X O
be VB X O
considered VBN X O
. . X O
The DT X O

actual JJ X O
savings NNS X O
will MD X O
depend VB X O
on IN X O
the DT X O
nature NN X O
of IN X O
the DT X O
customers NNS X O
facility NN X O
, , X O
as RB X O
well RB X O
as IN X O
the DT X O
lighting NN X B-Skill
which WDT X O
is VBZ X O
being VBG X O
replaced VBN X O
. . X O
but CC X O

we PRP X O
thank VBP X O
you PRP X O
for IN X O
applying VBG X O
and CC X O
wish VB X O
you PRP X O
all PDT X O
the DT X O
best JJS X O
in IN X O
your PRP$ X O
search NN X O
. . X O
Due JJ X O

to TO X O
growth NN X O
they PRP X O
are VBP X O
now RB X O
looking VBG X O
to TO X O
recruit VB X O
a DT X O
Lead JJ X B-Occupation
Piping NNP X I-Occupation
Engineer NNP X I-Occupation
on IN X O
a DT X O
staff NN X O
basis NN X O
for IN X O
their PRP$ X O
Teesside NNP X O
office NN X O
. . X O
Maintain NN X B-Skill

records NNS X I-Skill
and CC X O
produce VBP X B-Skill
activity NN X I-Skill
reports NNS X I-Skill
focusing VBG X O
on IN X O
CRM NNP X B-Skill
system NN X I-Skill
Assist NNP X O
with IN X O
business NN X B-Skill
development NN X I-Skill
campaigns NNS X I-Skill
including VBG X O
trade NN X B-Skill
show NN X I-Skill
coordination NN X I-Skill
****: $ X O

00pm CD X O
and CC X O
have VBP X O
the DT X O
opportunity NN X O
to TO X O
work VB X O
plenty NN X O
of IN X O
overtime NN X O
. . X O
Ideally RB X O

you PRP X O
will MD X O
be VB X O
ACA NNP X B-Skill
qualified JJ X O
having VBG X O
experienced VBN X O
working VBG X B-Skill
for IN X I-Skill
a DT X I-Skill
Top JJ X I-Skill
50 CD X I-Skill
practice NN X I-Skill
or CC X I-Skill
strong JJ X I-Skill
smaller JJR X I-Skill
independent JJ X I-Skill
practice NN X I-Skill
. . X O
The DT X O

successful JJ X O
candidate NN X O
will MD X O
be VB X O
the DT X O
Lead NNP X B-Occupation
Quality NNP X I-Occupation
Manager NNP X I-Occupation
on IN X O
this DT X O
250m CD X O
project NN X O
. . X O
Ensuring VBG X B-Skill

effective JJ X I-Skill
resourcing VBG X I-Skill
to TO X I-Skill
meet VB X I-Skill
business NN X I-Skill
needs NNS X I-Skill
, , X I-Skill
including VBG X I-Skill
the DT X I-Skill
planning NN X I-Skill
, , X I-Skill
mapping NN X I-Skill
and CC X I-Skill
growth NN X I-Skill
of IN X I-Skill
internal JJ X I-Skill
talent NN X I-Skill
Driving NNP X I-Skill
high JJ X I-Skill
operational JJ X I-Skill
performance NN X I-Skill
through IN X I-Skill
ensuring VBG X I-Skill
effective JJ X I-Skill
performance NN X I-Skill
management NN X I-Skill
and CC X I-Skill
development NN X I-Skill
Driving NNP X I-Skill
staff NN X I-Skill
engagement NN X I-Skill
through IN X I-Skill
ensuring VBG X I-Skill
good JJ X I-Skill
people NNS X I-Skill
management NN X I-Skill
practises NNS X I-Skill
and CC X I-Skill
providing VBG X I-Skill
assistance NN X I-Skill
, , X I-Skill
support NN X I-Skill
and CC X I-Skill
advice NN X I-Skill
to TO X I-Skill
Operational NNP X I-Skill
Business NNP X I-Skill
Leaders NNS X I-Skill
To TO X O

receive VB X O
regular JJ X O
updates NNS X O
of IN X O
our PRP$ X O
current JJ X O
vacancies NNS X O
why WRB X O
not RB X O
set VB X O
up RP X O
job NN X O
alerts NNS X O
. . X O
Adhere RB X B-Skill

to TO X I-Skill
safe VB X I-Skill
operating VBG X I-Skill
guidelines NNS X I-Skill
in IN X I-Skill
terms NNS X I-Skill
of IN X I-Skill
kitchen NN X I-Skill
equipment NN X I-Skill
. . X O
Oversee NNP X O

final JJ X O
account NN X O
settlements NNS X O
and CC X O
internal JJ X O
reconciliation NN X O
for IN X O
contract NN X O
closeout NN X O
as IN X O
required VBN X O
. . X O
They PRP X O

are VBP X O
therefore RB X O
committed VBN X O
to TO X O
developing VBG X O
and CC X O
promoting VBG X O
their PRP$ X O
employees NNS X O
for IN X O
the DT X O
benefit NN X O
of IN X O
both CC X O
the DT X O
individual NN X O
and CC X O
the DT X O
organisation NN X O
. . X O
The DT X O

chance NN X O
to TO X O
shape VB X B-Skill
the DT X I-Skill
Landscape NNP X I-Skill
and CC X O
make VB X B-Skill
recommendations NNS X I-Skill
for IN X I-Skill
improvements NNS X I-Skill
. . X O
Overall JJ X O

management NN X O
of IN X O
the DT X O
premises NNS X O
Ensure VBP X O
the DT X O
home NN X O
is VBZ X O
compliant JJ X O
with IN X O
Assisting VBG X O

with IN X O
the DT X O
organisation NN X B-Skill
of IN X I-Skill
meetings NNS X I-Skill
and CC X I-Skill
events NNS X I-Skill
Production NNP X I-Skill
and CC X I-Skill
distribution NN X I-Skill
of IN X I-Skill
agendas NNS X I-Skill
Undertaking VBG X O
financial JJ X B-Skill
clerical JJ X I-Skill
duties NNS X I-Skill
, , X O
including VBG X O
; : X O
receipt NN X B-Skill
and CC X I-Skill
banking NN X I-Skill
of IN X I-Skill
cash NN X I-Skill
, , X I-Skill
cheques NNS X I-Skill
and CC X I-Skill
electronic JJ X I-Skill
payments NNS X I-Skill
SENITOR NNS X O

have VBP X O
won VBN X O
the DT X O
award NN X O
for IN X O
BEST NNP X B-Qualification
NATIONAL NNP X I-Qualification
RECRUITMENT NNP X I-Qualification
AGENCY NNP X I-Qualification
To TO X O
find VB X O
out RP X O
more RBR X O
visit JJ X O
our PRP$ X O
website JJ X O
http NN X O
:// NNP X O
www NN X O
. . X O
senitor NN X O
. . X O
com NN X O
/ NN X O
To TO X O
be VB X O
represented VBN X O
by IN X O
the DT X O
Best NNP X B-Qualification
National NNP X I-Qualification
Recruitment NNP X I-Qualification
Agency NNP X I-Qualification
in IN X O
regard NN X O
to TO X O
this DT X O
and CC X O
other JJ X O
vacancies NNS X O
please VBP X O
send VB X O
your PRP$ X O
CV NNP X O
to TO X O
nicola VB X O
. . X O
dentasenitor NN X O
. . X O
com NN X O
Senitor NNP X O
Associates NNPS X O
Ltd NNP X O
is VBZ X O
acting VBG X O
as IN X O
an DT X O
Employment NNP X B-Domain
Agency NNP X O
in IN X O
relation NN X O
to TO X O
this DT X O
vacancy NN X O
. . X O
Qualified VBN X O

to TO X O
HNC NNP X B-Qualification
/ NNP X I-Qualification
Degree NNP X I-Qualification
level NN X I-Qualification
, , X O
or CC X O
equivalent NN X O
, , X O
in IN X O
a DT X O
relevant JJ X O
discipline NN X O
. . X O
Please NNP X O

express VB X O
your PRP$ X O
interest NN X O
by IN X O
sending VBG X O
your PRP$ X O
CV NN X O
to TO X O
cfranceeclypserecruitment VB X O
. . X O
co NN X O
. . X O
uk NN X O
or CC X O
contact NN X O
Caroline NNP X O
for IN X O
further JJ X O
information NN X O
Actively RB X O

manages VBZ X B-Skill
file NN X I-Skill
to TO X I-Skill
company NN X I-Skill
standards NNS X I-Skill
, , X O
acting VBG X O
within IN X O
company NN X O
guidelines NNS X O
at IN X O
all DT X O
times NNS X O
. . X O
Curtis NNP X O

& CC X O
Mayfair NNP X O
is VBZ X O
an DT X O
Equal JJ X O
opportunities NNS X O
employer NN X O
and CC X O
welcomes NNS X O
applications NNS X O
from IN X O
all DT X O
. . X O
Without IN X O

this DT X O
we PRP X O
will MD X O
not RB X O
be VB X O
able JJ X O
to TO X O
progress VB X O
your PRP$ X O
application NN X O
. . X O
Hexham NNP X O

has VBZ X O
a DT X O
good JJ X O
selection NN X O
of IN X O
restaurants NNS X O
and CC X O
it PRP X O
' '' X O
s JJ X O
famous JJ X O
farmers NNS X O
market NN X O
which WDT X O
attracts VBZ X O
people NNS X O
from IN X O
across IN X O
the DT X O
region NN X O
. . X O
Meet NN X B-Skill

with IN X I-Skill
customers NNS X I-Skill
to TO X I-Skill
identify VB X I-Skill
and CC X I-Skill
clearly RB X I-Skill
understand JJ X I-Skill
problems NNS X I-Skill
as IN X O
and CC X O
when WRB X O
required VBN X O
. . X O
**** JJ X O

operational JJ X B-Domain
outlets NNS X I-Domain
and CC X O
, , X O
importantly RB X O
, , X O
you PRP X O
ll VBP X O
provide JJ X O
crystal NN X B-Skill
clear JJ X I-Skill
, , X O
inspirational JJ X B-Skill
leadership NN X I-Skill
to TO X I-Skill
a DT X I-Skill
team NN X I-Skill
of IN X O
You PRP X O

will MD X O
think VB X B-Skill
strategically RB X I-Skill
, , X O
anticipate VB X B-Skill
how WRB X I-Skill
decisions NNS X I-Skill
are VBP X I-Skill
made VBN X I-Skill
and CC X O
understand VB X B-Skill
the DT X I-Skill
details NNS X I-Skill
of IN X I-Skill
individual JJ X I-Skill
clients NNS X I-Skill
, , X O
and CC X O
you PRP X O
will MD X O
persistently RB X O
explore VB X B-Skill
and CC X I-Skill
uncover VB X I-Skill
the DT X I-Skill
business NN X I-Skill
needs NNS X I-Skill
of IN X I-Skill
your PRP$ X I-Skill
key JJ X I-Skill
clients NNS X I-Skill
. . X O
The DT X O

Web NNP X B-Occupation
Business NNP X I-Occupation
Analyst NNP X I-Occupation
will MD X O
be VB X O
innovative JJ X B-Skill
and CC X O
suggest VBP X B-Skill
ways NNS X I-Skill
to TO X I-Skill
drive VB X I-Skill
sales NNS X I-Skill
whilst VBP X O
controlling VBG X B-Skill
costs NNS X I-Skill
and CC X O
ensuring VBG X B-Skill
profitability NN X I-Skill
targets NNS X I-Skill
are VBP X I-Skill
achieved VBN X I-Skill
. . X O
Full JJ X O

Time NNP X O
Call NNP X B-Occupation
Centre NNP X I-Occupation
Operatives VBZ X I-Occupation
Must NNP X O
be VB X O
available JJ X O
to TO X O
start VB X O
4th CD X O
Feb NNP X O
2013 CD X O
The DT X O

role NN X O
will MD X O
start VB X O
on IN X O
a DT X O
day NN X O
to TO X O
day NN X O
supply VB X O
basis NN X O
, , X O
but CC X O
if IN X O
you PRP X O
are VBP X O
looking VBG X O
for IN X O
permanent JJ X O
roles NNS X O
please VBP X O
register VB X O
your PRP$ X O
interest NN X O
as IN X O
we PRP X O
have VBP X O
other JJ X O
roles NNS X O
available JJ X O
. . X O
HOW WRB X O

TO NNP X O
APPLY NNP X O
: : X O
Please NNP X O
note VBP X O
that IN X O
in IN X O
accordance NN X O
with IN X O
Hot NNP X O
Recruitment NNP X O
Consultants NNPS X O
recruitment NN X O
and CC X O
consultancy NN X O
processes NNS X O
, , X O
if IN X O
you PRP X O
are VBP X O
shortlisted VBN X O
your PRP$ X O
CV NN X O
may MD X O
be VB X O
sent VBN X O
to TO X O
the DT X O
Hiring NNP X O
Manager NNP X O
at IN X O
our PRP$ X O
Clients NNS X O
business NN X O
and CC X O
by IN X O
applying VBG X O
for IN X O
this DT X O
position NN X O
you PRP X O
give VBP X O
your PRP$ X O
consent NN X O
for IN X O
us PRP X O
to TO X O
do VB X O
so RB X O
. . X O
Reporting VBG X O

directly RB X O
to TO X O
the DT X O
Senior NNP X B-Occupation
Business NNP X I-Occupation
Development NNP X I-Occupation
Manager NNP X I-Occupation
you PRP X O
will MD X O
be VB X O
responsible JJ X O
for IN X O
winning VBG X O
new JJ X O
business NN X B-Skill
customers NNS X I-Skill
within IN X O
the DT X O
PUBLIC NNP X B-Domain
SECTOR NNP X I-Domain
ie NN X O
, , X O
Government NNP X B-Domain
, , X O
Councils NNP X B-Domain
, , X O
NHS NNP X B-Domain
etc FW X O
selling VBG X B-Skill
domestic JJ X O
mail NN X O
services NNS X O
associated VBN X O
value NN X O
added VBD X O
services NNS X O
. . X O
Ensuring VBG X B-Skill

the DT X I-Skill
configuration NN X I-Skill
control NN X I-Skill
policy NN X I-Skill
is VBZ X I-Skill
implemented VBN X I-Skill
and CC X O
current JJ X O
Essential NNP X O
Skills NNP X O
General NNP X O

duties NNS X O
could MD X O
include VB X O
storyboards NNS X B-Skill
, , X O
concept NN X B-Skill
development NN X I-Skill
and CC X O
art JJ X B-Skill
direction NN X I-Skill
. . X O
Assist NN X B-Skill

in IN X I-Skill
the DT X I-Skill
monitoring NN X I-Skill
of IN X I-Skill
product NN X I-Skill
through IN X I-Skill
the DT X I-Skill
production NN X I-Skill
process NN X I-Skill
to TO X O
ensure VB X B-Skill
compliance NN X I-Skill
with IN X I-Skill
the DT X I-Skill
product NN X I-Skill
definition NN X I-Skill
. . X O
We PRP X O

want VBP X O
people NNS X O
of IN X O
all DT X O
ages NNS X O
and CC X O
backgrounds NNS X O
to TO X O
get VB X O
involved VBN X O
with IN X O
them PRP X O
, , X O
be VB X O
inspired VBN X O
by IN X O
them PRP X O
, , X O
and CC X O
love VB X O
them PRP X O
as RB X O
much RB X O
as IN X O
we PRP X O
do VBP X O
. . X O
Research NNP X O

fields NNS X O
of IN X O
interest NN X O
could MD X O
include VB X O
but CC X O
are VBP X O
not RB X O
restricted VBN X O
to TO X O
: : X B-Domain
migration NN X I-Domain
and CC X O
diaspora JJ X B-Domain
history NN X I-Domain
; : X O
race NN X B-Domain
, , X I-Domain
ethnicity NN X I-Domain
and CC X O
religion NN X B-Domain
; : X O
slavery NN X B-Domain
and CC X I-Domain
the DT X I-Domain
American NNP X I-Domain
south NN X I-Domain
; : X O
relations NNS X B-Domain
with IN X I-Domain
the DT X I-Domain
Atlantic NNP X I-Domain
world NN X I-Domain
, , X O
including VBG X O
maritime JJ X B-Domain
history NN X I-Domain
; : X O
relations NNS X B-Domain
with IN X I-Domain
Central NNP X I-Domain
and CC X I-Domain
South NNP X I-Domain
America NNP X I-Domain
; : X O
Jewish NNP X B-Domain
/ NNP X I-Domain
nonJewish JJ X I-Domain
relations NNS X I-Domain
. . X O
To TO X O

ensure VB X B-Skill
product NN X I-Skill
and CC X I-Skill
service NN X I-Skill
quality NN X I-Skill
delivered VBN X I-Skill
to TO X I-Skill
customers NNS X I-Skill
meets NNS X I-Skill
their PRP$ X I-Skill
required JJ X I-Skill
standards NNS X I-Skill
. . X O
Oversee NNP X B-Skill

an DT X I-Skill
allocation NN X I-Skill
of IN X I-Skill
works NNS X I-Skill
carried VBN X O
out RP X O
by IN X O
Sub NNP X B-Occupation
Contractors NNPS X I-Occupation
. . X O
Future JJ X O

Engineering NNP X O
Recruitment NNP X O
Ltd NNP X O
. . X O
The DT X O
services NNS X O
of IN X O
Future NNP X O
Engineering NNP X O
Recruitment NNP X O
Ltd NNP X O
are VBP X O
that IN X O
of IN X O
an DT X O
Employment NNP X O
Agency NNP X O
. . X O
On IN X O

behalf NN X O
of IN X O
our PRP$ X O
Client NNP X O
a DT X O
reputable JJ X O
food NN X B-Domain
service NN X I-Domain
company NN X O
; : X O
CPL NNP X O
NI NNP X O
are VBP X O
seeking VBG X O
to TO X O
recruit VB X O
a DT X O
Sales NNS X B-Occupation
Representative NNP X I-Occupation
to TO X O
cover VB X O
the DT X O
Northern NNP X O
Ireland NNP X O
Market NNP X O
. . X O
You PRP X O

will MD X O
have VB X O
experience NN X O
of IN X O
managing NN X B-Skill
and CC X I-Skill
leading VBG X I-Skill
a DT X I-Skill
team NN X I-Skill
of IN X I-Skill
nurses NNS X I-Skill
and CC X O
Ideally NNP X O
some DT X O
previous JJ X O
experience NN X O
of IN X O
working VBG X O
in IN X O
the DT X O
private JJ X O
sector NN X O
. . X O
An DT X O

interest NN X O
in IN X O
UNIX NNP X B-Skill
or CC X O
Linux NNP X B-Skill
is VBZ X O
also RB X O
beneficial JJ X O
. . X O
PM NNP X O

Professional NNP X O
Ltd NNP X O
is VBZ X O
acting VBG X O
as IN X O
an DT X O
Employment NNP X O
Agency NNP X O
in IN X O
relation NN X O
to TO X O
this DT X O
vacancy NN X O
Our PRP$ X O

client NN X O
, , X O
a DT X O
Heritage NNP X O
Brand NNP X O
is VBZ X O
looking VBG X O
for IN X O
an DT X O
experienced JJ X O
Web NNP X B-Occupation
Business NNP X I-Occupation
Analyst NNP X I-Occupation
to TO X O
effectively RB X O
analyse VB X B-Skill
business NN X I-Skill
performance NN X I-Skill
in IN X O
order NN X O
to TO X O
identify VB X O
and CC X O
implement VB X O
action NN X O
plans NNS X O
to TO X O
develop VB X O
their PRP$ X O
commercial JJ X O
success NN X O
. . X O
Our PRP$ X O

client NN X O
is VBZ X O
a DT X O
specialist JJ X O
mechanical JJ X B-Domain
engineering NN X I-Domain
firm NN X O
and CC X O
a DT X O
global JJ X O
leader NN X O
in IN X O
their PRP$ X O
industry NN X O
. . X O
The DT X O

department NN X O
offers VBZ X O
treatment NN X O
in IN X O
the DT X O
majority NN X O
of IN X O
surgical JJ X B-Domain
specialties NNS X O
. . X O
We PRP X O

are VBP X O
looking VBG X O
for IN X O
talented JJ X O
iOS NN X B-Skill
Developer NNP X I-Skill
to TO X O
work VB X O
on IN X O
brand NN X O
spanking VBG X O
new JJ X O
games NNS X B-Skill
development NN X I-Skill
for IN X O
a DT X O
top JJ X O
London NNP X O
company NN X O
Top NNP X O
Track NN X O
and CC X O

they PRP X O
now RB X O
have VBP X O
stores NNS X O
nationwide JJ X O
and CC X O
an DT X O
international JJ X O
presence NN X O
. . X O
Day NNP X O

to TO X O
day NN X O
running VBG X O
of IN X O
the DT X O
home NN X O
ensuring NN X B-Skill
that IN X I-Skill
the DT X I-Skill
care NN X I-Skill
and CC X I-Skill
service NN X I-Skill
meets NNS X I-Skill
both CC X I-Skill
the DT X I-Skill
needs NNS X I-Skill
of IN X I-Skill
the DT X I-Skill
residents NNS X I-Skill
and CC X O
legislative JJ X O
requirements NNS X O
. . X O
The DT X O

successful JJ X O
Planner NNP X B-Occupation
s NN X O
will MD X O
be VB X O
proficient JJ X O
in IN X O
interfacing VBG X B-Skill
detail NN X I-Skill
, , X O
Scheduling NNP X B-Skill
and CC X I-Skill
Programme NNP X I-Skill
monitoring NN X I-Skill
with IN X O
hands NNS X O
on IN X O
site NN X O
experience NN X O
. . X O
The DT X O

Reward NNP X O
The DT X O
company NN X O
is VBZ X O
offering VBG X O
a DT X O
generous JJ X O
basic JJ X O
salary NN X O
of IN X O
around IN X O
As IN X O

Domiciliary NNP X B-Occupation
Care NNP X I-Occupation
/ NNP X O
Area NNP X B-Occupation
Manager NNP X I-Occupation
you PRP X O
will MD X O
be VB X O
responsible JJ X O
for IN X O
provide JJ X O
handson NN X O
operational JJ X B-Skill
and CC X I-Skill
commercial JJ X I-Skill
leadership NN X I-Skill
to TO X O
a DT X O
number NN X O
of IN X O
Branch NN X B-Occupation
Managers NNP X I-Occupation
within IN X O
your PRP$ X O
designated JJ X O
region NN X O
/ NNP X O
area NN X O
. . X O
Lead JJ X O

requirements NNS X O
gathering VBG X O
and CC X O
solution NN X O
creation NN X O
Essential NNP X O
skills NNS X O
and CC X O
experience NN X O
: : X O
Excellent JJ X O
analysis NN X B-Skill
skills NNS X I-Skill
, , X O
a DT X O
creative JJ X B-Skill
approach NN X I-Skill
to TO X I-Skill
problem NN X I-Skill
solving NN X I-Skill
and CC X O
an DT X O
indepth JJ X O
interest NN X B-Skill
in IN X I-Skill
websites NNS X I-Skill
and CC X I-Skill
online JJ X I-Skill
retailing NN X I-Skill
Good JJ X O
appreciation NN X O
of IN X O
formal JJ X B-Skill
business NN X I-Skill
process NN X I-Skill
analysis NN X I-Skill
skills NNS X O
SSADM NNP X B-Skill
, , X O
UML NNP X B-Skill
, , X O
etc NN X O
Please NNP X O

note NN X O
there EX X O
is VBZ X O
no DT X O
Spring NN X O
or CC X O
Hibernate NN X O
: : X O
The DT X O
company NN X O
have VBP X O
instead RB X O
developed VBN X O
their PRP$ X O
own JJ X O
inhouse NN X O
frameworks NNS X O
. . X O
You PRP X O

need VBP X O
a DT X O
good JJ X O
Science NN X O
or CC X O
Electronics NNPS X O
qualification NN X O
or CC X O
equiv NN X O
, , X O
be VB X O
passionate JJ X B-Skill
about IN X O
developing VBG X O
low JJ X O
level NN X O
? . X O
Yes UH X O

, , X O
then RB X O
read VB X O
on IN X O
One CD X O
of IN X O
the DT X O
UK NNP X O
s NN X O
largest JJS X O
Alternative JJ X B-Domain
Investment NN X I-Domain
Company NN X O
who WP X O
specialize VBP X O
in IN X O
Agricultral NNP X B-Domain
, , X I-Domain
Land NNP X I-Domain
, , X O
Gold NNP X B-Domain
Silver NNP X I-Domain
are VBP X O
now RB X O
looking VBG X O
to TO X O
recruit VB X O
Russian JJ X O
speaking NN X O
seniors NNS X O
who WP X O
are VBP X O
able JJ X O
to TO X O
make VB X B-Skill
a DT X I-Skill
real JJ X I-Skill
business NN X I-Skill
contribution NN X I-Skill
to TO X O
their PRP$ X O
company NN X O
. . X O
CQC NNP X O

rated VBD X O
care JJ X O
home NN X O
in IN X O
Kent NNP X O
is VBZ X O
looking VBG X O
for IN X O
a DT X O
qualified JJ X B-Skill
RGN NNP X I-Skill
to TO X O
join VB X O
their PRP$ X O
team NN X O
of IN X O
night NN X B-Occupation
nurses NNS X I-Occupation
. . X O
You PRP X O

will MD X O
be VB X O
tasked VBN X O
with IN X O
documenting VBG X B-Skill
financial JJ X I-Skill
transactions NNS X I-Skill
by IN X I-Skill
entering VBG X I-Skill
account NN X I-Skill
information NN X I-Skill
. . X O
F4 NNP X O

Lecturer NNP X O
in IN X O
American NNP X O
History NNP X O
colonial NN X O
America NNP X O
, , X O
United NNP X O
States NNPS X O
, , X O
Our PRP$ X O

client NN X O
is VBZ X O
a DT X O
UK JJ X O
subsidiary NN X O
of IN X O
a DT X O
Worldwide NNP X O
logistics NNS X O
group NN X O
with IN X O
Must RB X O

be VB X O
able JJ X O
to TO X O
prioritise VB X O
and CC X O
meet VB X O
deadlines NNS X O
. . X O
A DT X O

full JJ X O
on IN X O
HR NNP X B-Domain
generalist JJ X O
role NN X O
offering NN X O
variety NN X O
Operationally NNP X B-Skill
minded VBD X I-Skill
HR NNP X B-Occupation
Professional NNP X I-Occupation
who WP X O
understands VBZ X O
the DT X O
business NN X O
and CC X O
can MD X O
pitch VB X B-Skill
HR NNP X I-Skill
at IN X I-Skill
the DT X I-Skill
right JJ X I-Skill
level NN X I-Skill
to TO X O
add VB X O
value NN X O
Someone NNP X O
who WP X O
is VBZ X O
approachable JJ X B-Skill
, , X O
always RB X B-Skill
available JJ X I-Skill
for IN X I-Skill
site NN X I-Skill
staff NN X I-Skill
to TO X I-Skill
contact NN X I-Skill
and CC X O
someone NN X O
who WP X O
can MD X O
get VB X B-Skill
credibility NN X I-Skill
at IN X I-Skill
all DT X I-Skill
levels NNS X I-Skill
quickly RB X I-Skill
A DT X O
genuine JJ X B-Skill
, , X O
honest JJS X B-Skill
, , X O
likeable JJ X B-Skill
and CC X O
straight JJ X B-Skill
forward RB X I-Skill
person NN X O
who WP X O
doesn VBZ X O
t NN X O
mind NN X O
rolling VBG X O
their PRP$ X O
sleeves NNS X O
up RB X O
and CC X O
getting VBG X O
stuck VBN X O
in IN X O
. . X O
This DT X O

is VBZ X O
an DT X O
exciting JJ X O
opportunity NN X O
to TO X O
join VB X O
a DT X O
forward NN X O
thinking VBG X O
company NN X O
that WDT X O
provides VBZ X O
support NN X O
to TO X O
adults NNS X O
with IN X O
learning VBG X O
disabilities NNS X O
. . X O
The DT X O

successful JJ X O
Sales NNS X B-Occupation
Negotiator NN X I-Occupation
must MD X O
have VB X B-Skill
excellent JJ X I-Skill
communication NN X I-Skill
skills NNS X I-Skill
in IN X I-Skill
order NN X I-Skill
to TO X I-Skill
develop VB X I-Skill
strong JJ X I-Skill
working VBG X I-Skill
relationships NNS X I-Skill
with IN X I-Skill
all DT X I-Skill
parties NNS X I-Skill
involved VBN X I-Skill
as RB X I-Skill
well RB X I-Skill
as IN X I-Skill
accurate JJ X I-Skill
administration NN X I-Skill
skills NNS X I-Skill
to TO X I-Skill
ensure VB X I-Skill
confirmation NN X I-Skill
of IN X I-Skill
all DT X I-Skill
actions NNS X I-Skill
and CC X I-Skill
agreements NNS X I-Skill
made VBN X I-Skill
. . X O
Has NNP X O

previously RB X O
worked VBN X O
with IN X O
either CC X O
a DT X O
High JJ X O
Street NNP X O
supplier NN X B-Occupation
or CC X O
retailer NN X B-Occupation
. . X O
IT NNP X B-Skill

literate NN X I-Skill
and CC X O
up RB X O
to TO X O
date NN X O
with IN X O
most RBS X O
relevant JJ X O
software NN X O
packagesBenefits NNS X O
A DT X B-Experience

minimum NN X I-Experience
of IN X I-Experience
5 CD X I-Experience
years NNS X I-Experience
experience NN X I-Experience
in IN X O
Java NNP X B-Skill
Strong NNP X O
knowledge NN X O
in IN X O
all DT X O
of IN X O
JSP NNP X B-Skill
, , X O
Servlet NNP X B-Skill
, , X O
JDBC NNP X B-Skill
, , X O
JavaScript NNP X B-Skill
, , X O
SQL NNP X B-Skill
and CC X O
HTML NNP X B-Skill
technologies NNS X I-Skill
. . X O
Any DT X O

experience NN X O
of IN X O
undertaking VBG X B-Skill
immigration NN X I-Skill
compliance NN X I-Skill
audits NNS X I-Skill
would MD X O
be VB X O
highly RB X O
beneficial JJ X O
. . X O
Attend NNP X O

regular JJ X O
forums NNS X O
with IN X O
the DT X O
Product NNP X O
Team NNP X O
to TO X O
communicate VB X B-Skill
project NN X I-Skill
status NN X I-Skill
to TO X I-Skill
the DT X I-Skill
business NN X I-Skill
Candidates NNP X O
for IN X O
the DT X O
Front NNP X B-Occupation
End NNP X I-Occupation
Web NNP X I-Occupation
Developer NNP X I-Occupation
role NN X O
will MD X O
need VB X O
: : X O
Strong JJ X O
experience NN X O
of IN X O
HTML NNP X B-Skill
and CC X O
CSS NNP X B-Skill
Excellent NNP X O
knowledge NN X O
of IN X O
handcoded JJ X B-Skill
Javascript NNP X I-Skill
A NNP X O
knowledge NN X O
of IN X O
image NN X B-Skill
manipulation NN X I-Skill
Some DT X O
development NN X B-Skill
experience NN X I-Skill
, , X O
ideally RB X O
Perl NNP X B-Skill
or CC X O
PHP NNP X B-Skill
Benefits NNS X O
: : X O
Company NNP X O
Bonus NNP X O
Scheme NNP X O
, , X O
Stock NNP X O
Options NNPS X O
and CC X O
Private NNP X O
Healthcare NNP X O
. . X O
A DT X O

large JJ X O
quantity NN X O
of IN X O
the DT X O
children NNS X O
have VBP X O
tracheotomies NNS X O
and CC X O
may MD X O
also RB X O
be VB X O
ventilated VBN X O
. . X O
Key JJ X O

requirements NNS X O
for IN X O
applicants NNS X O
include VBP X O
: : X O
relevant JJ X B-Skill
management NN X I-Skill
experience NN X I-Skill
in IN X I-Skill
a DT X I-Skill
similar JJ X I-Skill
environment NN X I-Skill
with IN X I-Skill
a DT X I-Skill
management NN X I-Skill
qualification NN X I-Skill
, , X I-Skill
care NN X I-Skill
of IN X I-Skill
the DT X I-Skill
elderly JJ X I-Skill
experience NN X I-Skill
; : X O
a DT X O
qualified JJ X O
RGN NNP X B-Qualification
, , X I-Qualification
RMN NNP X I-Qualification
ideally RB X O
duel VBZ X O
qualified VBN X O
with IN X O
current JJ X O
NMC NNP X O
registration NN X O
. . X O
Once RB X O

your PRP$ X O
training NN X O
is VBZ X O
complete JJ X O
you PRP X O
ll VBP X O
be VB X O
eligible JJ X O
for IN X O
our PRP$ X O
quarterly JJ X O
incentive NN X O
scheme NN X O
that WDT X O
can MD X O
boost VB X O
your PRP$ X O
salary JJ X O
significantly RB X O
. . X O
Working VBG X O

in IN X O
an DT X O
adult NN X O
led VBD X O
, , X O
flexible JJ X B-Skill
working VBG X O
environment NN X O
with IN X O
no DT X O
reliance NN X O
on IN X O
KPI NNP X O
s NN X O
you PRP X O
will MD X O
be VB X O
responsible JJ X B-Skill
for IN X I-Skill
your PRP$ X I-Skill
own JJ X I-Skill
desk NN X I-Skill
covering VBG X I-Skill
both DT X I-Skill
permanent JJ X I-Skill
and CC X I-Skill
contract NN X I-Skill
vacancies NNS X I-Skill
in IN X I-Skill
order NN X I-Skill
for IN X I-Skill
you PRP X I-Skill
to TO X I-Skill
maximise VB X I-Skill
your PRP$ X I-Skill
earnings NNS X I-Skill
. . X O
Ensuring VBG X B-Skill

that IN X I-Skill
complaints NNS X I-Skill
are VBP X I-Skill
responded VBN X I-Skill
to TO X I-Skill
effectively RB X I-Skill
in IN X I-Skill
the DT X I-Skill
club NN X I-Skill
channels NNS X I-Skill
of IN X I-Skill
communication NN X I-Skill
include VBP X I-Skill
but CC X I-Skill
are VBP X I-Skill
not RB X I-Skill
exclusive JJ X I-Skill
to TO X I-Skill
comment VB X I-Skill
cards NNS X I-Skill
, , X I-Skill
members NNS X I-Skill
survey NN X I-Skill
, , X I-Skill
mystery NN X I-Skill
members NNS X I-Skill
, , X I-Skill
member NN X I-Skill
forums NNS X I-Skill
and CC X I-Skill
sales NNS X I-Skill
membership NN X I-Skill
team NN X I-Skill
. . X O
Main NNP X O

tasks NNS X O
and CC X O
responsibilities NNS X O
Managing VBG X B-Skill
Tier NNP X I-Skill
1 CD X I-Skill
suppliers NNS X I-Skill
to TO X I-Skill
develop VB X I-Skill
vehicle NN X I-Skill
layout IN X I-Skill
to TO X I-Skill
required JJ X I-Skill
Standards NNS X I-Skill
. . X O
Specialist NN X B-Occupation

Recruiters NNPS X I-Occupation
in IN X O
the DT X O
Technical NNP X B-Domain
/ NNP X I-Domain
engineering NN X I-Domain
, , X O
and CC X O
senior JJ X B-Domain
appointment NN X I-Domain
sectors NNS X I-Domain
. . X O
Call VB X B-Occupation

Centre NNP X I-Occupation
Managers NNPS X I-Occupation
is VBZ X O
one CD X O
of IN X O
the DT X O
UK NNP X O
' POS X O
s NN X O
leading VBG X O
call NN X B-Domain
centre JJ X I-Domain
management NN X I-Domain
recruitment NN X O
consultancies NNS X O
. . X O
This DT X O

is VBZ X O
the DT X O
type NN X O
of IN X O
opportunity NN X O
that WDT X O
would MD X O
suit VB X O
an DT X O
Associate NNP X B-Occupation
seeking VBG X O
the DT X O
next JJ X O
step NN X O
in IN X O
their PRP$ X O
career NN X O
in IN X O
litigious JJ X B-Domain
Insolvency NNP X I-Domain
work NN X O
. . X O
To TO X O

apply VB X O
please VB X O
speak JJ X O
to TO X O
Danny VB X O
Harding NNP X O
at IN X O
Meridian NNP X O
Business NNP X O
Support NNP X O
on IN X O
N NNP X O
To TO X O

be VB X O
right JJ X O
for IN X O
the DT X O
role NN X O
you PRP X O
will MD X O
come VB X O
from IN X O
a DT X O
software NN X B-Skill
or CC X O
medical JJ X B-Skill
background NN X O
and CC X O
have VBP X O
worked VBN X O
for IN X O
an DT X O
IT NNP X B-Skill
solution NN X I-Skill
provider NN X O
delivering VBG X B-Skill
bespoke NN X I-Skill
software NN X I-Skill
projects NNS X I-Skill
. . X O
Our PRP$ X O

client NN X O
is VBZ X O
looking VBG X O
for IN X O
an DT X O
experienced JJ X B-Skill
carpenter NN X B-Occupation
who WP X O
can MD X O
also RB X O
fit VB X B-Skill
doors NNS X I-Skill
, , X I-Skill
flooring NN X I-Skill
, , X I-Skill
tiling VBG X I-Skill
and CC X I-Skill
kitchen VB X I-Skill
unit NN X I-Skill
repairs NNS X I-Skill
To TO X O
apply VB X O
please JJ X O
email VB X O
your PRP$ X O
CV NNP X O
to TO X O
quoting VBG X O
reference NN X O
You PRP X O

must MD X O
have VB X O
the DT X O
ability NN X O
to TO X O
work VB X B-Skill
equally RB X I-Skill
as RB X I-Skill
well RB X I-Skill
on IN X I-Skill
your PRP$ X I-Skill
own JJ X I-Skill
as IN X O
helping VBG X B-Skill
others NNS X I-Skill
in IN X I-Skill
a DT X I-Skill
team NN X I-Skill
environment NN X I-Skill
. . X O
**** JJ X O

plus CC X O
on IN X O
target NN X O
earnings NNS X O
, , X O
pension NN X O
options NNS X O
and CC X O
employee NN X O
discounts NNS X O
as RB X O
well RB X O
as IN X O
the DT X O
opportunity NN X O
to TO X O
fast VB X O
track VB X O
your PRP$ X O
career NN X O
in IN X O
restaurant JJ X O
management NN X O
. . X O
Positively RB X B-Skill

influence NN X I-Skill
the DT X I-Skill
reputation NN X I-Skill
of IN X O
the DT X O
home NN X O
communicating NN X B-Skill
professionally RB X I-Skill
and CC X I-Skill
warmly RB X I-Skill
with IN X I-Skill
visitors NNS X I-Skill
including VBG X O
family NN X O
, , X O
friends NNS X O
and CC X O
other JJ X O
external JJ X O
stakeholders NNS X O
. . X O
Making VBG X O

contact NN X O
with IN X O
suppliers NNS X O
oversea VBP X O
to TO X O
push VB X O
and CC X O
expand VB X O
the DT X O
business NN X O
Introducing VBG X O
new JJ X O
products NNS X O
where WRB X O
necessary JJ X O
for IN X O
the DT X O
business NN X O
to TO X O
grow VB X O
You PRP X O
As IN X O
a DT X O
Buyer NNP X O
you PRP X O
will MD X O
ideally RB X O
come VB X O
from IN X O
a DT X O
retail JJ X O
background NN X O
and CC X O
have VBP X O
an DT X O
interest NN X O
in IN X O
fashion NN X O
. . X O
Twitter NNP X O

Ashley NNP X O
Kate NNP X O
HR NNP X O
operates VBZ X O
as IN X O
a DT X O
Recruitment NNP X B-Domain
Agency NNP X O
for IN X O
the DT X O
provision NN X O
of IN X O
permanent JJ X O
candidates NNS X O
and CC X O
as IN X O
a DT X O
Recruitment NNP X O
Business NNP X O
for IN X O
the DT X O
provision NN X O
of IN X O
temporary JJ X O
candidates NNS X O
. . X O
Essential JJ X O

; : X O
Educated VBN X O
to TO X O
degree VB X B-Qualification
level NN X I-Qualification
or CC X I-Qualification
equivalent NN X I-Qualification
in IN X O
an DT X O
IT NNP X B-Domain
related JJ X O
discipline NN X O
. . X O
Able JJ X O

to TO X O
work VB X B-Skill
on IN X I-Skill
own JJ X I-Skill
initiative NN X I-Skill
and CC X I-Skill
as IN X I-Skill
part NN X I-Skill
of IN X I-Skill
a DT X I-Skill
team NN X I-Skill
Have VBP X O

a DT X O
personcentred JJ X B-Skill
attitude NN X I-Skill
and CC X O
a DT X O
real JJ X O
commitment NN X O
to TO X O
helping VBG X B-Skill
people NNS X I-Skill
with IN X I-Skill
learning JJ X I-Skill
disabilities NNS X I-Skill
. . X O
To TO X O

be VB X O
successful JJ X O
you PRP X O
must MD X O
be VB X O
able JJ X O
to TO X O
supply VB X O
clinical JJ X O
references NNS X O
that WDT X O
cover VBP X O
recent JJ X O
skills NNS X O
and CC X O
experience NN X O
. . X O
AER NNP X B-Occupation

Teachers NNP X I-Occupation
will MD X O
run VB X B-Skill
an DT X I-Skill
informal JJ X I-Skill
interview NN X I-Skill
to TO X O
find VB X O
out RP X O
where WRB X O
your PRP$ X O
strengths NNS X O
lie VBP X O
so RB X O
that IN X O
we PRP X O
can MD X O
decide VB X O
, , X O
together RB X O
, , X O
which WDT X O
schools NNS X O
and CC X O
year NN X O
groups NNS X O
you PRP X O
would MD X O
be VB X O
best RB X O
suited VBN X O
for IN X O
when WRB X O
doing VBG X O
supply NN X O
work NN X O
. . X O
To TO X O

ensure VB X B-Skill
personal JJ X I-Skill
protective JJ X I-Skill
equipment NN X I-Skill
is VBZ X I-Skill
worn VBN X I-Skill
and CC X I-Skill
used VBN X I-Skill
in IN X I-Skill
line NN X I-Skill
with IN X I-Skill
company NN X I-Skill
guidelines NNS X I-Skill
. . X O
Selfstarter NNP X B-Skill

, , X O
creative JJ X B-Skill
, , X O
disciplined VBD X B-Skill
, , X O
determined VBD X B-Skill
with IN X O
drive NN X B-Skill
and CC X I-Skill
initiative NN X I-Skill
and CC X I-Skill
willingness NN X I-Skill
to TO X I-Skill
challenge VB X I-Skill
. . X O
Subject JJ X B-Occupation

Matter NNP X I-Occupation
Expert NNP X I-Occupation
or CC X O
PAS NNP X B-Occupation
Systems NNPS X I-Occupation
Manager NNP X I-Occupation
required VBD X O
for IN X O
a DT X O
36 CD X O
month NN X O
contract NN X O
in IN X O
South NNP X O
Yorkshire NNP X O
Daily NNP X O
rate NN X O
is VBZ X O
flexible JJ X O
we PRP X O
are VBP X O
looking VBG X O
for IN X O
the DT X O
right JJ X O
candidates NNS X O
To TO X O
be VB X O
the DT X O
lead NN X B-Skill
in IN X I-Skill
the DT X I-Skill
management NN X I-Skill
of IN X I-Skill
the DT X I-Skill
TotalCARE NNP X I-Skill
Patient NNP X I-Skill
Administration NNP X I-Skill
System NNP X I-Skill
**** JJ X O

x NNP X O
annual JJ X O
salary JJ X O
life NN X O
insurance NN X O
Permanent NNP X O
health NN X O
insurance NN X O
Childcare NNP X O
Vouchers NNP X O
If IN X O

you PRP X O
feel VBP X O
that IN X O
you PRP X O
meet VBP X O
the DT X O
challenges NNS X O
of IN X O
this DT X O
demanding VBG X O
position NN X O
please VB X O
send VB X O
your PRP$ X O
CV NNP X O
to TO X O
Kevin NNP X O
Frowen NNP X O
at IN X O
The DT X O
Ortolan NNP X O
Group NNP X O
. . X O
ELDA NNP X B-Skill

experience NN X I-Skill
is VBZ X O
essential JJ X O
Good JJ X B-Skill
communication NN X I-Skill
, , X O
organisational JJ X B-Skill
and CC X O
problem NN X B-Skill
solving NN X I-Skill
skills NNS X O
Our PRP$ X O

Client NN X O
offers VBZ X O
a DT X O
fantastic JJ X O
salary JJ X O
package NN X O
, , X O
a DT X O
company NN X O
car NN X O
and CC X O
a DT X O
very RB X O
good JJ X O
bonus NN X O
scheme NN X O
. . X O
so RB X O

ideally RB X O
you PRP X O
must MD X O
be VB X O
willing JJ X O
to TO X O
do VB X O
some DT X O
out IN X O
of IN X O
hours NNS X O
work VBP X O
every DT X O
once RB X O
in IN X O
a DT X O
while NN X O
. . X O
We PRP X O

have VBP X O
many JJ X O
different JJ X O
Motor NNP X B-Domain
Trade NNP X I-Domain
Jobs NNP X O
available JJ X O
from IN X O
Service NNP X B-Occupation
Manager NNP X I-Occupation
, , X O
Service NNP X B-Occupation
Team NNP X I-Occupation
Leader NNP X I-Occupation
, , X O
Aftersales NNP X B-Occupation
Manager NNP X I-Occupation
, , X O
Sales NNS X B-Occupation
Executive NNP X I-Occupation
, , X O
General NNP X B-Occupation
Sales NNS X I-Occupation
Manager NNP X I-Occupation
, , X O
Sales NNS X B-Occupation
Manager NNP X I-Occupation
, , X O
Business NNP X B-Occupation
Manager NNP X I-Occupation
, , X O
Sales NNS X B-Occupation
Admin NNP X I-Occupation
, , X O
Body NNP X B-Occupation
Shop NNP X I-Occupation
Manager NNP X I-Occupation
, , X O
Paint NNP X B-Occupation
Sprayer NNP X I-Occupation
, , X O
Panel NNP X B-Occupation
Beater NNP X I-Occupation
, , X O
Bodyshop NNP X B-Occupation
Estimator NNP X I-Occupation
, , X O
Dealer NNP X B-Occupation
Principal NNP X I-Occupation
, , X O
Motor NNP X B-Occupation
Mechanic NNP X I-Occupation
, , X O
Service NNP X B-Occupation
Advisor NNP X I-Occupation
, , X O
Motor NNP X B-Occupation
Cycle NNP X I-Occupation
Technicians NNP X O
Perfect NNP X O
Placement NNP X O
UK NNP X O
Limited NNP X O
2013 CD X O
. . X O
Robert NNP X O

Gaines NNP X O
Company NNP X O
Info NNP X O
: : X O
Power NN X O
Industry NNP X O
Organisation NNP X O
Prominent NNP X O
Employer NNP X O
in IN X O
the DT X O
East NNP X O
Yorkshire NNP X O
Region NNP X O
Supplier NNP X O
of IN X O
Energy NNP X O
to TO X O
the DT X O
UK NNP X O
market NN X O
Role NNP X O
Information NN X O
: : X O
Assuming NNP X B-Skill
overall JJ X I-Skill
responsibility NN X I-Skill
for IN X I-Skill
plant NN X I-Skill
integrity NN X I-Skill
Outage NNP X I-Skill
preparation NN X I-Skill
and CC X I-Skill
execution NN X I-Skill
Coordinating NNP X I-Skill
and CC X I-Skill
managing VBG X I-Skill
the DT X I-Skill
specification NN X I-Skill
and CC X I-Skill
implementation NN X I-Skill
of IN X I-Skill
major JJ X I-Skill
system NN X I-Skill
modifications NNS X I-Skill
/ VBP X I-Skill
improvements NNS X I-Skill
, , X I-Skill
based VBN X I-Skill
on IN X I-Skill
Super NNP X I-Skill
Heaters NNP X I-Skill
, , X I-Skill
Boilers NNP X I-Skill
, , X I-Skill
Turbines NNP X I-Skill
etc FW X O
Acting NNP X B-Skill
as IN X I-Skill
technical JJ X I-Skill
authority NN X I-Skill
Requirements NNS X O
JOB NNP X O

ROLE NNP X O
RESPONSIBILITIESAs NNP X O
Service NNP X B-Occupation
Advisor NNP X I-Occupation
/ NNP X O
Administrator NNP X B-Occupation
you PRP X O
will MD X O
be VB X O
reporting VBG X O
to TO X O
the DT X O
Aftersales NNP X B-Occupation
Manager NNP X I-Occupation
and CC X O
duties NNS X O
will MD X O
include VB X O
: : X O
Checking NN X B-Skill
in IN X I-Skill
customers NNS X I-Skill
and CC X I-Skill
vehicles NNS X I-Skill
Following VBG X I-Skill
processes NNS X I-Skill
to TO X O
ensure VB X O
the DT X O
customer NN X O
is VBZ X O
kept VBN X O
informed JJ X O
of IN X O
progress NN X O
Discussing NNP X B-Skill
additional JJ X I-Skill
work NN X I-Skill
and CC X I-Skill
providing VBG X I-Skill
information NN X I-Skill
on IN X I-Skill
the DT X I-Skill
vehicle NN X I-Skill
condition NN X I-Skill
Preparing NNP X I-Skill
invoices NNS X I-Skill
for IN X O
hand NN X O
over IN X O
Ensuring NNP X B-Skill
all DT X I-Skill
parts NNS X I-Skill
available JJ X I-Skill
and CC X I-Skill
or CC X I-Skill
ordered VBN X I-Skill
Making NNP X I-Skill
sure JJ X I-Skill
customer NN X I-Skill
requirements NNS X I-Skill
have VBP X I-Skill
been VBN X I-Skill
met VBN X I-Skill
Control NNP X I-Skill
department NN X I-Skill
and CC X I-Skill
personal JJ X I-Skill
WIP NNP X I-Skill
keeping VBG X O
the DT X O
manager NN X O
informed VBN X O
of IN X O
any DT X O
issues NNS X O
arising VBG X O
Working NNP X O
towards NNS X O
achieving VBG X B-Skill
department NN X I-Skill
budgets NNS X I-Skill
and CC X I-Skill
targets NNS X I-Skill
through IN X O
up IN X B-Skill
selling VBG X I-Skill
efficient JJ X O
workshop NN X O
background NN X O

, , X O
applicants NNS X O
from IN X O
a DT X O
similar JJ X O
service NN X B-Skill
related VBN X O
background NN X O
may MD X O
also RB X O
be VB X O
considered VBN X O
. . X O
Are NNP X O

you PRP X O
an DT X O
Embedded NNP X B-Occupation
Software NNP X I-Occupation
Engineer NNP X I-Occupation
looking VBG X O
for IN X O
a DT X O
new JJ X O
challenge NN X O
? . X O
You PRP X O

will MD X O
be VB X O
committed VBN X O
to TO X O
providing VBG X O
high JJ X B-Skill
quality NN X I-Skill
service NN X I-Skill
, , X O
good JJ X B-Skill
attention NN X I-Skill
to TO X I-Skill
detail VB X I-Skill
, , X O
high JJ X B-Skill
motivated VBN X I-Skill
and CC X O
capable JJ X O
with IN X O
good JJ X O
excel NN X B-Skill
skills NNS X I-Skill
. . X O
Creating VBG X O

all DT X O
dishes NNS X O
from IN X O
fresh JJ X O
, , X O
locally RB X O
sourced VBN X O
and CC X O
seasonal JJ X O
ingredients NNS X O
Working VBG X O
towards IN X O
a DT X O
modern JJ X O
British JJ X O
style NN X O
of IN X O
cuisine NN X O
for IN X O
grill NN X O
concept NN X O
menu NN X O
We PRP X O

also RB X O
provide VBP X O
a DT X O
comprehensive JJ X O
range NN X O
of IN X O
acute NN X O
adult NN X B-Domain
, , X I-Domain
paediatric JJ X I-Domain
and CC X I-Domain
maternity NN X I-Domain
services NNS X I-Domain
. . X O
Our PRP$ X O

client NN X O
provides VBZ X O
services NNS X B-Domain
to TO X O
prestigious JJ X O
motor NN X B-Occupation
manufacturers NNS X I-Occupation
s VBP X O
standards NNS X O
Ensuring VBG X B-Skill
that IN X I-Skill
your PRP$ X I-Skill
vehicle NN X I-Skill
is VBZ X I-Skill
correctly RB X I-Skill
maintained VBN X I-Skill
and CC X I-Skill
serviced VBN X I-Skill
and CC X I-Skill
that IN X I-Skill
the DT X I-Skill
interior NN X I-Skill
and CC X I-Skill
exterior NN X I-Skill
of IN X I-Skill
the DT X I-Skill
vehicle NN X I-Skill
are VBP X I-Skill
clean JJ X I-Skill
and CC X I-Skill
tidy NN X I-Skill
at IN X I-Skill
all DT X I-Skill
times NNS X I-Skill
that IN X I-Skill
all DT X I-Skill
parts NNS X I-Skill
and CC X I-Skill
equipment NN X I-Skill
are VBP X I-Skill
on IN X I-Skill
board NN X I-Skill
Ensuring VBG X I-Skill
that IN X I-Skill
stocks NNS X I-Skill
of IN X I-Skill
required JJ X I-Skill
parts NNS X I-Skill
and CC X I-Skill
tools NNS X I-Skill
carried VBD X I-Skill
in IN X I-Skill
your PRP$ X I-Skill
vehicle NN X I-Skill
are VBP X I-Skill
at IN X I-Skill
maximum JJ X I-Skill
levels NNS X I-Skill
at IN X O
all DT X O
times NNS X O
and CC X O
to TO X O
monitor VB X B-Skill
parts NNS X I-Skill
usage NN X I-Skill
to TO X O
ensure VB X O
the DT X O
correct NN X O
levels NNS X O
are VBP X O
maintained VBN X O
Our PRP$ X O

client NN X O
, , X O
based VBN X O
in IN X O
Birmingham NNP X O
are VBP X O
looking VBG X O
for IN X O
a DT X O
Payroll NNP X B-Occupation
Administrator NNP X I-Occupation
to TO X O
join VB X O
their PRP$ X O
team NN X O
. . X O
Building NN X O

on IN X O
its PRP$ X O
heritage NN X O
as IN X O
a DT X O
premier NN X O
directories NNS X O
provider NN X O
, , X O
hibu NN X O
continues VBZ X O
to TO X O
offer VB X O
a DT X O
full JJ X O
range NN X O
of IN X O
print NN X O
and CC X O
distributionbased VBD X O
marketing NN X B-Domain
services NNS X O
. . X O
HCL NNP X O

Permanent NNP X O
is VBZ X O
currently RB X O
looking VBG X O
for IN X O
a DT X O
GP NNP X B-Occupation
for IN X O
an DT X O
exciting JJ X O
opportunity NN X O
in IN X O
the DT X O
North NNP X O
East NNP X O
of IN X O
the DT X O
UK NNP X O
. . X O
Ideally RB X O

you PRP X O
ll VBP X O
have VB X O
a DT X O
relevant JJ X O
background NN X O
, , X O
an DT X B-Skill
eye NN X I-Skill
for IN X I-Skill
sales NNS X I-Skill
and CC X O
strong JJ X O
communication NN X B-Skill
skills NNS X I-Skill
. . X O
The DT X O

role NN X O
will MD X O
suit VB X O
you PRP X O
if IN X O
you PRP X O
have VBP X O
campaign NN X B-Experience
management NN X I-Experience
experience NN X I-Experience
and CC X O
are VBP X O
looking VBG X B-Skill
for IN X I-Skill
more JJR X I-Skill
people NNS X I-Skill
/ NNP X I-Skill
varied VBD X I-Skill
project NN X I-Skill
exposure NN X I-Skill
and CC X O
to TO X O
move VB X B-Skill
away RB X I-Skill
from IN X I-Skill
doing VBG X I-Skill
creative JJ X I-Skill
yourself PRP X I-Skill
with IN X I-Skill
a DT X I-Skill
focus NN X I-Skill
on IN X I-Skill
process NN X I-Skill
/ JJ X I-Skill
delivery NN X I-Skill
. . X O
Active JJ X O

Assistance NNP X O
are VBP X O
a DT X O
national JJ X O
live NN X O
in IN X O
care NN X O
jobs NNS X O
provider NN X O
with IN X O
opportunities NNS X O
across IN X O
England NNP X O
and CC X O
Wales NNP X O
. . X O
Work NN X B-Skill

with IN X I-Skill
the DT X I-Skill
dept NN X I-Skill
. . X I-Skill
technologists NNS X I-Skill
to TO X O
ensure VB X B-Skill
accurate JJ X I-Skill
fabric JJ X I-Skill
specifications NNS X I-Skill
and CC X O
detailed JJ X B-Skill
technical JJ X I-Skill
requirements NNS X I-Skill
are VBP X I-Skill
provided VBN X I-Skill
. . X O
To TO X O

apply VB X O
for IN X O
this DT X O
role NN X O
you PRP X O
will MD X O
be VB X O
a DT X O
qualified JJ X O
Optometrist NN X B-Qualification
, , X O
registered VBD X B-Qualification
with IN X I-Qualification
the DT X I-Qualification
GOC NNP X I-Qualification
. . X O
We PRP X O

deal VBP X O
with IN X O
both DT X O
Microsoft NNP X O
Partners NNPS X O
& CC X O
End NNP X O
Users NNPS X O
throughout IN X O
the DT X O
UK NNP X O
and CC X O
Europe NNP X O
and CC X O
we PRP X O
have VBP X O
never RB X O
had VBN X O
more RBR X O
live JJ X O
requirements NNS X O
& CC X O
CRM NNP X O
jobs NNS X O
for IN X O
Microsoft NNP X B-Occupation
Dynamics NNP X I-Occupation
professionals NNS X I-Occupation
. . X O
The DT X O

successful JJ X O
candidate NN X O
will MD X O
be VB X O
responsible JJ X O
for IN X O
leading VBG X O
teams NNS X O
on IN X O
a DT X O
variety NN X O
of IN X O
project NN X O
assignments NNS X O
covering VBG X O
the DT X O
full JJ X O
spectrum NN X O
of IN X O
feasibility NN X B-Domain
, , X O
development NN X B-Domain
, , X O
specification NN X B-Domain
, , X O
tender NN X B-Domain
assessment NN X I-Domain
and CC X O
implementation NN X B-Domain
. . X O
this DT X O

is VBZ X O
a DT X O
superb JJ X O
opportunity NN X O
to TO X O
join VB X O
an DT X O
established VBN X O
and CC X O
forward RB X O
thinking VBG X O
company NN X O
offering VBG X O
a DT X O
role NN X O
where WRB X O
you PRP X O
can MD X O
fit VB X O
your PRP$ X O
professional JJ X O
life NN X O
around IN X O
other JJ X O
commitments NNS X O
. . X O
A DT X B-Skill

knowledge NN X I-Skill
of IN X I-Skill
the DT X O
Legal NNP X B-Domain
field NN X I-Domain
is VBZ X O
desirableYou RB X O
will MD X O
need VB X O
strong JJ X O
negotiating VBG X B-Skill
skills NNS X I-Skill
as IN X O
you PRP X O
will MD X O
be VB X O
negotiating VBG X B-Skill
with IN X I-Skill
both DT X I-Skill
customers NNS X I-Skill
and CC X I-Skill
other JJ X I-Skill
media NNS X I-Skill
agencies NNS X I-Skill
. . X O
You PRP X O

will MD X O
be VB X O
a DT X O
very RB X O
successful JJ X B-Skill
new JJ X O
business NN X B-Occupation
developer NN X I-Occupation
with IN X O
a DT X O
proven NN X B-Skill
and CC X I-Skill
consistent JJ X I-Skill
track NN X I-Skill
record NN X I-Skill
selling NN X O
big JJ X B-Skill
ticket NN X I-Skill
services NNS X I-Skill
, , X I-Skill
intangibles NNS X I-Skill
or CC X I-Skill
solutions NNS X I-Skill
at IN X O
board NN X O
level NN X O
, , X O
much JJ X O
preferably RB X O
with IN X O
experience NN X O
of IN X O
putting VBG X O
together PRP$ X O
tenders NNS X B-Skill
. . X O
Board NNP X O

level NN X O
electronics NNS X O
Embedded VBD X B-Skill
software NN X I-Skill
; : X I-Skill
Mixed NNP X I-Skill
signal JJ X I-Skill
ASIC NNP X I-Skill
development NN X I-Skill
; : X O
Or CC X O
possibly RB X O
: : X O
mechanical JJ X B-Skill
design NN X I-Skill
, , X O
plastic NN X B-Skill
moulded VBD X I-Skill
components NNS X I-Skill
or CC X O
fluidics NNS X B-Skill
. . X O
For IN X O

our PRP$ X O
latest JJS X O
vacancies NNS X O
please VBP X O
visit VB X O
our PRP$ X O
website JJ X O
http NN X O
:// NNP X O
www NN X O
. . X O
ttcs NN X O
. . X O
co NN X O
. . X O
uk JJ X O
/ NN X O
Strategic NNP X B-Skill

input NN X I-Skill
to TO X I-Skill
the DT X I-Skill
business NN X I-Skill
plan NN X I-Skill
, , X O
develop VB X B-Skill
new JJ X I-Skill
opportunities NNS X I-Skill
, , X O
report NN X B-Skill
on IN X I-Skill
the DT X I-Skill
market NN X I-Skill
activities NNS X I-Skill
Management NNP X I-Skill
develop VB X I-Skill
annual JJ X I-Skill
sales NNS X I-Skill
forecast VBP X I-Skill
/ JJ X I-Skill
annual JJ X I-Skill
sales NNS X I-Skill
plan NN X I-Skill
, , X O
monthly JJ X B-Skill
management NN X I-Skill
reports NNS X I-Skill
, , X O
team NN X B-Skill
development NN X I-Skill
, , X O
setting VBG X B-Skill
up RP X I-Skill
targets NNS X I-Skill
, , X O
coaching VBG X B-Skill
/ JJ X I-Skill
training NN X I-Skill
and CC X I-Skill
growing VBG X I-Skill
the DT X I-Skill
sales NNS X I-Skill
team NN X I-Skill
They PRP X O

have VBP X O
gained VBN X O
a DT X O
deserved JJ X O
reputation NN X O
for IN X O
both DT X O
the DT X O
quality NN X O
of IN X O
their PRP$ X O
products NNS X O
and CC X O
, , X O
primarily RB X O
, , X O
the DT X O
excellence NN X O
of IN X O
their PRP$ X O
service NN X O
. . X O
Our PRP$ X O

requirements NNS X O
cover NN X O
: : X O
DCS NNP X B-Occupation
engineers NNS X O
, , X O
PLC NNP X B-Occupation
engineers NNS X O
, , X O
SCADA NNP X B-Occupation
Engineers NNP X O
, , X O
Safety NNP X B-Occupation
Systems NNP X I-Occupation
Engineers NNP X O
, , X O
ICA NNP X B-Occupation
amp NN X I-Occupation
; : X I-Occupation
Electrical NNP X I-Occupation
controls VBZ X I-Occupation
engineers NNS X O
. . X O
The DT X O

school NN X O
is VBZ X O
a DT X O
popular JJ X O
, , X O
rural JJ X O
secondary JJ X O
school NN X O
, , X O
with IN X O
excellent JJ X O
facilities NNS X O
and CC X O
a DT X O
supportive JJ X O
staff NN X O
team NN X O
. . X O
Must RB X O

be VB X O
well RB X B-Skill
organised VBN X I-Skill
and CC X O
hard JJ X B-Skill
working NN X I-Skill
Team NNP X I-Skill
Player NNP X I-Skill
with IN X O
an DT X O
efficient NN X B-Skill
and CC X I-Skill
proactive JJ X I-Skill
approach NN X I-Skill
you PRP X O

have VBP X O
an DT X O
inquisitive JJ X B-Skill
mind NN X O
with IN X O
a DT X O
passion NN X B-Skill
for IN X I-Skill
technology NN X I-Skill
We PRP X O

don VBP X O
' '' X O
t NN X O
just RB X O
influence NN X O
careers NNS X O
, , X O
we PRP X O
influence VBP X O
lives NNS X O
Any DT X O

experience NN X O
of IN X O
managing VBG X B-Skill
a DT X I-Skill
small JJ X I-Skill
team NN X I-Skill
would MD X O
be VB X O
advantageous JJ X O
. . X O
KEYWORDS NNP X O

RMN NNP X B-Occupation
, , X O
RGN NNP X B-Occupation
, , X O
Staff NNP X B-Occupation
Nurse NNP X I-Occupation
, , X O
Mental NNP X B-Domain
Health NNP X I-Domain
, , X O
Elderly NNP X B-Domain
, , X O
EMI NNP X B-Domain
, , X O
Dementia NNP X B-Domain
, , X O
Nursing NNP X B-Domain
, , X O
Darlington NNP X O
, , X O
Durham NNP X O
, , X O
North NNP X O
East NNP X O
Social NNP X O

Work NNP X O
is VBZ X O
a DT X O
specialist JJ X B-Occupation
recruitment NN X O
agency NN X O
for IN X O
Qualified NNP X O
Social NNP X B-Occupation
Workers NNPS X I-Occupation
and CC X O
care NN X B-Occupation
professionals NNS X I-Occupation
. . X O
Local JJ X O

Company NNP X O
is VBZ X O
seeking VBG X O
enthusiastic JJ X B-Skill
, , X O
hardworking VBG X B-Skill
, , X O
loyal JJ X B-Skill
person NN X O
to TO X O
work VB X O
in IN X O
their PRP$ X O
busy JJ X O
goods NNS X B-Domain
in IN X I-Domain
/ JJ X I-Domain
delivery NN X I-Domain
department NN X O
. . X O
Must NNP X O

have VBP X O
proven VBN X O
understanding NN X B-Skill
of IN X I-Skill
Design NNP X I-Skill
departments NNS X I-Skill
, , X O
experience NN X O
within IN X O
the DT X O
shopper NN X B-Skill
marketing NN X I-Skill
, , X O
retail JJ X B-Skill
, , X O
POS NNP X B-Skill
sector NN X I-Skill
is VBZ X O
desirable JJ X O
. . X O
EMIS NNS X O

are VBP X O
looking VBG X O
to TO X O
recruit VB X O
a DT X O
SQL NNP X B-Occupation
database NN X I-Occupation
administrator NN X I-Occupation
to TO X O
join VB X O
our PRP$ X O
existing VBG X O
team NN X O
in IN X O
our PRP$ X O
Hosted NNP X B-Domain
Services NNPS X I-Domain
Department NNP X O
who WP X O
support VBP X O
the DT X O
production NN X B-Domain
database NN X I-Domain
environment NN X I-Domain
. . X O
Main NN X O

responsibilities NNS X O
: : X O
To TO X O
provide VB X O
exemplary JJ X O
planned VBN X O
care NN X O
for IN X O
patients NNS X O
within IN X O
the DT X O
perioperative JJ X B-Skill
and CC X O
Anaesthetics NNP X B-Skill
area NN X O
and CC X O
assist NN X O
in IN X O
the DT X O
management NN X B-Skill
and CC X I-Skill
organisation NN X I-Skill
of IN X I-Skill
care NN X I-Skill
provision NN X I-Skill
in IN X O
the DT X O
operating NN X O
theatre NN X O
. . X O
For IN X O

this DT X O
role NN X O
you PRP X O
must MD X O
have VB X O
had VBN X O
several JJ X B-Experience
years NNS X I-Experience
experience RB X I-Experience
, , X O
preferably RB X O
as IN X O
a DT X O
Head NNP X B-Occupation
Chef NNP X I-Occupation
in IN X O
four CD X O
star NN X O
corporate JJ X O
hotels NNS X O
, , X O
although IN X O
this DT X O
is VBZ X O
not RB X O
essential JJ X O
. . X O
Effective JJ X O

engagement NN X O
and CC X O
participation NN X O
in IN X O
governance NN X O
committees NNS X O
Model NNP X O
Review NNP X O
Committee NNP X O
, , X O
Group NNP X O
Material NNP X O
Models NNP X O
Technical NNP X O
Committee NNP X O
, , X O
and CC X O
others NNS X O
as IN X O
appropriate JJ X O
to TO X O
demonstrate VB X O
the DT X O
outcomes NNS X O
and CC X O
benefits NNS X O
of IN X O
modelling NN X O
and CC X O
analytical JJ X O
solutions NNS X O
using VBG X O
presentation NN X B-Skill
skills NNS X I-Skill
, , X O
technical JJ X B-Skill
acumen NNS X I-Skill
, , X O
and CC X O
knowledge NN X B-Skill
of IN X I-Skill
the DT X I-Skill
wider NN X I-Skill
business NN X I-Skill
environment NN X I-Skill
. . X O
Working JJ X O

hours NNS X O
, , X O
Monday NNP X O
to TO X O
Friday NNP X O
9am CD X O
to TO X O
5pm CD X O
and CC X O
Saturdays $ X O
9am CD X O
to TO X O
1pm CD X O
. . X O
The DT X O

purpose NN X O
of IN X O
the DT X O
role NN X O
is VBZ X O
to TO X O
maintain VB X B-Skill
the DT X I-Skill
organisations NNS X I-Skill
Enterprise NNP X I-Skill
Risk NNP X I-Skill
Management NNP X I-Skill
Framework NNP X O
and CC X O
to TO X O
coordinate VB X B-Skill
activities NNS X I-Skill
relating VBG X I-Skill
to TO X I-Skill
Solvency NNP X I-Skill
II NNP X I-Skill
. . X O
The DT X O

role NN X O
will MD X O
also RB X O
involve VB X B-Skill
some DT X I-Skill
grading NN X I-Skill
, , X O
therefore RB X O
knowledge NN X O
of IN X O
this DT X O
is VBZ X O
essential JJ X O
. . X O
Our PRP$ X O

client NN X O
has VBZ X O
been VBN X O
operating VBG X O
successfully RB X O
in IN X O
the DT X O
French JJ X O
market NN X O
since IN X O
Free JJ X O

car NN X O
park NN X O
other JJ X O
benefits NNS X O
to TO X O
be VB X O
discussed VBN X O
in IN X O
interview NN X O
. . X O
This DT X O

is VBZ X O
an DT X O
immediate JJ X O
vacancy NN X O
and CC X O
will MD X O
be VB X O
full JJ X O
time NN X O
for IN X O
a DT X O
three CD X O
month NN X O
contract NN X O
initially RB X O
. . X O
Duties NNS X O

will MD X O
include VB X O
working VBG X B-Skill
in IN X I-Skill
a DT X I-Skill
hospital NN X I-Skill
and CC X O
doing VBG X B-Skill
repairs NNS X I-Skill
, , X O
moving VBG X B-Skill
services NNS X I-Skill
and CC X O
some DT X O
basic JJ X B-Skill
project NN X I-Skill
management NN X I-Skill
. . X O
You PRP X O

may MD X O
work VB X O
fixed JJ X O
hours NNS X O
if IN X O
available JJ X O
or CC X O
ad NN X O
hoc NN X O
shifts NNS X O
to TO X O
cover VB X O
holidays NNS X O
, , X O
sickness NN X O
for IN X O
e NN X O
. . X O
g NN X O
. . X O
We PRP X O
ll VBP X O
ask VB X O
your PRP$ X O
availability NN X O
at IN X O
the DT X O
start NN X O
of IN X O
the DT X O
recruitment NN X O
process NN X O
and CC X O
let VB X O
you PRP X O
know VB X O
if IN X O
we PRP X O
will MD X O
likely RB X O
have VB X O
shifts NNS X O
that WDT X O
will MD X O
suit VB X O
you PRP X O
. . X O
About IN X O

our PRP$ X O
client NN X O
Our PRP$ X O
client NN X O
is VBZ X O
one CD X O
of IN X O
the DT X O
largest JJS X O
insurers NNS X O
and CC X O
financial JJ X O
services NNS X O
companies NNS X O
in IN X O
the DT X O
world NN X O
We PRP X O

produce VBP X B-Skill
customised JJ X I-Skill
solutions NNS X I-Skill
for IN X I-Skill
our PRP$ X I-Skill
customers NNS X I-Skill
, , X O
designed VBN X O
by IN X O
our PRP$ X O
highly RB X O
experienced JJ X O
teams NNS X O
of IN X O
mechanical JJ X B-Occupation
, , X I-Occupation
electrical JJ X I-Occupation
and CC X I-Occupation
software NN X I-Occupation
engineers NNS X I-Occupation
with IN X O
our PRP$ X O
team NN X O
of IN X O
installation NN X B-Occupation
and CC X I-Occupation
commissioning VBG X I-Occupation
engineers NNS X I-Occupation
on IN X O
hand NN X O
to TO X O
deliver VB X O
the DT X O
final JJ X O
test NN X O
facility NN X O
on IN X O
site NN X O
. . X O
Complete JJ X B-Skill

inspection NN X I-Skill
and CC X I-Skill
test NN X I-Skill
plans NNS X I-Skill
as IN X I-Skill
required VBN X I-Skill
by IN X I-Skill
the DT X I-Skill
PMP NNP X I-Skill
/ NNP X I-Skill
Specification NNP X I-Skill
, , X I-Skill
including VBG X I-Skill
checks NNS X I-Skill
of IN X I-Skill
dimension NN X I-Skill
accuracy NN X I-Skill
and CC X I-Skill
quality NN X I-Skill
. . X I-Skill
You PRP X O

will MD X O
need VB X O
to TO X O
be VB X O
currently RB X O
registered VBN X O
or CC X O
warranted VBN X O
as IN X O
an DT X O
AMHP NNP X B-Qualification
to TO X O
enable VB X O
Cumbria NNP X O
to TO X O
register VB X O
you PRP X O
. . X O
No DT X O

Truly NNP X O
international JJ X O
, , X O
consistently RB X O
intelligent JJ X O
and CC X O
hugely RB X O
influential JJ X O
, , X O
Wallpaper NNP X O
is VBZ X O
the DT X O
world NN X O
s VBZ X O
most RBS X O
important JJ X O
design NN X B-Domain
and CC X I-Domain
style NN X I-Domain
media NNS X I-Domain
brand NN X I-Domain
. . X O
Previous JJ X O

experience NN X O
in IN X O
the DT X O
implementation NN X O
of IN X O
therapeutic JJ X B-Domain
care NN X I-Domain
services NNS X I-Domain
for IN X O
the DT X O
young JJ X O
people NNS X O
with IN X O
challenging JJ X O
and CC X O
emotional JJ X B-Skill
behavioural NN X I-Skill
difficulties NNS X I-Skill
, , X O
and CC X O
those DT X O
with IN X O
ASD NNP X B-Skill
. . X O
They PRP X O

are VBP X O
now RB X O
seeking VBG X O
for IN X O
a DT X O
Business NNP X B-Occupation
Development NNP X I-Occupation
Manager NNP X I-Occupation
to TO X O
join VB X O
their PRP$ X O
team NN X O
. . X O
You PRP X O

will MD X O
enjoy VB X B-Skill
the DT X I-Skill
challenge NN X I-Skill
of IN X I-Skill
working VBG X I-Skill
with IN X I-Skill
a DT X I-Skill
highly RB X I-Skill
qualified JJ X I-Skill
workforce NN X I-Skill
. . X O
West NNP X O

Midlands NNP X O
Skills NNP X O
Analysis NNP X B-Skill
, , X O
Requirements NNP X B-Skill
Gathering NNP X I-Skill
, , X O
Project NNP X B-Skill
Management NNP X I-Skill
, , X O
Project NNP X B-Skill
Delivery NNP X I-Skill
Salary NNP X O
**** NN X O

minutes NNS X O
will MD X O
be VB X O
acceptable JJ X O
for IN X O
any DT X O
newly RB X O
qualified VBN X O
candidates NNS X O
. . X O
K NNP X O

A NNP X O
prestigious JJ X O
and CC X O
rapidly RB X O
expanding VBG X O
Wholesaler NNP X B-Domain
/ NNP X O
Tour NNP X B-Domain
Operator NNP X I-Domain
is VBZ X O
currently RB X O
looking VBG X O
for IN X O
a DT X O
German JJ X B-Skill
speaking VBG X I-Skill
Freesale NNP X B-Occupation
Executive NNP X I-Occupation
to TO X O
join VB X O
their PRP$ X O
team NN X O
in IN X O
London NNP X O
. . X O
The DT X O

company NN X O
has VBZ X O
been VBN X O
trading VBG X O
for IN X O
many JJ X O
years NNS X O
, , X O
is VBZ X O
expanding VBG X O
and CC X O
stable JJ X O
, , X O
it PRP X O
has VBZ X O
an DT X O
excellent JJ X O
portfolio NN X O
of IN X O
products NNS X O
and CC X O
is VBZ X O
a DT X O
reseller NN X O
on IN X O
behalf NN X O
of IN X O
worldclass NN X O
telecom NN X B-Domain
manufacturers NNS X I-Domain
such JJ X O
as IN X O
Avaya NNP X O
, , X O
Samsung NNP X O
and CC X O
Panasonic NNP X O
. . X O
Experience NN X B-Skill

within IN X I-Skill
the DT X I-Skill
pharmaceutical JJ X I-Skill
industry NN X I-Skill
drug NN X I-Skill
development NN X I-Skill
using VBG X I-Skill
SAS NNP X I-Skill
Good NNP X O
knowledge NN X B-Skill
of IN X I-Skill
international JJ X I-Skill
clinical JJ X I-Skill
research NN X I-Skill
and CC X I-Skill
drug NN X I-Skill
development NN X I-Skill
. . X O
**** NN X O

is VBZ X O
also RB X O
needed VBN X O
for IN X O
this DT X O
role NN X O
, , X O
a DT X O
background NN X B-Skill
in IN X I-Skill
CCTV NNP X I-Skill
or CC X I-Skill
access NN X I-Skill
control NN X I-Skill
would MD X O
be VB X O
an DT X O
advantage NN X O
but CC X O
is VBZ X O
not RB X O
essential JJ X O
. . X O
Maintain NNP X B-Skill

appearance NN X I-Skill
of IN X I-Skill
shop NN X I-Skill
premises NNS X I-Skill
for IN X I-Skill
trading NN X I-Skill
hours NNS X I-Skill
, , X I-Skill
ensuring VBG X I-Skill
they PRP X I-Skill
are VBP X I-Skill
clean JJ X I-Skill
and CC X I-Skill
tidy NN X I-Skill
at IN X I-Skill
all DT X I-Skill
times NNS X I-Skill
and CC X I-Skill
that IN X I-Skill
goods NNS X I-Skill
are VBP X I-Skill
displayed VBN X I-Skill
in IN X I-Skill
an DT X I-Skill
attractive JJ X I-Skill
and CC X I-Skill
presentable JJ X I-Skill
manner NN X I-Skill
. . X O
This DT X O

role NN X O
will MD X O
suit VB X O
someone NN X O
who WP X O
is VBZ X O
looking VBG X O
for IN X O
a DT X O
fresh JJ X O
and CC X O
exciting JJ X O
challenge NN X O
as IN X O
a DT X O
Technical JJ X B-Occupation
Support NNP X I-Occupation
Analyst NNP X I-Occupation
/ VBD X I-Occupation
IT NNP X I-Occupation
Engineer NNP X I-Occupation
within IN X O
a DT X O
very RB X O
successful JJ X O
and CC X O
growing VBG X O
team NN X O
. . X O
JOB NNP X O

DESCRIPTION NNP X O
RGN NNP X B-Occupation
DEPUTY NNP X I-Occupation
MANAGER NNP X I-Occupation
Responsible JJ X O
to TO X O
: : X O
Registered NNP X B-Occupation
Manager NNP X I-Occupation
Purpose NNP X O
of IN X O
Position NN X O
: : X O
Hardware NNP X B-Occupation

engineers NNS X I-Occupation
within IN X O
MPD NNP X B-Skill
have VBP X O
responsibilities NNS X O
that WDT X O
cover VBP X O
all DT X O
areas NNS X O
of IN X O
the DT X O
design NN X B-Skill
and CC X O
verification NN X B-Skill
process NN X O
: : X O
working VBG X B-Skill
closely RB X I-Skill
with IN X I-Skill
customers NNS X I-Skill
, , X O
architectural JJ X B-Skill
design NN X I-Skill
, , X O
implementation NN X B-Skill
, , X O
writing VBG X B-Skill
specifications NNS X I-Skill
, , X O
design NN X B-Skill
, , X O
verification NN X B-Skill
, , X O
generating VBG X B-Skill
deliverables NNS X I-Skill
and CC X O
maintenance NN X B-Skill
of IN X I-Skill
designs NNS X I-Skill
. . X O
Extensive JJ X O

knowledge NN X B-Skill
of IN X I-Skill
current JJ X I-Skill
and CC X I-Skill
future JJ X I-Skill
training NN X I-Skill
and CC X I-Skill
simulation NN X I-Skill
technologies NNS X I-Skill
, , X I-Skill
protocols NNS X I-Skill
and CC X I-Skill
standards NNS X I-Skill
Highly NNP X O
experienced VBD X O
in IN X O
the DT X O
design NN X O
, , X O
development NN X O
and CC X O
production NN X O
of IN X O
Simulation NNP X B-Skill
and CC X I-Skill
Emulation NNP X I-Skill
technologies NNS X I-Skill
and CC X I-Skill
projects NNS X I-Skill
Demonstrable JJ X O
experience NN X O
in IN X O
the DT X O
design NN X B-Skill
, , X I-Skill
development NN X I-Skill
and CC X I-Skill
production NN X I-Skill
of IN X I-Skill
Computer NNP X I-Skill
Aided NNP X I-Skill
Instruction NNP X I-Skill
The DT X O

renewable JJ X B-Domain
energy NN X I-Domain
industry NN X I-Domain
is VBZ X O
one CD X O
of IN X O
the DT X O
only JJ X O
sectors NNS X O
still RB X O
showing VBG X O
growth NN X O
in IN X O
the DT X O
UK NNP X O
and CC X O
as IN X O
utility NN X O
companies NNS X O
keep VBP X O
putting VBG X O
up RP X O
their PRP$ X O
prices NNS X O
, , X O
so IN X O
the DT X O
demand NN X O
for IN X O
renewables NNS X O
increases NNS X O
. . X O
This DT X O

is VBZ X O
a DT X O
busy JJ X O
role NN X O
undertaking VBG X O
a DT X O
range NN X O
of IN X O
duties NNS X O
which WDT X O
include VBP X O
administration NN X B-Skill
, , X O
data NNS X B-Skill
entry NN X I-Skill
, , X O
reception NN X B-Skill
, , X O
general JJ X B-Skill
enquiries NNS X I-Skill
and CC X O
support NN X B-Skill
with IN X I-Skill
petty JJ X I-Skill
cash NN X I-Skill
processes NNS X I-Skill
. . X O
You PRP X O

will MD X O
be VB X O
a DT X O
passionate JJ X B-Skill
advocate NN X O
for IN X O
the DT X O
customer NN X B-Skill
experience NN X I-Skill
, , X O
leading VBG X B-Skill
your PRP$ X I-Skill
management NN X I-Skill
team NN X I-Skill
to TO X I-Skill
deliver VB X I-Skill
world NN X I-Skill
class NN X I-Skill
customer NN X I-Skill
service NN X I-Skill
and CC X O
growing VBG X B-Skill
sales NNS X I-Skill
. . X O
Tewkesbury NN X O

A DT X O
leading JJ X O
designer NN X O
and CC X O
manufacturer NN X O
of IN X O
equipment NN X O
for IN X O
the DT X O
Aerospace NNP X O
and CC X O
Automotive NNP X O
industry NN X O
currently RB X O
requires VBZ X O
the DT X O
services NNS X O
of IN X O
an DT X O
experienced JJ X O
Electronic NNP X B-Occupation
Test NNP X I-Occupation
Technician NNP X I-Occupation
on IN X O
an DT X O
initial JJ X O
6 CD X O
month NN X O
contract NN X O
. . X O
Within IN X O

the DT X O
consulting VBG X O
room NN X O
you PRP X O
will MD X O
find VB X O
a DT X O
good JJ X O
level NN X O
of IN X O
equipment NN X O
including VBG X O
slit NN X O
lamp NN X O
, , X O
fundus NN X O
camera NN X O
, , X O
trial NN X O
frames NNS X O
and CC X O
phoroptor NN X O
head NN X O
. . X O
Provide NNP X B-Skill

guidance NN X I-Skill
and CC X I-Skill
/ NN X I-Skill
or CC X I-Skill
direction NN X I-Skill
to TO X I-Skill
their PRP$ X I-Skill
support NN X I-Skill
personnel NNS X I-Skill
and CC X I-Skill
contractors NNS X I-Skill
involved VBN X I-Skill
in IN X I-Skill
the DT X I-Skill
supply NN X I-Skill
, , X I-Skill
progress NN X I-Skill
and CC X I-Skill
organisation NN X I-Skill
of IN X I-Skill
services NNS X I-Skill
to TO X I-Skill
the DT X I-Skill
ICM NNP X I-Skill
contract NN X I-Skill
, , X I-Skill
in IN X I-Skill
line NN X I-Skill
with IN X I-Skill
theirs NNS X I-Skill
and CC X I-Skill
their PRP$ X I-Skill
Client JJ X I-Skill
General NNP X I-Skill
Practices NNPS X I-Skill
. . X O
We PRP X O

would MD X O
therefore RB X O
love VB X O
to TO X O
hear VB X O
from IN X O
you PRP X O
, , X O
if IN X O
would MD X O
like VB X O
to TO X O
join VB X O
the DT X O
team NN X O
Previous NNP X O
experience NN X O
in IN X O
care NN X O
is VBZ X O
not RB X O
essential JJ X O
as IN X O
full JJ X O
training NN X O
is VBZ X O
provided VBN X O
. . X O
This DT X O

is VBZ X O
an DT X O
exceptional JJ X O
and CC X O
unique JJ X O
opportunity NN X O
offering VBG X O
a DT X O
competitive JJ X O
salary NN X O
, , X O
along IN X O
with IN X O
numerous JJ X O
benefits NNS X O
such JJ X O
as IN X O
life NN X O
assurance NN X O
, , X O
pension NN X O
, , X O
income NN X O
protection NN X O
, , X O
BUPA NNP X O
, , X O
generous JJ X O
holiday NN X O
entitlement NN X O
, , X O
and CC X O
bonuses NNS X O
. . X O
Experience NN X B-Skill

communicating VBG X I-Skill
with IN X I-Skill
Blue NNP X I-Skill
Chip NNP X I-Skill
clients NNS X I-Skill
; : X O
excellent JJ X O
communication NN X B-Skill
skills NNS X O
required VBN X O
. . X O
Health NNP X B-Domain

and CC X O
Safety NNP X B-Domain
Promote NNP X B-Skill
a DT X I-Skill
culture NN X I-Skill
within IN X I-Skill
the DT X I-Skill
team NN X I-Skill
where WRB X O
HSE NNP X B-Occupation
is VBZ X O
number NN X O
one CD X O
priority NN X O
at IN X O
all DT X O
times NNS X O
. . X O
Suitable JJ X O

applicants NNS X O
will MD X O
have VB X O
: : X O
Previous JJ X O
experience NN X O
of IN X O
Team NNP X B-Skill
Leading NNP X I-Skill
Come NNP X O
from IN X O
a DT X B-Skill
Powder NNP X I-Skill
Coating NNP X I-Skill
background RB X O
Previous NNP X O
experience NN X O
of IN X O
running VBG X B-Skill
and CC X I-Skill
setting VBG X I-Skill
up RP X I-Skill
a DT X I-Skill
Powder NNP X I-Skill
Coating NNP X I-Skill
Line NNP X I-Skill
Our PRP$ X O

Public NNP X O
Sector NNP X O
Client NNP X O
is VBZ X O
looking VBG X O
for IN X O
a DT X O
Service NNP X B-Occupation
Desk NNP X I-Occupation
Analyst NNP X I-Occupation
to TO X O
provide VB X O
frontline JJ X B-Skill
support NN X I-Skill
for IN X I-Skill
their PRP$ X I-Skill
National NNP X I-Skill
IT NNP X I-Skill
systems NNS X I-Skill
and CC X I-Skill
services NNS X I-Skill
to TO X I-Skill
all DT X I-Skill
their PRP$ X I-Skill
customers NNS X I-Skill
. . X O
World NNP X O

leading VBG X O
FMCG NNP X B-Domain
business NN X I-Domain
is VBZ X O
looking VBG X O
for IN X O
talent NN X O
to TO X O
drive VB X B-Skill
forward RB X I-Skill
our PRP$ X I-Skill
Category NN X I-Skill
thinking NN X I-Skill
. . X O
Nigel NNP X O

Frank NNP X O
International NNP X O
is VBZ X O
the DT X O
leading VBG X O
Microsoft NNP X O
Dynamics NNP X O
recruitment NN X O
firm NN X O
in IN X O
the DT X O
UK NNP X O
, , X O
advertising VBG X O
more JJR X O
Dynamics NNS X B-Skill
CRM NNP X I-Skill
jobs NNS X O
than IN X O
any DT X O
other JJ X O
agency NN X O
. . X O
A DT X O

must MD X O
in IN X O
order NN X O
to TO X O
be VB X O
successful JJ X O
in IN X O
your PRP$ X O
application NN X O
for IN X O
this DT X O
excellent JJ X O
job NN X O
opportunity NN X O
is VBZ X O
experience RB X O
in IN X O
the DT X O
Retail NNP X B-Domain
/ NNP X I-Domain
FMCG NNP X I-Domain
industry NN X I-Domain
with IN X O
a DT X O
product NN X O
focus NN X O
ie VBZ X O
someone NN X O
with IN X O
business NN X B-Skill
partnering VBG X I-Skill
experience NN X O
with IN X O
product NN X B-Skill
development NN X I-Skill
/ JJ X I-Skill
marketing NN X I-Skill
teams NNS X O
. . X O
In IN X O

order NN X O
to TO X O
be VB X O
considered VBN X O
for IN X O
this DT X O
role NN X O
, , X O
candidates NNS X O
must MD X O
: : X O
Be VB X B-Experience
at IN X I-Experience
supervisory JJ X I-Experience
or CC X I-Experience
management NN X I-Experience
level NN X I-Experience
within IN X I-Experience
a DT X I-Experience
quality NN X I-Experience
pub NN X I-Experience
, , X I-Experience
bar NN X I-Experience
, , X I-Experience
restaurant NN X I-Experience
or CC X I-Experience
retail JJ X I-Experience
catering NN X I-Experience
business NN X I-Experience
and CC X I-Experience
have VBP X I-Experience
held VBN X I-Experience
this DT X I-Experience
position NN X I-Experience
for IN X I-Experience
no DT X I-Experience
less JJR X I-Experience
than IN X I-Experience
6 CD X I-Experience
months NNS X I-Experience
. . X O
In IN X O

this DT X O
role NN X O
, , X O
it PRP X O
is VBZ X O
possible JJ X O
to TO X O
have VB X O
a DT X O
real JJ X O
impact NN X O
on IN X O
business NN X O
due JJ X O
to TO X O
the DT X O
large JJ X O
amounts NNS X O
of IN X O
cash NN X O
being VBG X O
dealt JJ X O
with IN X O
, , X O
strong JJ X O
management NN X B-Skill
of IN X O
which WDT X O
can MD X O
really RB X O
improve VB X B-Skill
the DT X I-Skill
group NN X I-Skill
cash NN X I-Skill
flow NN X I-Skill
position NN X I-Skill
. . X O
then RB X O

please VB X O
email VB X O
your PRP$ X O
current JJ X O
CV NNP X O
to TO X O
Julianharrisonwilliam NNP X O
. . X O
co NN X O
. . X O
uk JJ X O
and CC X O
call VB X O
You PRP X O

will MD X O
be VB X O
expected VBN X O
to TO X O
meet VB X B-Skill
monthly JJ X I-Skill
, , X I-Skill
quarterly JJ X I-Skill
and CC X I-Skill
annual JJ X I-Skill
sales NNS X I-Skill
objectives NNS X I-Skill
. . X O
Our PRP$ X O

client NN X O
is VBZ X O
a DT X O
wellknown JJ X O
commodity NN X B-Skill
trading NN X I-Skill
software NN X I-Skill
house NN X O
based VBN X O
in IN X O
the DT X O
US NNP X O
and CC X O
UK NNP X O
. . X O
We PRP X O

are VBP X O
working VBG X O
with IN X O
an DT X O
awardwinning VBG X O
client NN X O
based VBN X O
just RB X O
outside IN X O
of IN X O
Newcastle NNP X O
city NN X O
centre NN X O
who WP X O
as IN X O
a DT X O
part NN X O
of IN X O
their PRP$ X O
continued JJ X O
expansion NN X O
are VBP X O
seeking VBG X O
a DT X O
highly RB X O
skilled JJ X B-Skill
web NN X B-Occupation
developer NN X I-Occupation
to TO X O
join VB X O
their PRP$ X O
existing VBG X O
team NN X O
. . X O
Our PRP$ X O

client NN X O
is VBZ X O
a DT X O
leading VBG X O
Waste NN X B-Domain
Management NNP X I-Domain
company NN X O
and CC X O
they PRP X O
are VBP X O
looking VBG X O
for IN X O
experienced JJ X B-Skill
Sales NNS X B-Domain
/ VBP X I-Domain
Business NNP X I-Domain
Development NNP X I-Domain
person NN X O
to TO X O
join VB X O
their PRP$ X O
existing VBG X O
team NN X O
within IN X O
the DT X O
Hazardous JJ X O
Waste NN X O
market NN X O
in IN X O
the DT X O
East NNP X O
Midlands NNP X O
region NN X O
You PRP X O
will MD X O
be VB X O
responsible JJ X O
for IN X O
targeting VBG X B-Skill
various JJ X I-Skill
business NN X I-Skill
within IN X O
this DT X O
specialist NN X O
market NN X B-Domain
and CC X O
to TO X O
increase VB X B-Skill
business NN X I-Skill
revenue NN X I-Skill
and CC X O
grow VB X B-Skill
their PRP$ X I-Skill
client NN X I-Skill
list NN X I-Skill
. . X O
Working JJ X O

hours NNS X O
: : X O
Mainly RB X O
day NN X O
shifts NNS X O
with IN X O
occasional JJ X O
night NN X O
shifts NNS X O
Monday NNP X O
Sunday NNP X O
. . X O
You PRP X O

will MD X O
enjoy VB X O
a DT X O
high JJ X B-Skill
degree NN X I-Skill
of IN X I-Skill
autonomy NN X I-Skill
in IN X O
a DT X O
varied JJ X O
and CC X O
challenging JJ X O
role NN X O
. . X O
You PRP X O

may MD X O
also RB X O
be VB X O
asked VBN X O
to TO X O
represent VB X B-Skill
the DT X I-Skill
company NN X I-Skill
outside IN X I-Skill
of IN X I-Skill
the DT X I-Skill
office NN X I-Skill
at IN X I-Skill
Shows NNP X I-Skill
/ NNP X I-Skill
Events NNP X I-Skill
, , X O
in IN X O
particular JJ X O
the DT X O
Norfolk NNP X O
Show NNP X O
. . X O
Reporting VBG X O

to TO X O
the DT X O
General NNP X B-Occupation
manager NN X I-Occupation
you PRP X O
will MD X O
be VB X O
of IN X O
a DT X O
graduate NN X B-Qualification
calibre NN X O
and CC X O
have VBP X O
at IN X B-Experience
least JJS X I-Experience
6 CD X I-Experience
Years NNS X I-Experience
experience NN X I-Experience
gained VBD X O
within IN X O
Transport NNP X B-Domain
and CC X O
Logistics NNP X B-Domain
. . X O
hr NN X O

week NN X O
full JJ X O
time NN X O
basis NN X O
More JJR X O
than IN X O
a DT X O
GP NNP X O
Work NNP X O
when WRB X O
your PRP$ X O
free JJ X O
and CC X O
when WRB X O
you PRP X O
want VBP X O
Excellent JJ X O

problem NN X B-Skill
solving VBG X I-Skill
skills NNS X O
are VBP X O
a DT X O
must MD X O
as RB X O
well RB X O
as IN X O
being VBG X O
able JJ X B-Skill
to TO X I-Skill
communicate VB X I-Skill
with IN X I-Skill
all DT X I-Skill
levels NNS X I-Skill
of IN X I-Skill
professional NN X I-Skill
in IN X I-Skill
a DT X I-Skill
business NN X I-Skill
conveying VBG X I-Skill
technical JJ X I-Skill
issues NNS X I-Skill
in IN X I-Skill
a DT X I-Skill
concise NN X I-Skill
and CC X I-Skill
jargonfree JJ X I-Skill
way NN X I-Skill
. . X O
Help NN X B-Skill

to TO X I-Skill
raise VB X I-Skill
standards NNS X I-Skill
of IN X I-Skill
achievement NN X I-Skill
for IN X I-Skill
all DT X I-Skill
students NNS X I-Skill
. . X O
Show NNP X O

good JJ X O
PC NN X B-Skill
skills NNS X I-Skill
experience NN X I-Skill
with IN X I-Skill
Kerridge NNP X I-Skill
and CC X I-Skill
/ NNP X I-Skill
or CC X I-Skill
RTC NNP X I-Skill
an DT X O
advantage NN X O
. . X O
The DT X O

role NN X O
is VBZ X O
based VBN X O
in IN X O
the DT X O
North NNP X O
West NNP X O
and CC X O
is VBZ X O
paying VBG X O
Hays NNS X O

Specialist NNP X O
Recruitment NNP X O
Limited NNP X O
acts VBZ X O
as IN X O
an DT X O
employment NN X O
agency NN X O
for IN X O
permanent JJ X O
recruitment NN X O
and CC X O
employment NN X O
business NN X O
for IN X O
the DT X O
supply NN X O
of IN X O
temporary JJ X O
workers NNS X O
. . X O
We PRP X O

have VBP X O
a DT X O
vacancy NN X O
for IN X O
a DT X O
Typist NN X B-Occupation
to TO X O
work VB X O
in IN X O
our PRP$ X O
Welton NNP X O
office NN X O
. . X O
We PRP X O

require VBP X O
an DT X O
organised JJ X B-Skill
person NN X O
who WP X O
is VBZ X O
keen JJ X O
to TO X O
develop VB X O
a DT X O
career NN X O
in IN X O
purchasing NN X B-Domain
. . X O
Person NNP X O

Specification NNP X O
Applicants NNP X O
for IN X O
this DT X O
post NN X O
should MD X O
demonstrate VB X O
how WRB X O
their PRP$ X O
skills NNS X O
and CC X O
experience NN X O
meet VBP X O
the DT X O
following VBG X O
Person NNP X O
Specification NNP X O
: : X O
These DT X O
are VBP X O
Additional NNP X O

general JJ X O
warehouse NN X B-Skill
duties NNS X I-Skill
may MD X O
also RB X O
feature VB X O
as IN X O
part NN X O
of IN X O
this DT X O
role NN X O
. . X O
If IN X O

you PRP X O
have VBP X O
what WP X O
it PRP X O
takes VBZ X O
to TO X O
take VB X O
on IN X O
this DT X O
dynamic JJ X O
role NN X O
and CC X O
be VB X O
part NN X O
of IN X O
a DT X O
rapidly RB X O
expanding VBG X O
company NN X O
, , X O
send VBP X O
in IN X O
your PRP$ X O
CV NN X O
now RB X O
The DT X O

ideal JJ X O
candidate NN X O
will MD X O
have VB X O
experience NN X B-Skill
of IN X I-Skill
working VBG X I-Skill
within IN X I-Skill
a DT X I-Skill
billing NN X I-Skill
environment NN X I-Skill
. . X O
hibu NN X O

operates VBZ X O
in IN X O
the DT X O
UK NNP X O
, , X O
US NNP X O
, , X O
Spain NNP X O
, , X O
Argentina NNP X O
, , X O
Chile NNP X O
, , X O
Peru NNP X O
and CC X O
US NNP X O
Hispanic NNP X O
markets NNS X O
. . X O
the DT X O

post NN X B-Occupation
holder NN X I-Occupation
will MD X O
be VB X O
expected VBN X O
to TO X O
support VB X B-Skill
the DT X I-Skill
ongoing JJ X I-Skill
development NN X I-Skill
of IN X I-Skill
IIP NNP X I-Skill
. . X O
Based VBN X O

at IN X O
the DT X O
head NN X O
office NN X O
in IN X O
Nairobi NNP X O
this DT X O
role NN X O
carries VBZ X O
responsibillity NN X O
for IN X O
all DT X O
aspects NNS X O
of IN X O
profit NN X O
number NN X O
Reporting VBG X O

into IN X O
the DT X O
Commercial NNP X B-Occupation
Manager NNP X I-Occupation
, , X O
you PRP X O
will MD X O
be VB X O
responsible JJ X O
for IN X O
3 CD X O
sites NNS X O
and CC X O
a DT X O
wide JJ X O
range NN X O
of IN X O
duties NNS X O
including VBG X O
measuring VBG X B-Skill
/ JJ X I-Skill
providing VBG X I-Skill
quantities NNS X I-Skill
, , X O
subcontract JJ X B-Skill
procurement NN X I-Skill
, , X O
payments NNS X O
, , X O
budget NN X B-Skill
compilation NN X I-Skill
, , X O
valuations NNS X O
and CC X O
contract NN X B-Skill
administration NN X I-Skill
. . X O
Strong JJ X B-Experience

experience NN X I-Experience
in IN X I-Experience
Creative NNP X I-Experience
, , X I-Experience
Marketing NNP X I-Experience
and CC X I-Experience
the DT X I-Experience
implementation NN X I-Experience
of IN X I-Experience
Brand NNP X I-Experience
retail JJ X O
Brand NNP X O
as IN X O
opposed VBN X O
to TO X O
FMCG NNP X O
Please NNP X O

send VB X O
CV NNP X O
ASAP NNP X O
for IN X O
full JJ X O
job NN X O
description NN X O
and CC X O
an DT X O
informal JJ X O
chat NN X O
. . X O
The DT X O

family NN X O
keeps VBZ X O
pets NNS X O
so IN X O
this DT X O
would MD X O
not RB X O
be VB X O
suited VBN X O
to TO X O
anyone NN X O
with IN X O
allergies NNS X O
. . X O
Ensure NN X O

project NN X B-Skill
performance NN X I-Skill
in IN X I-Skill
areas NNS X I-Skill
of IN X I-Skill
safety NN X I-Skill
, , X I-Skill
quality NN X I-Skill
, , X I-Skill
cost NN X I-Skill
, , X I-Skill
compliance NN X I-Skill
, , X I-Skill
dependability NN X I-Skill
and CC X I-Skill
flexibility NN X I-Skill
. . X O
Please VB X O

apply RB X O
now RB X O
to TO X O
avoid VB X O
disappointment NN X O
Badenoch NNP X O
Clark NNP X O
is VBZ X O
acting VBG X O
as IN X O
an DT X O
Employment NNP X O
Agency NNP X O
in IN X O
relation NN X O
to TO X O
this DT X O
vacancy NN X O
. . X O
Therefore RB X O

, , X O
if IN X O
you PRP X O
take VBP X O
the DT X O
initiative NN X O
you PRP X O
can MD X O
shape VB X O
your PRP$ X O
role NN X O
for IN X O
the DT X O
future NN X O
and CC X O
drive VB X O
your PRP$ X O
own JJ X O
progression NN X O
. . X O
Achieve NNP X B-Skill

s PRP X I-Skill
employment NN X I-Skill
procedures NNS X I-Skill
enhancing VBG X I-Skill
the DT X I-Skill
company NN X I-Skill
s JJ X I-Skill
reputation NN X I-Skill
as IN X I-Skill
a DT X I-Skill
firm NN X I-Skill
but CC X I-Skill
fair JJ X I-Skill
employer NN X I-Skill
Ensure NN X I-Skill
that IN X I-Skill
the DT X I-Skill
hospital NN X I-Skill
/ NNP X I-Skill
centre NN X I-Skill
upholds VBZ X I-Skill
the DT X I-Skill
requirements NNS X I-Skill
of IN X I-Skill
all DT X I-Skill
relevant JJ X I-Skill
regulatory JJ X I-Skill
bodies NNS X I-Skill
including VBG X I-Skill
the DT X I-Skill
CQC NNP X I-Skill
including VBG X I-Skill
upholding VBG X I-Skill
the DT X I-Skill
code NN X I-Skill
of IN X I-Skill
practice NN X I-Skill
re NN X I-Skill
independent JJ X I-Skill
hospital NN X I-Skill
managers NNS X I-Skill
; : X O
and CC X O
the DT X O
statutory JJ X B-Skill
legislation NN X I-Skill
necessary JJ X I-Skill
for IN X I-Skill
its PRP$ X I-Skill
operation NN X I-Skill
Be NNP X O
accountable JJ X B-Skill
for IN X I-Skill
integrated JJ X I-Skill
Governance NNP X I-Skill
within IN X I-Skill
the DT X I-Skill
Hospital NNP X I-Skill
. . X O
Copywriting VBG X B-Skill

marketing NN X I-Skill
sales NNS X I-Skill
materials NNS X I-Skill
for IN X I-Skill
inside JJ X I-Skill
outside JJ X I-Skill
audiences NNS X I-Skill
and CC X I-Skill
for IN X I-Skill
online NN X I-Skill
and CC X I-Skill
offline NN X I-Skill
use NN X I-Skill
. . X O
We PRP X O

' '' X O
re VBP X O
exceptionally RB X O
proud JJ X O
of IN X O
our PRP$ X O
service NN X O
and CC X O
it PRP X O
shows VBZ X O
. . X O
Based VBN X O

on IN X O
site NN X O
in IN X O
Bolton NNP X O
, , X O
successful JJ X O
Technician JJ X B-Occupation
/ NN X O
Fitter NNP X B-Occupation
will MD X O
be VB X O
responsible JJ X O
for IN X O
the DT X O
service NN X B-Skill
and CC X I-Skill
maintenance NN X I-Skill
of IN X O
LGV NNP X B-Skill
s NN X O
and CC X O
HGV NNP X B-Skill
s VBP X O
where WRB X O
you PRP X O
will MD X O
perform VB X O
engine NN X B-Skill
, , X I-Skill
chassis NN X I-Skill
and CC X I-Skill
hydraulic JJ X I-Skill
fault NN X I-Skill
finding NN X I-Skill
, , X I-Skill
maintenance NN X I-Skill
and CC X I-Skill
successful JJ X I-Skill
repair NN X I-Skill
. . X O
Personal JJ X O

requirements NNS X O
for IN X O
the DT X O
role NN X O
include NN X O
: : X O
Previous JJ X O
experience NN X O
of IN X O
working VBG X B-Skill
with IN X I-Skill
consolidated JJ X I-Skill
accounts NNS X I-Skill
in IN X I-Skill
a DT X I-Skill
multinational JJ X I-Skill
/ NN X I-Skill
multi NN X I-Skill
currency NN X I-Skill
environment NN X I-Skill
with IN X I-Skill
fully RB X I-Skill
integrated VBN X I-Skill
ERP NNP X I-Skill
system NN X I-Skill
. . X O
The DT X O

role NN X O
reports NNS X O
to TO X O
a DT X O
very RB X O
strong JJ X O
Financial NNP X B-Occupation
Controller NNP X I-Occupation
who WP X O
will MD X O
be VB X O
an DT X O
excellent JJ X O
role NN X O
model NN X O
to TO X O
you PRP X O
and CC X O
someone NN X O
that WDT X O
can MD X O
help VB X O
you PRP X O
develop VB X O
in IN X O
the DT X O
role NN X O
. . X O
SKILLS NN X O

REQUIRED NNP X O
Proven NNP X O
experience NN X O
in IN X O
a DT X O
similar JJ X O
environment NN X O
Fluent NN X O
in IN X O
German JJ X B-Skill
and CC X O
Italian JJ X B-Skill
Ability NNP X O
to TO X O
prioritise VB X B-Skill
and CC X I-Skill
manage VB X I-Skill
own JJ X I-Skill
workload NN X I-Skill
Good NNP X O
customer NN X B-Skill
service NN X I-Skill
skills NNS X O
You PRP X O

must MD X O
have VB X O
eligibility NN X B-Qualification
to TO X I-Qualification
work VB X I-Qualification
in IN X I-Qualification
the DT X I-Qualification
UK NNP X I-Qualification
. . X O
: : X O

Credibility NN X O
will MD X O
be VB X O
able JJ X B-Skill
to TO X I-Skill
build VB X I-Skill
and CC X I-Skill
hold VB X I-Skill
credible JJ X I-Skill
relationships NNS X I-Skill
with IN X I-Skill
all DT X I-Skill
key JJ X I-Skill
stakeholders NNS X I-Skill
Due JJ X O

to TO X O
the DT X O
nature NN X O
of IN X O
the DT X O
position NN X O
it PRP X O
is VBZ X O
essential JJ X O
that IN X O
the DT X O
successful JJ X O
candidate NN X O
has VBZ X O
at IN X O
least JJS X O
5 CD X B-Experience
years NNS X I-Experience
industry NN X I-Experience
experience NN X I-Experience
in IN X I-Experience
a DT X I-Experience
similar JJ X I-Experience
role NN X I-Experience
. . X O
Programs NNP X B-Skill

, , X O
validates NNS X B-Skill
and CC X O
documents NNS X B-Skill
software NN X I-Skill
in IN X O
SAS NNP X B-Skill
following VBG X O
statistical JJ X B-Skill
programming NN X I-Skill
standards NNS X I-Skill
and CC X O
ensures VBZ X O
its PRP$ X O
availability NN X O
to TO X O
users NNS X O
. . X O
Must NNP X O

possess NN X O
excellent NN X O
written VBN X B-Skill
and CC X I-Skill
oral JJ X I-Skill
communication NN X I-Skill
skills NNS X I-Skill
, , X O
with IN X O
proven JJ X O
negotiation NN X B-Skill
and CC X I-Skill
decisionmaking VBG X I-Skill
ability NN X I-Skill
Must NNP X O
be VB X O
selfmotivated VBN X B-Skill
and CC X O
have VBP X O
ability NN X O
to TO X O
perform VB X B-Skill
well RB X I-Skill
under IN X I-Skill
pressure NN X I-Skill
and CC X I-Skill
against IN X I-Skill
challenging JJ X I-Skill
goals NNS X I-Skill
and CC X I-Skill
deadlines NNS X I-Skill
in IN X I-Skill
an DT X I-Skill
entrepreneurial JJ X I-Skill
/ NN X I-Skill
startup NN X I-Skill
environment NN X I-Skill
Consulting NN X O

: : X O
Roadmaps NNP X B-Skill
, , X O
Solution NNP X B-Skill
Architectures NNP X I-Skill
, , X O
Vendor NNP X B-Skill
Selection NNP X I-Skill
, , X O
Architecture NNP X B-Skill
Assessments NNP X I-Skill
and CC X O
End NNP X B-Skill
User NNP X I-Skill
Experience NNP X I-Skill
Design NNP X I-Skill
PreSales NNP X O
Advice NNP X O
in IN X O
a DT X O
Technical JJ X B-Occupation
Lead NNP X I-Occupation
/ NN X I-Occupation
Architect NNP X O
role NN X O
Provide NNP X B-Skill
Thought NNP X I-Skill
Leadership NNP X I-Skill
in IN X I-Skill
the DT X I-Skill
Portal NNP X I-Skill
Space NNP X I-Skill
Subject NNP X I-Skill
Matter NNP X I-Skill
Expert NNP X O
Responsible NNP X O
for IN X O
overall JJ X B-Skill
planning NN X I-Skill
, , X I-Skill
execution NN X I-Skill
and CC X I-Skill
success NN X I-Skill
of IN X I-Skill
the DT X I-Skill
engagement JJ X I-Skill
Skills NNS X O
: : X O
The DT X O

job NN X O
will MD X O
start VB X O
at IN X O
the DT X O
end NN X O
of IN X O
January NNP X O
and CC X O
is VBZ X O
expected VBN X O
to TO X O
run VB X O
for IN X O
3 CD X O
months NNS X O
. . X O
To TO X O

be VB X O
the DT X O
nominated JJ X O
officer NN X O
in IN X O
respect NN X O
of IN X O
the DT X O
contracts NNS X O
for IN X O
the DT X O
School NNP X B-Domain
. . X O
Randstad NNP X O

Financial NNP X O
& CC X O
Professional NNP X O
acts VBZ X O
as IN X O
an DT X O
employment NN X B-Domain
agency NN X O
for IN X O
permanent JJ X O
recruitment NN X B-Domain
& CC X O
an DT X O
employment NN X B-Domain
business NN X I-Domain
for IN X O
temporary JJ X B-Domain
recruitment NN X I-Domain
as IN X O
defined VBN X O
by IN X O
the DT X O
Conduct NNP X O
of IN X O
Employment NNP X B-Domain
Agencies NNP X O
& CC X O
Employment NNP X B-Domain
Business NNP X I-Domain
Regulations NNS X O
The DT X O

role NN X O
will MD X O
also RB X O
require VB X O
you PRP X O
to TO X O
lead VB X B-Skill
the DT X O
brigade NN X O
of IN X O
chefs NNS X O
from IN X O
the DT X O
front NN X O
, , X O
ensuring VBG X B-Skill
that IN X I-Skill
they PRP X I-Skill
are VBP X I-Skill
all DT X I-Skill
trained JJ X I-Skill
to TO X O
work VB X O
to TO X O
the DT X O
high JJ X O
standards NNS X O
expected VBN X O
and CC X O
motivating VBG X B-Skill
them PRP X O
to TO X O
perform VB X O
to TO X O
their PRP$ X O
full JJ X O
potential NN X O
on IN X O
each DT X O
service NN X O
. . X O
Selfmotivated VBN X B-Skill

, , X O
the DT X O
ability NN X O
to TO X O
multitask VB X B-Skill
and CC X O
deliver VB X B-Skill
crucial JJ X I-Skill
finance NN X I-Skill
data NNS X I-Skill
for IN X I-Skill
the DT X I-Skill
business NN X I-Skill
. . X O
preferablly RB X O

coffee JJ X B-Domain
sales NNS X I-Domain
experience NN X O
Ability NNP X O
to TO X O
work VB X B-Skill
on IN X I-Skill
own JJ X I-Skill
initiative NN X I-Skill
You PRP X O

will MD X O
either RB X O
have VB X O
a DT X O
good JJ X O
tie NN X O
to TO X O
the DT X O
Manchester NNP X O
area NN X O
or CC X O
have VBP X O
a DT X O
key JJ X O
interest NN X O
in IN X O
relocation NN X O
to TO X O
practice NN X O
in IN X O
the DT X O
Manchester NNP X O
market NN X O
. . X O
Drawing VBG X B-Skill

on IN X I-Skill
highly RB X I-Skill
developed VBN X I-Skill
organisational JJ X I-Skill
, , X I-Skill
communication NN X I-Skill
and CC X I-Skill
interpersonal JJ X I-Skill
skills NNS X I-Skill
, , X O
it PRP X O
will MD X O
also RB X O
be VB X O
part NN X O
of IN X O
your PRP$ X O
role NN X O
to TO X O
manage VB X B-Skill
key JJ X I-Skill
stakeholders NNS X I-Skill
through IN X I-Skill
the DT X I-Skill
annual JJ X I-Skill
strategic JJ X I-Skill
planning NN X I-Skill
round NN X I-Skill
. . X O
Checking VBG X O

stock NN X B-Skill
level NN X I-Skill
checking VBG X I-Skill
the DT X O
stock NN X O
level NN X O
for IN X O
sale NN X O
items NNS X O
on IN X O
Friday NNP X O
and CC X O
unpublish JJ X O
out IN X O
of IN X O
stock NN X O
. . X O
This DT X O

person NN X O
will MD X O
be VB X O
highly RB X O
selfmotivated VBN X B-Skill
will MD X O
be VB X O
expected VBN X O
to TO X O
demonstrate VB X O
how WRB X O
they PRP X O
keep VBP X B-Skill
focussed VBN X I-Skill
under IN X I-Skill
pressure NN X I-Skill
. . X O
POS NNP X B-Skill

working VBG X O
closely RB X O
with IN X O
the DT X O
visual JJ X B-Skill
merchandising NN X I-Skill
team NN X O
to TO X O
make VB X O
consumers NNS X O
switching VBG X O
to TO X O
our PRP$ X O
brands NNS X O
or CC X O
maintaining VBG X O
their PRP$ X O
loyalty NN X O
. . X O
Please NNP X O

contact NN X O
Graham NNP X O
for IN X O
a DT X O
private JJ X O
and CC X O
confidential JJ X O
consultation NN X O
TODAY NN X O
To TO X O

apply VB X O
please JJ X O
send VB X O
your PRP$ X O
CV NNP X O
to TO X O
Louisa NNP X O
Coggs NNP X O
quoting VBG X O
J NNP X O
Assisting VBG X O

academic JJ X O
staff NN X O
in IN X O
preparing VBG X B-Skill
external JJ X I-Skill
funding NN X I-Skill
bids NNS X I-Skill
and CC X O
ensuring VBG X B-Skill
proper JJ X I-Skill
financial JJ X I-Skill
control NN X I-Skill
of IN X O
active JJ X O
projects NNS X O
. . X O
? . X O
The DT X O

role NN X O
comes VBZ X O
with IN X O
a DT X O
competitive JJ X O
hourly NN X O
rate NN X O
and CC X O
commission NN X O
structure NN X O
. . X O
Os NNP X O

oes VBZ X O
gennych VB X O
unrhyw JJ X O
gwestiynau NN X O
yngl NN X O
n JJ X O
r NN X O
swydd NN X O
hon NN X O
, , X O
cysylltwch NN X O
Nia NNP X O
Llwyd NNP X O
Lewis NNP X O
, , X O
Uwch NNP X O
Swyddog NNP X O
y NN X O
This DT X O

role NN X O
works VBZ X O
directly RB X O
with IN X O
the DT X O
MidFront NNP X O
Office NNP X O
Trading NN X B-Domain
business NN X I-Domain
and CC X O
as IN X O
such JJ X O
you PRP X O
are VBP X O
expected VBN X O
to TO X O
understand VB X B-Skill
the DT X I-Skill
commercial JJ X I-Skill
impact NN X I-Skill
of IN X I-Skill
the DT X I-Skill
audit NN X I-Skill
function NN X I-Skill
in IN X O
and CC X O
a DT X O
fast NN X O
paced VBD X O
Energy NNP X O
Trading NNP X O
environment NN X O
. . X O
Working VBG X O

as IN X O
part NN X O
of IN X O
a DT X O
team NN X O
, , X O
you PRP X O
will MD X O
ideally RB X O
have VB X O
a DT X O
proven JJ X O
track NN X O
record NN X O
of IN X O
developing VBG X B-Skill
new JJ X I-Skill
business NN X I-Skill
sales NNS X I-Skill
from IN X I-Skill
medium NN X I-Skill
and CC X I-Skill
large JJ X I-Skill
prospect NN X I-Skill
customers NNS X I-Skill
. . X O
Be NNP X O

expected VBN X O
to TO X O
become VB X B-Skill
an DT X I-Skill
active JJ X I-Skill
member NN X I-Skill
of IN X I-Skill
the DT X I-Skill
School NNP X I-Skill
s VBD X I-Skill
research NN X I-Skill
community NN X I-Skill
. . X O
To TO X O

apply VB X O
email JJ X O
cv NN X O
and CC X O
covering VBG X O
letter NN X O
to TO X O
: : X O
jonathanw NN X O
.**** NNP X O
scs NN X O
. . X O
aplitrak NN X O
. . X O
com JJ X O
Job NNP X O
Reference NNP X O
: : X O
JDWAIW NN X O
Ofsted VBN X O

OUTSTANDING NNP X O
Primary NNP X O
school NN X O
with IN X O
high JJ X O
expectations NNS X O
seeks VBP X O
committed VBN X B-Skill
Teaching NNP X B-Occupation
Assistant NNP X I-Occupation
to TO X O
work VB X O
5 CD X O
days NNS X O
a DT X O
week NN X O
with IN X O
Year $ X O
5 CD X O
children NNS X O
to TO X O
raise VB X B-Skill
levels NNS X I-Skill
of IN X I-Skill
attainment NN X I-Skill
. . X O
Experience NN X O

: : X O
Candidates NNS X O
need VBP X O
full JJ X B-Skill
accounts NNS X I-Skill
experience NN X O
, , X O
including VBG X O
sales NNS X B-Skill
/ JJ X I-Skill
purchase NN X I-Skill
ledger NN X I-Skill
, , X O
dealing VBG X O
with IN X O
queries NNS X B-Skill
, , X O
payroll NN X B-Skill
, , X O
supplier NN X B-Skill
payments NNS X I-Skill
, , X O
credit NN X B-Skill
control NN X I-Skill
, , X O
bank NN X B-Skill
reconciliation NN X I-Skill
. . X O
Good JJ X O

client NN X B-Skill
facing VBG X I-Skill
skills NNS X I-Skill
are VBP X O
essential JJ X O
, , X O
and CC X O
you PRP X O
must MD X O
be VB X O
able JJ X O
to TO X O
work VB X B-Skill
as IN X I-Skill
part NN X I-Skill
of IN X I-Skill
combined JJ X I-Skill
client NN X I-Skill
/ NNP X I-Skill
contractor NN X I-Skill
team NN X I-Skill
. . X O
Hudson NNP X O

is VBZ X O
currently RB X O
offering VBG X O
an DT X O
exciting JJ X O
opportunity NN X O
for IN X O
a DT X O
highly RB X B-Skill
motivated VBN X I-Skill
and CC X O
experienced VBN X B-Skill
Senior NNP X B-Occupation
Consultant NNP X I-Occupation
to TO X O
join VB X O
a DT X O
busy JJ X O
and CC X O
well RB X O
established VBN X O
recruitment NN X B-Domain
desk NN X O
. . X O
You PRP X O

must MD X O
be VB X O
able JJ X O
to TO X O
work VB X B-Skill
within IN X I-Skill
a DT X I-Skill
busy JJ X I-Skill
and CC X I-Skill
pressurised JJ X I-Skill
environment NN X I-Skill
, , X O
have VBP X O
a DT X O
professional JJ X B-Skill
and CC X O
self JJ X B-Skill
confident JJ X I-Skill
manner NN X O
. . X O
This DT X O

is VBZ X O
your PRP$ X O
chance NN X O
to TO X O
join VB X O
UK NNP X O
Greetings NNP X O
, , X O
a DT X O
major JJ X O
supplier NN X O
of IN X O
award NN X O
winning VBG X O
Greeting NNP X O
Cards NNS X O
and CC X O
associated VBN X O
products NNS X O
to TO X O
many JJ X O
leading VBG X O
supermarkets NNS X O
and CC X O
high JJ X O
street NN X O
retailers NNS X O
. . X O
Great NNP X O

working VBG X O
environment NN X O
, , X O
training NN X B-Domain
and CC X O
career NN X O
progression NN X O
on IN X O
offer NN X O
. . X O
Interview NNP X O

/ NNP X O
Selection NNP X O
Dates VBZ X O
: : X O
To TO X O
be VB X O
arranged VBN X O
direct JJ X O
with IN X O
applicants NNS X O
invited VBN X O
for IN X O
interview NN X O
This DT X O

is VBZ X O
a DT X O
face NN X O
to TO X O
face VB X O
sales NNS X O
role NN X O
requiring VBG X O
excellent JJ X O
presentation NN X B-Skill
skills NNS X I-Skill
, , X O
confidence NN X B-Skill
and CC X O
motivation NN X B-Skill
whilst NN X O
upholding VBG X B-Skill
the DT X I-Skill
core NN X I-Skill
brand NN X I-Skill
values NNS X I-Skill
and CC X I-Skill
positive JJ X I-Skill
customer NN X I-Skill
experience NN X I-Skill
. . X O
Provide NNP X O

technical JJ X B-Skill
support NN X I-Skill
and CC X O
training NN X B-Skill
to TO X O
internal JJ X O
and CC X O
external JJ X O
customers NNS X O
. . X O
The DT X O

Microsoft NNP X O
development NN X O
team NN X O
are VBP X O
also RB X O
now RB X O
looking VBG X O
at IN X O
Windows NNP X O
Surface NNP X O
and CC X O
Windows NNP X O
Phone NNP X O
. . X O
You PRP X O

must MD X O
also RB X O
have VB X O
strong JJ X O
communication NN X B-Skill
skills NNS X O
and CC X O
be VB X O
able JJ X O
to TO X O
build VB X B-Skill
lasting JJ X I-Skill
relationships NNS X I-Skill
with IN X I-Skill
other JJ X I-Skill
internal JJ X I-Skill
teams NNS X I-Skill
and CC X I-Skill
with IN X I-Skill
suppliers NNS X I-Skill
. . X O
Manage JJ X B-Skill

longterm JJ X I-Skill
data NNS X I-Skill
sets NNS X I-Skill
including VBG X O
a DT X B-Skill
nalysis NN X I-Skill
, , X I-Skill
quality NN X I-Skill
control NN X I-Skill
and CC X I-Skill
interpretation NN X I-Skill
of IN X I-Skill
atmospheric JJ X I-Skill
gas NN X I-Skill
monitoring NN X I-Skill
and CC X I-Skill
greenhouse NN X I-Skill
gas NN X I-Skill
flux NN X I-Skill
data NNS X I-Skill
. . X O
Ensure NN X B-Skill

all DT X I-Skill
reporting NN X I-Skill
requirements NNS X I-Skill
are VBP X I-Skill
in IN X I-Skill
line NN X I-Skill
with IN X I-Skill
Client NNP X I-Skill
and CC X O
their PRP$ X O
General JJ X O
Practices NNPS X O
for IN X O
monthly JJ X B-Skill
Dashboard NNP X I-Skill
and CC X O
KPIs NNP X B-Skill
, , X O
responsible JJ X O
for IN X O
data NNS X B-Skill
integrity NN X I-Skill
and CC X I-Skill
accuracy NN X I-Skill
. . X O
As IN X O

our PRP$ X O
client NN X O
is VBZ X O
based VBN X O
in IN X O
the DT X O
media NNS X B-Domain
sector NN X I-Domain
you PRP X O
will MD X O
receive VB X O
a DT X O
wealth NN X O
of IN X O
benefits NNS X O
working VBG X O
here RB X O
including VBG X O
: : X O
free JJ X O
food NN X O
, , X O
free JJ X O
parking NN X O
, , X O
BUPA NNP X O
, , X O
generous JJ X O
pension NN X O
and CC X O
an DT X O
AMAZING JJ X O
working JJ X O
culture NN X O
. . X O
Experience NN X O

of IN X O
Home NNP X B-Skill
visiting VBG X I-Skill
Experience NNP X O
of IN X O
working VBG X B-Skill
in IN X I-Skill
the DT X I-Skill
local JJ X I-Skill
community NN X I-Skill
Salary NNP X O

is VBZ X O
negotiable JJ X O
and CC X O
in IN X O
addition NN X O
a DT X O
very RB X O
attractive JJ X O
benefits NNS X O
package NN X O
is VBZ X O
provided VBN X O
. . X O
Whilst NNP X O

previous JJ X B-Skill
call NN X I-Skill
centre NN X I-Skill
experience NN X I-Skill
is VBZ X O
desirable JJ X O
, , X O
it PRP X O
' '' X O
s VBN X O
by IN X O
no DT X O
means NNS X O
essential JJ X O
. . X O
Senior JJ X O

DSP NNP X O
Engineer NNP X O
We PRP X O
have VBP X O
an DT X O
urgent JJ X O
requirement NN X O
for IN X O
a DT X O
Senior NNP X B-Occupation
DSP NNP X I-Occupation
engineer NN X I-Occupation
with IN X O
software NN X B-Skill
implementation NN X I-Skill
and CC X O
DSP NNP X B-Skill
Algorithm NNP X I-Skill
development NN X I-Skill
skills NNS X O
with IN X O
our PRP$ X O
UK NNP X O
Thames NNP X O
Valley NNP X O
based VBN X O
client NN X O
. . X O
As IN X O

an DT X O
Area NNP X B-Occupation
Sales NNS X I-Occupation
Manager NNP X I-Occupation
, , X O
your PRP$ X O
main JJ X O
responsibilities NNS X O
will MD X O
be VB X O
: : X O
Recruitment NNP X B-Skill
and CC X I-Skill
training VBG X I-Skill
Performance NNP X I-Skill
management NN X I-Skill
Team NN X I-Skill
logistics NNS X I-Skill
and CC X I-Skill
admin NN X I-Skill
The DT X O

Graphic NNP X B-Occupation
Designer NNP X I-Occupation
must MD X O
have VB X O
creative JJ X B-Skill
flair NN X I-Skill
, , X O
with IN X O
a DT X O
strong JJ X B-Skill
visual JJ X I-Skill
sense NN X I-Skill
, , X O
and CC X O
computer NN X B-Skill
skills NNS X I-Skill
including VBG X I-Skill
MAC NNP X I-Skill
and CC X I-Skill
PC NNP X I-Skill
software NN X I-Skill
. . X O
Java NNP X B-Skill

Apache NNP X I-Skill
Camel NNP X I-Skill
Apache NNP X I-Skill
CXF NNP X I-Skill
ServiceMix NNP X I-Skill
or CC X O
FuseESB NNP X B-Skill
Experience NNP X O
with IN X O
Spring NNP X B-Skill
Framework NNP X I-Skill
and CC X I-Skill
Hibernate NNP X I-Skill
is VBZ X O
beneficial JJ X O
. . X O
Liaise NNP X B-Skill

and CC X I-Skill
cooperate NN X I-Skill
with IN X I-Skill
the DT X I-Skill
holding VBG X I-Skill
marketing NN X I-Skill
department NN X I-Skill
for IN X O
the DT X O
rollout NN X B-Skill
of IN X I-Skill
group NN X I-Skill
marketing NN X I-Skill
sales NNS X I-Skill
support NN X I-Skill
initiatives NNS X I-Skill
in IN X O
the DT X O
UK NNP X O
. . X O
The DT X O

successful JJ X O
candidate NN X O
will MD X O
also RB X O
possess VB X O
strong JJ X O
print NN X O
knowledge NN X O
for IN X O
inhouse NN X B-Skill
and CC X I-Skill
external JJ X I-Skill
postproduction NN X I-Skill
work NN X I-Skill
, , X O
a DT X O
thorough JJ X O
understanding NN X O
of IN X O
Apple NNP X B-Skill
computer NN X I-Skill
systems NNS X I-Skill
, , X O
with IN X O
good JJ X O
working VBG X O
knowledge NN X O
of IN X O
Illustrator NNP X B-Skill
, , X O
InDesign NNP X B-Skill
, , X O
Photoshop NNP X B-Skill
and CC X O
Microsoft NNP X B-Skill
Office NNP X I-Skill
. . X O
KEYWORD NNP X O

SEARCH NNP X O
: : X O
Web NNP X B-Occupation
Developer NNP X I-Occupation
; : X O
Media NNP X B-Skill
; : X O
Sql NNP X B-Skill
; : X O
AJAX NNP X B-Skill
; : X O
PHP NNP X B-Skill
; : X O
GIT NNP X B-Skill
; : X O
API NNP X B-Skill
s VBD X I-Skill
; : X O
Database NNP X B-Skill
Optimisation NNP X I-Skill
; : X O
AWS NNP X B-Skill
; : X O
Wireframing NNP X B-Skill
; : X O
UX NNP X B-Skill
; : X O
Python NNP X B-Skill
; : X O
Django NNP X B-Skill
; : X O
Objective NNP X B-Skill
C NNP X I-Skill
; : X O
Apple NNP X B-Skill
SDK NNP X I-Skill
; : X O
Flash NNP X B-Skill
; : X O
Senior NNP X B-Occupation
Web NNP X I-Occupation
Developer NNP X I-Occupation
Advising VBG X B-Skill

on IN X I-Skill
appropriate JJ X I-Skill
team NN X I-Skill
skills NNS X I-Skill
and CC X O
shape NN X B-Skill
to TO X I-Skill
deliver VB X I-Skill
business NN X I-Skill
goals NNS X I-Skill
, , X O
including VBG X O
cross NN X B-Skill
training NN X I-Skill
and CC X O
succession NN X B-Skill
planning NN X I-Skill
Specification NN X O
of IN X O
tools NNS X O
and CC X O
processes NNS X O
within IN X O
the DT X O
area NN X O
We PRP X O

will MD X O
discount VB X O
candidates NNS X O
who WP X O
don VBP X O
t JJ X O
include VBP X O
the DT X O
full JJ X O
application NN X O
criteria NNS X O
requested VBD X O
This DT X O
job NN X O
was VBD X O
originally RB X O
posted VBN X O
as IN X O
You PRP X O

will MD X O
be VB X O
a DT X O
positive JJ X O
problem NN X B-Skill
solver NN X I-Skill
with IN X O
a DT X O
flexible JJ X B-Skill
approach NN X I-Skill
to TO X I-Skill
your PRP$ X I-Skill
work NN X I-Skill
, , X O
committed VBN X B-Skill
to TO X I-Skill
excellence VB X I-Skill
, , X O
motivated VBN X B-Skill
and CC X O
a DT X O
strong JJ X O
team NN X B-Skill
player NN X I-Skill
. . X O
We PRP X O

work VBP X O
throughout IN X O
the DT X O
UK NNP X O
, , X O
supporting VBG X O
clients NNS X O
when WRB X O
they PRP X O
need VBP X O
us PRP X O
and CC X O
working VBG X O
in IN X O
partnership NN X O
with IN X O
them PRP X O
to TO X O
ensure VB X O
that IN X O
we PRP X O
supply VBP X O
the DT X O
right JJ X O
member NN X O
of IN X O
staff NN X O
for IN X O
their PRP$ X O
needs NNS X O
. . X O
This DT X O

is VBZ X O
a DT X O
fantastic JJ X O
opportunity NN X O
for IN X O
a DT X B-Occupation
Sous JJ X I-Occupation
Chef NN X I-Occupation
to TO X O
progress VB X O
and CC X O
show VB X O
your PRP$ X O
culinary JJ X B-Skill
skills NNS X I-Skill
. . X O
In IN X O

return NN X O
we PRP X O
offer VBP X O
free JJ X O
training NN X O
, , X O
excellent JJ X O
rates NNS X O
of IN X O
pay NN X O
and CC X O
travel NN X O
expense NN X O
. . X O
This DT X O

mechanical JJ X B-Occupation
engineering NN X I-Occupation
position NN X O
will MD X O
suit VB X O
a DT X O
driven JJ X O
individual NN X O
who WP X O
is VBZ X O
enthusiastic JJ X B-Skill
about IN X I-Skill
taking VBG X I-Skill
on IN X I-Skill
new JJ X I-Skill
challenges NNS X I-Skill
in IN X I-Skill
a DT X I-Skill
fastmoving JJ X I-Skill
company NN X I-Skill
. . X O
Other JJ X O

developments NNS X O
like IN X O
drop NN X O
down RB X O
menus RB X O
, , X O
reset VB X O
password NN X O
not RB X O
working VBG X O
, , X O
captcha NN X O
, , X O
staff NN X O
sales NNS X O
etc NN X O
. . X O
The DT X O

Role NNP X O
Reporting NNP X O
to TO X O
the DT X O
Finance NNP X B-Occupation
Director NNP X I-Occupation
, , X O
you PRP X O
will MD X O
play VB X O
a DT X O
key JJ X B-Skill
role NN X I-Skill
in IN X I-Skill
the DT X I-Skill
Finance NNP X I-Skill
team NN X I-Skill
with IN X O
the DT X O
following JJ X O
responsibilities NNS X O
: : X O
Provide NNP X B-Skill
high VBP X I-Skill
quality NN X I-Skill
analysis NN X I-Skill
and CC X O
decision NN X B-Skill
support NN X I-Skill
to TO X O
the DT X O
business NN X O
Manage NNP X B-Skill
the DT X I-Skill
workflow JJ X I-Skill
prioritise NN X I-Skill
tasks NNS X I-Skill
across IN X O
the DT X O
team NN X O
on IN X O
a DT X O
project NN X O
Provide NNP X O
high JJ X B-Skill
value NN X I-Skill
decision NN X I-Skill
making VBG X I-Skill
to TO X O
support VB X O
the DT X O
business NN X O
Training NN X O

and CC X O
Experience NN X O
: : X O
Requirements NNS X O
of IN X O
Position NNP X O
A NNP X B-Skill
proven JJ X I-Skill
track NN X I-Skill
record NN X I-Skill
and CC X I-Skill
experience NN X I-Skill
in IN X I-Skill
working VBG X I-Skill
within IN X I-Skill
the DT X I-Skill
Special JJ X I-Skill
/ NNP X I-Skill
Packaged NNP X I-Skill
Equipment NNP X I-Skill
discipline NN X I-Skill
of IN X I-Skill
a DT X I-Skill
contracting NN X I-Skill
organisation NN X I-Skill
. . X O
The DT X O

successful JJ X O
applicant NN X O
MUST NNP X O
have VBP X O
previous JJ X O
experience NN X O
in IN X O
a DT X O
lettings JJ X B-Skill
environment NN X I-Skill
and CC X O
grow NN X O
with IN X O
the DT X O
business NN X O
that WDT X O
aims VBZ X O
to TO X O
become VB X O
the DT X O
market NN X O
leader NN X O
in IN X O
the DT X O
area NN X O
. . X O
Working VBG X O

within IN X O
this DT X O
process NN X O
driven VBN X O
organisation NN X O
, , X O
You PRP X O
will MD X O
be VB X O
required VBN X O
to TO X O
collate VB X B-Skill
estimates NNS X I-Skill
on IN X I-Skill
body NN X I-Skill
repairs NNS X I-Skill
to TO X I-Skill
cars NNS X I-Skill
using VBG X I-Skill
the DT X I-Skill
Audatex NNP X I-Skill
estimating NN X I-Skill
system NN X I-Skill
. . X O
The DT X O

role NN X O
will MD X O
also RB X O
have VB X O
line NN X B-Skill
management NN X I-Skill
experience NN X I-Skill
for IN X O
a DT X O
small JJ X O
team NN X O
of IN X O
Account NNP X B-Occupation
Handlers NNP X I-Occupation
and CC X O
Account NNP X B-Occupation
Managers NNP X I-Occupation
. . X O
Our PRP$ X O

Client NNP X O
, , X O
an DT X O
Automotive NNP X O
Main NNP X O
Car NNP X O
Dealership NNP X O
in IN X O
the DT X O
Kidderminster NNP X O
area NN X O
is VBZ X O
currently RB X O
looking VBG X O
to TO X O
recruit VB X O
a DT X O
Business NNP X B-Occupation
Manager NNP X I-Occupation
to TO X O
work VB X O
in IN X O
their PRP$ X O
busy JJ X O
Sales NNS X B-Domain
department NN X O
. . X O
o RB X O

High JJ X B-Skill
volume NN X I-Skill
retail VBP X I-Skill
or CC X I-Skill
o VBP X I-Skill
Fast NNP X I-Skill
paced VBD X I-Skill
customer NN X I-Skill
focused VBD X I-Skill
environment NN X I-Skill
If IN X O

interested JJ X O
please NN X O
send VB X O
up RP X O
to TO X O
date NN X O
CV NNP X O
and CC X O
photocopy NN X O
of IN X O
counterpart NN X O
driving VBG X B-Qualification
licence NN X I-Qualification
to TO X O
Click NNP X O
here RB X O
to TO X O
contact VB X O
this DT X O
recruiter NN X O
Thank NNP X O
you PRP X O
The DT X O

improvement NN X B-Skill
of IN X I-Skill
the DT X I-Skill
quality NN X I-Skill
of IN X I-Skill
services NNS X I-Skill
to TO X I-Skill
the DT X I-Skill
public NN X I-Skill
. . X O
ASAP NNP X O

Description NNP X O
: : X O
We PRP X O
are VBP X O
recruiting VBG X O
, , X O
on IN X O
behalf NN X O
of IN X O
our PRP$ X O
client NN X O
, , X O
for IN X O
an DT X O
experienced JJ X B-Skill
payroll NN X I-Skill
administrator NN X I-Skill
. . X O
An DT X O

understanding JJ X O
and CC X O
experience NN X O
of IN X O
RESTful NNP X B-Skill
web JJ X I-Skill
service NN X I-Skill
design NN X I-Skill
, , X O
of IN X O
UX NNP X B-Skill
and CC X O
UI NNP X B-Skill
principles NNS X O
, , X O
of IN X O
Google NNP X B-Skill
Analytics NNP X I-Skill
code NN X I-Skill
and CC X O
implementation NN X O
is VBZ X O
desired VBN X O
along IN X O
with IN X O
ability NN X O
to TO X O
create VB X B-Skill
complex JJ X I-Skill
Excel NNP X I-Skill
formulae NN X I-Skill
and CC X O
knowledge VB X O
/ JJ X O
experience NN X O
of IN X O
Windows NNP X B-Skill
Server NNP X I-Skill
All DT X O

activities NNS X O
will MD X O
be VB X O
undertaken VBN X O
in IN X O
the DT X O
context NN X O
of IN X O
the DT X O
following JJ X O
general JJ X O
aims NNS X O
: : X O
i NN X O
Give VB X O

us PRP X O
a DT X O
call NN X O
today NN X O
to TO X O
find VB X O
out RP X O
how WRB X O
to TO X O
join VB X O
one CD X O
of IN X O
the DT X O
fastest JJS X O
growing VBG X O
agencies NNS X O
in IN X O
the DT X O
UK NNP X O
. . X O
We PRP X O
look VBP X O
forward RB X O
to TO X O
hearing VBG X O
from IN X O
you PRP X O
. . X O
With IN X O

over IN X O
40 CD X O
years NNS X O
of IN X O
specialist NN X O
experience NN X O
, , X O
Advantage NNP X O
Technical NNP X O
Resourcing NNP X O
is VBZ X O
the DT X O
recruiter NN X O
of IN X O
choice NN X O
for IN X O
IT NNP X B-Domain
and CC X O
Engineering NNP X B-Domain
professionals NNS X O
across IN X O
EMEA NNP X O
. . X O
Acknowledge NNP X B-Skill

the DT X I-Skill
risk NN X I-Skill
of IN X I-Skill
Healthcare NNP X I-Skill
Associated NNP X I-Skill
Infections NNP X I-Skill
HCAI NNP X I-Skill
and CC X O
understand VB X B-Skill
own JJ X I-Skill
responsibility NN X I-Skill
as IN X I-Skill
agreed VBN X I-Skill
with IN X I-Skill
line NN X I-Skill
manager NN X I-Skill
in IN X I-Skill
the DT X I-Skill
prevention NN X I-Skill
and CC X I-Skill
control NN X I-Skill
of IN X I-Skill
HCAI NNP X I-Skill
. . X O
The DT X O

role NN X O
will MD X O
involve VB X O
: : X O
Providing NNP X B-Skill
quality NN X I-Skill
Technical NNP X I-Skill
Support NNP X I-Skill
on IN X I-Skill
my PRP$ X I-Skill
clients NNS X I-Skill
product NN X I-Skill
portfolio NN X I-Skill
. . X O
Identify NNP X B-Skill

content JJ X I-Skill
requirement NN X I-Skill
, , X O
liaise NN X B-Skill
with IN X I-Skill
all DT X I-Skill
relevant JJ X I-Skill
contacts NNS X I-Skill
to TO X I-Skill
gather VB X I-Skill
all DT X I-Skill
information NN X I-Skill
, , X O
ensure VB X B-Skill
100 CD X I-Skill
% NN X I-Skill
accuracy NN X I-Skill
and CC X I-Skill
that IN X I-Skill
the DT X I-Skill
Guidelines NNS X I-Skill
are VBP X I-Skill
easy JJ X I-Skill
to TO X I-Skill
understand VB X I-Skill
for IN X I-Skill
all DT X I-Skill
parties NNS X I-Skill
and CC X I-Skill
successfully RB X I-Skill
communicated VBN X I-Skill
. . X O
Due JJ X O

to TO X O
the DT X O
volume NN X O
of IN X O
responses NNS X O
we PRP X O
receive VBP X O
, , X O
if IN X O
we PRP X O
do VBP X O
not RB X O
contact VB X O
you PRP X O
within IN X O
the DT X O
next JJ X O
5 CD X O
days NNS X O
, , X O
unfortunately RB X O
you PRP X O
have VBP X O
not RB X O
been VBN X O
successful JJ X O
on IN X O
this DT X O
occasion NN X O
. . X O
There EX X O

is VBZ X O
huge JJ X O
potential NN X O
for IN X O
the DT X O
right JJ X O
candidate NN X O
to TO X O
manage VB X O
both DT X O
stores NNS X O
. . X O
Please NNP X O

note VB X O
your PRP$ X O
CV NNP X O
will MD X O
be VB X O
reviewed VBN X O
against IN X O
the DT X O
vacancy NN X O
criteria NNS X O
and CC X O
we PRP X O
will MD X O
contact VB X O
you PRP X O
within IN X O
one CD X O
week NN X O
if IN X O
we PRP X O
wish VBP X O
to TO X O
progress VB X O
your PRP$ X O
application NN X O
any DT X O
further RB X O
. . X O
You PRP X O

will MD X O
be VB X O
pivotal JJ X O
in IN X O
investigating VBG X B-Skill
and CC X I-Skill
resolving VBG X I-Skill
Data NNP X I-Skill
Quality NNP X I-Skill
issues NNS X I-Skill
in IN X O
an DT X O
Enterprise NNP X B-Skill
level NN X O
environment NN X O
. . X O
This DT X O

role NN X O
falls VBZ X O
within IN X O
a DT X O
strategic JJ X O
group NN X O
so IN X O
there EX X O
is VBZ X O
a DT X O
very RB X O
good JJ X O
career NN X O
path NN X O
ahead RB X O
of IN X O
you PRP X O
. . X O
Will MD X O

you PRP X O
be VB X O
a DT X O
newly RB X O
qualified VBN X O
English NNP X B-Occupation
teacher NN X I-Occupation
in IN X O
September NNP X O
2013 CD X O
? . X O
The DT X O

position NN X O
can MD X O
offer VB X O
career NN X O
progression NN X O
to TO X O
the DT X O
Finance NNP X B-Occupation
manager NN X I-Occupation
position NN X O
. . X O
You PRP X O

will MD X O
be VB X O
working VBG X O
with IN X O
brand NN X O
new JJ X O
heavy JJ X B-Skill
duty NN X I-Skill
machines NNS X I-Skill
and CC X O
processing VBG X B-Skill
equipment NN X I-Skill
. . X O
In IN X O

depth JJ X O
knowledge NN X B-Skill
of IN X O
following VBG X O
technologies NNS X O
: : X O
Application NN X B-Skill
servers NNS X I-Skill
Apache NNP X I-Skill
Tomcat NNP X I-Skill
, , X O
WebSphere NNP X B-Skill
, , X O
Spring NNP X B-Skill
, , X O
Eclipse NNP X B-Skill
, , X O
Maven NNP X B-Skill
, , X O
jUnit NN X B-Skill
, , X O
RMI NNP X B-Skill
, , X O
Web NNP X B-Skill
Services NNPS X I-Skill
, , X O
Windows NNP X B-Skill
and CC X O
Linux NNP X B-Skill
OS NNP X I-Skill
. . X O
Objective JJ X O

C NNP X O
Interest NNP X O
in IN X O
all PDT X O
the DT X O
latest JJS X O
mobile NN X B-Domain
technologies NNS X I-Domain
The DT X O

post NN X O
will MD X O
involve VB X O
some DT X O
heavy JJ X B-Skill
manual JJ X I-Skill
handling NN X I-Skill
and CC X O
periodic JJ X O
working NN X B-Skill
at IN X I-Skill
heights NNS X I-Skill
. . X O
Can MD X O

adapt VB X B-Skill
to TO X I-Skill
different JJ X I-Skill
tasks NNS X I-Skill
quickly RB X O
, , X O
efficiently RB X O
and CC X O
confidently RB X O
Capable NNP X O
of IN X O
working VBG X B-Skill
in IN X I-Skill
an DT X I-Skill
autonomous JJ X I-Skill
or CC X O
team NN X B-Skill
orientated VBN X I-Skill
environment NN X O
Interpret NNP X B-Skill
information NN X I-Skill
and CC X I-Skill
instructions NNS X I-Skill
correctly RB X I-Skill
and CC X I-Skill
carry VB X I-Skill
out RP X I-Skill
tasks NNS X I-Skill
accordingly RB X I-Skill
Developer NNP X B-Occupation
or CC X O
large JJ X O
Main NNP X B-Occupation
Contractor NNP X I-Occupation
experience NN X O
would MD X O
an DT X O
advantage NN X O
put VBD X O
not RB X O
essential JJ X O
Candidates NNS X O
must MD X O
also RB X O
be VB X O
client NN X B-Skill
facing VBG X I-Skill
as RB X O
well RB X O
as IN X O
being VBG X O
highly RB X B-Skill
ambitious JJ X I-Skill
and CC X O
driven VBN X B-Skill
to TO X I-Skill
succeed VB X I-Skill
in IN X O
a DT X O
pressure NN X O
environment NN X O
. . X O
This DT X O

post NN X O
is VBZ X O
for IN X O
5 CD X O
days NNS X O
per IN X O
week NN X O
supporting VBG X B-Skill
children NNS X I-Skill
with IN X I-Skill
PMLD NNP X I-Skill
/ NNP X I-Skill
SLD NNP X I-Skill
and CC X I-Skill
complex JJ X I-Skill
needs NNS X I-Skill
. . X O
An DT X O

understanding NN X O
of IN X O
electrical JJ X B-Skill
circuits NNS X I-Skill
design NN X I-Skill
, , X O
EMC NNP X B-Skill
precautions NNS X I-Skill
and CC X O
power NN X B-Skill
supply NN X I-Skill
characteristics NNS X I-Skill
Understanding NNP X O
of IN X O
Safety NNP X B-Skill
Integrity NNP X I-Skill
Levels NNP X I-Skill
and CC X O
BS NNP X B-Skill
EN NNP X I-Skill
As RB X O

well RB X O
as IN X O
the DT X O
aforementioned JJ X O
, , X O
experience NN X B-Skill
with IN X I-Skill
Perl NNP X I-Skill
scripting VBG X I-Skill
would MD X O
also RB X O
be VB X O
very RB X O
much RB X O
advantageous JJ X O
, , X O
as RB X O
would MD X O
an DT X O
IT NNP X B-Skill
related VBD X I-Skill
degree NN X I-Skill
. . X O
rich JJ X O

Strong NNP X O
partnerships NNS X O
in IN X O
place NN X O
with IN X O
all DT X O
of IN X O
the DT X O
main JJ X O
Big NNP X O
Data NNP X O
technology NN X O
companies NNS X O
Hadoop NNP X B-Occupation
Developer NNP X I-Occupation
This DT X O

will MD X O
include VB X O
: : X O
static JJ X B-Skill
and CC X I-Skill
dynamic JJ X I-Skill
stress NN X I-Skill
analysis NN X I-Skill
of IN X I-Skill
pipework NN X I-Skill
and CC X I-Skill
structural JJ X I-Skill
steel NN X I-Skill
of IN X I-Skill
skid NN X I-Skill
mounted VBN X I-Skill
systems NNS X I-Skill
, , X O
reviewing VBG X B-Skill
and CC X I-Skill
approving VBG X I-Skill
design NN X I-Skill
documentation NN X I-Skill
from IN X O
subcontractors NNS X O
interpreting VBG X B-Skill
and CC X I-Skill
communicating VBG X I-Skill
client NN X I-Skill
technical JJ X I-Skill
specifications NNS X I-Skill
As IN X O
the DT X O
ideal JJ X O
candidate NN X O
you PRP X O
will MD X O
already RB X O
be VB X O
a DT X O
competent NN X O
' POS X B-Skill
stress NN X I-Skill
engineer NN X I-Skill
' '' X O
with IN X O
proven JJ X O
relevant JJ X O
experience NN X O
in IN X O
the DT X O
above JJ X O
areas NNS X O
and CC X O
conversant NN X O
with IN X O
Luxury NNP X O

brand NN X O
looking VBG X O
for IN X O
a DT X O
Boutique NNP X B-Occupation
Assistant NNP X I-Occupation
Manager NNP X I-Occupation
in IN X O
their PRP$ X O
new JJ X O
store NN X O
in IN X O
Aberdeen NNP X O
, , X O
with IN X O
a DT X O
salary NN X O
of IN X O
up IN X O
The DT X O

Assistant NNP X B-Occupation
Pub NNP X I-Occupation
Manager NNP X I-Occupation
must MD X O
be VB X O
eligible JJ X O
to TO X O
live VB X O
and CC X O
work VB X O
in IN X O
the DT X O
UK NNP X O
. . X O
Joining VBG X O

an DT X O
established VBN X O
Communications NNPS X B-Domain
function NN X O
at IN X O
a DT X O
leading VBG X O
international JJ X O
legal JJ X B-Domain
practice NN X O
, , X O
this DT X O
busy JJ X O
handson NN X B-Skill
role NN X O
will MD X O
involve VB X O
all DT X O
aspects NNS X O
of IN X O
internal JJ X B-Skill
communications NNS X I-Skill
across IN X O
the DT X O
firm NN X O
. . X O
My PRP$ X O

client NN X O
are VBP X O
now RB X O
the DT X O
leading VBG X O
supplier NN X O
of IN X O
windows NNS X O
deployment NN X O
and CC X O
management NN X O
software NN X O
in IN X O
the DT X O
WORLD NNP X O
. . X O
The DT X O

role NN X O
needs VBZ X O
a DT X O
strong JJ X B-Skill
collaborator NN X I-Skill
and CC X O
results NNS X B-Skill
focused VBD X I-Skill
individual JJ X O
that IN X O
can MD X B-Skill
balance VB X I-Skill
an DT X I-Skill
analytical JJ X I-Skill
brain NN X I-Skill
with IN X I-Skill
big JJ X I-Skill
ideas NNS X I-Skill
. . X O
The DT X O

role NN X O
will MD X O
involve VB X O
managing VBG X O
both DT X O
internal JJ X O
departments NNS X O
partners NNS X O
and CC X O
working VBG X O
alongside RB X O
them PRP X O
from IN X O
time NN X O
to TO X O
time NN X O
and CC X O
through IN X O
external JJ X O
partners NNS X O
. . X O
**** JJ X O

Lead NNP X B-Skill
a DT X I-Skill
team NN X I-Skill
of IN X I-Skill
administrators NNS X I-Skill
to TO X I-Skill
achieve VB X I-Skill
key JJ X I-Skill
performance NN X I-Skill
objectives NNS X I-Skill
and CC X I-Skill
targets NNS X I-Skill
. . X O
The DT X O

business NN X O
I PRP X O
looking VBG X O
to TO X O
appoint VB X O
a DT X O
key JJ X O
middle JJ X B-Occupation
management NN X I-Occupation
position NN X O
to TO X O
a DT X O
strategically RB X O
important JJ X O
manufacturing NN X B-Domain
facility NN X O
. . X O
COREcruitment JJ X O

operate VBP X O
one CD X O
of IN X O
the DT X O
best JJS X O
referral JJ X O
schemes NNS X O
in IN X O
the DT X O
industry NN X O
As IN X O

an DT X O
assistant NN X B-Occupation
restaurant NN X I-Occupation
manager NN X I-Occupation
you PRP X O
will MD X O
be VB X O
focused VBN X O
on IN X O
delivering VBG X B-Skill
excellent JJ X I-Skill
customer NN X I-Skill
service NN X I-Skill
, , X O
recruiting VBG X B-Skill
and CC X I-Skill
hiring VBG X I-Skill
staff NN X I-Skill
, , X O
driving VBG X B-Skill
sales NNS X I-Skill
and CC X I-Skill
initiating VBG X I-Skill
your PRP$ X I-Skill
own JJ X I-Skill
ideas NNS X I-Skill
of IN X I-Skill
developing VBG X I-Skill
and CC X I-Skill
marketing VBG X I-Skill
the DT X I-Skill
business NN X I-Skill
. . X O
Main NN X O

responsibilities NNS X O
: : X O
As IN X O
a DT X O
Resource NNP X B-Occupation
Planner NNP X I-Occupation
Analyst NNP X I-Occupation
, , X O
you PRP X O
will MD X O
be VB X O
required VBN X O
to TO X O
plan VB X B-Skill
and CC X I-Skill
manage VB X I-Skill
the DT X I-Skill
data NNS X I-Skill
within IN X O
the DT X O
UK NNP X O
Contact NNP X O
Centres NNP X O
to TO X O
ensure VB X O
optimal JJ X O
utilization NN X O
from IN X O
both CC X O
a DT X O
performance NN X B-Skill
and CC X I-Skill
a DT X I-Skill
cost NN X I-Skill
perspective NN X I-Skill
. . X O
The DT X O

supervisor NN X O
for IN X O
this DT X O
project NN X O
will MD X O
be VB X O
Professor NNP X O
Rebecca NNP X O
Boden NNP X O
: : X O
rebecca NN X O
. . X O
bodenroehampton NN X O
. . X O
ac NN X O
. . X O
uk NN X O
Outstanding VBG X O

verbal JJ X B-Skill
, , X I-Skill
written VBN X I-Skill
and CC X I-Skill
interpersonal JJ X I-Skill
communication NN X I-Skill
skills NNS X I-Skill
Ability NNP X I-Skill
to TO X I-Skill
multitask VB X I-Skill
and CC X I-Skill
have VB X I-Skill
the DT X I-Skill
ability NN X I-Skill
to TO X I-Skill
effectively RB X I-Skill
manage VB X I-Skill
own JJ X I-Skill
time NN X I-Skill
and CC X I-Skill
meet VB X I-Skill
deadlines NNS X I-Skill
Ability NNP X I-Skill
to TO X I-Skill
take VB X I-Skill
ownership NN X I-Skill
and CC X I-Skill
follow JJ X I-Skill
tasks NNS X I-Skill
through IN X I-Skill
to TO X I-Skill
completion VB X I-Skill
Excellent NNP X O
organisational JJ X B-Skill
skills NNS X I-Skill
Attention NNP X I-Skill
to TO X I-Skill
detail VB X I-Skill
Team NNP X I-Skill
player NN X I-Skill
Ability NNP X I-Skill
to TO X I-Skill
work VB X I-Skill
under IN X I-Skill
pressure NN X I-Skill
Selfmotivated VBN X I-Skill
individual JJ X I-Skill
who WP X I-Skill
can MD X I-Skill
work VB X I-Skill
with IN X I-Skill
little JJ X I-Skill
supervision NN X I-Skill
Flexible NNP X I-Skill
Proactive NNP X I-Skill
approach NN X I-Skill
and CC X I-Skill
a DT X I-Skill
willingness NN X I-Skill
to TO X I-Skill
contribute VB X I-Skill
new JJ X I-Skill
ideas NNS X I-Skill
Extensive JJ X O
experience NN X B-Skill
in IN X I-Skill
commercial JJ X I-Skill
management NN X I-Skill
particularly RB X I-Skill
of IN X I-Skill
multidiscipline NN X I-Skill
design NN X I-Skill
and CC X I-Skill
build JJ X I-Skill
construction NN X I-Skill
contracts NNS X I-Skill
Degree NNP X B-Qualification
qualified VBD X I-Qualification
A DT X O
member NN X B-Skill
of IN X I-Skill
a DT X I-Skill
relevant JJ X I-Skill
Professional NNP X I-Skill
body NN X I-Skill
MRICS NNP X I-Skill
, , X I-Skill
MCIOB NNP X I-Skill
, , X I-Skill
etc FW X I-Skill
Full NNP X B-Qualification
Driving NNP X I-Qualification
licence NN X I-Qualification
Rail NNP X B-Skill
, , X O
Private NNP X B-Skill
Networks NNP X I-Skill
, , X O
Utilities NNP X B-Skill
experience NN X I-Skill
desirable JJ X O
although IN X O
not RB X O
essential JJ X O
You PRP X O

will MD X O
be VB X O
offered VBN X O
free JJ X O
autism NN X O
& CC X O
epilepsy NN X O
training NN X O
if IN X O
required VBN X O
. . X O
Installation NN X B-Skill

, , X O
configuration NN X B-Skill
, , X O
logistics NNS X B-Skill
and CC X O
support NN X B-Skill
on IN X I-Skill
retail JJ X I-Skill
shops NNS X I-Skill
scanners NNS X I-Skill
. . X O
We PRP X O

thank VBP X O
all DT X O
applicants NNS X O
who WP X O
respond VBP X O
, , X O
but CC X O
only RB X O
those DT X O
short JJ X O
listed VBN X O
will MD X O
be VB X O
contacted VBN X O
. . X O
Low JJ X B-Skill

voltage NN X I-Skill
electrical JJ X I-Skill
skills NNS X O
to TO X O
aid VB X B-Skill
test NN X I-Skill
/ NN X I-Skill
commissioning VBG X I-Skill
would MD X O
also RB X O
be VB X O
beneficial JJ X O
. . X O
Provide VB X B-Skill

an DT X I-Skill
effective JJ X I-Skill
range NN X I-Skill
of IN X I-Skill
administrative JJ X I-Skill
systems NNS X I-Skill
and CC X I-Skill
procedures NNS X I-Skill
For IN X O

a DT X O
Project NN X B-Occupation
Manager NNP X I-Occupation
looking VBG X O
for IN X O
good JJ X O
career NN X O
prospects NNS X O
as RB X O
well RB X O
as IN X O
job NN X O
security NN X O
and CC X O
a DT X O
good JJ X O
working NN X O
atmosphere NN X O
Applicants NNS X O

must MD X O
have VB X O
the DT X O
right NN X O
to TO X O
work VB X O
in IN X O
the DT X O
EU NNP X O
. . X O
We PRP X O

currently RB X O
have VBP X O
a DT X O
number NN X O
of IN X O
fantastic JJ X O
vacancies NNS X O
with IN X O
a DT X O
client NN X O
that WDT X O
is VBZ X O
well RB X O
established VBN X O
in IN X O
the DT X O
Leisure NN X B-Domain
industry NN X O
. . X O
You PRP X O

will MD X O
be VB X O
involved VBN X O
with IN X O
new JJ X B-Skill
business NN X I-Skill
system NN X I-Skill
developments NNS X I-Skill
around IN X O
the DT X O
finance NN X B-Domain
sector NN X I-Domain
and CC X O
provide VB X B-Skill
support NN X I-Skill
and CC X I-Skill
maintenance NN X I-Skill
to TO X I-Skill
highly RB X I-Skill
available JJ X I-Skill
and CC X I-Skill
secure JJ X I-Skill
business NN X I-Skill
systems NNS X I-Skill
and CC X I-Skill
on IN X I-Skill
line NN X I-Skill
services NNS X I-Skill
. . X O
It PRP X O

greatly RB X O
values VBZ X O
workers NNS X O
committed VBD X O
to TO X O
ensuring VBG X O
children NNS X O
looked VBD X O
after IN X O
get VB X O
the DT X O
best JJS X O
life NN X O
chances NNS X O
through IN X O
a DT X O
well RB X O
supported VBN X O
team NN X O
based VBN X O
approach NN X O
. . X O
The DT X O

Project NNP X B-Occupation
Manager NNP X I-Occupation
will MD X O
be VB X O
given VBN X O
the DT X O
opportunity NN X O
to TO X O
work VB X O
across IN X O
a DT X O
number NN X O
of IN X O
sectors NNS X O
including VBG X O
Education NNP X B-Domain
, , X O
Residential NNP X B-Domain
and CC X O
Commercial NNP X B-Domain
and CC X O
will MD X O
be VB X O
the DT X O
number NN X O
one CD X O
point NN X O
of IN X O
contact NN X O
for IN X O
the DT X O
client NN X O
on IN X O
some DT X O
of IN X O
their PRP$ X O
flagship NN X O
projects NNS X O
. . X O
Please NNP X O

take VB X O
the DT X O
time NN X O
to TO X O
search VB X O
our PRP$ X O
website JJ X O
www NN X O
. . X O
bmsuk NN X O
. . X O
com NN X O
/ JJ X O
sales NNS X O
. . X O
We PRP X O

are VBP X O
looking VBG X O
for IN X O
highly RB X B-Skill
skilled JJ X I-Skill
mechanical JJ X B-Occupation
fitters NNS X I-Occupation
for IN X O
a DT X O
rolling NN X O
contract NN X O
within IN X O
the DT X O
production NN X B-Domain
plant NN X I-Domain
. . X O
Implementation NN X O

of IN X O
strong JJ X O
financial JJ X B-Skill
reporting NN X I-Skill
controls NNS X I-Skill
Supporting VBG X I-Skill
the DT X O
Finance NNP X B-Occupation
Director NNP X I-Occupation
to TO X O
deliver VB X B-Skill
adhoc JJ X I-Skill
reporting NN X I-Skill
, , X I-Skill
projects NNS X I-Skill
, , X O
and CC X O
group NN X O
wide JJ X O
initiatives VBZ X O
as RB X O
and CC X O
when WRB X O
they PRP X O
arise VBP X O
Key JJ X O
Competencies NNS X O
You PRP X O

must MD X O
be VB X O
prepared VBN X O
to TO X O
undergo VB X O
a DT X O
security NN X O
clearance NN X O
vetting VBG X O
process NN X O
. . X O
BGBS NNP X O

help NN X B-Skill
thousands NNS X O
of IN X O
organisations NNS X O
and CC X O
businesses NNS X O
across IN X O
the DT X O
UK NNP X O
understand VBP X B-Skill
how WRB X I-Skill
they PRP X I-Skill
use VBP X I-Skill
their PRP$ X I-Skill
energy NN X I-Skill
. . X O
Creative JJ X B-Occupation

Account NNP X I-Occupation
Manager NNP X I-Occupation
/ NNP X I-Occupation
Account NNP X I-Occupation
Director NNP X I-Occupation
for IN X O
very RB X O
special JJ X O
integrated JJ X O
agency NN X O
working VBG X O
in IN X O
brand NN X B-Domain
entertainment NN X I-Domain
. . X O
Analyse NNP X B-Skill

Business NNP X I-Skill
Requirements NNPS X I-Skill
and CC X O
supporting VBG X B-Skill
information NN X I-Skill
and CC X I-Skill
produce VB X I-Skill
a DT X I-Skill
System NNP X I-Skill
Architecture NNP X I-Skill
document NN X I-Skill
, , X O
Functional NNP X B-Skill
Specifications NNP X I-Skill
, , X O
Installation NNP X B-Skill
and CC X I-Skill
Configuration NNP X I-Skill
and CC X O
other JJ X B-Skill
documentation NN X I-Skill
for IN X I-Skill
each DT X I-Skill
system NN X I-Skill
. . X O
An DT X O

ideal JJ X O
ECommerce NN X B-Occupation
IT NNP X I-Occupation
Assistant NNP X I-Occupation
will MD X O
hold VB X O
the DT X O
following JJ X O
skills NNS X O
and CC X O
experiences NNS X O
: : X O
IT NNP X B-Qualification
related VBD X I-Qualification
degree NN X I-Qualification
. . X O
Further JJ X O

training NN X O
and CC X O
career NN X O
prospects NNS X O
available JJ X O
within IN X O
the DT X O
company NN X O
. . X O
other JJ X O

identified VBD X O
business NN X B-Domain
needs NNS X O
Handle NNP X B-Skill
and CC X I-Skill
prioritise RB X I-Skill
day NN X I-Skill
to TO X I-Skill
day NN X I-Skill
issues NNS X I-Skill
with IN X O
terms NNS X O
of IN X O
functionality NN X B-Skill
and CC X O
SQL NNP X B-Skill
errors NNS X I-Skill
Working VBG X O
closely RB X O
with IN X O
IT NNP X B-Occupation
Software NNP X I-Occupation
and CC X I-Occupation
Systems NNP X I-Occupation
Development NNP X I-Occupation
CoOrdinator NNP X I-Occupation
IT NNP X I-Occupation
Software NNP X I-Occupation
and CC X I-Occupation
Systems NNP X I-Occupation
developer NNP X I-Occupation
General NNP X O
Responsibilities NNPS X O
: : X O
Their PRP$ X O

range NN X O
of IN X O
services NNS X O
has VBZ X O
a DT X O
very RB X O
wide JJ X O
range NN X O
of IN X O
potential JJ X O
benefits NNS X O
and CC X O
selling VBG X O
points NNS X O
for IN X O
clients NNS X O
including VBG X O
cost NN X B-Domain
saving NN X I-Domain
, , X I-Domain
efficiency NN X I-Domain
, , X O
branding NN X B-Domain
, , X O
green JJ X B-Domain
/ NNP X O
environmental JJ X B-Domain
, , X O
employee NN X B-Domain
development NN X I-Domain
and CC X O
wellbeing VBG X B-Domain
/ NNP X O
health NN X B-Domain
and CC X O
safety NN X O
amongst NN X O
others NNS X O
. . X O
To TO X O

seek VB X O
to TO X O
continually RB X O
improve VB X O
, , X O
formalise VB X O
standardise VB X O
the DT X O
technical JJ X B-Skill
design NN X I-Skill
process NN X O
to TO X O
meet VB X O
with IN X O
changes NNS X O
in IN X O
the DT X O
industry NN X O
To TO X O
contribute VB X O
to TO X O
the DT X O
maintenance NN X B-Skill
continuous JJ X I-Skill
improvement NN X I-Skill
of IN X I-Skill
quality NN X I-Skill
standards NNS X I-Skill
within IN X O
the DT X O
company NN X O
through IN X O
team NN X O
procedures NNS X O
internal JJ X O
audit NN X O
Im NNP X O

looking VBG X O
for IN X O
an DT X O
IT NNP X B-Occupation
/ NNP X I-Occupation
technical JJ X I-Occupation
support NN X I-Occupation
analyst NN X I-Occupation
to TO X O
join VB X O
an DT X O
exciting JJ X O
Christian JJ X O
charity NN X B-Domain
in IN X O
Folkestone NNP X O
/ NNP X O
Kent NNP X O
. . X O
In IN X O

a DT X O
team NN X O
environment NN X O
your PRP$ X O
role NN X O
will MD X O
be VB X O
to TO X O
provide VB X B-Skill
2nd CD X I-Skill
line NN X I-Skill
telephone NN X I-Skill
and CC X O
dial JJ X B-Skill
up RP X I-Skill
technical JJ X I-Skill
support NN X I-Skill
to TO X I-Skill
clients NNS X I-Skill
on IN X I-Skill
CRM NNP X I-Skill
application NN X I-Skill
software NN X I-Skill
For IN X O

more JJR X O
information NN X O
or CC X O
to TO X O
apply VB X O
please VB X O
contact JJ X O
Philip NNP X O
at IN X O
Appoint NNP X O
Group NNP X O
on IN X O
all DT X O

essential JJ X O
areas NNS X O
of IN X O
the DT X O
business NN X B-Domain
They PRP X O
are VBP X O
now RB X O
looking VBG X O
for IN X O
a DT X O
MSSQL NNP X B-Occupation
Database NNP X I-Occupation
Administrator NNP X I-Occupation
to TO X O
manage VB X B-Skill
, , X O
maintain NN X B-Skill
and CC X O
administer VB X B-Skill
a DT X O
range NN X O
of IN X O
databases NNS X B-Skill
and CC X O
database NN X B-Skill
applications NNS X I-Skill
The DT X O
role NN X O
works VBZ X O
closely RB X O
with IN X O
other JJ X O
team NN X O
members NNS X O
as RB X O
well RB X O
as IN X O
contracted VBN X B-Domain
services NNS X I-Domain
to TO X O
ensure VB X O
a DT X O
high JJ X O
level NN X O
of IN X O
service NN X O
to TO X O
a DT X O
range NN X O
of IN X O
user NN X O
groups NNS X O
across IN X O
the DT X O
business NN X O
We PRP X O

are VBP X O
focussed VBN X O
on IN X O
recruiting NN X O
and CC X O
developing VBG X O
excellent JJ X O
staff NN X O
; : X O
our PRP$ X O
staff NN X O
turnover NN X O
is VBZ X O
less JJR X O
than IN X O
half NN X O
of IN X O
the DT X O
rest NN X O
of IN X O
the DT X O
sector NN X O
, , X O
once RB X O
you PRP X O
join VBP X O
us PRP X O
you PRP X O
will MD X O
want VB X O
to TO X O
stay VB X O
with IN X O
us PRP X O
to TO X O
take VB X O
advantage NN X O
of IN X O
the DT X O
fantastic JJ X O
rewards NNS X O
we PRP X O
have VBP X O
to TO X O
offer VB X O
. . X O
They PRP X O

will MD X O
be VB X O
experienced VBN X O
in IN X O
working VBG X B-Skill
with IN X I-Skill
the DT X I-Skill
elderly JJ X I-Skill
and CC X O
will MD X O
hold VB X O
a DT X O
valid JJ X B-Qualification
NMC NNP X I-Qualification
Pin NNP X I-Qualification
. . X O
Bonus NNP X O

earned VBD X O
through IN X O
each DT X O
order NN X O
gained VBN X O
Interviews NNS X O
are VBP X O
to TO X O
be VB X O
held VBN X O
ASAP NNP X O
. . X O
Kitchen NNP X B-Occupation

Manager NNP X I-Occupation
/ NNP X O
team NN X O
leader NN X O
experience NN X O
in IN X O
a DT X O
high JJ X O
volume NN X O
, , X O
branded VBD X O
environment NN X O
We PRP X O

are VBP X O
currently RB X O
recruiting VBG X O
for IN X O
Employability NNP X B-Occupation
/ NNP X I-Occupation
Retail NNP X I-Occupation
Trainers NNP X I-Occupation
to TO X O
work VB X O
in IN X O
Southampton NNP X O
, , X O
Portsmouth NNP X O
and CC X O
Isle NNP X O
of IN X O
Wight NNP X O
with IN X O
flexibility NN X O
. . X O
Who WP X O

we PRP X O
re VBP X O
looking VBG X O
for IN X O
A NNP X O
very RB X O
strong JJ X O
communicator NN X B-Occupation
with IN X O
excellent JJ X O
and CC X O
demonstrable JJ X O
stakeholder NN X B-Skill
management NN X I-Skill
and CC X O
influencing VBG X B-Skill
skills NNS X I-Skill
. . X O
Progresses NNS X B-Skill

client NN X I-Skill
matters NNS X I-Skill
without IN X O
supervision NN X O
and CC X O
in IN X O
the DT X O
absence NN X O
of IN X O
the DT X O
feeearner NN X O
A DT X O

sense NN X O
of IN X O
fun NN X O
and CC X O
a DT X O
fit NN X O
to TO X O
a DT X O
unique NN X O
, , X O
inclusive JJ X O
and CC X O
forwardthinking JJ X O
company NN X O
culture NN X O
Willingness NNP X O
to TO X O
travel VB X O
Some DT X B-Skill
local JJ X I-Skill
insurance NN X I-Skill
market NN X I-Skill
knowledge NN X I-Skill
in IN X I-Skill
Germany NNP X I-Skill
/ NNP X I-Skill
Switzerland NNP X I-Skill
/ NNP X I-Skill
Austria NNP X I-Skill
or CC X I-Skill
Italy NNP X I-Skill
Fluent NNP X I-Skill
English NNP X I-Skill
as RB X O
well RB X O
as IN X O
home NN X O
base NN X O
language NN X O
, , X O
specifically RB X O
German JJ X B-Skill
or CC X I-Skill
Italian JJ X I-Skill
To TO X O
apply VB X O
please VB X O
follow VB X O
the DT X O
link NN X O
provided VBD X O
You PRP X O

will MD X O
always RB X O
have VB X O
the DT X O
regular JJ X O
support NN X O
of IN X O
our PRP$ X O
Sales NNS X B-Domain
Management NNP X I-Domain
Structure NN X I-Domain
and CC X O
we PRP X O
offer VBP X O
further JJ X O
programmes NNS X O
designed VBN X O
to TO X O
help VB X O
you PRP X O
maximise VB X O
your PRP$ X O
earnings NNS X O
potential NN X O
. . X O
Registering VBG X O

with IN X O
Hays NNP X O
Education NNP X O
means VBZ X O
you PRP X O
will MD X O
benefit VB X O
from IN X O
the DT X O
following NN X O
: : X O
Free JJ X O
accreditated VBD X O
career NN X O
advice NN X O
Dedicated NNP X O
consultant NN X O
Competitive NNP X O
rates NNS X O
of IN X O
pay NN X O
Hays NNP X O
Specialist NNP X O
Recruitment NNP X O
Limited NNP X O
acts VBZ X O
as IN X O
an DT X O
employment NN X O
agency NN X O
for IN X O
permanent JJ X O
recruitment NN X O
and CC X O
employment NN X O
business NN X O
for IN X O
the DT X O
supply NN X O
of IN X O
temporary JJ X O
workers NNS X O
. . X O
Recent JJ X O

high JJ X O
profile NN X O
studies NNS X O
have VBP X O
shown VBN X O
that IN X O
intestinal JJ X O
inflammation NN X O
targets NNS X O
cancerinducing VBG X O
activity NN X O
of IN X O
the DT X O
microbiota NN X O
, , X O
particularly RB X O
adherent NN X O
, , X O
invasive JJ X O
Escherichia NNP X O
coli NN X O
observed VBD X O
in IN X O
increased JJ X O
numbers NNS X O
on IN X O
, , X O
and CC X O
within IN X O
the DT X O
intestinal JJ X O
mucosa NN X O
of IN X O
patients NNS X O
with IN X O
colorectal JJ X O
cancer NN X O
. . X O
An DT X O

immediate JJ X O
opportunity NN X O
has VBZ X O
arisen VBN X O
for IN X O
an DT X O
experienced JJ X B-Skill
Operations NNS X B-Occupation
Specialist VBP X I-Occupation
to TO X O
join VB X O
our PRP$ X O
client NN X O
, , X O
a DT X O
leading JJ X O
asset NN X B-Domain
management NN X I-Domain
company NN X O
based VBN X O
in IN X O
London NNP X O
Great NNP X O

strides NNS X O
have VBP X O
been VBN X O
taken VBN X O
so RB X O
far RB X O
to TO X O
achieve VB X O
the DT X O
World NNP X O
Class NNP X O
standards NNS X O
across IN X O
the DT X O
operation NN X O
and CC X O
it PRP X O
will MD X O
take VB X O
a DT X O
strong JJ X O
people NNS X B-Occupation
manager NN X I-Occupation
to TO X O
continue VB X O
down RP X O
this DT X O
path NN X O
. . X O
Must RB X O

be VB X O
able JJ X O
to TO X O
lead VB X B-Skill
a DT X I-Skill
small JJ X I-Skill
team NN X I-Skill
and CC X O
carry VB X B-Skill
out RP X I-Skill
coaching NN X I-Skill
, , X I-Skill
mentoring VBG X I-Skill
and CC X I-Skill
call VB X I-Skill
reviews NNS X I-Skill
etc FW X I-Skill
, , X O
so IN X O
some DT X O
leadership NN X B-Experience
experience NN X I-Experience
is VBZ X O
essential JJ X O
Utility NNP X B-Experience
industry NN X I-Experience
experience NN X I-Experience
commercial JJ X I-Experience
and CC X I-Experience
residential JJ X I-Experience
is VBZ X I-Experience
an DT X I-Experience
absolute NN X I-Experience
must MD X I-Experience
This DT X O
job NN X O
was VBD X O
originally RB X O
posted VBN X O
as IN X O
www NN X O
. . X O
totaljobs NN X O
. . X O
com NN X O
/ IN X O
JobSeeking VBG X O
/ JJ X O
CollectionsTeamLeader_job NNP X O
A DT X O

rare JJ X O
opportunity NN X O
has VBZ X O
become VBN X O
available JJ X O
in IN X O
Liverpool NNP X O
and CC X O
if IN X O
you PRP X O
would MD X O
love VB X O
to TO X O
know VB X O
more JJR X O
then RB X O
please VB X O
send VB X O
your PRP$ X O
CV NNP X O
please NN X O
send VB X O
your PRP$ X O
application NN X O
to TO X O
Jemmaappetite NNP X O
**** NNP X O
recruitment NN X B-Domain
. . X O
co NN X O
. . X O
uk NN X O
If IN X O

you PRP X O
are VBP X O
looking VBG X O
for IN X O
a DT X O
new JJ X O
challenge NN X O
, , X O
and CC X O
love VB X O
the DT X O
idea NN X O
of IN X O
running VBG X B-Skill
a DT X I-Skill
leading JJ X I-Skill
entertainment NN X I-Skill
venue NN X I-Skill
including VBG X O
studios NNS X O
, , X O
bars NNS X O
, , X O
and CC X O
a DT X O
cinema NN X O
within IN X O
an DT X O
arena NN X O
setting VBG X O
then RB X O
read VB X O
on IN X O
. . X O
This DT X O

is VBZ X O
a DT X O
superb JJ X O
opportunity NN X O
for IN X O
a DT X O
Drupal NNP X B-Occupation
developer NN X I-Occupation
who WP X O
will MD X O
have VB X O
the DT X O
following JJ X O
: : X O
Knowledge NNP X O
of IN X O
PHP NNP X B-Skill
, , X O
MySQL NNP X B-Skill
and CC X O
XHTML NNP X B-Skill
Understanding NNP X O
of IN X O
CMS NNP X B-Skill
, , X O
Javascript NNP X B-Skill
and CC X O
ideally RB X O
CodeIgniter NNP X B-Skill
Excellent NNP X O
time NN X B-Skill
and CC X O
project NN X B-Skill
management NN X I-Skill
skills NNS X I-Skill
Full NNP X B-Qualification

driving VBG X I-Qualification
licence NN X I-Qualification
Hours NNP X O
and CC X O
Holidays NNP X O
Monday NNP X O
to TO X O
Friday NNP X O
To TO X O

find VB X O
out RP X O
more JJR X O
contact JJ X O
Jake NNP X O
or CC X O
Carolyn NNP X O
at IN X O
Ambis NNP X O
, , X O
or CC X O
drop VB X O
us PRP X O
a DT X O
copy NN X O
of IN X O
your PRP$ X O
CV NNP X O
as RB X O
soon RB X O
as IN X O
possible JJ X O
As IN X O

a DT X O
manager NN X B-Occupation
you PRP X O
will MD X O
be VB X O
allowed VBN X O
to TO X O
develop VB X B-Skill
strategy NN X I-Skill
, , X I-Skill
lead VB X I-Skill
your PRP$ X I-Skill
team NN X I-Skill
to TO X I-Skill
success NN X I-Skill
and CC X I-Skill
enhance VB X I-Skill
your PRP$ X I-Skill
staff NN X I-Skill
s JJ X I-Skill
potential NN X I-Skill
and CC X I-Skill
career NN X I-Skill
prospects NNS X I-Skill
. . X O
You PRP X O

are VBP X O
required VBN X O
to TO X O
have VB X O
worked VBN X O
in IN X O
an DT X O
ASP NNP X B-Skill
. . X I-Skill
Net JJ X I-Skill
/ NN X O
C NNP X B-Skill
environment NN X O
for IN X O
2 CD X B-Experience
years NNS X I-Experience
or CC X I-Experience
more JJR X I-Experience
and CC X O
the DT X O
ideal JJ X O
candidate NN X O
will MD X O
be VB X O
seeking VBG X O
a DT X O
long JJ X O
term NN X O
role NN X O
with IN X O
a DT X O
leading VBG X O
and CC X O
awarding VBG X O
business NN X B-Domain
from IN X O
their PRP$ X O
offices NNS X O
located VBN X O
in IN X O
Derbyshire NNP X O
and CC X O
commutable JJ X O
from IN X O
most JJS X O
parts NNS X O
of IN X O
Nottinghamshire NNP X O
. . X O
There EX X O

is VBZ X O
additional JJ X O
chance NN X O
diversify VB X O
your PRP$ X O
career NN X O
in IN X O
to TO X O
broader VB X O
HR NNP X B-Domain
and CC X O
Reward NNP X B-Domain
consulting NN X I-Domain
. . X O
To TO X O

enable VB X O
this DT X O
increased VBN X O
development NN X O
capability NN X O
and CC X O
strengthen VB X O
the DT X O
division NN X O
s NN X O
engineering NN X O
team NN X O
to TO X O
deliver VB X O
an DT X O
expanded VBN X O
product NN X O
portfolio NN X O
, , X O
we PRP X O
are VBP X O
looking VBG X O
for IN X O
a DT X O
Principal NNP X B-Occupation
Graphics NNP X I-Occupation
Hardware NNP X I-Occupation
Engineer NNP X I-Occupation
to TO X O
join VB X O
the DT X O
Advanced NNP X B-Skill
Product NNP X I-Skill
Development NNP X I-Skill
APD NNP X I-Skill
The DT X O

post NN X O
is VBZ X O
subject JJ X O
to TO X O
an DT X O
Enhanced NNP X B-Qualification
Level NNP X I-Qualification
Check NNP X I-Qualification
with IN X I-Qualification
the DT X I-Qualification
Criminal NNP X I-Qualification
Records NNPS X I-Qualification
Bureau NNP X I-Qualification
. . X O
My PRP$ X O

client NN X O
, , X O
a DT X O
leading JJ X O
consultancy NN X B-Domain
are VBP X O
actively RB X O
seeking VBG X O
an DT X O
Application NNP X B-Domain
Support NNP X I-Domain
Analyst NNP X I-Domain
to TO X O
join VB X O
their PRP$ X O
existing VBG X O
team NN X O
. . X O
Further RB X O

more JJR X O
you PRP X O
will MD X O
have VB X O
another DT X O
resident JJ X O
optometrist NN X O
that WDT X O
will MD X O
be VB X O
on IN X O
hand NN X O
to TO X O
support VB X O
you PRP X O
with IN X O
your PRP$ X O
career NN X O
development NN X O
and CC X O
day NN X O
to TO X O
day NN X O
activities NNS X O
. . X O
Applicants NNS X O

must MD X O
have VB X O
a DT X O
structured JJ X B-Skill
way NN X I-Skill
of IN X I-Skill
thinking NN X I-Skill
and CC X O
a DT X O
good JJ X O
, , X O
organised JJ X B-Skill
, , X I-Skill
creative JJ X I-Skill
style NN X I-Skill
. . X O
12mths CD X B-Experience

minimum JJ X I-Experience
commercial JJ X B-Skill
iOS NN X I-Skill
development NN X I-Skill
Live NNP X O
within IN X O
close RB X O
proximity NN X O
to TO X O
Reading NNP X O
, , X O
Berkshire NNP X O
or CC X O
be VB X O
willing JJ X O
to TO X O
relocate VB X O
there RB X O
Objective NNP X B-Skill
C NNP X I-Skill
exposure NN X I-Skill
/ NNP X I-Skill
Experience NN X I-Skill
To TO X O

develop VB X B-Skill
proposals NNS X I-Skill
and CC X O
project NN X B-Skill
plans NNS X I-Skill
to TO X O
address VB X O
identified JJ X O
areas NNS X O
of IN X O
need NN X O
To TO X O
work VB X O
in IN X O
partnership NN X O
local JJ X O
people NNS X O
community NN X O
groups NNS X O
and CC X O
partner NN X O
organisations NNS X O
to TO X O
enable VB X O
the DT X O
delivery NN X B-Skill
of IN X I-Skill
community NN X I-Skill
based VBN X I-Skill
initiatives NNS X I-Skill
The DT X O

career NN X O
path NN X O
here RB X O
is VBZ X O
to TO X O
gradually RB X O
move VB X O
more RBR X O
over IN X O
to TO X O
Java NNP X B-Skill
until IN X O
you PRP X O
are VBP X O
eventually RB X O
working VBG X O
on IN X O
Java NNP X O
fulltime NN X O
. . X O
East NNP X O

Midlands NNP X O
Market NNP X O
leading VBG X O
organisation NN X O
and CC X O
household NN X O
brand NN X O
name NN X O
. . X O
We PRP X O

only RB X O
recruit VBD X O
the DT X O
best JJS X O
within IN X O
their PRP$ X O
field NN X O
Please NNP X O
send VB X O
through IN X O
your PRP$ X O
CV NNP X O
to TO X O
Please NNP X O

note NN X O
: : X O
All DT X O
calls NNS X O
are VBP X O
recorded VBN X O
for IN X O
training NN X O
, , X O
quality NN X O
and CC X O
business NN X O
purposes NNS X O
Applicants NNS X O

should MD X O
have VB X O
experience NN X B-Skill
in IN X I-Skill
working VBG X I-Skill
with IN X I-Skill
people NNS X I-Skill
in IN X O
a DT X O
care NN X B-Domain
setting NN X O
. . X O
The DT X O

aim NN X O
of IN X O
the DT X O
home NN X O
is VBZ X O
to TO X O
provide VB X B-Skill
efficient JJ X I-Skill
care NN X I-Skill
that WDT X O
does VBZ X O
not RB X B-Skill
impede VB X I-Skill
upon IN X I-Skill
residents NNS X I-Skill
' POS X I-Skill
chances NNS X I-Skill
of IN X I-Skill
building VBG X I-Skill
a DT X I-Skill
satisfying NN X I-Skill
daytoday NN X I-Skill
lifestyle NN X I-Skill
, , X O
in IN X O
a DT X O
calm NN X O
and CC X O
welcoming VBG X O
homely RB X O
atmosphere RB X O
. . X O
Considerable JJ X O

scope NN X O
for IN X O
career NN X O
progression NN X O
exists VBZ X O
within IN X O
the DT X O
organisation NN X O
. . X O
This DT X O

position NN X O
will MD X O
be VB X O
mainly RB X O
based VBN X O
in IN X O
north JJ X O
east NNS X O
but CC X O
on IN X O
occasions NNS X O
, , X O
there EX X O
is VBZ X O
a DT X O
requirement NN X B-Skill
to TO X I-Skill
travel VB X I-Skill
further JJ X I-Skill
afield NN X I-Skill
. . X O
To TO X O

apply VB X O
for IN X O
this DT X O
role NN X O
, , X O
please VB X O
forward RB X O
your PRP$ X O
CV NN X O
to TO X O
Simon NNP X O
de NNP X O
Fraine NNP X O
, , X O
This DT X O

role NN X O
is VBZ X O
to TO X O
start VB X O
as RB X O
soon RB X O
as IN X O
possible JJ X O
. . X O
The DT X O

refurbishment NN X B-Skill
of IN X I-Skill
laboratories NNS X I-Skill
and CC X O
new JJ X B-Skill
build NN X I-Skill
requirements NNS X I-Skill
of IN X O
the DT X O
Department NNP X O
requires VBZ X O
the DT X O
post NN X O
holder NN X O
to TO X O
design VB X B-Skill
, , X I-Skill
manage NN X I-Skill
and CC X I-Skill
deliver VB X I-Skill
on IN X I-Skill
time NN X I-Skill
and CC X O
to TO X O
budget NN X B-Skill
specialised VBN X I-Skill
scientific JJ X I-Skill
and CC X I-Skill
engineering NN X I-Skill
areas NNS X I-Skill
. . X O
There EX X O

are VBP X O
also RB X O
some DT X O
excellent JJ X O
benefits NNS X O
on IN X O
offer NN X O
including VBG X O
an DT X O
excellent JJ X O
bonus NN X O
scheme NN X O
and CC X O
flexible JJ X O
benefits NNS X O
options NNS X O
. . X O
Siemens NNS X O

S NNP X O
**** NNP X O
would MD X O
be VB X O
a DT X O
distinct JJ X O
advantage NN X O
along IN X O
with IN X O
a DT X O
mechanical JJ X B-Qualification
/ JJ X I-Qualification
electrical JJ X I-Qualification
engineering NN X I-Qualification
qualification NN X I-Qualification
or CC X O
equivalent NN X O
For IN X O
further JJ X O
information NN X O
, , X O
or CC X O
to TO X O
apply VB X O
, , X O
please VB X O
contact JJ X O
Joanne NNP X O
at IN X O
Intec NNP X O
Intec NNP X O
UK NNP X O
Ltd NNP X O
was VBD X O
established VBN X O
in IN X O
1980 CD X O
by IN X O
Engineers NNS X B-Occupation
for IN X O
Engineers NNS X B-Occupation
. . X O
200 CD X O

Cash NNP X O
referral JJ X O
bonus NNS X O
Free JJ X O
online JJ X O
training NN X O
Reimbursed VBD X O
CRB NNP X O
24 CD X O
hour NN X O
service NN X O
from IN X O
our PRP$ X O
friendly JJ X B-Skill
consultants NNS X B-Occupation
Assistance VBP X B-Skill
with IN X I-Skill
travel NN X I-Skill
and CC X I-Skill
accommodation JJ X I-Skill
Weekly NNP X O
pay NN X O
on IN X O
time NN X O
, , X O
every DT X O
time NN X O
Nationwide JJ X O
job NN X O
opportunities NNS X O
for IN X O
details NNS X O
please JJ X O
visit NN X O
; : X O
It PRP X O

was VBD X O
transformed VBN X O
from IN X O
a DT X O
loss NN X O
making NN X O
business NN X O
to TO X O
making VBG X O
profit NN X O
with IN X O
a DT X O
clear JJ X O
commercial JJ X O
strategy NN X O
and CC X O
has VBZ X O
built VBN X O
strong JJ X O
relationship NN X O
with IN X O
its PRP$ X O
customers NNS X O
through IN X O
its PRP$ X O
new JJ X O
energy NN X O
, , X O
style NN X O
and CC X O
commitment NN X O
to TO X O
partner NN X O
relationships NNS X O
. . X O
To TO X O

report VB X O
at IN X O
team JJ X O
meetings NNS X O
on IN X O
: : X B-Skill
Value NNP X I-Skill
of IN X I-Skill
accounts NNS X I-Skill
in IN X I-Skill
your PRP$ X I-Skill
territory NN X I-Skill
v NN X I-Skill
s NN X I-Skill
budget NN X I-Skill
/ NN X O
Status NNP X B-Skill
of IN X I-Skill
new JJ X I-Skill
opportunities NNS X I-Skill
/ VBP X O
leads NNS X B-Skill
in IN X I-Skill
your PRP$ X I-Skill
territory NN X I-Skill
/ JJ X I-Skill
Report NNP X I-Skill
on IN X I-Skill
account NN X I-Skill
issues NNS X I-Skill
and CC X I-Skill
how WRB X I-Skill
they PRP X I-Skill
were VBD X I-Skill
resolved VBN X I-Skill
Extensive JJ X O
knowledge NN X B-Skill
of IN X I-Skill
competitors NNS X I-Skill
and CC X I-Skill
their PRP$ X I-Skill
activities NNS X I-Skill
in IN X I-Skill
your PRP$ X I-Skill
territor NN X I-Skill
Work NN X I-Skill
in IN X I-Skill
conjunction NN X I-Skill
with IN X I-Skill
Service NNP X B-Occupation
Engineers NNPS X I-Occupation
and CC X O
Barista NNP X B-Occupation
Trainers NNP X I-Occupation
with IN X O
regard NN X B-Skill
to TO X I-Skill
current JJ X I-Skill
and CC X I-Skill
potential JJ X I-Skill
account NN X I-Skill
activities NNS X I-Skill
. . X O
Specific JJ X O

Responsibilities NNP X O
Growth NNP X O
of IN X O
Telesales NNP X B-Domain
Department NNP X O
Responsible NNP X O
for IN X O
the DT X O
growth NN X B-Skill
of IN X I-Skill
the DT X I-Skill
department NN X I-Skill
and CC X O
development NN X B-Skill
of IN X I-Skill
people NNS X I-Skill
to TO X O
ensure VB X O
Ideal NNP X O

candidates NNS X O
will MD X O
have VB X O
a DT X O
good JJ X O
understanding NN X B-Skill
of IN X I-Skill
Phase NNP X I-Skill
I PRP X I-Skill
trials NNS X I-Skill
, , X O
and CC X O
will MD X O
have VB X O
the DT X O
real JJ X O
desire NN X B-Skill
to TO X I-Skill
drive VB X I-Skill
this DT X I-Skill
company NN X I-Skill
forward RB X I-Skill
. . X O
ISEB NN X B-Qualification

required VBN X O
by IN X O
global JJ X O
IT NNP X O
testing VBG X O
skills NNS X O
Extensive JJ X B-Skill
knowledge NN X I-Skill
of IN X I-Skill
HP NNP X I-Skill
Quality NNP X I-Skill
Center NNP X I-Skill
to TO X O
manage VB X O
the DT X O
end NN X O
to TO X O
end VB X O
Test NNP X O
Life NNP X O
Cycle NNP X O
process NN X O
Proven NNP X O
Non NNP X O
Functional NNP X O
testing VBG X O
experience NN X O
Please NNP X O

apply VB X O
for IN X O
this DT X O
role NN X O
by IN X O
sending VBG X O
your PRP$ X O
CV NN X O
to TO X O
cfranceeclypserecruitment VB X O
. . X O
co NN X O
. . X O
uk JJ X O
or CC X O
calling VBG X O
Caroline NNP X O
on IN X O
As IN X O

a DT X O
Project NN X B-Occupation
Manager NNP X I-Occupation
you PRP X O
will MD X O
be VB X O
focused VBN X O
on IN X O
SW NNP X B-Domain
/ VBD X I-Domain
IT NNP X I-Domain
development NN X I-Domain
, , X O
but CC X O
will MD X O
also RB X O
provide VB X O
project NN X B-Skill
management NN X I-Skill
assistance NN X I-Skill
to TO X O
the DT X O
product NN X O
and CC X O
data NNS X O
teams NNS X O
as IN X O
they PRP X O
develop VBP X O
the DT X O
content NN X O
for IN X O
the DT X O
product NN X O
. . X O
The DT X O

staff NN X O
team NN X O
here RB X O
has VBZ X O
changed VBN X O
quite RB X O
a DT X O
bit NN X O
, , X O
although IN X O
it PRP X O
' '' X O
s NN X O
headed VBD X O
up RP X O
by IN X O
Beatrice NNP X O
Kirangu NNP X O
, , X O
who WP X O
has VBZ X O
worked VBN X O
at IN X O
Westminster NNP X O
Society NNP X O
for IN X O
years NNS X O
and CC X O
is VBZ X O
a DT X O
very RB X O
good JJ X O
and CC X O
experienced JJ X B-Skill
manager NN X B-Occupation
. . X O
Closing NN X O

date NN X O
for IN X O
applications NNS X O
: : X O
17 CD X O
February NNP X O
2013 CD X O
For IN X O
further JJ X O
information NN X O
and CC X O
to TO X O
submit VB X O
an DT X O
application NN X O
please NN X O
click NN X O
on IN X O
apply NN X O
now RB X O
. . X O
The DT X O

position NN X O
will MD X O
suit VB X O
an DT X O
enthusiastic JJ X B-Skill
individual NN X O
, , X O
who WP X O
can MD X O
demonstrate VB X O
excellent JJ X O
customer NN X B-Skill
service NN X I-Skill
and CC X O
IT NNP X B-Skill
skills NNS X O
and CC X O
is VBZ X O
good JJ X B-Skill
with IN X I-Skill
figures NNS X I-Skill
and CC X I-Skill
financial JJ X I-Skill
data NNS X I-Skill
. . X O
Experian JJ X O

QAS NNP X O
is VBZ X O
a DT X O
FTSE100 NNP X O
organisation NN X O
which WDT X O
was VBD X O
voted VBN X O
59th CD X O
in IN X O
the DT X O
Times NNP X O
Top NNP X O
100 CD X O
companies NNS X O
to TO X O
work VB X O
for IN X O
in IN X O
2010 CD X O
. . X O
A DT X O

vacancy NN X O
has VBZ X O
arisen VBN X O
for IN X O
a DT X O
Field NNP X B-Occupation
Service NNP X I-Occupation
/ NNP X I-Occupation
Workshop NNP X I-Occupation
Technician NNP X I-Occupation
based VBN X O
at IN X O
Abingdon NNP X O
. . X O
To TO X O

communicate VB X B-Skill
complex JJ X I-Skill
and CC X I-Skill
sensitive JJ X I-Skill
information NN X I-Skill
effectively RB X I-Skill
to TO X I-Skill
patients NNS X I-Skill
, , X I-Skill
families NNS X I-Skill
and CC X I-Skill
other JJ X I-Skill
staff NN X I-Skill
, , X O
overcoming VBG X B-Skill
any DT X I-Skill
barriers NNS X I-Skill
to TO X I-Skill
understanding JJ X I-Skill
and CC X O
providing VBG X B-Skill
support NN X I-Skill
during IN X I-Skill
distressing VBG X I-Skill
or CC X I-Skill
emotional JJ X I-Skill
events NNS X I-Skill
. . X O
: : X O

Reporting NN X O
to TO X O
the DT X O
General NNP X B-Occupation
Manager NNP X I-Occupation
, , X O
your PRP$ X O
role NN X O
will MD X O
be VB X O
to TO X O
assist VB X O
the DT X O
General NNP X B-Occupation
Manager NNP X I-Occupation
in IN X O
operating VBG X B-Skill
your PRP$ X I-Skill
venue NN X I-Skill
to TO X O
achieve VB X B-Skill
maximum JJ X I-Skill
sales NNS X I-Skill
and CC X I-Skill
profit NN X I-Skill
by IN X O
having VBG X O
motivated VBN X B-Skill
and CC X O
skilled VBN X B-Skill
staff NN X O
who WP X O
deliver VBZ X O
a DT X O
delightful JJ X O
customer NN X O
experience NN X O
. . X O
You PRP X O

will MD X O
be VB X O
required VBN X B-Skill
to TO X I-Skill
approach VB X I-Skill
people NNS X I-Skill
and CC X O
promote VB X B-Skill
our PRP$ X I-Skill
clients NNS X I-Skill
product NN X I-Skill
in IN X O
order NN X O
to TO X O
generate VB X B-Skill
sales NNS X I-Skill
leads NNS X I-Skill
and CC X I-Skill
appointments NNS X I-Skill
. . X O
You PRP X O

will MD X O
have VB X O
outstanding JJ X O
negotiation NN X B-Skill
skills NNS X O
and CC X O
have VBP X O
proof NN X O
of IN X O
managing VBG X B-Skill
and CC X I-Skill
maintaining VBG X I-Skill
strong JJ X I-Skill
business NN X I-Skill
relationships NNS X I-Skill
. . X O
Ensure NNP X B-Skill

the DT X I-Skill
magazine NN X I-Skill
is VBZ X I-Skill
passed VBN X I-Skill
for IN X I-Skill
printing VBG X I-Skill
on IN X I-Skill
schedule NN X I-Skill
. . X O
For IN X O

more JJR X O
information NN X O
please NN X O
contact NN X O
Dav NNP X O
Sehmi NNP X O
Hays NNP X O
Specialist NNP X O
Recruitment NNP X O
Limited NNP X O
acts VBZ X O
as IN X O
an DT X O
employment NN X B-Domain
agency NN X O
for IN X O
permanent JJ X B-Domain
recruitment NN X I-Domain
and CC X O
employment NN X B-Domain
business NN X I-Domain
for IN X O
the DT X O
supply NN X O
of IN X O
temporary JJ X B-Occupation
workers NNS X I-Occupation
. . X O
OpenGL NNP X B-Skill

, , X O
profiling NN X O
tools NNS X O
, , X O
memory NN X B-Skill
management NN X I-Skill
, , X O
graphic JJ X O
rich JJ X O
application NN X O
experience NN X O
, , X O
social JJ X O
media NNS X O
experience NN X O
Facebook NNP X B-Skill
SDK NNP X I-Skill
, , X O
Twitter NNP X B-Skill
integration NN X I-Skill
, , X O
Flurry NNP X B-Skill
Analytics NNP X I-Skill
, , X O
Google NNP X B-Skill
Maps NNP X I-Skill
, , X O
Augmented NNP X B-Skill
Reality NNP X I-Skill
, , X O
Push NNP X O
Notifications NNP X O
Production NN X O

of IN X O
high JJ X O
value NN X O
analysis NN X O
providing VBG X O
specific JJ X O
category NN X O
insight JJ X O
Spend NNP X O
, , X O
cost NN X O
saving NN X O
opportunities NNS X O
, , X O
external JJ X O
benchmarks NNS X O
etc FW X O
. . X O
We PRP X O

are VBP X O
looking VBG X O
for IN X O
a DT X O
hands NNS X B-Skill
on IN X I-Skill
development NN X B-Occupation
team NN X I-Occupation
lead NN X I-Occupation
/ NN X I-Occupation
manager NN X I-Occupation
to TO X O
build VB X B-Skill
and CC X I-Skill
lead VB X I-Skill
a DT X I-Skill
team NN X I-Skill
within IN X I-Skill
structured JJ X I-Skill
products NNS X I-Skill
. . X O
If IN X O

your PRP$ X O
experience NN X O
matches NNS X O
please VBP X O
forward RB X O
your PRP$ X O
CV NNP X O
immediately RB X O
. . X O
Summary NNP X O

Provide NNP X B-Skill
OHS NNP X I-Skill
advice NN X I-Skill
and CC X I-Skill
guidance NN X I-Skill
to TO X I-Skill
Factory NNP X I-Skill
Management NNP X I-Skill
Implement NNP X I-Skill
To TO X O

undertake VB X O
the DT X O
duties NNS X B-Skill
of IN X I-Skill
formal JJ X I-Skill
assessment NN X I-Skill
and CC X I-Skill
accreditation NN X I-Skill
, , X O
including VBG X O
preparation NN X B-Skill
of IN X I-Skill
assignments NNS X I-Skill
and CC X I-Skill
marking NN X I-Skill
, , X O
and CC X O
to TO X O
accredit VB X O
prior RB X O
learning VBG X O
ensuring VBG X O
that IN X O
students NNS X O
are VBP X O
treated VBN X O
consistently RB X O
and CC X O
in IN X O
accordance NN X O
with IN X O
college NN X B-Skill
policies NNS X I-Skill
. . X O
so RB X O

you PRP X O
will MD X O
ideally RB X O
have VB X O
a DT X O
PhD NNP X B-Qualification
or CC X O
a DT X O
Masters NNP X B-Qualification
degree NN X I-Qualification
. . X O
Further JJ X O

company NN X O
growth NN X O
has VBZ X O
lead VBN X O
to TO X O
the DT X O
need NN X O
to TO X O
hire VB X O
a DT X O
jnr NN X O
mid NN X O
level NN X O
developer NN X B-Occupation
to TO X O
join VB X O
their PRP$ X O
London NNP X O
based VBN X O
team NN X O
. . X O
Develop NNP X B-Skill

, , X I-Skill
proactively RB X I-Skill
manage NN X I-Skill
and CC X I-Skill
optimize VB X I-Skill
ProductMarket NNP X I-Skill
Combinations NNP X I-Skill
, , X O
including VBG X O
assortment NN X B-Skill
and CC X I-Skill
competitor NN X I-Skill
analysis NN X I-Skill
, , X O
customer NN X B-Skill
research NN X I-Skill
, , X O
strategy NN X B-Skill
development NN X I-Skill
, , X O
sales NNS X B-Skill
forecasting NN X I-Skill
, , X O
catalogue NN X B-Skill
and CC X I-Skill
brochure NN X I-Skill
development NN X I-Skill
, , X O
promotion NN X B-Skill
planning NN X I-Skill
and CC X I-Skill
execution NN X I-Skill
. . X O
For IN X O

more JJR X O
information NN X O
or CC X O
to TO X O
apply VB X O
please VB X O
call JJ X O
Lydia NNP X O
Robinson NNP X O
on IN X O
They PRP X O

have VBP X O
won VBN X O
numerous JJ X O
awards NNS X O
and CC X O
work NN X O
with IN X O
a DT X O
established VBN X O
client NN X O
list NN X O
of IN X O
high JJ X O
end NN X O
brands NNS X O
and CC X O
household NN X O
names NNS X O
. . X O
van NN X B-Domain

Hamptons NNP X I-Domain
International NNP X I-Domain
are VBP X O
looking VBG X O
for IN X O
a DT X O
new JJ X O
shop NN X O
fitting NN X O
and CC X O
refurbishment NN X B-Occupation
team NN X I-Occupation
to TO X O
work VB X O
on IN X O
both DT X O
new JJ X O
and CC X O
existing VBG X O
offices NNS X O
in IN X O
the DT X O
South NNP X O
and CC X O
West NNP X O
. . X O
Exciting VBG X O

opportunity NN X O
working VBG X O
for IN X O
one CD X O
of IN X O
the DT X O
UK NNP X O
s VBZ X O
most RBS X O
vibrant JJ X O
branded VBD X O
theme JJ X O
bar NN X B-Domain
and CC X I-Domain
restaurants NNS X I-Domain
who WP X O
are VBP X O
currently RB X O
looking VBG X O
for IN X O
an DT X O
Assistant NNP X B-Occupation
Manager NNP X I-Occupation
to TO X O
assist VB X B-Skill
the DT X I-Skill
management NN X I-Skill
of IN X I-Skill
this DT X I-Skill
exciting JJ X I-Skill
concept NN X I-Skill
. . X O
mikebalectorecritment NN X O

. . X O
com NN X O
or CC X O
call VB X O
[ JJ X O
blocked VBN X O
] NN X O
in IN X O
strict JJ X O
confidence NN X O
for IN X O
further JJ X O
information NN X O
. . X O
Roles NNP X O

our PRP$ X O
sector NN X O
based VBN X O
teams NNS X O
recruit VBP X B-Skill
for IN X I-Skill
include JJ X I-Skill
sales NNS X I-Skill
executive NN X I-Skill
jobs NNS X I-Skill
, , X I-Skill
area NN X I-Skill
sales NNS X I-Skill
manager NN X I-Skill
jobs NNS X I-Skill
, , X I-Skill
sales NNS X I-Skill
engineer VBP X I-Skill
jobs NNS X I-Skill
, , X I-Skill
national JJ X I-Skill
account NN X I-Skill
manager NN X I-Skill
jobs NNS X I-Skill
, , X I-Skill
business NN X I-Skill
development NN X I-Skill
manager NN X I-Skill
jobs NNS X I-Skill
, , X I-Skill
sales NNS X I-Skill
representative VBP X I-Skill
jobs NNS X I-Skill
and CC X I-Skill
field NN X I-Skill
sales NNS X I-Skill
jobs NNS X I-Skill
. . X O
Equally RB X O

, , X O
if IN X O
there EX X O
are VBP X O
any DT X O
companies NNS X O
that WDT X O
you PRP X O
do VBP X O
not RB X O
wish VB X O
your PRP$ X O
CV NNP X O
to TO X O
be VB X O
sent VBN X O
to TO X O
for IN X O
whatever WDT X O
reason NN X O
, , X O
then RB X O
please VB X O
let VB X O
us PRP X O
know VB X O
of IN X O
this DT X O
when WRB X O
you PRP X O
apply VBP X O
. . X O
Participate VB X O

in IN X O
interpretation NN X O
of IN X O
customer NN X B-Skill
and CC X I-Skill
internal JJ X I-Skill
product NN X I-Skill
development NN X I-Skill
requirements NNS X I-Skill
Actively RB X O
follow VBP X O
current JJ X O
software NN X B-Skill
development NN X I-Skill
trends NNS X O
and CC X O
disseminate VB X B-Skill
good JJ X I-Skill
practice NN X I-Skill
to TO X O
team VB X O
Gather NNP X B-Skill
requirements NNS X I-Skill
directly RB X O
with IN X O
internal JJ X O
teams NNS X O
and CC X O
customers NNS X O
Justine NNP X O

Lloyd NNP X O
Deerfoot NNP X O
IT NNP X O
is VBZ X O
acting VBG X O
as IN X O
a DT X O
recruitment NN X O
agency NN X O
for IN X O
this DT X O
position NN X O
. . X O
This DT X O

role NN X O
will MD X O
appeal VB X O
to TO X O
a DT X O
good JJ X O
communicator NN X B-Skill
, , X O
able JJ X O
to TO X O
plan VB X B-Skill
and CC X I-Skill
prioritise VB X I-Skill
their PRP$ X I-Skill
own JJ X I-Skill
work NN X I-Skill
without IN X I-Skill
direct JJ X I-Skill
supervision NN X I-Skill
. . X O
Coaching NN X B-Skill

, , X O
Development NNP X B-Skill
, , X O
Talent NNP X B-Skill
Spotting NNP X I-Skill
Driving VBG X O
the DT X O
store NN X O
team NN X O
to TO X O
deliver VB X B-Skill
sales NNS X I-Skill
targets NNS X I-Skill
and CC X I-Skill
profit NN X I-Skill
growth NN X I-Skill
Utilising VBG X O
market NN X O
knowledge NN X O
to TO X O
make VB X B-Skill
informed JJ X I-Skill
commercial JJ X I-Skill
decisions NNS X I-Skill
considering VBG X O
industry NN X B-Domain
, , X O
local JJ X B-Domain
market NN X I-Domain
and CC X O
the DT X O
changing VBG X O
needs NNS X O
of IN X O
our PRP$ X O
customers NNS X O
Leading VBG X B-Skill
from IN X I-Skill
the DT X I-Skill
front NN X I-Skill
when WRB X O
the DT X O
pressure NN X O
is VBZ X O
on IN X O
Safe JJ X B-Skill
guarding VBG X I-Skill
the DT X I-Skill
business NN X I-Skill
brand NN X I-Skill
and CC X I-Skill
business NN X I-Skill
reputation NN X I-Skill
A DT X O

fantastic JJ X O
opportunity NN X O
has VBZ X O
arisen VBN X O
for IN X O
a DT X O
graphic JJ X B-Occupation
and CC X I-Occupation
web JJ X I-Occupation
designer NN X I-Occupation
to TO X O
join VB X O
the DT X O
award NN X O
winning VBG X O
UCL NNP X O
Medical NNP X B-Domain
Illustration NNP X I-Domain
Services NNP X O
, , X O
based VBN X O
within IN X O
Great NNP X O
Ormond NNP X O
Street NNP X O
Hospital NNP X O
. . X O
to TO X O

**** VB X O
per IN X O
annum NN X O
pro FW X O
rata NN X O
, , X O
inclusive NN X O
of IN X O
London NNP X O
Allowance NNP X O
. . X O
Based VBN X O

from IN X O
their PRP$ X O
central JJ X O
offices NNS X O
, , X O
as IN X O
a DT X O
graduate NN X B-Occupation
sales NNS X I-Occupation
executive NN X I-Occupation
you PRP X O
will MD X O
be VB X O
responsible JJ X O
for IN X O
promoting VBG X B-Skill
the DT X I-Skill
companies NNS X I-Skill
range VBP X I-Skill
of IN X I-Skill
educational JJ X I-Skill
services NNS X I-Skill
into IN X O
HR NNP X B-Domain
departments NNS X I-Domain
, , X O
recruitment JJ X B-Domain
teams NNS X I-Domain
, , X O
and CC X O
directors NNS X B-Occupation
along IN X O
large JJ X B-Domain
corporate JJ X I-Domain
organisations NNS X I-Domain
. . X O
PCT NNP X B-Skill

Performers NNP X I-Skill
List NNP X I-Skill
inclusion NN X I-Skill
is VBZ X O
also RB X O
a DT X O
necessity NN X O
, , X O
and CC X O
have VBP X O
previous JJ X O
experience NN X O
of IN X O
working VBG X B-Skill
as IN X I-Skill
a DT X I-Skill
GP NNP X I-Skill
. . X O
You PRP X O

will MD X O
be VB X O
offered VBN X O
a DT X O
strong JJ X O
and CC X O
supportive JJ X O
structure NN X O
by IN X O
the DT X O
school NN X O
. . X O
Applicants NNS X O

will MD X O
be VB X O
required VBN X O
to TO X O
demonstrate VB X O
a DT X O
developing VBG X O
profile NN X O
of IN X O
international JJ X O
excellence NN X O
in IN X O
research NN X B-Skill
and CC X O
publications NNS X B-Domain
along IN X O
with IN X O
potential JJ X B-Skill
for IN X I-Skill
attracting VBG X I-Skill
research NN X I-Skill
funding NN X I-Skill
. . X O
Will MD X O

have VB X O
experience NN X B-Skill
of IN X I-Skill
assisting VBG X I-Skill
in IN X I-Skill
the DT X I-Skill
preparation NN X I-Skill
of IN X I-Skill
budgets NNS X I-Skill
and CC X O
of IN X O
analysing VBG X B-Skill
and CC X I-Skill
commenting VBG X I-Skill
on IN X I-Skill
variances NNS X I-Skill
between IN X I-Skill
actual JJ X I-Skill
and CC X I-Skill
budgeted JJ X I-Skill
expenditure NN X I-Skill
. . X O
It PRP X O

is VBZ X O
essential JJ X O
that IN X O
all DT X O
candidates NNS X O
have VBP X O
first JJ X O
class NN X O
communication NN X B-Skill
skills NNS X I-Skill
both DT X O
written VBN X B-Skill
and CC X O
verbal JJ X B-Skill
. . X O
Join NNP X O

Bromford NNP X O
Group NNP X O
and CC X O
help NN X O
to TO X O
make VB X O
a DT X O
difference NN X O
every DT X O
day NN X O
. . X O
**** RB X O

Allied NNP X O
Health NNP X O
Professionals NNP X O
with IN X O
a DT X O
good JJ X O
track NN X O
record NN X O
of IN X O
working VBG X B-Skill
in IN X I-Skill
the DT X I-Skill
NHS NNP X I-Skill
, , X I-Skill
Military NNP X I-Skill
and CC X I-Skill
Private NNP X I-Skill
Sector NNP X I-Skill
PLEASE NNP X O
CONTACT NNP X O
US NNP X O
with IN X O
your PRP$ X O
availability NN X O
CRG NNP X O
are VBP X O
a DT X O
GPS NNP X O
, , X O
LPP NNP X O
, , X O
HTE NNP X O
approved VBD X O
supplier JJR X O
to TO X O
the DT X O
NHS NNP X O
. . X O
Employment JJ X O

law NN X O
issues NNS X O
and CC X O
H NNP X O
. . X O
R NNP X O
. . X O
best JJS X O
practice NN X O
; : X B-Skill
Interviewing NNP X I-Skill
skills NNS X I-Skill
in IN X O
line NN X O
with IN X O
recruitment NN X O
and CC X O
retention NN X O
strategies NNS X O
; : X O
Compensation NNP X O
and CC X O
benefits NNS X O
management NN X O
; : X O
Training NNP X B-Skill
design NN X I-Skill
and CC X I-Skill
delivery NN X I-Skill
. . X O
Role NNP X O

You PRP X O
will MD X O
be VB X O
working VBG X O
on IN X O
a DT X O
locum NN X O
desk NN X O
recruiting VBG X B-Skill
qualified VBD X I-Skill
medical JJ X I-Skill
professionals NNS X I-Skill
into IN X O
the DT X O
both DT X O
the DT X O
NHS NNP X B-Domain
and CC X O
private JJ X B-Domain
sector NN X I-Domain
. . X O
This DT X O

position NN X O
is VBZ X O
subject JJ X O
to TO X O
satisfactory JJ X O
references NNS X O
and CC X O
a DT X O
CRB NNP X B-Qualification
Enhanced NNP X I-Qualification
disclosure NN X I-Qualification
check NN X I-Qualification
. . X O
AJ NNP X O

Chambers NNS X O
are VBP X O
currently RB X O
seeking VBG X O
a DT X O
Senior NNP X O
Audit NNP X B-Occupation
Manager NNP X I-Occupation
individuals NNS X O
for IN X O
a DT X O
leading JJ X O
accountancy NN X B-Domain
practice NN X O
based VBN X O
in IN X O
East NNP X O
London NNP X O
. . X O
when WRB X O

involved VBN X O
, , X O
and CC X O
work NN X O
in IN X O
accordance NN X O
with IN X O
internal JJ X B-Skill
procedures NNS X I-Skill
, , X O
GMP NNP X B-Skill
. . X O
Ensure NNP X B-Skill

agreed VBD X I-Skill
inspection NN X I-Skill
strategies NNS X I-Skill
, , X I-Skill
procedures NNS X I-Skill
, , X I-Skill
standards NNS X I-Skill
and CC X I-Skill
plans NNS X I-Skill
are VBP X I-Skill
implemented VBN X I-Skill
and CC X I-Skill
completed VBN X I-Skill
by IN X I-Skill
Offshore NNP X I-Skill
Personnel NNP X I-Skill
. . X O
You PRP X O

are VBP X O
welcome JJ X O
to TO X O
pick VB X O
& CC X O
choose VB X O
what WP X O
hours NNS X O
are VBP X O
suitable JJ X O
for IN X O
you PRP X O
. . X O
This DT X O

success NN X O
is VBZ X O
attributed VBN X O
to TO X O
their PRP$ X O
professional JJ X O
, , X O
driven VBN X O
but CC X O
most JJS X O
importantly RB X O
passionate JJ X O
General NNP X O
Manager NNP X O
team NN X O
one CD X O
of IN X O
the DT X O
best JJS X O
known VBN X O
, , X O
best RB X O
respected VBN X O
teams NNS X O
anywhere RB X O
in IN X O
the DT X O
industry NN X O
. . X O
An DT X O

excellent JJ X O
opportunity NN X O
has VBZ X O
arisen VBN X O
for IN X O
a DT X O
Marketing NNP X B-Occupation
Communications NNP X I-Occupation
professional NN X I-Occupation
to TO X O
join VB X O
the DT X O
existing VBG X O
team NN X O
and CC X O
support NN X B-Skill
and CC X I-Skill
coordinate NN X I-Skill
global JJ X I-Skill
MarComms NNP X I-Skill
programmes NNS X I-Skill
and CC X I-Skill
campaigns NNS X I-Skill
for IN X O
the DT X O
Oxford NNP X O
Instruments NNP X O
Industrial NNP X O
Analysis NNP X O
product NN X O
range NN X O
. . X O
Must RB X O

be VB X O
able JJ X O
to TO X O
communicate VB X B-Skill
at IN X I-Skill
all DT X I-Skill
levels NNS X I-Skill
The DT X O

firm NN X O
, , X O
partners NNS X O
and CC X O
senior JJ X O
managers NNS X O
are VBP X O
looking VBG X O
for IN X O
a DT X O
qualified JJ X O
audit NN X O
and CC X O
accounts NNS X O
senior JJ X O
with IN X O
demonstrable JJ X O
experience NN X O
of IN X O
leading VBG X B-Skill
small JJ X O
, , X O
medium NN X O
or CC X O
large JJ X O
audits NNS X O
and CC X O
providing VBG X O
support NN X O
to TO X O
junior JJ X O
staff NN X O
**** NNS X O

Undertake VBP X O
all DT X O
work NN X O
activities NNS X O
consistent JJ X O
with IN X O
: : X O
Relevant JJ X O
legislation NN X O
and CC X O
corporate JJ X O
activities NNS X O
Network NNP X O
Rail NNP X O
and CC X O
HRSS NNP X O
You PRP X O

must MD X O
have VB X O
outstanding JJ X O
communication NN X B-Skill
skills NNS X O
, , X O
excellent JJ X O
time NN X B-Skill
management NN X I-Skill
skills NNS X O
and CC X O
flexibility NN X B-Skill
towards NNS X I-Skill
working VBG X I-Skill
hours NNS X I-Skill
. . X O
Looking VBG X O

for IN X O
a DT X O
Financial NNP X B-Occupation
Planner NNP X I-Occupation
to TO X O
join VB X O
the DT X O
Wealth NNP X O
Management NNP X O
team NN X O
to TO X O
work VB X O
in IN X O
their PRP$ X O
fee NN X O
based VBN X O
planning NN X B-Domain
environment NN X O
. . X O
Ideal NNP X O

living JJ X O
locations NNS X O
include VBP X O
; : X O
Guildford NNP X O
, , X O
Basingstoke NNP X O
, , X O
Reading NNP X O
, , X O
Aldersot NNP X O
, , X O
Camberley NNP X O
, , X O
Farnborough NNP X O
, , X O
Wokingham NNP X O
, , X O
Bracknell NNP X O
, , X O
Farnham NNP X O
, , X O
Godalming NNP X O
. . X O
The DT X O

Technician JJ X B-Occupation
Assessor NNP X I-Occupation
is VBZ X O
responsible JJ X O
to TO X O
the DT X O
Head NNP X B-Occupation
of IN X I-Occupation
Department NNP X I-Occupation
for IN X O
providing VBG X O
high JJ X O
quality NN X O
practical JJ X B-Skill
assessments NNS X I-Skill
, , X O
production NN X B-Skill
learning NN X I-Skill
environments NNS X I-Skill
and CC X O
technical JJ X B-Skill
support NN X I-Skill
to TO X O
staff NN X O
and CC X O
students NNS X O
within IN X O
Media NNP X B-Skill
and CC X I-Skill
Creative NNP X I-Skill
Technologies NNPS X I-Skill
to TO X O
enable VB X O
the DT X O
College NNP X O
to TO X O
meet VB X O
the DT X O
above JJ X O
broad JJ X O
objectives NNS X O
. . X O
embedded VBN X B-Skill

Linux NNP X I-Skill
based VBN X I-Skill
software NN X I-Skill
and CC X O
have VBP X O
very RB X O
strong JJ X O
C NNP X B-Skill
skills NNS X O
. . X O
Working VBG X B-Skill

with IN X I-Skill
, , X I-Skill
and CC X I-Skill
driving NN X I-Skill
, , X I-Skill
the DT X I-Skill
Design NNP X I-Skill
team NN X I-Skill
to TO X O
develop VB X B-Skill
products NNS X I-Skill
that WDT X I-Skill
are VBP X I-Skill
commercial JJ X I-Skill
and CC X I-Skill
profitable JJ X I-Skill
for IN X I-Skill
the DT X I-Skill
customer NN X I-Skill
base NN X I-Skill
. . X O
24 CD X O

hour NN X O
, , X O
email NN X O
Or CC X O
visit VB X O
our PRP$ X O
website NN X O
If IN X O
not RB X O
informed VBN X O
within IN X O
3 CD X O
weeks NNS X O
of IN X O
the DT X O
closing NN X O
date NN X O
, , X O
candidates NNS X O
must MD X O
assume VB X O
they PRP X O
have VBP X O
not RB X O
been VBN X O
shortlisted VBN X O
for IN X O
interview NN X O
and CC X O
will MD X O
therefore VB X O
not RB X O
be VB X O
notified VBN X O
in IN X O
writing NN X O
. . X O
Inclusive NNP X B-Skill

of IN X I-Skill
idea NN X I-Skill
generation NN X I-Skill
, , X O
concept NN X B-Skill
design NN X I-Skill
, , X O
detail NN X B-Skill
designs NNS X I-Skill
, , X O
prototyping VBG X B-Skill
and CC X O
testing VBG X B-Skill
. . X O
The DT X O

primary JJ X O
role NN X O
will MD X O
focus VB X O
on IN X O
supporting VBG X O
the DT X O
management NN X B-Skill
of IN X I-Skill
client NN X I-Skill
assignments NNS X I-Skill
: : X O
One CD X O
project NN X O
at IN X O
a DT X O
time NN X O
as IN X O
a DT X O
junior JJ X B-Occupation
manager NN X I-Occupation
or CC X O
manager NN X B-Occupation
as IN X O
a DT X O
senior JJ X B-Occupation
manager NN X I-Occupation
typically RB X O
two CD X O
smaller JJR X O
assignments NNS X O
or CC X O
one CD X O
large JJ X O
, , X O
more RBR X O
complex JJ X O
one CD X O
Fully NNP X O
responsible JJ X O
for IN X O
successful JJ X O
execution NN X B-Skill
of IN X I-Skill
the DT X I-Skill
project NN X I-Skill
Acting NNP X O
as IN X O
the DT X O
senior JJ X B-Skill
daytoday JJ X I-Skill
face NN X I-Skill
of IN X O
Oliver NNP X O
Wyman NNP X O
to TO X O
the DT X O
client NN X O
to TO X O
build VB X B-Skill
and CC X I-Skill
broaden VB X I-Skill
relationships NNS X I-Skill
Using VBG X O
Partners NNPS X O
and CC X O
the DT X O
internal JJ X O
network NN X O
effectively RB X O
to TO X O
provide VB X B-Skill
technical JJ X I-Skill
and CC X I-Skill
seniorlevel JJ X I-Skill
steer NN X I-Skill
to TO X O
projects NNS X O
Managing VBG X B-Skill
the DT X I-Skill
team NN X I-Skill
and CC X O
the DT X O
broader JJR X O
client NN X O
team NN X O
to TO X O
complete VB X O
project NN X B-Skill
deliverables NNS X I-Skill
to TO X O
high JJ X O
standard NN X O
Coaching NNP X O
Oliver NNP X O
Wyman NNP X O
and CC X O
client NN X O
team NN X O
members NNS X O
to TO X O
develop VB X O
their PRP$ X O
skills NNS X O
Your PRP$ X O

role NN X O
within IN X O
the DT X O
company NN X O
will MD X O
include VB X O
: : X O
Reviewing VBG X B-Skill
Business NNP X I-Skill
Plans NNPS X I-Skill
Drafting NNP X I-Skill
documents NNS X I-Skill
, , X I-Skill
letters NNS X I-Skill
and CC X I-Skill
contracts NNS X I-Skill
tailored VBN X I-Skill
to TO X I-Skill
the DT X I-Skill
individual JJ X I-Skill
needs NNS X I-Skill
of IN X I-Skill
the DT X I-Skill
clients NNS X I-Skill
Negotiating VBG X I-Skill
with IN X I-Skill
professionals NNS X I-Skill
and CC X I-Skill
clients NNS X I-Skill
to TO X I-Skill
secure VB X I-Skill
agreed JJ X I-Skill
objectives NNS X I-Skill
Supervising VBG X I-Skill
the DT X I-Skill
implementation NN X I-Skill
of IN X I-Skill
agreements NNS X I-Skill
and CC X I-Skill
contracts NNS X I-Skill
Acting VBG X I-Skill
on IN X I-Skill
behalf NN X I-Skill
of IN X I-Skill
the DT X I-Skill
company NN X I-Skill
in IN X I-Skill
disputes NNS X I-Skill
and CC X I-Skill
representing VBG X I-Skill
them PRP X I-Skill
in IN X I-Skill
court NN X I-Skill
if IN X I-Skill
necessary JJ X I-Skill
Preparing NNP X I-Skill
papers NNS X I-Skill
for IN X I-Skill
court NN X I-Skill
Supervising NNP X I-Skill
and CC X I-Skill
delegating VBG X I-Skill
work NN X I-Skill
to TO X I-Skill
the DT X I-Skill
in IN X I-Skill
house NN X I-Skill
paralegal NN X I-Skill
Checking VBG X I-Skill
all DT X I-Skill
documentation NN X I-Skill
and CC X I-Skill
terms NNS X I-Skill
prior VBP X I-Skill
to TO X I-Skill
signing NN X I-Skill
and CC X I-Skill
implementing VBG X I-Skill
Basic NNP X O
administrative JJ X B-Skill
duties NNS X I-Skill
Keeping VBG X I-Skill
up RP X I-Skill
to TO X I-Skill
date NN X I-Skill
with IN X I-Skill
changes NNS X I-Skill
and CC X I-Skill
developments NNS X I-Skill
in IN X I-Skill
the DT X I-Skill
law NN X I-Skill
and CC X I-Skill
legislation NN X I-Skill
y NN X I-Skill
reading NN X I-Skill
journals NNS X I-Skill
and CC X I-Skill
law NN X I-Skill
reports NNS X I-Skill
Please NNP X O
apply VB X O
today NN X O
for IN X O
an DT X O
immediate JJ X O
interview NN X O
. . X O
Excellent JJ X O

communication NN X B-Skill
skills NNS X I-Skill
is VBZ X O
a DT X O
must MD X O
, , X O
with IN X O
accreditation NN X O
under IN X O
the DT X O
OISC NNP X B-Qualification
accreditation NN X I-Qualification
at IN X O
level NN X O
2 CD X O
is VBZ X O
preferred VBN X O
but CC X O
not RB X O
essential JJ X O
. . X O
Identify NNP X B-Skill

and CC X I-Skill
communicate VB X I-Skill
any DT X I-Skill
plant NN X I-Skill
improvements NNS X I-Skill
that WDT X I-Skill
could MD X I-Skill
have VB X I-Skill
a DT X I-Skill
positive JJ X I-Skill
impact NN X I-Skill
on IN X I-Skill
plant NN X I-Skill
performance NN X I-Skill
, , X I-Skill
safety NN X I-Skill
and CC X I-Skill
availability NN X I-Skill
. . X O
AppV NNP X B-Skill

sequencing VBG X I-Skill
/ NNP X O
OSD NNP X B-Skill
scripting VBG X I-Skill
MSI NNP X I-Skill
/ NNP X I-Skill
MST NNP X I-Skill
packaging NN X I-Skill
and CC X O
ICE NNP X B-Skill
validation NN X I-Skill
Please NNP X O

note NN X O
, , X O
only RB X O
suitable JJ X O
applicants NNS X O
will MD X O
be VB X O
contacted VBN X O
and CC X O
incomplete JJ X O
CVs NNP X O
will MD X O
not RB X O
be VB X O
considered VBN X O
. . X O
Working VBG X B-Skill

in IN X I-Skill
partnership NN X I-Skill
with IN X O
other JJ X O
regional JJ X O
business NN X B-Occupation
managers NNS X I-Occupation
and CC X O
wider VBP X O
commercial JJ X O
teams NNS X O
, , X O
you PRP X O
will MD X O
achieve VB X B-Skill
an DT X I-Skill
effective JJ X I-Skill
and CC X I-Skill
cohesive JJ X I-Skill
approach NN X I-Skill
to TO X I-Skill
service VB X I-Skill
delivery NN X I-Skill
and CC X I-Skill
regional JJ X I-Skill
and CC X I-Skill
national JJ X I-Skill
development NN X I-Skill
. . X O
Candidates NNS X O

with IN X O
mechanical JJ X B-Skill
engineering NN X I-Skill
/ NN X I-Skill
fitting JJ X I-Skill
experience NN X O
would MD X O
be VB X O
at IN X O
an DT X O
advantage NN X O
. . X O
For IN X O

more JJR X O
information NN X O
or CC X O
to TO X O
apply VB X O
for IN X O
the DT X O
role NN X O
please NN X O
call VB X O
Lydia NNP X O
Robinson NNP X O
on IN X O
N NNP X O
/ NNP X O
A NNP X O
and CC X O
email VB X O
your PRP$ X O
CV NNP X O
to TO X O
lydia VB X O
. . X O
robinson NN X O
N NNP X O
/ VBZ X O
A NNP X O
. . X O
uk NN X O
Highly NNP X O

soughtafter NN X O
award NN X O
winning VBG X O
digital JJ X B-Domain
agency NN X O
seeks VBZ X O
a DT X O
strategic JJ X O
Planning NNP X B-Occupation
Director NNP X I-Occupation
to TO X O
confidently RB X O
streamline VB X B-Skill
the DT X I-Skill
agency NN X I-Skill
s JJ X O
offering NN X O
and CC X O
ensure VB X B-Skill
repeat NN X I-Skill
client NN X I-Skill
business NN X I-Skill
. . X O
Please NNP X O

keep VB X O
checking VBG X O
the DT X O
Manpower NNP X O
website NN X O
for IN X O
our PRP$ X O
latest JJS X O
vacancies NNS X O
. . X O
Introduction NN X O

A DT X O
leading JJ X O
oil NN X B-Domain
and CC X I-Domain
gas NN X I-Domain
engineering NN X I-Domain
company NN X O
currently RB X O
requires VBZ X O
a DT X O
Principal NNP X B-Occupation
Special NNP X I-Occupation
Equipment NNP X I-Occupation
Engineer NNP X I-Occupation
to TO X O
join VB X O
its PRP$ X O
Reading NNP X O
office NN X O
. . X O
The DT X O

Princess NNP X O
Alice NNP X O
is VBZ X O
special JJ X O
because IN X O
This DT X O
is VBZ X O
a DT X O
South NNP X O
East NNP X O
London NNP X O
pub NN X O
in IN X O
Thamesmead NNP X O
near IN X O
to TO X O
a DT X O
large JJ X O
housing NN X O
estate NN X B-Domain
and CC X O
the DT X O
local JJ X O
areas NNS X O
of IN X O
Woolwich NNP X O
and CC X O
Greenwich NNP X O
. . X O
The DT X O

ideal JJ X O
candidate NN X O
will MD X O
have VB X O
experience NN X B-Skill
of IN X I-Skill
working VBG X I-Skill
within IN X I-Skill
Nursing NNP X I-Skill
/ NNP X I-Skill
Residential NNP X I-Skill
homes NNS X I-Skill
caring VBG X I-Skill
for IN X I-Skill
elderly JJ X I-Skill
clients NNS X I-Skill
or CC X I-Skill
clients NNS X I-Skill
with IN X I-Skill
Learning NNP X I-Skill
Disabilities NNPS X I-Skill
or CC X I-Skill
Mental NNP X I-Skill
Health NNP X I-Skill
issues NNS X I-Skill
. . X O
You PRP X O

will MD X O
be VB X O
fiercely RB X O
passionate JJ X B-Skill
about IN X I-Skill
restaurants NNS X I-Skill
, , X I-Skill
food NN X I-Skill
and CC X I-Skill
service NN X I-Skill
; : X O
a DT X O
good JJ X O
team NN X B-Skill
leader NN X I-Skill
; : X O
a DT X O
nurturer NN X B-Skill
; : X O
commercially RB X B-Skill
minded VBD X I-Skill
and CC X O
able JJ X O
to TO X O
look VB X B-Skill
after IN X I-Skill
a DT X I-Skill
business NN X I-Skill
as IN X I-Skill
if IN X I-Skill
its PRP$ X I-Skill
your PRP$ X I-Skill
own JJ X I-Skill
. . X O
Must RB X O

be VB X O
well RB X O
presented VBN X O
Ability NNP X B-Skill
to TO X I-Skill
communicate VB X I-Skill
effectively RB X I-Skill
at IN X O
all DT X O
levels NNS X O
Ability NNP X B-Skill
to TO X I-Skill
handle VB X I-Skill
and CC X I-Skill
diffuse VB X I-Skill
difficult JJ X I-Skill
situations NNS X I-Skill
Must NNP X O
have VBP X O
an DT X O
active JJ X O
NMC NNP X O
Pin NNP X O
Number NNP X O
Must NNP X O
be VB X O
able JJ X O
to TO X O
complete VB X O
an DT X O
enhanced JJ X O
CRB NNP X O
check NN X O
Salary NNP X O
: : X O
Responsibilities NNS X O

will MD X O
include VB X O
, , X O
working VBG X O
on IN X O
an DT X O
ongoing JJ X O
cycle NN X O
maintaining VBG X O
grounds NNS X O
on IN X O
various JJ X O
schemes NNS X O
. . X O
**** JJ X O

Branches NNP X O
around IN X O
the DT X O
UK NNP X O
and CC X O
Ireland NNP X O
from IN X O
where WRB X O
they PRP X O
control VBD X O
more JJR X O
than IN X O
You PRP X O

will MD X O
be VB X O
working VBG X O
on IN X O
producing VBG X B-Skill
usercentred JJ X I-Skill
, , X I-Skill
responsive JJ X I-Skill
designs NNS X I-Skill
. . X O
well RB X O

there EX X O
s VBZ X O
no DT X O
catch NN X O
really RB X O
, , X O
except IN X O
there EX X O
are VBP X O
some DT X O
strict JJ X O
criteria NNS X O
and CC X O
you PRP X O
must MD X O
meet VB X O
ALL NNP X O
of IN X O
them PRP X O
to TO X O
be VB X O
eligible JJ X O
for IN X O
the DT X O
role NN X O
like IN X O
the DT X O
AS NNP X O
The DT X O

Role NNP X O
: : X O
Working VBG X O
as IN X O
part NN X O
of IN X O
a DT X O
team NN X O
the DT X O
postholder NN X B-Occupation
will MD X O
need VB X O
to TO X O
communicate VB X B-Skill
with IN X I-Skill
colleagues NNS X I-Skill
of IN X I-Skill
differing VBG X I-Skill
abilities NNS X I-Skill
sharing VBG X O
their PRP$ X O
experience NN X O
and CC X O
knowledge NN X O
to TO X O
provide VB X O
a DT X O
high JJ X O
level NN X O
of IN X O
service NN X O
delivery NN X O
. . X O
Essential JJ X O

experience NN X O
: : X O
General JJ X O
experience NN X B-Skill
in IN X I-Skill
HR NNP X I-Skill
, , X I-Skill
gained VBD X I-Skill
within IN X I-Skill
Financial NNP X I-Skill
Services NNPS X I-Skill
preferably RB X O
Investment NNP X B-Skill
Banking NNP X I-Skill
; : X O
Generalist NNP X B-Skill
/ NNP X I-Skill
Business NNP X I-Skill
Partner NNP X I-Skill
experience NN X I-Skill
. . X O
So RB X O

for IN X O
an DT X O
initial JJ X O
confidential JJ X O
discussion NN X O
please NN X O
call VB X O
Neil NNP X O
Trestrail NNP X O
at IN X O
Judicial NNP X O
Review NNP X O
Legal NNP X O
Recruitment NNP X O
or CC X O
send VBP X O
through IN X O
your PRP$ X O
CV NNP X O
to TO X O
Neil NNP X O
at IN X O
judicial JJ X O
review NN X O
. . X O
The DT X O

position NN X O
is VBZ X O
on IN X O
the DT X O
SharePoint NNP X O
Services NNPS X O
development NN X O
team NN X O
which WDT X O
is VBZ X O
responsible JJ X O
for IN X O
the DT X O
planning NN X B-Skill
, , X O
strategy NN X B-Skill
, , X O
development NN X B-Skill
and CC X O
support NN X B-Skill
of IN X O
internal JJ X O
SharePoint NNP X O
services NNS X O
. . X O
Sales NNS X B-Occupation

Representative NNP X I-Occupation
Relationship NNP X I-Occupation
Manager NNP X I-Occupation
Credit NNP X B-Skill
and CC X I-Skill
debit VB X I-Skill
card JJ X I-Skill
payment NN X I-Skill
processing NN X I-Skill
solutions NNS X I-Skill
Basic NNP X O
Salary NNP X O
Reporting VBG X O

to TO X O
the DT X O
Procurement NNP X B-Occupation
Manager NNP X I-Occupation
and CC X O
as IN X O
part NN X O
of IN X O
the DT X O
Purchasing NNP X O
Team NNP X O
, , X O
your PRP$ X O
duties NNS X O
will MD X O
include VB X O
, , X O
but CC X O
will MD X O
not RB X O
be VB X O
limited VBN X O
to TO X O
: : X O
To TO X O
purchase VB X B-Skill
in IN X I-Skill
line NN X I-Skill
with IN X I-Skill
MRP NNP X I-Skill
driven JJ X I-Skill
demand NN X I-Skill
To TO X O
perform VB X O
analysis NN X B-Skill
from IN X I-Skill
the DT X I-Skill
MRP NNP X I-Skill
demand NN X I-Skill
and CC X O
place NN X B-Skill
orders NNS X I-Skill
in IN X I-Skill
line NN X I-Skill
with IN X I-Skill
demand NN X I-Skill
and CC X I-Skill
time NN X I-Skill
horizons NNS X I-Skill
Responsible JJ X O
for IN X O
supporting VBG X B-Skill
NPI NNP X I-Skill
Sourcing NNP X I-Skill
of IN X I-Skill
new JJ X I-Skill
suppliers NNS X I-Skill
and CC X I-Skill
components NNS X I-Skill
Database NNP X I-Skill
Maintenance NNP X I-Skill
of IN X O
supplier NN X B-Skill
pricing NN X I-Skill
and CC X O
standard JJ X B-Skill
cost NN X I-Skill
Skills NNP X O
and CC X O
Experiences NNS X O
Ideally RB X O

your PRP$ X O
experience NN X O
will MD X O
be VB X O
within IN X O
the DT X O
telecoms NNS X B-Domain
sector NN X O
but CC X O
experience NN X O
of IN X O
working VBG X O
within IN X O
a DT X O
similar JJ X O
subscription NN X B-Domain
based VBN X I-Domain
business NN X I-Domain
dealing VBG X O
with IN X O
large JJ X O
customer NN X O
bases NNS X O
is VBZ X O
equally RB X O
as IN X O
relevant NN X O
. . X O
You PRP X O

must MD X O
also RB X O
be VB X O
able JJ X O
to TO X O
show VB X O
a DT X O
proven JJ X O
track NN X O
record NN X O
of IN X O
completing VBG X B-Skill
projects NNS X I-Skill
On IN X I-Skill
Time NNP X I-Skill
and CC X I-Skill
within IN X I-Skill
the DT X I-Skill
Set NNP X I-Skill
Budget NNP X I-Skill
. . X O
My PRP$ X O

Client JJ X O
School NNP X O
just RB X O
outside IN X O
of IN X O
central JJ X O
Stockport NNP X O
, , X O
is VBZ X O
looking VBG X O
to TO X O
appoint VB X O
an DT X O
English JJ X B-Occupation
NQT NN X I-Occupation
from IN X O
September NNP X O
2013 CD X O
on IN X O
a DT X O
permanent JJ X O
contract NN X O
. . X O
**** JJ X O

depending VBG X O
on IN X O
experience NN X O
Holiday NNP X O
Benefit NNP X O
Save NNP X O
as IN X O
You PRP X O
Earn VBP X O
Customer JJR X O
Introduction NNP X O
Reward NNP X O
Purchase NNP X O
, , X O
Service NNP X O
and CC X O
Parts NNP X O
discount NN X O
Employee NNP X O
Advantages NNP X O
Scheme NNP X O
Childcare NNP X O
Voucher NNP X O
Scheme NNP X O
Cycle NNP X O
to TO X O
Work VB X O
Scheme NNP X O
Retirement NNP X O
Plan NNP X O
BENHOW NNP X O
TO NNP X O
APPLY NNP X O
: : X O
Please NNP X O
note VBP X O
that IN X O
in IN X O
accordance NN X O
with IN X O
Hot NNP X O
Recruitment NNP X O
Consultants NNPS X O
recruitment NN X O
and CC X O
consultancy NN X O
processes NNS X O
, , X O
if IN X O
you PRP X O
are VBP X O
shortlisted VBN X O
your PRP$ X O
CV NN X O
may MD X O
be VB X O
sent VBN X O
to TO X O
the DT X O
Hiring NNP X O
Manager NNP X O
at IN X O
our PRP$ X O
Clients NNS X O
?? VB X O
We PRP X O

require VBP X O
motivated JJ X B-Skill
candidates NNS X O
to TO X O
work VB X B-Skill
in IN X I-Skill
a DT X I-Skill
high JJ X I-Skill
volume NN X I-Skill
very RB X I-Skill
high JJ X I-Skill
quality NN X I-Skill
manufacturing NN X I-Skill
environment NN X I-Skill
, , X O
Will NNP X O
be VB X O
assembling VBG X B-Skill
automotive JJ X I-Skill
components NNS X I-Skill
working VBG X I-Skill
to TO X I-Skill
standard JJ X I-Skill
work NN X I-Skill
instructions NNS X I-Skill
, , X O
and CC X O
will MD X O
need VB X O
the DT X O
ability NN X O
to TO X O
be VB X O
able JJ X O
to TO X O
read VB X B-Skill
and CC X I-Skill
; : X I-Skill
follow VB X I-Skill
written VBN X I-Skill
instructions NNS X I-Skill
and CC X O
; : X O
have VBP X O
an DT X B-Skill
eye NN X I-Skill
for IN X I-Skill
detail NN X I-Skill
. . X O
Candidate NNP X O

must MD X O
be VB X O
a DT X O
good JJ X O
team NN X B-Skill
player NN X I-Skill
with IN X O
an DT X O
open JJ X B-Skill
door NN X I-Skill
approach NN X I-Skill
to TO X I-Skill
management NN X I-Skill
. . X O
Whilst NNP X O

direct JJ X O
sales NNS X O
experience NN X O
is VBZ X O
not RB X O
essential JJ X O
the DT X O
ability NN X O
to TO X O
prove VB X O
that IN X O
you PRP X O
have VBP X O
what WP X O
it PRP X O
takes VBZ X O
to TO X O
make VB X O
those DT X O
sales NNS X O
is VBZ X O
Salary JJ X O
: : X O
There EX X O

is VBZ X O
potential JJ X O
scope NN X O
for IN X O
further JJ X O
progression NN X O
within IN X O
the DT X O
management NN X B-Skill
function NN X I-Skill
of IN X I-Skill
the DT X I-Skill
Team NNP X I-Skill
, , X O
however RB X O
NQTs NNP X B-Qualification
are VBP X O
welcome JJ X O
to TO X O
apply VB X O
As IN X O
the DT X O
successful JJ X O
Maths NNP X B-Occupation
Teacher NNP X I-Occupation
you PRP X O
will MD X O
need VB X O
: : X O
To TO X O
be VB X O
of IN X O
NQT NNP X B-Qualification
Collect NNP X B-Skill

and CC X I-Skill
return NN X I-Skill
patients NNS X I-Skill
from IN X I-Skill
and CC X I-Skill
to TO X I-Skill
the DT X I-Skill
wards NNS X I-Skill
safely RB X I-Skill
. . X O
who WP X O

use VBP X O
the DT X O
Surestart NNP X O
Children NNP X O
s NN X O
Centre NNP X O
Services NNPS X O
To TO X O
make VB X B-Skill
contact NN X I-Skill
with IN X I-Skill
all DT X I-Skill
families NNS X I-Skill
and CC X I-Skill
communities NNS X I-Skill
in IN X I-Skill
the DT X I-Skill
local JJ X I-Skill
area NN X I-Skill
To TO X O
support VB X B-Skill
children NNS X I-Skill
s VB X I-Skill
learning NN X I-Skill
and CC X I-Skill
development NN X I-Skill
, , X O
working VBG X B-Skill
in IN X I-Skill
partnership NN X I-Skill
with IN X I-Skill
other JJ X I-Skill
professionals NNS X I-Skill
and CC X I-Skill
members NNS X I-Skill
of IN X I-Skill
local JJ X I-Skill
voluntary JJ X I-Skill
and CC X I-Skill
community NN X I-Skill
groups NNS X I-Skill
. . X O
You PRP X O

will MD X O
be VB X O
delivering VBG X O
projects NNS X O
from IN X O
on IN X O
and CC X O
offline JJ X O
branding NN X B-Domain
, , X O
advertising NN X B-Domain
, , X O
retail JJ X B-Domain
and CC X O
fully RB X O
integrated JJ X O
marketing NN X B-Domain
campaigns NNS X O
. . X O
Providing VBG X B-Skill

technical JJ X I-Skill
support NN X I-Skill
and CC X I-Skill
issue NN X I-Skill
resolution NN X I-Skill
which WDT X O
may MD X O
be VB X O
onsite JJ X O
Assist NNP X B-Skill
with IN X I-Skill
new JJ X I-Skill
product NN X I-Skill
development NN X I-Skill
, , X O
including VBG X O
building NN X B-Skill
and CC X I-Skill
testing NN X I-Skill
of IN X I-Skill
new JJ X I-Skill
products NNS X I-Skill
and CC X I-Skill
software NN X I-Skill
Provide NNP X I-Skill
technical JJ X I-Skill
leadership NN X I-Skill
to TO X I-Skill
the DT X I-Skill
Electrical NNP X I-Skill
Engineering NNP X I-Skill
team NN X I-Skill
Work NN X I-Skill
within IN X I-Skill
company NN X I-Skill
quality NN X I-Skill
and CC X I-Skill
safety NN X I-Skill
procedures NNS X I-Skill
Datacentre NNP X O

and CC X O
IT NNP X O
facilities NNS X O
Provide NNP X O
specialised VBD X O
consultancy NN X O
to TO X O
other JJ X O
areas NNS X O
of IN X O
the DT X O
business NN X O
on IN X O
UNIX NNP X O
related JJ X O
technologies NNS X O
Conditions NNS X O

of IN X O
employment NN X O
are VBP X O
excellent JJ X O
with IN X O
generous JJ X O
pension NN X O
contributions NNS X O
, , X O
holiday JJ X O
entitlement NN X O
and CC X O
training NN X O
opportunities NNS X O
. . X O
Manage VB X B-Skill

the DT X I-Skill
CTR NNP X I-Skill
Cost NNP X O
, , X O
Time NNP X O
& CC X O
Resource NNP X O
process NN X O
, , X O
and CC X O
assist VB X B-Skill
in IN X I-Skill
budget NN X I-Skill
preparation NN X I-Skill
, , X O
annual JJ X B-Skill
revenue NN X I-Skill
forecasts NNS X I-Skill
and CC X O
monthly JJ X B-Skill
updates NNS X I-Skill
. . X O
Quality NNP X B-Occupation

Engineer NNP X I-Occupation
Responsibilities NNP X O
Carry NNP X B-Skill
out RP X I-Skill
investigations NNS X I-Skill
using VBG X O
Quality NNP X B-Skill
tools NNS X I-Skill
such JJ X O
as IN X O
The DT X O

Chemistry NNP X B-Occupation
teaching NN X I-Occupation
role NN X O
is VBZ X O
available JJ X O
on IN X O
an DT X O
interim JJ X O
basis NN X O
covering VBG X O
sickness NN X O
. . X O
Healthcare NNP X O

A NNP X O
specialist NN X O
Healthcare NNP X O
company NN X O
are VBP X O
currently RB X O
recruiting VBG X O
a DT X O
Quality NNP X B-Occupation
Assurance NNP X I-Occupation
Supervisor NNP X I-Occupation
to TO X O
join VB X O
their PRP$ X O
hugely RB X O
successful JJ X O
Quality NNP X O
Assurance NNP X O
QA NNP X O
Team NNP X O
at IN X O
their PRP$ X O
site NN X O
in IN X O
South NNP X O
West NNP X O
London NNP X O
, , X O
England NNP X O
. . X O
Most JJS X O

importantly RB X O
you PRP X O
will MD X O
be VB X O
a DT X O
100 CD X O
% NN X O
New NNP X O
Business NNP X O
Animal NNP X O
and CC X O
thrive JJ X O
on IN X O
exceeding VBG X B-Skill
targets NNS X I-Skill
be VB X I-Skill
looking VBG X I-Skill
to TO X I-Skill
prove VB X I-Skill
a DT X I-Skill
point NN X I-Skill
. . X O
The DT X O

successful JJ X O
candidate NN X O
will MD X O
also RB X O
gain VB X O
exposure NN X O
to TO X O
and CC X O
experience VB X O
with IN X O
new JJ X O
technologies NNS X O
being VBG X O
rolled VBN X O
out RP X O
later RBR X O
this DT X O
year NN X O
. . X O
To TO X O

apply VB X O
please JJ X O
email VB X O
your PRP$ X O
CV NNP X O
asap NN X O
to TO X O
Nikki NNP X O
Nunez NNP X O
. . X O
You PRP X O

will MD X O
attend VB X O
a DT X O
full JJ X O
on IN X O
site NN X O
induction NN X O
and CC X O
will MD X O
then RB X O
progress VB X O
through IN X O
the DT X O
company NN X O
training NN X B-Domain
programme NN X O
which WDT X O
allows VBZ X O
you PRP X O
to TO X O
progress VB X O
at IN X O
your PRP$ X O
own JJ X O
speed NN X O
, , X O
You PRP X O
will MD X O
have VB X O
the DT X O
opportunity NN X O
to TO X O
progress VB X O
through IN X O
the DT X O
pay NN X O
scale NN X O
as IN X O
you PRP X O
are VBP X O
signed VBN X O
off RP X O
on IN X O
quality NN X O
standards NNS X O
and CC X O
areas NNS X O
of IN X O
work NN X O
. . X O
Project NNP X B-Skill

Management NNP X I-Skill
skills NNS X O
and CC X O
able JJ X O
to TO X O
work VB X B-Skill
directly RB X I-Skill
with IN X I-Skill
customers NNS X I-Skill
too RB X O
. . X O
Understand IN X O

the DT X O
regulatory JJ X B-Skill
, , X O
financial JJ X B-Skill
and CC X O
risk NN X B-Skill
contexts NN X I-Skill
in IN X O
which WDT X O
financial JJ X O
advisors NNS X O
operate VBP X O
and CC X O
have VBP X O
experience NN X O
of IN X O
personally RB X O
complying VBG X B-Skill
with IN X I-Skill
relevant JJ X I-Skill
regulation NN X I-Skill
and CC X I-Skill
quality NN X I-Skill
measures NNS X I-Skill
. . X O
The DT X O

software NN X B-Domain
is VBZ X O
used VBN X O
to TO X O
collect VB X O
, , X O
analyse NN X O
and CC X O
present JJ X O
complex JJ X O
social JJ X O
media NNS X O
, , X O
marketing NN X B-Domain
and CC X O
advertising NN X O
data NNS X O
. . X O
Job NNP X O

descriptions NNS X O
cannot VBP X O
be VB X O
exhaustive JJ X O
and CC X O
the DT X O
postholder NN X O
may MD X O
be VB X O
required VBN X O
to TO X O
undertake VB X O
other JJ X O
duties NNS X O
, , X O
which WDT X O
are VBP X O
broadly RB X O
in IN X O
line NN X O
with IN X O
the DT X O
above JJ X O
key NN X O
responsibilities NNS X O
. . X O
Our PRP$ X O

client NN X O
is VBZ X O
a DT X O
high JJ X B-Skill
quality NN X I-Skill
and CC X I-Skill
well RB X I-Skill
respected VBN X I-Skill
managing VBG X I-Skill
agent NN X I-Skill
in IN X O
the DT X O
London NNP X O
market NN X O
and CC X O
due JJ X O
to TO X O
growth NN X O
they PRP X O
are VBP X O
looking VBG X O
to TO X O
add VB X O
a DT X B-Qualification
Senior NNP X I-Qualification
Block NNP X B-Occupation
Manager NNP X I-Occupation
to TO X O
their PRP$ X O
team NN X O
. . X O
The DT X O

role NN X O
of IN X O
Duty NNP X B-Occupation
Manager NNP X I-Occupation
is VBZ X O
a DT X O
handson NN X B-Skill
, , X O
proactive JJ X B-Skill
and CC X O
customer NN X B-Skill
facing NN X I-Skill
position NN X O
that WDT X O
will MD X O
need VB X O
the DT X O
highest JJS X O
levels NNS X O
of IN X O
service NN X B-Skill
, , X O
organisation NN X B-Skill
and CC X O
leadership NN X B-Skill
for IN X O
you PRP X O
to TO X O
succeed VB X O
. . X O
The DT X O

Graphic NNP X B-Occupation
Designer NNP X I-Occupation
needs VBZ X O
to TO X O
have VB X O
high JJ X B-Skill
levels NNS X I-Skill
of IN X I-Skill
accuracy NN X I-Skill
and CC X O
the DT X O
ability NN X B-Skill
to TO X I-Skill
work VB X I-Skill
to TO X I-Skill
the DT X I-Skill
tight JJ X I-Skill
deadlines NNS X I-Skill
required VBN X O
in IN X O
the DT X O
fast JJ X O
moving NN X O
business NN X O
. . X O
You PRP X O

will MD X O
be VB X O
trained VBN X O
in IN X O
all DT X O
areas NNS X O
of IN X O
the DT X O
business NN X O
and CC X O
will MD X O
be VB X O
expected VBN X O
to TO X O
book NN X B-Skill
meetings NNS X I-Skill
and CC X I-Skill
webinars NNS X I-Skill
whilst VBP X O
continually RB X B-Skill
looking VBG X I-Skill
for IN X I-Skill
new JJ X I-Skill
opportunities NNS X I-Skill
Take VB X O

projects NNS X B-Skill
and CC X I-Skill
updates NNS X I-Skill
through IN X I-Skill
from IN X I-Skill
conception NN X I-Skill
to TO X I-Skill
development NN X I-Skill
, , X O
testing VBG X B-Skill
, , X O
release NN X B-Skill
, , X O
support NN X B-Skill
and CC X O
then RB X O
post VB X B-Skill
release NN X I-Skill
Create NNP X I-Skill
and CC X I-Skill
maintain VB X I-Skill
records NNS X I-Skill
and CC X I-Skill
reports NNS X I-Skill
as IN X O
required VBN X O
to TO X O
support VB X O
project NN X B-Skill
work NN X I-Skill
Work NNP X O
within IN X O
a DT X O
team NN X O
to TO X O
develop VB X O
further JJ X O
with IN X O
respect NN X O
to TO X O
We PRP X O

re VBP X O
seriously RB X O
successful JJ X O
and CC X O
plan NN X O
to TO X O
continue VB X O
our PRP$ X O
development NN X O
by IN X O
opening VBG X O
new JJ X O
stores NNS X O
as RB X O
well RB X O
as IN X O
improving VBG X O
and CC X O
refurbishing VBG X O
existing VBG X O
ones NNS X O
. . X O
A DT X O

team NN X B-Skill
player NN X I-Skill
, , X O
with IN X O
a DT X O
positive JJ X B-Skill
attitude NN X I-Skill
Able NNP X O
to TO X O
combine VB X B-Skill
theoretical JJ X I-Skill
knowledge NN X I-Skill
and CC X I-Skill
practical JJ X I-Skill
skills NNS X I-Skill
Must NNP X O

have VBP X O
a DT X O
proven JJ X O
ability NN X O
in IN X O
diagnostic JJ X B-Skill
fault NN X I-Skill
finding VBG X I-Skill
under IN X I-Skill
pressure NN X I-Skill
of IN X I-Skill
production NN X I-Skill
. . X O
our PRP$ X O

website JJ X O
Applications NNPS X O
must MD X O
be VB X O
returned VBN X O
by IN X O
: : X O
21 CD X O
February NNP X O
2013 CD X O
Interview NNP X O
Date NNP X O
: : X O
07 CD X O
March NNP X O
2013 CD X O
Please NNP X O
be VB X O
aware JJ X O
that IN X O
further JJ X O
communication NN X O
will MD X O
be VB X O
via IN X O
email NN X O
Teaching VBG X B-Occupation

Assistant NNP X I-Occupation
A NNP X O
lovely RB X O
SEN NNP X O
school NN X O
requires VBZ X O
a DT X O
teaching NN X B-Occupation
assistant NN X I-Occupation
with IN X O
an DT X O
NVQ NNP X B-Qualification
level NN X I-Qualification
3 CD X I-Qualification
in IN X I-Qualification
childcare NN X I-Qualification
or CC X I-Qualification
equivalent NN X I-Qualification
for IN X O
an DT X O
ongoing JJ X O
position NN X O
. . X O
This DT X O

role NN X O
is VBZ X O
to TO X O
start VB X O
ASAP NNP X O
and CC X O
will MD X O
pay VB X O
up RP X O
to TO X O
**** NN X O

programmes NNS X B-Skill
for IN X I-Skill
the DT X I-Skill
disruptive JJ X I-Skill
possessions NNS X I-Skill
and CC X O
present NN X O
to TO X O
Network NNP X B-Skill
Rail NNP X I-Skill
as IN X O
part NN X O
of IN X O
the DT X O
QSRA NNP X B-Skill
process NN X O
. . X O
Primary NNP X B-Domain

care NN X I-Domain
services NNS X I-Domain
are VBP X O
also RB X O
provided VBN X O
at IN X O
the DT X O
Royal NNP X O
Edinburgh NNP X O
Hospital NNP X O
, , X O
the DT X O
Eastern NNP X O
General NNP X O
, , X O
Liberton NNP X O
and CC X O
the DT X O
Royal NNP X O
Victoria NNP X O
Hospital NNP X O
. . X O
The DT X O

overall JJ X O
remit NN X O
of IN X O
the DT X O
Senior NNP X B-Occupation
Designer NNP X I-Occupation
role NN X O
is VBZ X O
to TO X O
create VB X O
bespoke JJ X B-Skill
initiatives NNS X I-Skill
across IN X I-Skill
a DT X I-Skill
variety NN X I-Skill
of IN X I-Skill
platforms NNS X I-Skill
including VBG X O
promotions NNS X B-Skill
in IN X I-Skill
the DT X I-Skill
magazine NN X I-Skill
, , X I-Skill
wallpaper NN X I-Skill
. . X I-Skill
com NN X I-Skill
, , X I-Skill
client NN X I-Skill
partner NN X I-Skill
events NNS X I-Skill
, , X I-Skill
films NNS X I-Skill
, , X I-Skill
supplements NNS X I-Skill
and CC X I-Skill
special JJ X I-Skill
publishing NN X I-Skill
projects NNS X I-Skill
. . X O
To TO X O

attend VB X B-Skill
group NN X I-Skill
meetings NNS X I-Skill
, , X I-Skill
project JJ X I-Skill
meetings NNS X I-Skill
, , X I-Skill
relevant JJ X I-Skill
workshops NNS X I-Skill
and CC X I-Skill
conferences NNS X I-Skill
as IN X I-Skill
necessary JJ X I-Skill
. . X O
Agincare NN X O

was VBD X O
established VBN X O
in IN X O
1993 CD X O
and CC X O
is VBZ X O
one CD X O
of IN X O
the DT X O
fastest JJS X O
growing VBG X O
independent JJ X O
care NN X O
providers NNS X O
, , X O
with IN X O
over IN X O
To TO X O

contribute VB X O
to TO X O
the DT X O
smooth JJ X B-Skill
running NN X I-Skill
of IN X I-Skill
the DT X I-Skill
College NNP X I-Skill
by IN X O
undertaking VBG X O
other JJ X O
duties NNS X O
as IN X O
required VBN X O
to TO X O
support VB X O
the DT X O
Management NNP X B-Domain
of IN X O
the DT X O
College NNP X O
. . X O
ActionScript NNP X B-Skill

/ NNP X I-Skill
MXML NNP X I-Skill
or CC X O
other JJ X O
client NN X B-Skill
development NN X I-Skill
to TO X O
a DT X O
high JJ X O
standard NN X O
**** NN X O

basic JJ X O
salary NN X O
, , X O
with IN X O
a DT X O
1st CD X O
year NN X O
on IN X O
target NN X O
earnings NNS X O
of IN X O
Please NNP X O

go VB X O
to TO X O
URL NNP X O
removed VBD X O
to TO X O
register VB X O
your PRP$ X O
interest NN X O
for IN X O
similar JJ X O
positions NNS X O
. . X O
although IN X O

relatively RB X O
new JJ X O
it PRP X O
is VBZ X O
fast JJ X O
gaining VBG X O
an DT X O
excellent JJ X O
reputation NN X O
in IN X O
the DT X O
local JJ X O
area NN X O
. . X O
To TO X O

drive VB X O
the DT X O
new JJ X O
business NN X O
sales NNS X B-Domain
and CC X O
up RB X O
selling VBG X B-Skill
within IN X O
key JJ X O
independent JJ X O
and CC X O
High JJ X O
street NN X O
/ NNP X O
Department NNP X O
store NN X O
accounts NNS X O
. . X O
The DT X O

opportunities NNS X O
for IN X O
career NN X O
progression NN X O
are VBP X O
vast JJ X O
and CC X O
employees NNS X O
will MD X O
be VB X O
given VBN X O
relevant JJ X O
training NN X O
and CC X O
support NN X O
to TO X O
achieve VB X O
these DT X O
aspirations NNS X O
. . X O
Applicants NNS X O

who WP X O
would MD X O
like VB X O
to TO X O
receive VB X O
this DT X O
advert NN X O
in IN X O
an DT X O
alternative JJ X O
format NN X O
Leading VBG X O

development NN X B-Skill
of IN X I-Skill
Plastic NNP X I-Skill
parts NNS X I-Skill
and CC X I-Skill
Brackets NNS X I-Skill
to TO X O
support VB X B-Skill
the DT X I-Skill
harness NN X I-Skill
layout NN X I-Skill
. . X O
To TO X B-Skill

comply VB X I-Skill
with IN X I-Skill
relevant JJ X I-Skill
College NNP X I-Skill
policies NNS X I-Skill
, , X I-Skill
including VBG X I-Skill
Financial JJ X I-Skill
Regulations NNPS X I-Skill
, , X I-Skill
Equal JJ X I-Skill
Opportunities NNPS X I-Skill
Policy NNP X I-Skill
, , X I-Skill
Promoting VBG X I-Skill
Race NNP X I-Skill
Equality NNP X I-Skill
Policy NNP X I-Skill
, , X I-Skill
Health NNP X I-Skill
and CC X I-Skill
Safety NNP X I-Skill
Policy NNP X I-Skill
, , X I-Skill
Information NNP X I-Skill
Systems NNP X I-Skill
Security NNP X I-Skill
Policy NNP X I-Skill
and CC X I-Skill
Intellectual NNP X I-Skill
Property NNP X I-Skill
Rights NNP X I-Skill
and CC X I-Skill
Register NNP X I-Skill
of IN X I-Skill
Interests NNP X I-Skill
Policies NNP X I-Skill
. . X O
You PRP X O

should MD X O
hold VB X O
a DT X O
driving JJ X B-Qualification
licence NN X I-Qualification
, , X O
full JJ X O
training NN X B-Domain
will MD X O
be VB X O
given VBN X O
to TO X O
the DT X O
successful JJ X O
candidate NN X O
. . X O
The DT X O

salary JJ X O
and CC X O
remuneration NN X O
package NN X O
would MD X O
be VB X O
extremely RB X O
competitive JJ X O
and CC X O
career NN X O
prospects NNS X O
are VBP X O
excellent JJ X O
. . X O
Our PRP$ X O

client NN X O
A DT X O
leading VBG X O
HVAC NNP X B-Domain
company NN X I-Domain
specialising VBG X O
in IN X O
the DT X O
installation NN X B-Skill
, , X I-Skill
service NN X I-Skill
and CC X I-Skill
maintenance NN X I-Skill
of IN X I-Skill
refrigeration NN X I-Skill
, , X I-Skill
air NN X I-Skill
conditioning NN X I-Skill
, , X I-Skill
heating NN X I-Skill
and CC X I-Skill
ventilation NN X I-Skill
systems NNS X I-Skill
UK NNP X O
wide JJ X O
, , X O
due JJ X O
to TO X O
expansion NN X O
of IN X O
the DT X O
company NN X O
they PRP X O
are VBP X O
looking VBG X O
to TO X O
bring VB X O
on IN X O
board NN X O
a DT X O
Service NNP X B-Occupation
Manager NNP X I-Occupation
to TO X O
head VB X O
up RP X O
a DT X O
busy JJ X O
service NN X O
department NN X O
in IN X O
the DT X O
West NNP X O
Midlands NNPS X O
. . X O
The DT X O

incumbent JJ X O
department NN X O
consists VBZ X O
of IN X O
three CD X O
dedicated JJ X O
Staff NNP X O
, , X O
whose WP$ X O
primary JJ X O
aims NNS X O
are VBP X O
to TO X O
build VB X B-Skill
further RBR X I-Skill
on IN X I-Skill
the DT X I-Skill
improvements NNS X I-Skill
they PRP X I-Skill
have VBP X I-Skill
made VBN X I-Skill
and CC X O
take VB X B-Skill
results NNS X I-Skill
to TO X I-Skill
the DT X I-Skill
next JJ X I-Skill
level NN X I-Skill
. . X O
A DT X O

good JJ X O
understanding NN X O
of IN X O
wholesale JJ X B-Skill
energy NN X I-Skill
and CC X O
, , X O
ideally RB X O
, , X O
financial JJ X B-Skill
markets NNS X I-Skill
. . X O
Other JJ X O

frameworks NNS X O
will MD X O
also RB X O
be VB X O
considered VBN X O
: : X O
Symfony NN X B-Skill
, , X O
Joomla NNP X B-Skill
, , X O
Cake NNP X B-Skill
. . X O
Please NNP X O

send VB X O
your PRP$ X O
most RBS X O
up RB X O
to TO X O
date NN X O
CV NNP X O
for IN X O
a DT X O
brief JJ X O
chat NN X O
and CC X O
for IN X O
an DT X O
interview NN X O
as RB X O
soon RB X O
as IN X O
you PRP X O
are VBP X O
able JJ X O
to TO X O
attend VB X O
This DT X O

role NN X O
is VBZ X O
for IN X O
day NN X O
shift NN X O
, , X O
MondayFriday NNP X O
8am4 CD X O
. . X O
30pm CD X O
, , X O
with IN X O
overtime JJ X O
available JJ X O
everyday NN X O
and CC X O
paid VBD X O
at IN X O
an DT X O
enhanced JJ X O
rate NN X O
. . X O
The DT X O

company NN X O
prides VBZ X O
itself PRP X O
on IN X O
the DT X O
articulate JJ X O
nature NN X O
of IN X O
information NN X O
produced VBN X O
and CC X O
therefore RB X O
the DT X O
suitable JJ X O
candidate NN X O
will MD X O
be VB X O
a DT X O
creative JJ X B-Skill
individual NN X O
who WP X O
can MD X O
demonstrate VB X O
a DT X O
strong JJ X B-Skill
eye NN X I-Skill
for IN X I-Skill
detail NN X I-Skill
. . X O
Experienced NNP X B-Skill

using VBG X I-Skill
spreadsheets NNS X I-Skill
Ability NNP X O
to TO X O
work VB X B-Skill
accurately RB X I-Skill
and CC X I-Skill
methodically RB X I-Skill
Excellent NNP X O
interpersonal JJ X B-Skill
skills NNS X I-Skill
Desirable JJ X O
Knowledge NNP X O
, , X O
Qualifications NNP X O
, , X O
Skills NNP X O
and CC X O
Experience NNP X O
Previous NNP X O
administrative JJ X B-Skill
experience NN X I-Skill
for IN X I-Skill
a DT X I-Skill
local JJ X I-Skill
council NN X I-Skill
Experience NNP X I-Skill
of IN X I-Skill
using VBG X I-Skill
YOIS NNP X I-Skill
Experience NNP X I-Skill
of IN X I-Skill
taking VBG X I-Skill
meeting NN X I-Skill
minutes NNS X I-Skill
An DT X O

STR NNP X O
Group NNP X O
Company NNP X O
on IN X O
Apply NNP X O
online MD X O
only RB X O
and CC X O
email VB X O
your PRP$ X O
CV NNP X O
to TO X O
url VB X O
removed VBN X O
To TO X O

discuss VB X O
this DT X O
role NN X O
informally RB X O
, , X O
please VB X O
contact JJ X O
Tina NNP X O
Steele NNP X O
Finance NNP X B-Occupation
& CC X I-Occupation
Business NNP X I-Occupation
Manager NNP X I-Occupation
. . X O
This DT X O

is VBZ X O
an DT X O
opportunity NN X O
to TO X O
work VB X O
for IN X O
an DT X O
international JJ X O
company NN X O
specialising VBG X O
in IN X O
Health NNP X O
Economics NNP X O
outcome VBP X O
research NN X O
and CC X O
epidemiology NN X O
. . X O
The DT X O

post NN X O
provides VBZ X O
support NN X B-Skill
in IN X I-Skill
tender NN X I-Skill
document NN X I-Skill
preparation NN X I-Skill
, , X I-Skill
contract NN X I-Skill
administration NN X I-Skill
and CC X O
other JJ X O
general JJ X O
office NN X B-Skill
duties NNS X I-Skill
. . X O
Full NNP X B-Qualification

UK NNP X I-Qualification
driving VBG X I-Qualification
licence NN X I-Qualification
Recognised VBD X I-Qualification
professional JJ X I-Qualification
qualification NN X I-Qualification
e NN X O
. . X O
g NN X O
. . X O
City NNP X O
Guilds NNP X O
Must NNP X O
be VB X O
presentable JJ X O
and CC X O
reliable JJ X O
Able JJ X O
to TO X O
build VB X B-Skill
good JJ X I-Skill
relationships NNS X I-Skill
at IN X I-Skill
all DT X I-Skill
levels NNS X I-Skill
, , X O
internally RB X O
and CC X O
externally RB X O
The DT X O
package NN X O
will MD X O
be VB X O
: : X O
starting NN X O
This DT X O

is VBZ X O
a DT X O
fantastic JJ X O
opportunity NN X O
to TO X O
work VB X O
within IN X O
a DT X O
highly RB X O
regarded JJ X O
organisation NN X O
for IN X O
a DT X O
highly RB X O
diverse JJ X O
role NN X O
. . X O
This DT X O

role NN X O
is VBZ X O
ideal JJ X O
for IN X O
a DT X O
Head NNP X B-Occupation
Pastry NNP X I-Occupation
Chef NNP X I-Occupation
looking VBG X O
to TO X O
develop VB X O
their PRP$ X O
career NN X O
within IN X O
a DT X O
great JJ X O
hotel NN X B-Domain
group NN X I-Domain
and CC X O
expand NN X O
on IN X O
their PRP$ X O
C NNP X O
B NNP X O
and CC X O
fine JJ X B-Skill
dining VBG X I-Skill
catering NN X I-Skill
skills NNS X I-Skill
. . X O
Ability NNP X O

to TO X O
research NN X B-Skill
and CC X I-Skill
appoint VB X I-Skill
your PRP$ X I-Skill
own JJ X I-Skill
prospects NNS X I-Skill
Highly NNP X I-Skill
presentable JJ X I-Skill
and CC X O
have VBP X O
excellent VBN X O
presentation NN X B-Skill
skills VBZ X I-Skill
A DT X O
working VBG X O
knowledge NN X O
of IN X O
ACT NNP X B-Skill
would MD X O
be VB X O
an DT X O
advantage NN X O
, , X O
but CC X O
training NN X B-Domain
can MD X O
be VB X O
provided VBN X O
to TO X O
the DT X O
right JJ X O
candidate NN X O
. . X O
Visa NNP X O

Required NNP X O
: : X O
Applicants NNS X O
must MD X O
be VB X O
eligible JJ X O
to TO X O
work VB X O
in IN X O
the DT X O
specified JJ X O
location NN X O
On IN X O

offer NN X O
is VBZ X O
an DT X O
excellent JJ X O
salary NN X O
, , X O
established VBN X O
team NN X O
with IN X O
a DT X O
great JJ X O
Senior NNP X O
Management NNP X O
team NN X O
. . X O
Available JJ X B-Skill

to TO X I-Skill
travel VB X I-Skill
/ NNP X O
work NN X B-Skill
unsupervised VBD X I-Skill
at IN X O
UK NNP X O
and CC X O
overseas JJ X O
locations NNS X O
. . X O
All DT X O

positions NNS X O
advertised VBN X O
by IN X O
Protocol NNP X O
comply NN X O
with IN X O
the DT X O
Agency NNP X O
Workers NNP X O
Regulations NNS X O
2010 CD X O
* NNS X O

Do VBP X O
you PRP X O
want VB X O
to TO X O
work VB X O
for IN X O
a DT X O
leading JJ X O
ambient NN X O
foods NNS X O
importer NN X O
where WRB X O
you PRP X O
can MD X O
progress VB X O
your PRP$ X O
career NN X O
further RB X O
? . X O
Continuously RB X O

looking VBG X O
to TO X O
improve VB X B-Skill
our PRP$ X I-Skill
current JJ X I-Skill
products NNS X I-Skill
and CC X I-Skill
processes NNS X I-Skill
to TO X I-Skill
add VB X I-Skill
value NN X I-Skill
All DT X O

positions NNS X O
advertised VBN X O
by IN X O
Protocol NNP X O
comply NN X O
with IN X O
the DT X O
Agency NNP X O
Workers NNP X O
Regulations NNPS X O
2010 CD X O
. . X O
**** NN X O

as IN X O
Randstad NNP X O
Retail NNP X O
Ltd NNP X O
. . X O
Registered NNP X O
office NN X O
address NN X O
First NNP X O
Floor NNP X O
, , X O
Regent NNP X O
Court NNP X O
, , X O
Laporte NNP X O
Way NNP X O
, , X O
Luton NNP X O
, , X O
Beds NNP X O
, , X O
You PRP X O

will MD X O
be VB X O
working VBG X O
for IN X O
one CD X O
of IN X O
the DT X O
largest JJS X O
Telecoms NN X B-Domain
Operators NNS X O
in IN X O
the DT X O
UK NNP X O
. . X O
You PRP X O

will MD X O
have VB X O
the DT X O
opportunity NN X O
and CC X O
, , X O
indeed RB X O
, , X O
are VBP X O
expected VBN X O
to TO X O
participate VB X O
fully RB X O
in IN X O
such JJ X O
discussions NNS X O
. . X O
The DT X O

project NN X O
is VBZ X O
refurbishment VBN X O
on IN X O
a DT X O
shopping NN X O
centre NN X O
car NN X O
park NN X O
, , X O
worth NN X O
REST RB X O

Good JJ X B-Skill
understanding NN X I-Skill
of IN X I-Skill
Object NNP X I-Skill
Orientated NNP X I-Skill
programming NN X I-Skill
languages NNS X I-Skill
and CC X I-Skill
modern JJ X I-Skill
design NN X I-Skill
C NNP X I-Skill
++ NNP X I-Skill
/ NNP X I-Skill
Java NNP X I-Skill
, , X I-Skill
Design NNP X I-Skill
Patterns NNP X I-Skill
, , X I-Skill
MVC NNP X I-Skill
Love NNP X I-Skill
of IN X I-Skill
games NNS X I-Skill
This DT X O

is VBZ X O
an DT X O
excellent JJ X O
opportunity NN X O
for IN X O
an DT X O
ambitious JJ X B-Skill
, , X I-Skill
hardworking VBG X I-Skill
individual JJ X O
to TO X O
join VB X O
a DT X O
small JJ X O
team NN X O
and CC X O
get VB X O
involved VBN X O
across IN X O
the DT X O
board NN X O
. . X O
What WP X O

we PRP X O
are VBP X O
looking VBG X O
for IN X O
Proven NNP X B-Skill
track NN X I-Skill
record NN X I-Skill
of IN X I-Skill
marketing VBG X I-Skill
within IN X I-Skill
the DT X I-Skill
pharmaceutical JJ X I-Skill
, , X I-Skill
FMCG NNP X I-Skill
or CC X I-Skill
retail JJ X I-Skill
industry NN X I-Skill
Be NNP X I-Skill
able JJ X I-Skill
to TO X I-Skill
demonstrate VB X I-Skill
the DT X I-Skill
definition NN X I-Skill
and CC X I-Skill
management NN X I-Skill
of IN X I-Skill
multi NN X I-Skill
channel NN X I-Skill
campaigns NNS X I-Skill
and CC X I-Skill
programmes NNS X I-Skill
Experienced NNP X I-Skill
in IN X I-Skill
working VBG X I-Skill
with IN X I-Skill
and CC X I-Skill
driving VBG X I-Skill
agencies NNS X I-Skill
to TO X I-Skill
deliver VB X I-Skill
results NNS X I-Skill
Marketing VBG X B-Qualification
qualification NN X I-Qualification
CIM NNP X I-Qualification
or CC X I-Qualification
IDM NNP X I-Qualification
Articulate NNP X B-Skill
, , X I-Skill
logical JJ X I-Skill
thinker NN X I-Skill
with IN X I-Skill
an DT X I-Skill
engaging VBG X I-Skill
approach NN X I-Skill
to TO X I-Skill
working VBG X I-Skill
with IN X I-Skill
people NNS X I-Skill
, , X I-Skill
focused VBN X I-Skill
on IN X I-Skill
delivering VBG X I-Skill
results NNS X I-Skill
This DT X O
job NN X O
was VBD X O
originally RB X O
posted VBN X O
as IN X O
www NN X O
. . X O
totaljobs NN X O
. . X O
com NN X O
/ IN X O
JobSeeking VBG X O
/ JJ X O
CampaignManager_job NNP X O
As IN X O

an DT X O
Assistant NNP X B-Occupation
Hotel NNP X I-Occupation
Manager NNP X I-Occupation
you PRP X O
' '' X O
ll JJ X O
be VB X O
a DT X O
major JJ X O
factor NN X O
in IN X O
the DT X O
success NN X O
of IN X O
your PRP$ X O
hotel NN X O
, , X O
as IN X O
you PRP X O
work VBP X O
closely RB X O
with IN X O
the DT X O
Hotel NNP X O
Manager NNP X O
to TO X O
ensure VB X B-Skill
they PRP X I-Skill
consistently RB X I-Skill
provide VBP X I-Skill
service NN X I-Skill
of IN X I-Skill
the DT X I-Skill
highest JJS X I-Skill
standard NN X I-Skill
. . X O
It PRP X O

requires VBZ X O
you PRP X O
to TO X O
work VB X O
closely RB X O
with IN X O
and CC X O
support VB X B-Skill
the DT X I-Skill
General NNP X I-Skill
Manager NNP X I-Skill
in IN X O
ensuring VBG X O
clinical JJ X O
excellence NN X O
and CC X O
the DT X O
delivery NN X O
of IN X O
high JJ X O
standards NNS X O
of IN X O
care NN X O
within IN X O
our PRP$ X O
home NN X O
. . X O
Front JJ X B-Skill

End NNP X I-Skill
Developer NNP X I-Skill
/ NNP X O
JavaScript NNP X B-Skill
/ NNP X O
HTML NNP X B-Skill
/ NNP X O
CSS NNP X B-Skill
/ NNP X O
jQuery NN X B-Skill
/ NNP X O
Perl NNP X B-Skill
/ NNP X O
Adobe NNP X B-Skill
CS NNP X I-Skill
/ NNP X O
London NNP X B-Skill
Circle NNP X O
Recruitment NNP X O
is VBZ X O
acting VBG X O
as IN X O
an DT X O
Employment NNP X O
Agency NNP X O
in IN X O
relation NN X O
to TO X O
this DT X O
vacancy NN X O
. . X O
A DT X O

background NN X O
in IN X O
aerospace NN X B-Skill
manufacturing NN X I-Skill
or CC X I-Skill
precision NN X I-Skill
engineering NN X I-Skill
would MD X O
be VB X O
advantageous JJ X O
but CC X O
not RB X O
essential JJ X O
. . X O
Based VBN X O

in IN X O
South NNP X O
West NNP X O
London NNP X O
, , X O
an DT X O
experienced JJ X B-Skill
and CC X O
highly RB X O
motivated VBD X B-Skill
Sales NNS X B-Occupation
Manager NNP X I-Occupation
will MD X O
drive VB X B-Skill
new JJ X I-Skill
business NN X I-Skill
to TO X I-Skill
support VB X I-Skill
over RP X I-Skill
They PRP X O

supply VBP X O
key JJ X O
high JJ X O
street NN X O
and CC X O
department NN X O
store NN X O
retailers NNS X O
. . X O
The DT X O

theatre JJ X B-Occupation
porter NN X I-Occupation
must MD X O
be VB X O
professional JJ X B-Skill
and CC X O
courteous JJ X B-Skill
at IN X O
all DT X O
times NNS X O
, , X O
whilst NN X O
providing VBG X B-Skill
support NN X I-Skill
to TO X I-Skill
other JJ X I-Skill
departments NNS X I-Skill
within IN X I-Skill
the DT X I-Skill
hospital NN X I-Skill
. . X O
This DT X O

is VBZ X O
a DT X O
good JJ X O
position NN X O
for IN X O
nurses NNS X B-Occupation
at IN X O
all DT X O
levels NNS X O
as IN X O
they PRP X O
provide VBP X O
a DT X O
good JJ X O
career NN X O
plan NN X O
and CC X O
plenty NN X O
of IN X O
training NN X O
. . X O
This DT X O

role NN X O
is VBZ X O
suitable JJ X O
for IN X O
anyone NN X O
who WP X O
is VBZ X O
looking VBG X B-Skill
for IN X I-Skill
a DT X I-Skill
step NN X I-Skill
up RB X I-Skill
into IN X I-Skill
a DT X I-Skill
management NN X I-Skill
role NN X I-Skill
. . X O
The DT X O

Company NNP X O
Our PRP$ X O
client NN X O
is VBZ X O
a DT X O
North NNP X O
East NNP X O
based VBN X O
training NN X B-Occupation
provider NN X I-Occupation
, , X O
supplying VBG X O
the DT X O
manufacturing NN X B-Domain
and CC X O
warehousing NN X B-Domain
industry NN X I-Domain
. . X O
There EX X O

is VBZ X O
a DT X O
fully RB X O
expensed JJ X O
car NN X O
that WDT X O
includes VBZ X O
private JJ X O
mileage NN X O
paid VBN X O
. . X O
Lead JJ X B-Skill

Customer NNP X I-Skill
Driven NNP X I-Skill
Quality NNP X I-Skill
projectsYou NN X O
will MD X O
either RB X O
be VB X O
a DT X O
Junior NNP X B-Occupation
NAM NNP X I-Occupation
/ VBZ X I-Occupation
NAE NNP X I-Occupation
currently RB X O
supporting VBG X B-Skill
on IN X I-Skill
top JJ X I-Skill
4 CD X I-Skill
grocery NN X I-Skill
accounts NNS X I-Skill
looking VBG X I-Skill
to TO X I-Skill
make VB X I-Skill
the DT X I-Skill
step NN X I-Skill
up RB X I-Skill
into IN X I-Skill
a DT X I-Skill
full JJ X I-Skill
blown NN X I-Skill
NAM NNP X I-Skill
role NN X I-Skill
or CC X O
already RB X O
a DT X O
National NNP X B-Occupation
Account NNP X I-Occupation
Manager NNP X I-Occupation
with IN X O
full JJ X B-Skill
p NN X I-Skill
& CC X I-Skill
l NN X I-Skill
for IN X I-Skill
secondary JJ X I-Skill
accounts NNS X I-Skill
looking VBG X I-Skill
to TO X I-Skill
get VB X I-Skill
the DT X I-Skill
opportunity NN X I-Skill
to TO X I-Skill
work VB X I-Skill
across IN X I-Skill
some DT X I-Skill
big JJ X I-Skill
customers NNS X I-Skill
. . X O
The DT X O

ideal JJ X O
optometrist NN X B-Occupation
for IN X O
this DT X O
position NN X O
will MD X O
be VB X O
a DT X O
highly RB X B-Skill
committed VBN X I-Skill
individual NN X O
who WP X O
wants VBZ X O
to TO X O
continue VB X O
to TO X O
develop VB X O
both DT X O
clinically RB X O
and CC X O
commercially RB X O
, , X O
you PRP X O
will MD X O
be VB X O
able JJ X O
to TO X O
build VB X B-Skill
rapport NN X I-Skill
with IN X I-Skill
patients NNS X I-Skill
using VBG X O
your PRP$ X O
strong JJ X O
communication NN X B-Skill
skills NNS X I-Skill
and CC X O
interpret VB X B-Skill
their PRP$ X I-Skill
needs NNS X I-Skill
accordingly RB X O
. . X O
If IN X O

this DT X O
sounds VBZ X O
like IN X O
you PRP X O
please VBP X O
do VB X O
apply VB X O
If IN X O
you PRP X O
would MD X O
like VB X O
to TO X O
hear VB X O
more RBR X O
about IN X O
the DT X O
role NN X O
please NN X O
contact VB X O
me PRP X O
on IN X O
Onetoone CD X B-Skill

training NN X I-Skill
and CC X I-Skill
support NN X I-Skill
for IN X I-Skill
staff NN X I-Skill
will MD X O
also RB X O
be VB X O
required VBN X O
for IN X O
this DT X O
contract NN X O
position NN X O
. . X O
To TO X O

be VB X O
accountable JJ X B-Skill
for IN X I-Skill
the DT X I-Skill
clinical JJ X I-Skill
and CC X I-Skill
commercial JJ X I-Skill
viability NN X I-Skill
of IN X I-Skill
services NNS X I-Skill
. . X O
They PRP X O

are VBP X O
seeking VBG X O
a DT X O
candidate NN X O
with IN X O
at IN X O
least JJS X O
5 CD X B-Experience
years NNS X I-Experience
experience RB X O
in IN X O
a DT X O
proactive JJ X B-Domain
administrative JJ X I-Domain
role NN X O
. . X O
This DT X O

software NN X B-Domain
sales NNS X I-Domain
company NN X O
was VBD X O
formed VBN X O
to TO X O
provide VB X O
a DT X O
sophisticated JJ X O
and CC X O
yet RB X O
easily RB X O
accessible JJ X O
enterprise NN X O
content NN X B-Skill
management NN X I-Skill
system NN X I-Skill
which WDT X O
can MD X O
be VB X O
adapted VBN X O
to TO X O
meet VB X O
the DT X O
needs NNS X O
of IN X O
specific JJ X O
niche NN X B-Skill
markets NNS X I-Skill
. . X O
You PRP X O

must MD X O
also RB X O
be VB X O
able JJ X O
to TO X O
effectively RB X O
log VB X B-Skill
and CC X I-Skill
record VB X I-Skill
your PRP$ X I-Skill
actions NNS X I-Skill
to TO X I-Skill
help VB X I-Skill
create VB X I-Skill
a DT X I-Skill
constantly RB X I-Skill
evolving VBG X I-Skill
knowledge NN X I-Skill
base NN X I-Skill
of IN X I-Skill
issues NNS X I-Skill
/ NNP X I-Skill
remedies NNS X I-Skill
and CC X O
know VB X B-Skill
when WRB X I-Skill
to TO X I-Skill
escalate VB X I-Skill
issues NNS X I-Skill
to TO X I-Skill
technical JJ X I-Skill
teams NNS X I-Skill
/ VBP X I-Skill
developers NNS X I-Skill
. . X O
We PRP X O

also RB X O
welcome VBP X O
applications NNS X O
for IN X O
other JJ X O
travel NN X B-Occupation
professionals NNS X I-Occupation
wanting VBG X O
to TO X O
develop VB X O
in IN X O
to TO X O
the DT X O
business NN X B-Domain
travel NN X I-Domain
sector NN X I-Domain
. . X O
If IN X O

you PRP X O
are VBP X O
interested JJ X O
in IN X O
this DT X O
opportunity NN X O
please VB X O
contact JJ X O
Steph NNP X O
Burgess NNP X O
at IN X O
Real NNP X O
Staffing VBG X O
on IN X O
[ NNP X O
blocked VBD X O
]. NN X O
A DT X O

logical JJ X B-Skill
approach NN X I-Skill
to TO X I-Skill
breakdown VB X I-Skill
fault NN X I-Skill
finding VBG X I-Skill
Effective NNP X O
written VBN X B-Skill
and CC X I-Skill
verbal JJ X I-Skill
communication NN X I-Skill
skills NNS X I-Skill
Proactive NNP X I-Skill
in IN X I-Skill
driving VBG X I-Skill
through IN X I-Skill
continuous JJ X I-Skill
improvements NNS X I-Skill
If IN X O

you PRP X O
are VBP X O
a DT X O
Mechanical NNP X B-Occupation
Engineer NNP X I-Occupation
with IN X O
experience NN X B-Experience
in IN X I-Experience
the DT X I-Experience
Water NNP X I-Experience
, , X I-Experience
Wastewater NNP X I-Experience
or CC X I-Experience
Watershed NNP X I-Experience
Industries NNPS X I-Experience
and CC X O
looking VBG X O
for IN X O
the DT X O
next JJ X O
step NN X O
in IN X O
your PRP$ X O
career NN X O
, , X O
then RB X O
this DT X O
is VBZ X O
an DT X O
excellent JJ X O
opportunity NN X O
. . X O
Manage VB X B-Skill

the DT X I-Skill
moulding NN X I-Skill
team NN X I-Skill
, , X O
taking VBG X B-Skill
action NN X I-Skill
to TO X I-Skill
ensure VB X I-Skill
all DT X I-Skill
rules NNS X I-Skill
are VBP X I-Skill
properly RB X I-Skill
communicated VBN X I-Skill
and CC X I-Skill
complied VBN X I-Skill
with IN X I-Skill
and CC X O
that IN X O
any DT X O
development NN X O
required VBN X O
is VBZ X O
identified VBN X O
and CC X O
actioned VBN X O
. . X O
The DT X O

client NN X O
are VBP X O
a DT X O
fast JJ X O
growing NN X O
and CC X O
rapidly RB X O
expanding VBG X O
business NN X O
whose WP$ X O
recent JJ X O
growth NN X O
has VBZ X O
been VBN X O
on IN X O
an DT X O
upwards JJ X O
trajectory NN X O
despite IN X O
the DT X O
challenging JJ X O
economic JJ X O
environment NN X O
of IN X O
the DT X O
last JJ X O
few JJ X O
years NNS X O
. . X O
You PRP X O

will MD X O
be VB X O
expected VBN X O
to TO X O
develop VB X B-Skill
and CC X I-Skill
maintain VB X I-Skill
quality JJ X I-Skill
relationships NNS X I-Skill
with IN X I-Skill
customers NNS X I-Skill
and CC X I-Skill
prospects NNS X I-Skill
This DT X O
job NN X O
was VBD X O
originally RB X O
posted VBN X O
as IN X O
The DT X O

ENVIRONMENTAL NNP X O
PROCESS NNP X O
TECHNICIAN NNP X O
will MD X O
idaelly RB X O
have VB X O
Proven NNP X O
experience NN X O
in IN X O
an DT X O
environmental JJ X B-Skill
role NN X O
, , X O
preferably RB X O
manufacturing VBG X B-Domain
Experience NNP X O
managing NN X B-Occupation
waste NN X I-Occupation
disposal NN X I-Occupation
Bachelor NNP X B-Qualification
degree NN X I-Qualification
ideally RB X O
Excellent NNP X O
organizational JJ X B-Skill
and CC X O
time NN X B-Skill
management NN X I-Skill
skills NNS X O
with IN X O
the DT X O
ability NN X O
to TO X O
prioritise VB X O
and CC X O
drive VB X O
multiple JJ X O
programs NNS X O
Essential JJ X O

Skills NNP X O
/ NNP X O
Experience NNP X O
Must NNP X O
have VBP X O
extensive JJ X O
postgrad NN X O
experience NN X O
of IN X O
analysing NN X B-Skill
, , X I-Skill
designing VBG X I-Skill
and CC X I-Skill
implementing VBG X I-Skill
cathodic JJ X I-Skill
protection NN X I-Skill
systems NNS X I-Skill
. . X O
Ideally RB X O

we PRP X O
are VBP X O
looking VBG X O
to TO X O
recruit VB X O
several JJ X O
Mobile NNP X B-Occupation
Gas NNP X I-Occupation
service NN X I-Occupation
Engineers NNS X I-Occupation
with IN X O
all DT X O
up RB X O
to TO X O
date NN X O
MedicsPro NNP X O

are VBP X O
actively RB X O
seeking VBG X O
a DT X O
Staff NNP X B-Occupation
Nurse NNP X I-Occupation
with IN X O
experience NN X B-Skill
in IN X I-Skill
Cardiac NNP X I-Skill
Nursing NN X I-Skill
for IN X O
a DT X O
permanent JJ X O
position NN X O
at IN X O
our PRP$ X O
client NN X O
' '' X O
s JJ X O
prestigious JJ X O
private JJ X O
hospital NN X O
in IN X O
London NNP X O
. . X O
The DT X O

Group NNP X O
consists VBZ X O
of IN X O
two CD X O
divisions NNS X O
, , X O
each DT X O
with IN X O
a DT X O
specific JJ X O
role NN X O
in IN X O
Medacs NNP X O

Healthcare NNP X B-Domain
can MD X O
offer VB X O
you PRP X O
many JJ X O
benefits NNS X O
, , X O
which WDT X O
include VBP X O
: : X O
Competitive JJ X O
rates NNS X O
of IN X O
pay NN X O
A NNP X O
great JJ X O
variety NN X O
of IN X O
local JJ X O
work NN X O
Access NNP X O
to TO X O
a DT X O
fasttrack NN X O
CRB NNP X B-Qualification
check NN X I-Qualification
Ongoing NNP X O
training NN X O
and CC X O
development NN X O
Bonus NNP X O
schemes NNS X O
such JJ X O
as IN X O
our PRP$ X O
Introduce NNP X O
a DT X O
Friend NN X O
If IN X O

you PRP X O
have VBP X O
the DT X O
dedication NN X B-Skill
, , X O
enthusiasm NN X B-Skill
, , X O
commitment NN X B-Skill
, , X O
expertise NN X O
and CC X O
experience NN X O
to TO X O
work VB X O
with IN X O
us PRP X O
in IN X O
providing VBG X O
the DT X O
outcomes NNS X O
, , X O
opportunities NNS X O
and CC X O
futures NNS X O
that IN X O
young JJ X O
people NNS X O
placed VBN X O
with IN X O
us PRP X O
deserve VBP X O
, , X O
we PRP X O
would MD X O
like VB X O
to TO X O
hear VB X O
from IN X O
you PRP X O
The DT X O
Ryes NNP X O
College NNP X O
and CC X O
Community NNP X O
is VBZ X O
committed VBN X O
to TO X O
safeguarding VBG X B-Skill
and CC X I-Skill
promoting VBG X I-Skill
the DT X I-Skill
welfare NN X I-Skill
of IN X I-Skill
children NNS X I-Skill
, , X I-Skill
young JJ X I-Skill
people NNS X I-Skill
and CC X I-Skill
vulnerable JJ X I-Skill
adults NNS X I-Skill
and CC X O
expects VBZ X O
all DT X O
staff NN X O
and CC X O
volunteers NNS X O
to TO X O
share NN X O
this DT X O
commitment NN X O
. . X O
Pin NNP X B-Qualification

RGN NNP X I-Qualification
preferred VBD X I-Qualification
Genuine NNP X B-Skill
interest NN X I-Skill
in IN X I-Skill
elderly JJ X I-Skill
care NN X I-Skill
Previous JJ X B-Qualification
experience NN X I-Qualification
as IN X I-Qualification
a DT X I-Qualification
deputy NN X I-Qualification
manager NN X I-Qualification
This DT X O

award NN X O
winning VBG X O
range NN X O
of IN X O
products NNS X O
commands NNS X O
absolute VBP X O
respect NN X O
from IN X O
potential JJ X O
customers NNS X O
and CC X O
with IN X O
a DT X O
range NN X O
of IN X O
government NN X O
endorsed JJ X O
products NNS X O
as IN X O
part NN X O
of IN X O
the DT X O
range NN X O
; : X O
this DT X O
is VBZ X O
a DT X O
lucrative JJ X O
offering NN X O
for IN X O
any DT X O
talented JJ X O
sales NNS X B-Occupation
person NN X I-Occupation
to TO X O
promote VB X B-Skill
. . X O
If IN X O

you PRP X O
are VBP X O
willing JJ X O
to TO X O
work VB X B-Skill
hard RB X I-Skill
and CC X O
have VB X O
a DT X O
natural JJ X B-Skill
sales NNS X I-Skill
ability NN X I-Skill
, , X O
apply RB X O
now RB X O
Please NNP X O
email VB X O
your PRP$ X O
CV NNP X O
to TO X O
Alex NNP X O
on IN X O
[ NNP X O
blocked VBD X O
email JJ X O
] NN X O
The DT X O

market NN X B-Occupation
leader NN X I-Occupation
in IN X O
specialist NN X O
supplies NNS X O
for IN X O
the DT X O
education NN X B-Domain
, , X O
HORECA NNP X B-Domain
and CC X O
facilities NNS X B-Domain
management NN X I-Domain
sector NN X I-Domain
. . X O
Areas NNP X O

of IN X O
responsibility NN X O
: : X O
To TO X O
identify VB X B-Skill
and CC X I-Skill
commercialise VB X I-Skill
new JJ X I-Skill
target NN X I-Skill
accounts NNS X I-Skill
, , X O
constantly RB X B-Skill
growing VBG X I-Skill
and CC X I-Skill
developing VBG X I-Skill
the DT X I-Skill
business NN X I-Skill
. . X O
We PRP X O

will MD X O
only RB X O
contact VB X O
those DT X O
candidates NNS X O
shortlisted VBD X O
for IN X O
this DT X O
role NN X O
. . X O
This DT X O

can MD X O
either RB X O
be VB X O
direct JJ X O
, , X O
corporate JJ X O
partnerships NNS X O
, , X O
affinity NN X O
groups NNS X O
, , X O
or CC X O
through IN X O
intermediaries NNS X O
such JJ X O
as IN X O
Insurance NN X O
Brokers NNS X O
. . X O
GLOUCESTERSHIRE NNP X O

FTC NNP X O
Basic NNP X O
Salary NNP X O
CAR NNP X O
BONUS NNP X O
for IN X O
over IN X O
performance NN X O
In IN X O

conjunction NN X O
with IN X O
integrated JJ X B-Domain
Governance NNP X I-Domain
, , X O
ensure VB X O
that IN X O
the DT X O
Hospital NNP X B-Domain
operates VBZ X O
a DT X O
quality NN X B-Skill
focus NN X I-Skill
initiative NN X I-Skill
to TO X O
be VB X O
owned VBN X O
by IN X O
all DT X O
staff NN X O
. . X O
The DT X O

role NN X O
holder NN X O
should MD X O
understand VB X B-Skill
the DT X I-Skill
importance NN X I-Skill
of IN X I-Skill
usercentred JJ X I-Skill
design NN X I-Skill
, , X O
finding VBG X B-Skill
balance NN X I-Skill
while IN X I-Skill
pushing VBG X I-Skill
the DT X I-Skill
boundaries NNS X I-Skill
of IN X I-Skill
what WP X I-Skill
they PRP X I-Skill
you PRP X I-Skill
do VBP X I-Skill
. . X O
Main NNP X O

duties NNS X O
include VBP X O
: : X O
brick NN X B-Skill
and CC X I-Skill
block NN X I-Skill
work NN X I-Skill
on IN X I-Skill
a DT X I-Skill
busy JJ X I-Skill
new JJ X I-Skill
build NN X I-Skill
site NN X I-Skill
. . X O
If IN X O

you PRP X O
' VBP X O
re JJ X O
looking VBG X O
to TO X O
work VB X B-Skill
in IN X I-Skill
a DT X I-Skill
fast NN X I-Skill
paced JJ X I-Skill
environment NN X I-Skill
and CC X O
you PRP X O
are VBP X O
committed VBN X B-Skill
to TO X I-Skill
delivering VBG X I-Skill
to TO X I-Skill
the DT X I-Skill
highest JJS X I-Skill
standard NN X I-Skill
, , X O
we PRP X O
want VBP X O
to TO X O
hear VB X O
from IN X O
you PRP X O
. . X O
The DT X O

role NN X O
will MD X O
be VB X O
50 CD X O
% NN X O
hands NNS X O
off RP X O
, , X O
with IN X O
primary JJ X O
responsibility NN X O
to TO X O
align VB X B-Skill
the DT X I-Skill
current JJ X I-Skill
development NN X I-Skill
projects NNS X I-Skill
, , X O
refine NN X B-Skill
processes NNS X I-Skill
and CC X I-Skill
practices NNS X I-Skill
, , X O
introduce VBP X B-Skill
knowledge NN X I-Skill
transfer NN X I-Skill
to TO X I-Skill
upskill VB X I-Skill
existing VBG X I-Skill
developers NNS X I-Skill
where WRB X O
needed VBN X O
and CC X O
to TO X O
take VB X B-Skill
a DT X I-Skill
pivitol JJ X I-Skill
role NN X I-Skill
in IN X I-Skill
strategic JJ X I-Skill
road NN X I-Skill
mapping NN X I-Skill
of IN X I-Skill
future JJ X I-Skill
work NN X I-Skill
. . X O
This DT X O

work NN X O
is VBZ X O
a DT X O
result NN X O
of IN X O
collaboration NN X O
with IN X O
other JJ X O
experts NNS X O
, , X O
often RB X O
including VBG X O
travel NN X B-Skill
and CC X I-Skill
work NN X I-Skill
across IN X I-Skill
cultures NNS X I-Skill
and CC X I-Skill
countries NNS X I-Skill
, , X O
both DT X O
within IN X O
the DT X O
firm NN X O
and CC X O
with IN X O
clients NNS X O
. . X O
West NNP X O

London NNP X O
DATE NNP X O
ASAP NNP X O
WORKING NNP X O
HOURS NNP X O
Shift NNP X O
Pattern NNP X O
: : X O
4 CD X O
days NNS X O
on IN X O
/ JJ X O
4 CD X O
days NNS X O
off IN X O
Day NNP X O
We PRP X O

have VBP X O
several JJ X O
marketing NN X B-Domain
/ NNS X I-Domain
sales NNS X I-Domain
based VBN X O
roles NNS X O
available JJ X O
within IN X O
a DT X O
well RB X O
established VBN X O
Solar NNP X B-Domain
company NN X O
looking VBG X O
to TO X O
expand VB X O
into IN X O
the DT X O
southwest NN X O
. . X O
You PRP X O

will MD X O
report VB X B-Skill
to TO X I-Skill
the DT X I-Skill
group NN X I-Skill
editor NN X I-Skill
and CC X O
work NN X B-Skill
closely RB X I-Skill
with IN X I-Skill
colleagues NNS X I-Skill
on IN X I-Skill
sister NN X I-Skill
crane NN X I-Skill
publications NNS X I-Skill
. . X O
London NNP X O

House NNP X B-Occupation
Manager NNP X I-Occupation
/ NNP X O
Chef NNP X B-Occupation
family NN X O
house NN X O
Kensington NNP X O
Monday NNP X O
to TO X O
Friday NNP X O
86 CD X O
pm NN X O
live CD X O
out IN X O
My PRP$ X O

client NN X O
seeks VBZ X O
a DT X O
personable JJ X B-Skill
, , X O
friendly JJ X B-Skill
and CC X O
caring JJ X B-Skill
Manager NNP X I-Skill
with IN X O
a DT X O
stable JJ X B-Skill
background NN X I-Skill
and CC X O
strong JJ X O
knowledge NN X B-Skill
of IN X I-Skill
elderly JJ X I-Skill
care NN X I-Skill
. . X O
**** NNS X O

have VBP X O
been VBN X O
in IN X O
business NN X B-Skill
development NN X I-Skill
Minimum NNP X B-Experience
2 CD X I-Experience
years NNS X I-Experience
management NN X B-Skill
experience RB X O
2 CD X O
years NNS X O
experience NN X O
of IN X O
working VBG X O
with IN X O
subsea NN X B-Domain
engineering NN X I-Domain
services NNS X I-Domain
based VBN X O
business NN X O
The DT X O

Male NNP X B-Occupation
Support NNP X I-Occupation
Worker NNP X I-Occupation
role NN X O
is VBZ X O
an DT X O
integral JJ X O
part NN X O
of IN X O
a DT X O
team NN X O
, , X O
supporting VBG X B-Skill
and CC X I-Skill
enabling VBG X I-Skill
primarily RB X I-Skill
male JJ X I-Skill
service NN X I-Skill
users NNS X I-Skill
with IN X I-Skill
learning NN X I-Skill
and CC X I-Skill
mental JJ X I-Skill
health NN X I-Skill
disabilities NNS X I-Skill
to TO X O
live VB X O
full JJ X O
and CC X O
enriched JJ X O
lives NNS X O
. . X O
Represent NNP X O

Managing NNP X B-Occupation
Director NNP X I-Occupation
at IN X O
key JJ X O
stakeholder NN X O
meeting NN X O
when WRB X O
required VBN X O
Candidate NNP X O
Profile NNP X O
Extensive NNP X O
experience NN X O
in IN X O
all DT X O
aspects NNS X O
of IN X O
retail JJ X B-Skill
banking NN X I-Skill
management NN X I-Skill
focusing VBG X O
on IN X O
risk NN X B-Skill
models NNS X I-Skill
, , X I-Skill
policy NN X I-Skill
and CC X I-Skill
tool NN X I-Skill
development NN X I-Skill
Strong NNP X O
track NN X O
record NN X O
in IN X O
developing VBG X O
bestinclass NN X O
modelling NN X B-Skill
and CC X I-Skill
analytical JJ X I-Skill
solutions NNS X I-Skill
for IN X I-Skill
large JJ X I-Skill
financial JJ X I-Skill
institutions NNS X I-Skill
Strong NNP X O
analytical JJ X B-Skill
background NN X O
, , X O
data NNS X B-Skill
driven RB X I-Skill
, , X O
resilient JJ X B-Skill
, , X O
results NNS X B-Skill
orientated VBD X I-Skill
Excellent JJ X O
understanding NN X B-Skill
of IN X I-Skill
lending NN X I-Skill
products NNS X I-Skill
from IN X I-Skill
marketing NN X I-Skill
and CC X I-Skill
policy NN X I-Skill
perspective NN X I-Skill
Great NNP X O
leader NN X B-Skill
in IN X I-Skill
talent JJ X I-Skill
management NN X I-Skill
, , X O
communication NN X B-Skill
and CC X O
influencing NN X B-Skill
Experienced NNP X O
and CC X O
skilled VBN X O
in IN X O
stakeholder JJ X B-Skill
management NN X I-Skill
Experience NN X O
of IN X O
working VBG X B-Skill
with IN X I-Skill
regulators NNS X I-Skill
, , X I-Skill
auditors NNS X I-Skill
and CC X I-Skill
compliance NN X I-Skill
Flame NNP X O

Health NNP X O
Optometry NNP X O
Optometrist NNP X O
Job NNP X O
in IN X O
Scarborough NNP X O
Flame NNP X O
Health NNP X O
Optometry NNP X O
are VBP X O
recruiting VBG X O
for IN X O
an DT X O
ambitious JJ X B-Skill
and CC X O
selfmotivated JJ X B-Skill
Optometrist NN X B-Occupation
who WP X O
is VBZ X O
being VBG X O
sought VBN X O
in IN X O
Scarborough NNP X O
to TO X O
join VB X O
one CD X O
of IN X O
the DT X O
leading VBG X O
optical JJ X O
groups NNS X O
, , X O
which WDT X O
has VBZ X O
a DT X O
proven JJ X O
track NN X O
record NN X O
in IN X O
developing VBG X O
and CC X O
providing VBG X O
excellent JJ X O
career NN X O
paths NNS X O
for IN X O
individuals NNS X O
through IN X O
their PRP$ X O
recognised JJ X O
training NN X O
and CC X O
development NN X O
channels NNS X O
. . X O
The DT X O

company NN X O
has VBZ X O
over RP X O
70 CD X O
years NNS X O
experience RB X O
manufacturing VBG X O
washrooms NNS X B-Domain
systems NNS X I-Domain
and CC X O
have VBP X O
developed VBN X O
a DT X O
range NN X O
of IN X O
well RB X O
designed VBN X O
, , X O
flexible JJ X O
washroom NN X O
products NNS X O
that WDT X O
work VBP X O
across IN X O
all DT X O
sectors NNS X O
. . X O
Strong JJ X O

IT NNP X B-Skill
skills NNS X I-Skill
and CC X O
experience NN X O
of IN X O
working VBG X B-Skill
in IN X I-Skill
a DT X I-Skill
customer NN X I-Skill
service NN X I-Skill
environment NN X I-Skill
is VBZ X O
essential JJ X O
. . X O
Add NNP X O

to TO X O
that DT X O
experience NN X O
in IN X O
defining VBG X O
and CC X O
executing VBG X O
a DT X O
quality NN X B-Skill
framework NN X I-Skill
approach NN X I-Skill
, , X O
and CC X O
you PRP X O
could MD X O
be VB X O
the DT X O
person NN X O
we PRP X O
are VBP X O
looking VBG X O
for IN X O
. . X O
**** JJ X O

plus CC X O
a DT X O
very RB X O
generous JJ X O
and CC X O
achievable JJ X O
bonus NN X O
Live NNP X O
in IN X O
: : X O
No DT X O
Start NNP X O
date NN X O
: : X O
By IN X O

meeting VBG X B-Skill
every DT X I-Skill
one CD X I-Skill
of IN X I-Skill
our PRP$ X I-Skill
candidates NNS X I-Skill
face VBP X I-Skill
to TO X I-Skill
face VB X I-Skill
You PRP X O

will MD X O
have VB X O
excellent JJ X O
communication NN X B-Skill
skills NNS X O
, , X O
listen VB X B-Skill
effectively RB X I-Skill
and CC X O
be VB X O
adaptable JJ X B-Skill
and CC X O
be VB X O
able JJ X B-Skill
to TO X I-Skill
work VB X I-Skill
independently RB X I-Skill
, , X O
using VBG X O
your PRP$ X O
own JJ X O
initiative NN X B-Skill
and CC X O
manage VB X B-Skill
your PRP$ X I-Skill
time NN X I-Skill
effectively RB X O
To TO X O
apply VB X O
, , X O
please VB X O
click NN X O
on IN X O
this DT X O
advert NN X O
and CC X O
your PRP$ X O
CV NNP X O
will MD X O
be VB X O
sent VBN X O
to TO X O
one CD X O
of IN X O
our PRP$ X O
outsourced JJ X O
Recruitment NNP X B-Domain
Partners NNPS X O
, , X O
Emma NNP X O
Burgh NNP X O
, , X O
who WP X O
will MD X O
be VB X O
in IN X O
touch NN X O
. . X O
Salary NNP X O

for IN X O
this DT X O
position NN X O
will MD X O
be VB X O
27 CD X O
, , X O
000 CD X O
per IN X O
annum NN X O
plus CC X O
pension NN X O
and CC X O
many JJ X O
other JJ X O
benefits NNS X O
of IN X O
working VBG X O
for IN X O
a DT X O
large JJ X O
organisation NN X O
. . X O
Bonuses NNS X O

for IN X O
your PRP$ X O
loyalty NN X O
and CC X O
referrals NNS X O
Training VBG X O
opportunities NNS X O
and CC X O
professional JJ X O
development NN X O
The DT X O

Sugarman NNP X O
Group NNP X O
is VBZ X O
acting VBG X O
as IN X O
an DT X O
Employment NN X O
Business NN X O
and CC X O
our PRP$ X O
objective NN X O
is VBZ X O
to TO X O
be VB X O
an DT X O
equal JJ X O
opportunities NNS X O
employer NN X O
. . X O
A DT X O

demanding NN X O
and CC X O
rewarding VBG X O
role NN X O
as IN X O
this DT X O
requires VBZ X O
a DT X O
highly RB X B-Skill
motivated VBN X I-Skill
and CC X I-Skill
energetic JJ X I-Skill
manager NN X I-Skill
from IN X O
a DT X O
successful JJ X O
junior JJ X B-Skill
management NN X I-Skill
background NN X I-Skill
within IN X O
a DT X O
similar JJ X O
property NN X O
. . X O
We PRP X O

are VBP X O
looking VBG X O
for IN X O
a DT X O
Proposals NNP X B-Occupation
Cocoordinator NNP X I-Occupation
to TO X O
provide VB X B-Skill
a DT X I-Skill
comprehensive JJ X I-Skill
bids NNS X I-Skill
and CC X I-Skill
proposals NNS X I-Skill
management NN X I-Skill
service NN X I-Skill
for IN X I-Skill
tender NN X I-Skill
opportunities NNS X I-Skill
across IN X I-Skill
our PRP$ X I-Skill
client NN X I-Skill
' POS X I-Skill
s NN X I-Skill
business NN X I-Skill
. . X O
This DT X O

, , X O
the DT X O
commercial JJ X O
arm NN X O
of IN X O
this DT X O
prestigious JJ X O
organisation NN X O
, , X O
provides VBZ X O
a DT X O
wide JJ X O
range NN X O
of IN X O
automotive JJ X B-Skill
based VBN X I-Skill
consultancy NN X I-Skill
and CC X O
training NN X B-Skill
services NNS X I-Skill
into IN X I-Skill
the DT X I-Skill
corporate JJ X I-Skill
market NN X I-Skill
at IN X I-Skill
board NN X I-Skill
level NN X I-Skill
. . X O
*** NN X O

tier NN X O
plus CC X O
XML NNP X B-Skill
SQL NNP X I-Skill
Server NNP X I-Skill
2005 CD X I-Skill
Including NNP X O
TSQL NNP X B-Skill
stored VBD X O
procs NN X O
and CC X O
Reporting NNP X B-Skill
Services NNPS X I-Skill
Nunit NNP X O
or CC X O
other JJ X O
automated JJ X O
unit NN X O
test NN X O
framework NN X O
Continuous NNP X B-Skill
integration NN X I-Skill
Source NNP X I-Skill
Control NNP X I-Skill
Perforce NNP X I-Skill
preferred VBD X O
, , X O
including VBG X O
multi NN X B-Skill
development NN X I-Skill
branches NNS X I-Skill
and CC X O

**** NNP X O
D NNP X B-Skill
graphics NNS X I-Skill
fundamentals NNS X I-Skill
Multiprocessor NNP X I-Skill
systems NNS X I-Skill
and CC X O
parallel JJ X B-Skill
programming NN X I-Skill
paradigms NN X I-Skill
Processor NNP X I-Skill
RTL NNP X I-Skill
design NN X I-Skill
Raytracing NNP X I-Skill
algorithms NN X I-Skill
and CC X I-Skill
acceleration NN X I-Skill
Rasterisation NNP X I-Skill
Texture NNP X I-Skill
compression NN X I-Skill
Good JJ X O

knowledge NN X O
of IN X O
engineering NN X B-Skill
principles NNS X O
, , X O
structured VBD X B-Skill
design NN X I-Skill
and CC X O
realtime NN X B-Skill
programming VBG X I-Skill
Able JJ X O
to TO X O
work VB X B-Skill
to TO X I-Skill
timescales NNS X I-Skill
and CC X I-Skill
priorities NNS X I-Skill
with IN X I-Skill
minimal JJ X I-Skill
supervision NN X I-Skill
. . X O
Ensures NNS X B-Skill

that WDT X I-Skill
programming VBG X I-Skill
activities NNS X I-Skill
performed VBN X I-Skill
within IN X I-Skill
the DT X I-Skill
project NN X I-Skill
are VBP X I-Skill
executed VBN X I-Skill
in IN X I-Skill
a DT X I-Skill
timely JJ X I-Skill
manner NN X I-Skill
and CC X O
to TO X O
the DT X O
required JJ X O
high JJ X O
reporting NN X O
standards NNS X O
. . X O
Various JJ X O

projects NNS X O
are VBP X O
run VBN X O
concurrently RB X O
and CC X O
typical JJ X O
project NN X O
length NN X O
varies NNS X O
from IN X O
a DT X O
few JJ X O
weeks NNS X O
to TO X O
a DT X O
year NN X O
. . X O
This DT X O

is VBZ X O
an DT X O
opportunity NN X O
to TO X O
build VB X O
a DT X O
rewarding NN X O
career NN X O
within IN X O
Health NNP X B-Domain
and CC X O
Social NNP X B-Domain
Care NNP X I-Domain
. . X O
You PRP X O

will MD X O
deliver VB X O
lighting JJ X B-Skill
solutions NNS X I-Skill
that WDT X O
provide VBP X O
the DT X O
customer NN X O
with IN X O
Environmental NNP X B-Skill
, , X I-Skill
Financial NNP X I-Skill
and CC X I-Skill
Maintenance NNP X I-Skill
benefits NNS X I-Skill
. . X O
The DT X O

ideal JJ X O
candidate NN X O
will MD X O
be VB X O
a DT X O
graduate NN X B-Qualification
qualified VBN X O
accountant JJ X B-Occupation
with IN X O
a DT X O
background NN X O
in IN X O
the DT X O
manufacturing NN X B-Skill
sector NN X O
. . X O
This DT X O

National NNP X O
firm NN X O
with IN X O
outstanding JJ X O
reputation NN X O
for IN X O
Commercial JJ X B-Domain
Litigation NNP X I-Domain
has VBZ X O
a DT X O
new JJ X O
opening NN X O
for IN X O
a DT X O
NQ2 NNP X O
years NNS X O
PQE NNP X B-Occupation
Solicitor NNP X I-Occupation
to TO X O
joins VB X O
its PRP$ X O
Manchester NNP X O
practice NN X O
. . X O
You PRP X O

will MD X O
possess VB X O
proven JJ X O
experience NN X O
in IN X O
the DT X O
service NN X B-Skill
and CC X I-Skill
maintenance NN X I-Skill
of IN X I-Skill
HGV NNP X I-Skill
/ NNP X I-Skill
LGV NNP X I-Skill
vehicles NNS X I-Skill
coupled VBN X O
with IN X O
knowledge NN X O
of IN X O
ECU NNP X B-Skill
s NN X I-Skill
, , X O
electrical JJ X B-Skill
fault NN X I-Skill
finding NN X I-Skill
, , X O
VOSA NNP X B-Skill
procedures NNS X I-Skill
and CC X O
strong JJ X O
problem NN X B-Skill
resolution NN X I-Skill
skills NNS X I-Skill
. . X O
THE DT X O

COMPANYOur NNP X O
client NN X O
is VBZ X O
part NN X O
of IN X O
a DT X O
group NN X O
that WDT X O
has VBZ X O
170 CD X B-Experience
years NNS X I-Experience
of IN X I-Experience
history NN X I-Experience
We PRP X O

regret VBP X O
that DT X O
due JJ X O
to TO X O
the DT X O
high JJ X O
volume NN X O
of IN X O
applications NNS X O
, , X O
we PRP X O
are VBP X O
unable JJ X O
to TO X O
respond VB X O
to TO X O
each DT X O
individual NN X O
applicant NN X O
. . X O
**** JJ X O

k VBD X O
5 CD X O
% NN X O
bonus NN X O
, , X O
Private NNP X O
medical JJ X O
health NN X O
, , X O
25 CD X O
days NNS X O
holiday NN X O
, , X O
pension NN X O
and CC X O
flexi NN X O
benefits NNS X O
, , X O
based VBN X O
in IN X O
Tetbury NNP X O
, , X O
Wiltshire NNP X O
To TO X O
apply VB X O
for IN X O
this DT X O
position NN X O
, , X O
candidates NNS X O
must MD X O
be VB X O
eligible JJ X O
to TO X O
live VB X O
and CC X O
work VB X O
in IN X O
the DT X O
UK NNP X O
Matchtech NNP X O
is VBZ X O
acting VBG X O
as IN X O
an DT X O
Employment NN X O
Business NN X O
in IN X O
relation NN X O
to TO X O
this DT X O
vacancy NN X O
. . X O
You PRP X O

will MD X O
manage VB X B-Skill
your PRP$ X I-Skill
own JJ X I-Skill
accounts NNS X I-Skill
/ JJ X I-Skill
events NNS X I-Skill
but CC X I-Skill
at IN X I-Skill
the DT X I-Skill
same JJ X I-Skill
time NN X I-Skill
stuff NN X I-Skill
envelopes NNS X I-Skill
or CC X I-Skill
undertake VB X I-Skill
other JJ X I-Skill
menial JJ X I-Skill
tasks NNS X I-Skill
Represent VBP X I-Skill
the DT X I-Skill
company NN X I-Skill
and CC X I-Skill
present VB X I-Skill
a DT X I-Skill
professional JJ X I-Skill
image NN X I-Skill
at IN X I-Skill
all DT X I-Skill
timesThat IN X O
you PRP X O
are VBP X O
willing JJ X O
to TO X O
work VB X B-Skill
in IN X I-Skill
excess NN X I-Skill
of IN X I-Skill
usual JJ X I-Skill
working NN X I-Skill
hours NNS X I-Skill
when WRB X I-Skill
the DT X I-Skill
balance NN X I-Skill
of IN X I-Skill
the DT X I-Skill
companys NN X I-Skill
work NN X I-Skill
or CC X I-Skill
allocated VBN X I-Skill
responsibilities NNS X I-Skill
requires VBZ X I-Skill
this DT X I-Skill
. . X O
Key NNP X O

responsibilities NNS X O
of IN X O
the DT X O
role NN X O
will MD X O
be VB X O
: : X O
To TO X O
manage VB X B-Skill
the DT X I-Skill
production NN X I-Skill
of IN X I-Skill
a DT X I-Skill
range NN X I-Skill
of IN X I-Skill
marketing VBG X I-Skill
material NN X I-Skill
including VBG X O
leaflets NNS X O
, , X O
posters NNS X O
, , X O
flyers NNS X O
, , X O
newsletters NNS X O
and CC X O
enewsletters NNS X O
. . X O
Carry NNP X B-Skill

out RP X I-Skill
other JJ X I-Skill
relevant JJ X I-Skill
duties NNS X I-Skill
as IN X I-Skill
required VBN X I-Skill
from IN X I-Skill
time NN X I-Skill
to TO X I-Skill
time NN X I-Skill
. . X O
eg RB X O

large JJ X O
print NN X O
, , X O
Braille NNP X O
, , X O
audio NN X O
or CC X O
hard JJ X O
copy NN X O
, , X O
or CC X O
who WP X O
are VBP X O
unable JJ X O
to TO X O
apply VB X O
online NN X O
should MD X O
contact VB X O
us PRP X O
by IN X O
telephone NN X O
, , X O
Please NNP X O
quote VB X O
reference NN X O
number NN X O
IRC NNP X O
Elevation NNP X O

Sales NNS X B-Domain
& CC X I-Domain
Marketing NNP X I-Domain
would MD X O
be VB X O
keen JJ X O
to TO X O
speak VB X O
with IN X O
candidates NNS X O
with IN X O
the DT X O
following JJ X O
skills NNS X O
and CC X O
experiences NNS X O
: : X O
Previous JJ X B-Skill
product NN X I-Skill
management NN X I-Skill
experience NN X I-Skill
is VBZ X O
essential JJ X O
Ideally NNP X O
exposure NN X O
to TO X O
the DT X O
FMCG NNP X B-Domain
, , X I-Domain
Consumer NNP X I-Domain
Durable NNP X I-Domain
or CC X O
Retail NNP X B-Domain
sectors NNS X I-Domain
Ideally RB X O
be VB X O
able JJ X O
to TO X O
demonstrate VB X O
experience NN X B-Skill
of IN X I-Skill
working VBG X I-Skill
with IN X I-Skill
the DT X I-Skill
major JJ X I-Skill
multiples NNS X I-Skill
or CC X I-Skill
high JJ X I-Skill
street NN X I-Skill
retailers NNS X I-Skill
Strong NNP X O
organization NN X B-Skill
skills NNS X I-Skill
with IN X O
keen JJ X O
commercial JJ X B-Skill
awareness NN X I-Skill
If IN X O

you PRP X O
enjoy VBP X O
looking VBG X O
after IN X O
others NNS X O
and CC X O
have VB X O
a DT X O
flexible JJ X B-Skill
approach NN X I-Skill
to TO X I-Skill
work VB X I-Skill
involving VBG X I-Skill
daytime RB X I-Skill
, , X I-Skill
evening VBG X I-Skill
and CC X I-Skill
weekend NN X I-Skill
hours NNS X I-Skill
, , X O
we PRP X O
would MD X O
love VB X O
to TO X O
hear VB X O
from IN X O
you PRP X O
Work VBP X O
with IN X O
one CD X O
of IN X O
the DT X O
UK NNP X O
s NN X O
leading VBG X O
nursing NN X O
and CC X O
care NN X O
services NNS X O
providers NNS X O
and CC X O
start VB X O
your PRP$ X O
challenging VBG X O
but CC X O
truly RB X O
rewarding JJ X O
career NN X O
in IN X O
care NN X O
today NN X O
The DT X O

candidate NN X O
will MD X O
perform VB X O
the DT X O
entirety NN X O
of IN X O
the DT X O
backend NN X O
Django NNP X B-Skill
/ NNP X I-Skill
Python NNP X I-Skill
coding NN X I-Skill
, , X O
maintain NN X O
and CC X O
improve VB X O
the DT X O
deployment NN X O
environment NN X O
server NN X O
, , X O
backups NNS X O
, , X O
etc FW X O
, , X O
ensure VB X O
uptime JJ X O
and CC X O
performance NN X O
, , X O
and CC X O
interface NN X O
with IN X O
our PRP$ X O
talented JJ X O
designer NN X O
, , X O
who WP X O
will MD X O
share NN X O
responsibility NN X O
with IN X O
the DT X O
candidate NN X O
for IN X O
Javascript NNP X B-Skill
, , X O
CSS NNP X B-Skill
, , X O
and CC X O
HTML NNP X B-Skill
. . X O
Post NNP X B-Qualification

qualified VBD X I-Qualification
accountant JJ X I-Qualification
Prior NNP X B-Experience
experience NN X I-Experience
in IN X O
preparing VBG X B-Skill
annual JJ X I-Skill
statutory JJ X I-Skill
accounts NNS X I-Skill
Strong IN X O
IT NNP X B-Skill
skills VBZ X I-Skill
including VBG X I-Skill
excel NN X I-Skill
and CC X I-Skill
word NN X I-Skill
Excellent NNP X O
attention NN X B-Skill
to TO X I-Skill
detail VB X I-Skill
Ability NNP X I-Skill
to TO X I-Skill
work VB X I-Skill
under IN X I-Skill
pressure NN X I-Skill
and CC X I-Skill
to TO X I-Skill
strict VB X I-Skill
reporting VBG X I-Skill
deadlines NNS X I-Skill
Ability NNP X I-Skill
to TO X I-Skill
communicate VB X I-Skill
effectively RB X I-Skill
at IN X I-Skill
all DT X I-Skill
levels NNS X I-Skill
Strong NNP X O
organisational JJ X B-Skill
skills NNS X I-Skill
If IN X O
you PRP X O
have VBP X O
similar JJ X O
experience NN X O
to TO X O
that DT X O
outlined VBN X O
above IN X O
and CC X O
are VBP X O
looking VBG X O
for IN X O
a DT X O
temporary JJ X O
opportunity NN X O
within IN X O
a DT X O
progressive JJ X O
and CC X O
dynamic JJ X O
environment NN X O
, , X O
please VB X O
forward RB X O
your PRP$ X O
CV NN X O
today NN X O
. . X O
Tiger NNP X O

Basic NNP X O
knowledge NN X B-Skill
of IN X I-Skill
ITIL NNP X I-Skill
Key NNP X O
Responsibilities NNP X O
Respond NNP X B-Skill
to TO X I-Skill
incidents NNS X I-Skill
logged VBN X I-Skill
on IN X I-Skill
the DT X I-Skill
Incident NNP X I-Skill
Management NNP X I-Skill
system NN X I-Skill
and CC X O
provide VB X B-Skill
end NN X I-Skill
users NNS X I-Skill
with IN X I-Skill
a DT X I-Skill
technical JJ X I-Skill
solution NN X I-Skill
within IN X I-Skill
Service NNP X I-Skill
Level NNP X I-Skill
Agreements NNP X I-Skill
. . X O
The DT X O

role NN X O
will MD X O
be VB X O
involved VBN X O
in IN X O
aspects NNS X O
of IN X O
monthly JJ X O
, , X O
quarterly JJ X O
and CC X O
annual JJ X O
reporting NN X B-Skill
and CC X I-Skill
assisting VBG X I-Skill
in IN X I-Skill
identifying VBG X I-Skill
accounting NN X I-Skill
controls NNS X I-Skill
and CC X I-Skill
processes NNS X I-Skill
that WDT X I-Skill
are VBP X I-Skill
required VBN X I-Skill
to TO X I-Skill
support VB X I-Skill
financial JJ X I-Skill
and CC X I-Skill
operational JJ X I-Skill
reporting NN X I-Skill
. . X O
Ensure NN X B-Skill

that IN X I-Skill
your PRP$ X I-Skill
work NN X I-Skill
is VBZ X I-Skill
planned VBN X I-Skill
with IN X I-Skill
the DT X I-Skill
rest NN X I-Skill
of IN X I-Skill
the DT X I-Skill
team NN X I-Skill
and CC X I-Skill
any DT X I-Skill
external JJ X I-Skill
contractors NNS X I-Skill
working VBG X I-Skill
on IN X I-Skill
site NN X I-Skill
The DT X O

service NN X O
users NNS X O
require VBP X O
emotional JJ X B-Skill
and CC X I-Skill
practical JJ X I-Skill
support NN X I-Skill
on IN X I-Skill
an DT X I-Skill
individual JJ X I-Skill
basis NN X I-Skill
, , X O
in IN X O
addition NN X O
to TO X O
full JJ X B-Skill
assistance NN X I-Skill
with IN X I-Skill
personal JJ X I-Skill
care NN X I-Skill
. . X O
Are NNP X O

you PRP X O
looking VBG X O
for IN X O
your PRP$ X O
first JJ X O
opportunity NN X O
as IN X O
an DT X O
Android NNP X B-Occupation
developer NN X I-Occupation
, , X O
but CC X O
can MD X O
' '' X O
t VB X O
get VB X O
your PRP$ X O
foot NN X O
on IN X O
the DT X O
ladder NN X O
? . X O
Highly NNP X B-Skill

organised VBD X I-Skill
, , X O
you PRP X O
will MD X O
be VB X O
able JJ X O
to TO X O
demonstrate VB X O
the DT X O
very RB X O
highest JJS X O
levels NNS X O
of IN X O
customer NN X O
satisfaction NN X O
and CC X O
interaction NN X O
. . X O
The DT X O

contract NN X O
is VBZ X O
a DT X O
tough JJ X O
commercial JJ X O
contract NN X O
so RB X O
strong JJ X O
commercial JJ X B-Skill
/ NN X I-Skill
retail JJ X I-Skill
skills NNS X I-Skill
are VBP X O
essential JJ X O
. . X O
We PRP X O

offer VBP X O
a DT X O
competitive JJ X O
base NN X O
salary NN X O
, , X O
uncapped VBD X O
sales NNS X O
commission NN X O
and CC X O
a DT X O
guaranteed JJ X O
sales NNS X O
commission NN X O
amount NN X O
during IN X O
your PRP$ X O
first JJ X O
2 CD X O
months NNS X O
Coordinate NN X O

with IN X O
Program NNP X B-Occupation
Managers NNPS X I-Occupation
in IN X O
scheduling VBG X B-Skill
and CC X I-Skill
support VB X I-Skill
program NN X I-Skill
control NN X I-Skill
meetings NNS X I-Skill
recommends VBZ X I-Skill
actions NNS X I-Skill
to TO X I-Skill
resolve VB X I-Skill
schedule NN X I-Skill
problems NNS X I-Skill
, , X O
and CC X O
updates VBZ X B-Skill
plan VBP X I-Skill
accordingly RB X I-Skill
based VBN X I-Skill
on IN X I-Skill
actions NNS X I-Skill
taken VBN X I-Skill
by IN X I-Skill
team NN X I-Skill
to TO X I-Skill
resolve VB X I-Skill
schedule NN X I-Skill
problems NNS X I-Skill
. . X O
As IN X O

Sous JJ X B-Occupation
Chef NNP X I-Occupation
with IN X O
us PRP X O
you PRP X O
ll VBP X O
be VB X O
leading VBG X O
the DT X O
revolution NN X O
, , X O
and CC X O
leading VBG X B-Skill
your PRP$ X I-Skill
team NN X I-Skill
, , X O
into IN X O
an DT X O
exciting JJ X O
new JJ X O
age NN X O
of IN X O
British JJ X O
cuisine NN X O
with IN X O
the DT X O
emphasis NN X O
on IN X O
fantastic JJ X O
fresh JJ X O
ingredients NNS X O
sourced VBN X O
locally RB X O
where WRB X O
possible JJ X O
, , X O
a DT X O
lightness NN X O
of IN X O
touch NN X O
and CC X O
innovative JJ X O
new JJ X O
marriages NNS X O
of IN X O
flavour NN X O
You PRP X O

will MD X O
be VB X O
expected VBN X O
to TO X O
work VB X O
across IN X O
the DT X O
Age NNP X O
UK NNP X O
group NN X O
, , X O
externally RB X O
and CC X O
also RB X O
support VB X O
the DT X O
wider NN X O
Affinity NNP X O
Team NNP X O
with IN X O
cover NN X B-Skill
and CC X O
support NN X B-Skill
. . X O
A DT X O

thorough JJ X O
understanding NN X O
of IN X O
Six NNP X B-Skill
Sigma NNP X I-Skill
and CC X O
Continuous NNP X B-Skill
Improvement NNP X I-Skill
is VBZ X O
also RB X O
essential JJ X O
coupled VBN X O
with IN X O
the DT X O
ability NN X B-Skill
to TO X I-Skill
prioritise VB X I-Skill
world NN X I-Skill
loads NNS X I-Skill
and CC X O
work NN X B-Skill
to TO X I-Skill
strict VB X I-Skill
KPIs NNP X I-Skill
. . X O
Highbury NNP X O

has VBZ X O
undergone JJ X O
extensive JJ X O
redevelopment NN X O
and CC X O
the DT X O
new JJ X O
Highbury NNP X O
campus NN X O
, , X O
opened VBD X O
August NNP X O
They PRP X O

are VBP X O
based VBN X O
in IN X O
the DT X O
heart NN X O
of IN X O
Soho NNP X O
, , X O
London NNP X O
. . X O
If IN X O

you PRP X O
feel VBP X O
that IN X O
you PRP X O
have VBP X O
the DT X O
relevant JJ X O
experience NN X B-Skill
to TO X O
be VB X O
successful JJ X O
in IN X O
this DT X O
position NN X O
and CC X O
would MD X O
like VB X O
to TO X O
find VB X O
out RP X O
more JJR X O
please JJ X O
apply VB X O
online JJ X O
today NN X O
attaching VBG X O
a DT X O
copy NN X O
of IN X O
your PRP$ X O
current JJ X O
CV NNP X O
. . X O
Manage VB X B-Skill

the DT X I-Skill
budgets NNS X I-Skill
for IN X O
the DT X O
site NN X O
to TO X O
support VB X O
the DT X O
General NNP X O
Manager NNP X O
in IN X O
cost NN X B-Skill
control NN X I-Skill
. . X O
You PRP X O

will MD X O
ideally RB X O
live VB X O
within IN X O
Exeter NNP X O
, , X O
or CC X O
be VB X O
able JJ X O
to TO X O
travel VB X O
to TO X O
the DT X O
Exeter NNP X O
area NN X O
, , X O
and CC X O
not RB X O
only RB X O
be VB X O
experienced VBN X B-Skill
as IN X O
a DT X O
Service NNP X B-Occupation
Advisor NNP X I-Occupation
within IN X B-Skill
the DT X I-Skill
Motor NNP X I-Skill
Trade NNP X I-Skill
, , X O
but CC X O
also RB X O
used VBD X O
to TO X O
and CC X O
experienced VBN X B-Skill
in IN X I-Skill
working VBG X I-Skill
in IN X I-Skill
a DT X I-Skill
highpressure NN X I-Skill
and CC X I-Skill
target NN X I-Skill
focused JJ X I-Skill
environment NN X I-Skill
. . X O
MUST NNP X O

Previously NNP X B-Skill
ran VBD X I-Skill
a DT X I-Skill
busy JJ X I-Skill
service NN X I-Skill
department NN X I-Skill
Man NNP X I-Skill
management NN X I-Skill
experience NN X I-Skill
Full NNP X O
UK NNP X B-Qualification
driving VBG X I-Qualification
license NN X I-Qualification
If IN X O
your PRP$ X O
experience NN X O
matches NNS X O
please VBP X O
forward RB X O
THE DT X O

ROLE NNP X O
: : X O
The DT X O
successful JJ X O
candidate NN X O
will MD X O
carry VB X O
out RP X O
a DT X O
full JJ X O
range NN X O
of IN X O
commercial JJ X B-Skill
real JJ X I-Skill
estate NN X I-Skill
litigation NN X I-Skill
work NN X O
. . X O
With IN X O

such JJ X O
high JJ X O
exposure NN X O
and CC X O
new JJ X B-Skill
model NN X I-Skill
line NN X I-Skill
up IN X I-Skill
our PRP$ X O
client NN X O
s NN X O
plans NNS X O
are VBP X O
simple JJ X O
to TO X O
increase VB X O
the DT X O
size NN X O
and CC X O
strength NN X O
of IN X O
its PRP$ X O
sales NNS X B-Domain
force NN X O
. . X O
The DT X O

post NN X O
holder NN X O
will MD X O
be VB X O
responsible JJ X O
for IN X O
managing VBG X B-Skill
any DT X O
operation NN X O
both DT X O
within IN X O
the DT X O
UK NNP X O
and CC X O
overseas RB X O
to TO X O
engage VB X B-Skill
with IN X I-Skill
enquirers NNS X I-Skill
and CC X I-Skill
applicants NNS X I-Skill
along IN X O
their PRP$ X O
customer NN X O
journey NN X O
to TO X O
encourage VB X O
enrolment NN X O
at IN X O
Coventry NNP X O
University NNP X O
Campus NNP X O
or CC X O
Coventry NNP X O
University NNP X O
London NNP X O
Campus NNP X O
. . X O
All DT X O

applicants NNS X O
must MD X O
hold VB X O
DipSW NNP X B-Qualification
or CC X O
equivalent JJ X O
qualification NN X O
in IN X O
Social NNP X B-Domain
Work NNP X I-Domain
and CC X O
be VB X O
HCPC NNP X B-Qualification
registered VBN X I-Qualification
. . X O
David NNP X O

requires VBZ X O
assistance NN X B-Skill
with IN X I-Skill
daily JJ X I-Skill
living NN X I-Skill
tasks NNS X I-Skill
and CC X I-Skill
accessing VBG X I-Skill
a DT X I-Skill
range NN X I-Skill
of IN X I-Skill
activities NNS X I-Skill
such JJ X O
as IN X O
cycling NN X B-Domain
, , X O
swimming NN X B-Domain
, , X O
music NN X B-Domain
and CC X O
visiting VBG X O
his PRP$ X O
local JJ X O
pub NN X O
. . X O
to TO X O

**** VB X O
depending VBG X O
on IN X O
experience NN X O
and CC X O
there EX X O
are VBP X O
tips NNS X O
on IN X O
top NN X O
. . X O
Interviewing VBG X B-Skill

candidates NNS X I-Skill
and CC X O
screening VBG X B-Skill
CVs NNP X I-Skill
for IN X O
line NN X O
managers NNS X O
, , X O
you PRP X O
will MD X O
make VB X O
use NN X B-Skill
of IN X I-Skill
Psychometric NNP X I-Skill
Assessment NNP X I-Skill
Tools NNP X I-Skill
and CC X O
will MD X O
host VB X B-Skill
Assessment NNP X I-Skill
Centres NNP X I-Skill
. . X O
T NN X O

he PRP X O
ideal JJ X O
candidate NN X O
should MD X O
ideally RB X O
have VB X O
previous JJ X B-Experience
warehouse NN X I-Experience
Supervisory NNP X I-Experience
experience NN X I-Experience
gained VBD X O
within IN X O
a DT X O
fast NN X O
paced VBN X O
and CC X O
demanding VBG X O
distribution NN X O
environment NN X O
. . X O
home NN X O

based VBN X O
Responsible NNP X O
for IN X O
installing VBG X B-Skill
pipework NN X I-Skill
and CC X I-Skill
gas NN X I-Skill
equipment NN X I-Skill
. . X O
Monthly JJ X O

journal NN X O
entries NNS X O
including VBG X O
but CC X O
not RB X O
exclusively RB X O
prepayments NNS X O
and CC X O
accruals NNS X O
Team NN X B-Occupation

Leader NNP X I-Occupation
Purpose NNP X O
of IN X O
job NN X O
: : X O
To TO X O
deliver VB X O
practical JJ X O
training NN X O
, , X O
assess NN X B-Skill
and CC X O
verify VB X B-Skill
where WRB X O
appropriate JJ X O
Employer NNP X B-Occupation
Responsive NNP X O
provision NN X O
in IN X O
a DT X O
variety NN X O
of IN X O
environments NNS X O
. . X O
If IN X O

this DT X O
position NN X O
is VBZ X O
of IN X O
interest NN X O
please NN X O
email VB X O
your PRP$ X O
CV NNP X O
or CC X O
call VB X O
Sarah NNP X O
Mendelsohn NNP X O
on IN X O
**** CD X B-Experience

years NNS X I-Experience
of IN X I-Experience
experience NN X I-Experience
and CC X O
be VB X O
currently RB X O
at IN X O
Ecommerce NNP X B-Occupation
Manager NNP X I-Occupation
or CC X O
Director NNP X B-Occupation
level NN X O
in IN X O
a DT X O
large JJ X O
scale NN X O
, , X O
multimillion NN X O
pound NN X O
Ecommerce NNP X B-Domain
retailer NN X O
. . X O
You PRP X O

will MD X O
need VB X O
to TO X O
demonstrate VB X O
a DT X O
great JJ X O
classroom NN X B-Skill
presence NN X I-Skill
and CC X O
practices NNS X O
to TO X O
help VB X O
engage VB X B-Skill
this DT X I-Skill
hugely RB X I-Skill
bright JJ X I-Skill
and CC X I-Skill
diverse JJ X I-Skill
student NN X I-Skill
population NN X I-Skill
. . X O
They PRP X O

now RB X O
seek VBP X O
to TO X O
recruit VB X O
a DT X O
VAT NNP X B-Occupation
Manager NNP X I-Occupation
/ NNP X O
Senior NNP X B-Occupation
Manager NNP X I-Occupation
to TO X O
join VB X O
their PRP$ X O
established VBN X O
team NN X O
managing VBG X B-Skill
a DT X I-Skill
portfolio NN X I-Skill
of IN X I-Skill
existing VBG X I-Skill
clients NNS X I-Skill
and CC X I-Skill
a DT X I-Skill
small JJ X I-Skill
team NN X I-Skill
of IN X I-Skill
tax NN X I-Skill
professionals NNS X I-Skill
. . X O
Main NNP X O

functions NNS X O
of IN X O
role NN X O
: : X O
Telemarketer NNP X B-Occupation
candidates NNS X O
to TO X O
relevant VB X O
companies NNS X O
Gas NNP X B-Qualification

safe JJ X I-Qualification
and CC X O
ACS NNP X B-Qualification
certificates NNS X I-Qualification
as RB X O
well RB X O
as IN X O
knowledge NN X O
and CC X O
working VBG X O
experience NN X O
of IN X O
OIL NNP X B-Skill
and CC X O
LPG NNP X B-Skill
fired VBD X I-Skill
boiler NN X I-Skill
systems NNS X I-Skill
. . X O
Our PRP$ X O

continued JJ X O
success NN X O
has VBZ X O
led VBN X O
to TO X O
an DT X O
impressive JJ X O
growth NN X O
spurt NN X O
, , X O
which WDT X O
means VBZ X O
we PRP X O
' '' X O
re JJ X O
scouring VBG X O
the DT X O
nation NN X O
for IN X O
ambitious JJ X O
individuals NNS X O
to TO X O
join VB X O
our PRP$ X O
team NN X O
of IN X O
Business NNP X O
Travel NNP X O
Consultants NNP X O
. . X O
The DT X O

Centre NNP X O
provides VBZ X B-Skill
advice NN X I-Skill
and CC X I-Skill
information NN X I-Skill
in IN X O
various JJ X O
forms NNS X O
such JJ X O
as IN X O
telephone NN X B-Skill
contact NN X I-Skill
, , X I-Skill
newsletters NNS X I-Skill
, , X O
a DT X O
database NN X B-Skill
or CC X I-Skill
directory NN X I-Skill
of IN X I-Skill
services NNS X I-Skill
and CC X O
in IN X O
appropriate JJ X O
formats NNS X O
which WDT X O
make VBP X O
them PRP X O
accessible JJ X O
to TO X O
carers NNS X B-Occupation
from IN X O
all DT X O
ethnic JJ X O
backgrounds NNS X O
. . X O
In IN X O

return NN X O
we PRP X O
offer VBP X O
a DT X O
fantastic JJ X O
working NN X O
environment NN X O
where WRB X O
hard JJ X B-Skill
work NN X I-Skill
and CC X O
commitment NN X B-Skill
is VBZ X O
combined VBN X O
with IN X O
huge JJ X O
job NN X O
satisfaction NN X O
. . X O
**** NN X O

with IN X O
a DT X O
clear JJ X O
tier NN X O
structure NN X O
to TO X O
progress VB X O
, , X O
and CC X O
an DT X O
uncapped JJ X O
commission NN X O
scheme NN X O
. . X O
Duties NNS X O

will MD X O
include VB X O
: : X O
Staff NNP X B-Skill
Management NNP X I-Skill
Health NNP X I-Skill
and CC X I-Skill
Safety NNP X I-Skill
Finance NNP X I-Skill
and CC X I-Skill
reporting VBG X I-Skill
Client NNP X I-Skill
servicing VBG X I-Skill
Concept NNP X I-Skill
and CC X I-Skill
strategy NN X I-Skill
identifying VBG X I-Skill
ways NNS X I-Skill
to TO X I-Skill
increase VB X I-Skill
footfall NN X I-Skill
Relationship NNP X I-Skill
building NN X I-Skill
with IN X I-Skill
the DT X I-Skill
agency NN X I-Skill
, , X I-Skill
the DT X I-Skill
client NN X I-Skill
and CC X I-Skill
the DT X I-Skill
venue NN X I-Skill
team NN X I-Skill
Coordinating NNP X I-Skill
onsite NN X I-Skill
activities NNS X I-Skill
Team NNP X I-Skill
management NN X I-Skill
and CC X I-Skill
development NN X I-Skill
Our PRP$ X O

client NN X O
has VBZ X O
a DT X O
large JJ X O
program NN X O
of IN X O
Substation NNP X O
projects NNS X O
within IN X O
their PRP$ X O
remit NN X O
. . X O
Please NNP X O

submit VB X O
your PRP$ X O
CV NNP X O
for IN X O
the DT X O
full JJ X O
job NN X O
description NN X O
and CC X O
web NN X O
link NN X O
. . X O
We PRP X O

will MD X O
also RB X O
expect VB X O
you PRP X O
to TO X O
have VB X B-Skill
good JJ X I-Skill
IT NNP X I-Skill
skills VBZ X I-Skill
, , X I-Skill
ideally RB X I-Skill
including VBG X I-Skill
advanced JJ X I-Skill
level NN X I-Skill
Excel NNP X I-Skill
. . X O
You PRP X O

will MD X O
ideally RB X O
live VB X O
within IN X O
the DT X O
West NNP X O
Midlands NNPS X O
area NN X O
or CC X O
be VB X O
able JJ X O
to TO X O
travel VB X O
to TO X O
the DT X O
Kidderminster NNP X O
area NN X O
and CC X O
not RB X O
only RB X O
be VB X O
an DT X O
experienced JJ X B-Skill
Automotive NNP X B-Occupation
Business NNP X I-Occupation
Manager NNP X I-Occupation
but CC X O
also RB X O
be VB X O
used VBN X O
to TO X O
and CC X O
experienced VBN X O
in IN X O
working VBG X B-Skill
in IN X I-Skill
a DT X I-Skill
main JJ X I-Skill
dealer NN X I-Skill
. . X O
Work NN X O

closely RB X O
with IN X O
Marketing NNP X B-Domain
within IN X O
the DT X O
College NNP X O
to TO X O
provide VB X B-Skill
commercial JJ X I-Skill
learning NN X I-Skill
experiences NNS X I-Skill
for IN X I-Skill
students NNS X I-Skill
. . X O
Due JJ X O

to TO X O
increased VBN X O
work NN X O
levels NNS X O
they PRP X O
are VBP X O
looking VBG X O
for IN X O
the DT X O
addition NN X O
of IN X O
a DT X O
bright JJ X B-Skill
commercially RB X I-Skill
minded VBN X I-Skill
pragmatic JJ X I-Skill
junior JJ X O
lawyer NN X B-Occupation
whom WP X O
is VBZ X O
enthusiastic JJ X B-Skill
to TO X I-Skill
develop VB X I-Skill
and CC X I-Skill
progress VB X I-Skill
through IN X I-Skill
the DT X I-Skill
firm NN X I-Skill
. . X O
They PRP X O

will MD X O
be VB X O
responsible JJ X B-Skill
for IN X I-Skill
the DT X I-Skill
successful JJ X I-Skill
delivery NN X I-Skill
of IN X I-Skill
project NN X I-Skill
work NN X I-Skill
ensuring VBG X I-Skill
that IN X I-Skill
everything NN X I-Skill
is VBZ X I-Skill
delivered VBN X I-Skill
on IN X I-Skill
time NN X I-Skill
and CC X I-Skill
within IN X I-Skill
budget NN X I-Skill
to TO X I-Skill
the DT X I-Skill
high JJ X I-Skill
polished JJ X I-Skill
standard NN X I-Skill
we PRP X I-Skill
are VBP X I-Skill
renowned VBN X I-Skill
for IN X I-Skill
. . X O
Your PRP$ X O

details NNS X O
will MD X O
be VB X O
saved VBN X O
on IN X O
our PRP$ X O
system NN X O
and CC X O
you PRP X O
will MD X O
be VB X O
contacted VBN X O
in IN X O
the DT X O
future NN X O
if IN X O
a DT X O
vacancy NN X O
matches VBZ X O
your PRP$ X O
skills NNS X O
. . X O
With IN X O

recent JJ X O
growth NN X O
, , X O
our PRP$ X O
client NN X O
is VBZ X O
proactively RB X O
looking VBG X O
to TO X O
increase VB X O
their PRP$ X O
share NN X O
of IN X O
the DT X O
fire NN X B-Skill
and CC X I-Skill
security NN X I-Skill
solutions NNS X I-Skill
. . X O
Developing VBG X B-Skill

procedures NNS X I-Skill
for IN X I-Skill
the DT X I-Skill
costing NN X I-Skill
and CC X I-Skill
pricing NN X I-Skill
of IN X I-Skill
proposed VBN X I-Skill
and CC X I-Skill
existing VBG X I-Skill
activities NNS X I-Skill
. . X O
THE DT X O

COMPANY NNP X O
The DT X O
successful JJ X O
candidate NN X O
will MD X O
join VB X O
a DT X O
leading VBG X O
marketing NN X B-Domain
analytics NNS X O
consultancy NN X O
, , X O
based VBN X O
in IN X O
Central NNP X O
London NNP X O
, , X O
where WRB X O
they PRP X O
will MD X O
provide VB X B-Skill
valuable JJ X I-Skill
customer NN X I-Skill
insight NN X I-Skill
for IN X I-Skill
a DT X I-Skill
broad JJ X I-Skill
range NN X I-Skill
of IN X I-Skill
international JJ X I-Skill
clients NNS X I-Skill
. . X O
Applicant JJ X O

Requirements NNS X O
: : X O
Essential JJ X O
: : X O
The DT X O
successful JJ X O
candidate NN X O
will MD X O
have VB X O
Stores NNP X B-Skill
experience NN X I-Skill
. . X O
The DT X O

candidate NN X O
must MD X O
have VB X O
a DT X O
good JJ X O
understanding NN X O
of IN X O
the DT X O
life NN X B-Skill
cycle NN X I-Skill
of IN X I-Skill
web JJ X I-Skill
delivery NN X I-Skill
and CC X O
be VB X O
capable JJ X O
of IN X O
keeping VBG X B-Skill
dozens NNS X I-Skill
of IN X I-Skill
work NN X I-Skill
streams NNS X I-Skill
within IN X I-Skill
scope NN X I-Skill
, , X O
schedule NN X B-Skill
and CC X O
budget NN X B-Skill
at IN X O
any DT X O
given VBN X O
time NN X O
. . X O
she PRP X O

performs VBZ X O
the DT X O
job NN X O
Commitment NNP X O
to TO X O
operating VBG X B-Skill
in IN X I-Skill
a DT X I-Skill
harmonious JJ X I-Skill
, , X I-Skill
safe JJ X I-Skill
and CC X I-Skill
secure JJ X I-Skill
environment NN X I-Skill
Commitment NN X O
to TO X O
personal JJ X B-Skill
improvement NN X I-Skill
and CC X O
professional JJ X B-Skill
development NN X I-Skill
Potential JJ X O

candidates NNS X O
who WP X O
do VBP X O
not RB X O
have VB X O
this DT X O
right NN X O
or CC X O
permit NN X O
, , X O
or CC X O
are VBP X O
pending VBG X O
an DT X O
application NN X O
to TO X O
obtain VB X O
this DT X O
right NN X O
or CC X O
permit NN X O
should MD X O
not RB X O
apply VB X O
as IN X O
your PRP$ X O
details NNS X O
will MD X O
not RB X O
be VB X O
processed VBN X O
. . X O
The DT X O

tax NN X O
department NN X O
punches NNS X O
above IN X O
its PRP$ X O
size NN X O
in IN X O
the DT X O
marketplace NN X O
and CC X O
regularly JJ X O
advises NNS X O
on IN X O
cutting VBG X O
edge NN X O
deals NNS X O
. . X O
European JJ X O

Care NNP X O
Homes NNP X O
supports VBZ X B-Skill
older JJR X I-Skill
people NNS X I-Skill
, , X O
providing VBG X B-Skill
dementia NN X I-Skill
, , X O
nursing NN X B-Skill
, , X O
respite NN X B-Skill
, , X O
palliative NN X B-Skill
and CC X O
end NN X B-Skill
of IN X I-Skill
life NN X I-Skill
care NN X I-Skill
. . X O
An DT X O

extremely RB X O
successful JJ X O
Corporate NNP X O
Company NNP X O
based VBN X O
in IN X O
Holborn NNP X O
, , X O
is VBZ X O
currently RB X O
recruiting VBG X O
for IN X O
an DT X O
experienced JJ X O
Receptionist NN X B-Occupation
. . X O
Experience NN X O

in IN X O
client NN X B-Skill
facing NN X I-Skill
, , X O
project NN X B-Skill
management NN X I-Skill
and CC X O
leading VBG X B-Skill
small JJ X I-Skill
team NN X I-Skill
. . X O
Please VB X O

feel VB X O
free JJ X O
to TO X O
connect VB X O
with IN X O
me PRP X O
on IN X O
LINKEDIN NNP X O
Circle NNP X O
Recruitment NNP X O
The DT X O

client NN X O
is VBZ X O
looking VBG X O
for IN X O
experienced JJ X B-Skill
Service NNP X B-Occupation
Desk NNP X I-Occupation
Analysts NNS X I-Occupation
to TO X O
apply VB X O
so RB X O
that IN X O
the DT X O
majority NN X B-Skill
of IN X I-Skill
calls NNS X I-Skill
can MD X I-Skill
be VB X I-Skill
resolved VBN X I-Skill
where WRB X I-Skill
possible JJ X I-Skill
on IN X I-Skill
the DT X I-Skill
first JJ X I-Skill
call NN X I-Skill
. . X O
For IN X O

further JJ X O
information NN X O
please NN X O
contact VB X O
the DT X O
JustOT NNP X O
on IN X O
or CC X O
send VB X O
your PRP$ X O
CV NNP X O
to TO X O
Refer VB X O
a DT X O
friend NN X O
for IN X O
this DT X O
job NN X O
and CC X O
earn $ X O
200 CD X O
cash NN X O
JustOT NNP X O
offer NN X O
unbeatable JJ X O
benefits NNS X O
including VBG X O
: : X O
Market NN X O
leading VBG X O
pay VB X O
rate NN X O
New NNP X O
TPG NNP X O
incentives VBZ X O
scheme NN X O
; : X O
giving VBG X O
you PRP X O
access NN X O
to TO X O
thousands NNS X O
of IN X O
online NN X O
and CC X O
in IN X O
store NN X O
discounts NNS X O
**** VB X O

A DT X O
global JJ X O
manufacturer NN X O
of IN X O
high JJ X O
precision NN X O
metal NN X O
tubing VBG X O
for IN X O
70 CD X O
years NNS X O
is VBZ X O
now RB X O
looking VBG X O
for IN X O
a DT X O
None NN X O
Destructive NNP X O
Test NNP X B-Occupation
Engineer NNP X I-Occupation
to TO X O
join VB X O
their PRP$ X O
well NN X O
established VBN X O
team NN X O
. . X O
The DT X O

units NNS X O
will MD X O
offer VB X O
a DT X O
structured JJ X O
induction NN X O
programme NN X O
and CC X O
continued VBD X O
educational JJ X B-Domain
and CC X O
clinical JJ X B-Domain
support NN X I-Domain
for IN X O
all DT X O
staff NN X O
and CC X O
there EX X O
will MD X O
be VB X O
opportunity NN X O
for IN X O
rotation NN X O
between IN X O
the DT X O
two CD X O
areas NNS X O
. . X O
To TO X O

be VB X O
in IN X B-Skill
charge NN X I-Skill
of IN X I-Skill
invoicing VBG X I-Skill
for IN X I-Skill
the DT X I-Skill
teams NNS X I-Skill
. . X O
**** NN X O

has VBZ X O
seated VBN X O
more JJR X O
than IN X O
350 CD X O
million CD X O
diners NNS X O
around IN X O
the DT X O
world NN X O
. . X O
There EX X O

are VBP X O
career NN X O
development NN X O
opportunities NNS X O
and CC X O
you PRP X O
will MD X O
receive VB X O
support NN X O
from IN X O
senior JJ X O
management NN X O
. . X O
In IN X O

dept JJ X O
knowledge NN X O
of IN X O
Health NNP X B-Domain
and CC X I-Domain
Food NNP X I-Domain
Safety NNP X I-Domain
, , X O
Italian JJ X B-Skill
cuisine NN X I-Skill
and CC X I-Skill
its PRP$ X I-Skill
ingredients NNS X I-Skill
, , X O
detail NN X B-Skill
minded VBD X I-Skill
, , X O
capable JJ X O
of IN X O
driving VBG X B-Skill
consistent JJ X I-Skill
brand NN X I-Skill
standards NNS X I-Skill
set VBN X O
by IN X O
the DT X O
Development NNP X O
Chef NNP X O
. . X O
& CC X O
bullLeadership NN X O
& CC X O
People NNP X O
& CC X O
ndash JJ X O
Strong NNP X O
believe VBP X O
in IN X O
handson NN X O
, , X O
adaptable JJ X B-Skill
management NN X I-Skill
style NN X I-Skill
, , X O
inspire NN X O
and CC X O
support NN X O
others NNS X O
to TO X O
develop VB X O
and CC X O
succeed VB X O
& CC X O
bullCustomer VB X O
& CC X O
Image NNP X O
& CC X O
ndash JJ X O
Calm NNP X O
, , X O
organized VBN X B-Skill
and CC X O
professional JJ X B-Skill
, , X O
will MD X O
go VB X B-Skill
the DT X I-Skill
extra JJ X I-Skill
mile NN X I-Skill
at IN X O
all DT X O
times NNS X O
to TO X O
ensure VB X B-Skill
the DT X I-Skill
kitchen NN X I-Skill
delivers VBZ X I-Skill
great JJ X I-Skill
food NN X I-Skill
, , X I-Skill
on IN X I-Skill
time NN X I-Skill
. . X O
& CC X O
Our PRP$ X O

client NN X O
is VBZ X O
a DT X O
well RB X O
established VBN X O
import NN X O
export NN X O
company NN X O
based VBN X O
in IN X O
Wembley NNP X O
, , X O
Middx NNP X O
, , X O
who WP X O
are VBP X O
seeking VBG X O
a DT X O
proactive JJ X O
Administrator NN X B-Occupation
to TO X O
cover VB X B-Skill
all DT X I-Skill
admin JJ X I-Skill
duties NNS X I-Skill
but CC X O
must MD X O
have VB X O
good JJ X O
skills NNS X O
in IN X O
Word NNP X B-Skill
, , X O
Excel NNP X B-Skill
and CC X I-Skill
Powerpoint NNP X I-Skill
, , X O
experience NN X O
in IN X O
import NN X O
/ NNP X O
export NN X O
is VBZ X O
desirable JJ X O
. . X O
You PRP X O

will MD X O
need VB X O
to TO X O
provide VB X B-Skill
a DT X I-Skill
highly RB X I-Skill
specialist JJ X I-Skill
service NN X I-Skill
to TO X I-Skill
other JJ X I-Skill
healthcare JJ X I-Skill
staff NN X I-Skill
and CC X I-Skill
patients NNS X I-Skill
. . X O
The DT X O

Enrolment NNP X O
Management NNP X O
Team NNP X O
is VBZ X O
responsible JJ X O
for IN X O
all DT X O
activity NN X O
related VBN X O
to TO X O
the DT X O
conversion NN X O
of IN X O
leads NNS X O
and CC X O
prospects NNS X O
with IN X O
an DT X O
expectation NN X O
that IN X O
there EX X O
will MD X O
be VB X O
additional JJ X O
and CC X O
ongoing JJ X O
Campus NNP X O
launches NNS X O
. . X O
Also RB X O

including VBG X O
Project NNP X B-Skill
Management NNP X I-Skill
and CC X O
senior JJ X B-Skill
appointments NNS X I-Skill
in IN X O
the DT X O
automation NN X B-Domain
sector NN X I-Domain
. . X O
This DT X O

well NN X O
respected VBD X O
national JJ X O
contractor NN X O
has VBZ X O
had VBN X O
a DT X O
successful JJ X O
last JJ X O
12 CD X O
months NNS X O
with IN X O
key JJ X O
appointments NNS X O
and CC X O
multiple JJ X O
wins NNS X O
and CC X O
is VBZ X O
looking VBG X O
to TO X O
continue VB X O
in IN X O
this DT X O
vein NN X O
with IN X O
a DT X O
bid NN X B-Occupation
manager NN X I-Occupation
appointment NN X O
. . X O
Your PRP$ X O

background NN X O
will MD X O
include VB X O
experience NN X O
in IN X O
development NN X B-Skill
of IN X I-Skill
Magento NNP X I-Skill
& CC X I-Skill
WordPress NNP X I-Skill
, , X O
of IN X O
H NNP X B-Skill
MVC NNP X I-Skill
framework NN X I-Skill
such JJ X O
as IN X O
Yii NNP X B-Skill
, , X O
Codeigniter NNP X B-Skill
or CC X O
CakePHP NNP X B-Skill
, , X O
expertise NN X O
in IN X O
front JJ X B-Skill
end NN X I-Skill
development NN X I-Skill
in IN X I-Skill
HTML NNP X I-Skill
, , X O
Keywords NNS X O

: : X O
Project NNP X B-Occupation
Coordinator NNP X I-Occupation
, , X O
PSO NNP X B-Occupation
, , X O
Project NNP X B-Occupation
Administrator NNP X I-Occupation
, , X O
Programme NNP X B-Occupation
Coordinator NNP X I-Occupation
, , X O
Policy NNP X B-Occupation
Analyst NNP X I-Occupation
, , X O
Compliance NNP X B-Skill
Procedures NNP X I-Skill
, , X O
Report NNP X B-Skill
writing VBG X I-Skill
, , X O
PMO NNP X B-Occupation
, , X O
Project NNP X B-Occupation
Coordinator NNP X I-Occupation
, , X I-Occupation
Programme NNP X B-Skill
Administration NNP X I-Skill
, , X O
Procedure NNP X B-Skill
Compliance NNP X I-Skill
. . X O
Operations NNS X O

working VBG X B-Skill
very RB X I-Skill
closely RB X I-Skill
with IN X I-Skill
the DT X I-Skill
supply NN X I-Skill
chain NN X I-Skill
team NN X I-Skill
to TO X O
ensure VB X B-Skill
product NN X I-Skill
availability NN X I-Skill
and CC X I-Skill
correct JJ X I-Skill
stock NN X I-Skill
levels NNS X I-Skill
. . X O
**** JJ X O

Diploma NNP X O
training NN X B-Domain
with IN X O
easy JJ X O
access NN X O
to TO X O
our PRP$ X O
own JJ X O
assessors NNS X B-Occupation
and CC X O
of IN X O
course NN X O
a DT X O
pay NN X O
rise NN X O
after IN X O
completing VBG X O
your PRP$ X O
Diploma NN X O
, , X O

so IN X O
you PRP X O
have VBP X O
plenty NN X O
of IN X O
opportunity NN X O
to TO X O
over IN X O
perform NN X O
throughout IN X O
the DT X O
year NN X O
Our PRP$ X O

client NN X O
is VBZ X O
a DT X O
global JJ X O
FMCG NNP X O
company NN X O
and CC X O
a DT X O
leading VBG X O
player NN X O
in IN X O
the DT X O
UK NNP X O
and CC X O
worldwide VB X O
food NN X O
manufacturing NN X O
sector NN X O
. . X O
Latest NNP X O

time NN X O
for IN X O
the DT X O
submission NN X O
of IN X O
applications NNS X O
: : X O
5pm CD X O
on IN X O
closing NN X O
date NN X O
Strong JJ X O

verbal JJ X B-Skill
and CC X I-Skill
written VBN X I-Skill
communication NN X I-Skill
skills NNS X O
Demonstrated VBD X O
analytical JJ X B-Skill
and CC X I-Skill
problem NN X I-Skill
solving VBG X I-Skill
skills NNS X O
Ability NNP X B-Skill
to TO X I-Skill
build VB X I-Skill
and CC X I-Skill
maintain VB X I-Skill
relationships NNS X I-Skill
Our PRP$ X O

client NN X O
who WP X O
has VBZ X O
been VBN X O
operating VBG X O
for IN X O
over IN X O
30 CD X O
years NNS X O
, , X O
caring VBG X O
for IN X O
over IN X O
DSP NNP X O

or CC X O
FPGA NNP X O
Have VBP X O
a DT X O
good JJ X O
working NN X O
knowledge NN X B-Skill
of IN X I-Skill
Embedded NNP X I-Skill
software NN X I-Skill
development NN X I-Skill
in IN X I-Skill
C NNP X I-Skill
, , X O
to TO X O
MLE NNP X B-Skill
' POS X I-Skill
s NN X I-Skill
required VBD X I-Skill
coding NN X I-Skill
standards NNS X I-Skill
Have VBP X I-Skill
a DT X I-Skill
good JJ X I-Skill
working NN X I-Skill
knowledge NN X I-Skill
of IN X I-Skill
Embedded NNP X I-Skill
software NN X I-Skill
development NN X I-Skill
in IN X I-Skill
C NNP X I-Skill
, , X I-Skill
to TO X O
Operating NN X O

nationwide JJ X O
, , X O
we PRP X O
provide VBP X O
sales NNS X B-Skill
and CC X I-Skill
customer NN X I-Skill
acquisition NN X I-Skill
solutions NNS X O
for IN X O
a DT X O
large JJ X O
base NN X O
of IN X O
bluechip NN X B-Domain
clients NNS X O
. . X O
Strong JJ X O

people NNS X B-Skill
and CC X I-Skill
project NN X I-Skill
management NN X I-Skill
skills NNS X I-Skill
, , X O
including VBG X O
the DT X O
ability NN X B-Skill
to TO X I-Skill
lead VB X I-Skill
and CC X I-Skill
develop VB X I-Skill
effective JJ X I-Skill
teams NNS X I-Skill
and CC X O
to TO X O
manage VB X B-Skill
a DT X I-Skill
significant JJ X I-Skill
programme NN X I-Skill
of IN X I-Skill
work NN X I-Skill
. . X O
For IN X O

this DT X O
position NN X O
my PRP$ X O
client NN X O
is VBZ X O
looking VBG X O
for IN X O
a DT X O
health NN X B-Occupation
economist NN X I-Occupation
with IN X O
strong JJ X O
industry NN X B-Skill
experience NN X I-Skill
in IN X I-Skill
costeffectiveness NN X I-Skill
modelling NN X I-Skill
. . X O
This DT X O

is VBZ X O
an DT X O
important JJ X O
role NN X O
and CC X O
requires VBZ X O
someone NN X O
who WP X O
is VBZ X O
happy JJ X O
working VBG X O
a DT X O
role NN X O
that WDT X O
is VBZ X O
primarily RB X O
a DT X O
team NN X B-Skill
lead NN X I-Skill
position NN X O
, , X O
dealing VBG X O
with IN X O
SLA NNP X B-Skill
' POS X I-Skill
s NN X I-Skill
/ NNP X I-Skill
KPI NNP X I-Skill
' POS X I-Skill
s NN X I-Skill
etc NN X O
, , X O
but CC X O
also RB X O
someone NN X O
who WP X O
is VBZ X O
happy JJ X O
doing VBG X O
hand NN X O
' '' X O
s NN X O
on IN X O
work NN X O
from IN X O
time NN X O
to TO X O
time NN X O
. . X O
Effectively RB X B-Skill

control NN X I-Skill
stores NNS X I-Skill
to TO X O
decrease VB X O
wastage NN X O
and CC X O
increase VB X O
productivity NN X O
. . X O
You PRP X O

will MD X O
be VB X O
covering VBG X O
maternity NN X O
over IN X O
from IN X O
February NNP X O
2013 CD X O
mid NN X O
next JJ X O
year NN X O
. . X O
The DT X O

main JJ X O
purpose NN X O
of IN X O
this DT X O
job NN X O
is VBZ X O
to TO X O
lead VB X O
the DT X O
company NN X O
sales NNS X B-Domain
productivity NN X I-Domain
through IN X O
management NN X B-Skill
of IN X I-Skill
all DT X I-Skill
digital JJ X I-Skill
and CC X I-Skill
nondigital JJ X I-Skill
lead NN X I-Skill
generation NN X I-Skill
and CC X I-Skill
campaigns NNS X I-Skill
. . X O
Duties NNS X O

will MD X O
include VB X O
the DT X O
preparation NN X B-Skill
of IN X I-Skill
the DT X I-Skill
showroom NN X I-Skill
, , X O
managing VBG X B-Skill
test NN X I-Skill
drives NNS X I-Skill
, , X O
provide VB X B-Skill
relevant JJ X I-Skill
information NN X I-Skill
to TO X I-Skill
customers NNS X I-Skill
and CC X O
deal VB X O
with IN X O
any DT X O
enquiries NNS X B-Skill
from IN X I-Skill
sales NNS X I-Skill
to TO X I-Skill
after IN X I-Skill
sales NNS X I-Skill
in IN X O
a DT X O
professional JJ X O
manner NN X O
at IN X O
all DT X O
times NNS X O
. . X O
Concrete NNP X O

**** NNP X O
management NN X B-Skill
experience NN X O
, , X O
demonstrable JJ X O
experience NN X O
with IN X O
paired JJ X B-Skill
programming VBG X I-Skill
a DT X O
keen JJ X O
interest NN X O
in IN X O
mobile JJ X B-Skill
/ NN X I-Skill
iPhone NN X I-Skill
applications NNS X I-Skill
. . X O
A DT X O

mail NN X O
production NN X O
company NN X O
based VBN X O
in IN X O
the DT X O
South NNP X O
West NNP X O
are VBP X O
looking VBG X O
to TO X O
recruit VB X O
an DT X O
experienced JJ X O
International NNP X B-Occupation
Mail NNP X I-Occupation
Manager NNP X I-Occupation
to TO X O
compliment VB X O
their PRP$ X O
existing VBG X O
team NN X O
. . X O
The DT X O

school NN X O
are VBP X O
seeking VBG X O
a DT X O
creative JJ X B-Skill
teacher NN X B-Occupation
with IN X O
the DT X O
ability NN X O
to TO X O
inspire VB X B-Skill
students NNS X I-Skill
who WP X I-Skill
may MD X I-Skill
be VB X I-Skill
disenchanted VBN X I-Skill
with IN X I-Skill
the DT X I-Skill
subject NN X I-Skill
of IN X I-Skill
mathematics NNS X I-Skill
. . X O
ASP NNP X B-Occupation

. . X I-Occupation
NET NNP X I-Occupation
Developer NNP X I-Occupation
/ NNP X O
Sitecore NNP X B-Skill
/ NNP X O
SQL NNP X B-Skill
Server NNP X I-Skill
/ NNP X O
Umbraco NNP X B-Skill
/ NNP X O
MVC NNP X B-Skill
/ NNP X O
London NNP X B-Skill
ASP NNP X I-Skill
. . X I-Skill
NET NNP X I-Skill
Developer NNP X I-Skill
wanted VBN X O
by IN X O
my PRP$ X O
client NN X O
, , X O
a DT X O
Microsoft NNP X B-Qualification
Gold NNP X I-Qualification
Partner NNP X I-Qualification
based VBN X O
in IN X O
Central NNP X O
London NNP X O
. . X O
This DT X O

is VBZ X O
across JJ X O
product NN X B-Skill
evolution NN X I-Skill
, , X O
team NN X B-Skill
operations NNS X I-Skill
, , X O
planning NN X B-Skill
and CC X O
new JJ X O
business NN X O
. . X O
Our PRP$ X O

client NN X O
is VBZ X O
a DT X O
fine JJ X O
dining NN X O
Michelin NNP X B-Qualification
star NN X I-Qualification
awarded VBD X I-Qualification
restaurant NN X I-Qualification
. . X O
The DT X O

ideal JJ X O
candidate NN X O
will MD X O
be VB X O
degree JJ X O
educated VBN X O
with IN X O
inhouse NN X B-Skill
internal JJ X I-Skill
communications NNS X I-Skill
experience NN X O
, , X O
ideally RB X O
within IN X O
an DT X O
international JJ X O
professional NN X O
services NNS X O
firm NN X O
. . X O
Employ NNP X B-Skill

matrix NN X I-Skill
processes NNS X I-Skill
, , X I-Skill
carry VBP X I-Skill
out RP X I-Skill
reviews NNS X I-Skill
, , X I-Skill
provide VB X I-Skill
reports NNS X I-Skill
, , X O
feedback NN X B-Skill
to TO X I-Skill
director NN X I-Skill
, , X O
not RB X O
single JJ X O
project NN X O
focused VBD X O
lots NNS X O
of IN X O
projects NNS X O
of IN X O
varying VBG X O
size NN X O
and CC X O
value NN X O
, , X B-Skill
hardworking VBG X I-Skill
, , X O
team NN X B-Skill
player NN X I-Skill
, , X I-Skill
problem NN X I-Skill
solver NN X I-Skill
, , X O
selfmotivated VBN X B-Skill
. . X O
The DT X O

role NN X O
is VBZ X O
based VBN X O
in IN X O
Central NNP X O
London NNP X O
and CC X O
is VBZ X O
paying VBG X O
approximately RB X O
Manages VBZ X B-Skill

the DT X I-Skill
activities NNS X I-Skill
of IN X I-Skill
others NNS X I-Skill
to TO X I-Skill
meet VB X I-Skill
deadlines NNS X I-Skill
and CC X I-Skill
quality NN X I-Skill
standards NNS X I-Skill
taking VBG X O
account NN X O
of IN X O
impact NN X O
outside JJ X O
area NN X O
of IN X O
responsibility NN X O
The DT X O

Service NNP X B-Occupation
Improvement NNP X I-Occupation
Analyst NNP X I-Occupation
will MD X O
to TO X O
ensure VB X O
that DT X O
business NN X O
processes VBZ X O
within IN X O
Marketing NNP X O
and CC X O
Commercial NNP X O
are VBP X O
fully RB X O
documented VBN X O
, , X O
understood NN X O
, , X O
communicated VBN X O
and CC X O
followed VBN X O
, , X O
such JJ X O
that IN X O
marketing VBG X O
delivers NNS X O
an DT X O
excellent JJ X O
level NN X O
of IN X O
service NN X O
to TO X O
the DT X O
business NN X O
. . X O
You PRP X O

will MD X O
also RB X O
be VB X O
expected VBN X O
to TO X O
target VB X B-Skill
new JJ X I-Skill
business NN X I-Skill
in IN X I-Skill
key JJ X I-Skill
areas NNS X I-Skill
where WRB X I-Skill
the DT X I-Skill
range NN X I-Skill
can MD X I-Skill
be VB X I-Skill
specified VBN X I-Skill
. . X O
You PRP X O

will MD X O
be VB X O
responsible JJ X O
for IN X O
leading VBG X B-Skill
Audits NNS X I-Skill
on IN X I-Skill
subcontractors NNS X I-Skill
and CC X O
you PRP X O
will MD X O
also RB X O
liaise VB X B-Skill
with IN X I-Skill
the DT X I-Skill
Client NNP X I-Skill
on IN X I-Skill
Quality NNP X I-Skill
issues NNS X I-Skill
surrounding VBG X I-Skill
the DT X I-Skill
project NN X I-Skill
. . X O
A DT X O

knowlesdge NN X O
of IN X O
the DT X O
Siemens NNP X B-Skill
, , X O
Rockwell NNP X B-Skill
and CC X O
Fanuc NNP X B-Skill
PLC NNP X I-Skill
systems NNS X O
would MD X O
be VB X O
highly RB X O
advantageous JJ X O
along IN X O
with IN X O
epxosure NN X O
to TO X O
and CC X O
use NN X O
of IN X O
RSView NNP X B-Skill
, , X O
Factory NNP X B-Skill
Talk NNP X I-Skill
or CC X O
Wonderware NNP X B-Skill
. . X O
To TO X O

attend VB X B-Skill
team JJ X I-Skill
meetings NNS X I-Skill
and CC X I-Skill
other JJ X I-Skill
meetings NNS X I-Skill
as IN X O
required VBN X O
. . X O
If IN X O

you PRP X O
are VBP X O
interested JJ X O
in IN X O
this DT X O
HR NNP X O
role NN X O
please NN X O
apply VB X O
by IN X O
clicking VBG X O
on IN X O
the DT X O
link NN X O
below IN X O
or CC X O
contact VB X O
Ashley NNP X O
Kate NNP X O
HR NNP X O
for IN X O
further JJ X O
details NNS X O
. . X O
The DT X O

company NN X O
is VBZ X O
determined VBN X O
to TO X O
further RBR X O
strengthen VB X O
its PRP$ X O
market NN X O
leading JJ X O
position NN X O
and CC X O
to TO X O
continue VB X O
driving VBG X O
upward JJ X O
growth NN X O
. . X O
Monitoring VBG X B-Skill

health NN X I-Skill
, , X I-Skill
safety NN X I-Skill
and CC X I-Skill
equal JJ X I-Skill
opportunities NNS X I-Skill
within IN X I-Skill
workplaces NNS X I-Skill
Planning VBG X I-Skill
and CC X I-Skill
managing VBG X I-Skill
your PRP$ X I-Skill
workload NN X I-Skill
to TO X O
ensure VB X O
deadlines NNS X O
are VBP X O
met VBN X O
The DT X O
successful JJ X O
candidate NN X O
will MD X O
be VB X O
pttls JJ X B-Qualification
qualified VBN X I-Qualification
or CC X O
equivalent JJ X O
and CC X O
will MD X O
have VB X O
a DT X O
relevant JJ X B-Qualification
vocational JJ X I-Qualification
qualification NN X I-Qualification
. . X O
Rise NNP X O

Technical NNP X O
Recruitment NNP X O
Ltd NNP X O
regrets VBZ X O
to TO X O
inform VB X O
that IN X O
our PRP$ X O
client NN X O
can MD X O
only RB X O
accept VB X O
applications NNS X O
from IN X O
engineering NN X O
candidates NNS X O
who WP X O
have VBP X O
a DT X O
valid JJ X B-Qualification
legal JJ X I-Qualification
permit NN X I-Qualification
or CC X O
right NN X O
to TO X O
work VB X O
in IN X O
the DT X O
United NNP X O
Kingdom NNP X O
. . X O
Badenoch NNP X O

& CC X O
Clark NNP X O
is VBZ X O
an DT X O
Equal JJ X O
Opportunity NNP X O
Employer NNP X O
and CC X O
a DT X O
registered JJ X O
Disability NNP X O
Symbol NNP X O
User NNP X O
. . X O
: : X O

I PRP X O
am VBP X O
a DT X O
elderly JJ X O
gentleman NN X O
in IN X O
Nottingham NNP X O
City NNP X O
who WP X O
as IN X O
had VBD X O
a DT X O
stroke NN X O
. . X O
There EX X O

will MD X O
be VB X O
initial JJ X O
advice NN X O
and CC X O
front JJ X O
end NN X O
processing NN X B-Skill
to TO X I-Skill
completion NN X I-Skill
, , X I-Skill
sequestrations NNS X I-Skill
, , X I-Skill
debt NN X I-Skill
arrangement NN X I-Skill
schemes NNS X I-Skill
**** RB X O

comprehensive JJ X O
based VBN X O
in IN X O
East NNP X O
London NNP X O
close NN X O
to TO X O
the DT X O
local JJ X O
District NNP X O
Line NNP X O
station NN X O
. . X O
As IN X O

an DT X O
HR NNP X B-Occupation
Business NNP X I-Occupation
Partner NNP X I-Occupation
your PRP$ X O
responsibilities NNS X O
will MD X O
include VB X O
: : X O
Partnering VBG X O
commercial JJ X O
operations NNS X O
in IN X O
developing VBG X B-Skill
and CC X I-Skill
delivering VBG X I-Skill
a DT X I-Skill
range NN X I-Skill
of IN X I-Skill
people NNS X I-Skill
based VBN X I-Skill
strategies NNS X I-Skill
and CC X I-Skill
solutions NNS X I-Skill
Candidate NNP X O

Source NNP X O
Ltd NNP X O
is VBZ X O
an DT X O
Advertising NN X B-Domain
Agency NNP X O
working VBG X O
on IN X O
behalf NN X O
of IN X O
an DT X O
Employment NNP X B-Domain
Agency NNP X O
. . X O
Good JJ X O

communication NN X B-Skill
skills NNS X I-Skill
both DT X O
written VBN X B-Skill
and CC X I-Skill
verbal NNS X I-Skill
are VBP X O
required VBN X O
to TO X O
liaise VB X B-Skill
with IN X I-Skill
clients NNS X I-Skill
and CC X I-Skill
other JJ X I-Skill
team NN X I-Skill
members NNS X I-Skill
. . X O
We PRP X O

are VBP X O
a DT X O
member NN X O
of IN X O
a DT X O
renowned JJ X O
restaurant NN X O
group NN X O
which WDT X O
have VBP X O
won VBN X O
many JJ X O
awards NNS X O
recent JJ X O
years NNS X O
. . X O
Rotherwood NNP X O

is VBZ X O
acting VBG X O
as IN X O
an DT X O
employment NN X O
agency NN X O
in IN X O
relation NN X O
to TO X O
this DT X O
vacancy NN X O
. . X O
As IN X O

the DT X O
post NN X O
is VBZ X O
permanent JJ X O
, , X O
you PRP X O
will MD X O
be VB X O
paid VBN X O
according VBG X O
to TO X O
your PRP$ X O
main JJ X O
pay NN X O
scale NN X O
and CC X O
will MD X O
accrue VB X O
the DT X O
many JJ X O
additional JJ X O
benefits NNS X O
available JJ X O
to TO X O
you PRP X O
. . X O
Competitive JJ X O

salary NN X O
, , X O
bonuses NNS X O
, , X O
and CC X O
benefits NNS X O
Flame NNP X O
Pharma NNP X O
is VBZ X O
continuing VBG X O
to TO X O
work VB X O
with IN X O
a DT X O
leading VBG X O
drug NN X B-Domain
development NN X I-Domain
company NN X O
, , X O
expanding VBG X O
their PRP$ X O
Business NN X O
Development NNP X O
Division NNP X O
in IN X O
Clinical NNP X O
Trial NNP X O
services NNS X O
. . X O
They PRP X O

are VBP X O
well RB X O
known VBN X O
in IN X O
the DT X O
space NN X O
and CC X O
this DT X O
role NN X O
offers VBZ X O
autonomy VBP X O
from IN X O
day NN X O
one CD X O
as RB X O
well RB X O
as IN X O
exposure NN X B-Skill
to TO X I-Skill
the DT X I-Skill
trading NN X I-Skill
platform NN X I-Skill
of IN X O
a DT X O
successful JJ X O
business NN X O
. . X O
However RB X O

, , X O
if IN X O
you PRP X O
are VBP X O
interested JJ X O
in IN X O
hearing VBG X O
about IN X O
similar JJ X O
positions NNS X O
then RB X O
please VB X O
register NN X O
on IN X O
our PRP$ X O
website NN X O
: : X O
The DT X O

Person NNP X O
They PRP X O
are VBP X O
looking VBG X O
for IN X O
the DT X O
following JJ X O
Key NNP X O
Skills NNP X O
: : X O
A DT X O

strong JJ X O
understanding NN X B-Skill
of IN X I-Skill
risk NN X I-Skill
management NN X I-Skill
concepts NNS X I-Skill
is VBZ X O
essential JJ X O
Good NNP X O
knowledge NN X B-Skill
of IN X I-Skill
Capital NNP X I-Skill
Modelling NNP X I-Skill
Concepts NNP X I-Skill
Strong NNP X O
IT NNP X B-Skill
/ NNP X I-Skill
Systems NNP X I-Skill
skills NNS X I-Skill
and CC X O
statistical JJ X B-Skill
knowledge NN X I-Skill
Excellent NNP X O
communication NN X B-Skill
skills VBZ X I-Skill
a DT X O
must MD X O
as IN X O
you PRP X O
will MD X O
be VB X O
liaising VBG X B-Skill
with IN X I-Skill
key JJ X I-Skill
stakeholders NNS X I-Skill
I PRP X O
am VBP X O
currently RB X O
shortlisting VBG X O
and CC X O
interviews NNS X O
will MD X O
be VB X O
held VBN X O
over IN X O
the DT X O
next JJ X O
two CD X O
weeks NNS X O
. . X O
Suitable JJ X O

candidates NNS X O
will MD X O
have VB X O
a DT X O
keen JJ X O
interest NN X O
in IN X O
IT NNP X B-Skill
, , X O
Computing NNP X B-Skill
& CC X I-Skill
Software NNP X I-Skill
and CC X O
will MD X O
ideally RB X O
have VB X O
some DT X O
programming NN X B-Skill
skills NNS X I-Skill
in IN X O
either DT X O
C NNP X B-Skill
, , X O
C NNP X B-Skill
++, NNP X O
. . X B-Skill
NET NNP X I-Skill
, , X O
C NNP X B-Skill
, , X O
Java NNP X B-Skill
, , X O
Oracle NNP X B-Skill
or CC X O
SQL NNP X B-Skill
Server NNP X O
. . X O
The DT X O

solutions NNS X O
are VBP X O
typically RB X O
either RB X O
idea NN X B-Skill
generation NN X I-Skill
or CC X I-Skill
portfolio NN X I-Skill
construction NN X I-Skill
that IN X I-Skill
interface NN X I-Skill
with IN X I-Skill
their PRP$ X I-Skill
existing VBG X I-Skill
research NN X I-Skill
warehouse NN X I-Skill
, , X O
execution NN X B-Skill
management NN X I-Skill
system NN X I-Skill
and CC X O
/ NN X O
or CC X O
order NN X B-Skill
management NN X I-Skill
system NN X I-Skill
along IN X O
with IN X O
various JJ X O
other JJ X O
integration NN X O
points NNS X O
throughout IN X O
the DT X O
organisation NN X O
as IN X O
required VBN X O
. . X O
The DT X O

main JJ X O
purpose NN X O
of IN X O
this DT X O
role NN X O
is VBZ X O
to TO X O
develop VB X O
and CC X O
implement VB X O
their PRP$ X O
annual JJ X O
B2B NNP X B-Skill
marketing NN X I-Skill
plans NNS X O
, , X O
campaigns NNS X O
and CC X O
actions NNS X O
in IN X O
support NN X O
of IN X O
achieving VBG X O
sales NNS X O
targets NNS X O
. . X O
My PRP$ X O

client NN X O
, , X O
a DT X O
leading VBG X O
High NNP X O
Street NNP X O
fashion NN X O
supplier NN X O
, , X O
is VBZ X O
looking VBG X O
for IN X O
a DT X O
talented JJ X O
Garment NNP X B-Skill
Technologist NNP X I-Skill
to TO X O
join VB X O
their PRP$ X O
lively JJ X O
head NN X O
office NN X O
in IN X O
London NNP X O
. . X O
35 CD X B-Experience

years NNS X I-Experience
marketing NN X I-Experience
and CC X I-Experience
/ NN X I-Experience
or CC X I-Experience
product NN X I-Experience
management NN X I-Experience
experience NN X I-Experience
gained VBD X O
within IN X O
trade NN X B-Domain
or CC X O
industry NN X B-Domain
preferably RB X O
B2B NNP X O
Keen NNP X B-Skill
to TO X I-Skill
learn VB X I-Skill
about IN X I-Skill
our PRP$ X I-Skill
business NN X I-Skill
and CC X I-Skill
way NN X I-Skill
of IN X I-Skill
operating NN X I-Skill
Strong NNP X I-Skill
marketing NN X I-Skill
campaign NN X I-Skill
management NN X I-Skill
experience NN X O
and CC X O
skills NNS X O
Experience NNP X O
and CC X O
skills NNS X O
in IN X O
measuring NN X B-Skill
and CC X I-Skill
tracking VBG X I-Skill
marketing NN X I-Skill
effectiveness NN X I-Skill
and CC X I-Skill
RoMI NNP X I-Skill
Experience NNP X O
in IN X O
briefing NN X B-Skill
and CC X I-Skill
managing NN X I-Skill
agencies NNS X I-Skill
Strong NNP X I-Skill
analytical JJ X I-Skill
, , X I-Skill
project JJ X I-Skill
management NN X I-Skill
and CC X I-Skill
administrative JJ X I-Skill
skills NNS X I-Skill
Good JJ X I-Skill
writing NN X I-Skill
skills NNS X I-Skill
and CC X O
great JJ X B-Skill
attention NN X I-Skill
to TO X I-Skill
detail VB X I-Skill
These DT X O

include VBP X O
training NN X B-Domain
in IN X O
the DT X O
operation NN X B-Skill
of IN X I-Skill
a DT X I-Skill
range NN X I-Skill
of IN X I-Skill
atmospheric JJ X I-Skill
monitoring NN X I-Skill
instrumentation NN X I-Skill
, , X O
trace NN X B-Skill
gas NN X I-Skill
flux NN X I-Skill
measurement NN X I-Skill
techniques NNS X I-Skill
, , X O
and CC X O
data NNS X B-Skill
acquisition NN X I-Skill
and CC X O
management NN X B-Skill
of IN X I-Skill
large JJ X I-Skill
longterm JJ X I-Skill
data NNS X I-Skill
sets NNS X I-Skill
. . X O
Based VBN X O

at IN X O
our PRP$ X O
Offices NNS X O
on IN X O
the DT X O
Alfreton NNP X O
Road NNP X O
in IN X O
Nottingham NNP X O
, , X O
the DT X O
successful JJ X O
applicants NNS X O
` `` X O
accountabilities NNS X O
will MD X O
also RB X O
involve VB X O
: : X O
Annual JJ X B-Skill
Inputting NNP X I-Skill
of IN X I-Skill
Housing NNP X I-Skill
Benefit NNP X I-Skill
entitlements NNS X I-Skill
following VBG X I-Skill
rent NN X I-Skill
increase NN X I-Skill
and CC X I-Skill
routine JJ X I-Skill
entitlement NN X I-Skill
changes NNS X I-Skill
onto IN X I-Skill
Mworld NNP X I-Skill
Apply NNP X I-Skill
for IN X I-Skill
Direct NNP X I-Skill
payments NNS X I-Skill
from IN X I-Skill
social JJ X I-Skill
security NN X I-Skill
benefits NNS X I-Skill
DWP NNP X I-Skill
, , X I-Skill
Pension NNP X I-Skill
Service NNP X I-Skill
and CC X I-Skill
Job NNP X I-Skill
Centre NNP X I-Skill
Plus NNP X I-Skill
. . X O
IT NNP X O

Executive NNP X O
Group NNP X O
is VBZ X O
acting VBG X O
as IN X O
an DT X O
Employment NN X O
Business NN X O
in IN X O
relation NN X O
to TO X O
this DT X O
vacancy NN X O
. . X O
On IN X O

occasion NN X O
, , X O
you PRP X O
will MD X O
also RB X O
provide VB X B-Skill
technical JJ X I-Skill
assistance NN X I-Skill
on IN X I-Skill
the DT X I-Skill
telephone NN X I-Skill
to TO X O
help VB X O
other JJ X O
operators NNS X O
, , X O
customers NNS X O
and CC X O
coordinators NNS X O
, , X O
so IN X O
a DT X O
good JJ X O
telephone NN X B-Skill
manner NN X I-Skill
is VBZ X O
required VBN X O
. . X O
You PRP X O

will MD X O
be VB X O
responsible JJ X B-Skill
for IN X O
your PRP$ X O
own JJ X O
cases NNS X O
which WDT X O
is VBZ X O
currently RB X O
split VBN X O
The DT X O

recruit NN X O
train NN X B-Skill
process NN X I-Skill
of IN X I-Skill
all DT X I-Skill
new JJ X I-Skill
team NN X I-Skill
members NNS X I-Skill
Delivery NNP X I-Skill
of IN X I-Skill
Labour NNP X I-Skill
targets NNS X I-Skill
Secondly RB X O

, , X O
the DT X O
sous JJ X B-Occupation
chef NN X I-Occupation
will MD X O
be VB X O
a DT X O
strong JJ X O
manager NN X B-Skill
and CC X O
will MD X O
be VB X O
experienced VBN X B-Skill
in IN X I-Skill
cost NN X I-Skill
control NN X I-Skill
, , X I-Skill
rotas NNS X I-Skill
and CC X I-Skill
motivating NN X I-Skill
and CC X I-Skill
managing VBG X I-Skill
the DT X I-Skill
team NN X I-Skill
. . X O
Help NNP X B-Skill

monitor VB X I-Skill
the DT X I-Skill
efficient JJ X I-Skill
use NN X I-Skill
of IN X I-Skill
utilities NNS X I-Skill
, , X I-Skill
supplies NNS X I-Skill
and CC X I-Skill
equipment NN X I-Skill
recommending NN X I-Skill
improvements NNS X I-Skill
where WRB X I-Skill
identified VBN X I-Skill
. . X O
LIVE NNP X O

IN NNP X O
THE NNP X O
UK NNP X O
, , X O
NOTTINGHAM NNP X O
AREA NNP X O
& CC X O
MUST NNP X O
BE NNP X O
ABLE NNP X O
TO NNP X O
COMMUTE NNP X B-Skill
TO NNP X I-Skill
OUR NNP X I-Skill
NOTTINGHAM NNP X I-Skill
OFFICE NNP X I-Skill
DAILY NNP X I-Skill
. . X O
Contribute NN X O

to TO X O
the DT X O
continuous JJ X O
improvement NN X B-Skill
of IN X I-Skill
the DT X I-Skill
PLM NNP X I-Skill
process NN X I-Skill
. . X O
University NNP X B-Domain

of IN X O
Leicester NNP X O
Elite NNP X O
Without IN X O
Being NNP X O
Elitist NNP X O
Our PRP$ X O
Success NNP X O
Depends NNPS X O
on IN X O
our PRP$ X O
people NNS X O
Hospitality NNP X B-Occupation
Manager NNP X I-Occupation
Residential NNP X B-Domain
and CC X O
Commercial NNP X B-Domain
Services NNPS X O
Above IN X O

all DT X O
we PRP X O
are VBP X O
looking VBG X O
for IN X O
a DT X O
leader NN X B-Occupation
with IN X O
the DT X O
vision NN X B-Skill
to TO X I-Skill
take VB X I-Skill
his PRP$ X I-Skill
or CC X I-Skill
her PRP$ X I-Skill
team NN X I-Skill
into IN X I-Skill
new JJ X I-Skill
areas NNS X I-Skill
in IN X O
a DT X O
fastmoving NN X O
and CC X O
challenging VBG X O
market NN X O
, , X O
but CC X O
one CD X O
that WDT X O
promises VBZ X O
high JJ X O
returns NNS X O
for IN X O
success NN X O
. . X O
The DT X O

ideal JJ X O
Head NNP X B-Occupation
Pastry NNP X I-Occupation
Chef NNP X I-Occupation
will MD X O
have VB X O
a DT X O
strong JJ X B-Skill
command NN X I-Skill
of IN X I-Skill
English NNP X I-Skill
. . X O
As IN X O

the DT X O
Senior NNP X B-Occupation
Architect NNP X I-Occupation
for IN X O
Microsoft NNP X B-Skill
Dynamics NNP X I-Skill
CRM NNP X I-Skill
you PRP X O
will MD X O
inherit VB X O
a DT X O
great JJ X O
deal NN X O
of IN X O
responsibility NN X O
and CC X O
be VB X O
viewed VBN X O
as IN X O
one CD X O
of IN X O
the DT X O
key JJ X O
members NNS X O
of IN X O
the DT X O
team NN X O
. . X O
To TO X O

achieve VB X O
as IN X O
a DT X O
minimum NN X O
the DT X O
annual JJ X O
sales NNS X O
plan VBP X O
KPI NNP X O
' POS X O
s NN X O
of IN X O
volume NN X O
, , X O
price NN X O
, , X O
CTO NNP X O
and CC X O
product NN X O
mix NN X O
. . X O
The DT X O

company NN X O
are VBP X O
looking VBG X O
to TO X O
bolster VB X O
their PRP$ X O
well NN X O
trained VBN X O
workforce NN X O
by IN X O
filling VBG X O
this DT X O
key JJ X O
position NN X O
. . X O
You PRP X O

will MD X O
spend VB X O
at IN X O
least JJS X O
70 CD X O
% NN X O
of IN X O
your PRP$ X O
time NN X O
working VBG X O
on IN X O
Project NNP X B-Skill
delivery NN X I-Skill
items NNS X O

the DT X O
company NN X O
has VBZ X O
grown VBN X O
from IN X O
strength NN X O
to TO X O
strength NN X O
with IN X O
an DT X O
account NN X O
management NN X O
network NN X O
across IN X O
the DT X O
UK NNP X O
. . X O
If IN X O

the DT X O
details NNS X O
shown VBN X O
on IN X O
your PRP$ X O
CV NNP X O
match VB X O
our PRP$ X O
client NN X O
' '' X O
s JJ X O
requirements NNS X O
, , X O
we PRP X O
will MD X O
provide VB X O
our PRP$ X O
client NN X O
with IN X O
your PRP$ X O
full JJ X O
details NNS X O
so IN X O
that IN X O
they PRP X O
can MD X O
judge VB X O
whether IN X O
you PRP X O
may MD X O
be VB X O
suitable JJ X O
for IN X O
the DT X O
opportunity NN X O
advertised VBD X O
. . X O
Ancillary NNP X B-Skill

and CC X I-Skill
Biophysical NNP X I-Skill
techniques NNS X I-Skill
AAA NNP X I-Skill
, , X O
Nterminal NNP X B-Skill
sequencing NN X I-Skill
, , X O
Circular JJ X B-Skill
Dichroism NNP X I-Skill
, , X O
Analytical NNP X B-Skill
Ultracentrifugation NNP X I-Skill
. . X O
You PRP X O

will MD X O
have VB X O
experience NN X B-Skill
of IN X O
the DT X O
design NN X B-Skill
and CC X I-Skill
development NN X I-Skill
of IN X I-Skill
HR NNP X I-Skill
policies NNS X I-Skill
and CC X I-Skill
procedures NNS X I-Skill
. . X O
You PRP X O

will MD X O
be VB X O
rewarded VBN X O
with IN X O
an DT X O
excellent JJ X O
salary NN X O
and CC X O
bonus NN X O
. . X O
Candidates NNS X O

from IN X O
such JJ X O
groups NNS X O
are VBP X O
actively RB X O
encouraged VBN X O
to TO X O
apply VB X O
As IN X O

a DT X O
Registered NNP X B-Occupation
Nurse NNP X I-Occupation
RMN NNP X I-Occupation
you PRP X O
will MD X O
have VB X O
maintained VBN X B-Skill
detailed JJ X I-Skill
and CC X I-Skill
uptodate JJ X I-Skill
knowledge NN X I-Skill
of IN X I-Skill
the DT X I-Skill
Mental NNP X I-Skill
Health NNP X I-Skill
Act NNP X I-Skill
. . X O
The DT X O

salary NN X O
on IN X O
offer NN X O
to TO X O
the DT X O
successful JJ X O
lettings NNS X O
negotiator NN X O
is VBZ X O
a DT X O
basic JJ X O
salary NN X O
will MD X O
be VB X O
in IN X O
the DT X O
region NN X O
of IN X O
Design NNP X B-Domain

/ NNP X O
spec NN X O
of IN X O
all DT X O
roles NNS X O
into IN X O
the DT X O
department NN X O
Advertising NN X B-Skill
with IN X I-Skill
the DT X I-Skill
main JJ X I-Skill
job NN X I-Skill
boards NNS X I-Skill
to TO X O
post VB X O
roles NNS X O
Working VBG X O
with IN X O
fixed JJ X O
fee NN X O
agencies NNS X O
to TO X O
plan VB X O
full JJ X O
recruitment NN X O
days NNS X O
The DT X O

client NN X O
is VBZ X O
seeking VBG X O
an DT X O
experienced JJ X B-Skill
Electrical NNP X B-Occupation
Design NNP X I-Occupation
Engineer NNP X I-Occupation
to TO X O
join VB X O
our PRP$ X O
team NN X O
working VBG X B-Skill
on IN X I-Skill
the DT X I-Skill
design NN X I-Skill
, , X I-Skill
development NN X I-Skill
and CC X I-Skill
proving NN X I-Skill
of IN X I-Skill
a DT X I-Skill
number NN X I-Skill
of IN X I-Skill
current JJ X I-Skill
and CC X I-Skill
future JJ X I-Skill
projects NNS X I-Skill
. . X O
Assist VB X B-Skill

the DT X I-Skill
business NN X I-Skill
in IN X I-Skill
developing VBG X I-Skill
standardizing VBG X I-Skill
business NN X I-Skill
process NN X I-Skill
across IN X I-Skill
user JJ X I-Skill
base NN X I-Skill
. . X O
They PRP X O

are VBP X O
currently RB X O
winning VBG X O
many JJ X O
more JJR X O
high JJ X O
profile NN X O
contracts NNS X O
within IN X O
the DT X O
commercial JJ X O
, , X O
financial JJ X O
and CC X O
retail JJ X O
sectors NNS X O
working VBG X O
on IN X O
contracts NNS X O
where WRB X O
they PRP X O
offer VBP X O
a DT X O
great JJ X O
service NN X O
maintaining VBG X O
a DT X O
variety NN X O
of IN X O
HVAC NNP X O
systems NNS X O
PU NNP X O
, , X O
RTU NNP X O
, , X O
TU NNP X O
, , X O
MAU NNP X O
. . X O
If IN X O

you PRP X O
have VBP X O
the DT X O
skills NNS X O
and CC X O
experience NN X O
that IN X O
we PRP X O
seek VBP X O
and CC X O
are VBP X O
interested JJ X O
in IN X O
joining VBG X O
an DT X O
established VBN X O
but CC X O
progressive JJ X O
company NN X O
then RB X O
forward RB X O
your PRP$ X O
CV NN X O
to TO X O
BiS NNP X O
Henderson NNP X O
today NN X O
This DT X O

is VBZ X O
a DT X O
varied JJ X O
role NN X O
and CC X O
you PRP X O
will MD X O
be VB X O
responsible JJ X O
for IN X O
managing VBG X B-Skill
and CC X I-Skill
motivating VBG X I-Skill
a DT X I-Skill
team NN X I-Skill
of IN X I-Skill
staff NN X I-Skill
, , X O
hitting VBG X B-Skill
sales NNS X I-Skill
targets NNS X I-Skill
, , X O
delivering VBG X B-Skill
high JJ X I-Skill
levels NNS X I-Skill
of IN X I-Skill
customer NN X I-Skill
service NN X I-Skill
and CC X O
managing VBG X B-Skill
key JJ X I-Skill
accounts NNS X I-Skill
in IN X O
the DT X O
north JJ X O
west NN X O
. . X O
Demonstrable JJ X O

knowledge NN X O
and CC X O
experience NN X O
of IN X O
working VBG X B-Skill
with IN X I-Skill
Customers NNP X I-Skill
within IN X O
the DT X O
Oil NNP X B-Domain
and CC X O
Gas NNP X B-Domain
, , X O
Aerospace NNP X B-Domain
and CC X O
Pump NNP X B-Domain
Manufacturing NNP X I-Domain
Sectors NNP X O
. . X O
In IN X O

conjunction NN X O
to TO X O
the DT X O
client NN X O
you PRP X O
will MD X O
be VB X O
required VBN X O
to TO X O
contribute VB X B-Skill
to TO X I-Skill
team VB X I-Skill
and CC X I-Skill
product NN X I-Skill
development NN X I-Skill
. . X O
You PRP X O

will MD X O
also RB X O
be VB X O
helping VBG X O
drive JJ X B-Skill
forward NN X I-Skill
departmental JJ X I-Skill
improvements NNS X I-Skill
. . X O
Customer NNP X B-Skill

relationships NNS X I-Skill
are VBP X O
key JJ X O
and CC X O
experience NN X O
of IN X O
contractual JJ X B-Skill
service NN X I-Skill
delivery NN X I-Skill
is VBZ X O
essential JJ X O
. . X O
Due JJ X O

to TO X O
the DT X O
nature NN X O
of IN X O
this DT X O
role NN X O
, , X O
strong JJ X O
communication NN X B-Skill
skills NNS X O
are VBP X O
essential JJ X O
, , X O
both DT X O
written VBN X O
and CC X O
verbal JJ X O
including VBG X O
formal JJ X B-Skill
documentation NN X I-Skill
. . X O
If IN X O

you PRP X O
are VBP X O
interested JJ X O
in IN X O
the DT X O
exciting JJ X O
fields NNS X O
of IN X O
automotive JJ X B-Domain
, , X O
aerospace NN X B-Domain
, , X O
marine NN X B-Domain
and CC X O
industrial JJ X B-Domain
power NN X I-Domain
generation NN X I-Domain
, , X O
with IN X O
a DT X O
worldwide JJ X O
flavour NN X O
we PRP X O
can MD X O
provide VB X O
you PRP X O
with IN X O
a DT X O
challenging NN X O
and CC X O
exciting VBG X O
environment NN X O
to TO X O
work VB X O
in IN X O
. . X O
Various JJ X O

shifts NNS X O
available JJ X O
including VBG X O
weekdays NNS X O
, , X O
evenings NNS X O
and CC X O
weekends NNS X O
, , X O
in IN X O
a DT X O
variety NN X O
of IN X O
Primary NNP X O
Care NNP X O
settings VBZ X O
including VBG X O
GP NNP X O
Practices NNPS X O
and CC X O
Walk NNP X O
in IN X O
Centres NNP X O
. . X O
per IN X O

day NN X O
This DT X O
primary JJ X O
school NN X O
in IN X O
Waltham NNP X O
Forest NNP X O
, , X O
London NNP X O
has VBZ X O
a DT X O
rewarding NN X O
primary JJ X O
teaching VBG X B-Skill
job NN X O
opportunity NN X O
for IN X O
a DT X O
dedicated JJ X B-Skill
and CC X O
experienced VBD X B-Skill
teacher NN X B-Occupation
starting VBG X O
in IN X O
January NNP X O
. . X O
There EX X O

is VBZ X O
no DT X O
cold JJ X O
calling VBG X O
as IN X O
all DT X O
appointments NNS X O
are VBP X O
provided VBN X O
. . X O
My PRP$ X O

client NN X O
is VBZ X O
an DT X O
established JJ X O
market NN X O
leader NN X O
in IN X O
the DT X O
gaming NN X O
and CC X O
online NN X B-Domain
gaming NN X I-Domain
sector NN X O
, , X O
currently RB X O
seeking VBG X O
a DT X O
Channel NNP X B-Occupation
Insight NNP X I-Occupation
Manager NNP X I-Occupation
to TO X O
support VB X O
the DT X O
Senior NNP X B-Occupation
Manager NNP X I-Occupation
in IN X O
building VBG X B-Skill
a DT X I-Skill
best JJS X I-Skill
in IN X I-Skill
class NN X I-Skill
Channel NNP X I-Skill
insight NN X I-Skill
and CC X I-Skill
foresight JJ X I-Skill
capability NN X I-Skill
, , X O
deliver RB X B-Skill
comprehensive JJ X I-Skill
Retail NNP X I-Skill
channel NN X I-Skill
insight NN X I-Skill
& CC X I-Skill
foresight NN X I-Skill
that WDT X I-Skill
informs VBZ X I-Skill
commercial JJ X I-Skill
, , X I-Skill
channel NNS X I-Skill
, , X I-Skill
category NN X I-Skill
and CC X I-Skill
brand NN X I-Skill
strategies NNS X I-Skill
, , X O
and CC X O
enables VBZ X B-Skill
delivery NN X I-Skill
of IN X I-Skill
the DT X I-Skill
Commercial NNP X I-Skill
objectives NNS X I-Skill
. . X O
The DT X O

company NN X O
philosophy NN X O
is VBZ X O
to TO X O
promote VB X O
from IN X O
within IN X O
, , X O
and CC X O
this DT X O
culture NN X O
offers VBZ X O
those DT X O
that WDT X O
show VBP X O
the DT X O
right JJ X O
potential NN X O
a DT X O
genuine JJ X O
career NN X O
opportunity NN X O
. . X O
The DT X O

Gi NNP X O
Group NNP X O
has VBZ X O
a DT X O
great JJ X O
new JJ X O
opportunity NN X O
for IN X O
an DT X O
experienced JJ X B-Skill
Stores NNPS X I-Skill
Supervisor NNP X I-Skill
to TO X O
join VB X O
a DT X O
well RB X O
established VBN X O
manufacturing VBG X O
company NN X O
based VBN X O
in IN X O
theAldershotarea NN X O
. . X O
Due JJ X O

to TO X O
size NN X O
of IN X O
this DT X O
organisation NN X O
career NN X O
development NN X O
opportunities NNS X O
will MD X O
be VB X O
plentiful JJ X O
. . X O
You PRP X O

will MD X O
be VB X O
asked VBN X O
to TO X O
have VB X O
a DT X O
proactive JJ X O
role NN X O
in IN X O
management NN X B-Skill
of IN X I-Skill
onsite JJ X I-Skill
safety NN X I-Skill
, , X O
project NN X B-Skill
progress NN X I-Skill
deadlines NNS X I-Skill
, , X O
budgets NNS X B-Skill
and CC X O
subcontractors NNS X B-Skill
. . X O
It PRP X O

has VBZ X O
continued VBN X O
to TO X O
develop VB X O
its PRP$ X O
business NN X O
lines NNS X O
and CC X O
win VB X O
more JJR X O
clients NNS X O
during IN X O
a DT X O
difficult JJ X O
economic JJ X O
climate NN X O
. . X O
The DT X O

Head NNP X B-Occupation
Teacher NNP X I-Occupation
has VBZ X O
been VBN X O
in IN X O
post NN X O
for IN X O
over IN X O
5 CD X O
years NNS X O
and CC X O
has VBZ X O
been VBN X O
described VBN X O
as IN X O
the DT X O
type NN X O
of IN X O
Head NNP X O
that WDT X O
always RB X B-Skill
has VBZ X I-Skill
his PRP$ X I-Skill
door NN X I-Skill
open JJ X I-Skill
and CC X O
is VBZ X O
very RB X B-Skill
approachable JJ X I-Skill
and CC X O
supportive JJ X B-Skill
to TO X I-Skill
all DT X I-Skill
his PRP$ X I-Skill
staff NN X I-Skill
. . X O
Based VBN X O

in IN X O
Croydon NNP X O
, , X O
you PRP X O
will MD X O
provide VB X B-Skill
a DT X I-Skill
professional JJ X I-Skill
, , X I-Skill
efficient JJ X I-Skill
and CC X I-Skill
proactive JJ X I-Skill
warranty NN X I-Skill
claims NNS X I-Skill
service NN X I-Skill
which WDT X O
reflects VBZ X O
Company NNP X O
brand NN X O
values NNS X O
. . X O
For IN X O

further JJ X O
information NN X O
on IN X O
this DT X O
and CC X O
many JJ X O
other JJ X O
great JJ X O
opportunities NNS X O
within IN X O
the DT X O
General NNP X O
Insurance NNP X O
Market NNP X O
, , X O
please VB X O
contact JJ X O
Scott NNP X O
O NNP X O
Neill NNP X O
on IN X O
The DT X O

successful JJ X O
candidate NN X O
will MD X O
deliver VB X B-Skill
hands NNS X I-Skill
on IN X I-Skill
training NN X I-Skill
sessions NNS X O
to TO X O
staff NN X O
on IN X O
MS NNP X B-Skill
Dynamics NNP X I-Skill
CRM NNP X I-Skill
. . X O
As IN X O
excellent JJ X O

benefits NNS X O
packageRullion NN X O
Computer NNP X O
Personnel NNP X O
Ltd NNP X O
is VBZ X O
acting VBG X O
as IN X O
an DT X O
Employment NNP X O
Agency NNP X O
in IN X O
relation NN X O
to TO X O
this DT X O
vacancy NN X O
My PRP$ X O

client NN X O
requires VBZ X O
a DT X O
Front JJ X B-Occupation
End NNP X I-Occupation
Developer NNP X I-Occupation
with IN X O
a DT X O
minimum NN X O
of IN X O
4 CD X B-Skill
years NNS X I-Skill
' POS X I-Skill
experience NN X I-Skill
working VBG X O
with IN X O
: : X O
JavaScript NNP X B-Skill
HTML NNP X I-Skill
Be VB X O

a DT X O
confident JJ X O
leader NN X O
, , X O
with IN X O
strong JJ X B-Skill
man NN X I-Skill
management NN X I-Skill
skills NNS X I-Skill
and CC X I-Skill
the DT X I-Skill
ability NN X I-Skill
to TO X I-Skill
guide VB X I-Skill
a DT X I-Skill
team NN X I-Skill
to TO X I-Skill
success NN X I-Skill
. . X O
If IN X O

you PRP X O
d VBP X O
like IN X O
to TO X O
be VB X O
part NN X O
of IN X O
this DT X O
superb NN X O
company NN X O
and CC X O
to TO X O
apply VB X O
for IN X O
this DT X O
job NN X O
, , X O
you PRP X O
must MD X O
have VB X O
: : X O
Vehicle NNP X B-Occupation
technician JJ X I-Occupation
experience NN X O
For IN X O

informal JJ X O
discussions NNS X O
please VBP X O
contact VB X O
the DT X O
Head NNP X O
of IN X O
Department NNP X O
, , X O
Professor NNP X O
Fiona NNP X O
Gilbert NNP X O
by IN X O
email NN X O
at IN X O
fjg28cam NN X O
. . X O
ac NN X O
. . X O
uk NN X O
or CC X O
by IN X O
telephone NN X O
: : X O
Working VBG X O

in IN X O
Customer NNP X B-Occupation
Relations NNP X I-Occupation
, , X O
you PRP X O
will MD X O
lead VB X B-Skill
, , X O
coach NN X B-Skill
and CC X O
develop VB X B-Skill
a DT X O
team NN X O
of IN X O
advisers NNS X O
to TO X O
ensure VB X O
the DT X O
delivery NN X O
of IN X O
quality NN X O
assurance NN X O
in IN X O
complaints NNS X O
handling VBG X O
, , X O
and CC X O
the DT X O
ongoing JJ X O
management NN X O
of IN X O
the DT X O
function NN X O
s VBD X O
operational JJ X O
risk NN X O
and CC X O
compliance NN X O
framework NN X O
, , X O
including VBG X O
management NN X B-Skill
of IN X I-Skill
audit NN X I-Skill
recommendations NNS X I-Skill
and CC X I-Skill
actions NNS X I-Skill
, , X O
TCF NNP X B-Skill
and CC X O
process NN X B-Skill
improvements NNS X I-Skill
driven VBN X O
by IN X O
analysis NN X O
of IN X O
customer NN X O
complaints NNS X O
. . X O
Your PRP$ X O

main JJ X O
duties NNS X O
will MD X O
include VB X O
raising VBG X B-Skill
purchase JJ X I-Skill
orders NNS X I-Skill
, , X O
entering VBG X B-Skill
timesheet NN X I-Skill
/ NNP X I-Skill
holiday NN X I-Skill
information NN X I-Skill
, , X O
processing NN X B-Skill
invoices NNS X I-Skill
, , X O
running VBG X B-Skill
reports NNS X I-Skill
and CC X I-Skill
other JJ X I-Skill
general JJ X I-Skill
administration NN X I-Skill
. . X O
**** JJ X O

per IN X O
day NN X O
plus CC X O
offset NN X O
expenses NNS X O
Great NNP X O
chance NN X O
to TO X O
learn VB X O
and CC X O
develop VB X O
Placement NNP X O
for IN X O
the DT X O
remainder NN X O
of IN X O
the DT X O
academic JJ X O
year NN X O
Immediate NNP X O
interview NN X O
This DT X O

very RB X O
successful JJ X O
belowtheline NN X O
marketing NN X B-Domain
agency NN X O
works VBZ X O
with IN X O
a DT X O
variety NN X O
of IN X O
reputable JJ X O
clients NNS X O
across IN X O
the DT X O
consumer NN X B-Domain
and CC X O
FMCG NNP X B-Domain
sectors NNS X I-Domain
, , X O
and CC X O
is VBZ X O
looking VBG X O
for IN X O
someone NN X O
to TO X O
join VB X O
their PRP$ X O
account NN X B-Skill
handling VBG X I-Skill
team NN X O
. . X O
On IN X O

a DT X O
daily JJ X O
basis NN X O
you PRP X O
will MD X O
carry VB X O
out RP X O
plant NN X B-Skill
monitoring NN X I-Skill
optimisation NN X I-Skill
and CC X I-Skill
recording NN X I-Skill
, , X O
hands VBZ X B-Skill
on IN X I-Skill
running VBG X I-Skill
, , X I-Skill
preventive JJ X I-Skill
and CC X I-Skill
breakdown JJ X I-Skill
maintenance NN X I-Skill
tasks NNS X I-Skill
, , X O
and CC X O
provide VB X B-Skill
written VBN X I-Skill
feedback NN X I-Skill
on IN X O
these DT X O
activities NNS X O
. . X O
Based VBN X O

in IN X O
South NNP X O
East NNP X O
London NNP X O
, , X O
The DT X O
client NN X O
is VBZ X O
a DT X O
secure JJ X O
child NN X O
and CC X O
adolescent JJ X O
hospital NN X O
that WDT X O
provides VBZ X O
a DT X O
safe JJ X O
environment NN X O
, , X O
for IN X O
the DT X O
assessment NN X O
, , X O
treatment NN X O
and CC X O
care NN X O
of IN X O
young JJ X O
people NNS X O
, , X O
aged VBD X O
12 CD X O
to TO X O
Top JJ X O

base NN X O
salary NN X O
and CC X O
extensive JJ X O
benefits NNS X O
on IN X O
offer NN X O
to TO X O
ambitious JJ X B-Skill
individual JJ X O
looking VBG X O
for IN X O
a DT X O
new JJ X O
career NN X O
role NN X O
in IN X O
a DT X O
highprofile JJ X O
consultancy NN X B-Domain
. . X O
Capital NN X O

Goods NNP X O
Scheme NNP X O
Land NNP X O
and CC X O
property NN X O
issues NNS X O
EU NNP X O
acquisitions NNS X O
and CC X O
County NNP X O

Court NNP X O
Judgement NNP X O
checks NNS X O
Consultant NNP X B-Occupation
: : X O
Racheal NNP X O
Bailey NNP X O
Apply NNP X O
online NN X O
k NN X O

entirely RB X O
dependent JJ X O
on IN X O
experience NN X O
plus CC X O
all PDT X O
the DT X O
usual JJ X O
benefits NNS X O
you PRP X O
would MD X O
expect VB X O
from IN X O
a DT X O
worldclass NN X O
employer NN X B-Occupation
. . X O
You PRP X O

need VBP X O
to TO X O
be VB X O
clinically RB X B-Skill
sensitive JJ X I-Skill
to TO X I-Skill
the DT X I-Skill
needs NNS X I-Skill
of IN X I-Skill
the DT X I-Skill
patient NN X I-Skill
, , X O
yet RB X O
understand VBP X B-Skill
the DT X I-Skill
commercial JJ X I-Skill
requirements NNS X I-Skill
of IN X I-Skill
the DT X I-Skill
business NN X I-Skill
. . X O
Support NNP X B-Skill

all DT X I-Skill
financial JJ X I-Skill
processes NNS X I-Skill
enabling VBG X O
the DT X O
company NN X O
to TO X O
achieve VB X O
targets NNS X O
. . X O
Take VB X B-Skill

receipt NN X I-Skill
of IN X I-Skill
materials NNS X I-Skill
and CC X I-Skill
check VB X I-Skill
description NN X I-Skill
, , X I-Skill
quantity NN X I-Skill
, , X I-Skill
markings NNS X I-Skill
and CC X I-Skill
condition NN X I-Skill
before IN X I-Skill
signing VBG X I-Skill
for IN X I-Skill
receipt NN X I-Skill
. . X O
Maintaining VBG X B-Skill

compressed VBN X I-Skill
and CC X I-Skill
cryogenic JJ X I-Skill
supply NN X I-Skill
schemes NNS X I-Skill
and CC X I-Skill
pipe NN X I-Skill
work NN X I-Skill
time NN X O

and CC X O
quality NN X O
requirements NNS X O
Interpret NNP X B-Skill
and CC X I-Skill
execute VB X I-Skill
complex JJ X I-Skill
test NN X I-Skill
scripts NNS X I-Skill
using VBG X I-Skill
agreed VBD X I-Skill
methods NNS X I-Skill
and CC X I-Skill
standards NNS X I-Skill
Document NNP X I-Skill
test NN X I-Skill
failures NNS X I-Skill
and CC X I-Skill
successes NNS X I-Skill
compared VBN X I-Skill
with IN X I-Skill
predefined JJ X I-Skill
criteria NNS X I-Skill
in IN X I-Skill
accordance NN X I-Skill
with IN X I-Skill
agreed JJ X I-Skill
standards NNS X I-Skill
Review NNP X I-Skill
test NN X I-Skill
results NNS X I-Skill
and CC X I-Skill
modify VB X I-Skill
tests NNS X I-Skill
if IN X I-Skill
necessary JJ X I-Skill
. . X O
ASAP NNP X O

Fantastic NNP X O
new JJ X O
opportunity NN X O
for IN X O
an DT X O
experienced JJ X B-Skill
Restaurant NNP X B-Occupation
General NNP X I-Occupation
Manager NNP X I-Occupation
has VBZ X O
arisen VBN X O
in IN X O
Sheffield NNP X O
To TO X O

consistently VB X O
support NN X O
existing VBG X O
accounts NNS X O
ensuring VBG X O
quality NN X B-Skill
of IN X I-Skill
equipment NN X I-Skill
, , X O
use NN X O
of IN X O
our PRP$ X O
products NNS X O
and CC X O
maintain VB X B-Skill
the DT X I-Skill
customer NN X I-Skill
relationship NN X I-Skill
. . X O
They PRP X O

have VBP X O
a DT X O
number NN X O
of IN X O
large JJ X O
scale JJ X O
projects NNS X O
running VBG X O
with IN X O
some DT X O
very RB X O
exciting JJ X O
products NNS X O
coming VBG X O
to TO X O
the DT X O
market NN X O
. . X O
The DT X O

successful JJ X O
candidate NN X O
will MD X O
be VB X O
able JJ X O
to TO X O
: : X O
Support NNP X B-Skill
various JJ X I-Skill
applications NNS X I-Skill
running VBG X I-Skill
on IN X I-Skill
SQL NNP X I-Skill
servers NNS X I-Skill
, , X O
running VBG X B-Skill
routine JJ X I-Skill
SQL NNP X I-Skill
scripts NNS X I-Skill
, , X O
performing VBG X B-Skill
daily JJ X I-Skill
checks NNS X I-Skill
and CC X I-Skill
backups NNS X I-Skill
of IN X I-Skill
the DT X I-Skill
SQL NNP X I-Skill
servers NNS X I-Skill
. . X O
Develop NNP X B-Skill

bid NN X I-Skill
winning VBG X I-Skill
strategy NN X I-Skill
, , X O
estimate NN X B-Skill
, , X O
tender NN X B-Skill
and CC X O
win VB X B-Skill
Road NNP X I-Skill
Network NNP X I-Skill
contracts NNS X I-Skill
Road NNP X I-Skill
Upgrades NNP X I-Skill
and CC X I-Skill
Repairs NNP X I-Skill
help NN X I-Skill
grow VB X I-Skill
a DT X I-Skill
major JJ X I-Skill
business NN X I-Skill
. . X O
Please NNP X O

upload VB X O
your PRP$ X O
cover NN X O
letter NN X O
and CC X O
CV NNP X O
as IN X O
one CD X O
document NN X O
. . X O
**** NN X O

other JJ X O
chefs NNS X O
, , X O
from IN X O
chef NN X O
de IN X O
partie FW X O
, , X O
to TO X O
commis VB X O
, , X O
cooking VBG X O
for IN X O
up IN X O
to TO X O
Systems NNP X B-Occupation

Administrator NNP X I-Occupation
Excel NNP X B-Skill
, , X O
VBA NNP X B-Skill
, , X O
Data NNP X B-Skill
Analysis NNP X I-Skill
Systems NNP X B-Occupation
Administrator NNP X I-Occupation
/ NNP X O
Developer NNP X B-Occupation
with IN X O
strong JJ X O
Excel NNP X B-Skill
, , X O
VBA NNP X B-Skill
and CC X O
Data NNP X B-Skill
Analysis NNP X I-Skill
skills NNS X O
required VBN X O
for IN X O
an DT X O
insurance NN X B-Domain
firm NN X O
based VBN X O
in IN X O
Colchester NNP X O
. . X O
An DT X O

engineering NN X B-Qualification
degree NN X I-Qualification
is VBZ X O
desirable JJ X O
For IN X O
more JJR X O
information NN X O
please NN X O
send VB X O
your PRP$ X O
CV NNP X O
to TO X O
the DT X O
address NN X O
below IN X O
Also RB X O

be VB X O
responsible JJ X B-Skill
for IN X I-Skill
a DT X I-Skill
small JJ X I-Skill
diary NN X I-Skill
of IN X I-Skill
accounts NNS X I-Skill
of IN X I-Skill
your PRP$ X I-Skill
own JJ X I-Skill
to TO X I-Skill
manage VB X I-Skill
, , X O
so IN X O
you PRP X O
must MD X O
be VB X O
able JJ X B-Skill
to TO X I-Skill
lead VB X I-Skill
by IN X I-Skill
example NN X I-Skill
To TO X O

be VB X O
the DT X O
successful JJ X O
candidate NN X O
you PRP X O
will MD X O
have VB X O
telephone NN X B-Skill
customer NN X I-Skill
service NN X I-Skill
experience NN X O
and CC X O
be VB X O
a DT X O
competent JJ X B-Skill
multitasker NN X I-Skill
who WP X O
works VBZ X B-Skill
well RB X I-Skill
under IN X I-Skill
pressure NN X I-Skill
. . X O
The DT X O

role NN X O
The DT X O
purpose NN X O
of IN X O
this DT X O
job NN X O
is VBZ X O
to TO X O
translate VB X B-Skill
business NN X I-Skill
needs NNS X I-Skill
and CC X I-Skill
opportunity NN X I-Skill
statements NNS X I-Skill
into IN X I-Skill
defined JJ X I-Skill
change NN X I-Skill
requirements NNS X I-Skill
and CC X I-Skill
deliverables NNS X I-Skill
that WDT X O
achieve VBP X O
maximum JJ X O
benefit NN X O
and CC X O
directly RB X O
support VB X O
the DT X O
CLPI NNP X O
Operating NNP X O
Plans NNPS X O
. . X O
Ability NN X B-Skill

to TO X I-Skill
work VB X I-Skill
unsupervised JJ X I-Skill
and CC X I-Skill
as IN X I-Skill
part NN X I-Skill
of IN X I-Skill
a DT X I-Skill
Team NN X I-Skill
. . X O
24 CD X O

hour NN X O
support NN X O
, , X O
continuous JJ X O
training NN X O
s NN X O
requirements NNS X O
, , X O
we PRP X O
will MD X O
provide VB X O
our PRP$ X O
client NN X O
with IN X O
your PRP$ X O
full JJ X O
details NNS X O
so IN X O
that IN X O
they PRP X O
can MD X O
judge VB X O
whether IN X O
you PRP X O
may MD X O
be VB X O
suitable JJ X O
for IN X O
the DT X O
opportunity NN X O
advertised VBD X O
. . X O
You PRP X O

will MD X O
be VB X O
educated VBN X B-Qualification
to TO X I-Qualification
degree VB X I-Qualification
level NN X I-Qualification
or CC X I-Qualification
equivalent JJ X I-Qualification
you PRP X O
may MD X B-Qualification
also RB X I-Qualification
be VB X I-Qualification
studying VBG X I-Qualification
towards IN X I-Qualification
a DT X I-Qualification
professional JJ X I-Qualification
qualification NN X I-Qualification
. . X O
Assist VB X B-Skill

the DT X I-Skill
Registered NNP X I-Skill
Manager NNP X I-Skill
with IN X I-Skill
the DT X I-Skill
management NN X I-Skill
of IN X I-Skill
the DT X I-Skill
Homes NNP X I-Skill
staffing NN X I-Skill
, , X I-Skill
financial JJ X I-Skill
and CC X I-Skill
material JJ X I-Skill
resources NNS X I-Skill
, , X I-Skill
including VBG X I-Skill
involvement NN X I-Skill
in IN X I-Skill
staff NN X I-Skill
recruitment NN X I-Skill
and CC X I-Skill
selection NN X I-Skill
. . X O
You PRP X O

will MD X O
have VB X O
demonstrable JJ X B-Skill
skills NNS X I-Skill
in IN X I-Skill
business NN X I-Skill
development NN X I-Skill
and CC X O
have VBP X O
real JJ X O
enthusiasm NN X B-Skill
and CC X I-Skill
drive NN X I-Skill
to TO X I-Skill
join VB X I-Skill
this DT X I-Skill
firm NN X I-Skill
at IN X O
an DT X O
exciting JJ X O
time NN X O
. . X O
working VBG X O

days NNS X O
please VB X O
assume VB X O
you PRP X O
have VBP X O
been VBN X O
unsuccessful JJ X O
this DT X O
time NN X O
. . X O
The DT X O

role NN X O
would MD X O
probably RB X O
suit VB X O
a DT X O
very RB X O
strong JJ X O
executive NN X B-Occupation
looking VBG X B-Skill
for IN X I-Skill
a DT X I-Skill
step NN X I-Skill
up RB X I-Skill
in IN X I-Skill
responsibilities NNS X I-Skill
. . X O
Goodman NNP X O

Masson NNP X O
is VBZ X O
acting VBG X O
as IN X O
an DT X O
Employment NNP X O
Agency NNP X O
in IN X O
relation NN X O
to TO X O
this DT X O
vacancy NN X O
. . X O
For IN X O

all PDT X O
the DT X O
very RB X O
latest JJS X O
vacancies NNS X O
visit VBP X O
our PRP$ X O
website NN X O
. . X O
Excellent JJ X O

attention NN X B-Skill
to TO X I-Skill
essential JJ X I-Skill
as IN X O
is VBZ X O
general JJ X B-Skill
keyboard NN X I-Skill
and CC X O
PC NN X B-Skill
skills NNS X O
including VBG X O
if IN X O
possible JJ X O
SAP NNP X B-Skill
, , X O
Siebel NNP X B-Skill
and CC X O
email NN X B-Skill
. . X O
Proven NNP X O

track NN X O
record NN X O
in IN X O
delivering VBG X B-Skill
results NNS X I-Skill
for IN X I-Skill
leading VBG X I-Skill
brands NNS X I-Skill
Team NNP X I-Skill
player NN X I-Skill
and CC X O
motivated VBD X B-Skill
individual JJ X O
Thought NNP X B-Skill
leader NN X I-Skill
and CC X O
in IN X B-Skill
tune NN X I-Skill
with IN X I-Skill
the DT X I-Skill
cutting VBG X I-Skill
edge NN X I-Skill
of IN X I-Skill
the DT X I-Skill
digital JJ X I-Skill
and CC X I-Skill
technology NN X I-Skill
industry NN X I-Skill
Influence NNP X I-Skill
skills NNS X I-Skill
in IN X I-Skill
new JJ X I-Skill
product NN X I-Skill
adoption NN X I-Skill
and CC X I-Skill
new JJ X I-Skill
business NN X I-Skill
Commercially NNP X I-Skill
astute NN X I-Skill
and CC X I-Skill
results NNS X I-Skill
focused VBD X I-Skill
Experience NNP X O
Minimum NNP X B-Experience
of IN X I-Experience
6 CD X I-Experience
years NNS X I-Experience
' POS X I-Experience
experience NN X I-Experience
in IN X O
eCommerce NN X B-Domain
. . X O
Quality NN X B-Domain

Company NNP X I-Domain
Car NNP X I-Domain
commensurate NN X I-Domain
with IN X O
a DT X O
Senior NNP X B-Occupation
Business NNP X I-Occupation
Development NNP X I-Occupation
Manager NNP X I-Occupation
, , X O
Full NNP X O
Home NNP X O
remote NN X O
communications NNS X O
package NN X O
incl NN X O
. . X O
Must NNP X O

have VBP X O
the DT X O
ability NN X B-Skill
to TO X I-Skill
use VB X I-Skill
a DT X I-Skill
variety NN X I-Skill
of IN X I-Skill
machines NNS X I-Skill
to TO X I-Skill
manufacture VB X I-Skill
components NNS X I-Skill
from IN X I-Skill
drawings NNS X I-Skill
, , X O
working VBG X B-Skill
to TO X I-Skill
specific JJ X I-Skill
tolerances NNS X I-Skill
within IN X I-Skill
set VBN X I-Skill
timeframes NNS X I-Skill
. . X O
Although IN X O

we PRP X O
try VBP X O
to TO X O
respond VB X O
to TO X O
all DT X O
applications NNS X O
, , X O
the DT X O
high JJ X O
number NN X O
we PRP X O
receive VBP X O
means VBZ X O
this DT X O
isn JJ X O
` `` X O
t NN X O
always RB X O
possible JJ X O
. . X O
Hitting VBG X B-Skill

and CC X I-Skill
exceeding VBG X I-Skill
KPIs NNP X I-Skill
, , X O
research NN X B-Skill
, , X O
and CC X O
building VBG X B-Skill
relationships NNS X I-Skill
with IN X I-Skill
existing VBG X I-Skill
clients NNS X I-Skill
. . X O
Please NNP X O

send VB X O
cv NN X O
for IN X O
the DT X O
ENVIRONMENTAL NNP X B-Occupation
PROCESS NNP X I-Occupation
TECHNICIAN NNP X I-Occupation
to TO X O
jasonaddtec VB X O
. . X O
co NN X O
. . X O
uk JJ X O
Jason NNP X O
Hughes NNP X O
You PRP X O

will MD X O
ideally RB X O
have VB X O
a DT X B-Skill
strong JJ X I-Skill
Aerospace NNP X I-Skill
background NN X I-Skill
and CC X O
have VB X B-Skill
proven VBN X I-Skill
experience NN X I-Skill
of IN X I-Skill
working VBG X I-Skill
to TO X I-Skill
ISO NNP X I-Skill
standards NNS X I-Skill
. . X O
Maintain VB X O

a DT X O
sound NN X O
knowledge NN X B-Skill
of IN X I-Skill
Care NNP X I-Skill
Quality NNP X I-Skill
Commission NNP X I-Skill
or CC X O
equivalent JJ X O
and CC X O
all DT X O
other JJ X O
regulatory JJ X O
standards NNS X O
Metropolitan NNP X O

also RB X O
offers VBZ X O
a DT X O
contributory NN X O
pension NN X O
scheme NN X O
and CC X O
a DT X O
range NN X O
of IN X O
flexible JJ X O
benefits NNS X O
including VBG X O
but CC X O
not RB X O
restricted VBN X O
to TO X O
dental JJ X O
insurance NN X O
, , X O
a DT X O
health NN X O
cash NN X O
plan NN X O
and CC X O
critical JJ X O
illness NN X O
cover NN X O
. . X O
Agents NNS X B-Occupation

subcontractors NNS X I-Occupation
receive VBP X O
all DT X O
relevant JJ X O
documentation NN X O
in IN X O
a DT X O
timely JJ X O
and CC X O
polite JJ X O
manner NN X O
, , X O
and CC X O
keep VB X O
them PRP X O
fully RB X O
informed VBN X O
of IN X O
all DT X O
relevant JJ X O
aspects NNS X O
of IN X O
the DT X O
move NN X O
. . X O
All DT X O

adjustments NNS X O
can MD X O
be VB X O
shared VBN X O
with IN X O
others NNS X O
, , X O
both DT X O
internally RB X O
and CC X O
externally RB X O
, , X O
allowing VBG X O
information NN X O
to TO X O
be VB X O
published VBN X O
quickly RB X O
and CC X O
simply RB X O
. . X O
You PRP X O

will MD X O
produce VB X B-Skill
the DT X I-Skill
monthly JJ X I-Skill
management NN X I-Skill
accounts NNS X I-Skill
as RB X O
well RB X O
as IN X O
the DT X O
management NN X B-Skill
information NN X I-Skill
pack NN X I-Skill
, , X O
including VBG X O
full JJ X O
commentary NN X B-Skill
and CC X I-Skill
variance NN X I-Skill
analysis NN X I-Skill
, , X O
for IN X O
inclusion NN X O
in IN X O
the DT X O
report NN X O
to TO X O
the DT X O
Board NNP X O
. . X O
Ability NN X O

to TO X O
handle VB X B-Skill
stress NN X I-Skill
well RB X I-Skill
Ability NNP X O
to TO X O
scope VB X B-Skill
out RP X I-Skill
and CC X I-Skill
lead VB X I-Skill
the DT X I-Skill
dev JJ X I-Skill
side NN X I-Skill
of IN X I-Skill
any DT X I-Skill
project NN X I-Skill
that WDT X I-Skill
comes VBZ X I-Skill
to TO X I-Skill
you PRP X I-Skill
Strong NNP X O
interpersonal JJ X B-Skill
skills NNS X I-Skill
and CC X O
high JJ X O
degree NN X O
of IN X O
social JJ X B-Skill
acuity NN X I-Skill
Capable NNP X O
of IN X O
working VBG X B-Skill
with IN X I-Skill
a DT X I-Skill
team NN X I-Skill
, , X I-Skill
both DT X I-Skill
on IN X I-Skill
dev NN X I-Skill
projects NNS X I-Skill
and CC X I-Skill
on IN X I-Skill
the DT X I-Skill
day NN X I-Skill
to TO X I-Skill
day NN X I-Skill
. . X O
Source NN X B-Skill

work NN X I-Skill
with IN X O
the DT X O
some DT X O
of IN X O
the DT X O
best JJS X O
agencies NNS X O
in IN X O
London NNP X O
Role NNP X O

will MD X O
involve VB X O
travel NN X O
to TO X O
client NN X O
sites NNS X O
, , X O
company NN X O
van NN X O
provided VBD X O
. . X O
You PRP X O

will MD X O
be VB X O
responsible JJ X O
for IN X O
ordering VBG X B-Skill
, , X O
HACCP NNP X B-Skill
procedures VBZ X I-Skill
, , X O
stock NN X B-Skill
taking NN X I-Skill
, , X I-Skill
motivating VBG X I-Skill
a DT X I-Skill
team NN X I-Skill
and CC X O
bringing VBG X B-Skill
new JJ X I-Skill
ideas NNS X I-Skill
& CC X I-Skill
concepts NNS X I-Skill
to TO X I-Skill
the DT X I-Skill
business NN X I-Skill
. . X O
Specifically RB X O

you PRP X O
will MD X O
, , X O
Develop VB X B-Skill
an DT X I-Skill
indepth NN X I-Skill
understanding VBG X I-Skill
the DT X I-Skill
Road NNP X I-Skill
Network NNP X I-Skill
being VBG X I-Skill
bid VBN X I-Skill
strategic JJ X I-Skill
and CC X I-Skill
operational JJ X I-Skill
issues NNS X I-Skill
, , X I-Skill
political JJ X I-Skill
and CC X I-Skill
local JJ X I-Skill
commercial JJ X I-Skill
drivers NNS X I-Skill
. . X O
Factory NN X O

based VBN X O
you PRP X O
will MD X O
have VB X O
some DT X O
experience NN X O
of IN X O
working VBG X B-Skill
with IN X I-Skill
MDF NNP X I-Skill
and CC X O
other JJ X O
man NN X O
made VBD X O
boards NNS X O
, , X B-Skill
laminating VBG X I-Skill
and CC X I-Skill
general JJ X I-Skill
assembly NN X I-Skill
. . X O
The DT X O

ideal JJ X O
Sales NNS X B-Occupation
Executive NNP X I-Occupation
will MD X O
possess VB X O
the DT X O
following NN X O
: : X O
Occupational JJ X O

Sickpay NNP X O
Training NNP X B-Domain
and CC X O
development NN X B-Domain
opportunities NNS X O
Annual NNP X O
leave VBP X O
entitlement JJ X O
increasing VBG X O
with IN X O
length NN X O
of IN X O
service NN X O
Opportunity NNP X O
to TO X O
work VB X O
from IN X O
home NN X O
You PRP X O
will MD X O
be VB X O
educated VBN X O
to TO X O
degree VB X B-Qualification
level NN X I-Qualification
or CC X I-Qualification
equivalent NN X I-Qualification
. . X O
Proven NNP X O

experience NN X B-Skill
in IN X O
a DT X O
commercial JJ X B-Skill
underwriting NN X I-Skill
role NN X I-Skill
with IN X O
specific JJ X O
knowledge NN X B-Skill
in IN X I-Skill
Property NNP X I-Skill
classes NNS X I-Skill
An DT X O

accomplished JJ X B-Skill
persuader NN X I-Skill
and CC X O
influencer NN X B-Skill
, , X O
you PRP X O
must MD X O
be VB X O
credible JJ X O
at IN X O
Board NNP X O
level NN X O
with IN X O
a DT X O
natural JJ X B-Skill
talent NN X I-Skill
for IN X I-Skill
developing VBG X I-Skill
those DT X O
around IN X O
you PRP X O
. . X O
K NNP X O

Delivering NNP X O
exceptional JJ X O
events NNS X B-Skill
is VBZ X O
the DT X O
lifeblood NN X O
of IN X O
our PRP$ X O
business NN X O
. . X O
This DT X O

is VBZ X O
a DT X O
Board NNP X O
position NN X O
, , X O
reporting VBG X O
to TO X O
the DT X O
Divisional NNP X B-Occupation
Managing NNP X I-Occupation
Director NNP X I-Occupation
. . X O
Experience NN X O

in IN X O
a DT X O
similar JJ X O
post NN X O
Please NNP X O
note NN X O
that WDT X O
due JJ X O
to TO X O
the DT X O
large JJ X O
number NN X O
of IN X O
applications NNS X O
we PRP X O
received VBD X O
, , X O
we PRP X O
are VBP X O
not RB X O
able JJ X O
to TO X O
reply VB X O
to TO X O
everyone NN X O
. . X O
The DT X O

services NNS X O
advertised VBN X O
by IN X O
Jonathan NNP X O
Lee NNP X O
Recruitment NNP X O
are VBP X O
those DT X O
of IN X O
an DT X O
Employment NNP X B-Domain
Agency NNP X I-Domain
. . X O
However RB X O

, , X O
it PRP X O
is VBZ X O
your PRP$ X O
responsibility NN X O
to TO X O
ensure VB X O
that IN X O
two CD X O
open JJ X O
references NNS X O
are VBP X O
submitted VBN X O
from IN X O
the DT X O
named VBN X O
referees NNS X O
. . X O
Demonstrates NNS X O

proactive VBP X B-Skill
approach NN X O
to TO X O
potential JJ X O
problems NNS X O
, , X O
acting VBG X O
to TO X O
resolve VB X O
them PRP X O
quickly RB X O
Seeks NNP X O
opportunities NNS X O
for IN X O
improving VBG X O
quality NN X O
and CC X O
willingly RB X O
share NN X O
innovative JJ X O
ideas NNS X O
. . X O
You PRP X O

will MD X O
gain VB X O
experience NN X O
of IN X O
solution NN X B-Skill
design NN X I-Skill
and CC X O
project NN X B-Skill
management NN X I-Skill
. . X O
This DT X O

company NN X O
is VBZ X O
really RB X O
focused VBN X O
on IN X O
its PRP$ X O
people NNS X O
and CC X O
offers NNS X O
on IN X O
going VBG X O
personal JJ X O
development NN X O
and CC X O
training NN X O
. . X O
Coordinate NNP X B-Skill

and CC X I-Skill
action NN X I-Skill
results NNS X I-Skill
from IN X I-Skill
associated JJ X I-Skill
failure NN X I-Skill
investigations NNS X I-Skill
/ VBP X O
significant JJ X O
anomalies NNS X O
. . X O
Where WRB X O

appropriate NN X O
for IN X O
the DT X O
role NN X O
, , X O
proactively RB X B-Skill
identify JJ X I-Skill
new JJ X I-Skill
business NN X I-Skill
opportunities NNS X I-Skill
, , X O
working VBG X O
towards NNS X O
increasing VBG X B-Skill
member NN X I-Skill
commitment NN X I-Skill
and CC X I-Skill
volumes NNS X I-Skill
. . X O
This DT X O

is VBZ X O
a DT X O
fantastic JJ X O
opportunity NN X O
to TO X O
join VB X O
a DT X O
predominant JJ X O
company NN X O
in IN X O
the DT X O
Electronics NNP X B-Domain
Design NNP X I-Domain
industry NN X I-Domain
. . X O
Washing VBG X B-Skill

up RP X O
Menu NNP X O
each DT X O
day NN X O
soup NN X O
and CC X O
bread NN X O
, , X O
2 CD X O
main JJ X O
courses NNS X O
including VBG X O
2 CD X O
veg NN X O
and CC X O
potatoes NNS X O
, , X O
For IN X O

further JJ X O
information NN X O
please NN X O
visit VB X O
our PRP$ X O
website NN X O
at IN X O
www NN X O
. . X O
bmsuk NN X O
. . X O
com NN X O
Seek NNP X B-Skill

approval NN X I-Skill
for IN X I-Skill
new JJ X I-Skill
models NNS X I-Skill
, , X O
enhancements NNS X B-Skill
to TO X I-Skill
existing VBG X I-Skill
models NNS X I-Skill
, , X O
and CC X O
ongoing VBG X B-Skill
use NN X I-Skill
of IN X I-Skill
previously RB X I-Skill
approved VBN X I-Skill
models NNS X I-Skill
. . X O
To TO X O

ensure VB X O
compliance NN X B-Skill
with IN X I-Skill
the DT X I-Skill
appropriate JJ X I-Skill
legal JJ X I-Skill
and CC X I-Skill
regulatory JJ X I-Skill
requirements NNS X I-Skill
To TO X O
promote VB X O
best JJS X O
practice NN X O
and CC X O
to TO X O
ensure VB X O
compliance NN X B-Skill
with IN X I-Skill
the DT X I-Skill
policies NNS X I-Skill
of IN X I-Skill
the DT X I-Skill
School NNP X I-Skill
; : X O
To TO X O
direct VB X B-Skill
the DT X I-Skill
financial JJ X I-Skill
management NN X I-Skill
and CC X O
planning NN X B-Skill
of IN X I-Skill
human JJ X I-Skill
resources NNS X I-Skill
across IN X O
the DT X O
School NNP X O
; : X O
To TO X O
be VB X O
responsible JJ X O
for IN X O
site NN X B-Skill
and CC X I-Skill
facilities NNS X I-Skill
management NN X I-Skill
. . X O
Educated VBN X O

to TO X O
A DT X B-Qualification
level JJ X I-Qualification
standard NN X O
or CC X O
equivalent JJ X O
Effective NNP X O
written VBN X O
and CC X O
verbal JJ X O
communication NN X O
Good NNP X O
attention NN X O
to TO X O
detail VB X O
Good JJ X O
working VBG X O
knowledge NN X O
of IN X O
Excel NNP X B-Skill
and CC X O
other JJ X O
Microsoft NNP X B-Skill
applications NNS X I-Skill
Good NNP X O
knowledge NN X O
of IN X O
commercial JJ X O
vehicles NNS X O
Team NNP X B-Skill
player NN X I-Skill
Effective NNP X O
negotiation NN X O
Excellent JJ X B-Skill

communication NN X I-Skill
skills NNS X I-Skill
Enthusiasm NNP X O
, , X O
a DT X O
strong JJ X O
work NN X O
ethic NN X O
and CC X O
a DT X O
hunger NN X O
to TO X O
learn VB X O
Minimum NNP X O
level NN X O
2 CD X O
food NN X O
safety NN X O
and CC X O
preferably RB X O
higher JJR X O
What WP X O
we PRP X O
offer VBP X O
Highly RB X O
competitive JJ X O
salary JJ X O
Attractive NNP X O
Kitchen NNP X B-Occupation
Manager NNP X I-Occupation
bonus NN X O
package NN X O
up RB X O
to TO X O
As IN X O

a DT X O
New NNP X O
Business NNP X O
senior JJ X B-Qualification
Sales NNS X B-Occupation
Executive NN X I-Occupation
you PRP X O
will MD X O
be VB X O
required VBN X O
to TO X O
provide VB X O
advanced JJ X B-Skill
energyefficient NN X I-Skill
technologies NNS X I-Skill
that WDT X O
are VBP X O
saving VBG X O
industry NN X O
and CC X O
commerce NN X O
thousands NNS X O
of IN X O
pounds NNS X O
every DT X O
month NN X O
in IN X O
electricity NN X O
costs NNS X O
. . X O
Appointment NN X O

will MD X O
be VB X O
made VBN X O
on IN X O
merit NN X O
alone RB X O
but CC X O
candidates NNS X O
must MD X O
be VB X O
able JJ X O
to TO X O
demonstrate VB X B-Qualification
their PRP$ X I-Qualification
ability NN X I-Qualification
to TO X I-Qualification
work VB X I-Qualification
in IN X I-Qualification
the DT X I-Qualification
UK NNP X I-Qualification
. . X O
Improve NNP X B-Skill

team NN X I-Skill
effectiveness NN X I-Skill
and CC X I-Skill
morale NN X I-Skill
to TO X O
ensure VB X O
a DT X O
strong JJ X O
team NN X O
spirit NN X O
, , X O
recognition NN X O
of IN X O
success NN X O
and CC X O
a DT X O
well RB X O
motivated JJ X O
team NN X O
. . X O
Ensure NN X O

that IN X O
my PRP$ X O
team NN X O
have VBP X O
the DT X O
knowledge NN X B-Skill
, , X I-Skill
experience NN X I-Skill
and CC X I-Skill
understanding NN X I-Skill
of IN X I-Skill
the DT X I-Skill
products NNS X I-Skill
and CC X I-Skill
services NNS X I-Skill
and CC X O
know VB X B-Skill
how WRB X I-Skill
to TO X I-Skill
deliver VB X I-Skill
our PRP$ X I-Skill
member NN X I-Skill
experience NN X I-Skill
. . X O
An DT X O

Immediate NNP X O
start NN X O
is VBZ X O
an DT X O
advantage NN X O
however RB X O
not RB X O
essential JJ X O
for IN X O
the DT X O
right JJ X O
candidates NNS X O
. . X O
Build NNP X B-Skill

robust JJ X I-Skill
systems NNS X I-Skill
in IN X O
a DT X O
disciplined JJ X B-Skill
, , X O
structured JJ X B-Skill
manner NN X O
following VBG X B-Skill
appropriate JJ X I-Skill
standards NNS X I-Skill
and CC X I-Skill
procedures NNS X I-Skill
. . X I-Skill
Experienced VBN X B-Skill

at IN X O
delivering VBG X B-Skill
great JJ X O
service NN X B-Skill
in IN X O
the DT X O
corporate JJ X B-Domain
sector NN X I-Domain
, , X O
basing VBG X O
the DT X O
principles NNS X O
on IN X O
You PRP X O

will MD X O
need VB X O
to TO X O
have VB X O
the DT X O
ability NN X O
to TO X O
manage VB X B-Skill
and CC X I-Skill
develop VB X I-Skill
a DT X I-Skill
small JJ X I-Skill
team NN X I-Skill
of IN X I-Skill
6 CD X I-Skill
collectors NNS X I-Skill
. . X O
Not RB X O

only RB X O
can MD X O
it PRP X O
creating VBG X O
branding VBG X O
for IN X O
a DT X O
business NN X O
but CC X O
increase NN X O
revenue NN X O
by IN X O
over IN X O
40 CD X O
% NN X O
Basic NNP X O
salary NN X O
is VBZ X O
The DT X O

company NN X O
is VBZ X O
well RB X O
established VBN X O
within IN X O
their PRP$ X O
marketplace NN X O
, , X O
and CC X O
offer VBP X O
a DT X O
great JJ X O
basic JJ X O
salary NN X O
and CC X O
a DT X O
high JJ X O
, , X O
long JJ X O
term NN X O
earning VBG X O
potential JJ X O
. . X O
The DT X O

post NN X O
holder NN X O
also RB X O
chairs VBZ X O
the DT X O
Site NNP X B-Domain
Management NNP X I-Domain
group NN X O
that WDT X O
brings VBZ X B-Skill
together RB X I-Skill
all DT X I-Skill
service NN X I-Skill
functions NNS X I-Skill
of IN X O
the DT X O
Department NNP X O
. . X O
They PRP X O

are VBP X O
a DT X O
well RB X O
established VBN X O
organisation NN X O
that WDT X O
offer VBP X O
excellent JJ X O
training NN X B-Domain
, , X O
the DT X O
potential NN X O
of IN X O
a DT X O
longterm JJ X O
career NN X O
and CC X O
excellent JJ X O
benefits NNS X O
Do VBP X O

you PRP X O
have VB X O
the DT X O
self NN X B-Skill
believe VBP X I-Skill
and CC X O
confidence NN X B-Skill
to TO X O
succeed VB X O
in IN X O
this DT X O
cover NN X O
supervisor NN X B-Occupation
role NN X O
? . X O
To TO X O

register VB X O
as IN X O
a DT X O
nurse NN X B-Occupation
or CC X O
midwife NN X B-Occupation
in IN X O
the DT X O
UK NNP X O
visit NN X O
http NN X O
:// NNP X O
www NN X O
. . X O
nmcuk NN X O
. . X O
org NN X O
The DT X O

Role NNP X O
Our PRP$ X O
client NN X O
is VBZ X O
a DT X O
rapidly RB X O
expanding VBG X O
multimillion NN X O
pound NN X O
business NN X O
with IN X O
sites NNS X O
across IN X O
Europe NNP X O
. . X O
You PRP X O

will MD X O
manage VB X B-Skill
a DT X I-Skill
very RB X I-Skill
good JJ X I-Skill
clinical JJ X I-Skill
team NN X I-Skill
of IN X I-Skill
nurses NNS X I-Skill
and CC X O
help NN X O
to TO X O
ensure VB X B-Skill
that IN X I-Skill
the DT X I-Skill
care NN X I-Skill
delivered VBN X I-Skill
to TO X I-Skill
service NN X I-Skill
users NNS X I-Skill
continues VBZ X I-Skill
to TO X I-Skill
be VB X I-Skill
delivered VBN X I-Skill
in IN X I-Skill
an DT X I-Skill
excellent JJ X I-Skill
fashion NN X I-Skill
. . X O
It PRP X O

is VBZ X O
important JJ X O
that IN X O
you PRP X O
have VBP X O
a DT X O
flexible JJ X O
working JJ X O
attitude NN X O
ensuring VBG X O
that IN X O
the DT X O
patient NN X O
is VBZ X O
always RB X O
put VBN X O
first RB X O
this DT X O
may MD X O
mean VB X O
accommodating VBG X O
late JJ X O
arrivals NNS X O
into IN X O
the DT X O
clinic NN X O
. . X O
Approval NNP X B-Skill

and CC X I-Skill
validation NN X I-Skill
of IN X I-Skill
new JJ X I-Skill
equipment NN X I-Skill
in IN X I-Skill
stateoftheart NN X I-Skill
technology NN X I-Skill
and CC X I-Skill
the DT X I-Skill
maintenance NN X I-Skill
of IN X I-Skill
their PRP$ X I-Skill
NADCAP NNP X I-Skill
merit NN X I-Skill
status NN X I-Skill
will MD X O
also RB X O
be VB X O
a DT X O
requirement NN X O
. . X O
As IN X O

a DT X O
sales NNS X B-Occupation
professional NN X I-Occupation
you PRP X O
will MD X O
liaise VB X B-Skill
at IN X I-Skill
a DT X I-Skill
managerial JJ X I-Skill
level NN X I-Skill
, , X O
organise NN X B-Skill
in IN X I-Skill
store NN X I-Skill
events NNS X I-Skill
, , X O
organise RB X B-Skill
training NN X I-Skill
days NNS X I-Skill
and CC X I-Skill
analyse JJ X I-Skill
sales NNS X I-Skill
data NNS X I-Skill
. . X O
This DT X O

is VBZ X O
an DT X O
excellent JJ X O
opportunity NN X O
to TO X O
join VB X O
a DT X O
vibrant NN X O
and CC X O
successful JJ X O
companyIf NN X O
Experience NN X O

with IN X O
scheduling NN X B-Skill
, , X O
manhour NN X B-Skill
control NN X I-Skill
, , X O
productivity NN X B-Skill
and CC X I-Skill
status NN X I-Skill
reporting NN X I-Skill
. . X O
Candidates NNS X O

wanting VBG X O
to TO X O
apply VB X O
must MD X O
be VB X O
able JJ X O
to TO X O
demonstrate VB X O
experience NN X O
of IN X O
working VBG X B-Skill
in IN X I-Skill
an DT X I-Skill
IT NNP X I-Skill
Service NNP X I-Skill
Desk NNP X I-Skill
previously RB X O
, , X O
ideally RB X O
an DT X O
NHS NNP X O
one CD X O
. . X O
You PRP X O

must MD X O
live VB X B-Skill
within IN X I-Skill
an DT X I-Skill
hour NN X I-Skill
of IN X I-Skill
the DT X I-Skill
location NN X I-Skill
or CC X O
be VB X O
prepared VBN X O
to TO X O
relocate VB X O
to TO X O
within IN X O
an DT X O
hour NN X O
of IN X O
this DT X O
location NN X O
at IN X O
your PRP$ X O
own JJ X O
cost NN X O
as IN X O
our PRP$ X O
client NN X O
do VBP X O
not RB X O
provide VB X O
live NN X O
in IN X O
accommodation NN X O
Bath NNP X O
Commutable NNP X O
from IN X O
Trowbridge NNP X O
, , X O
Bristol NNP X O
, , X O
Chippenham NNP X O
Prepare NNP X B-Skill

written VBN X I-Skill
risk NN X I-Skill
assessments NNS X I-Skill
and CC X I-Skill
method NN X I-Skill
statements NNS X I-Skill
for IN X I-Skill
the DT X I-Skill
control NN X I-Skill
of IN X I-Skill
the DT X I-Skill
works NNS X I-Skill
. . X O
Strong JJ X O

sales NNS X B-Domain
skillsYou NN X O
will MD X O
have VB X O
an DT X O
IT NNP X B-Skill
sales NNS X I-Skill
background NN X O
, , X B-Skill
ideally RB X I-Skill
in IN X I-Skill
hardware NN X I-Skill
or CC X I-Skill
servicesDegreeeducated VBN X O
individuals NNS X O
traditionally RB X O
do VBP X O
very RB X O
well RB X O
The DT X O

successful JJ X O
candidate NN X O
will MD X O
have VB X O
experience NN X O
of IN X O
manipulation NN X B-Skill
of IN X I-Skill
data NNS X I-Skill
and CC X O
validation NN X B-Skill
of IN X I-Skill
results NNS X I-Skill
once IN X O
the DT X O
conversion NN X O
has VBZ X O
taken VBN X O
place NN X O
. . X O
The DT X O

role NN X O
will MD X O
predominately RB X O
be VB X O
office NN X O
based VBN X O
although IN X O
some DT X O
flexibility NN X B-Skill
on IN X I-Skill
travelling NN X I-Skill
will MD X O
be VB X O
required VBN X O
when WRB X O
necessary JJ X O
. . X O
B NNP X O

Q NNP X O
Build NNP X O
a DT X O
career NN X O
in IN X O
which WDT X O
you PRP X O
can MD X O
say VB X O
' POS X O
I PRP X O
Did VBP X O
That DT X O
' '' X O
This DT X O
job NN X O
was VBD X O
originally RB X O
posted VBN X O
as IN X O
If IN X O

you PRP X O
feel VBP X O
this DT X O
is VBZ X O
something NN X O
for IN X O
you PRP X O
then RB X O
please VB X O
apply RB X O
using VBG X O
our PRP$ X O
online JJ X O
application NN X O
process NN X O
, , X O
If IN X O
considered VBN X O
you PRP X O
will MD X O
then RB X O
receive VB X O
an DT X O
email NN X O
regarding VBG X O
appointments NNS X O
. . X O
Person NNP X O

Profile NNP X O
Qualifications NNP X O
and CC X O
Training NNP X O
Registered NNP X B-Skill
Nurse NNP X I-Skill
/ NNP X I-Skill
Operating NNP X I-Skill
Department NNP X I-Skill
Practitioner NNP X I-Skill
Experience NNP X I-Skill
We PRP X O

are VBP X O
looking VBG X O
for IN X O
a DT X O
highly RB X O
technically RB X B-Skill
experienced JJ X I-Skill
individual NN X O
to TO X O
join VB X B-Skill
the DT X I-Skill
APD NNP X I-Skill
team NN X I-Skill
to TO X O
work VB X B-Skill
on IN X I-Skill
next JJ X I-Skill
generation NN X I-Skill
GPU NNP X I-Skill
technology NN X I-Skill
for IN X I-Skill
future JJ X I-Skill
ARM NNP X I-Skill
products NNS X I-Skill
. . X O
Promoting VBG X B-Skill

and CC X I-Skill
adhering VBG X I-Skill
to TO X I-Skill
the DT X I-Skill
companies NNS X I-Skill
and CC X I-Skill
statutory JJ X I-Skill
health NN X I-Skill
safety NN X I-Skill
and CC X I-Skill
environmental JJ X I-Skill
culture NN X I-Skill
, , X I-Skill
rules NNS X I-Skill
and CC X I-Skill
regulations NNS X I-Skill
. . X O
It PRP X O

is VBZ X O
essential JJ X O
that IN X O
all DT X O
candidates NNS X O
have VBP X O
first JJ X O
class NN X O
communication NN X B-Skill
skills NNS X O
written VBN X O
and CC X O
verbal JJ X O
, , X O
time NN X B-Skill
management NN X I-Skill
, , X O
client NN X B-Skill
care NN X I-Skill
skills NNS X O
, , X O
Basic JJ X O

qualifications NNS X O
attributes VBZ X O
/ JJ X O
experience NN X O
: : X O
qualified VBN X O
Accountant NNP X B-Occupation
with IN X O
post NN X O
qualified JJ X O
experience NN X B-Skill
in IN X I-Skill
a DT X I-Skill
complex JJ X I-Skill
FTSE NNP X I-Skill
business NN X I-Skill
; : X O
exceptional JJ X O
academics NNS X O
with IN X O
a DT X O
2 CD X B-Qualification
. . X I-Qualification
1 CD X I-Qualification
degree NN X I-Qualification
or CC X I-Qualification
above NN X I-Qualification
and CC X O
As IN X B-Qualification
and CC X I-Qualification
Bs NNP X I-Qualification
at IN X I-Qualification
ALevel NNP X I-Qualification
; : X O
strong JJ X O
business NN X B-Skill
partnering NN X I-Skill
and CC X O
relationship NN X B-Skill
building NN X I-Skill
skills NNS X O
, , X O
credibility NN X B-Skill
with IN X O
senior JJ X O
management NN X O
; : X O
process NN X B-Skill
improvement NN X I-Skill
mindset NN X O
and CC X O
skills NNS X O
; : X O
proactivity NN X B-Skill
and CC X O
selfstarting JJ X B-Skill
mindset NN X O
; : X O
confidence NN X B-Skill
and CC X O
independence NN X B-Skill
to TO X O
challenge VB X O
and CC X O
make VB X O
a DT X O
difference NN X O
. . X O
well RB X O

as IN X O
managing VBG X B-Skill
ongoing VBG X I-Skill
marketing NN X I-Skill
campaigns NNS X I-Skill
, , X O
you PRP X O
` `` X O
ll VB X O
also RB X O
help NN X O
to TO X O
grow VB X O
the DT X O
account NN X O
through IN X O
excellent JJ X B-Skill
client NN X I-Skill
relationships NNS X I-Skill
and CC X O
superb JJ X O
communication NN X B-Skill
skills NNS X I-Skill
, , X O
so IN X O
you PRP X O
` `` X O
ll NNS X O
need VB X O
to TO X O
be VB X O
able JJ X O
to TO X O
spot VB X B-Skill
an DT X I-Skill
opportunity NN X I-Skill
at IN X I-Skill
a DT X I-Skill
thousand NN X I-Skill
paces NNS X I-Skill
. . X O
**** JJ X O

teams NNS X O
within IN X O
the DT X O
London NNP X O
Borough NNP X O
of IN X O
Havering NNP X O
Children NNP X O
and CC X O
Young NNP X O
People NNP X O
s JJ X O
Service NNP X O
. . X O
But CC X O

we PRP X O
ve VBP X O
also RB X O
retained VBN X O
some DT X O
beautiful JJ X O
things NNS X O
from IN X O
the DT X O
past JJ X O
with IN X O
fantastic JJ X O
traditional JJ X O
features NNS X O
and CC X O
roaring VBG X O
log NN X O
fires NNS X O
. . X O
The DT X O

Education NNP X B-Domain
Service NNP X O
is VBZ X O
the DT X O
third JJ X O
largest JJS X O
in IN X O
Scotland NNP X O
providing VBG X O
for IN X O
over IN X O
55 CD X O
, , X O
500 CD X O
children NNS X O
and CC X O
young JJ X O
people NNS X O
. . X O
They PRP X O

have VBP X O
very RB X O
strong JJ X O
business NN X O
values NNS X O
and CC X O
pride VBP X O
themselves PRP X O
on IN X O
the DT X O
ethics NNS X O
of IN X O
their PRP$ X O
product NN X O
and CC X O
the DT X O
history NN X O
of IN X O
the DT X O
brand NN X O
. . X O
Leading VBG X O

global JJ X O
financial JJ X O
services NNS X O
organisation NN X O
operating VBG X O
in IN X O
the DT X O
mobile JJ X O
/ NN X O
web NN X O
arena NN X O
with IN X O
Ideally NNP X O

candidates NNS X O
will MD X O
come VB X O
from IN X O
a DT X O
similar JJ X O
background NN X O
working VBG X O
within IN X O
lectronic JJ X B-Domain
or CC X O
electromechanical JJ X B-Domain
purchasing NN X O
teams NNS X O
. . X O
: : X O

Please NN X O
note NN X O
that IN X O
in IN X O
accordance NN X O
with IN X O
Hot NNP X O
Recruitment NNP X O
Consultants NNPS X O
recruitment NN X O
and CC X O
consultancy NN X O
processes NNS X O
, , X O
if IN X O
you PRP X O
are VBP X O
shortlisted VBN X O
your PRP$ X O
CV NN X O
may MD X O
be VB X O
sent VBN X O
to TO X O
the DT X O
Hiring NNP X O
Manager NNP X O
at IN X O
our PRP$ X O
Clients NNS X O
business NN X O
and CC X O
by IN X O
applying VBG X O
for IN X O
this DT X O
position NN X O
you PRP X O
give VBP X O
your PRP$ X O
consent NN X O
for IN X O
us PRP X O
to TO X O
do VB X O
so RB X O
. . X O
The DT X O

additional JJ X O
needs NNS X O
team NN X O
are VBP X O
a DT X O
small JJ X O
friendly JJ X O
team NN X O
looking VBG X O
to TO X O
cover VB X O
a DT X O
period NN X O
of IN X O
maternity NN X O
leave VBP X O
. . X O
It PRP X O

is VBZ X O
a DT X O
legal JJ X O
requirement NN X O
that IN X O
all DT X O
staff NN X O
working VBG X O
in IN X O
Coral NNP X O
shops NNS X O
are VBP X O
aged VBN X O
To TO X O

undertake VB X O
research NN X B-Skill
and CC X I-Skill
development NN X I-Skill
and CC X O
devise NN X B-Skill
and CC X I-Skill
produce VBP X I-Skill
materials NNS X I-Skill
from IN X O
own JJ X O
or CC X O
set VBN X O
syllabi NN X O
to TO X O
ensure VB X B-Skill
materials NNS X I-Skill
are VBP X I-Skill
kept VBN X I-Skill
up RP X I-Skill
to TO X I-Skill
date NN X I-Skill
and CC X O
assist NN X O
with IN X O
course NN X B-Skill
design NN X I-Skill
and CC X I-Skill
development NN X I-Skill
in IN X O
order NN X O
to TO X O
contribute VB X O
to TO X O
the DT X O
continuous JJ X O
improvement NN X O
of IN X O
the DT X O
academic JJ X B-Domain
/ NN X I-Domain
business NN X I-Domain
base NN X O
of IN X O
the DT X O
college NN X O
. . X O
For IN X O

a DT X O
more RBR X O
comprehensive JJ X O
list NN X O
of IN X O
our PRP$ X O
temporary JJ X O
and CC X O
permanent JJ X O
vacancies NNS X O
, , X O
please NN X O
or CC X O
contact VB X O
us PRP X O
on IN X O
N NNP X O
/ VBD X O
A DT X O
Outstanding VBG X O

Nottinghamshire NNP X O
career NN X O
building NN X O
opportunity NN X O
for IN X O
a DT X O
leading VBG X O
Nationwide JJ X O
Law NNP X B-Domain
firm NN X I-Domain
. . X O
The DT X O

remainder NN X O
of IN X O
the DT X O
time NN X O
will MD X O
be VB X O
spent VBN X O
in IN X O
the DT X O
global JJ X O
headquarters NN X O
preparing VBG X B-Skill
for IN X I-Skill
audits NNS X I-Skill
and CC X I-Skill
finalising VBG X I-Skill
reports NNS X I-Skill
. . X O
Due JJ X O

to TO X O
sheer VB X O
market NN X O
demand NN X O
they PRP X O
are VBP X O
currently RB X O
in IN X O
search NN X O
for IN X O
an DT X O
experienced JJ X B-Skill
Business NNP X B-Occupation
Development NNP X I-Occupation
Specialist NNP X I-Occupation
to TO X O
join VB X O
there RB X O
successful JJ X O
UK NNP X O
operations NNS X B-Domain
team NN X O
. . X O
Twitter NN X B-Skill

, , X O
Instagram NNP X B-Skill
, , X O
FB NNP X B-Skill
, , X O
Google NNP X B-Skill
API NNP X I-Skill
knowledge NN X O
, , X O
OAS NNP X B-Skill
Heavy NNP X I-Skill
Form NNP X I-Skill
validation NN X I-Skill
/ VBZ X O
GETPOST NNP X B-Skill
experience NN X O
Sql NNP X B-Skill
/ NNP X I-Skill
DB NNP X I-Skill
optimisation NN X O
expert NN X O
Experience NNP X O
installing NN X B-Skill
, , X I-Skill
setting VBG X I-Skill
up RP X I-Skill
, , X I-Skill
and CC X I-Skill
using VBG X I-Skill
Open NNP X I-Skill
Source NNP X I-Skill
CMSs NNP X I-Skill
**** NN X O

adults NNS X O
with IN X O
learning VBG X O
disabilities NNS X O
, , X O
require VBP X O
a DT X O
dedicated JJ X O
Support NNP X B-Occupation
Worker NNP X I-Occupation
based VBN X O
in IN X O
Bromley NNP X O
. . X O
This DT X O

will MD X O
include VB X O
requesting NN X B-Skill
and CC X I-Skill
chasing VBG X I-Skill
for IN X I-Skill
information NN X I-Skill
in IN X I-Skill
order NN X I-Skill
to TO X I-Skill
meet VB X I-Skill
deadlines NNS X I-Skill
. . X O
This DT X O

role NN X O
is VBZ X O
to TO X O
cover VB X B-Skill
a DT X I-Skill
long JJ X I-Skill
term NN X I-Skill
sickness NN X I-Skill
and CC X O
will MD X O
continue VB X O
for IN X O
2 CD X O
terms NNS X O
. . X O
Full NNP X O

training NN X O
is VBZ X O
provided VBN X O
at IN X O
Everest NNP X O
to TO X O
give VB X O
you PRP X O
the DT X O
skills NNS X O
necessary JJ X O
to TO X O
enable VB X O
you PRP X O
to TO X O
succeed VB X O
and CC X O
become VB X O
a DT X O
part NN X O
of IN X O
our PRP$ X O
established VBN X O
Sales NNS X B-Domain
Force NNP X O
. . X O
Duties NNS X O

: : X O
Managing VBG X B-Skill
a DT X I-Skill
team NN X I-Skill
of IN X I-Skill
delivery NN X I-Skill
staff NN X I-Skill
to TO X I-Skill
ensure VB X I-Skill
contractual JJ X I-Skill
targets NNS X I-Skill
are VBP X I-Skill
met VBN X I-Skill
and CC X I-Skill
exceeded VBN X I-Skill
Driving NNP X I-Skill
performance NN X I-Skill
for IN X I-Skill
the DT X I-Skill
team NN X I-Skill
Communicating VBG X I-Skill
with IN X I-Skill
all DT X I-Skill
stakeholders NNS X I-Skill
and CC X I-Skill
partner NN X I-Skill
organisations NNS X I-Skill
Ensuring VBG X I-Skill
the DT X I-Skill
service NN X I-Skill
delivered VBD X I-Skill
meets VBZ X I-Skill
the DT X I-Skill
needs NNS X I-Skill
of IN X I-Skill
customers NNS X I-Skill
and CC X I-Skill
the DT X I-Skill
local JJ X I-Skill
area NN X I-Skill
Managing VBG X I-Skill
individual JJ X I-Skill
performance NN X I-Skill
levels NNS X I-Skill
against IN X I-Skill
set VBN X I-Skill
targets NNS X I-Skill
and CC X I-Skill
putting VBG X I-Skill
corrective JJ X I-Skill
measures NNS X I-Skill
in IN X I-Skill
place NN X I-Skill
where WRB X I-Skill
required VBN X I-Skill
Assessing NNP X I-Skill
and CC X I-Skill
analysing VBG X I-Skill
performance NN X I-Skill
trends NNS X I-Skill
and CC X I-Skill
implementing VBG X I-Skill
solutions NNS X I-Skill
and CC X I-Skill
activities NNS X I-Skill
as IN X I-Skill
required VBN X I-Skill
Adhering NNP X I-Skill
to TO X I-Skill
all DT X I-Skill
company NN X I-Skill
policies NNS X I-Skill
and CC X I-Skill
procedures NNS X I-Skill
Prioritising VBG X I-Skill
workloads NNS X I-Skill
for IN X I-Skill
both DT X I-Skill
yourself PRP X I-Skill
and CC X I-Skill
your PRP$ X I-Skill
team NN X I-Skill
Staff NNP X I-Skill
development NN X I-Skill
for IN X I-Skill
all DT X I-Skill
members NNS X I-Skill
of IN X I-Skill
the DT X I-Skill
team NN X I-Skill
through IN X I-Skill
observations NNS X I-Skill
and CC X I-Skill
reviews NNS X I-Skill
Maintaining VBG X I-Skill
accurate NN X I-Skill
records NNS X I-Skill
for IN X I-Skill
the DT X I-Skill
programme NN X I-Skill
as IN X I-Skill
required VBN X I-Skill
internally RB X I-Skill
and CC X I-Skill
for IN X I-Skill
external JJ X I-Skill
audits NNS X I-Skill
Reporting VBG X I-Skill
data NNS X I-Skill
to TO X I-Skill
senior JJ X I-Skill
management NN X I-Skill
team NN X I-Skill
and CC X I-Skill
producing VBG X I-Skill
performance NN X I-Skill
forecasts NNS X I-Skill
Essential JJ X O
Criteria NNS X O
: : X O
Basic JJ X B-Skill

technical JJ X I-Skill
understanding NN X I-Skill
of IN X I-Skill
networking VBG X I-Skill
including VBG X I-Skill
switch NN X I-Skill
and CC X I-Skill
Router NNP X I-Skill
configuration NN X I-Skill
The DT X O

Chief NNP X B-Occupation
Engineer NNP X I-Occupation
is VBZ X O
primarily RB X O
a DT X O
building NN X O
facilities NNS X O
and CC X O
engineering NN X O
role NN X O
. . X O
You PRP X O

will MD X O
need VB X O
to TO X O
be VB X O
flexible JJ X B-Skill
around IN X O
the DT X O
business NN X O
needs NNS X O
and CC X O
occasionally RB X O
work NN X O
longer RBR X O
hours NNS X O
and CC X O
the DT X O
odd JJ X O
weekend NN X O
. . X O
Working VBG X O

across IN X O
engagements NNS X O
to TO X O
include VB X O
: : X O
Technology NNP X B-Skill
evaluation NN X I-Skill
and CC X O
selection NN X B-Skill
, , X O
Mobile NNP X B-Skill
Composite NNP X I-Skill
Application NNP X I-Skill
Design NNP X I-Skill
and CC X O
Management NNP X O
of IN X O
hands NNS X O
on IN X O
Solution NNP X B-Skill
Development NNP X I-Skill
. . X O
Following VBG X O

completion NN X B-Skill
of IN X I-Skill
the DT X I-Skill
estimates NNS X I-Skill
, , X O
you PRP X O
will MD X O
be VB X O
charged VBN X O
with IN X O
negotiating VBG X B-Skill
the DT X I-Skill
repair NN X I-Skill
costs VBZ X I-Skill
with IN X O
insurance NN X B-Occupation
engineers NNS X O
. . X O
Work NN X O

with IN X O
the DT X O
BU NNP X O
' POS X O
s NN X O
to TO X O
understand VB X B-Skill
the DT X I-Skill
detail NN X I-Skill
of IN X I-Skill
their PRP$ X I-Skill
fabric JJ X I-Skill
specifications NNS X I-Skill
and CC X O
discuss VB X B-Skill
/ NNS X I-Skill
make VBP X I-Skill
recommendations NNS X I-Skill
. . X O
We PRP X O

are VBP X O
currently RB X O
looking VBG X O
to TO X O
recruit VB X O
experienced JJ X B-Skill
Healthcare NNP X B-Occupation
Assistants NNP X I-Occupation
/ NNP X I-Occupation
Support NNP X I-Occupation
Workers NNPS X I-Occupation
to TO X O
join VB X O
Precedo NNP X O
Healthcare NNP X B-Domain
as IN X O
part NN X O
of IN X O
our PRP$ X O
Care NNP X O
Agency NNP X O
Team NNP X O
to TO X O
work VB X O
on IN X O
a DT X O
variety NN X O
of IN X O
temporary JJ X O
placements NNS X O
throughout IN X O
West NNP X O
Yorkshire NNP X O
. . X O
Cannock NNP X O

Commutable NNP X O
from IN X O
Stoke NNP X O
on IN X O
Trent NNP X O
, , X O
Stafford NNP X O
, , X O
Derby NNP X O
, , X O
Nottingham NNP X O
, , X O
Telford NNP X O
, , X O
Shrewsbury NNP X O
, , X O
Wolverhampton NNP X O
, , X O
Walsall NNP X O
, , X O
Birmingham NNP X O
, , X O
Leicester NNP X O
, , X O
Coventry NNP X O
, , X O
Solihull NNP X O
, , X O
Nuneaton NNP X O
, , X O
Stafford NNP X O
, , X O
Uttoxeter NNP X O
, , X O
Stone NNP X O
, , X O
Rugeley NNP X O
and CC X O
Swadlincote NNP X O
. . X O
Facilitation NN X O

of IN X O
strategic JJ X O
goals NNS X O
at IN X O
the DT X O
clinic JJ X O
level NN X O
e NN X O
. . X O
g NN X O
. . X O
organic JJ X O
growth NN X O
and CC X O
service NN X O
leadership NN X O
. . X O
We PRP X O

are VBP X O
recruiting VBG X O
for IN X O
Asbestos NNP X O
clients NNS X O
in IN X O
all DT X O
regions NNS X O
throughout IN X O
the DT X O
UK NNP X O
. . X O
You PRP X O

will MD X O
need VB X O
solid JJ X O
knowledge NN X B-Skill
of IN X I-Skill
ASP NNP X I-Skill
. . X I-Skill
NET NNP X I-Skill
, , X O
VB NNP X B-Skill
. . X I-Skill
NET NNP X I-Skill
, , X O
Visual NNP X B-Skill
Studio NNP X I-Skill
, , X O
MySQL NNP X B-Skill
, , X O
HTML NNP X B-Skill
, , X O
CSS NNP X B-Skill
, , X O
JavaScript NNP X B-Skill
, , X O
JQuery NNP X B-Skill
, , X O
XML NNP X B-Skill
, , X O
AJAX NNP X B-Skill
and CC X O
IIS NNP X B-Skill
. . X O
Educated VBN X O

to TO X O
degree VB X B-Qualification
level NN X O
Excellent NNP X O
communication NN X B-Skill
skills NNS X I-Skill
Strong NNP X O
relationship NN X B-Skill
builder NN X I-Skill
Organised VBN X I-Skill
and CC X O
excellent JJ X O
attention NN X B-Skill
to TO X I-Skill
detail VB X I-Skill
The DT X O
Package NN X O
for IN X O
this DT X O
Graduate NNP X O
sales NNS X O
role NN X O
: : X O
Up CD X O
to TO X O
The DT X O

Role NNP X O
Oversee NNP X B-Skill
all DT X I-Skill
planning NN X I-Skill
strategies NNS X I-Skill
within IN X O
your PRP$ X O
team NN X O
and CC X O
maintain VB X B-Skill
full JJ X I-Skill
accountability NN X I-Skill
Review NNP X B-Skill

and CC X I-Skill
report NN X I-Skill
on IN X I-Skill
environmental JJ X I-Skill
incidents NNS X I-Skill
within IN X I-Skill
the DT X I-Skill
business NN X I-Skill
whilst NN X O
providing VBG X B-Skill
proactive JJ X I-Skill
approaches NNS X I-Skill
, , X I-Skill
measures NNS X I-Skill
and CC X I-Skill
methods NNS X I-Skill
to TO X I-Skill
support VB X I-Skill
the DT X I-Skill
achievement NN X I-Skill
of IN X I-Skill
improvement NN X I-Skill
targets NNS X I-Skill
Maintain VBP X I-Skill
the DT X I-Skill
ISO14001 NNP X I-Skill
system NN X I-Skill
and CC X O
liase NN X B-Skill
with IN X I-Skill
external JJ X I-Skill
parties NNS X I-Skill
Reporting VBG X I-Skill
with IN X I-Skill
regards NNS X I-Skill
to TO X I-Skill
EUETS NNP X I-Skill
/ NNP X I-Skill
CCA NNP X I-Skill
Managing VBG X I-Skill
the DT X I-Skill
site NN X I-Skill
Are NNP X O

you PRP X O
an DT X O
Assistant NNP X B-Occupation
Site NNP X I-Occupation
Manager NNP X I-Occupation
with IN X O
considerable JJ X O
experience NN X O
working VBG X B-Skill
for IN X I-Skill
Residential NNP X I-Skill
Developers NNP X I-Skill
? . X O
Milton NNP X O

Keynes NNP X O
, , X O
Aylesbury NNP X O
, , X O
Hemel NNP X O
Hempstead NNP X O
, , X O
Enfield NNP X O
, , X O
London NNP X O
, , X O
Hertfordshire NNP X O
, , X O
Bedfordshire NNP X O
, , X O
Buckinghamshire NNP X O
, , X O
Berkshire NNP X O
, , X O
Essex NNP X O
, , X O
Slough NNP X O
, , X O
Newbury NNP X O
, , X O
Reading NNP X O
, , X O
Oxford NNP X O
, , X O
Welwyn NNP X O
, , X O
Chelmsford NNP X O
, , X O
Northampton NNP X O
, , X O
Bedford NNP X O
, , X O
Oxfordshire NNP X O
, , X O
Slough NNP X O
, , X O
Royston NNP X O
. . X O
Based VBN X O

in IN X O
Central NNP X O
London NNP X O
the DT X O
preferred JJ X O
candidate NN X O
will MD X O
responsible JJ X B-Skill
for IN X I-Skill
leading VBG X I-Skill
, , X I-Skill
managing NN X I-Skill
and CC X I-Skill
executing VBG X I-Skill
all DT X I-Skill
aspects NNS X I-Skill
of IN X I-Skill
charitable JJ X I-Skill
assistance NN X I-Skill
on IN X I-Skill
behalf NN X I-Skill
of IN X I-Skill
the DT X I-Skill
organisation NN X I-Skill
. . X O
Excellent JJ X O

CQC NNP X B-Skill
legislation NN X I-Skill
knowledge NN X I-Skill
Strong NNP X O
knowledge NN X B-Skill
of IN X I-Skill
elderly JJ X I-Skill
care NN X I-Skill
Attracting VBG X O

a DT X O
diverse JJ X O
mix NN X O
of IN X O
corporate JJ X O
and CC X O
leisure NN X O
business NN X O
the DT X O
hotel NN X O
is VBZ X O
ideally RB X O
situated VBN X O
to TO X O
explore VB X O
the DT X O
seaside JJ X O
town NN X O
of IN X O
Southend NNP X O
. . X O
The DT X O

successful JJ X O
candidate NN X O
must MD X O
possess VB X O
excellent JJ X O
communication NN X B-Skill
and CC X I-Skill
interpersonal JJ X I-Skill
skills NNS X I-Skill
, , X I-Skill
enthusiasm NN X I-Skill
, , X I-Skill
self JJ X I-Skill
motivation NN X I-Skill
and CC X I-Skill
a DT X I-Skill
genuine JJ X I-Skill
interest NN X I-Skill
in IN X I-Skill
our PRP$ X I-Skill
products NNS X I-Skill
to TO X O
ensure VB X O
a DT X O
wealth NN X O
of IN X O
information NN X O
can MD X O
be VB X O
provided VBN X O
to TO X O
our PRP$ X O
customers NNS X O
. . X O
High JJ X O

Voltage NN X O
exposure NN X O
is VBZ X O
necessary JJ X O
and CC X O
must MD X O
be VB X O
between IN X O
Lead JJ X O

DevOps NNP X B-Occupation
Architect NNP X I-Occupation
, , X O
Based VBN X O
in IN X O
Notting NNP X O
Hill NNP X O
, , X O
London NNP X O
, , X O
Paying VBG X O
up RP X O
to TO X O
cloud NN X B-Skill

deployments NNS X I-Skill
using VBG X I-Skill
tools NNS X I-Skill
such JJ X I-Skill
as IN X I-Skill
Puppet NNP X I-Skill
or CC X I-Skill
Chef NNP X I-Skill
, , X I-Skill
including VBG X I-Skill
setting VBG X I-Skill
up RP X I-Skill
: : X O
To TO X O

succeed VB X O
, , X O
you PRP X O
will MD X O
need VB X O
a DT X O
strong JJ X B-Skill
character NN X I-Skill
with IN X O
an DT X O
outgoing JJ X B-Skill
personality NN X I-Skill
. . X O
testing VBG X B-Skill

and CC X I-Skill
applying VBG X I-Skill
system NN X I-Skill
patches NNS X I-Skill
Liaisons NNP X O
between IN X O
suppliers NNS X B-Occupation
, , X O
software NN X B-Occupation
vendors NNS X I-Occupation
and CC X O
other JJ X O
technical JJ X B-Skill
resources NNS X I-Skill
to TO X I-Skill
resolve VB X I-Skill
technical JJ X I-Skill
issues NNS X I-Skill
Systems NNPS X I-Skill
documentation NN X I-Skill
and CC X I-Skill
software NN X I-Skill
/ NNP X I-Skill
hardware NN X I-Skill
library JJ X I-Skill
maintenance NN X I-Skill
including VBG X I-Skill
version NN X I-Skill
management NN X I-Skill
My PRP$ X O

client NN X O
are VBP X O
looking VBG X O
for IN X O
the DT X O
Sales NNS X B-Occupation
Manager NNP X I-Occupation
or CC X O
Sales NNS X B-Occupation
Engineer NNP X I-Occupation
to TO X O
be VB X O
based VBN X O
in IN X O
the DT X O
York NNP X O
or CC X O
Leeds NNP X O
area NN X O
. . X O
For IN X O

more JJR X O
information NN X O
and CC X O
to TO X O
apply VB X O
for IN X O
this DT X O
position NN X O
, , X O
please VB X O
send VB X O
your PRP$ X O
CV NNP X O
with IN X O
a DT X O
covering VBG X O
email NN X O
to TO X O
explain VB X O
why WRB X O
you PRP X O
feel VBP X O
you PRP X O
should MD X O
be VB X O
considered VBN X O
for IN X O
this DT X O
post NN X O
. . X O
The DT X O

Continuous NNP X B-Occupation
Improvement NNP X I-Occupation
Manager NNP X I-Occupation
will MD X O
be VB X O
responsible JJ X O
for IN X O
the DT X O
definition NN X B-Skill
, , X I-Skill
design NN X I-Skill
and CC X I-Skill
implementation NN X I-Skill
of IN X I-Skill
a DT X I-Skill
Lean JJ X I-Skill
Manufacturing NNP X I-Skill
strategy NN X I-Skill
for IN X O
my PRP$ X O
clients NNS X O
business NN X O
. . X O
The DT X O

successful JJ X O
candidate NN X O
will MD X O
also RB X O
develop VB X B-Skill
and CC X I-Skill
implement VB X I-Skill
appropriate JJ X I-Skill
risk NN X I-Skill
strategies NNS X I-Skill
to TO X I-Skill
mitigate VB X I-Skill
exposure NN X I-Skill
whilst IN X I-Skill
maximising VBG X I-Skill
profitabilityThe JJ X O
successful JJ X O
candidate NN X O
will MD X O
be VB X O
responsible JJ X B-Skill
for IN X I-Skill
making VBG X I-Skill
critical JJ X I-Skill
decisions NNS X I-Skill
about IN X I-Skill
the DT X I-Skill
risks NNS X I-Skill
associated VBN X I-Skill
with IN X I-Skill
all DT X I-Skill
aspects NNS X I-Skill
of IN X I-Skill
credit NN X I-Skill
and CC X I-Skill
account NN X I-Skill
management NN X I-Skill
decisioning VBG X I-Skill
across IN X I-Skill
the DT X I-Skill
customer NN X I-Skill
life NN X I-Skill
cycle NN X I-Skill
, , X I-Skill
including VBG X I-Skill
acquisition NN X I-Skill
, , X I-Skill
renewals NNS X I-Skill
and CC X I-Skill
collectionsThis NN X O
is VBZ X O
a DT X O
very RB X O
exciting JJ X O
opportunity NN X O
that WDT X O
will MD X O
offer VB X O
motivated JJ X B-Skill
, , X O
driven VBN X B-Skill
, , X O
and CC X O
ambitious JJ X B-Skill
candidates NNS X O
the DT X O
opportunity NN X O
to TO X O
progress VB X B-Skill
into IN X I-Skill
a DT X I-Skill
team NN X I-Skill
lead NN X I-Skill
/ NNP X I-Skill
management NN X I-Skill
role NN X I-Skill
, , X O
further RB X O
develop VB X B-Skill
their PRP$ X I-Skill
technical JJ X I-Skill
skills NNS X I-Skill
, , X O
and CC X O
gain NN X B-Skill
exposure NN X I-Skill
to TO X I-Skill
and CC X I-Skill
experience VB X I-Skill
with IN X I-Skill
new JJ X I-Skill
technologies NNS X I-Skill
being VBG X O
rolled VBN X O
out RP X O
later RBR X O
this DT X O
year NN X O
. . X O
Hardwood NNP X B-Skill

floor NN X I-Skill
laying NN X I-Skill
, , X O
ceramic JJ X B-Skill
tiling NN X I-Skill
, , X O
carpet NN X B-Skill
tiling NN X I-Skill
, , X I-Skill
general JJ X I-Skill
maintenance NN X I-Skill
, , X O
plastering NN X B-Skill
, , X O
carpentry NN X B-Skill
and CC X O
/ NN X O
or CC X O
painting VBG X B-Skill
A DT X O
willingness NN X B-Skill
to TO X I-Skill
learn VB X I-Skill
new JJ X I-Skill
trades NNS X I-Skill
as IN X I-Skill
required VBN X I-Skill
by IN X I-Skill
the DT X I-Skill
projects NNS X I-Skill
**** JJ X O

p NN X O
/ NN X O
h NN X O
Ltd NNP X O
Outsource NNP X O
UK NNP X O
Ltd NNP X O
are VBP X O
actively RB X O
seeking VBG X O
to TO X O
recruit VB X O
for IN X O
a DT X O
contract NN X O
role NN X O
on IN X O
behalf NN X O
of IN X O
a DT X O
client NN X O
. . X O
Tasks NNS X O

would MD X O
include VB X O
the DT X O
development NN X B-Skill
of IN X I-Skill
semiconductors NNS X I-Skill
, , X I-Skill
optoelectronics NNS X I-Skill
, , X I-Skill
energy NN X I-Skill
storage NN X I-Skill
technologies NNS X I-Skill
, , X I-Skill
renewable JJ X I-Skill
technologies NNS X I-Skill
etc VBP X O
. . X O
You PRP X O

will MD X O
be VB X O
a DT X O
member NN X O
of IN X O
a DT X O
proactive JJ X B-Skill
team NN X O
of IN X O
staff NN X O
caring VBG X B-Skill
for IN X I-Skill
patients NNS X I-Skill
throughout IN X O
the DT X O
patient JJ X O
journey NN X O
. . X O
You PRP X O

will MD X O
provide VB X B-Skill
administrative JJ X I-Skill
support NN X I-Skill
to TO X I-Skill
the DT X I-Skill
HR NNP X I-Skill
Team NNP X I-Skill
, , X O
on IN X O
a DT X O
range NN X O
of IN X O
employment NN X O
related VBN X O
issues NNS X O
. . X O
This DT X O

role NN X O
entails VBZ X O
picking VBG X O
and CC X O
packing VBG X O
so RB X O
attention NN X B-Skill
to TO X I-Skill
detail NN X I-Skill
is VBZ X O
key JJ X O
it PRP X O
would MD X O
be VB X O
ideal JJ X O
if IN X O
you PRP X O
have VBP X O
FLT VBN X B-Skill
experience NN X I-Skill
and CC X O
able JJ X B-Skill
to TO X I-Skill
drive VB X I-Skill
We PRP X O

are VBP X O
seeking VBG X O
a DT X O
French JJ X B-Skill
speaking NN X I-Skill
customer NN X B-Domain
service NN X I-Domain
candidate NN X O
to TO X O
join VB X O
a DT X O
forever NN X O
growing VBG X O
blue JJ X B-Domain
chip NN X I-Domain
organisation NN X I-Domain
to TO X O
help VB X O
resolve VB X O
DNS NNP X B-Skill
, , X I-Skill
FTP NNP X I-Skill
, , X O
web NN X B-Skill
/ NNP X I-Skill
mail NN X I-Skill
hosting VBG X O
customer NN X O
issues NNS X O
and CC X O
queries NNS X O
. . X O
yet RB X O

busy JJ X O
so IN X O
this DT X O
role NN X O
requires VBZ X O
a DT X O
strong JJ X B-Skill
Manager NNP X B-Occupation
who WP X O
is VBZ X O
able JJ X O
to TO X O
fit VB X B-Skill
into IN X I-Skill
the DT X I-Skill
team NN X I-Skill
, , X O
a DT X O
good JJ X O
communicator NN X B-Skill
and CC X I-Skill
clinically RB X I-Skill
competent NN X I-Skill
and CC X O
up RB X O
to TO X O
date NN X O
as IN X O
a DT X O
Nurse NNP X B-Occupation
Manager NNP X I-Occupation
. . X O
It PRP X O

s VBZ X O
a DT X O
great JJ X O
way NN X O
to TO X O
build VB X O
your PRP$ X O
career NN X O
whilst NN X O
being VBG X O
at IN X O
the DT X O
heart NN X O
of IN X O
the DT X O
local JJ X O
community NN X O
. . X O
Please VB X O

remember VB X O
to TO X O
add VB X O
your PRP$ X O
home NN X O
phone NN X O
number NN X O
, , X O
mobile JJ X O
number NN X O
, , X O
email JJ X O
address NN X O
and CC X O
full JJ X O
address NN X O
to TO X O
your PRP$ X O
CV NNP X O
. . X O
years NNS X B-Experience

' POS X I-Experience
experience NN X I-Experience
in IN X O
a DT X O
similar JJ X O
customer NN X B-Domain
management NN X I-Domain
, , X O
marketing NN X B-Domain
or CC X O
finance NN X B-Domain
role NN X O
Ideally RB X O
educated VBN X O
to TO X O
degree VB X B-Qualification
level NN X I-Qualification
or CC X O
equivalent NN X O
ACA NNP X B-Qualification

/ NNP X O
ACCA NNP X B-Qualification
qualified VBD X I-Qualification
is VBZ X O
essential JJ X O
with IN X O
a DT X O
Public NNP X B-Domain
Practice NNP X I-Domain
background NN X O
. . X O
An DT X O

outgoing NN X B-Skill
and CC X O
talented VBD X B-Skill
sales NNS X B-Occupation
person NN X I-Occupation
with IN X O
the DT X O
hunger NN X O
to TO X O
succeed VB X O
. . X O
and CC X O

so RB X O
this DT X O
position NN X O
may MD X O
start VB X O
as IN X O
a DT X O
temporary JJ X O
assignment NN X O
. . X O
The DT X O

candidate NN X O
will MD X O
need VB X O
to TO X O
have VB X O
worked VBN X O
in IN X O
an DT X O
Endoscopy NNP X B-Skill
suit NN X I-Skill
and CC X O
previous JJ X O
experience NN X O
in IN X O
dealing VBG X B-Skill
with IN X I-Skill
scope NN X I-Skill
and CC X I-Skill
airwaves VBZ X I-Skill
management NN X I-Skill
will MD X O
be VB X O
beneficial JJ X O
. . X O
**** NN X O

for IN X O
an DT X O
application NN X O
form NN X O
and CC X O
job NN X O
description NN X O
at IN X O
hr NN X O
N NNP X O
A DT X O

professional JJ X B-Skill
work NN X I-Skill
ethic RB X I-Skill
, , X O
good JJ X B-Skill
telephone NN X I-Skill
manner NN X I-Skill
and CC X O
smart JJ X B-Skill
appearance NN X I-Skill
will MD X O
be VB X O
expected VBN X O
and CC X O
it PRP X O
is VBZ X O
essential JJ X O
that IN X O
you PRP X O
have VBP X O
a DT X O
full JJ X B-Qualification
UK NNP X I-Qualification
driving VBG X I-Qualification
license NN X I-Qualification
and CC X O
can MD X O
provide VB X O
good JJ X O
references NNS X O
. . X O
Please NNP X O

send VB X O
your PRP$ X O
CV NNP X O
to TO X O
infoaspiredata VB X O
. . X O
co NN X O
. . X O
uk NN X O
or CC X O
call VB X O
Phillip NNP X O
Hartley NNP X O
on IN X O
In IN X O

the DT X O
UK NNP X O
, , X O
Carillion NNP X O
s VBZ X O
principal JJ X O
market NN X O
sectors NNS X O
are VBP X O
Defence NNP X B-Domain
, , X O
Education NNP X B-Domain
, , X O
Health NNP X B-Domain
, , X O
Facilities NNP X B-Domain
Management NNP X I-Domain
amp NN X O
; : X O
Services NNS X B-Domain
, , X O
Rail NNP X B-Domain
, , X O
Roads NNP X B-Domain
, , X O
Building NNP X B-Domain
, , X O
Civil NNP X B-Domain
Engineering NNP X I-Domain
and CC X O
Utilities NNP X B-Domain
Services NNPS X I-Domain
. . X O
Priding VBG X O

themselves PRP X O
on IN X O
quality NN X B-Skill
and CC X O
style NN X B-Skill
they PRP X O
strive VBP X O
to TO X O
be VB X O
innovative JJ X B-Skill
product NN X B-Occupation
developers NNS X I-Occupation
with IN X O
exciting VBG X O
market NN X B-Skill
launches NNS X I-Skill
. . X O
Ability NN X O

to TO X O
progress VB X B-Skill
chase NN X I-Skill
and CC X O
ensure VB X O
problems NNS X B-Skill
are VBP X I-Skill
resolved VBN X I-Skill
on IN X I-Skill
own JJ X I-Skill
initiative NN X I-Skill
. . X O
My PRP$ X O

client NN X O
, , X O
a DT X O
leading JJ X O
precision NN X B-Domain
engineering NN X I-Domain
company NN X O
based VBN X O
in IN X O
Portsmouth NNP X O
require VBP X O
an DT X O
EDM NNP X B-Occupation
Operator NNP X I-Occupation
to TO X O
join VB X O
their PRP$ X O
already RB X O
busy JJ X O
team NN X O
. . X O
The DT X O

successful JJ X O
applicants NNS X O
will MD X O
be VB X O
required VBN X O
to TO X O
meet VB X O
cost NN X O
of IN X O
a DT X O
CRB NNP X O
clearance NN X O
check NN X O
. . X O
Collect NNP X B-Skill

urgent JJ X I-Skill
items NNS X I-Skill
required VBN X I-Skill
from IN X I-Skill
designated JJ X I-Skill
departments NNS X I-Skill
/ JJ X I-Skill
wards NNS X I-Skill
in IN X I-Skill
the DT X I-Skill
hospital NN X I-Skill
. . X O
A DT X O

systematic JJ X B-Skill
and CC X O
analytical JJ X B-Skill
approach NN X O
to TO X O
problem NN X B-Skill
solving VBG X I-Skill
Able NNP X O
to TO X O
deal VB X O
with IN X O
multi NN X B-Skill
disciplinary JJ X I-Skill
departments NNS X O
and CC X O
users NNS X O
of IN X O
all DT X O
levels NNS X O
of IN X O
ability NN X O
Able NNP X O
to TO X O
communicate VB X B-Skill
and CC X O
deal VB X B-Skill
effectively RB X I-Skill
with IN X I-Skill
all DT X I-Skill
levels NNS X I-Skill
within IN X I-Skill
an DT X I-Skill
organisation NN X I-Skill
Desirable NNP X O
Criteria NNP X O
Previous NNP X O
experience NN X O
working VBG X O
in IN X O
a DT X O
manufacturing NN X B-Skill
facility NN X O
Experience NNP X O
of IN X O
SQL NNP X B-Skill
Server NNP X I-Skill
databases VBZ X I-Skill
Experience NNP X O
of IN X O
Sage NNP X B-Skill
ERP NNP X I-Skill
, , X O
especially RB X O
Line NNP X B-Skill
They PRP X O

are VBP X O
one CD X O
of IN X O
the DT X O
UK NNP X O
s NN X O
fastest JJS X O
growing VBG X O
and CC X O
most RBS X O
successful JJ X O
restaurant NN X O
companies NNS X O
and CC X O
they PRP X O
are VBP X O
growing VBG X O
their PRP$ X O
current JJ X O
estate NN X O
with IN X O
expansion NN X O
plans NNS X O
thru JJ X O
2012 CD X O
and CC X O
beyond IN X O
. . X O
On IN X O

top NN X O
of IN X O
this DT X O
working NN X O
in IN X O
a DT X O
product NN X O
driven VBN X O
environment NN X O
with IN X O
put NN X O
you PRP X O
at IN X O
significant JJ X O
advantage NN X O
. . X O
The DT X O

Web NNP X B-Occupation
Content NNP X I-Occupation
Manager NNP X I-Occupation
will MD X O
: : X O
Carry VB X B-Skill
out RP X I-Skill
analysis NN X I-Skill
and CC X O
develop VB X B-Skill
a DT X I-Skill
planned JJ X I-Skill
strategy NN X I-Skill
for IN X I-Skill
the DT X I-Skill
development NN X I-Skill
of IN X I-Skill
all DT X I-Skill
web NN X I-Skill
content NN X I-Skill
, , X O
an DT X O
ongoing JJ X O
content NN X O
lifecycle NN X O
and CC X O
integrated JJ X B-Skill
digital JJ X I-Skill
marketing NN X I-Skill
strategy NN X I-Skill
Manage NNP X I-Skill
the DT X I-Skill
production NN X I-Skill
/ NNP X I-Skill
copywriting NN X I-Skill
of IN X I-Skill
all DT X I-Skill
global JJ X I-Skill
and CC X I-Skill
local JJ X I-Skill
web NN X I-Skill
content NN X I-Skill
Work NN X I-Skill
with IN X I-Skill
a DT X I-Skill
translation NN X I-Skill
agency NN X I-Skill
and CC X O
manage VB X B-Skill
the DT X I-Skill
translation NN X I-Skill
of IN X I-Skill
all DT X I-Skill
English NNP X I-Skill
language NN X I-Skill
content NN X I-Skill
into IN X O
additional JJ X O
languages NNS X O
understanding VBG X B-Skill
local JJ X I-Skill
cultural JJ X I-Skill
and CC X I-Skill
linguistic JJ X I-Skill
requirements NNS X I-Skill
Your PRP$ X O

remit NN X O
will MD X O
be VB X O
to TO X O
improve VB X B-Skill
production NN X I-Skill
processes NNS X I-Skill
, , X O
line NN X B-Skill
layouts NNS X I-Skill
and CC X I-Skill
production NN X I-Skill
efficiency NN X I-Skill
and CC X O
assist NN X B-Skill
in IN X I-Skill
implementing VBG X I-Skill
new JJ X I-Skill
monitoring NN X I-Skill
and CC X I-Skill
control NN X I-Skill
systems NNS X I-Skill
for IN X I-Skill
plant NN X I-Skill
machinery NN X I-Skill
and CC X O
updating VBG X B-Skill
existing VBG X I-Skill
systems NNS X I-Skill
. . X O
You PRP X O

should MD X O
already RB X B-Experience
be VB X I-Experience
a DT X I-Experience
restaurant JJ X I-Experience
general JJ X I-Experience
manager NN X I-Experience
in IN X I-Experience
casual JJ X I-Experience
dining NN X I-Experience
or CC X I-Experience
quick JJ X I-Experience
service NN X I-Experience
or CC X I-Experience
a DT X I-Experience
strong JJ X I-Experience
Deputy NNP X I-Experience
Manager NNP X I-Experience
looking VBG X I-Experience
for IN X I-Experience
your PRP$ X I-Experience
first JJ X I-Experience
site NN X I-Experience
. . X O
Working VBG X O

to TO X O
the DT X O
Director NNP X B-Occupation
of IN X I-Occupation
Contracting NNP X I-Occupation
and CC X I-Occupation
Performance NNP X I-Occupation
this DT X O
post NN X O
is VBZ X O
accountable JJ X O
for IN X O
the DT X O
negotiation NN X B-Skill
and CC X I-Skill
contract NN X I-Skill
management NN X I-Skill
of IN X I-Skill
a DT X I-Skill
portfolio NN X I-Skill
of IN X I-Skill
acute NN X I-Skill
contracts NNS X I-Skill
totalling VBG X O
approximately RB X O
If IN X O

you PRP X O
suit VBP X O
all DT X O
of IN X O
the DT X O
above JJ X O
criteria NNS X O
, , X O
please VB X O
send VB X O
your PRP$ X O
CV NNP X O
to TO X O
t VB X O
. . X O
jefferson NN X O
the DT X O

Company NNP X O
' POS X O
s JJ X O
OHS NNP X B-Skill
Policy NNP X I-Skill
and CC X I-Skill
Procedures NNP X I-Skill
Carry NNP X O
out RP X O
Health NNP X B-Skill
Safety NNP X I-Skill
training NN X I-Skill
on IN X O
site NN X O
as IN X O
required VBN X O
Risk NNP X B-Skill
Management NNP X I-Skill
Ensure NNP X O
General NNP X B-Skill
, , X I-Skill
Manual NNP X I-Skill
Handling NNP X I-Skill
, , X O
Repetitive NNP X B-Skill
Handling NNP X I-Skill
, , X O
COSHH NNP X B-Skill
, , X O
Health NNP X B-Skill
, , X I-Skill
Noise NNP X I-Skill
and CC X I-Skill
Fire NNP X I-Skill
You PRP X O

will MD X O
be VB X O
developing VBG X B-Skill
our PRP$ X I-Skill
online JJ X I-Skill
lead NN X I-Skill
generation NN X I-Skill
platform NN X I-Skill
using VBG X O
C NNP X B-Skill
. . X I-Skill
Net JJ X I-Skill
framework NN X I-Skill
You PRP X O

will MD X O
be VB X O
required VBN X O
to TO X B-Skill
pick VB X I-Skill
and CC X I-Skill
/ VB X I-Skill
or CC X I-Skill
pack VB X I-Skill
a DT X I-Skill
variety NN X I-Skill
of IN X I-Skill
goods NNS X I-Skill
and CC X O
prepare VB X B-Skill
for IN X I-Skill
onward JJ X I-Skill
distribution NN X I-Skill
via IN X I-Skill
our PRP$ X I-Skill
carrier NN X I-Skill
. . X O
The DT X O

role NN X O
is VBZ X O
commutable JJ X O
from IN X O
the DT X O
West NNP X O
Midlands NNPS X O
, , X O
Worcestershire NNP X O
, , X O
Alcester NNP X O
, , X O
Birmingham NNP X O
, , X O
Bromsgrove NNP X O
, , X O
Bromyard NNP X O
, , X O
Evesham NNP X O
, , X O
Halesowen NNP X O
, , X O
Kidderminster NNP X O
, , X O
Ledbury NNP X O
, , X O
Malvern NNP X O
, , X O
Redditch NNP X O
, , X O
Stourbridge NNP X O
, , X O
StratforduponAvon NNP X O
, , X O
Tenbury NNP X O
Wells NNP X O
, , X O
Tewkesbury NNP X O
, , X O
Warwick NNP X O
and CC X O
Worcester NNP X O
. . X O
To TO X O

maintain VB X B-Skill
the DT X I-Skill
PGTE NNP X I-Skill
building NN X I-Skill
Equipment NNP X I-Skill
Table NNP X I-Skill
ET NNP X I-Skill
, , X O
MSA NNP X B-Skill
and CC X O
Accommodation NNP X B-Skill
Accounts NNP X I-Skill
. . X O
Duties NNS X O

will MD X O
include VB X O
administering JJ X B-Skill
medications NNS X I-Skill
, , X O
supervision NN X B-Skill
of IN X I-Skill
staff NN X I-Skill
, , X O
monitoring NN X B-Skill
and CC X I-Skill
reviewing VBG X I-Skill
care NN X I-Skill
plans NNS X I-Skill
and CC X O
risk NN X B-Skill
assessments NNS X I-Skill
, , X O
attending VBG X B-Skill
reviews NNS X I-Skill
. . X O
Male JJ X B-Occupation

support NN X I-Occupation
worker NN X I-Occupation
/ NNP X O
Buddy NNP X O
required VBD X O
for IN X O
a DT X O
gentleman NN X O
on IN X O
the DT X O
Ermine NNP X O
Estate NNP X O
in IN X O
Lincoln NNP X O
to TO X O
go VB X O
swimming VBG X O
/ NNP X O
physiotherapy NN X O
twice RB X O
a DT X O
week NN X O
. . X O
Following VBG X O

training NN X O
you PRP X O
will MD X O
be VB X O
required VBN X O
to TO X O
work VB X B-Skill
independently RB X I-Skill
, , X I-Skill
using VBG X I-Skill
your PRP$ X I-Skill
own JJ X I-Skill
initiative NN X I-Skill
. . X O
CAF NNP X O

QUALIFICATIONS NNP X O
Level NNP X B-Qualification
3 CD X I-Qualification
in IN X I-Qualification
childcare NN X I-Qualification
and CC X I-Qualification
education NN X I-Qualification
or CC X O
equivalent NN X O
Please NNP X O

note MD X O
only RB X O
candidates NNS X O
that IN X O
clearly RB X O
meet VB X O
the DT X O
selection NN X O
criteria NNS X O
will MD X O
be VB X O
shortlisted VBN X O
Hays NNP X O
Specialist NNP X O
Recruitment NNP X O
Limited NNP X O
acts VBZ X O
as IN X O
an DT X O
employment NN X O
agency NN X O
for IN X O
permanent JJ X O
recruitment NN X O
and CC X O
employment NN X O
business NN X O
for IN X O
the DT X O
supply NN X O
of IN X O
temporary JJ X O
workers NNS X O
. . X O
My PRP$ X O

Client NN X O
is VBZ X O
mid JJ X O
upper JJ X O
market NN X O
kitchen NN X O
retailer NN X B-Domain
who WP X O
is VBZ X O
experiencing VBG X O
a DT X O
very RB X O
strong JJ X O
year NN X O
. . X O
A DT X O

well NN X O
established VBN X O
and CC X O
highly RB X O
regarded JJ X O
British JJ X O
accessories NNS X B-Domain
brand NN X I-Domain
is VBZ X O
seeking VBG X O
an DT X O
experienced JJ X B-Skill
Wholesale NNP X B-Occupation
Merchandiser NNP X I-Occupation
to TO X O
join VB X O
their PRP$ X O
expanding VBG X O
team NN X O
at IN X O
their PRP$ X O
newly RB X O
established VBN X O
offices NNS X O
based VBN X O
North NNP X O
of IN X O
London NNP X O
. . X O
then RB X O

don VB X O
` `` X O
t JJ X O
hesitate NN X O
to TO X O
get VB X O
in IN X O
touch NN X O
by IN X O
emailing VBG X O
your PRP$ X O
CV NN X O
to TO X O
applya4lfo VB X O
**** NNP X O
ijcctgsatechsourceaptrackco NN X O
or CC X O
by IN X O
calling VBG X O
Our PRP$ X O

client NN X O
is VBZ X O
quick JJ X O
to TO X O
recognize VB X O
talent NN X O
and CC X O
keen VB X O
to TO X O
promote VB X O
it PRP X O
. . X O
Protocol NNP X O

promotes VBZ X O
equal JJ X O
rights NNS X O
and CC X O
is VBZ X O
an DT X O
employment NN X O
business NN X O
under IN X O
The DT X O
Conduct NNP X O
of IN X O
Employment NNP X O
Agencies NNPS X O
and CC X O
Employment NNP X O
working VBG X O

days NNS X O
unfortunately RB X O
you PRP X O
have VBP X O
been VBN X O
unsuccessful JJ X O
on IN X O
this DT X O
occasion NN X O
Setting VBG X B-Skill

Adults NNS X I-Skill
with IN X I-Skill
Learning NNP X I-Skill
Disabilities NNP X I-Skill
Supported NNP X B-Domain
Living VBG X I-Domain
ABOUT IN X O
THE NNP X O
PROJECT NNP X O
, , X O
AND NNP X O
THE NNP X O
PEOPLE NNP X O
YOU NNP X O
' POS X O
LL NNP X O
BE NNP X O
SUPPORTING NNP X O
This DT X O
is VBZ X O
a DT X O
fantastic JJ X O
, , X O
recently RB X O
deregistered VBD X O
Supported NNP X B-Domain
Living NNP X I-Domain
Project NNP X O
that IN X O
support NN X O
8 CD X O
individuals NNS X O
, , X O
male NN X O
and CC X O
female NN X O
, , X O
aged VBD X O
between IN X O
30yrs CD X O
to TO X O
Generating VBG X B-Skill

a DT X I-Skill
high JJ X I-Skill
customer NN X I-Skill
service NN X I-Skill
skill NN X I-Skill
set VBN X I-Skill
Promoting NNP X I-Skill
and CC X I-Skill
delivering VBG X I-Skill
our PRP$ X I-Skill
client NN X I-Skill
to TO X I-Skill
people NNS X I-Skill
Benefits NNP X O
include VBP X O
Full NNP X O
Product NNP X O
Training NNP X O
both DT X O

written VBN X B-Skill
and CC X I-Skill
verbal JJ X I-Skill
, , X O
great JJ X B-Skill
team NN X I-Skill
working VBG X I-Skill
skills NNS X I-Skill
, , X O
well RB X B-Skill
organised VBN X I-Skill
, , X O
show VBP X B-Skill
initiative JJ X I-Skill
, , X O
logical JJ X B-Skill
thinker NN X I-Skill
, , X O
work NN X B-Skill
to TO X I-Skill
strict VB X I-Skill
deadlines NNS X I-Skill
and CC X O
work NN X B-Skill
effectively RB X I-Skill
under IN X I-Skill
pressure NN X I-Skill
. . X O
You PRP X O

will MD X O
be VB X O
responsible JJ X O
for IN X O
managing VBG X B-Skill
the DT X I-Skill
growth NN X I-Skill
of IN X I-Skill
your PRP$ X I-Skill
panel NN X I-Skill
of IN X I-Skill
Brokers NNP X I-Skill
; : X O
monitoring VBG X B-Skill
figures NNS X I-Skill
on IN X I-Skill
a DT X I-Skill
weekly JJ X I-Skill
and CC X I-Skill
monthly JJ X I-Skill
basis NN X I-Skill
to TO X O
ensure VB X B-Skill
that IN X I-Skill
financial JJ X I-Skill
plans NNS X I-Skill
are VBP X I-Skill
achieved VBN X I-Skill
in IN X I-Skill
terms NNS X I-Skill
of IN X I-Skill
retention NN X I-Skill
, , X I-Skill
profit NN X I-Skill
and CC X I-Skill
volume NN X I-Skill
. . X O
The DT X O

Internal NNP X B-Occupation
Consultant NNP X I-Occupation
is VBZ X O
the DT X O
direct JJ X O
link NN X O
between IN X O
customers NNS X O
and CC X O
the DT X O
development NN X O
team NN X O
, , X B-Skill
helping VBG X I-Skill
solve VB X I-Skill
high JJ X I-Skill
performance NN X I-Skill
and CC X I-Skill
high JJ X I-Skill
complexity NN X I-Skill
data NNS X I-Skill
processing NN X I-Skill
challenges NNS X I-Skill
across IN X I-Skill
a DT X I-Skill
wide JJ X I-Skill
range NN X I-Skill
of IN X I-Skill
industries NNS X I-Skill
. . X O
Effective JJ X O

verbal NN X B-Skill
and CC X I-Skill
written VBN X I-Skill
communication NN X I-Skill
Customer NNP X I-Skill
service NN X I-Skill
skills NNS X O
Attention NNP X B-Skill
to TO X I-Skill
detail VB X I-Skill
Should MD X O

your PRP$ X O
application NN X O
be VB X O
successful JJ X O
, , X O
you PRP X O
will MD X O
be VB X O
contacted VBN X O
shortly RB X O
. . X O
Do VB X O

you PRP X O
love VB X O
to TO X O
be VB X O
at IN X O
the DT X O
heart NN X O
of IN X O
the DT X O
community NN X O
, , X O
serving VBG X B-Skill
locals NNS X I-Skill
and CC X O
regulars VBZ X O
the DT X O
food NN X O
and CC X O
drink NN X O
they PRP X O
love VBP X O
? . X O
You PRP X O

can MD X O
therefore VB X O
apply VB X O
for IN X O
our PRP$ X O
Midlands NNS X O
based VBN X O
legal JJ X B-Domain
jobs NNS X O
with IN X O
confidence NN X O
, , X O
we PRP X O
are VBP X O
a DT X O
regulated JJ X O
employment NN X O
agency NN X O
and CC X O
will MD X O
discuss VB X O
this DT X O
role NN X O
with IN X O
you PRP X O
and CC X O
seek VB X O
your PRP$ X O
approval NN X O
before IN X O
submitting VBG X O
your PRP$ X O
application NN X O
directly RB X O
to TO X O
the DT X O
decision NN X O
maker NN X O
. . X O
The DT X O

company NN X O
aims VBZ X O
to TO X O
provide VB X O
top JJ X B-Domain
quality NN X I-Domain
, , X O
Clinical NNP X B-Domain
and CC X O
professional JJ X B-Domain
eye NN X I-Domain
care NN X I-Domain
services NNS X I-Domain
to TO X O
the DT X O
local JJ X B-Domain
market NN X I-Domain
which WDT X O
consists VBZ X O
of IN X O
a DT X O
varied JJ X O
patient NN X O
mix NN X O
. . X O
brand NN X B-Skill

image NN X I-Skill
, , X O
professionalism NN X B-Skill
, , X O
problem NN X B-Skill
ownership NN X I-Skill
and CC X O
first JJ X O
time NN X O
resolution NN X B-Skill
is VBZ X O
upheld VBN X O
in IN X O
all DT X O
customer NN X B-Skill
interactions NNS X I-Skill
As IN X O

a DT X O
Financial NNP X B-Occupation
Planner NNP X I-Occupation
t IN X O
he PRP X O
successful JJ X O
candidate NN X O
will MD X O
look VB X B-Skill
after IN X I-Skill
existing VBG X I-Skill
clients NNS X I-Skill
, , X O
be VB X O
able JJ X O
to TO X O
cross VB X B-Skill
refer NN X I-Skill
with IN X O
other JJ X O
areas NNS X O
of IN X O
the DT X O
business NN X B-Domain
and CC X O
have VB X O
proven VBN X O
ability NN X O
of IN X O
developing VBG X B-Skill
Professional NNP X I-Skill
Connections NNP X I-Skill
. . X O
Requirements NNS X O

for IN X O
this DT X O
position NN X O
Must NNP X O
be VB X O
nurse JJ X B-Occupation
qualified VBN X O
RGN NNP X B-Qualification
/ NNP X I-Qualification
RMN NNP X I-Qualification
with IN X O
current JJ X O
PIN NNP X B-Qualification
number NN X I-Qualification
2 CD X B-Experience
years NNS X I-Experience
home JJ X B-Domain
management NN X I-Domain
experience NN X O
. . X O
Candidates NNS X O

MUST NNP X O
have VBP X O
: : X O
3 CD X B-Experience
years NNS X I-Experience
experience RB X I-Experience
working VBG X O
in IN X O
the DT X O
area NN X O
of IN X O
product NN X B-Skill
and CC X I-Skill
application NN X I-Skill
development NN X I-Skill
using VBG X O
Java NNP X B-Skill
. . X O
Domiciliary NNP X B-Occupation

Care NNP X I-Occupation
/ NNP X O
Area NNP X B-Occupation
Manager NNP X I-Occupation
will MD X O
develop VB X B-Skill
the DT X I-Skill
area NN X I-Skill
by IN X I-Skill
identifying VBG X I-Skill
and CC X I-Skill
exploiting VBG X I-Skill
business NN X I-Skill
opportunities NNS X I-Skill
. . X O
Escalate NNP X B-Skill

potential JJ X I-Skill
service NN X I-Skill
issues NNS X I-Skill
initially RB X O
with IN X O
Team NNP X B-Occupation
Leader NNP X I-Occupation
/ NNP X I-Occupation
Service NNP X I-Occupation
Desk NNP X I-Occupation
Delivery NNP X I-Occupation
Manager NNP X I-Occupation
/ NNP X I-Occupation
Service NNP X I-Occupation
Delivery NNP X I-Occupation
Manager NNP X I-Occupation
Escalate NNP X B-Skill
potential JJ X I-Skill
problem NN X I-Skill
issues NNS X I-Skill
with IN X O
Problem NNP X B-Domain
and CC X I-Domain
Incident NNP X I-Domain
Management NNP X I-Domain
. . X O
Kensington NNP X O

/ NNP X O
Chelsea NNP X O
/ NNP X O
Camden NNP X O
/ NNP X O
Bond NNP X O
Street NNP X O
/ NNP X O
Aldgate NNP X O
/ NNP X O
Bank NNP X O
/ NNP X O
Barbican NNP X O
/ NNP X O
Blackfriars NNP X O
/ NNP X O
Liverpool NNP X O
Street NNP X O
/ NNP X O
Monument NNP X O
/ NNP X O
Moorgate NNP X O
/ NN X O
Ensure NN X B-Skill

the DT X I-Skill
healthcare NN X I-Skill
needs VBZ X I-Skill
of IN X I-Skill
the DT X I-Skill
residents NNS X I-Skill
are VBP X O
met VBN X O
by IN X O
liaising VBG X B-Skill
with IN X I-Skill
GP NNP X I-Skill
s VBP X I-Skill
District NNP X I-Skill
Nurses NNP X I-Skill
, , X O
Chiropodists NNP X O
etc FW X O
. . X O
Send VB X O

your PRP$ X O
CV NNP X O
now RB X O
or CC X O
call VB X O
for IN X O
informal JJ X O
discussion NN X O
about IN X O
this DT X O
iPhone NN X B-Occupation
Developer NNP X I-Occupation
opportunity NN X O
. . X O
You PRP X O

must MD X O
be VB X O
HPC NNP X B-Qualification
registered VBN X I-Qualification
with IN X O
a DT X O
current JJ X O
enhanced JJ X B-Qualification
CRB NNP X I-Qualification
. . X O
The DT X O

labs NN X O
offer NN X O
advanced VBD X O
facilities NNS X O
for IN X O
both DT X O
teacher NN X O
and CC X O
students NNS X O
. . X O
The DT X O

focus NN X O
of IN X O
the DT X O
role NN X O
is VBZ X O
to TO X O
deliver VB X B-Skill
fieldbased JJ X I-Skill
research NN X I-Skill
. . X O
Successful JJ X O

candidates NNS X O
will MD X O
get VB X O
the DT X O
chance NN X O
to TO X O
develop VB X O
their PRP$ X O
career NN X O
within IN X O
a DT X O
reputable JJ X O
organisation NN X O
and CC X O
gain VB X O
further JJ X O
experience NN X O
working VBG X O
on IN X O
projects NNS X O
involving VBG X O
a DT X O
mix NN X O
of IN X O
traditional JJ X O
and CC X O
RC NNP X B-Skill
frame NN X I-Skill
. . X O
They PRP X O

now RB X O
require VBP X O
a DT X O
PGTE NNP X B-Occupation
Building NNP X I-Occupation
Custodian NNP X I-Occupation
/ NNP X I-Occupation
Administrator NNP X I-Occupation
to TO X O
be VB X O
based VBN X O
at IN X O
their PRP$ X O
site NN X O
in IN X O
Bovington NNP X O
, , X O
Wareham NNP X O
. . X O
The DT X O

University NNP X O
has VBZ X O
a DT X O
responsibility NN X O
to TO X O
ensure VB X O
that IN X O
all DT X O
employees NNS X O
are VBP X O
eligible JJ X O
to TO X O
live VB X O
and CC X O
work VB X O
in IN X O
the DT X O
UK NNP X O
. . X O
The DT X O

successful JJ X O
candidate NN X O
will MD X O
hold VB X O
an DT X O
NVQ NNP X B-Qualification
level NN X I-Qualification
4 CD X I-Qualification
in IN X I-Qualification
Health NNP X I-Qualification
and CC X I-Qualification
Social NNP X I-Qualification
Care NNP X I-Qualification
and CC X O
have VBP X O
previous JJ X B-Experience
experience NN X I-Experience
in IN X I-Experience
care NN X I-Experience
at IN X I-Experience
managerial JJ X I-Experience
level NN X I-Experience
. . X O
the DT X O

company NN X O
has VBZ X O
gone VBN X O
from IN X O
strength NN X O
to TO X O
strength NN X O
; : X O
winning VBG X O
many JJ X O
awards NNS X O
along IN X O
the DT X O
way NN X O
and CC X O
now RB X O
attracts VBZ X O
over IN X O
20 CD X O
million CD X O
visitors NNS X O
per IN X O
month NN X O
to TO X O
its PRP$ X O
website NN X O
. . X O
Marketing VBG X O

Statement NNP X O
Det NNP X O
Norske NNP X O
Veritas NNP X O
is VBZ X O
a DT X O
leading VBG X O
technology NN X O
service NN X O
provider NN X O
worldwide NN X O
. . X O
If IN X O

you PRP X O
think VBP X O
you PRP X O
are VBP X O
a DT X O
fit NN X O
for IN X O
this DT X O
position NN X O
please VB X O
forward RB X O
an DT X O
uptodate JJ X O
CV NNP X O
, , X O
if IN X O
you PRP X O
have VBP X O
any DT X O
questions NNS X O
please VBP X O
call VB X O
me PRP X O
on IN X O
[ NN X O
blocked VBN X O
]. NN X O
To TO X O
find VB X O
out RP X O
more RBR X O
about IN X O
Progressive NNP X O
Recruitment NNP X O
please VB X O
visit NN X O
www NN X O
. . X O
progressiverecruitment NN X O
. . X O
com NN X O
You PRP X O

will MD X O
be VB X O
passionate JJ X B-Skill
about IN X I-Skill
your PRP$ X I-Skill
people NNS X I-Skill
and CC X I-Skill
developing VBG X I-Skill
them PRP X I-Skill
for IN X I-Skill
future JJ X I-Skill
roles NNS X I-Skill
. . X O
Managing VBG X B-Skill

customer NN X I-Skill
relationships NNS X I-Skill
in IN X I-Skill
a DT X I-Skill
manner NN X I-Skill
that WDT X I-Skill
builds VBZ X I-Skill
customer NN X I-Skill
loyalty NN X I-Skill
and CC X I-Skill
satisfaction NN X I-Skill
. . X O
Knowledge NNP X O

of IN X O
the DT X O
Insurance NNP X B-Domain
market NN X O
Technical NNP X O
knowledge NN X O
of IN X O
financial JJ X B-Skill
reporting NN X I-Skill
and CC X I-Skill
taxation NN X I-Skill
. . X O
Prepare NNP X B-Skill

and CC X I-Skill
/ NNP X I-Skill
or CC X I-Skill
review VB X I-Skill
study NN X I-Skill
plans NNS X I-Skill
, , X I-Skill
reports NNS X I-Skill
and CC X I-Skill
associated VBN X I-Skill
communication NN X I-Skill
documents NNS X I-Skill
to TO X O
provide VB X B-Skill
a DT X I-Skill
quality NN X I-Skill
service NN X I-Skill
to TO X I-Skill
clients NNS X I-Skill
. . X O
This DT X O

role NN X O
offers VBZ X O
the DT X O
post NN X O
holder NN X O
the DT X O
rare JJ X O
opportunity NN X O
to TO X O
join VB X O
a DT X O
high JJ X O
quality NN X O
group NN X O
in IN X O
a DT X O
senior JJ X B-Domain
management NN X I-Domain
role NN X O
. . X O
To TO X O

be VB X O
successful JJ X O
in IN X O
this DT X O
role NN X O
you PRP X O
must MD X O
have VB X O
a DT X O
displayable JJ X B-Skill
knowledge NN X I-Skill
of IN X I-Skill
. . X O
Must NNP X O

possess NN X O
excellent JJ X O
attention NN X B-Skill
to TO X I-Skill
detail NN X I-Skill
and CC X O
have VBP X O
the DT X O
ability NN X O
to TO X O
check VB X B-Skill
goods NNS X I-Skill
prior RB X I-Skill
to TO X I-Skill
dispatch VB X I-Skill
. . X O
Holly RB X O

House NNP X O
Hospital NNP X B-Domain
is VBZ X O
a DT X O
wellestablished JJ X O
private JJ X O
hospital NN X O
based VBN X O
on IN X O
the DT X O
borders NNS X O
of IN X O
London NNP X O
, , X O
Essex NNP X O
and CC X O
Herts NNP X O
. . X O
The DT X O

right JJ X O
Portal NNP X O
Architect NNP X O
will MD X O
have VB X O
experience NN X B-Skill
of IN X O
translating VBG X B-Skill
business NN X I-Skill
requirements NNS X I-Skill
into IN X I-Skill
system NN X I-Skill
, , X O
scope NN X B-Skill
, , X O
solutions NNS X B-Skill
and CC X O
architecture NN X B-Skill
definition NN X I-Skill
. . X O
the DT X O

Electrical NNP X B-Occupation
, , X I-Occupation
Controls NNP X I-Occupation
and CC X I-Occupation
Instrumentation NNP X I-Occupation
Technician NNP X I-Occupation
will MD X O
ultimately RB X O
be VB X O
responsible JJ X B-Skill
for IN X I-Skill
working VBG X I-Skill
as IN X I-Skill
part NN X I-Skill
of IN X I-Skill
a DT X I-Skill
team NN X I-Skill
to TO X O
ensure VB X B-Skill
the DT X I-Skill
availability NN X I-Skill
of IN X I-Skill
the DT X I-Skill
electrical JJ X I-Skill
plant NN X I-Skill
, , X O
DCS NNP X B-Skill
, , X O
PLC NNP X B-Skill
s NN X I-Skill
and CC X O
instrumentation NN X B-Skill
that WDT X I-Skill
keep VBZ X I-Skill
the DT X I-Skill
site NN X I-Skill
operational JJ X I-Skill
. . X O
My PRP$ X O

client NN X O
is VBZ X O
looking VBG X O
for IN X O
A NNP X O
Senior NNP X B-Occupation
Customer NNP X I-Occupation
Insight NNP X I-Occupation
Analyst NNP X I-Occupation
, , X O
the DT X O
successful JJ X O
candidate NN X O
would MD X O
work VB X O
on IN X O
large JJ X O
strategic JJ X O
projects NNS X O
, , X O
building NN X O
methodologies NNS X O
for IN X O
new JJ X O
problems NNS X O
, , X O
improving VBG X O
/ JJ X O
automating VBG X O
existing VBG X O
processes NNS X O
and CC X O
new JJ X O
client NN X O
pitches NNS X O
. . X O
This DT X O

is VBZ X O
a DT X O
fast JJ X O
growing NN X O
company NN X O
which WDT X O
could MD X O
lead VB X O
to TO X O
excellent JJ X O
career NN X O
opportunities NNS X O
for IN X O
the DT X O
successful JJ X O
candidate NN X O
and CC X O
career NN X O
direction NN X O
will MD X O
be VB X O
driven VBN X O
by IN X O
Personal NNP X O
Development NNP X O
Plans NNPS X O
. . X O
To TO X O

apply VB X O
for IN X O
this DT X O
opportunity NN X O
please VB X O
forward RB X O
a DT X O
CV NNP X O
in IN X O
confidence NN X O
to TO X O
tom VB X O
. . X O
evansflagshipconsulting VBG X O
. . X O
com NN X O
or CC X O
contact NN X O
We PRP X O

are VBP X O
looking VBG X O
for IN X O
the DT X O
best JJS X O
Business NN X B-Occupation
Development NNP X I-Occupation
Specialists VBZ X I-Occupation
in IN X O
the DT X O
business NN X O
who WP X O
are VBP X O
looking VBG X O
to TO X O
develop VB X O
their PRP$ X O
careers NNS X O
onto IN X O
the DT X O
next JJ X O
level NN X O
. . X O
Holiday NNP X O

days NNS X O
Package NNP X O
Overtime NNP X O
Work NNP X O
for IN X O
a DT X O
long JJ X O
UK NNP X O
established VBD X O
manufacturing VBG X B-Domain
company NN X I-Domain
in IN X O
a DT X O
multi NN X O
skilled JJ X O
maintenance NN X B-Occupation
engineering NN X I-Occupation
role NN X I-Occupation
with IN X O
constant JJ X O
daily JJ X O
variety NN X O
. . X O
**** JJ X O

depending VBG X O
on IN X O
skills NNS X O
and CC X O
experience NN X O
plus CC X O
8 CD X O
% NN X O
Pension NNP X O
, , X O
Flexitime NNP X O
, , X O
Bonus NNP X O
and CC X O
Benefits NNP X O
. . X O
If IN X O

this DT X O
particular JJ X O
Vacancy NNP X O
isnt NN X O
of IN X O
interest NN X O
to TO X O
you PRP X O
, , X O
but CC X O
you PRP X O
are VBP X O
looking VBG X O
for IN X O
work NN X O
in IN X O
a DT X O
similar JJ X O
field NN X O
, , X O
please VB X O
get VB X O
in IN X O
touch NN X O
, , X O
as IN X O
we PRP X O
have VBP X O
new JJ X O
vacancies NNS X O
registered VBN X O
on IN X O
a DT X O
daily JJ X O
basis NN X O
. . X O
They PRP X O

are VBP X O
renowned VBN X O
for IN X O
offering VBG X O
great JJ X O
career NN X O
progression NN X O
, , X O
and CC X O
boast VBD X O
a DT X O
number NN X O
of IN X O
managers NNS X O
/ JJ X O
directors NNS X O
in IN X O
the DT X O
business NN X O
who WP X O
have VBP X O
worked VBN X O
their PRP$ X O
way NN X O
up IN X O
within IN X O
the DT X O
business NN X O
which WDT X O
offers VBZ X O
a DT X O
meritocratic JJ X O
and CC X O
rewarding VBG X O
environment NN X O
. . X O
You PRP X O

will MD X O
be VB X O
responsible JJ X O
for IN X O
the DT X O
provision NN X B-Skill
of IN X I-Skill
web NN X I-Skill
based VBN X I-Skill
solutions NNS X I-Skill
to TO X I-Skill
front VB X I-Skill
and CC X I-Skill
middleoffice VB X I-Skill
functions NNS X I-Skill
. . X O
On IN X B-Skill

time NN X I-Skill
, , X I-Skill
in IN X I-Skill
budget NN X I-Skill
, , X I-Skill
snag JJ X I-Skill
free JJ X I-Skill
delivery NN X I-Skill
Produce NNP X I-Skill
QA NNP X I-Skill
reports NNS X I-Skill
on IN X I-Skill
final JJ X I-Skill
completion NN X I-Skill
alongside IN X I-Skill
Health NNP X I-Skill
and CC X I-Skill
Safety NNP X I-Skill
File NNP X I-Skill
. . X O
You PRP X O

will MD X O
also RB X O
be VB X O
required VBN X O
to TO X O
work VB X O
bank NN X O
holidays NNS X O
out IN X O
of IN X O
peak NN X O
season NN X O
and CC X O
the DT X O
occasional JJ X O
evening NN X O
. . X O
MX NNP X O

Display NNP X O
specialise NN X O
in IN X O
the DT X O
production NN X B-Skill
and CC X I-Skill
installation NN X I-Skill
of IN X I-Skill
large JJ X I-Skill
format NN X I-Skill
graphics NNS X I-Skill
, , X O
signage NN X B-Skill
and CC X O
visual JJ X B-Skill
communications NNS X I-Skill
, , X O
and CC X O
is VBZ X O
looking VBG X O
for IN X O
an DT X O
enthusiastic JJ X B-Skill
, , X O
marketing NN X B-Qualification
degree NN X I-Qualification
educated VBD X B-Skill
individual JJ X O
to TO X O
join VB X O
our PRP$ X O
busy JJ X O
team NN X O
at IN X O
this DT X O
dynamic JJ X O
and CC X O
ambitious JJ X O
company NN X O
. . X O
If IN X O

you PRP X O
would MD X O
like VB X O
to TO X O
apply VB X O
for IN X O
this DT X O
role NN X O
please VB X O
forward RB X O
your PRP$ X O
CV NNP X O
preferably RB X O
in IN X O
This DT X O

is VBZ X O
a DT X O
fantastic JJ X O
opportunity NN X O
to TO X O
join VB X O
this DT X O
leading VBG X O
M NNP X O
& CC X O
E NNP X O
Contracting NNP X O
company NN X O
as IN X O
aJunior JJ X O
M NNP X B-Occupation
& CC X I-Occupation
E NNP X I-Occupation
Project NNP X I-Occupation
Engineer NNP X I-Occupation
offering VBG X O
a DT X O
salary NN X O
of IN X O
around IN X O
This DT X O

is VBZ X O
a DT X O
newly RB X O
awarded VBN X O
contract NN X O
that WDT X O
encompasses VBZ X O
800 CD X O
sites NNS X O
and CC X O
covers NNS X O
from IN X O
Bristol NNP X O
to TO X O
Lands NNP X O
End NNP X O
and CC X O
in IN X O
turn NN X O
all DT X O
successful JJ X O
applicants NNS X O
with IN X O
be VB X O
expected VBN X O
to TO X O
cover VB X O
certain JJ X O
zones NNS X O
in IN X O
this DT X O
region NN X O
. . X O
You PRP X O

MUST VBP X O
have VB X O
experience NN X B-Skill
selling VBG X I-Skill
HVAC NNP X I-Skill
equipment NN X I-Skill
to TO X I-Skill
Local NNP X I-Skill
Authorises NNP X I-Skill
To TO X B-Skill

have VB X I-Skill
these DT X I-Skill
available JJ X I-Skill
for IN X I-Skill
inspection NN X I-Skill
by IN X I-Skill
the DT X I-Skill
Inspection NNP X B-Occupation
Officer NNP X I-Occupation
or CC X O
anyone NN X O
appointed VBN X O
to TO X O
see VB X O
them PRP X O
. . X O
Ensuring VBG X O

that IN X O
residents NNS X O
physical JJ X B-Skill
, , X I-Skill
emotional JJ X I-Skill
and CC X I-Skill
social JJ X I-Skill
needs NNS X I-Skill
are VBP X I-Skill
identified VBN X I-Skill
and CC X O
met VBN X O
through IN X O
assessment NN X B-Skill
and CC X O
care NN X B-Skill
planning NN X I-Skill
. . X O
analysis NN X O

Knowledge NNP X B-Skill
and CC X I-Skill
application NN X I-Skill
of IN X I-Skill
associated VBN X I-Skill
techniques NNS X I-Skill
creative JJ X I-Skill
thinking VBG X I-Skill
techniques NNS X O
and CC X O
concept JJ X B-Skill
selection NN X I-Skill
techniques NNS X O
. . X O
Our PRP$ X O

client NN X O
based VBN X O
in IN X O
Banbury NNP X O
is VBZ X O
a DT X O
national JJ X O
accident NN X O
repair NN X O
centre NN X O
who WP X O
require VBP X O
a DT X O
vehicle NN X B-Occupation
estimator NN X I-Occupation
to TO X O
start VB X O
work NN X O
on IN X O
site NN X O
immediately RB X O
. . X O
In IN X O

return NN X O
you PRP X O
can MD X O
expect VB X O
an DT X O
excellent JJ X O
package NN X O
and CC X O
to TO X O
receive VB X O
ongoing VBG X O
support NN X O
as RB X O
well RB X O
as IN X O
technical JJ X O
progression NN X O
to TO X O
ensure VB X O
you PRP X O
maintain VBP X O
the DT X O
company NN X O
? . X O
s JJ X O
high JJ X O
standards NNS X O
. . X O
Ability NN X O

to TO X O
handle VB X O
fastpaced JJ X O
environments NNS X O
with IN X O
effective JJ X O
timemanagement NN X B-Skill
skills NNS X O
. . X O
Belfast NNP X O

To TO X O
apply VB X O
for IN X O
this DT X O
position NN X O
please NN X O
click NN X O
here RB X O
Installing VBG X B-Skill

and CC X I-Skill
modifying VBG X I-Skill
plant NN X I-Skill
making NN X O
sure JJ X O
all DT X O
work NN X O
carried VBD X O
out IN X O
satisfies NNS X O
wiring VBG X O
standards NNS X O
and CC X O
regulatory JJ X O
requirements NNS X O
. . X O
As IN X O

Sous JJ X B-Occupation
Chef NNP X I-Occupation
with IN X O
us PRP X O
, , X O
you PRP X O
ll VBP X O
be VB X O
helping VBG X O
to TO X O
bring VB X O
eating VBG X O
out RP X O
into IN X O
With IN X O

Big NNP X O
Budgets NNS X O
, , X O
A NNP X O
Close NNP X O
Team NNP X O
and CC X O
a DT X O
Variety NN X O
of IN X O
clients NNS X O
this DT X O
could MD X O
be VB X O
the DT X O
role NN X O
for IN X O
you PRP X O
They PRP X O

are VBP X O
also RB X O
seeking VBG X O
Planned VBN X B-Occupation
Break NNP X I-Occupation
Foster NNP X I-Occupation
Carers NNP X I-Occupation
to TO X O
provide VB X B-Skill
part NN X I-Skill
time NN X I-Skill
or CC X I-Skill
short JJ X I-Skill
term NN X I-Skill
care NN X I-Skill
. . X O
In IN X O

return NN X O
, , X O
you PRP X O
will MD X O
be VB X O
offered VBN X O
a DT X O
generous JJ X O
basic JJ X O
salary JJ X O
commensurate NN X O
with IN X O
experience NN X O
, , X O
realistic JJ X O
bonus NN X O
scheme NN X O
and CC X O
numerous JJ X O
benefits NNS X O
including VBG X O
company NN X O
car NN X O
and CC X O
pension NN X O
. . X O
Though IN X O

previous JJ X O
experience NN X B-Experience
recruiting NN X I-Experience
for IN X I-Experience
the DT X I-Experience
HR NNP X I-Experience
or CC X I-Experience
Banking NNP X I-Experience
Financial NNP X I-Experience
Services NNPS X I-Experience
sectors NNS X I-Experience
would MD X I-Experience
be VB X I-Experience
beneficial JJ X I-Experience
, , X O
it PRP X O
is VBZ X O
not RB X O
required VBN X O
as IN X O
a DT X O
strong JJ X B-Skill
and CC X I-Skill
flexible JJ X I-Skill
recruiter NN X I-Skill
will MD X O
be VB X O
able JJ X O
to TO X O
adapt VB X B-Skill
successfully RB X I-Skill
within IN X I-Skill
this DT X I-Skill
role NN X I-Skill
. . X O
To TO X O

operate VB X B-Skill
within IN X I-Skill
the DT X I-Skill
college NN X I-Skill
' POS X I-Skill
s NN X I-Skill
safeguarding VBG X I-Skill
children NNS X I-Skill
and CC X I-Skill
vulnerable JJ X I-Skill
adult NN X I-Skill
' POS X I-Skill
s NN X I-Skill
policy NN X I-Skill
to TO X O
promote VB X B-Skill
and CC X I-Skill
safeguard VB X I-Skill
the DT X I-Skill
welfare NN X I-Skill
of IN X I-Skill
college NN X I-Skill
' '' X I-Skill
s JJ X I-Skill
learners NNS X I-Skill
who WP X O
are VBP X O
under IN X O
the DT X O
age NN X O
of IN X O
The DT X O

role NN X O
will MD X O
involve VB X O
: : X O
Carrying VBG X B-Skill
out RP X I-Skill
asbestos JJ X I-Skill
Management NNP X I-Skill
, , X O
Refurbishment NNP X B-Skill
/ NNP X I-Skill
Demolition NNP X I-Skill
surveys NNS X I-Skill
on IN X O
various JJ X O
properties NNS X O
commercial JJ X O
and CC X O
industrial JJ X O
and CC X O
at IN X O
the DT X O
same JJ X O
time NN X O
complying VBG X O
with IN X O
the DT X O
current JJ X O
Health NNP X O
and CC X O
Safety NNP X O
legislation NN X O
. . X O
You PRP X O

will MD X O
need VB X O
to TO X O
be VB X B-Skill
an DT X I-Skill
inspirational JJ X I-Skill
figure NN X I-Skill
to TO X I-Skill
your PRP$ X I-Skill
team NN X I-Skill
, , X I-Skill
client NN X I-Skill
and CC X I-Skill
agency NN X I-Skill
peers NNS X I-Skill
that WDT X I-Skill
is VBZ X I-Skill
evident JJ X I-Skill
in IN X I-Skill
your PRP$ X I-Skill
strategy NN X I-Skill
, , X I-Skill
its PRP$ X I-Skill
execution NN X I-Skill
and CC X I-Skill
communication NN X I-Skill
. . X O
Reporting VBG X B-Skill

to TO X I-Skill
the DT X I-Skill
Creative NNP X I-Skill
Technologies NNPS X I-Skill
Coordinator NNP X I-Skill
, , X O
the DT X O
post NN X B-Occupation
holder NN X I-Occupation
must MD X O
be VB X O
selfmotivated VBN X B-Skill
and CC X O
capable JJ X B-Skill
of IN X I-Skill
creativity NN X I-Skill
and CC X I-Skill
innovation NN X I-Skill
. . X I-Skill
Ideal NNP X O

candidates NNS X O
will MD X O
: : X O
Have VB X O
a DT X O
flexible JJ X B-Skill
approach NN X O
to TO X O
work VB X O
Be NNP X B-Skill
able JJ X I-Skill
to TO X I-Skill
work VB X I-Skill
at IN X I-Skill
short JJ X I-Skill
notice NN X I-Skill
Have VBP X I-Skill
the DT X I-Skill
ability NN X I-Skill
to TO X I-Skill
adapt VB X I-Skill
to TO X I-Skill
different JJ X I-Skill
working VBG X I-Skill
environments NNS X I-Skill
Have VBP X O
excellent JJ X O
communication NN X B-Skill
skills NNS X I-Skill
Ideally RB X O
have VBP X O
a DT X B-Qualification
NVQ NNP X I-Qualification
in IN X I-Qualification
Health NNP X I-Qualification
and CC X I-Qualification
Social NNP X I-Qualification
Care NNP X I-Qualification
CMA NNP X O

complies NNS X O
with IN X O
all DT X O
relevant JJ X O
UK NNP X O
legislation NN X O
and CC X O
doesn NN X O
' '' X O
t JJ X O
discriminate NN X O
on IN X O
any DT X O
protected JJ X O
characteristics NNS X O
. . X O
But CC X O

value NN X O
s VBZ X O
not RB X O
all DT X O
we PRP X O
re VBP X O
about IN X O
at IN X O
Crown NNP X O
Carveries NNP X O
. . X O
To TO X O

prepare VB X B-Skill
dishes NNS X I-Skill
and CC X O
menu JJ X B-Skill
items NNS X I-Skill
as IN X O
assigned VBN X O
by IN X O
senior JJ X O
staff NN X O
. . X O
About IN X O

The DT X O
Role NNP X O
This DT X O
Management NNP X B-Occupation
Accountant NNP X I-Occupation
role NN X O
will MD X O
join VB X O
the DT X O
busy JJ X O
finance NN X B-Domain
team NN X O
of IN X O
an DT X O
international JJ X O
business NN X O
. . X O
Once RB X O

you PRP X O
have VBP X O
visited VBN X O
the DT X O
Employer NNP X O
s NN X O
website NN X O
, , X O
please VB X O
follow VB X O
their PRP$ X O
instructions NNS X O
on IN X O
how WRB X O
to TO X O
complete VB X O
the DT X O
application NN X O
Please NNP X O
note VBP X O
the DT X O
job NN X O
board NN X O
may MD X O
ask VB X O
to TO X O
upload VB X O
your PRP$ X O
CV NNP X O
to TO X O
register VB X O
, , X O
but CC X O
you PRP X O
will MD X O
be VB X O
required VBN X O
to TO X O
complete VB X O
an DT X O
application NN X O
form NN X O
from IN X O
the DT X O
Employer NNP X O
s NN X O
website NN X O
. . X O
Due JJ X O

to TO X O
a DT X O
rapidly RB X O
growing VBG X O
workload NN X O
, , X O
opportunities NNS X O
exist VBP X O
for IN X O
a DT X B-Occupation
Principal NNP X I-Occupation
Railway NNP X I-Occupation
Engineer NNP X I-Occupation
/ NNP X I-Occupation
Engineering NNP X I-Occupation
Manager NNP X I-Occupation
to TO X O
join VB X O
our PRP$ X O
clients NNS X O
Rail NNP X O
team NN X O
based VBN X O
in IN X O
Birmingham NNP X O
. . X O
Responding VBG X O

to TO X O
business NN X B-Domain
trends NNS X O
to TO X O
recommend VB X O
changes NNS X O
needed VBN X O
to TO X O
capitalise VB X O
on IN X O
opportunities NNS X O
to TO X O
maximise VB X O
sales NNS X O
. . X O
Job NNP X O

Responsibilities NNS X O
: : X O
Managing VBG X B-Skill
a DT X I-Skill
team NN X I-Skill
of IN X I-Skill
6 CD X I-Skill
collectors NNS X I-Skill
, , X I-Skill
covering VBG X I-Skill
coaching NN X I-Skill
, , X O
mentoring NN X B-Skill
, , X O
call VB X B-Skill
reviews NNS X I-Skill
, , X O
compliance NN X B-Skill
training VBG X I-Skill
all DT X O
with IN X O
the DT X O
view NN X O
to TO X O
developing VBG X O
a DT X O
high JJ X O
performing NN X O
core NN X O
team NN X O
. . X O
Responsibilities NNS X O

for IN X O
the DT X O
role NN X O
as IN X O
Project NNP X B-Occupation
Engineer NNP X I-Occupation
are VBP X O
to TO X O
manage VB X B-Skill
submarine JJ X I-Skill
projects NNS X I-Skill
. . X O
**** NN X O

Hold NNP X B-Skill
regular JJ X I-Skill
team NN X I-Skill
meetings NNS X I-Skill
where WRB X O
business NN X O
critical JJ X O
information NN X B-Domain
, , X O
objectives NNS X O
, , X O
goals NNS X O
and CC X O
performance NN X O
are VBP X O
discussed VBN X O
openly RB X O
We PRP X O

now RB X O
have VBP X O
a DT X O
number NN X O
of IN X O
exciting VBG X O
vacancies NNS X O
at IN X O
out IN X O
brand NN X O
new JJ X O
Customer NNP X O
Contact NNP X O
Centre NNP X O
in IN X O
Manchester NNP X O
for IN X O
SUPPORT NNP X B-Occupation
DESK NNP X I-Occupation
TECHNICIANS NNP X I-Occupation
Working NNP X O
Monday NNP X O
to TO X O
Friday NNP X O
, , X O
you PRP X O
will MD X O
be VB X O
the DT X O
recognised JJ X O
focal JJ X O
point NN X O
of IN X O
contact NN X O
within IN X O
the DT X O
business NN X O
for IN X O
any DT X O
issues NNS X O
arising VBG X O
out IN X O
of IN X O
the DT X O
inadequate JJ X O
performance NN X O
or CC X O
breakdown NN X O
of IN X O
parking VBG X O
systems NNS X O
and CC X O
CCTV NNP X O
equipment NN X O
. . X O
Maintain NNP X B-Skill

weekly JJ X I-Skill
KPI NNP X I-Skill
dashboards NNS X I-Skill
, , X I-Skill
custom NN X I-Skill
reports NNS X I-Skill
and CC X I-Skill
ad NN X I-Skill
hoc NN X I-Skill
reports NNS X I-Skill
to TO X O
effectively RB X O
monitor VB X O
performance NN X O
against IN X O
industry NN X O
benchmark NN X O
, , X O
trends NNS X O
and CC X O
opportunities NNS X O
. . X O
Your PRP$ X O

vision NN X O
and CC X O
commitment NN X B-Skill
to TO X I-Skill
our PRP$ X I-Skill
shared VBN X I-Skill
values NNS X I-Skill
will MD X O
be VB X O
crucial JJ X O
not RB X O
just RB X O
for IN X O
the DT X O
development NN X O
of IN X O
your PRP$ X O
team NN X O
but CC X O
for IN X O
the DT X O
success NN X O
of IN X O
the DT X O
store NN X O
and CC X O
as IN X O
a DT X O
key JJ X O
member NN X O
of IN X O
the DT X O
B NNP X O
Q NNP X O
team NN X O
, , X O
your PRP$ X O
leadership NN X B-Skill
will MD X O
help VB X O
to TO X O
actively RB X O
enhance VB X B-Skill
employee NN X I-Skill
engagement NN X I-Skill
at IN X O
all DT X O
levels NNS X O
. . X O
The DT X O

Royal NNP X O
Mint NNP X O
is VBZ X O
one CD X O
of IN X O
the DT X O
world NN X O
s NN X O
oldest JJS X O
and CC X O
most RBS X O
trusted JJ X O
businesses NNS X O
, , X O
having VBG X O
produced VBN X O
UK NNP X O
coinage NN X B-Domain
for IN X O
over IN X O
Competitive NNP X B-Skill

, , X O
tenacious JJ X B-Skill
, , X O
enthusiastic JJ X B-Skill
and CC X O
resultsdriven JJ X B-Skill
and CC X O
detailoriented JJ X B-Skill
Excellent NNP X O
timemanagement NN X B-Skill
and CC X O
organisational JJ X B-Skill
skills NNS X I-Skill
Understand VBP X O
the DT X O
value NN X O
of IN X O
OpenTable NNP X B-Skill
s NN X O
products NNS X O
and CC X O
pricing NN X B-Skill
, , X O
as RB X O
well RB X O
as IN X O
competitive JJ X B-Skill
offerings NNS X I-Skill
, , X O
and CC X O
articulate VB X B-Skill
the DT X I-Skill
product NN X I-Skill
benefits NNS X I-Skill
in IN X I-Skill
a DT X I-Skill
manner NN X I-Skill
meaningful JJ X I-Skill
to TO X I-Skill
the DT X I-Skill
customer NN X I-Skill
We PRP X O

have VBP X O
great JJ X O
opportunities NNS X O
at IN X O
Frankie NNP X O
s NN X O
for IN X O
those DT X O
that WDT X O
want VBP X O
to TO X O
be VB X O
successful JJ X O
in IN X O
what WP X O
they PRP X O
do VBP X O
Is VBZ X O
this DT X O
you PRP X O
? . X O
Incredibly RB X O

rewarding VBG X O
We PRP X O
ll VBP X O
give VB X O
you PRP X O
all PDT X O
the DT X O
training NN X O
and CC X O
support NN X O
you PRP X O
need VBP X O
. . X O
Out IN X O

of IN X O
hours NNS X O
contact VBP X O
If IN X O
this DT X O
sounds VBZ X O
like IN X O
the DT X O
right JJ X O
job NN X O
for IN X O
you PRP X O
, , X O
please VB X O
submit VB X O
your PRP$ X O
CV NNP X O
now RB X O
. . X O
the DT X O

recruiting NN X O
organisation NN X O
are VBP X O
leaders NNS X O
in IN X O
the DT X O
field NN X O
of IN X O
Learning NNP X B-Domain
Disabilities NNP X I-Domain
, , X O
and CC X O
truly RB X O
do VBP X O
look VB X O
after IN X O
their PRP$ X O
staff NN X O
and CC X O
offer NN X O
longterm JJ X O
career NN X O
advancement NN X O
. . X O
In IN X O

Touch NNP X O
Recruitment NNP X O
is VBZ X O
searching VBG X O
for IN X O
a DT X O
clinically RB X O
competent JJ X O
Staff NNP X B-Occupation
Nurse NNP X I-Occupation
RGN NNP X I-Occupation
to TO X O
join VB X O
a DT X O
friendly JJ X O
nursing NN X O
team NN X O
within IN X O
a DT X O
charming JJ X O
nursing NN X O
home NN X O
situated VBN X O
in IN X O
WootonunderEdge NNP X O
. . X O
If IN X O

you PRP X O
are VBP X O
interested JJ X O
in IN X O
applying VBG X O
for IN X O
this DT X O
position NN X O
please VB X O
apply VB X O
with IN X O
your PRP$ X O
full JJ X O
CV NNP X O
to TO X O
Amy NNP X O
Spilsbury NNP X O
via IN X O
the DT X O
link NN X O
below IN X O
this DT X O
advert NN X O
. . X O
Unfortunately RB X O

due JJ X O
to TO X O
a DT X O
large JJ X O
volume NN X O
of IN X O
applications NNS X O
we PRP X O
can MD X O
only RB X O
respond VB X O
personally RB X O
to TO X O
those DT X O
who WP X O
have VBP X O
been VBN X O
successful JJ X O
. . X O
As RB X O

well RB X O
as IN X O
being VBG X O
an DT X O
experienced VBN X B-Skill
Payroll NNP X B-Occupation
professional JJ X I-Occupation
, , X O
you PRP X O
will MD X O
also RB X O
be VB X O
able JJ X O
to TO X O
demonstrate VB X O
excellent JJ X O
communication NN X B-Skill
and CC X O
project NN X B-Skill
management NN X I-Skill
skills NNS X O
and CC X O
will MD X O
be VB X O
able JJ X O
to TO X O
work VB X B-Skill
in IN X I-Skill
a DT X I-Skill
handson NN X I-Skill
and CC X I-Skill
fast RB X I-Skill
paced JJ X I-Skill
environment NN X I-Skill
. . X O
If IN X O

you PRP X O
want VBP X O
the DT X O
satisfaction NN X O
of IN X O
seeing VBG X O
your PRP$ X O
customers NNS X O
coming VBG X O
back RB X O
eager NN X O
for IN X O
more JJR X O
then RB X O
join VB X O
our PRP$ X O
friendly JJ X O
Crown NNP X O
Carveries NNP X O
team NN X O
. . X O
The DT X O

environment NN X O
is VBZ X O
Microsoft NNP X B-Skill
. . X I-Skill
Net JJ X I-Skill
utilising JJ X O
ASP NNP X B-Skill
. . X I-Skill
NET NNP X I-Skill
and CC X O
VB NNP X B-Skill
. . X I-Skill
NET NN X I-Skill
with IN X O
SQL NNP X B-Skill
Server NNP X I-Skill
or CC X O
Oracle NNP X B-Skill
databases NNS X I-Skill
. . X O
Application NN X O

forms NNS X O
should MD X O
be VB X O
returned VBN X O
to TO X O
the DT X O
Human NNP X O
Resources NNPS X O
Department NNP X O
at IN X O
or CC X O
5 CD X O
Coopers NNPS X O
Yard NNP X O
, , X O
Curran NNP X O
Road NNP X O
, , X O
Cardiff NNP X O
, , X O
the DT X O

**** JJ X O
principles NNS X O
that IN X O
all DT X O
imperial JJ X O
staff NN X O
are VBP X O
expected VBN X O
to TO X O
follow VB X O
: : X O
The DT X O

desire NN X B-Skill
to TO X I-Skill
work VB X I-Skill
hard RB X I-Skill
for IN X O
the DT X O
rewards NNS X O
we PRP X O
offer VBP X O
There EX X O

is VBZ X O
a DT X O
huge JJ X O
shortage NN X O
of IN X O
Foster NNP X B-Occupation
Carers NNP X I-Occupation
in IN X O
the DT X O
UK NNP X O
, , X O
and CC X O
this DT X O
organisation NN X O
is VBZ X O
recruiting VBG X O
carers NNS X O
to TO X O
help VB X O
give VB X O
children NNS X O
and CC X O
young JJ X O
people NNS X O
the DT X O
care NN X O
and CC X O
support NN X O
they PRP X O
need VBP X O
to TO X O
thrive VB X O
in IN X O
a DT X O
family NN X O
home NN X O
environment NN X O
. . X O
You PRP X O

will MD X O
be VB X O
required VBN X O
to TO X O
develop VB X B-Skill
and CC X I-Skill
maintain VB X I-Skill
residents NNS X I-Skill
care VB X I-Skill
plans NNS X I-Skill
and CC X O
participate VB X B-Skill
in IN X I-Skill
quality NN X I-Skill
and CC X I-Skill
risk NN X I-Skill
assessments NNS X I-Skill
. . X O
To TO X O

help VB X O
them PRP X O
stand VB X O
apart RB X O
, , X O
they PRP X O
would MD X O
love VB X O
managers NNS X O
with IN X O
great JJ X O
attention NN X B-Skill
to TO X I-Skill
detail NN X I-Skill
and CC X O
who WP X O
would MD X O
be VB X O
comfortable JJ X B-Skill
working VBG X I-Skill
closely RB X I-Skill
with IN X I-Skill
them PRP X I-Skill
whilst VBP X I-Skill
also RB X I-Skill
having VBG X I-Skill
the DT X I-Skill
scope NN X I-Skill
for IN X I-Skill
plenty NN X I-Skill
of IN X I-Skill
entrepreneurial JJ X I-Skill
flair NN X I-Skill
. . X O
In IN X O

return NN X O
you PRP X O
will MD X O
get VB X O
a DT X O
chance NN X O
to TO X O
work VB X O
for IN X O
a DT X O
vastly RB X O
growing VBG X O
company NN X O
in IN X O
the DT X O
up NN X O
and CC X O
coming JJ X O
year NN X O
, , X O
as RB X O
well RB X O
as IN X O
a DT X O
chance NN X O
to TO X O
explore VB X O
innovative JJ X O
techniques NNS X O
in IN X O
a DT X O
friendly JJ X O
Allegis NNP X O
Group NNP X O
. . X O
There EX X O

are VBP X O
good JJ X O
local JJ X O
travel NN X O
links NNS X O
and CC X O
access NN X O
to TO X O
public JJ X O
transport NN X O
routes NNS X O
. . X O
On IN X O

offer NN X O
is VBZ X O
a DT X O
senior JJ X B-Occupation
position NN X I-Occupation
for IN X O
the DT X O
leading JJ X O
manufacturer NN X B-Occupation
who WP X O
will MD X O
offer VB X O
full JJ X O
support NN X O
to TO X O
enable VB X O
you PRP X O
to TO X O
make VB X O
a DT X O
successful JJ X O
move NN X O
to TO X O
this DT X O
quaint JJ X O
part NN X O
of IN X O
Northern NNP X O
Scotland NNP X O
including VBG X O
accommodation NN X O
for IN X O
the DT X O
initial JJ X O
few JJ X O
months NNS X O
of IN X O
your PRP$ X O
move NN X O
. . X O
but CC X O

there EX X O
is VBZ X O
definite JJ X O
potential JJ X O
to TO X O
grow VB X O
with IN X O
the DT X O
attraction NN X O
of IN X O
new JJ X O
customers NNS X O
who WP X O
will MD X O
be VB X O
retained VBN X O
through IN X O
an DT X O
excellent JJ X O
product NN X B-Skill
delivered VBN X I-Skill
with IN X I-Skill
exceptional JJ X I-Skill
levels NNS X I-Skill
of IN X I-Skill
hospitality NN X I-Skill
. . X O
This DT X O

post NN X O
is VBZ X O
subject JJ X O
to TO X O
CRB NNP X O
clearance NN X O
, , X O
preemployment NN X O
and CC X O
reference NN X O
checks NNS X O
. . X O
Assisting VBG X B-Skill

with IN X I-Skill
marketing VBG X I-Skill
campaign NN X I-Skill
related VBN X I-Skill
activities NNS X I-Skill
by IN X O
generating VBG X B-Skill
adhoc JJ X I-Skill
reports NNS X I-Skill
on IN X I-Skill
the DT X I-Skill
usage NN X I-Skill
of IN X I-Skill
the DT X I-Skill
websites NNS X I-Skill
relative VBP X I-Skill
to TO X I-Skill
the DT X I-Skill
campaign NN X I-Skill
. . X O
**** JJ X O

hotel NN X O
looking VBG X O
to TO X O
recruit VB X O
a DT X O
talented JJ X O
Sous NNP X B-Occupation
Chef NNP X I-Occupation
to TO X O
assist VB X O
the DT X O
Head NNP X B-Occupation
Chef NNP X I-Occupation
in IN X O
the DT X O
running NN X B-Skill
of IN X I-Skill
a DT X I-Skill
fantastic JJ X I-Skill
multi NN X I-Skill
rosette NN X I-Skill
property NN X I-Skill
. . X O
Ability NN X B-Skill

to TO X I-Skill
work VB X I-Skill
under IN X I-Skill
pressure NN X I-Skill
and CC X O
to TO X O
tight VB X B-Skill
deadlines NNS X I-Skill
. . X O
: : X O

Experience NN X O
within IN X O
a DT X O
similar JJ X O
role NN X O
Previous JJ X O
experience NN X O
in IN X O
customerfacing VBG X B-Skill
environment NN X O
is VBZ X O
crucial JJ X O
Previous NNP X O
management NN X B-Skill
of IN X I-Skill
Front NNP X I-Skill
of IN X I-Skill
House NNP X I-Skill
operations NNS X I-Skill
Comply NNP X B-Skill

fully RB X I-Skill
with IN X I-Skill
all DT X I-Skill
partnership NN X I-Skill
policies NNS X I-Skill
and CC X I-Skill
such JJ X I-Skill
relevant JJ X I-Skill
legislation NN X I-Skill
as IN X O
affects NNS X O
this DT X O
programme NN X O
e NN X O
. . X O
g NN X O
. . X O
safeguarding NN X O
, , X O
equal JJ X O
opportunities NNS X O
, , X O
health NN X O
and CC X O
safety NN X O
, , X O
data NN X O
protection NN X O
Specific NNP X O
Responsibilities NNS X O
: : X O
Unfortunately RB X O

, , X O
if IN X O
you PRP X O
do VBP X O
not RB X O
hear VB X O
from IN X O
me PRP X O
without IN X O
3 CD X O
days NNS X O
please VB X O
assume VB X O
that IN X O
you PRP X O
have VBP X O
been VBN X O
unsuccessful JJ X O
on IN X O
this DT X O
occasion NN X O
. . X O
Hudson NNP X O

is VBZ X O
currently RB X O
recruiting VBG X O
a DT X O
Financial NNP X B-Occupation
Accountant NNP X I-Occupation
for IN X O
a DT X O
well RB X O
known VBN X O
business NN X B-Domain
based VBN X O
in IN X O
Maidenhead NNP X O
. . X O
This DT X O

US NNP X O
hardware NN X O
sales NNS X O
firm NN X O
is VBZ X O
part NN X O
of IN X O
a DT X O
global JJ X O
giant NN X O
, , X O
providing VBG X O
outstanding JJ X O
presales NNS X O
and CC X O
marketing VBG X O
support NN X O
, , X O
training NN X O
and CC X O
sales NNS X O
career NN X O
opportunities NNS X O
. . X O
The DT X O

role NN X O
will MD X O
involve VB X O
working VBG X O
closely RB X O
with IN X O
the DT X O
IT NNP X B-Domain
Training NNP X I-Domain
Department NNP X O
for IN X O
the DT X O
training NN X B-Skill
needs NNS X I-Skill
of IN X I-Skill
users NNS X I-Skill
to TO X O
improve VB X B-Skill
data NNS X I-Skill
quality NN X I-Skill
. . X O
The DT X O

Role NNP X O
: : X O
As IN X O
Account NNP X B-Occupation
Manager NNP X I-Occupation
you PRP X O
will MD X O
be VB X O
responsible JJ X B-Skill
for IN X I-Skill
a DT X I-Skill
portfolio NN X I-Skill
of IN X I-Skill
committed JJ X I-Skill
customers NNS X I-Skill
in IN X O
the DT X O
Liverpool NNP X O
, , X O
Manchester NNP X O
, , X O
Leeds NNP X O
and CC X O
Sheffield NNP X O
areas NNS X O
. . X O
Contact NN X O

details NNS X O
can MD X O
be VB X O
found VBN X O
on IN X O
the DT X O
Ruth NNP X O
Moran NNP X O
Consulting NNP X O
website NN X O
. . X O
a DT X O

**** NN X O
strong JJ X O
inhouse NN X O
marketing NN X O
team NN X O
is VBZ X O
seeking VBG X O
a DT X O
bright JJ X B-Skill
, , X O
enthusiastic JJ X B-Skill
business NN X B-Occupation
/ NN X I-Occupation
marketing NN X I-Occupation
Project NNP X I-Occupation
manager NN X I-Occupation
to TO X O
act VB X B-Skill
as IN X I-Skill
the DT X I-Skill
link NN X I-Skill
between IN X I-Skill
the DT X I-Skill
business NN X I-Skill
and CC X I-Skill
the DT X I-Skill
creative JJ X I-Skill
team NN X I-Skill
. . X O
Interface NN X B-Skill

with IN X I-Skill
the DT X I-Skill
test NN X I-Skill
team NN X I-Skill
for IN X I-Skill
a DT X I-Skill
proper JJ X I-Skill
test NN X I-Skill
schedule NN X I-Skill
. . X O
Desirable JJ X O

Knowledge NNP X O
of IN X O
the DT X O
telecoms NNS X B-Domain
and CC X O
media NNS X B-Domain
industries NNS X I-Domain
Masters NNP X B-Qualification
degree VBP X I-Qualification
in IN X O
applicable JJ X O
subject NN X O
Established VBN X O

in IN X O
1990 CD X O
, , X O
we PRP X O
' '' X O
ve NN X O
developed VBD X O
a DT X O
strong JJ X O
brand NN X O
, , X O
synonymous JJ X O
with IN X O
graduate JJ X O
sales NNS X O
recruitment NN X O
and CC X O
sales NNS X O
training NN X O
. . X O
Also RB X O

for IN X O
the DT X O
production NN X B-Skill
and CC X I-Skill
distribution NN X I-Skill
of IN X I-Skill
worldclass NN X I-Skill
bulliongrade NN X I-Skill
gold NN X I-Skill
and CC X I-Skill
silver NN X I-Skill
coins NNS X I-Skill
for IN X I-Skill
the DT X I-Skill
global JJ X I-Skill
investment NN X I-Skill
market NN X I-Skill
, , X I-Skill
trading VBG X I-Skill
with IN X I-Skill
banks NNS X I-Skill
and CC X I-Skill
distributors NNS X I-Skill
IT NNP X B-Skill

competency NN X I-Skill
, , X O
including VBG X O
Word NNP X B-Skill
, , X O
Excel NNP X B-Skill
and CC X O
Outlook NNP X B-Skill
or CC X O
similar JJ X O
, , X O
with IN X O
the DT X O
ability NN X B-Skill
to TO X I-Skill
learn VB X I-Skill
the DT X I-Skill
client NN X I-Skill
' POS X I-Skill
s JJ X I-Skill
application NN X I-Skill
and CC X I-Skill
system NN X I-Skill
software NN X I-Skill
. . X O
o RB X O

Be NNP X O
able JJ X B-Skill
to TO X I-Skill
travel VB X I-Skill
abroad RB X I-Skill
, , X O
typically RB X O
a DT X O
few JJ X O
days NNS X O
to TO X O
2 CD X O
weeks NNS X O
, , X O
but CC X O
on IN X O
rare JJ X O
occasions NNS X O
could MD X O
be VB X O
longer JJR X O
. . X O
Interaction NN X B-Skill

with IN X I-Skill
lead NN X I-Skill
customers NNS X I-Skill
driving VBG X I-Skill
requirements NNS X I-Skill
will MD X O
also RB X O
be VB X O
part NN X O
of IN X O
the DT X O
job NN X O
. . X O
Ensure NN X B-Skill

that IN X I-Skill
all DT X I-Skill
equipment NN X I-Skill
is VBZ X I-Skill
used VBN X I-Skill
in IN X I-Skill
a DT X I-Skill
safe JJ X I-Skill
, , X I-Skill
effective JJ X I-Skill
and CC X I-Skill
efficient JJ X I-Skill
manner NN X I-Skill
and CC X I-Skill
is VBZ X I-Skill
checked VBN X I-Skill
on IN X I-Skill
a DT X I-Skill
regular JJ X I-Skill
basis NN X I-Skill
. . X O
Provide NNP X O

detailed VBD X B-Skill
support NN X I-Skill
and CC X I-Skill
assistance NN X I-Skill
to TO X I-Skill
the DT X I-Skill
project NN X I-Skill
in IN X O
order NN X O
to TO X O
enable VB X O
the DT X O
team NN X O
to TO X O
monitor VB X B-Skill
pinchpoints NNS X I-Skill
on IN X I-Skill
the DT X I-Skill
critical JJ X I-Skill
path NN X I-Skill
and CC X O
test NN X B-Skill
and CC X O
change NN X B-Skill
logic NN X I-Skill
where WRB X O
previously RB X O
agreed VBN X O
to TO X O
either DT X O
improve VB X B-Skill
upon IN X I-Skill
the DT X I-Skill
baseline NN X I-Skill
programme NN X I-Skill
or CC X O
to TO X O
mitigate VB X B-Skill
potential JJ X I-Skill
delays NNS X I-Skill
. . X O
adref NN X O

Byddwch NNP X O
wedi NN X O
cael NN X O
addysg NN X O
hyd NN X O
at IN X O
lefel JJ X O
gradd NN X O
neu JJ X O
gymhwyster NN X O
cyfwerth NN X O
. . X O
It PRP X O

is VBZ X O
essential JJ X O
that IN X O
you PRP X O
have VBP X O
experience VBN X O
in IN X O
people NNS X B-Skill
management NN X I-Skill
and CC X O
Chartership NNP X B-Qualification
in IN X I-Qualification
Quality NNP X I-Qualification
or CC X I-Qualification
Engineering NNP X I-Qualification
is VBZ X O
a DT X O
MUST NNP X O
. . X O
Assist NN X B-Skill

in IN X I-Skill
the DT X I-Skill
preparation NN X I-Skill
and CC X I-Skill
monitoring NN X I-Skill
of IN X I-Skill
4 CD X I-Skill
weekly JJ X I-Skill
programmes NNS X I-Skill
in IN X I-Skill
conjunction NN X I-Skill
with IN X I-Skill
the DT X I-Skill
section NN X I-Skill
engineer NN X I-Skill
. . X O
This DT X O

agency NN X O
has VBZ X O
a DT X O
really RB X O
nice JJ X O
culture NN X O
which WDT X O
is VBZ X O
hardworking VBG X O
and CC X O
results NNS X O
driven RB X O
but CC X O
relaxed JJ X O
and CC X O
very RB X O
sociable JJ X O
. . X O
We PRP X O

at IN X O
Viamii NNP X O
take VB X O
time NN X O
to TO X O
understand VB X O
your PRP$ X O
needs NNS X O
and CC X O
get VB X O
to TO X O
the DT X O
heart NN X O
of IN X O
what WP X O
' '' X O
s JJ X O
right NN X O
for IN X O
you PRP X O
; : X O
whether IN X O
it PRP X O
' '' X O
s VBZ X O
the DT X O
next JJ X O
allimportant JJ X O
step NN X O
in IN X O
your PRP$ X O
career NN X O
, , X O
that IN X O
crucial JJ X O
hire NN X O
for IN X O
your PRP$ X O
business NN X O
or CC X O
a DT X O
training NN X O
gap NN X O
which WDT X O
could MD X O
forward VB X O
your PRP$ X O
results NNS X O
Our PRP$ X O

Vision NN X O
People NNP X O
s VBP X O
health NN X O
is VBZ X O
the DT X O
focus NN X O
of IN X O
our PRP$ X O
entrepreneurial JJ X O
business NN X O
activities NNS X O
in IN X O
Europe NNP X O
and CC X O
everywhere RB X O
, , X O
today NN X O
and CC X O
in IN X O
the DT X O
past JJ X O
since IN X O
Excellent JJ X O

administrative JJ X B-Skill
skills NNS X I-Skill
with IN X I-Skill
excellent JJ X I-Skill
attention NN X I-Skill
to TO X I-Skill
detail NN X I-Skill
; : X O
Professional NNP X B-Skill
written VBN X I-Skill
and CC X I-Skill
verbal JJ X I-Skill
communications NNS X I-Skill
skills NNS X I-Skill
; : X I-Skill
Have VBP X I-Skill
the DT X I-Skill
ability NN X I-Skill
to TO X I-Skill
read VB X I-Skill
drawings NNS X I-Skill
and CC X I-Skill
understand JJ X I-Skill
bills NNS X I-Skill
of IN X I-Skill
quantities NNS X I-Skill
; : X O
Be NNP X O
computer NN X B-Skill
literate NN X I-Skill
with IN X I-Skill
knowledge NN X I-Skill
of IN X I-Skill
Excel NNP X I-Skill
; : X I-Skill
Basic NNP X I-Skill
knowledge NN X I-Skill
of IN X I-Skill
sanity NN X I-Skill
ware NN X I-Skill
and CC X I-Skill
brass NN X I-Skill
ware NN X I-Skill
is VBZ X I-Skill
desirable JJ X I-Skill
but CC X O
training NN X O
will MD X O
be VB X O
given VBN X O
. . X O
Additionally RB X O

you PRP X O
will MD X O
be VB X O
polite JJ X B-Skill
, , X O
tenacious JJ X B-Skill
and CC X O
challenging VBG X B-Skill
in IN X O
establishing VBG X B-Skill
the DT X I-Skill
need NN X I-Skill
for IN X I-Skill
costly JJ X I-Skill
engineer NN X I-Skill
service NN X I-Skill
visits NNS X I-Skill
from IN X I-Skill
external JJ X I-Skill
suppliers NNS X I-Skill
when WRB X I-Skill
receiving NN X I-Skill
and CC X I-Skill
processing VBG X I-Skill
calls NNS X I-Skill
from IN X I-Skill
managers NNS X I-Skill
and CC X I-Skill
supervisors NNS X I-Skill
in IN X I-Skill
the DT X I-Skill
field NN X I-Skill
. . X O
You PRP X O

can MD X O
write VB X B-Skill
effective JJ X I-Skill
reports NNS X I-Skill
and CC X O
make VB X B-Skill
convincing NN X I-Skill
seniorlevel NN X I-Skill
presentations NNS X I-Skill
, , X O
always RB X O
maintaining VBG X B-Skill
high JJ X I-Skill
standards NNS X I-Skill
of IN X I-Skill
accuracy NN X I-Skill
and CC X I-Skill
numeracy NN X I-Skill
. . X O
For IN X O

most JJS X O
projects NNS X O
, , X O
a DT X O
checkin NN X O
of IN X O
code NN X B-Skill
triggers NNS X I-Skill
automated VBD X I-Skill
compilation NN X I-Skill
, , X O
unit NN X B-Skill
testing NN X I-Skill
and CC X O
code NN X B-Skill
analysis NN X I-Skill
. . X O
Key NNP X O

Responsibilities NNP X O
Ensure NNP X B-Skill
vehicle NN X I-Skill
faults NNS X I-Skill
are VBP X I-Skill
diagnosed VBN X I-Skill
and CC X I-Skill
rectified VBN X I-Skill
. . X O
A DT X O

truly NN X O
unique JJ X O
luxury NN X O
hotel NN X O
, , X O
surrounded VBN X O
by IN X O
some DT X O
of IN X O
the DT X O
most RBS X O
beautiful JJ X O
scenery NN X O
that IN X O
Scotland NNP X O
can MD X O
offer VB X O
has VBZ X O
a DT X O
once RB X O
in IN X O
a DT X O
lifetime NN X O
opportunity NN X O
to TO X O
be VB X O
at IN X O
the DT X O
heart NN X O
of IN X O
the DT X O
business NN X O
and CC X O
it PRP X O
s VBD X O
continued JJ X O
success NN X O
. . X O
Identify NNP X B-Skill

common JJ X I-Skill
failures NNS X I-Skill
via IN X I-Skill
numerous JJ X I-Skill
software NN X I-Skill
platforms NNS X I-Skill
through IN X O
to TO X O
identifying VBG X B-Skill
and CC X I-Skill
implementing VBG X I-Skill
energy NN X I-Skill
saving VBG X I-Skill
initiatives NNS X I-Skill
in IN X O
order NN X O
to TO X O
drive VB X O
down RP X O
the DT X O
energy NN X O
consumption NN X O
across IN X O
our PRP$ X O
customer NN X O
portfolio NN X O
. . X O
Keywords NNS X O

: : X O
Research NNP X B-Domain
, , X O
User NNP X B-Domain
Research NNP X I-Domain
, , X O
UX NNP X B-Domain
Research NNP X I-Domain
, , X O
Usability NNP X B-Domain
, , X O
User NNP X B-Domain
test NN X I-Domain
, , X O
UX NNP X B-Domain
Design NNP X I-Domain
, , X O
Persona NNP X B-Domain
, , X O
Focus NNP X B-Domain
group NN X I-Domain
, , X O
London NNP X O
UX NNP X B-Domain
jobs NNS X O
from IN X O
IC NNP X O
Creative NNP X O
providing VBG X O
a DT X O
quality JJ X O
selection NN X O
of IN X O
the DT X O
market NN X B-Domain
s NN X O
Our PRP$ X O

client NN X O
a DT X O
leading VBG X O
further JJ X O
education NN X O
organisation NN X O
seeks VBZ X O
an DT X O
experienced JJ X B-Skill
chief NN X B-Occupation
engineer NN X I-Occupation
to TO X O
oversee VB X O
Alliance NNP X O

Consulting NNP X O
is VBZ X O
acting VBG X O
as IN X O
an DT X O
employment NN X O
agency NN X O
in IN X O
this DT X O
respect NN X O
. . X O
Our PRP$ X O

client NN X O
is VBZ X O
an DT X O
international JJ X O
group NN X O
risk NN X O
/ VBP X O
employee NN X O
benefits NNS X O
specialist NN X O
and CC X O
one CD X O
of IN X O
the DT X O
largest JJS X O
companies NNS X O
of IN X O
its PRP$ X O
type NN X O
in IN X O
the DT X O
world NN X O
. . X O
Our PRP$ X O

London NNP X O
based VBN X O
Client NNP X O
id NN X O
seeking VBG X O
a DT X O
New NNP X B-Occupation
Business NNP X I-Occupation
Sales NNS X I-Occupation
Executive NNP X I-Occupation
, , X O
the DT X O
successful JJ X O
candidate NN X O
will MD X O
focus VB X O
on IN X O
bringing VBG X B-Skill
on IN X I-Skill
new JJ X I-Skill
clients NNS X I-Skill
Basic JJ X O

technical JJ X B-Skill
knowledge NN X I-Skill
of IN X I-Skill
the DT X I-Skill
detail NN X I-Skill
of IN X I-Skill
FSA NNP X I-Skill
regulations NNS X I-Skill
as IN X O
they PRP X O
pertain VBP X O
to TO X O
insurance NN X O
intermediaries NNS X O
. . X O
I PRP X O

am VBP X O
currently RB X O
looking VBG X O
for IN X O
a DT X O
MFD NNP X B-Occupation
field NN X I-Occupation
service NN X I-Occupation
engineer NN X I-Occupation
for IN X O
a DT X O
permanent JJ X O
opportunity NN X O
covering VBG X O
the DT X O
Midlands NNPS X O
and CC X O
the DT X O
South NNP X O
. . X O
High JJ X O

Peak NNP X O
Lodge NNP X O
provides VBZ X O
expert JJ X O
nursing NN X B-Skill
care NN X I-Skill
for IN X O
people NNS X O
with IN X O
physical JJ X O
disability NN X O
and CC X O
terminal JJ X O
illness NN X O
, , X O
as RB X O
well RB X O
as IN X O
palliative JJ X B-Skill
care NN X I-Skill
and CC X O
respite NN X B-Skill
care NN X I-Skill
. . X O
Our PRP$ X O

client NN X O
is VBZ X O
an DT X O
established VBN X O
and CC X O
highly RB X O
regarded JJ X O
multidisciplined VBD X O
design NN X O
agency NN X O
working VBG X O
primarily RB X O
within IN X O
the DT X O
property NN X B-Domain
industry NN X I-Domain
. . X O
Are NNP X O

you PRP X O
an DT X O
experienced JJ X B-Experience
Primary NNP X I-Experience
Teacher NNP X I-Experience
looking VBG X O
for IN X O
a DT X O
Key NNP X O
Stage NN X O
**** RB X O

013 CD X O
, , X O
meaning VBG X O
this DT X O
short JJ X O
contract NN X O
will MD X O
lead VB X O
to TO X O
further JJ X O
opportunities NNS X O
for IN X O
the DT X O
right JJ X O
person NN X O
. . X O
You PRP X O

will MD X O
take VB X O
responsibility NN X O
for IN X O
software NN X B-Skill
development NN X I-Skill
within IN X O
our PRP$ X O
product NN X O
range NN X O
with IN X O
a DT X O
focus NN X B-Skill
on IN X I-Skill
the DT X I-Skill
application NN X I-Skill
side NN X I-Skill
of IN X I-Skill
electronics NNS X I-Skill
. . X O
CRM NNP X B-Occupation

Trainer NNP X I-Occupation
currently RB X O
required VBD X O
for IN X O
a DT X O
New NNP X O
Contract NNP X O
role NN X O
within IN X O
a DT X O
London NNP X O
based VBN X O
Tier NNP X O
One NNP X O
Investment NNP X O
Bank NNP X O
. . X O
Experience NN X B-Skill

of IN X O
working VBG X O
in IN X O
a DT X O
corporate JJ X B-Skill
finance NN X I-Skill
or CC X I-Skill
project NN X I-Skill
finance NN X I-Skill
environment NN X I-Skill
, , X O
with IN X O
the DT X O
ability NN X B-Skill
to TO X O
interpret VB X B-Skill
complex JJ X I-Skill
contracts NNS X I-Skill
and CC X I-Skill
payment NN X I-Skill
mechanisms NNS X I-Skill
. . X O
We PRP X O

are VBP X O
committed VBN X O
to TO X O
safeguarding VBG X O
and CC X O
promoting VBG X O
the DT X O
welfare NN X O
of IN X O
the DT X O
people NNS X O
we PRP X O
support VBP X O
. . X O
as IN X O

part NN X O
of IN X O
a DT X O
team NN X O
Ability NNP X O
to TO X O
communicate VB X B-Skill
effectively RB X O
Must NNP X O
have VBP X O
an DT X O
active JJ X O
NMC NNP X B-Qualification
Pin NNP X I-Qualification
Number NNP X I-Qualification
Must NNP X O
be VB X O
able JJ X O
to TO X O
complete VB X O
The DT X O

successful JJ X O
applicant NN X O
MUST NNP X O
have VBP X O
extensive JJ X O
experience NN X O
of IN X O
working VBG X B-Skill
with IN X I-Skill
the DT X I-Skill
eStart JJ X I-Skill
program NN X I-Skill
so IN X O
a DT X O
background NN X O
of IN X O
working VBG X B-Skill
in IN X I-Skill
a DT X I-Skill
children NNS X I-Skill
s NN X I-Skill
centre NN X I-Skill
would MD X O
be VB X O
highly RB X O
beneficial JJ X O
A DT X O

brilliant JJ X O
opportunity NN X O
has VBZ X O
arisen VBN X O
for IN X O
a DT X O
Senior NNP X B-Occupation
Account NNP X I-Occupation
Manager NNP X I-Occupation
to TO X O
join VB X O
a DT X O
very RB X O
successful JJ X O
PR NNP X O
consultancy NN X O
based VBN X O
in IN X O
a DT X O
prime JJ X O
location NN X O
in IN X O
the DT X O
heart NN X O
of IN X O
Manchester NNP X O
. . X O
As IN X O

you PRP X O
will MD X O
be VB X O
running VBG X O
a DT X O
team NN X O
some DT X O
experience NN X O
of IN X O
people NNS X B-Skill
management NN X I-Skill
will MD X O
be VB X O
useful JJ X O
. . X O
This DT X O

role NN X O
will MD X O
offer VB X O
the DT X O
right JJ X O
PHP NNP X B-Occupation
Developer NNP X I-Occupation
a DT X O
fantastic JJ X O
opportunity NN X O
to TO X O
work VB X B-Skill
as IN X I-Skill
part NN X I-Skill
of IN X I-Skill
an DT X I-Skill
exciting NN X I-Skill
, , X I-Skill
growing VBG X I-Skill
business NN X I-Skill
and CC X O
will MD X O
enable VB X O
them PRP X O
to TO X O
gain VB X O
a DT X O
wide JJ X O
range NN X O
of IN X O
development NN X B-Skill
experience NN X B-Experience
on IN X O
a DT X B-Skill
portfolio NN X I-Skill
of IN X I-Skill
different JJ X I-Skill
projects NNS X I-Skill
. . X O
Lotus NNP X B-Skill

notes NNS X I-Skill
Valid NNP X B-Qualification
driving VBG X I-Qualification
licence NN X I-Qualification
Criminal NNP X I-Qualification
Record NNP X I-Qualification
Check NNP X I-Qualification
is VBZ X O
required VBN X O
and CC X O
5 CD X O
years NNS X O
of IN X O
uninterrupted JJ X O
references NNS X O
This DT X O

role NN X O
will MD X O
suit VB X O
a DT X O
technically RB X O
strong JJ X O
candidate NN X O
, , X O
confident NN X O
in IN X O
managing VBG X B-Skill
clients NNS X I-Skill
and CC X I-Skill
junior JJ X I-Skill
staff NN X I-Skill
and CC X I-Skill
with IN X I-Skill
an DT X I-Skill
interest NN X I-Skill
in IN X I-Skill
Practice NNP X I-Skill
development NN X I-Skill
for IN X I-Skill
the DT X I-Skill
longer JJR X I-Skill
term NN X I-Skill
. . X O
We PRP X O

are VBP X O
looking VBG X O
to TO X O
appoint VB X O
a DT X O
teacher NN X B-Occupation
of IN X I-Occupation
English NNP X I-Occupation
in IN X O
a DT X O
diverse JJ X O
school NN X O
in IN X O
the DT X O
wonderful JJ X O
country NN X O
of IN X O
Qatar NNP X O
of IN X O
which WDT X O
the DT X O
student NN X O
population NN X O
is VBZ X O
a DT X O
mix NN X O
of IN X O
local JJ X O
and CC X O
international JJ X O
pupils NNS X O
. . X O
Our PRP$ X O

client NN X O
, , X O
a DT X O
leading VBG X O
business NN X O
within IN X O
its PRP$ X O
field NN X O
offers VBZ X O
an DT X O
exciting JJ X O
opportunity NN X O
for IN X O
a DT X O
Marketing NNP X B-Occupation
Planner NNP X I-Occupation
to TO X O
join VB X O
its PRP$ X O
dedicated VBN X O
team NN X O
based VBN X O
in IN X O
Northampton NNP X O
. . X O
All DT X O

round VBD X O
The DT X O
suitable JJ X O
candidate NN X O
will MD X O
have VB X O
experience NN X B-Skill
with IN X I-Skill
proposal NN X I-Skill
writing NN X I-Skill
, , X I-Skill
operations NNS X I-Skill
pre VBP X I-Skill
, , X I-Skill
onsite JJ X I-Skill
and CC X I-Skill
post JJ X I-Skill
event NN X I-Skill
and CC X I-Skill
finance NN X I-Skill
for IN X O
both DT X O
UK NNP X O
and CC X O
overseas JJ X O
events NNS X O
. . X O
You PRP X O

will MD X O
need VB X O
excellent JJ X O
written VBN X B-Skill
and CC X I-Skill
verbal JJ X I-Skill
communication NN X I-Skill
skills NNS X O
to TO X O
carry VB X O
out RP X O
this DT X O
role NN X O
to TO X O
the DT X O
level NN X O
required VBN X O
. . X O
Prepare VB X B-Skill

the DT X I-Skill
conference NN X I-Skill
room NN X I-Skill
for IN X I-Skill
meetings NNS X I-Skill
as IN X I-Skill
necessary JJ X I-Skill
and CC X I-Skill
for IN X I-Skill
the DT X I-Skill
tidying NN X I-Skill
and CC X I-Skill
clearance NN X I-Skill
of IN X I-Skill
the DT X I-Skill
room NN X I-Skill
at IN X I-Skill
the DT X I-Skill
end NN X I-Skill
of IN X I-Skill
the DT X I-Skill
meeting NN X I-Skill
, , X O
if IN X O
no DT X O
office NN X O
assistant NN X O
is VBZ X O
available JJ X O
. . X O
We PRP X O

are VBP X O
looking VBG X O
for IN X O
a DT X O
MINIMUM NNP X B-Experience
of IN X I-Experience
2 CD X I-Experience
years NNS X I-Experience
management NN X B-Skill
and CC X O
hold VB X O
your PRP$ X O
RMA NNP X B-Qualification
or CC X I-Qualification
NVQ NNP X I-Qualification
Level NNP X I-Qualification
4 CD X I-Qualification
or CC X I-Qualification
an DT X I-Qualification
equivalent JJ X I-Qualification
management NN X I-Qualification
certificate NN X I-Qualification
. . X O
Our PRP$ X O

people NNS X O
are VBP X O
journalistic JJ X B-Skill
, , X O
analytical JJ X B-Skill
, , X O
objective JJ X B-Skill
, , X O
connected VBN X B-Skill
and CC X O
persistent JJ X B-Skill
. . X O
In IN X O

exchange NN X O
for IN X O
your PRP$ X O
commitment NN X O
, , X O
we PRP X O
offer VBP X O
: : X O
mso NN X O
fareast VBD X O
fontfamily RB X O
: : X O
Calibri NNP X O
; : X O
mso CC X O
fareast JJ X O
themefont NN X O
: : X O
minorlatin NN X O
; : X O
Our PRP$ X O

client NN X O
is VBZ X O
looking VBG X O
to TO X O
recruit VB X O
an DT X O
experienced JJ X B-Skill
Sales NNS X B-Occupation
Purchase NNP X I-Occupation
ledger NN X I-Occupation
clerk NN X I-Occupation
. . X O
With IN X O

products NNS X O
this DT X O
good JJ X O
, , X O
you PRP X O
can MD X O
t VB X O
miss JJ X O
Santander NNP X O
is VBZ X O
one CD X O
of IN X O
the DT X O
world NN X O
s NN X O
largest JJS X O
banking NN X O
groups NNS X O
, , X O
with IN X O
the DT X O
confidence NN X O
that WDT X O
comes VBZ X O
with IN X O
knowing VBG X O
you PRP X O
re VBP X O
working VBG X O
with IN X O
a DT X O
UK JJ X O
leader NN X O
and CC X O
second JJ X O
largest JJS X O
provider NN X O
of IN X O
mortgages NNS X O
you PRP X O
ll VBP X O
be VB X O
joining VBG X O
a DT X O
global JJ X O
bank NN X O
with IN X O
over IN X O
150 CD X O
years NNS X O
of IN X O
banking NN X O
experience NN X O
. . X O
Most JJS X O

of IN X O
the DT X O
current JJ X O
team NN X O
have VBP X O
strong JJ X O
academic JJ X O
records NNS X O
A DT X O

Personal JJ X B-Qualification
Licence NN X I-Qualification
is VBZ X O
required VBN X O
to TO X O
apply VB X O
for IN X O
this DT X O
role NN X O
and CC X O
you PRP X O
must MD X O
also RB X O
be VB X O
eligible JJ X O
to TO X O
live VB X O
and CC X O
work VB X O
in IN X O
the DT X O
UK NNP X O
. . X O
Excellent JJ X O

grasp NN X O
of IN X O
Java NNP X B-Skill
Demonstratable NNP X O
experience NN X B-Skill
of IN X I-Skill
architecting VBG X I-Skill
application NN X I-Skill
RESTful NNP X I-Skill
APIs NNP X I-Skill
for IN X I-Skill
apps JJ X I-Skill
Knowledge NNP X I-Skill
of IN X I-Skill
analytics NNS X I-Skill
, , X I-Skill
allowing VBG X I-Skill
you PRP X I-Skill
to TO X I-Skill
measure VB X I-Skill
user JJ X I-Skill
interaction NN X I-Skill
with IN X I-Skill
your PRP$ X I-Skill
apps NN X I-Skill
Strong NNP X O
background NN X B-Skill
and CC X I-Skill
knowledge NN X I-Skill
of IN X I-Skill
Agile NNP X I-Skill
practises NNS X I-Skill
and CC X I-Skill
methodologies NNS X I-Skill
. . X O
We PRP X O

are VBP X O
actively RB X O
searching VBG X O
for IN X O
a DT X B-Occupation
Land NNP X I-Occupation
Manager NNP X I-Occupation
who WP X O
has VBZ X O
previous JJ X O
experience NN X B-Skill
working VBG X I-Skill
for IN X I-Skill
a DT X I-Skill
residential JJ X I-Skill
developer NN X I-Skill
. . X O
Measure NN X B-Skill

and CC X I-Skill
monthly JJ X I-Skill
reporting NN X I-Skill
to TO X I-Skill
company NN X I-Skill
manager NN X I-Skill
on IN X I-Skill
marketing NN X I-Skill
results NNS X I-Skill
and CC X I-Skill
challenges NNS X I-Skill
. . X O
Good JJ X O

verbal NN X B-Skill
and CC X O
written VBN X B-Skill
communication NN X I-Skill
skills NNS X I-Skill
Motivated VBN X I-Skill
and CC X O
able JJ X B-Skill
to TO X I-Skill
motivate VB X I-Skill
others NNS X I-Skill
An DT X O

engineering NN X O
consultancy NN X O
based VBN X O
in IN X O
the DT X O
Kingdom NNP X O
of IN X O
Saudi NNP X O
Arabia NNP X O
with IN X O
clients NNS X O
across IN X O
the DT X O
Middle NNP X O
East NNP X O
. . X O
Flame NNP X O

Health NNP X O
Associates NNP X O
LLP NNP X O
operates VBZ X O
as IN X O
an DT X O
Employment NNP X B-Domain
Agency NNP X O
& CC X O
Employment NNP X B-Domain
Business NNP X O
**** JJ X O

day NN X O
working VBG X O
weekYour JJ X O
application NN X O
will MD X O
be VB X O
reviewed VBN X O
by IN X O
Michael NNP X O
Page NNP X O
. . X O
As IN X O

Production NNP X B-Occupation
Supervisor NNP X I-Occupation
, , X O
you PRP X O
will MD X O
also RB X O
carry VB X O
out RP X O
the DT X O
following NN X O
: : X O
. . X O
Through IN X O

getting VBG X B-Skill
to TO X I-Skill
know VB X I-Skill
your PRP$ X I-Skill
customer NN X I-Skill
and CC X I-Skill
identifying VBG X I-Skill
their PRP$ X I-Skill
needs NNS X I-Skill
you PRP X O
ll VBP X O
be VB X O
helping VBG X O
them PRP X O
choose VB X O
the DT X O
products NNS X O
that WDT X O
are VBP X O
right JJ X O
for IN X O
them PRP X O
whilst VBP X O
identifying VBG X B-Skill
potential JJ X I-Skill
cross NN X I-Skill
sale NN X I-Skill
opportunities NNS X I-Skill
. . X O
Due JJ X O

to TO X O
continued JJ X O
growth NN X O
, , X O
a DT X O
vacancy NN X O
has VBZ X O
arisen VBN X O
for IN X O
a DT X O
VAT NNP X B-Occupation
specialist NN X I-Occupation
to TO X O
join VB X O
the DT X O
business NN X O
. . X O
To TO X O

find VB X O
out RP X O
more RBR X O
about IN X O
the DT X O
exciting JJ X O
developments NNS X O
happening VBG X O
at IN X O
Coventry NNP X O
University NNP X O
, , X O
the DT X O
positions NNS X O
available JJ X O
or CC X O
to TO X O
apply VB X O
please JJ X O
visit NN X O
www NN X O
. . X O
coventry NN X O
. . X O
ac NN X O
. . X O
uk JJ X O
/ JJ X O
vacancies NNS X O
. . X O
Strong JJ X O

Analytical NNP X B-Skill
Client NNP X I-Skill
facing VBG X I-Skill
skills NNS X I-Skill
Working VBG X O
knowledge NN X B-Skill
of IN X I-Skill
agile JJ X I-Skill
working VBG X I-Skill
practices NNS X I-Skill
You PRP X O

ll VBP X O
use VB X O
your PRP$ X O
people NNS X B-Skill
skills NNS X I-Skill
to TO X O
connect VB X B-Skill
with IN X I-Skill
customers NNS X I-Skill
over IN X I-Skill
the DT X I-Skill
phone NN X I-Skill
, , X O
and CC X O
your PRP$ X O
ability NN X B-Skill
to TO X I-Skill
spot VB X I-Skill
opportunities NNS X I-Skill
to TO X I-Skill
recommend VB X I-Skill
new JJ X I-Skill
products NNS X I-Skill
. . X O
Desirable JJ X O

skills NNS X O
include VBP X O
experience NN X O
of IN X O
Rockwell NNP X B-Skill
Contrologix NNP X I-Skill
PLC NNP X I-Skill
s NN X O
and CC X O
/ NN X O
or CC X O
Moore NNP X B-Skill
/ NNP X I-Skill
Siemens NNP X I-Skill
APACS NNP X I-Skill
DCS NNP X I-Skill
, , X O
VB NNP X B-Skill
, , X O
VBA NNP X B-Skill
, , X O
C NNP X B-Skill
++, NNP X O
SQL NNP X B-Skill
database NN X I-Skill
. . X O
We PRP X O

are VBP X O
an DT X O
employment NN X B-Domain
business NN X I-Domain
and CC X O
an DT X O
employment NN X B-Domain
agency NN X I-Domain
as IN X O
defined VBN X O
within IN X O
the DT X O
Conduct NNP X O
of IN X O
Employment NNP X O
Agencies NNPS X O
and CC X O
Employment NNP X O
Business NNP X O
Regulations NNS X O
If IN X O

you PRP X O
are VBP X O
a DT X O
success NN X B-Skill
driven VBN X I-Skill
Restaurant NNP X B-Occupation
General NNP X I-Occupation
Manager NNP X I-Occupation
who WP X O
wants VBZ X O
to TO X O
make VB X O
a DT X O
long JJ X O
term NN X O
career NN X O
move NN X O
then RB X O
this DT X O
is VBZ X O
an DT X O
ideal JJ X O
opportunity NN X O
to TO X O
join VB X O
this DT X O
vibrant NN X O
and CC X O
exciting JJ X O
brand NN X O
. . X O
Ideally RB X O

, , X O
you PRP X O
will MD X O
be VB X O
an DT X O
existing VBG X O
Branch NN X B-Occupation
Manager NNP X I-Occupation
/ NNP X O
Store NNP X B-Occupation
Manager NNP X I-Occupation
/ NNP X O
Retail NNP X B-Occupation
Manager NNP X I-Occupation
working VBG X O
for IN X O
a DT X O
merchant NN X O
in IN X O
the DT X O
construction NN X O
industry NN X O
. . X O
Test NNP X B-Occupation

Driven NNP X I-Occupation
Development NNP X I-Occupation
Software NNP X I-Occupation
documentation NN X I-Occupation
Requirements NNP X I-Occupation
engineering NN X I-Occupation
and CC X I-Occupation
management NN X I-Occupation
Experience NN X B-Skill
of IN X I-Skill
safety NN X I-Skill
related VBN X I-Skill
software NN X I-Skill
development NN X I-Skill
and CC X I-Skill
verification NN X I-Skill
including VBG X I-Skill
formal JJ X I-Skill
code NN X I-Skill
review NN X I-Skill
to TO X I-Skill
MISRA NNP X I-Skill
standards NNS X I-Skill
, , X I-Skill
DO NNP X I-Skill
**** NNP X I-Skill
B NNP X I-Skill
, , X I-Skill
TickIT NNP X I-Skill
, , X O
My PRP$ X O

client NN X O
is VBZ X O
looking VBG X O
to TO X O
recruit VB X O
a DT X O
Newly NNP X O
Qualified NNP X O
Solicitor NNP X B-Occupation
to TO X O
join VB X O
their PRP$ X O
in IN X O
house NN X O
Legal NNP X O
team NN X O
. . X O
You PRP X O

musst VBP X O
be VB X O
able JJ X O
to TO X O
hit VB X O
the DT X O
ground NN X O
running VBG X O
and CC X O
bring VB X O
fresh JJ X O
, , X O
innovative JJ X O
ideas NNS X O
and CC X O
attitude NN X O
to TO X O
the DT X O
team NN X O
. . X O
To TO X O

ensure VB X B-Skill
all DT X I-Skill
technical JJ X I-Skill
and CC X I-Skill
nontechnical JJ X I-Skill
documentation NN X I-Skill
is VBZ X I-Skill
uptodate JJ X I-Skill
The DT X O
essential JJ X O
skills NNS X O
experience NN X O
required VBN X O
are VBP X O
as IN X O
follows VBZ X O
: : X O
Strong JJ X O
customer NN X B-Skill
service NN X I-Skill
and CC X O
support NN X B-Skill
focus NN X I-Skill
with IN X O
a DT X O
desire NN X B-Skill
to TO X I-Skill
deliver VB X I-Skill
a DT X I-Skill
high JJ X I-Skill
quality NN X I-Skill
service NN X I-Skill
Experience NNP X I-Skill
in IN X I-Skill
an DT X I-Skill
application NN X I-Skill
support NN X I-Skill
role NN X I-Skill
Operational JJ X B-Skill

experience NN X I-Skill
in IN X I-Skill
maintenance NN X I-Skill
contracts NNS X I-Skill
, , X O
10 CD X B-Experience
years NNS X I-Experience
at IN X I-Experience
a DT X I-Experience
senior JJ X I-Experience
level NN X I-Experience
. . X O
You PRP X O

will MD X O
be VB X O
required VBN X O
to TO X O
be VB X O
responsible JJ X B-Skill
for IN X I-Skill
the DT X I-Skill
production NN X I-Skill
of IN X I-Skill
project NN X I-Skill
plans NNS X I-Skill
, , X I-Skill
reports NNS X I-Skill
, , X I-Skill
documentation NN X I-Skill
and CC X I-Skill
the DT X I-Skill
maintenance NN X I-Skill
of IN X I-Skill
all DT X I-Skill
issue NN X I-Skill
logs NNS X I-Skill
to TO X O
ensure VB X O
that DT X O
information NN X O
is VBZ X O
complete JJ X O
, , X O
accurate NN X O
and CC X O
up RB X O
to TO X O
date NN X O
. . X O
Our PRP$ X O

client NN X O
based VBN X O
in IN X O
Northampton NNP X O
are VBP X O
currently RB X O
seeking VBG X O
an DT X O
Office NNP X B-Occupation
Manager NNP X I-Occupation
/ NNP X O
PA NNP X B-Occupation
To TO X O
provide VB X B-Skill
the DT X I-Skill
full JJ X I-Skill
range NN X I-Skill
of IN X I-Skill
professional JJ X I-Skill
and CC X I-Skill
efficient JJ X I-Skill
secretarial JJ X I-Skill
services NNS X I-Skill
to TO X I-Skill
the DT X I-Skill
Management NNP X I-Skill
Team NNP X O
. . X O
Preferably RB X O

with IN X O
experience NN X O
of IN X O
new JJ X B-Skill
homes NNS X I-Skill
, , X O
new JJ X B-Skill
builds NNS X I-Skill
, , X O
marketing NN X B-Domain
and CC X O
providing VBG X O
a DT X O
high JJ X B-Domain
quality NN X I-Domain
care NN X I-Domain
serviceApply RBR X O
immediately RB X O
with IN X O
full JJ X O
CV NNP X O
, , X O
or CC X O
call VB X O
Domus NNP X O
quoting VBG X O
reference NN X O
number NN X O
CLDR NNP X O
We PRP X O

are VBP X O
seeking VBG X O
to TO X O
employ VB X O
an DT X O
experienced JJ X B-Skill
sheet NN X B-Occupation
metalworker NN X I-Occupation
who WP X O
wishes VBZ X O
a DT X O
change NN X O
of IN X O
employment NN X O
, , X O
i NN X O
. . X O
e NN X O
to TO X O
work VB X O
as IN X O
a DT X O
service NN X B-Occupation
engineer NN X I-Occupation
. . X O
We PRP X O

are VBP X O
looking VBG X O
for IN X O
a DT X O
team NN X O
focused VBD X O
Business NNP X B-Occupation
Travel NNP X I-Occupation
Consultant NNP X I-Occupation
who WP X O
wants VBZ X O
to TO X O
grow VB X O
their PRP$ X O
career NN X O
with IN X O
a DT X O
trusted JJ X O
and CC X O
very RB X O
successful JJ X O
Business NNP X B-Domain
Travel NNP X I-Domain
Management NNP X I-Domain
Company NNP X O
. . X O
**** JJ X O

kpa NN X O
Located VBN X O
in IN X O
West NNP X O
London NNP X O
and CC X O
commutable JJ X O
from IN X O
Southall NNP X O
, , X O
Brentford NNP X O
, , X O
Hounslow NNP X O
, , X O
Hayes NNP X O
or CC X O
Ealing NNP X O
and CC X O
surrounding VBG X O
areas NNS X O
. . X O
There EX X O

may MD X O
be VB X O
some DT X O
periods NNS X O
of IN X O
working VBG X O
on IN X O
the DT X O
client NN X O
s VBZ X O
site NN X O
surveying VBG X B-Skill
existing VBG X I-Skill
equipment NN X I-Skill
, , X O
and CC X O
installing NN X B-Skill
and CC X I-Skill
commissioning VBG X I-Skill
systems NNS X I-Skill
**** NN X O

basic JJ X O
salary JJ X O
22 CD X O
days NNS X O
holiday VBP X O
Additional NNP X O
company NN X O
benefits NNS X O
About IN X O
BMS NNP X O
Graduate NNP X O
Recruitment NNP X O
LLP NNP X O
: : X O
We PRP X O
focus VBP X O
on IN X O
helping VBG X O
future JJ X O
sales NNS X O
professionals NNS X O
to TO X O
find VB X O
graduate NN X O
jobs NNS X O
and CC X O
specifically RB X O
graduates NNS X O
sales NNS X O
jobs NNS X O
. . X O
We PRP X O

have VBP X O
vibrant JJ X O
offices NNS X O
in IN X O
Shoreditch NNP X O
, , X O
London NNP X O
and CC X O
offer VBP X O
an DT X O
exciting JJ X O
environment NN X O
in IN X O
a DT X O
fastpaced JJ X O
, , X O
fun NN X O
and CC X O
growing VBG X O
industry NN X B-Domain
. . X O
A DT X O

proven JJ X O
track NN X O
record NN X O
in IN X O
the DT X O
hands NNS X O
on IN X O
development NN X B-Skill
of IN X I-Skill
web JJ X I-Skill
solutions NNS X I-Skill
and CC X O
the DT X O
ability NN X O
to TO X O
demonstrate VB X O
technical JJ X B-Skill
credibility NN X I-Skill
and CC X O
capability NN X B-Skill
. . X O
Duties NNS X O

include VBP X O
, , X O
grass JJ X B-Skill
cutting NN X I-Skill
, , X O
hedge NN X B-Skill
trimming NN X I-Skill
, , X O
strimming VBG X B-Skill
, , X O
pruning VBG X B-Skill
and CC X O
bed JJ X B-Skill
work NN X I-Skill
. . X O
They PRP X O

are VBP X O
a DT X O
global JJ X O
operation NN X O
and CC X O
help NN X O
to TO X O
provide VB X B-Skill
a DT X I-Skill
service NN X I-Skill
which WDT X I-Skill
both DT X I-Skill
increases VBZ X I-Skill
the DT X I-Skill
quality NN X I-Skill
of IN X I-Skill
the DT X I-Skill
end NN X I-Skill
product NN X I-Skill
whilst NN X I-Skill
also RB X I-Skill
providing VBG X I-Skill
the DT X I-Skill
best JJS X I-Skill
possible JJ X I-Skill
nutrients NNS X I-Skill
for IN X I-Skill
the DT X I-Skill
animals NNS X I-Skill
. . X O
You PRP X O

must MD X O
have VB X O
the DT X O
ability NN X O
to TO X O
be VB X O
able JJ X O
to TO X O
teach VB X B-Skill
at IN X I-Skill
all DT X I-Skill
Key NNP X I-Skill
Stages NNP X I-Skill
would MD X O
be VB X O
highly RB X O
advantageous JJ X O
as IN X O
the DT X O
Curriculum NNP X O
Area NNP X O
currently RB X O
offers VBZ X O
a DT X O
wide JJ X O
range NN X O
of IN X O
Are NNP X O

you PRP X O
the DT X O
individual JJ X O
that IN X O
we PRP X O
are VBP X O
seeking VBG X O
to TO X O
join VB X O
our PRP$ X O
Key NNP X O
Category NNP X O
team NN X O
bringing VBG X O
your PRP$ X O
market NN X B-Skill
research NN X I-Skill
knowledge NN X O
and CC X O
insight JJ X O
expertise NN X O
to TO X O
enable VB X O
the DT X O
competitive JJ X O
edge NN X O
in IN X O
our PRP$ X O
commercial JJ X O
and CC X O
category JJ X O
vision NN X O
? . X O
An DT X O

ability NN X O
to TO X O
build VB X B-Skill
relationships NNS X I-Skill
internally RB X I-Skill
, , X O
keep VB X B-Skill
to TO X I-Skill
timescales NNS X I-Skill
and CC X I-Skill
budgets NNS X I-Skill
is VBZ X O
essential JJ X O
. . X O
MonFri NNP X O

8am4 CD X O
. . X O
30pm CD X O
, , X O
Saturday NNP X O
mornings NNS X O
on IN X O
a DT X O
rota NN X O
as IN X O
per NN X O
business NN X O
requirements NNS X O
Motor NNP X B-Skill
Trade NNP X I-Skill
experience NN X I-Skill
is VBZ X O
essential JJ X O
. . X O
As IN X O

a DT X O
B NNP X B-Occupation
Q NNP X I-Occupation
Trading NNP X I-Occupation
Manager NNP X I-Occupation
you PRP X O
will MD X O
run VB X B-Skill
your PRP$ X I-Skill
own JJ X I-Skill
' POS X I-Skill
Store NN X I-Skill
within IN X I-Skill
the DT X I-Skill
Store NNP X I-Skill
', MD X O
ensuring VBG X B-Skill
your PRP$ X I-Skill
department NN X I-Skill
delivers NNS X I-Skill
both DT X I-Skill
in IN X I-Skill
terms NNS X I-Skill
of IN X I-Skill
service NN X I-Skill
, , X I-Skill
product NN X I-Skill
and CC X I-Skill
profitability NN X I-Skill
through IN X I-Skill
effective JJ X I-Skill
team NN X I-Skill
management NN X I-Skill
. . X O
The DT X O

post NN X O
holder NN X O
will MD X O
be VB X O
expected VBN X O
to TO X O
have VB X O
the DT X O
following JJ X O
competencies NNS X O
: : X O
acting VBG X B-Skill
positively RB X I-Skill
behaving VBG X I-Skill
ethically RB X I-Skill
working VBG X I-Skill
in IN X I-Skill
a DT X I-Skill
team NN X I-Skill
able JJ X I-Skill
to TO X I-Skill
use VB X I-Skill
own JJ X I-Skill
initiative NN X I-Skill
striving NN X I-Skill
for IN X I-Skill
excellence NN X I-Skill
Job NNP X O

Level NNP X O
Overview NNP X O
Subject NNP X O
to TO X O
managerial JJ X O
direction NN X O
, , X O
the DT X O
Job NNP X O
Holder NNP X O
will MD X O
generally RB X O
be VB X O
subject JJ X O
to TO X O
broad JJ X O
practices NNS X O
and CC X O
procedures NNS X O
that WDT X O
are VBP X O
covered VBN X O
by IN X O
functional JJ X O
/ NN X O
business NN X O
precedents NNS X O
and CC X O
policies NNS X O
. . X O
We PRP X O

are VBP X O
very RB X O
excited JJ X O
to TO X O
be VB X O
recruiting VBG X O
for IN X O
a DT X O
brand NN X O
new JJ X O
concept NN X O
opening NN X O
in IN X O
New NNP X O
Market NNP X O
in IN X O
the DT X O
next JJ X O
few JJ X O
months NNS X O
. . X O
The DT X O

Food NNP X B-Occupation
Services NNP X I-Occupation
Manager NNP X I-Occupation
will MD X O
be VB X O
responsible JJ X B-Skill
for IN X I-Skill
all DT X I-Skill
Food NNP X I-Skill
and CC X I-Skill
Beverage NNP X I-Skill
aspects NNS X I-Skill
of IN X O
the DT X O
business NN X O
and CC X O
the DT X O
individuals NNS X O
that WDT X O
work VBP X O
within IN X O
it PRP X O
. . X O
Apply RB X O

now RB X O
to TO X O
find VB X O
out RP X O
more JJR X O
about IN X O
this DT X O
Assistant NNP X B-Occupation
Manager NNP X I-Occupation
role NN X O
This DT X O
job NN X O
was VBD X O
originally RB X O
posted VBN X O
as IN X O
www NN X O
. . X O
retailchoice NN X O
. . X O
com NN X O
/ IN X O
JobSeeking VBG X O
/ JJ X O
AssistantManager_job NNP X O
This DT X O

role NN X O
is VBZ X O
working VBG X O
for IN X O
an DT X O
award NN X O
winning VBG X O
importer NN X O
, , X O
processer NN X O
and CC X O
supplier NN X O
of IN X O
high JJ X O
quality NN X O
speciality NN X O
products NNS X O
. . X O
They PRP X O

are VBP X O
one CD X O
of IN X O
the DT X O
UK NNP X O
s NN X O
leading VBG X O
vehicle NN X B-Occupation
specialists NNS X I-Occupation
, , X O
offering VBG X O
a DT X O
comprehensive JJ X O
and CC X O
flexible JJ X O
portfolio NN X O
of IN X O
vehicle NN X B-Domain
finance NN X I-Domain
and CC X O
management NN X B-Skill
solutions NNS X I-Skill
. . X O
Please NNP X O

note NN X O
: : X O
our PRP$ X O
advertisements NNS X O
may MD X O
use VB X O
PQE NNP X B-Qualification
levels NNS X I-Qualification
purely RB X O
as IN X O
a DT X O
guide NN X O
, , X O
however RB X O
we PRP X O
would MD X O
be VB X O
happy JJ X O
to TO X O
consider VB X O
applications NNS X O
from IN X O
all DT X O
candidates NNS X O
who WP X O
can MD X O
demonstrate VB X O
the DT X O
skills NNS X O
needed VBN X O
to TO X O
perform VB X O
the DT X O
role NN X O
. . X O
The DT X O

Head NNP X B-Occupation
Chef NNP X I-Occupation
is VBZ X O
looking VBG X O
for IN X O
an DT X O
experienced JJ X O
Sous NNP X B-Occupation
Chef NNP X I-Occupation
to TO X O
support VB X B-Skill
him PRP X I-Skill
in IN X I-Skill
the DT X I-Skill
successfully RB X I-Skill
running NN X I-Skill
of IN X I-Skill
the DT X I-Skill
kitchen NN X I-Skill
. . X O
Ensure NN X B-Skill

timely JJ X I-Skill
completion NN X I-Skill
of IN X I-Skill
qualifications NNS X I-Skill
, , X O
develop VB X B-Skill
portfolios NNS X I-Skill
and CC X O
support VB X B-Skill
the DT X I-Skill
embedding NN X I-Skill
of IN X I-Skill
core NN X I-Skill
skills NNS X I-Skill
. . X O
Please NNP X O

send VB X O
your PRP$ X O
CV NNP X O
to TO X O
Colin NNP X O
Watkins NNP X O
, , X O
to TO X O
apply VB X O
and CC X O
suitable JJ X O
candidates NNS X O
will MD X O
be VB X O
contacted VBN X O
immediately RB X O
The DT X O

Person NNP X O
They PRP X O
are VBP X O
looking VBG X O
for IN X O
the DT X O
following JJ X O
Key NNP X O
Skills NNP X O
: : X O
New NNP X B-Skill
Business NNP X I-Skill
sales NNS X I-Skill
experience NN X I-Skill
Sales NNS X I-Skill
of IN X I-Skill
software NN X I-Skill
This DT X O

is VBZ X O
a DT X O
fast RB X B-Skill
paced JJ X I-Skill
environment NN X I-Skill
and CC X O
is VBZ X O
a DT X O
standing VBG X O
role NN X O
therefore RB X O
a DT X O
good JJ X O
level NN X O
of IN X O
health NN X O
and CC X O
fitness NN X O
is VBZ X O
required VBN X O
. . X O
Senior JJ X B-Occupation

Mechanical NNP X I-Occupation
Engineer NNP X I-Occupation
Water NNP X O
Operations NNP X O
Requirements NNP X O
Degree NNP X B-Qualification
qualified VBD X I-Qualification
in IN X I-Qualification
Mechanical NNP X I-Qualification
Engineering NNP X I-Qualification
Clean NNP X B-Experience
Water NNP X I-Experience
experience NN X I-Experience
Chartered NNP X B-Skill
, , X I-Skill
or CC X I-Skill
, , X I-Skill
working VBG X I-Skill
towards NNS X I-Skill
chartership NN X I-Skill
, , X O
with IN X O
Our PRP$ X O

client NN X O
requires VBZ X O
a DT X O
Technician JJ X B-Occupation
/ NNP X I-Occupation
Engineer NNP X I-Occupation
who WP X O
has VBZ X O
a DT X O
broad JJ X O
range NN X O
of IN X O
experience NN X O
include VBP X O
electrical JJ X B-Domain
and CC X O
mechanical JJ X B-Domain
equipment NN X I-Domain
. . X O
Activities NNS X O

will MD X O
cover VB X O
the DT X O
full JJ X O
HR NNP X B-Domain
mix NN X O
: : X O
Employee NN X B-Domain
Relations NNPS X I-Domain
Leadership NNP X I-Domain
Development NNP X I-Domain
Recruitment NNP X I-Domain
Organisational NNP X I-Domain
development NN X I-Domain
Change NNP X I-Domain
Management NNP X I-Domain
Working NNP X O
closely RB X O
with IN X O
the DT X O
management NN X B-Domain
team NN X O
, , X O
you PRP X O
will MD X O
support VB X O
the DT X O
business NN X B-Domain
in IN X O
all DT X O
areas NNS X O
in IN X O
line NN X O
with IN X O
their PRP$ X O
corporate JJ X O
and CC X O
cultural JJ X O
objectives NNS X O
. . X O
Experience NN X O

with IN X O
or CC X O
exposure NN X O
to TO X O
the DT X O
CERIDIAN NNP X B-Skill
payroll NN X I-Skill
system NN X I-Skill
would MD X O
be VB X O
a DT X O
distinct JJ X O
advantage NN X O
as RB X O
well RB X O
as IN X O
experience NN X O
of IN X O
pension NN X B-Skill
administration NN X I-Skill
. . X O
developing VBG X B-Skill

plugins NNS X I-Skill
, , X I-Skill
macros NNS X I-Skill
, , X O
etc FW X O
Handson NNP X O
experience NN X O
with IN X O
Windows NNP X B-Skill
Server NNP X I-Skill
Integrating VBG X B-Skill

initiatives NNS X I-Skill
for IN X O
improving VBG X O
customer NN X B-Skill
experience NN X I-Skill
across IN X O
the DT X O
whole NN X O
business NN X O
Continually NNP X O
reviewing NN X B-Skill
and CC X I-Skill
improving VBG X I-Skill
processes NNS X I-Skill
Engaging NNP X O
and CC X O
inspiring VBG X B-Skill
the DT X I-Skill
store NN X I-Skill
team NN X I-Skill
by IN X O
creating VBG X O
an DT X O
environment NN X O
where WRB X O
people NNS X O
feel VBP X O
valued VBN X O
Performance NNP X B-Skill
management NN X I-Skill
Recruitment NNP X I-Skill
and CC X O
succession NN X B-Skill
planning NN X I-Skill
for IN X O
the DT X O
future NN X O
it PRP X O

is VBZ X O
still RB X O
a DT X O
sales NNS X B-Domain
role NN X O
requiring VBG X O
closing NN X O
and CC X O
winning VBG X O
clients NNS X O
. . X O
**** JJ X O

plus CC X O
good JJ X O
call NN X O
out IN X O
rate NN X O
, , X O
overtime NN X O
, , X O
vehicle NN X O
and CC X O
package NN X O
that WDT X O
contains VBZ X O
a DT X O
pension NN X O
and CC X O
25 CD X O
days NNS X O
holiday NN X O
. . X O
The DT X O

ability NN X O
to TO X O
identify VB X B-Skill
research NN X I-Skill
and CC X I-Skill
analytical JJ X I-Skill
priorities NNS X I-Skill
against IN X I-Skill
the DT X I-Skill
context NN X I-Skill
of IN X I-Skill
Ofgem NNP X I-Skill
s NN X I-Skill
objectives NNS X I-Skill
and CC X I-Skill
the DT X I-Skill
wider NN X I-Skill
social JJ X I-Skill
, , X I-Skill
economic JJ X I-Skill
, , X I-Skill
technological JJ X I-Skill
, , X I-Skill
environmental JJ X I-Skill
and CC X I-Skill
political JJ X I-Skill
background NN X I-Skill
. . X O
Annapurna NNS X O

are VBP X O
currently RB X O
recruiting VBG X O
for IN X O
a DT X O
HR NNP X B-Occupation
Programme NNP X I-Occupation
& CC X I-Occupation
Analytics NNP X I-Occupation
Specialist NNP X I-Occupation
to TO X O
part NN X O
of IN X O
an DT X O
International NNP X O
organisation NN X O
, , X O
operating VBG X O
within IN X O
the DT X O
leadership NN X O
, , X O
talent NN X O
and CC X O
change NN X O
division NN X O
. . X O
The DT X O

job NN X O
will MD X O
include VB X O
: : X O
Teaching NNP X B-Skill
French JJ X I-Skill
oral JJ X O
lessons NNS X O
to TO X O
senior JJ X O
pupils NNS X O
Pastoral NNP X O
boarding VBG X O
duties NNS X O
including VBG X O
Mobile NNP X O

, , X O
Laptop NNP X O
, , X O
Pension NNP X O
Yorkshire NNP X O
Territories NNP X O
/ NNP X O
Bradford NNP X O
, , X O
Doncaster NNP X O
, , X O
Harrogate NNP X O
, , X O
Huddersfield NNP X O
, , X O
Hull NNP X O
, , X O
Humberside NNP X O
, , X O
Leeds NNP X O
, , X O
North NNP X O
Lincolnshire NNP X O
, , X O
Rotherham NNP X O
, , X O
Sheffield NNP X O
, , X O
Skipton NNP X O
, , X O
Wakefield NNP X O
, , X O
York NNP X O
Communicate NNP X B-Skill

professionally RB X I-Skill
and CC X I-Skill
warmly RB X I-Skill
with IN X I-Skill
visitors NNS X I-Skill
including VBG X I-Skill
family NN X I-Skill
, , X I-Skill
friends NNS X I-Skill
and CC X I-Skill
other JJ X I-Skill
external JJ X I-Skill
stakeholders NNS X I-Skill
. . X O
The DT X O

QS NNP X O
will MD X O
work VB X B-Skill
within IN X I-Skill
a DT X I-Skill
commercial JJ X I-Skill
and CC X I-Skill
contract NN X I-Skill
management NN X I-Skill
team NN X I-Skill
and CC X O
will MD X O
complete VB X B-Skill
work NN X I-Skill
to TO X I-Skill
support VB X I-Skill
the DT X I-Skill
contract NN X B-Occupation
manager NN X I-Occupation
in IN X O
the DT X O
delivery NN X B-Skill
of IN X I-Skill
services NNS X I-Skill
for IN X I-Skill
the DT X I-Skill
nuclear JJ X I-Skill
power NN X I-Skill
plant NN X I-Skill
. . X O
You PRP X O

will MD X O
have VB X O
experience NN X O
of IN X O
ticketing VBG X B-Skill
and CC X O
have VBP X B-Skill
a DT X I-Skill
dedicated VBN X I-Skill
approach NN X I-Skill
to TO X I-Skill
team VB X I-Skill
work NN X I-Skill
. . X O
The DT X O

role NN X O
will MD X O
be VB X O
helping VBG X O
the DT X O
accountant NN X B-Occupation
, , X O
you PRP X O
will MD X O
have VB X O
experience NN X O
of IN X O
using VBG X O
Sun NNP X B-Skill
accounting NN X I-Skill
package NN X I-Skill
or CC X O
similar JJ X O
. . X O
Working VBG X O

on IN X O
some DT X O
of IN X O
the DT X O
most RBS X O
prestigious JJ X O
property NN X O
developments NNS X O
in IN X O
the DT X O
UK NNP X O
, , X O
our PRP$ X O
client NN X O
provides VBZ X O
property NN X B-Skill
management NN X I-Skill
, , X O
concierge NN X B-Skill
services NNS X I-Skill
, , X O
scheduled VBN X B-Skill
maintenance NN X I-Skill
and CC X I-Skill
repairs NNS X I-Skill
, , X O
resident JJ X B-Skill
support NN X I-Skill
and CC X I-Skill
contractor NN X I-Skill
management NN X I-Skill
. . X O
You PRP X O

will MD X O
provide VB X O
2nd CD X B-Skill
/ JJ X I-Skill
3rd CD X I-Skill
Line NNP X I-Skill
support NN X I-Skill
and CC X O
administration NN X O
to TO X O
Windows VB X B-Skill
2008 CD X I-Skill
Domain NNP X O
and CC X O
Redhat NNP X B-Skill
operating VBG X O
systems NNS X O
as RB X O
well RB X O
as IN X O
complete JJ X O
ownership NN X B-Skill
of IN X I-Skill
problems NNS X I-Skill
and CC X I-Skill
issues NNS X I-Skill
within IN X O
the DT X O
infrastructure NN X B-Skill
estate NN X O
. . X O
To TO X O

apply VB X O
please JJ X O
send VB X O
your PRP$ X O
CV NNP X O
to TO X O
Nick NNP X O
Paul NNP X O
quoting VBG X O
J NNP X O
SAD NNP X O

C NNP X O
**** NNP X O
quarterly RB X B-Skill
and CC X I-Skill
annual JJ X I-Skill
returns NNS X I-Skill
in IN X O
accordance NN X O
with IN X O
HMRC NNP X O
policies NNS X O
. . X O
Key JJ X O

Responsibilities NNS X O
: : X O
Maintain VB X B-Skill
a DT X I-Skill
good JJ X I-Skill
understanding NN X I-Skill
of IN X I-Skill
the DT X I-Skill
full JJ X I-Skill
range NN X I-Skill
of IN X I-Skill
the DT X I-Skill
company NN X I-Skill
s NN X I-Skill
products NNS X I-Skill
and CC X I-Skill
services NNS X I-Skill
which WDT X O
covers VBZ X O
banking NN X B-Skill
, , X O
financial JJ X B-Skill
systems NNS X I-Skill
and CC X O
a DT X O
range NN X O
of IN X O
online NN X B-Skill
services NNS X I-Skill
. . X O
Please NNP X O

email VB X O
your PRP$ X O
CV NNP X O
to TO X O
Olly NNP X O
Chanot NNP X O
or CC X O
Sam NNP X O
Bradley NNP X O
This DT X O

is VBZ X O
a DT X O
growing VBG X O
business NN X B-Domain
that WDT X O
has VBZ X O
65 CD X O
sites NNS X O
nationally RB X O
and CC X O
is VBZ X O
looking VBG X O
to TO X O
expand VB X O
this DT X O
by IN X O
30 CD X O
% NN X O
in IN X O
the DT X O
next JJ X O
coming JJ X O
year NN X O
; : X O
therefore IN X O
we PRP X O
are VBP X O
looking VBG X O
for IN X O
an DT X O
individual NN X O
who WP X O
wants VBZ X O
to TO X O
be VB X O
part NN X O
of IN X O
an DT X O
expanding VBG X O
and CC X O
exciting VBG X O
business NN X B-Domain
. . X O
You PRP X O

will MD X O
need VB X B-Skill
to TO X I-Skill
be VB X I-Skill
flexible JJ X I-Skill
on IN X I-Skill
working VBG X I-Skill
hours NNS X I-Skill
and CC X O
need VBP X B-Skill
to TO X I-Skill
travel VB X I-Skill
within IN X I-Skill
the DT X I-Skill
region NN X I-Skill
. . X O
Do VBP X O

you PRP X O
have VB X O
experience VBN X B-Experience
booking VBG X I-Experience
worldwide JJ X I-Experience
flight NN X I-Experience
itineraries NNS X I-Experience
using VBG X I-Experience
GDS NNP X I-Experience
systems NNS X I-Experience
? . X O
Qualifications NNS X O

A DT X O
PhD NNP X B-Qualification
degree NN X I-Qualification
in IN X O
a DT X O
directly RB X O
relevant JJ X O
area NN X O
; : X O
exceptional JJ X O
candidates NNS X O
with IN X O
no DT X O
PhD NNP X B-Qualification
but CC X O
equivalent JJ X O
relevant JJ X O
industrial JJ X B-Skill
experience NN X I-Skill
will MD X O
also RB X O
be VB X O
considered VBN X O
. . X O
They PRP X O

have VBP X O
recently RB X O
invested VBN X O
heavily RB X O
in IN X O
machinery NN X B-Domain
to TO X O
accommodate VB X O
a DT X O
large JJ X O
contract NN X O
and CC X O
as IN X O
a DT X O
result NN X O
need NN X O
to TO X O
find VB X O
suitable JJ X O
candidates NNS X O
with IN X O
the DT X O
below NN X O
experience NN X O
. . X O
The DT X O

successful JJ X O
candidate NN X O
may MD X O
be VB X O
required VBN X O
to TO X O
undertake VB X O
an DT X O
Enhanced NNP X O
Criminal NNP X B-Domain
Records NNP X I-Domain
Bureau NNP X I-Domain
Check NNP X O
. . X O
The DT X O

potential JJ X O
to TO X O
enjoy VB X O
a DT X O
long JJ X O
and CC X O
successful JJ X O
career NN X O
with IN X O
us PRP X O
Apply VBP X O
now RB X O
if IN X O
you PRP X O
fancy VBP X O
a DT X O
rewarding NN X O
and CC X O
challenging VBG X O
career NN X O
where WRB X O
you PRP X O
can MD X O
really RB X O
go VB X O
places NNS X O
. . X O
Daily JJ X O

duties NNS X O
will MD X O
cover VB X O
completion NN X B-Skill
of IN X I-Skill
time NN X I-Skill
sheets NNS X I-Skill
, , X O
stock NN X B-Skill
control NN X I-Skill
, , X O
monitoring VBG X B-Skill
cleaning NN X I-Skill
standards NNS X I-Skill
to TO X O
ensure VB X O
company NN X O
standards NNS X O
targets NNS X O
are VBP X O
met VBN X O
. . X O
For IN X O

more JJR X O
information NN X O
or CC X O
to TO X O
submit VB X O
a DT X O
CV NNP X O
, , X O
please VB X O
contact JJ X O
Gareth NNP X O
Hawley NNP X O
on IN X O
Previous JJ X O

experience NN X O
in IN X O
a DT X B-Skill
targeted JJ X I-Skill
sales NNS X I-Skill
role NN X O
is VBZ X O
essential JJ X O
as IN X O
are VBP X O
excellent JJ X O
administration NN X B-Skill
and CC X O
organisation NN X B-Skill
skills NNS X I-Skill
. . X O
this DT X O

will MD X O
include VB X O
attracting VBG X B-Skill
sponsorship JJ X I-Skill
, , X O
collaborating VBG X B-Skill
with IN X I-Skill
others NNS X I-Skill
to TO X I-Skill
access NN X I-Skill
resources NNS X I-Skill
and CC X I-Skill
materials NNS X I-Skill
, , X O
identifying VBG X B-Skill
advocates NNS X I-Skill
to TO X O
enable VB X B-Skill
the DT X I-Skill
young JJ X I-Skill
people NNS X I-Skill
to TO X I-Skill
bring VB X I-Skill
about RP X I-Skill
positive JJ X I-Skill
change NN X I-Skill
to TO X I-Skill
their PRP$ X I-Skill
communities NNS X I-Skill
You PRP X O

ll VBP X O
demonstrate VB X O
a DT X O
range NN X O
of IN X O
skills NNS X O
and CC X O
experience NN X O
including VBG X O
: : X O
Strong JJ X O
people NNS X B-Skill
management NN X I-Skill
skills NNS X I-Skill
Experience NNP X I-Skill
within IN X I-Skill
a DT X I-Skill
performance NN X I-Skill
driven VBN X I-Skill
environment NN X I-Skill
Dedicated VBN X I-Skill
to TO X I-Skill
excellence VB X I-Skill
in IN X I-Skill
customer NN X I-Skill
service NN X I-Skill
Committed VBD X O
to TO X O
retail JJ X B-Skill
operational JJ X I-Skill
excellence NN X I-Skill
Genuine NNP X O
desire NN X B-Skill
to TO X I-Skill
achieve VB X I-Skill
results NNS X I-Skill
through IN X I-Skill
the DT X I-Skill
management NN X I-Skill
of IN X I-Skill
others NNS X I-Skill
Drive NNP X O
and CC X O
ability NN X B-Skill
to TO X I-Skill
manage VB X I-Skill
others NNS X I-Skill
effectively RB X I-Skill
Have VBP X O
a DT X O
genuine JJ X O
passion NN X B-Skill
for IN X I-Skill
setting VBG X I-Skill
and CC X I-Skill
achieving VBG X I-Skill
exceptional JJ X I-Skill
retail JJ X I-Skill
store NN X I-Skill
standards NNS X I-Skill
Problem NNP X I-Skill
solving NN X I-Skill
and CC X I-Skill
decision NN X I-Skill
making VBG X I-Skill
Effective JJ X O
planning NN X B-Skill
and CC X I-Skill
time NN X I-Skill
management NN X I-Skill
Passionate NNP X O
about IN X O
driving VBG X B-Skill
sales NNS X I-Skill
Understand NNP X I-Skill
own JJ X I-Skill
key NN X I-Skill
performance NN X I-Skill
indictors NNS X I-Skill
and CC X I-Skill
how WRB X I-Skill
to TO X I-Skill
drive VB X I-Skill
the DT X I-Skill
commerciality NN X I-Skill
of IN X I-Skill
a DT X I-Skill
retail JJ X I-Skill
store NN X I-Skill
Strong NNP X O
communication NN X B-Skill
skills NNS X I-Skill
Strong JJ X O
people NNS X B-Skill
management NN X I-Skill
and CC X I-Skill
coaching VBG X I-Skill
skills NNS X I-Skill
Minimum JJ X O
Requirements NNS X O
for IN X O
this DT X O
role NN X O
are VBP X O
: : X O
To TO X O
be VB X O
By IN X O

applying VBG X O
for IN X O
this DT X O
job NN X O
you PRP X O
accept VBP X O
the DT X O
T NNP X O
C NNP X O
s NN X O
, , X O
Privacy NN X O
Policy NNP X O
and CC X O
Disclaimers NNP X O
which WDT X O
can MD X O
be VB X O
found VBN X O
on IN X O
our PRP$ X O
website NN X O
. . X O
Annapurna NNP X O

are VBP X O
the DT X O
recruitment JJ X O
organisation NN X O
responsible JJ X O
for IN X O
this DT X O
role NN X O
, , X O
for IN X O
the DT X O
latest JJS X O
from IN X O
the DT X O
HR NNP X O
transformation NN X O
network NN X O
visit VBD X O
the DT X O
HRTN NNP X O
. . X O
TV NN X O
The DT X O

purpose NN X O
of IN X O
this DT X O
role NN X O
is VBZ X O
to TO X O
achieve VB X B-Skill
target NN X I-Skill
by IN X O
creating VBG X B-Skill
/ NNP X I-Skill
closing VBG X I-Skill
new JJ X I-Skill
Mobile NNP X I-Skill
business NN X I-Skill
opportunities NNS X I-Skill
and CC X O
to TO X O
work VB X B-Skill
with IN X I-Skill
existing JJ X I-Skill
Client NNP X I-Skill
Directors NNPS X I-Skill
and CC X I-Skill
SAM NNP X I-Skill
' POS X I-Skill
s NN X I-Skill
to TO X O
contribute VB X B-Skill
additional JJ X I-Skill
Mobile NNP X I-Skill
business NN X I-Skill
to TO X I-Skill
the DT X I-Skill
Enterprise NNP X I-Skill
Accounts NNPS X I-Skill
. . X O
This DT X O

role NN X O
is VBZ X O
perfect JJ X O
for IN X O
an DT X O
English NNP X O
teacher NN X B-Occupation
graded VBD X O
as RB X O
good JJ X O
in IN X O
lesson JJ X B-Skill
observations NNS X I-Skill
, , X O
looking VBG X O
to TO X O
take VB X O
the DT X O
next JJ X O
step NN X O
up RB X O
to TO X O
outstanding JJ X O
. . X O
Candidates NNS X O

will MD X O
also RB X O
have VB X O
the DT X O
Leadership NNP X B-Skill
experience NN X O
for IN X O
the DT X O
daytoday JJ X O
deployment NN X O
and CC X O
tasking NN X O
of IN X O
the DT X O
team NN X O
of IN X O
electrical JJ X B-Occupation
design NN X I-Occupation
engineers NNS X I-Occupation
working VBG X O
on IN X O
the DT X O
programme NN X O
and CC X O
to TO X O
support VB X O
first JJ X O
line NN X O
personnel NNS X O
Management NNP X O
. . X O
I PRP X O

wish VBP X O
to TO X O
build VB X O
up RP X O
a DT X O
small JJ X O
pool NN X O
of IN X O
local JJ X B-Occupation
performers NNS X I-Occupation
from IN X O
the DT X O
East NNP X O
Yorkshire NNP X O
/ NNP X O
North NNP X O
Lincolnshire NNP X O
area NN X O
who WP X O
are VBP X O
interested JJ X O
in IN X O
working VBG X B-Skill
on IN X I-Skill
an DT X I-Skill
adhoc JJ X I-Skill
basis NN X I-Skill
in IN X O
Street NNP X O
Theatre NNP X O
/ NNP X O
Walkabout NNP X O
acts VBZ X O
I PRP X O
have VBP X O
developed VBN X O
. . X O
As IN X O

this DT X O
is VBZ X O
a DT X O
brand NN X O
new JJ X O
role NN X O
, , X O
excellent JJ X O
career NN X O
progression NN X O
opportunities NNS X O
exist VBP X O
within IN X O
this DT X O
business NN X O
for IN X O
someone NN X O
wanting VBG X O
to TO X O
develop VB X O
. . X O
Matlab NNP X B-Skill

/ NNP X I-Skill
Simulink NNP X I-Skill
experience NN X O
o NN X O
DSP NNP X B-Skill
processing NN X O
techniques NNS X O
o VBP X O
Experience NN X O
in IN X O
one CD X O
or CC X O
more JJR X O
of IN X O
the DT X O
following NN X O
: : X O
digital JJ X B-Skill
filter NN X I-Skill
design NN X I-Skill
, , X O
audio JJ X B-Skill
algorithm NN X I-Skill
design NN X I-Skill
, , X O
acoustics NNS X B-Skill
, , X O
fixedpoint NN X B-Skill
implementation NN X I-Skill
, , X O
adaptive JJ X B-Skill
filters NNS X I-Skill
Because IN X O

of IN X O
this DT X O
we PRP X O
welcome VBP X O
applications NNS X O
from IN X O
everyone NN X O
with IN X O
suitable JJ X O
skills NNS X O
and CC X O
ability NN X O
regardless NN X O
of IN X O
race NN X O
, , X O
colour NN X O
, , X O
nationality NN X O
, , X O
ethnic JJ X O
or CC X O
national JJ X O
origin NN X O
, , X O
gender NN X O
, , X O
disability NN X O
, , X O
sexual JJ X O
orientation NN X O
, , X O
age NN X O
, , X O
religion NN X O
or CC X O
belief NN X O
. . X O
This DT X O

project NN X O
was VBD X O
changed VBN X O
fairly RB X O
recently RB X O
from IN X O
registered VBN X B-Domain
care NN X I-Domain
to TO X O
supported VBN X B-Domain
living NN X I-Domain
, , X O
and CC X O
the DT X O
key JJ X O
challenge NN X O
or CC X O
need NN X O
for IN X O
improvement NN X O
is VBZ X O
around IN X O
empowering VBG X B-Skill
service NN X I-Skill
users NNS X I-Skill
more RBR X I-Skill
, , X I-Skill
involving VBG X I-Skill
them PRP X I-Skill
more RBR X I-Skill
in IN X I-Skill
their PRP$ X I-Skill
own JJ X I-Skill
care NN X I-Skill
plans NNS X I-Skill
and CC X O
striving VBG X O
for IN X O
more RBR X O
generally RB X O
. . X O
By IN X O

applying VBG X O
for IN X O
this DT X O
job NN X O
you PRP X O
accept VBP X O
the DT X O
TC NNP X O
' POS X O
s NN X O
, , X O
Privacy NN X O
Policy NNP X O
and CC X O
Disclaimers NNP X O
which WDT X O
can MD X O
be VB X O
found VBN X O
at IN X O
hays NNS X O
. . X O
co NN X O
. . X O
uk NN X O
Strong JJ X O

PC NN X B-Skill
skills NNS X I-Skill
in IN X I-Skill
Excel NNP X I-Skill
Degree NNP X O
qualified VBD X O
or CC X O
equivalent JJ X O
If IN X O
you PRP X O
have VBP X O
similar JJ X O
Operations NNS X B-Occupation
Specialist VBP X I-Occupation
experience NN X O
to TO X O
that DT X O
outlined VBN X O
above IN X O
and CC X O
are VBP X O
looking VBG X O
for IN X O
a DT X O
temporary JJ X O
opportunity NN X O
within IN X O
a DT X O
progressive JJ X O
and CC X O
dynamic JJ X O
environment NN X O
, , X O
please VB X O
forward RB X O
your PRP$ X O
CV NN X O
today NN X O
. . X O
The DT X O

Java NNP X B-Occupation
Developer NNP X I-Occupation
will MD X O
have VB X O
responsibility NN X B-Skill
for IN X I-Skill
the DT X I-Skill
design NN X I-Skill
, , X I-Skill
development NN X I-Skill
and CC X I-Skill
management NN X I-Skill
of IN X I-Skill
a DT X I-Skill
trading NN X I-Skill
system NN X I-Skill
implementations NNS X I-Skill
, , X O
including VBG X O
design NN X B-Skill
of IN X I-Skill
customer NN X I-Skill
s NN X I-Skill
specific JJ X I-Skill
requirements NNS X I-Skill
. . X O
To TO X O

apply VB X O
, , X O
you PRP X O
MUST VBP X O
have VB X O
worked VBN X O
in IN X O
a DT X O
similar JJ X O
role NN X O
recently RB X O
. . X O
ARSA NNP X O

'> POS X O
Dutton NNP X O
International NNP X O
acting NN X O
as IN X O
an DT X O
employment NN X O
business NN X O
currently RB X O
require VBZ X O
2 CD X O
x JJ X O
CSCS NNP X B-Experience
Painters NNP X I-Experience
for IN X O
work NN X B-Skill
on IN X I-Skill
social JJ X I-Skill
housing NN X I-Skill
projects NNS X I-Skill
around IN X O
Barnsley NNP X O
. . X O
As IN X O

such JJ X O
, , X O
a DT X O
sound NN X O
knowledge NN X O
of IN X O
generalist NN X B-Skill
HR NNP X I-Skill
is VBZ X O
imperative JJ X O
. . X O
The DT X O

salary NN X O
for IN X O
the DT X O
Graphic NNP X B-Occupation
Designer NNP X I-Occupation
is VBZ X O
up RP X O
to TO X O
Their PRP$ X O

homes NNS X O
provide VBP X O
first JJ X O
class NN X O
resources NNS X O
for IN X O
residents NNS X O
and CC X O
staff NN X O
alike RB X O
and CC X O
offer VB X O
hotel NN X O
style NN X O
services NNS X O
in IN X O
luxury NN X O
surroundings NNS X O
. . X O
You PRP X O

must MD X O
have VB X O
eligibility NN X O
to TO X O
work VB X O
in IN X O
the DT X O
UK NNP X O
and CC X O
a DT X O
full JJ X O
, , X O
clean JJ X O
UK NNP X O
Driving NNP X O
Licence NNP X O
Please NNP X O
note NN X O
, , X O
only RB X O
suitable JJ X O
applicants NNS X O
will MD X O
be VB X O
contacted VBN X O
and CC X O
incomplete JJ X O
CVs NNP X O
will MD X O
not RB X O
be VB X O
considered VBN X O
. . X O
A DT X O

prestigious JJ X O
Solicitors NNS X O
based VBN X O
near IN X O
NewcastleunderLyme NNP X O
seeking VBG X O
an DT X O
experienced JJ X B-Skill
alrounder NN X I-Skill
with IN X O
strong JJ X O
typing VBG X B-Skill
skills NNS X I-Skill
. . X O
This DT X O

is VBZ X O
a DT X O
truly RB X O
amazing JJ X O
opportunity NN X O
to TO X O
work VB X O
for IN X O
a DT X O
prestigious JJ X O
global JJ X O
brand NN X O
and CC X O
on IN X O
challenging JJ X O
and CC X O
complex JJ X O
enterprise NN X O
level NN X O
. . X B-Skill
NET JJ X I-Skill
/ NN X I-Skill
C NNP X I-Skill
software NN X I-Skill
projects NNS X O
. . X O
Be VB X O

passionate NN X B-Skill
about IN X I-Skill
customer NN X I-Skill
service NN X I-Skill
Understanding NNP X I-Skill
of IN X I-Skill
staffing VBG X I-Skill
, , X I-Skill
rotas NNS X I-Skill
and CC X I-Skill
budgets NNS X I-Skill
Douglas NNP X O

Scott NNP X O
are VBP X O
the DT X O
Legal NNP X O
Recruitment NNP X O
experts NNS X O
and CC X O
the DT X O
UK NNP X O
s NN X O
leading VBG X O
law NN X O
firms NNS X O
trust VBP X O
us PRP X O
with IN X O
their PRP$ X O
legal JJ X O
vacancies NNS X O
. . X O
Senior JJ X B-Occupation

Web NNP X I-Occupation
Developer NNP X I-Occupation
with IN X O
strong JJ X O
commercial JJ X B-Skill
experience NN X I-Skill
working VBG X O
on IN X O
HTML NNP X B-Skill
5 CD X I-Skill
, , X O
XHTML NNP X B-Skill
, , X O
CSS NNP X B-Skill
, , X O
JavaScript NNP X B-Skill
and CC X O
JQuery NNP X B-Skill
is VBZ X O
sought VBN X O
by IN X O
a DT X O
global JJ X O
leading VBG X O
client NN X O
based VBN X O
in IN X O
Berkshire NNP X O
on IN X O
a DT X O
permanent JJ X O
basis NN X O
. . X O
Strong JJ X O

computer NN X B-Skill
/ NN X I-Skill
systems NNS X I-Skill
literacy NN X I-Skill
database NN X I-Skill
and CC X I-Skill
email NN X I-Skill
marketing NN X I-Skill
Answer NNP X B-Skill

incoming VBG X I-Skill
calls NNS X I-Skill
, , X O
assisting VBG X B-Skill
with IN X I-Skill
queries NNS X I-Skill
from IN X I-Skill
internal JJ X I-Skill
departments NNS X I-Skill
and CC X I-Skill
suppliers NNS X I-Skill
Utilise NNP X I-Skill
internal JJ X I-Skill
systems NNS X I-Skill
to TO X I-Skill
administer VB X I-Skill
and CC X I-Skill
process VB X I-Skill
new JJ X I-Skill
bookings NNS X I-Skill
Experience NN X I-Skill
Required VBN X O
You PRP X O

ll VBP X O
be VB X O
ambitious JJ X B-Skill
and CC X O
would MD X O
like VB X O
to TO X O
see VB X O
yourself PRP X O
climbing VBG X O
the DT X O
ladder NN X O
within IN X O
a DT X O
company NN X O
that WDT X O
recognises VBZ X O
people NNS X O
as IN X O
their PRP$ X O
greatest JJS X O
asset NN X O
. . X O
This DT X O

role NN X O
is VBZ X O
a DT X O
permanent JJ X O
positionElectus NN X O
Recruitment NNP X O
Ltd NNP X O
is VBZ X O
acting VBG X O
as IN X O
an DT X O
Employment NNP X B-Domain
Agency NNP X I-Domain
in IN X O
relation NN X O
to TO X O
this DT X O
vacancy NN X O
IT NNP X O

Recruitment NNP X O
Consultancy NNP X O
experience NN X O
, , X O
with IN X O
full JJ X O
REC NNP X O
membership NN X O
& CC X O
bull NN X O
Planned VBN X O
career NN X O
path NN X O
leading VBG X O
to TO X O
Account NNP X O
and CC X O
Team NNP X O
Management NNP X O
PLEASE NNP X O
APPLY NNP X O
NOW NNP X O
You PRP X O

will MD X O
need VB X O
exceptional JJ X O
attention NN X B-Skill
to TO X I-Skill
detail VB X I-Skill
and CC X O
organisation NN X B-Skill
skills NNS X O
. . X O
For IN X O

this DT X O
role NN X O
you PRP X O
will MD X O
have VB X O
a DT X O
successful JJ X O
track NN X O
record NN X O
of IN X O
sourcing VBG X B-Skill
and CC X I-Skill
developing VBG X I-Skill
commercial JJ X I-Skill
partnerships NNS X I-Skill
and CC X O
experience NN X B-Skill
working VBG X I-Skill
with IN X I-Skill
third JJ X I-Skill
parties NNS X I-Skill
to TO X I-Skill
commercialise VB X I-Skill
product NN X I-Skill
opportunities NNS X I-Skill
. . X O
They PRP X O

are VBP X O
currently RB X O
looking VBG X O
for IN X O
contract NN X O
support NN X O
for IN X O
their PRP$ X O
Santander NNP X O
contract NN X O
in IN X O
Milton NNP X O
Keyens NNP X O
. . X O
Opportunity NN X O

to TO X O
join VB X O
the DT X O
UK NNP X O
' POS X O
s NN X O
largest JJS X O
budget NN X O
hotelier NN X O
, , X O
with IN X O
career NN X O
progression NN X O
and CC X O
development NN X O
. . X O
To TO X O

be VB X O
considered VBN X O
for IN X O
this DT X O
role NN X O
, , X O
you PRP X O
' '' X O
ll NNS X O
need VBP X O
to TO X O
be VB X O
educated VBN X O
to TO X O
a DT X O
minimum JJ X B-Qualification
HNC NNP X I-Qualification
level NN X I-Qualification
or CC X I-Qualification
equivalent NN X I-Qualification
in IN X I-Qualification
Mechanical NNP X I-Qualification
Engineering NNP X I-Qualification
or CC X I-Qualification
Building NNP X I-Qualification
Services NNPS X I-Qualification
and CC X O
have VB X O
a DT X O
sound NN X O
understanding NN X O
of IN X O
CHP NNP X B-Skill
, , X O
HVAC NNP X B-Skill
and CC X O
plumbing VBG X B-Skill
coupled VBN X O
with IN X O
experience NN X O
within IN X O
the DT X O
M NNP X B-Domain
& CC X I-Domain
E NNP X I-Domain
sector NN X I-Domain
. . X O
The DT X O

company NN X O
designs VBZ X O
, , X O
constructs NNS X O
, , X O
transports NNS X O
, , X O
installs NNS X O
and CC X O
removes NNS X O
offshore VBP X O
facilities NNS X O
for IN X O
the DT X O
global JJ X O
oil NN X O
and CC X O
gas NN X O
industry NN X O
. . X O
Should MD X O

you PRP X O
feel VB X O
you PRP X O
are VBP X O
a DT X O
strong JJ X O
applicant JJ X O
please NN X O
apply NN X O
. . X O
Are NNP X O

you PRP X O
a DT X O
Newly RB X O
Qualified VBN X O
French JJ X B-Occupation
Teacher NNP X I-Occupation
searching VBG X O
for IN X O
a DT X O
permanent JJ X O
teaching NN X O
opportunity NN X O
come VBP X O
September NNP X O
2013 CD X O
? . X O
Their PRP$ X O

West NNP X O
London NNP X O
based VBN X O
Head NNP X O
Office NNP X O
has VBZ X O
a DT X O
relaxed JJ X O
familyrun JJ X O
culture NN X O
and CC X O
they PRP X O
are VBP X O
looking VBG X O
for IN X O
likeminded JJ X O
Retail NNP X B-Occupation
HR NNP X I-Occupation
professional NN X I-Occupation
who WP X O
can MD X O
build VB X B-Skill
relationships NNS X I-Skill
between IN X O
head NN X O
office NN X O
, , X O
store NN X O
managers NNS X O
and CC X O
the DT X O
HR NNP X B-Domain
function NN X O
. . X O
My PRP$ X O

client NN X O
, , X O
a DT X O
financially RB X O
regulated VBN X O
organisation NN X O
in IN X O
the DT X O
East NNP X O
Midlands NNP X O
has VBZ X O
an DT X O
opening NN X O
for IN X O
a DT X O
. . X B-Occupation
Net JJ X I-Occupation
Developer NN X I-Occupation
with IN X O
ASP NNP X B-Skill
. . X I-Skill
Net JJ X I-Skill
/ NN X I-Skill
C NNP X I-Skill
skills NNS X I-Skill
. . X O
Visit VB X O

our PRP$ X O
website NN X O
now RB X O
at IN X O
www NN X O
. . X O
atrsolutions NNS X O
. . X O
com NN X O
to TO X O
view VB X O
similar JJ X O
positions NNS X O
. . X O
The DT X O

successful JJ X O
candidate NN X O
will MD X O
need VB X O
to TO X O
be VB X O
based VBN X O
in IN X O
the DT X O
Berkshire NNP X O
/ NNP X O
Hampshire NNP X O
area NN X O
and CC X O
have VBP X O
a DT X O
driving NN X B-Qualification
license NN X I-Qualification
. . X O
A DT X O

fulltime JJ X O
associate NN X B-Occupation
is VBZ X O
required VBN X O
to TO X O
work VB X O
across IN X O
a DT X O
number NN X O
of IN X O
practices NNS X O
in IN X O
the DT X O
Gloucestershire NNP X O
area NN X O
on IN X O
a DT X O
Fixed NNP X O
Term NNP X O
Contract NNP X O
. . X O
full JJ X O

s NN X O
RGN NNP X B-Occupation
for IN X O
full JJ X O
time NN X O
contracts NNS X O
and CC X O
also RB X O
ad NN X O
hoc NN X O
hours NNS X O
to TO X O
suit VB X O
with IN X O
post NN X O
qualifying VBG X O
experience NN X O
working VBG X O
within IN X O
an DT X O
acute JJ X O
care NN X O
setting VBG X O
. . X O
My PRP$ X O

Client NN X O
is VBZ X O
based VBN X O
in IN X O
the DT X O
heart NN X O
of IN X O
Colchester NNP X O
and CC X O
currently RB X O
requires VBZ X O
Sales NNS X B-Occupation
Executives NNS X I-Occupation
with IN X O
great JJ X O
Customer NNP X B-Skill
Service NNP X I-Skill
skills NNS X O
ideally RB X O
for IN X O
immediate JJ X O
start NN X O
due JJ X O
to TO X O
expansion NN X O
and CC X O
client NN X O
demand NN X O
. . X O
You PRP X O

' '' X O
ll JJ X O
be VB X O
highly RB X B-Skill
proactive JJ X I-Skill
, , X O
with IN X O
a DT X O
focus NN X B-Skill
on IN X I-Skill
identifying VBG X I-Skill
opportunities NNS X I-Skill
to TO X I-Skill
improve VB X I-Skill
service NN X I-Skill
levels NNS X I-Skill
, , X O
and CC X O
possess VB X O
the DT X O
excellent JJ X B-Skill
interpersonal JJ X I-Skill
skills NNS X I-Skill
required VBN X I-Skill
to TO X I-Skill
interact VB X I-Skill
with IN X I-Skill
our PRP$ X I-Skill
customers NNS X I-Skill
on IN X I-Skill
a DT X I-Skill
daily JJ X I-Skill
basis NN X I-Skill
. . X O
k NN X O

, , X O
depending VBG X O
on IN X O
the DT X O
experience NN X O
you PRP X O
can MD X O
bring VB X O
to TO X O
the DT X O
table NN X O
, , X O
and CC X O
the DT X O
chance NN X O
to TO X O
join VB X O
a DT X O
growing VBG X O
agency NN X O
with IN X O
a DT X O
genuine JJ X O
opportunity NN X O
for IN X O
career NN X O
progression NN X O
. . X O
If IN X O

you PRP X O
have VBP X O
been VBN X O
tinkering VBG X O
with IN X O
Android NNP X B-Domain
technology NN X I-Domain
, , X O
and CC X O
have VBP X O
a DT X O
couple NN X O
of IN X O
apps NN X O
that IN X O
you PRP X O
have VBP X O
contributed VBN X O
to TO X O
in IN X O
your PRP$ X O
portfolio NN X O
, , X O
or CC X O
even RB X O
if IN X O
you PRP X O
are VBP X O
an DT X O
established VBN X B-Skill
Android NNP X B-Occupation
developer NN X I-Occupation
and CC X O
want VBP X O
to TO X O
join VB X O
an DT X O
exciting JJ X O
venture NN X O
, , X O
read VBN X O
on IN X O
. . X O
To TO X O

continuously VB X O
coordinate JJ X B-Skill
resources NNS X I-Skill
/ VBP X I-Skill
activity NN X I-Skill
in IN X I-Skill
real JJ X I-Skill
time NN X I-Skill
to TO X I-Skill
ensure VB X I-Skill
that IN X I-Skill
the DT X I-Skill
shift NN X I-Skill
completes VBZ X I-Skill
all DT X I-Skill
agreed VBD X I-Skill
tasks NNS X I-Skill
on IN X I-Skill
time NN X I-Skill
and CC X I-Skill
in IN X I-Skill
excess NN X I-Skill
of IN X I-Skill
the DT X I-Skill
minimum JJ X I-Skill
key JJ X I-Skill
performance NN X I-Skill
indicators NNS X I-Skill
Planning NNP X I-Skill
resources NNS X I-Skill
to TO X I-Skill
ensure VB X I-Skill
activities NNS X I-Skill
are VBP X I-Skill
achieved VBN X I-Skill
, , X I-Skill
sufficient JJ X I-Skill
staff NN X I-Skill
, , X I-Skill
are VBP X I-Skill
available JJ X I-Skill
and CC X I-Skill
that IN X I-Skill
the DT X I-Skill
rota NN X I-Skill
for IN X I-Skill
the DT X I-Skill
next JJ X I-Skill
6 CD X I-Skill
days NNS X I-Skill
is VBZ X I-Skill
fully RB X I-Skill
prepared JJ X I-Skill
including VBG X I-Skill
agency NN X I-Skill
bookings NNS X I-Skill
and CC X I-Skill
overtime NN X I-Skill
. . X O
Assessor NNP X B-Occupation

/ NNP X I-Occupation
Trainer NNP X I-Occupation
Required NNP X O
Chamber NNP X O
Training NNP X O
Humber NNP X O
Ltd NNP X O
require VBP X O
a DT X O
fulltime NN X O
workbased VBN X O
learning VBG X B-Skill
assessor NN X I-Skill
/ NNP X I-Skill
trainer NN X I-Skill
for IN X O
administration NN X B-Skill
, , X I-Skill
customer NN X I-Skill
service NN X I-Skill
and CC X I-Skill
functional JJ X I-Skill
skills NNS X I-Skill
. . X O
Liaising VBG X B-Skill

with IN X I-Skill
project JJ X I-Skill
partners NNS X I-Skill
and CC X O
working VBG X B-Skill
at IN X I-Skill
the DT X I-Skill
interface NN X I-Skill
between IN X I-Skill
disciplines NNS X I-Skill
on IN X O
the DT X O
transfer NN X B-Skill
of IN X I-Skill
software NN X I-Skill
and CC X I-Skill
techniques NNS X I-Skill
in IN X O
both DT X O
directions NNS X O
. . X O
The DT X O

ability NN X O
to TO X O
drive VB X O
and CC X O
having VBG X O
the DT X O
use NN X O
of IN X O
your PRP$ X O
own JJ X O
vehicle NN X O
during IN X O
your PRP$ X O
shift NN X O
is VBZ X O
essential JJ X O
for IN X O
this DT X O
post NN X O
. . X O
The DT X O

right JJ X O
person NN X O
will MD X O
be VB X O
a DT X O
top JJ X B-Skill
tier NN X I-Skill
C NNP X B-Occupation
Developer NNP X I-Occupation
and CC X O
have VBP X O
a DT X O
degree NN X B-Qualification
with IN X O
a DT X O
significant JJ X O
computing NN X B-Skill
and CC X O
preferably RB X O
some DT X O
mathematics NNS X B-Skill
portion NN X O
. . X O
As IN X O

the DT X O
business NN X O
continues VBZ X O
to TO X O
grow VB X O
over IN X O
the DT X O
next JJ X O
two CD X O
to TO X O
three CD X O
years NNS X O
, , X O
opportunities NNS X O
will MD X O
open VB X O
up RP X O
for IN X O
progression NN X O
whether IN X O
that DT X O
be VB X O
upwards NNS X O
within IN X O
this DT X O
team NN X O
or CC X O
elsewhere RB X O
within IN X O
the DT X O
business NN X O
. . X O
If IN X O

you PRP X O
would MD X O
like VB X O
to TO X O
find VB X O
out RP X O
more JJR X O
please NN X O
have VB X O
a DT X O
full JJ X O
up RP X O
to TO X O
date NN X O
CV NNP X O
ready NN X O
and CC X O
follow VB X O
the DT X O
links NNS X O
on IN X O
this DT X O
page NN X O
to TO X O
apply VB X O
. . X O
We PRP X O

can MD X O
guarantee VB X O
a DT X O
friendly JJ X O
and CC X O
professional JJ X O
service NN X O
and CC X O
offer VB X O
a DT X O
variety NN X O
of IN X O
work NN X O
around IN X O
the DT X O
local JJ X O
area NN X O
, , X O
whether IN X O
you PRP X O
are VBP X O
looking VBG X O
for IN X O
parttime NN X O
, , X O
fulltime NN X O
or CC X O
flexible JJ X O
hours NNS X O
. . X O
Applications NNS X O

are VBP X O
handled VBN X O
by IN X O
the DT X O
RCUK NNP X O
Shared NNP X O
Services NNP X O
Centre NNP X O
; : X O
to TO X O
apply VB X O
please JJ X O
visit VB X O
our PRP$ X O
job NN X O
board NN X O
on IN X O
our PRP$ X O
website NN X O
and CC X O
complete VB X O
an DT X O
online JJ X O
application NN X O
. . X O
We PRP X O

are VBP X O
looking VBG X O
for IN X O
the DT X O
right JJ X O
individuals NNS X O
with IN X O
demonstrable JJ X O
skills NNS X B-Skill
and CC X O
experience NN X B-Skill
at IN X O
the DT X O
level NN X O
identified VBN X O
to TO X O
join VB X O
out RP X O
dynamic JJ X O
hospital NN X O
. . X O
Corporate JJ X B-Skill

risk NN X I-Skill
assessments NNS X I-Skill
Management NNP X I-Skill
of IN X I-Skill
your PRP$ X I-Skill
own JJ X I-Skill
and CC X I-Skill
team NN X I-Skill
s NN X I-Skill
role NN X I-Skill
in IN X I-Skill
relation NN X I-Skill
to TO X I-Skill
health NN X I-Skill
, , X I-Skill
safety NN X I-Skill
and CC X I-Skill
security NN X I-Skill
. . X O
Additional JJ X O

Keywords NNS X O
: : X O
Business NNP X B-Occupation
Development NNP X I-Occupation
Director NNP X I-Occupation
, , X O
Business NNP X B-Occupation
Development NNP X I-Occupation
Manager NNP X I-Occupation
, , X O
Customer NNP X B-Occupation
Account NNP X I-Occupation
Manager NNP X I-Occupation
, , X O
Senior NNP X B-Occupation
Sales NNS X I-Occupation
Executive NNP X I-Occupation
, , X O
Sales NNS X B-Occupation
Account NNP X I-Occupation
Manager NNP X I-Occupation
, , X O
Field NNP X B-Occupation
Sales NNS X I-Occupation
Executive NNP X I-Occupation
, , X O
Field NNP X B-Occupation
Sales NNS X I-Occupation
, , X O
Area NNP X B-Occupation
Sales NNS X I-Occupation
Manager NNP X I-Occupation
, , X O
Regional NNP X B-Occupation
Sales NNS X I-Occupation
Manager NNP X I-Occupation
, , X O
Customer NNP X B-Occupation
Account NNP X I-Occupation
Manager NNP X I-Occupation
, , X O
Client NNP X B-Occupation
Account NNP X I-Occupation
Manager NNP X I-Occupation
. . X O
A DT X O

company NN X O
that WDT X O
even RB X O
through IN X O
the DT X O
recession NN X O
has VBZ X O
continued VBN X O
to TO X O
invest VB X O
and CC X O
grow VB X O
market NN X O
share NN X O
with IN X O
turnover NN X O
increasing VBG X O
20 CD X O
% NN X O
year NN X O
on IN X O
year NN X O
. . X O
**** NN X O

jobs NNS X O
is VBZ X O
a DT X O
professional JJ X O
, , X O
friendly JJ X O
and CC X O
progressive JJ X O
recruitment NN X O
consultancy NN X O
established VBN X O
in IN X O
2000 CD X O
dedicated VBD X O
to TO X O
food NN X B-Domain
manufacturing NN X I-Domain
industry NN X O
. . X O
You PRP X O

will MD X O
be VB X O
instrumental JJ X B-Skill
in IN X I-Skill
producing VBG X I-Skill
a DT X I-Skill
timely JJ X I-Skill
and CC X I-Skill
accurate JJ X I-Skill
payroll NN X I-Skill
for IN X O
Ensure NN X B-Skill

all DT X I-Skill
orders NNS X I-Skill
are VBP X I-Skill
processed VBN X I-Skill
and CC X I-Skill
delivered VBN X I-Skill
accurately RB X I-Skill
from IN X O
the DT X O
start NN X O
to TO X O
the DT X O
end NN X O
of IN X O
the DT X O
customer NN X O
experience NN X O
You PRP X O

will MD X O
be VB X O
a DT X O
strong JJ X O
communicator NN X B-Skill
both DT X I-Skill
verbally RB X I-Skill
and CC X I-Skill
written VBN X I-Skill
, , X O
with IN X O
a DT X O
positive JJ X B-Skill
and CC X I-Skill
creative JJ X I-Skill
approach NN X I-Skill
to TO X I-Skill
your PRP$ X I-Skill
work NN X I-Skill
. . X O
The DT X O

employer NN X B-Occupation
has VBZ X O
claimed VBN X O
an DT X O
exception NN X O
under IN X O
the DT X O
Equality NNP X O
Act NNP X O
2010 CD X O
. . X O
An DT X O

appreciation NN X B-Skill
and CC X I-Skill
commitment NN X I-Skill
to TO X I-Skill
Health NNP X I-Skill
Safety NNP X I-Skill
issues NNS X I-Skill
in IN X I-Skill
the DT X I-Skill
workplace NN X I-Skill
**** JJ X O

staff NN X O
and CC X O
provide VB X O
a DT X O
comprehensive JJ X O
range NN X O
of IN X O
primary JJ X B-Domain
, , X O
community NN X B-Domain
and CC X O
acute NN X B-Domain
care NN X I-Domain
services NNS X I-Domain
for IN X O
the DT X O
populations NNS X O
of IN X O
Edinburgh NNP X O
, , X O
Midlothian NNP X O
, , X O
East NNP X O
Lothian NNP X O
and CC X O
West NNP X O
Lothian NNP X O
. . X O
My PRP$ X O

client NN X O
would MD X O
prefer VB X O
candidates NNS X O
to TO X O
be VB X O
certified VBN X B-Qualification
in IN X I-Qualification
MCITP NNP X I-Qualification
server NN X I-Qualification
NCP NNP X O

have VBP X O
been VBN X O
Britains NNP X O
Number NNP X O
One NNP X O
for IN X O
Parking NNP X O
Services NNPS X O
for IN X O
seventy JJ X O
five CD X O
years NNS X O
and CC X O
its PRP$ X O
all DT X O
thanks NNS X O
to TO X O
our PRP$ X O
people NNS X O
. . X O
The DT X O

ideal JJ X O
candidate NN X O
will MD X O
have VB X O
at IN X O
least JJS X O
2 CD X B-Qualification
years NNS X I-Qualification
' POS X I-Qualification
teaching VBG X I-Qualification
experience NN X B-Skill
with IN X O
recent JJ X O
experience NN X B-Skill
teaching NN X I-Skill
Business NNP X B-Domain
and CC X O
Economics NNP X B-Domain
to TO X O
You PRP X O

will MD X O
be VB X O
methodical JJ X B-Skill
, , X O
logical JJ X B-Skill
and CC X O
flexible JJ X B-Skill
in IN X O
your PRP$ X O
approach NN X O
with IN X O
an DT X O
ability NN X O
to TO X O
work VB X B-Skill
under IN X I-Skill
pressure NN X I-Skill
. . X O
As IN X O

a DT X O
Registered NNP X B-Occupation
Nurse NNP X I-Occupation
you PRP X O
have VBP X O
responsibility NN X O
for IN X O
leading VBG X O
your PRP$ X O
shift NN X O
to TO X O
ensure VB X B-Skill
we PRP X I-Skill
deliver VB X I-Skill
excellent JJ X I-Skill
standards NNS X I-Skill
of IN X I-Skill
care NN X I-Skill
; : X O
promoting VBG X B-Skill
independence NN X I-Skill
and CC X I-Skill
dignity NN X I-Skill
and CC X O
positively RB X B-Skill
enhancing VBG X I-Skill
the DT X I-Skill
lives NNS X I-Skill
of IN X I-Skill
individuals NNS X I-Skill
in IN X I-Skill
our PRP$ X I-Skill
care NN X I-Skill
. . X O
Can MD X O

demonstrate VB X O
experience NN X O
in IN X O
fault NN X B-Skill
finding NN X I-Skill
and CC X O
managing VBG X B-Skill
warranty NN X I-Skill
issues NNS X I-Skill
hands NNS X O

on IN X O
` `` X O
position NN X O
Vibrant NN X O
managers NNS X O
with IN X O
a DT X O
proven JJ X O
track NN X B-Skill
record NN X I-Skill
in IN X I-Skill
leading VBG X I-Skill
or CC X I-Skill
supervising VBG X I-Skill
a DT X I-Skill
customer NN X I-Skill
facing NN X I-Skill
team NN X I-Skill
within IN X I-Skill
a DT X I-Skill
fast JJ X I-Skill
paced JJ X I-Skill
hospitality NN X I-Skill
, , X I-Skill
retail JJ X I-Skill
or CC X I-Skill
leisure NN X I-Skill
business NN X I-Skill
to TO X O
join VB X O
our PRP$ X O
talent NN X O
pool NN X O
Recruiting NNP X B-Skill
, , X O
training NN X B-Skill
, , X O
coaching VBG X B-Skill
and CC X O
developing VBG X B-Skill
a DT X I-Skill
team NN X I-Skill
who WP X I-Skill
will MD X I-Skill
deliver VB X I-Skill
exceptional JJ X I-Skill
customer NN X I-Skill
service NN X I-Skill
and CC X I-Skill
a DT X I-Skill
great JJ X I-Skill
memorable JJ X I-Skill
customer NN X I-Skill
experience NN X I-Skill
Devising NNP X I-Skill
, , X O
implementing VBG X B-Skill
and CC X O
monitoring VBG X B-Skill
sales NNS X I-Skill
activities NNS X I-Skill
in IN X I-Skill
order NN X I-Skill
to TO X I-Skill
achieve VB X I-Skill
both DT X I-Skill
gross JJ X I-Skill
and CC X I-Skill
net JJ X I-Skill
% NN X I-Skill
sales NNS X I-Skill
targets NNS X I-Skill
. . X O
Appreciation NN X O

of IN X O
SIMD NNP X B-Skill
and CC X O
DSP NNP X B-Skill
or CC X O
VLIW NNP X B-Skill
computer NN X O
architectures NNS X O
. . X O
OR CC X O

Charge NNP X O
Nurse NNP X O
Fiona NNP X O
Gaskell NNP X O
in IN X O
the DT X O
Intensive NNP X B-Domain
Care NNP X I-Domain
Unit NNP X O
on IN X O
fiona NN X O
. . X O
gaskellnhslothian JJ X O
. . X O
scot NN X O
. . X O
nhs NN X O
. . X O
uk NN X O
. . X O
Previous JJ X O

experience NN X O
with IN X O
working VBG X O
on IN X O
full JJ X O
lifecycle NN X O
implementations NNS X B-Skill
of IN X I-Skill
Microsoft NNP X I-Skill
Dynamics NNP X I-Skill
CRM NNP X I-Skill
. . X O
The DT X O

ideal JJ X O
candidate NN X O
should MD X O
have VB X O
experience NN X O
in IN X O
the DT X O
following JJ X O
areas NNS X O
: : X O
Medication NN X B-Skill
Shift NNP X I-Skill
Leading NNP X I-Skill
Personal NNP X I-Skill
Care NNP X I-Skill
senior JJ X O

Front NNP X B-Occupation
End NNP X I-Occupation
web VBZ X I-Occupation
developer NN X I-Occupation
with IN X O
a DT X O
strong JJ X O
desire NN X O
to TO X O
develop VB X B-Skill
pixel JJ X I-Skill
perfect JJ X I-Skill
websites NNS X I-Skill
. . X O
Previous JJ X O

sales NNS X B-Domain
experience NN X O
Excellent NNP X O
telephone NN X B-Skill
manner NN X I-Skill
Ability NNP X O
to TO X O
qualify VB X B-Skill
calls NNS X I-Skill
Working VBG X O
Monday NNP X O
to TO X O
Friday NNP X O
9 CD X O
. . X O
00am6 CD X O
. . X O
00pm CD X O
Good JJ X O

understanding NN X B-Skill
of IN X I-Skill
Database NNP X I-Skill
Design NNP X I-Skill
Administration NNP X I-Skill
concepts VBZ X I-Skill
TSQL NNP X I-Skill
scripting VBG X I-Skill
Views NNP X I-Skill
, , X O
stored VBD X B-Skill
procedures NNS X I-Skill
, , X O
functions NNS X B-Skill
SSRS NNP X I-Skill
, , X O
SSIS NNP X B-Skill
SSAS NNP X I-Skill
Excellent NNP X O
communication NN X B-Skill
skills NNS X I-Skill
able JJ X I-Skill
to TO X I-Skill
interact VB X I-Skill
confidently RB X I-Skill
at IN X I-Skill
all DT X I-Skill
levels NNS X I-Skill
Flexible NNP X I-Skill
approach NN X I-Skill
with IN X O
a DT X O
strong JJ X O
attention NN X B-Skill
to TO X I-Skill
detail VB X I-Skill
you PRP X O

are VBP X O
interested JJ X O
in IN X O
hearing VBG X O
more JJR X O
about IN X O
the DT X O
opportunities NNS X O
mentioned VBD X O
or CC X O
other JJ X O
Clinical JJ X B-Domain
Coding NNP X I-Domain
opportunities NNS X O
that WDT X O
GSA NNP X O
Techsource NNP X O
are VBP X O
recruiting VBG X O
for IN X O
This DT X O

is VBZ X O
an DT X O
exciting JJ X O
opportunity NN X O
to TO X O
join VB X O
one CD X O
of IN X O
the DT X O
UK NNP X O
s NN X O
leading VBG X O
Financial JJ X B-Domain
Institutions NNP X O
as IN X O
a DT X O
Senior NNP X B-Occupation
Admin NNP X I-Occupation
on IN X O
a DT X O
contract NN X O
basis NN X O
. . X O
Other JJ X O

requirements NNS X O
are VBP X O
: : X O
You PRP X O
must MD X O
have VB X O
an DT X O
up NN X O
to TO X O
date NN X O
NMC NNP X O
Media NNP X O

shaping VBG X O
one CD X O
of IN X O
the DT X O
biggest JJS X O
media NNS X B-Domain
spends NNS X O
in IN X O
the DT X O
UK NNP X O
with IN X O
extensive JJ X O
opportunities NNS X O
to TO X O
contribute VB X B-Skill
to TO X I-Skill
online VB X I-Skill
, , X I-Skill
TV NN X I-Skill
, , X I-Skill
print NN X I-Skill
, , X I-Skill
outdoor NN X I-Skill
and CC X I-Skill
in IN X I-Skill
store NN X I-Skill
campaigns NNS X I-Skill
. . X O
Our PRP$ X O

client NN X O
, , X O
a DT X O
successful JJ X O
media NNS X B-Domain
industry NN X I-Domain
leader NN X O
needs VBZ X O
a DT X O
solid JJ X O
, , X O
senior JJ X B-Occupation
developer NN X I-Occupation
to TO X O
join VB X O
its PRP$ X O
Design NNP X B-Skill
and CC X O
Development NNP X B-Skill
team NN X O
. . X O
Carry NNP X B-Skill

out RP X I-Skill
any DT X I-Skill
reasonable JJ X I-Skill
request NN X I-Skill
within IN X O
your PRP$ X O
capability NN X B-Skill
as IN X O
directed VBN X O
. . X O
Ensure NN X O

that IN X O
I PRP X O
maximise VBP X B-Skill
value NN X I-Skill
for IN X I-Skill
money NN X I-Skill
for IN X I-Skill
members NNS X I-Skill
, , X O
grow JJ X B-Skill
sales NNS X I-Skill
, , X O
drive JJ X B-Skill
retention NN X I-Skill
and CC X I-Skill
reduce VB X I-Skill
attrition NN X I-Skill
through IN X O
the DT X O
key JJ X O
tasks NNS X O
of IN X O
member NN X O
engagement NN X O
, , X O
enhancing VBG X B-Skill
Brand NNP X I-Skill
Standards NNPS X I-Skill
and CC X I-Skill
member NN X I-Skill
participation NN X I-Skill
. . X O
Ensure NN X B-Skill

procedures NNS X I-Skill
are VBP X I-Skill
followed VBN X I-Skill
and CC X O
help VB X B-Skill
maintain VB X I-Skill
the DT X I-Skill
procedures NNS X I-Skill
that WDT X I-Skill
relate VBP X I-Skill
to TO X I-Skill
work VB X I-Skill
and CC X I-Skill
practices NNS X I-Skill
within IN X I-Skill
the DT X I-Skill
Home NNP X I-Skill
. . X O
To TO X O

apply VB X O
for IN X O
this DT X O
position NN X O
, , X O
candidates NNS X O
must MD X O
be VB X O
eligible JJ X B-Qualification
to TO X I-Qualification
live VB X I-Qualification
and CC X I-Qualification
work VB X I-Qualification
in IN X I-Qualification
the DT X I-Qualification
UK NNP X I-Qualification
Today NN X O

their PRP$ X O
global JJ X B-Domain
business NN X I-Domain
comprises NNS X O
of IN X O
: : X O
film NN X B-Domain
studios NNS X I-Domain
, , X O
television NN X B-Domain
stations NNS X I-Domain
, , X O
theme NN X B-Domain
parks NNS X I-Domain
, , X O
media NNS X B-Domain
networks NNS X I-Domain
and CC X O
retail JJ X B-Domain
outlets NNS X I-Domain
. . X O
On IN X O

the DT X O
whole JJ X O
behaviour NN X O
is VBZ X O
deemed VBN X O
to TO X O
be VB X O
good JJ X O
in IN X O
School NNP X O
; : X O
the DT X O
Head NNP X B-Occupation
teacher NN X I-Occupation
is VBZ X O
highly RB X O
regarded VBN X O
by IN X O
governors NNS X O
and CC X O
parents NNS X O
for IN X O
the DT X O
recent JJ X O
improvements NNS X O
. . X O
We PRP X O

are VBP X O
the DT X O
first JJ X O
retailer NN X B-Domain
in IN X O
the DT X O
world NN X O
, , X O
and CC X O
the DT X O
only JJ X O
nonUS JJ X O
company NN X O
to TO X O
win VB X O
the DT X O
Gallup NNP X O
worldwide NNP X O
award NN X O
for IN X O
outstanding JJ X O
Employee NNP X O
Engagement NNP X O
, , X O
picking VBG X O
up RP X O
the DT X O
award NN X O
for IN X O
the DT X O
last JJ X O
five CD X O
years NNS X O
running VBG X O
. . X O
Facebook NNP X O

is VBZ X O
one CD X O
of IN X O
the DT X O
largest JJS X O
Social JJ X O
Network NN X O
Sites NNS X O
and CC X O
to TO X O
advertise VB X O
on IN X O
the DT X O
network NN X O
is VBZ X O
a DT X O
must MD X O
for IN X O
every DT X O
business NN X O
. . X O
Ideally RB X O

the DT X O
successful JJ X O
candidate NN X O
will MD X O
have VB X O
/ VBN X O
be VB X O
A DT X O
good JJ X O
career NN X O
background NN X O
working VBG X O
as IN X O
a DT X O
Lift NNP X B-Occupation
Engineer NNP X I-Occupation
. . X O
To TO X O

build VB X O
a DT X O
strong JJ X O
centre NN X O
where WRB X O
team NN X B-Occupation
members NNS X I-Occupation
are VBP X O
coached VBN X O
and CC X O
developed VBN X O
to TO X O
meet VB X O
their PRP$ X O
targets NNS X O
1 CD X O
. . X B-Skill
Act NNP X I-Skill
as IN X I-Skill
a DT X I-Skill
rolemodel NN X I-Skill
, , X O
demonstrating VBG X B-Skill
a DT X I-Skill
consistent JJ X I-Skill
example NN X I-Skill
of IN X I-Skill
customer NN X I-Skill
service NN X I-Skill
standards NNS X I-Skill
, , X O
communication NN X B-Skill
skills NNS X I-Skill
and CC X O
open JJ X B-Skill
and CC X I-Skill
honest JJS X I-Skill
feedback NN X I-Skill
The DT X O

focus NN X O
of IN X O
this DT X O
role NN X O
is VBZ X O
to TO X O
project VB X O
manage VB X O
the DT X O
implementation NN X O
of IN X O
new JJ X O
services NNS X O
within IN X O
the DT X O
organization NN X O
and CC X O
to TO X O
lead VB X O
the DT X O
team NN X O
through IN X O
the DT X O
growth NN X O
of IN X O
the DT X O
offer NN X O
. . X O
IS VBZ X O

LOOKING VBG X O
FOR IN X O
A NNP X O
SWITCHED NNP X B-Skill
ON NNP X I-Skill
GENERAL NNP X B-Occupation
MANAGER NNP X I-Occupation
TO NNP X O
RUN NNP X O
THEIR NNP X O
EXISTING NNP X O
SITE NNP X O
IN NNP X O
LUTON NNP X O
Attention NN X B-Skill

to TO X I-Skill
detail VB X I-Skill
and CC X O
communication NN X B-Skill
skills NNS X I-Skill
as RB X O
well RB X O
as IN X O
the DT X O
ability NN X O
to TO X O
act VB X B-Skill
on IN X I-Skill
your PRP$ X I-Skill
own JJ X I-Skill
initiative NN X I-Skill
to TO X O
follow VB X B-Skill
problems NNS X I-Skill
through IN X I-Skill
to TO X I-Skill
logical JJ X I-Skill
conclusion NN X I-Skill
. . X O
Opportunities NNS X O

for IN X O
Chartered NNP X B-Occupation
Surveyors NNPS X I-Occupation
to TO X O
join VB X O
an DT X O
expanding VBG X O
firm NN X O
with IN X O
Provincewide NNP X O
Network NNP X O
. . X O
Are NNP X O

you PRP X O
a DT X O
determined VBN X B-Skill
, , X O
up RB X O
and CC X O
coming VBG X O
candidate NN X O
with IN X O
experience NN X O
of IN X O
working VBG X O
in IN X O
sales NNS X B-Domain
/ VBP X I-Domain
marketing VBG X I-Domain
/ NN X I-Domain
business NN X I-Domain
development NN X I-Domain
within IN X O
TV NN X O
, , X O
video NN X O
or CC X O
animation NN X O
? . X O
Most JJS X O

importantly RB X O
you PRP X O
must MD X O
have VB X O
a DT X O
passion NN X B-Skill
for IN X I-Skill
programming NN X I-Skill
and CC X O
the DT X O
desire NN X O
to TO X O
learn VB X O
new JJ X O
skills NNS X O
as IN X O
my PRP$ X O
client NN X O
is VBZ X O
prepared VBN X O
to TO X O
fund VB X O
qualifications NNS X O
and CC X O
allocate VB X O
working JJ X O
time NN X O
to TO X O
learn VB X O
new JJ X O
technologies NNS X O
to TO X O
help VB X O
increase VB X O
the DT X O
ability NN X O
of IN X O
its PRP$ X O
development NN X O
team NN X O
. . X O
Taxonomists NNS X B-Occupation

work VBP X O
alongside RB X O
technologists NNS X B-Occupation
, , X O
product NN X B-Occupation
managers NNS X I-Occupation
and CC X O
UX NNP X B-Occupation
/ NNP X I-Occupation
IA NNP X I-Occupation
designers NNS X I-Occupation
in IN X O
the DT X O
development NN X O
of IN X O
our PRP$ X O
new JJ X O
products NNS X O
. . X O
Excellent JJ X O

and CC X O
demonstrable JJ X O
mathematical JJ X B-Skill
ability NN X I-Skill
and CC X I-Skill
skills NNS X I-Skill
in IN X I-Skill
probability NN X I-Skill
and CC X I-Skill
statistics NNS X I-Skill
. . X O
The DT X O

responsibilities NNS X O
of IN X O
the DT X O
Manufacturing NNP X B-Occupation
Engineer NNP X I-Occupation
are VBP X O
as IN X O
follows VBZ X O
: : X O
Engineering JJ X B-Skill
precision NN X I-Skill
components NNS X I-Skill
to TO X I-Skill
customer NN X I-Skill
specifications NNS X I-Skill
NC NNP X I-Skill
Programming NNP X I-Skill
Create NNP X I-Skill
and CC X I-Skill
maintain VB X I-Skill
CNC NNP X I-Skill
programs NNS X I-Skill
New NNP X I-Skill
Product NNP X I-Skill
Introduction NNP X I-Skill
Tool NNP X I-Skill
making VBG X I-Skill
Sourcing NNP X I-Skill
of IN X I-Skill
machine NN X I-Skill
tools NNS X I-Skill
for IN X O
new JJ X O
projects NNS X O
Use VBP X O
lean JJ X B-Skill
methods NNS X I-Skill
to TO X I-Skill
drive VB X I-Skill
improvement NN X I-Skill
activities NNS X I-Skill
To TO X O
fulfil VB X O
these DT X O
requirements NNS X O
you PRP X O
must MD X O
have VB X O
the DT X O
following JJ X O
skills NNS X O
/ JJ X O
experience NN X O
: : X O
Strong JJ X O
precision NN X B-Skill
machining VBG X I-Skill
experience NN X O
Experience NN X O
of IN X O
NC NNP X B-Skill
Programming NNP X I-Skill
The DT X O

main JJ X O
purpose NN X O
of IN X O
the DT X O
role NN X O
will MD X O
be VB X O
to TO X O
provide VB X B-Skill
a DT X I-Skill
safe JJ X I-Skill
, , X I-Skill
high JJ X I-Skill
quality NN X I-Skill
and CC X I-Skill
cost NN X I-Skill
effective JJ X I-Skill
maintenance NN X I-Skill
service NN X I-Skill
, , X I-Skill
including VBG X I-Skill
preventative JJ X I-Skill
and CC X I-Skill
breakdown JJ X I-Skill
maintenance NN X I-Skill
. . X O
This DT X O

is VBZ X O
a DT X O
researchbased JJ X O
post NN X O
focused VBD X O
on IN X O
field NN X B-Skill
instrumentation NN X I-Skill
and CC X I-Skill
measurements NNS X I-Skill
. . X O
Working VBG X O

for IN X O
a DT X O
market NN X O
leading VBG X O
award JJ X O
winner NN X O
, , X O
selling VBG X B-Skill
a DT X I-Skill
consultative JJ X I-Skill
solution NN X I-Skill
to TO X I-Skill
all DT X I-Skill
businesses NNS X I-Skill
and CC X I-Skill
consumers NNS X I-Skill
. . X O
Implementing VBG X B-Skill

a DT X I-Skill
training NN X I-Skill
calendar NN X I-Skill
for IN X I-Skill
the DT X I-Skill
year NN X I-Skill
ensuring VBG X I-Skill
all DT X I-Skill
training NN X I-Skill
is VBZ X I-Skill
tracked VBN X I-Skill
and CC X I-Skill
monitored VBN X I-Skill
and CC X O
They PRP X O

are VBP X O
urgently RB X O
seeking VBG X O
a DT X O
PLC NNP X B-Occupation
Software NNP X I-Occupation
Engineer NNP X I-Occupation
to TO X O
join VB X O
their PRP$ X O
experienced JJ X O
team NN X O
. . X O
, , X O

this DT X O
role NN X O
is VBZ X O
the DT X O
perfect JJ X O
opportunity NN X O
for IN X O
a DT X O
market NN X O
insight JJ X O
analyst NN X B-Occupation
to TO X O
take VB X O
the DT X O
next JJ X O
step NN X O
in IN X O
their PRP$ X O
career NN X O
. . X O
**** JJ X O

unit NN X O
residential JJ X O
project NN X O
phased VBD X O
over IN X O
6 CD X O
years NNS X O
in IN X O
South NNP X O
East NNP X O
London NNP X O
. . X O
Run NNP X O

access NN X O
control NN X O
cabling VBG X O
from IN X O
existing VBG X O
controller NN X O
to TO X O
designated VBN X O
door NN X O
and CC X O
equipment NN X O
. . X O
The DT X O

Business NNP X B-Occupation
Development NNP X I-Occupation
Director NNP X I-Occupation
will MD X O
have VB X O
a DT X O
minimum JJ X O
life NN X B-Qualification
science NN X I-Qualification
B NNP X I-Qualification
. . X I-Qualification
A NNP X I-Qualification
. . X O
or CC X O
B NNP X B-Qualification
. . X I-Qualification
Sc NNP X I-Qualification
coupled VBD X O
with IN X O
extensive JJ X O
experience NN X O
in IN X O
selling VBG X B-Skill
the DT X I-Skill
services NNS X I-Skill
of IN X I-Skill
a DT X I-Skill
CRO NNP X I-Skill
. . X O
The DT X O

package NN X O
offered VBN X O
is VBZ X O
likely JJ X O
to TO X O
be VB X O
c JJ X O
**** NNP X O
k NN X O
bonus NN X O
/ NNP X O
benefits NNS X O
great JJ X O
opportunities NNS X O
for IN X O
career NN X O
progression NN X O
. . X O
As IN X O

the DT X O
school NN X O
grows NNS X O
, , X O
they PRP X O
` `` X O
re VB X O
looking VBG X O
for IN X O
people NNS X O
to TO X O
work VB X O
with IN X O
who WP X O
will MD X O
share NN X O
their PRP$ X O
commitment NN X B-Skill
to TO X O
excellence VB X O
, , X O
innovation NN X B-Skill
and CC X O
collaboration NN X B-Skill
. . X O
A DT X O

background NN X B-Skill
in IN X I-Skill
licensed JJ X I-Skill
products NNS X I-Skill
Excellent JJ X O
communication NN X B-Skill
skills NNS X O
Sales NNS X B-Occupation
Manager NNP X I-Occupation
Strong JJ X B-Skill

underwriting NN X I-Skill
and CC X I-Skill
pricing NN X I-Skill
experience NN X O
, , X O
across IN X O
both DT X O
the DT X O
Retail NNP X B-Domain
and CC X O
Commercial NNP X B-Domain
Fleet NNP X O
/ NNP X B-Domain
motor NN X I-Domain
trade NN X I-Domain
sectors NNS X O
. . X O
Ensure NN X B-Skill

the DT X O
care NN X O
and CC X O
safety NN X O
of IN X O
residents NNS X O
and CC X O
their PRP$ X O
possessions NNS X O
. . X O
Catch NNP X O

Resource NNP X O
Management NNP X O
Ltd NNP X O
. . X O
operates VBZ X O
as IN X O
an DT X O
employment NN X O
agency NN X O
and CC X O
employment NN X O
business NN X O
and CC X O

we PRP X O
have VBP X O
a DT X O
fantastic JJ X O
opportunity NN X O
for IN X O
a DT X O
strong JJ X O
sous JJ X B-Occupation
chef NN X I-Occupation
to TO X O
join VB X O
their PRP$ X O
team NN X B-Skill
. . X O
Further RB X O

bonus NN X O
on IN X O
an DT X O
annual JJ X O
basis NN X O
which WDT X O
is VBZ X O
staggered VBN X O
based VBN X O
on IN X O
UDA NNP X O
total JJ X O
achieved VBD X O
: : X O
For IN X O
the DT X O
first JJ X O
Any DT X O

industry NN X B-Skill
experience NN X I-Skill
would MD X O
be VB X O
desirable JJ X O
Additional NNP X O
Information NNP X O
Benefits NNP X O
Quarterly NNP X O
Bonus NNP X O
Scheme NNP X O
28 CD X O
days NNS X O
holiday NN X O
prorata VBP X O
Full NNP X O
Training NN X O
We PRP X O

really RB X O
are VBP X O
looking VBG X O
for IN X O
this DT X O
person NN X O
to TO X O
fly VB X O
from IN X O
Day NNP X O
One NNP X O
, , X O
so IN X O
experience NN X B-Skill
is VBZ X I-Skill
necessary JJ X I-Skill
, , X O
and CC X O
on IN X O
many JJ X O
occasions NNS X O
you PRP X O
will MD X O
feel VB X O
that IN X O
we PRP X O
have VBP X O
dropped VBN X O
you PRP X O
right RB X O
in IN X O
it PRP X O
with IN X O
tight JJ X B-Skill
deadlines NNS X I-Skill
and CC X O
a DT X O
lack NN X O
of IN X O
resources NNS X O
other JJ X O
times NNS X O
it PRP X O
will MD X O
be VB X O
fun NN X O
This DT X O

will MD X O
include VB X O
identifying NN X B-Skill
and CC X I-Skill
contracting VBG X I-Skill
a DT X I-Skill
variety NN X I-Skill
of IN X I-Skill
suitable JJ X I-Skill
workshop NN X I-Skill
and CC X I-Skill
service NN X I-Skill
providers NNS X I-Skill
. . X O
In IN X O

addition NN X O
to TO X O
the DT X O
above NN X O
you PRP X O
will MD X O
be VB X O
on IN X O
a DT X O
rota NN X O
for IN X O
out IN X O
of IN X O
hours NNS X O
work VBP X O
My PRP$ X O

reputable JJ X O
and CC X O
growing VBG X O
client NN X O
in IN X O
North NNP X O
London NNP X O
have VBP X O
advised VBN X O
me PRP X O
they PRP X O
are VBP X O
urgently RB X O
recruiting VBG X O
for IN X O
an DT X O
experienced JJ X O
Senior NNP X B-Occupation
to TO X O
join VB X O
their PRP$ X O
professional JJ X O
team NN X O
. . X O
per IN X O

annum NN X O
plus CC X O
23 CD X O
days NNS X O
holiday NN X O
per IN X O
year NN X O
plus CC X O
statutory JJ X O
bank NN X B-Domain
holidays NNS X O
. . X O
Establishing VBG X B-Skill

and CC X I-Skill
maintaining VBG X I-Skill
relationships NNS X I-Skill
with IN X I-Skill
external JJ X I-Skill
agents NNS X I-Skill
and CC X I-Skill
Suppliers NNS X I-Skill
, , X O
to TO X O
ensure VB X B-Skill
dataflows NNS X I-Skill
are VBP X I-Skill
sent JJ X I-Skill
and CC X I-Skill
received VBN X I-Skill
in IN X I-Skill
an DT X I-Skill
accurate NN X I-Skill
and CC X I-Skill
timely JJ X I-Skill
manner NN X I-Skill
. . X O
: : X O

Please VB X O
send VB X O
your PRP$ X O
CV NNP X O
and CC X O
a DT X O
covering JJ X O
letter NN X O
including VBG X O
your PRP$ X O
salary JJ X O
expectations NNS X O
to TO X O
the DT X O
recruitment NN X O
team NN X O
at IN X O
recruitmentipcmedia NN X O
. . X O
com NN X O
Graphic NNP X B-Occupation

and CC X I-Occupation
Web NNP X I-Occupation
Designer NNP X I-Occupation
Maternity NNP X O
Cover NNP X O
UCL NNP X O
Medical NNP X O
Illustration NNP X O
Part NNP X O
Time NNP X O
: : X O
29 CD X O
. . X O
2 CD X O
hours NNS X O
per IN X O
week NN X O
80 CD X O
% NN X O
FTE NNP X O
You PRP X O

will MD X O
be VB X O
operating VBG X B-Skill
a DT X I-Skill
forklift NN X I-Skill
on IN X O
site NN X O
and CC X O
helping VBG X O
other JJ X O
tradesman NN X O
if IN X O
necessary JJ X O
. . X O
You PRP X O

should MD X O
have VB X O
an DT X O
understanding NN X B-Skill
of IN X I-Skill
how WRB X I-Skill
to TO X I-Skill
support VB X I-Skill
people NNS X I-Skill
in IN X I-Skill
their PRP$ X I-Skill
own JJ X I-Skill
homes NNS X I-Skill
as IN X O
you PRP X O
will MD X O
manage VB X B-Skill
rosters NNS X I-Skill
, , X I-Skill
care NN X I-Skill
plans NNS X I-Skill
and CC X I-Skill
visit NN X I-Skill
allocations NNS X I-Skill
so IN X I-Skill
that DT X I-Skill
staff NN X I-Skill
have VBP X I-Skill
sufficient JJ X I-Skill
work NN X I-Skill
, , X I-Skill
visits NNS X I-Skill
are VBP X I-Skill
scheduled VBN X I-Skill
at IN X I-Skill
the DT X I-Skill
agreed JJ X I-Skill
times NNS X I-Skill
and CC X I-Skill
that DT X I-Skill
continuity NN X I-Skill
of IN X I-Skill
care NN X I-Skill
is VBZ X I-Skill
maintained VBN X I-Skill
ensuring VBG X I-Skill
that IN X I-Skill
staff NN X I-Skill
have VBP X I-Skill
the DT X I-Skill
information NN X I-Skill
necessary JJ X I-Skill
to TO X I-Skill
successfully RB X I-Skill
complete VB X I-Skill
the DT X I-Skill
allocated JJ X I-Skill
visits NNS X I-Skill
. . X O
confidentiality NN X O

Hammond NNP X O
Recruitment NNP X O
Group NNP X O
is VBZ X O
acting VBG X O
as IN X O
an DT X O
Employment NNP X O
Agency NNP X O
in IN X O
relation NN X O
to TO X O
this DT X O
vacancy NN X O
To TO X O

discuss VB X O
this DT X O
and CC X O
other JJ X O
exciting VBG X O
MS NNP X B-Skill
CRM NNP X I-Skill
/ NNP X O
Microsoft NNP X B-Skill
Dynamics NNP X I-Skill
CRM NNP X I-Skill
/ NNP X O
SharePoint NNP X B-Skill
opportunities NNS X O
in IN X O
more JJR X O
detail NN X O
please NN X O
send VB X O
your PRP$ X O
CV NNP X O
to TO X O
r VB X O
. . X O
sagenigelfrank NN X O
. . X O
com NN X O
or CC X O
call VB X O
Rob NNP X O
Sage NNP X O
on IN X O
The DT X O

successful JJ X O
candidate NN X O
is VBZ X O
required VBN X O
to TO X O
start VB X O
ASAP NNP X O
for IN X O
a DT X O
Annual JJ X O

review NN X O
Sharesave NNP X O
scheme NN X O
Pension NNP X O
scheme NN X O
Health NNP X O
and CC X O
dental JJ X O
plan NN X O
33 CD X O
days NNS X O
holiday NN X O
For IN X O

a DT X O
free JJ X O
, , X O
confidential JJ X O
service NN X O
register VB X O
your PRP$ X O
details NNS X O
on IN X O
velosiintec NN X O
where WRB X O
you PRP X O
will MD X O
find VB X O
a DT X O
full JJ X O
list NN X O
of IN X O
live JJ X O
positions NNS X O
. . X O
You PRP X O

will MD X O
be VB X O
involved VBN X O
in IN X O
all DT X O
aspects NNS X O
of IN X O
employee NN X O
and CC X O
Management NNP X B-Skill
Development NNP X I-Skill
training NN X I-Skill
, , X O
promoting VBG X B-Skill
good JJ X I-Skill
training NN X I-Skill
practice NN X I-Skill
throughout IN X O
the DT X O
organisation NN X O
, , X B-Skill
maximising VBG X I-Skill
employee NN X I-Skill
s JJ X I-Skill
potential JJ X I-Skill
thereby NN X O
aiding VBG X B-Skill
staff NN X I-Skill
retention NN X I-Skill
and CC X O
a DT X O
measureable JJ X O
improvement NN X O
in IN X O
customer NN X B-Skill
service NN X I-Skill
. . X O
This DT X O

will MD X O
involve VB X O
managing VBG X B-Skill
all DT X I-Skill
administration NN X I-Skill
and CC X I-Skill
contracts NNS X I-Skill
of IN X I-Skill
Employment NNP X I-Skill
, , X O
along IN X O
with IN X O
ensuring VBG X B-Skill
that IN X I-Skill
the DT X I-Skill
recruitment NN X I-Skill
database NN X I-Skill
is VBZ X I-Skill
kept VBN X I-Skill
up RB X I-Skill
to TO X I-Skill
date NN X I-Skill
. . X O
This DT X O

is VBZ X O
a DT X O
key JJ X O
role NN X O
in IN X O
shaping VBG X B-Skill
range NN X I-Skill
and CC X I-Skill
category NN X I-Skill
, , X O
selecting VBG X B-Skill
and CC X I-Skill
promoting VBG X I-Skill
new JJ X I-Skill
products NNS X I-Skill
, , X O
optimising VBG X B-Skill
the DT X I-Skill
existing VBG X I-Skill
mix NN X I-Skill
and CC X O
managing VBG X B-Skill
the DT X I-Skill
' '' X I-Skill
menu NN X I-Skill
' '' X I-Skill
offer NN X I-Skill
. . X O
Performs NNP X B-Skill

analyses NNS X I-Skill
of IN X I-Skill
efficacy NN X I-Skill
and CC X I-Skill
safety NN X I-Skill
data NNS X I-Skill
, , X O
generates NNS X B-Skill
tabulations NNS X I-Skill
and CC X I-Skill
graphs NN X I-Skill
and CC X O
provides VBZ X B-Skill
them PRP X I-Skill
to TO X I-Skill
members NNS X I-Skill
of IN X I-Skill
the DT X I-Skill
Biostatistics NNP X I-Skill
Team NNP X I-Skill
. . X O
AER NNP X O

TEACHERS NNP X O
PAYS NNP X O
THE NNP X O
HIGHEST NNP X O
RATES NNPS X O
IN NNP X O
LONDON NNP X O
, , X O
GUARANTEED NNP X O
**** JJ X O

people NNS X O
and CC X O
operates VBZ X O
across IN X O
the DT X O
UK NNP X O
, , X O
in IN X O
the DT X O
Middle NNP X O
East NNP X O
, , X O
Canada NNP X O
and CC X O
the DT X O
Caribbean NNP X O
. . X O
You PRP X O

should MD X O
already RB X O
understand VB X O
how WRB X B-Skill
to TO X I-Skill
choose VB X I-Skill
keywords NNS X I-Skill
, , X O
write VBP X B-Skill
optimised VBN X I-Skill
copy NN X I-Skill
and CC X I-Skill
what WP X I-Skill
makes VBZ X I-Skill
a DT X I-Skill
good JJ X I-Skill
link NN X I-Skill
. . X O
Candidates NNS X O

will MD X O
be VB X O
focusing VBG X O
on IN X O
various JJ X O
Substation NNP X O
projects NNS X O
ranging VBG X O
Experienced NNP X O

Field NNP X B-Occupation
Based VBD X I-Occupation
Sales NNS X I-Occupation
Executives NNS X I-Occupation
are VBP X O
sought VBN X O
to TO X O
join VB X O
one CD X O
of IN X O
the DT X O
UK NNP X O
s NN X O
biggest JJS X O
media NNS X O
providers NNS X O
, , X O
in IN X O
Southampton NNP X O
and CC X O
the DT X O
surrounding VBG X O
areas NNS X O
including VBG X O
Bournemouth NNP X O
, , X O
Portsmouth NNP X O
, , X O
Dorset NNP X O
, , X O
Brighton NNP X O
and CC X O
Salisbury NNP X O
Working NNP X O
in IN X O
the DT X O
Direct NNP X O
Sales NNS X O
team NN X O
, , X O
you PRP X O
will MD X O
need VB X O
be VB X O
selfmotivated VBN X B-Skill
and CC X O
have VBP X O
a DT X O
real JJ X O
passion NN X B-Skill
for IN X I-Skill
sales NNS X I-Skill
IF NNP X O

YOU NNP X O
LIVE NNP X O
WITHIN NNP X O
A NNP X O
COMMUTABLE NNP X O
DISTANCE NNP X O
OF IN X O
THIS NNP X O
LOCATION NNP X O
. . X O
The DT X O

home NN X O
has VBZ X O
a DT X O
very RB X O
good JJ X O
reputation NN X O
in IN X O
the DT X O
area NN X O
and CC X O
is VBZ X O
part NN X O
of IN X O
a DT X O
national JJ X O
group NN X O
of IN X O
Care NNP X B-Domain
Homes NNP X I-Domain
. . X O
Do VBP X O

you PRP X O
have VB X O
hands NNS X O
on IN X O
experience NN X O
with IN X O
building NN X B-Skill
costeffectiveness NN X I-Skill
models NNS X I-Skill
in IN X O
a DT X O
commercial JJ X B-Domain
setting NN X I-Domain
? . X O
As IN X O

a DT X O
member NN X O
of IN X O
a DT X O
small JJ X O
but CC X O
growing VBG X O
IT NNP X O
team NN X O
in IN X O
an DT X O
exciting NN X O
and CC X O
dynamic JJ X O
company NN X O
, , X O
you PRP X O
will MD X O
develop VB X B-Skill
and CC X I-Skill
deliver VB X I-Skill
first JJ X I-Skill
class NN X I-Skill
, , X O
webbased VBD X B-Skill
, , X O
processdriven JJ X B-Skill
software NN X I-Skill
solutions NNS X I-Skill
for IN X I-Skill
the DT X I-Skill
property NN X I-Skill
industry NN X I-Skill
. . X O
Person NNP X O

Criteria NNP X O
: : X O
Solid JJ X O
quality NN X O
engineering NN X B-Skill
experience NN X I-Skill
gained VBD X I-Skill
within IN X I-Skill
manufacturing NN X I-Skill
, , X O
ideally RB X O
operating VBG X O
within IN X O
an DT X O
automotive JJ X B-Domain
/ NN X O
aerospace NN X B-Domain
environment NN X O
Root NNP X O
Cause NNP X O
analysis NN X B-Skill
and CC X I-Skill
problem NN X I-Skill
solving VBG X I-Skill
techniques NNS X O
. . X O
The DT X O

ideal JJ X O
candidate NN X O
will MD X O
be VB X O
have JJ X O
experience NN X O
with IN X O
various JJ X O
EDM NNP X B-Skill
machines NNS X I-Skill
Wire NNP X I-Skill
or CC X O
Spark NNP X B-Skill
and CC X O
have VBP X O
worked VBN X B-Skill
to TO X I-Skill
tight JJ X I-Skill
tolerances NNS X I-Skill
. . X O
You PRP X O

will MD X O
need VB X O
excellent JJ X O
communication NN X B-Skill
, , X I-Skill
influencing VBG X I-Skill
and CC X I-Skill
motivational JJ X I-Skill
skills NNS X I-Skill
to TO X O
encourage VB X B-Skill
people NNS X I-Skill
to TO X I-Skill
get VB X I-Skill
involved VBN X I-Skill
with IN X I-Skill
initiatives NNS X I-Skill
, , X O
together RB X O
with IN X O
the DT X O
ability NN X B-Skill
to TO X I-Skill
prioritise VB X I-Skill
, , X I-Skill
plan NN X I-Skill
and CC X I-Skill
organise VB X I-Skill
a DT X I-Skill
team NN X I-Skill
of IN X I-Skill
engineers NNS X I-Skill
and CC X I-Skill
operators NNS X I-Skill
. . X O
The DT X O

Front NNP X B-Occupation
End NNP X I-Occupation
Web NNP X I-Occupation
Developer NNP X I-Occupation
will MD X O
be VB X O
part NN X O
of IN X O
a DT X O
leading JJ X O
digital NN X B-Domain
business NN X I-Domain
within IN X O
the DT X O
UK NNP X O
. . X O
Since IN X O
An DT X O

exciting JJ X O
opportunity NN X O
has VBZ X O
arisen VBN X O
for IN X O
a DT X O
Business NNP X B-Occupation
Development NNP X I-Occupation
Manager NNP X I-Occupation
covering VBG X O
a DT X O
territory NN X O
of IN X O
the DT X O
North NNP X O
West NNP X O
and CC X O
based VBN X O
out IN X O
of IN X O
our PRP$ X O
clients NNS X O
headquarters NNS X O
in IN X O
Manchester NNP X O
. . X O
This DT X O

is VBZ X O
an DT X O
established VBN X O
player NN X O
with IN X O
a DT X O
solid JJ X O
local JJ X O
reputation NN X O
and CC X O
as IN X O
a DT X O
business NN X O
they PRP X O
offer VBP X O
fantastic JJ X O
career NN X O
progression NN X O
and CC X O
unusual JJ X O
longevity NN X O
of IN X O
staff NN X O
members NNS X O
. . X O
Vertical JJ X O

Markets NNP X O
include VBP X O
insurance NN X O
and CC X O
healthcare NN X O
; : X O
banking NN X O
and CC X O
financial JJ X O
services NNS X O
; : X O
life NN X O
sciences NNS X O
; : X O
manufacturing NN X O
, , X O
retail JJ X O
, , X O
distribution NN X O
and CC X O
logistics NNS X O
; : X O
media NNS X O
, , X O
entertainment NN X O
, , X O
leisure NN X O
and CC X O
travel NN X O
; : X O
communication NN X O
, , X O
energy NN X O
and CC X O
utilities NNS X O
; : X O
federal JJ X O
government NN X O
; : X O
and CC X O
independent JJ X O
software NN X O
vendors NNS X O
. . X O
The DT X O

role NN X O
will MD X O
cover VB X O
accounts NNS X O
based VBN X O
mainly RB X O
in IN X O
WIGAN NNP X O
and CC X O
PRESTON NNP X O
territories NNS X O
Liaise NN X B-Skill

with IN X I-Skill
Brand NNP X I-Skill
teams NNS X I-Skill
to TO X O
ensure VB X B-Skill
each DT X I-Skill
category NN X I-Skill
is VBZ X I-Skill
implemented VBN X I-Skill
in IN X I-Skill
line NN X I-Skill
with IN X I-Skill
current JJ X I-Skill
plans NNS X I-Skill
and CC X I-Skill
correct JJ X I-Skill
artwork NN X I-Skill
and CC X I-Skill
elements NNS X I-Skill
Work VBP X I-Skill
with IN X I-Skill
print JJ X I-Skill
management NN X I-Skill
to TO X I-Skill
create VB X I-Skill
and CC X I-Skill
deliver VB X I-Skill
process NN X I-Skill
for IN X I-Skill
bespoke JJ X I-Skill
new JJ X I-Skill
store NN X I-Skill
opening NN X I-Skill
/ JJ X I-Skill
relocation NN X I-Skill
packs NNS X I-Skill
within IN X I-Skill
set VBN X I-Skill
budget NN X I-Skill
Brief NN X I-Skill
and CC X I-Skill
approve VB X I-Skill
on IN X I-Skill
an DT X I-Skill
event NN X I-Skill
basis NN X I-Skill
promotional JJ X I-Skill
POS NNP X I-Skill
for IN X I-Skill
SOTF NNP X I-Skill
; : X O
GE NNP X O
s NN X O
, , X O
g NN X O

or CC X O
above IN X O
, , X O
PL NNP X B-Skill
/ NNP X I-Skill
SQL NNP X I-Skill
or CC X I-Skill
dynamic JJ X I-Skill
SQL NNP X I-Skill
, , X O
and CC X O
have VBP X O
excellent VBN X O
communication NN X B-Skill
and CC X I-Skill
analytical JJ X I-Skill
problem NN X I-Skill
solving VBG X I-Skill
skills NNS X I-Skill
. . X O
You PRP X O

will MD X O
able JJ X O
to TO X O
demonstrate VB X O
your PRP$ X O
commercial JJ X B-Skill
understanding NN X I-Skill
by IN X O
making VBG X B-Skill
suitable JJ X I-Skill
recommendations NNS X I-Skill
in IN X I-Skill
accordance NN X I-Skill
to TO X I-Skill
the DT X I-Skill
patients NNS X I-Skill
' POS X I-Skill
prescription NN X I-Skill
within IN X I-Skill
the DT X I-Skill
consulting NN X I-Skill
room NN X I-Skill
, , X O
then RB X O
relaying VBG X B-Skill
this DT X I-Skill
information NN X I-Skill
to TO X I-Skill
the DT X I-Skill
Dispensing NNP X B-Occupation
Optician NNP X I-Occupation
at IN X O
the DT X O
handover NN X O
stage NN X O
. . X O
My PRP$ X O

client NN X O
is VBZ X O
an DT X O
exciting JJ X O
and CC X O
expanding VBG X O
restaurant NN X B-Domain
company NN X O
that WDT X O
pride VBP X O
themselves PRP X O
with IN X O
their PRP$ X O
fresh JJ X O
creative JJ X B-Skill
concept NN X O
, , X O
the DT X O
restaurants NNS X O
are VBP X O
second JJ X O
to TO X O
none NN X O
and CC X O
they PRP X O
require VBP X O
a DT X O
General NNP X B-Occupation
Manager NNP X I-Occupation
who WP X O
will MD X O
lead VB X B-Skill
by IN X I-Skill
example NN X I-Skill
and CC X O
leave VB X O
a DT X O
lasting JJ X O
impression NN X O
on IN X O
anyone NN X O
they PRP X O
meet VBP X O
My PRP$ X O
client NN X O
' '' X O
s JJ X O
highly RB X O
skilled JJ X O
chefs NNS X O
take VBP X O
complete JJ X O
pride NN X B-Skill
and CC X O
have VBP X O
a DT X O
real JJ X O
passion NN X B-Skill
for IN X I-Skill
their PRP$ X I-Skill
food NN X I-Skill
which WDT X O
is VBZ X O
shared VBN X O
throughout IN X O
the DT X O
company NN X O
. . X O
To TO X O

apply VB X O
for IN X O
the DT X O
role NN X O
you PRP X O
must MD X O
have VB X O
excellent JJ X O
communications NNS X B-Skill
skills NNS X O
verbal JJ X O
and CC X O
written VBN X O
, , X O
be VB X O
patient JJ X B-Skill
focused VBN X I-Skill
, , X O
customer NN X B-Skill
oriented VBD X I-Skill
and CC X O
be VB X O
able JJ X O
to TO X O
proactively RB X O
keep VB X B-Skill
yourself PRP X I-Skill
busy JJ X I-Skill
without IN X I-Skill
supervision NN X I-Skill
. . X O
Nigel NNP X O

Frank NNP X O
International NNP X O
is VBZ X O
the DT X O
leading VBG X O
Dynamics NNP X O
AX NNP X O
/ NNP X O
Axapta NNP X O
recruitment NN X O
firm NN X O
in IN X O
the DT X O
UK NNP X O
, , X O
advertising VBG X O
more JJR X O
Dynamics NNS X O
jobs NNS X O
than IN X O
any DT X O
other JJ X O
agency NN X O
. . X O
The DT X O

leadership NN X O
team NN X O
also RB X O
manage VBP X B-Skill
the DT X I-Skill
provision NN X I-Skill
offered VBD X I-Skill
to TO X I-Skill
an DT X I-Skill
attached VBN X I-Skill
Special NNP X I-Skill
Educational NNP X I-Skill
Needs NNP X I-Skill
Unit NNP X I-Skill
that WDT X I-Skill
specialises VBZ X I-Skill
in IN X I-Skill
PMLD NNP X I-Skill
Profound NNP X I-Skill
Multiple NNP X I-Skill
Learning NNP X I-Skill
Difficulties NNP X I-Skill
. . X O
Have VBP X O

full JJ X B-Skill
understanding NN X I-Skill
of IN X I-Skill
cost NN X I-Skill
management NN X I-Skill
and CC X O
P NNP X O
L NNP X O
Demonstrate NNP X O
excellent JJ X O
communication NN X B-Skill
skills NNS X O
with IN X O
the DT X O
ability NN X B-Skill
to TO X I-Skill
lead VB X I-Skill
and CC X I-Skill
motivate VB X I-Skill
a DT X I-Skill
team NN X I-Skill
Be NNP X I-Skill
responsible JJ X I-Skill
for IN X I-Skill
the DT X I-Skill
overall JJ X I-Skill
day NN X I-Skill
to TO X I-Skill
day NN X I-Skill
running VBG X I-Skill
of IN X I-Skill
the DT X I-Skill
business NN X I-Skill
Have VBP X O
excellent VBN X O
communication NN X B-Skill
and CC X I-Skill
interpersonal JJ X I-Skill
skills NNS X O
Offering VBG X O
excellent JJ X O
rates NNS X O
of IN X O
pay NN X O
and CC X O
a DT X O
great JJ X O
bonus NN X O
scheme NN X O
apply RB X O
now RB X O
by IN X O
sending VBG X O
your PRP$ X O
CV NN X O
and CC X O
cover JJ X O
letter NN X O
telling VBG X O
me PRP X O
a DT X O
bit NN X O
about IN X O
yourself PRP X O
and CC X O
what WP X O
makes VBZ X O
you PRP X O
tick JJ X O
. . X O
which WDT X O

means VBZ X O
that IN X O
all DT X O
convictions NNS X O
, , X O
cautions NNS X O
, , X O
reprimands NNS X O
and CC X O
warnings NNS X O
on IN X O
your PRP$ X O
criminal NN X O
record NN X O
need NN X O
to TO X O
be VB X O
disclosed VBN X O
. . X O
To TO X O

promote VB X B-Skill
the DT X I-Skill
growth NN X I-Skill
of IN X I-Skill
the DT X I-Skill
business NN X I-Skill
by IN X O
development NN X B-Skill
and CC X I-Skill
maintenance NN X I-Skill
of IN X I-Skill
good JJ X I-Skill
working VBG X I-Skill
relationships NNS X I-Skill
with IN X I-Skill
the DT X I-Skill
companies NNS X I-Skill
clients NNS X I-Skill
. . X O
In IN X O

this DT X O
role NN X O
, , X O
you PRP X O
will MD X O
be VB X O
joining VBG X O
a DT X O
science NN X B-Domain
team NN X O
that WDT X O
is VBZ X O
approachable JJ X O
, , X O
skilful JJ X B-Skill
and CC X O
hard JJ X B-Skill
working NN X I-Skill
, , X O
and CC X O
regularly RB X O
achieves VBZ X O
some DT X O
outstanding JJ X O
GCSE NNP X B-Skill
results NNS X O
on IN X O
a DT X O
consistent JJ X O
basis NN X O
. . X O
The DT X O

Graphic NNP X B-Occupation
Designer NNP X I-Occupation
will MD X O
need VB X O
to TO X O
have VB X O
a DT X O
good JJ X B-Skill
portfolio NN X I-Skill
of IN X I-Skill
work NN X I-Skill
where WRB X O
you PRP X O
have VBP X O
demonstrated VBN X O
your PRP$ X O
talent NN X O
. . X O
WPF NNP X B-Skill

, , X O
WCF NNP X B-Skill
, , X O
Winforms NNP X B-Skill
, , X O
MVVM NNP X B-Skill
, , X O
Prism NNP X B-Skill
, , X O
If IN X O
you PRP X O
are VBP X O
looking VBG X O
for IN X O
a DT X O
fast JJ X O
moving NN X O
contract NN X O
in IN X O
a DT X O
dynamic JJ X O
company NN X O
and CC X O
employment NN X O
team NN X O
please NN X O
send VB X O
me PRP X O
your PRP$ X O
CV NNP X O
for IN X O
immediate JJ X O
consideration NN X O
. . X O
To TO X O

provide VB X B-Skill
an DT X I-Skill
efficient NN X I-Skill
and CC X I-Skill
effective JJ X I-Skill
administration NN X I-Skill
support NN X I-Skill
service NN X I-Skill
to TO X I-Skill
the DT X I-Skill
recruitment NN X I-Skill
team NN X I-Skill
. . X O
Prince2 NNP X B-Skill

/ NNP X O
PMI NNP X B-Skill
ideally RB X O
certified VBD X B-Skill
/ NNP X O
accredited VBD X B-Skill
Demonstrated NNP X O
ability NN X B-Skill
to TO X I-Skill
successfully RB X I-Skill
implement JJ X I-Skill
programs NNS X I-Skill
within IN X I-Skill
budget NN X I-Skill
and CC X I-Skill
time NN X I-Skill
constraints NNS X I-Skill
Experience NNP X I-Skill
delivering VBG X I-Skill
a DT X I-Skill
variety NN X I-Skill
of IN X I-Skill
complex JJ X I-Skill
IT NNP X I-Skill
projects NNS X I-Skill
including VBG X I-Skill
, , X I-Skill
infrastructure NN X I-Skill
, , X I-Skill
business NN X I-Skill
systems NNS X I-Skill
and CC X I-Skill
/ NNP X I-Skill
or CC X I-Skill
applications NNS X I-Skill
development NN X I-Skill
and CC X I-Skill
implementation NN X I-Skill
Excellent NNP X O
communication NN X B-Skill
skills NNS X I-Skill
with IN X O
experience NN X B-Skill
of IN X I-Skill
senior JJ X I-Skill
stake NN X I-Skill
holder NN X I-Skill
management NN X O
and CC X O
the DT X O
ability NN X B-Skill
to TO X I-Skill
influence VB X I-Skill
others NNS X I-Skill
Business NNP X I-Skill
oriented VBD X I-Skill
with IN X I-Skill
an DT X I-Skill
understanding NN X I-Skill
of IN X I-Skill
how WRB X I-Skill
complex JJ X I-Skill
IT NNP X I-Skill
systems NNS X I-Skill
interact NN X I-Skill
Educate NNP X B-Skill

global JJ X I-Skill
and CC X I-Skill
local JJ X I-Skill
marketers NNS X I-Skill
how WRB X I-Skill
to TO X I-Skill
produce VB X I-Skill
content JJ X I-Skill
Work NN X I-Skill
with IN X I-Skill
stakeholders NNS X I-Skill
and CC X I-Skill
marketers NNS X I-Skill
within IN X O
the DT X O
company NN X O
to TO X O
enable VB X O
them PRP X O
use VB X O
the DT X O
website NN X O
as IN X O
part NN X O
of IN X O
their PRP$ X O
various JJ X O
marketing NN X B-Skill
strategies NNS X I-Skill
Oversee VBP X I-Skill
the DT X I-Skill
SEO NNP X I-Skill
/ NNP X I-Skill
PPC NNP X I-Skill
natural JJ X I-Skill
and CC X I-Skill
paid VBD X I-Skill
search NN X I-Skill
teams NNS X I-Skill
including VBG X I-Skill
strategy NN X I-Skill
development NN X I-Skill
, , X I-Skill
marketing NN X I-Skill
ideas NNS X I-Skill
Work VBP X I-Skill
with IN X I-Skill
the DT X I-Skill
web NN X I-Skill
content NN X I-Skill
team NN X I-Skill
overseas RB X I-Skill
to TO X I-Skill
develop VB X I-Skill
strategies NNS X I-Skill
, , X I-Skill
guidelines NNS X I-Skill
and CC X I-Skill
templates NNS X I-Skill
to TO X O
help VB X O
them PRP X O
work VB X O
more RBR X O
effectively RB X O
with IN X O
local JJ X O
marketers NNS X O
On IN X O

offer NN X O
is VBZ X O
an DT X O
excellent JJ X O
stating NN X O
base NN X O
salary JJ X O
depending VBG X O
on IN X O
experience NN X O
and CC X O
an DT X O
industry NN X O
leading VBG X O
bonus NN X O
scheme NN X O
where WRB X O
commission NN X O
is VBZ X O
paid VBN X O
on IN X O
a DT X O
sliding VBG X O
scale NN X O
of IN X O
up IN X O
to TO X O
35 CD X O
% NN X O
of IN X O
GP NNP X O
generated VBD X O
on IN X O
the DT X O
desk NN X O
. . X O
Resourceful JJ X B-Skill

and CC X O
independent JJ X B-Skill
can MD X O
work VB X B-Skill
to TO X I-Skill
deadlines NNS X I-Skill
and CC X I-Skill
standards NNS X I-Skill
with IN X O
a DT X O
minimum NN X O
of IN X O
supervision NN X O
The DT X O

Company NNP X O
Encore NNP X O
Personnel NNP X O
are VBP X O
one CD X O
of IN X O
the DT X O
Top NNP X O
20 CD X O
blue JJ X O
collar NN X O
recruiters NNS X O
in IN X O
the DT X O
UK NNP X O
. . X O
Data NNP X B-Occupation

Warehouse NNP X I-Occupation
Developer NNP X I-Occupation
SAS NNP X B-Skill
SQL NNP X I-Skill
Prestigious NNP X O
Motor NNP X B-Domain
Insurance NNP X I-Domain
company NN X O
known VBN X O
principally RB X O
for IN X O
its PRP$ X O
broker NN X O
distributed VBN X O
motor NN X B-Domain
insurance NN X I-Domain
products NNS X O
are VBP X O
seeking VBG X O
an DT X O
experienced JJ X B-Skill
Data NNP X B-Occupation
Warehouse NNP X I-Occupation
Team NNP X I-Occupation
leader NN X O
and CC X O
Data NNP X B-Occupation
Warehouse NNP X I-Occupation
developer NN X O
to TO X O
join VB X O
the DT X O
Business NNP X B-Domain
Intelligence NNP X I-Domain
team NN X O
. . X O
We PRP X O

look VBP X O
for IN X O
people NNS X O
who WP X O
are VBP X O
: : X O
Full NNP X B-Skill
of IN X I-Skill
enthusiasm NN X I-Skill
About IN X O

us PRP X O
Here RB X O
at IN X O
the DT X O
National NNP X O
Trust NNP X O
, , X O
we PRP X O
want VBP X O
even RB X O
more JJR X O
people NNS X O
to TO X O
enjoy VB X O
our PRP$ X O
extraordinary JJ X O
places NNS X O
. . X O
This DT X O

particular JJ X O
plant NN X O
is VBZ X O
proud JJ X O
to TO X O
have VB X O
achieved VBN X O
on IN X O
average NN X O
of IN X O
98 CD X O
% NN X O
plant NN X O
availability NN X O
in IN X O
recent JJ X O
years NNS X O
thanks VBZ X O
to TO X O
its PRP$ X O
experienced JJ X O
and CC X O
dedicated JJ X O
Operations NNS X O
and CC X O
Maintenance NNP X O
Team NNP X O
that IN X O
work NN X O
hard RB X O
to TO X O
keep VB X O
the DT X O
plant NN X O
online NN X O
. . X O
If IN X O

you PRP X O
feel VBP X O
that IN X O
you PRP X O
can MD X O
work VB X O
to TO X O
and CC X O
beyond IN X O
the DT X O
client NN X O
s NN X O
needs VBZ X O
please JJ X O
send VB X O
an DT X O
up NN X O
to TO X O
date NN X O
CV NNP X O
today NN X O
. . X O
By IN X O

applying VBG X O
for IN X O
this DT X O
position NN X O
you PRP X O
are VBP X O
giving VBG X O
us PRP X O
permission NN X O
to TO X O
pass VB X O
your PRP$ X O
CV NNP X O
and CC X O
covering VBG X O
letter NN X O
to TO X O
a DT X O
third JJ X O
party NN X O
in IN X O
relation NN X O
to TO X O
this DT X O
specific JJ X O
vacancy NN X O
. . X O
This DT X O

world NN X O
leading VBG X O
firm JJ X O
employ NN X O
thousands NNS X O
throughout IN X O
hundreds NNS X O
of IN X O
offices NNS X O
globally RB X O
and CC X O
are VBP X O
renowned VBN X O
for IN X O
successfully RB X O
winning VBG X O
and CC X O
managing VBG X O
large JJ X O
scale JJ X O
projects NNS X O
. . X O
We PRP X O

are VBP X O
looking VBG X O
for IN X O
a DT X O
qualified JJ X O
Lecturer NN X B-Occupation
with IN X O
experience NN X O
in IN X O
teaching VBG X B-Skill
GCSE NNP X I-Skill
Physics NNPS X I-Skill
to TO X O
undertake VB X O
a DT X O
part NN X O
time NN X O
assignment NN X O
within IN X O
the DT X O
Buckinghamshire NNP X O
area NN X O
. . X O
You PRP X O

will MD X O
be VB X O
expected VBN X O
to TO X O
work VB X B-Skill
shifts NNS X I-Skill
and CC X O
be VB X B-Skill
oncall JJ X I-Skill
This DT X O

post NN X O
is VBZ X O
full JJ X O
time NN X O
and CC X O
could MD X O
include VB X O
weekend NN X O
work NN X O
. . X O
This DT X O

is VBZ X O
a DT X O
fantastic JJ X O
opportunity NN X O
to TO X O
join VB X O
a DT X O
rapidly RB X O
expanding VBG X O
team NN X O
, , X O
within IN X O
an DT X O
industry NN X O
renown JJ X O
client NN X O
. . X O
In IN X O

return NN X O
for IN X O
doing VBG X O
a DT X O
great JJ X O
job NN X O
you PRP X O
ll VBP X O
be VB X O
rewarded VBN X O
with IN X O
uncapped JJ X O
commission NN X O
and CC X O
a DT X O
fantastic JJ X O
benefits NNS X O
package NN X O
including VBG X O
free JJ X O
SkyHD NNP X O
, , X O
Broadband NNP X O
and CC X O
discounted VBN X O
calls NNS X O
on IN X O
Sky NNP X O
Talk NNP X O
, , X O
Pension NNP X O
, , X O
Healthcare NNP X B-Domain
and CC X O
many JJ X O
other JJ X O
benefits NNS X O
. . X O
Essential JJ X O

skills NNS X O
, , X O
knowledge NN X O
and CC X O
experience NN X O
required VBN X O
for IN X O
the DT X O
role NN X O
: : X O
Educated VBN X O
to TO X O
degree VB X B-Qualification
level NN X I-Qualification
preferred VBN X O
, , X O
but CC X O
other JJ X O
appropriate JJ X B-Qualification
business NN X I-Qualification
qualifications NNS X I-Qualification
will MD X O
be VB X O
considered VBN X O
Have NNP X O
at IN X B-Experience
least JJS X I-Experience
6 CD X I-Experience
months NNS X I-Experience
sales NNS X B-Domain
/ VBP X I-Domain
account JJ X I-Domain
management NN X I-Domain
experience NN X O
, , X O
preferably RB X O
within IN X O
an DT X O
IT NNP X B-Domain
or CC X O
technical JJ X B-Domain
environment NN X I-Domain
An DT X O

excellent JJ X O
opening NN X O
has VBZ X O
arisen VBN X O
to TO X O
join VB X O
a DT X O
very RB X O
prominent JJ X O
capital NN X O
markets NNS X O
sector NN X O
group NN X O
in IN X O
a DT X O
leading JJ X O
international JJ X O
law NN X O
firm NN X O
. . X O
Reasonability NNP X O

will MD X O
include VB X O
: : X O
Working VBG X O
effectively RB X O
with IN X O
managers NNS X B-Occupation
to TO X O
ensure VB X O
the DT X O
efficient JJ X B-Skill
running NN X I-Skill
of IN X I-Skill
store NN X I-Skill
team NN X I-Skill
and CC X I-Skill
stock NN X I-Skill
control NN X I-Skill
. . X O
You PRP X O

will MD X O
be VB X O
working VBG X O
in IN X O
our PRP$ X O
London NNP X O
Office NNP X O
Islington NNP X O
as IN X O
part NN X O
of IN X O
a DT X O
small JJ X O
development NN X B-Skill
team NN X O
. . X O
From IN X O

booking VBG X B-Skill
flights NNS X I-Skill
and CC X I-Skill
accommodation NN X I-Skill
to TO X O
arranging VBG X B-Skill
visas NNS X I-Skill
and CC X I-Skill
travel NN X I-Skill
insurance NN X I-Skill
, , X O
you PRP X O
will MD X O
ensure VB X B-Skill
your PRP$ X I-Skill
clients NNS X I-Skill
' POS X I-Skill
travel NN X I-Skill
plans NNS X I-Skill
run VBP X I-Skill
without IN X I-Skill
a DT X I-Skill
hitch NN X I-Skill
. . X O
Assist NNP X O

Registered NNP X B-Occupation
Manager NNP X I-Occupation
to TO X O
ensure VB X O
that IN X O
all DT X O
records NNS X O
required VBN X O
to TO X O
be VB X O
kept VBN X O
in IN X O
the DT X O
home NN X O
by IN X O
the DT X O
Care NNP X O
Standards NNP X O
Act NNP X O
To TO X O

view VB X O
other JJ X O
great JJ X O
opportunities NNS X O
please VBP X O
check VB X O
out RP X O
our PRP$ X O
website NN X O
at IN X O
www NN X O
. . X O
corecruitment NN X O
. . X O
com NN X O
or CC X O
call VB X O
us PRP X O
on IN X O
Prior JJ X B-Skill

experience NN X I-Skill
using VBG X I-Skill
Psychometric NNP X I-Skill
Assessment NNP X I-Skill
Tools NNP X I-Skill
is VBZ X O
essential JJ X O
and CC X O
a DT X O
strong JJ X O
interest NN X O
in IN X O
the DT X O
effective JJ X O
use NN X B-Skill
of IN X I-Skill
Social NNP X I-Skill
Media NNP X I-Skill
platforms NNS X I-Skill
is VBZ X O
desirable JJ X O
. . X O
In IN X O

return NN X O
, , X O
the DT X O
agency NN X O
will MD X O
develop VB X O
your PRP$ X O
personal JJ X O
and CC X O
professional JJ X O
talents NNS X O
, , X O
give VB X O
you PRP X O
responsibility NN X O
, , X O
support NN X O
, , X O
and CC X O
the DT X O
chance NN X O
to TO X O
work VB X O
with IN X O
some DT X O
very RB X O
exciting JJ X O
brands NNS X O
, , X O
and CC X O
work NN X O
to TO X O
ensure VB X O
your PRP$ X O
success NN X O
and CC X O
progress NN X O
. . X O
If IN X O

you PRP X O
have VBP X O
the DT X O
above JJ X O
experience NN X O
, , X O
then RB X O
please VB X O
send VB X O
a DT X O
copy NN X O
of IN X O
your PRP$ X O
CV NNP X O
for IN X O
a DT X O
prompt JJ X O
response NN X O
. . X O
You PRP X O

will MD X O
be VB X O
involved VBN X O
with IN X O
the DT X O
hiring NN X B-Skill
of IN X I-Skill
new JJ X I-Skill
staff NN X I-Skill
, , X O
training NN X B-Skill
and CC X O
staff NN X B-Skill
development NN X I-Skill
. . X O
Attend NNP X O

internal JJ X O
and CC X O
customer NN X O
meetings NNS X O
with IN X O
regards NNS X O
to TO X O
quality VB X O
issues NNS X O
Facilitate NNP X O
and CC X O
assist VB X O
in IN X O
the DT X O
creation NN X B-Skill
of IN X I-Skill
Work NNP X I-Skill
Instructions NNP X I-Skill
, , X I-Skill
Inspection NNP X I-Skill
Plans NNPS X I-Skill
and CC X I-Skill
associated VBD X I-Skill
process NN X I-Skill
documentation NN X I-Skill
as IN X O
required VBN X O
Coordination NNP X O
and CC X O
progression NN X O
of IN X O
product NN X O
deviation NN X O
requests VBZ X O
Support NNP X O
of IN X O
New NNP X O
Product NNP X O
Introduction NNP X O
through IN X O
quality NN X B-Skill
planning NN X I-Skill
and CC X I-Skill
implementation NN X I-Skill
, , X O
liaising VBG X O
with IN X O
customers NNS X O
, , X O
internal JJ X O
functions NNS X O
and CC X O
suppliers NNS X O
First NNP X O
Article NNP X O
Inspection NNP X O
Report NNP X O
administration NN X O
coordination NN X O
, , X O
including VBG X O
the DT X O
compilation NN X B-Skill
of IN X I-Skill
required VBN X I-Skill
documentation NN X I-Skill
and CC X O
submittal NN X O
to TO X O
the DT X O
relevant JJ X O
design NN X O
authorities NNS X O
. . X O
Good JJ X O

QA NNP X B-Skill
/ NNP X O
QC NNP X B-Skill
skills NNS X O
required VBN X O
, , X O
with IN X O
an DT X O
understanding NN X O
of IN X O
CNC NNP X B-Skill
Machining NNP X I-Skill
Processes NNP X I-Skill
. . X O
Are NNP X O

you PRP X O
a DT X O
General NNP X B-Occupation
Manager NNP X I-Occupation
who WP X O
wants VBZ X O
to TO X O
develop VB X O
your PRP$ X O
career NN X O
with IN X O
a DT X O
well NN X O
known VBN X O
and CC X O
expanding VBG X O
group NN X O
? . X O
They PRP X O

offer VBP X O
great JJ X O
bonus NN X O
' POS X O
s NN X O
and CC X O
benefits NNS X O
long RB X O
with IN X O
superb NN X O
offices NNS X O
and CC X O
a DT X O
super NN X O
friendly JJ X O
team NN X O
. . X O
Our PRP$ X O

client NN X O
are VBP X O
one CD X O
of IN X O
the DT X O
world NN X O
' POS X O
s NNS X O
leading VBG X O
independent JJ X O
engineering NN X O
consultancy NN X B-Domain
firms NNS X O
, , X O
delivering VBG X B-Skill
technical JJ X I-Skill
advisory NN X I-Skill
and CC X O
project NN X B-Skill
management NN X I-Skill
services NNS X I-Skill
globally RB X O
. . X O
Bolton NNP X O

Rolf NNP X O
Berryman NNP X O
are VBP X O
working VBG X O
with IN X O
a DT X O
leading VBG X O
Engineering NNP X B-Domain
company NN X O
seeking VBG X O
experienced JJ X B-Skill
HGV NNP X B-Occupation
/ NNP X I-Occupation
LGV NNP X I-Occupation
Technicians NNPS X I-Occupation
. . X O
Also RB X O

maintaining VBG X O
customer NN X O
owned VBD X O
gas NN X O
supply NN X O
schemes NNS X O
and CC X O
carrying VBG X O
our PRP$ X O
PSSR NNP X O
inspections NNS X O
Pressure NNP X O
Systems NNPS X O
Safety NNP X O
Regulations NNPS X O
This DT X O

data NN X O
is VBZ X O
then RB X O
analysed VBN X O
to TO X O
support VB X O
T NNP X B-Domain
& CC X I-Domain
F NNP X I-Domain
Manufacturing NNP X I-Domain
Engineering NNP X I-Domain
in IN X O
their PRP$ X O
decision NN X O
making NN X O
process NN X O
for IN X O
feasibility NN X O
. . X O
This DT X O

is VBZ X O
a DT X O
superb JJ X O
opportunity NN X O
for IN X O
a DT X O
candidate NN X O
who WP X O
will MD X O
have VB X O
the DT X O
following JJ X O
: : X O
Experience NN X O
of IN X O
providing VBG X O
1st CD X B-Skill
to TO X I-Skill
3rd CD X I-Skill
line NN X I-Skill
service NN X I-Skill
desk NN X I-Skill
support NN X I-Skill
Knowledge NNP X O
of IN X O
Exchange NNP X B-Skill
and CC X O
Windows NNP X B-Skill
2003 CD X I-Skill
/**** NNP X O
nowledge NN X O
of IN X O
networking VBG X B-Skill
principles NNS X I-Skill
inc JJ X I-Skill
routers NNS X I-Skill
, , X O
firewalls NNS X B-Skill
Knowledge NNP X O
of IN X O
Exchange NNP X B-Skill
and CC X O
Windows NNP X B-Skill
2003 CD X I-Skill
/ NN X O
An DT X O

exciting JJ X O
opportunity NN X O
has VBZ X O
arisen VBN X O
for IN X O
an DT X O
Awards NNP X B-Occupation
Project NNP X I-Occupation
Officer NNP X I-Occupation
to TO X O
assist VB X B-Skill
in IN X I-Skill
the DT X I-Skill
development NN X I-Skill
and CC X I-Skill
management NN X I-Skill
of IN X I-Skill
projects NNS X I-Skill
across IN X O
a DT X O
number NN X O
of IN X O
key JJ X O
areas NNS X O
; : X O
including VBG X O
qualifications NNS X B-Skill
and CC X I-Skill
assessment JJ X I-Skill
materials NNS X I-Skill
, , X O
a DT X O
customised JJ X B-Skill
awards NNS X I-Skill
portfolio NN X I-Skill
, , X O
and CC X O
quality NN X B-Skill
assurance NN X I-Skill
processes VBZ X I-Skill
in IN X I-Skill
relation NN X I-Skill
to TO X I-Skill
competencebased JJ X I-Skill
qualifications NNS X I-Skill
, , X I-Skill
riskbased VBD X I-Skill
management NN X I-Skill
and CC X I-Skill
stakeholder NN X I-Skill
consultation NN X I-Skill
. . X O
You PRP X O

will MD X O
be VB X O
provided VBN X O
with IN X O
the DT X O
specific JJ X O
training NN X O
and CC X O
support NN X O
that IN X O
you PRP X O
need VBP X O
. . X O
Great JJ X B-Skill

people NNS X I-Skill
managers NNS X I-Skill
who WP X O
would MD X B-Skill
interact VB X I-Skill
well RB X I-Skill
with IN X I-Skill
customers NNS X I-Skill
, , X I-Skill
suppliers NNS X I-Skill
, , X I-Skill
other JJ X I-Skill
Realise NNP X I-Skill
Managers NNPS X I-Skill
and CC X I-Skill
of IN X I-Skill
course NN X I-Skill
their PRP$ X I-Skill
Project NNP X I-Skill
Team NNP X I-Skill
Aware NNP X I-Skill
that IN X I-Skill
planning NN X I-Skill
and CC X I-Skill
attention NN X I-Skill
to TO X I-Skill
detail NN X I-Skill
are VBP X I-Skill
key JJ X I-Skill
Up NNP X I-Skill
to TO X I-Skill
date NN X I-Skill
with IN X I-Skill
technical JJ X I-Skill
developments NNS X I-Skill
Ensure NN X B-Skill

that WDT X I-Skill
team NN X I-Skill
adhere RB X I-Skill
to TO X I-Skill
strict VB X I-Skill
health NN X I-Skill
and CC X I-Skill
safety NN X I-Skill
standards NNS X I-Skill
at IN X O
all DT X O
times NNS X O
24 CD X O

hour NN X O
support NN X O
, , X O
continuous JJ X O
training NN X O
development NN X O
, , X O
paid VBD X O
respite JJ X O
breaks NNS X O
and CC X O
competitive JJ X O
allowances NNS X O
You PRP X O

will MD X O
be VB X O
: : X O
safe JJ X B-Skill
guarding VBG X I-Skill
against IN X I-Skill
dataloss NN X I-Skill
on IN X I-Skill
deletion NN X I-Skill
and CC X I-Skill
merging NN X I-Skill
. . X O
They PRP X O

have VBP X O
rail VBN X O
schemes NNS X O
that WDT X O
have VBP X O
already RB X O
began VBD X O
, , X O
and CC X O
schemes VBZ X O
that WDT X O
will MD X O
be VB X O
starting VBG X O
in IN X O
London NNP X O
over IN X O
the DT X O
next JJ X O
few JJ X O
months NNS X O
of IN X O
which WDT X O
value NN X O
between IN X O
80m CD X O
and CC X O
With IN X O

an DT X O
office NN X O
network NN X O
throughout IN X O
the DT X O
UK NNP X O
and CC X O
33 CD X O
countries NNS X O
overseas RB X O
, , X O
you PRP X O
will MD X O
have VB X O
every DT X O
opportunity NN X O
to TO X O
further VB X O
your PRP$ X O
career NN X O
and CC X O
fulfil VB X O
your PRP$ X O
potential JJ X O
to TO X O
transform VB X O
lives NNS X O
and CC X O
businesses NNS X O
. . X O
London NNP X O

Duration NNP X O
5 CD X O
months NNS X O
For IN X O
more JJR X O
info JJ X O
please NN X O
contact NN X O
Simon NNP X O
Bath NNP X O
on IN X O
simon NN X O
. . X O
bathmatchtech NN X O
. . X O
com NN X O
. . X O
However RB X O

the DT X O
agreement NN X O
of IN X O
terms NNS X O
will MD X O
not RB X O
be VB X O
an DT X O
obstacle NN X O
in IN X O
securing VBG X O
the DT X O
right JJ X O
candidate NN X O
. . X O
Perfect NNP X O

opportunity NN X O
if IN X O
you PRP X O
are VBP X O
wanting VBG X O
to TO X O
forge VB X O
a DT X O
career NN X O
within IN X O
a DT X O
growing VBG X O
business NN X O
and CC X O
have VBP X O
the DT X O
skills NNS X O
and CC X O
experience NN X O
required VBN X O
. . X O
K NNP X O

N NNP X O
. . X O
Yorkshire NNP X O
Technically RB X O
the DT X O
Senior JJ X B-Occupation
Test NNP X I-Occupation
Analyst NNP X I-Occupation
will MD X O
match VB X O
our PRP$ X O
technology NN X O
stack NN X O
This DT X O

role NN X O
is VBZ X O
a DT X O
great JJ X O
mix NN X O
of IN X O
account NN X B-Skill
management NN X I-Skill
and CC X O
new JJ X O
business NN X B-Skill
development NN X I-Skill
and CC X O
the DT X O
new JJ X O
sales NNS X B-Occupation
executive NN X I-Occupation
will MD X O
be VB X O
targeting VBG X O
any DT X O
relevant JJ X O
vertical JJ X O
with IN X O
strong JJ X O
referrals NNS X O
coming VBG X O
through IN X O
their PRP$ X O
database NN X O
system NN X O
. . X O
Here RB X O

, , X O
you PRP X O
will MD X O
find VB X O
a DT X O
list NN X O
of IN X O
benefits NNS X O
they PRP X O
offer VBP X O
their PRP$ X O
employees NNS X O
depending VBG X O
on IN X O
eligibility NN X O
and CC X O
tenure NN X O
. . X O
As IN X O

Account NNP X O
Manager NNP X O
, , X O
you PRP X O
will MD X O
get VB X B-Skill
involved VBN X I-Skill
in IN X I-Skill
all DT X I-Skill
aspects NNS X I-Skill
of IN X I-Skill
a DT X I-Skill
proposal NN X I-Skill
, , X I-Skill
from IN X I-Skill
strategy NN X I-Skill
through IN X I-Skill
to TO X I-Skill
creative VB X I-Skill
, , X I-Skill
implementation NN X I-Skill
and CC X I-Skill
evaluation NN X I-Skill
. . X O
To TO X O

ensure VB X O
that IN X O
the DT X O
learners NNS X O
achieve VBP X O
agreed VBN X O
academic JJ X O
targets NNS X O
as IN X O
outlined VBN X O
in IN X O
the DT X O
learning NN X O
agreement NN X O
by IN X O
providing VBG X O
well RB X O
defined VBN X O
programmes NNS X O
of IN X O
learning NN X O
and CC X O
opportunities NNS X O
for IN X O
pastoral JJ X O
and CC X O
tutorial JJ X O
support NN X O
as IN X O
required VBN X O
, , X O
in IN X O
accordance NN X O
with IN X O
the DT X O
college NN X O
' POS X O
s JJ X O
system NN X O
of IN X O
quality NN X O
assurance NN X O
and CC X O
college NN X O
policies NNS X O
. . X O
Ensure NN X B-Skill

that IN X I-Skill
all DT X I-Skill
necessary JJ X I-Skill
paperwork NN X I-Skill
is VBZ X I-Skill
correctly RB X I-Skill
completed VBN X I-Skill
in IN X I-Skill
line NN X I-Skill
with IN X I-Skill
the DT X I-Skill
apprenticeship NN X I-Skill
route NN X I-Skill
. . X O
To TO X O

conduct VB X O
spot NN X O
, , X O
quarterly RB X O
, , X O
half JJ X O
yearly RB X O
and CC X O
annual JJ X O
checks NNS X O
as IN X O
required VBN X O
by IN X O
the DT X O
Contract NNP X O
. . X O
Benefits NNS X O

include VBP X O
laptop JJ X O
, , X O
phone NN X O
, , X O
27 CD X O
days NNS X O
annual JJ X O
leave VBP X O
prorata NNS X O
, , X O
full JJ X O
expenses NNS X O
and CC X O
generous JJ X O
pension NN X O
. . X O
Benefits NNS X O

Flexible JJ X O
hours NNS X O
to TO X O
suit VB X O
you PRP X O
Competitive JJ X O
rates NNS X O
of IN X O
pay NN X O
Holiday NNP X O
pay NN X O
Members NNP X O
Loyalty NNP X O
programme JJ X O
Specialist NNP X O
training NN X O
to TO X O
further JJ X O
develop VB X O
your PRP$ X O
career NN X O
CRB NNP X O
Reimbursement NNP X O
scheme NN X O
Access NNP X O
to TO X O
exclusive JJ X O
discounts NNS X O
for IN X O
High NNP X O
Street NNP X O
stores NNS X O
, , X O
travel NN X O
and CC X O
other JJ X O
leisure NN X O
activities NNS X O
Work VBP X O
with IN X O
some DT X O
of IN X O
the DT X O
UK NNP X O
s VBZ X O
most JJS X O
prestigious JJ X O
companies NNS X O
and CC X O
individuals NNS X O
To TO X O
Apply VB X O
Apply NNP X O
online NN X O
now RB X O
enclosing VBG X O
your PRP$ X O
current JJ X O
CV NNPS X O
and CC X O
covering VBG X O
letter NN X O
, , X O
alternatively RB X O
call VB X O
our PRP$ X O
Recruitment NNP X O
Line NNP X O
on IN X O
This DT X O

new JJ X O
business NN X O
role NN X O
will MD X O
require VB X O
the DT X O
sales NNS X B-Occupation
representative VBP X I-Occupation
to TO X O
sell VB X B-Skill
credit NN X I-Skill
and CC X I-Skill
debit VB X I-Skill
card JJ X I-Skill
payment NN X I-Skill
processing VBG X I-Skill
solutions NNS X I-Skill
to TO X O
a DT X O
range NN X O
of IN X O
independent JJ X O
retailers NNS X B-Occupation
such JJ X O
as IN X O
charities NNS X B-Domain
, , X O
education NN X B-Domain
, , X O
solicitors NNS X B-Occupation
and CC X O
accountancies NNS X B-Domain
. . X O
If IN X O

so RB X O
then RB X O
keep VB X O
reading VBG X O
Academics NNS X B-Domain
may MD X O
have VB X O
the DT X O
ideal JJ X O
opportunity NN X O
for IN X O
you PRP X O
Primary VBP X O
Teacher PRP X B-Occupation
Purpose NNP X O

of IN X O
the DT X O
Role NNP X O
To TO X O
Programme NNP X B-Skill
or CC X I-Skill
Edit NNP X I-Skill
, , X I-Skill
Set NNP X I-Skill
& CC X I-Skill
Operate NNP X I-Skill
a DT X I-Skill
CNC NNP X I-Skill
Horizontal NNP X I-Skill
Borer NNP X I-Skill
. . X O
This DT X O

company NN X O
is VBZ X O
a DT X O
distributor NN X O
with IN X O
a DT X O
channelonly JJ X O
model NN X O
and CC X O
a DT X O
specific JJ X O
focus NN X O
on IN X O
Market NNP X O
Growth NNP X O
Territory NNP X O
: : X O
That DT X O

s VBZ X O
why WRB X O
we PRP X O
ve VBP X O
put VB X O
some DT X O
bold JJ X O
ambitions NNS X O
in IN X O
place NN X O
. . X O
As IN X O

part NN X O
of IN X O
the DT X O
Education NNP X B-Domain
sector NN X I-Domain
s VBD X O
commitment NN X O
to TO X O
safeguarding VBG X B-Skill
and CC X I-Skill
promoting VBG X I-Skill
the DT X I-Skill
welfare NN X I-Skill
of IN X I-Skill
children NNS X I-Skill
and CC X I-Skill
young JJ X I-Skill
people NNS X I-Skill
, , X O
it PRP X O
is VBZ X O
expected VBN X O
that IN X O
all DT X O
staff NN X O
undergo JJ X O
appropriate NN X O
enhanced VBD X O
CRB NNP X B-Qualification
checks NNS X I-Qualification
. . X O
Communicating VBG X B-Skill

all DT X I-Skill
customerrelated VBN X I-Skill
issues NNS X I-Skill
to TO X I-Skill
Customer NNP X I-Skill
Support NNP X I-Skill
, , X I-Skill
Development NNP X I-Skill
and CC X I-Skill
Sales NNS X I-Skill
Marketing VBG X I-Skill
for IN X O
overall JJ X O
improvement NN X O
and CC X O
building NN X B-Skill
internal JJ X I-Skill
awareness NN X I-Skill
of IN X I-Skill
all DT X I-Skill
customer NN X I-Skill
feedback NN X I-Skill
. . X O
You PRP X O

will MD X O
be VB X O
passionate JJ X B-Skill
and CC X I-Skill
determined JJ X I-Skill
and CC X O
assist NN X B-Skill
in IN X O
the DT X O
running NN X O
of IN X O
efficient JJ X O
kitchen NN X B-Domain
operations NNS X I-Domain
and CC X O
the DT X O
excellence NN X O
of IN X O
it PRP X O
s JJ X O
products NNS X O
. . X O
Adecco NNP X O

are VBP X O
recruiting VBG X O
on IN X O
behalf NN X O
of IN X O
a DT X O
global JJ X O
fleet NN X O
management NN X O
business NN X O
based VBN X O
in IN X O
Trowbridge NNP X O
. . X O
The DT X O

candidate NN X O
must MD X O
be VB X O
keen JJ X B-Skill
to TO X I-Skill
progress VB X I-Skill
within IN X O
this DT X O
role NN X O
. . X O
To TO X O

apply VB X O
for IN X O
this DT X O
position NN X O
please VB X O
contact JJ X O
Sandra NNP X O
Deasy NNP X O
at IN X O
N NNP X O
/ VBP X O
A NNP X O
The DT X O

successful JJ X O
buyer NN X O
will MD X O
have VB X O
previous JJ X O
experience NN X B-Skill
within IN X I-Skill
a DT X I-Skill
similar JJ X I-Skill
role NN X I-Skill
and CC X O
will MD X O
be VB X O
competent JJ X B-Skill
using VBG X I-Skill
in IN X I-Skill
house NN X I-Skill
systems NNS X I-Skill
and CC X I-Skill
Microsoft NNP X I-Skill
applications NNS X I-Skill
particularly RB X O
Excel NNP X B-Skill
. . X O
Our PRP$ X O

client NN X O
are VBP X O
a DT X O
UKwide NNP X O
professional JJ X O
services NNS X O
organisation NN X O
with IN X O
their PRP$ X O
head NN X O
office NN X O
based VBN X O
in IN X O
Hertfordshire NNP X O
. . X O
Familiar NNP X O

with IN X O
and CC X O
experienced VBD X B-Skill
using VBG X I-Skill
a DT X I-Skill
range NN X I-Skill
of IN X I-Skill
BEMS NNP X I-Skill
platforms NNS X I-Skill
and CC X O
the DT X O
ability NN X B-Skill
to TO X I-Skill
quickly RB X I-Skill
learn VB X I-Skill
new JJ X I-Skill
packages NNS X I-Skill
, , X O
to TO X O
also RB X O
including VBG X O
aM JJ X B-Skill
T NNP X I-Skill
and CC X I-Skill
energy NN X I-Skill
software NN X I-Skill
, , X O
as IN X O
required VBN X O
. . X O
To TO X O

Prepare NNP X B-Skill
, , X O
cook NN X B-Skill
and CC X O
present JJ X B-Skill
dishes NNS X I-Skill
in IN X O
accordance NN X O
with IN X O
product NN X O
specifications NNS X O
. . X O
This DT X O

is VBZ X O
an DT X O
exciting JJ X O
opportunity NN X O
for IN X O
an DT X O
individual NN X O
to TO X O
work VB X O
with IN X O
a DT X O
successful JJ X O
school NN X O
in IN X O
order NN X O
to TO X O
drive VB X O
their PRP$ X O
personal JJ X O
career NN X O
forward NN X O
and CC X O
share NN X O
and CC X O
develop VB X O
new JJ X O
ideas NNS X O
to TO X O
ensure VB X O
each DT X O
achieves VBZ X O
its PRP$ X O
goals NNS X O
over IN X O
the DT X O
coming VBG X O
years NNS X O
. . X O
Keywords NNS X O

; : X O
Project NNP X B-Occupation
Deliverability NNP X I-Occupation
Manager NNP X I-Occupation
, , X O
Project NNP X B-Occupation
Officer NNP X I-Occupation
, , X O
Scheme NNP X B-Occupation
Manager NNP X I-Occupation
, , X I-Occupation
Scheme NNP X I-Occupation
Officer NNP X I-Occupation
, , X O
Assessment NNP X B-Occupation
Officer NNP X I-Occupation
, , X I-Occupation
Project NNP X I-Occupation
Executive NNP X I-Occupation
, , X I-Occupation
Project NNP X I-Occupation
Coordinator NNP X I-Occupation
, , X O
Risk NNP X B-Occupation
Manager NNP X I-Occupation
As IN X O

the DT X O
Principle NNP X B-Occupation
Developer NNP X I-Occupation
, , X O
you PRP X O
will MD X O
be VB X O
cross JJ X O
technology NN X B-Domain
software NN X O
development NN X O
team NN X O
that WDT X O
designs VBZ X O
and CC X O
builds VBZ X O
quality NN X O
software NN X O
solutions NNS X O
to TO X O
meet VB X O
the DT X O
evergrowing VBG X O
technology NN X B-Domain
needs NNS X O
of IN X O
the DT X O
organisation NN X O
. . X O
The DT X O

ideal JJ X O
candidate NN X O
must MD X O
have VB X O
Working NNP X O
knowledge NN X O
of IN X O
NEC NNP X B-Skill
, , X O
ECC NNP X B-Skill
/ NNP X I-Skill
ICE NNP X I-Skill
Forms NNP X I-Skill
of IN X I-Skill
Contract NNP X I-Skill
, , X O
SHW NNP X B-Skill
, , X O
SHW NNP X B-Skill
Method NNP X I-Skill
of IN X I-Skill
measurements NNS X I-Skill
Some DT X O

children NNS X O
have VBP X O
additional JJ X O
need NN X O
such JJ X O
as IN X O
physical JJ X O
and CC X O
sensory JJ X O
disabilities NNS X O
, , X O
and CC X O
there EX X O
is VBZ X O
also RB X O
a DT X O
significant JJ X O
number NN X O
of IN X O
children NNS X O
on IN X O
the DT X O
autistic JJ X O
spectrum NN X O
. . X O
Someone NN X O

who WP X O
works VBZ X B-Skill
well RB X I-Skill
in IN X I-Skill
a DT X I-Skill
fast NN X I-Skill
paced JJ X I-Skill
environment NN X I-Skill
but CC X O
is VBZ X O
committed VBN X B-Skill
to TO X I-Skill
delivery NN X I-Skill
work NN X I-Skill
to TO X I-Skill
the DT X I-Skill
highest JJS X I-Skill
standard NN X I-Skill
. . X O
Please NNP X O

contact NN X O
Zara NNP X O
Niemand NNP X O
, , X O
Legal NNP X O
Recruitment NNP X O
Consultant NNP X O
, , X O
to TO X O
discuss VB X O
the DT X O
role NN X O
in IN X O
more JJR X O
detail NN X O
or CC X O
apply VB X O
through IN X O
the DT X O
vacancy NN X O
for IN X O
immediate JJ X O
consideration NN X O
. . X O
Metropolitan NNP X O

is VBZ X O
a DT X O
unique JJ X O
network NN X O
of IN X O
locally RB X O
focused JJ X O
member NN X O
organisations NNS X O
working VBG X O
together RB X O
to TO X O
provide VB X B-Skill
housing NN X I-Skill
, , X I-Skill
community NN X I-Skill
, , X I-Skill
regeneration NN X I-Skill
, , X I-Skill
care NN X I-Skill
and CC X I-Skill
support NN X I-Skill
services NNS X I-Skill
. . X O
This DT X O

person NN X O
will MD X O
act VB X O
as IN X O
the DT X O
central JJ X B-Skill
administration NN X I-Skill
hub NN X I-Skill
of IN X I-Skill
the DT X I-Skill
business NN X I-Skill
and CC X O
in IN X O
the DT X O
general JJ X O
running NN X O
of IN X O
the DT X O
business NN X O
working VBG X O
directly RB X O
with IN X O
the DT X O
Managing NNP X B-Occupation
Director NNP X I-Occupation
, , X O
Works NNP X B-Occupation
Director NNP X I-Occupation
and CC X O
Production NNP X B-Occupation
Manager NNP X I-Occupation
and CC X O
also RB X O
with IN X O
the DT X O
Finance NNP X B-Occupation
Manager NNP X I-Occupation
and CC X O
the DT X O
Office NNP X B-Occupation
Assistant NN X I-Occupation
Your PRP$ X O

core NN X O
skills NNS X O
will MD X O
be VB X O
made VBN X O
from IN X O
: : X O
4 CD X B-Experience
years NNS X I-Experience
professional JJ X I-Experience
experience NN X I-Experience
ideally RB X O
as IN X O
a DT X O
Senior NNP X B-Occupation
Software NNP X I-Occupation
Engineer NNP X I-Occupation
Robust NNP X B-Skill
C NNP X I-Skill
++ NNP X I-Skill
programming VBG X I-Skill
skills NNS X I-Skill
Experience NNP X I-Skill
in IN X I-Skill
the DT X I-Skill
media NNS X I-Skill
industry NN X I-Skill
will MD X O
be VB X O
a DT X O
distinct JJ X O
advantage NN X O
Knowledge NNP X B-Skill
of IN X I-Skill
XML NNP X I-Skill
, , X I-Skill
XSD NNP X I-Skill
, , X I-Skill
SOAP NNP X I-Skill
/ NNP X I-Skill
REST NNP X I-Skill
, , X O
Virtualisation NNP X B-Skill
and CC X I-Skill
Media NNP X I-Skill
Asset NNP X I-Skill
formats NNS X I-Skill
such JJ X I-Skill
as IN X I-Skill
MXF NNP X I-Skill
, , X I-Skill
AAF NNP X I-Skill
, , X O
Transport NNP X B-Skill
Streams NNP X I-Skill
, , X O
Consider VB X O

Health NNP X B-Skill
and CC X I-Skill
Safety NNP X I-Skill
implications NNS X O
of IN X O
yours NNS X O
and CC X O
others NNS X O
actions NNS X O
at IN X O
all DT X O
times NNS X O
. . X O
A DT X O

HGV NNP X B-Occupation
Driver NNP X I-Occupation
is VBZ X O
required VBN X O
to TO X O
join VB X O
our PRP$ X O
busy JJ X O
JK NNP X O
delivery NN X O
team NN X O
. . X O
Overall JJ X O

Responsibilities NNP X O
Assess NNP X B-Skill
patient JJ X I-Skill
s NN X I-Skill
health NN X I-Skill
and CC X I-Skill
well RB X I-Skill
being VBG X I-Skill
across IN X I-Skill
a DT X I-Skill
complex JJ X I-Skill
and CC X I-Skill
changing VBG X I-Skill
caseload NN X I-Skill
. . X O
Who WP X O

we PRP X O
re VBP X O
looking VBG X O
for IN X O
You PRP X O
will MD X O
need VB X O
to TO X O
be VB X O
a DT X O
driven JJ X B-Skill
and CC X O
highly RB X B-Skill
focused JJ X I-Skill
character NN X O
who WP X O
thrives VBZ X O
on IN X O
the DT X O
challenge NN X O
of IN X O
continuous JJ X O
improvement NN X O
. . X O
The DT X O

successful JJ X O
ACCOUNT NNP X B-Occupation
MANAGER NNP X I-Occupation
will MD X O
need VB X O
to TO X O
ensure VB X B-Skill
these DT X I-Skill
customers NNS X I-Skill
are VBP X I-Skill
retained VBN X I-Skill
and CC X I-Skill
developed VBN X I-Skill
effectively RB X I-Skill
, , X O
aswell RB X O
as IN X O
negotiating VBG X B-Skill
new JJ X I-Skill
SLA NNP X I-Skill
agreements NNS X I-Skill
. . X O
Skills NNS X O

and CC X O
Experience NNP X O
Previous NNP X B-Skill
account NN X I-Skill
management NN X I-Skill
experience NN X I-Skill
Line NNP X I-Skill
management NN X I-Skill
experience NN X I-Skill
Excellent NNP X O
campaign NN X B-Skill
management NN X I-Skill
skills NNS X I-Skill
Ability NNP X I-Skill
to TO X I-Skill
build VB X I-Skill
effective JJ X I-Skill
and CC X I-Skill
rewarding VBG X I-Skill
client NN X I-Skill
relationships NNS X I-Skill
To TO X O
Apply VB X O
Update VB X B-Skill

the DT X I-Skill
Engineering NNP X I-Skill
department NN X I-Skill
on IN X I-Skill
any DT X I-Skill
issues NNS X I-Skill
that WDT X I-Skill
may MD X I-Skill
affect VB X I-Skill
operational JJ X I-Skill
efficiency NN X I-Skill
. . X O
Please NNP X O

click JJ X O
apply RB X O
now RB X O
to TO X O
submit VB X O
a DT X O
copy NN X O
of IN X O
your PRP$ X O
CV NNP X O
and CC X O
request VB X O
an DT X O
application NN X O
form NN X O
. . X O
We PRP X O

are VBP X O
renowned VBN X O
the DT X O
world NN X O
over IN X O
as IN X O
offering VBG X O
exceptional JJ X O
high JJ X O
quality NN X O
, , X O
reliable JJ X O
and CC X O
accurate JJ X O
test NN X B-Skill
systems NNS X I-Skill
. . X O
If IN X O

you PRP X O
are VBP X O
interested JJ X O
in IN X O
this DT X O
role NN X O
and CC X O
you PRP X O
think VBP X O
that IN X O
you PRP X O
have VBP X O
the DT X O
necessary JJ X O
experience NN X O
, , X O
then RB X O
Charlotte NNP X O
would MD X O
be VB X O
keen JJ X O
to TO X O
hear VB X O
from IN X O
you PRP X O
as RB X O
soon RB X O
as IN X O
possible JJ X O
, , X O
in IN X O
absolute JJ X O
Confidence NNP X O
, , X O
on IN X O
Duties NNS X O

will MD X O
include VB X O
patrolling VBG X B-Skill
client NN X I-Skill
' '' X I-Skill
s JJ X I-Skill
premises NNS X I-Skill
internal JJ X O
and CC X O
external JJ X O
, , X O
responding VBG X B-Skill
to TO X I-Skill
alarm VB X I-Skill
activations NNS X I-Skill
. . X O
We PRP X O

have VBP X O
immediate JJ X O
opportunities NNS X O
for IN X O
experienced JJ X B-Skill
Assessors NNS X B-Occupation
to TO X O
work VB X O
for IN X O
MGT NNP X O
Training NNP X O
Ltd NNP X O
one CD X O
of IN X O
Scotland NNP X O
' POS X O
s NN X O
leading VBG X O
private JJ X O
Training NN X B-Domain
Providers NNS X O
. . X O
This DT X O

could MD X O
be VB X O
by IN X O
networking NN X B-Skill
, , X O
gaining VBG X B-Skill
referrals NNS X I-Skill
and CC X O
being VBG X B-Skill
commercially RB X I-Skill
aware JJ X I-Skill
when WRB X O
on IN X O
site NN X O
. . X O
This DT X O

scope NN X O
of IN X O
the DT X O
role NN X O
is VBZ X O
to TO X O
cover VB X O
tasks NNS X O
from IN X O
a DT X O
matter NN X O
of IN X O
opening VBG X B-Skill
billing NN X I-Skill
, , X O
reporting VBG X B-Skill
and CC X I-Skill
revenue NN X I-Skill
and CC X O
to TO X O
provide VB X O
cover NN X O
on IN X O
billing NN X O
, , X O
invoicing VBG X B-Skill
and CC X I-Skill
pricing NN X I-Skill
processes NNS X I-Skill
as IN X O
appropriate NN X O
. . X O
The DT X O

Person NNP X O
Mechanical NNP X B-Skill
design NN X I-Skill
/ NNP X I-Skill
CAD NNP X I-Skill
background VBD X O
Management NNP X B-Skill
experience NN X O
Minimum NNP X O
HND NNP X B-Qualification
/ NNP X I-Qualification
HNC NNP X I-Qualification
in IN X I-Qualification
Mechanical NNP X I-Qualification
Engineering NNP X I-Qualification
Drawing NNP X O
Office NNP X O
, , X O
Manager NNP X B-Occupation
, , X O
Assistant NNP X B-Occupation
Manager NNP X I-Occupation
, , X O
Team NNP X B-Occupation
Leader NNP X I-Occupation
, , X O
Supervisor NNP X B-Occupation
, , X B-Domain
Design NNP X I-Domain
, , X O
CAD NNP X B-Skill
, , X O
Draught NNP X B-Skill
, , X O
Draughter NNP X B-Occupation
, , X O
Draughtsman NNP X B-Occupation
, , X O
Draughtsperson NNP X B-Occupation
, , X B-Skill
Mechanical NNP X I-Skill
, , X O
Manufacturing NNP X B-Domain
, , X O
Fraserburgh NNP X O
, , X O
Grampian NNP X O
, , X O
Relocate NNP X O
, , X O
Relocation NNP X O
, , X O
**** NN X O

and CC X O
18 CD X O
years NNS X O
of IN X O
age NN X O
with IN X O
emotional JJ X O
and CC X O
behavioural JJ X O
difficulties NNS X O
. . X O
The DT X O

successful JJ X O
applicant NN X O
will MD X O
have VB X O
excellent JJ X O
customer NN X B-Skill
service NN X I-Skill
and CC X O
communication NN X B-Skill
skills NNS X O
. . X O
**** NN X O

basic JJ X O
plus CC X O
bonus JJ X O
scheme NN X O
25 CD X O
days NNS X O
holiday NN X O
and CC X O
flexible JJ X O
benefits NNS X O
. . X O
**** FW X O

per IN X O
annum NN X O
plus CC X O
management NN X B-Domain
bonus NN X O
For IN X O
further JJ X O
information NN X O
on IN X O
this DT X O
role NN X O
Key NNP X O

attributes NNS X O
of IN X O
the DT X O
Technical NNP X B-Occupation
Manager NNP X I-Occupation
include VBP X O
: : X O
Technical JJ X B-Skill
/ CD X I-Skill
quality JJ X I-Skill
management NN X I-Skill
experience NN X I-Skill
within IN X I-Skill
food NN X I-Skill
manufacturing VBG X I-Skill
A NNP X O
food NN X B-Qualification
science NN X I-Qualification
/ NNP X I-Qualification
technology NN X I-Qualification
or CC X I-Qualification
similar JJ X I-Qualification
degree NN X I-Qualification
or CC X I-Qualification
similar JJ X I-Qualification
qualification NN X I-Qualification
beneficial JJ X O
Experience NN X O
of IN X O
working VBG X B-Skill
directly RB X I-Skill
with IN X I-Skill
major JJ X I-Skill
retailers NNS X I-Skill
in IN X O
particular JJ X O
Tesco NNP X O
, , X O
Sainsbury NNP X O
s NN X O
and CC X O
Waitrose NNP X O
Excellent NNP X O
understanding NN X B-Skill
and CC X I-Skill
experience NN X I-Skill
of IN X I-Skill
delivering VBG X I-Skill
BRC NNP X I-Skill
requirements NNS X I-Skill
Strong JJ X B-Skill

communication NN X I-Skill
skills NNS X I-Skill
and CC X O
a DT X O
solid JJ X B-Skill
understanding NN X I-Skill
of IN X I-Skill
technical JJ X I-Skill
actuarial JJ X I-Skill
techniques NNS X I-Skill
are VBP X O
a DT X O
must MD X O
. . X O
The DT X O

Role NNP X O
You PRP X O
will MD X O
be VB X O
tasked VBN X O
with IN X O
new JJ X B-Skill
business NN X I-Skill
sales NNS X I-Skill
activities NNS X I-Skill
, , X O
selling VBG X B-Skill
hardware NN X I-Skill
and CC X I-Skill
services NNS X I-Skill
to TO X I-Skill
IT NNP X I-Skill
directors NNS X I-Skill
, , X I-Skill
data NNS X I-Skill
centre NN X I-Skill
managers NNS X I-Skill
and CC X I-Skill
Unix NNP X I-Skill
departments NNS X I-Skill
. . X O
The DT X O

position NN X O
is VBZ X O
initially RB X O
a DT X O
9month CD X O
contract NN X O
with IN X O
the DT X O
strong JJ X O
prospect NN X O
of IN X O
being VBG X O
extended VBN X O
after IN X O
this DT X O
, , X O
depending VBG X O
on IN X O
business NN X O
needs NNS X O
. . X O
The DT X O

experience NN X O
required VBN X O
for IN X O
this DT X O
role NN X O
is VBZ X O
as IN X O
follows VBZ X O
: : X O
Are NNP X O

you PRP X O
a DT X O
General NNP X B-Occupation
Manager NNP X I-Occupation
who WP X O
just RB X O
wants VBZ X O
to TO X O
work VB X O
for IN X O
a DT X O
company NN X O
who WP X O
will MD X O
dedicate VB X O
their PRP$ X O
time NN X O
to TO X O
training NN X O
and CC X O
developing VBG X O
your PRP$ X O
career NN X O
? . X O
Are NNP X O
you PRP X O
an DT X O
experienced JJ X B-Skill
General NNP X O
Manager NNP X O
who WP X O
is VBZ X O
just RB X O
ready JJ X O
for IN X O
a DT X O
change NN X O
? . X O
If IN X O

you PRP X O
feel VBP X O
you PRP X O
have VBP X O
what WP X O
it PRP X O
takes VBZ X O
to TO X O
be VB X O
our PRP$ X O
next JJ X O
Typist NN X B-Occupation
and CC X O
seek NN X O
to TO X O
join VB X O
our PRP$ X O
exciting VBG X B-Skill
work NN X I-Skill
environment NN X I-Skill
, , X O
please VB X O
email VB X O
your PRP$ X O
CV NNP X O
to TO X O
Resourcing NNP X O
, , X O
quoting VBG X O
CrawcoGT NNP X O
**** NNP X O
Typ NNP X O
. . X O
My PRP$ X O

client NN X O
is VBZ X O
an DT X O
innovative JJ X O
skills NNS X O
provider NN X O
offering VBG X B-Skill
a DT X I-Skill
joined VBN X I-Skill
up RP X I-Skill
approach NN X I-Skill
to TO X I-Skill
business NN X I-Skill
and CC X I-Skill
economic JJ X I-Skill
development NN X I-Skill
and CC X I-Skill
social JJ X I-Skill
inclusion NN X I-Skill
; : X O
working VBG X B-Skill
with IN X I-Skill
employers NNS X I-Skill
to TO X I-Skill
develop VB X I-Skill
skilled JJ X I-Skill
and CC X I-Skill
productive JJ X I-Skill
employees NNS X I-Skill
whilst VBP X I-Skill
creating VBG X I-Skill
employment NN X I-Skill
for IN X I-Skill
people NNS X I-Skill
in IN X I-Skill
the DT X I-Skill
communities NNS X I-Skill
where WRB X I-Skill
we PRP X I-Skill
work VBP X I-Skill
. . X O
A DT X O

highly RB X O
successful JJ X O
firm NN X O
of IN X O
chartered VBN X O
accountants NNS X O
based VBN X O
in IN X O
Swindon NNP X O
, , X O
with IN X O
an DT X O
excellent JJ X O
reputation NN X O
, , X O
undergoing VBG X O
continued JJ X O
growth NN X O
and CC X O
expansion NN X O
. . X O
Your PRP$ X O

objectives NNS X O
are VBP X O
to TO X O
develop VB X B-Skill
and CC X I-Skill
close VB X I-Skill
new JJ X I-Skill
display NN X I-Skill
business NN X I-Skill
and CC X O
provide VB X O
first JJ X O
class NN X O
service NN X O
including VBG X O
proving VBG X O
research NN X B-Skill
, , X O
market NN X B-Skill
analysis NN X I-Skill
and CC X O
other JJ X O
critical JJ X O
information NN X O
, , X O
and CC X O
be VB X O
responsive JJ X O
to TO X O
all DT X O
customer NN X O
needs NNS X O
. . X O
This DT X O

is VBZ X O
a DT X O
challenging JJ X O
role NN X O
working VBG X B-Skill
as IN X I-Skill
part NN X I-Skill
of IN X I-Skill
a DT X I-Skill
small JJ X I-Skill
and CC X I-Skill
close JJ X I-Skill
knit NN X I-Skill
team NN X I-Skill
in IN X O
a DT X O
fast JJ X O
paced JJ X O
sales NNS X B-Domain
environment NN X I-Domain
where WRB X O
your PRP$ X O
contribution NN X O
plays VBZ X O
an DT X O
integral JJ X O
part NN X O
to TO X O
the DT X O
success NN X O
of IN X O
the DT X O
team NN X O
. . X O
Daily JJ X O

duties NNS X O
will MD X O
include VB X O
: : X O
Contacting VBG X B-Skill
existing VBG X I-Skill
clients NNS X I-Skill
Contacting VBG X I-Skill
prospect JJ X I-Skill
clients NNS X I-Skill
that WDT X O
have VBP X O
either DT X O
purchased VBN X O
or CC X O
enquired VBN X O
our PRP$ X O
clients NNS X O
products NNS X O
Creating VBG X B-Skill
monthly JJ X I-Skill
newsletters NNS X I-Skill
and CC X O
Eshots NNS X B-Skill
**** NN X O

basic JJ X O
salary JJ X O
25 CD X O
days NNS X O
holiday RB X O
Other JJ X O
company NN X O
benefits NNS X O
About IN X O
BMS NNP X O
Graduate NNP X O
Recruitment NNP X B-Domain
LLP NNP X O
: : X O
We PRP X O
focus VBP X O
on IN X O
helping VBG X O
future JJ X O
sales NNS X B-Occupation
professionals NNS X I-Occupation
to TO X O
find VB X O
graduate NN X B-Domain
jobs NNS X I-Domain
and CC X O
specifically RB X O
graduates NNS X B-Domain
sales NNS X I-Domain
jobs NNS X I-Domain
. . X O
Key NNP X O

Words NNP X O
Quality NNP X O
Assurance NNP X O
, , X O
Pharmaceutical NNP X O
, , X O
Clinical NNP X O
, , X O
GCP NNP X O
, , X O
Good NNP X O
clinical JJ X O
Practice NNP X O
, , X O
GMP NNP X O
, , X O
Good NNP X O
manufacturing NN X O
practice NN X O
, , X O
QA NNP X O
, , X O
natural JJ X O
medicines NNS X O
, , X O
medicines NNS X O
, , X O
healthcare NN X O
, , X O
homeopathy NN X O
, , X O
remedies NNS X O
, , X O
Consultancy NNP X O
, , X O
Europe NNP X O
, , X O
England NNP X O
, , X O
London NNP X O
, , X O
South NNP X O
West NNP X O
London NNP X O
. . X O
The DT X O

role NN X O
is VBZ X O
all DT X O
about IN X O
ideas NNS X O
coming VBG X O
up RP X O
with IN X O
startling VBG X O
concepts NNS X O
that WDT X O
will MD X O
break VB X O
new JJ X O
ground NN X O
or CC X O
at IN X O
least JJS X O
shake VB X O
up RP X O
existing VBG X O
ground NN X O
, , X O
ideas NNS X O
that WDT X O
are VBP X O
media NNS X O
neutral JJ X O
and CC X O
timeless NN X O
in IN X O
their PRP$ X O
efficacy NN X O
. . X O
Manage VB X O

the DT X O
prioritisation NN X B-Skill
of IN X I-Skill
allocated JJ X I-Skill
help NN X I-Skill
desk NN X I-Skill
calls VBZ X I-Skill
, , X O
ensuring VBG X B-Skill
resolution NN X I-Skill
is VBZ X I-Skill
achieved VBN X I-Skill
within IN X I-Skill
agreed VBN X I-Skill
targets NNS X I-Skill
Recommend NNP X I-Skill
appropriate NN X I-Skill
hardware NN X I-Skill
, , X I-Skill
software NN X I-Skill
and CC X I-Skill
systems NNS X I-Skill
, , X O
ensuring VBG X O
optimal JJ X O
service NN X B-Skill
delivery NN X O
to TO X O
our PRP$ X O
customers NNS X O
Promote NNP X B-Skill
and CC X I-Skill
demonstrate VB X I-Skill
best JJS X I-Skill
practice NN X I-Skill
within IN X O
IT NNP X B-Domain
and CC X O
to TO X O
the DT X O
company NN X O
as IN X O
a DT X O
whole NN X O
, , X O
including VBG X O
the DT X O
maintenance NN X B-Skill
of IN X I-Skill
IT NNP X I-Skill
Security NNP X I-Skill
and CC X O
in IN X O
particular JJ X O
protection NN X B-Skill
against IN X I-Skill
computer NN X I-Skill
virus NN X I-Skill
infection NN X I-Skill
Helping VBG X O

faculty NN X O
staff NN X O
understand VBP X O
the DT X O
financial JJ X O
consequences NNS X O
of IN X O
their PRP$ X O
decisions NNS X O
and CC X O
the DT X O
influence NN X O
of IN X O
external JJ X O
factors NNS X O
always RB X O
bearing VBG X O
in IN X O
mind NN X O
the DT X O
university NN X O
? . X O
s JJ X O
goal NN X O
of IN X O
enhancing VBG X O
student NN X O
experience NN X O
, , X O
within IN X O
affordability NN X O
limits NNS X O
. . X O
? . X O
**** JJ X O

**** NNP X O
**** NN X O
or CC X O
email JJ X O
elliefrlondon NN X O
. . X O
co NN X O
. . X O
uk NN X O
for IN X O
exclusive JJ X O
Administrator NNP X O
opportunities NNS X O
across IN X O
all DT X O
areas NNS X O
. . X O
Carry NNP X B-Skill

out RP X I-Skill
a DT X I-Skill
limited JJ X I-Skill
range NN X I-Skill
of IN X I-Skill
procedures NNS X I-Skill
to TO X O
support VB X O
qualified JJ X O
physiotherapists NNS X B-Occupation
. . X O
You PRP X O

must MD X O
be VB X O
able JJ X O
to TO X O
work VB X B-Skill
appropriately RB X I-Skill
with IN X I-Skill
people NNS X I-Skill
from IN X I-Skill
a DT X I-Skill
wide JJ X I-Skill
range NN X I-Skill
of IN X I-Skill
backgrounds NNS X I-Skill
, , X O
many JJ X O
of IN X O
whom WP X O
have VBP X O
not RB X O
been VBN X O
employers NNS X O
before IN X O
. . X O
In IN X O

addition NN X O
, , X O
the DT X O
role NN X O
includes VBZ X O
account VBP X B-Skill
pricing VBG X I-Skill
work NN X O
and CC X O
there EX X O
may MD X O
in IN X O
future JJ X O
be VB X O
some DT X O
exposure NN X O
to TO X O
personal JJ X B-Domain
lines NNS X I-Domain
business NN X I-Domain
. . X O
IT NNP X B-Skill

skills VBZ X I-Skill
important JJ X O
and CC X O
proficiency NN X O
in IN X O
MS NNP X O
Office NNP X O
desirable JJ X O
Ability NNP X B-Skill
with IN X I-Skill
figures NNS X I-Skill
and CC X I-Skill
managing VBG X I-Skill
financial JJ X I-Skill
data NNS X I-Skill
and CC X I-Skill
payments NNS X I-Skill
Good JJ X I-Skill
organisational JJ X I-Skill
and CC X I-Skill
administrative JJ X I-Skill
skills NNS X I-Skill
Good JJ X I-Skill
time NN X I-Skill
keeping VBG X I-Skill
Desirable JJ X I-Skill
Skills NNS X I-Skill
but CC X O
A DT X O

MOT NNP X B-Occupation
Tester NNP X I-Occupation
Technician NNP X I-Occupation
is VBZ X O
required VBN X O
for IN X O
a DT X O
well NN X O
established VBN X O
and CC X O
busy JJ X O
garage NN X O
. . X O
In IN X O

this DT X O
role NN X O
you PRP X O
will MD X O
support VB X B-Skill
the DT X I-Skill
account NN X I-Skill
management NN X I-Skill
team NN X I-Skill
in IN X I-Skill
delivering VBG X I-Skill
a DT X I-Skill
range NN X I-Skill
of IN X I-Skill
projects NNS X I-Skill
on IN X I-Skill
behalf NN X I-Skill
of IN X I-Skill
pharmaceutical JJ X I-Skill
companies NNS X I-Skill
. . X O
The DT X O

successful JJ X O
candidate NN X O
can MD X O
look VB X O
forward RB X O
to TO X O
a DT X O
fast JJ X O
tracked JJ X O
career NN X O
as IN X O
their PRP$ X O
internal JJ X O
training NN X O
and CC X O
development NN X O
is VBZ X O
one CD X O
of IN X O
the DT X O
best JJS X O
in IN X O
the DT X O
industry NN X O
. . X O
Operating VBG X B-Skill

various JJ X I-Skill
business NN X I-Skill
channels NNS X I-Skill
including VBG X O
2 CD X O
web NN X B-Skill
based VBN X I-Skill
directories NNS X I-Skill
and CC X O
a DT X O
software NN X B-Skill
booking VBG X I-Skill
system NN X I-Skill
, , X O
the DT X O
company NN X O
markets NNS X O
to TO X O
individual JJ X O
and CC X O
group NN X O
venues NNS X O
around IN X O
the DT X O
world NN X O
and CC X O
an DT X O
opening NN X O
has VBZ X O
arisen VBN X O
for IN X O
a DT X O
Business NNP X B-Occupation
Development NNP X I-Occupation
Manager NNP X I-Occupation
to TO X O
join VB X O
the DT X O
busy JJ X O
team NN X O
. . X O
Knowledge NNP X O

of IN X O
Microsoft NNP X B-Skill
Office NNP X I-Skill
applications NNS X O
an DT X O
understanding NN X O
of IN X O
Maintenance NNP X B-Skill
Management NNP X I-Skill
Systems NNPS X I-Skill
would MD X O
be VB X O
advantageous JJ X O
. . X O
The DT X O

award NN X O
covers VBZ X O
tuition NN X O
fees NNS X O
at IN X O
the DT X O
UK NNP X O
/ NNP X O
EU NNP X O
rate NN X O
and CC X O
provides VBZ X O
an DT X O
annual JJ X O
stipend NN X O
living VBG X O
allowance NN X O
of IN X O
currently RB X O
Both DT X O

exciting JJ X O
and CC X O
challenging JJ X O
, , X O
this DT X O
position NN X O
is VBZ X O
for IN X O
an DT X O
exceptional JJ X B-Skill
, , X O
highly RB X O
motivated JJ X B-Skill
Automotive NNP X B-Domain
Business NNP X B-Occupation
Manager NNP X I-Occupation
, , X O
with IN X O
Finance NNP X B-Domain
and CC X O
Insurance NNP X B-Domain
sales NNS X I-Domain
experience NN X O
. . X O
The DT X O

successful JJ X O
candidate NN X O
would MD X O
ideally RB X O
be VB X O
qualified VBN X B-Skill
but CC X O
qualified VBN X O
by IN X O
experience NN X O
and CC X O
part NN X O
qualified VBN X O
accountants NNS X B-Occupation
are VBP X O
welcome JJ X O
to TO X O
apply VB X O
providing VBG X O
they PRP X O
have VBP X O
the DT X O
relevant JJ X O
background NN X O
and CC X O
required JJ X O
experience NN X O
. . X O
Please NNP X O

note NN X O
this DT X O
position NN X O
is VBZ X O
based VBN X O
in IN X O
Colchester NNP X O
and CC X O
candidates NNS X O
would MD X O
be VB X O
required VBN X O
to TO X O
commute VB X O
to TO X O
the DT X O
City NNP X O
centre NN X O
on IN X O
a DT X O
daily JJ X O
basis NN X O
. . X O
Preparing VBG X B-Skill

reports NNS X I-Skill
for IN X I-Skill
the DT X I-Skill
Environment NNP X I-Skill
Agency NNP X I-Skill
as IN X O
specified VBN X O
in IN X O
the DT X O
Environmental NNP X O
Permit NNP X O
Improve NNP X B-Skill

and CC X I-Skill
expand VB X I-Skill
their PRP$ X I-Skill
existing JJ X I-Skill
deployments NNS X I-Skill
and CC X I-Skill
infrastructure NN X I-Skill
. . X I-Skill
As IN X O

a DT X O
company NN X O
we PRP X O
are VBP X O
growing VBG X O
on IN X O
a DT X O
weekly JJ X O
basis NN X O
and CC X O
have VBP X O
numerous JJ X O
opportunities NNS X O
available JJ X O
in IN X O
various JJ X O
trusts NNS X O
and CC X O
private JJ X O
organisations NNS X O
throughout IN X O
the DT X O
UK NNP X O
, , X O
if IN X O
this DT X O
role NN X O
isn NN X O
t VB X O
what WP X O
you PRP X O
are VBP X O
looking VBG X O
for IN X O
why WRB X O
not RB X O
send VB X O
you PRP X O
details NNS X O
to TO X O
our PRP$ X O
recruitment NN X O
team NN X O
via IN X O
email NN X O
recruitersteam24 NN X O
. . X O
co NN X O
. . X O
uk NN X O
or CC X O
visit VB X O
our PRP$ X O
website NN X O
at IN X O
My PRP$ X O

client NN X O
is VBZ X O
an DT X O
international JJ X O
media NNS X B-Domain
organisation NN X O
, , X O
providing VBG X O
B2B NNP X B-Skill
and CC X O
Consumer NNP X B-Skill
information NN X I-Skill
in IN X O
a DT X O
range NN X O
of IN X O
specialist NN X O
markets NNS X O
. . X O
Previous JJ X O

Service NNP X B-Skill
Engineering NNP X I-Skill
experience NN X O
of IN X O
Automotive NNP X B-Domain
Security NNP X I-Domain
Systems NNPS X I-Domain
IT NNP X B-Skill
/ NNP X I-Skill
PC NNP X I-Skill
Literate NNP X I-Skill
, , X O
including VBG X O
knowledge NN X O
of IN X O
networking NN X B-Skill
, , X O
TCP NNP X B-Skill
/ NNP X I-Skill
IP NNP X I-Skill
, , X O
DHCP NNP X B-Skill
and CC X O
DNS NNP X B-Skill
Ashton NNP X O

Consulting NNP X O
Ltd NNP X O
is VBZ X O
an DT X O
independent JJ X O
recruitment NN X O
consultancy NN X O
that WDT X O
specialise NN X O
in IN X O
recruitment JJ X O
solutions NNS X O
Worldwide NNP X O
. . X O
Promote NNP X B-Skill

high JJ X I-Skill
standards NNS X I-Skill
of IN X I-Skill
nursing NN X I-Skill
care NN X I-Skill
for IN X I-Skill
you PRP X I-Skill
and CC X I-Skill
your PRP$ X I-Skill
team NN X I-Skill
, , X O
by IN X O
ensuring VBG X B-Skill
all DT X I-Skill
staff NN X I-Skill
are VBP X I-Skill
supervised VBN X I-Skill
appropriately RB X I-Skill
and CC X I-Skill
the DT X I-Skill
shift NN X I-Skill
runs VBZ X I-Skill
in IN X I-Skill
a DT X I-Skill
smooth JJ X I-Skill
efficient JJ X I-Skill
manner NN X I-Skill
. . X O
Develop VB X O

a DT X O
working JJ X O
practice NN X O
to TO X O
enable VB X O
the DT X O
proactive JJ X O
support NN X O
of IN X O
our PRP$ X O
customer NN X O
base NN X O
via IN X O
system NN X B-Skill
monitoring NN X I-Skill
and CC X O
analytical JJ X B-Skill
diagnostics NNS X I-Skill
Responsible JJ X O
for IN X O
maintaining VBG X B-Skill
department NN X I-Skill
and CC X I-Skill
personal JJ X I-Skill
key JJ X I-Skill
performance NN X I-Skill
indicators NNS X I-Skill
and CC X O
managing VBG X B-Skill
customer NN X I-Skill
assets NNS X I-Skill
to TO X O
ensure VB X O
maximum JJ X O
life NN X O
cycles NNS X O
are VBP X O
achieved VBN X O
Identify NNP X B-Skill
opportunities NNS X I-Skill
of IN X I-Skill
energy NN X I-Skill
saving VBG X I-Skill
initiatives NNS X I-Skill
across IN X O
the DT X O
customer NN X O
portfolio NN X O
. . X O
Due JJ X O

to TO X O
the DT X O
high JJ X O
volume NN X O
of IN X O
applications NNS X O
we PRP X O
currently RB X O
receive VBP X O
, , X O
we PRP X O
are VBP X O
unable JJ X O
to TO X O
respond VB X O
to TO X O
all DT X O
candidates NNS X O
. . X O
any DT X O

scope NN X B-Skill
of IN X I-Skill
supply NN X I-Skill
issues NNS X I-Skill
with IN X O
the DT X O
project NN X B-Occupation
manager NN X I-Occupation
and CC X O
agree NN X B-Skill
timescales NNS X I-Skill
hours NNS X O

, , X O
please VB X O
assume VB X O
that IN X O
your PRP$ X O
application NN X O
has VBZ X O
not RB X O
been VBN X O
successful JJ X O
. . X O
Duties NNS X O

include VBP X O
: : X O
Handling VBG X B-Skill
customer NN X I-Skill
enquiries NNS X I-Skill
Extracting VBG X I-Skill
information NN X I-Skill
from IN X I-Skill
customers NNS X I-Skill
Arranging VBG X I-Skill
appointments NNS X I-Skill
Signing VBG X I-Skill
customers NNS X I-Skill
up RB X I-Skill
to TO X I-Skill
contracts NNS X I-Skill
and CC X I-Skill
explaining VBG X I-Skill
process NN X I-Skill
Dealing VBG X I-Skill
with IN X I-Skill
customer NN X I-Skill
problems NNS X I-Skill
or CC X I-Skill
queries NNS X I-Skill
Providing VBG X I-Skill
first JJ X I-Skill
class NN X I-Skill
service NN X I-Skill
to TO X I-Skill
customers NNS X I-Skill
Working VBG X O
to TO X O
If IN X O

you PRP X O
' VBP X O
re JJ X O
interested JJ X O
in IN X O
this DT X O
or CC X O
any DT X O
other JJ X O
Senior NNP X B-Occupation
. . X I-Occupation
NET NNP X I-Occupation
Developer NNP X I-Occupation
roles VBZ X O
please VB X O
apply VB X O
online JJ X O
or CC X O
call VB X O
the DT X O
Consortia NNP X O
team NN X O
and CC X O
we PRP X O
will MD X O
match VB X O
you PRP X O
to TO X O
all DT X O
Senior NNP X B-Occupation
. . X I-Occupation
NET NNP X I-Occupation
Developer NNP X I-Occupation
roles NNS X O
. . X O
My PRP$ X O

client NN X O
operates VBZ X O
a DT X O
rapidly RB X O
evolving VBG X O
outbound RP X O
call VB X O
centre NN X O
that WDT X O
is VBZ X O
looking VBG X O
to TO X O
optimise VB X B-Skill
their PRP$ X I-Skill
high JJ X I-Skill
performance NN X I-Skill
. . X O
You PRP X O

have VBP X O
both DT X O
the DT X O
enthusiasm NN X B-Skill
and CC X O
the DT X O
ability NN X O
to TO X O
show VB X O
how WRB X O
analytics NNS X B-Skill
can MD X O
help VB X O
any DT X O
organisation NN X O
deliver NN X O
excellence NN X O
Have VBP X O
some DT X O
experience NN X O
of IN X O
consulting VBG X B-Skill
or CC X O
working VBG X B-Skill
face NN X I-Skill
to TO X I-Skill
face NN X I-Skill
with IN X I-Skill
clients NNS X I-Skill
Package NN X O
: : X O
To TO X O

carryout VB X B-Skill
fault NN X I-Skill
finding VBG X I-Skill
on IN X I-Skill
all DT X I-Skill
Plant NNP X I-Skill
Room NNP X I-Skill
equipment NN X I-Skill
, , X O
and CC X O
have VBP X O
good JJ X B-Skill
knowledge NN X I-Skill
of IN X I-Skill
Plant NNP X I-Skill
Room NNP X I-Skill
installations NNS X I-Skill
. . X O
Our PRP$ X O

client NN X O
a DT X O
small JJ X O
traders NNS X B-Occupation
based VBN X O
near IN X O
London NNP X O
Bridge NNP X O
, , X O
are VBP X O
looking VBG X O
for IN X O
Do VBP X O

you PRP X O
have VB X O
experience NN X O
of IN X O
working VBG X B-Skill
in IN X I-Skill
a DT X I-Skill
fast JJ X I-Skill
paced JJ X I-Skill
telephone NN X I-Skill
customer NN X I-Skill
service NN X I-Skill
environment NN X I-Skill
? . X O
You PRP X O

will MD X O
be VB X O
driving VBG X B-Skill
sales NNS X I-Skill
in IN X I-Skill
the DT X I-Skill
restaurant NN X I-Skill
and CC X I-Skill
bar NN X I-Skill
environment NN X I-Skill
. . X O
You PRP X O

will MD X O
have VB X O
an DT X O
excellent JJ X O
understanding NN X O
of IN X O
modern JJ X B-Skill
distribution NN X I-Skill
techniques NNS X I-Skill
and CC X O
knowledge NN X O
of IN X O
uptodate JJ X B-Skill
developments NNS X I-Skill
within IN X I-Skill
the DT X I-Skill
industry NN X I-Skill
. . X O
This DT X O

is VBZ X O
an DT X O
outstanding JJ X O
opportunity NN X O
to TO X O
work VB X O
with IN X O
a DT X O
leader NN X O
in IN X O
their PRP$ X O
field NN X O
, , X O
an DT X O
organisation NN X O
with IN X O
a DT X O
very RB X O
large JJ X O
enterprise NN X O
scale NN X O
infrastructure NN X O
offering VBG X O
a DT X O
highly RB X O
secure NN X O
and CC X O
long JJ X O
term NN X O
position NN X O
within IN X O
their PRP$ X O
infrastructure NN X O
team NN X O
. . X O
Please VB X O

ensure VB X O
that IN X O
your PRP$ X O
application NN X O
is VBZ X O
completed VBN X O
and CC X O
submitted VBN X O
online NN X O
no RB X O
later RB X O
than IN X O
the DT X O
closing NN X O
date NN X O
. . X O
With IN X O

retail JJ X O
, , X O
manufacturing NN X O
and CC X O
distribution NN X O
units NNS X O
across IN X O
the DT X O
UK NNP X O
and CC X O
the DT X O
world NN X O
. . X O
Applicants NNS X O

must MD X O
be VB X O
able JJ X O
to TO X O
attend VB X O
for IN X O
interview NN X O
at IN X O
Spire NNP X O
Harpenden NNP X O
Hospital NNP X O
and CC X O
must MD X O
be VB X O
eligible JJ X O
to TO X O
work VB X O
in IN X O
the DT X O
UK NNP X O
Spire NNP X O
Healthcare NNP X O
is VBZ X O
the DT X O
second JJ X O
largest JJS X O
provider NN X O
of IN X O
private JJ X O
healthcare NN X B-Domain
in IN X O
the DT X O
UK NNP X O
with IN X O
Knowledge NNP X B-Skill

of IN X I-Skill
SFAS NNP X I-Skill
rules NNS X I-Skill
Experience NNP X I-Skill
of IN X I-Skill
data NNS X I-Skill
entry NN X I-Skill
management NN X I-Skill
We PRP X O

will MD X O
endeavor VB X O
to TO X O
respond VB X O
to TO X O
all DT X O
applicants NNS X O
, , X O
but CC X O
if IN X O
you PRP X O
do VBP X O
not RB X O
receive VB X O
a DT X O
response NN X O
within IN X O
Any DT X O

experience NN X O
in IN X O
a DT X O
control NN X B-Skill
system NN X I-Skill
related JJ X O
role NN X O
is VBZ X O
beneficial JJ X O
but CC X O
the DT X O
company NN X O
will MD X O
take VB X O
on IN X O
a DT X O
graduate NN X B-Qualification
straight NN X O
from IN X O
University NNP X O
if IN X O
you PRP X O
have VBP X O
a DT X O
great JJ X O
attitude NN X O
. . X O
It PRP X O

is VBZ X O
expected VBN X O
you PRP X O
will MD X O
have VB X O
a DT X O
good JJ X O
broad JJ X O
set NN X O
of IN X O
skills NNS X O
to TO X O
include VB X O
, , X O
support NN X B-Skill
, , X O
analysis NN X B-Skill
, , X O
training NN X B-Skill
and CC X I-Skill
planning NN X I-Skill
/ NN X I-Skill
specifying VBG X I-Skill
software NN X I-Skill
changes NNS X I-Skill
. . X O
Randstad NNP X O

Retail NNP X O
is VBZ X O
the DT X O
retail JJ X O
specialist NN X O
division NN X O
of IN X O
Randstad NNP X O
, , X O
who WP X O
act VBD X O
as IN X O
an DT X O
employment NN X O
business NN X O
and CC X O
employment NN X O
agency NN X O
and CC X O
are VBP X O
registered VBN X O
in IN X O
England NNP X O
and CC X O
Wales NNP X O
no DT X O
Our PRP$ X O

client NN X O
seeks VBZ X O
a DT X O
Credit NNP X B-Occupation
Controller NNP X I-Occupation
with IN X O
a DT X O
proven JJ X O
background NN X O
in IN X O
chasing VBG X B-Skill
outstanding JJ X I-Skill
debt NN X I-Skill
so IN X O
that IN X O
they PRP X O
can MD X O
hit VB X O
the DT X O
ground NN X O
running VBG X O
. . X O
This DT X O

role NN X O
involves VBZ X O
looking VBG X B-Skill
after IN X I-Skill
the DT X I-Skill
major JJ X I-Skill
retail JJ X I-Skill
accounts NNS X I-Skill
including VBG X O
Asda NNP X O
Tesco NNP X O
. . X O
To TO X O

complete VB X O
the DT X O
production NN X B-Skill
of IN X I-Skill
high JJ X I-Skill
quality NN X I-Skill
vacuum NN X I-Skill
formings NNS X I-Skill
within IN X O
a DT X O
plastic JJ X O
manufacturing NN X O
environment NN X O
. . X O
The DT X O

directors NNS X B-Occupation
consultants NNS X I-Occupation
are VBP X O
Building VBG X B-Occupation
Industry NNP X I-Occupation
professionals NNS X I-Occupation
with IN X O
actual JJ X B-Experience
experience NN X I-Experience
of IN X O
Field NNP X B-Domain
Sales NNS X I-Domain
, , X O
Marketing NN X B-Domain
and CC X O
Senior NNP X B-Domain
Management NNP X I-Domain
. . X O
This DT X O

approach NN X O
has VBZ X O
lead VBN X O
to TO X O
the DT X O
development NN X O
of IN X O
longstanding VBG X O
relationship NN X O
with IN X O
key JJ X O
clients NNS X O
to TO X O
whom WP X O
they PRP X O
offer VBP X O
a DT X O
full JJ X O
range NN X O
of IN X O
rip NN X O
out IN X O
, , X O
fitout NN X O
and CC X O
refurbishment NN X O
within IN X O
the DT X O
Retail NNP X O
sector NN X O
. . X O
Their PRP$ X O

ethos NN X O
has VBZ X O
always RB X O
been VBN X O
one CD X O
of IN X O
simplicity NN X O
, , X O
which WDT X O
has VBZ X O
led VBN X O
them PRP X O
to TO X O
become VB X O
recognised VBN X O
in IN X O
their PRP$ X O
market NN X O
as IN X O
one CD X O
of IN X O
the DT X O
best JJS X O
products NNS X O
to TO X O
use VB X O
. . X O
Comfortable JJ X B-Skill

liaising NN X I-Skill
at IN X I-Skill
all DT X I-Skill
levels NNS X I-Skill
of IN X I-Skill
the DT X I-Skill
business NN X I-Skill
Ability NNP X O
to TO X O
react VB X B-Skill
positively RB X I-Skill
to TO X I-Skill
rapidly RB X I-Skill
evolving VBG X I-Skill
business NN X I-Skill
requirements NNS X I-Skill
All DT X O
candidates NNS X O
must MD X O
possess VB X B-Skill
excellent JJ X I-Skill
communication NN X I-Skill
skills NNS X I-Skill
and CC X O
be VB X O
a DT X O
confident JJ X B-Skill
team NN X I-Skill
player NN X I-Skill
with IN X O
assertiveness NN X B-Skill
and CC X O
personal JJ X B-Skill
motivation NN X I-Skill
. . X O
My PRP$ X O

client NN X O
is VBZ X O
a DT X O
privately RB X O
owned VBN X O
company NN X O
who WP X O
have VBP X O
been VBN X O
in IN X O
operation NN X O
for IN X O
more JJR X O
than IN X O
70 CD X O
years NNS X O
. . X O
If IN X O

you PRP X O
think VBP X O
you PRP X O
have VBP X O
the DT X O
skills NNS X O
and CC X O
expertise NN X O
required VBN X O
then RB X O
please VB X O
apply VB X O
with IN X O
your PRP$ X O
CV NNP X O
. . X O
Support VB X B-Skill

the DT X I-Skill
ongoing JJ X I-Skill
development NN X I-Skill
of IN X O
the DT X O
Quality NNP X O
Management NNP X O
System NNP X O
QMS NNP X B-Skill
and CC X O
GxP NNP X B-Skill
compliance NN X O
. . X O
This DT X O

position NN X O
is VBZ X O
exempt JJ X O
from IN X O
the DT X O
Employment NNP X O
Equality NNP X O
Age NNP X O
Regulations NNS X O
Uniquely RB X O

, , X O
the DT X O
Oliver NNP X O
Wyman NNP X O
Insurance NNP X O
practice NN X O
spans NNS X O
both DT X O
an DT X O
in IN X O
depth NN X B-Skill
understanding NN X I-Skill
of IN X I-Skill
the DT X I-Skill
underlying JJ X I-Skill
economics NNS X I-Skill
of IN X I-Skill
an DT X I-Skill
insurer NN X I-Skill
as RB X I-Skill
well RB X I-Skill
as IN X I-Skill
strategic JJ X I-Skill
and CC X I-Skill
operational JJ X I-Skill
effectiveness NN X I-Skill
insight NN X I-Skill
and CC X I-Skill
capabilities NNS X I-Skill
. . X O
My PRP$ X O

client NN X O
is VBZ X O
a DT X O
large JJ X O
facilities NNS X O
management NN X B-Domain
company NN X O
covering VBG X O
different JJ X O
contracts NNS X O
acoross IN X O
the DT X O
country NN X O
. . X O
Depending VBG X O

on IN X O
the DT X O
candidate NN X O
this DT X O
could MD X O
mean VB X O
strong JJ X O
design NN X B-Skill
, , X O
project NN X B-Skill
or CC X I-Skill
engineering NN X I-Skill
design NN X I-Skill
management NN X I-Skill
. . X O
This DT X O

will MD X O
include VB X O
planning VBG X B-Skill
cover RB X I-Skill
as IN X O
required VBN X O
and CC X O
liaising VBG X B-Skill
with IN X I-Skill
other JJ X I-Skill
departments NNS X I-Skill
to TO X O
ensure VB X O
maintenance NN X B-Skill
and CC X I-Skill
cleaning NN X I-Skill
schedules NNS X I-Skill
are VBP X O
completed VBN X O
as IN X O
planned VBN X O
. . X O
Our PRP$ X O

client NN X O
mentions NNS X O
on IN X O
offer NN X O
is VBZ X O
not RB X O
only RB X O
an DT X O
extremely RB X O
interesting JJ X O
environment NN X O
but CC X O
the DT X O
Company NNP X O
does VBZ X O
value NN X O
it PRP X O
' '' X O
s JJ X O
people NNS X O
above IN X O
all DT X O
else RB X O
including VBG X O
excellent JJ X O
remuneration NN X O
packages NNS X O
. . X O
As IN X O

a DT X O
consultant NN X B-Occupation
you PRP X O
are VBP X O
awarded VBN X O
the DT X O
flexibility NN X B-Skill
of IN X I-Skill
building VBG X I-Skill
up RP X I-Skill
a DT X I-Skill
client NN X I-Skill
portfolio NN X I-Skill
of IN X I-Skill
businesses NNS X I-Skill
within IN X O
an DT X O
allocated JJ X O
geographical JJ X O
segment NN X O
. . X O
Following VBG X O

our PRP$ X O
all DT X O
time NN X O
record NN X O
turnover NN X O
of IN X O
165million CD X O
last JJ X O
year NN X O
, , X O
we PRP X O
have VBP X O
significant JJ X O
and CC X O
very RB X O
real JJ X O
need NN X O
for IN X O
people NNS X O
in IN X O
the DT X O
role NN X O
of IN X O
Field NNP X B-Occupation
Sales NNS X I-Occupation
Executive NNP X I-Occupation
, , X O
Kitchen NNP X B-Occupation
Designer NNP X I-Occupation
, , X O
Area NNP X B-Occupation
Sales NNS X I-Occupation
Agent NNP X I-Occupation
, , X O
and CC X O
Conservatory NNP X B-Occupation
Specialist NNP X I-Occupation
to TO X O
join VB X O
us PRP X O
now RB X O
. . X O
Dorset NNP X O

Flame NNP X O
Health NNP X O
Optometry NNP X O
are VBP X O
currently RB X O
have VBP X O
an DT X O
exciting JJ X O
opportunity NN X O
for IN X O
a DT X O
newly RB X B-Skill
qualified VBN X I-Skill
or CC X O
experienced VBN X B-Skill
Optometrist NN X B-Occupation
to TO X O
join VB X O
this DT X O
Optical JJ X B-Skill
practice NN X I-Skill
in IN X O
a DT X O
charming JJ X O
market NN X O
town NN X O
in IN X O
the DT X O
Dorchester NNP X O
area NN X O
, , X O
Dorset NNP X O
. . X O
We PRP X O

work VBP X O
with IN X O
a DT X O
prestigious JJ X O
client NN X O
base NN X O
of IN X O
global JJ X O
companies NNS X O
and CC X O
provide VB X B-Skill
them PRP X I-Skill
with IN X I-Skill
a DT X I-Skill
range NN X I-Skill
of IN X I-Skill
services NNS X I-Skill
to TO X O
ensure VB X O
they PRP X O
attract VB X O
, , X O
retain NN X O
and CC X O
develop VB X O
the DT X O
best JJS X O
graduate NN X O
talent NN X O
in IN X O
the DT X O
UK NNP X O
. . X O
employment NN X O

references NNS X O
from IN X O
healthcare JJ X O
settings NNS X O
Be NNP X O
of IN X O
a DT X O
caring NN X B-Skill
nature NN X I-Skill
, , X O
motivated VBN X B-Skill
and CC X O
committed VBN X B-Skill
to TO X I-Skill
helping VBG X I-Skill
others NNS X I-Skill
Working VBG X I-Skill
for IN X I-Skill
Kare NNP X I-Skill
It PRP X O

is VBZ X O
essential JJ X O
that IN X O
you PRP X O
have VBP X B-Experience
indepth VBN X I-Experience
exposure NN X I-Experience
to TO X I-Experience
ERP NNP X I-Experience
software NN X I-Experience
implementation NN X I-Experience
with IN X I-Experience
Dynamics NNP X I-Experience
NAV NNP X I-Experience
/ NNP X I-Experience
Navision NNP X I-Experience
ideally RB X I-Experience
with IN X I-Experience
latest JJS X I-Experience
version NN X I-Experience
. . X O
In IN X O

order NN X O
to TO X O
ensure VB X O
your PRP$ X O
enquiry NN X O
with IN X O
regards NNS X O
to TO X O
this DT X O
position NN X O
is VBZ X O
dealt JJ X O
with IN X O
quickly RB X O
, , X O
please VB X O
send VB X O
in IN X O
an DT X O
uptodate JJ X O
copy NN X O
of IN X O
your PRP$ X O
Curriculum NNP X O
Vitae NNP X O
in IN X O
a DT X O
Word NNP X O
Document NNP X O
format NN X O
. . X O
ONLY JJ X O

CANDIDATES NNP X O
ELIGIBLE NNP X O
TO NNP X O
LIVE NNP X O
AND NNP X O
WORK NNP X O
IN NNP X O
THE NNP X O
UK NNP X O
We PRP X O

are VBP X O
committed VBN X O
to TO X O
ensuring VBG X B-Skill
the DT X I-Skill
safety NN X I-Skill
and CC X I-Skill
wellbeing NN X I-Skill
of IN X I-Skill
children NNS X I-Skill
in IN X I-Skill
school NN X I-Skill
and CC X O
follow VB X O
safer JJR X O
recruiting NN X O
guidance NN X O
to TO X O
this DT X O
end NN X O
. . X O
Does VBZ X O

this DT X O
sound NN X O
ideal NN X O
for IN X O
you PRP X O
and CC X O
your PRP$ X O
lifestyle NN X O
? . X O
You PRP X O

will MD X O
be VB X O
expected VBN X O
to TO X O
work VB X O
at IN X O
partner NN X O
level NN X O
and CC X O
therefore RB X O
should MD X O
have VB X O
excellent JJ X O
communication NN X B-Skill
skill NN X I-Skill
and CC X O
the DT X O
ability NN X B-Skill
to TO X I-Skill
liaise VB X I-Skill
at IN X I-Skill
all DT X I-Skill
levels NNS X I-Skill
. . X O
If IN X O

you PRP X O
are VBP X O
seeking VBG X O
a DT X O
role NN X O
with IN X O
career NN X O
advancement NN X O
contact VB X O
our PRP$ X O
retained JJ X O
consultant NN X O
Ken NNP X O
Payne NNP X O
Your PRP$ X O

responsibilities NNS X O
are VBP X O
likely JJ X O
to TO X O
include VB X O
: : X O
Supervision NN X B-Skill
and CC X I-Skill
preparation NN X I-Skill
of IN X I-Skill
engineering NN X I-Skill
consultancy NN X I-Skill
work NN X I-Skill
for IN X O
all DT X O
types NNS X O
of IN X O
rail NN X B-Domain
engineering NN X I-Domain
projects NNS X O
; : X O
An DT X O

opportunity NN X O
has VBZ X O
arisen VBN X O
for IN X O
an DT X O
experienced JJ X B-Skill
Front NNP X B-Occupation
of IN X I-Occupation
House NNP X I-Occupation
to TO X O
join VB X O
their PRP$ X O
passionate NN X O
team NN X O
. . X O
First RB X O

round VBN X O
interviews NNS X O
will MD X O
be VB X O
held VBN X O
locally RB X O
and CC X O
CVs NNP X O
with IN X O
a DT X O
covering VBG X O
letter NN X O
should MD X O
be VB X O
sent VBN X O
to TO X O
their PRP$ X O
retained VBN X O
advisor NN X O
Rej NNP X O
Abraham NNP X O
, , X O
Director NNP X B-Occupation
at IN X O
ABPM NNP X O
Recruitment NNP X O
Ltd NNP X O
quoting VBG X O
Reference NN X O
: : X O
RA NN X O
Responsible JJ X O

for IN X O
food NN X B-Skill
costs NNS X I-Skill
, , X O
developing VBG X B-Skill
revenue NN X I-Skill
and CC X O
maximising VBG X B-Skill
sales NNS X I-Skill
. . X O
This DT X O

is VBZ X O
a DT X O
large JJ X O
Primary NNP X O
school NN X B-Domain
which WDT X O
is VBZ X O
described VBN X O
as IN X O
' '' X O
smiley NN X O
' '' X O
in IN X O
its PRP$ X O
ofsted JJ X O
report NN X O
. . X O
Framework NN X B-Skill

, , X I-Skill
Visual JJ X I-Skill
Studio NNP X I-Skill
, , X I-Skill
Winforms NNP X I-Skill
, , X O
VB NNP X B-Skill
. . X I-Skill
NET NNP X I-Skill
, , X O
ASP NNP X B-Skill
. . X I-Skill
NET NNP X I-Skill
, , X O
PL NNP X B-Skill
/ NNP X I-Skill
SQL NNP X I-Skill
, , X O
Oracle NNP X B-Skill
, , X I-Skill
Biztalk NNP X I-Skill
, , X O
C NNP X B-Skill
, , X O
Web NNP X B-Skill
services NNS X I-Skill
, , X O
TFS NNP X B-Skill
, , X O
VB NNP X B-Skill
, , X O
SQL NNP X B-Skill
Server NNP X I-Skill
, , X O
XML NNP X B-Skill
, , X O
WCF NNP X B-Skill
etc FW X O
. . X O
Jonathan NNP X O

Lee NNP X O
Recruitment NNP X O
is VBZ X O
a DT X O
leading VBG X O
engineering NN X B-Domain
and CC X O
manufacturing NN X B-Domain
recruitment NN X I-Domain
consultancy NN X I-Domain
established VBN X O
in IN X O
1978 CD X O
. . X O
Key NNP X O

skills NNS X O
: : X O
Solutions NNS X B-Occupation
Architect VBP X I-Occupation
/ NNP X O
East NNP X O
Anglia NNP X O
/ NNP X O
Cambridgeshire NNP X O
/ NNP X O
Norfolk NNP X O
/ NNP X O
Suffolk NNP X O
/ NNP X O
Essex NNP X O
/ NNP X O
Kent NNP X O
/ NNP X O
London NNP X O
/ NNP X O
Bedfordshire NNP X O
/ NNP X O
Lincolnshire NNP X O
/ NNP X O
Northamptonshire NNP X O
/ NNP X O
Peterborough NNP X O
/ NNP X O
Berkshire NNP X O
/ NNP X O
Hampshire NNP X O
/ NNP X O
Wiltshire NNP X O
/ NNP X O
Gloucestershire NNP X O
By IN X O

applying VBG X O
for IN X O
this DT X O
job NN X O
you PRP X O
accept VBP X O
the DT X O
T NNP X O
C NNP X O
s NN X O
, , X O
Privacy NN X O
Policy NNP X O
and CC X O
Disclaimers NNP X O
which WDT X O
can MD X O
be VB X O
found VBN X O
at IN X O
hays NNS X O
. . X O
co NN X O
. . X O
uk NN X O
KEY NNP X O

RESPONSIBILITIES NNP X O
ACCOUNTABILITIES NNP X O
Taking NNP X B-Skill
all DT X I-Skill
incoming VBG X I-Skill
calls NNS X I-Skill
Proficient NNP X I-Skill
with IN X I-Skill
PC NNP X I-Skill
skills VBZ X O
word NN X B-Skill
/ NNP X I-Skill
excel VBZ X I-Skill
/ JJ X I-Skill
database NN X I-Skill
Alecto NNP X O

Recruitment NNP X O
Limited NNP X O
is VBZ X O
acting VBG X O
as IN X O
an DT X O
Employment NN X O
Business NN X O
in IN X O
relation NN X O
to TO X O
this DT X O
vacancy NN X O
. . X O
The DT X O

role NN X O
requires VBZ X O
you PRP X O
to TO X O
have VB X O
good JJ X O
ALevels NNS X B-Skill
and CC X O
We PRP X O

welcome VBP X O
applications NNS X O
, , X O
regardless RB X O
of IN X O
race NN X O
, , X O
colour NN X O
, , X O
nationality NN X O
, , X O
ethnic JJ X O
or CC X O
national JJ X O
origins NNS X O
, , X O
sex NN X O
, , X O
disability NN X O
, , X O
sexual JJ X O
orientation NN X O
, , X O
gender NN X O
reassignment NN X O
, , X O
marital JJ X O
or CC X O
civil JJ X O
partner NN X O
status NN X O
, , X O
pregnancy NN X O
or CC X O
maternity NN X O
, , X O
age NN X O
or CC X O
religion NN X O
or CC X O
belief NN X O
. . X O
The DT X O

Urban NNP X O
Group NNP X O
offer VBP X O
highly RB X O
competitive JJ X O
rates NNS X O
of IN X O
pay NN X O
and CC X O
also RB X O
offer VBP X O
a DT X O
fantastic JJ X O
recommend NN X O
a DT X O
friend NN X O
scheme NN X O
so IN X O
please JJ X O
contact NN X O
us PRP X O
today NN X O
to TO X O
find VB X O
out RP X O
what WP X O
we PRP X O
can MD X O
offer VB X O
you PRP X O
For IN X O
further JJ X O
information NN X O
regarding VBG X O
this DT X O
opportunity NN X O
Present JJ X B-Skill

results NNS X I-Skill
of IN X I-Skill
work NN X I-Skill
completed VBN X I-Skill
to TO X I-Skill
Senior NNP X I-Skill
levels NNS X I-Skill
within IN X O
Finance NNP X B-Domain
and CC X O
the DT X O
Business NN X O
This DT X O

dual JJ X O
role NN X O
will MD X O
offer VB X O
lots NNS X O
of IN X O
variety NN X O
and CC X O
the DT X O
chance NN X O
to TO X O
work VB X O
on IN X O
some DT X O
fantastic JJ X O
clients NNS X O
across IN X O
travel NN X B-Domain
, , X O
beauty NN X B-Domain
, , X O
food NN X B-Domain
/ NN X I-Domain
drink NN X I-Domain
and CC X O
consumer NN X B-Domain
health NN X I-Domain
. . X O
All DT X O

candidates NNS X O
must MD X O
provide VB X O
proof NN X B-Qualification
of IN X I-Qualification
identity NN X I-Qualification
and CC X O
eligibility NN X B-Qualification
to TO X I-Qualification
work VB X I-Qualification
in IN X I-Qualification
the DT X I-Qualification
UK NNP X I-Qualification
along IN X O
with IN X O
and CC X O
relevant JJ X O
supporting NN X O
qualifications NNS X O
. . X O
Project NN X O

Execution NNP X O
Project NNP X O
Manage NNP X B-Skill
specific JJ X I-Skill
solutions NNS X I-Skill
By IN X I-Skill
working VBG X I-Skill
closely RB X I-Skill
with IN X I-Skill
Shared NNP X I-Skill
Service NNP X I-Skill
domain NN X I-Skill
leads NNS X I-Skill
and CC X I-Skill
external JJ X I-Skill
resources NNS X I-Skill
where WRB X I-Skill
required VBN X I-Skill
, , X O
ensure VB X B-Skill
that IN X I-Skill
validated JJ X I-Skill
change NN X I-Skill
initiatives NNS X I-Skill
are VBP X I-Skill
delivered VBN X I-Skill
on IN X I-Skill
time NN X I-Skill
and CC X I-Skill
on IN X I-Skill
budget NN X I-Skill
and CC X I-Skill
according VBG X I-Skill
to TO X I-Skill
business NN X I-Skill
requirements NNS X I-Skill
Communicates NNP X I-Skill
and CC X I-Skill
applies NNS X I-Skill
project VBP X I-Skill
standards NNS X I-Skill
. . X O
As IN X O

Electrical JJ X B-Occupation
Maintenance NNP X I-Occupation
Engineer NNP X I-Occupation
you PRP X O
will MD X O
enjoy VB X O
a DT X O
rotating NN X O
continental JJ X O
shift NN X O
pattern NN X O
working VBG X O
either CC X O
a DT X O
General NNP X B-Occupation

Manager NNP X I-Occupation
for IN X O
this DT X O
Stylish NNP X O
, , X O
Fresh NNP X B-Domain
Food NNP X I-Domain
Restaurant NNP X I-Domain
in IN X O
the DT X O
heart NN X O
of IN X O
Chester NNP X O
This DT X O

will MD X O
need VB X O
to TO X O
include VB X O
opportunities NNS X O
within IN X O
new JJ X O
market NN X B-Domain
segments NNS X I-Domain
that WDT X O
may MD X O
become VB X O
more RBR X O
attractive JJ X O
given VBN X O
the DT X O
capabilities NNS X O
of IN X O
the DT X O
specific NN X O
problem NN X O
. . X O
Located VBN X O

in IN X O
Hammersmith NNP X O
the DT X O
role NN X O
offers VBZ X O
a DT X O
base NN X O
salary NN X O
between IN X O
this DT X O

is VBZ X O
a DT X O
new JJ X O
business NN X O
development NN X O
sales NNS X B-Domain
role NN X O
, , X O
selling VBG X B-Skill
to TO X O
marketing NN X B-Domain
and CC X O
communications NNS X B-Domain
departments NNS X O
, , X O
IT NNP X B-Domain
and CC X O
finance NN X B-Occupation
managers NNS X O
/ VBD X B-Occupation
directors NNS X O
. . X O
This DT X O

will MD X O
be VB X O
accomplished VBN X O
through IN X O
cold JJ X B-Skill
calling VBG X I-Skill
to TO X O
secure VB X B-Skill
first JJ X I-Skill
appointments NNS X I-Skill
, , X I-Skill
consultative JJ X I-Skill
selling NN X I-Skill
and CC X I-Skill
group NN X I-Skill
presentation NN X I-Skill
. . X O
Minimum JJ X B-Qualification

2 CD X I-Qualification
. . X I-Qualification
1 CD X I-Qualification
degree NN X I-Qualification
, , X I-Qualification
ideally RB X I-Qualification
in IN X I-Qualification
a DT X I-Qualification
business NN X I-Qualification
or CC X I-Qualification
marketing NN X I-Qualification
related JJ X I-Qualification
discipline NN X I-Qualification
Answer IN X B-Skill

the DT X I-Skill
telephone NN X I-Skill
in IN X I-Skill
the DT X I-Skill
reception NN X I-Skill
area NN X I-Skill
and CC X O
recovery NN X B-Skill
room NN X I-Skill
at IN X I-Skill
busy JJ X I-Skill
times NNS X I-Skill
or CC X O
as IN X O
and CC X O
when WRB X O
necessary JJ X O
. . X O
Job NNP X O

responsibilities NNS X O
: : X O
Timely RB X B-Skill
and CC X I-Skill
accurate JJ X I-Skill
production NN X I-Skill
of IN X I-Skill
monthly JJ X I-Skill
management NN X I-Skill
accounts NNS X I-Skill
**** JJ X O

employees NNS X O
in IN X O
approximately RB X O
20 CD X O
countries NNS X O
, , X O
we PRP X O
help VBP X O
our PRP$ X O
clients NNS X O
achieve VBP X O
greater JJR X O
organisational JJ X O
performance NN X O
by IN X O
attracting VBG X O
, , X O
selecting VBG X O
, , X O
engaging VBG X O
and CC X O
developing VBG X O
the DT X O
best JJS X O
and CC X O
brightest JJS X O
people NNS X O
for IN X O
their PRP$ X O
businesses NNS X O
. . X O
As IN X O

an DT X O
ASP NNP X B-Occupation
. . X I-Occupation
NET NNP X I-Occupation
Developer NNP X I-Occupation
, , X O
you PRP X O
will MD X O
be VB X O
joining VBG X O
my PRP$ X O
client NN X O
' '' X O
s JJ X O
existing VBG X O
development NN X O
team NN X O
, , X O
working VBG X O
on IN X O
highly RB X O
technical JJ X B-Skill
web NN X I-Skill
based VBN X I-Skill
projects NNS X I-Skill
. . X O
Our PRP$ X O

client NN X O
, , X O
a DT X O
Global JJ X O
Leader NN X O
in IN X O
Engineering NNP X O
Consultancy NNP X O
, , X O
who WP X O
due RB X O
to TO X O
an DT X O
increased VBN X O
number NN X O
of IN X O
projects NNS X O
, , X O
now RB X O
have VBP X O
numerous JJ X O
opportunities NNS X O
for IN X O
experienced JJ X O
Project NN X B-Occupation
Managers NNP X I-Occupation
/ NNP X I-Occupation
Engineers NNPS X I-Occupation
to TO X O
join VB X O
their PRP$ X O
team NN X O
based VBN X O
in IN X O
West NNP X O
Yorkshire NNP X O
. . X O
New NNP X O

position NN X O
at IN X O
a DT X O
growing VBG X O
UK NNP X O
subsidiary NN X O
of IN X O
a DT X O
World NNP X O
Wide NNP X O
corporation NN X O
. . X O
Excellent JJ X O

timekeeping VBG X O
skills NNS X B-Skill
and CC X O
a DT X O
strong JJ X O
background NN X B-Skill
successfully RB X I-Skill
managing VBG X I-Skill
the DT X I-Skill
pastry NN X I-Skill
section NN X I-Skill
performing VBG X I-Skill
similar JJ X I-Skill
numbers NNS X I-Skill
using VBG X I-Skill
all DT X I-Skill
fresh JJ X I-Skill
ingredients NNS X I-Skill
will MD X O
also RB X O
be VB X O
preferred VBN X O
for IN X O
this DT X O
position NN X O
. . X O
By IN X O

sending VBG X O
us PRP X O
your PRP$ X O
CV NNP X O
you PRP X O
are VBP X O
explicitly RB X O
consenting VBG X O
to TO X O
our PRP$ X O
processing NN X O
of IN X O
your PRP$ X O
personal JJ X O
data NNS X O
on IN X O
a DT X O
computer NN X O
database NN X O
for IN X O
the DT X O
purpose NN X O
of IN X O
evaluating VBG X O
your PRP$ X O
application NN X O
for IN X O
employment NN X O
. . X O
/ NN X O

internal JJ X O
requirements NNS X O
1 CD X O
. . X B-Skill
Manage NN X I-Skill
, , X O
develop VB X B-Skill
and CC X O
coach VB X B-Skill
the DT X O
existing VBG X O
team NN X O
to TO X O
deliver VB X B-Skill
to TO X I-Skill
key VB X I-Skill
KPI NNP X I-Skill
s NN X I-Skill
Cathodic JJ X B-Occupation

Protection NNP X I-Occupation
Engineer NNP X I-Occupation
TaxFree NNP X O
salary NN X O
with IN X O
a DT X O
generous JJ X O
Expat NNP X O
package NN X O
Client NN X O
: : X O
**** JJ X O

meeting NN X O
rooms NNS X O
with IN X O
highend JJ X O
technology NN X O
with IN X O
combined VBN X O
with IN X O
excellent JJ X O
spa NN X B-Domain
and CC X I-Domain
fitness NN X I-Domain
facilities NNS X O
where WRB X O
guests NNS X O
can MD X O
unwind VB X O
for IN X O
endless JJ X O
hours NNS X O
of IN X O
bliss NN X O
and CC X O
relaxation NN X O
in IN X O
Milton NNP X O
Keynes NNP X O
The DT X O

abilty NN X O
to TO X O
read VB X B-Skill
and CC X I-Skill
understand VB X I-Skill
technical JJ X I-Skill
drawings NNS X I-Skill
, , X O
if IN X O
required VBN X O
This DT X O
position NN X O
is VBZ X O
to TO X O
start VB X O
ASAP NNP X O
. . X O
Chemistry NNP X B-Occupation

Teacher NNP X I-Occupation
required VBD X O
for IN X O
a DT X O
fantastic JJ X O
school NN X O
in IN X O
the DT X O
area NN X O
of IN X O
South NNP X O
London NNP X O
. . X O
Automated JJ X B-Skill

deployment NN X I-Skill
Experience NN X O
with IN X O
cloud JJ X B-Skill
Servers NNS X I-Skill
and CC X O
services NNS X O
from IN X O
AWS NNP X B-Skill
, , X O
Rackspace NNP X B-Skill
or CC X O
similar JJ X O
Scaling NNP X B-Skill
, , X I-Skill
redundancy NN X I-Skill
across IN X I-Skill
many JJ X I-Skill
Servers NNS X I-Skill
and CC X O
multiple JJ X B-Skill
datacentres NNS X I-Skill
Database NNP X I-Skill
monitoring NN X I-Skill
and CC X O
scaling NN X B-Skill
in IN X I-Skill
a DT X I-Skill
NoSQL NNP X I-Skill
environment NN X I-Skill
, , X O
eg NN X O
, , X O
MongoDB NNP X B-Skill
Caching NNP X I-Skill
solutions NNS X I-Skill
, , X O
eg FW X O
Redis NNP X B-Skill
, , X O
Memcache NNP X B-Skill
Deep NNP X O
knowledge NN X B-Skill
of IN X I-Skill
Unix NNP X I-Skill
environments NNS X I-Skill
and CC X O
their PRP$ X O
tools NNS X O
Have VBP X O
worked VBN X B-Skill
in IN X I-Skill
an DT X I-Skill
agile JJ X I-Skill
process NN X I-Skill
This DT X O

post NN X O
requires VBZ X O
enhanced JJ X B-Qualification
disclosure NN X I-Qualification
from IN X I-Qualification
the DT X I-Qualification
Criminal NNP X I-Qualification
Records NNP X I-Qualification
Bureau NNP X I-Qualification
cost NN X O
to TO X O
be VB X O
met VBN X O
by IN X O
the DT X O
employer NN X B-Occupation
. . X O
You PRP X O

should MD X O
have VB X O
a DT X O
strong JJ X O
background NN X O
in IN X O
management NN X B-Skill
and CC X O
have VBP X O
a DT X O
nursing NN X B-Qualification
qualification NN X I-Qualification
. . X O
Undertake VB X O

all DT X O
aspects NNS X O
of IN X O
medicine JJ X B-Skill
management NN X I-Skill
ensuring VBG X O
medicines NNS X O
are VBP X O
appropriately RB X O
received VBN X O
, , X O
stored VBN X O
and CC X O
administered VBN X O
to TO X O
our PRP$ X O
clients NNS X O
. . X O
Exclusive JJ X O

discounts NNS X O
at IN X O
shops NNS X O
and CC X O
online JJ X O
Vision NNP X O
Care NNP X O
An DT X O

exciting JJ X O
opportunity NN X O
in IN X O
ACCOUNT NNP X B-Domain
MANAGEMENT NNP X I-Domain
has VBZ X O
arisen VBN X O
to TO X O
work VB X O
for IN X O
one CD X O
of IN X O
the DT X O
UK NNP X O
s NN X O
largest JJS X O
and CC X O
most RBS X O
successful JJ X O
express NN X O
parcel NN X O
carriers NNS X O
. . X O
Please NNP X O

click NN X O
to TO X O
apply VB X O
now RB X O
for IN X O
this DT X O
role NN X O
as IN X O
a DT X O
Field NNP X B-Occupation
Based VBD X I-Occupation
Sales NNS X I-Occupation
Executive NNP X I-Occupation
in IN X O
Southampton NNP X O
and CC X O
the DT X O
surrounding VBG X O
areas NNS X O
. . X O
Role NNP X O

& CC X O
Responsibilities NNPS X O
Have NNP X O
knowledge NNP X O
& CC X O
experience NN X O
Programming NNP X B-Skill
, , X I-Skill
Setting NNP X I-Skill
& CC X I-Skill
Operating VBG X I-Skill
a DT X I-Skill
CNC NNP X I-Skill
Horizontal NNP X I-Skill
Borer NNP X I-Skill
. . X O
As IN X O

a DT X O
National NNP X B-Occupation
Account NNP X I-Occupation
Managerreporting NNP X O
into IN X B-Skill
the DT X I-Skill
Business NNP X I-Skill
Account NNP X I-Skill
Manager NNP X I-Skill
, , X O
your PRP$ X O
main JJ X O
tasks NNS X O
will MD X O
be VB X O
managing VBG X B-Skill
the DT X I-Skill
existing VBG X I-Skill
trading NN X I-Skill
relationships NNS X I-Skill
with IN X O
Tesco NNP X O
, , X O
accountabilities NNS X O
will MD X O
include VB X O
: : X B-Skill
Execute VB X I-Skill
the DT X I-Skill
agreed JJ X I-Skill
sales NNS X I-Skill
strategy NN X I-Skill
within IN X O
your PRP$ X O
specific JJ X O
customer NN X O
portfolio NN X O
. . X O
In IN X O

conjunction NN X B-Skill
with IN X I-Skill
the DT X I-Skill
Senior NNP X I-Skill
Management NNP X I-Skill
Team NNP X I-Skill
, , X I-Skill
ensure VB X I-Skill
that IN X I-Skill
the DT X I-Skill
treatment NN X I-Skill
plans NNS X I-Skill
, , X I-Skill
where WRB X I-Skill
possible JJ X I-Skill
, , X I-Skill
are VBP X I-Skill
evidence NN X I-Skill
based VBN X I-Skill
, , X I-Skill
comply VB X I-Skill
with IN X I-Skill
The DT X I-Skill
National NNP X I-Skill
Service NNP X I-Skill
Framework NNP X I-Skill
; : X I-Skill
NICE NNP X I-Skill
/ NNP X I-Skill
SIGN NNP X I-Skill
; : X I-Skill
and CC X I-Skill
any DT X I-Skill
new JJ X I-Skill
D NNP X I-Skill
. . X I-Skill
H NNP X I-Skill
. . X I-Skill
Initiatives NNS X I-Skill
as IN X I-Skill
they PRP X I-Skill
arise VBP X I-Skill
Ensure NN X I-Skill
that IN X I-Skill
all DT X I-Skill
financial JJ X I-Skill
targets NNS X I-Skill
are VBP X I-Skill
met VBN X I-Skill
in IN X I-Skill
respect NN X I-Skill
of IN X I-Skill
fee JJ X I-Skill
income NN X I-Skill
, , X I-Skill
payroll NN X I-Skill
, , X I-Skill
in IN X I-Skill
that DT X I-Skill
it PRP X I-Skill
complies VBZ X I-Skill
with IN X I-Skill
standardised JJ X I-Skill
documentation NN X I-Skill
in IN X I-Skill
use NN X I-Skill
and CC X I-Skill
promotes VBZ X I-Skill
the DT X I-Skill
brand NN X I-Skill
wherever NN X I-Skill
possible JJ X I-Skill
. . X O
As IN X O

part NN X O
of IN X O
this DT X O
team NN X O
, , X O
you PRP X O
will MD X O
work VB X O
with IN X O
more RBR X O
complex JJ X O
cases NNS X O
, , X O
develop VB X O
your PRP$ X O
own JJ X O
specialism NN X O
and CC X O
model NN X O
excellent JJ X O
practice NN X O
. . X O
To TO X O

recognize VB X B-Skill
and CC X I-Skill
suggest VB X I-Skill
new JJ X I-Skill
qualities NNS X I-Skill
and CC X I-Skill
fabric JJ X I-Skill
routes NNS X I-Skill
to TO X I-Skill
take VB X I-Skill
advantage NN X I-Skill
of IN X I-Skill
duty NN X I-Skill
free JJ X I-Skill
opportunities NNS X I-Skill
and CC X O
any DT X B-Skill
new JJ X I-Skill
technologies NNS X I-Skill
that WDT X I-Skill
provide VBP X I-Skill
product NN X I-Skill
upgrades NNS X I-Skill
. . X O
My PRP$ X O

client NN X O
is VBZ X O
looking VBG X O
for IN X O
an DT X O
Occupational NNP X B-Occupation
Health NNP X I-Occupation
Nurse NNP X I-Occupation
HAV NNP X O
s NN X O
Trained VBD X O
to TO X O
work VB X O
on IN X O
a DT X O
temporary JJ X O
basis NN X O
on IN X O
Thursdays NNP X O
Night NNP X O
Shift NNP X O
from IN X O
19 CD X O
. . X O
00pm CD X O
04 CD X O
. . X O
00am CD X O
for IN X O
The DT X O

Applications NNP X B-Occupation
Engineer NNP X I-Occupation
will MD X O
provide VB X B-Skill
technical JJ X I-Skill
expertise NN X I-Skill
to TO X O
ensure VB X O
a DT X O
clear JJ X B-Skill
and CC X I-Skill
accurate JJ X I-Skill
product NN X I-Skill
and CC X I-Skill
solution NN X I-Skill
specification NN X I-Skill
that WDT X O
can MD X O
be VB X O
utilised VBN X O
by IN X O
internal JJ X O
stakeholders NNS X O
. . X O
All DT X O

of IN X O
their PRP$ X O
systems NNS X O
are VBP X O
windowsbased VBN X B-Skill
web JJ X I-Skill
applications NNS X I-Skill
that WDT X O
sit VBP X O
on IN X O
Windows NNP X B-Skill
servers NNS X I-Skill
, , X O
using VBG X O
SQL NNP X B-Skill
R NNP X I-Skill
Excellent JJ X B-Skill

computer NN X I-Skill
skills NNS X I-Skill
in IN X O
particular JJ X O
Excel NNP X B-Skill
, , X O
Word NNP X B-Skill
and CC X O
Powerpoint NNP X B-Skill
. . X O
Based VBN X O

in IN X O
the DT X O
City NNP X O
, , X O
this DT X O
role NN X O
is VBZ X O
one CD X O
of IN X O
several JJ X O
key JJ X O
positions NNS X O
currently RB X O
being VBG X O
filled VBN X O
as IN X O
this DT X O
exciting VBG X O
working VBG X O
environment NN X O
continues VBZ X O
to TO X O
grow VB X O
along IN X O
with IN X O
the DT X O
company NN X O
s VBZ X O
organic JJ X O
success NN X O
. . X O
Then RB X O

why WRB X O
don VB X O
t NN X O
you PRP X O
come VBP X O
here RB X O
and CC X O
work NN X O
in IN X O
the DT X O
music NN X B-Domain
industry NN X I-Domain
? . X O
The DT X O

key JJ X O
challenge NN X O
for IN X O
continued JJ X O
improvement NN X O
at IN X O
this DT X O
service NN X O
is VBZ X O
focused VBN X O
on IN X O
empowering VBG X B-Skill
and CC X I-Skill
involving VBG X I-Skill
service NN X I-Skill
users NNS X I-Skill
as RB X O
much RB X O
as IN X O
possible JJ X O
in IN X O
their PRP$ X O
own JJ X O
care NN X O
plans NNS X O
, , X O
to TO X O
enable VB X B-Skill
them PRP X I-Skill
to TO X I-Skill
live VB X I-Skill
as RB X I-Skill
independently RB X I-Skill
as IN X I-Skill
possible JJ X I-Skill
and CC X O
live JJ X O
happy JJ X O
, , X O
fulfilled JJ X O
lives NNS X O
. . X O
Ability NN X O

to TO X O
demonstrate VB X O
attention NN X B-Skill
to TO X I-Skill
detail VB X I-Skill
and CC X O
an DT X O
analytical JJ X B-Skill
approach NN X I-Skill
Intermediate NNP X O
level NN X O
IT NNP X B-Domain
ability NN X O
including VBG X O
mail NN X B-Skill
merge NN X I-Skill
and CC X O
basic JJ X O
spread JJ X B-Skill
sheet NN X I-Skill
navigation NN X I-Skill
and CC X O
entry NN X O
. . X O
Guide IN X B-Skill

the DT X I-Skill
future JJ X I-Skill
direction NN X I-Skill
of IN X I-Skill
the DT X I-Skill
magazine NN X I-Skill
, , X O
seeking VBG X B-Skill
opportunities NNS X I-Skill
to TO X I-Skill
increase VB X I-Skill
revenue NN X I-Skill
. . X O
To TO X O

apply VB X O
, , X O
you PRP X O
must MD X O
have VB X O
outstanding JJ X B-Skill
creative JJ X I-Skill
ideas NNS X I-Skill
and CC X I-Skill
skills NNS X I-Skill
, , X O
be VB X O
passionate JJ X O
about IN X O
Wallpaper NNP X B-Skill
topics NNS X I-Skill
and CC X O
be VB X O
able JJ X O
to TO X O
meet VB X B-Skill
the DT X I-Skill
high JJ X I-Skill
standards NNS X I-Skill
expected VBN X O
from IN X O
the DT X O
one CD X O
of IN X O
the DT X O
world NN X O
s NN X O
leading VBG X O
design NN X B-Domain
brands NNS X O
. . X O
Knowledge NNP X B-Experience

and CC X I-Experience
skills NNS X I-Experience
in IN X I-Experience
the DT X I-Experience
in IN X I-Experience
the DT X I-Experience
planning NN X I-Experience
, , X I-Experience
specification NN X I-Experience
, , X I-Experience
design NN X I-Experience
procurement NN X I-Experience
and CC X I-Experience
commissioning NN X I-Experience
of IN X I-Experience
mechanical JJ X I-Experience
equipment NN X I-Experience
for IN X I-Experience
projects NNS X I-Experience
in IN X I-Experience
the DT X I-Experience
water NN X I-Experience
, , X I-Experience
or CC X I-Experience
process NN X I-Experience
industries NNS X I-Experience
is VBZ X O
desired VBN X O
. . X O
The DT X O

successful JJ X O
candidate NN X O
will MD X O
work VB X O
within IN X O
our PRP$ X O
clients NNS X O
Team VB X O
with IN X O
responsibility NN X O
for IN X O
website NN X B-Skill
and CC X I-Skill
database NN X I-Skill
development NN X I-Skill
, , X O
systems NNS X B-Skill
integration NN X I-Skill
, , X O
CMS NNP X B-Skill
customisation NN X I-Skill
, , X O
configuration NN X B-Skill
and CC X I-Skill
deployment NN X I-Skill
, , X O
and CC X O
support NN X B-Skill
for IN X I-Skill
client NN X I-Skill
websites NNS X I-Skill
including VBG X I-Skill
our PRP$ X I-Skill
hosting NN X I-Skill
infrastructure NN X I-Skill
. . X O
To TO X O

actively RB X O
contribute VB X B-Skill
to TO X I-Skill
the DT X I-Skill
development NN X I-Skill
of IN X I-Skill
the DT X I-Skill
HR NNP X I-Skill
Business NNP X I-Skill
Partner NNP X I-Skill
and CC X I-Skill
wider JJR X I-Skill
HR NNP X I-Skill
Directorate NNP X I-Skill
teams NNS X I-Skill
. . X O
To TO X O

ensure VB X O
this DT X O
happens VBZ X O
they PRP X O
have VBP X O
a DT X O
fully RB X O
comprehensive JJ X O
induction NN X O
and CC X O
training NN X O
package NN X O
which WDT X O
ensures VBZ X O
all DT X O
new JJ X O
starters NNS X O
are VBP X O
welcomed VBN X O
to TO X O
the DT X O
organisation NN X O
, , X O
understand VBP X O
their PRP$ X O
role NN X O
and CC X O
receive VB X O
the DT X O
knowledge NN X O
and CC X O
skills NNS X O
required VBN X O
to TO X O
enable VB X O
them PRP X O
to TO X O
do VB X O
their PRP$ X O
job NN X O
. . X O
Due JJ X O

to TO X O
the DT X O
high JJ X O
number NN X O
of IN X O
applicants NNS X O
we PRP X O
receive VBP X O
sadly RB X O
we PRP X O
cannot VBP X O
reply VB X O
to TO X O
everyone NN X O
, , X O
therefore RB X O
if IN X O
you PRP X O
do VBP X O
not RB X O
hear VB X O
back RB X O
from IN X O
us PRP X O
within IN X O
They PRP X O

are VBP X O
working VBG X O
with IN X O
some DT X O
of IN X O
the DT X O
most RBS X O
established JJ X O
brands NNS X O
in IN X O
the DT X O
industry NN X O
and CC X O
need VBP X O
an DT X O
exceptional JJ X O
Senior NNP X B-Occupation
Freelance NNP X I-Occupation
Designer NNP X I-Occupation
to TO X O
lead VB X O
on IN X O
some DT X O
excellent JJ X O
briefs NNS X O
This DT X O
Senior NNP X B-Occupation
Designer NNP X I-Occupation
will MD X O
be VB X O
someone NN X O
who WP X O
can MD X O
lead VB X B-Skill
a DT X O
brief JJ X O
from IN X O
start NN X O
to TO X O
finish VB X O
; : X O
you PRP X O
will MD X O
have VB X O
excellent JJ X O
craft NN X B-Skill
skills NNS X I-Skill
and CC X O
have VBP X O
a DT X O
folio JJ X O
full JJ X O
of IN X O
innovative JJ X B-Skill
designs NNS X I-Skill
. . X O
You PRP X O

must MD X O
be VB X O
educated VBN X O
to TO X O
GCSE NNP X B-Qualification
level NN X O
or CC X O
equivalent NN X O
in IN X O
English NNP X O
with IN X O
excellent JJ X O
verbal JJ X B-Skill
and CC X I-Skill
written VBN X I-Skill
communication NN X I-Skill
skills NNS X O
. . X O
The DT X O

scope NN X O
of IN X O
the DT X O
Citrix NNP X B-Occupation
Technical NNP X I-Occupation
Specialist NNP X I-Occupation
role NN X O
will MD X O
be VB X O
to TO X O
work VB X O
as IN X O
part NN X O
of IN X O
a DT X O
team NN X O
support NN X B-Skill
the DT X I-Skill
company NN X I-Skill
s VBD X I-Skill
server RB X I-Skill
based VBN X I-Skill
landscape NN X I-Skill
. . X O
The DT X O

wide JJ X O
range NN X O
of IN X O
services NNS X O
and CC X O
solutions NNS X O
the DT X O
company NN X O
offers NNS X O
and CC X O
their PRP$ X O
potential JJ X O
benefits NNS X O
to TO X O
clients NNS X O
make VB X O
this DT X O
not RB X O
only RB X O
a DT X O
very RB X O
interesting JJ X O
, , X O
but CC X O
also RB X O
a DT X O
very RB X O
challenging VBG X O
one CD X O
requiring VBG X O
the DT X O
ability NN X B-Skill
to TO X I-Skill
take VB X I-Skill
a DT X I-Skill
creative JJ X I-Skill
or CC X I-Skill
consultative JJ X I-Skill
approach NN X I-Skill
to TO X I-Skill
sales NNS X I-Skill
and CC X I-Skill
think VB X I-Skill
on IN X I-Skill
your PRP$ X I-Skill
feet NNS X I-Skill
. . X O
Known VBN X O

and CC X O
loved VBN X O
for IN X O
their PRP$ X O
fantastic JJ X O
products NNS X B-Domain
and CC X O
great JJ X O
people NNS X O
, , X O
this DT X O
company NN X O
have VBP X O
repeatedly RB X O
paid VBN X O
out RP X O
an DT X O
annual JJ X O
bonus NN X O
and CC X O
have VBP X O
recently RB X O
been VBN X O
nominated VBN X O
as IN X O
one CD X O
of IN X O
the DT X O
best JJS X O
companies NNS X O
to TO X O
work VB X O
for IN X O
in IN X O
the DT X O
UK NNP X O
. . X O
Be NNP X O

experienced VBN X O
in IN X O
the DT X O
use NN X B-Skill
of IN X I-Skill
computers NNS X I-Skill
, , X O
including VBG X O
the DT X O
use NN X O
of IN X O
email NN X B-Skill
, , X O
word NN X B-Skill
Support NNP X O

other JJ X O
members NNS X O
of IN X O
IT NNP X B-Domain
in IN X O
implementing VBG X B-Skill
various JJ X I-Skill
aspects NNS X I-Skill
of IN X I-Skill
key JJ X I-Skill
organisational JJ X I-Skill
projects NNS X I-Skill
You PRP X O

will MD X O
see VB X O
the DT X O
full JJ X O
development NN X O
project NN X O
lifecycle NN X O
working VBG X B-Skill
independently RB X I-Skill
or CC X I-Skill
part NN X I-Skill
of IN X I-Skill
a DT X I-Skill
delivery NN X I-Skill
team NN X I-Skill
and CC X O
will MD X O
have VB X O
the DT X O
ideal JJ X O
opportunity NN X O
to TO X O
learn VB X B-Skill
leading VBG X I-Skill
edge NN X I-Skill
technologies NNS X I-Skill
in IN X I-Skill
a DT X I-Skill
commercial JJ X I-Skill
environment NN X I-Skill
. . X O
To TO X B-Skill

train VB X I-Skill
and CC X I-Skill
supervise VB X I-Skill
students NNS X I-Skill
in IN X I-Skill
production NN X I-Skill
activities NNS X I-Skill
. . X O
Whilst NNP X O

undertaking VBG X O
the DT X O
role NN X O
, , X O
the DT X O
Team NNP X B-Occupation
Administrator NNP X I-Occupation
will MD X O
need VB X O
to TO X O
build VB X B-Skill
good JJ X I-Skill
relationships NNS X I-Skill
with IN X I-Skill
the DT X I-Skill
team NN X I-Skill
, , X I-Skill
other JJ X I-Skill
staff NN X I-Skill
and CC X I-Skill
external JJ X I-Skill
organisations NNS X I-Skill
. . X O
Escalate NNP X O

, , X O
track NN X O
and CC X O
resolve VB X O
key JJ X O
client NN X O
issues NNS X O
and CC X O
manage NN X O
expectations NNS X O
both DT X O
internally RB X O
and CC X O
externally RB X O
with IN X O
clients NNS X O
from IN X O
implementation NN X B-Skill
, , X O
management NN X B-Skill
and CC X O
performance NN X O
. . X O
Develop VB X B-Skill

the DT X I-Skill
competence NN X I-Skill
of IN X I-Skill
our PRP$ X I-Skill
assembly NN X I-Skill
team NN X I-Skill
members NNS X I-Skill
in IN X O
line NN X O
with IN X O
on IN X O
and CC X O
off IN X O
the DT X O
job NN X O
training NN X O
schedules NNS X O
. . X O
Worked VBN X B-Skill

within IN X I-Skill
a DT X I-Skill
procedural JJ X I-Skill
driven NN X I-Skill
environment NN X I-Skill
with IN X O
experience NN X B-Skill
of IN X I-Skill
helping VBG X I-Skill
to TO X I-Skill
implement VB X I-Skill
change NN X I-Skill
e NN X O
. . X O
g NN X O
. . X O
changing VBG X B-Skill
procedures NNS X I-Skill
, , X I-Skill
implementing VBG X I-Skill
new JJ X I-Skill
policies NNS X I-Skill
. . X O
Additionally RB X O

we PRP X O
are VBP X O
keen JJ X O
to TO X O
hear VB X O
from IN X O
candidates NNS X O
who WP X O
have VBP X O
a DT X O
good JJ X B-Skill
understanding NN X I-Skill
of IN X I-Skill
object NN X I-Skill
orientated VBN X I-Skill
OO NNP X I-Skill
programming VBG X I-Skill
concepts NNS X I-Skill
. . X O
In IN X O

return NN X O
, , X O
you PRP X O
ll VBP X O
enjoy VB X O
a DT X O
wide JJ X O
range NN X O
of IN X O
benefits NNS X O
with IN X O
a DT X O
salary JJ X O
starting NN X O
at IN X O
A DT X O

Real JJ X O
chance NN X O
to TO X O
utilise VB X B-Skill
and CC X I-Skill
challenge VB X I-Skill
your PRP$ X I-Skill
Pharmacovigilance NNP X I-Skill
ability NN X I-Skill
& CC X I-Skill
Business NNP X I-Skill
Acumen NNP X I-Skill
You PRP X O

will MD X O
have VB X O
responsibility NN X O
for IN X O
systems NNS X B-Skill
design NN X I-Skill
and CC X I-Skill
programming NN X I-Skill
as RB X O
well RB X O
as IN X O
on IN X B-Skill
site NN X I-Skill
commissioning NN X I-Skill
of IN X I-Skill
the DT X I-Skill
systems NNS X I-Skill
, , X O
contract NN X B-Skill
review NN X I-Skill
and CC X O
customer NN X B-Skill
support NN X I-Skill
. . X O
K NNP X O

ECommerce NNP X B-Skill
, , X O
SQL NNP X B-Skill
, , X O
TSQL NNP X B-Skill
, , X O
OLTP NNP X B-Skill
, , X O
SSIS NNP X B-Skill
A NNP X O
SENIOR NNP X B-Occupation
SQL NNP X I-Occupation
DEVELOPER NNP X I-Occupation
is VBZ X O
URGENTLY NNP X O
required VBN X O
for IN X O
a DT X O
TEAM NNP X B-Skill
LEADING NNP X I-Skill
position NN X O
within IN X O
a DT X O
leading VBG X O
Ecommerce NNP X B-Domain
organisation NN X O
that WDT X O
prides VBZ X O
itself PRP X O
on IN X O
offering VBG X O
a DT X O
fantastic JJ X O
working NN X O
environment NN X O
and CC X O
great JJ X O
work NN X B-Skill
ethic NN X I-Skill
. . X O
Transport NNP X B-Skill

daily JJ X I-Skill
KPI NNP X I-Skill
, , X I-Skill
Recycling NNP X I-Skill
, , X O
GCR NNP X B-Skill
, , X O
Courier NNP X B-Skill
log NN X I-Skill
on IN X I-Skill
time NN X I-Skill
. . X O
Key NNP X O

Objectives NNP X O
of IN X O
the DT X O
Role NNP X O
Liaising NNP X O
with IN X O
Senior NNP X B-Occupation
Managers NNP X I-Occupation
, , X O
Bid NNP X B-Skill
teams VBZ X I-Skill
amp VBP X I-Skill
; : X O
Financial NNP X B-Occupation
Advisors NNPS X I-Occupation
to TO X O
proactively RB X B-Skill
support VB X I-Skill
business NN X I-Skill
units NNS X I-Skill
by IN X O
: : X O
Advising NN X B-Skill
and CC X O
providing VBG X O
modelling VBG X B-Skill
support NN X I-Skill
to TO X I-Skill
the DT X I-Skill
bid NN X I-Skill
teams NNS X I-Skill
at IN X I-Skill
all DT X I-Skill
stages NNS X I-Skill
of IN X I-Skill
the DT X I-Skill
bid NN X I-Skill
process NN X I-Skill
. . X O
Senior NNP X B-Occupation

Manager NNP X I-Occupation
Requirements NNP X O
VAT NNP X B-Qualification
registration NN X I-Qualification
and CC X I-Qualification
deregistrations NNS X I-Qualification
Liability NNP X B-Skill
of IN X I-Skill
income NN X I-Skill
Recover NNP X I-Skill
of IN X I-Skill
VAT NNP X I-Skill
on IN X I-Skill
expenditure NN X I-Skill
Partial NNP X O
exemptions NNS X O
If IN X O

this DT X O
opportunity NN X O
sounds VBZ X O
interesting JJ X O
, , X O
please VB X O
apply VB X O
and CC X O
give VB X O
me PRP X O
a DT X O
call NN X O
to TO X O
discuss VB X O
the DT X O
opportunity NN X O
in IN X O
detail NN X O
, , X O
Nick NNP X O
Winsey NNP X O
of IN X O
Cathcart NNP X O
Associates NNPS X O
on IN X O
: : X O
Please NNP X O

note VBP X O
that IN X O
no DT X O
terminology NN X O
in IN X O
this DT X O
advert NN X O
is VBZ X O
intended VBN X O
to TO X O
discriminate VB X O
on IN X O
the DT X O
grounds NNS X O
of IN X O
age NN X O
, , X O
and CC X O
we PRP X O
confirm VBP X O
that IN X O
we PRP X O
will MD X O
gladly RB X O
accept VB X O
applications NNS X O
from IN X O
persons NNS X O
of IN X O
any DT X O
age NN X O
for IN X O
this DT X O
role NN X O
. . X O
Please NNP X O

contact VB X O
the DT X O
offices NNS X O
for IN X O
more JJR X O
details NNS X O
This DT X O
job NN X O
was VBD X O
originally RB X O
posted VBN X O
as IN X O
your PRP$ X O

CV NNP X O
will MD X O
be VB X O
forwarded VBN X O
to TO X O
a DT X O
Freight NNP X O
Personnel NNP X O
consultant NN X O
automatically RB X O
. . X O
Technical JJ X B-Occupation

Leader NNP X I-Occupation
Derbyshire NNP X O
3035 CD X O
, , X O
000 CD X O
shift NN X O
allowance NN X O
Due NNP X O
to TO X O
the DT X O
substantial JJ X O
growth NN X O
of IN X O
our PRP$ X O
client NN X O
' POS X O
s NN X O
business NN X O
, , X O
and CC X O
their PRP$ X O
plan NN X O
to TO X O
ensure VB X O
that IN X O
the DT X O
company NN X O
continues VBZ X O
to TO X O
grow VB X O
within IN X O
the DT X O
engine NN X O
assembly NN X O
division NN X O
, , X O
a DT X O
vacancy NN X O
has VBZ X O
arisen VBN X O
for IN X O
a DT X O
Technical JJ X B-Occupation
Leader NN X I-Occupation
to TO X O
join VB X O
the DT X O
team NN X O
. . X O
YOU NN X O

MUST NNP X O
HAVE VBP X O
THE NNP X O
FOLLOWING NNP X O
SKILLS NNP X O
: : X O
Management JJ X B-Skill
experience NN X I-Skill
within IN X I-Skill
call NN X I-Skill
centre NN X I-Skill
resource NN X I-Skill
planning NN X I-Skill
, , X O
MI NNP X B-Skill
and CC X O
data NNS X B-Skill
analysis NN X I-Skill
We PRP X O

recruit VBP X O
across IN X O
a DT X O
range NN X O
of IN X O
sectors NNS X O
including VBG X O
finance NN X B-Domain
and CC X O
banking NN X B-Domain
, , X O
software NN X O
houses NNS X O
, , X O
innovative JJ X O
technology NN X O
startups NNS X O
, , X O
media NNS X B-Domain
, , X O
telecommunications NNS X B-Domain
, , X O
eCommerce NN X B-Domain
and CC X O
consultancies NNS X B-Domain
. . X O
We PRP X O

are VBP X O
looking VBG X O
for IN X O
a DT X O
Senior NNP X B-Occupation
Quality NNP X I-Occupation
Assurance NNP X I-Occupation
QA NNP X I-Occupation
Tester NNP X I-Occupation
/ NNP X I-Occupation
Manager NNP X I-Occupation
to TO X O
join VB X O
a DT X O
rapidly RB X O
expanding VBG X O
company NN X O
that WDT X O
offers VBZ X O
a DT X O
dynamic JJ X O
and CC X O
challenging JJ X O
environment NN X O
. . X O
Any DT X O

new JJ X O
hire NN X O
will MD X O
be VB X O
trained VBN X O
in IN X O
the DT X O
company NN X O
s NN X O
products NNS X O
and CC X O
will MD X O
acquire VB X O
new JJ X O
skills NNS X O
through IN X O
mentoring NN X O
. . X O
This DT X O

is VBZ X O
an DT X O
excellent JJ X O
opportunity NN X O
to TO X O
join VB X O
a DT X O
respected JJ X O
broker NN X O
where WRB X O
you PRP X O
can MD X O
progress VB X O
your PRP$ X O
career NN X O
. . X O
The DT X O

role NN X O
is VBZ X O
Monday NNP X O
to TO X O
Friday NNP X O
mainly RB X O
and CC X O
will MD X O
involve VB X O
working VBG X O
1 CD X O
week NN X O
in IN X O
4 CD X O
on IN X O
call NN X O
. . X O
As IN X O

a DT X O
. . X B-Skill
Net NN X I-Skill
, , X O
C NNP X B-Skill
Developer NNP X B-Occupation
you PRP X O
will MD X O
support VB X O
Technical NNP X B-Occupation
Leads NNP X O
in IN X O
the DT X O
development NN X B-Skill
of IN X I-Skill
world NN X I-Skill
class NN X I-Skill
applications NNS X I-Skill
. . X O
Confident JJ X B-Skill

individual NN X O
who WP X O
isn VBZ X O
t NN X O
afraid NN X O
to TO X O
put VB X O
their PRP$ X O
point NN X O
across IN X O
product NN X O

quality NN X O
is VBZ X O
maintained VBN X O
and CC X O
improved VBN X O
upon IN X O
if IN X O
necessary JJ X O
Ensure NNP X B-Skill
the DT X I-Skill
health NN X I-Skill
and CC X I-Skill
safety NN X I-Skill
of IN X I-Skill
production NN X I-Skill
staff NN X I-Skill
by IN X O
using VBG X O
sound JJ X O
management NN X O
practices NNS X O
both DT X O

written VBN X O
and CC X O
verbal JJ X O
Strong NNP X B-Skill
people NNS X I-Skill
management NN X I-Skill
/ IN X I-Skill
influencing VBG X I-Skill
and CC X I-Skill
listening VBG X I-Skill
skills NNS X I-Skill
with IN X O
an DT X O
outgoing JJ X B-Skill
personality NN X I-Skill
Excellent NNP X I-Skill
under IN X I-Skill
pressure NN X I-Skill
/ NNP X O
comfortable JJ X B-Skill
with IN X I-Skill
changing VBG X I-Skill
priorities NNS X I-Skill
/ VBP X I-Skill
multiple JJ X I-Skill
demands NNS X I-Skill
they PRP X O

have VBP X O
a DT X O
number NN X O
of IN X O
exciting VBG X O
and CC X O
significant JJ X O
infrastructure NN X O
programmes NNS X O
to TO X O
deliver VB X O
including VBG X O
the DT X O
Virtualisation NN X O
of IN X O
multiple JJ X O
Enterprise NNP X O
systems NNS X O
and CC X O
the DT X O
integration NN X O
of IN X O
a DT X O
new JJ X O
Global NNP X O
ERP NNP X O
solution NN X O
. . X O
The DT X O

deliveries NNS X B-Skill
will MD X O
include VB X O
' '' X B-Skill
handballing VBG X I-Skill
' '' X O
into IN X O
customers NNS X O
premises NNS X O
and CC X O
adhering VBG X O
to TO X O
customer NN X B-Skill
delivery NN X I-Skill
requirements NNS X I-Skill
. . X O
The DT X O

ability NN X O
to TO X O
think VB X B-Skill
innovatively RB X I-Skill
and CC X O
be VB X O
proactive JJ X B-Skill
in IN X I-Skill
solving VBG X I-Skill
problems NNS X I-Skill
and CC X O
deliver VB X B-Skill
projects NNS X I-Skill
on IN X I-Skill
time NN X I-Skill
will MD X O
also RB X O
be VB X O
crucial JJ X O
for IN X O
this DT X O
role NN X O
. . X O
JustNursing VBG X O

are VBP X O
looking VBG X O
for IN X O
Locum NNP X B-Occupation
A NNP X I-Occupation
& CC X I-Occupation
E NNP X I-Occupation
Nurses NNP X I-Occupation
to TO X O
work VB X O
in IN X O
a DT X O
large JJ X O
NHS NNP X O
hospital NN X O
in IN X O
Cambridge NNP X O
. . X O
Seek NN X B-Skill

to TO X I-Skill
drive VB X I-Skill
down RP X I-Skill
repair NN X I-Skill
costs NNS X I-Skill
and CC X I-Skill
rates NNS X I-Skill
charged VBN X I-Skill
by IN X I-Skill
our PRP$ X I-Skill
suppliers NNS X I-Skill
and CC X O
ensure VB X B-Skill
that IN X I-Skill
all DT X I-Skill
suppliers NNS X I-Skill
SLA NNP X I-Skill
s NN X I-Skill
are VBP X I-Skill
adhered VBN X I-Skill
to TO X I-Skill
. . X O
To TO X O

assist VB X B-Skill
and CC X I-Skill
guide VB X I-Skill
other JJ X I-Skill
team NN X I-Skill
members NNS X I-Skill
where WRB X I-Skill
necessary JJ X I-Skill
. . X O
We PRP X O

grow VBP X O
our PRP$ X O
business NN X O
through IN X O
referrals NNS X O
, , X O
so IN X O
please JJ X O
don NN X O
' POS X O
t NN X O
keep VB X O
us PRP X O
to TO X O
yourself PRP X O
. . X O
The DT X O

Role NN X O
: : X O
This DT X O
new JJ X O
team NN X O
will MD X O
cover VB X O
a DT X O
geographical JJ X O
area NN X O
of IN X O
South NNP X O
and CC X O
West NNP X O
UK NNP X O
including VBG X O
: : X O
Gloucester NN X O
, , X O
Oxford NNP X O
, , X O
Weymouth NNP X O
, , X O
Portsmouth NNP X O
and CC X O
Reading NNP X O
, , X O
although IN X O
other JJ X O
locations NNS X O
may MD X O
be VB X O
included VBN X O
dependent JJ X O
upon IN X O
the DT X O
requirements NNS X O
of IN X O
the DT X O
business NN X O
. . X O
accordingly RB X O

Manage NNP X B-Skill
external JJ X I-Skill
agencies NNS X I-Skill
/ VBP X I-Skill
partners NNS X I-Skill
Identify NNP X I-Skill
and CC X I-Skill
develop VB X I-Skill
additional JJ X I-Skill
marketing NN X I-Skill
initiatives NNS X I-Skill
Monitor NNP X I-Skill
and CC X I-Skill
address JJ X I-Skill
competitor NN X I-Skill
activity NN X I-Skill
Liaise NNP X I-Skill
with IN X I-Skill
marketing NN X I-Skill
and CC X I-Skill
eCommerce NN X I-Skill
teams NNS X I-Skill
to TO X O
coordinate VB X B-Skill
activity NN X I-Skill
Manage NNP X I-Skill
requirements NNS X I-Skill
of IN X O
internal JJ X O
departments NNS X O
Manage NNP X B-Skill
/ NNP X I-Skill
oversee VBP X I-Skill
delivery NN X I-Skill
of IN X I-Skill
the DT X I-Skill
onsite JJ X I-Skill
marketing NN X I-Skill
content NN X I-Skill
and CC X I-Skill
merchandising NN X I-Skill
Manage NNP X I-Skill
/ NNP X I-Skill
oversee VBP X I-Skill
delivery NN X I-Skill
of IN X I-Skill
the DT X I-Skill
onsite JJ X I-Skill
search NN X I-Skill
Manage NNP X I-Skill
/ NNP X I-Skill
Oversee NNP X I-Skill
sales NNS X I-Skill
drivers NNS X I-Skill
by IN X O
effectively RB X O
merchandising VBG X B-Skill
the DT X I-Skill
stock NN X I-Skill
PPC NNP X I-Skill
You PRP X O

must MD X O
also RB X O
be VB X O
able JJ X O
to TO X O
keep VB X B-Skill
accurate JJ X I-Skill
manual JJ X I-Skill
and CC X I-Skill
electronic JJ X I-Skill
records NNS X I-Skill
and CC X O
have VB X O
excellent JJ X O
time NN X B-Skill
management NN X I-Skill
skills NNS X O
. . X O
The DT X O

successful JJ X O
candidate NN X O
is VBZ X O
likely JJ X O
to TO X O
have VB X B-Skill
operated VBN X I-Skill
at IN X I-Skill
HR NNP X I-Skill
Management NNP X I-Skill
level NN X I-Skill
within IN X O
software NN X B-Domain
, , X I-Domain
technology NN X I-Domain
, , X I-Domain
scientific JJ X I-Domain
or CC X I-Domain
professional JJ X I-Domain
service NN X I-Domain
companies NNS X I-Domain
. . X O
Your PRP$ X O

background NN X B-Skill
must MD X I-Skill
be VB X I-Skill
high JJ X I-Skill
volume NN X I-Skill
, , X I-Skill
fast RB X I-Skill
paced JJ X I-Skill
restaurants NNS X I-Skill
, , X O
with IN X O
quality NN X O
food NN X O
and CC X O
you PRP X O
as IN X O
the DT X O
General NNP X B-Occupation
Manager NNP X I-Occupation
must MD X O
have VB X O
a DT X O
real JJ X O
passion NN X B-Skill
for IN X I-Skill
food NN X I-Skill
be VB X O
a DT X O
complete JJ X O
foodie NN X O
Staff NNP X O

Nurse NNP X O
, , X O
Nursing NNP X O
Home NNP X O
, , X O
Thetford NNP X O
White NNP X O
Recruitment NNP X O
is VBZ X O
currently RB X O
looking VBG X O
for IN X O
a DT X O
Registered NNP X B-Occupation
Nurse NNP X I-Occupation
RGN NNP X O
with IN X O
a DT X O
naturally RB X O
caring JJ X O
nature NN X O
for IN X O
a DT X O
large JJ X O
sized JJ X O
nursing NN X O
home NN X O
in IN X O
Thetford NNP X O
. . X O
As IN X O

the DT X O
role NN X O
is VBZ X O
predominantly RB X O
NEW NNP X O
BUSINESS NNP X O
orientated VBD X O
they PRP X O
are VBP X O
seeking VBG X O
highly RB X O
determined VBN X B-Skill
focused JJ X I-Skill
individuals NNS X O
with IN X O
the DT X O
drive NN X O
determination NN X B-Skill
to TO X I-Skill
succeed VB X I-Skill
. . X O
Experienced JJ X B-Skill

Waiting NNP X B-Occupation
Staff NNP X I-Occupation
needed VBD X O
for IN X O
2 CD X O
Michelin NNP X O
Starred NNP X O
, , X O
Restaurant NNP X O
Nathan NNP X O
Outlaw NNP X O
. . X O
Your PRP$ X O

CV NNP X O
will MD X O
not RB X O
be VB X O
sent VBN X O
anywhere RB X O
until IN X O
you PRP X O
have VBP X O
authorised VBN X O
us PRP X O
. . X O
Numeracy NN X B-Skill

Influencing NNP X I-Skill
Computer NNP X I-Skill
skills VBZ X O
Microsoft NNP X B-Skill
etc NN X O
Strong NNP X O
customer NN X B-Skill
service NN X I-Skill
knowledge NN X I-Skill
You PRP X O

will MD X O
be VB X O
managing VBG X B-Skill
and CC X I-Skill
collaborating VBG X I-Skill
with IN X I-Skill
a DT X I-Skill
small JJ X I-Skill
, , X I-Skill
efficient JJ X I-Skill
team NN X I-Skill
to TO X O
produce VB X B-Qualification
, , X O
direct JJ X B-Skill
and CC X O
deliver VB X B-Skill
intelligent JJ X I-Skill
live JJ X I-Skill
events NNS X I-Skill
whilst VBP X O
crossing VBG X B-Skill
over RP X I-Skill
into IN X I-Skill
video NN X I-Skill
and CC X I-Skill
digital NN X I-Skill
when WRB X O
appropriate NN X O
. . X O
Maybe RB X O

more RBR X O
for IN X O
the DT X O
right JJ X O
experience NN X O
Plus NNP X O
uncapped VBD X O
Comm NNP X O
realistic JJ X O
The DT X O

PHP NNP X B-Occupation
Developer NNP X I-Occupation
will MD X O
have VB X O
a DT X O
proven JJ X O
background NN X O
in IN X O
the DT X O
Digital NNP X B-Domain
Arena NNP X I-Domain
and CC X O
the DT X O
agency NN X O
world NN X O
. . X O
Holiday NN X O

: : X O
25 CD X O
Days NNS X O
Excluding NNP X O
Bank NNP X O
Holidays NNP X O
Location NNP X O
: : X O
This DT X O
position NN X O
as IN X O
sales NNS X B-Occupation
representative VBP X I-Occupation
covers NNS X O
Avon NNP X O
and CC X O
Somerset NNP X O
. . X O
Responsibilities NNS X O

Include VBP X O
: : X O
Routine JJ X B-Skill
service NN X I-Skill
and CC X I-Skill
maintenance NN X I-Skill
role NN X I-Skill
focusing VBG X O
on IN X O
a DT X O
specific JJ X O
region NN X O
Fault NNP X B-Skill
finding NN X I-Skill
and CC X I-Skill
minor JJ X I-Skill
repair NN X I-Skill
**** NN X O

clubs NNS X O
across IN X O
the DT X O
UK NNP X O
the DT X O
company NN X O
offers VBZ X O
excellent JJ X O
career NN X O
progression NN X O
and CC X O
development NN X O
into IN X O
the DT X O
role NN X O
with IN X O
great JJ X O
training NN X O
. . X O
Understanding VBG X B-Skill

how WRB X I-Skill
the DT X I-Skill
university NN X I-Skill
student NN X I-Skill
record NN X I-Skill
system NN X I-Skill
is VBZ X O
critical JJ X O
to TO X O
accurate VB X O
financial JJ X O
records NNS X O
. . X O
As IN X O

the DT X O
Data NNP X B-Occupation
Quality NNP X I-Occupation
Manager NNP X I-Occupation
/ NNP X O
Data NNP X B-Occupation
Steward NNP X I-Occupation
, , X O
you PRP X O
will MD X O
be VB X O
overseeing VBG X B-Skill
all DT X I-Skill
Data NNP X I-Skill
Quality NNP X I-Skill
issues NNS X I-Skill
, , X O
and CC X O
be VB X O
implementing VBG X B-Skill
the DT X I-Skill
Data NNP X I-Skill
Governance NNP X I-Skill
and CC X I-Skill
Data NNP X I-Skill
Management NNP X I-Skill
policies NNS X I-Skill
. . X O
Detailed VBN X O

knowledge NN X B-Skill
of IN X O
general JJ X O
engineering NN X O
design NN X O
principals NNS X O
and CC X O
practices NNS X O
Management NNP X B-Skill
and CC X O
production NN X B-Skill
of IN X I-Skill
bids NNS X I-Skill
Assisting VBG X I-Skill
with IN X O
marketing NN X B-Domain
and CC X O
business NN X O
development NN X O
, , X O
including VBG X O
developing VBG X B-Skill
technical JJ X I-Skill
specific NN X I-Skill
business NN X I-Skill
streams NNS X I-Skill
Monitoring VBG X B-Skill

/ JJ X I-Skill
analysis NN X I-Skill
of IN X I-Skill
task NN X I-Skill
completion NN X I-Skill
/ NNP X O
performance NN X B-Skill
e NN X O
. . X O
g NN X O
. . X O
Dims NNP X B-Skill
, , X O
Telemetics NNP X B-Skill
etc NN X O
. . X O
If IN X O

you PRP X O
would MD X O
like VB X O
to TO X O
learn VB X O
more JJR X O
about IN X O
this DT X O
position NN X O
, , X O
or CC X O
hear VBP X O
about IN X O
any DT X O
other JJ X O
opportunities NNS X O
that IN X O
Academics NNS X O
have VBP X O
to TO X O
offer VB X O
then RB X O
please VB X O
forward RB X O
an DT X O
uptodate JJ X O
CV NN X O
http NN X O

:// NNP X O
www NN X O
. . X O
twitter NN X O
. . X O
com NN X O
/ JJ X O
AshleyKateHR NNP X O
Ashley NNP X O
Kate NNP X O
HR NNP X O
operates VBZ X O
as IN X O
a DT X O
Recruitment NNP X O
Agency NNP X O
for IN X O
the DT X O
provision NN X O
of IN X O
permanent JJ X O
candidates NNS X O
and CC X O
as IN X O
a DT X O
Recruitment NNP X O
Business NNP X O
for IN X O
the DT X O
provision NN X O
of IN X O
temporary JJ X O
candidates NNS X O
. . X O
To TO X O

be VB X O
considered VBN X O
, , X O
you PRP X O
must MD X O
have VB X O
: : X O
Proven VBN X O
successful JJ X O
track NN X B-Skill
record NN X I-Skill
in IN X I-Skill
managing VBG X I-Skill
tenders NNS X I-Skill
and CC X I-Skill
business NN X I-Skill
submissions NNS X I-Skill
Demonstrative NNP X O
experience NN X B-Skill
of IN X I-Skill
building NN X I-Skill
successful JJ X I-Skill
relationships NNS X I-Skill
with IN X I-Skill
operational JJ X I-Skill
staff NN X I-Skill
that WDT X I-Skill
support NN X I-Skill
and CC X I-Skill
promote NN X I-Skill
services NNS X I-Skill
and CC X I-Skill
products NNS X I-Skill
Experience NNP X I-Skill
of IN X I-Skill
managing VBG X I-Skill
a DT X I-Skill
portfolio NN X I-Skill
of IN X I-Skill
service NN X I-Skill
or CC X I-Skill
product NN X I-Skill
types NNS X I-Skill
Experience NNP X I-Skill
of IN X I-Skill
the DT X I-Skill
rights NNS X I-Skill
of IN X I-Skill
those DT X I-Skill
with IN X I-Skill
a DT X I-Skill
learning JJ X I-Skill
disability NN X I-Skill
Excellent NNP X O
sales NNS X B-Skill
and CC X I-Skill
marketing NN X I-Skill
skills NNS X I-Skill
Commercially NNP X I-Skill
minded VBD X I-Skill
and CC X I-Skill
highly RB X I-Skill
dedicated VBN X I-Skill
, , X O
as IN X O
a DT X O
Business NNP X B-Occupation
Development NNP X I-Occupation
Manager NNP X I-Occupation
, , X O
you PRP X O
must MD X O
have VB X O
exceptional JJ X O
communication NN X B-Skill
skills NNS X I-Skill
and CC X I-Skill
a DT X I-Skill
focus NN X I-Skill
on IN X I-Skill
targets NNS X I-Skill
, , X I-Skill
profits NNS X I-Skill
and CC X I-Skill
quality NN X I-Skill
. . X O
The DT X O

Developer NNP X B-Occupation
is VBZ X O
required VBN X O
to TO X O
design VB X B-Skill
and CC X I-Skill
build VB X I-Skill
a DT X I-Skill
fully RB X I-Skill
functional JJ X I-Skill
advanced JJ X I-Skill
responsive JJ X I-Skill
corporate JJ X I-Skill
wordpress NN X I-Skill
website NN X I-Skill
with IN X O
a DT X O
content JJ X B-Skill
management NN X I-Skill
system NN X I-Skill
, , X O
search NN X B-Skill
functionality NN X I-Skill
, , X O
blog NN X B-Skill
feature NN X I-Skill
, , X O
search NN X B-Skill
engine NN X I-Skill
optimisation NN X I-Skill
and CC X O
data NNS X B-Skill
capture NN X I-Skill
forms NNS X I-Skill
. . X O
The DT X O

role NN X O
will MD X O
involve VB X O
administrative JJ X B-Skill
support NN X I-Skill
for IN X O
web JJ X O
site NN X O
including VBG X O
order NN X B-Skill
management NN X I-Skill
and CC X O
failure NN X B-Skill
analysis NN X I-Skill
and CC X I-Skill
resolution NN X I-Skill
as RB X O
well RB X O
as IN X O
database NN X B-Skill
maintenance NN X I-Skill
, , X O
retail JJ X B-Skill
autoreplenishment NN X I-Skill
monitoring NN X I-Skill
, , X O
fault NN X B-Skill
resolution NN X I-Skill
and CC X O
remote VB X B-Skill
support NN X I-Skill
administration NN X I-Skill
to TO X O
our PRP$ X O
retail JJ X O
shops NNS X O
. . X O
Leadership NN X O

: : X B-Skill
Capability NN X I-Skill
to TO X I-Skill
convince VB X I-Skill
internal JJ X I-Skill
stakeholders NNS X I-Skill
on IN X I-Skill
identified JJ X I-Skill
opportunities NNS X I-Skill
Ability NNP X I-Skill
to TO X I-Skill
work VB X I-Skill
at IN X I-Skill
all DT X I-Skill
levels NNS X I-Skill
of IN X I-Skill
Management NNP X I-Skill
Excellent NNP X I-Skill
communications NNS X I-Skill
skills NNS X I-Skill
is VBZ X O
necessary JJ X O
Process NNP X B-Skill
improvement NN X I-Skill
/ NN X I-Skill
Lean NNP X I-Skill
/ NNP X I-Skill
six CD X I-Skill
sigma NN X I-Skill
Along IN X O

with IN X O
new JJ X O
business NN X O
opportunities NNS X O
you PRP X O
will MD X O
be VB X O
involved VBN X O
in IN X O
following VBG X B-Skill
up RP X I-Skill
on IN X I-Skill
specific JJ X I-Skill
marketing NN X I-Skill
campaigns NNS X I-Skill
and CC X I-Skill
relevant JJ X I-Skill
prospect NN X I-Skill
generation NN X I-Skill
. . X O
Our PRP$ X O

client NN X O
are VBP X O
an DT X O
award NN X O
winning VBG X O
international JJ X O
specialist NN X O
for IN X O
the DT X O
provision NN X O
of IN X O
well RB X O
intervention JJ X O
solutions NNS X O
to TO X O
the DT X O
Oil NNP X O
and CC X O
Gas NNP X O
industry NN X O
. . X O
If IN X O

you PRP X O
have VBP X O
ran VBN X O
a DT X O
region NN X O
/ NNP X O
area NN X O
before IN X O
, , X O
ideally RB X O
within IN X O
a DT X O
high JJ X B-Domain
street NN X I-Domain
food NN X I-Domain
operation NN X O
, , X O
such PDT X O
a DT X O
restaurants NNS X B-Domain
or CC X O
retail JJ X B-Domain
catering VBG X I-Domain
outlets NNS X I-Domain
and CC X O
are VBP X O
looking VBG X O
for IN X O
a DT X O
better JJR X O
work NN X O
/ JJ X O
life NN X O
balance NN X O
, , X O
then RB X O
this DT X O
could MD X O
be VB X O
the DT X O
role NN X O
for IN X O
you PRP X O
, , X O
as IN X O
it PRP X O
is VBZ X O
typically RB X O
Monday NNP X O
to TO X O
Friday NNP X O
. . X O
: : X O

22nd CD X O
February NNP X O
2013 CD X O
We PRP X O
particularly RB X O
welcome JJ X O
applications NNS X O
from IN X O
black JJ X O
and CC X O
minority NN X O
ethnic JJ X O
candidates NNS X O
as IN X O
they PRP X O
are VBP X O
underrepresented JJ X O
within IN X O
UCL NNP X O
at IN X O
this DT X O
level NN X O
. . X O
however RB X O

this DT X O
is VBZ X O
not RB X O
essential JJ X O
and CC X O
experience NN X O
in IN X O
the DT X O
above NN X O
or CC X O
similar JJ X O
is VBZ X O
valued VBN X O
to TO X O
a DT X O
high JJ X O
regard NN X O
. . X O
The DT X O

home NN X O
has VBZ X O
elderly JJ X O
frail NN X O
, , X O
EMI NNP X O
and CC X O
residential JJ X O
quarters NNS X O
but CC X O
is VBZ X O
predominantly RB X O
a DT X O
nursing NN X O
home NN X O
hence NN X O
the DT X O
reason NN X O
why WRB X O
we PRP X O
need VBP X O
a DT X O
Registered NNP X B-Occupation
Nurse NNP X I-Occupation
for IN X O
this DT X O
role NN X O
either CC X O
RGN NNP X O
or CC X O
RMN NNP X O
. . X O
An DT X O

exceptional JJ X O
opportunity NN X O
has VBZ X O
arisen VBN X O
for IN X O
an DT X O
experienced JJ X B-Skill
elderly JJ X B-Occupation
care NN X I-Occupation
home NN X I-Occupation
manager NN X I-Occupation
to TO X O
join VB X O
a DT X O
fantastic JJ X O
nursing NN X O
home NN X O
on IN X O
the DT X O
Hampshire NNP X O
/ NNP X O
Berkshire NNP X O
borders NNS X O
. . X O
The DT X O

successful JJ X O
candidate NN X O
will MD X O
be VB X O
: : X O
A DT X O
current JJ X O
Assistant NN X B-Occupation
Headteacher NNP X I-Occupation
looking VBG X O
for IN X O
their PRP$ X O
next JJ X O
challenge NN X O
or CC X O
an DT X O
existing VBG X O
Deputy NNP X B-Occupation
Headteacher NNP X I-Occupation
wanting VBG X O
to TO X O
build VB X O
on IN X O
their PRP$ X O
skills NNS X O
in IN X O
order NN X O
to TO X O
accelerate VB X O
their PRP$ X O
pathway NN X O
to TO X O
Headship VB X O
Full JJ X O

time NN X O
work NN X O
Monday NNP X O
to TO X O
Friday NNP X O
Company NNP X O
pension NN X O
After IN X O
one CD X O
year NN X O
s NN X O
service NN X O
General NNP X O
commission NN X O
scheme NN X O
on IN X O
top NN X O
of IN X O
salary NN X O
Required VBN X O
requirements NNS X O
Previous JJ X O
recruitment JJ X O
experience NN X O
preferable NN X O
In IN X O

line NN X O
with IN X O
the DT X O
requirements NNS X O
of IN X O
the DT X O
Asylum NNP X O
& CC X O
Immigration NNP X O
Act NNP X O
Benefits NNS X O

include VBP X O
Life NNP X O
Assurance NNP X O
, , X O
Pension NNP X O
Scheme NNP X O
, , X O
20 CD X O
days NNS X O
annual JJ X O
leave VBP X O
plus CC X O
Bank NNP X O
Holidays NNP X O
In IN X O

addition NN X O
, , X O
they PRP X O
offer VBP X O
a DT X O
comprehensive JJ X O
portfolio NN X O
of IN X O
environmental JJ X B-Skill
testing NN X I-Skill
, , X O
oil NN X B-Skill
fingerprinting NN X I-Skill
, , X O
chemical NN X B-Skill
analysis NN X I-Skill
, , X O
and CC X O
forensic JJ X B-Skill
analytical JJ X I-Skill
testing NN X I-Skill
services NNS X O
. . X O
Responsibilities NNS X O

include VBP X O
but CC X O
are VBP X O
not RB X O
limited VBN X O
to TO X O
: : X O
Opening NN X B-Skill
accounts NNS X I-Skill
Booking VBG X I-Skill
stock NN X I-Skill
in IN X I-Skill
and CC X I-Skill
out IN X I-Skill
Stock NNP X I-Skill
movement NN X I-Skill
control NN X I-Skill
The DT X O

person NN X O
we PRP X O
are VBP X O
looking VBG X O
for IN X O
will MD X O
have VB X O
proven VBN X O
experience NN X B-Skill
of IN X I-Skill
CNC NNP X I-Skill
controlled VBD X I-Skill
sheet NN X I-Skill
metal NN X I-Skill
machinery NN X I-Skill
, , X O
such JJ X O
as IN X O
, , X B-Skill
press NN X I-Skill
brakes NNS X I-Skill
, , X O
turret JJ X B-Skill
punching NN X I-Skill
machines NNS X I-Skill
, , X O
laser NN X B-Skill
cutting VBG X I-Skill
machines NNS X I-Skill
. . X O
Any DT X O

other JJ X O
duties NNS X O
required VBN X O
which WDT X O
are VBP X O
relevant JJ X O
to TO X O
the DT X O
roleExperience NN X O
Maintain NNP X B-Skill

up RB X I-Skill
to TO X I-Skill
date NN X I-Skill
knowledge NN X I-Skill
of IN X I-Skill
international JJ X I-Skill
codes NNS X I-Skill
and CC X I-Skill
standards NNS X I-Skill
and CC X I-Skill
European JJ X I-Skill
Directives NNP X I-Skill
relevant NN X I-Skill
to TO X I-Skill
rotating VBG X I-Skill
machinery NN X I-Skill
. . X O
BENEFITS NNP X O

Generous NNP X O
Salary NNP X O
Live NNP X O
in IN X O
Accommodation NNP X O
Uniform NNP X O
Meals NNP X O
on IN X O
duty NN X O
Use NNP X O
facilities NNS X O
Company NNP X O
discounts NNS X O
Fulltime RB X O

37 CD X O
. . X O
5 CD X O
hrs NN X O
per IN X O
week NN X O
Committed VBN X O
to TO X O
quality NN X B-Skill
assurance NN X I-Skill
, , X O
you PRP X O
will MD X O
lead VB X O
a DT X O
team NN X O
working VBG X O
in IN X O
supported JJ X O
living NN X O
settings NNS X O
, , X O
dedicated VBN X O
to TO X O
undertaking VBG X O
the DT X O
complex JJ X O
task NN X O
of IN X O
supporting VBG X O
people NNS X O
with IN X O
learning VBG X O
disabilities NNS X O
and CC X O
high JJ X O
support NN X O
needs NNS X O
within IN X O
their PRP$ X O
own JJ X O
homes NNS X O
. . X O
Help VB X B-Skill

the DT X I-Skill
team NN X I-Skill
write VB X I-Skill
the DT X I-Skill
software NN X I-Skill
that WDT X I-Skill
scales VBZ X I-Skill
well RB X I-Skill
and CC X I-Skill
takes VBZ X I-Skill
best JJS X I-Skill
advantage NN X I-Skill
of IN X I-Skill
the DT X I-Skill
infrastructure NN X I-Skill
The DT X O

health NN X B-Domain
economics NNS X I-Domain
team NN X O
comprises VBZ X O
some DT X O
of IN X O
the DT X O
best JJS X O
brains NNS X O
in IN X O
the DT X O
business NN X B-Domain
and CC X O
the DT X O
company NN X O
is VBZ X O
looking VBG X O
to TO X O
hire VB X O
someone NN X O
who WP X O
is VBZ X O
keen JJ X O
to TO X O
undertake VB X O
external JJ X B-Domain
training NN X I-Domain
as RB X O
well RB X O
as IN X O
on IN X O
the DT X O
job NN X B-Domain
training NN X I-Domain
from IN X O
senior JJ X B-Occupation
health NN X I-Occupation
economists NNS X I-Occupation
. . X O
Have VBP X O

you PRP X O
got VBD X O
more JJR X O
than IN X O
2 CD X B-Experience
years NNS X I-Experience
experience NN X I-Experience
of IN X O
cold JJ X O
calling VBG X O
? . X O
**** NN X O

and CC X O
of IN X O
vulnerable JJ X O
adults NNS X O
to TO X O
meet VB X B-Skill
the DT X I-Skill
college NN X I-Skill
' POS X I-Skill
s JJ X I-Skill
moral JJ X I-Skill
and CC X I-Skill
legal JJ X I-Skill
responsibilities NNS X I-Skill
. . X O
There EX X O

is VBZ X O
also RB X O
an DT X O
opportunity NN X O
to TO X O
suggest VB X O
and CC X O
work VB X B-Skill
with IN X I-Skill
technologies NNS X I-Skill
you PRP X O
find VBP X O
of IN X O
interest NN X O
in IN X O
a DT X O
challenging JJ X O
role NN X O
in IN X O
a DT X O
highly RB X O
dynamic JJ X O
environment NN X O
. . X O
The DT X O

Norwich NNP X O
hospital NN X O
offers NNS X O
private JJ X O
healthcare NN X O
to TO X O
local JJ X O
residents NNS X O
. . X O
There EX X O

will MD X O
also RB X O
be VB X O
a DT X O
requirement NN X O
to TO X O
create VB X B-Skill
reports NNS X I-Skill
for IN X I-Skill
the DT X I-Skill
Contracts NNP X I-Skill
Manager NNP X I-Skill
and CC X O
supervise VB X B-Skill
a DT X I-Skill
small JJ X I-Skill
team NN X I-Skill
of IN X I-Skill
engineers NNS X I-Skill
. . X O
pension NN X O

Are NNP X O
you PRP X O
a DT X O
Graduate NNP X O
Electrical NNP X B-Occupation
Design NNP X I-Occupation
Engineer NNP X I-Occupation
looking VBG X O
to TO X O
join VB X O
a DT X O
worldwide JJ X O
company NN X O
that WDT X O
can MD X O
offer VB X O
you PRP X O
a DT X O
challenge NN X O
as RB X O
well RB X O
as IN X O
excellent JJ X O
technical JJ X O
progression NN X O
and CC X O
one CD X O
of IN X O
the DT X O
best JJS X O
packages NNS X O
in IN X O
the DT X O
industry NN X O
? . X O
Birmingham NNP X O

City NNP X O
University NNP X O
promotes VBZ X O
equality NN X O
of IN X O
opportunity NN X O
in IN X O
respect NN X O
of IN X O
every DT X O
aspect NN X O
of IN X O
its PRP$ X O
provision NN X O
. . X O
Experience NN X B-Skill

in IN X I-Skill
fault NN X I-Skill
finding VBG X I-Skill
on IN X I-Skill
CCTV NNP X I-Skill
, , X I-Skill
Intruder NNP X I-Skill
, , X I-Skill
Access NNP X I-Skill
Control NNP X I-Skill
Systems NNP X I-Skill
and CC X O
working VBG X B-Skill
to TO X I-Skill
NSI NNP X I-Skill
/ NNP X I-Skill
SSAIB NNP X I-Skill
Standards NNP X I-Skill
**** NN X O

Cover NNP X O
for IN X O
holidays NNS X O
/ JJ X O
absences NNS X O
such JJ X O
items NNS X O
as IN X O
daily JJ X B-Skill
cash NN X I-Skill
posting NN X I-Skill
, , X O
bank NN X B-Skill
reconciliations NNS X I-Skill
, , X O
supplier NN X B-Skill
payments NNS X I-Skill
, , X O
supplier JJ X B-Skill
statement NN X I-Skill
reconciliations NNS X I-Skill
An DT X O

incredible JJ X O
opportunity NN X O
here RB X O
to TO X O
work VB X O
for IN X O
a DT X O
really RB X O
glamorous JJ X O
online NN X O
business NN X O
who WP X O
work VBP X O
in IN X O
the DT X O
media NNS X B-Domain
sector NN X I-Domain
. . X O
Undertake NNP X B-Skill

process NN X I-Skill
projects NNS X I-Skill
as IN X O
requested VBN X O
by IN X O
Mould NNP X B-Occupation
Maintenance NNP X I-Occupation
Process NNP X I-Occupation
Leader NNP X I-Occupation
. . X I-Occupation
Experience NN X O

in IN X O
a DT X O
similar JJ X O
role NN X B-Skill
in IN X I-Skill
a DT X I-Skill
highpressure NN X I-Skill
, , X I-Skill
highvolume VB X I-Skill
environment NN X I-Skill
An DT X O
allconsuming NN X O
hunger NN X O
and CC X O
passion NN X O
for IN X O
great JJ X O
food NN X O
Potential NNP X O
leadership NN X B-Skill
qualities NNS X O
Commitment NNP X B-Skill
, , X O
drive NN X B-Skill
, , X O
an DT X O
obsessive JJ X O
attention NN X B-Skill
to TO X I-Skill
detail NN X I-Skill
and CC X O
the DT X O
desire NN X O
to TO X O
instil VB X O
these DT X O
qualities NNS X O
in IN X O
those DT X O
around IN X O
you PRP X O
Keep VB X B-Skill

a DT X I-Skill
full JJ X I-Skill
and CC X I-Skill
accurate JJ X I-Skill
daily JJ X I-Skill
site NN X I-Skill
diary JJ X I-Skill
, , X O
including VBG X O
any DT X O
changes NNS X B-Skill
/ VBP X I-Skill
variations NNS X I-Skill
, , X O
subcontractors NNS X B-Skill
attendance NN X I-Skill
, , X O
and CC X O
records NNS X B-Skill
of IN X I-Skill
work NN X I-Skill
related JJ X I-Skill
discussions NNS X I-Skill
with IN X O
client NN X B-Occupation
/ NN X I-Occupation
designer NN X I-Occupation
/ NNP X O
RE NNP X O
/ NNP X O
project NN X O
team NN X O
. . X O
We PRP X O

are VBP X O
recruiting VBG X O
Fulltime NNP X O
, , X O
Part NNP X O
time NN X O
and CC X O
Bank NNP X O
RGN NNP X O
Level NNP X O
1 CD X O
for IN X O
our PRP$ X O
Nursing NNP X B-Domain
Home NNP X O
in IN X O
Banstead NNP X O
, , X O
Surrey NNP X O
, , X O
SM7 NNP X O
. . X O
Identify NNP X B-Skill

and CC X I-Skill
recommend VB X I-Skill
opportunities NNS X I-Skill
for IN X I-Skill
delivery NN X I-Skill
synergy NN X I-Skill
and CC X I-Skill
optimisation NN X I-Skill
. . X O
Also RB X O

mechanical JJ X B-Skill
specifications NNS X I-Skill
and CC X I-Skill
deliverables NNS X I-Skill
for IN X O
schemes NNS X O
in IN X O
accordance NN X O
with IN X O
current JJ X O
legislation NN X O
and CC X O
standards NNS X O
for IN X O
the DT X O
scheme NN X O
requirements NNS X O
. . X O
Our PRP$ X O

client NN X O
is VBZ X O
a DT X O
highly RB X O
successful JJ X O
aerospace NN X B-Domain
engineering NN X I-Domain
group NN X O
, , X O
with IN X O
international JJ X B-Skill
engineering NN X I-Skill
and CC X I-Skill
manufacturing NN X I-Skill
capability NN X I-Skill
, , X O
they PRP X O
supply VBP X O
high JJ X O
quality NN X O
metal NN X O
based VBN X O
products NNS X O
to TO X O
Aerospace NNP X O
OEMs NNP X O
and CC X O
If IN X O

you PRP X O
are VBP X O
passionate JJ X O
about IN X O
developing VBG X B-Skill
your PRP$ X I-Skill
career NN X I-Skill
and CC X O
working VBG X B-Skill
on IN X I-Skill
some DT X I-Skill
of IN X I-Skill
the DT X I-Skill
latest JJS X I-Skill
and CC X I-Skill
greatest JJS X I-Skill
projects NNS X I-Skill
in IN X I-Skill
the DT X I-Skill
creative JJ X I-Skill
sector NN X I-Skill
do VBP X O
not RB X O
hesitate VB X O
to TO X O
get VB X O
in IN X O
contact NN X O
You PRP X O

will MD X O
also RB X O
take VB X O
the DT X O
lead NN X O
in IN X O
all DT X O
technical JJ X O
investigations NNS X O
requiring VBG X O
NDT NNP X B-Skill
techniques NNS X I-Skill
. . X O
We PRP X O

are VBP X O
seeking VBG X O
dynamic JJ X B-Skill
, , X O
committed JJ X B-Skill
social JJ X B-Occupation
workers NNS X I-Occupation
who WP X O
have VBP X O
excellent JJ X O
communication NN X B-Skill
skills NNS X I-Skill
, , X O
can MD X O
deliver VB X B-Skill
a DT X I-Skill
high JJ X I-Skill
quality NN X I-Skill
service NN X I-Skill
and CC X O
have VBP X O
the DT X O
ability NN X B-Skill
to TO X I-Skill
gather VB X I-Skill
and CC X I-Skill
analysis VB X I-Skill
information NN X I-Skill
to TO X O
support VB X O
identified JJ X O
children NNS X O
, , X O
young JJ X O
people NNS X O
and CC X O
families NNS X O
needs VBZ X O
through IN X O
assessment NN X O
and CC X O
reassessment NN X O
processes NNS X O
. . X O
Ensure VB X B-Skill

their PRP$ X I-Skill
Tap NNP X I-Skill
Root NNP X I-Skill
process NN X I-Skill
is VBZ X I-Skill
followed VBN X I-Skill
as IN X I-Skill
required VBN X I-Skill
. . X O
Culturing VBG X B-Skill

human JJ X I-Skill
cell NN X I-Skill
lines NNS X I-Skill
Developing VBG X I-Skill
relevant NN X I-Skill
cell NN X I-Skill
based VBN X I-Skill
and CC X I-Skill
biochemical JJ X I-Skill
assays NNS X I-Skill
Chartered NNP X B-Occupation

Engineer NNP X I-Occupation
or CC X O
working VBG X B-Skill
towards NNS X I-Skill
membership NN X I-Skill
of IN X I-Skill
a DT X I-Skill
professional JJ X I-Skill
institution NN X I-Skill
. . X O
An DT X O

excellent JJ X O
opportunity NN X O
to TO X O
work VB X O
for IN X O
an DT X O
employer NN X O
of IN X O
choice NN X O
in IN X O
the DT X O
Worcestershire NNP X O
area NN X O
. . X O
This DT X O

role NN X O
offers VBZ X O
study JJ X B-Skill
support NN X I-Skill
, , X O
paid VBD X O
time NN X O
off RP X O
for IN X O
revision NN X B-Skill
/ NNP X I-Skill
exams NN X I-Skill
and CC X O
a DT X O
chance NN X O
to TO X O
work VB X B-Skill
alongside RB X I-Skill
the DT X I-Skill
FD NNP X I-Skill
to TO X I-Skill
learn VB X I-Skill
and CC X I-Skill
develop VB X I-Skill
. . X O
The DT X O

successful JJ X O
candidate NN X O
will MD X O
have VB X O
a DT X O
CIPP NNP X B-Qualification
qualification NN X I-Qualification
, , X O
have VBP X B-Skill
previous JJ X I-Skill
knowledge NN X I-Skill
of IN X I-Skill
working VBG X I-Skill
for IN X I-Skill
large JJ X I-Skill
companies NNS X I-Skill
managing VBG X I-Skill
a DT X I-Skill
large JJ X I-Skill
team NN X I-Skill
of IN X O
around IN X O
You PRP X O

will MD X O
be VB X O
committed VBN X O
to TO X O
providing VBG X O
the DT X O
highest JJS X O
levels NNS X O
of IN X O
clinical JJ X B-Skill
and CC X I-Skill
customer NN X I-Skill
care NN X I-Skill
to TO X O
our PRP$ X O
chemotherapy NN X B-Domain
patients NNS X O
within IN X O
our PRP$ X O
dedicated JJ X O
chemotherapy NN X B-Domain
ward NN X O
. . X O
Apply NNP X O

ASAP NNP X O
for IN X O
success NN X O
as IN X O
this DT X O
is VBZ X O
an DT X O
amazing JJ X O
opportunity NN X O
**** JJ X O

**** NNP X O
**** NN X O
to TO X O
find VB X O
out RP X O
more JJR X O
about IN X O
this DT X O
role NN X O
You PRP X O
will MD X O
need VB X O
to TO X O
prove VB X O
that IN X O
you PRP X O
have VBP X O
the DT X O
necessary JJ X O
experience NN X O
required VBN X O
for IN X O
this DT X O
role NN X O
and CC X O
will MD X O
be VB X O
subject JJ X O
to TO X O
references NNS X O
. . X O
To TO X O

ensure VB X B-Skill
that IN X I-Skill
each DT X I-Skill
child NN X I-Skill
is VBZ X I-Skill
assessed VBN X I-Skill
and CC X I-Skill
that IN X I-Skill
their PRP$ X I-Skill
care NN X I-Skill
is VBZ X I-Skill
planned VBN X I-Skill
, , X O
implemented VBN X B-Skill
and CC X O
evaluated VBN X B-Skill
in IN X I-Skill
negotiation NN X I-Skill
with IN X I-Skill
the DT X I-Skill
family NN X I-Skill
, , X O
and CC X O
that IN X O
it PRP X O
is VBZ X O
accurately RB X B-Skill
documented VBN X I-Skill
and CC X I-Skill
reviewed VBN X I-Skill
in IN X I-Skill
a DT X I-Skill
timely JJ X I-Skill
manner NN X I-Skill
. . X O
It PRP X O

is VBZ X O
essential JJ X O
that IN X O
candidates NNS X O
have VBP X O
12 CD X B-Experience
months NNS X I-Experience
customer NN X B-Skill
service NN X I-Skill
experience NN X O
. . X O
On IN X O

a DT X O
daily JJ X O
basis NN X O
you PRP X O
will MD X O
be VB X O
speaking VBG X B-Skill
to TO X I-Skill
retail JJ X I-Skill
stores NNS X I-Skill
regarding VBG X O
any DT X O
EPOS NNP X B-Skill
queries NNS X I-Skill
, , X O
resolving VBG X B-Skill
issues NNS X I-Skill
and CC X O
running VBG X B-Skill
reports NNS X I-Skill
to TO X O
analyse VB X B-Skill
usage NN X I-Skill
. . X O
Our PRP$ X O

Fabless NNP X O
semiconductor NN X O
client NN X O
with IN X O
innovative JJ X O
silicon NN X O
IP NNP X O
and CC X O
solutions NNS X O
for IN X O
High NNP X O
Definition NNP X O
Video NNP X O
have VBP X O
a DT X O
vacancy NN X O
in IN X O
their PRP$ X O
Buckinghamshire NNP X O
office NN X O
for IN X O
an DT X O
experienced JJ X B-Skill
software NN X B-Occupation
engineer NN X I-Occupation
with IN X O
coding VBG X B-Skill
skills NNS X I-Skill
at IN X I-Skill
the DT X I-Skill
embedded JJ X I-Skill
level NN X I-Skill
and CC X I-Skill
on IN X I-Skill
compilers NNS X I-Skill
/ JJ X I-Skill
tools NNS X I-Skill
. . X O
My PRP$ X O

client NN X O
is VBZ X O
a DT X O
market NN X O
leading VBG X O
branded VBD X O
FMCG NNP X O
household NN X B-Domain
business NN X O
. . X O
About IN X O

Our PRP$ X O
Client NNP X O
Our PRP$ X O
client NN X O
is VBZ X O
an DT X O
established JJ X O
international JJ X O
business NN X O
. . X O
This DT X O

really RB X O
is VBZ X O
such JJ X O
a DT X O
good JJ X O
opportunity NN X O
to TO X O
work VB X O
for IN X O
an DT X O
enterprise NN X O
scale NN X O
client NN X O
working VBG X O
on IN X O
both DT X O
production NN X O
environments NNS X O
as RB X O
well RB X O
as IN X O
backoffice NN X O
networks NNS X O
. . X O
Our PRP$ X O

client NN X O
is VBZ X O
both DT X O
a DT X O
general JJ X O
Building NNP X O
Main NNP X O
Contractor NNP X O
and CC X O
Subcontractor NNP X O
incorporating VBG X O
Specialist NNP X O
Trades NNP X O
involved VBN X O
in IN X O
the DT X O
Remodelling NNP X O
and CC X O
Refurbishment NNP X O
of IN X O
Structures NNP X O
including VBG X O
Educational NNP X O
Facilities NNP X O
, , X O
Social NNP X O
Housing NNP X O
, , X O
Commercial NNP X O
Buildings NNP X O
, , X O
Rail NNP X O
Station NNP X O
Premises NNP X O
, , X O
Platforms NNP X O
, , X O
Bridges NNP X O
, , X O
Tunnels NNP X O
, , X O
Retaining NNP X O
Walls NNP X O
etc FW X O
. . X O
Services NNS X O

advertised VBN X O
by IN X O
Project NNP X O
Resource NNP X O
Ltd NNP X O
are VBP X O
those DT X O
of IN X O
an DT X O
agency NN X O
and CC X O
/ NN X O
or CC X O
an DT X O
employment NN X O
business NN X O
The DT X O

role NN X O
of IN X O
the DT X O
management NN X B-Occupation
accountant NN X I-Occupation
is VBZ X O
to TO X O
proactively RB X B-Skill
support VB X I-Skill
the DT X I-Skill
business NN X I-Skill
with IN X I-Skill
respect NN X I-Skill
to TO X I-Skill
the DT X I-Skill
information NN X I-Skill
it PRP X I-Skill
needs VBZ X I-Skill
to TO X I-Skill
do VB X I-Skill
its PRP$ X I-Skill
job NN X I-Skill
and CC X O
add VB X B-Skill
value NN X I-Skill
using VBG X I-Skill
financial JJ X I-Skill
analysis NN X I-Skill
. . X O
In IN X O

order NN X O
to TO X O
be VB X O
considered VBN X O
for IN X O
this DT X O
role NN X O
you PRP X O
need VBP X O
to TO X O
know VB X O
about IN X O
Commercial JJ X B-Skill
Vehicle NNP X I-Skill
repairs NNS X I-Skill
and CC X O
have VBP X O
experience NN X B-Skill
of IN X O
working VBG X O
in IN X O
a DT X O
position NN X O
that WDT X O
relates VBZ X O
to TO X O
this DT X O
. . X O
**** NN X O

k NN X O
packages NNS X O
possible JJ X O
for IN X O
top JJ X O
level NN X O
developers NNS X O
in IN X O
this DT X O
niche NN X O
, , X O
highly RB X O
interesting JJ X O
, , X O
challenging VBG X O
and CC X O
rewarding VBG X O
industry NN X O
You PRP X O

must MD X O
come VB X O
from IN X O
a DT X B-Domain
technology NN X I-Domain
background NN X O
, , X O
or CC X O
have VBP X O
strong JJ X O
technical JJ X B-Skill
knowledge NN X I-Skill
for IN X O
this DT X O
role NN X O
, , X O
as IN X O
you PRP X O
will MD X O
be VB X O
facing VBG X O
off IN X O
to TO X O
the DT X O
business NN X O
, , X O
but CC X O
assisting VBG X B-Skill
the DT X I-Skill
technical JJ X I-Skill
teams NNS X I-Skill
with IN X I-Skill
SQL NNP X I-Skill
and CC X I-Skill
QlikView NNP X I-Skill
. . X O
If IN X O

you PRP X O
think VBP X O
you PRP X O
are VBP X O
suitable JJ X O
please JJ X O
send VB X O
your PRP$ X O
details NNS X O
to TO X O
robwhiterecruitment VB X O
. . X O
com NN X O
or CC X O
call VB X O
me PRP X O
on IN X O
If IN X O

you PRP X O
are VBP X O
interested JJ X O
in IN X O
this DT X O
P NNP X B-Occupation
. . X I-Occupation
E NNP X I-Occupation
role NN X I-Occupation
or CC X O
any DT X O
other JJ X O
role NN X O
within IN X O
the DT X O
Buckinghamshire NNP X O
area NN X O
please NN X O
submit VB X O
your PRP$ X O
CV NNP X O
to TO X O
url VB X O
removed VBN X O
or CC X O
alternatively RB X O
for IN X O
further JJ X O
information NN X O
please NN X O
call NN X O
Nav NNP X O
Panesar NNP X O
on IN X O
LARGE JJ X B-Domain

FORMAT NNP X I-Domain
STORE NNP X I-Domain
, , X O
CONVENIENCE NNP X B-Domain
STORE NNP X I-Domain
OR NNP X O
FMCG NNP X B-Domain
Experience NNP X O
of IN X O
managing VBG X B-Skill
wide JJ X I-Skill
variety NN X I-Skill
of IN X I-Skill
products NNS X I-Skill
Subsidised VBN X O

health NN X O
and CC X O
personal JJ X O
accident NN X O
insurance NN X O
Access NNP X O
to TO X O
' '' X O
Busy JJ X O
Bees NNP X O
' POS X O
Child NNP X O
Care NNP X O
Vouchers NNP X O
Scheme NNP X O
Long NNP X O
Service NNP X O
Awards NNP X O
THE DT X O

ROLE NNP X O
: : X O
you PRP X O
will MD X O
be VB X O
office NN X O
based VBN X O
, , X O
visiting VBG X B-Skill
manufacturers NNS X I-Skill
, , X O
to TO X O
carry VB X B-Skill
out RP X I-Skill
factory NN X I-Skill
audits NNS X I-Skill
, , X I-Skill
quality NN X I-Skill
checks NNS X I-Skill
and CC X I-Skill
new JJ X I-Skill
product NN X I-Skill
development NN X I-Skill
. . X O
You PRP X O

will MD X O
need VB X O
the DT X O
following JJ X O
as IN X O
a DT X O
Typist NN X B-Occupation
: : X O
Accurate NNP X B-Skill
and CC X I-Skill
fast RB X I-Skill
audio JJ X I-Skill
typing NN X I-Skill
, , X O
minimum JJ X O
speed NN X O
of IN X O
70 CD X O
wpm NN X O
. . X O
We PRP X O

want VBP X O
everyone NN X O
in IN X O
England NNP X O
, , X O
Wales NNP X O
and CC X O
Northern NNP X O
Ireland NNP X O
to TO X O
feel VB X O
like IN X O
a DT X O
member NN X O
of IN X O
the DT X O
National NNP X O
Trust NNP X O
and CC X O
, , X O
by IN X O
Translate NNP X B-Skill

brand NN X I-Skill
and CC X I-Skill
marketing NN X I-Skill
campaigns NNS X I-Skill
into IN X I-Skill
engaging VBG X I-Skill
, , X I-Skill
functional JJ X I-Skill
digital JJ X I-Skill
/ NN X I-Skill
online NN X I-Skill
creative NN X I-Skill
. . X O
Ensure NN X B-Skill

that WDT X I-Skill
Equal JJ X I-Skill
Opportunity NNP X I-Skill
policies NNS X I-Skill
are VBP X I-Skill
followed VBN X I-Skill
and CC X I-Skill
promoted VBN X I-Skill
within IN X I-Skill
the DT X I-Skill
home NN X I-Skill
with IN X I-Skill
regard NN X I-Skill
to TO X I-Skill
both DT X I-Skill
staff NN X I-Skill
and CC X I-Skill
residents NNS X I-Skill
. . X O
Run NNP X B-Skill

coax NN X I-Skill
from IN X O
existing VBG X O
DVR NNP X O
to TO X O
camera VB X O
location NN X O
and CC X O
power NN X O
supply NN X O
unit NN X O
. . X O
We PRP X O

have VBP X O
been VBN X O
told VBN X O
that IN X O
this DT X O
may MD X O
possibly RB X O
be VB X O
a DT X O
requirement NN X O
in IN X O
the DT X O
near JJ X O
future NN X O
so RB X O
are VBP X O
keen JJ X O
to TO X O
get VB X O
CVs NNP X O
of IN X O
anybody NN X O
who WP X O
is VBZ X O
interested JJ X O
in IN X O
this DT X O
type NN X O
of IN X O
work NN X O
. . X O
This DT X O

may MD X O
include VB X O
external JJ X B-Skill
market NN X I-Skill
research NN X I-Skill
and CC X O
managing VBG X B-Skill
competitor NN X I-Skill
insight VBD X I-Skill
resource NN X I-Skill
To TO X O
collaborate VB X O
with IN X O
and CC X O
provide VB X O
direction NN X O
to TO X O
Programme NNP X B-Domain
Management NNP X I-Domain
to TO X O
ensure VB X O
appropriate JJ X O
product NN X B-Skill
development NN X I-Skill
through IN X O
the DT X O
initiation NN X B-Skill
and CC X I-Skill
updating NN X I-Skill
of IN X I-Skill
Project NNP X I-Skill
Brief NNP X I-Skill
and CC X O
related JJ X O
documents NNS X O
Ensure JJ X O
appropriate JJ X O
controls NNS X B-Skill
, , X O
approval NN X B-Skill
procedures NNS X I-Skill
and CC X O
reporting VBG X B-Skill
systems NNS X I-Skill
are VBP X O
in IN X O
place NN X O
throughout IN X O
business NN X O
process NN X O
To TO X O
provide VB X B-Skill
accurate NN X I-Skill
and CC X I-Skill
timely JJ X I-Skill
information NN X I-Skill
for IN X O
management NN X B-Domain
as RB X O
required VBN X O
To TO X O
personally RB X O
promote VB X B-Skill
the DT X I-Skill
Royal NNP X I-Skill
Mint NNP X I-Skill
positively RB X I-Skill
, , X O
internally RB X O
and CC X O
externally RB X O
, , X O
at IN X O
all DT X O
times NNS X O
Responsible NNP X O
for IN X O
crossfunctional JJ X B-Skill
communication NN X I-Skill
to TO X O
develop VB X B-Skill
accurate JJ X I-Skill
product NN X I-Skill
, , X O
sales NNS X B-Domain
, , X O
channel NNS X B-Domain
forecasting VBG X I-Domain
Manage NNP X B-Skill
customer NN X I-Skill
journey NN X I-Skill
for IN X I-Skill
consumer NN X I-Skill
segment NN X I-Skill
to TO X O
ensure VB X O
the DT X O
needs NNS X O
and CC X O
desires NNS X O
of IN X O
the DT X O
consumer NN X O
are VBP X O
met VBN X O
and CC X O
business NN X B-Domain
and CC X O
marketing NN X B-Domain
objectives NNS X O
and CC X O
plans NNS X B-Skill
for IN X I-Skill
acquisition NN X I-Skill
and CC X I-Skill
retention NN X I-Skill
are VBP X O
achieved VBN X O
Knowledge NNP X O
, , X O
Skills NNP X O
Experience NN X O
: : X O
Skills NNS X O

, , X O
knowledge NN X O
and CC X O
behaviour NN X O
Educated VBN X B-Qualification
to TO X I-Qualification
at IN X I-Qualification
least JJS X I-Qualification
A DT X I-Qualification
Level JJ X I-Qualification
standard NN X B-Skill
or CC X I-Skill
equivalent JJ X I-Skill
experience NN X I-Skill
. . X O
Taking VBG X B-Skill

calls NNS X I-Skill
, , X O
Logging VBG X B-Skill
calls NNS X I-Skill
within IN X O
Helpdesk NNP X B-Skill
Professional NNP X I-Skill
candidates NNS X I-Skill
with IN X I-Skill
excellent JJ X I-Skill
telephone NN X I-Skill
manner NN X I-Skill
, , X O
confidence NN X B-Skill
and CC X O
competent NN X O
Working VBG X O
with IN X O
MS NNP X B-Skill
Office NNP X I-Skill
and CC X O
Lotus NNP X B-Skill
Notes NNP X I-Skill
Supporting NNP X I-Skill
Lap NNP X I-Skill
Tops NNP X I-Skill
/ NNP X O
Configurations NNP X B-Skill
/ NNP X O
Printers NNP X B-Skill
/ NNP X O
Monitors NNS X B-Skill
Support VB X O

the DT X O
QA NNP X O
team NN X O
in IN X O
the DT X O
assurance NN X B-Skill
of IN X I-Skill
GxP NNP X I-Skill
compliance NN X I-Skill
for IN X I-Skill
warehousing NN X I-Skill
, , X I-Skill
distribution NN X I-Skill
, , X I-Skill
manufacturing NN X I-Skill
, , X I-Skill
packaging NN X I-Skill
and CC X I-Skill
outsourced JJ X I-Skill
operations NNS X I-Skill
to TO X O
prevent VB X O
the DT X O
adulteration NN X O
and CC X O
misbranding NN X O
of IN X O
finished JJ X O
products NNS X O
. . X O
Our PRP$ X O

ambitions NNS X O
are VBP X O
to TO X O
improve VB X B-Skill
public JJ X I-Skill
services NNS X I-Skill
and CC X O
ensure VB X B-Skill
the DT X I-Skill
County NNP X I-Skill
Council NNP X I-Skill
is VBZ X I-Skill
the DT X I-Skill
best JJS X I-Skill
' POS X I-Skill
modern JJ X I-Skill
business NN X I-Skill
providing VBG X O
public JJ X O
services NNS X O
' POS X O
anywhere RB X O
. . X O
With IN X O

New NNP X O
Openings NNP X O
happening VBG X O
there EX X O
are VBP X O
Huge NNP X O
Opportunities NNP X O
for IN X O
Progression NNP X B-Skill
and CC X I-Skill
development NN X I-Skill
To TO X O

apply VB X O
go VB X O
to TO X O
our PRP$ X O
website NN X O
, , X O
alternatively RB X O
call VB X O
our PRP$ X O
Head NNP X O
Office NNP X O
. . X O
The DT X O

successful JJ X O
applicant NN X O
will MD X O
be VB X O
advanced JJ X B-Skill
level NN X I-Skill
excel NNS X I-Skill
ideally RB X O
with IN X O
experience NN X B-Experience
of IN X I-Experience
visual JJ X I-Experience
basic JJ X I-Experience
and CC X I-Experience
SQL NNP X I-Experience
. . X O
The DT X O

role NN X O
would MD X O
suit VB X O
a DT X O
keen NN X B-Skill
, , X O
hardworking VBG X B-Skill
motivated VBN X I-Skill
candidate NN X O
with IN X O
a DT X O
successful JJ X B-Skill
track NN X I-Skill
record NN X I-Skill
in IN X O
B2B NNP X O
telecoms NNS X B-Domain
field NN X I-Domain
sales NNS X I-Domain
who WP X O
wants VBZ X O
to TO X O
develop VB X O
their PRP$ X O
career NN X O
within IN X O
an DT X O
established VBN X O
and CC X O
stable JJ X O
company NN X O
. . X O
You PRP X O

should MD X O
also RB X O
have VB X B-Experience
worked VBN X I-Experience
and CC X I-Experience
managed VBD X I-Experience
a DT X I-Experience
minimum JJ X I-Experience
team NN X I-Experience
of IN X I-Experience
Previous JJ X O

experience NN X O
as IN X O
a DT X O
Senior NNP X B-Occupation
. . X I-Occupation
NET NNP X I-Occupation
Developer NNP X I-Occupation
who WP X O
has VBZ X O
used VBN X O
MVC NNP X B-Skill
and CC X O
Entity NNP X B-Skill
Framework NNP X I-Skill
in IN X O
a DT X O
commercial JJ X B-Domain
environment NN X I-Domain
. . X O
Reporting VBG X B-Skill

into IN X I-Skill
the DT X I-Skill
HR NNP X I-Skill
Manager NNP X I-Skill
you PRP X O
will MD X O
be VB X O
responsible JJ X O
for IN X O
supporting VBG X O
Supporting VBG X O

the DT X O
sales NNS X O
of IN X O
the DT X O
international JJ X O
mail NN X O
option NN X O
to TO X O
existing VBG X O
clients NNS X O
Working VBG X O
simultaneously RB X O
with IN X O
existing VBG X O
sales NNS X O
team NN X O
to TO X O
develop VB X O
new JJ X O
sales NNS X O
opportunities VBZ X O
Strong JJ X O
market NN X B-Skill
knowledge NN X I-Skill
, , X O
to TO X O
be VB X O
able JJ X O
to TO X O
advise VB X O
clients NNS X O
of IN X O
different JJ X O
market NN X O
forces NNS X O
effecting VBG X O
individual JJ X O
countries NNS X O
Proposing VBG X O
the DT X O
most RBS X O
practical JJ X O
and CC X O
cost NN X O
effective JJ X O
international JJ X O
mail NN X O
solutions NNS X O
for IN X O
individual JJ X O
clients NNS X O
Liaising VBG X O
with IN X O
internal JJ X O
and CC X O
external JJ X O
departments NNS X O
to TO X O
establish VB X O
most RBS X O
positive JJ X O
outcome NN X O
for IN X O
clients NNS X O
Compiling VBG X B-Skill
and CC X O
updating VBG X B-Skill
Excel NNP X I-Skill
spreadsheets NNS X I-Skill
to TO X O
monitor VB X O
relevant JJ X O
MI NNP X O
and CC X O
client NN X O
data NNS X O
producing VBG X O
relevant JJ X O
reports NNS X O
In IN X O
return NN X O
out IN X O
client NN X O
is VBZ X O
looking VBG X O
to TO X O
offer VB X O
an DT X O
extremely RB X O
competitive JJ X O
basic JJ X O
salary NN X O
as RB X O
well RB X O
as IN X O
an DT X O
overall JJ X O
lucrative JJ X O
package NN X O
. . X O
The DT X O

Role NNP X O
: : X O
The DT X O
successful JJ X O
candidate NN X O
will MD X O
be VB X O
responsible JJ X O
for IN X O
but CC X O
not RB X O
limited JJ X O
to TO X O
the DT X O
following NN X O
: : X O
Candidates NNS X O

must MD X O
have VB X O
a DT X O
proven JJ X O
background NN X B-Skill
in IN X O
the DT X O
creation NN X B-Skill
and CC X I-Skill
maintenance NN X I-Skill
of IN X I-Skill
fully RB X I-Skill
resource VB X I-Skill
loaded JJ X I-Skill
plans NNS X I-Skill
using VBG X I-Skill
Primavera NNP X I-Skill
P NNP X I-Skill
hibu NN X O

relies NNS X O
on IN X O
information NN X B-Domain
retrieval NN X I-Domain
technology NN X O
and CC X O
on IN X O
all DT X O
types NNS X O
of IN X O
categorized JJ X O
content NN X O
as IN X O
key JJ X O
components NNS X O
of IN X O
its PRP$ X O
product NN X B-Domain
development NN X I-Domain
strategy NN X O
. . X O
This DT X O

role NN X O
is VBZ X O
a DT X O
permanent JJ X O
role NN X O
, , X O
however RB X O
the DT X O
client NN X O
requires VBZ X O
a DT X O
candidate NN X O
who WP X O
is VBZ X O
available JJ X O
immediately RB X O
**** JJ X O

**** NNP X O
**** NN X O
or CC X O
email VB X O
your PRP$ X O
CV NNP X O
to TO X O
sam VB X O
. . X O
atkinsonsynergygroup NN X O
. . X O
co NN X O
. . X O
uk JJ X O
Working VBG X O
with IN X O
the DT X O
Synergy NNP X O
Group NNP X O
Produce VB X B-Skill

a DT X I-Skill
library NN X I-Skill
of IN X I-Skill
documents NNS X I-Skill
and CC X I-Skill
templates NNS X I-Skill
required VBN X I-Skill
to TO X I-Skill
support VB X I-Skill
the DT X I-Skill
bids NNS X I-Skill
and CC X I-Skill
proposals NNS X I-Skill
process NN X I-Skill
. . X O
Recruitment NN X O

consultant NN X B-Occupation
, , X O
Sales NNS X B-Occupation
, , X O
B2B NNP X B-Occupation
, , X O
recruitment NN X B-Occupation
, , X O
resource NN X B-Occupation
, , X O
junior JJ X B-Occupation
recruitment NN X I-Occupation
consultant NN X I-Occupation
, , X O
Graduate NNP X B-Occupation
, , X O
telesales NNS X B-Occupation
, , X O
Trainee NNP X B-Occupation
graduate NN X I-Occupation
, , X O
To TO X O
apply VB X O
to TO X O
this DT X O
role NN X O
please VB X O
send VB X O
your PRP$ X O
CV NNP X O
to TO X O
john VB X O
. . X O
lengrisetechnicalrecruitment NN X O
. . X O
co NN X O
. . X O
uk NN X O
with IN X O
a DT X O
covering VBG X O
letter NN X O
explaining VBG X O
what WP X O
you PRP X O
know VBP X O
about IN X O
the DT X O
recruitment NN X O
industry NN X O
, , X O
what WP X O
a DT X O
recruitment NN X O
consultant NN X O
does VBZ X O
and CC X O
why WRB X O
you PRP X O
want VBP X O
to TO X O
be VB X O
a DT X O
recruitment NN X O
consultant NN X O
. . X O
Key JJ X O

responsibilities NNS X O
: : X O
Checking VBG X B-Skill
processing VBG X I-Skill
supplier NN X I-Skill
invoices NNS X I-Skill
Checking VBG X I-Skill
supplier NN X I-Skill
statements NNS X I-Skill
You PRP X O

will MD X O
be VB X O
Fully NNP X O
aware JJ X O
of IN X O
all DT X O
current JJ X O
and CC X O
future JJ X O
environmental JJ X O
legislation NN X O
and CC X O
has VBZ X O
a DT X O
working VBG X O
knowledge NN X B-Skill
of IN X I-Skill
applicable JJ X I-Skill
health NN X I-Skill
and CC X I-Skill
safety NN X I-Skill
legislation NN X I-Skill
. . X O
Provide NNP X B-Skill

pressure NN X I-Skill
systems NNS X I-Skill
engineering NN X I-Skill
input NN X I-Skill
to TO X I-Skill
the DT X I-Skill
RBA NNP X I-Skill
process NN X I-Skill
, , X O
on IN X O
the DT X O
allocated VBN X O
assets NNS X O
. . X O
As IN X O

my PRP$ X O
client NN X O
keeps VBZ X O
the DT X O
majority NN X O
of IN X O
it PRP X O
' '' X O
s JJ X O
projects NNS X O
inhouse VBP X O
you PRP X O
will MD X O
be VB X O
responsible JJ X O
for IN X O
managing VBG X B-Skill
all DT X I-Skill
UK NNP X I-Skill
health NN X I-Skill
economics NNS X I-Skill
processes NNS X I-Skill
, , X I-Skill
however RB X O
you PRP X O
will MD X O
also RB X O
be VB X O
part NN X O
of IN X O
the DT X O
European NNP X O
strategic JJ X O
team NN X O
, , X O
giving VBG X O
you PRP X O
a DT X O
broader JJR X O
scope NN X O
to TO X O
your PRP$ X O
skillset NN X O
. . X O
Call VB X O

Centre NNP X O
Managers NNPS X O
Ltd NNP X O
is VBZ X O
acting VBG X O
as IN X O
an DT X O
Employment NNP X O
Agency NNP X O
in IN X O
relation NN X O
to TO X O
this DT X O
vacancy NN X O
. . X O
You PRP X O

will MD X O
be VB X O
working VBG X O
on IN X O
the DT X O
inpatient JJ X B-Domain
ward NN X I-Domain
and CC X O
work NN X O
closely RB X O
with IN X O
consultants NNS X B-Occupation
. . X O
However RB X O

, , X O
if IN X O
you PRP X O
re VBP X O
not RB X O
sure JJ X O
whether IN X O
this DT X O
is VBZ X O
right JJ X O
for IN X O
you PRP X O
please VBP X O
do VB X O
get VB X O
in IN X O
touch NN X O
If IN X O

you PRP X O
are VBP X O
interested JJ X O
in IN X O
this DT X O
great JJ X O
role NN X O
please NN X O
follow VB X O
the DT X O
link NN X O
to TO X O
apply VB X O
. . X O
depending VBG X O

on IN X O
experience NN X O
, , X O
therefore IN X O
the DT X O
company NN X O
are VBP X O
open JJ X O
to TO X O
considering VBG X O
Software NNP X B-Occupation
Engineers NNPS X I-Occupation
looking VBG X O
to TO X O
stepup VB X O
and CC X O
receive VB X O
a DT X O
package NN X O
that WDT X O
will MD X O
encompass VB X O
annual JJ X O
leave NN X O
, , X O
private JJ X O
health NN X O
insurance NN X O
, , X O
pension NN X O
and CC X O
flexible JJ X O
working NN X O
. . X O
**** JJ X O

K NNP X O
ASP NNP X B-Skill
. . X I-Skill
NET NNP X I-Skill
, , X I-Skill
C NNP X I-Skill
, , X O
MVC NNP X B-Skill
, , X O
SQL NNP X B-Skill
, , X O
Visual NNP X B-Skill
Studio NNP X I-Skill
, , X O
HTML NNP X B-Skill
, , X O
CSS NNP X B-Skill
, , X O
JAVASCRIPT NNP X B-Skill
, , X O
JQUERY NNP X B-Skill
, , X O
The DT X O

cornerstone NN X O
of IN X O
our PRP$ X O
business NN X O
is VBZ X O
carefully RB X O
matching VBG X O
the DT X O
skills NNS X O
, , X O
experience NN X O
& CC X O
aspirations NNS X O
of IN X O
our PRP$ X O
candidates NNS X O
to TO X O
the DT X O
specific JJ X O
requirements NNS X O
of IN X O
our PRP$ X O
clients NNS X O
. . X O
To TO X O

ensure VB X B-Skill
that IN X I-Skill
variations NNS X I-Skill
are VBP X I-Skill
issued VBN X I-Skill
to TO X I-Skill
the DT X I-Skill
customer NN X I-Skill
as RB X I-Skill
soon RB X I-Skill
as IN X I-Skill
they PRP X I-Skill
occur VBP X I-Skill
and CC X O
that IN X O
the DT X O
information NN X B-Skill
and CC X I-Skill
associated VBN X I-Skill
work NN X I-Skill
are VBP X I-Skill
processed VBN X I-Skill
internally RB X I-Skill
and CC X I-Skill
externally RB X I-Skill
. . X O
Professional JJ X B-Occupation

business NN X I-Occupation
analyst NN X I-Occupation
and CC X O
/ NNP X O
or CC X O
project NN X B-Skill
management NN X I-Skill
qualification NN X O
is VBZ X O
preferred VBN X O
. . X O
We PRP X O

require VBP X O
an DT X O
experienced JJ X B-Skill
. . X I-Skill
NET JJ X I-Skill
web NN X B-Occupation
developer NN X I-Occupation
to TO X O
join VB X O
our PRP$ X O
clients NNS X O
busy JJ X O
development NN X O
team NN X O
based VBN X O
in IN X O
the DT X O
West NNP X O
Midlands NNPS X O
. . X O
Electrical JJ X B-Occupation

Design NNP X I-Occupation
engineer NN X I-Occupation
with IN X O
experience NN X O
within IN X O
aerospace NN X B-Domain
/ NNP X I-Domain
civil JJ X I-Domain
or CC X O
defence NN X B-Domain
required VBN X O
to TO X O
take VB X O
on IN X O
an DT X O
exciting JJ X O
role NN X O
within IN X O
a DT X O
world NN X O
leading VBG X O
Electronics NNPS X O
Systems NNPS X O
development NN X O
company NN X O
. . X O
Database NNP X B-Skill

optimisation NN X I-Skill
, , X I-Skill
page NN X I-Skill
loadperformance NN X I-Skill
, , X O
and CC X O
intelligent NN X B-Skill
, , X I-Skill
algorithmbased VBD X I-Skill
content NN X I-Skill
connected VBN X I-Skill
through IN X I-Skill
databases NNS X I-Skill
, , X O
and CC X O
process NN X B-Skill
simplification NN X I-Skill
via IN X I-Skill
Intranet NNP X I-Skill
s NN X I-Skill
should MD X O
be VB X O
topics NNS X O
that IN X O
excite VBP X O
you PRP X O
. . X O
The DT X O

successful JJ X O
candidate NN X O
must MD X O
have VB X O
: : X O
Proven NNP X O
success NN X B-Skill
in IN X I-Skill
a DT X I-Skill
Quality NNP X I-Skill
position NN X O
within IN X O
a DT X O
manufacturing NN X B-Domain
facility NN X O
Proven NNP X O
success NN X O
in IN X O
managing VBG X B-Skill
a DT X I-Skill
team NN X I-Skill
of IN X I-Skill
people NNS X I-Skill
An DT X O
excellent JJ X O
understanding NN X B-Skill
of IN X I-Skill
TS NNP X I-Skill
Our PRP$ X O

client NN X O
is VBZ X O
an DT X O
Equal JJ X B-Occupation
Opportunities NNP X I-Occupation
employer NN X I-Occupation
and CC X O
we PRP X O
actively RB X O
encourage VB X O
candidate NN X O
applications NNS X O
from IN X O
all DT X O
sections NNS X O
of IN X O
the DT X O
community NN X O
. . X O
Working VBG X O

in IN X O
a DT X O
highly RB X O
agile JJ X O
environment NN X O
, , X O
you PRP X O
will MD X O
be VB X O
coordinating VBG X B-Skill
and CC X I-Skill
supervising VBG X I-Skill
both DT X I-Skill
onshore JJR X I-Skill
and CC X I-Skill
offshore RB X I-Skill
QA NNP X I-Skill
test NN X I-Skill
engineers NNS X I-Skill
to TO X O
ensure VB X B-Skill
compliance NN X I-Skill
with IN X I-Skill
relevant JJ X I-Skill
regulatory JJ X I-Skill
bodies NNS X I-Skill
and CC X I-Skill
standards NNS X I-Skill
. . X O
In IN X O

return NN X O
, , X O
the DT X O
company NN X O
offers VBZ X O
a DT X O
competitive JJ X O
salary NN X O
for IN X O
the DT X O
right JJ X O
candidate NN X O
. . X O
Identifies NNS X B-Skill

ways NNS X I-Skill
to TO X I-Skill
reduce VB X I-Skill
cost NN X I-Skill
and CC X I-Skill
improve VB X I-Skill
service NN X I-Skill
Manages NNP X I-Skill
variable NN X I-Skill
costs NNS X I-Skill
Our PRP$ X O

client NN X O
, , X O
a DT X O
private JJ X B-Occupation
healthcare NN X I-Occupation
provider NN X I-Occupation
who WP X O
work VBP X O
in IN X O
liaison NN X O
with IN X O
the DT X O
NHS NNP X B-Domain
and CC X O
private JJ X B-Domain
hospitals NNS X I-Domain
to TO X O
provide VB X B-Skill
acute NN X I-Skill
care NN X I-Skill
to TO X I-Skill
patients NNS X I-Skill
in IN X I-Skill
their PRP$ X I-Skill
own JJ X I-Skill
homes NNS X I-Skill
. . X O
Understand NNP X B-Skill

the DT X I-Skill
business NN X I-Skill
processes VBZ X I-Skill
, , X I-Skill
operational JJ X I-Skill
design NN X I-Skill
and CC X O
other JJ X O
critical JJ X O
aspects NNS X O
of IN X O
the DT X O
operating NN X O
models NNS X O
to TO X O
ensure VB X O
that DT X O
delivery NN X O
options NNS X O
are VBP X O
relevant JJ X O
, , X O
well RB X O
thought VBN X O
through IN X O
and CC X O
clearly RB X O
articulated VBN X O
. . X O
**** RB X O

hour NN X O
working VBG X O
week NN X O
and CC X O
the DT X O
opportunity NN X O
to TO X O
work VB X O
for IN X O
a DT X O
company NN X O
where WRB X O
training NN X O
and CC X O
home NN X O
working NN X O
are VBP X O
both DT X O
actively RB X O
encouraged VBN X O
. . X O
You PRP X O

will MD X O
be VB X O
responsible JJ X B-Skill
for IN X I-Skill
all DT X I-Skill
aspects NNS X I-Skill
of IN X I-Skill
project NN X I-Skill
delivery NN X I-Skill
to TO X O
ensure VB X O
projects NNS X O
are VBP X O
delivered VBN X O
on IN X O
time NN X O
. . X O
An DT X O

exciting JJ X O
opportunity NN X O
has VBZ X O
arisen VBN X O
with IN X O
a DT X O
leading VBG X O
third JJ X O
party NN X O
logistics NNS X O
provider NN X O
in IN X O
Essex NNP X O
who WP X O
are VBP X O
looking VBG X O
to TO X O
recruit VB X O
a DT X O
Transport NNP X B-Occupation
FLM NNP X I-Occupation
. . X O
View NNP X O

our PRP$ X O
latest JJS X O
jobs NNS X O
today NN X O
at IN X O
url JJ X O
removed VBN X O
and CC X O
follow VBP X O
us PRP X O
on IN X O
Facebook NNP X O
, , X O
Twitter NNP X O
& CC X O
LinkedIn NNP X O
JAM NNP X O
Recruitment NNP X O
is VBZ X O
acting VBG X O
as IN X O
an DT X O
employment NN X O
agency NN X O
with IN X O
regards NNS X O
to TO X O
this DT X O
position NN X O
The DT X O

Role NNP X O
Fault NNP X B-Skill
finding VBG X I-Skill
and CC X O
repairing VBG X B-Skill
electrical JJ X I-Skill
and CC X I-Skill
mechanical JJ X I-Skill
machinery NN X I-Skill
. . X O
You PRP X O

will MD X O
be VB X O
a DT X O
self JJ X O
starter NN X O
, , X O
able JJ X B-Skill
to TO X I-Skill
work VB X I-Skill
with IN X I-Skill
a DT X I-Skill
high JJ X I-Skill
level NN X I-Skill
of IN X I-Skill
autonomy NN X I-Skill
whilst NN X I-Skill
developing VBG X I-Skill
a DT X I-Skill
close NN X I-Skill
knit NN X I-Skill
team NN X I-Skill
and CC X O
striving VBG X B-Skill
for IN X I-Skill
excellence NN X I-Skill
and CC X I-Skill
best JJS X I-Skill
practice NN X I-Skill
. . X O
Oversee IN X B-Skill

the DT X I-Skill
production NN X I-Skill
of IN X I-Skill
high JJ X I-Skill
quality NN X I-Skill
products NNS X I-Skill
, , X O
working VBG X B-Skill
to TO X I-Skill
tight JJ X I-Skill
deadlines NNS X I-Skill
Ensure NN X O
To TO X O

ensure VB X B-Skill
that IN X I-Skill
discharge NN X I-Skill
planning NN X I-Skill
is VBZ X I-Skill
commenced VBN X I-Skill
at IN X I-Skill
the DT X I-Skill
point NN X I-Skill
of IN X I-Skill
admission NN X I-Skill
, , X O
liaising VBG X B-Skill
with IN X I-Skill
the DT X I-Skill
Multidisciplinary NNP X I-Skill
team NN X I-Skill
, , X I-Skill
other JJ X I-Skill
departments NNS X I-Skill
and CC X I-Skill
community NN X I-Skill
/ VBP X I-Skill
tertiary JJ X I-Skill
services NNS X I-Skill
as IN X O
requiments NNS X O
. . X O
The DT X O

iOS NN X B-Occupation
developer NN X I-Occupation
will MD X O
work VB X O
on IN X O
new JJ X O
games NNS X B-Skill
development NN X I-Skill
and CC X O
all DT X O
related JJ X O
features NNS X O
on IN X O
the DT X O
iOS JJ X B-Skill
platform NN X O
as RB X O
well RB X O
as IN X O
contribute NN X O
to TO X O
existing VBG X O
games NNS X O
. . X O
My PRP$ X O

Client JJ X O
VanRath NNP X O
are VBP X O
currently RB X O
recruiting VBG X O
for IN X O
a DT X O
Financial NNP X B-Occupation
Planning NNP X I-Occupation
Analysis NNP X I-Occupation
Manager NNP X I-Occupation
for IN X O
a DT X O
marketleading NN X B-Skill
, , X O
services NNS X B-Skill
organisation NN X O
based VBN X O
in IN X O
Belfast NNP X O
. . X O
You PRP X O

will MD X O
coordinate VB X B-Skill
courses NNS X I-Skill
, , X O
speak NN X B-Skill
with IN X I-Skill
service NN X I-Skill
users NNS X I-Skill
on IN X O
a DT X O
regular JJ X O
basis NN X O
and CC X O
help VB X B-Skill
process NN X I-Skill
invoices NNS X I-Skill
using VBG X I-Skill
Sage NN X I-Skill
. . X O
The DT X O

blackberry NN X B-Occupation
developer NN X I-Occupation
will MD X O
join VB X O
on IN X O
an DT X O
initial JJ X O
one CD X O
month NN X O
contract NN X O
and CC X O
is VBZ X O
expected VBN X B-Skill
to TO X I-Skill
hit VB X I-Skill
the DT X I-Skill
ground NN X I-Skill
running VBG X I-Skill
. . X O
On IN X B-Experience

site NN X I-Experience
experience NN X I-Experience
highly RB X O
desirable JJ X O
On IN X O
offer NN X O
is VBZ X O
an DT X O
excellent JJ X O
opportunity NN X O
to TO X O
join VB X O
a DT X O
company NN X O
where WRB X O
you PRP X O
can MD X O
further VB X O
your PRP$ X O
career NN X O
through IN X O
to TO X O
senior JJ X B-Domain
management NN X I-Domain
into IN X O
the DT X O
future NN X O
and CC X O
a DT X O
salary JJ X O
commensurate NN X O
to TO X O
the DT X O
post NN X O
of IN X O
between IN X O
3 CD X O
****, NNS X O
000 CD X O
Some DT X O

experience NN X B-Skill
in IN X I-Skill
managing VBG X I-Skill
projects NNS X I-Skill
Capacity NNP X I-Skill
to TO X I-Skill
deal VB X I-Skill
effectively RB X I-Skill
with IN X I-Skill
a DT X I-Skill
wide JJ X I-Skill
range NN X I-Skill
of IN X I-Skill
people NNS X I-Skill
and CC X I-Skill
form VB X I-Skill
effective JJ X I-Skill
working JJ X I-Skill
relationships NNS X I-Skill
Experience NNP X I-Skill
in IN X I-Skill
presenting NN X I-Skill
and CC X I-Skill
communicating VBG X I-Skill
with IN X I-Skill
expert JJ X I-Skill
audiences NNS X I-Skill
who WP X I-Skill
can MD X I-Skill
pose VB X I-Skill
challenges NNS X I-Skill
Solid NNP X O
IT NNP X B-Skill
ability NN X I-Skill
including VBG X O
good JJ X O
experience NN X B-Skill
with IN X I-Skill
Excel NNP X I-Skill
To TO X O
apply VB X O
for IN X O
this DT X O
great JJ X O
role NN X O
, , X O
please VB X O
contact NN X O
JDEG NNP X O
Marketing NNP X O
recruitment NN X O
via IN X O
the DT X O
apply NN X O
now RB X O
button VBZ X O
below IN X O
, , X O
or CC X O
directly RB X O
to TO X O
alisa VB X O
N NNP X O
/ NNP X O
A NNP X O
. . X O
uk NN X O
You PRP X O

ll VBP X O
work VB X O
with IN X O
a DT X O
truly JJ X O
professional JJ X O
team NN X O
of IN X O
people NNS X O
who WP X O
have VBP X O
a DT X O
wealth NN X O
of IN X O
experience NN X O
and CC X O
business NN X O
sense NN X O
. . X O
If IN X O

you PRP X O
are VBP X O
a DT X O
Mechanical JJ X B-Occupation
Design NNP X I-Occupation
Engineer NNP X I-Occupation
, , X O
who WP X O
has VBZ X O
around RB X O
2 CD X B-Experience
years NNS X I-Experience
experience NN X I-Experience
, , X O
and CC X O
would MD X O
like VB X O
to TO X O
progress VB X O
your PRP$ X O
career NN X O
within IN X O
a DT X O
fascinating NN X O
and CC X O
challenging VBG X O
environment NN X O
, , X O
then RB X O
please VB X O
apply RB X O
now RB X O
for IN X O
immediate JJ X O
consideration NN X O
Telesales NNS X B-Occupation

/ VBP X I-Occupation
Sales NNS X I-Occupation
Executive NNP X I-Occupation
selling NN X O
to TO X O
our PRP$ X O
existing VBG X O
base NN X O
of IN X O
**** JJ X O

K NNP X O
ASP NNP X B-Skill
. . X I-Skill
NET NNP X I-Skill
, , X O
C NNP X B-Skill
, , X O
MVC NNP X B-Skill
, , X O
SQL NNP X B-Skill
, , X O
Visual NNP X B-Skill
Studio NNP X I-Skill
, , X O
HTML NNP X B-Skill
, , X O
CSS NNP X B-Skill
, , X O
JAVASCRIPT NNP X B-Skill
, , X O
JQUERY NNP X B-Skill
, , X O
CMS NNP X B-Skill
' POS X O
Explore NNP X O
Group NNP X O
is VBZ X O
acting VBG X O
as IN X O
an DT X O
Employment NN X O
Business NN X O
in IN X O
relation NN X O
to TO X O
this DT X O
vacancy NN X O
' POS X O
' '' X O
Reed NNP X O

Specialist NNP X O
Recruitment NNP X O
Limited NNP X O
is VBZ X O
an DT X O
employment NN X O
agency NN X O
and CC X O
employment NN X O
business NN X O
. . X O
Jboss NNP X B-Skill

, , X O
WebSphere NNP X B-Skill
, , X O
Apache NNP X B-Skill
, , X O
IIS NNP X B-Skill
Experience NNP X O
with IN X O
maintaining NN X O
and CC X O
supporting VBG X O
virtualised JJ X B-Skill
environments NNS X I-Skill
HyperV NNP X I-Skill
, , X O
Are NNP X O

you PRP X O
a DT X O
talented VBN X B-Skill
and CC X O
charismatic JJ X B-Skill
Chemistry NNP X B-Occupation
Teacher NNP X I-Occupation
wants VBZ X O
to TO X O
work VB X O
in IN X O
a DT X O
great JJ X O
Grammar NNP X O
School NNP X B-Domain
outside IN X O
of IN X O
London NNP X O
? . X O
Have VBP X O

exceptional JJ X O
product NN X B-Skill
knowledge NN X I-Skill
Be NNP X I-Skill
creative JJ X I-Skill
and CC X O
show VBP X B-Skill
entrepreneurial JJ X I-Skill
flair NN X I-Skill
. . X O
You PRP X O

take VBP X O
the DT X O
time NN X O
to TO X O
understand VB X B-Skill
your PRP$ X I-Skill
audience NN X I-Skill
and CC X O
remain VBP X B-Skill
confident JJ X I-Skill
in IN X I-Skill
important JJ X I-Skill
situations NNS X I-Skill
It PRP X O

is VBZ X O
a DT X O
very RB X O
fast RB X O
paced JJ X O
and CC X O
challenging JJ X O
environment NN X O
, , X O
within IN X O
which WDT X O
the DT X O
applicant NN X O
must MD X O
: : X O
Be VB X O
very RB X O
customer NN X B-Skill
focused VBD X I-Skill
and CC X O
present JJ X B-Skill
high JJ X I-Skill
standards NNS X I-Skill
at IN X I-Skill
all DT X I-Skill
times NNS X I-Skill
ECDL NNP X B-Skill

/ NNP X I-Skill
CMS NNP X I-Skill
/ NNP X I-Skill
Social NNP X I-Skill
Media NNP X I-Skill
Creative NNP X I-Skill
skills NNS X O
Good JJ X O
communication NN X B-Skill
skills NNS X O
, , X O
both DT X O
oral JJ X O
and CC X O
written VBN X O
Special JJ X O
features NNS X O
of IN X O
post NN X O
: : X O
Please NNP X O

note NN X O
that IN X O
all DT X O
applicants NNS X O
for IN X O
this DT X O
role NN X O
will MD X O
need VB X O
to TO X O
complete VB X O
a DT X O
full JJ X O
application NN X O
form NN X O
. . X O
Preliminary NNP X O

data NNS X O
suggests VBZ X O
these DT X O
bacteria NNS X O
capable NN X O
of IN X O
providing VBG X O
a DT X O
favourable JJ X O
environment NN X O
for IN X O
the DT X O
development NN X O
of IN X O
colorectal JJ X O
cancer NN X O
, , X O
possessing VBG X O
ability NN X O
to TO X O
activate VB X O
certain JJ X O
cancerpromoting VBG X O
proteins NNS X O
within IN X O
cells NNS X O
lining VBG X O
the DT X O
bowel NN X O
including VBG X O
those DT X O
known VBN X O
to TO X O
support VB X O
survival NN X O
, , X O
growth NN X O
and CC X O
spread NN X O
of IN X O
tumours NNS X O
. . X O
You PRP X O

will MD X O
also RB X O
consult VB X B-Skill
with IN X O
clients NNS X O
and CC X O
customers NNS X O
and CC X O
deal VB X O
with IN X O
any DT X O
queries NNS X O
which WDT X O
may MD X O
arise VB X O
. . X O
Deliver NNP X B-Skill

presentations NNS X I-Skill
to TO X O
senior JJ X O
decision NN X O
makers NNS X O
on IN X O
a DT X O
regular JJ X O
basis NN X O
and CC X O
ensure VB X O
follow VB X O
on IN X O
steps NNS X O
. . X O
A DT X O

leading VBG X O
multinational JJ X O
company NN X O
operating VBG X O
within IN X O
the DT X O
Energy NNP X B-Domain
and CC X O
Utilities NNP X B-Domain
sectors NNS X O
are VBP X O
looking VBG X O
for IN X O
a DT X O
Mechanical NNP X B-Occupation
Design NNP X I-Occupation
Engineer NNP X I-Occupation
to TO X O
join VB X O
a DT X O
new JJ X O
team NN X O
within IN X O
the DT X O
business NN X O
. . X O
At IN X O

LAW NNP X O
Absolute NNP X O
we PRP X O
endeavour VBP X O
to TO X O
respond VB X O
to TO X O
all DT X O
applications NNS X O
within IN X O
OR CC X O

Are NNP X O
you PRP X O
recent JJ X O
Graduate NNP X B-Qualification
in IN X I-Qualification
Electrical NNP X I-Qualification
Design NNP X I-Qualification
looking VBG X O
for IN X O
your PRP$ X O
next JJ X O
challenge NN X O
? . X O
Results NNS X B-Skill

driven RB X I-Skill
, , X O
the DT X O
successful JJ X O
candidate NN X O
will MD X O
have VB X O
the DT X O
opportunity NN X O
of IN X O
earning VBG X O
uncapped JJ X O
commission NN X O
in IN X O
return NN X O
for IN X O
exceeding VBG X O
targets NNS X O
. . X O
Previous JJ X B-Experience

experience NN X I-Experience
of IN X I-Experience
debt NN X I-Experience
management NN X I-Experience
and CC X O
small JJ X B-Experience
claims NNS X I-Experience
court NN X I-Experience
process NN X I-Experience
Previous JJ X I-Experience
experience NN X I-Experience
within IN X I-Experience
a DT X I-Experience
rented JJ X I-Experience
housing NN X I-Experience
environment NN X I-Experience
If IN X O

you PRP X O
have VBP X O
experience VBN X B-Experience
in IN X I-Experience
Administration NNP X I-Experience
and CC X O
looking VBG X O
for IN X O
that DT X O
next JJ X O
opportunity NN X O
to TO X O
work VB X O
within IN X O
a DT X O
successful JJ X O
business NN X O
then RB X O
this DT X O
could MD X O
be VB X O
the DT X O
role NN X O
for IN X O
you PRP X O
The DT X O
successful JJ X O
Administrator NNP X B-Occupation
will MD X O
have VB X O
a DT X O
proven JJ X B-Experience
track NN X I-Experience
record NN X I-Experience
in IN X I-Experience
Financial NNP X I-Experience
Services NNPS X I-Experience
/ NN X I-Experience
Insurance NNP X I-Experience
or CC X I-Experience
Banking NNP X I-Experience
and CC X O
have VBP X O
a DT X O
real JJ X B-Skill
drive NN X I-Skill
and CC X I-Skill
determination NN X I-Skill
to TO X I-Skill
succeed VB X I-Skill
. . X O
All DT X O

employees NNS X O
are VBP X O
expected VBN X O
to TO X O
act VB X B-Skill
professionally RB X I-Skill
in IN X O
this DT X O
regard NN X O
and CC X O
any DT X O
breaches NNS X O
of IN X O
confidentiality NN X O
will MD X O
be VB X O
treated VBN X O
seriously RB X O
. . X O
Liaise NN X B-Skill

with IN X I-Skill
third JJ X I-Skill
parties NNS X I-Skill
such JJ X I-Skill
as IN X I-Skill
related JJ X I-Skill
service NN X I-Skill
providers NNS X I-Skill
, , X I-Skill
verification NN X I-Skill
bodies NNS X I-Skill
etc VBP X O
. . X O
annual JJ X O

leave NN X O
and CC X O
sickness NN X B-Skill
records NNS X I-Skill
Ensure VBP X I-Skill
the DT X I-Skill
sickness NN X I-Skill
absence NN X I-Skill
is VBZ X I-Skill
covered VBN X I-Skill
and CC X I-Skill
all DT X I-Skill
sites NNS X I-Skill
manned VBD X I-Skill
appropriately RB X I-Skill
The DT X O
contact NN X O
for IN X O
staff NN X O
to TO X O
report VB X O
in IN X O
sick JJ X O
to TO X O
Manage VB X O
the DT X O
holiday NN X O
rota NN X O
Our PRP$ X O

traditional JJ X O
award NN X O
wining VBG X O
busy JJ X O
bistro NN X O
is VBZ X O
located VBN X O
in IN X O
the DT X O
city NN X O
of IN X O
London NNP X O
and CC X O
only RB X O
operates VBZ X O
Monday NNP X O
to TO X O
Friday NNP X O
. . X O
We PRP X O

are VBP X O
currently RB X O
recruiting VBG X O
at IN X O
our PRP$ X O
Vauxhall NNP X O
dealership NN X O
, , X O
Stoke NNP X O
for IN X O
the DT X O
following JJ X O
position NN X O
Customer NNP X B-Occupation
Service NNP X I-Occupation
Specialist NNP X I-Occupation
The DT X O

right NN X O
teacher NN X B-Occupation
will MD X O
be VB X O
able JJ X O
to TO X O
settle VB X B-Skill
in IN X I-Skill
to TO X I-Skill
the DT X I-Skill
role NN X I-Skill
quickly RB X I-Skill
in IN X O
order NN X O
to TO X O
cause VB X O
minimal JJ X O
disruption NN X O
to TO X O
the DT X O
students NNS X O
in IN X O
the DT X O
run NN X O
up RB X O
to TO X O
exams NNS X O
. . X O
FMEA NNP X B-Skill

s VBP X O
Softer NNP X O
skills NNS X O
such JJ X O
as IN X O
arranging VBG X B-Skill
meetings NNS X I-Skill
, , X O
design NN X B-Skill
presentations NNS X I-Skill
, , X O
etc FW X O
Skills NNS X O

required VBN X O
include VBP X O
: : X O
PHP NNP X B-Skill
, , X O
MySQL NNP X B-Skill
, , X O
HTML NNP X B-Skill
, , X O
CSS NNP X B-Skill
, , X O
JavaScript NNP X B-Skill
including VBG X O
JQuery NNP X B-Skill
Hand NNP X I-Skill
coding VBG X I-Skill
Experience NN X O
in IN X O
LAMP NNP X B-Skill
setup NN X O
configuration NN X O
IT NNP X B-Skill
network NN X I-Skill
knowledge NN X O
and CC X O
Template NNP X B-Skill
Toolkit NNP X I-Skill
are VBP X O
not RB X O
essential JJ X O
but CC X O
would MD X O
be VB X O
advantageous JJ X O
Experience NNP X O
in IN X O
the DT X O
commercial JJ X B-Skill
property NN X I-Skill
sector NN X I-Skill
would MD X O
be VB X O
advantageous JJ X O
We PRP X O
are VBP X O
looking VBG X O
for IN X O
a DT X O
team NN X B-Skill
player NN X I-Skill
with IN X O
ambition NN X B-Skill
to TO X O
join VB X O
this DT X O
successful JJ X O
team NN X O
. . X O
We PRP X O

are VBP X O
also RB X O
looking VBG X O
for IN X O
care NN X B-Skill
staff NN X O
for IN X O
the DT X O
same JJ X O
branch NN X O
. . X O
All DT X O

applications NNS X O
will MD X O
be VB X O
accepted VBN X O
and CC X O
reviewed VBN X O
solely RB X O
on IN X O
merit NN X B-Skill
. . X O
Serena NNP X O

Bell NNP X O
Company NNP X O
Info NNP X O
: : X O
Global JJ X O
presence NN X O
of IN X O
manufacturing NN X B-Domain
and CC X O
distribution NN X B-Domain
40 CD X O
years NNS X O
of IN X O
expertise NN X O
in IN X O
drainage NN X B-Domain
and CC X I-Domain
water NN X I-Domain
management NN X I-Domain
Market NNP X O
leading VBG X O
distributors NNS X O
for IN X O
all DT X O
market NN X O
sectors NNS X O
Role NNP X O
Information NN X O
: : X O
Internal JJ X B-Skill
Sales NNS X I-Skill
Our PRP$ X O

client NN X O
, , X O
a DT X O
internet NN X O
marketing NN X O
company NN X O
, , X O
is VBZ X O
seeking VBG X O
a DT X O
PHP NNP X B-Occupation
Developer NNP X I-Occupation
to TO X O
join VB X O
their PRP$ X O
search NN X O
marketing NN X O
consulting NN X O
team NN X O
with IN X O
an DT X O
immediate JJ X O
start NN X O
. . X O
A DT X O

grounding NN X B-Skill
in IN X O
IT NNP X B-Skill
professionalism NN X I-Skill
, , X I-Skill
a DT X I-Skill
solution NN X I-Skill
selling NN X I-Skill
approach NN X I-Skill
and CC X I-Skill
results NNS X I-Skill
orientated VBD X I-Skill
drive NN X I-Skill
is VBZ X O
essential JJ X O
. . X O
To TO X O

cosupervise VB X B-Skill
postgraduates NNS X I-Skill
involved VBN X I-Skill
in IN X I-Skill
the DT X I-Skill
project NN X I-Skill
or CC X I-Skill
related JJ X I-Skill
activities NNS X I-Skill
. . X O
The DT X O

role NN X O
of IN X O
Domiciliary NNP X B-Occupation
Care NNP X I-Occupation
Worker NNP X I-Occupation
requires VBZ X O
visiting VBG X B-Skill
elderly JJ X I-Skill
clients NNS X I-Skill
within IN X I-Skill
their PRP$ X I-Skill
own JJ X I-Skill
homes NNS X I-Skill
and CC X O
providing VBG X B-Skill
one CD X I-Skill
to TO X I-Skill
one CD X I-Skill
care NN X I-Skill
to TO X I-Skill
help VB X I-Skill
people NNS X I-Skill
live VBP X I-Skill
independently RB X I-Skill
. . X O
DNV NNP X O

supplies VBZ X O
the DT X O
industry NN X O
with IN X O
a DT X O
full JJ X O
range NN X O
of IN X O
services NNS X O
and CC X O
capabilities NNS X O
related VBN X O
to TO X O
the DT X O
development NN X B-Skill
, , X O
operation NN X B-Skill
and CC X O
maintenance NN X B-Skill
of IN X I-Skill
pipeline NN X I-Skill
systems NNS X I-Skill
, , X O
from IN X O
well RB X O
to TO X O
shore VB X O
, , X O
from IN X O
concept NN X O
to TO X O
operation NN X O
, , X O
from IN X O
internal JJ X O
flow NN X O
to TO X O
external JJ X O
threat NN X O
. . X O
You PRP X O

will MD X O
be VB X O
flexible JJ X B-Skill
as IN X O
you PRP X O
are VBP X O
required VBN X O
to TO X O
work VB X B-Skill
shifts NNS X I-Skill
including VBG X I-Skill
bank NN X I-Skill
holidays NNS X I-Skill
, , X I-Skill
weekends NNS X I-Skill
and CC X I-Skill
sleepovers NNS X I-Skill
. . X O
Help NN X O

to TO X O
maintain VB X B-Skill
the DT X I-Skill
standards NNS X I-Skill
set VBN X I-Skill
for IN X I-Skill
the DT X I-Skill
appearance NN X I-Skill
and CC X O
upkeep NN X B-Skill
of IN X I-Skill
the DT X I-Skill
premises NNS X I-Skill
, , X I-Skill
in IN X I-Skill
doors NNS X I-Skill
and CC X I-Skill
out RP X I-Skill
. . X O
**** JJ X O

recent JJ X O
years NNS X O
timed VBD X O
served VBD X O
as IN X O
a DT X O
Business NNP X B-Occupation
Manager NNP X I-Occupation
within IN X O
the DT X O
motor NN X B-Domain
trade NN X I-Domain
Sales NNS X O
volumes NNS X O
and CC X O
margins NNS X O
on IN X O
finance NN X O
, , X O
mechanical JJ X O
breakdown NN X O
, , X O
warranty NN X O
and CC X O
credit NN X O
protection NN X O
insurance NN X O
products NNS X O
Cash NNP X O
sale NN X O
conversions NNS X O
Customer NNP X O
satisfaction NN X O
Customer NNP X O
retention NN X O
e NN X O
. . X O
g NN X O
. . X O
new JJ X O
sales NNS X O
to TO X O
existing VBG X O
customers NNS X O
Team NNP X O
working VBG X O
across IN X O
the DT X O
Centre NNP X O
YOU NN X O

WILL MD X O
HAVE VB X O
THE NNP X O
FOLLOWING NNP X O
Hunger NNP X O
and CC X O
desire NN X O
to TO X O
build VB X O
a DT X O
career NN X O
with IN X O
a DT X O
reputable JJ X O
company NN X O
Candidates VBZ X O
must MD X O
be VB X O
eligible JJ X O
to TO X O
work VB X O
and CC X O
live VB X O
in IN X O
the DT X O
UK NNP X O
. . X O
You PRP X O

will MD X O
be VB X O
able JJ X B-Skill
to TO X I-Skill
helping VBG X I-Skill
to TO X I-Skill
migrate VB X I-Skill
an DT X I-Skill
existing VBG X I-Skill
N NNP X I-Skill
/ VBZ X I-Skill
A DT X I-Skill
architecture NN X I-Skill
to TO X I-Skill
C NNP X I-Skill
/ NNP X I-Skill
TFS NNP X I-Skill
. . X O
The DT X O
Senior NNP X B-Occupation
Web NNP X I-Occupation
/ NNP X O
Software NNP X B-Occupation
Developers NNP X I-Occupation
will MD X O
work VB X O
on IN X O
exciting JJ X O
projects NNS X O
and CC X O
build VB X B-Skill
software NN X I-Skill
using VBG X I-Skill
appropriate JJ X I-Skill
toolsets NNS X I-Skill
, , X O
following VBG X B-Skill
the DT X I-Skill
software NN X I-Skill
lifecycle NN X I-Skill
and CC X I-Skill
the DT X I-Skill
IT NNP X I-Skill
Development NNP X I-Skill
procedures NNS X I-Skill
. . X O
The DT X O

National NNP X O
Trust NNP X O
for IN X O
Scotland NNP X O
for IN X O
Places NNP X O
of IN X O
Historic NNP X O
Interest NNP X O
or CC X O
Natural NNP X O
Beauty NNP X O
is VBZ X O
a DT X O
charity NN X O
registered VBN X O
in IN X O
Scotland NNP X O
, , X O
Charity NNP X O
Number NNP X O
SC NNP X O
No DT X O

experience NN X O
required VBN X O
as IN X O
full JJ X O
training NN X B-Domain
will MD X O
be VB X O
given VBN X O
. . X O
The DT X O

role NN X O
needs VBZ X O
focus NN X B-Skill
on IN X I-Skill
the DT X I-Skill
short JJ X I-Skill
term NN X I-Skill
outcomes NNS X I-Skill
particularly RB X O
influenced VBN X O
by IN X O
cost NN X B-Skill
control NN X I-Skill
but CC X O
equally RB X O
the DT X O
business NN X O
has VBZ X O
a DT X O
consistent JJ X O
regard NN X O
to TO X O
As IN X O

a DT X O
Part NNP X O
Qualified NNP X O
Financial NNP X B-Occupation
Accountant NNP X I-Occupation
, , X O
you PRP X O
must MD X O
possess VB X O
an DT X O
excellent JJ X O
attention NN X B-Skill
to TO X I-Skill
detail VB X I-Skill
coupled VBN X O
with IN X O
time NN X B-Skill
management NN X I-Skill
and CC X O
good JJ X O
general JJ X B-Skill
maths NNS X I-Skill
skills NNS X O
. . X O
To TO X O

ensure VB X O
the DT X O
preparation NN X B-Skill
and CC X I-Skill
presentation NN X I-Skill
of IN X I-Skill
monthly JJ X I-Skill
, , X I-Skill
termly RB X I-Skill
and CC X I-Skill
annual JJ X I-Skill
financial JJ X I-Skill
and CC X I-Skill
management NN X I-Skill
reports NNS X I-Skill
timely RB X O
to TO X O
the DT X O
Principal NNP X O
, , X O
Local NNP X O
Governing NNP X O
Body NNP X O
, , X O
EFA NNP X O
and CC X O
DfE NNP X O
. . X O
Carry NNP X B-Skill

out RP X I-Skill
research NN X I-Skill
and CC X O
provide VB X B-Skill
detailed JJ X I-Skill
analysis NN X I-Skill
of IN X I-Skill
key JJ X I-Skill
metrics NNS X I-Skill
for IN X I-Skill
trend NN X I-Skill
analysis NN X I-Skill
of IN X O
market NN X B-Skill
and CC X I-Skill
technology NN X I-Skill
developments NNS X I-Skill
. . X O
Based VBN X O

in IN X O
the DT X O
centre NN X O
of IN X O
Bristol NNP X O
Rise NNP X O
technical JJ X O
recruitment NN X O
is VBZ X O
fast JJ X O
becoming VBG X O
one CD X O
of IN X O
the DT X O
leading VBG X O
engineering NN X O
specialist NN X O
recruitment NN X O
companies NNS X O
in IN X O
the DT X O
UK NNP X O
. . X O
Only RB X O

candidates NNS X O
with IN X O
EDM NNP X B-Skill
Spark NNP X I-Skill
or CC X O
Wire NNP X B-Skill
Erosion NNP X I-Skill
experience NN X O
will MD X O
be VB X O
considered VBN X O
for IN X O
this DT X O
position NN X O
. . X O
My PRP$ X O

client NN X O
is VBZ X O
currently RB X O
undergoing VBG X O
large JJ X O
expansion NN X O
plans NNS X O
and CC X O
subsequently RB X O
is VBZ X O
looking VBG X O
to TO X O
build VB X O
upon IN X O
their PRP$ X O
team NN X O
of IN X O
CNC NNP X B-Occupation
Millers NNP X I-Occupation
. . X O
The DT X O

ideal JJ X O
candidate NN X O
will MD X O
boast VB X O
excellent JJ X O
Document NNP X B-Skill
controller NN X O
experience NN X O
allied VBD X O
to TO X O
administrative JJ X B-Skill
skills NNS X O
Show NNP X O

great JJ X O
resilience NN X B-Skill
and CC X O
determination NN X B-Skill
in IN X O
the DT X O
face NN X O
of IN X O
challenges NNS X O
Demonstrate NNP X O
knowledge NN X B-Skill
of IN X I-Skill
up IN X I-Skill
to TO X I-Skill
date NN X I-Skill
employment NN X I-Skill
legislation NN X I-Skill
around IN X O
fair JJ X B-Skill
and CC X O
efficient JJ X B-Skill
recruitment NN X B-Domain
and CC X O
selection NN X O
process NN X O
. . X O
Skills NNS X O

and CC X O
Experience NN X O
Required VBN X O
Customer NNP X B-Skill
Services NNPS X I-Skill
/ NN X O
Industry NNP X B-Domain
experience NN X O
Electricity NNP X B-Domain
Industry NNP X I-Domain
background VBD X O
/ NNP X O
Utilities NNPS X B-Domain
experience NN X O
Excellent NNP X O
Communication NNP X B-Skill
written VBN X I-Skill
and CC X I-Skill
verbal JJ X I-Skill
. . X O
The DT X O

Manager NNP X B-Occupation
is VBZ X O
responsible JJ X O
for IN X O
ensuring VBG X B-Skill
that IN X I-Skill
the DT X I-Skill
team NN X I-Skill
correctly RB X I-Skill
documents NNS X I-Skill
, , X I-Skill
reviews NNS X I-Skill
, , X I-Skill
approves NNS X I-Skill
and CC X I-Skill
notifies NNS X I-Skill
planned VBD X I-Skill
works NNS X I-Skill
to TO X O
customers NNS X O
with IN X O
minimum JJ X O
disruption NN X O
to TO X O
their PRP$ X O
services NNS X O
in IN X O
an DT X O
effective JJ X O
and CC X O
efficient JJ X O
way NN X O
. . X O
To TO X O

apply VB X O
for IN X O
this DT X O
position NN X O
, , X O
candidates NNS X O
must MD X O
be VB X O
eligible JJ X O
to TO X O
live VB X O
and CC X O
work VB X O
in IN X O
the DT X O
UK NNP X O
Matchtech NNP X O
is VBZ X O
acting VBG X O
as IN X O
an DT X O
Employment NN X O
Business NN X O
in IN X O
relation NN X O
to TO X O
this DT X O
vacancy NN X O
. . X O
Furthermore RB X O

you PRP X O
should MD X O
have VB X O
experience NN X O
in IN X O
people NNS X B-Skill
management NN X I-Skill
, , X O
QMS NNP X B-Skill
/ NNP X I-Skill
Quality NNP X I-Skill
Management NNP X I-Skill
systems NNS X I-Skill
, , X O
GMP NNP X B-Qualification
Good NNP X I-Qualification
manufacturing NN X I-Qualification
practice NN X I-Qualification
, , X O
GLP NNP X B-Qualification
Good NNP X I-Qualification
laboratory NN X I-Qualification
practice NN X I-Qualification
and CC X O
experience NN X O
in IN X O
product NN X B-Skill
manufacturing NN X I-Skill
. . X O
and CC X O

it PRP X O
s VBD X O
important JJ X O
not RB X O
to TO X O
get VB X O
saturated VBN X O
and CC X O
can MD X O
pass VB X O
back RB X O
to TO X O
other JJ X O
Manager NNP X O
s NN X O
Benefits NNS X O
Huntress NNP X O

Group NNP X O
urgently RB X O
seeks VBZ X O
a DT X O
SAP NNP X B-Occupation
SD NNP X I-Occupation
Consultant NNP X I-Occupation
immediately RB X O
required VBN X O
by IN X O
our PRP$ X O
leading VBG X O
Global NNP X O
client NN X O
based VBN X O
in IN X O
their PRP$ X O
UK NNP X O
office NN X O
in IN X O
West NNP X O
Sussex NNP X O
. . X O
They PRP X O

focus VBP X O
on IN X O
their PRP$ X O
key JJ X O
strength NN X O
as IN X O
the DT X O
UK NNP X O
s NN X O
biggest JJS X O
convenience NN X O
forecourt NN X O
petrol NN X O
retailer NN X O
, , X O
offering VBG X O
high JJ X B-Skill
quality NN X I-Skill
service NN X I-Skill
with IN X I-Skill
a DT X I-Skill
particular JJ X I-Skill
emphasis NN X I-Skill
on IN X I-Skill
foodservice NN X I-Skill
, , X O
newspapers NNS X B-Skill
, , X O
fresh JJ X B-Skill
foods NNS X I-Skill
and CC X O
drinks NNS X B-Skill
. . X O
XML NN X B-Skill

/ NNP X I-Skill
XSLT NNP X I-Skill
HTML NNP X I-Skill
JavaScript NNP X I-Skill
and CC X I-Skill
web NN X I-Skill
development NN X I-Skill
Additional NNP X I-Skill
skills NNS X I-Skill
which WDT X O
would MD X O
prove VB X O
advantageous JJ X O
are VBP X O
: : X O
You PRP X O

will MD X O
be VB X O
responsible JJ X B-Skill
for IN X I-Skill
both DT X I-Skill
literacy NN X I-Skill
and CC X I-Skill
numeracy NN X I-Skill
within IN X O
Year NN X O
Experience NN X B-Skill

, , X O
determination NN X B-Skill
and CC X O
attitude NN X B-Skill
play VBP X O
a DT X O
large JJ X O
part NN X O
within IN X O
the DT X O
application NN X O
/ NNP X O
interview NN X O
, , X O
and CC X O
all DT X O
are VBP X O
equally RB X O
as RB X O
important JJ X O
as IN X O
each DT X O
other JJ X O
. . X O
Do VBP X O

you PRP X O
have VB X O
at IN X B-Experience
least JJS X I-Experience
three CD X I-Experience
years NNS X I-Experience
experience RB X I-Experience
in IN X I-Experience
a DT X I-Experience
PR NNP X I-Experience
agency NN X I-Experience
? . X O
THE DT X O

CANDIDATE NN X O
: : X O
the DT X O
candidate NN X O
will MD X O
have VB X O
a DT X B-Experience
minimum JJ X I-Experience
35 CD X I-Experience
years NNS X I-Experience
experience NN X I-Experience
in IN X O
ambient JJ X B-Skill
food NN X I-Skill
productions NNS X I-Skill
, , X O
as RB X O
well RB X O
as IN X O
a DT X O
degree JJ X B-Qualification
level NN X I-Qualification
qualification NN X I-Qualification
in IN X I-Qualification
food NN X I-Qualification
technology NN X I-Qualification
. . X O
Specific JJ X O

experience NN X O
of IN X O
designing VBG X B-Skill
and CC X I-Skill
developing VBG X I-Skill
training NN X I-Skill
is VBZ X O
highly RB X O
desirable JJ X O
as IN X O
is VBZ X O
programming VBG X B-Skill
, , X O
report NN X B-Skill
design NN X I-Skill
, , X O
change NN X B-Skill
management NN X I-Skill
and CC X O
system NN X B-Skill
/ JJ X I-Skill
process NN X I-Skill
design NN X I-Skill
. . X O
Produce NNP X B-Skill

and CC X I-Skill
communicate VB X I-Skill
environmental JJ X I-Skill
procedures NNS X I-Skill
and CC X I-Skill
notices NNS X I-Skill
Promote NNP X I-Skill
environmental JJ X I-Skill
awareness NN X I-Skill
on IN X O
the DT X O
project NN X O
. . X O
On IN X O

offer NN X O
is VBZ X O
a DT X O
structured JJ X O
training NN X O
program NN X O
to TO X O
ensure VB X O
you PRP X O
become VBP X O
confident JJ X O
in IN X O
your PRP$ X O
approach NN X O
to TO X O
recruitment VB X O
, , X O
supported VBN X O
through IN X O
a DT X O
clear JJ X O
path NN X O
to TO X O
progress VB X O
your PRP$ X O
career NN X O
. . X O
You PRP X O

will MD X O
be VB X O
responsible JJ X O
for IN X O
developing VBG X B-Skill
end NN X I-Skill
to TO X I-Skill
end VB X I-Skill
propositions NNS X I-Skill
for IN X O
the DT X O
customer NN X O
base NN X O
across IN X O
all DT X O
product NN X O
lines NNS X O
that WDT X O
deliver VBP X B-Skill
a DT X I-Skill
winwin JJ X I-Skill
commercial JJ X I-Skill
value NN X I-Skill
for IN X O
both CC X O
the DT X O
business NN X O
and CC X O
the DT X O
customer NN X O
. . X O
Responsibilities NNS X O

will MD X O
include VB X O
: : X O
Responsibility NN X O
for IN X O
monthly JJ X B-Skill
and CC X I-Skill
quarterly JJ X I-Skill
VAT NNP X I-Skill
returns NNS X I-Skill
and CC X I-Skill
reports NNS X I-Skill
prepare NN X I-Skill
and CC X I-Skill
submit NN X I-Skill
VAT NNP X I-Skill
returns VBZ X I-Skill
across IN X O
Europe NNP X O
General NNP X O
Ledger NNP X O
reconciliation NN X O
All DT X O

candidates NNS X O
must MD X O
have VB X O
a DT X O
CSCS NNP X B-Qualification
card NN X I-Qualification
, , X O
full JJ X O
PPE NNP X B-Skill
and CC X O
checkable JJ X B-Skill
references NNS X I-Skill
in IN X I-Skill
similar JJ X I-Skill
positions NNS X I-Skill
Full NNP X O

training NN X O
is VBZ X O
provided VBN X O
, , X B-Skill
experience NN X I-Skill
is VBZ X I-Skill
desirable JJ X I-Skill
but CC X I-Skill
not RB X I-Skill
essential JJ X I-Skill
. . X O
The DT X O

successful JJ X O
candidate NN X O
will MD X O
have VB X O
experience NN X O
in IN X O
selling VBG X B-Skill
B2B NNP X I-Skill
telephone NN X I-Skill
systems NNS X I-Skill
with IN X O
a DT X B-Skill
proven JJ X I-Skill
sales NNS X I-Skill
track NN X I-Skill
record NN X I-Skill
, , X O
ideally RB X O
with IN X O
knowledge NN X O
of IN X O
Avaya NNP X B-Domain
, , X O
Siemens NNP X B-Domain
, , X O
Samsung NNP X B-Domain
and CC X O
Panasonic NNP X B-Domain
solutions NNS X I-Domain
. . X O
The DT X O

role NN X O
will MD X O
be VB X O
based VBN X O
predominantly RB X O
based VBN X O
from IN X O
home NN X O
Focus NNP X O

of IN X O
work NN X O
is VBZ X O
predominantly RB X O
against IN X O
defined VBN X O
targets NNS X O
but CC X O
performs VBZ X B-Skill
a DT X I-Skill
range NN X I-Skill
of IN X I-Skill
tasks NNS X I-Skill
from IN X I-Skill
complex JJ X I-Skill
to TO X I-Skill
straightforward VB X I-Skill
Financial NNP X I-Skill
Accountabilities NNPS X I-Skill
Macildowie NNP X O

Associates NNPS X O
is VBZ X O
acting VBG X O
as IN X O
an DT X O
Employment NN X O
Business NN X O
in IN X O
relation NN X O
to TO X O
this DT X O
vacancy NN X O
. . X O
Here RB X O

, , X O
you PRP X O
will MD X O
have VB X O
enough JJ X O
autonomy NN X O
to TO X O
define VB X O
your PRP$ X O
own JJ X O
role NN X O
. . X O
Ensure NN X O

sound NN X O
measures VBZ X O
to TO X O
meet VB X O
all DT X O
requirements NNS X O
on IN X O
environmental JJ X B-Domain
laws NNS X I-Domain
. . X O
per IN X O

annum NN X O
plus CC X O
bonus NN X O
Bright NNP X O
Selection NNP X O
Ltd NNP X O
is VBZ X O
delighted VBN X O
to TO X O
be VB X O
working VBG X O
with IN X O
a DT X O
small JJ X O
, , X O
prestigious JJ X O
group NN X O
seeking VBG X O
an DT X O
experienced JJ X O
dementia NN X O
nurse NN X O
manager NN X O
for IN X O
a DT X O
stunning JJ X O
home NN X O
near IN X O
to TO X O
Godalming NNP X O
Our PRP$ X O
client NN X O
has VBZ X O
a DT X O
portfolio NN X O
of IN X O
newly RB X O
commissioned VBN X O
services NNS X O
across IN X O
the DT X O
South NNP X O
East NNP X O
and CC X O
they PRP X O
are VBP X O
building VBG X O
a DT X O
well NN X O
earned VBN X O
reputation NN X O
for IN X O
high JJ X O
quality NN X O
care NN X O
and CC X O
specialist NN X O
dementia NN X O
care NN X O
. . X O
Based VBN X O

in IN X O
Central NNP X O
London NNP X O
, , X O
the DT X O
role NN X O
will MD X O
be VB X O
working VBG X O
within IN X O
Hudson NNP X O
s VBD X O
HR NNP X B-Domain
Recruitment NNP X O
Team NNP X O
, , X O
recruiting VBG X O
HR NNP X O
professionals NNS X O
within IN X O
the DT X O
Banking NNP X B-Domain
and CC X O
Financial NNP X B-Domain
Services NNP X O
sector NN X O
. . X O
**** JJ X O

people NNS X O
dedicated VBN X O
to TO X O
supporting VBG X B-Skill
organisations NNS X I-Skill
in IN X I-Skill
reducing VBG X I-Skill
their PRP$ X I-Skill
energy NN X I-Skill
consumption NN X I-Skill
, , X O
we PRP X O
can MD X O
make VB X O
energy NN X O
more RBR X O
affordable JJ X O
for IN X O
our PRP$ X O
customers NNS X O
. . X O
Job NNP X O

requirements NNS X O
5 CD X B-Experience
years NNS X I-Experience
experience NN X O
with IN X O
ABAP NNP X B-Skill
and CC X O
HCM NNP X B-Skill
module NN X I-Skill
. . X O
This DT X O

is VBZ X O
a DT X O
great JJ X O
opportunity NN X O
for IN X O
a DT X O
strong JJ X O
User NNP X B-Occupation
Designer NNP X I-Occupation
to TO X O
implement VB X B-Skill
and CC X I-Skill
design VB X I-Skill
new JJ X I-Skill
and CC X I-Skill
exciting JJ X I-Skill
prototypes NNS X I-Skill
to TO X O
bring VB X O
to TO X O
market NN X O
at IN X O
the DT X O
forefront NN X O
of IN X O
digital JJ X O
design NN X O
. . X O
**** JJ X O

hr NN X B-Domain
recruitment NN X O
who WP X O
is VBZ X O
operating VBG X O
as IN X O
an DT X O
employment NN X B-Domain
agency NN X O
. . X O
General NNP X O

duties NNS X O
will MD X O
include VB X O
: : X O
Maximising VBG X B-Skill
existing VBG X I-Skill
international JJ X I-Skill
client NN X I-Skill
revenue NN X I-Skill
streams NNS X I-Skill
A DT X O

well NN X O
established VBN X O
, , X O
small JJ X O
and CC X O
friendly JJ X O
practice NN X O
with IN X O
an DT X O
excellent JJ X O
reputation NN X O
and CC X O
loyal JJ X O
client NN X O
base NN X O
. . X O
This DT X O

represents VBZ X O
a DT X O
fantastic JJ X O
opportunity NN X O
to TO X O
advance VB X O
your PRP$ X O
career NN X O
as IN X O
an DT X O
Energy NNP X O
professional NN X O
at IN X O
one CD X O
of IN X O
the DT X O
leading VBG X O
energy NN X O
companies NNS X O
globally RB X O
with IN X O
an DT X O
excellent JJ X O
remuneration NN X O
package NN X O
available JJ X O
. . X O
To TO X O

be VB X O
considered VBN X O
for IN X O
the DT X O
role NN X O
of IN X O
Power NNP X B-Occupation
Electronics NNP X I-Occupation
Engineer NNP X I-Occupation
you PRP X O
will MD X O
have VB X O
the DT X O
following NN X O
; : X O
Be NNP X B-Skill
able JJ X I-Skill
to TO X I-Skill
undertake VB X I-Skill
power NN X I-Skill
supply NN X I-Skill
design NN X I-Skill
, , X O
including VBG X O
DCDC NNP X O
, , X O
inverters NNS X O
and CC X O
motor NN X O
drives NNS X O
Demonstrate NNP X O
skills NNS X B-Skill
in IN X I-Skill
analogue NN X I-Skill
and CC X I-Skill
digital JJ X I-Skill
filter NN X I-Skill
design NN X I-Skill
Have VBP X O
experience NN X B-Skill
of IN X I-Skill
schematic JJ X I-Skill
design NN X I-Skill
, , X I-Skill
capture NN X I-Skill
and CC X I-Skill
PCB NNP X I-Skill
layout NN X I-Skill
and CC X I-Skill
EMC NNP X I-Skill
compliance NN X I-Skill
Have VBP X O
a DT X O
good JJ X B-Skill
understanding NN X I-Skill
of IN X I-Skill
electronics NNS X I-Skill
hardware NN X I-Skill
and CC X I-Skill
interface NN X I-Skill
techniques NNS X I-Skill
Have VBP X O
a DT X O
good JJ X B-Skill
understanding NN X I-Skill
of IN X I-Skill
digital JJ X I-Skill
control NN X I-Skill
systems NNS X I-Skill
using VBG X I-Skill
microcontrollers NNS X I-Skill
, , X O
Contact NNP X O

name NN X O
for IN X O
an DT X O
informal JJ X O
discussion NN X O
: : X O
Luke NNP X O
Wirth NNP X O
, , X O
Network NNP X O
Services NNP X O
Team NNP X O
Leader NNP X O
, , X O
K NNP X O

DOE NNP X O
Company NNP X O
vehicle NN X O
& CC X O
fuel NN X O
card NN X O
Company NNP X O
pension NN X O
24 CD X O
Days NNPS X O
holiday RB X O
Bonus NNP X O
Service NNP X B-Occupation
Managers NNP X O
Role NNP X O
Management NNP X B-Skill
of IN X I-Skill
a DT X I-Skill
busy JJ X I-Skill
service NN X I-Skill
department NN X I-Skill
in IN X O
the DT X O
West NNP X O
Midlands NNPS X O
Managing VBG X B-Skill
operations NNS X I-Skill
staff NN X I-Skill
and CC X O
up RB X O
to TO X O
This DT X O

vacancy NN X O
is VBZ X O
being VBG X O
advertised VBN X O
by IN X O
Castlerock NNP X O
Homecare NNP X B-Domain
who WP X O
is VBZ X O
acting VBG X O
as IN X O
an DT X O
employment NN X B-Domain
business NN X O
with IN X O
a DT X O
wealth NN X O
of IN X O
work NN X O
on IN X O
a DT X O
zero CD X O
hour NN X O
contract NN X O
. . X O
An DT X O

extremely RB X O
hands VBZ X O
on IN X O
role NN X O
, , X O
my PRP$ X O
client NN X O
is VBZ X O
looking VBG X O
for IN X O
candidates NNS X O
with IN X O
a DT X O
sound NN X O
working VBG X O
knowledge NN X B-Skill
of IN X I-Skill
delivering VBG X I-Skill
mechanical JJ X I-Skill
projects NNS X I-Skill
timeserved VBD X I-Skill
mechanical JJ X I-Skill
engineer NN X I-Skill
in IN X I-Skill
client NN X I-Skill
facing NN X I-Skill
roles NNS X I-Skill
. . X O
Responsibilities NNS X O

: : X B-Skill
Develop NNP X I-Skill
, , X I-Skill
maintain NN X I-Skill
and CC X I-Skill
enhance NN X I-Skill
software NN X I-Skill
applications NNS X I-Skill
principally RB X O
written VBN X O
in IN X O
This DT X O

is VBZ X O
a DT X O
phone NN X B-Skill
based VBN X I-Skill
role NN X I-Skill
, , X O
with IN X O
an DT X O
expectation NN X O
of IN X O
hitting VBG X B-Skill
predefined VBN X I-Skill
call JJ X I-Skill
rates NNS X I-Skill
. . X O
Great NNP X O

opportunity NN X O
and CC X O
career NN X O
growth NN X O
in IN X O
a DT X O
small JJ X O
company NN X O
with IN X O
an DT X O
interesting JJ X O
product NN X O
line NN X O
. . X O
Own NNP X B-Skill

, , X I-Skill
track NN X I-Skill
, , X I-Skill
explain NN X I-Skill
and CC X I-Skill
benchmark NN X I-Skill
financial JJ X I-Skill
metrics NNS X I-Skill
related VBN X O
to TO X O
your PRP$ X O
activities NNS X O
. . X O
Contribute NNP X B-Skill

to TO X I-Skill
training VBG X I-Skill
needs NNS X I-Skill
assessment NN X I-Skill
for IN X I-Skill
new JJ X I-Skill
products NNS X I-Skill
/ JJ X I-Skill
standards NNS X I-Skill
and CC X O
the DT X O
development NN X B-Skill
and CC X I-Skill
delivery NN X I-Skill
of IN X I-Skill
technical JJ X I-Skill
and CC X I-Skill
safety NN X I-Skill
training NN X I-Skill
packages NNS X I-Skill
. . X O
This DT X O

is VBZ X O
a DT X O
fastpaced JJ X O
environment NN X O
, , X O
so IN X O
the DT X O
candidate NN X O
would MD X O
need VB X O
to TO X O
be VB X O
business NN X B-Skill
focused VBN X I-Skill
with IN X O
previous JJ X B-Skill
administration NN X I-Skill
experience NN X I-Skill
. . X O
You PRP X O

will MD X O
sell VB X B-Skill
the DT X I-Skill
value NN X I-Skill
of IN X I-Skill
OpenTable JJ X I-Skill
products NNS X I-Skill
to TO X I-Skill
prospective JJ X I-Skill
restaurants NNS X I-Skill
by IN X I-Skill
articulating VBG X I-Skill
how WRB X I-Skill
our PRP$ X I-Skill
solutions NNS X I-Skill
meet VB X I-Skill
their PRP$ X I-Skill
needs NNS X I-Skill
and CC X I-Skill
improve VB X I-Skill
the DT X I-Skill
business NN X I-Skill
process NN X I-Skill
. . X O
We PRP X O

only RB X O
accept VBD X O
online JJ X O
applications NNS X O
as IN X O
this DT X O
saves VBZ X O
us PRP X O
money NN X O
, , X O
making VBG X O
more JJR X O
funds NNS X O
available JJ X O
for IN X O
us PRP X O
to TO X O
help VB X O
ensure VB X O
children NNS X O
s JJ X O
rights NNS X O
. . X O
This DT X O

role NN X O
is VBZ X O
an DT X O
opportunity NN X O
for IN X O
someone NN X O
to TO X O
develop VB X O
own JJ X O
skills NNS X O
and CC X O
gain NN X O
experience NN X O
in IN X O
an DT X O
exciting JJ X O
industry NN X O
. . X O
My PRP$ X O

client NN X O
is VBZ X O
seeking VBG X O
a DT X O
Unix NNP X B-Occupation
/ NNP X I-Occupation
Linux NNP X I-Occupation
Consultant NNP X I-Occupation
to TO X O
join VB X O
their PRP$ X O
expanding VBG X O
team NN X O
. . X O
**** JJ X O

proficient NN X B-Skill
Advanced NNP X I-Skill
knowledge NN X I-Skill
of IN X I-Skill
meta NN X I-Skill
tags NNS X I-Skill
and CC X I-Skill
search NN X I-Skill
engine NN X I-Skill
optimisation NN X I-Skill
Examples NNP X O
of IN X O
other JJ X O
websites NNS X O
this DT X O
person NN X O
has VBZ X O
built VBN X O
will MD X O
be VB X O
required VBN X O
prior RB X O
to TO X O
candidate VB X O
selection NN X O
. . X O
Maths NNS X B-Occupation

Teacher NNP X I-Occupation
required VBD X O
for IN X O
long JJ X O
term NN X O
cover NN X O
ITN NNP X O
Mark NNP X O
Education NNP X O
are VBP X O
seeking VBG X O
a DT X O
Maths NNP X O
Teacher NNP X O
for IN X O
an DT X O
immediate JJ X O
start NN X O
in IN X O
a DT X O
placement NN X O
which WDT X O
is VBZ X O
expected VBN X O
to TO X O
run VB X O
to TO X O
the DT X O
end NN X O
of IN X O
the DT X O
Summer NNP X O
Term NNP X O
. . X O
You PRP X O

will MD X O
be VB X O
subject JJ X O
to TO X O
an DT X O
enhanced JJ X O
CRB NNP X O
disclosure NN X O
. . X O
We PRP X O

are VBP X O
interviewing VBG X O
now RB X O
, , X O
please VB X O
contact JJ X O
Ben NNP X O
Whitfield NNP X O
at IN X O
Fresh NNP X O
Partnership NNP X O
for IN X O
more JJR X O
details NNS X O
. . X O
My PRP$ X O

client NN X O
is VBZ X O
providing VBG X O
the DT X O
opportunity NN X O
for IN X O
an DT X O
experienced JJ X B-Skill
F NNP X B-Occupation
Developer NNP X I-Occupation
to TO X O
work VB X O
for IN X O
the DT X O
company NN X O
based VBN X O
in IN X O
London NNP X O
. . X O
You PRP X O

will MD X O
be VB X O
providing VBG X B-Skill
a DT X I-Skill
quality NN X I-Skill
claims VBZ X I-Skill
service NN X I-Skill
to TO X I-Skill
all DT X I-Skill
clients NNS X I-Skill
together RB X I-Skill
with IN X I-Skill
supporting VBG X I-Skill
internal JJ X I-Skill
customers NNS X I-Skill
. . X O
This DT X O

job NN X O
description NN X O
sets VBZ X O
out RP X O
the DT X O
main JJ X O
duties NNS X O
of IN X O
the DT X O
post NN X O
at IN X O
the DT X O
date NN X O
when WRB X O
it PRP X O
was VBD X O
drawn VBN X O
up RP X O
. . X O
Senior JJ X B-Skill

Web NNP X B-Occupation
Developer NNP X I-Occupation
, , X O
HTML NNP X B-Skill
5 CD X I-Skill
, , X O
XHTML NNP X B-Skill
, , X O
CSS NNP X B-Skill
, , X O
JavaScript NNP X B-Skill
, , X O
JQuery NNP X B-Skill
, , X O
Front NNP X B-Skill
End NNP X I-Skill
, , X O
Berkshire NNP X B-Skill
. . X O
WE WDT X O

ARE VBP X O
THE DT X O
PREMIER NNP X O
AUTOMOTIVE NNP X B-Domain
RECRUITMENT NNP X O
AGENCY NNP X O
FOR NNP X O
MOTOR NNP X B-Domain
TRADE NNP X I-Domain
JOBS NNP X O
IN NNP X O
CAMBRIDGESHIRE NNP X O
TM NNP X O
Lots NNP X O
of IN X O
Motor NNP X O
Trade NNP X O
Jobs NNP X O
throughout IN X O
Cambridgeshire NNP X O
in IN X O
Peterborough NNP X O
, , X O
Market NNP X O
Deeping NNP X O
, , X O
Stamford NNP X O
, , X O
Whittlesey NNP X O
, , X O
Wisbech NNP X O
, , X O
Holbeach NNP X O
, , X O
Long NNP X O
Sutton NNP X O
, , X O
Kings NNP X O
Lynn NNP X O
, , X O
Terrington NNP X O
St NNP X O
Clements NNP X O
, , X O
Cambridge NNP X O
, , X O
Newmarker NNP X O
, , X O
Chatteris NNP X O
, , X O
Cherry NNP X O
Hinton NNP X O
, , X O
Eye NNP X O
, , X O
Fulbourn NNP X O
, , X O
Godmanchester NNP X O
, , X O
Huntingdon NNP X O
, , X O
Littleport NNP X O
, , X O
March NNP X O
, , X O
Ramsey NNP X O
, , X O
Soham NNP X O
, , X O
St NNP X O
Ives NNP X O
, , X O
St NNP X O
Neots NNP X O
, , X O
Whittlesey NNP X O
, , X O
Wisbech NNP X O
. . X O
company NN X O

benefits NNS X O
An DT X O
exciting JJ X O
opportunity NN X O
has VBZ X O
arisen VBN X O
for IN X O
a DT X O
Quality NNP X B-Occupation
Manager NNP X I-Occupation
with IN X O
experience NN X O
on IN X O
Major NNP X O
Civil NNP X B-Skill
Engineering NNP X I-Skill
projects NNS X O
to TO X O
join VB X O
this DT X O
prestigious JJ X O
Contractor NNP X O
. . X O
Routinely RB X O

check VB X B-Skill
/ JJ X I-Skill
calibrate NN X I-Skill
/ NNP X I-Skill
repair NN X I-Skill
/ NNP X I-Skill
troubleshoot VBZ X I-Skill
a DT X I-Skill
wide JJ X I-Skill
range NN X I-Skill
of IN X I-Skill
atmospheric JJ X I-Skill
gas NN X I-Skill
monitoring NN X I-Skill
instrumentation NN X I-Skill
. . X O
We PRP X O

are VBP X O
urgently RB X O
searching VBG X O
for IN X O
a DT X O
Senior NNP X B-Occupation
Project NNP X I-Occupation
Manager NNP X I-Occupation
with IN X O
both DT X O
Software NNP X B-Skill
Applications NNPS X I-Skill
as RB X O
well RB X O
as IN X O
Infrastructure NNP X B-Skill
project NN X I-Skill
delivery NN X I-Skill
experience NN X O
. . X O
Adherence NN X B-Skill

to TO X I-Skill
strict VB X I-Skill
print NN X I-Skill
deadlines NNS X I-Skill
, , X O
a DT X B-Skill
willingness NN X I-Skill
to TO X I-Skill
work VB X I-Skill
long JJ X I-Skill
hours NNS X I-Skill
with IN X I-Skill
accuracy NN X I-Skill
, , X O
and CC X O
good JJ X O
communication NN X B-Skill
and CC X O
leadership NN X B-Skill
skills NNS X O
are VBP X O
critical JJ X O
. . X O
You PRP X O

will MD X O
need VB X O
to TO X O
be VB X O
flexible JJ X B-Skill
as IN X O
you PRP X O
will MD X O
be VB X O
working VBG X O
on IN X O
average NN X O
Excellent JJ X O

communication NN X B-Skill
and CC X O
project NN X B-Skill
management NN X I-Skill
Professional NNP X O
Qualification NNP X O
ACA NNP X B-Qualification
, , X O
CIMA NNP X B-Qualification
, , X O
ACCA NNP X B-Qualification
or CC X O
equivalent JJ X O
Apply NNP X O
now RB X O
or CC X O
contact VB X O
us PRP X O
for IN X O
further JJ X O
information NN X O
on IN X O
this DT X O
role NN X O
or CC X O
similar JJ X O
positions NNS X O
. . X O
Must RB X O

be VB X O
able JJ X O
to TO X O
work VB X B-Skill
on IN X I-Skill
RTA NNP X I-Skill
portal NN X O
and CC X O
handle VB X B-Skill
CSA NNP X I-Skill
claims NNS X I-Skill
from IN X I-Skill
start NN X I-Skill
to TO X I-Skill
finish VB X I-Skill
. . X O
You PRP X O

will MD X O
have VB X O
the DT X O
opportunity NN X O
to TO X O
gain VB X O
further JJ X O
training NN X B-Domain
and CC X O
development NN X B-Domain
as IN X O
part NN X O
of IN X O
the DT X O
role NN X O
also RB X O
. . X O
Saudi NNP X O

Only RB X O
apply VB X O
if IN X O
you PRP X O
are VBP X O
a DT X O
Western JJ X O
, , X O
European JJ X O
or CC X O
North JJ X O
American JJ X O
, , X O
degree JJ X B-Qualification
qualified VBD X O
Engineer NNP X B-Occupation
with IN X O
large JJ X O
Power NNP X B-Skill
Plant NNP X I-Skill
construction NN X I-Skill
experience NN X I-Skill
Matchtech NNP X O

is VBZ X O
acting VBG X O
as IN X O
an DT X O
Employment NN X B-Domain
Business NN X O
in IN X O
relation NN X O
to TO X O
this DT X O
vacancy NN X O
To TO X O

reiterate VB X O
, , X O
you PRP X O
should MD X O
have VB X O
a DT X O
strong JJ X O
background NN X O
in IN X O
the DT X O
industry NN X B-Skill
with IN X O
a DT X O
proven JJ X O
passion NN X B-Skill
and CC X O
flair NN X B-Skill
for IN X I-Skill
food NN X I-Skill
and CC X O
hospitality NN X B-Skill
including VBG X O
preferably JJ X O
experience NN X O
of IN X O
letting VBG X B-Skill
rooms NNS X I-Skill
as IN X O
there EX X O
are VBP X O
two CD X O
on IN X O
site NN X O
. . X O
We PRP X O

look VBP X O
forward RB X O
to TO X O
hearing VBG X O
from IN X O
you PRP X O
Motor NNP X B-Skill
, , X O
Automotive NNP X B-Skill
, , X O
Warranty NNP X B-Skill
, , X O
Insurance NNP X B-Skill
, , X O
Claims NNP X B-Skill
, , X O
Technical NNP X B-Skill
, , X O
Our PRP$ X O

client NN X O
is VBZ X O
a DT X O
world NN X O
leading VBG X O
pharmaceutical JJ X O
company NN X O
with IN X O
an DT X O
excellent JJ X O
track NN X O
record NN X O
working VBG X O
within IN X O
the DT X O
Medical JJ X O
market NN X O
. . X O
Working VBG X O

in IN X O
a DT X O
friendly JJ X O
team NN X O
you PRP X O
take VBP X O
responsibility NN X O
for IN X O
a DT X O
number NN X O
of IN X O
prestigious JJ X O
developments NNS X O
in IN X O
Central NNP X O
London NNP X O
, , X O
you PRP X O
will MD X O
be VB X O
tasked VBN X O
with IN X O
dealing VBG X O
with IN X O
all DT X O
areas NNS X O
of IN X O
day NN X O
to TO X O
day NN X O
management NN X B-Skill
including VBG X O
carrying VBG X O
out RP X O
regular JJ X O
site NN X B-Skill
inspections NNS X I-Skill
, , X O
service NN X B-Skill
charge NN X I-Skill
budgeting NN X I-Skill
, , X O
arranging VBG X B-Skill
for IN X I-Skill
contractors NNS X I-Skill
to TO X O
carry VB X O
out RP X O
works NNS X O
, , X O
ensuring VBG X O
exceptional JJ X O
customer NN X B-Skill
service NN X I-Skill
as RB X O
well RB X O
as IN X O
attending VBG X O
some DT X O
evening JJ X O
meetings NNS X O
. . X O
To TO X O

apply VB X O
for IN X O
the DT X O
role NN X O
, , X O
please VB X O
forward RB X O
your PRP$ X O
CV NN X O
to TO X O
Mike NNP X O
Buick NNP X O
, , X O
ALECTO NNP X O
Recruitment NNP X O
. . X O
This DT X O

national JJ X O
fire NN X O
and CC X O
security NN X O
systems NNS X O
provider NN X O
require VBP X O
a DT X O
fire NN X B-Occupation
alarm NN X I-Occupation
engineer NN X I-Occupation
to TO X O
carry VB X B-Skill
out RP X I-Skill
routine JJ X I-Skill
service NN X I-Skill
and CC X I-Skill
maintenance NN X I-Skill
as RB X O
well RB X O
as IN X O
respond NN X B-Skill
to TO X I-Skill
call VB X I-Skill
out RP X I-Skill
calls NNS X I-Skill
in IN X O
the DT X O
Essex NNP X O
and CC X O
Hertfordshire NNP X O
area NN X O
. . X O
c NN X O

. . X O
**** JJ X O
k NN X O
, , X O
as RB X O
well RB X O
as IN X O
generous JJ X O
bonus NN X O
scheme NN X O
and CC X O
other JJ X O
lifestyle NN X O
associated VBN X O
benefits NNS X O
. . X O
Are NNP X O

you PRP X O
tired VBD X O
on IN X O
working VBG X O
on IN X O
the DT X O
same JJ X O
Audits NNP X O
each DT X O
year NN X O
and CC X O
looking VBG X O
for IN X O
more JJR X O
variety NN X O
? . X O
You PRP X O

ll VBP X O
love VB X O
hearing VBG X O
them PRP X O
too RB X O
, , X O
as IN X O
you PRP X O
help VBP X B-Skill
visitors NNS X I-Skill
to TO X I-Skill
enjoy VB X I-Skill
a DT X I-Skill
brilliant JJ X I-Skill
day NN X I-Skill
out RP X I-Skill
at IN X I-Skill
Snowshill NNP X I-Skill
Manor NNP X I-Skill
Garden NNP X I-Skill
. . X O
Creating VBG X B-Skill

invoices NNS X I-Skill
and CC X O
obtaining VBG X B-Skill
PO NNP X I-Skill
numbers NNS X I-Skill
Upselling VBG X I-Skill
where WRB X O
possible JJ X O
Providing VBG X B-Skill
product NN X I-Skill
information NN X I-Skill
and CC X I-Skill
advice NN X I-Skill
on IN X I-Skill
products NNS X I-Skill
to TO X O
match VB X O
customer NN X O
requirements NNS X O
Running VBG X B-Skill
a DT X I-Skill
report NN X I-Skill
on IN X I-Skill
spend JJ X I-Skill
and CC X I-Skill
activity NN X I-Skill
with IN X O
clients NNS X O
and CC X O
liaising VBG X B-Skill
with IN X I-Skill
team NN X I-Skill
as IN X O
to TO X O
follow VB X O
up RP X O
calls NNS X O
and CC X O
activity NN X O
The DT X O

role NN X O
will MD X O
include VB X O
: : X O
Generalist JJ X B-Skill
duties NNS X I-Skill
including VBG X I-Skill
dealing VBG X I-Skill
with IN X I-Skill
employee NN X I-Skill
relations NNS X I-Skill
issues NNS X I-Skill
which WDT X I-Skill
may MD X I-Skill
be VB X I-Skill
complex JJ X I-Skill
such JJ X I-Skill
as IN X I-Skill
disciplinary JJ X I-Skill
and CC X I-Skill
grievance NN X I-Skill
, , X I-Skill
absence NN X I-Skill
and CC X I-Skill
performance NN X I-Skill
management NN X I-Skill
K NNP X O

4week CD X O
support NN X O
package NN X O
Excellent NNP X O
Career NNP X O
prospects VBZ X O
This DT X O
job NN X O
was VBD X O
originally RB X O
posted VBN X O
as IN X O
The DT X O

culture NN X O
is VBZ X O
fast RB X O
paced JJ X O
, , X O
dynamic JJ X O
and CC X O
well RB X O
supported VBN X O
. . X O
Your PRP$ X O

shortterm JJ X O
objectives NNS X O
will MD X O
be VB X O
to TO X O
gain VB X B-Skill
a DT X I-Skill
detailed JJ X I-Skill
knowledge NN X I-Skill
of IN X I-Skill
the DT X I-Skill
music NN X I-Skill
industry NN X I-Skill
and CC X I-Skill
the DT X I-Skill
product NN X I-Skill
. . X O
a DT X O

**** JJ X O
year NN X O
track NN X O
record NN X O
of IN X O
promoting VBG X O
Area NNP X B-Occupation
Manager NNP X I-Occupation
s NN X O
from IN X O
within IN X O
? . X O
**** NN X O

or CC X O
higher JJR X O
in IN X O
a DT X O
computer NN X O
science NN X O
or CC X O
mathematical JJ X O
based VBN X O
subject NN X O
. . X O
**** JJ X O

**** NNP X O
**** NN X O
or CC X O
email NN X O
pat NN X O
. . X O
keoghprofinance NN X O
. . X O
co NN X O
. . X O
uk JJ X O
ProTax NNP X O
is VBZ X O
acting VBG X O
as IN X O
an DT X O
Employment NNP X B-Domain
Agency NNP X O
in IN X O
relation NN X O
to TO X O
this DT X O
vacancy NN X O
. . X O
You PRP X O

may MD X O
be VB X O
considering VBG X O
a DT X O
change NN X O
in IN X O
career NN X O
, , X O
or CC X O
direction NN X O
, , X O
a DT X O
different JJ X O
lifestyle NN X O
or CC X O
simply RB X O
wish JJ X O
to TO X O
increase VB X O
your PRP$ X O
earnings NNS X O
potential NN X O
. . X O
This DT X O

is VBZ X O
a DT X O
team NN X O
whith NN X O
an DT X O
elite JJ X O
high JJ X O
standard JJ X O
culture NN X O
. . X O
If IN X O

so RB X O
please JJ X O
get VB X O
in IN X O
touch JJ X O
ASPS NNP X O
as IN X O
this DT X O
role NN X O
is VBZ X O
interviewing VBG X O
now RB X O
My PRP$ X O
Client NN X O
: : X O
You PRP X O

will MD X O
have VB X O
experience NN X O
of IN X O
working VBG X B-Skill
in IN X I-Skill
a DT X I-Skill
busy JJ X I-Skill
office NN X I-Skill
environment NN X I-Skill
and CC X O
be VB X O
comfortable JJ X O
using VBG X O
Microsoft NNP X B-Skill
Office NNP X I-Skill
programmes NNS X I-Skill
. . X O
This DT X O

is VBZ X O
an DT X O
excellent JJ X O
opportunity NN X O
to TO X O
join VB X O
a DT X O
blue JJ X O
chip NN X O
company NN X O
who WP X O
pride VBP X O
themselves PRP X O
on IN X O
developing VBG X O
staff NN X O
to TO X O
their PRP$ X O
true JJ X O
potential NN X O
. . X O
To TO X O

achieve VB X O
this DT X O
they PRP X O
must MD X O
deliver VB X O
an DT X O
outstanding JJ X O
service NN X O
to TO X O
both DT X O
existing VBG X O
and CC X O
prospective JJ X O
customers NNS X O
and CC X O
they PRP X O
see VBP X O
their PRP$ X O
people NNS X O
as IN X O
the DT X O
key NN X O
to TO X O
ensuring VBG X O
success NN X O
. . X O
HUDDERSFIELD NNP X O

Minimum NNP X O
of IN X O
2 CD X B-Qualification
YEARS NNS X I-Qualification
experience RB X I-Qualification
as IN X O
STORE NNP X B-Occupation
MANAGER NNP X I-Occupation
Managed VBD X B-Skill
a DT X I-Skill
turnover NN X I-Skill
in IN X I-Skill
excess NN X I-Skill
of IN X I-Skill
4 CD X I-Skill
MILLION NNP X I-Skill
turnover NN X I-Skill
per IN X I-Skill
annum NN X I-Skill
Currently NNP X O
working VBG X O
for IN X O
a DT X O
SUPERMARKET NNP X O
, , X O
Useful NNP X O

also RB X O
content JJ X B-Domain
management NN X I-Domain
solutions NNS X O
, , X O
SharePoint NNP X B-Skill
, , X O
Ektron NNP X B-Skill
, , X O
SiteFinity NNP X B-Skill
, , X O
DotNetNuke NNP X B-Skill
? . X O
Ability NN X B-Skill

to TO X I-Skill
independently RB X I-Skill
apply VB X I-Skill
production NN X I-Skill
upgrades NNS X I-Skill
and CC X I-Skill
support VB X I-Skill
the DT X I-Skill
products NNS X I-Skill
and CC X I-Skill
technologies NNS X I-Skill
Experience NNP X I-Skill
in IN X I-Skill
providing VBG X I-Skill
services NNS X I-Skill
to TO X I-Skill
agreed VB X I-Skill
SLA NNP X I-Skill
' POS X I-Skill
s NN X I-Skill
and CC X I-Skill
OLA NNP X I-Skill
' POS X I-Skill
s NN X I-Skill
Able NNP X I-Skill
to TO X I-Skill
thoroughly VB X I-Skill
research NN X I-Skill
issues NNS X I-Skill
before IN X I-Skill
escalating VBG X I-Skill
to TO X I-Skill
the DT X I-Skill
development NN X I-Skill
teams NNS X I-Skill
Excellent NNP X O
organisational NN X B-Skill
, , X I-Skill
interpersonal JJ X I-Skill
and CC X I-Skill
communication NN X I-Skill
skills NNS X I-Skill
Flexible JJ X I-Skill
in IN X I-Skill
working VBG X I-Skill
outside IN X I-Skill
of IN X I-Skill
core NN X I-Skill
business NN X I-Skill
hours NNS X I-Skill
at IN X I-Skill
shortnotice NN X I-Skill
Have VB X O

a DT X O
good JJ X O
knowledge NN X O
of IN X O
the DT X O
fashion NN X B-Skill
market NN X I-Skill
, , X O
including VBG X O
key JJ X O
trends NNS X O
and CC X O
developing VBG X O
brands NNS X O
. . X O
Let VB X O

' '' X O
s JJ X O
find VBP X O
the DT X O
career NN X O
that WDT X O
connects VBZ X O
with IN X O
your PRP$ X O
life NN X O
. . X O
The DT X O

premises NNS X O
department NN X O
undertake VBP X O
the DT X O
refit NN X O
of IN X O
existing VBG X O
and CC X O
new JJ X O
agencies NNS X O
for IN X O
the DT X O
Group NNP X O
. . X O
The DT X O

Company NN X O
: : X O
Our PRP$ X O
client NN X O
operates VBZ X O
a DT X O
number NN X O
of IN X O
bar NN X O
and CC X O
restaurants NNS X O
across IN X O
the DT X O
UK NNP X O
with IN X O
the DT X O
aim NN X O
of IN X O
providing VBG X B-Skill
a DT X I-Skill
first JJ X I-Skill
class NN X I-Skill
casual JJ X I-Skill
dining NN X I-Skill
experience NN X I-Skill
for IN X I-Skill
every DT X I-Skill
occasion NN X I-Skill
. . X O
Sunningdale NNP X O

Lodge NNP X O
is VBZ X O
a DT X O
purpose NN X O
built VBN X O
care NN X O
home NN X O
and CC X O
has VBZ X O
become VBN X O
well RB X O
known JJ X O
and CC X O
respected VBN X O
in IN X O
its PRP$ X O
service NN X O
to TO X O
our PRP$ X O
local JJ X O
community NN X O
. . X O
You PRP X O

must MD X O
be VB X O
NMC NNP X B-Qualification
UK NNP X I-Qualification
registered VBD X I-Qualification
and CC X O
able JJ X O
to TO X O
demonstrate VB X O
current JJ X O
Theatre NNP X B-Skill
scrub NN X I-Skill
experience NN X I-Skill
with IN X O
the DT X O
ability NN X O
to TO X O
work VB X B-Skill
under IN X I-Skill
pressure NN X I-Skill
. . X O
We PRP X O

deal VBP X O
with IN X O
both DT X O
Microsoft NNP X O
Partners NNPS X O
End NNP X O
Users NNS X O
throughout IN X O
the DT X O
UK NNP X O
and CC X O
Europe NNP X O
and CC X O
we PRP X O
have VBP X O
never RB X O
had VBN X O
more RBR X O
live JJ X O
requirements NNS X O
jobs NNS X O
for IN X O
Microsoft NNP X B-Skill
Dynamics NNP X I-Skill
AX NNP X I-Skill
/ NNP X I-Skill
Axapta NNP X I-Skill
professionals NNS X O
. . X O
JOB NNP X O

A NNP X O
fantastic JJ X O
opportunity NN X O
has VBZ X O
arisen VBN X O
for IN X O
a DT X O
Senior JJ X B-Occupation
Operations NNP X I-Occupation
/ NNP X I-Occupation
Venue NNP X I-Occupation
Manager NNP X I-Occupation
at IN X O
a DT X O
leading VBG X O
creative JJ X O
agency NN X O
. . X O
This DT X O

is VBZ X O
a DT X O
rare JJ X O
opportunity NN X O
to TO X O
enter VB X O
this DT X O
firm NN X O
, , X O
as IN X O
it PRP X O
has VBZ X O
the DT X O
reputation NN X O
for IN X O
being VBG X O
a DT X O
great JJ X O
place NN X O
to TO X O
work VB X O
, , X O
and CC X O
staff NN X O
retention NN X O
is VBZ X O
very RB X O
high JJ X O
. . X O
you PRP X O

must MD X O
be VB X O
prepared VBN X O
to TO X O
be VB X O
fully RB X B-Skill
flexible JJ X I-Skill
, , X O
the DT X O
role NN X O
requires VBZ X O
working VBG X O
to TO X O
a DT X O
5 CD X O
week NN X O
pattern NN X O
working VBG X O
between IN X O
, , X O

our PRP$ X O
shops NNS X O
can MD X O
be VB X O
open JJ X O
from IN X O
8am CD X O
until IN X O
10pm CD X O
Our PRP$ X O
shops NNS X O
can MD X O
be VB X O
very RB X O
busy JJ X O
; : X O
you PRP X O
must MD X O
be VB X O
able JJ X O
to TO X O
work VB X B-Skill
efficiently RB X I-Skill
under IN X I-Skill
pressure NN X I-Skill
You PRP X O
must MD X O
be VB X O
flexible JJ X B-Skill
; : X O
we PRP X O
may MD X O
require VB X O
you PRP X O
to TO X O
work VB X O
in IN X O
other JJ X O
shops NNS X O
when WRB X O
required VBN X O
Customer NNP X B-Domain
service NN X I-Domain
or CC X O
retail JJ X B-Domain
experience NN X O
is VBZ X O
a DT X O
must MD X O
for IN X O
this DT X O
role NN X O
, , X O
we PRP X O
want VBP X O
you PRP X O
to TO X O
bring VB X O
your PRP$ X O
experience NN X O
and CC X O
passion NN X O
. . X O
As IN X O

a DT X O
Senior NNP X B-Occupation
Digital NNP X I-Occupation
Designer NNP X I-Occupation
you PRP X O
will MD X O
bring VB X B-Skill
to TO X I-Skill
the DT X I-Skill
team NN X I-Skill
a DT X I-Skill
broad JJ X I-Skill
range NN X I-Skill
of IN X I-Skill
digital JJ X I-Skill
skills NNS X I-Skill
. . X O
If IN X O

you PRP X O
take VBP X B-Skill
pride VB X I-Skill
in IN X I-Skill
your PRP$ X I-Skill
work NN X I-Skill
and CC X O
know VB X B-Skill
that IN X I-Skill
you PRP X I-Skill
have VBP X I-Skill
a DT X I-Skill
lot NN X I-Skill
to TO X I-Skill
offer VB X I-Skill
as IN X I-Skill
an DT X I-Skill
employee NN X I-Skill
and CC X I-Skill
as IN X I-Skill
an DT X I-Skill
individual NN X I-Skill
, , X O
then RB X O
Badenoch NNP X O
& CC X O
Clark NNP X O
could MD X O
be VB X O
the DT X O
right JJ X O
choice NN X O
for IN X O
you PRP X O
Currently RB X O

food NN X B-Domain
sales NNS X I-Domain
account VBP X O
for IN X O
55 CD X O
% NN X O
of IN X O
total JJ X B-Domain
sales NNS X I-Domain
and CC X O
we PRP X O
are VBP X O
looking VBG X O
for IN X O
an DT X O
experienced JJ X B-Skill
kitchen NN X B-Occupation
Manager NNP X O
that WDT X O
understands VBZ X O
the DT X O
delivery NN X O
of IN X O
quality NN X O
in IN X O
all DT X O
areas NNS X O
of IN X O
kitchen NN X B-Domain
management NN X I-Domain
, , X O
from IN X O
the DT X O
training NN X B-Skill
and CC X O
food NN X B-Domain
hygiene NN X I-Domain
of IN X O
the DT X O
kitchen NN X O
right RB X O
through IN X O
to TO X O
the DT X O
final JJ X O
meal NN X B-Domain
production NN X I-Domain
. . X O
Absolute NNP X O

Solar NNP X O
Wind NNP X O
Ltd NNP X O
are VBP X O
one CD X O
of IN X O
the DT X O
largest JJS X O
and CC X O
longest JJS X O
established VBN X O
renewable JJ X O
energy NN X O
companies NNS X O
in IN X O
Scotland NNP X O
. . X O
Experience NN X O

of IN X O
planned VBN X B-Skill
and CC X I-Skill
reactive JJ X I-Skill
electrical JJ X I-Skill
maintenance NN X I-Skill
within IN X I-Skill
commercial JJ X I-Skill
properties NNS X I-Skill
on IN X I-Skill
all DT X I-Skill
types NNS X I-Skill
of IN X I-Skill
fire NN X I-Skill
alarms NNS X I-Skill
. . X O
The DT X O

clientele NN X O
is VBZ X O
a DT X O
colourful JJ X O
mix NN X O
from IN X O
the DT X O
surrounding VBG X O
villages NNS X O
as RB X O
well RB X O
as IN X O
a DT X O
destination NN X O
pub NN X O
for IN X O
residents NNS X O
of IN X O
both DT X O
Bath NNP X O
and CC X O
Bristol NNP X O
. . X O
Applications NNS X O

will MD X O
ONLY RB X O
be VB X O
accepted VBN X O
via IN X O
the DT X O
' '' X O
Apply NNP X O
' POS X O
button NN X O
To TO X O
request VB X O
an DT X O
update NN X O
on IN X O
this DT X O
role NN X O
, , X O
or CC X O
if IN X O
you PRP X O
have VBP X O
any DT X O
problems NNS X O
uploading VBG X O
your PRP$ X O
CV NN X O
Nurses NNS X B-Occupation

will MD X O
be VB X O
working VBG X O
as IN X O
part NN X O
of IN X O
a DT X O
larger JJR X O
team NN X O
in IN X O
the DT X O
Community NNP X O
working VBG X O
alongside RB X O
NHS NNP X O
hospitals NNS X O
to TO X O
assist VB X B-Skill
in IN X I-Skill
continued JJ X I-Skill
care NN X I-Skill
in IN X I-Skill
the DT X I-Skill
community NN X I-Skill
. . X O
This DT X O

a DT X O
field NN X B-Domain
sales NNS X I-Domain
role NN X O
based VBN X O
from IN X O
our PRP$ X O
clients NNS X O
office NN X O
in IN X O
the DT X O
Birmingham NNP X O
area NN X O
. . X O
Must NNP X O

have VBP X O
excellent VBN X O
IT NNP X B-Skill
skills VBZ X I-Skill
and CC X O
be VB X O
adaptable JJ X B-Skill
to TO X I-Skill
other JJ X I-Skill
areas NNS X I-Skill
of IN X I-Skill
work NN X I-Skill
, , X O
be VB X O
able JJ X O
to TO X O
work VB X B-Skill
alone RB X I-Skill
and CC X I-Skill
within IN X I-Skill
a DT X I-Skill
team NN X I-Skill
. . X O
This DT X O

is VBZ X O
an DT X O
exciting JJ X O
opportunity NN X O
for IN X O
the DT X O
right JJ X O
person NN X O
to TO X O
develop VB X B-Skill
and CC X O
shape VB X B-Skill
a DT X O
key JJ X O
component NN X O
of IN X O
this DT X O
large JJ X O
business NN X B-Domain
. . X O
Your PRP$ X O

CV NNP X O
will MD X O
be VB X O
kept VBN X O
on IN X O
file NN X O
and CC X O
you PRP X O
will MD X O
be VB X O
consider VB X O
for IN X O
future JJ X O
vacancies NNS X O
that WDT X O
match VBP X O
your PRP$ X O
skills NNS X O
You PRP X O

must MD X O
have VB X O
a DT X O
good JJ X O
understanding NN X B-Skill
of IN X I-Skill
all DT X I-Skill
financial JJ X I-Skill
aspects NNS X I-Skill
of IN X I-Skill
contracts NNS X I-Skill
including VBG X O
costs NNS X B-Skill
, , X O
budgets NNS X B-Skill
etc VBP X O
and CC X O
have VBP X O
a DT X O
strong JJ X O
negotiating NN X B-Skill
skills NNS X O
. . X O
The DT X O

Mali NNP X O
range NN X O
of IN X O
GPUs NNP X O
Graphics NNP X B-Domain
Processors NNP X I-Domain
delivers VBZ X O
an DT X O
advanced JJ X O
architecture NN X O
for IN X O
hardware NN X O
acceleration NN X O
of IN X O
graphics NNS X O
, , X O
specifically RB X O
tuned VBN X O
for IN X O
low JJ X O
energy NN X O
consumption NN X O
and CC X O
high JJ X O
performance NN X O
. . X O
**** NN X O

developers NNS X B-Occupation
and CC X O
to TO X O
work VB X O
closely RB X O
with IN X O
the DT X O
similarly RB X O
sized VBN X O
offshore RB X O
team NN X O
in IN X O
India NNP X O
. . X O
A DT X O

major JJ X O
requirement NN X O
of IN X O
this DT X O
post NN X O
is VBZ X O
to TO X O
work VB X B-Skill
with IN X I-Skill
appropriate JJ X I-Skill
safety NN X I-Skill
advisers NNS X I-Skill
and CC X I-Skill
academic JJ X I-Skill
staff NN X I-Skill
to TO X O
ensure VB X O
the DT X O
design NN X B-Skill
and CC X I-Skill
implementation NN X I-Skill
of IN X I-Skill
biological JJ X I-Skill
containment NN X I-Skill
category NN X I-Skill
The DT X O

Corporate NNP X B-Domain
Support NNP X I-Domain
team NN X O
focuses NNS X O
on IN X O
providing VBG X O
a DT X O
broad JJ X O
range NN X O
of IN X O
administrative JJ X B-Domain
, , X O
financial JJ X B-Domain
and CC X O
business NN X B-Domain
related JJ X I-Domain
support NN X B-Skill
to TO X I-Skill
senior JJ X I-Skill
campus JJ X I-Skill
staff NN X I-Skill
including VBG X O
the DT X O
Finance NNP X B-Occupation
& CC X I-Occupation
Business NNP X I-Occupation
manager NN X I-Occupation
. . X O
Due JJ X O

to TO X O
continual JJ X O
development NN X O
and CC X O
progression NN X O
, , X O
our PRP$ X O
client NN X O
is VBZ X O
looking VBG X O
for IN X O
an DT X O
additional JJ X O
Network NNP X B-Occupation
Administrator NNP X I-Occupation
to TO X O
join VB X O
a DT X O
10 CD X B-Skill
Network NNP X I-Skill
support NN X I-Skill
, , X O
design NN X B-Skill
and CC X O
project NN X B-Skill
team NN X I-Skill
working VBG X I-Skill
on IN X I-Skill
a DT X I-Skill
global JJ X I-Skill
WAN NNP X I-Skill
network NN X I-Skill
infrastructure NN X I-Skill
across IN X O
20 CD X O
countries NNS X O
and CC X O
a DT X O
200million CD X O
client NN X O
base NN X O
As IN X O
our PRP$ X O
client NN X O
is VBZ X O
focused VBN X O
at IN X O
delivering VBG X B-Skill
online JJ X I-Skill
media NNS X I-Skill
to TO X I-Skill
endusers NNS X I-Skill
over IN X I-Skill
the DT X I-Skill
internet NN X I-Skill
, , X O
they PRP X O
have VBP X O
more JJR X O
customers NNS X O
than IN X O
the DT X O
norm NN X O
. . X O
Coordinating VBG X O

staff NN X O
travel NN X O
requirements NNS X O
Coordinating VBG X B-Skill
incoming VBG X I-Skill
travel NN X I-Skill
enquiries NNS X I-Skill
and CC X I-Skill
bookings NNS X I-Skill
Permanent JJ X O

opportunities NNS X O
may MD X O
be VB X O
available JJ X O
for IN X O
the DT X O
right JJ X O
candidate NN X O
You PRP X O

ll VBP X O
be VB X O
on IN X O
the DT X O
fast JJ X B-Skill
track NN X I-Skill
to TO X O
a DT X O
rewarding VBG X O
managerial JJ X B-Skill
career NN X O
with IN X O
us PRP X O
Good JJ X O

interpersonal NN X B-Skill
and CC X I-Skill
communication NN X I-Skill
skills NNS X I-Skill
and CC X O
the DT X O
ability NN X B-Skill
to TO X I-Skill
form VB X I-Skill
effective JJ X I-Skill
working VBG X I-Skill
relationships NNS X I-Skill
with IN X I-Skill
other JJ X I-Skill
individuals NNS X I-Skill
, , X I-Skill
departments NNS X I-Skill
and CC X I-Skill
businesses NNS X I-Skill
. . X O
Non NNP X O

home NN X O
/ NNP X O
EU NNP X O
applicants NNS X O
must MD X O
be VB X O
able JJ X O
to TO X O
satisfy VB X O
the DT X O
University NNP X O
of IN X O
Liverpool NNP X O
English NNP X O
language NN X O
requirements NNS X O
and CC X O
the DT X O
covering JJ X O
letter NN X O
must MD X O
state NN X O
visa VB X O
position NN X O
and CC X O
ability NN X O
to TO X O
provide VB X O
additional JJ X O
funds NNS X O
for IN X O
overseas JJ X O
fees NNS X O
. . X O
Full JJ X O

Time NNP X O
, , X O
Permanent NNP X O
Motor NNP X B-Domain
Trade NNP X I-Domain
Jobs NNP X O
/ NNP X O
Automotive NNP X B-Domain
Vacancies NNS X O
: : X O
Automotive JJ X B-Occupation
Car NNP X I-Occupation
Sales NNS X I-Occupation
Executive NN X I-Occupation
required VBN X O
in IN X O
Bromley NNP X O
, , X O
Kent NNP X O
. . X O
Support NNP X O

the DT X O
Finance NNP X B-Occupation
Manager NNP X I-Occupation
in IN X O
the DT X O
completion NN X B-Skill
of IN X I-Skill
statutory JJ X I-Skill
returns NNS X I-Skill
including VBG X O
VAT NNP X B-Skill
, , X O
Charity NNP X B-Skill
Commission NNP X O
, , X O
Entrust NNP X B-Skill
, , X O
Groundwork NNP X B-Skill
Federation NNP X I-Skill
etc FW X O
Assist NNP X O
in IN X O
the DT X O
production NN X B-Skill
of IN X I-Skill
monthly JJ X I-Skill
management NN X I-Skill
accounts NNS X I-Skill
Assist VBP X O
the DT X O
Senior NNP X B-Occupation
Finance NNP X I-Occupation
Officer NNP X I-Occupation
with IN X O
all DT X O
aspects NNS X O
of IN X O
the DT X O
p NN X B-Skill
urchase JJ X I-Skill
ledger NN X I-Skill
as IN X O
required VBN X O
R NNP X B-Skill
echarge VBP X I-Skill
mobile JJ X I-Skill
phone NN X I-Skill
cos NN X I-Skill
ts NN X I-Skill
to TO X O
projects NNS X O
and CC X O
personal JJ X O
calls NNS X O
to TO X O
staff NN X O
Commercial JJ X B-Skill

software NN X I-Skill
experience NN X O
is VBZ X O
essential JJ X O
with IN X O
strong JJ X O
MS NNP X B-Skill
Office NNP X I-Skill
skills NNS X I-Skill
, , X O
and CC X O
any DT X O
knowledge NN X B-Skill
of IN X I-Skill
asset NN X I-Skill
management NN X I-Skill
, , X O
property NN X B-Skill
, , X O
local JJ X B-Skill
authorities NNS X I-Skill
, , X O
surveying VBG X B-Skill
, , X O
accounting VBG X B-Skill
software NN X I-Skill
, , X O
Oracle NNP X B-Skill
, , X O
SQL NNP X B-Skill
, , X O
project NN X B-Skill
management NN X I-Skill
or CC X O
MS NNP X B-Skill
Project NNP X I-Skill
would MD X O
all RB X O
be VB X O
an DT X O
added JJ X O
bonus NN X O
. . X O
is VBZ X O

a DT X O
leading VBG X O
provider NN X O
of IN X O
permanent JJ X O
recruitment NN X B-Domain
, , X O
contract NN X O
professionals NNS X B-Occupation
and CC X O
talent JJ X B-Skill
management NN X I-Skill
solutions NNS X I-Skill
worldwide VBP X O
. . X O
e NN X O

. . X O
g NN X O
. . X O
chemical JJ X O
Check NNP X O
parameters NNS X O
on IN X O
effluent NN X O
waters NNS X O
to TO X O
ensure VB X O
compliance NN X O
with IN X O
Trade NNP X O
Effluent NNP X O
Consent NNP X O
Optimise VB X O

the DT X O
risk NN X O
and CC X O
reward JJ X O
performance NN X O
of IN X O
Risk NNP X B-Skill
Strategy NNP X I-Skill
through IN X O
understanding VBG X B-Skill
the DT X I-Skill
customer NN X I-Skill
behaviour NN X I-Skill
and CC X O
the DT X O
impacts NNS X O
to TO X O
key VB X O
P NNP X O
& CC X O
L NNP X O
lines NNS X O
and CC X O

we PRP X O
believe VBP X O
all DT X O
children NNS X B-Skill
should MD X I-Skill
be VB X I-Skill
encouraged VBN X I-Skill
to TO X I-Skill
maximize VB X I-Skill
their PRP$ X I-Skill
potential JJ X I-Skill
. . X O
Development NNP X B-Skill

and CC X I-Skill
support NN X I-Skill
of IN X I-Skill
inhouse NN X I-Skill
identity NN X I-Skill
management NN X I-Skill
tools NNS X I-Skill
used VBN X I-Skill
in IN X I-Skill
schools NNS X I-Skill
across IN X I-Skill
the DT X I-Skill
UK NNP X I-Skill
Develop NNP X I-Skill
reusable JJ X I-Skill
, , X I-Skill
Object NNP X I-Skill
Orientated NNP X I-Skill
code NN X I-Skill
for IN X I-Skill
team NN X I-Skill
use NN X I-Skill
Identity NNP X I-Skill
Management NNP X I-Skill
and CC X I-Skill
Infrastructure NNP X I-Skill
Integration NNP X I-Skill
team NN X I-Skill
member NN X I-Skill
Contribute NNP X I-Skill
to TO X I-Skill
strategic JJ X I-Skill
vision NN X I-Skill
for IN X I-Skill
Identity NNP X I-Skill
Management NNP X I-Skill
solutions NNS X I-Skill
Contribute NNP X I-Skill
to TO X I-Skill
definition NN X I-Skill
of IN X I-Skill
development NN X I-Skill
team NN X I-Skill
patterns NNS X I-Skill
and CC X I-Skill
practises NNS X I-Skill
Participate NNP X I-Skill
in IN X I-Skill
product NN X I-Skill
development NN X I-Skill
teams NNS X I-Skill
using VBG X I-Skill
Scrum NNP X I-Skill
methodology NN X I-Skill
Work NN X I-Skill
with IN X I-Skill
the DT X I-Skill
infrastructure NN X I-Skill
team NN X I-Skill
on IN X I-Skill
single JJ X I-Skill
sign NN X I-Skill
on IN X I-Skill
solutions NNS X I-Skill
and CC X I-Skill
problems NNS X I-Skill
NDT NNP X B-Occupation

Technical NNP X I-Occupation
Manager NNP X I-Occupation
Level NNP X O
III NNP X O
C NNP X O
**** NNP X O
K NNP X O
Excellent NNP X O
Commission NNP X O
neg FW X O
dep NN X O
exp NN X O
The DT X O

ideal JJ X O
candidate NN X O
will MD X O
also RB X O
have VB X O
extensive JJ X O
experience NN X B-Skill
with IN X I-Skill
virtual JJ X I-Skill
technologies NNS X I-Skill
such JJ X O
as IN X O
VMWare NNP X B-Skill
, , X O
VSpehere NNP X B-Skill
and CC X O
HyperV NNP X B-Skill
. . X O
MCTS NNP X B-Qualification
or CC X I-Qualification
VCP NNP X I-Qualification
certifications NNS X I-Qualification
are VBP X O
extremely RB X O
beneficial JJ X O
. . X O
Proactively RB X O

work NN X O
to TO X O
build VB X B-Skill
commercial JJ X I-Skill
relationships NNS X I-Skill
with IN X I-Skill
relevant JJ X I-Skill
external JJ X I-Skill
stakeholders NNS X I-Skill
We PRP X O

ve VBP X O
been VBN X O
in IN X O
housing NN X O
for IN X O
nearly RB X O
50 CD X O
years NNS X O
and CC X O
have VBP X O
doubled VBN X O
in IN X O
size NN X O
since IN X O
General NNP X B-Occupation

Manager NNP X I-Occupation
Job NNP X O
Description NNP X O
New NNP X O
and CC X O
unique JJ X O
concept NN X O
which WDT X O
is VBZ X O
taking VBG X O
the DT X O
UK NNP X O
by IN X O
STORM NNP X O
Platinum NNP X O

Recruitment NNP X O
Consultancy NNP X O
are VBP X O
prohibited VBN X O
from IN X O
charging VBG X O
workseekers NNS X O
for IN X O
work NN X O
finding NN X O
services NNS X O
. . X O
url JJ X O

removed VBD X O
Recommend NNP X O
a DT X O
friend NN X O
or CC X O
colleague NN X O
or CC X O
let VB X O
us PRP X O
know VB X O
about IN X O
any DT X O
job NN X O
that IN X O
you PRP X O
heard VBP X O
of IN X O
to TO X O
claim VB X O
a DT X O
referral JJ X O
fee NN X O
. . X O
The DT X O

ideal JJ X O
candidate NN X O
will MD X O
have VB X O
experience NN X O
in IN X O
teaching VBG X B-Skill
retail JJ X I-Skill
as RB X O
well RB X O
as IN X O
required VBN X O
skills NNS X O
for IN X O
supporting VBG X O
candidates NNS X O
into IN X O
sustainable JJ X O
employment NN X O
. . X O
Analytical NNP X B-Skill

, , X O
logical JJ X B-Skill
and CC X O
able JJ X O
to TO X O
analyse VB X B-Skill
business NN X I-Skill
processes NNS X I-Skill
Demonstrable NNP X O
ability NN X O
and CC X O
experience NN X O
with IN X O
PHP NNP X B-Skill
Excellent NNP X O
experience NN X O
with IN X O
complex JJ X O
SQL NNP X B-Skill
queries NNS X O
Working NNP X O
knowledge NN X O
of IN X O
JavaScript NNP X B-Skill
and CC X O
AJAX NNP X B-Skill
Provide NNP X O

administrative JJ X B-Skill
support NN X I-Skill
to TO X O
the DT X O
Management NNP X B-Domain
Team NNP X O
, , X O
including VBG X O
managing NN X B-Skill
of IN X I-Skill
the DT X I-Skill
M NNP X I-Skill
. . X I-Skill
D NNP X I-Skill
s JJ X I-Skill
diary NN X I-Skill
, , X O
booking VBG X B-Skill
and CC X O
checking VBG X B-Skill
meetings NNS X I-Skill
, , X O
making VBG X O
travel NN X B-Skill
and CC X I-Skill
accommodation NN X I-Skill
arrangemen NNS X I-Skill
Take VBP X I-Skill
minutes NNS X I-Skill
at IN X I-Skill
meetings NNS X I-Skill
Proactively NNP X O
prepare NN X B-Skill
for IN X I-Skill
client NN X I-Skill
meetings NNS X I-Skill
The DT X O

individual JJ X O
must MD X O
possess VB X O
the DT X O
following JJ X O
knowledge NN X O
, , X O
skills NNS X O
and CC X O
abilities NNS X O
and CC X O
be VB X O
able JJ X B-Skill
to TO X I-Skill
explain VB X I-Skill
and CC X I-Skill
demonstrate VB X I-Skill
that IN X I-Skill
he PRP X I-Skill
or CC X I-Skill
she PRP X I-Skill
can MD X I-Skill
perform VB X I-Skill
the DT X I-Skill
essential JJ X I-Skill
functions NNS X I-Skill
of IN X I-Skill
the DT X I-Skill
job NN X I-Skill
, , X I-Skill
with IN X I-Skill
or CC X I-Skill
without IN X I-Skill
reasonable JJ X I-Skill
accommodation NN X I-Skill
. . X O
?? NN X O
Providing VBG X B-Skill

detailed JJ X I-Skill
reports NNS X I-Skill
of IN X I-Skill
call NN X I-Skill
centre NN X I-Skill
logs NNS X I-Skill
and CC X I-Skill
inputting VBG X I-Skill
the DT X I-Skill
data NN X I-Skill
needed VBD X I-Skill
to TO X I-Skill
create VB X I-Skill
these DT X I-Skill
reports NNS X I-Skill
. . X O
A DT X O

key JJ X O
customer NN X B-Skill
facing VBG X I-Skill
role NN X I-Skill
, , X O
you PRP X O
will MD X O
be VB X O
the DT X O
first JJ X B-Skill
point NN X I-Skill
of IN X I-Skill
contact NN X I-Skill
for IN X I-Skill
customers NNS X I-Skill
entering VBG X I-Skill
the DT X I-Skill
service NN X I-Skill
department NN X I-Skill
. . X O
The DT X O

Pastry NNP X B-Occupation
Chef NNP X I-Occupation
will MD X O
be VB X O
responsible JJ X O
for IN X O
assisting VBG X B-Skill
in IN X I-Skill
maintaining VBG X I-Skill
high JJ X I-Skill
levels NNS X I-Skill
of IN X I-Skill
hygiene NN X I-Skill
and CC X I-Skill
health NN X I-Skill
and CC X I-Skill
safety NN X I-Skill
The DT X O

C NNP X B-Occupation
I PRP X I-Occupation
engineer VBP X I-Occupation
will MD X O
supervise VB X B-Skill
the DT X I-Skill
installation NN X I-Skill
and CC X I-Skill
commissioning NN X I-Skill
of IN X I-Skill
these DT X I-Skill
systems NNS X I-Skill
within IN X O
the DT X O
plant NN X O
. . X O
Therefore RB X O

, , X O
the DT X O
ability NN X B-Skill
and CC X I-Skill
experience NN X I-Skill
of IN X I-Skill
working VBG X I-Skill
in IN X I-Skill
partnership NN X I-Skill
with IN X I-Skill
organisations NNS X I-Skill
in IN X I-Skill
a DT X I-Skill
mutually RB X I-Skill
beneficial JJ X I-Skill
relationship NN X I-Skill
is VBZ X O
essential JJ X O
. . X O
Interview NNP X O

slots NNS X O
available JJ X O
, , X O
please JJ X O
email NN X O
with IN X O
CV NNP X O
or CC X O
call VB X O
for IN X O
further JJ X O
information NN X O
. . X O
In IN X O

return NN X O
for IN X O
your PRP$ X O
hard JJ X B-Skill
work NN X I-Skill
and CC X O
commitment NN X B-Skill
we PRP X O
offer VBP X O
competitive JJ X O
rates NNS X O
of IN X O
pay NN X O
and CC X O
benefits NNS X O
. . X O
**** JJ X O

st NN X O
line NN X O
customer NN X B-Skill
support NN X I-Skill
via IN X I-Skill
phone NN X I-Skill
and CC X I-Skill
email NN X I-Skill
in IN X O
a DT X O
professional JJ X O
and CC X O
timely JJ X O
manner NN X O
in IN X O
both DT X B-Skill
English NNP X I-Skill
and CC X I-Skill
French NNP X I-Skill
, , X O
working VBG X O
as IN X O
part NN X O
of IN X O
a DT X O
team NN X O
to TO X O
achieve VB X B-Skill
team NN X I-Skill
goals NNS X I-Skill
and CC X O
service NN X B-Skill
level NN X I-Skill
targets NNS X I-Skill
to TO X O
maintain VB X B-Skill
that DT X I-Skill
high JJ X I-Skill
level NN X I-Skill
of IN X I-Skill
customer NN X I-Skill
satisfaction NN X I-Skill
The DT X O

Candidate NN X O
: : X O
Proven NNP X O
track NN X B-Skill
record NN X I-Skill
of IN X I-Skill
managing VBG X I-Skill
multiple JJ X I-Skill
services NNS X I-Skill
for IN X I-Skill
adults NNS X I-Skill
with IN X I-Skill
learning VBG X I-Skill
disabilities NNS X I-Skill
in IN X I-Skill
a DT X I-Skill
community NN X I-Skill
setting VBG X O
Proven NNP X O
budgetary JJ X B-Skill
responsibility NN X I-Skill
with IN X I-Skill
the DT X I-Skill
ability NN X I-Skill
to TO X I-Skill
participate VB X I-Skill
in IN X I-Skill
service NN X I-Skill
development NN X I-Skill
and CC X I-Skill
improvement NN X I-Skill
You PRP X O
will MD X O
be VB X O
passionate JJ X B-Skill
about IN X I-Skill
providing VBG X I-Skill
outstanding JJ X I-Skill
care NN X I-Skill
to TO X I-Skill
service NN X I-Skill
users NNS X I-Skill
To TO X O
find VB X O
out RP X O
more JJR X O
about IN X O
this DT X O
opportunity NN X O
please NN X O
get VB X O
in IN X O
touch NN X O
by IN X O
sending VBG X O
your PRP$ X O
C NNP X O
. . X O
V NNP X O
to TO X O
or CC X O
contact VB X O
The DT X O

post NN X O
holder NN X O
will MD X O
liaise VB X B-Skill
with IN X I-Skill
local JJ X I-Skill
people NNS X I-Skill
, , X I-Skill
local JJ X I-Skill
community NN X I-Skill
groups NNS X I-Skill
and CC X I-Skill
partner NN X I-Skill
organisations NNS X I-Skill
to TO X O
address VB X O
areas NNS X O
of IN X O
need NN X O
. . X O
An DT X O

ability NN X B-Skill
to TO X I-Skill
work VB X I-Skill
methodically RB X I-Skill
and CC X O
cope VB X B-Skill
well RB X I-Skill
when WRB X I-Skill
working VBG X I-Skill
under IN X I-Skill
pressure NN X I-Skill
is VBZ X O
a DT X O
must MD X O
with IN X O
a DT X O
firm JJ X O
understanding NN X B-Skill
of IN X I-Skill
workload NN X I-Skill
planning NN X I-Skill
and CC X O
organisational JJ X B-Skill
skills NNS X O
. . X O
In IN X O

addition NN X O
to TO X O
Direct NNP X B-Skill
Sales NNS X I-Skill
, , X O
experience NN X B-Skill
of IN X I-Skill
working VBG X I-Skill
with IN X I-Skill
Technology NNP X I-Skill
and CC X I-Skill
Delivery NNP X I-Skill
Partners NNPS X I-Skill
is VBZ X O
required VBN X O
. . X O
We PRP X O

re VBP X O
investing VBG X O
in IN X O
the DT X O
future NN X O
ethically RB X O
and CC X O
responsibly RB X O
. . X O
To TO X O

be VB X O
the DT X O
successful JJ X O
SharePoint NNP X B-Occupation
Developer NNP X I-Occupation
you PRP X O
will MD X O
possess VB X O
the DT X O
following JJ X O
skills NNS X O
/ JJ X O
experience NN X O
: : X B-Skill
Net JJ X I-Skill
ASP NNP X I-Skill
. . X I-Skill
NET NNP X I-Skill
, , X I-Skill
VB NNP X I-Skill
. . X I-Skill
NET NNP X I-Skill
, , X O
C NNP X B-Skill
, , X O
ADO NNP X B-Skill
. . X I-Skill
NET NNP X I-Skill
SQL NNP X I-Skill
If IN X O

you PRP X O
can MD X O
bring VB X O
a DT X O
mastery NN X O
to TO X O
the DT X O
analytical JJ X B-Skill
and CC X O
insight JJ X O
aspects NNS X O
of IN X O
this DT X O
role NN X O
, , X O
whilst NN X O
also RB X O
developing VBG X B-Skill
the DT X I-Skill
Category NN X I-Skill
to TO X O
maximise VB X O
potential JJ X O
across IN X O
the DT X O
market NN X B-Skill
then RB X O
we PRP X O
would MD X O
welcome VB X O
your PRP$ X O
application NN X O
for IN X O
this DT X O
role NN X O
. . X O
The DT X O

successful JJ X O
applicant NN X O
will MD X O
play VB X O
a DT X O
pivotal JJ X O
role NN X O
in IN X O
the DT X O
further JJ X O
growth NN X O
of IN X O
this DT X O
team NN X O
. . X O
THE DT X O

COMPANY NNP X O
FTSE NNP X O
100 CD X O
organisation NN X O
that WDT X O
designs VBZ X B-Skill
and CC X I-Skill
manufacturers NNS X I-Skill
high JJ X I-Skill
technology NN X I-Skill
products NNS X I-Skill
for IN X O
the DT X O
global JJ X O
aerospace NN X B-Domain
industry NN X I-Domain
. . X O
Automotive NNP X O

, , X O
Motor NNP X O
Trade NNP X O
Job NNP X O
: : X O
Paint NNP X B-Occupation
Sprayer NNP X I-Occupation
required VBN X O
in IN X O
Leicester NNP X O
Salary NNP X O
: : X O
They PRP X O

are VBP X O
keen JJ X O
to TO X O
make VB X O
sure JJ X O
that IN X O
General NNP X B-Occupation
Manager NNP X I-Occupation
s NN X O
are VBP X O
passionate JJ X B-Skill
about IN X I-Skill
delivering VBG X I-Skill
quality NN X I-Skill
and CC X I-Skill
service NN X I-Skill
and CC X O
this DT X O
is VBZ X O
key JJ X O
to TO X O
their PRP$ X O
business NN X O
success NN X O
. . X O
If IN X O

you PRP X O
are VBP X O
interested JJ X O
in IN X O
applying VBG X O
for IN X O
this DT X O
position NN X O
, , X O
you PRP X O
must MD X O
provide VB X O
a DT X O
covering JJ X O
letter NN X O
detailing VBG X O
why WRB X O
you PRP X O
think VBP X O
you PRP X O
are VBP X O
the DT X O
suitable JJ X O
candidate NN X O
for IN X O
this DT X O
position NN X O
drawing VBG X O
attention NN X O
to TO X O
the DT X O
essential JJ X O
skills NNS X O
as RB X O
above IN X O
as RB X O
well RB X O
as IN X O
a DT X O
copy NN X O
of IN X O
your PRP$ X O
CV NNP X O
. . X O
Please NNP X O
email VB X O
this DT X O
to TO X O
peterhogansestateagents NNS X O
. . X O
co NN X O
. . X O
uk NN X O
To TO X O

interview NN X O
for IN X O
this DT X O
role NN X O
you PRP X O
do VBP X O
not RB X O
need VB X O
experience NN X O
within IN X O
learner NN X O
engagement NN X O
directly RB X O
, , X O
however RB X O
you PRP X O
must MD X O
have VB X O
experience NN X O
of IN X O
working VBG X B-Skill
with IN X I-Skill
young JJ X I-Skill
people NNS X I-Skill
in IN X O
some DT X O
capacity NN X O
and CC X O
also RB X O
of IN X O
working VBG X B-Skill
to TO X I-Skill
targets NNS X I-Skill
. . X O
You PRP X O

will MD X O
be VB X O
: : X B-Skill
CreativeAttention NN X O
to TO X B-Skill
detailFlexibleConfidentAdaptable VB X O
to TO X B-Skill
our PRP$ X I-Skill
way NN X I-Skill
of IN X I-Skill
working VBG X I-Skill
but CC X I-Skill
not RB X I-Skill
shy JJ X I-Skill
to TO X I-Skill
suggest VB X I-Skill
alternative JJ X I-Skill
methods NNS X I-Skill
if IN X I-Skill
proved VBN X I-Skill
betterTo JJ X O
support NN X B-Skill
Director NNP X B-Occupation
, , X O
International NNP X B-Skill
Events NNS X I-Skill
when WRB X I-Skill
required VBN X I-Skill
but CC X I-Skill
will MD X I-Skill
also RB X I-Skill
manage VB X I-Skill
own JJ X I-Skill
programmes NNS X I-Skill
and CC X I-Skill
accountsForeign JJ X O
language NN X B-Skill
beneficial JJ X O
but CC X O
not RB X O
requiredAutomotive JJ X O
Sector NNP X B-Skill
experience NN X I-Skill
beneficial JJ X O
but CC X O
not RB X O
requiredWilling VBG X O
to TO X O
work VB X B-Skill
weekends NNS X I-Skill
, , X I-Skill
evenings NNS X I-Skill
and CC X I-Skill
travel NN X I-Skill
overseas RB X I-Skill
for IN X I-Skill
periods NNS X I-Skill
of IN X I-Skill
time NN X I-Skill
as IN X O
needed VBN X O
by IN X O
the DT X O
events NNS X O
undertaken JJ X O
must MD X O
not RB X O
have VB X O
exclusions NNS X O
from IN X O
travelling VBG X O
to TO X O
any DT X O
countries NNS X O
Someone NNP X O
who WP X O
mucks VBZ X O
in IN X O
and CC X O
does VBZ X O
all PDT X O
the DT X O
jobs NNS X O
required VBN X O
on IN X O
their PRP$ X O
event NN X O
as IN X O
we PRP X O
do VBP X O
not RB X O
have VB X O
a DT X O
hierarchy NN X O
, , X O
assistants NNS X O
and CC X O
teams NNS X O
to TO X O
do VB X O
work NN X O
for IN X O
you PRP X O
. . X O
Packaging VBG X B-Skill

other JJ X I-Skill
electrical JJ X I-Skill
commodities NNS X I-Skill
following VBG X I-Skill
required JJ X I-Skill
standards NNS X I-Skill
Background NNP X O
& CC X O
Knowledge NNP X O
o NN X O
Must NNP X B-Skill
have VBP X I-Skill
completed VBN X I-Skill
a DT X I-Skill
minimum NN X I-Skill
of IN X I-Skill
one CD X I-Skill
vehicle NN X I-Skill
development NN X I-Skill
. . X O
**** NN X O

products NNS X O
Order NNP X B-Skill
processing VBG X I-Skill
Dealing VBG X I-Skill
with IN X I-Skill
all DT X I-Skill
client NN X I-Skill
enquiries VBZ X I-Skill
Requirements NNS X O
: : X O
YOU PRP X O
MUST VBP X O
HAVE VB X O
THE NNP X O
FOLLOWING NNP X O
Sales NNS X B-Domain
experience NN X O
To TO X O

apply VB X O
please JJ X O
send VB X O
your PRP$ X O
accurate NN X O
and CC X O
current JJ X O
CV NNP X O
to TO X O
Nell NNP X O
Myers NNP X O
stating VBG X O
J NNP X O
2 CD X B-Experience

years NNS X I-Experience
experience JJ X I-Experience
Experience NNP X O
of IN X O
systems NNS X B-Skill
and CC X I-Skill
invoicing VBG X I-Skill
A NNP X O
good JJ X O
understanding NN X B-Skill
of IN X I-Skill
currencies NNS X I-Skill
Computer NNP X I-Skill
Literate NNP X I-Skill
in IN X O
office NN X B-Skill
, , X O
outlook NN X B-Skill
, , X O
word NN X B-Skill
and CC X O
excel NN X B-Skill
You PRP X O

will MD X O
be VB X O
a DT X O
Qualified NNP X B-Qualification
Registered NNP X I-Qualification
Nurse NNP X I-Qualification
RGN NNP X O
and CC X O
be VB X B-Qualification
registered VBN X I-Qualification
with IN X I-Qualification
the DT X I-Qualification
NMC NNP X I-Qualification
. . X O
Excellent JJ X O

interpersonal JJ X B-Skill
skills NNS X I-Skill
and CC X O
the DT X O
ability NN X B-Skill
to TO X I-Skill
mentor NN X I-Skill
and CC X I-Skill
coach JJ X I-Skill
staff NN X I-Skill
Experience NNP X I-Skill
in IN X O
a DT X O
supervisory JJ X O
/ NN X O
team NN X B-Skill
leading VBG X I-Skill
role NN X O
Ensure NN X B-Skill

that IN X I-Skill
all DT X I-Skill
relevant JJ X I-Skill
statutory NN X I-Skill
, , X I-Skill
registration NN X I-Skill
and CC X I-Skill
contractual JJ X I-Skill
requirements NNS X I-Skill
are VBP X I-Skill
met VBN X I-Skill
and CC X I-Skill
that IN X I-Skill
policies NNS X I-Skill
are VBP X I-Skill
correctly RB X I-Skill
applied VBN X I-Skill
. . X O
Senior JJ X O

DSP NNP X O
engineer NN X O
, , X O
Algorithms NNP X O
, , X O
Thames NNP X O
valley NNP X O
, , X O
Audio NNP X O
DSP NNP X O
algorithms NN X O
, , X O
digital JJ X O
filter NN X O
design NN X O
, , X O
audio JJ X O
algorithm NN X O
design NN X O
, , X O
acoustics NNS X O
, , X O
fixedpoint NN X O
implementation NN X O
, , X O
adaptive JJ X O
filters NNS X O
, , X O
C NNP X O
/ NNP X O
C NNP X O
++, NNP X O
embedded VBD X O
, , X O
software NN X O
, , X O
codec NN X O
, , X O
IC NNP X O
Software NNP X O
your PRP$ X O
first JJ X O
contact NN X O
for IN X O
Embedded NNP X O
, , X O
DSP NNP X O
Software NNP X O
jobs NNS X O
. . X O
The DT X O

closing NN X O
date NN X O
for IN X O
applications NNS X O
is VBZ X O
31st CD X O
January NNP X O
2013 CD X O
Must NNP X O
be VB X O
able JJ X O
to TO X O
attend VB X O
first JJ X O
stage NN X O
assessments NNS X O
on IN X O
7th CD X O
/ JJ X O
8th CD X O
February NNP X O
2013 CD X O
and CC X O
2nd CD X O
stage NN X O
assessments NNS X O
on IN X O
12th CD X O
February NNP X O
2013 CD X O
This DT X O

role NN X O
requires VBZ X O
someone NN X O
with IN X O
previous JJ X O
experience NN X O
of IN X O
maintaining VBG X B-Skill
consolidation NN X I-Skill
systems NNS X I-Skill
. . X O
Ensuring VBG X B-Skill

that IN X I-Skill
residents NNS X I-Skill
maintain VBP X I-Skill
their PRP$ X I-Skill
dignity NN X I-Skill
, , X I-Skill
choice NN X I-Skill
and CC X I-Skill
individuality NN X I-Skill
. . X O
To TO X O

contribute VB X O
to TO X O
the DT X O
delivery NN X B-Skill
and CC X I-Skill
monitoring NN X I-Skill
of IN X I-Skill
course NN X I-Skill
units NNS X I-Skill
and CC X O
assist NN X O
in IN X O
the DT X O
planning NN X B-Skill
and CC X I-Skill
development NN X I-Skill
of IN X I-Skill
other JJ X I-Skill
courses NNS X I-Skill
, , X O
in IN X O
order NN X O
to TO X O
contribute VB X B-Skill
collaboratively RB X I-Skill
, , X I-Skill
economically RB X I-Skill
and CC X I-Skill
systematically RB X I-Skill
to TO X O
the DT X O
college NN X O
academic JJ X B-Skill
and CC X I-Skill
resource JJ X I-Skill
systems NNS X I-Skill
. . X O
The DT X O

candidate NN X O
will MD X O
also RB X O
provide VB X O
technical JJ X B-Skill
support NN X I-Skill
to TO X O
Sales NNS X B-Domain
and CC X O
Marketing NNP X B-Domain
and CC X O
occasionally RB X O
make VB X O
presentations NNS X B-Skill
to TO X I-Skill
both DT X I-Skill
internal JJ X I-Skill
and CC X I-Skill
external JJ X I-Skill
customers NNS X I-Skill
Candidates NNS X O

MUST NNP X O
have VBP X O
previous JJ X O
experience NN X O
in IN X O
a DT X O
similar JJ X O
role NN X O
within IN X O
a DT X O
consultancy NN X B-Domain
firm NN X O
. . X O
My PRP$ X O

client NN X O
is VBZ X O
a DT X O
leading VBG X O
High NNP X O
Street NNP X O
fashion NN X B-Domain
supplier NN X O
with IN X O
a DT X O
lively JJ X O
head NN X O
office NN X O
in IN X O
London NNP X O
. . X O
If IN X O

you PRP X O
are VBP X O
a DT X B-Skill
proactive JJ X I-Skill
, , X O
organised JJ X B-Skill
and CC X O
a DT X O
great JJ X O
communicator NN X B-Skill
then RB X O
this DT X O
is VBZ X O
the DT X O
opportunity NN X O
for IN X O
you PRP X O
The DT X O
Company NN X O
The DT X O

post NN X O
holder NN X O
will MD X O
work VB X O
at IN X O
least JJS X O
2 CD X O
shifts NNS X O
per IN X O
week NN X O
on IN X O
the DT X O
floor NN X O
. . X O
This DT X O

is VBZ X O
a DT X O
rare JJ X O
opporunity NN X O
to TO X O
join VB X O
one CD X O
of IN X O
THE NNP X O
major JJ X O
players NNS X O
in IN X O
recruitment NN X O
today NN X O
. . X O
Project NN X B-Occupation

Manager NNP X I-Occupation
with IN X O
Electrical NNP X B-Skill
/ NNP X I-Skill
Mechanical NNP X I-Skill
technical JJ X I-Skill
knowledge NN X I-Skill
and CC X I-Skill
experience NN X I-Skill
. . X O
A DT X O

proven JJ X B-Skill
practitioner NN X I-Skill
of IN X I-Skill
preventative JJ X I-Skill
maintenance NN X I-Skill
, , X O
predictive JJ X B-Skill
maintenance NN X I-Skill
, , X O
problem NN X B-Skill
solving NN X I-Skill
and CC X I-Skill
continuous JJ X I-Skill
improvement NN X I-Skill
skills NNS X I-Skill
. . X O
SharePoint NNP X O

Developer NNP X B-Occupation
required VBD X O
for IN X O
leading VBG X O
finance NN X O
client NN X O
who WP X O
are VBP X O
working VBG X B-Skill
on IN X I-Skill
a DT X I-Skill
number NN X I-Skill
of IN X I-Skill
leading VBG X I-Skill
edge NN X I-Skill
projects NNS X I-Skill
with IN X I-Skill
large JJ X I-Skill
scale JJ X I-Skill
clients NNS X I-Skill
. . X O
To TO X O

be VB X O
considered VBN X O
for IN X O
this DT X O
role NN X O
, , X O
you PRP X O
will MD X O
demonstrate VB X O
excellent JJ X O
communication NN X B-Skill
skills NNS X I-Skill
, , X I-Skill
hunter NN X I-Skill
mentality NN X I-Skill
, , X I-Skill
be VB X I-Skill
results NNS X I-Skill
driven VBN X I-Skill
and CC X I-Skill
have VBP X I-Skill
the DT X I-Skill
ability NN X I-Skill
to TO X I-Skill
achieve VB X I-Skill
clear JJ X I-Skill
goals NNS X I-Skill
and CC X I-Skill
objectives NNS X I-Skill
. . X O
Our PRP$ X O

client NN X O
is VBZ X O
looking VBG X O
for IN X O
a DT X O
candiates NNS X O
with IN X O
at IN X B-Experience
least JJS X I-Experience
2 CD X I-Experience
years NNS X I-Experience
experience NN X I-Experience
of IN X O
GCMS NNP X B-Domain
in IN X O
industry NN X O
. . X O
Investigate NNP X B-Skill

all DT X I-Skill
stock NN X I-Skill
shortages NNS X I-Skill
and CC X I-Skill
report NN X I-Skill
to TO X I-Skill
customer NN X I-Skill
service NN X I-Skill
. . X O
SMPS NN X B-Skill

to TO X I-Skill
product NN X I-Skill
specification NN X I-Skill
, , X O
EMC NNP X B-Skill
/ NNP X I-Skill
thermal JJ X I-Skill
testing NN X I-Skill
, , X O
evaluating VBG X B-Skill
different JJ X I-Skill
power NN X I-Skill
components NNS X I-Skill
and CC X O
working VBG X B-Skill
with IN X I-Skill
project NN X I-Skill
managers NNS X I-Skill
to TO X I-Skill
ensure VB X I-Skill
deadlines NNS X I-Skill
are VBP X I-Skill
met VBN X I-Skill
. . X O
For IN X O

more JJR X O
vacancies NNS X O
please VBP X O
follow VB X O
us PRP X O
on IN X O
Facebook NNP X O
, , X O
Twitter NNP X O
, , X O
visit NN X O
N NNP X O
/ VBZ X O
A DT X O
or CC X O
find VB X O
the DT X O
consultant NN X O
below IN X O
on IN X O
LinkedIn NNP X O
. . X O
We PRP X O

are VBP X O
currently RB X O
recruiting VBG X O
for IN X O
two CD X O
Administration NNP X B-Occupation
Assistants NNPS X I-Occupation
who WP X O
will MD X O
provide VB X O
administrative JJ X B-Skill
support NN X I-Skill
to TO X O
the DT X O
income NN X O
team NN X O
. . X O
PRIVATE JJ X B-Domain

HEALTH NNP X I-Domain
CARE NNP X I-Domain
Cornucopia NNP X O
are VBP X O
currently RB X O
working VBG X O
with IN X O
an DT X O
exceptional JJ X O
, , X O
award JJ X O
winning VBG X O
systems NNS X B-Occupation
integrator NN X I-Occupation
, , X O
based VBN X O
in IN X O
Leatherhead NNP X O
, , X O
Surrey NNP X O
. . X O
Two CD X O

written VBN X O
references NNS X O
, , X O
one CD X O
being VBG X O
healthcare NN X O
related VBN X O
With IN X O
over IN X O
20 CD X O
years NNS X O
experience RB X O
, , X O
Medacs NNP X O
Healthcare NNP X B-Domain
is VBZ X O
a DT X O
leading VBG X O
provider NN X O
of IN X O
healthcare NN X O
professionals NNS X O
in IN X O
the DT X O
UK NNP X O
. . X O
The DT X O

Role NN X O
: : X O
This DT X O
role NN X O
is VBZ X O
a DT X O
rare JJ X O
and CC X O
exciting JJ X O
opportunity NN X O
for IN X O
an DT X O
account NN X B-Occupation
manager NN X I-Occupation
to TO X O
join VB X O
the DT X O
market NN X O
leader NN X O
in IN X O
the DT X O
floristry NN X B-Domain
industry NN X I-Domain
. . X O
Opportunities NNS X O

to TO X O
progress VB X O
into IN X O
a DT X O
Store NNP X B-Occupation
Manager NNP X I-Occupation
, , X O
operations NNS X O
and CC X O
project NN X O
manager NN X O
roles NNS X O
are VBP X O
very RB X O
real JJ X O
. . X O
We PRP X O

looking VBG X O
for IN X O
New NNP X O
Business NNP X B-Occupation
/ NNP X I-Occupation
Account NNP X I-Occupation
Managers NNP X I-Occupation
with IN X O
experience NN X O
of IN X O
selling VBG X B-Skill
Mobility NNP X I-Skill
products NNS X I-Skill
and CC X I-Skill
services NNS X I-Skill
to TO X I-Skill
Corporate NNP X I-Skill
customers NNS X I-Skill
. . X O
Electronic NNP X B-Skill

and CC X I-Skill
hard JJ X I-Skill
copy NN X I-Skill
filing NN X I-Skill
Copy NNP X I-Skill
Typing NNP X I-Skill
To TO X O
order NN X B-Skill
the DT X I-Skill
Stationery NNP X I-Skill
and CC X I-Skill
office NN X I-Skill
supplies NNS X I-Skill
and CC X O
maintain VBP X O
an DT X O
ordering NN X B-Skill
and CC X O
stock NN X B-Skill
control NN X I-Skill
system NN X O
Invoice NNP X B-Skill
administration NN X I-Skill
checking VBG X I-Skill
/ JJ X I-Skill
resolving VBG X I-Skill
discrepancies NNS X I-Skill
The DT X O

ideal JJ X O
candidate NN X O
will MD X O
therefore VB X O
have VB X O
experience NN X O
in IN X O
working VBG X B-Skill
with IN X I-Skill
this DT X I-Skill
client NN X I-Skill
group NN X I-Skill
. . X O
This DT X O

post NN X O
is VBZ X O
subject JJ X O
to TO X O
an DT X O
Enhanced NNP X B-Qualification
CRB NNP X I-Qualification
check NN X O
. . X O
You PRP X O

will MD X O
be VB X O
liaising VBG X B-Skill
directly RB X I-Skill
with IN X I-Skill
the DT X I-Skill
client NN X I-Skill
to TO X O
determine VB X O
their PRP$ X O
needs NNS X O
and CC X O
deliver VB X O
solutions NNS X O
to TO X O
their PRP$ X O
needs NNS X O
. . X O
A DT X O

rare JJ X O
and CC X O
exciting JJ X O
opportunity NN X O
has VBZ X O
arisen VBN X O
for IN X O
an DT X O
experienced JJ X B-Skill
Merchandise NNP X B-Occupation
Manager NNP X I-Occupation
/ NNP X I-Occupation
Head NNP X I-Occupation
of IN X I-Occupation
Merchandising NNP X I-Occupation
to TO X O
join VB X O
the DT X O
head NN X O
office NN X O
team NN X O
of IN X O
one CD X O
of IN X O
the DT X O
UK NNP X O
' POS X O
s NN X O
best JJS X O
loved JJ X O
retailers NNS X O
; : X O
overseeing VBG X O
their PRP$ X O
Womenswear JJ X B-Domain
product NN X O
offering NN X O
. . X O
Tradewind NN X O

is VBZ X O
looking VBG X O
for IN X O
an DT X O
energetic JJ X B-Skill
and CC X O
passionate JJ X B-Skill
teacher NN X B-Occupation
of IN X I-Occupation
Geography NNP X I-Occupation
who WP X O
is VBZ X O
able JJ X O
to TO X O
teach VB X B-Skill
up RP X I-Skill
to TO X I-Skill
Key NNP X I-Skill
Stage NNP X I-Skill
The DT X O

Trust NNP X O
will MD X O
make VB X O
a DT X O
contribution NN X O
to TO X O
a DT X O
pension NN X O
scheme NN X O
a DT X O
fter NN X O
a DT X O
probationary JJ X O
period NN X O
. . X O
As IN X O

a DT X O
Part NNP X O
Qualified NNP X B-Occupation
Financial NNP X I-Occupation
Accountant NNP X I-Occupation
, , X O
you PRP X O
will MD X O
be VB X O
responsible JJ X B-Skill
for IN X I-Skill
providing VBG X I-Skill
financial JJ X I-Skill
information NN X I-Skill
to TO X I-Skill
our PRP$ X I-Skill
client NN X I-Skill
' '' X I-Skill
s JJ X I-Skill
management NN X I-Skill
team NN X I-Skill
by IN X O
researching VBG X B-Skill
and CC X I-Skill
analysing VBG X I-Skill
accounting NN X I-Skill
data NNS X I-Skill
and CC X O
preparing VBG X B-Skill
reports NNS X I-Skill
. . X O
Due JJ X O

to TO X O
refurbishment NN X O
of IN X O
the DT X O
building NN X O
there RB X O
has VBZ X O
been VBN X O
a DT X O
period NN X O
of IN X O
inactivity NN X O
and CC X O
in IN X O
an DT X O
attempt NN X O
to TO X O
reengage VB X B-Skill
a DT X I-Skill
wider NN X I-Skill
range NN X I-Skill
of IN X I-Skill
local JJ X I-Skill
people NNS X I-Skill
we PRP X O
, , X O
the DT X O
organisation NN X O
, , X O
wants VBZ X O
to TO X O
employ VB X O
a DT X O
community NN X B-Occupation
development NN X I-Occupation
worker NN X I-Occupation
. . X O
Our PRP$ X O

FTSE NNP X O
100 CD X O
client NN X O
based VBN X O
in IN X O
Warrington NNP X O
is VBZ X O
currently RB X O
looking VBG X O
for IN X O
a DT X O
Finance NNP X B-Occupation
Data NNP X I-Occupation
Analyst NNP X I-Occupation
to TO X O
support VB X B-Skill
data NNS X I-Skill
analysis NN X I-Skill
for IN X I-Skill
migration NN X I-Skill
from IN X O
Cognos NNP X O
to TO X O
BW NNP X O
and CC X O
the DT X O
migration NN X O
to TO X O
SAP NNP X O
BPC NNP X O
as RB X O
well RB X O
as IN X O
Chart NNP X B-Skill
of IN X I-Skill
Accounts NNP X I-Skill
Design NNP X I-Skill
. . X O
This DT X O

iOS JJ X B-Occupation
developer NN X I-Occupation
role NN X O
is VBZ X O
the DT X O
first JJ X O
permanent JJ X O
role NN X O
in IN X O
there EX X O
Apple NNP X B-Skill
iOS NN X I-Skill
team NN X O
, , X O
and CC X O
will MD X O
be VB X O
focused VBN X O
on IN X O
developing VBG X O
there EX X O
application NN X O
to TO X O
work VB X O
on IN X O
iPhone NN X B-Skill
, , X O
then RB X O
iPad NN X B-Skill
and CC X O
then RB X O
possibly RB X O
Mac NNP X B-Skill
OS NNP X I-Skill
. . X O
Your PRP$ X O

primary JJ X O
concern NN X O
will MD X O
be VB X O
to TO X O
the DT X O
service NN X O
users NNS X O
and CC X O
there EX X O
will MD X O
be VB X O
a DT X O
strong JJ X O
focus NN X O
upon IN X O
ensuring VBG X B-Skill
person NN X I-Skill
centred VBN X I-Skill
care NN X I-Skill
is VBZ X I-Skill
delivered VBN X I-Skill
to TO X I-Skill
the DT X I-Skill
best JJS X I-Skill
possible JJ X I-Skill
level NN X I-Skill
at IN X O
all DT X O
times NNS X O
. . X O
My PRP$ X O

client NN X O
is VBZ X O
a DT X O
major JJ X O
biopharmaceutical JJ X B-Domain
company NN X O
specialising VBG X O
in IN X O
the DT X O
discovery NN X O
and CC X O
development NN X O
of IN X O
drugs NNS X O
and CC X O
therapies NNS X O
for IN X O
conditions NNS X O
such JJ X O
as IN X O
Parkinson NNP X O
s VBD X O
disease NN X O
, , X O
and CC X O
they PRP X O
are VBP X O
seeking VBG X O
an DT X O
experienced JJ X B-Skill
scientist NN X B-Occupation
to TO X O
join VB X O
their PRP$ X O
team NN X O
on IN X O
a DT X O
612 CD X O
month NN X O
contract NN X O
. . X O
SOPs NNP X B-Skill

Assay NNP X I-Skill
validation NN X I-Skill
to TO X O
support VB X O
clinical JJ X O
and CC X O
nonclinical JJ X O
studies NNS X O
. . X O
They PRP X O

are VBP X O
an DT X O
extremely RB X O
professional JJ X O
outfit NN X O
within IN X O
the DT X O
financial JJ X B-Domain
services NNS X I-Domain
industry NN X I-Domain
looking VBG X O
for IN X O
an DT X O
experienced JJ X B-Skill
Business NNP X B-Occupation
Analyst NNP X I-Occupation
to TO X O
implement VB X B-Skill
their PRP$ X I-Skill
ideas NNS X I-Skill
in IN X O
their PRP$ X O
growing NN X O
company NN X O
. . X O
**** JJ X O

welcome JJ X O
bonus NN X O
NMC NNP X O
pin NN X O
registration NN X O
fee NN X O
paid VBN X O
About IN X O
us PRP X O
: : X O
European JJ X O
Care NNP X O
Group NNP X O
is VBZ X O
a DT X O
leading JJ X O
independent JJ X O
provider NN X B-Occupation
of IN X O
health NN X B-Domain
and CC X I-Domain
social JJ X I-Domain
care NN X I-Domain
in IN X O
the DT X O
UK NNP X O
. . X O
in IN X O

return NN X O
the DT X O
firm NN X O
offer VBP X O
a DT X O
relaxed NN X O
but CC X O
highly RB X O
professional JJ X O
environment NN X O
where WRB X O
you PRP X O
can MD X O
propel VB X O
your PRP$ X O
career NN X O
as RB X O
quickly RB X O
as IN X O
you PRP X O
are VBP X O
ready JJ X O
for IN X O
the DT X O
next JJ X O
step NN X O
up RB X O
, , X O
Salary NNP X O
and CC X O
bonus NN X O
are VBP X O
well RB X O
above IN X O
market NN X O
rate NN X O
. . X O
A DT X O

current JJ X O
copy NN X O
of IN X O
a DT X O
passport NN X B-Qualification
, , X O
driving VBG X B-Qualification
licence NN X I-Qualification
, , X O
ID NNP X B-Qualification
card NN X I-Qualification
or CC X O
NI NNP X B-Qualification
card NN X I-Qualification
will MD X O
be VB X O
required VBN X O
as IN X O
part NN X O
of IN X O
the DT X O
registration NN X O
process NN X O
. . X O
This DT X O

position NN X O
is VBZ X O
being VBG X O
advertised VBN X O
on IN X O
behalf NN X O
of IN X O
Hollyfield NNP X O
Personnel NNP X O
who WP X O
are VBP X O
operating VBG X O
as IN X O
an DT X O
employment NN X O
agency NN X O
. . X O
If IN X O

you PRP X O
do VBP X O
not RB X O
hear VB X O
back RB X O
from IN X O
us PRP X O
within IN X O
1week CD X O
of IN X O
your PRP$ X O
application NN X O
then RB X O
unfortunately RB X O
you PRP X O
have VBP X O
not RB X O
been VBN X O
successful JJ X O
on IN X O
this DT X O
occasion NN X O
The DT X O

school NN X O
is VBZ X O
committed VBN X O
to TO X O
providing VBG X O
the DT X O
very RB X O
best JJS X O
so RB X O
that IN X O
its PRP$ X O
children NNS X O
can MD X O
learn VB X O
exceptionally RB X O
well RB X O
and CC X O
achieve VB X O
highly RB X O
. . X O
As IN X O

SAP NNP X O
SD NNP X O
Consultant NNP X B-Occupation
you PRP X O
will MD X O
be VB X O
fully RB X O
responsible JJ X O
for IN X O
the DT X O
support NN X B-Skill
and CC X I-Skill
enhancement NN X I-Skill
of IN X I-Skill
all DT X I-Skill
sales NNS X I-Skill
and CC X I-Skill
distribution NN X I-Skill
processes NNS X I-Skill
in IN X I-Skill
SAP NNP X I-Skill
. . X O
Ideally RB X O

you PRP X O
will MD X O
also RB X O
have VB X O
experience NN X O
of IN X O
continuous JJ X O
improvement NN X O
initiatives NNS X O
. . X O
You PRP X O

will MD X O
be VB X O
extremely RB X O
driven VBN X B-Skill
, , X O
enthusiastic JJ X B-Skill
, , X O
a DT X O
great JJ X O
team NN X B-Skill
player NN X I-Skill
and CC X O
have VBP X O
an DT X O
inspiring JJ X O
management NN X B-Skill
style NN X I-Skill
. . X O
Additionally RB X O

, , X B-Occupation
the DT X I-Occupation
SQL NNP X I-Occupation
DBA NNP X I-Occupation
will MD X O
be VB X O
expected VBN X O
to TO X O
participate VB X O
in IN X O
an DT X O
on IN X B-Skill
call NN X I-Skill
rota NN X I-Skill
to TO X I-Skill
provide VB X I-Skill
out IN X I-Skill
of IN X I-Skill
hours NNS X I-Skill
support NN X I-Skill
. . X O
Our PRP$ X O

policy NN X O
to TO X O
promote VB X B-Skill
from IN X I-Skill
within IN X I-Skill
and CC X O
to TO X O
develop VB X B-Skill
existing VBG X I-Skill
teams NNS X I-Skill
helps VBP X O
create VB X O
that DT X O
unique JJ X O
B NNP X B-Domain
Q NNP X I-Domain
culture NN X I-Domain
, , X O
where WRB X O
people NNS X O
are VBP X O
not RB X O
just RB X O
given VBN X O
the DT X O
chance NN X O
to TO X O
thrive VB X O
, , X O
but CC X O
the DT X O
support NN X O
they PRP X O
need VBP X O
to TO X O
make VB X O
it PRP X O
a DT X O
reality NN X O
. . X O
Working VBG X O

closely RB X O
with IN X O
sales NNS X B-Domain
and CC X O
marketing NN X B-Domain
, , X O
the DT X O
Head NNP X B-Occupation
of IN X I-Occupation
Product NNP X I-Occupation
Management NNP X I-Occupation
will MD X O
play VB X O
a DT X O
key JJ X O
role NN X O
is VBZ X O
shaping VBG X O
the DT X O
company NN X O
for IN X O
future JJ X O
growth NN X O
. . X O
Demonstrable JJ X O

ability NN X O
to TO X O
manage VB X B-Skill
people NNS X I-Skill
monitor VBP X I-Skill
project JJ X I-Skill
output NN X I-Skill
Demonstrable NNP X O
commercial JJ X B-Skill
awareness NN X I-Skill
, , X O
including VBG X O
the DT X O
importance NN X O
of IN X O
planning NN X B-Skill
, , X O
forecasting VBG X B-Skill
managing VBG X I-Skill
minimising VBG X I-Skill
risk NN X I-Skill
to TO X I-Skill
retain VB X I-Skill
profit NN X I-Skill
margins NNS X I-Skill
A DT X O
relevant JJ X B-Qualification
Degree NNP X I-Qualification
in IN X I-Qualification
computer NN X I-Qualification
science NN X I-Qualification
or CC X I-Qualification
programming NN X I-Qualification
would MD X O
be VB X O
highly RB X O
desirable JJ X O
as IN X O
would MD X O
familiarity NN X O
with IN X O
project NN X B-Skill
workflow NN X I-Skill
tools NNS X I-Skill
such JJ X O
as IN X O
Basecamp NNP X B-Skill
Redmine NNP X I-Skill
, , X O
The DT X O

job NN X O
will MD X O
involve VB X O
; : X O
Working NNP X B-Skill
within IN X I-Skill
the DT X I-Skill
FSA NNP X I-Skill
Guide NNP X I-Skill
Lines NNP X I-Skill
. . X O
to TO X O

**** VB X O
is VBZ X O
on IN X O
offer NN X O
but CC X O
will MD X O
depend VB X O
on IN X O
the DT X O
right JJ X O
candidates NNS X O
experience NN X O
. . X O
Voyage NNP X O

Care NNP X O
provides VBZ X O
personalised JJ X O
support NN X O
and CC X O
care NN X O
for IN X O
people NNS X O
with IN X O
learning JJ X O
disabilities NNS X O
; : X O
autism NN X O
; : X O
head NN X O
and CC X O
spinal JJ X O
injuries NNS X O
; : X O
neurological JJ X O
needs NNS X O
and CC X O
other JJ X O
complex JJ X O
conditions NNS X O
. . X O
Develop NNP X B-Skill

and CC X I-Skill
implement VB X I-Skill
a DT X I-Skill
jointly RB X I-Skill
agreed VBN X I-Skill
business NN X I-Skill
plan NN X I-Skill
with IN X O
key JJ X O
customers NNS X O
. . X O
An DT X O

exciting JJ X O
opportunity NN X O
has VBZ X O
arisen VBN X O
for IN X O
an DT X O
innovative JJ X B-Skill
and CC X O
ambitious JJ X B-Skill
Restaurant NNP X B-Occupation
Supervisorto NNP X O
join VB X O
our PRP$ X O
busy JJ X O
unit NN X O
at IN X O
Legal NNP X O
part NN X O
of IN X O
CH NNP X O
s NN X O
including VBG X O
a DT X O
restaurant NN X O
, , X O
deli NN X O
and CC X O
grab NN X O
& CC X O
go VB X O
. . X O
You PRP X O

will MD X O
be VB X O
leading VBG X B-Skill
and CC X O
ultimately RB X O
responsible JJ X O
for IN X O
one CD X O
of IN X O
the DT X O
agencies NNS X O
flagship VBP X B-Skill
clients NNS X I-Skill
. . X O
You PRP X O

can MD X O
look VB X O
at IN X O
the DT X O
Judicial NNP X O
Review NNP X O
website NN X O
for IN X O
further JJ X O
information NN X O
on IN X O
our PRP$ X O
many JJ X O
other JJ X O
roles NNS X O
. . X O
You PRP X O

will MD X O
be VB X O
assisting VBG X B-Skill
with IN X I-Skill
the DT X I-Skill
loading NN X I-Skill
and CC X I-Skill
unloading NN X I-Skill
of IN X I-Skill
passengers NNS X I-Skill
and CC X O
responsible JJ X B-Skill
for IN X I-Skill
the DT X I-Skill
individual JJ X I-Skill
whilst NN X I-Skill
in IN X I-Skill
transport NN X I-Skill
. . X O
With IN X O

this DT X O
, , X O
you PRP X O
will MD X O
not RB X O
only RB X O
generate JJ X B-Skill
accounts NNS X I-Skill
, , X O
but CC X O
prepare NN X B-Skill
and CC X I-Skill
present JJ X I-Skill
regular JJ X I-Skill
management NN X I-Skill
reports NNS X I-Skill
, , X I-Skill
proposals NNS X I-Skill
and CC X I-Skill
suggestions NNS X I-Skill
to TO X I-Skill
the DT X I-Skill
board NN X I-Skill
. . X O
For IN X O

a DT X O
comprehensive JJ X O
list NN X O
of IN X O
duties NNS X O
, , X O
please VB X O
refer NN X O
to TO X O
the DT X O
college NN X O
job NN X O
description NN X O
. . X O
You PRP X O

will MD X O
have VB X O
experience NN X O
of IN X O
being VBG X O
involved VBN X O
in IN X O
handovers NNS X B-Skill
, , X O
updating VBG X B-Skill
care NN X I-Skill
plans NNS X I-Skill
and CC X I-Skill
daily JJ X I-Skill
logs NNS X I-Skill
. . X O
We PRP X O

have VBP X O
two CD X O
main JJ X O
divisions NNS X O
, , X O
European NNP X O
Care NNP X O
Homes NNP X O
and CC X O
European JJ X O
Lifestyles NNP X O
. . X O
This DT X O

is VBZ X O
also RB X O
a DT X O
genuine JJ X O
opportunity NN X O
for IN X O
an DT X O
outstanding JJ X O
individual NN X O
to TO X O
build VB X O
a DT X O
career NN X O
that WDT X O
will MD X O
ultimately RB X O
lead VB X O
to TO X O
a DT X O
management NN X B-Domain
role NN X O
. . X O
Carry NNP X B-Skill

out RP X I-Skill
any DT X I-Skill
other JJ X I-Skill
such JJ X I-Skill
reasonable JJ X I-Skill
task NN X I-Skill
as IN X O
may MD X O
be VB X O
required VBN X O
. . X O
If IN X O

you PRP X O
have VBP X O
a DT X O
track NN X B-Skill
record NN X I-Skill
as IN X O
an DT X O
Assistant NNP X B-Occupation
Manager NNP X I-Occupation
for IN X O
a DT X O
premium JJ X O
brand NN X O
in IN X O
delivering VBG X B-Skill
great JJ X I-Skill
customer NN X I-Skill
service NN X I-Skill
with IN X I-Skill
a DT X I-Skill
smile NN X I-Skill
, , X O
can MD X O
lead VB X B-Skill
your PRP$ X I-Skill
team NN X I-Skill
to TO X I-Skill
achieve VB X I-Skill
the DT X I-Skill
same JJ X I-Skill
standards NNS X I-Skill
, , X O
combined VBN X B-Skill
with IN X I-Skill
a DT X I-Skill
commercial JJ X I-Skill
store NN X I-Skill
managers NNS X I-Skill
focus VBP X I-Skill
Produce NNP X B-Skill

reuseable JJ X I-Skill
and CC X I-Skill
as IN X I-Skill
necessary JJ X I-Skill
automated VBD X I-Skill
test NN X I-Skill
scripts NNS X I-Skill
and CC X I-Skill
procedures NNS X I-Skill
with IN X I-Skill
expected VBN X I-Skill
results NNS X I-Skill
to TO X I-Skill
test VB X I-Skill
new JJ X I-Skill
and CC X I-Skill
amended VBD X I-Skill
software NN X I-Skill
to TO X I-Skill
be VB X I-Skill
executed VBN X I-Skill
by IN X I-Skill
self NN X I-Skill
and CC X I-Skill
other JJ X I-Skill
staff NN X I-Skill
. . X O
A DT X O

superb NN X O
opportunity NN X O
for IN X O
a DT X O
motivated JJ X B-Skill
graduate NN X B-Qualification
who WP X O
is VBZ X O
interested JJ X O
in IN X O
getting VBG X O
into IN X O
a DT X O
Control NNP X B-Domain
Systems NNPS X I-Domain
position NN X O
. . X O
You PRP X O

will MD X O
be VB X O
given VBN X O
every DT X O
opportunity NN X O
to TO X O
reach VB X O
your PRP$ X O
potential JJ X O
. . X O
In IN X O

this DT X O
high JJ X O
profile NN X O
role NN X O
, , X O
you PRP X O
will MD X O
manage VB X B-Skill
a DT X I-Skill
team NN X I-Skill
of IN X O
2 CD X O
and CC X O
will MD X O
ultimately RB X O
be VB X O
responsible JJ X O
for IN X O
all DT X O
vendor NN X B-Skill
management NN X I-Skill
across IN X O
a DT X O
number NN X O
of IN X O
european JJ X O
countries NNS X O
, , X O
as RB X O
well RB X O
as IN X O
managing VBG X B-Skill
SOX NNP X I-Skill
compliance NN X I-Skill
and CC X O
leading VBG X B-Skill
strategy NN X I-Skill
for IN X I-Skill
the DT X I-Skill
department NN X I-Skill
as IN X I-Skill
a DT X I-Skill
whole NN X I-Skill
. . X O
Accurately RB X B-Skill

track JJ X I-Skill
progress NN X I-Skill
of IN X I-Skill
new JJ X I-Skill
inductees NNS X I-Skill
, , X O
from IN X O
initial JJ X O
handover NN X O
from IN X O
training VBG X O
through IN X O
to TO X O
competent JJ X O
stage NN X O
within IN X O
the DT X O
department NN X O
**** NN X O

k NN X O
, , X O
Mileage NNP X O
, , X O
Pension NNP X O
, , X O
Laptop NNP X O
, , X O
Mobile NNP X O
Location NNP X O
Birmingham NNP X O
, , X O
Nottingham NNP X O
, , X O
Leicester NNP X O
, , X O
Stoke NNP X O
, , X O
Northampton NNP X O
Previous JJ X O

Helpdesk NNP X B-Skill
/ NNP X I-Skill
Call NNP X I-Skill
centre NN X I-Skill
experience NN X O
Excellent NNP X O
organisational JJ X B-Skill
skills NNS X O
with IN X O
the DT X O
ability NN X B-Skill
to TO X I-Skill
multi VB X I-Skill
task NN X I-Skill
Basic NNP X O
computer NN X B-Skill
skills NNS X O
Strong NNP X O
interpersonal JJ X B-Skill
skills NNS X O
Front NNP X B-Skill
line NN X I-Skill
customer NN X I-Skill
service NN X I-Skill
experience NN X O
You PRP X O

must MD X O
have VB X O
strong JJ X O
, , X O
indepth JJ X O
knowledge NN X B-Skill
of IN X I-Skill
commercial JJ X I-Skill
and CC X I-Skill
investment NN X I-Skill
banking NN X I-Skill
products NNS X I-Skill
including VBG X O
money NN X B-Skill
markets NNS X I-Skill
, , X O
bond NN X B-Skill
/ JJ X I-Skill
repo NN X I-Skill
markets NNS X I-Skill
, , X O
equity NN X B-Skill
markets NNS X I-Skill
and CC X O
OTC NNP X B-Skill
Derivatives NNP X I-Skill
. . X O
You PRP X O

may MD X O
be VB X O
required VBN X O
to TO X O
perform VB X O
other JJ X O
duties NNS X O
within IN X O
the DT X O
company NN X O
that WDT X O
will MD X O
be VB X O
within IN X O
your PRP$ X O
capability NN X O
. . X O
Our PRP$ X O

aim NN X O
is VBZ X O
to TO X O
be VB X O
an DT X O
equal JJ X O
opportunities NNS X O
employer NN X O
. . X O
Our PRP$ X O

bistro NN X O
is VBZ X O
a DT X O
perfect JJ X O
venue NN X O
for IN X O
an DT X O
informal JJ X O
business NN X O
meeting NN X O
or CC X O
enjoyable JJ X O
meal NN X O
out IN X O
with IN X O
family NN X O
and CC X O
friends NNS X O
. . X O
If IN X O

you PRP X O
are VBP X O
interested JJ X O
in IN X O
applying VBG X O
for IN X O
this DT X O
position NN X O
, , X O
please VB X O
download VB X O
an DT X O
application NN X O
form NN X O
online NN X O
at IN X O
quoting VBG X O
reference NN X O
Expert NN X O

in IN X O
XHTML NNP X B-Skill
CSS NNP X I-Skill
web NN X I-Skill
builds NNS X I-Skill
JavaScript NNP X I-Skill
frameworks VBZ X I-Skill
jQuery NN X I-Skill
/ NN X O
REMUNERATION NN X O

For IN X O
this DT X O
role NN X O
where WRB X O
there EX X O
is VBZ X O
a DT X O
competitive JJ X O
package NN X O
on IN X O
offer NN X O
and CC X O
the DT X O
salary NN X O
is VBZ X O
negotiable JJ X O
depending VBG X O
on IN X O
the DT X O
level NN X O
of IN X O
experience NN X O
. . X O
Please NNP X O

see VB X O
our PRP$ X O
website NN X O
for IN X O
details NNS X O
or CC X O
send VB X O
your PRP$ X O
CV NNP X O
in IN X O
to TO X O
us PRP X O
to TO X O
find VB X O
out RP X O
the DT X O
latest JJS X O
opportunities NNS X O
. . X O
Candidates NNS X O

will MD X O
need VB X O
to TO X O
be VB X O
capable JJ X O
in IN X O
the DT X O
shortterm NN X O
of IN X O
undertaking VBG X B-Skill
all DT X I-Skill
of IN X I-Skill
the DT X I-Skill
civil JJ X I-Skill
infrastructure NN X I-Skill
work NN X I-Skill
won VBN X I-Skill
by IN X I-Skill
the DT X I-Skill
office NN X I-Skill
that WDT X O
is VBZ X O
currently RB X O
pushed VBN X O
out RP X O
to TO X O
other JJ X O
offices NNS X O
. . X O
Selecting VBG X B-Skill

appropriate JJ X I-Skill
machines NNS X I-Skill
and CC X I-Skill
tooling VBG X I-Skill
to TO X I-Skill
manufacture VB X I-Skill
components NNS X I-Skill
including VBG X O
checking NN X B-Skill
and CC X I-Skill
verifying VBG X I-Skill
the DT X I-Skill
accuracy NN X I-Skill
of IN X I-Skill
the DT X I-Skill
component NN X I-Skill
. . X O
Our PRP$ X O

client NN X O
is VBZ X O
one CD X O
of IN X O
the DT X O
UK NNP X O
' POS X O
s NN X O
leading VBG X O
independent JJ X O
Water NNP X O
Treatment NNP X O
Companies NNP X O
providing VBG X O
services NNS X O
within IN X O
Water NNP X B-Domain
Treatment NNP X I-Domain
/ NNP X O
Water NNP X B-Domain
Hygiene NNP X I-Domain
and CC X O
Effluent NNP X B-Domain
Treatment NNP X I-Domain
. . X O
You PRP X O

will MD X O
be VB X O
an DT X O
experienced JJ X O
GP NNP X B-Occupation
able JJ X O
to TO X O
provide VB X O
primary JJ X B-Skill
care NN X I-Skill
to TO X O
the DT X O
local JJ X O
community NN X O
, , X O
dealing VBG X B-Skill
with IN X I-Skill
examination NN X I-Skill
and CC X I-Skill
diagnosis NN X I-Skill
, , X O
and CC X O
correct JJ X O
treatment NN X O
and CC X O
referral JJ X O
where WRB X O
needed VBN X O
. . X O
Tidy IN X B-Skill

the DT X I-Skill
surgeons NNS X I-Skill
room NN X I-Skill
twice RB X I-Skill
a DT X I-Skill
day NN X I-Skill
, , X O
at IN X O
the DT X O
start NN X O
of IN X O
the DT X O
day NN X O
and CC X O
after IN X O
lunch NN X O
. . X O
The DT X O

role NN X O
will MD X O
require VB X O
that IN X O
the DT X O
successful JJ X O
candidate NN X O
has VBZ X O
experience NN X O
of IN X O
dealing VBG X B-Skill
in IN X I-Skill
/ NN X I-Skill
with IN X I-Skill
large JJ X I-Skill
volumes NNS X I-Skill
of IN X I-Skill
data NNS X I-Skill
particularly RB X O
in IN X O
the DT X O
testing NN X B-Skill
and CC X I-Skill
translation NN X I-Skill
of IN X I-Skill
the DT X I-Skill
data NNS X I-Skill
in IN X O
preparation NN X O
for IN X O
the DT X O
migration NN X O
to TO X O
the DT X O
new JJ X O
financial JJ X O
system NN X O
. . X O
Hudson NNP X O

offers VBZ X O
an DT X O
exceptional JJ X O
company NN X O
culture NN X O
and CC X O
competitive JJ X O
basic JJ X O
salary NN X O
with IN X O
excellent JJ X O
commission NN X O
structure NN X O
and CC X O
benefits NNS X O
. . X O
This DT X O

company NN X O
are VBP X O
committed VBN X O
to TO X O
the DT X O
promotion NN X O
and CC X O
progression NN X O
of IN X O
their PRP$ X O
staff NN X O
. . X O
SVN NNP X B-Skill

Excellent NNP X O
written VBN X B-Skill
verbal JJ X I-Skill
communication NN X I-Skill
skills NNS X O
Demonstrable JJ X O
experience NN X O
of IN X O
working VBG X B-Skill
with IN X I-Skill
content JJ X I-Skill
management NN X I-Skill
systems NNS X I-Skill
Our PRP$ X O

client NN X O
is VBZ X O
looking VBG X O
for IN X O
a DT X O
bright JJ X B-Skill
, , X O
organised JJ X B-Skill
and CC X O
wellpresented JJ X B-Skill
property NN X B-Occupation
Sales NNS X I-Occupation
Lettings NNP X I-Occupation
Secretary NNP X I-Occupation
to TO X O
join VB X O
a DT X O
young JJ X O
and CC X O
vibrant JJ X O
team NN X O
in IN X O
North NNP X O
London NNP X O
. . X O
Ensure NNP X B-Skill

full JJ X I-Skill
understanding NN X I-Skill
of IN X I-Skill
latest JJS X I-Skill
technology NN X I-Skill
introduced VBN X I-Skill
on IN X I-Skill
the DT X I-Skill
vehicle NN X I-Skill
range NN X I-Skill
and CC X O
how WRB X O
to TO X O
diagnose VB X B-Skill
and CC X I-Skill
repair VB X I-Skill
faults NNS X I-Skill
on IN X O
them PRP X O
. . X O
The DT X O

ideal JJ X O
candidate NN X O
will MD X O
be VB X O
an DT X O
existing VBG X O
General NNP X B-Occupation
Manager NNP X I-Occupation
, , X O
from IN X O
a DT X O
high JJ X O
quality NN X O
cocktail NN X O
; : X O
lead CC X B-Skill
background NN X O
and CC X O
a DT X O
strong JJ X B-Skill
understanding NN X I-Skill
of IN X O
business NN X O
operations NNS X O
This DT X O

is VBZ X O
a DT X O
varied JJ X O
, , X O
challenging VBG X O
and CC X O
rewarding VBG X O
role NN X O
for IN X O
an DT X O
experienced JJ X B-Skill
manager NN X B-Occupation
looking VBG X O
for IN X O
the DT X O
initial JJ X O
next JJ X O
step NN X O
up RB X O
to TO X O
Senior NNP X B-Occupation
Manager NNP X I-Occupation
level NN X O
and CC X O
will MD X O
provide VB X B-Skill
exposure NN X I-Skill
to TO X I-Skill
a DT X I-Skill
range NN X I-Skill
in IN X I-Skill
type NN X I-Skill
and CC X I-Skill
size NN X I-Skill
of IN X I-Skill
industrial JJ X I-Skill
client NN X I-Skill
. . X O
We PRP X O

specifically RB X O
will MD X O
apply VB X O
the DT X O
following JJ X O
criteria NNS X O
: : X O
Flexibility NN X B-Skill
, , X O
stamina NN X B-Skill
, , X O
drive NN X B-Skill
, , X O
entrepreneurship JJ X B-Skill
Broad NNP X I-Skill
industry NN X I-Skill
knowledge NN X I-Skill
and CC X O
willingness NN X B-Skill
to TO X I-Skill
learn VB X I-Skill
Welldeveloped NNP X O
basic VB X O
project NN X O
management NN X O
toolkit NN X O
, , X O
e NN X O
. . X O
g NN X O
. . X O
based VBN X O
on IN X O
previous JJ X O
apprenticeship NN X O
at IN X O
a DT X O
leading JJ X O
consultancy NN X O
, , X O
or CC X O
through IN X O
extensive JJ X O
internal JJ X O
project NN X O
work NN X O
Strong NNP X O
communication NN X B-Skill
skills NNS X O
and CC X O
ability NN X B-Skill
to TO X I-Skill
interact VB X I-Skill
and CC X I-Skill
present VB X I-Skill
to TO X O
Csuite NNP X O
clients NNS X O
Opportunities NNS X O

to TO X O
progress VB X O
to TO X O
a DT X O
fulltime JJ X O
role NN X O
in IN X O
due JJ X O
course NN X O
will MD X O
also RB X O
exist VB X O
. . X O
This DT X O

Internal NNP X B-Occupation
Auditor NNP X I-Occupation
position NN X O
sits NNS X O
within IN X O
one CD X O
of IN X O
the DT X O
leading VBG X O
global JJ X O
charities NNS X O
. . X O
To TO X O

successfully RB X O
deliver VB X B-Skill
vehicle NN X I-Skill
projects NNS X I-Skill
to TO X I-Skill
market NN X I-Skill
, , X I-Skill
design NN X I-Skill
& CC X I-Skill
development NN X I-Skill
of IN X I-Skill
electrical JJ X I-Skill
and CC X I-Skill
electronic JJ X I-Skill
systems NNS X I-Skill
to TO X I-Skill
required VB X I-Skill
design NN X I-Skill
standards NNS X I-Skill
. . X O
CONFIDENTIALITY NN X O

: : X O
All DT X O
applications NNS X O
are VBP X O
dealt JJ X O
with IN X O
in IN X O
strictest JJ X O
confidence NN X O
and CC X O
will MD X O
be VB X O
processed VBN X O
in IN X O
accordance NN X O
with IN X O
the DT X O
Data NNP X O
Protection NNP X O
Act NNP X O
1998 CD X O
Morgan NNP X O
Spencer NNP X O
Limited NNP X O
, , X O
registered VBD X O
in IN X O
England NNP X O
& CC X O
Wales NNP X O
This DT X O

is VBZ X O
a DT X O
great JJ X O
opportunity NN X O
to TO X O
take VB X O
ownership NN X O
of IN X O
the DT X O
IT NNP X B-Domain
transformation NN X O
at IN X O
a DT X O
small JJ X O
insurance NN X B-Domain
firm NN X O
based VBN X O
in IN X O
Colchester NNP X O
, , X O
with IN X O
the DT X O
added JJ X O
benefit NN X O
of IN X O
development NN X O
and CC X O
implementation NN X O
experience NN X O
with IN X O
industry NN X O
specific JJ X O
applications NNS X O
. . X O
To TO X O

apply VB X O
for IN X O
this DT X O
role NN X O
, , X O
please VB X O
forward RB X O
your PRP$ X O
CV NN X O
to TO X O
Andy NNP X O
Strange NNP X O
, , X O
they PRP X O

are VBP X O
experiencing VBG X O
solid JJ X O
growth NN X O
across IN X O
EMEA NNP X O
and CC X O
as IN X O
such JJ X O
need NN X O
to TO X O
strengthen VB X O
the DT X O
team NN X O
by IN X O
hiring VBG X O
an DT X O
experienced JJ X B-Skill
and CC X O
successful JJ X B-Skill
sales NNS X B-Occupation
professional JJ X I-Occupation
with IN X O
knowledge NN X O
of IN X O
the DT X O
security NN X B-Domain
sector NN X I-Domain
as RB X O
well RB X O
as IN X O
a DT X O
broad JJ X O
selection NN X O
of IN X O
end NN X O
user NN X O
clients NNS X O
including VBG X O
SME NNP X O
and CC X O
enterprise NN X O
for IN X O
the DT X O
region NN X O
. . X O
For IN X O

further JJ X O
information NN X O
on IN X O
this DT X O
role NN X O
or CC X O
to TO X O
review VB X O
the DT X O
full JJ X O
job NN X O
description NN X O
please NN X O
contact NN X O
Susie NNP X O
Tang NNP X O
at IN X O
Venator NNP X O
Recruitment NNP X O
on IN X O
Maintaining VBG X O

Franchise NNP X O
standards NNS X O
The DT X O
Skills NNP X O
and CC X O
requirements NNS X O
With IN X O
at IN X O
least JJS X O
2 CD X B-Experience
years NNS X I-Experience
in IN X O
the DT X O
role NN X O
of IN X O
Vehicle NNP X B-Occupation
Technician NNP X I-Occupation
you PRP X O
will MD X O
possess VB X O
: : X O
An DT X O
NVQ NNP X B-Qualification
level NN X I-Qualification
3 CD X I-Qualification
or CC X I-Qualification
equivalent JJ X I-Qualification
plus CC X O
car NN X B-Skill
service NN X I-Skill
experience NN X O
gained VBD X O
within IN X O
the DT X O
franchised JJ X O
dealership NN X O
environment NN X O
Familiarity NNP X B-Skill
with IN X I-Skill
products NNS X I-Skill
and CC X I-Skill
service NN X I-Skill
needs NNS X I-Skill
Interpersonal NNP X I-Skill
skills NNS X I-Skill
with IN X O
your PRP$ X O
team NN X O
and CC X O
customers NNS X O
Time NNP X B-Skill
management NN X I-Skill
and CC X O
communication NN X B-Skill
skills NNS X I-Skill
A DT X O
keen JJ X B-Skill
eye NN X I-Skill
for IN X I-Skill
detail NN X I-Skill
and CC X O
Experience NN X B-Experience

of IN X I-Experience
supported JJ X I-Experience
living NN X I-Experience
and CC X I-Experience
managing VBG X I-Experience
satellite JJ X I-Experience
teams NNS X I-Experience
is VBZ X O
essential JJ X O
, , X O
as IN X O
is VBZ X O
a DT X O
demonstrable JJ X B-Experience
track NN X I-Experience
record NN X I-Experience
of IN X I-Experience
working VBG X I-Experience
with IN X I-Experience
this DT X I-Experience
client NN X I-Experience
group NN X I-Experience
. . X O
With IN X O

our PRP$ X O
uncapped JJ X O
bonus NN X O
structure NN X O
you PRP X O
can MD X O
earn VB X O
around IN X O
Located VBN X O

in IN X O
the DT X O
London NNP X O
Borough NNP X O
of IN X O
Hounslow NNP X O
, , X O
this DT X O
all DT X O
girls NNS X O
' POS X O
school NN X B-Domain
creates VBZ X O
a DT X O
nurturing NN X O
, , X O
supportive JJ X O
environment NN X O
for IN X O
pupils NNS X O
and CC X O
teachers NNS X O
alike RB X O
. . X O
We PRP X O

work VBP X O
in IN X O
the DT X O
following JJ X O
sectors NNS X O
: : X O
Media NNP X B-Domain
Sales NNS X I-Domain
, , X I-Domain
Marketing NN X I-Domain
, , X O
Sponsorship NNP X B-Domain
& CC X O
Exhibition NNP X B-Domain
Sales NNS X I-Domain
Jobs NNP X I-Domain
, , X O
Conference NNP X B-Domain
Producer NNP X I-Domain
Jobs NNP X I-Domain
, , X O
Senior NNP X B-Domain
Appointments NNP X I-Domain
both DT X O
in IN X O
London NNP X O
and CC X O
internationally RB X O
. . X O
ONLY RB X O

APPLY NNP X O
IF NNP X O
YOU NNP X O
LIVE NNP X O
WITHIN NNP X O
EASY NNP X O
COMMUTE NNP X O
OF IN X O
THIS NNP X O
JOB NNP X O
The DT X O

Care NNP X B-Occupation
Manager NNP X I-Occupation
has VBZ X O
the DT X O
vital JJ X O
role NN X O
of IN X O
daytoday JJ X B-Skill
running NN X I-Skill
of IN X I-Skill
the DT X I-Skill
unit NN X I-Skill
supporting VBG X I-Skill
and CC X I-Skill
supervising VBG X I-Skill
the DT X I-Skill
senior JJ X I-Skill
team NN X I-Skill
. . X O
You PRP X O

will MD X O
gain VB X O
a DT X O
fantastic JJ X B-Skill
experience NN X I-Skill
and CC X O
observe NN X O
outstanding JJ X B-Skill
practice NN X I-Skill
. . X O
You PRP X O

must MD X O
have VB X O
at IN X O
least JJS X O
three CD X B-Experience
years NNS X I-Experience
experience RB X I-Experience
as IN X O
head NN X B-Occupation
chef NN X I-Occupation
within IN X O
a DT X O
reputable JJ X O
company NN X O
My PRP$ X O

client NN X O
is VBZ X O
a DT X O
well RB X O
established VBN X O
and CC X O
everexpanding VBG X O
company NN X O
who WP X O
are VBP X O
looking VBG X O
for IN X O
an DT X O
experienced JJ X B-Skill
developer NN X O
to TO X O
help VB X O
them PRP X O
progress VB X O
further RBR X O
. . X O
Please VB X O

apply RB X O
now RB X O
if IN X O
you PRP X O
are VBP X O
a DT X O
very RB X O
proficient JJ X B-Skill
and CC X O
proactive JJ X B-Skill
administrator NN X B-Occupation
and CC X O
live VBP X O
within IN X O
easy JJ X O
commuting VBG X O
distance NN X O
of IN X O
Wembley NNP X O
. . X O
The DT X O

role NN X O
is VBZ X O
part NN X O
time NN X O
and CC X O
offered VBN X O
on IN X O
a DT X O
permanent JJ X O
basis NN X O
and CC X O
will MD X O
pay VB X O
according VBG X O
to TO X O
experience NN X O
. . X O
Prior NNP X O

knowledge NN X O
or CC X O
B2B NNP X B-Skill
sales NNS X I-Skill
in IN X O
an DT X O
assigned JJ X O
territory NN X O
is VBZ X O
a DT X O
plus JJ X O
Knowledge NNP X B-Skill
of IN X I-Skill
restaurant NN X I-Skill
operations NNS X I-Skill
and CC X I-Skill
marketing VBG X I-Skill
a DT X O
plus CC X O
Universitylevel JJ X B-Skill
education NN X I-Skill
preferred VBD X O
but CC X O
not RB X O
essential JJ X O
Requirements NNS X O
: : X O
Our PRP$ X O

client NN X O
based VBN X O
in IN X O
Verwood NNP X O
is VBZ X O
seeking VBG X O
a DT X O
purchasing NN X B-Occupation
assistant NN X I-Occupation
to TO X O
join VB X O
their PRP$ X O
expanding VBG X O
team NN X O
You PRP X O

will MD X O
manage VB X B-Skill
an DT X I-Skill
inventory NN X I-Skill
team NN X I-Skill
, , X O
ensuring VBG X B-Skill
stock NN X I-Skill
integrity NN X I-Skill
and CC X I-Skill
quality NN X I-Skill
through IN X O
a DT X O
PI NNP X O
programme NN X O
along IN X O
with IN X O
the DT X O
Goods NNP X O
Inwards NNP X O
to TO X O
Putaway NNP X O
team NN X O
. . X O
ton NN X B-Skill

vehicle NN X I-Skill
A NNP X I-Skill
background NN X O
/ NN X O
experience NN X O
within IN X O
a DT X O
similar JJ X O
role NN X O
is VBZ X O
preferred VBN X O
, , X O
along IN X O
with IN X O
a DT X O
flexible JJ X B-Skill
, , X O
cando JJ X B-Skill
attitude NN X I-Skill
is VBZ X O
a DT X O
must MD X O
please VB X O
send VB X O
CV NNP X O
to TO X O
Caroline VB X O
at IN X O
. . X O
The DT X O

position NN X O
of IN X O
Lean NNP X B-Occupation
Corodinator NNP X I-Occupation
is VBZ X O
a DT X O
key JJ X O
member NN X O
of IN X O
the DT X O
operational JJ X O
improvement NN X O
team NN X O
, , X O
responsible JJ X O
for IN X O
implementing VBG X B-Skill
the DT X I-Skill
lean JJ X I-Skill
initiatives NNS X I-Skill
on IN X I-Skill
site NN X I-Skill
. . X O
Experienced VBN X O

in IN X O
Microsoft NNP X B-Skill
SQL NNP X I-Skill
Server NNP X I-Skill
, , X O
stored VBD X B-Skill
procedures NNS X I-Skill
and CC X O
database VB X B-Skill
administration NN X I-Skill
? . X O
Someone NN X O

who WP X O
will MD X O
get VB X O
involved VBN X O
in IN X O
HR NNP X B-Skill
projects NNS X I-Skill
and CC X O
can MD X O
juggle VB X B-Skill
daytoday JJ X I-Skill
duties NNS X I-Skill
with IN X I-Skill
longerterm JJ X I-Skill
projects NNS X I-Skill
Good JJ X I-Skill
sense NN X I-Skill
of IN X I-Skill
humour NN X I-Skill
, , X O
team NN X B-Skill
player NN X I-Skill
who WP X O
quickly RB X O
builds VBZ X B-Skill
strong JJ X I-Skill
relationships NNS X I-Skill
and CC X I-Skill
gets VBZ X I-Skill
credibility NN X I-Skill
with IN X I-Skill
all DT X I-Skill
levels NNS X I-Skill
of IN X I-Skill
staff NN X I-Skill
Someone NN X O
who WP X O
can MD X O
work VB X B-Skill
well RB X I-Skill
face NN X I-Skill
to TO X I-Skill
face NN X I-Skill
with IN X I-Skill
staff NN X I-Skill
but CC X O
also RB X O
manage VBP X B-Skill
their PRP$ X I-Skill
role NN X I-Skill
remotely RB X I-Skill
dealing VBG X I-Skill
with IN X I-Skill
staff NN X I-Skill
on IN X I-Skill
the DT X I-Skill
telephone NN X I-Skill
etc NN X O
. . X O
**** JJ X O

ph NN X O
and CC X O
accommodation NN X O
can MD X O
be VB X O
provided VBN X O
at IN X O
little JJ X O
cost NN X O
. . X O
You PRP X O

should MD X O
make VB X O
yourself PRP X O
aware JJ X O
of IN X O
how WRB X O
immigration JJ X O
laws NNS X O
apply VBP X O
to TO X O
your PRP$ X O
situation NN X O
before IN X O
applying VBG X O
for IN X O
any DT X O
jobs NNS X O
. . X O
Business NN X B-Occupation

Analyst NNP X I-Occupation
, , X O
Agile NNP X B-Skill
, , X O
Scrum NNP X B-Skill
, , X O
Ecommerce NNP X B-Domain
, , X O
Online NNP X O
, , X O
UML NNP X O
, , X O
Leading NNP X O
ecommerce NN X O
organisation NN X O
seeks VBZ X O
a DT X O
talented JJ X B-Skill
and CC X O
enthusiastic JJ X B-Skill
Business NNP X B-Occupation
Analyst NNP X I-Occupation
to TO X O
join VB X O
their PRP$ X O
rapidly RB X O
evolving VBG X O
, , X O
fast RB X O
paced JJ X O
and CC X O
fun NN X O
business NN X O
environment NN X O
. . X O
Excellent JJ X B-Skill

written VBN X I-Skill
and CC X I-Skill
verbal JJ X I-Skill
communication NN X I-Skill
skills NNS X O
ISEB NNP X B-Qualification
Qualification NNP X I-Qualification
in IN X I-Qualification
Software NNP X I-Qualification
Testing NNP X I-Qualification
preferred JJ X O
Remuneration NN X O
: : X O
This DT X O
role NN X O
offers VBZ X O
an DT X O
excellent JJ X O
salary NN X O
based VBN X O
upon IN X O
experience NN X O
up RB X O
to TO X O
Duties NNS X O

to TO X O
include VB X O
handling VBG X B-Skill
stock NN X I-Skill
, , X O
serving VBG X B-Skill
customers NNS X I-Skill
, , X I-Skill
handling VBG X I-Skill
cash NN X I-Skill
, , X O
dealing VBG X B-Skill
with IN X I-Skill
deliveries NNS X I-Skill
, , X O
supervising VBG X B-Skill
team NN X I-Skill
and CC X O
all DT X B-Skill
tasks NNS X I-Skill
within IN X I-Skill
the DT X I-Skill
store NN X I-Skill
as IN X I-Skill
required VBN X I-Skill
. . X O
Some DT X O

knowledge NN X B-Skill
of IN X I-Skill
financial JJ X I-Skill
services NNS X I-Skill
products NNS X I-Skill
would MD X O
be VB X O
beneficial JJ X O
but CC X O
is VBZ X O
not RB X O
essential JJ X O
. . X O
This DT X O

award NN X O
winning VBG X O
design NN X O
agency NN X O
has VBZ X O
a DT X O
specialism NN X O
in IN X O
Corporate NNP X O
Communications NNPS X O
, , X O
however RB X O
they PRP X O
also RB X O
are VBP X O
starting VBG X O
to TO X O
build VB X O
a DT X O
presence NN X O
in IN X O
the DT X O
branding NN X O
world NN X O
. . X O
The DT X O

Candidate NN X O
: : X O
The DT X O
ideal JJ X O
candidate NN X O
for IN X O
this DT X O
role NN X O
must MD X O
have VB X O
the DT X O
versatility NN X B-Skill
to TO X I-Skill
converse VB X I-Skill
with IN X I-Skill
decisionmakers NNS X I-Skill
of IN X I-Skill
all DT X I-Skill
levels NNS X I-Skill
. . X O
This DT X O

is VBZ X O
a DT X O
role NN X O
where WRB X O
you PRP X O
will MD X O
have VB X O
a DT X O
good JJ X B-Skill
understanding NN X I-Skill
of IN X I-Skill
finance NN X I-Skill
and CC X O
may MD X O
have VB X O
chosen VBN X O
to TO X O
not RB X O
progress VB X O
your PRP$ X O
career NN X O
further RB X O
within IN X O
finance NN X B-Domain
and CC X O
have VBP X B-Skill
an DT X I-Skill
interest NN X I-Skill
within IN X I-Skill
IT NNP X I-Skill
implementation NN X I-Skill
. . X O
You PRP X O

will MD X O
be VB X O
responsible JJ X O
for IN X O
quoting VBG X B-Skill
new JJ X I-Skill
& CC X I-Skill
existing VBG X I-Skill
clients NNS X I-Skill
, , X O
ordering VBG X B-Skill
vehicles NNS X I-Skill
, , X O
managing VBG X B-Skill
builds NNS X I-Skill
, , X O
arranging VBG X B-Skill
deliveries NNS X I-Skill
and CC X O
will MD X O
work VB X O
towards NNS X O
KPIs NNP X O
. . X O
5 CD X B-Experience

years NNS X I-Experience
experience RB X I-Experience
as IN X O
a DT X O
Senior NNP X B-Occupation
Engineer NNP X I-Occupation
or CC X O
Section NNP X B-Occupation
Leader NNP X I-Occupation
should MD X O
have VB X O
been VBN X O
gained VBN X O
, , X O
as RB X O
well RB X O
as IN X O
wide JJ X B-Skill
experience NN X I-Skill
of IN X I-Skill
dealing VBG X I-Skill
with IN X I-Skill
clients NNS X I-Skill
, , X O
vendors NNS X B-Skill
, , X O
contractors NNS X B-Skill
and CC X O
consultants NNS X B-Skill
. . X O
Get VB X O

your PRP$ X O
New NNP X O
Year NNP X O
off RB X O
to TO X O
a DT X O
flying VBG X O
start NN X O
with IN X O
a DT X O
new JJ X O
career NN X O
in IN X O
business NN X O
travel NN X O
. . X O
Carry NNP X O

out RP X O
testing VBG X B-Skill
of IN X I-Skill
new JJ X I-Skill
software NN X I-Skill
by IN X O
following VBG X O
approved JJ X O
procedures NNS X O
and CC X O
guidelines NNS X O
. . X O
Want VB X O

to TO X O
work VB X O
for IN X O
one CD X O
of IN X O
Manchester NNP X O
city NN X O
centre NN X O
' POS X O
s JJ X O
biggest JJS X O
digital JJ X O
agencies NNS X O
?? VBP X O
As IN X O

a DT X O
Registered NNP X O
Nurse NNP X B-Occupation
you PRP X O
will MD X O
have VB X O
previous JJ X O
experience NN X O
of IN X O
working VBG X B-Skill
in IN X I-Skill
a DT X I-Skill
care NN X I-Skill
environment NN X I-Skill
and CC X O
have VBP X O
gained VBN X O
skills NNS X O
to TO X O
enable VB X O
you PRP X O
to TO X O
take VB X B-Skill
charge NN X I-Skill
of IN X I-Skill
a DT X I-Skill
busy JJ X I-Skill
nursing NN X I-Skill
home NN X I-Skill
. . X O
based VBN X O

eCommerce NN X B-Domain
disciplines NNS X O
Be NNP X O
part NN X O
of IN X O
developing VBG X B-Skill
the DT X I-Skill
agencies NNS X I-Skill
digital JJ X I-Skill
offering NN X I-Skill
, , X O
with IN X O
a DT X O
specific JJ X O
focus NN X O
on IN X O
eCommerce NN X B-Domain
Identify NNP X B-Skill
new JJ X I-Skill
product NN X I-Skill
opportunities NNS X I-Skill
As IN X O

a DT X O
Buyer NNP X B-Occupation
you PRP X O
will MD X O
be VB X O
responsible JJ X O
for IN X O
but CC X O
not RB X O
limited JJ X O
to TO X O
: : X O
Negotiation NN X B-Skill
of IN X I-Skill
contracts NNS X I-Skill
and CC X I-Skill
seeing VBG X I-Skill
them PRP X I-Skill
through IN X I-Skill
to TO X I-Skill
completion VB X I-Skill
Dealing VBG X I-Skill
with IN X I-Skill
suppliers NNS X I-Skill
on IN X I-Skill
a DT X I-Skill
daily JJ X I-Skill
basis NN X I-Skill
and CC X I-Skill
getting VBG X I-Skill
the DT X I-Skill
best JJS X I-Skill
price NN X I-Skill
possible JJ X I-Skill
Due JJ X O

to TO X O
expansion NN X O
our PRP$ X O
client NN X O
has VBZ X O
an DT X O
immediate JJ X O
requirement NN X O
to TO X O
recruit VB X O
an DT X O
experienced JJ X O
Commercial JJ X B-Occupation
Manager NNP X I-Occupation
. . X O
We PRP X O

are VBP X O
looking VBG X O
for IN X O
a DT X O
Team NN X B-Occupation
Leader NNP X I-Occupation
to TO X O
join VB X O
our PRP$ X O
Corporate NNP X O
Support NNP X O
team NN X O
and CC X O
contribute NN X O
to TO X O
the DT X O
longer JJR X O
term NN X O
business NN X O
developments NNS X B-Skill
of IN X I-Skill
the DT X I-Skill
Scarborough NNP X I-Skill
Campus NNP X I-Skill
. . X O
To TO X O

define VB X B-Skill
and CC X I-Skill
implement VB X I-Skill
a DT X I-Skill
continuous JJ X I-Skill
process NN X I-Skill
of IN X I-Skill
cost NN X I-Skill
and CC X I-Skill
efficiency NN X I-Skill
reviews NNS X I-Skill
based VBN X O
on IN X O
the DT X O
use NN X O
of IN X O
benchmarked JJ X O
key JJ X O
performance NN X O
indicators NNS X O
KPIs NNP X O
. . X O
this DT X O

is VBZ X O
expected VBN X O
to TO X O
be VB X O
a DT X O
long JJ X O
term NN X O
role NN X O
as IN X O
Assistant NNP X B-Occupation
Accountant NNP X I-Occupation
. . X O
The DT X O

Designer NNP X B-Occupation
will MD X O
then RB X O
develop VB X B-Skill
and CC X I-Skill
quickly RB X I-Skill
implement VB X I-Skill
prototypes NNS X I-Skill
and CC X O
drive JJ X B-Skill
specifications NNS X I-Skill
for IN X I-Skill
screens NNS X I-Skill
. . X O
Applicants NNS X O

will MD X O
be VB X O
customer NN X B-Skill
service NN X I-Skill
focussed VBN X O
in IN X O
their PRP$ X O
approach NN X O
with IN X O
the DT X O
ability NN X O
to TO X O
offer VB X O
the DT X O
highest JJS X O
levels NNS X O
of IN X O
service NN X O
to TO X O
their PRP$ X O
corporate JJ X O
clients NNS X O
. . X O
Occasionally RB X O

working VBG X B-Skill
on IN X I-Skill
client NN X I-Skill
sites NNS X I-Skill
, , X O
delivering VBG X B-Skill
support NN X I-Skill
and CC X I-Skill
technical JJ X I-Skill
advice NN X I-Skill
as RB X O
well RB X O
as IN X O
hands NNS X B-Skill
on IN X I-Skill
development NN X I-Skill
. . X O
We PRP X O

support VBP X O
people NNS X O
to TO X O
live VB X O
as RB X O
independently RB X O
as IN X O
possible JJ X O
within IN X O
their PRP$ X O
own JJ X O
homes NNS X O
and CC X O
also RB X O
in IN X O
residential JJ X O
care NN X O
. . X O
This DT X O

opportunity NN X O
is VBZ X O
based VBN X O
on IN X O
the DT X O
outskirts NNS X O
of IN X O
Cardiff NNP X O
and CC X O
requires VBZ X O
a DT X O
candidate NN X O
with IN X O
a DT X O
strong JJ X O
Bookkeeping NNP X B-Skill
background NN X I-Skill
. . X O
We PRP X O

are VBP X O
the DT X O
UK NNP X O
leader NN X O
in IN X O
solar JJ X B-Domain
energy NN X I-Domain
, , X O
with IN X O
ambitious JJ X O
growth NN X O
plans VBZ X O
the DT X O
business NN X O
will MD X O
see VB X O
it PRP X O
deliver VB X O
sales NNS X O
of IN X O
100million CD X O
in IN X O
the DT X O
next JJ X O
5 CD X O
years NNS X O
. . X O
Our PRP$ X O

client NN X O
is VBZ X O
offering VBG X O
you PRP X O
the DT X O
opportunity NN X O
to TO X O
be VB X O
part NN X O
of IN X O
their PRP$ X O
established VBN X O
sales NNS X O
team NN X O
with IN X O
a DT X O
high JJ X O
earning VBG X O
potential JJ X O
. . X O
At IN X O

least JJS X O
5 CD X B-Experience
years NNS X I-Experience
success NN X O
in IN X O
a DT X O
comparable JJ X B-Skill
Commercial JJ X I-Skill
environment NN X I-Skill
High NNP X O
energy NN X B-Skill
, , X O
passion NN X B-Skill
, , X O
creativity NN X B-Skill
and CC X O
a DT X B-Skill
robust JJ X I-Skill
and CC X I-Skill
coherent JJ X I-Skill
approach NN X I-Skill
to TO X I-Skill
achieving VBG X I-Skill
business NN X I-Skill
plans NNS X I-Skill
and CC X I-Skill
revenue NN X I-Skill
growth NN X I-Skill
. . X O
Possesses NNS X O

understanding VBG X O
in IN X O
the DT X O
areas NNS X O
of IN X O
application NN X B-Skill
programming NN X I-Skill
, , X O
database NN X B-Skill
and CC X I-Skill
system NN X I-Skill
A DT X B-Experience

minimum NN X I-Experience
of IN X I-Experience
5 CD X I-Experience
years NNS X I-Experience
experience NN X I-Experience
in IN X O
the DT X O
development NN X B-Skill
of IN X I-Skill
web NN X I-Skill
applications NNS X I-Skill
for IN X O
the DT X O
J NNP X B-Skill
**** NNP X I-Skill
EE NNP X I-Skill
development NN X I-Skill
platform NN X I-Skill
. . X O
We PRP X O

re VBP X O
looking VBG X O
for IN X O
a DT X O
strong JJ X O
experienced JJ X B-Skill
Deputy NNP X B-Occupation
Manager NNP X I-Occupation
to TO X O
join VB X O
our PRP$ X O
team NN X O
of IN X O
lively RB X O
creative JJ X O
people NNS X O
. . X O
To TO X O

be VB X O
considered VBN X O
for IN X O
this DT X O
role NN X O
you PRP X O
must MD X O
have VB X O
a DT X O
high JJ X O
level NN X O
of IN X O
outbound JJ X O
operational JJ X B-Skill
leadership NN X I-Skill
capability NN X O
, , X O
have VBP X O
experience NN X B-Skill
of IN X I-Skill
managing VBG X I-Skill
NHS NNP X B-Domain

Lothian NNP X I-Domain
provides VBZ X O
an DT X O
extensive JJ X O
range NN X O
of IN X O
primary JJ X B-Domain
care NN X I-Domain
services NNS X I-Domain
, , X O
including VBG X O
mental JJ X B-Domain
health NN X I-Domain
, , X O
GP NNP X B-Domain
and CC X I-Domain
other JJ X I-Domain
communitybased VBD X I-Domain
services NNS X I-Domain
. . X O
Ability NN X O

to TO X O
supervise VB X B-Skill
teams NNS X I-Skill
of IN X O
estimating VBG X O
professionals NNS X O
and CC X O
work NN X B-Skill
closely RB X I-Skill
with IN X I-Skill
all DT X I-Skill
areas NNS X I-Skill
of IN X I-Skill
management NN X I-Skill
for IN X O
procurement NN X B-Skill
, , X O
subcontracting NN X B-Skill
, , X O
engineering NN X B-Skill
, , X O
construction NN X B-Skill
and CC X O
project NN X B-Skill
management NN X I-Skill
to TO X O
develop VB X O
successful JJ X O
competitive JJ X O
bids NNS X O
in IN X O
the DT X O
South NNP X O
East NNP X O
Asia NNP X O
region NN X O
is VBZ X O
required VBN X O
. . X O
Meeting VBG X B-Skill

customers NNS X I-Skill
at IN X I-Skill
roadshows NNS X I-Skill
and CC X O
trade NN X B-Skill
events NNS X I-Skill
Candidate NNP X O
profile NN X O
: : X O
This DT X O

role NN X O
is VBZ X O
commutable JJ X B-Occupation
from IN X O
Bridgend NNP X O
, , X O
Cardiff NNP X O
and CC X O
Swansea NNP X O
. . X O
This DT X O

is VBZ X O
an DT X O
excellent JJ X O
opportunity NN X O
to TO X O
join VB X O
a DT X O
hugely RB X O
successful JJ X O
and CC X O
renowned JJ X O
organisation NN X O
that IN X O
offers VBZ X O
an DT X O
excellent JJ X O
role NN X O
and CC X O
also RB X O
an DT X O
excellent JJ X O
benefits NNS X O
package NN X O
. . X O
For IN X O

further JJ X O
information NN X O
please NN X O
contact NN X O
Damian NNP X O
Della NNP X O
Croce NNP X O
in IN X O
the DT X O
strictest JJS X O
confidence NN X O
on IN X O
You PRP X O

will MD X O
also RB X O
assist VB X B-Skill
the DT X I-Skill
sales NNS X I-Skill
guys NNS X I-Skill
in IN X O
preparing VBG X B-Skill
and CC X I-Skill
packing VBG X I-Skill
for IN X I-Skill
going VBG X I-Skill
out RP X I-Skill
on IN X I-Skill
the DT X I-Skill
road NN X I-Skill
. . X O
The DT X O

Senior NNP X B-Occupation
Media NNP X I-Occupation
Communications NNP X I-Occupation
Manager NNP X I-Occupation
, , X O
News NNP X O
Emergencies NNP X O
, , X O
works VBZ X O
as IN X O
a DT X O
senior JJ X O
member NN X O
of IN X O
the DT X O
Media NNP X O
Relations NNP X O
Team NNP X O
and CC X O
the DT X O
broader JJR X O
Communications NNP X O
Team NNP X O
to TO X O
contribute VB X O
to TO X O
fulfilling VBG X O
the DT X O
Department NNP X O
s NN X O
objectives NNS X O
as IN X O
laid VBN X O
out RP X O
in IN X O
the DT X O
Communications NNP X O
Team NNP X O
plan NN X O
. . X O
Have VBP X B-Skill

a DT X I-Skill
real JJ X I-Skill
passion NN X I-Skill
for IN X I-Skill
food NN X I-Skill
, , X I-Skill
wine NN X I-Skill
and CC X I-Skill
beer NN X I-Skill
Have VBP X I-Skill
a DT X I-Skill
keen JJ X I-Skill
eye NN X I-Skill
for IN X I-Skill
detail NN X I-Skill
Show NNP X I-Skill
good JJ X I-Skill
career NN X I-Skill
progression NN X I-Skill
and CC X O
have VBP X O
at IN X B-Experience
least JJS X I-Experience
3years CD X I-Experience
experience NN X I-Experience
within IN X O
a DT X O
similar JJ X O
establishment NN X O
. . X O
Our PRP$ X O

client NN X O
welcomes VBZ X O
applicants NNS X O
from IN X O
all DT X O
sections NNS X O
of IN X O
the DT X O
community NN X O
. . X O
Candidates NNS X O

must MD X O
be VB X O
eligible JJ X O
to TO X O
live VB X O
and CC X O
work VB X O
in IN X O
the DT X O
UK NNP X O
. . X O
The DT X O

role NN X O
will MD X O
cover VB X O
an DT X O
area NN X O
of IN X O
the DT X O
UK NNP X O
and CC X O
there EX X O
will MD X O
be VB X O
full JJ X O
daytoday NN X B-Skill
HR NNP X I-Skill
responsibility NN X I-Skill
for IN X I-Skill
the DT X I-Skill
sites NNS X I-Skill
in IN X O
that DT X O
area NN X O
. . X O
e NN X O

. . X O
g NN X O
. . X O
equipment NN X B-Skill
maintenance NN X I-Skill
required VBN X O
Maintain NNP X O
an DT X O
up RB X O
to TO X O
date NN X O
knowledge NN X O
of IN X O
respective JJ X O
developments NNS X B-Skill
in IN X I-Skill
film NN X I-Skill
technologies NNS X I-Skill
. . X O
Developer NNP X B-Occupation

/ NNP X O
Sitecore NNP X B-Skill
/ NNP X O
SQL NNP X B-Skill
Server NNP X I-Skill
/ NNP X O
Umbraco NNP X B-Skill
/ NNP X O
MVC NNP X B-Skill
/ NNP X O
London NNP X O
Circle NNP X O
Recruitment NNP X O
is VBZ X O
acting VBG X O
as IN X O
an DT X O
Employment NNP X O
Agency NNP X O
in IN X O
relation NN X O
to TO X O
this DT X O
vacancy NN X O
. . X O
Applications NNS X O

for IN X O
the DT X O
role NN X O
of IN X O
Automotive NNP X B-Occupation
Roadside NNP X I-Occupation
Technician NNP X I-Occupation
/ NNP X O
Mechanic NNP X B-Occupation
will MD X O
only RB X O
be VB X O
considered VBN X O
if IN X O
we PRP X O
are VBP X O
provided VBN X O
with IN X O
a DT X O
full JJ X O
CV NNP X O
detailing VBG X O
your PRP$ X O
recent JJ X O
work NN X O
experience NN X O
with IN X O
dates NNS X O
of IN X O
employment NN X O
and CC X O
ensure VB X O
your PRP$ X O
contact NN X O
numbers NNS X O
and CC X O
residential JJ X O
address NN X O
details NNS X O
are VBP X O
on IN X O
your PRP$ X O
CV NNP X O
. . X O
Nationwide RB X O

If IN X O
you PRP X O
feel VBP X O
you PRP X O
have VBP X O
suitable JJ X O
experience NN X O
and CC X O
would MD X O
like VB X O
to TO X O
apply VB X O
for IN X O
this DT X O
role NN X O
please VB X O
send VB X O
your PRP$ X O
CV NNP X O
to TO X O
steve VB X O
. . X O
bowenrisetechnical JJ X O
. . X O
co NN X O
. . X O
uk NN X O
. . X O
Expanding VBG X O

their PRP$ X O
data NNS X O
warehousing NN X O
and CC X O
business NN X O
intelligence NN X O
solutions NNS X O
team NN X O
, , X O
you PRP X O
will MD X O
assist VB X B-Skill
in IN X I-Skill
developing VBG X I-Skill
their PRP$ X I-Skill
data NNS X I-Skill
warehouse NN X I-Skill
following VBG X I-Skill
a DT X I-Skill
dimensional JJ X I-Skill
data NN X I-Skill
modelling NN X I-Skill
approach NN X I-Skill
Kimball NNP X I-Skill
using VBG X I-Skill
ETL NNP X I-Skill
tools NNS X I-Skill
. . X O
Effective JJ X O

interpersonal NN X B-Skill
and CC X I-Skill
presentation NN X I-Skill
skills NNS X O
Awareness NNP X B-Skill
of IN X I-Skill
converging VBG X I-Skill
digital JJ X I-Skill
technology NN X I-Skill
within IN X O
the DT X O
creative JJ X O
media NNS X B-Domain
sector NN X I-Domain
Circle NNP X O

Support NNP X O
is VBZ X O
a DT X O
care NN X O
and CC X O
support NN X O
provider NN X O
with IN X O
a DT X O
wide JJ X O
range NN X O
of IN X O
specialist NN X O
services NNS X O
and CC X O
high JJ X O
quality NN X O
housing NN X O
management NN X O
for IN X O
over IN X O
Selfstarter NNP X B-Skill

Team NNP X I-Skill
Player NNP X I-Skill
Strong NNP X I-Skill
interpersonal JJ X I-Skill
, , X O
influencing VBG X B-Skill
and CC X I-Skill
negotiation NN X I-Skill
skills NNS X I-Skill
Willingness NNP X I-Skill
to TO X I-Skill
Travel VB X I-Skill
You PRP X O

will MD X O
be VB X O
working VBG X O
on IN X O
multiple JJ X O
project NN X O
work NN X O
streams NNS X O
, , X O
from IN X O
conception NN X O
to TO X O
launch VB X O
, , X O
tasking VBG X B-Skill
and CC X O
managing VBG X B-Skill
development NN X O
teams NNS X O
while IN X O
keeping VBG X B-Skill
a DT X O
close JJ X O
communication NN X O
with IN X O
the DT X O
Client NNP X O
. . X O
Reporting VBG X O

to TO X O
the DT X O
VP NNP X B-Domain
Business NNP X I-Domain
Development NNP X I-Domain
, , X O
the DT X O
position NN X O
incorporates VBZ X O
responsibilities NNS X O
that WDT X O
affect VBP X O
the DT X O
revenues NNS X O
and CC X O
success NN X O
of IN X O
the DT X O
company NN X O
, , X O
promoting VBG X B-Skill
and CC X I-Skill
selling VBG X I-Skill
the DT X I-Skill
Clinical NNP X I-Skill
Trial NNP X I-Skill
services NNS X I-Skill
, , X O
particularly RB X O
early JJ X B-Skill
Phase NNP X I-Skill
trials NNS X I-Skill
. . X O
Growing VBG X B-Skill

the DT X I-Skill
accounts NNS X I-Skill
through IN X I-Skill
strategic JJ X I-Skill
planning NN X I-Skill
, , X I-Skill
and CC X I-Skill
a DT X I-Skill
driven JJ X I-Skill
category NN X I-Skill
approach NN X I-Skill
. . X O
If IN X O

you PRP X O
have VBP X O
been VBN X O
successful JJ X O
we PRP X O
will MD X O
contact VB X O
you PRP X O
within IN X O
The DT X O

University NNP X O
of IN X O
St NNP X O
Andrews NNP X O
is VBZ X O
the DT X O
oldest JJS X O
university NN X O
in IN X O
Scotland NNP X O
, , X O
ranked VBD X O
4th CD X O
best JJS X O
university NN X O
in IN X O
the DT X O
UK NNP X O
and CC X O
in IN X O
the DT X O
world NN X O
s NN X O
top JJ X O
20 CD X O
for IN X O
Arts NNS X O
and CC X O
Humanities NNS X O
. . X O
Your PRP$ X O

role NN X O
within IN X O
the DT X O
company NN X O
will MD X O
include VB X O
; : X O
Onsite NNP X B-Skill
Quality NNP X I-Skill
Assurance NNP X I-Skill
Audit NNP X I-Skill
of IN X I-Skill
internal JJ X I-Skill
policies NNS X I-Skill
Audit NNP X I-Skill
of IN X I-Skill
subcontractors NNS X I-Skill
Testing NNP X I-Skill
of IN X I-Skill
materials NNS X I-Skill
Management NNP X I-Skill
of IN X I-Skill
team NN X I-Skill
members NNS X I-Skill
Production NNP X I-Skill
of IN X I-Skill
quality NN X I-Skill
assurance NN X I-Skill
reports NNS X I-Skill
Candidate NNP X O
Profile NNP X O
My PRP$ X O

client NN X O
is VBZ X O
a DT X O
market NN X O
leading NN X O
, , X O
international JJ X O
professional NN X O
services NNS X O
organisation NN X O
based VBN X O
in IN X O
Reading NNP X O
. . X O
Selfmotivated VBN X B-Skill

, , X O
motivating VBG X B-Skill
to TO X I-Skill
others NNS X I-Skill
, , X O
with IN X O
a DT X O
cando JJ X B-Skill
attitude NN X I-Skill
Able NNP X O
and CC X O
willing JJ X B-Skill
to TO X I-Skill
work VB X I-Skill
flexible JJ X I-Skill
hours NNS X I-Skill
as IN X O
determined VBN X O
by IN X O
the DT X O
needs NNS X O
of IN X O
the DT X O
business NN X O
Committed VBD X O
to TO X O
achieving VBG X B-Skill
the DT X I-Skill
highest JJS X I-Skill
store NN X I-Skill
standards NNS X I-Skill
and CC X I-Skill
customer NN X I-Skill
service NN X I-Skill
through IN X I-Skill
achieving VBG X I-Skill
KPIs NNP X I-Skill
Rewards NNS X I-Skill
Adecco NNP X O

Recruitment NNP X O
in IN X O
Bolton NNP X O
is VBZ X O
currently RB X O
recruiting VBG X O
for IN X O
a DT X O
Trust NNP X B-Occupation
Deed NNP X I-Occupation
Administrator NNP X I-Occupation
to TO X O
work VB X O
for IN X O
a DT X O
successful JJ X O
Debt NNP X O
Management NNP X O
Company NNP X O
based VBN X O
in IN X O
Bury NNP X O
, , X O
Lancashire NNP X O
We PRP X O
are VBP X O
ideally RB X O
seeking VBG X O
candidates NNS X O
that WDT X O
have VBP X O
experience VBN X B-Skill
with IN X I-Skill
advice NN X I-Skill
and CC X I-Skill
draft NN X I-Skill
of IN X I-Skill
trust NN X I-Skill
deeds NNS X I-Skill
To TO X O

be VB X O
aware JJ X O
of IN X O
and CC X O
comply VB X O
with IN X O
company NN X O
and CC X O
statutory JJ X O
requirements NNS X O
regarding VBG X O
health NN X O
and CC X O
safety NN X O
, , X O
fire NN X O
and CC X O
hygiene NN X O
. . X O
To TO X O

ensure VB X O
that IN X O
you PRP X O
are VBP X O
correctly RB X O
dressed VBN X O
, , X O
adhere RB X B-Skill
to TO X I-Skill
high JJ X I-Skill
personal JJ X I-Skill
hygiene NN X I-Skill
standards NNS X I-Skill
. . X O
0pm CD X O

Weekends NNS X O
on IN X O
a DT X O
rota JJ X O
basis NN X O
usually RB X O
every DT X O
other JJ X O
weekend NN X O
, , X O
with IN X O
day NN X O
off IN X O
in IN X O
the DT X O
week NN X O
. . X O
Provide VB X B-Skill

support NN X I-Skill
to TO X I-Skill
field NN X I-Skill
based VBN X I-Skill
Sales NNS X I-Skill
Team NNP X I-Skill
Liaison NNP X I-Skill
between IN X I-Skill
clients NNS X I-Skill
and CC X I-Skill
sales NNS X I-Skill
/ VBP X I-Skill
marketing NN X I-Skill
teams NNS X I-Skill
The DT X O

ideal JJ X O
candidate NN X O
must MD X O
be VB X O
recently RB X O
graduated VBN X B-Qualification
in IN X I-Qualification
engineering NN X I-Qualification
and CC X O
be VB X O
fluent JJ X O
proficiency NN X O
in IN X O
English JJ X B-Skill
language NN X I-Skill
. . X O
Conduct NNP X B-Skill

mechanical JJ X I-Skill
/ NNP X I-Skill
electrical JJ X I-Skill
design NN X I-Skill
review NN X I-Skill
meetings NNS X I-Skill
with IN X O
the DT X O
client NN X O
and CC X O
/ NN X O
or CC X O
internally RB X O
Produce NNP X B-Skill
Electrical NNP X I-Skill
drawings NNS X I-Skill
using VBG X O
They PRP X O

specialise VBP X O
in IN X O
the DT X O
development NN X B-Skill
and CC X I-Skill
implementation NN X I-Skill
of IN X I-Skill
banking VBG X I-Skill
systems NNS X I-Skill
to TO X O
a DT X O
wide JJ X O
range NN X O
of IN X O
customers NNS X O
. . X O
You PRP X O

will MD X O
be VB X O
responsible JJ X O
for IN X O
providing VBG X O
a DT X O
comprehensive JJ X O
secretarial JJ X B-Skill
service NN X I-Skill
to TO X O
the DT X O
board NN X O
of IN X O
Directors NNP X B-Occupation
, , X O
the DT X O
Chairman NNP X B-Occupation
and CC X O
Chief NNP X B-Occupation
Executive NNP X I-Occupation
. . X O
Excellent JJ X O

time NN X B-Skill
management NN X I-Skill
skills NNS X O
, , X O
with IN X O
the DT X O
ability NN X O
to TO X O
prioritise VB X B-Skill
multiple JJ X I-Skill
deliverables NNS X I-Skill
and CC X I-Skill
work NN X I-Skill
under IN X I-Skill
pressureStakeholder NN X O
engagement NN X B-Skill
to TO X I-Skill
develop VB X I-Skill
and CC X I-Skill
maintain VB X I-Skill
strong JJ X I-Skill
relationships NNS X I-Skill
with IN X I-Skill
stakeholders NNS X I-Skill
at IN X I-Skill
all DT X I-Skill
levels NNS X I-Skill
of IN X I-Skill
the DT X I-Skill
business NN X I-Skill
Established VBN X O

nearly RB X O
30 CD X O
years NNS X O
ago RB X O
and CC X O
with IN X O
a DT X O
strong JJ X O
market NN X O
name NN X O
, , X O
they PRP X O
cover VBP X O
a DT X O
variety NN X O
of IN X O
specialist JJ X O
sectors NNS X O
including VBG X O
Finance NNP X B-Domain
and CC X O
Accountancy NNP X B-Domain
. . X O
Our PRP$ X O

client NN X O
offers VBZ X O
a DT X O
competitive JJ X O
salary JJ X O
package NN X O
with IN X O
the DT X O
opportunity NN X O
for IN X O
commission NN X O
. . X O
To TO X O

learn VB X O
more JJR X O
about IN X O
Crawford NNP X O
Company NNP X O
, , X O
please VB X O
visit VB X O
our PRP$ X O
website NN X O
: : X O
We PRP X O
are VBP X O
an DT X O
equal JJ X O
opportunities NNS X O
employer NN X O
. . X O
Excellent JJ X O

Powerpoint NNP X B-Skill
and CC X O
Excel NNP X B-Skill
skill NN X O
will MD X O
ensure VB X O
projects NNS X O
are VBP X O
managed VBN X O
and CC X O
messages NNS X O
communicated VBN X O
. . X O
For IN X O

more JJR X O
information NN X O
please NN X O
call NN X O
Lauren NNP X O
at IN X O
Travel NNP X O
Trade NNP X O
Recruitment NNP X O
on IN X O
Apply NNP X O
online MD X O
only RB X O
or CC X O
email VB X O
The DT X O

firm NN X O
has VBZ X O
grown VBN X O
rapidly RB X O
, , X O
and CC X O
now RB X O
operates VBZ X O
in IN X O
most JJS X O
relevant JJ X O
economies NNS X O
with IN X O
over IN X O
Essential JJ X O

Criteria NNP X O
3rd CD X B-Qualification
Level NNP X I-Qualification
Qualification NNP X I-Qualification
in IN X I-Qualification
an DT X I-Qualification
IT NNP X I-Qualification
or CC X O
IT NNP X B-Qualification
related VBD X I-Qualification
Please NNP X O

contact VB X O
us PRP X O
for IN X O
details NNS X O
or CC X O
visit VB X O
our PRP$ X O
website NN X O
for IN X O
the DT X O
latest JJS X O
occupational JJ X B-Domain
therapy NN X I-Domain
job NN X O
opportunities NNS X O
in IN X O
your PRP$ X O
area NN X O
You PRP X O

will MD X O
need VB X O
to TO X O
show VB X O
you PRP X O
are VBP X O
capable JJ X O
of IN X O
setting VBG X B-Skill
and CC X I-Skill
following VBG X I-Skill
standards NNS X I-Skill
, , X O
particularly RB X O
within IN X O
a DT X O
quality NN X O
control NN X O
culture NN X O
. . X O
Apply VB X O

your PRP$ X O
commercial JJ X B-Domain
and CC X O
technical JJ X B-Domain
smarts NNS X O
to TO X O
develop VB X B-Skill
creative JJ X I-Skill
solutions NNS X I-Skill
to TO X O
win VB X B-Skill
Road NNP X I-Skill
Networks NNP X I-Skill
Asset NNP X I-Skill
Management NNP X I-Skill
contracts NNS X I-Skill
. . X O
As IN X O

part NN X O
of IN X O
this DT X O
commitment NN X O
, , X O
in IN X O
addition NN X O
to TO X O
benefits NNS X O
that IN X O
you PRP X O
would MD X O
expect VB X O
as IN X O
part NN X O
of IN X O
your PRP$ X O
employment NN X O
, , X O
they PRP X O
are VBP X O
very RB X O
pleased JJ X O
to TO X O
provide VB X O
a DT X O
wide JJ X O
range NN X O
of IN X O
attractive JJ X O
benefits NNS X O
for IN X O
their PRP$ X O
colleagues NNS X O
and CC X O
their PRP$ X O
families NNS X O
to TO X O
enjoy VB X O
. . X O
Manage NN X B-Skill

and CC X I-Skill
operate VB X I-Skill
the DT X I-Skill
payroll NN X I-Skill
cycle NN X I-Skill
, , X O
consistently RB X B-Skill
meeting VBG X I-Skill
service NN X I-Skill
and CC X I-Skill
corporate JJ X I-Skill
KPIs NNP X I-Skill
, , X O
principally RB X O
: : X O
Assess NN X B-Skill
and CC X I-Skill
apply VB X I-Skill
earnings NNS X I-Skill
, , X I-Skill
benefit NN X I-Skill
and CC X I-Skill
deduction NN X I-Skill
against IN X I-Skill
statutory JJ X I-Skill
and CC X I-Skill
contractual JJ X I-Skill
requirements NNS X I-Skill
and CC X O
establish VB X B-Skill
robust JJ X I-Skill
payroll NN X I-Skill
processes NNS X I-Skill
and CC X I-Skill
standard JJ X I-Skill
operating NN X I-Skill
procedures NNS X I-Skill
. . X O
Confident JJ X B-Skill

, , X O
selfmotivated VBN X B-Skill
and CC X O
well RB X O
organised VBN X B-Skill
with IN X O
excellent JJ X O
attention NN X B-Skill
to TO X I-Skill
detail NN X I-Skill
and CC X O
the DT X O
ability NN X O
to TO X O
manage VB X B-Skill
multiple JJ X I-Skill
priorities NNS X I-Skill
effectively RB X I-Skill
. . X O
an DT X O

Equal JJ X B-Occupation
Opportunity NNP X I-Occupation
Employer NNP X I-Occupation
Adecco NNP X O
is VBZ X O
acting VBG X O
as IN X O
an DT X O
Employment NNP X B-Domain
Agency NNP X O
in IN X O
relation NN X O
to TO X O
this DT X O
vacancy NN X O
. . X O
AJAX NNP X B-Skill

, , X O
JavaScript NNP X B-Skill
and CC X O
/ NNP X O
or CC X O
jQuery NN X B-Skill
XML NN X I-Skill
, , X O
XPath NNP X B-Skill
and CC X O
XSLT NNP X B-Skill
The DT X O

role NN X O
is VBZ X O
a DT X O
sales NNS X B-Domain
role NN X O
and CC X O
as IN X O
such JJ X O
you PRP X O
will MD X O
be VB X O
expected VBN X O
to TO X O
work VB X B-Skill
towards NNS X I-Skill
and CC X I-Skill
exceed VBP X I-Skill
targets NNS X I-Skill
both DT X O
in IN X O
sales NNS X B-Skill
and CC X O
customer NN X B-Skill
service NN X I-Skill
. . X O
The DT X O

Person NNP X O
To TO X O
succeed VB X O
in IN X O
this DT X O
role NN X O
you PRP X O
will MD X O
need VB X O
to TO X O
have VB X O
a DT X O
minimum JJ X O
1 CD X B-Experience
years NNS X I-Experience
experience NN X I-Experience
of IN X O
managing VBG X B-Skill
large JJ X I-Skill
teams NNS X I-Skill
in IN X I-Skill
a DT X I-Skill
fast JJ X I-Skill
moving VBG X I-Skill
retail JJ X I-Skill
environment NN X I-Skill
. . X O
Preferred NNP X O

areas NNS X O
of IN X O
expertise NN X O
here RB X O
would MD X O
include VB X O
IT NNP X B-Skill
and CC X O
Outsourcing NNP X B-Skill
, , X I-Skill
IP NNP X I-Skill
, , X I-Skill
Data NNP X I-Skill
Protection NNP X I-Skill
, , X I-Skill
EBusiness NNP X I-Skill
and CC X I-Skill
General NNP X I-Skill
Commercial NNP X I-Skill
. . X O
The DT X O

main JJ X O
responsibilities NNS X O
for IN X O
the DT X O
role NN X O
are VBP X O
: : X O
To TO X O
maintain VB X O
and CC X O
ensure VB X O
compliance NN X B-Skill
to TO X I-Skill
all DT X I-Skill
relevant JJ X I-Skill
Health NNP X I-Skill
, , X I-Skill
Safety NNP X I-Skill
Environmental NNP X I-Skill
processes NNS X I-Skill
and CC X I-Skill
legislation NN X I-Skill
. . X O
MOVE NN X O

IN NNP X O
TO NNP X O
A NNP X O
VIBRANT NNP X O
CAREER NNP X O
DON NNP X O
T NNP X O
HESITATE NNP X O
, , X O
CLICK NNP X O
AND NNP X O
APPLY NNP X O
TODAY NNP X O
To TO X O

find VB X O
out RP X O
more JJR X O
, , X O
please VB X O
feel VB X O
free JJ X O
to TO X O
contact VB X O
us PRP X O
for IN X O
further JJ X O
information NN X O
on IN X O
Maintain NNP X B-Skill

accurate NN X I-Skill
records NNS X I-Skill
of IN X I-Skill
all DT X I-Skill
tasks NNS X I-Skill
undertaken VBN X I-Skill
on IN X O
our PRP$ X O
internal JJ X O
webbased JJ X O
monitoring NN X O
tool NN X O
. . X O
Spire NNP X O

' POS X O
s JJ X O
commitment NN X O
is VBZ X O
to TO X O
clinical JJ X B-Domain
excellence NN X O
, , X O
patient JJ X B-Skill
safety NN X I-Skill
and CC X O
infection NN X B-Skill
control NN X I-Skill
. . X O
**** NN X O

basic JJ X O
salary JJ X O
depending VBG X O
on IN X O
experience NN X O
and CC X O
lucrative NN X O
uncapped JJ X O
commission NN X O
scheme NN X O
upto JJ X O
30 CD X O
%. NN X O
I PRP X O

am VBP X O
keen JJ X O
to TO X O
speak VB X O
to TO X O
candidates NNS X O
who WP X O
are VBP X O
team NN X B-Skill
focussed VBN X I-Skill
in IN X I-Skill
attitude NN X I-Skill
. . X O
In IN X O

addition NN X O
to TO X O
the DT X O
strong JJ X O
experience NN X B-Skill
with IN X O
JavaScript NNP X B-Skill
, , X O
HTML NNP X B-Skill
, , X O
CSS NNP X B-Skill
and CC X O
jQuery NN X B-Skill
, , X O
my PRP$ X O
client NN X O
would MD X O
also RB X O
like VB X O
candidates NNS X O
to TO X O
have VB X O
strong JJ X O
design NN X B-Skill
experience NN X I-Skill
, , X O
preferably RB X O
with IN X O
Adobe NNP X B-Skill
Creative NNP X I-Skill
Studio NNP X I-Skill
. . X O
The DT X O

ability NN X O
to TO X O
suggest VB X B-Skill
wines NNS X I-Skill
to TO X I-Skill
compliment VB X I-Skill
selected VBN X I-Skill
dishes NNS X I-Skill
Supervision NN X B-Skill

of IN X I-Skill
tests NNS X I-Skill
to TO X I-Skill
validate VB X I-Skill
designs NNS X I-Skill
will MD X O
also RB X O
be VB X O
a DT X O
fundamental JJ X O
part NN X O
of IN X O
this DT X O
position NN X O
. . X O
In IN X O

the DT X O
year NN X O
ended VBD X O
31 CD X O
March NNP X O
2012 CD X O
, , X O
hibu NN X O
had VBD X O
1 CD X O
. . X O
2 CD X O
million CD X O
SME NNP X O
customers NNS X O
and CC X O
total JJ X O
revenues NNS X O
of IN X O
Are NNP X O

you PRP X O
a DT X O
Manager NNP X B-Occupation
, , X O
who WP X O
can MD X O
think VB X B-Skill
on IN X I-Skill
your PRP$ X I-Skill
feet NNS X I-Skill
and CC X I-Skill
drive NN X I-Skill
for IN X I-Skill
results NNS X I-Skill
? . X O
then RB X O

this DT X O
could MD X O
be VB X O
a DT X O
very RB X O
interesting JJ X O
position NN X O
for IN X O
you PRP X O
. . X O
holiday NN X O

Chance NNP X O
to TO X O
be VB X O
part NN X O
of IN X O
a DT X O
growing VBG X O
company NN X O
with IN X O
career NN X O
progression NN X O
Candidate NNP X O
Information NN X O
We PRP X O

are VBP X O
a DT X O
rapidly RB X O
growing VBG X O
and CC X O
successful JJ X O
UK NNP X O
division NN X O
of IN X O
a DT X O
Global NNP X O
manufacturing NN X B-Domain
organisation NN X O
. . X O
**** JJ X O

entitlement NN X O
Knowledge NNP X O
and CC X O
experience NN X O
of IN X O
driving VBG X B-Skill
a DT X I-Skill
passenger NN X I-Skill
carrying VBG X I-Skill
minibus NN X I-Skill
would MD X O
be VB X O
advantageous JJ X O
Ability NNP X O
to TO X O
work VB X B-Skill
with IN X I-Skill
passengers NNS X I-Skill
with IN X I-Skill
special JJ X I-Skill
needs NNS X I-Skill
As IN X O

the DT X O
work NN X O
involved VBN X O
will MD X O
be VB X O
demanding VBG X O
and CC X O
fastpaced VBN X O
, , X O
you PRP X O
should MD X O
be VB X O
hardworking VBG X B-Skill
, , X O
diligent NN X B-Skill
and CC X O
resilient NN X B-Skill
, , X O
and CC X O
have VBP X O
a DT X O
good JJ X B-Skill
work NN X I-Skill
ethic JJ X I-Skill
and CC X I-Skill
attitude NN X I-Skill
. . X O
Foot NNP X O

Note NN X O
: : X O
If IN X O
your PRP$ X O
application NN X O
is VBZ X O
successful JJ X O
we PRP X O
will MD X O
contact VB X O
you PRP X O
to TO X O
discuss VB X O
the DT X O
opportunity NN X O
in IN X O
more JJR X O
detail NN X O
within IN X O
Due JJ X O

to TO X O
expansion NN X O
they PRP X O
are VBP X O
looking VBG X O
to TO X O
hire VB X O
a DT X O
Business NNP X B-Occupation
Development NNP X I-Occupation
Manager NNP X I-Occupation
based VBN X O
in IN X O
Denmark NNP X O
to TO X O
grow VB X B-Skill
sales NNS X I-Skill
in IN X O
the DT X O
Insurance NNP X B-Domain
sector NN X I-Domain
. . X O
Fawkes NNS X O

s VBP X O
leading VBG X O
recruiters NNS X O
, , X O
Fawkes NNP X O
Administrator NNP X O
opportunities NNS X O
in IN X O
your PRP$ X O
area NN X O
contact NN X O
Ellie NNP X O
UrbanLarge NNP X O
on IN X O
You PRP X O

will MD X O
also RB X O
be VB X O
required VBN X O
to TO X O
help VB X B-Skill
set VB X I-Skill
Companies NNP X I-Skill
future NN X I-Skill
Business NNP X I-Skill
plans NNS X I-Skill
and CC X I-Skill
strategy NN X I-Skill
based VBN X I-Skill
on IN X I-Skill
current JJ X I-Skill
and CC X I-Skill
projected JJ X I-Skill
business NN X I-Skill
performance NN X I-Skill
. . X O
We PRP X O

are VBP X O
looking VBG X O
for IN X O
experienced JJ X B-Skill
Mechanical NNP X B-Occupation
Design NNP X I-Occupation
Engineers NNP X I-Occupation
to TO X O
join VB X O
the DT X O
R NNP X B-Domain
& CC X I-Domain
D NNP X I-Domain
team NN X O
and CC X O
have VBP X O
responsibility NN X O
for IN X O
full JJ X B-Skill
product NN X I-Skill
lifecycle NN X I-Skill
. . X O
My PRP$ X O

client NN X O
is VBZ X O
a DT X O
recognised JJ X O
authority NN X O
and CC X O
opinion NN X O
former JJ X O
in IN X O
the DT X O
automotive JJ X B-Domain
industry NN X I-Domain
a DT X O
genuine JJ X O
household NN X O
name NN X O
. . X O
As IN X O

editor NN X B-Occupation
of IN X O
the DT X O
magazine NN X O
you PRP X O
will MD X O
be VB X O
responsible JJ X O
for IN X O
the DT X O
day NN X B-Skill
to TO X I-Skill
day NN X I-Skill
running VBG X I-Skill
of IN X I-Skill
Hoist NNP X I-Skill
Your PRP$ X O

responsibilities NNS X O
will MD X O
include VB X O
Leading NNP X B-Skill
and CC X I-Skill
managing VBG X I-Skill
the DT X I-Skill
output NN X I-Skill
of IN X I-Skill
the DT X I-Skill
general JJ X I-Skill
welfare NN X I-Skill
team NN X I-Skill
Supporting NNP X I-Skill
and CC X I-Skill
developing VBG X I-Skill
the DT X I-Skill
general JJ X I-Skill
welfare NN X I-Skill
team NN X I-Skill
including VBG X I-Skill
recruitment NN X I-Skill
and CC X I-Skill
performance NN X I-Skill
management NN X I-Skill
Management NNP X I-Skill
of IN X I-Skill
applications NNS X I-Skill
from IN X I-Skill
current JJ X I-Skill
serving VBG X I-Skill
personnel NNS X I-Skill
as RB X I-Skill
well RB X I-Skill
as IN X I-Skill
ex NN X I-Skill
services NNS X I-Skill
personnel NNS X I-Skill
and CC X I-Skill
their PRP$ X I-Skill
families NNS X I-Skill
Management NNP X I-Skill
of IN X I-Skill
the DT X I-Skill
awards NNS X I-Skill
made VBN X I-Skill
by IN X I-Skill
the DT X I-Skill
trustees NNS X I-Skill
to TO X I-Skill
beneficiaries NNS X I-Skill
Travelling VBG X B-Skill

throughout IN X I-Skill
the DT X I-Skill
country NN X I-Skill
will MD X O
be VB X O
a DT X O
necessity NN X O
, , X O
as IN X O
not RB X O
all DT X O
projects NNS X O
will MD X O
be VB X O
within IN X O
the DT X O
Chesire NNP X O
County NNP X O
. . X O
We PRP X O

are VBP X O
looking VBG X O
for IN X O
a DT X B-Qualification
graduate JJ X I-Qualification
Chemist NN X B-Occupation
or CC X O
Materials NNS X B-Occupation
Scientist VBP X I-Occupation
or CC X O
alternatively RB X O
someone NN X O
with IN X O
a DT X O
couple NN X O
of IN X O
relevant JJ X O
industry NN X B-Skill
experience NN X I-Skill
. . X O
Experience NN X O

in IN X O
the DT X O
publishing NN X B-Domain
industry NN X I-Domain
would MD X O
be VB X O
an DT X O
advantage NN X O
. . X O
The DT X O

candidate NN X O
will MD X O
preferably RB X O
have VB X O
acquired VBN X O
experience NN X O
of IN X O
the DT X O
design NN X B-Skill
and CC X O
construction NN X B-Skill
of IN X I-Skill
large JJ X I-Skill
power NN X I-Skill
plant NN X I-Skill
of IN X O
different JJ X B-Skill
configurations NNS X I-Skill
and CC X O
fuel NN X B-Skill
types NNS X I-Skill
to TO X O
include VB X O
knowledge NN X O
of IN X O
thermal JJ X B-Skill
plant NN X I-Skill
/ NNP X I-Skill
CCGT NNP X I-Skill
or CC X O
renewable JJ X B-Domain
energy NN X I-Domain
design NN X I-Domain
and CC X O
operation NN X B-Domain
. . X O
**** NN X O

in IN X O
vouchers NNS X O
if IN X O
we PRP X O
assist VBP X B-Skill
them PRP X I-Skill
in IN X I-Skill
securing VBG X I-Skill
a DT X I-Skill
permanent JJ X I-Skill
role NN X I-Skill
and CC X O
a DT X O
minimum NN X O
of IN X O
Sales NNS X B-Occupation

Manager NNP X I-Occupation
MidMarket NNP X O
Hotel NNP X O
Essex NNP X O
Precis NNP X O
Proactive NNP X B-Skill
sales NNS X I-Skill
role NN X I-Skill
at IN X O
this DT X O
popular JJ X O
branded VBD X O
seaside JJ X O
hotel NN X O
in IN X O
SouthendonSea NNP X O
in IN X O
Essex NNP X O
. . X O
Commercial JJ X B-Skill

lines NNS X I-Skill
pricing VBG X I-Skill
for IN X O
all DT X O
managed VBN X O
syndicates NNS X O
, , X O
including VBG X O
the DT X O
development NN X B-Skill
of IN X I-Skill
new JJ X I-Skill
and CC X I-Skill
enhancing VBG X I-Skill
existing VBG X I-Skill
rating NN X I-Skill
models NNS X I-Skill
. . X O
Preparing VBG X B-Skill

and CC X I-Skill
submitting VBG X I-Skill
various JJ X I-Skill
KPI NNP X I-Skill
reports NNS X I-Skill
High NNP X I-Skill
level NN X I-Skill
of IN X I-Skill
accuracy NN X I-Skill
and CC X I-Skill
numeracy NN X I-Skill
Strong NNP X I-Skill
analytical JJ X I-Skill
and CC X I-Skill
problem NN X I-Skill
solving NN X I-Skill
skills NNS X I-Skill
**** JJ X O

per IN X O
day NN X O
dependent NN X O
on IN X O
experienceTo NN X O
be VB X O
considered VBN X O
for IN X O
the DT X O
role NN X O
you PRP X O
will MD X O
need VB X O
to TO X O
be VB X O
an DT X O
experienced JJ X B-Skill
Clinical JJ X B-Occupation
Coder NN X I-Occupation
with IN X O
at IN X B-Experience
least JJS X I-Experience
3 CD X I-Experience
You PRP X O

will MD X O
be VB X O
working VBG X O
as IN X O
a DT X O
part NN X O
of IN X O
a DT X O
team NN X O
where WRB X O
the DT X O
projects NNS X O
will MD X O
be VB X O
focused VBN X O
on IN X O
software NN X O
products NNS X O
for IN X O
the DT X O
media NNS X B-Domain
industry NN X O
through IN X O
product NN X B-Skill
architecture NN X I-Skill
, , X O
design NN X B-Skill
and CC X O
development NN X B-Skill
. . X O
In IN X O

more JJR X O
detail NN X O
, , X O
my PRP$ X O
client NN X O
is VBZ X O
working VBG X O
mostly RB X O
with IN X O
AX2012 NNP X O
and CC X O
has VBZ X O
recently RB X O
won VBD X O
a DT X O
select JJ X O
group NN X O
of IN X O
new JJ X O
clients NNS X O
looking VBG X O
to TO X O
undertake VB X O
some DT X O
of IN X O
the DT X O
most RBS X O
extensive JJ X O
implementations NNS X O
in IN X O
Europe NNP X O
. . X O
Responsibility NN X B-Skill

for IN X I-Skill
all DT X I-Skill
Electrical NNP X I-Skill
facets NNS X I-Skill
of IN X I-Skill
the DT X I-Skill
project NN X I-Skill
from IN X I-Skill
initial JJ X I-Skill
concepts NNS X I-Skill
through IN X I-Skill
to TO X I-Skill
production NN X I-Skill
/ NNP X I-Skill
completion NN X I-Skill
Candidate NNP X O
skills VBZ X O
/ JJ X O
qualifications NNS X O
Based VBN X O

Doncaster NNP X O
Salary NNP X O
**** NNP X O
doe VBZ X O
Our PRP$ X O
client NN X O
an DT X O
established VBN X O
and CC X O
well RB X O
respected VBN X O
law NN X O
firm NN X O
with IN X O
multiple JJ X O
branches NNS X O
are VBP X O
looking VBG X O
to TO X O
add VB X O
to TO X O
their PRP$ X O
team NN X O
and CC X O
are VBP X O
looking VBG X O
for IN X O
an DT X O
experienced JJ X O
secretary NN X O
. . X O
You PRP X O

will MD X O
be VB X O
given VBN X O
the DT X O
exposure NN X O
to TO X O
capacity NN X B-Skill
planning NN X I-Skill
and CC X O
network NN X B-Skill
design NN X I-Skill
too RB X O
so RB X O
there EX X O
is VBZ X O
100 CD X O
% NN X O
room NN X O
for IN X O
career NN X O
progression NN X O
. . X O
The DT X O

role NN X O
will MD X O
entail VB X O
75 CD X O
% NN X O
new JJ X B-Skill
business NN X I-Skill
development NN X I-Skill
and CC X O
25 CD X O
% NN X O
account NN X B-Skill
management NN X I-Skill
of IN X O
two CD X O
existing VBG X O
national JJ X O
contracts NNS X O
. . X O
To TO X B-Skill

assist VB X I-Skill
when WRB X I-Skill
required VBN X I-Skill
in IN X I-Skill
the DT X I-Skill
recruitment NN X I-Skill
of IN X I-Skill
learners NNS X I-Skill
, , X O
curriculum NN X B-Skill
and CC X I-Skill
programme JJ X I-Skill
organisation NN X I-Skill
and CC X I-Skill
development NN X I-Skill
, , X O
and CC X O
the DT X O
generation NN X B-Skill
of IN X I-Skill
new JJ X I-Skill
course NN X I-Skill
programme NN X I-Skill
products NNS X I-Skill
, , X O
in IN X O
order NN X O
to TO X O
meet VB X O
the DT X O
college NN X O
' POS X O
s JJ X O
strategic JJ X O
objectives NNS X O
. . X O
You PRP X O

will MD X O
need VB X O
to TO X O
have VB X O
the DT X O
initiative NN X O
to TO X O
manage VB X O
your PRP$ X O
time NN X O
well RB X O
and CC X O
demonstrate VB X O
the DT X O
following VBG X O
advantageous JJ X O
capabilities NNS X O
: : X O
Excellent JJ X O
organisational JJ X B-Skill
and CC X I-Skill
planning VBG X I-Skill
skills NNS X I-Skill
Positive JJ X I-Skill
attitude NN X I-Skill
Knowledge NNP X O
of IN X O
local JJ X O
market NN X O
Support NNP X B-Skill

development NN X I-Skill
of IN X I-Skill
construction NN X I-Skill
or CC X I-Skill
installation NN X I-Skill
sequence NN X I-Skill
and CC X I-Skill
outage NN X I-Skill
programmes NNS X I-Skill
where WRB X I-Skill
required VBN X I-Skill
in IN X O
relation NN X O
to TO X O
EC NNP X B-Domain
and CC X I-Domain
I PRP X I-Domain
engineering NN X I-Domain
works NNS X I-Domain
. . X O
**** JJ X O

year NN X O
North NNP X O
West NNP X O
Cancer NNP X O
Research NNP X O
PhD NNP X O
studentship VBD X O
working VBG X O
with IN X O
Dr NNP X O
Barry NNP X O
Campbell NNP X O
in IN X O
the DT X O
Henry NNP X O
Wellcome NNP X O
Laboratory NNP X O
of IN X O
Molecular NNP X O
Cellular NNP X O
Gastroenterology NNP X O
http NN X O
:// NNP X O
www NN X O
. . X O
liv NN X O
. . X O
ac NN X O
. . X O
uk JJ X O
/ JJ X O
gastroenterology NN X O
/ NN X O
The DT X O

purpose NN X O
of IN X O
this DT X O
role NN X O
is VBZ X O
to TO X O
assist VB X O
in IN X O
the DT X O
running NN X O
of IN X O
the DT X O
core NN X B-Skill
risk NN X I-Skill
management NN X I-Skill
processes VBZ X O
across IN X O
the DT X O
group NN X O
and CC X O
ensure VB X B-Skill
Management NNP X I-Skill
Information NNP X I-Skill
is VBZ X I-Skill
available JJ X I-Skill
that WDT X O
allows VBZ X O
the DT X O
Executive NNP X B-Domain
team NN X O
to TO X O
manage VB X B-Skill
risk NN X I-Skill
appropriately RB X O
across IN X O
its PRP$ X O
business NN X B-Domain
. . X O
In IN X O

a DT X O
company NN X O
such JJ X O
as IN X O
this DT X O
, , X O
the DT X O
only JJ X O
limit NN X O
to TO X O
your PRP$ X O
advancement NN X O
will MD X O
be VB X O
your PRP$ X O
ambition NN X B-Skill
. . X O
An DT X O

immediate JJ X O
opportunity NN X O
has VBZ X O
arisen VBN X O
for IN X O
an DT X O
experienced JJ X B-Skill
Financial NNP X B-Occupation
Accountant NNP X I-Occupation
to TO X O
join VB X O
our PRP$ X O
client NN X O
, , X O
a DT X O
leading VBG X O
financial JJ X B-Domain
services NNS X I-Domain
providers NNS X O
based VBN X O
in IN X O
London NNP X O
Key NNP X O
responsibilities NNS X O
of IN X O
the DT X O
job NN X O
will MD X O
include VB X O
: : X O
The DT X O
team NN X O
is VBZ X O
based VBN X O
across IN X O
London NNP X O
and CC X O
Edinburgh NNP X O
and CC X O
is VBZ X O
responsible JJ X O
for IN X O
the DT X O
MI NNP X B-Skill
, , X I-Skill
decision NN X I-Skill
support NN X I-Skill
, , X O
statutory JJ X B-Skill
reporting NN X I-Skill
and CC X O
financial JJ X B-Skill
control NN X I-Skill
for IN X O
the DT X O
Specialist NNP X B-Domain
Finance NNP X I-Domain
business NN X I-Domain
within IN X O
Commercial NNP X B-Domain
Banking NNP X I-Domain
. . X O
Additionally RB X O

, , X O
the DT X O
successful JJ X O
candidate NN X O
will MD X O
be VB X O
involved VBN X O
in IN X O
liaising VBG X B-Skill
with IN X I-Skill
ATM NNP X I-Skill
sites NNS X I-Skill
, , X O
engineers NNS X B-Occupation
, , X I-Occupation
service NN X I-Occupation
providers NNS X I-Occupation
and CC X O
selected VBN X O
customers NNS X O
; : X O
as RB X O
well RB X O
as IN X O
ensuring VBG X B-Skill
levels NNS X I-Skill
of IN X I-Skill
service NN X I-Skill
availability NN X I-Skill
and CC X I-Skill
integrity NN X I-Skill
are VBP X O
achieved VBN X O
at IN X O
all DT X O
times NNS X O
. . X O
For IN X O

further JJ X O
information NN X O
please NN X O
contact NN X O
Ruth NNP X O
Frizzell NNP X O
in IN X O
the DT X O
strictest JJS X O
confidence NN X O
on IN X O
Any DT X O

other JJ X O
task NN X O
reasonably RB X O
requested VBN X O
by IN X O
the DT X O
MD NNP X O
Experience NN X O
: : X O
12 CD X B-Experience
years NNS X I-Experience
Technical JJ X B-Skill
Field NNP X I-Skill
Experience NNP X I-Skill
& CC X B-Experience
5 CD X I-Experience
Years NNS X I-Experience
in IN X O
a DT X O
related JJ X O
technical JJ X B-Skill
field NN X I-Skill
. . X O
To TO X O

apply VB X O
for IN X O
the DT X O
role NN X O
please NN X O
contact VB X O
the DT X O
office NN X O
on IN X O
Applicants NNS X O

for IN X O
this DT X O
ASP NNP X B-Occupation
. . X I-Occupation
NET NNP X I-Occupation
Developer NNP X I-Occupation
position NN X O
MUST NNP X O
have VBP X O
Sitecore NNP X B-Skill
/ NNP X I-Skill
Umbraco NNP X I-Skill
experience NN X I-Skill
. . X O
They PRP X O

arrange VBP X O
a DT X O
variety NN X O
of IN X O
events NNS X O
facilitating VBG X O
peer NN X O
group NN X O
learning NN X O
and CC X O
provide VB X O
invaluable JJ X O
support NN X O
for IN X O
individual JJ X O
business NN X O
requirements NNS X O
. . X O
This DT X O

is VBZ X O
a DT X O
rapidly RB X O
expanding VBG X O
area NN X O
and CC X O
there EX X O
will MD X O
be VB X O
ample JJ X O
opportunity NN X O
to TO X O
progress VB X O
in IN X O
the DT X O
organisation NN X O
. . X O
You PRP X O

will MD X O
also RB X O
have VB X O
management NN X B-Experience
experience NN X I-Experience
of IN X I-Experience
circa NN X I-Experience
10 CD X I-Experience
people NNS X I-Experience
and CC X O
be VB X O
particularly RB X B-Skill
strong JJ X I-Skill
on IN X I-Skill
PPC NNP X I-Skill
, , X I-Skill
SEO NNP X I-Skill
, , X I-Skill
Affiliates NNP X I-Skill
, , X I-Skill
Display NNP X I-Skill
, , X I-Skill
DSPs NNP X I-Skill
and CC X I-Skill
DMPs NNP X I-Skill
, , X I-Skill
product NN X I-Skill
feeds NNS X I-Skill
, , X I-Skill
mobile NN X I-Skill
and CC X I-Skill
email NN X I-Skill
marketing NN X I-Skill
. . X O
You PRP X O

will MD X O
need VB X O
a DT X O
good JJ X O
understanding NN X B-Skill
of IN X I-Skill
hardware NN X I-Skill
and CC X I-Skill
networking NN X I-Skill
but CC X O
those DT X O
aspects NNS X O
will MD X O
be VB X O
the DT X O
primary JJ X O
responsibility NN X O
for IN X O
someone NN X O
else RB X O
. . X O
They PRP X O

will MD X O
be VB X O
responsible JJ X B-Skill
for IN X I-Skill
all DT X I-Skill
elements NNS X I-Skill
of IN X I-Skill
P NNP X I-Skill
L NNP X I-Skill
, , X I-Skill
staff NN X I-Skill
and CC X I-Skill
stock NN X I-Skill
. . X O
**** JJ X O

English NNP X B-Occupation
Teachers NNP X I-Occupation
, , X O
with IN X O
a DT X O
mixture NN X O
of IN X O
experienced JJ X O
teachers NNS X O
and CC X O
two CD X O
NQT NNP X B-Qualification
s NN X O
who WP X O
will MD X O
complete VB X O
their PRP$ X O
induction NN X O
in IN X O
2013 CD X O
. . X O
Protection NNP X B-Skill

Advisor NNP X I-Skill
/ NNP X O
Financial NNP X B-Skill
Advisor NNP X I-Skill
Working VBG X O
with IN X O
the DT X O
Harrington NNP X O
Brooks NNP X O
current JJ X O
client NN X O
base NN X O
of IN X O
over IN X O
In IN X O

return NN X O
we PRP X O
offer VBP X O
: : X O
A DT X O
superb JJ X O
commission NN X O
package NN X O
, , X O
right JJ X O
candidates NNS X O
will MD X O
earn VB X O
circa NN X O
Due JJ X O

to TO X O
the DT X O
high JJ X O
volume NN X O
of IN X O
applications NNS X O
and CC X O
roles NNS X O
, , X O
you PRP X O
will MD X O
develop VB X O
your PRP$ X O
own JJ X O
strategy NN X O
for IN X O
recruitment NN X O
which WDT X O
will MD X O
be VB X O
in IN X O
line NN X O
with IN X O
current JJ X O
legislation NN X O
and CC X O
internal JJ X O
policy NN X O
. . X O
As IN X O

such JJ X O
they PRP X O
have VBP X O
a DT X O
need NN X O
for IN X O
an DT X O
experienced JJ X B-Skill
Project NN X B-Occupation
Manager NNP X I-Occupation
to TO X O
join VB X O
the DT X O
team NN X O
. . X O
By IN X O

applying VBG X O
for IN X O
this DT X O
job NN X O
you PRP X O
accept VBP X O
the DT X O
T NNP X O
& CC X O
C NNP X O
' POS X O
s NN X O
, , X O
Privacy NN X O
Policy NNP X O
and CC X O
Disclaimers NNP X O
which WDT X O
can MD X O
be VB X O
found VBN X O
at IN X O
hays NNS X O
. . X O
co NN X O
. . X O
uk NN X O
Have VBP X O

a DT X O
lot NN X O
of IN X O
creativity NN X B-Skill
original JJ X I-Skill
ideas NNS X I-Skill
Have VBP X O
a DT X O
passion NN X B-Skill
for IN X I-Skill
live JJ X I-Skill
music NN X I-Skill
Salary NNP X O
Join VB X O

a DT X O
top JJ X O
London NNP X O
media NNS X B-Domain
agency NN X O
as IN X O
the DT X O
teams NNS X O
PPC NNP X B-Occupation
Manager NNP X I-Occupation
, , X O
take VBP X O
that DT X O
step NN X O
up RB X O
and CC X O
lead VB X B-Skill
the DT X I-Skill
team NN X I-Skill
in IN X O
a DT X O
new JJ X O
direction NN X O
. . X O
The DT X O

team NN X O
use NN X O
a DT X O
mixture NN X O
of IN X O
C NNP X B-Skill
++ NNP X I-Skill
and CC X O
C NNP X B-Skill
and CC X O
the DT X O
successful JJ X O
candidate NN X O
will MD X O
have VB X O
the DT X O
opportunity NN X O
to TO X O
learn VB X O
or CC X O
improve VB X O
their PRP$ X O
C NNP X O
/ NNP X O
C NNP X O
++ NNP X O
skills NNS X O
. . X O
Interested JJ X O

in IN X O
working VBG X O
with IN X O
the DT X O
very RB X O
latest JJS X O
versions NNS X O
of IN X O
Microsoft NNP X B-Skill
Technology NNP X I-Skill
? . X O
You PRP X O

will MD X O
work VB X O
within IN X O
a DT X O
team NN X O
of IN X O
Learner NNP X B-Occupation
Engagement NNP X I-Occupation
Officers NNP X O
, , X O
responsible JJ X O
for IN X O
managing VBG X B-Skill
and CC X I-Skill
developing VBG X I-Skill
partnerships NNS X I-Skill
that WDT X O
encourage VBP X O
learners NNS X O
to TO X O
apply VB X O
for IN X O
training NN X O
and CC X O
apprenticeship NN X O
services NNS X O
delivered VBN X O
by IN X O
your PRP$ X O
organisation NN X O
. . X O
Strong JJ X O

commercial JJ X B-Skill
acumen NNS X I-Skill
Drive VBP X I-Skill
to TO X I-Skill
succeed VB X I-Skill
in IN X I-Skill
producing VBG X I-Skill
successful JJ X I-Skill
events NNS X I-Skill
and CC X I-Skill
functions NNS X I-Skill
Desired NNP X O

Skills NNP X O
ll VBD X O
need MD X B-Skill
to TO X I-Skill
be VB X I-Skill
unflappable JJ X I-Skill
and CC X I-Skill
as IN X I-Skill
comfortable JJ X I-Skill
taking VBG X I-Skill
a DT X I-Skill
client NN X I-Skill
to TO X I-Skill
lunch NN X I-Skill
as IN X I-Skill
you PRP X I-Skill
are VBP X I-Skill
interpreting VBG X I-Skill
your PRP$ X I-Skill
client NN X I-Skill
requests NNS X I-Skill
and CC X O
then RB X O
identifying VBG X B-Skill
the DT X I-Skill
best JJS X I-Skill
fit NN X I-Skill
technologies NNS X I-Skill
and CC X I-Skill
approaches NNS X I-Skill
and CC X O
leading VBG X B-Skill
your PRP$ X I-Skill
project NN X I-Skill
team NN X I-Skill
to TO X I-Skill
make VB X I-Skill
sure JJ X I-Skill
that IN X I-Skill
we PRP X I-Skill
successfully RB X I-Skill
delivery NN X I-Skill
of IN X I-Skill
project NN X I-Skill
work NN X I-Skill
both DT X I-Skill
on IN X I-Skill
time NN X I-Skill
, , X I-Skill
to TO X I-Skill
budget NN X I-Skill
and CC X I-Skill
to TO X I-Skill
the DT X I-Skill
high JJ X I-Skill
polished JJ X I-Skill
standard NN X I-Skill
to TO X I-Skill
which WDT X I-Skill
we PRP X I-Skill
are VBP X I-Skill
renowned VBN X I-Skill
for IN X I-Skill
. . X O
k NN X O

will MD X O
be VB X O
on IN X O
offer NN X O
with IN X O
commission NN X O
to TO X O
be VB X O
paid VBN X O
monthly JJ X O
ontop NN X O
. . X O
Randstad NNP X O

Financial NNP X O
& CC X O
Professional NNP X O
' POS X O
s JJ X O
client NN X O
is VBZ X O
a DT X O
mid NN X B-Domain
tier NN X I-Domain
practice NN X I-Domain
with IN X O
a DT X O
large JJ X O
client NN X O
base NN X O
of IN X O
large JJ X O
and CC X O
medium JJ X O
sized VBN X O
companies NNS X O
in IN X O
both DT X O
the DT X O
private JJ X B-Domain
and CC X O
public JJ X B-Domain
sectors NNS X I-Domain
. . X O
**** JJ X O

person NN X O
helpdesk NN X O
responding VBG X B-Skill
to TO X I-Skill
customer NN X I-Skill
queries NNS X I-Skill
for IN X O
a DT X O
number NN X O
of IN X O
outsourced JJ X O
clients NNS X O
, , X O
the DT X O
Operations NNP X B-Occupation
Manager NNP X I-Occupation
will MD X O
be VB X O
responsible JJ X O
for IN X O
managing VBG X B-Skill
the DT X I-Skill
strategic JJ X I-Skill
growth NN X I-Skill
of IN X O
the DT X O
team NN X O
as RB X O
well RB X O
as IN X O
the DT X O
day NN X O
to TO X O
day NN X O
processes NNS X B-Skill
and CC X I-Skill
procedures NNS X I-Skill
. . X O
careersflamepharma NN X O

. . X O
com NN X O
Flame NNP X O
Health NNP X O
Associates NNP X O
LLP NNP X O
incorporating VBG X O
Flame NNP X O
Pharma NNP X O
operates VBZ X O
as IN X O
an DT X O
Employment NNP X B-Domain
Agency NNP X O
Employment NNP X B-Domain
Business NNP X I-Domain
Key NNP X O
Words NNP X O
Business NNP X B-Occupation
Development NNP X I-Occupation
Director NNP X I-Occupation
, , X O
Clinical NNP X B-Domain
Research NNP X I-Domain
, , X O
Phase NNP X B-Domain
I PRP X I-Domain
, , X O
Phase NNP X B-Domain
II NNP X I-Domain
, , X O
Phase NNP X B-Domain
III NNP X I-Domain
, , X O
Phase NNP X B-Domain
IV NNP X I-Domain
, , X O
UK NNP X O
, , X O
Scandinavia NNP X O
, , X O
Germany NNP X O
, , X O
Europe NNP X O
, , X O
CRO NNP X B-Domain
Further RB X O

details NNS X O
of IN X O
the DT X O
post NN X O
and CC X O
application NN X O
forms NNS X O
are VBP X O
available JJ X O
from IN X O
: : X O
Mrs NNP X O
Nicola NNP X O
MacRobbie NNP X O
, , X O
St NNP X O
Mary NNP X O
s VBD X O
School NNP X O
, , X O
Ascot NNP X O
SL5 NNP X O
A DT X O

company NN X O
prides VBZ X O
themselves PRP X O
on IN X O
their PRP$ X O
excellent JJ X O
products NNS X O
, , X O
company NN X O
reputation NN X O
and CC X O
career NN X O
progression NN X O
for IN X O
their PRP$ X O
team NN X O
As IN X O

part NN X O
of IN X O
our PRP$ X O
process NN X O
we PRP X O
aim VBP X O
to TO X O
respond VB X O
to TO X O
all DT X O
applications NNS X O
within IN X O
An DT X O

outstanding JJ X O
opportunity NN X O
has VBZ X O
arisen VBN X O
to TO X O
work VB X O
for IN X O
our PRP$ X O
client NN X O
based VBN X O
on IN X O
the DT X O
outskirts NNS X O
of IN X O
Leeds NNP X O
City NNP X O
Centre NNP X O
. . X O
A DT X O

proven JJ X B-Experience
track NN X I-Experience
record NN X I-Experience
of IN X I-Experience
successful JJ X I-Experience
business NN X I-Experience
development NN X I-Experience
and CC X I-Experience
account NN X I-Experience
management NN X I-Experience
is VBZ X O
essential JJ X O
. . X O
For IN X O

more JJR X O
information NN X O
on IN X O
this DT X O
Portal NNP X O
Architect NNP X O
opening VBG X O
contact NN X O
David NNP X O
on IN X O
David NNP X O
. . X O
BurkeAnsonMcCade NNP X O
. . X O
com NN X O
Portal NNP X O
Architect NNP X O
You PRP X O

will MD X O
also RB X O
be VB X O
responsible JJ X O
for IN X O
designing VBG X B-Skill
client NN X I-Skill
solutions NNS X I-Skill
. . X O
The DT X O

school NN X O
has VBZ X O
the DT X O
perfect NN X O
experienced VBD X B-Skill
and CC X O
newly RB X O
qualified VBN X O
; : X O
they PRP X O
have VBP X O
a DT X O
very RB X O
settled JJ X O
and CC X O
stable JJ X O
teaching NN X B-Domain
team NN X O
that WDT X O
is VBZ X O
made VBN X O
up IN X O
of IN X O
some DT X O
NQT NNP X O
' POS X O
s NN X O
and CC X O
the DT X O
rest NN X O
are VBP X O
very RB X O
experienced JJ X B-Skill
teachers NNS X B-Occupation
with IN X O
some DT X O
being VBG X O
there EX X O
for IN X O
over IN X O
10 CD X O
years NNS X O
. . X O
Our PRP$ X O

client NN X O
is VBZ X O
looking VBG X O
to TO X O
hire VB X O
a DT X O
software NN X B-Occupation
engineer NN X I-Occupation
on IN X O
a DT X O
staff NN X O
basis NN X O
. . X O
This DT X O

will MD X O
involve VB X O
developing VBG X B-Skill
the DT X I-Skill
novel NN X I-Skill
computer NN X I-Skill
vision NN X I-Skill
capabilities NNS X I-Skill
which WDT X O
are VBP X O
best RBS X O
placed VBN X O
to TO X O
benefit VB X O
from IN X O
and CC X O
drive JJ X O
future NN X O
computer NN X O
system NN X O
advances NNS X O
, , X O
building NN X B-Skill
in IN X I-Skill
particular NN X I-Skill
on IN X I-Skill
recent JJ X I-Skill
work NN X I-Skill
on IN X I-Skill
dense JJ X I-Skill
SLAM NNP X I-Skill
and CC X O
scene NN X B-Skill
understanding VBG X I-Skill
using VBG X I-Skill
parallel JJ X I-Skill
processing NN X I-Skill
. . X O
In IN X O

return NN X O
for IN X O
working VBG X O
for IN X O
Coventry NNP X O
University NNP X O
you PRP X O
will MD X O
have VB X O
access NN X O
to TO X O
a DT X O
comprehensive JJ X O
personal JJ X O
and CC X O
career NN X O
development NN X O
package NN X O
alongside IN X O
a DT X O
generous JJ X O
holiday NN X O
allowance NN X O
and CC X O
final JJ X O
salary NN X O
pension NN X O
scheme NN X O
. . X O
A DT X O

genuine JJ X O
interest NN X O
in IN X O
health NN X B-Skill
technology NN X I-Skill
appraisal NN X I-Skill
and CC X O
economic JJ X B-Skill
evaluation NN X I-Skill
methods NNS X I-Skill
and CC X I-Skill
applications NNS X I-Skill
. . X O
You PRP X O

will MD X O
offered VBN X O
ad NN X O
hoc NN X O
shifts NNS X O
from IN X O
Monday NNP X O
to TO X O
Friday NNP X O
with IN X O
varying NN X O
hours NNS X O
. . X O
Successful JJ X O

applicants NNS X O
are VBP X O
required VBN X O
to TO X O
provide VB X O
an DT X O
enhanced JJ X B-Qualification
disclosure NN X I-Qualification
. . X O
Physically RB X B-Skill

fit JJ X I-Skill
as IN X O
the DT X O
job NN X O
involves VBZ X O
assisting VBG X B-Skill
patients NNS X I-Skill
escorting VBG X I-Skill
them PRP X I-Skill
to TO X I-Skill
and CC X I-Skill
from IN X I-Skill
their PRP$ X I-Skill
rooms NNS X I-Skill
. . X O
As IN X O

the DT X O
Assistant NNP X B-Occupation
Manager NNP X I-Occupation
, , X O
your PRP$ X O
key JJ X O
responsibilities NNS X O
will MD X O
include VB X O
: : X O
Recruiting NNP X B-Skill
, , X O
training NN X B-Skill
and CC X O
developing VBG X B-Skill
your PRP$ X I-Skill
team NN X I-Skill
to TO X I-Skill
achieve VB X I-Skill
their PRP$ X I-Skill
personal JJ X I-Skill
best NN X I-Skill
. . X O
Somewhere RB X O

where WRB X O
good JJ X O
food NN X O
, , X O
great JJ X B-Skill
service NN X I-Skill
and CC X O
incredible JJ X O
value NN X O
go VBP X O
hand NN X O
in IN X O
hand NN X O
? . X O
Purpose NNP X O

of IN X O
Job NNP X O
: : X O
The DT X O
primary JJ X O
function NN X O
of IN X O
the DT X O
Finance NNP X B-Occupation
Officer NNP X I-Occupation
is VBZ X O
to TO X O
provide VB X B-Skill
efficient NN X I-Skill
and CC X I-Skill
effective JJ X I-Skill
finance NN X I-Skill
support NN X I-Skill
to TO X I-Skill
the DT X I-Skill
Trust NNP X I-Skill
. . X O
Being VBG X O

music NN X O
, , X O
entertainment NN X O
and CC X O
film NN X O
it PRP X O
s VBD X O
an DT X O
interesting JJ X O
industry NN X B-Domain
to TO X O
work VB X O
in IN X O
too RB X O
, , X O
with IN X O
a DT X O
wide JJ X O
range NN X O
of IN X O
clients NNS X O
both DT X O
local JJ X O
and CC X O
foreign JJ X O
. . X O
Completing VBG X B-Skill

reports NNS X I-Skill
and CC X I-Skill
updating VBG X I-Skill
spreadsheets NNS X I-Skill
Calculating VBG X I-Skill
SSP NNP X I-Skill
, , X I-Skill
SMP NNP X I-Skill
, , X I-Skill
SPP NNP X I-Skill
s VBD X O
Updating VBG X B-Skill
new JJ X I-Skill
starters NNS X I-Skill
, , X I-Skill
leavers NNS X I-Skill
, , X I-Skill
transfers NNS X I-Skill
and CC X I-Skill
pay VB X I-Skill
Everyone NN X O

brings VBZ X O
different JJ X O
experiences NNS X O
to TO X O
the DT X O
job NN X O
but CC X O
they PRP X O
do VBP X O
share NN X O
a DT X O
passion NN X O
making VBG X O
a DT X O
difference NN X O
and CC X O
doing VBG X O
something NN X O
life NN X O
changing NN X O
. . X O
At IN X O

least JJS X O
one CD X O
high JJ X B-Skill
volume NN X I-Skill
site NN X I-Skill
under IN X I-Skill
your PRP$ X I-Skill
management NN X I-Skill
in IN X I-Skill
previous JJ X I-Skill
job NN X I-Skill
for IN X O
a DT X O
time NN X O
frame NN X O
of IN X O
3 CD X B-Experience
years NNS X I-Experience
Should MD X O
have VB X O
had VBD X B-Skill
a DT X I-Skill
team NN X I-Skill
reporting NN X I-Skill
into IN X I-Skill
you PRP X I-Skill
which WDT X I-Skill
includes VBZ X I-Skill
General NNP X I-Skill
Managers NNP X I-Skill
and CC X I-Skill
office NN X I-Skill
team NN X I-Skill
Very NNP X O
comfortable JJ X B-Skill
with IN X I-Skill
Stock NNP X I-Skill
reconciliation NN X I-Skill
and CC X I-Skill
budgeting NN X I-Skill
Experience NN X I-Skill
with IN X I-Skill
delivering VBG X I-Skill
training NN X I-Skill
at IN X I-Skill
both DT X I-Skill
operational JJ X I-Skill
and CC X I-Skill
management NN X I-Skill
level NN X I-Skill
Have VBP X O
strong JJ X O
figures NNS X B-Skill
posting VBG X I-Skill
growth NN X I-Skill
in IN X I-Skill
restaurants NNS X I-Skill
managed VBD X I-Skill
Salary NNP X O
Up NNP X O
to TO X O
An DT X O

excellent JJ X O
organisation NN X O
is VBZ X O
expanding VBG X O
in IN X O
the DT X O
South NNP X O
West NNP X O
and CC X O
needs VBZ X O
a DT X O
dynamic JJ X B-Skill
and CC X O
knowledgable JJ X B-Skill
Social NNP X B-Occupation
Worker NNP X I-Occupation
Half JJ X O

year NN X O
and CC X O
year NN X O
end NN X O
reporting NN X O
requirements NNS X O
for IN X O
head NN X O
office NN X O
to TO X O
IFRS NNP X O
standards NNS X O
. . X O
Must NNP X O

have VBP X O
strong JJ X O
audit NN X B-Domain
experience NN X O
and CC X O
the DT X O
ability NN X O
to TO X O
manage VB X B-Skill
clients NNS X I-Skill
and CC X I-Skill
junior JJ X I-Skill
staff NN X I-Skill
. . X O
Comply NN X B-Skill

with IN X I-Skill
all DT X I-Skill
legal JJ X I-Skill
, , X I-Skill
regulatory JJ X I-Skill
and CC X I-Skill
best JJS X I-Skill
practice NN X I-Skill
guidelines NNS X I-Skill
. . X O
Promote NNP X O

high JJ X O
standards NNS X O
of IN X O
nursing NN X B-Skill
care NN X I-Skill
for IN X O
you PRP X O
and CC X O
your PRP$ X O
team NN X O
, , X O
actively RB X B-Skill
seeking VBG X I-Skill
ways NNS X I-Skill
to TO X I-Skill
improve VB X I-Skill
levels NNS X I-Skill
of IN X I-Skill
service NN X I-Skill
. . X O
The DT X O

Background NN X O
: : X O
This DT X O
leading VBG X O
services NNS X O
organisation NN X O
is VBZ X O
actively RB X O
seeking VBG X O
an DT X O
addition NN X O
to TO X O
their PRP$ X O
Move NNP X B-Domain
Management NNP X I-Domain
team NN X O
. . X O
YE NNP X O

Chamber NNP X O
Training NNP X O
is VBZ X O
committed VBN X O
to TO X O
the DT X O
equal JJ X O
opportunities NNS X O
, , X O
welfare NN X O
and CC X O
safeguarding NN X O
of IN X O
all DT X O
its PRP$ X O
learners NNS X O
and CC X O
expects VBZ X O
all DT X O
staff NN X O
and CC X O
partners NNS X O
to TO X O
share NN X O
this DT X O
commitment NN X O
For IN X O

this DT X O
my PRP$ X O
client NN X O
will MD X O
provide VB X O
you PRP X O
with IN X O
a DT X O
very RB X O
competitive JJ X O
salary NN X O
, , X O
bonus NN X O
and CC X O
opportunity NN X O
for IN X O
overtime NN X O
if IN X O
you PRP X O
wish VBP X O
. . X O
For IN X O

further JJ X O
details NNS X O
and CC X O
an DT X O
application NN X O
form NN X O
please NN X O
visit VB X O
our PRP$ X O
website NN X O
: : X O
https NN X O
:// NN X O
www NN X O
. . X O
hirewire NN X O
. . X O
co NN X O
. . X O
uk JJ X O
/ JJ X O
StBartholomewsSchool NNP X O
/ NNP X O
RG NNP X O
**** NNP X O
JP NNP X O
/ NNP X O
MS_Index NNP X O
. . X O
aspx IN X O
Closing VBG X O
date NN X O
: : X O
Monday NNP X O
11 CD X O
February NNP X O
2013 CD X O
If IN X O

you PRP X O
have VBP X O
strong JJ X O
Marine NNP X B-Skill
claims NNS X I-Skill
experience NN X O
please NN X O
apply VB X O
today NN X O
Working VBG X B-Skill

alongside IN X I-Skill
the DT X I-Skill
existing VBG X I-Skill
ASP NNP X I-Skill
. . X I-Skill
Net JJ X I-Skill
MVC NNP X I-Skill
/ NNP X I-Skill
C NNP X I-Skill
Developers NNP X I-Skill
you PRP X O
should MD X O
have VB X O
sufficient JJ X O
experience NN X B-Skill
to TO X O
join VB X O
the DT X O
team NN X O
and CC X O
be VB X O
able JJ X O
to TO X O
add VB X O
benefits NNS X O
in IN X O
a DT X O
short JJ X O
timeframe NN X O
. . X O
We PRP X O

are VBP X O
looking VBG X O
for IN X O
an DT X O
individual NN X O
with IN X O
a DT X O
good JJ X O
solid JJ X O
background NN X O
in IN X O
online NN X B-Domain
or CC X I-Domain
web NN X I-Domain
project NN X I-Domain
management NN X I-Domain
to TO X O
oversee VB X B-Skill
daily JJ X O
operations NNS X O
and CC X O
manage VB X B-Skill
the DT X O
relationship NN X O
onsite NN X O
with IN X O
our PRP$ X O
clients NNS X O
one CD X O
of IN X O
the DT X O
world NN X O
s NN X O
leading VBG X O
manufacturers NNS X O
of IN X O
animal JJ X O
health NN X O
pharmaceuticals NNS X O
. . X O
SQL NNP X O

DBAI NNP X O
have VBP X O
a DT X O
new JJ X O
opportunity NN X O
to TO X O
work VB X O
for IN X O
a DT X O
superb JJ X O
client NN X O
in IN X O
an DT X O
outstanding JJ X O
and CC X O
memorable JJ X O
working NN X O
environment NN X O
To TO X O

manage VB X B-Skill
, , X O
support NN X B-Skill
and CC X O
develop VB X B-Skill
other JJ X I-Skill
systems NNS X I-Skill
including VBG X I-Skill
ICE NNP X I-Skill
Desktop NNP X I-Skill
electronic JJ X I-Skill
Discharge NNP X I-Skill
letter NN X I-Skill
system NN X I-Skill
, , X I-Skill
and CC X I-Skill
ORMIS NNP X I-Skill
Theatre NNP X I-Skill
System NNP X I-Skill
. . X O
This DT X O

post NN X O
is VBZ X O
male JJ X O
only RB X O
, , X O
due JJ X O
to TO X O
the DT X O
care NN X O
/ NNP X O
personal JJ X O
needs NNS X O
of IN X O
the DT X O
service NN X O
users NNS X O
. . X O
Rydym NNP X O

yn PRP X O
chwilio VBP X O
am VBP X O
unigolion JJ X O
sy NN X O
n JJ X O
gallu NN X O
gweithio NN X O
n JJ X O
gyflym NN X O
ac NN X O
yn NN X O
gywir NN X O
dan NN X O
bwysau NN X O
THE DT X O

ROLE NN X O
: : X O
This DT X O
is VBZ X O
a DT X O
key JJ X O
hire NN X O
for IN X O
the DT X O
firm NN X O
, , X O
requiring VBG X O
someone NN X O
to TO X O
handle VB X B-Skill
a DT X I-Skill
mixed JJ X I-Skill
caseload NN X I-Skill
of IN X I-Skill
commercial JJ X I-Skill
and CC X I-Skill
residential JJ X I-Skill
property NN X I-Skill
matters NNS X I-Skill
. . X O
AutoCAD NNP X B-Skill

/ NNP X O
FactoryCAD NNP X B-Skill
/ NNP X O
GSPAS NNP X B-Skill
an DT X O
advantage NN X O
Education NN X O
Required VBN X O
: : X O
Minimum JJ X B-Qualification
HNC NNP X I-Qualification
/ NNP X I-Qualification
ONC NNP X I-Qualification
/ NNP X I-Qualification
Degree NNP X I-Qualification
or CC X O
5 CD X B-Experience
Years NNS X I-Experience
experience NN X I-Experience
in IN X O
Manufacturing NN X B-Domain
Copperfield NNP X O

Recruitment NNP X O
Ltd NNP X O
are VBP X O
acting VBG X O
as IN X O
a DT X O
recruitment NN X O
agency NN X O
in IN X O
relation NN X O
to TO X O
this DT X O
vacancy NN X O
and CC X O
are VBP X O
an DT X O
equal JJ X O
opportunities NNS X O
employer NN X O
. . X O
This DT X O

is VBZ X O
a DT X O
key JJ X O
role NN X O
within IN X O
the DT X O
senior JJ X O
management NN X O
team NN X O
and CC X O
we PRP X O
seek VBP X O
an DT X O
inspirational JJ X B-Skill
leader NN X I-Skill
with IN X O
experience NN X O
of IN X O
managing VBG X B-Skill
multi JJ X I-Skill
functional JJ X I-Skill
teams NNS X I-Skill
and CC X O
taking VBG X O
responsibility NN X B-Skill
for IN X I-Skill
high JJ X I-Skill
levels NNS X I-Skill
of IN X I-Skill
inventory NN X I-Skill
value NN X I-Skill
. . X O
An DT X O

experienced JJ X B-Skill
manager NN X B-Occupation
of IN X I-Occupation
staff NN X I-Occupation
in IN X O
a DT X O
media NNS X B-Domain
relations NNS X O
office NN X O
or CC X O
media NNS X O
outlet NN X O
, , X O
you PRP X O
will MD X O
drive VB X O
the DT X O
team NN X O
to TO X O
achieve VB X O
challenging VBG X O
results NNS X O
in IN X O
terms NNS X O
of IN X O
coverage NN X O
on IN X O
issues NNS X O
affecting VBG X O
children NNS X O
. . X O
Nigel NNP X O

Frank NNP X O
International NNP X O
Ltd NNP X O
is VBZ X O
acting VBG X O
as IN X O
an DT X O
Employment NNP X O
Agency NNP X O
in IN X O
relation NN X O
to TO X O
this DT X O
vacancy NN X O
Process NNP X O

all DT X O
paperwork NN X B-Skill
associated VBN X I-Skill
with IN X I-Skill
employment NN X I-Skill
changes NNS X I-Skill
and CC X O
variations NNS X B-Skill
to TO X I-Skill
contracts NNS X I-Skill
Type NN X O

of IN X O
person NN X O
required VBN X O
: : X O
Educated VBN X B-Skill
to TO X O
minimum VB X O
NHC NNP X B-Qualification
standard NN X I-Qualification
. . X O
Homebase NNP X O

operates VBZ X O
as IN X O
an DT X O
equal JJ X O
opportunities NNS X O
employer NN X O
and CC X O
we PRP X O
welcome VBP X O
all DT X O
applications NNS X O
regardless RB X O
of IN X O
gender NN X O
, , X O
marital JJ X O
status NN X O
, , X O
sexual JJ X O
orientation NN X O
, , X O
pregnancy NN X O
, , X O
race NN X O
, , X O
colour NN X O
, , X O
ethnic JJ X O
origin NN X O
, , X O
nationality NN X O
, , X O
religion NN X O
or CC X O
beliefs NN X O
, , X O
disability NN X O
, , X O
age NN X O
, , X O
political JJ X O
opinions NNS X O
or CC X O
trade NN X O
union NN X O
membership NN X O
. . X O
You PRP X O

will MD X O
be VB X O
targeting VBG X B-Skill
SME NNP X I-Skill
` `` X I-Skill
s NN X I-Skill
in IN X I-Skill
a DT X I-Skill
variety NN X I-Skill
of IN X I-Skill
verticals NNS X I-Skill
, , X I-Skill
with IN X I-Skill
an DT X I-Skill
international JJ X I-Skill
reach NN X I-Skill
. . X O
By IN X O

specializing VBG X O
solely RB X O
in IN X O
placing VBG X O
candidates NNS X O
in IN X O
the DT X O
Microsoft NNP X B-Domain
Lync NNP X I-Domain
market NN X I-Domain
I PRP X O
have VBP X O
built VBN X B-Skill
relationships NNS X I-Skill
with IN X O
most JJS X O
of IN X O
the DT X O
key JJ X B-Occupation
employers NNS X I-Occupation
in IN X O
the DT X O
UK NNP X O
and CC X O
have VBP X O
an DT X O
unrivalled JJ X O
understanding NN X O
of IN X O
where WRB X O
the DT X O
best JJS X O
opportunities NNS X O
Microsoft NNP X O
Lync NNP X O
jobs NNS X O
are VBP X O
. . X O
On IN X O

the DT X O
BD NNP X B-Occupation
side NN X O
you PRP X O
will MD X O
provide VB X B-Skill
detailed JJ X I-Skill
bid NN X I-Skill
support NN X I-Skill
and CC X O
will MD X O
expected VBN X O
to TO X O
take VB X B-Skill
a DT X I-Skill
lead NN X I-Skill
and CC X I-Skill
add JJ X I-Skill
value NN X I-Skill
, , X O
coaching VBG X B-Skill
and CC X O
advising VBG X B-Skill
partners NNS X I-Skill
on IN X O
their PRP$ X O
pitch NN X O
preparation NN X O
. . X O
**** NN X O

k NN X O
, , X O
a DT X O
benefits NNS X O
package NN X O
including VBG X O
a DT X O
generous JJ X O
bonus NN X O
of IN X O
c1015 NN X O
%, FW X O
a DT X O
company NN X O
pension NN X O
scheme NN X O
, , X O
support NN X O
with IN X O
training NN X O
and CC X O
Certifications NNS X O
and CC X O
up RB X O
to TO X O
35 CD X O
days NNS X O
holiday NN X O
are VBP X O
all DT X O
on IN X O
offer NN X O
. . X O
With IN X O

support NN X O
from IN X O
the DT X O
Membership NNP X B-Occupation
Development NNP X I-Occupation
Manager NNP X I-Occupation
, , X O
coordinate VBP X B-Skill
an DT X I-Skill
interesting NN X I-Skill
and CC X I-Skill
challenging VBG X I-Skill
development NN X I-Skill
programme NN X I-Skill
of IN X I-Skill
activities NNS X I-Skill
, , X O
which WDT X O
will MD X O
engage VB X B-Skill
young JJ X I-Skill
participants NNS X I-Skill
, , X O
be VB X O
in IN X O
keeping VBG X O
with IN X O
their PRP$ X O
principles NNS X O
and CC X O
deliver VB X B-Skill
on IN X I-Skill
the DT X I-Skill
NCS NNP X I-Skill
programme NN X I-Skill
outcomes NNS X I-Skill
. . X O
You PRP X O

will MD X O
also RB X O
benefit VB X O
from IN X O
excellent JJ X O
scope NN X O
for IN X O
progression NN X O
and CC X O
training NN X O
. . X O
My PRP$ X O

client NN X O
, , X O
a DT X O
' POS X B-Domain
Big JJ X I-Domain
4 CD X I-Domain
' POS X I-Domain
practice NN X O
based VBN X O
in IN X O
Belfast NNP X O
who WP X O
has VBZ X O
recently RB X O
won VBD X O
a DT X O
significant JJ X O
piece NN X O
of IN X O
work NN X O
, , X O
is VBZ X O
currently RB X O
recruiting VBG X O
for IN X O
a DT X O
number NN X O
of IN X O
Audit NNP X B-Occupation
Seniors NNP X I-Occupation
to TO X O
join VB X O
their PRP$ X O
expanding VBG X O
team NN X O
. . X O
The DT X O

business NN X O
has VBZ X O
grown VBN X O
over IN X O
the DT X O
last JJ X O
5 CD X O
years NNS X O
with IN X O
the DT X O
addition NN X O
of IN X O
several JJ X O
brands NNS X O
to TO X O
the DT X O
portfolio NN X O
. . X O
To TO X O

apply VB X O
please NN X O
use IN X O
the DT X O
Apply NNP X O
link NN X O
within IN X O
this DT X O
advert NN X O
and CC X O
your PRP$ X O
CV NNP X O
will MD X O
be VB X O
forwarded VBN X O
to TO X O
a DT X O
Freight NNP X O
Personnel NNP X O
consultant NN X O
automatically RB X O
To TO X O

be VB X O
responsible JJ X B-Skill
for IN X I-Skill
the DT X I-Skill
validation NN X I-Skill
of IN X I-Skill
all DT X I-Skill
registration NN X I-Skill
requests NNS X I-Skill
for IN X O
specified VBN X O
contract NN X O
start NN X O
dates NNS X O
by IN X O
confirming VBG X O
and CC X O
registering VBG X O
supplies NNS X O
on IN X O
time NN X O
. . X O
Looking VBG X O

to TO X O
join VB X O
a DT X O
rapidly RB X O
expanding VBG X O
notforprofit JJ X O
organisation NN X O
and CC X O
help NN X B-Skill
stand VB X I-Skill
up RP X I-Skill
for IN X I-Skill
the DT X I-Skill
rights NNS X I-Skill
of IN X I-Skill
those DT X I-Skill
with IN X I-Skill
a DT X I-Skill
learning VBG X I-Skill
disability NN X I-Skill
? . X O
YOU NN X O

WILL MD X O
HAVE VB X O
THE NNP X O
FOLLOWING NNP X O
TO NNP X O
BE VB X O
A NNP X O
STORE NNP X B-Occupation
MANAGER NNP X I-Occupation
You PRP X O

will MD X O
work VB X O
closely RB X O
within IN X O
a DT X O
team NN X O
of IN X O
around RB X O
ten JJ X O
employees NNS X O
, , X O
who WP X O
will MD X O
assist VB X O
you PRP X O
with IN X O
prescreening VBG X O
duties NNS X O
for IN X O
every DT X O
patient NN X O
. . X O
Our PRP$ X O

client NN X O
is VBZ X O
a DT X O
well RB X O
established VBN X O
manufacturing NN X B-Domain
company NN X O
who WP X O
due JJ X O
to TO X O
expansion NN X O
and CC X O
internal JJ X O
movements NNS X O
are VBP X O
looking VBG X O
for IN X O
a DT X O
Finance NNP X B-Occupation
officer NN X I-Occupation
to TO X O
join VB X O
their PRP$ X O
team NN X O
. . X O
Currently RB X O

they PRP X O
are VBP X O
looking VBG X O
to TO X O
grow VB X O
their PRP$ X O
marketing NN X B-Domain
and CC X O
telesales NNS X B-Domain
team NN X O
and CC X O
as IN X O
such JJ X O
a DT X O
new JJ X O
role NN X O
has VBZ X O
been VBN X O
created VBN X O
for IN X O
a DT X O
junior JJ X B-Occupation
telesales NNS X I-Occupation
executive VBP X I-Occupation
The DT X O
Role NNP X O
Working NNP X O
with IN X O
marketing VBG X B-Domain
team NN X O
in IN X O
a DT X O
junior JJ X B-Occupation
telesales NNS X I-Occupation
role NN X O
you PRP X O
will MD X O
be VB X O
involved VBN X O
in IN X O
all DT X O
areas NNS X O
of IN X O
lead JJ X B-Skill
generation NN X I-Skill
and CC X O
database NN X B-Skill
cleansing NN X I-Skill
. . X O
Prince NN X B-Skill

2 CD X I-Skill
methodologies NNS X O
are VBP X O
adopted VBN X O
and CC X O
therefore JJ X O
certification NN X B-Skill
or CC X I-Skill
experience NN X I-Skill
in IN X I-Skill
delivering VBG X I-Skill
projects NNS X I-Skill
within IN X I-Skill
the DT X I-Skill
Prince NNP X I-Skill
2 CD X I-Skill
framework NN X I-Skill
is VBZ X O
highly RB X O
desirable JJ X O
. . X O
We PRP X O

also RB X O
provide VBP X O
access NN X O
to TO X O
a DT X O
wide JJ X O
variety NN X O
of IN X O
both DT X O
inhouse NN X O
and CC X O
external JJ X O
training NN X O
. . X O
Reporting VBG X O

into IN X O
the DT X O
UK NNP X O
HR NNP X B-Occupation
Manager NNP X I-Occupation
you PRP X O
will MD X O
be VB X O
an DT X O
integral JJ X O
member NN X O
of IN X O
a DT X O
business NN X O
with IN X O
over IN X O
Coleshill NNP X O

We PRP X O
are VBP X O
currently RB X O
recruiting VBG X O
support NN X B-Occupation
workers NNS X I-Occupation
with IN X O
previous JJ X B-Skill
care NN X I-Skill
experience NN X I-Skill
working VBG X I-Skill
with IN X I-Skill
a DT X I-Skill
male JJ X I-Skill
client NN X I-Skill
who WP X O
suffers VBZ X O
with IN X O
Osteogensis NNP X O
Imperfecta NNP X O
. . X O
Please NNP X O

go VB X O
to TO X O
http VB X O
:// NNP X O
www NN X O
. . X O
enllegal NN X O
. . X O
co NN X O
. . X O
uk JJ X O
/ JJ X O
candidateregistration NN X O
. . X O
php NN X O
to TO X O
register VB X O
your PRP$ X O
interest NN X O
for IN X O
similar JJ X O
positions NNS X O
. . X O
In IN X B-Skill

Progress NNP X I-Skill
reports NNS X I-Skill
ensuring VBG X O
that IN X O
all DT X B-Skill
jobs NNS X I-Skill
are VBP X I-Skill
correctly RB X I-Skill
entered VBN X I-Skill
on IN X I-Skill
system NN X I-Skill
and CC X O
that IN X O
the DT X O
WIP NNP X B-Skill
administration NN X I-Skill
is VBZ X I-Skill
controlled VBN X I-Skill
in IN X O
line NN X O
with IN X O
business NN X O
requirements NNS X O
To TO X O
ensure VB X B-Skill
that IN X I-Skill
the DT X I-Skill
internal JJ X I-Skill
job NN X I-Skill
control NN X I-Skill
systems NNS X I-Skill
are VBP X I-Skill
managed VBN X I-Skill
daily RB X I-Skill
so RB X O
that IN X O
job NN X B-Skill
requests NNS X I-Skill
are VBP X I-Skill
processed VBN X I-Skill
or CC X I-Skill
queried VBN X I-Skill
without IN X I-Skill
delay NN X I-Skill
. . X O
This DT X O

is VBZ X O
a DT X O
dynamic JJ X O
, , X O
interesting JJ X O
environment NN X O
and CC X O
you PRP X O
will MD X O
get VB X O
plenty NN X O
of IN X O
variety NN X O
and CC X O
some DT X O
excellent JJ X O
people NNS X O
to TO X O
work VB X O
with IN X O
. . X O
The DT X O

Senior NNP X B-Occupation
C NNP X I-Occupation
Developer NNP X I-Occupation
will MD X O
design VB X B-Skill
and CC X I-Skill
develop VB X I-Skill
tactical JJ X I-Skill
solutions NNS X I-Skill
to TO X O
frequent JJ X O
business NN X O
problems NNS X O
, , X O
develop VB X B-Skill
software NN X I-Skill
to TO X I-Skill
integrate VB X I-Skill
with IN X I-Skill
the DT X I-Skill
company NN X I-Skill
s VBD X I-Skill
Order NNP X I-Skill
Management NNP X I-Skill
System NNP X I-Skill
while IN X O
providing VBG X B-Skill
increased JJ X I-Skill
flexibility NN X I-Skill
for IN X I-Skill
the DT X I-Skill
Front NNP X I-Skill
Office NNP X I-Skill
, , X I-Skill
analyse NN X I-Skill
data NNS X I-Skill
, , X I-Skill
systems NNS X I-Skill
and CC X I-Skill
business NN X I-Skill
processes NNS X I-Skill
and CC X O
will MD X O
be VB X O
gathering VBG X B-Skill
requirements NNS X I-Skill
from IN X I-Skill
business NN X I-Skill
end NN X I-Skill
users NNS X I-Skill
. . X O
The DT X O

Alexander NNP X O
Lloyd NNP X O
Interim NNP X O
Division NNP X O
is VBZ X O
currently RB X O
enjoying VBG X O
huge JJ X O
amounts NNS X O
of IN X O
success NN X O
in IN X O
placing VBG X O
PartQualified NNP X O
and CC X O
Qualified NNP X O
Accountants NNP X B-Occupation
or CC X O
Equivalent NNP X O
, , X O
Project NNP X B-Occupation
Managers NNP X I-Occupation
and CC X O
Interim NNP X O
Management NNP X O
in IN X O
assignments NNS X O
throughout IN X O
the DT X O
South NNP X O
of IN X O
England NNP X O
. . X O
City NNP X O

and CC X O
Guilds NNP X O
Level NNP X B-Qualification
3 CD X I-Qualification
Site NNP X I-Qualification
Carpentry NNP X I-Qualification
and CC X I-Qualification
Joinery NNP X I-Qualification
is VBZ X O
required VBN X O
for IN X O
this DT X O
post NN X O
and CC X O
you PRP X O
will MD X O
be VB X O
required VBN X O
to TO X O
work VB X O
As IN X O

Head NNP X B-Occupation
Chef NNP X I-Occupation
you PRP X O
will MD X O
have VB X O
full JJ X O
autonomy NN X O
on IN X O
the DT X O
menus NN X O
but CC X O
you PRP X O
will MD X O
be VB X O
encouraged VBN X O
to TO X O
make VB X O
them PRP X O
as RB X O
regional JJ X O
as IN X O
possible JJ X O
by IN X O
sourcing VBG X O
suppliers NNS X O
that WDT X O
are VBP X O
close JJ X O
by IN X O
to TO X O
the DT X O
pub NN X O
. . X O
If IN X O

you PRP X O
are VBP X O
interested JJ X O
in IN X O
the DT X O
role NN X O
, , X O
or CC X O
you PRP X O
are VBP X O
potentially RB X O
making VBG X O
a DT X O
change NN X O
in IN X O
your PRP$ X O
career NN X O
, , X O
this DT X O
is VBZ X O
an DT X O
excellent JJ X O
opportunity NN X O
My NNP X O
client NN X O
is VBZ X O
interviewing VBG X O
now RB X O
and CC X O
looking VBG X O
to TO X O
move VB X O
quickly RB X O
so RB X O
to TO X O
avoid VB X O
disappointment JJ X O
apply RB X O
now RB X O
To TO X O
discuss VB X O
this DT X O
and CC X O
other JJ X O
exciting VBG X O
Lync NNP X O
opportunities NNS X O
in IN X O
more JJR X O
detail NN X O
please NN X O
send VB X O
your PRP$ X O
CV NNP X O
to TO X O
s VB X O
. . X O
walker NN X O
N NNP X O
/ VBZ X O
A DT X O
or CC X O
call VB X O
Sam NNP X O
Walker NNP X O
on IN X O
N NNP X O
/ VBD X O
A NNP X O
in IN X O
complete JJ X O
confidence NN X O
. . X O
An DT X O

opportunity NN X O
has VBZ X O
arisen VBN X O
for IN X O
an DT X O
experienced JJ X B-Skill
Manager NNP X I-Skill
to TO X O
join VB X O
our PRP$ X O
Hospitality NNP X O
team NN X O
. . X O
The DT X O

Project NNP X B-Occupation
Manager NNP X I-Occupation
must MD X O
come VB X O
from IN X O
a DT X O
consultancy NN X B-Experience
background NN X I-Experience
, , X O
have VBP X O
experience NN X B-Experience
running VBG X I-Experience
projects NNS X I-Experience
up RB X I-Experience
to TO X I-Experience
20 CD X I-Experience
million CD X I-Experience
and CC X O
ideally RB X O
be VB X O
chartered VBN X B-Skill
with IN X I-Skill
either DT X I-Skill
RICS NNP X I-Skill
, , X I-Skill
MCIOB NNP X I-Skill
or CC X I-Skill
MAPM NNP X I-Skill
. . X O
Treat NNP X B-Skill

quality NN X I-Skill
as IN X I-Skill
a DT X I-Skill
key JJ X I-Skill
part NN X I-Skill
of IN X I-Skill
their PRP$ X I-Skill
work NN X I-Skill
on IN X O
a DT X O
daily JJ X O
basis NN X O
and CC X O
supports VBZ X O
initiatives NNS X O
or CC X O
changes NNS X O
in IN X O
process NN X O
as IN X O
they PRP X O
arise VBP X O
. . X O
My PRP$ X O

client NN X O
is VBZ X O
currently RB X O
looking VBG X O
to TO X O
attract VB X O
suitably RB X O
experienced JJ X B-Skill
Schedulers NNP X B-Occupation
/ NNP X I-Occupation
Planner NNP X I-Occupation
to TO X O
work VB X O
on IN X O
behalf NN X O
of IN X O
one CD X O
of IN X O
the DT X O
UK NNP X O
' POS X O
s NN X O
biggest JJS X O
outsourcing VBG X B-Domain
businesses NNS X I-Domain
in IN X O
Isleworth NNP X O
. . X O
A DT X O

world NN X O
renowned VBD X O
engineering NN X B-Domain
company NN X O
is VBZ X O
seeking VBG X O
an DT X O
Immigration NNP X B-Occupation
Specialist NNP X I-Occupation
to TO X O
focus VB X O
on IN X O
UK NNP X O
inbound JJ X O
immigration NN X B-Skill
issues NNS X I-Skill
. . X O
It PRP X O

os RP X O
located VBN X O
in IN X O
St NNP X O
John NNP X O
' POS X O
s NN X O
Wood NNP X O
, , X O
leafy JJ X O
part NN X O
of IN X O
North NNP X O
West NNP X O
London NNP X O
which WDT X O
has VBZ X O
very RB X O
good JJ X O
rail NN X O
, , X O
tube NN X O
and CC X O
bus NN X O
connections NNS X O
. . X O
Unlike IN X O

a DT X O
recruitment NN X O
agency NN X O
, , X O
we PRP X O
will MD X O
submit VB X O
your PRP$ X O
application NN X O
directly RB X O
to TO X O
the DT X O
end NN X O
company NN X O
if IN X O
you PRP X O
meet VBP X O
the DT X O
essential JJ X O
criteria NNS X O
for IN X O
the DT X O
role NN X O
. . X O
Our PRP$ X O

client NN X O
is VBZ X O
a DT X O
real JJ X O
success NN X O
story NN X O
with IN X O
an DT X O
established VBN X O
and CC X O
significant JJ X O
reputation NN X O
in IN X O
the DT X O
OTC NNP X O
, , X O
consumer NN X O
products NNS X O
market NN X O
with IN X O
customers NNS X O
that WDT X O
include VBP X O
all PDT X O
the DT X O
major JJ X O
multiples NNS X O
like IN X O
Tesco NNP X O
, , X O
Amazon NNP X O
and CC X O
Sainsbury NNP X O
s NN X O
. . X O
Success NN X O

in IN X O
this DT X O
area NN X O
will MD X O
be VB X O
measured VBN X O
by IN X O
observation NN X O
of IN X O
ongoing VBG X O
year NN X O
by IN X O
year NN X O
improvements NNS X O
in IN X O
conversion NN X O
rates NNS X O
and CC X O
accuracy NN X O
of IN X O
admissions NNS X O
documentation NN X O
. . X O
Applicants NNS X O

for IN X O
this DT X O
role NN X O
must MD X O
be VB X O
caring VBG X B-Skill
, , X O
dedicated VBN X B-Skill
and CC X O
flexible JJ X B-Skill
, , X O
and CC X O
possess VB X B-Skill
a DT X I-Skill
' '' X I-Skill
can MD X I-Skill
do VB X I-Skill
', VB X I-Skill
positive JJ X I-Skill
attitude NN X I-Skill
and CC X O
be VB X O
motivated VBN X B-Skill
and CC X O
show VB X O
the DT X O
enthusiasm NN X B-Skill
to TO X I-Skill
succeed VB X I-Skill
. . X O
You PRP X O

will MD X O
be VB X O
based VBN X O
from IN X O
the DT X O
office NN X O
in IN X O
Lancashire NNP X O
for IN X O
one CD X O
day NN X O
a DT X O
week NN X O
and CC X O
you PRP X O
will MD X O
be VB X O
expected VBN X B-Skill
to TO X I-Skill
travel VB X I-Skill
to TO X O
the DT X O
manufacturing NN X B-Domain
plant NN X O
in IN X O
Europe NNP X O
once RB X O
per IN X O
month NN X O
. . X O
They PRP X O

have VBP X O
doubled VBN X O
in IN X O
the DT X O
last JJ X O
3 CD X O
years NNS X O
and CC X O
now RB X O
offer VBP X O
one CD X O
of IN X O
the DT X O
most RBS X O
stable JJ X O
and CC X O
lucrative JJ X O
development NN X O
roles NNS X O
in IN X O
the DT X O
UK NNP X O
and CC X O
US NNP X O
. . X O
Due JJ X O

to TO X O
the DT X O
amount NN X O
of IN X O
response NN X O
we PRP X O
receive VBP X O
, , X O
unfortunately RB X O
we PRP X O
are VBP X O
not RB X O
able JJ X O
to TO X O
give VB X O
feedback NN X O
to TO X O
individuals NNS X O
, , X O
if IN X O
you PRP X O
have VBP X O
not RB X O
heard VBN X O
back RB X O
within IN X O
5 CD X O
days NNS X O
please VB X O
assume VB X O
that IN X O
you PRP X O
have VBP X O
not RB X O
been VBN X O
successful JJ X O
for IN X O
the DT X O
role NN X O
you PRP X O
have VBP X O
applied VBN X O
for IN X O
. . X O
Key JJ X O

stakeholders NNS X O
Product NNP X B-Skill
Management NNP X I-Skill
Product NNP X I-Skill
Development NNP X I-Skill
Development NNP X I-Skill
Lead NNP X I-Skill
Infrastructure NN X B-Domain
**** NN X O

mm NN X O
copper NN X O
pipe NN X O
work NN X B-Skill
brazed VBD X I-Skill
using VBG X I-Skill
Oxy NNP X I-Skill
/ NNP X I-Skill
DA NNP X I-Skill
and CC X I-Skill
silver NN X I-Skill
solver RB X I-Skill
both DT X I-Skill
fluxed JJ X I-Skill
and CC X I-Skill
flux JJ X I-Skill
less JJR X I-Skill
, , X I-Skill
copper NN X I-Skill
to TO X I-Skill
brass VB X I-Skill
, , X I-Skill
CuNi NNP X I-Skill
high JJ X I-Skill
pressure NN X I-Skill
pipe NN X I-Skill
work NN X I-Skill
again RB X I-Skill
brazed VBN X I-Skill
, , X I-Skill
with IN X I-Skill
the DT X I-Skill
odd JJ X I-Skill
bit NN X I-Skill
of IN X I-Skill
steel NN X I-Skill
gas NN X I-Skill
welded VBD X I-Skill
Oxy NNP X I-Skill
They PRP X O

are VBP X O
looking VBG X O
for IN X O
individuals NNS X O
who WP X O
can MD X O
make VB X O
a DT X O
positive JJ X O
contribution NN X O
by IN X O
helping VBG X B-Skill
adults NNS X I-Skill
with IN X I-Skill
their PRP$ X I-Skill
day NN X I-Skill
to TO X I-Skill
day NN X I-Skill
activities NNS X I-Skill
. . X O
On IN X O

offer NN X O
is VBZ X O
an DT X O
excellent JJ X O
basic JJ X O
salary NN X O
and CC X O
a DT X O
very RB X O
generous JJ X O
bonus NNS X O
based VBN X O
on IN X O
profit NN X O
generated VBN X O
, , X O
and CC X O
outstanding JJ X O
company NN X O
perks VBZ X O
trips NNS X O
abroad RB X O
etc VBP X O
To TO X O
be VB X O
suitable JJ X O
for IN X O
this DT X O
role NN X O
you PRP X O
will MD X O
be VB X O
a DT X O
sales NNS X B-Skill
focussed VBN X I-Skill
and CC X O
dynamic JJ X B-Skill
sales NNS X I-Skill
person NN X I-Skill
with IN X O
previous JJ X O
recruitment NN X B-Skill
experience NN X I-Skill
within IN X I-Skill
a DT X I-Skill
sales NNS X I-Skill
environment NN X I-Skill
. . X O
Fantastic JJ X O

client NN X O
base NN X O
and CC X O
competitive JJ X O
City NNP X O
salary JJ X O
package NN X O
on IN X O
offer NN X O
. . X O
The DT X O

classes NNS X O
are VBP X O
small JJ X O
in IN X O
size NN X O
due JJ X O
to TO X O
the DT X O
nature NN X O
of IN X O
the DT X O
impairments NNS X O
with IN X O
a DT X O
maximum NN X O
of IN X O
The DT X O

Queen NNP X O
of IN X O
Hoxton NNP X O
fuses VBZ X O
lively RB X O
, , X O
creative JJ X O
events NNS X O
and CC X O
late JJ X O
night NN X O
drinking VBG X O
seven CD X O
days NNS X O
a DT X O
week NN X O
with IN X O
a DT X O
club NN X O
nights NNS X O
, , X O
live JJ X O
music NN X O
and CC X O
the DT X O
best JJS X O
rooftop JJ X O
bar NN X B-Domain
and CC X I-Domain
kitchen NN X I-Domain
in IN X O
London NNP X O
. . X O
Must NNP X O

have VBP X O
previous JJ X O
care NN X B-Skill
experience NN X I-Skill
, , X O
ideally RB X O
within IN X O
the DT X O
last JJ X B-Experience
18 CD X I-Experience
months NNS X I-Experience
with IN X O
a DT X O
minimum NN X O
of IN X O
at IN X O
least JJS X B-Experience
12 CD X I-Experience
months NNS X I-Experience
recent JJ X O
care NN X B-Skill
experience NN X I-Skill
. . X O
You PRP X O

will MD X O
be VB X O
working VBG X B-Skill
with IN X I-Skill
the DT X I-Skill
cuttingedge NN X I-Skill
solutions NNS X I-Skill
for IN X I-Skill
the DT X I-Skill
media NNS X I-Skill
market NN X I-Skill
, , X O
therefore RB X O
the DT X O
projects NNS X O
you PRP X O
will MD X O
be VB X O
working VBG X O
on IN X O
will MD X O
be VB X O
fresh JJ X O
and CC X O
diverse NN X O
. . X O
To TO X O

find VB X O
out RP X O
more RBR X O
about IN X O
Huxley NNP X O
Associates NNPS X O
please VBP X O
visit VB X O
www NN X O
. . X O
huxley NN X O
. . X O
com NN X O
We PRP X O

will MD X O
provide VB X O
training NN X O
and CC X O
product NN X O
knowledge NN X O
to TO X O
the DT X O
successful JJ X O
candidate NN X O
to TO X O
ensure VB X O
their PRP$ X O
role NN X O
can MD X O
be VB X O
carried VBN X O
out IN X O
to TO X O
the DT X O
best JJS X O
of IN X O
their PRP$ X O
capabilities NNS X O
. . X O
Customer NNP X B-Skill

Relationship NNP X I-Skill
Management NNP X I-Skill
experience NN X O
Team NNP X O
Working NNP X O
Relevant NNP X O
Skills NNP X O
and CC X O
Qualifications NNS X O
: : X O
We PRP X O

pride VBP X O
ourselves PRP X O
on IN X O
providing VBG X O
an DT X O
exceptional JJ X O
quality NN X O
of IN X O
service NN X O
to TO X O
all DT X O
in IN X O
the DT X O
healthcare NN X B-Domain
sector NN X I-Domain
, , X O
including VBG X O
the DT X O
NHS NNP X B-Domain
, , X O
GP NNP X B-Domain
Surgeries NNP X I-Domain
, , X O
Mental NNP X B-Domain
Health NNP X I-Domain
Institutions NNP X I-Domain
, , X O
Prisons NNP X B-Domain
, , X O
Charities NNP X B-Domain
, , X O
Community NNP X B-Domain
Nursing NNP X I-Domain
, , X O
Nursing NNP X B-Domain
Homes NNP X I-Domain
, , X O
Residential NNP X B-Domain
Homes NNP X I-Domain
and CC X O
the DT X O
Military NNP X B-Domain
. . X O
Jack NNP X O

/ NNP X O
Process NNP X O
Simulate NNP X O
/ NNP X O
Process NNP X B-Occupation
Designer NNP X I-Occupation
/ NNP X O
Team NNP X B-Domain
Centre NNP X I-Domain
Engineering NNP X I-Domain
/ NNP X O
Microsoft NNP X B-Skill
Office NNP X I-Skill
: : X O
The DT X O

Researcher NNP X B-Occupation
will MD X O
also RB X O
play VB X O
a DT X O
major JJ X O
role NN X O
in IN X O
liaising VBG X B-Skill
with IN X I-Skill
project JJ X I-Skill
partners NNS X I-Skill
and CC X I-Skill
working VBG X I-Skill
at IN X I-Skill
the DT X I-Skill
interface NN X I-Skill
between IN X I-Skill
disciplines NNS X I-Skill
on IN X I-Skill
the DT X I-Skill
transfer NN X I-Skill
of IN X I-Skill
software NN X I-Skill
and CC X I-Skill
techniques NNS X I-Skill
in IN X I-Skill
both DT X I-Skill
directions NNS X I-Skill
. . X O
Highly RB X O

successful JJ X O
international JJ X O
software NN X B-Domain
company NN X O
requires VBZ X O
a DT X O
senior JJ X B-Occupation
HR NNP X I-Occupation
practitioner NN X I-Occupation
to TO X O
join VB X O
their PRP$ X O
European JJ X O
HR NNP X B-Domain
team NN X O
with IN X O
responsibility NN X B-Skill
for IN X I-Skill
the DT X I-Skill
UK NNP X I-Skill
business NN X I-Skill
, , X O
and CC X O
support NN X B-Skill
for IN X I-Skill
European JJ X I-Skill
sites NNS X I-Skill
. . X O
**** JJ X O

different JJ X O
countries NNS X O
and CC X O
have VBP X O
products NNS X O
that WDT X O
are VBP X O
reviewed VBN X O
and CC X O
accredited VBN X O
to TO X O
international JJ X O
standards NNS X O
. . X O
Ensure NN X B-Skill

that IN X I-Skill
the DT X I-Skill
David NNP X I-Skill
Lloyd NNP X I-Skill
Kids NNP X I-Skill
Team NNP X I-Skill
delivers VBZ X I-Skill
a DT X I-Skill
great JJ X I-Skill
service NN X I-Skill
to TO X O
all DT X O
our PRP$ X O
members NNS X O
and CC X O
that IN X O
the DT X O
team NN X O
strive NN X B-Skill
to TO X I-Skill
improve VB X I-Skill
member NN X I-Skill
engagement NN X I-Skill
. . X O
One CD X O

of IN X O
the DT X O
UK NNP X O
s NN X O
leading VBG X O
food NN X O
Fillers NNS X O
, , X O
labellers NNS X O
, , X O
packers NNS X O
, , X O
palletisers NNS X O
, , X O
wrappers NNS X O
and CC X O
various JJ X O
conveyors NNS X O
. . X O
Facing VBG X O

Experience NN X O
of IN X O
working VBG X B-Skill
within IN X I-Skill
a DT X I-Skill
Sub NNP X I-Skill
Contract NNP X I-Skill
Machining NNP X I-Skill
Facility NNP X I-Skill
Good NNP X I-Skill
People NNP X I-Skill
Management NNP X I-Skill
and CC X O
Customer NNP X B-Skill
Communication NNP X I-Skill
Skills NNP X O
shift NN X O

patterns NNS X O
Experience NNP X O
in IN X O
Warehouse NNP X B-Domain
management NN X I-Domain
systems NNS X O
Allocating NNP X B-Skill
and CC X I-Skill
managing VBG X I-Skill
staff NN X I-Skill
resources NNS X I-Skill
according VBG X O
to TO X O
changing VBG X O
needs NNS X O
with IN X O
the DT X O
ability NN X B-Skill
to TO X I-Skill
provide VB X I-Skill
adequate JJ X I-Skill
cover NN X I-Skill
. . X O
Adecco NNP X O

is VBZ X O
acting VBG X O
as IN X O
an DT X O
Employment NN X O
Business NN X O
in IN X O
relation NN X O
to TO X O
this DT X O
vacancy NN X O
. . X O
IT NNP X O

Executive NNP X O
Group NNP X O
is VBZ X O
acting VBG X O
as IN X O
an DT X O
Employment NNP X O
Agency NNP X O
in IN X O
relation NN X O
to TO X O
this DT X O
vacancy NN X O
. . X O
**** NN X O

with IN X O
relevant JJ X O
marketing NN X B-Skill
and CC X O
promotional JJ X B-Skill
experience NN X O
ideally RB X O
gained VBN X O
in IN X O
a DT X O
business NN X O
to TO X O
business NN X O
environment NN X O
of IN X O
professional JJ X O
services NNS X O
. . X O
Even RB X O

as IN X O
they PRP X O
expand VBP X O
around IN X O
the DT X O
world NN X O
, , X O
they PRP X O
still RB X O
maintain VBP X B-Skill
a DT X I-Skill
closeknit NN X I-Skill
team NN X I-Skill
culture NN X I-Skill
and CC X O
keep VB X B-Skill
the DT X I-Skill
entrepreneurial JJ X I-Skill
spirit NN X I-Skill
alive JJ X I-Skill
. . X O
A DT X O

passion NN X B-Skill
for IN X I-Skill
sales NNS X I-Skill
and CC X O
a DT X O
desire NN X O
to TO X O
work VB X B-Skill
in IN X I-Skill
a DT X I-Skill
fast NN X I-Skill
paced VBD X I-Skill
environment NN X I-Skill
The DT X O

Person NNP X O
You PRP X O
will MD X O
have VB X O
excellent JJ X B-Skill
written VBN X I-Skill
and CC X I-Skill
verbal JJ X I-Skill
communication NN X I-Skill
skills NNS X I-Skill
and CC X O
be VB X O
tenacious JJ X B-Skill
and CC X O
passionate VB X B-Skill
about IN X I-Skill
technology NN X I-Skill
. . X O
This DT X O

client NN X O
school NN X B-Domain
is VBZ X O
managed VBN X O
by IN X O
an DT X O
inspiring JJ X O
Leadership NNP X O
Team NNP X O
. . X O
; : X O

Assist NN X B-Skill
in IN X I-Skill
recruitment NN X I-Skill
, , X I-Skill
training NN X I-Skill
and CC X I-Skill
coaching NN X I-Skill
of IN X I-Skill
staff NN X I-Skill
Manage NNP X I-Skill
WIP NNP X I-Skill
and CC X I-Skill
monthly JJ X I-Skill
billing NN X I-Skill
levels NNS X I-Skill
nbsp VBP X I-Skill
; : X I-Skill
Plan NNP X I-Skill
and CC X I-Skill
review VB X I-Skill
key JJ X I-Skill
department NN X I-Skill
assignments NNS X I-Skill
or CC X O
assist VB X O
/ JJ X O
direct JJ X O
where WRB X O
required VBN X O
Assisting NNP X B-Skill
in IN X I-Skill
marketing VBG X I-Skill
the DT X I-Skill
firm NN X I-Skill
and CC X O
helping VBG X B-Skill
to TO X I-Skill
acquire VB X I-Skill
new JJ X I-Skill
clients NNS X I-Skill
at IN X O
every DT X O
opportunity NN X O
nbsp NN X O
; : X O
Do VBP X O

you PRP X O
want VB X O
to TO X O
be VB X O
taught JJ X O
how WRB X O
to TO X O
effectively RB X O
how WRB X O
to TO X O
teach VB X B-Skill
and CC X O
manage NN X B-Skill
classes NNS X I-Skill
through IN X O
an DT X O
initial JJ X O
and CC X O
thorough JJ X O
induction NN X O
programme NN X O
? . X O
The DT X O

required JJ X O
candidate NN X O
should MD X O
also RB X O
possess VB X B-Skill
excellent JJ X I-Skill
organisational JJ X I-Skill
, , X I-Skill
motivational JJ X I-Skill
and CC X I-Skill
communication NN X I-Skill
skills NNS X I-Skill
as RB X O
well RB X O
as IN X O
have VBP X O
a DT X O
demonstrated JJ X B-Experience
record NN X I-Experience
of IN X I-Experience
good JJ X I-Experience
staff NN X I-Experience
management NN X I-Experience
. . X O
The DT X O

client NN X O
firm NN X O
is VBZ X O
an DT X O
equal JJ X O
opportunities NNS X O
employer NN X O
and CC X O
committed VBD X O
to TO X O
fair VB X O
treatment NN X O
regardless NN X O
of IN X O
offending VBG X O
background NN X O
. . X O
This DT X O

position NN X O
is VBZ X O
permanent JJ X O
, , X O
and CC X O
will MD X O
pay VB X O
a DT X O
salary NN X O
of IN X O
Private JJ X O

healthcare NN X O
cover NN X O
for IN X O
employee NN X O
Discount NNP X O
scheme NN X O
on IN X O
purchases NNS X O
from IN X O
high JJ X O
street NN X O
retailers NNS X O
Your VBP X O
application NN X O
will MD X O
be VB X O
reviewed VBN X O
by IN X O
Michael NNP X O
Page NNP X O
. . X O
You PRP X O

will MD X O
be VB X O
analytical JJ X B-Skill
in IN X I-Skill
mindset NN X I-Skill
, , X O
have VBP X O
experienced VBN X O
of IN X O
using VBG X O
data NNS X B-Skill
capture NN X I-Skill
and CC X I-Skill
analysis NN X I-Skill
to TO X O
drive VB X O
operational JJ X B-Skill
improvement NN X I-Skill
and CC X O
be VB X O
an DT X O
excellent JJ X O
communicator NN X B-Skill
, , X O
with IN X O
the DT X O
ability NN X O
to TO X O
network NN X B-Skill
across NN X I-Skill
and CC X O
influence NN X B-Skill
at IN X I-Skill
all DT X I-Skill
levels NNS X I-Skill
of IN X I-Skill
the DT X I-Skill
organisation NN X I-Skill
To TO X O

apply VB X O
for IN X O
this DT X O
position NN X O
please NN X O
use VB X O
the DT X O
online NN X O
process NN X O
. . X O
The DT X O

ability NN X O
to TO X O
drive VB X B-Skill
change NN X I-Skill
, , X O
manage NN X B-Skill
projects NNS X I-Skill
and CC X O
negotiate JJ X B-Skill
contracts NNS X I-Skill
. . X O
How WRB X O

to TO X O
Apply VB X O
If IN X O
you PRP X O
or CC X O
somebody NN X O
else RB X O
that IN X O
you PRP X O
know VBP X O
are VBP X O
interested JJ X O
in IN X O
finding VBG X O
out RP X O
more RBR X O
about IN X O
this DT X O
exciting NN X O
and CC X O
rewarding VBG X O
position NN X O
please NN X O
email JJ X O
recruitment NN X O
for IN X O
a DT X O
full JJ X O
information NN X O
pack NN X O
. . X O
Strong NNP X O

operator NN X O
across IN X O
eCommerce NN X B-Domain
disciplines NNS X O
including VBG X O
; : X O
oEssential JJ X B-Domain
PPC NNP X I-Domain
, , X O
SEO NNP X B-Domain
, , X O
Affiliates NNP X B-Domain
, , X O
Display NNP X B-Domain
behavioural NN X I-Domain
, , X O
retargeting VBG X B-Skill
, , X O
dynamic JJ X B-Skill
creative JJ X I-Skill
, , X O
engagement JJ X B-Domain
mapping NN X I-Domain
, , X O
DSPs NNP X B-Domain
and CC X O
DMPs NNP X B-Domain
segmentation NN X I-Domain
, , X I-Domain
lookalikes NNS X I-Domain
, , X O
audience NN X B-Skill
profiling NN X I-Skill
, , X O
product NN X B-Domain
feeds NNS X I-Domain
, , X O
mobile NN X B-Domain
, , X I-Domain
email VBP X I-Domain
marketing VBG X I-Domain
oPreferable JJ X I-Domain
Social NNP X I-Domain
, , X O
analytics NNS X B-Domain
, , X O
UX NNP X B-Domain
, , X O
CRO NNP X O
Defining NNP X B-Domain
and CC X I-Domain
delivering VBG X I-Domain
commerce NN X I-Domain
led VBD X I-Domain
strategy NN X I-Domain
and CC X I-Domain
operations NNS X I-Domain
across IN X I-Domain
digital JJ X I-Domain
and CC X I-Domain
ATL NNP X I-Domain
channels NNS X I-Domain
Communicating VBG X B-Skill
strategic JJ X I-Skill
direction NN X I-Skill
and CC X I-Skill
implementation NN X I-Skill
with IN X I-Skill
senior JJ X I-Skill
stakeholders NNS X I-Skill
both DT X O
agency NN X O
and CC X O
client NN X O
side NN X O
Team NNP X B-Skill
management NN X I-Skill
and CC X I-Skill
development NN X I-Skill
Recruiting VBG X O

for IN X O
Care NNP X O
is VBZ X O
one CD X O
of IN X O
the DT X O
UK NNP X O
s NN X O
leading VBG X O
Nursing NNP X B-Domain
/ NNP X I-Domain
Health NNP X I-Domain
s VBD X O
leading VBG X O
Health NNP X O
Care NNP X O
Providers NNP X O
. . X O
Knowledge NNP X O

of IN X O
industrial JJ X B-Skill
control NN X I-Skill
principles NNS X I-Skill
, , X I-Skill
systems NNS X I-Skill
and CC X I-Skill
components NNS X I-Skill
including VBG X O
basic JJ X O
PLC NNP X B-Skill
knowledge NN X O
Broad NNP X O
knowledge NN X O
and CC X O
experience NN X O
of IN X O
safe JJ X B-Skill
operation NN X I-Skill
and CC X I-Skill
maintenance NN X I-Skill
of IN X I-Skill
general JJ X I-Skill
services NNS X I-Skill
and CC X I-Skill
utilities NNS X I-Skill
plant NN X I-Skill
Knowledge NNP X O
and CC X O
experience NN X O
of IN X O
the DT X O
safe JJ X B-Skill
operation NN X I-Skill
and CC X I-Skill
maintenance NN X I-Skill
of IN X I-Skill
industrial JJ X I-Skill
boilers NNS X I-Skill
and CC X I-Skill
steam NN X I-Skill
raising NN X I-Skill
plant NN X I-Skill
Knowledge NNP X O
and CC X O
experience NN X O
of IN X O
the DT X O
safe JJ X B-Skill
operation NN X I-Skill
and CC X I-Skill
maintenance NN X I-Skill
of IN X I-Skill
industrial JJ X I-Skill
refrigeration NN X I-Skill
plant NN X I-Skill
ideally RB X I-Skill
ammonia VB X I-Skill
The DT X O

client NN X O
is VBZ X O
looking VBG X O
for IN X O
a DT X O
confident JJ X B-Skill
, , X O
resilient JJ X B-Skill
candidate NN X O
who WP X O
has VBZ X O
a DT X O
genuine JJ X O
customer NN X B-Skill
focus NN X I-Skill
and CC X O
can MD X O
work VB X B-Skill
off RP X I-Skill
their PRP$ X I-Skill
own JJ X I-Skill
initiative NN X I-Skill
. . X O
The DT X O

ability NN X B-Skill
to TO X I-Skill
care VB X I-Skill
for IN X I-Skill
a DT X I-Skill
child NN X I-Skill
full JJ X I-Skill
time NN X I-Skill
Appropriate NNP X O
safe JJ X O
access NN X O
and CC X O
safety NN X O
equipment NN X O
such JJ X O
as IN X O
smoke NN X O
alarms NNS X O
fitted VBN X O
in IN X O
your PRP$ X O
home NN X O
As IN X O
a DT X B-Occupation
Foster NNP X I-Occupation
Carer NNP X I-Occupation
you PRP X O
will MD X O
be VB X O
given VBN X O
round RP X B-Skill
the DT X I-Skill
clock NN X I-Skill
support NN X I-Skill
either CC X I-Skill
over IN X I-Skill
the DT X I-Skill
phone NN X I-Skill
, , X I-Skill
by IN X I-Skill
email NN X I-Skill
or CC X I-Skill
in IN X I-Skill
person NN X I-Skill
. . X O
Reporting VBG X O

directly RB X O
to TO X O
a DT X O
Regional JJ X B-Occupation
Sales NNS X I-Occupation
Manager NNP X I-Occupation
, , X O
you PRP X O
will MD X O
be VB X O
responsible JJ X O
for IN X O
driving VBG X B-Skill
sales NNS X I-Skill
in IN X O
the DT X O
Hampshire NNP X O
/ NNP X O
Surrey NNP X O
/ NNP X O
Sussex NNP X O
/ NNP X O
Kent NNP X O
territory NN X O
, , X O
following VBG X B-Skill
up RP X I-Skill
self RB X I-Skill
generated VBN X I-Skill
leads NNS X I-Skill
from IN X O
cold JJ X B-Skill
calling VBG X I-Skill
. . X O
You PRP X O

must MD X O
have VB X O
an DT X O
understanding NN X B-Skill
of IN X I-Skill
accounts NNS X I-Skill
as IN X O
the DT X O
programming NN X O
will MD X O
require VB X O
you PRP X O
to TO X O
build VB X B-Skill
models NNS X I-Skill
around IN X I-Skill
the DT X I-Skill
finance NN X I-Skill
requirements NNS X I-Skill
Where WRB X O
specific JJ X O
UK NNP X O
qualifications NNS X O
are VBP X O
required VBN X O
we PRP X O
will MD X O
take VB X O
into IN X O
account NN X O
overseas JJ X O
equivalents NNS X O
. . X O
You PRP X O

will MD X O
be VB X O
called VBN X O
to TO X O
work VB X O
as RB X O
and CC X O
when WRB X O
required VBN X O
by IN X O
the DT X O
department NN X O
which WDT X O
is VBZ X O
open JJ X O
Monday NNP X O
to TO X O
Friday NNP X O
. . X O
That IN X O

you PRP X O
drive VBP X O
and CC X O
have VBP X O
your PRP$ X O
own JJ X O
dependable JJ X O
car NN X O
. . X O
Our PRP$ X O

client NN X O
is VBZ X O
one CD X O
of IN X O
the DT X O
world NN X O
' POS X O
s NN X O
global JJ X O
information NN X O
specialists NNS X O
and CC X O
provides VBZ X O
business NN X B-Skill
executives NNS X I-Skill
with IN X I-Skill
knowledge NN X I-Skill
and CC X I-Skill
skills NNS X I-Skill
through IN X I-Skill
conferences NNS X I-Skill
, , X O
training NN X B-Skill
, , X O
seminars NNS X B-Skill
and CC X O
exhibitions NNS X B-Skill
. . X O
Ability NN X O

to TO X O
lead VB X B-Skill
to TO X I-Skill
the DT X I-Skill
design NN X I-Skill
development NN X I-Skill
process NN X I-Skill
within IN X I-Skill
project NN X I-Skill
parameters NNS X I-Skill
This DT X O

includes VBZ X O
monthly JJ X B-Skill
and CC X I-Skill
quarterly JJ X I-Skill
MA NNP X I-Skill
reporting NN X I-Skill
and CC X O
annual JJ X B-Skill
budgeting NN X I-Skill
and CC X I-Skill
reforecasting NN X I-Skill
as IN X I-Skill
required VBN X I-Skill
. . X O
We PRP X O

believe VBP X O
that IN X O
advice NN X O
should MD X O
be VB X O
given VBN X O
with IN X O
a DT X O
sense NN X O
of IN X O
pride NN X O
. . X O
Ensure NN X B-Skill

business NN X I-Skill
process NN X I-Skill
maps NNS X I-Skill
are VBP X I-Skill
valid JJ X I-Skill
and CC X I-Skill
up RB X I-Skill
to TO X I-Skill
date NN X I-Skill
for IN X O
all DT X O
processes NNS X O
Identify NNP X B-Skill
prioritize VBP X I-Skill
new JJ X I-Skill
opportunities NNS X I-Skill
of IN X O
IM NNP X B-Skill
development NN X I-Skill
that WDT X O
will MD X O
improve VB X O
the DT X O
processes NNS X O
within IN X O
Manufacturing NNP X B-Domain
/ NNP X I-Domain
Quality NNP X I-Domain
. . X O
They PRP X O

have VBP X O
grown VBN X O
steadily RB X O
during IN X O
the DT X O
last JJ X O
five CD X O
years NNS X O
and CC X O
opened VBD X O
a DT X O
second JJ X O
office NN X O
in IN X O
Singapore NNP X O
to TO X O
meet VB X O
client NN X O
demand NN X O
. . X O
Selfstarter NNP X B-Skill

, , X O
fast RB X B-Skill
learner JJ X I-Skill
Passionate NNP X I-Skill
and CC X O
motivated VBD X B-Skill
Excellent NNP X O
communication NN X B-Skill
skills NNS X I-Skill
, , X I-Skill
both DT X I-Skill
written VBN X I-Skill
and CC X I-Skill
oral JJ X I-Skill
Customercentric NNP X I-Skill
attitude NN X I-Skill
Flexibility NNP X I-Skill
, , X O
solutionoriented VBD X B-Skill
approach NN X I-Skill
to TO X I-Skill
software NN X I-Skill
development NN X I-Skill
Attention NNP X I-Skill
to TO X I-Skill
detail VB X I-Skill
, , X O
and CC X O
ability NN X O
to TO X O
understand VB X B-Skill
requirements NNS X I-Skill
quickly RB X I-Skill
Due NNP X O
to TO X O
the DT X O
high JJ X O
volume NN X O
of IN X O
applications NNS X O
we PRP X O
currently RB X O
receive VBP X O
, , X O
we PRP X O
are VBP X O
unable JJ X O
to TO X O
respond VB X O
to TO X O
all DT X O
candidates NNS X O
. . X O
The DT X O

interviewing NN X O
process NN X O
for IN X O
our PRP$ X O
Head NNP X B-Occupation
Chef NNP X I-Occupation
Pastry NNP X I-Occupation
is VBZ X O
starting VBG X O
immediately RB X O
In IN X O
return NN X O
Encourage NN X O

independence NN X B-Skill
and CC X O
personal JJ X B-Skill
choice NN X I-Skill
develop NN X I-Skill
, , X O
review NN X B-Skill
and CC X O
update JJ X B-Skill
care NN X I-Skill
plans NNS X I-Skill
to TO X O
meet VB X B-Skill
our PRP$ X I-Skill
clients NNS X I-Skill
changing VBG X I-Skill
physical JJ X I-Skill
, , X I-Skill
social JJ X I-Skill
and CC X I-Skill
psychological JJ X I-Skill
needs NNS X I-Skill
. . X O
The DT X O

role NN X O
will MD X O
see VB X O
you PRP X O
run VB X B-Skill
a DT X I-Skill
team NN X I-Skill
of IN X I-Skill
6 CD X I-Skill
audit NN X I-Skill
staff NN X I-Skill
whilst NN X O
also RB X O
working VBG X B-Skill
on IN X I-Skill
marketing VBG X I-Skill
initiatives NNS X I-Skill
and CC X I-Skill
business NN X I-Skill
development NN X I-Skill
. . X O
To TO X O

proactively RB X O
review VB X B-Skill
sales NNS X I-Skill
and CC X O
intake NN X B-Skill
margins NNS X I-Skill
and CC X O
propose JJ X B-Skill
actions NNS X I-Skill
to TO X I-Skill
improve VB X I-Skill
these DT X O
where WRB X O
possible JJ X O
TO NNP X O
constantly RB X O
monitor VB X B-Skill
sales NNS X I-Skill
performance NN X I-Skill
and CC X O
take VB X O
the DT X O
appropriate JJ X O
action NN X O
to TO X O
ensure VB X B-Skill
stock NN X I-Skill
levels NNS X I-Skill
are VBP X I-Skill
maintained VBN X I-Skill
to TO X O
meet VB X O
demand NN X O
. . X O
Please NNP X O

email VBZ X O
CV NNP X O
to TO X O
barry VB X O
**** NNP X O
resourcing VBG X O
. . X O
co NN X O
. . X O
uk NN X O
in IN X O
the DT X O
first JJ X O
instance NN X O
. . X O
****/ NN X O

MC NNP X O
for IN X O
immediate JJ X O
consideration NN X O
or CC X O
alternatively RB X O
, , X O
call VB X O
Michael NNP X O
Collier NNP X O
on IN X O
Apply NNP X O
online MD X O
only RB X O
. . X O
Skills NNS X O

and CC X O
experience NN X O
: : X O
Candidates NNS X O
will MD X O
come VB X O
from IN X O
a DT X O
Java NNP X B-Skill
Development NNP X I-Skill
background NN X O
, , X O
have VBP X O
good JJ X O
experience NN X O
of IN X O
Apache NNP X B-Skill
Camel NNP X I-Skill
and CC X O
previously RB X O
integrated JJ X B-Skill
new JJ X I-Skill
developments NNS X I-Skill
with IN X I-Skill
Legacy NNP X I-Skill
systems NNS X I-Skill
. . X O
If IN X O

you PRP X O
enjoy VBP X O
looking VBG X B-Skill
after IN X I-Skill
others NNS X I-Skill
and CC X O
have VB X O
a DT X B-Skill
flexible JJ X I-Skill
approach NN X I-Skill
to TO X I-Skill
work VB X I-Skill
involving VBG X I-Skill
daytime RB X I-Skill
, , X I-Skill
evening VBG X I-Skill
and CC X I-Skill
weekend NN X I-Skill
hours NNS X I-Skill
, , X O
we PRP X O
would MD X O
love VB X O
to TO X O
hear VB X O
from IN X O
you PRP X O
Work VBP X O
with IN X O
one CD X O
of IN X O
the DT X O
UK NNP X O
' POS X O
s NN X O
leading VBG X O
nursing NN X O
and CC X O
care NN X O
services NNS X O
providers NNS X O
and CC X O
start VB X O
your PRP$ X O
challenging VBG X O
but CC X O
truly RB X O
rewarding JJ X O
career NN X O
in IN X O
care NN X O
today NN X O
This DT X O

client NN X O
has VBZ X O
an DT X O
excellent JJ X O
culture NN X O
towards NNS X O
team NN X B-Skill
work NN X I-Skill
and CC X O
rewarding VBG X O
those DT X O
individuals NNS X O
that WDT X O
want VBP X B-Skill
to TO X I-Skill
succeed VB X I-Skill
. . X O
Take VB X O

responsibility NN X O
for IN X O
management NN X B-Skill
of IN X O
specific JJ X O
staffing VBG X O
matters NNS X O
as IN X O
required VBN X O
by IN X O
the DT X O
Registered NNP X B-Occupation
Manager NNP X I-Occupation
. . X O
You PRP X O

' '' X O
ll NNS X O
need VBP X O
excellent JJ X O
clinical JJ X B-Skill
skills NNS X O
, , X O
combined VBN X O
with IN X O
the DT X O
ability NN X O
to TO X O
lead VB X B-Skill
and CC X I-Skill
motivate VB X I-Skill
a DT X I-Skill
team NN X I-Skill
. . X O
VAT NNP X B-Occupation

Manager NNP X I-Occupation
/ NNP X O
Senior NNP X B-Occupation
Managers NNP X O
Responsibilities NNP X O
Assist NNP X O
the DT X O
partner NN X O
and CC X O
colleagues NNS X O
in IN X O
all DT X O
client NN X B-Skill
work NN X I-Skill
Work NN X I-Skill
to TO X I-Skill
tight VB X I-Skill
deadlines NNS X I-Skill
Management NNP X I-Skill
of IN X I-Skill
client NN X I-Skill
portfolio NN X I-Skill
Involvement NNP X O
in IN X O
VAT NNP X B-Skill
training NN X I-Skill
Business NNP X I-Skill
development NN X I-Skill
tenders NNS X I-Skill
and CC X O
business NN X B-Skill
briefings NNS X I-Skill
An DT X O
excellent JJ X O
salary NN X O
and CC X O
benefits NNS X O
package NN X O
will MD X O
be VB X O
offered VBN X O
to TO X O
the DT X O
successful JJ X O
candidate NN X O
The DT X O

salary JJ X O
range NN X O
for IN X O
this DT X O
post NN X O
will MD X O
be VB X O
between IN X O
We PRP X O

re VBP X O
looking VBG X O
for IN X O
positive JJ X B-Skill
individuals NNS X I-Skill
and CC X O
excellent JJ X O
communicators NNS X B-Skill
to TO X O
work VB X B-Skill
within IN X I-Skill
our PRP$ X I-Skill
range NN X I-Skill
of IN X I-Skill
financial JJ X I-Skill
products NNS X I-Skill
, , X O
which WDT X O
include VBP X O
mortgages NNS X O
, , X O
savings NNS X O
, , X O
unsecured JJ X O
personal JJ X O
loans NNS X O
and CC X O
insurance NN X O
. . X O
If IN X O

you PRP X O
would MD X O
like VB X O
to TO X O
apply VB X O
, , X O
to TO X O
receive VB X O
more JJR X O
information NN X O
or CC X O
just RB X O
are VBP X O
unsure JJ X O
of IN X O
whether IN X O
or CC X O
not RB X O
you PRP X O
should MD X O
apply VB X O
then RB X O
please VB X O
don NN X O
' '' X O
t JJ X O
hesitate NN X O
to TO X O
contact VB X O
Philippa NNP X O
Dickinson NNP X O
on IN X O
N NNP X O
/ VBP X O
A NNP X O
or CC X O
philippa NN X O
N NNP X O
The DT X O

candidate NN X O
would MD X O
preferably RB X O
have VB X O
experience NN X B-Experience
of IN X I-Experience
working VBG X I-Experience
in IN X I-Experience
the DT X I-Experience
LU NNP X I-Experience
environment NN X I-Experience
. . X O
Whether IN X O

you PRP X O
' '' X O
re VB X O
looking VBG X O
for IN X O
one CD X O
shift NN X O
a DT X O
week NN X O
or CC X O
full JJ X O
time NN X O
agency NN X O
work NN X O
, , X O
we PRP X O
can MD X O
help VB X O
. . X O
Ensure VB X O

the DT X O
bid NN X O
is VBZ X O
completed VBN X O
on IN X O
time NN X O
and CC X O
fully RB X O
compliant JJ X O
. . X O
Ideally RB X O

you PRP X O
should MD X O
have VB X O
a DT X O
contract NN X B-Domain
catering VBG X I-Domain
background NN X O
at IN X O
least JJS X O
to TO X O
a DT X O
Sous JJ X B-Occupation
Chef NNP X I-Occupation
level NN X O
. . X O
Candidates NNS X O

that WDT X O
are VBP X O
self VBN X B-Skill
motivated JJ X I-Skill
and CC X O
able JJ X B-Skill
to TO X I-Skill
lead VB X I-Skill
from IN X I-Skill
the DT X I-Skill
front NN X I-Skill
to TO X O
lead VB X O
a DT X O
team NN X O
of IN X O
consultants NNS X O
Ability NNP X O
to TO X O
proactively RB X O
undertake JJ X B-Skill
inclusions NNS X I-Skill
into IN X I-Skill
serviceable JJ X I-Skill
PSL NNP X I-Skill
s NN X I-Skill
, , X I-Skill
Tenders NNPS X I-Skill
and CC X I-Skill
other JJ X I-Skill
service NN X I-Skill
level NN X I-Skill
agreements NNS X I-Skill
Ability NNP X O
to TO X O
keep VB X B-Skill
on IN X I-Skill
top NN X I-Skill
of IN X I-Skill
changes NNS X I-Skill
in IN X I-Skill
market NN X I-Skill
place NN X I-Skill
and CC X O
identify VB X B-Skill
new JJ X I-Skill
areas NNS X I-Skill
of IN X I-Skill
penetration NN X I-Skill
. . X O
This DT X O

successful JJ X O
restaurant NN X O
group NN X O
is VBZ X O
looking VBG X O
for IN X O
an DT X O
assistant NN X B-Occupation
manager NN X I-Occupation
to TO X O
join VB X O
their PRP$ X O
restaurant NN X O
team NN X O
. . X O
This DT X O

is VBZ X O
a DT X O
challenging JJ X O
role NN X O
in IN X O
one CD X O
of IN X O
the DT X O
UK NNP X O
s VBZ X O
most JJS X O
wellknown JJ X O
and CC X O
respected VBD X O
blue JJ X O
chip NN X O
companies NNS X O
. . X O
Over IN X O

the DT X O
last JJ X O
3 CD X O
years NNS X O
the DT X O
service NN X O
has VBZ X O
been VBN X O
very RB X O
successful JJ X O
in IN X O
achieving VBG X O
high JJ X O
numbers NNS X O
of IN X O
excellent JJ X O
permanent JJ X O
outcomes NNS X O
for IN X O
children NNS X O
. . X O
We PRP X O

continually RB X O
invest VBP X O
in IN X O
the DT X O
training NN X O
and CC X O
development NN X O
of IN X O
our PRP$ X O
team NN X O
members NNS X O
. . X O
Managing VBG X B-Skill

a DT X I-Skill
parttime NN X I-Skill
royalty NN X I-Skill
accountant NN X I-Skill
Film NNP X I-Skill
Production NNP X I-Skill
accounting VBG X I-Skill
Month NNP X I-Skill
end VBP X I-Skill
close NN X I-Skill
and CC X I-Skill
reporting NN X I-Skill
including VBG X I-Skill
DVD NNP X I-Skill
stock NN X I-Skill
, , X I-Skill
accruals NNS X I-Skill
and CC X I-Skill
other JJ X I-Skill
balance NN X I-Skill
sheet NN X I-Skill
and CC X I-Skill
profit NN X I-Skill
loss NN X I-Skill
reconciliation NN X I-Skill
and CC X I-Skill
reporting VBG X I-Skill
Intercompany NNP X I-Skill
Reconciliation NNP X I-Skill
and CC X I-Skill
Reporting NNP X I-Skill
System NNP X I-Skill
report NN X I-Skill
writing VBG X I-Skill
design NN X I-Skill
and CC X I-Skill
improvement NN X I-Skill
The DT X O
successful JJ X O
applicant NN X O
will MD X O
have VB X O
: : X O
Previous JJ X O
relevant JJ X O
experience NN X B-Skill
gained VBD X I-Skill
preferably RB X I-Skill
within IN X I-Skill
the DT X I-Skill
entertainment NN X I-Skill
industry NN X I-Skill
Previous NNP X O
management NN X B-Skill
or CC X I-Skill
supervision NN X I-Skill
experience NN X I-Skill
Commercial JJ X I-Skill
focus NN X I-Skill
and CC X I-Skill
sharp JJ X I-Skill
analytical JJ X I-Skill
skills NNS X I-Skill
Reading NNP X I-Skill
, , X I-Skill
understanding VBG X I-Skill
and CC X I-Skill
accurate JJ X I-Skill
interpretation NN X I-Skill
of IN X I-Skill
legal JJ X I-Skill
contracts NNS X I-Skill
Systems NNPS X I-Skill
experience NN X I-Skill
and CC X I-Skill
management NN X I-Skill
report NN X I-Skill
The DT X O

practice NN X O
has VBZ X O
had VBN X O
a DT X O
recent JJ X O
refit NN X O
, , X O
has VBZ X O
a DT X O
large JJ X O
dispensing VBG X O
area NN X O
and CC X O
is VBZ X O
situated VBN X O
on IN X O
one CD X O
floor NN X O
. . X O
Be NNP X O

able JJ X O
to TO X O
Liaise VB X B-Skill
with IN X I-Skill
Consultants NNS X I-Skill
/ NNP X I-Skill
medical JJ X I-Skill
staff NN X I-Skill
to TO X I-Skill
ensure VB X I-Skill
continuity NN X I-Skill
of IN X I-Skill
care NN X I-Skill
If IN X O

you PRP X O
are VBP X O
the DT X O
ideal JJ X O
Pastry NNP X B-Occupation
Chef NNP X I-Occupation
please VB X O
do VB X O
not RB X O
hesitate VB X O
to TO X O
apply VB X O
James NNP X O
Webber NNP X O
Recruitment NNP X O
prides VBZ X O
itself PRP X O
on IN X O
providing VBG X O
the DT X O
highest JJS X O
quality NN X O
of IN X O
hotel NN X O
/ NNP X O
restaurant NN X O
staff NN X O
and CC X O
due JJ X O
to TO X O
the DT X O
high JJ X O
volume NN X O
of IN X O
applicants NNS X O
, , X O
please VB X O
note NN X O
that IN X O
we PRP X O
will MD X O
only RB X O
be VB X O
in IN X O
contact NN X O
with IN X O
you PRP X O
if IN X O
your PRP$ X O
application NN X O
is VBZ X O
successful JJ X O
. . X O
A DT X O

leading VBG X O
Cambridge NNP X O
employee NN X O
is VBZ X O
seeking VBG X O
an DT X O
Assistant NNP X B-Occupation
Management NNP X I-Occupation
Accountant NNP X I-Occupation
to TO X O
join VB X O
them PRP X O
for IN X O
a DT X O
period NN X O
of IN X O
six CD X O
months NNS X O
to TO X O
cover VB X O
a DT X O
secondment NN X O
. . X O
This DT X O

is VBZ X O
a DT X O
key JJ X O
' POS X O
Hunting NNP X O
position NN X O
and CC X O
the DT X O
successful JJ X O
candidate NN X O
will MD X O
be VB X O
required VBN X O
to TO X O
demonstrate VB X O
a DT X O
sound NN X O
knowledge NN X B-Skill
of IN X I-Skill
the DT X I-Skill
sales NNS X I-Skill
process NN X I-Skill
and CC X O
have VBP X O
a DT X B-Experience
minimum NN X I-Experience
of IN X I-Experience
2 CD X I-Experience
years NNS X I-Experience
recent JJ X O
outbound IN X O
telephone NN X B-Skill
selling NN X I-Skill
experience NN X I-Skill
. . X O
Location NN X O

: : X O
Our PRP$ X O
client NN X O
is VBZ X O
easily RB X O
commutable JJ X O
from IN X O
: : X O
Twickenham NNP X O
, , X O
Uxbridge NNP X O
, , X O
Hounslow NNP X O
, , X O
Richmond NNP X O
, , X O
Staines NNP X O
, , X O
Slough NNP X O
, , X O
Reading NNP X O
, , X O
West NNP X O
London NNP X O
The DT X O

Company NN X O
: : X O
As IN X O
the DT X O
market NN X O
leader NN X O
, , X O
our PRP$ X O
client NN X O
currently RB X O
has VBZ X O
a DT X O
turnover NN X O
of IN X O
100Million CD X O
. . X O
You PRP X O

ll VBP X O
talk VB X B-Skill
to TO X I-Skill
them PRP X I-Skill
about IN X I-Skill
Snowshill NNP X I-Skill
Manor NNP X I-Skill
Garden NNP X I-Skill
s NN X I-Skill
fascinating VBG X I-Skill
past NN X I-Skill
, , X O
sharing VBG X B-Skill
anecdotes NNS X I-Skill
and CC X I-Skill
insights NNS X I-Skill
, , X I-Skill
even RB X I-Skill
a DT X I-Skill
few JJ X I-Skill
secrets NNS X I-Skill
and CC X I-Skill
scandals NNS X I-Skill
You PRP X O
ll VBP X O
also RB X O
be VB X O
selling VBG X B-Skill
admission JJ X I-Skill
tickets NNS X I-Skill
, , X O
promoting VBG X B-Skill
membership NN X I-Skill
and CC X O
talking VBG X B-Skill
to TO X I-Skill
visitors NNS X I-Skill
about IN X I-Skill
forthcoming VBG X I-Skill
events NNS X I-Skill
. . X O
The DT X O

North NNP X O
West NNP X O
London NNP X O
Commissioning NNP X O
Support NNP X O
Unit NNP X O
CSU NNP X O
will MD X O
be VB X O
established VBN X O
on IN X O
1 CD X O
April NNP X O
2013 CD X O
to TO X O
provide VB X O
high JJ X O
quality NN X O
support NN X O
to TO X O
commissioners NNS X O
to TO X O
improve VB X O
the DT X O
health NN X O
and CC X O
wellbeing NN X O
of IN X O
the DT X O
1 CD X O
. . X O
9 CD X O
million CD X O
people NNS X O
of IN X O
North NNP X O
West NNP X O
London NNP X O
and CC X O
to TO X O
provide VB X O
endtoend VB X O
commissioning VBG X O
support NN X O
to TO X O
the DT X O
eight CD X O
Clinical NNP X O
Commissioning NNP X O
Groups NNP X O
Be VB X O

willing JJ X B-Skill
to TO X I-Skill
work VB X I-Skill
occasional JJ X I-Skill
weekend NN X I-Skill
shifts NNS X I-Skill
best JJS X O
hours NNS X O
for IN X O
quantity NN X O
and CC X O
quality NN X O
To TO X O

work VB X O
within IN X O
the DT X O
existing VBG X O
team NN X O
to TO X O
facilitate VB X B-Skill
the DT X I-Skill
process NN X I-Skill
from IN X I-Skill
customer NN X I-Skill
order NN X I-Skill
to TO X I-Skill
acceptance VB X I-Skill
which WDT X I-Skill
includes VBZ X I-Skill
address NN X I-Skill
/ NN X I-Skill
location NN X I-Skill
verification NN X I-Skill
, , X I-Skill
ordering VBG X I-Skill
on IN X I-Skill
supplier NN X I-Skill
systems NNS X I-Skill
, , X I-Skill
managing VBG X I-Skill
supplier NN X I-Skill
and CC X I-Skill
updating JJ X I-Skill
databases NNS X I-Skill
. . X O
ITbased VBN X B-Qualification

degree NN X I-Qualification
or CC X O
similar JJ X O
qualification NN X O
Previous NNP X O
proven NN X O
experience NN X O
in IN X O
a DT X O
software NN X B-Skill
development NN X I-Skill
environment NN X I-Skill
Detailed NNP X O
knowledge NN X O
of IN X O
ASP NNP X B-Skill
. . X I-Skill
NET NNP X I-Skill
, , X O
C NNP X B-Skill
and CC X O
web NN X B-Skill
services NNS X I-Skill
This DT X O

role NN X O
is VBZ X O
being VBG X O
advertised VBN X O
by IN X O
Ken NNP X O
Lau NNP X O
a DT X O
specialist JJ X O
recruiter NN X O
of IN X O
C NNP X O
, , X O
ASP NNP X O
and CC X O
. . X B-Occupation
NET JJ X I-Occupation
professionals NNS X I-Occupation
. . X O
The DT X O

day NN X B-Skill
to TO X I-Skill
day NN X I-Skill
maintenance NN X I-Skill
and CC X I-Skill
control NN X I-Skill
of IN X I-Skill
the DT X I-Skill
sales NNS X I-Skill
ledger NN X O
, , X O
including VBG X O
entering VBG X B-Skill
s JJ X I-Skill
ales NNS X I-Skill
invoices NNS X I-Skill
onto IN X I-Skill
financial JJ X I-Skill
ledger NN X I-Skill
, , X I-Skill
ensuring VBG X I-Skill
invoices NNS X I-Skill
have VBP X I-Skill
been VBN X I-Skill
coded VBN X I-Skill
and CC X I-Skill
approved VBN X I-Skill
in IN X I-Skill
accordance NN X I-Skill
with IN X I-Skill
ag JJ X I-Skill
reed NN X I-Skill
working VBG X I-Skill
practices NNS X I-Skill
, , X I-Skill
allocat JJ X I-Skill
e NN X I-Skill
sales NNS X I-Skill
receipts NNS X I-Skill
to TO X I-Skill
appropriate VB X I-Skill
sales NNS X I-Skill
ledger JJR X I-Skill
accounts NNS X I-Skill
, , X O
provision NN X B-Skill
of IN X I-Skill
general JJ X I-Skill
credit NN X I-Skill
control NN X I-Skill
services NNS X I-Skill
, , X O
together RB X O
with IN X O
production NN X B-Skill
and CC X I-Skill
control NN X I-Skill
of IN X I-Skill
periodical JJ X I-Skill
aged VBN X I-Skill
debtor NN X I-Skill
schedules NNS X I-Skill
C NNP X I-Skill
ontrol NN X I-Skill
reconcile VBZ X I-Skill
the DT X I-Skill
T NNP X I-Skill
rust NN X I-Skill
s NN X I-Skill
p NN X I-Skill
etty JJ X I-Skill
c NN X I-Skill
ash NN X I-Skill
Support NNP X I-Skill
project NN X I-Skill
managers NNS X I-Skill
in IN X I-Skill
th NN X I-Skill
e NN X I-Skill
prepa JJ X I-Skill
ration NN X I-Skill
of IN X I-Skill
budgets NNS X I-Skill
and CC X I-Skill
forecasts NNS X I-Skill
You PRP X O

will MD X O
be VB X O
working VBG X O
as IN X O
part NN X O
of IN X O
an DT X O
established VBN X O
team NN X O
of IN X O
web NN X B-Occupation
developers NNS X I-Occupation
, , X O
with IN X O
a DT X O
good JJ X O
mixture NN X O
of IN X O
new JJ X O
development NN X O
and CC X O
enhancements NNS X O
to TO X O
existing VBG X O
platforms NNS X O
to TO X O
ensure VB X O
that IN X O
the DT X O
company NN X O
remain VBP X O
at IN X O
the DT X O
forefront NN X O
of IN X O
technology NN X O
. . X O
Hadoop NNP X B-Occupation

Developer NNP X I-Occupation
needed VBD X O
for IN X O
a DT X O
leading VBG X O
Big NNP X O
Data NNP X O
technology NN X O
company NN X O
working VBG X O
with IN X O
most JJS X O
of IN X O
the DT X O
major JJ X O
Big NNP X B-Domain
Data NNP X I-Domain
technologies NNS X I-Domain
like IN X O
Hortonworks NNP X O
, , X O
Cloudera NNP X O
etc NN X O
. . X O
Their PRP$ X O

client NN X O
list NN X O
is VBZ X O
huge JJ X O
and CC X O
provides VBZ X O
a DT X O
wealth NN X O
of IN X O
projects NNS X O
to TO X O
get VB X O
involved VBN X O
with IN X O
. . X O
AccountabilitiesObjectively RB X O

assess JJ X B-Skill
progress NN X I-Skill
of IN X I-Skill
project NN X I-Skill
independently NN X I-Skill
of IN X I-Skill
project NN X I-Skill
team NN X I-Skill
and CC X I-Skill
input VB X I-Skill
the DT X I-Skill
data NN X I-Skill
into IN X I-Skill
the DT X I-Skill
P NNP X I-Skill
You PRP X O

will MD X O
gain VB X O
full JJ X O
involvement NN X O
in IN X O
economic JJ X B-Domain
costing NN X B-Skill
and CC X I-Skill
pricing NN X I-Skill
. . X O
You PRP X O

should MD X O
have VB X O
a DT X O
proven JJ X O
track NN X O
record NN X O
in IN X O
Expatriate NNP X B-Skill
tax NN X I-Skill
gained VBN X O
from IN X O
the DT X O
professional JJ X B-Skill
services NNS X I-Skill
. . X O
Additional JJ X O

Requirements NNS X O
: : X O
Acts NNS X B-Skill
with IN X I-Skill
independence NN X I-Skill
and CC X I-Skill
discretion NN X I-Skill
, , X O
developing VBG X B-Skill
appropriate JJ X I-Skill
solutions NNS X I-Skill
. . X O
Handle NNP X O

Recruitment NNP X B-Domain
are VBP X O
working VBG X O
with IN X O
this DT X O
great JJ X O
brand NN X O
to TO X O
recruit VB X O
an DT X O
experienced JJ X B-Skill
HR NNP X B-Occupation
Advisor NNP X I-Occupation
to TO X O
cover VB X O
a DT X O
6 CD X O
month NN X O
maternity NN X O
contract NN X O
starting VBG X O
in IN X O
March NNP X O
' POS X O
We PRP X O

supply VBP X O
Nurses NNS X B-Occupation
, , X I-Occupation
Care NNP X I-Occupation
workers NNS X I-Occupation
, , X O
GP NNP X B-Occupation
s NN X I-Occupation
, , X O
Consultants NNS X B-Occupation
and CC X O
Homecare NNP X O
, , X O
on IN X O
a DT X O
24 CD X O
hour NN X O
basis NN X O
depending VBG X O
on IN X O
when WRB X O
you PRP X O
need VBP X O
work NN X O
. . X O
Foster NNP X B-Occupation

Carers NNP X I-Occupation
/ NNP X O
Foster NNP X B-Occupation
Parents NNP X I-Occupation
are VBP X O
sought VBN X O
to TO X O
join VB X O
this DT X O
nationwide JJ X O
children NNS X O
' POS X O
s NN X O
charity NN X O
in IN X O
Hampshire NNP X O
, , X O
to TO X O
welcome VB X O
a DT X O
child NN X O
or CC X O
young JJ X O
person NN X O
into IN X O
your PRP$ X O
home NN X O
and CC X O
care NN X O
for IN X O
them PRP X O
full JJ X O
time NN X O
. . X O
You PRP X O

will MD X O
sell VB X B-Skill
and CC X I-Skill
promote VB X I-Skill
our PRP$ X I-Skill
client NN X I-Skill
' '' X I-Skill
s JJ X I-Skill
care NN X I-Skill
and CC X O
support NN X B-Skill
services NNS X I-Skill
to TO X I-Skill
individuals NNS X I-Skill
and CC X I-Skill
other JJ X I-Skill
purchasers NNS X I-Skill
. . X O
You PRP X O

must MD X O
also RB X O
be VB X O
able JJ X O
to TO X O
work VB X B-Skill
within IN X I-Skill
stressful JJ X I-Skill
environments NNS X I-Skill
and CC X O
respond VB X B-Skill
effectively RB X I-Skill
to TO X I-Skill
challenging VBG X I-Skill
situations NNS X I-Skill
. . X O
3 CD X O

months NNS X O
with IN X O
high JJ X O
likelihood NN X O
of IN X O
extensionAre NN X O
you PRP X O
an DT X O
experienced JJ X B-Skill
ACC NNP X B-Qualification
qualified VBD X I-Qualification
Clinical NNP X B-Occupation
Coder NNP X I-Occupation
looking VBG X O
for IN X O
a DT X O
new JJ X O
assignment NN X O
in IN X O
the DT X O
Yorkshire NNP X O
area NN X O
? . X O
Completed VBN X O

a DT X O
recognised JJ X B-Qualification
engineering NN X I-Qualification
apprenticeship NN X I-Qualification
and CC X O
have VBP X O
applied VBN X O
their PRP$ X O
mechanical JJ X B-Skill
and CC X O
electrical JJ X B-Skill
skills NNS X I-Skill
in IN X O
their PRP$ X O
current JJ X O
or CC X O
recent JJ X O
role NN X O
Ideally RB X O
qualified VBD X B-Qualification
to TO X I-Qualification
IEE NNP X I-Qualification
17th CD X I-Qualification
Edition NNP X I-Qualification
Qualified NNP X I-Qualification
to TO X I-Qualification
ONC NNP X I-Qualification
/ NNP X I-Qualification
HNC NNP X I-Qualification
and CC X O
Develop NNP X B-Skill

financial JJ X I-Skill
models NNS X I-Skill
and CC X I-Skill
the DT X I-Skill
ongoing JJ X I-Skill
evolution NN X I-Skill
amp NN X I-Skill
; : X O
refinancing NN X B-Skill
of IN X I-Skill
models NNS X I-Skill
. . X O
Controlling VBG X O

the DT X O
SAP NNP X B-Skill
general JJ X I-Skill
ledger NN X I-Skill
including VBG X O
initial JJ X O
reviewing NN X B-Skill
and CC X O
following VBG X O
up RP X O
reconciliations NNS X B-Skill
. . X O
General NNP X B-Occupation

Manager NNP X I-Occupation
/ NNP X O
Opening NNP X B-Occupation
General NNP X I-Occupation
Manager NNP X I-Occupation
for IN X O
award NN X O
winning VBG X O
fresh JJ X B-Domain
food NN X I-Domain
group NN X O
that WDT X O
plans VBZ X O
to TO X O
open VB X O
in IN X O
the DT X O
coming JJ X O
weeks NNS X O
General NNP X O
Manager NNP X O
/ NNP X O
Opening NNP X O
General NNP X O
Manager NNP X O
initial JJ X O
telephone NN X O
interviews NNS X O
now RB X O
being VBG X O
done VBN X O
General NNP X O
Manager NNP X O
Client NNP X O
Profile NNP X O
The DT X O

role NN X O
will MD X O
be VB X O
a DT X O
mix NN X O
of IN X O
new JJ X O
business NN X O
and CC X O
managing VBG X B-Skill
existing VBG X I-Skill
accounts NNS X I-Skill
so IN X O
you PRP X O
will MD X O
need VB X O
both DT X O
skill JJ X O
sets NNS X O
in IN X O
order NN X O
to TO X O
: : X O
Identify NNP X B-Skill
, , X O
qualify NN X B-Skill
and CC X O
develop VB X B-Skill
new JJ X I-Skill
opportunities NNS X I-Skill
, , X O
Managing NNP X B-Skill
and CC X I-Skill
maintaining VBG X I-Skill
your PRP$ X I-Skill
region NN X I-Skill
' POS X I-Skill
s JJ X I-Skill
sales NNS X I-Skill
pipeline NN X I-Skill
and CC X I-Skill
targeting VBG X I-Skill
key JJ X I-Skill
accounts NNS X I-Skill
and CC X I-Skill
vertical JJ X I-Skill
markets NNS X I-Skill
for IN X I-Skill
development NN X I-Skill
. . X O
Providing VBG X O

companywide NN X O
ad NN X B-Skill
hoc NN X I-Skill
analysis NN X I-Skill
using VBG X O
site NN X O
analyst NN X O
tool NN X O
to TO X O
extract VB X B-Skill
data NNS X I-Skill
related VBN X O
to TO X O
the DT X O
usage NN X O
patterns NNS X O
of IN X O
various JJ X O
users NNS X O
within IN X O
the DT X O
business NN X O
. . X O
The DT X O

greatest JJS X O
prospect NN X O
about IN X O
joining VBG X O
Everest NNP X O
is VBZ X O
that IN X O
no DT X O
previous JJ X O
Sales NNS X O
experience NN X O
is VBZ X O
required VBN X O
; : X O
we PRP X O
recruit VBP X O
people NNS X O
from IN X O
all DT X O
walks NNS X O
of IN X O
life NN X O
: : X O
we PRP X O
know VBP X O
you PRP X O
can MD X O
be VB X O
successful JJ X O
with IN X O
us PRP X O
Both DT X O

Science NNP X B-Qualification
NQTs NNP X I-Qualification
and CC X O
more RBR X O
experienced JJ X B-Skill
teachers NNS X O
are VBP X O
welcome JJ X O
to TO X O
apply VB X O
for IN X O
this DT X O
position NN X O
of IN X O
Chemistry NNP X B-Occupation
teacher NN X I-Occupation
at IN X O
this DT X O
wonderful JJ X O
Central NNP X O
London NNP X O
School NNP X O
. . X O
Responsibilities NNS X O

of IN X O
the DT X O
Support NNP X B-Occupation
Worker NNP X I-Occupation
: : X O
To TO X O
participate VB X B-Skill
in IN X I-Skill
the DT X I-Skill
daytoday JJ X I-Skill
implementation NN X I-Skill
of IN X I-Skill
individual JJ X I-Skill
support NN X I-Skill
plans NNS X I-Skill
and CC X I-Skill
activities NNS X I-Skill
within IN X O
a DT X O
challenging JJ X O
environment NN X O
To TO X O
maintain VB X B-Skill
effective JJ X I-Skill
communication NN X I-Skill
and CC X I-Skill
liaison NN X I-Skill
with IN X I-Skill
service NN X I-Skill
users NNS X I-Skill
, , X O
families NNS X O
and CC X O
other JJ X O
whilst NN X O
respecting VBG X B-Skill
appropriate JJ X I-Skill
confidentiality NN X I-Skill
To TO X O
support VB X B-Skill
service NN X I-Skill
users NNS X I-Skill
with IN X I-Skill
the DT X I-Skill
preparation NN X I-Skill
of IN X I-Skill
meals NNS X I-Skill
, , X I-Skill
laundry JJ X I-Skill
duties NNS X I-Skill
, , X I-Skill
cleaning NN X I-Skill
and CC X I-Skill
social JJ X I-Skill
events NNS X I-Skill
To TO X O
maintain VB X B-Skill
accurate JJ X I-Skill
notes NNS X I-Skill
and CC X I-Skill
records NNS X I-Skill
as IN X O
and CC X O
when WRB X O
required VBN X O
To TO X O
work VB X B-Skill
as IN X I-Skill
part NN X I-Skill
of IN X I-Skill
a DT X I-Skill
team NN X I-Skill
to TO X I-Skill
provide VB X I-Skill
high JJ X I-Skill
quality NN X I-Skill
care NN X I-Skill
any DT X O

design NN X B-Skill
experience NN X O
is VBZ X O
a DT X O
plus JJ X O
Knowledge NNP X O
and CC X O
experience NN X O
of IN X O
installing NN X B-Skill
and CC X I-Skill
supporting VBG X I-Skill
VMware NNP X I-Skill
ESX NNP X I-Skill
/ NNP X I-Skill
vSphere FW X I-Skill
Knowledge NNP X O
and CC X O
experience NN X O
of IN X O
installing NN X B-Skill
and CC X I-Skill
supporting NN X I-Skill
Windows NNS X I-Skill
Ideally RB X O

you PRP X O
will MD X O
have VB X O
qualifications NNS X O
of IN X O
GCSEs NNP X B-Qualification
or CC X I-Qualification
equivalent NN X I-Qualification
in IN X I-Qualification
Mathematics NNP X I-Qualification
and CC X I-Qualification
English NNP X I-Qualification
accompanied VBN X O
by IN X O
defined JJ X O
benefit NN X B-Skill
scheme NN X I-Skill
pensions NNS X I-Skill
administrative JJ X I-Skill
experience NN X I-Skill
, , X O
ideally RB X O
in IN X O
an DT X O
inhouse NN X B-Skill
or CC X I-Skill
consultancy NN X I-Skill
environment NN X I-Skill
. . X O
If IN X O

you PRP X O
enjoy VBP X B-Skill
sport JJ X I-Skill
and CC X I-Skill
interacting VBG X I-Skill
with IN X I-Skill
people NNS X I-Skill
and CC X O
are VBP X O
passionate JJ X B-Skill
about IN X I-Skill
customer NN X I-Skill
service NN X I-Skill
in IN X O
a DT X O
fun NN X O
and CC X O
friendly JJ X O
retail JJ X B-Domain
environment NN X O
this DT X O
may MD X O
be VB X O
the DT X O
role NN X O
for IN X O
you PRP X O
Responsibilities NNS X O
Position NN X O

: : X O
Cardiac JJ X B-Occupation
Staff NNP X I-Occupation
Nurse NNP X I-Occupation
London NNP X O
Location NN X O
: : X O
Central JJ X O
London NNP X O
Salary NNP X O
Range NNP X O
: : X O
Our PRP$ X O

consultants NNS X B-Occupation
deliver VB X O
a DT X O
completely RB X O
professional JJ X B-Skill
resourcing NN X I-Skill
service NN X O
, , X O
always RB X O
backed VBD X O
up RP X O
by IN X O
our PRP$ X O
team NN X O
of IN X O
ERP NNP X B-Occupation
specialists NNS X I-Occupation
who WP X O
are VBP X O
all DT X O
experienced VBN X B-Skill
in IN X O
full JJ X B-Skill
project NN X I-Skill
life NN X I-Skill
cycle NN X I-Skill
implementation NN X O
and CC X O
support NN X O
, , X O
thus RB X O
ensuring VBG X O
that IN X O
we PRP X O
fully RB X O
understand VBP X O
our PRP$ X O
clients NNS X O
requirements NNS X O
and CC X O
our PRP$ X O
candidates NNS X O
skills NNS X O
. . X O
Excellent JJ X O

customer NN X B-Skill
service NN X I-Skill
Knowledge NNP X O
of IN X O
Microsoft NNP X B-Skill
, , X O
Linux NNP X B-Skill
, , X O
VMWare NNP X B-Skill
, , X O
Data NNP X B-Skill
Storage NNP X I-Skill
hardware NN X I-Skill
, , X O
Server NNP X B-Skill
and CC X O
Storage NNP X B-Skill
configuration NN X I-Skill
. . X O
* NNS X O

Do VBP X O
you PRP X O
have VB X O
Data NNP X B-Skill
Analysis NNP X I-Skill
skills VBZ X O
working VBG X O
as IN X O
a DT X O
Data NNP X B-Occupation
Analyst NNP X I-Occupation
? . X O
Presales NNS X O

support NN X O
is VBZ X O
also RB X O
on IN X O
offer NN X O
and CC X O
they PRP X O
excel VBP X O
in IN X O
their PRP$ X O
training NN X O
packages NNS X O
. . X O
They PRP X O

offer VBP X O
a DT X O
unique JJ X O
combination NN X O
of IN X O
technical JJ X B-Skill
, , X O
contractual JJ X B-Skill
and CC X O
financial JJ X B-Skill
skills NNS X I-Skill
, , X O
with IN X O
a DT X O
core NN X O
expertise NN X O
in IN X O
process NN X B-Domain
, , X O
combustion NN X B-Domain
and CC X O
thermal JJ X B-Domain
cycle NN X I-Domain
engineering NN X I-Domain
, , X O
alongside RB X O
more RBR X O
recent JJ X O
success NN X O
within IN X O
the DT X O
renewable JJ X B-Domain
energy NN X I-Domain
industry NN X I-Domain
. . X O
The DT X O

Intensive NNP X B-Domain
Care NNP X I-Domain
Unit NNP X O
is VBZ X O
the DT X O
regional JJ X O
centre NN X O
for IN X O
neuro JJ X O
trauma NN X O
and CC X O
the DT X O
high JJ X O
dependency NN X O
for IN X O
colorectal JJ X O
surgery NN X O
and CC X O
urology NN X O
. . X O
High JJ X O

motivation NN X B-Skill
and CC X I-Skill
selfdirection NN X I-Skill
to TO X I-Skill
solve VB X I-Skill
problems NNS X I-Skill
logically RB X I-Skill
, , X I-Skill
quickly RB X I-Skill
and CC X I-Skill
effectively RB X I-Skill
. . X O
If IN X O

you PRP X O
feel VBP X O
that IN X O
you PRP X O
have VBP X O
the DT X O
experience NN X O
that IN X O
we PRP X O
are VBP X O
seeking VBG X O
, , X O
please VB X O
apply VB X O
to TO X O
Amy NNP X O
Spilsbury NNP X O
by IN X O
the DT X O
link NN X O
attached VBD X O
to TO X O
this DT X O
advert NN X O
. . X O
The DT X O

Pastry NNP X B-Occupation
Chef NNP X I-Occupation
will MD X O
be VB X O
responsible JJ X O
for IN X O
a DT X O
large JJ X O
team NN X O
and CC X O
junior JJ X B-Skill
staff NN X I-Skill
development NN X I-Skill
and CC X O
ensuring VBG X O
high JJ X B-Skill
levels NNS X I-Skill
of IN X I-Skill
food NN X I-Skill
standards NNS X I-Skill
are VBP X O
achieved VBN X O
The DT X O
Pastry NNP X B-Occupation
Chef NNP X I-Occupation
will MD X O
be VB X O
reporting VBG X O
directly RB X O
into IN X O
the DT X O
Head NNP X B-Occupation
Chef NNP X I-Occupation
Pastry NNP X I-Occupation
Chef NNP X I-Occupation
must MD X O
be VB X O
passionate JJ X B-Skill
and CC X O
the DT X O
ability NN X O
to TO X O
cope VB X B-Skill
under IN X I-Skill
pressure NN X I-Skill
The DT X O
successful JJ X O
Pastry NNP X B-Occupation
Chef NNP X I-Occupation
will MD X O
have VB X O
at IN X B-Experience
least JJS X I-Experience
2 CD X I-Experience
years NNS X I-Experience
experience NN X I-Experience
at IN X O
level NN X O
within IN X O
a DT X O
similar JJ X O
operation NN X O
. . X O
The DT X O

Person NNP X O
: : X O
The DT X O
successful JJ X O
candidate NN X O
will MD X O
have VB X O
previous JJ X B-Experience
experience NN X I-Experience
dealing VBG X B-Skill
with IN X I-Skill
move JJ X I-Skill
management NN X I-Skill
or CC X I-Skill
household NN X I-Skill
goods NNS X I-Skill
movements NNS X I-Skill
. . X O
The DT X O

Parts NNP X B-Occupation
Supervisor NNP X I-Occupation
will MD X O
lead VB X B-Skill
, , X I-Skill
and CC X I-Skill
coordinate VB X I-Skill
the DT X I-Skill
sales NNS X I-Skill
of IN X I-Skill
aftermarket NN X I-Skill
parts NNS X I-Skill
for IN X I-Skill
our PRP$ X I-Skill
clients NNS X I-Skill
. . X O
Javascript NNP X B-Skill

/ NNP X I-Skill
Jquery NNP X I-Skill
Awareness NNP X O
of IN X O
W3C NNP X B-Skill
standards NNS X I-Skill
and CC X O
a DT X O
passion NN X O
for IN X O
cutting VBG X B-Skill
edge NN X I-Skill
web NN X I-Skill
technologies NNS X I-Skill
. . X O
Practical JJ X O

experience NN X O
in IN X O
electro JJ X B-Skill
/ NNP X I-Skill
mechanical JJ X I-Skill
equipment NN X I-Skill
would MD X O
be VB X O
ideal JJ X O
. . X O
Applications NNS X O

for IN X O
the DT X O
role NN X O
of IN X O
Service NNP X B-Occupation
Advisor NNP X I-Occupation
/ NNP X O
Administrator NNP X O
will MD X O
only RB X O
be VB X O
considered VBN X O
if IN X O
we PRP X O
are VBP X O
provided VBN X O
with IN X O
a DT X O
full JJ X O
CV NNP X O
detailing VBG X O
your PRP$ X O
recent JJ X O
work NN X O
experience NN X O
in IN X O
a DT X O
similar JJ X O
capacity NN X O
with IN X O
dates NNS X O
of IN X O
employment NN X O
and CC X O
ensure VB X O
your PRP$ X O
contact NN X O
numbers NNS X O
and CC X O
residential JJ X O
address NN X O
details NNS X O
are VBP X O
on IN X O
your PRP$ X O
CV NNP X O
. . X O
Provide NNP X O

technical JJ X B-Skill
support NN X I-Skill
to TO X O
clients NNS X O
, , X O
consultants NNS X O
, , X O
contractors NNS X O
and CC X O
others NNS X O
on IN X O
matters NNS X O
concerning VBG X O
the DT X O
design NN X B-Skill
, , X I-Skill
construction NN X I-Skill
and CC X I-Skill
maintenance NN X I-Skill
of IN X I-Skill
EC NNP X I-Skill
and CC X I-Skill
I PRP X I-Skill
works VBP X I-Skill
. . X O
**** JJ X O

kFantastic JJ X O
opportunity NN X O
for IN X O
an DT X O
electronics NNS X B-Occupation
engineer VBP X I-Occupation
able JJ X O
to TO X O
work VB X B-Skill
on IN X I-Skill
own JJ X I-Skill
initiative NN X I-Skill
in IN X O
the DT X O
field NN X O
. . X O
SYK NNP X O

Recruitment NNP X B-Occupation
Specialists NNS X I-Occupation
are VBP X O
looking VBG X O
for IN X O
a DT X O
Staff NNP X B-Occupation
Nurse NNP X I-Occupation
to TO X O
join VB X O
a DT X O
large JJ X O
care NN X O
home NN X O
in IN X O
Abingdon NNP X O
. . X O
For IN X O

this DT X O
role NN X O
you PRP X O
will MD X O
need VB X O
to TO X O
be VB X O
registered VBN X O
with IN X O
the DT X O
HCPC NNP X B-Qualification
and CC X O
hold VB X O
a DT X O
social JJ X B-Qualification
work NN X I-Qualification
qualification NN X I-Qualification
. . X O
High JJ X O

level NN X O
of IN X O
administration NN X B-Skill
skills NNS X I-Skill
Selfmotivated VBD X I-Skill
and CC X O
able JJ X O
to TO X O
communicate VB X B-Skill
clearly RB X I-Skill
in IN X I-Skill
both DT X I-Skill
verbal JJ X I-Skill
and CC X I-Skill
written VBN X I-Skill
formats NNS X I-Skill
. . X O
For IN X O

this DT X O
Data NNP X B-Occupation
Quality NNP X I-Occupation
Consultant NNP X I-Occupation
role NN X O
, , X O
you PRP X O
will MD X O
have VB X O
: : X O
demonstrable JJ X O
Data NNP X B-Skill
Quality NNP X I-Skill
background NN X O
, , X O
worked VBD X O
on IN X O
Enterpriselevel NNP X B-Skill
environments NNS X I-Skill
, , X O
Data NNP X B-Skill
Security NNP X I-Skill
experience NN X O
Rate NNP X O
Working VBG X O

on IN X O
fire NN X B-Skill
systems NNS X I-Skill
, , X O
Intruder NNP X B-Skill
alarm NN X I-Skill
, , X O
CCTV NNP X B-Skill
and CC X O
access NN X B-Skill
control NN X I-Skill
systems NNS X I-Skill
. . X O
Explore NNP X O

Group NNP X O
is VBZ X O
an DT X O
Equal JJ X O
Opportunities NNP X O
employer NN X O
; : X O
we PRP X O
welcome VBP X O
applicants NNS X O
from IN X O
all DT X O
backgrounds NNS X O
Our PRP$ X O

excellent JJ X O
benefits NNS X O
package NN X O
includes VBZ X O
33 CD X O
days NNS X O
annual JJ X O
leave VBP X O
including VBG X O
bank NN X O
holidays NNS X O
and CC X O
a DT X O
contributory JJ X O
pension NN X O
scheme NN X O
To TO X O

be VB X O
considered VBN X O
for IN X O
this DT X O
role NN X O
you PRP X O
MUST VBP X O
have VB X O
: : X O
Software NNP X B-Occupation

Engineers NNS X I-Occupation
with IN X O
great JJ X O
low JJ X O
level NN X O
Linux NNP X B-Skill
skills NNS X O
are VBP X O
required VBN X O
in IN X O
Cambridge NNP X O
You PRP X O
will MD X O
also RB X O
use VB X O
your PRP$ X O
C NNP X B-Skill
, , X O
Driver NNP X B-Skill
or CC X O
Kernel NNP X B-Skill
and CC X O
The DT X O

candidate NN X O
will MD X O
be VB X O
a DT X O
Senior NNP X B-Occupation
QS NNP X I-Occupation
working VBG X O
alongside RB X O
and CC X O
supported VBN X O
by IN X O
the DT X O
existing VBG X O
2no CD X O
. . X O
This DT X O

position NN X O
is VBZ X O
a DT X O
full JJ X O
time NN X O
in IN X O
a DT X O
inner JJ X O
city NN X O
' POS X O
Good NNP X O
' POS X O
Ofsted NNP X O
School NNP X O
. . X O
The DT X O

Role NNP X O
: : X O
Reporting NN X B-Skill
in IN X I-Skill
the DT X I-Skill
Project NNP X I-Skill
HSQE NNP X I-Skill
manager NN X I-Skill
, , X O
you PRP X O
will MD X O
be VB X O
the DT X O
Quality NNP X B-Occupation
Manager NNP X I-Occupation
on IN X O
a DT X O
major JJ X O
project NN X O
. . X O
The DT X O

Ideal NNP X O
candidate NN X O
will MD X O
have VB X O
at IN X B-Experience
least JJS X I-Experience
6 CD X I-Experience
years NNS X I-Experience
experience RB X I-Experience
within IN X O
distribution NN X B-Domain
gained VBN X O
within IN X O
a DT X O
FMCG NNP X B-Domain
environment NN X O
. . X O
My PRP$ X O

client NN X O
is VBZ X O
interviewing VBG X O
today NN X O
so IN X O
apply RB X O
NOW NNP X O
to TO X O
avoid VB X O
disappointment NN X O
. . X O
Awareness NN X B-Skill

of IN X I-Skill
the DT X I-Skill
wider NN X I-Skill
environment NN X I-Skill
; : X O
be VB X O
proactive JJ X B-Skill
in IN X I-Skill
identifying VBG X I-Skill
upstream JJ X I-Skill
trends NNS X I-Skill
, , X O
in IN X O
order NN X O
to TO X O
enable VB X O
Decision NNP X B-Skill
Management NNP X I-Skill
to TO X O
efficiently RB X O
react VB X O
to TO X O
remodelling VBG X O
requirements NNS X O
. . X O
Things NNS X O

you PRP X O
should MD X O
know VB X O
3 CD X O
month NN X O
temporary JJ X O
role NN X O
Candidates NNS X O
must MD X O
have VB X O
experience NN X O
of IN X O
SAP NNP X B-Skill
Salary NNP X I-Skill
depending VBG X O
on IN X O
experience NN X O
and CC X O
qualification NN X O
Commutable NNP X O
from IN X O
Aldershot NNP X O
, , X O
Ascot NNP X O
, , X O
Pro NNP X B-Skill

Calls NNP X I-Skill
to TO X I-Skill
Theatres NNP X I-Skill
across IN X I-Skill
EMEA NNP X I-Skill
to TO X I-Skill
confirm VB X I-Skill
successful JJ X I-Skill
delivery NN X I-Skill
. . X O
A DT X O

natural JJ X O
leader NN X B-Skill
who WP X O
can MD X O
communicate VB X B-Skill
with IN X I-Skill
all DT X I-Skill
levels NNS X I-Skill
of IN X I-Skill
the DT X I-Skill
business NN X I-Skill
and CC X I-Skill
its PRP$ X I-Skill
customers NNS X I-Skill
inspiring VBG X I-Skill
confidence NN X I-Skill
in IN X I-Skill
our PRP$ X I-Skill
corporate JJ X I-Skill
ability NN X I-Skill
to TO X I-Skill
succeed VB X I-Skill
with IN X I-Skill
the DT X I-Skill
experience NN X I-Skill
, , X O
credibility NN X B-Skill
and CC X O
knowledge NN X B-Skill
to TO X O
lead VB X B-Skill
our PRP$ X I-Skill
Simulation NNP X I-Skill
and CC X I-Skill
Training NNP X I-Skill
solutions NNS X I-Skill
Creating VBG X B-Skill

production NN X I-Skill
software NN X I-Skill
and CC X O
improving VBG X B-Skill
its PRP$ X I-Skill
performance NN X I-Skill
Managing VBG X I-Skill
large JJ X O
over IN X O
You PRP X O

will MD X O
be VB X O
the DT X O
Senior NNP X B-Occupation
Web NNP X I-Occupation
Developer NNP X I-Occupation
on IN X O
the DT X O
team NN X O
and CC X O
therefore RB X O
be VB X O
required VBN X O
to TO X O
take VB X B-Skill
ownership NN X I-Skill
of IN X I-Skill
client NN X I-Skill
project NN X I-Skill
as RB X O
well RB X O
as IN X O
lead NN X B-Skill
the DT X I-Skill
more JJR X I-Skill
junior JJ X I-Skill
Web NNP X I-Skill
developers NNS X I-Skill
. . X O
If IN X O

you PRP X O
are VBP X O
interested JJ X O
in IN X O
working VBG X B-Skill
with IN X I-Skill
people NNS X I-Skill
with IN X I-Skill
learning VBG X I-Skill
disabilities NNS X I-Skill
, , X O
please VB X O
send VB X O
in IN X O
your PRP$ X O
Application NN X O
and CC X O
CV NNP X O
immediately RB X O
for IN X O
a DT X O
quick JJ X O
response NN X O
. . X O
Interacting VBG X B-Skill

with IN X I-Skill
operating NN X I-Skill
personnel NNS X I-Skill
in IN X I-Skill
order NN X I-Skill
to TO X I-Skill
understand VB X I-Skill
and CC X I-Skill
add VB X I-Skill
value NN X I-Skill
to TO X I-Skill
the DT X I-Skill
business NN X I-Skill
. . X O
Due JJ X O

to TO X O
the DT X O
large JJ X O
number NN X O
of IN X O
responses NNS X O
we PRP X O
receive VBP X O
it PRP X O
is VBZ X O
not RB X O
always RB X O
possible JJ X O
to TO X O
respond VB X O
to TO X O
every DT X O
application NN X O
. . X O
We PRP X O

will MD X O
retain VB X O
your PRP$ X O
details NNS X O
on IN X O
file NN X O
and CC X O
contact NN X O
Your PRP$ X O

details NNS X O
, , X O
as IN X O
submitted VBN X O
by IN X O
you PRP X O
, , X O
will MD X O
only RB X O
be VB X O
used VBN X O
in IN X O
relation NN X O
to TO X O
this DT X O
specific JJ X O
opportunity NN X O
. . X O
For IN X O

more JJR X O
details NNS X O
please VB X O
refer NN X O
to TO X O
the DT X O
job NN X O
description NN X O
. . X O
You PRP X O

will MD X O
also RB X O
be VB X O
expected VBN X O
to TO X O
maintain VB X O
an DT X O
awareness NN X O
of IN X O
legal JJ X B-Skill
and CC X I-Skill
social JJ X I-Skill
responsibility NN X I-Skill
requirements NNS X O
in IN X O
order NN X O
to TO X O
sensitively RB X B-Skill
and CC X O
professionally RB X B-Skill
assist VB X I-Skill
any DT X I-Skill
potential JJ X I-Skill
gambling NN X I-Skill
problems NNS X I-Skill
and CC X O
enforce VB X B-Skill
our PRP$ X I-Skill
THINK NNP X I-Skill
A DT X O

Sizzling NNP X O
Pub NNP X O
provides VBZ X O
the DT X O
cheerful JJ X O
drinks NNS X O
, , X O
tasty JJ X O
food NN X O
and CC X O
colourful JJ X O
characters NNS X O
that WDT X O
make VBP X O
working JJ X O
days NNS X O
whizz VBN X O
by IN X O
. . X O
As IN X O

we PRP X O
receive VBP X O
such PDT X O
a DT X O
high JJ X O
volume NN X O
of IN X O
applications NNS X O
every DT X O
day NN X O
, , X O
regretfully RB X O
, , X O
we PRP X O
are VBP X O
only RB X O
able JJ X O
to TO X O
respond VB X O
to TO X O
successful JJ X O
candidates NNS X O
who WP X O
will MD X O
be VB X O
contacted VBN X O
within IN X O
two CD X O
working VBG X O
days NNS X O
. . X O
You PRP X O

will MD X O
have VB X O
good JJ X O
working VBG X B-Skill
knowledge NN X I-Skill
of IN X I-Skill
the DT X I-Skill
Commercial JJ X I-Skill
Insurance NN X I-Skill
market NN X I-Skill
and CC X O
competitor NN X B-Skill
activity NN X I-Skill
. . X O
CCEE NNP X B-Qualification

Certified NNP X I-Qualification
, , X O
my PRP$ X O
client NN X O
is VBZ X O
looking VBG X O
a DT X O
Citrix NNP X B-Occupation
specialist NN X I-Occupation
to TO X O
work VB X O
within IN X O
their PRP$ X O
IT NNP X B-Domain
Infrastructure NNP X O
team NN X O
, , X O
within IN X O
a DT X O
leading JJ X O
government NN X O
organisation NN X O
with IN X O
an DT X O
excellent JJ X O
reputation NN X O
as IN X O
an DT X O
IT NNP X O
employer NN X O
inLondon NN X O
. . X O
W3C NNP X O

One CD X O
of IN X O
the DT X O
leading VBG X O
digital JJ X B-Domain
agencies NNS X O
in IN X O
berkshire NN X O
ll NN X O
play VBP X O
an DT X O
integral JJ X O
role NN X O
in IN X O
the DT X O
design NN X B-Domain
Designers NNP X B-Occupation
s VBZ X O
collaborating VBG X O
to TO X O
ensure VB X O
the DT X O
highest JJS X O
standards NNS X O
of IN X O
web NN X B-Skill
development NN X I-Skill
are VBP X O
maintained VBN X O
at IN X O
all DT X O
times NNS X O
. . X O
You PRP X O

will MD X O
be VB X O
totally RB X O
committed VBN X O
to TO X O
presenting VBG X B-Skill
this DT X I-Skill
multinational JJ X I-Skill
company NN X I-Skill
s NN X I-Skill
products NNS X I-Skill
that WDT X I-Skill
are VBP X I-Skill
genuinely RB X I-Skill
raved VBN X I-Skill
about IN X I-Skill
by IN X I-Skill
their PRP$ X I-Skill
users NNS X I-Skill
. . X O
Area NNP X B-Occupation

Manager NNP X I-Occupation
for IN X O
exciting VBG X O
high JJ X O
volume NN X O
restaurant NN X B-Domain
Group NNP X O
London NNP X O
Flexible JJ X B-Skill

and CC X O
keen JJ X B-Skill
to TO X I-Skill
take VB X I-Skill
on IN X I-Skill
the DT X I-Skill
opportunity NN X I-Skill
of IN X I-Skill
contributing VBG X I-Skill
to TO X I-Skill
the DT X I-Skill
expansion NN X I-Skill
of IN X I-Skill
an DT X I-Skill
ambitious JJ X I-Skill
, , X I-Skill
successful JJ X I-Skill
company NN X I-Skill
. . X O
We PRP X O

are VBP X O
looking VBG X O
for IN X O
an DT X O
exceptional JJ X O
C NNP X B-Occupation
++ NNP X I-Occupation
Developer NNP X O
or CC X O
C NNP X B-Occupation
Developer NNP X I-Occupation
from IN X O
a DT X O
C NNP X B-Skill
++ NNP X I-Skill
background NN X I-Skill
to TO X O
join VB X O
a DT X O
Core NNP X O
Frameworks NNP X O
Team NNP X O
of IN X O
an DT X O
investment NN X O
Bank NNP X O
, , X O
the DT X O
team NN X O
focuses VBZ X O
heavily RB X O
on IN X O
maintaining VBG X B-Skill
a DT X I-Skill
very RB X I-Skill
high JJ X I-Skill
engineering NN X I-Skill
standard NN X I-Skill
. . X O
Candidates NNS X O

must MD X O
have VB X O
a DT X O
proven JJ X O
track NN X O
record NN X O
with IN X O
solid JJ X O
periods NNS X O
of IN X O
employment NN X B-Domain
and CC X O
ideally RB X O
experience VB X O
on IN X O
medium NN X B-Domain
to TO X I-Domain
high JJ X I-Domain
rise NN X I-Domain
residential JJ X I-Domain
projects NNS X I-Domain
Our PRP$ X O

client NN X O
is VBZ X O
looking VBG X O
to TO X O
recruit VB X O
a DT X O
number NN X O
of IN X O
semi NN X O
skilled VBN X O
bench NN X B-Occupation
joiners NNS X I-Occupation
to TO X O
work VB X O
on IN X O
a DT X O
major JJ X O
new JJ X O
contract NN X O
. . X O
Candidates NNS X O

will MD X O
also RB X O
need VB X O
to TO X O
have VB X O
an DT X O
up NN X B-Qualification
to TO X I-Qualification
date NN X I-Qualification
GSCC NNP X I-Qualification
registration NN X I-Qualification
, , X O
the DT X O
ability NN X O
to TO X O
be VB X O
enhanced VBN X B-Qualification
CRB NNP X I-Qualification
cleared VBD X I-Qualification
and CC X O
be VB X O
happy JJ X O
for IN X O
us PRP X O
to TO X O
take VB X O
references NNS X O
for IN X O
you PRP X O
covering VBG X O
the DT X O
last JJ X O
five CD X O
years NNS X O
including VBG X O
any DT X O
gaps NNS X O
in IN X O
employment NN X O
or CC X O
eductation NN X O
. . X O
This DT X O

is VBZ X O
a DT X O
superb JJ X O
opportunity NN X O
for IN X O
a DT X O
candidate NN X O
studying VBG X O
CIMA NNP X B-Qualification
with IN X O
a DT X O
good JJ X O
amount NN X O
of IN X O
relevant JJ X O
experience NN X O
. . X O
As IN X O

the DT X O
successful JJ X O
candidate NN X O
you PRP X O
will MD X O
have VB X O
responsibility NN X O
for IN X O
supplier NN X B-Skill
strategy NN X I-Skill
and CC X O
specific JJ X B-Skill
sourcing VBG X I-Skill
activities NNS X I-Skill
within IN X O
the DT X O
the DT X O
Subcontracts NNP X B-Domain
group NN X O
. . X O
Are NNP X O

you PRP X O
a DT X O
graduate NN X O
with IN X O
the DT X O
ability NN X O
to TO X O
contribute VB X O
to TO X O
Maths NNP X B-Skill
, , X O
Literacy NNP X B-Skill
and CC X O
Science NNP X B-Skill
before IN X O
pursuing VBG X O
a DT X O
career NN X O
in IN X O
secondary JJ X B-Skill
teaching NN X I-Skill
? . X O
An DT X O

exciting JJ X O
opportunity NN X O
to TO X O
join VB X O
a DT X O
progressive JJ X O
company NN X O
based VBN X O
in IN X O
Maidenhead NNP X O
. . X O
Their PRP$ X O

main JJ X O
areas NNS X O
of IN X O
focus NN X O
for IN X O
this DT X O
include NN X O
renewable JJ X B-Skill
technologies NNS X I-Skill
, , X O
energy NN X B-Skill
storage NN X I-Skill
, , X O
electrooptic JJ X B-Skill
displays NNS X I-Skill
, , X O
semiconductor NN X B-Skill
lasers NNS X I-Skill
and CC X O
consumer NN X B-Skill
bioscience NN X I-Skill
products NNS X I-Skill
. . X O
I PRP X O

have VBP X O
interview NN X O
slots NNS X O
to TO X O
fill VB X O
and CC X O
will MD X O
be VB X O
looking VBG X O
forward RB X O
to TO X O
speaking VBG X O
to TO X O
you PRP X O
soon RB X O
. . X O
The DT X O

school NN X O
are VBP X O
not RB X O
in IN X O
a DT X O
position NN X O
to TO X O
accept VB X O
NQTs NNP X O
for IN X O
this DT X O
role NN X O
. . X O
If IN X O

you PRP X O
are VBP X O
interested JJ X O
in IN X O
discussing VBG X O
this DT X O
position NN X O
further RB X O
then RB X O
please VB X O
send VB X O
a DT X O
copy NN X O
of IN X O
your PRP$ X O
CV NNP X O
and CC X O
I PRP X O
will MD X O
give VB X O
you PRP X O
a DT X O
call NN X O
to TO X O
discuss VB X O
I PRP X O

am VBP X O
seeking VBG X O
a DT X O
highly RB X O
skilled VBN X O
developer NN X B-Skill
to TO X O
help VB X B-Skill
my PRP$ X I-Skill
client NN X I-Skill
maintain NN X I-Skill
and CC X I-Skill
develop VB X I-Skill
a DT X I-Skill
wide JJ X I-Skill
range NN X I-Skill
of IN X I-Skill
SharePoint NNP X I-Skill
hosted VBD X I-Skill
services NNS X I-Skill
including VBG X O
selfservice JJ X B-Skill
team NN X I-Skill
sites NNS X I-Skill
, , X O
extranet NN X B-Skill
, , X O
workflow NN X B-Skill
, , X O
intranet NN X B-Skill
and CC X O
internet NN X B-Skill
services NNS X I-Skill
. . X O
An DT X O

additional JJ X O
10 CD X O
days NNS X O
per IN X O
annum NN X O
will MD X O
be VB X O
required VBN X O
to TO X O
be VB X O
worked VBN X O
during IN X O
school NN X O
holidays NNS X O
. . X O
Provide NNP X B-Skill

assistance NN X I-Skill
to TO X I-Skill
the DT X I-Skill
measurement NN X I-Skill
department NN X I-Skill
where WRB X I-Skill
required VBN X I-Skill
for IN X I-Skill
example NN X I-Skill
earthworks NNS X I-Skill
surveys NNS X I-Skill
. . X O
The DT X O

ability NN X B-Skill
to TO X I-Skill
identify VB X I-Skill
and CC X I-Skill
develop VB X I-Skill
significant JJ X I-Skill
business NN X I-Skill
relationships NNS X I-Skill
within IN X I-Skill
the DT X I-Skill
market NN X I-Skill
is VBZ X I-Skill
fundamental JJ X I-Skill
to TO X O
this DT X O
role NN X O
. . X O
To TO X O

' '' X B-Skill
translate NN X I-Skill
' '' X I-Skill
the DT X I-Skill
BU NNP X I-Skill
fabric NN X I-Skill
requirements NNS X I-Skill
into IN X I-Skill
a DT X I-Skill
format NN X I-Skill
that WDT X I-Skill
can MD X I-Skill
be VB X I-Skill
recognized VBN X I-Skill
by IN X I-Skill
the DT X I-Skill
potential JJ X I-Skill
supply NN X I-Skill
base NN X I-Skill
and CC X O
ensure VB X O
that DT X O
supply NN X O
base NN X O
are VBP X O
capable JJ X O
of IN X O
meeting VBG X B-Skill
the DT X I-Skill
required JJ X I-Skill
specification NN X I-Skill
and CC X O
performance NN X B-Skill
standard NN X I-Skill
. . X O
Alliance NNP X O

Consulting NNP X O
specialise NN X O
in IN X O
the DT X O
placement NN X O
of IN X O
engineers NNS X O
throughout IN X O
the DT X O
UK NNP X O
. . X O
**** NN X O

and CC X O
has VBZ X O
since IN X O
established VBN X O
subsidiaries NNS X O
in IN X O
Belgium NNP X O
, , X O
Holland NNP X O
, , X O
China NNP X O
, , X O
South NNP X O
Africa NNP X O
and CC X O
Spain NNP X O
. . X O
The DT X O

Department NNP X O
of IN X O
History NNP X O
at IN X O
the DT X O
University NNP X O
of IN X O
Southampton NNP X O
invites VBZ X O
applications NNS X O
for IN X O
a DT X O
Lectureship NNP X O
in IN X O
American NNP X O
History NNP X O
colonial NN X O
America NNP X O
, , X O
United NNP X O
States NNPS X O
, , X O
Experience NN X O

in IN X O
multi NN X B-Skill
cavity NN X I-Skill
injection NN X I-Skill
mould NN X I-Skill
tools NNS X I-Skill
Experience NNP X O
in IN X O
moulding VBG X B-Skill
processes NNS X I-Skill
within IN X I-Skill
a DT X I-Skill
medium NN X I-Skill
to TO X I-Skill
high JJ X I-Skill
volume NN X I-Skill
manufacturing VBG X I-Skill
environment NN X I-Skill
. . X O
This DT X O

is VBZ X O
a DT X O
varied JJ X O
role NN X O
within IN X O
an DT X O
exciting JJ X O
company NN X O
that WDT X O
has VBZ X O
recently RB X O
enjoyed VBN X O
growth NN X O
. . X O
Due JJ X O

to TO X O
ongoing VBG X O
growth NN X O
they PRP X O
are VBP X O
now RB X O
looking VBG X O
to TO X O
recruit VB X O
an DT X O
Electrical JJ X B-Occupation
Project NNP X I-Occupation
Engineer NNP X I-Occupation
with IN X O
solid JJ X O
expertise NN X B-Skill
in IN X I-Skill
Grid NNP X I-Skill
Connection NNP X I-Skill
, , X O
and CC X O
a DT X O
broad JJ X O
spectrum NN X O
of IN X O
expertise NN X O
in IN X O
LV NNP X B-Skill
and CC X O
HV NNP X B-Skill
Infrastructure NNP X I-Skill
Engineering NNP X I-Skill
. . X O
Edgar NNP X O

Cowen NNP X O
provides VBZ X O
services NNS X O
as IN X O
an DT X O
agency NN X O
and CC X O
an DT X O
employment NN X O
business NN X O
. . X O
General NNP X O

cleaning VBG X O
duties NNS X O
including VBG X O
vacuuming NN X B-Skill
, , X O
dusting NN X B-Skill
, , X O
toilet NN X B-Skill
cleaning NN X I-Skill
etc NN X O
. . X O
Support NN X B-Skill

with IN X I-Skill
post NN X I-Skill
contract NN X I-Skill
procurement JJ X I-Skill
activities NNS X I-Skill
as IN X O
url JJ X O
removed VBD X O
petencies NNS X O
: : X O
Team NNP X B-Skill
management NN X I-Skill
capabilities NNS X I-Skill
Good NNP X O
negotiation NN X B-Skill
skills NNS X I-Skill
Detailed VBD X O
knowledge NN X B-Skill
of IN X I-Skill
post NN X I-Skill
contract NN X I-Skill
management NN X I-Skill
together RB X I-Skill
with IN X I-Skill
procurement NN X I-Skill
and CC X I-Skill
relevant JJ X I-Skill
legislations NNS X I-Skill
As IN X O

the DT X O
Management NNP X B-Occupation
Accountant NNP X I-Occupation
you PRP X O
will MD X O
have VB X O
the DT X O
ability NN X O
to TO X O
progress VB X O
your PRP$ X O
career NN X O
within IN X O
a DT X O
rapidly RB X O
growing VBG X O
organisation NN X O
and CC X O
take VB X O
on IN X O
workload NN X O
and CC X O
further JJ X O
develop VB X O
your PRP$ X O
skills NNS X O
within IN X O
finance NN X B-Domain
. . X O
A DT X O

diverse JJ X O
experience NN X B-Skill
and CC X I-Skill
general JJ X I-Skill
understanding NN X I-Skill
of IN X O
how WRB X O
Marketing NNP X B-Domain
and CC X O
Product NNP X B-Domain
Management NNP X I-Domain
and CC X O
Commercial NNP X B-Domain
teams NNS X O
work VBP X O
and CC X O
operate VBP X O
within IN X O
the DT X O
business NN X O
and CC X O
the DT X O
external JJ X O
market NN X O
Requirements NNS X O
gathering VBG X B-Skill
and CC X I-Skill
Business NNP X I-Skill
Process NNP X I-Skill
Critical NNP X B-Skill

Care NNP X I-Skill
at IN X O
the DT X O
Western JJ X O
General NNP X O
Hospital NNP X O
are VBP X O
looking VBG X O
for IN X O
enthusiastic JJ X B-Skill
staff NN X O
to TO X O
join VB X O
our PRP$ X O
busy JJ X O
and CC X O
dynamic JJ X B-Skill
department NN X O
. . X O
Extensive JJ X O

Project NNP X B-Skill
Management NNP X I-Skill
experience NN X O
using VBG X O
Agile NNP X B-Skill
methodologies NNS X I-Skill
Understanding NNP X O
of IN X O
Project NNP X B-Skill
Management NNP X I-Skill
methodologies NNS X I-Skill
Ability NN X O

to TO X O
apply VB X O
in IN X O
depth JJ X O
knowledge NN X O
of IN X O
C NNP X B-Skill
/ NNP X I-Skill
C NNP X I-Skill
++ NNP X I-Skill
to TO X O
application NN X B-Skill
development NN X I-Skill
. . X O
You PRP X O

should MD X O
also RB X O
have VB X O
good JJ X O
PC NN X B-Skill
skills NNS X I-Skill
, , X O
an DT X O
organised JJ X B-Skill
, , X O
methodical JJ X B-Skill
approach NN X I-Skill
and CC X O
be VB X O
comfortable JJ X O
with IN X O
working VBG X B-Skill
in IN X I-Skill
a DT X I-Skill
targetdriven JJ X I-Skill
environment NN X I-Skill
. . X O
We PRP X O

are VBP X O
seeking VBG X O
a DT X O
strong JJ X B-Skill
Manager NNP X B-Occupation
who WP X O
isn VBP X O
' '' X O
t NN X O
afraid NN X O
of IN X O
a DT X O
challenge NN X O
whom WP X O
is VBZ X O
able JJ X O
to TO X O
provide VB X B-Skill
a DT X I-Skill
real JJ X I-Skill
presence NN X I-Skill
within IN X O
the DT X O
service NN X O
prioritising VBG X B-Skill
their PRP$ X I-Skill
time NN X I-Skill
accordingly RB X O
with IN X O
staff NN X O
management NN X O
, , X O
occupancy NN X O
and CC X O
quality NN X O
care NN X O
. . X O
This DT X O

will MD X O
include VB X O
but CC X O
will MD X O
not RB X O
be VB X O
limited VBN X O
to TO X O
the DT X O
main JJ X O
responsibilities NNS X O
given VBN X O
below IN X O
. . X O
**** JJ X O

k NN X O
in IN X O
your PRP$ X O
first JJ X O
year NN X O
and CC X O
progression NN X O
to TO X O
senior JJ X B-Occupation
consultant NN X I-Occupation
/ NNP X O
management NN X B-Domain
roles NNS X O
. . X O
Only RB X O

relevant JJ X O
convictions NNS X O
and CC X O
other JJ X O
information NN X O
will MD X O
be VB X O
taken VBN X O
into IN X O
account NN X O
, , X O
so IN X O
disclosure NN X O
will MD X O
not RB X O
necessarily RB X O
be VB X O
a DT X O
bar NN X O
to TO X O
attaining VBG X O
this DT X O
position NN X O
. . X O
. . X O
The DT X O

ideal JJ X O
candidate NN X O
will MD X O
be VB X O
a DT X O
Registered NNP X B-Qualification
General NNP X I-Qualification
Nurse NNP X I-Qualification
RGN NNP X I-Qualification
with IN X O
experience NN X O
caring VBG X B-Skill
for IN X I-Skill
older JJR X I-Skill
people NNS X I-Skill
with IN X I-Skill
residential JJ X I-Skill
and CC X I-Skill
general JJ X I-Skill
nursing NN X I-Skill
needs NNS X I-Skill
within IN X O
a DT X O
nursing NN X B-Domain
home NN X I-Domain
environment NN X I-Domain
. . X O
Please NNP X O

be VB X O
aware JJ X O
that IN X O
candidates NNS X O
may MD X O
be VB X O
required VBN X O
to TO X O
undertake VB X O
testing VBG X O
as IN X O
part NN X O
of IN X O
the DT X O
selection NN X O
process NN X O
. . X O
This DT X O

position NN X O
is VBZ X O
entirely RB X O
account JJ X B-Skill
management NN X I-Skill
; : X O
attending VBG X O
to TO X O
existing VBG X O
accounts NNS X O
of IN X O
the DT X O
company NN X O
. . X O
To TO X O

agree VB X B-Skill
to TO X I-Skill
prompt VB X I-Skill
response NN X I-Skill
to TO X I-Skill
be VB X I-Skill
given VBN X I-Skill
to TO X I-Skill
the DT X I-Skill
service NN X I-Skill
needs NNS X I-Skill
of IN X I-Skill
, , X I-Skill
and CC X I-Skill
feelings NNS X I-Skill
expressed VBN X I-Skill
by IN X I-Skill
customers NNS X I-Skill
. . X O
you PRP X O

will MD X O
: : X O
Coordinate VB X B-Skill
the DT X I-Skill
execution NN X I-Skill
and CC X I-Skill
delivery NN X I-Skill
of IN X I-Skill
project NN X I-Skill
activities NNS X I-Skill
. . X O
To TO X O

operate VB X B-Skill
and CC X I-Skill
monitor VB X I-Skill
College NNP X I-Skill
Health NNP X I-Skill
and CC X I-Skill
Safety NNP X I-Skill
Policy NNP X I-Skill
, , X O
in IN X O
order NN X O
to TO X O
ensure VB X O
a DT X O
safe JJ X O
and CC X O
healthy JJ X O
learning NN X O
and CC X O
working VBG X O
environment NN X O
. . X O
Send VB X O

your PRP$ X O
up IN X O
to TO X O
date NN X O
CV NNP X O
to TO X O
tfcorecruitment VB X O
. . X O
com NN X O
or CC X O
call VB X O
Tanya NNP X O
on IN X O
The DT X O

Ideal NNP X O
Person NNP X O
: : X O
You PRP X O
will MD X O
be VB X O
required VBN X O
to TO X O
have VB X O
: : X O
Strong NNP X B-Skill
knowledge NN X I-Skill
of IN X I-Skill
Test NNP X I-Skill
Automation NNP X I-Skill
ideally RB X I-Skill
using VBG X I-Skill
C NNP X I-Skill
Thorough NNP X I-Skill
understanding NN X I-Skill
of IN X I-Skill
testing VBG X I-Skill
best JJS X I-Skill
practice NN X I-Skill
Experienced NNP X B-Experience
in IN X I-Experience
a DT X I-Experience
Microsoft NNP X I-Experience
Windows NNP X I-Experience
environment NN X I-Experience
This DT X O

restaurant NN X O
assistant NN X B-Occupation
manager NN X I-Occupation
position NN X O
offers VBZ X O
a DT X O
salary NN X O
paying VBG X O
up RP X O
to TO X O
To TO X O

be VB X O
suitable JJ X O
for IN X O
this DT X O
role NN X O
you PRP X O
will MD X O
have VB X O
at IN X O
least JJS X O
a DT X O
To TO X O

assist VB X B-Skill
with IN X O
the DT X O
provision NN X O
of IN X O
statistical JJ X O
information NN X O
for IN X O
management NN X O
control NN X O
purposes VBZ X O
covering VBG X O
a DT X O
wide JJ X O
range NN X O
of IN X O
areas NNS X O
, , X O
including VBG X O
but CC X O
not RB X O
limited JJ X O
to TO X O
customer NN X O
services NNS X O
initiatives NNS X O
, , X O
reports NNS X O
and CC X O
statistical JJ X O
information NN X O
for IN X O
the DT X O
Divisional NNP X B-Occupation
Management NNP X I-Occupation
Team NNP X O
Identify NNP X B-Skill
from IN X O
reports NNS X O
and CC X O
analyses VBZ X O
any DT X O
discrepancies NNS X O
and CC X O
take VB X O
corrective JJ X O
action NN X O
prior RB X O
to TO X O
issuance NN X O
of IN X O
information NN X O
The DT X O

client NN X O
prides VBZ X O
themselves PRP X O
on IN X O
being VBG X O
the DT X O
best JJS X O
and CC X O
have VBP X O
a DT X O
patient JJ X O
satisfaction NN X O
service NN X O
at IN X O
99 CD X O
%. NN X O
These DT X O

projects NNS X O
will MD X O
involve VB X O
working VBG X B-Skill
with IN X I-Skill
print NN X I-Skill
and CC X O
creative JJ X B-Skill
, , X O
but CC X O
will MD X O
also RB X O
feature VB X O
digital JJ X B-Skill
work NN X I-Skill
, , X O
so IN X O
understanding JJ X B-Skill
and CC X I-Skill
experience NN X I-Skill
of IN X I-Skill
digital JJ X I-Skill
projects NNS X I-Skill
is VBZ X O
needed VBN X O
. . X O
Package VB X O

One CD X O
of IN X O
the DT X O
UK NNP X O
s NN X O
leading VBG X O
insurers NNS X O
are VBP X O
looking VBG X O
to TO X O
add VB X O
an DT X O
experienced JJ X B-Skill
Commercial JJ X B-Occupation
Insurance NN X I-Occupation
Sales NNS X I-Occupation
professional VBP X I-Occupation
to TO X O
their PRP$ X O
Manchester NNP X O
office NN X O
with IN X O
the DT X O
aim NN X O
of IN X O
developing VBG X B-Skill
relationships NNS X I-Skill
with IN X I-Skill
a DT X I-Skill
network NN X I-Skill
of IN X I-Skill
regional JJ X I-Skill
insurance NN X I-Skill
brokers NNS X I-Skill
targeting VBG X I-Skill
SME NNP X I-Skill
and CC X I-Skill
mid JJ X I-Skill
market NN X I-Skill
business NN X I-Skill
. . X O
Develop NNP X B-Skill

and CC X I-Skill
maintain VB X I-Skill
relationships NNS X I-Skill
with IN X I-Skill
key JJ X I-Skill
stakeholders NNS X I-Skill
across IN X O
the DT X O
business NN X O
Minimum NNP X O
requirements NNS X O
A DT X O

vacancy NN X O
has VBZ X O
arisen VBN X O
for IN X O
a DT X O
Theatre NNP X B-Occupation
Porter NNP X I-Occupation
to TO X O
work VB X O
with IN X O
the DT X O
theatre NN X O
team NN X O
providing VBG X O
a DT X O
service NN X O
to TO X O
include VB X O
delivery NN X B-Skill
and CC X O
collection NN X B-Skill
of IN X I-Skill
patients NNS X I-Skill
and CC X O
any DT X O
other JJ X O
items NNS X O
as IN X O
requested VBN X O
to TO X O
the DT X O
operating NN X O
theatres NNS X O
. . X O
You PRP X O

will MD X O
build VB X B-Skill
, , X I-Skill
develop VB X I-Skill
and CC X I-Skill
maintain VB X I-Skill
key JJ X I-Skill
stakeholders NNS X I-Skill
and CC X I-Skill
supplier JJR X I-Skill
relationships NNS X I-Skill
within IN X O
each DT X O
division NN X O
. . X O
, , X O

You PRP X O
Might NNP X O
Also RB X O
Have VBP X O
: : X O
Experience NN X O
of IN X O
CMS NNP X B-Domain
platforms NNS X I-Domain
, , X I-Domain
particularly RB X O
AspDotNetStorefront NNP X B-Domain
or CC X O
Kentico NNP X B-Domain
Experience NNP X O
with IN X O
Social NNP X B-Domain
Media NNP X I-Domain
network NN X I-Domain
APIs NNP X I-Domain
such JJ X O
as IN X O
Facebook NNP X O
, , X O
LinkedIn NNP X O
and CC X O
Twitter NNP X O
Mobile NNP X B-Skill
application NN X I-Skill
development NN X I-Skill
Apply VB X O

for IN X O
this DT X O
role NN X O
today NN X O
by IN X O
sending VBG X O
me PRP X O
your PRP$ X O
CV NNP X O
via IN X O
this DT X O
website NN X O
Suitable JJ X O

candidates NNS X O
will MD X O
be VB X O
educated VBN X B-Skill
to TO X I-Skill
at IN X I-Skill
least JJS X I-Skill
ONC NNP X I-Skill
level NN X I-Skill
, , X O
be VB X O
experienced VBN X O
in IN X O
building VBG X B-Skill
test NN X I-Skill
equipment NN X I-Skill
soldering NN X I-Skill
, , X O
wire NN X B-Skill
looming NN X I-Skill
, , X O
rack NN X B-Skill
wiring NN X I-Skill
, , X O
drilling NN X B-Skill
and CC X O
engraving NN X B-Skill
and CC X O
designing VBG X B-Skill
PCB NNP X I-Skill
layouts NNS X I-Skill
. . X O
Strong JJ X O

analytical JJ X B-Skill
and CC X I-Skill
numerical JJ X I-Skill
skills NNS X I-Skill
are VBP X O
a DT X O
prerequisite JJ X O
Excellent JJ X O
communication NN X B-Skill
skills NNS X O
with IN X O
a DT X O
creative JJ X B-Skill
approach NN X I-Skill
to TO X I-Skill
solutions NNS X I-Skill
and CC X O
ideas NNS X O
High NNP X O
level NN X O
of IN X O
commercial JJ X B-Skill
understanding NN X I-Skill
We PRP X O

thank VBP X O
you PRP X O
for IN X O
your PRP$ X O
interest NN X O
in IN X O
this DT X O
vacancy NN X O
. . X O
Ensure NN X B-Skill

all DT X I-Skill
work NN X I-Skill
is VBZ X I-Skill
carried VBN X I-Skill
out IN X I-Skill
observing VBG X I-Skill
safe JJ X I-Skill
working VBG X I-Skill
practices NNS X I-Skill
of IN X I-Skill
self NN X I-Skill
and CC X I-Skill
others NNS X I-Skill
. . X O
My PRP$ X O

client NN X O
has VBZ X O
a DT X O
history NN X O
of IN X O
promoting VBG X O
from IN X O
within IN X O
and CC X O
so RB X O
the DT X O
opportunity NN X O
for IN X O
progression NN X O
is VBZ X O
there RB X O
for IN X O
those DT X O
that WDT X O
seek VBP X O
it PRP X O
. . X O
We PRP X O

are VBP X O
committed VBN X O
to TO X O
meeting VBG X O
all DT X O
potentially RB X O
suitable JJ X O
candidates NNS X O
face VBP X O
to TO X O
face NN X O
. . X O
Make NNP X B-Skill

appointments NNS X I-Skill
, , X O
arrange JJ X B-Skill
meetings NNS X I-Skill
and CC X O
to TO X O
maintain VB X B-Skill
an DT X I-Skill
up RB X I-Skill
to TO X I-Skill
date NN X I-Skill
online NN X I-Skill
calendar NN X I-Skill
for IN X O
his PRP$ X O
/ NN X O
her PRP$ X O
Supervisor NNP X O
. . X O
An DT X O

award NN X O
winning VBG X O
house NN X B-Domain
building VBG X I-Domain
company NN X O
based VBN X O
in IN X O
Devon NNP X O
are VBP X O
looking VBG X O
to TO X O
procure VB X O
a DT X O
Quantity NNP X B-Occupation
Surveyor NNP X I-Occupation
to TO X O
join VB X O
their PRP$ X O
reputable JJ X O
business NN X O
. . X O
require NN X O

dedicated VBN X B-Skill
, , X O
professional JJ X B-Skill
people NNS X O
in IN X O
the DT X O
Aldershot NNP X O
area NN X O
who WP X O
have VBP X O
a DT X O
passion NN X O
for IN X O
care NN X B-Skill
work NN X I-Skill
and CC X O
are VBP X O
happy JJ X O
to TO X O
complete VB X O
full JJ X O
mandatory NN X O
and CC X O
work NN X O
based VBN X O
training NN X O
to TO X O
become VB X O
a DT X O
Domiciliary NNP X B-Occupation
Care NNP X I-Occupation
Worker NNP X I-Occupation
. . X O
Future JJ X O

Engineering NNP X O
Recruitment NNP X O
Ltd NNP X O
can MD X O
only RB X O
accept VB X O
applications NNS X O
from IN X O
candidates NNS X O
who WP X O
have VBP X O
a DT X O
valid JJ X O
legal JJ X O
permit NN X O
or CC X O
right NN X O
to TO X O
work VB X O
in IN X O
the DT X O
United NNP X O
Kingdom NNP X O
. . X O
We PRP X O

pride VBP X O
ourselves PRP X O
on IN X O
our PRP$ X O
ethical JJ X B-Skill
sales NNS X I-Skill
approach NN X I-Skill
and CC X O
our PRP$ X O
commitment NN X B-Skill
to TO X O
customer NN X B-Domain
satisfaction NN X I-Domain
. . X O
Applicants NNS X O

of IN X O
all DT X O
ages NNS X O
are VBP X O
encouraged VBN X O
and CC X O
appointment NN X O
will MD X O
be VB X O
made VBN X O
on IN X O
merit NN X O
alone RB X O
. . X O
Work NN X B-Skill

in IN X I-Skill
a DT X I-Skill
fastpaced JJ X I-Skill
environment NN X I-Skill
, , X I-Skill
exercising VBG X I-Skill
Agile NNP X I-Skill
methodologies NNS X I-Skill
and CC X I-Skill
lean JJ X I-Skill
practises NNS X I-Skill
. . X O
If IN X O

you PRP X O
are VBP X O
interested JJ X O
in IN X O
applying VBG X O
for IN X O
this DT X O
position NN X O
please NN X O
click NN X O
apply NN X O
today NN X O
. . X O
Your PRP$ X O

key JJ X O
role NN X O
is VBZ X O
to TO X O
maintain VB X B-Skill
, , X I-Skill
design NN X I-Skill
and CC X I-Skill
develop VB X I-Skill
EDI NNP X I-Skill
interfaces NNS X I-Skill
with IN X I-Skill
our PRP$ X I-Skill
internal JJ X I-Skill
and CC X I-Skill
external JJ X I-Skill
partners NNS X I-Skill
. . X O
Leading VBG X O

Food NNP X O
retailer NN X O
is VBZ X O
now RB X O
looking VBG X O
for IN X O
Several NNP X O
General NNP X B-Occupation
Manages NNP X I-Occupation
in IN X O
Bristol NNP X O
, , X O
North NNP X O
West NNP X O
and CC X O
Kent NNP X O
areas NNS X O
. . X O
Role NN X O

: : X O
Lead JJ X B-Occupation
Mechanical NNP X I-Occupation
Engineer NNP X I-Occupation
experience NN X O
at IN X O
this DT X O
level NN X O
required VBN X O
. . X O
The DT X O

Role NNP X O
Reporting NNP X B-Skill
to TO X I-Skill
the DT X I-Skill
Faculty NNP X I-Skill
Financial NNP X I-Skill
Controller NNP X I-Skill
, , X O
you PRP X O
will MD X O
be VB X O
responsible JJ X B-Skill
for IN X I-Skill
providing VBG X I-Skill
management NN X I-Skill
information NN X I-Skill
to TO X O
support VB X B-Skill
both DT X I-Skill
operational JJ X I-Skill
and CC X I-Skill
strategic JJ X I-Skill
business NN X I-Skill
decisions NNS X I-Skill
. . X O
Certes NNS X O

Computing VBG X O
and CC X O
all DT X O
of IN X O
its PRP$ X O
subsidiary NN X O
companies NNS X O
is VBZ X O
committed JJ X O
to TO X O
promoting VBG X O
equality NN X O
and CC X O
diversity NN X O
in IN X O
its PRP$ X O
business NN X O
operations NNS X O
The DT X O

role NN X O
will MD X O
report VB X O
to TO X O
the DT X O
Project NN X B-Occupation
Chief NNP X I-Occupation
Engineer NNP X I-Occupation
; : X O
responsibilities NNS X O
will MD X O
include VB X O
, , X O
but CC X O
will MD X O
not RB X O
be VB X O
limited VBN X O
to TO X O
: : X O
Working NNP X O
as IN X O
Electrical NNP X B-Occupation
Engineering NNP X I-Occupation
Lead NNP X I-Occupation
for IN X O
the DT X O
programme NN X O
with IN X O
daytoday JJ X O
Leadership NNP X B-Skill
responsibilities NNS X O
for IN X O
design NN X B-Skill
, , X O
for IN X O
the DT X O
deployment NN X B-Skill
and CC X I-Skill
tasking NN X I-Skill
of IN X I-Skill
the DT X I-Skill
design NN X I-Skill
team NN X I-Skill
for IN X I-Skill
all DT X I-Skill
associated JJ X I-Skill
electrical JJ X I-Skill
and CC X I-Skill
electronic JJ X I-Skill
systems NNS X I-Skill
and CC X I-Skill
their PRP$ X I-Skill
interface NN X I-Skill
with IN X I-Skill
other JJ X I-Skill
systems NNS X I-Skill
Mentoring VBG X I-Skill
and CC X I-Skill
progressing VBG X I-Skill
the DT X I-Skill
careers NNS X I-Skill
of IN X O
junior JJ X O
reporting VBG X O
staff NN X O
by IN X O
being VBG X O
active JJ X O
in IN X O
the DT X O
functional JJ X O
management NN X O
of IN X O
their PRP$ X O
reporting NN X O
teams NNS X O
Working VBG X O
within IN X O
the DT X O
PDP NNP X O
which WDT X O
provide VBP X O
the DT X O
guidance NN X O
, , X O
instructions NNS X O
and CC X O
controls NNS X O
needed VBN X O
to TO X O
deliver VB X O
a DT X O
high JJ X O
end NN X O
product NN X O
The DT X O

successful JJ X O
applicant NN X O
will MD X O
: : X O
Have VB X B-Qualification
a DT X I-Qualification
taught NN X I-Qualification
masters NNS X I-Qualification
degree VBP X I-Qualification
, , X I-Qualification
involving VBG X I-Qualification
a DT X I-Qualification
dissertation NN X I-Qualification
of IN X I-Qualification
standard JJ X I-Qualification
length NN X I-Qualification
written VBN X I-Qualification
in IN X I-Qualification
English NNP X I-Qualification
. . X O
Core NNP X O

responsibilities NNS X O
of IN X O
the DT X O
Front NNP X B-Occupation
End NNP X I-Occupation
Web NNP X I-Occupation
Developer NNP X I-Occupation
: : X O
Implement NNP X O
front JJ X B-Skill
end NN X I-Skill
development NN X I-Skill
projects NNS X O
using VBG X O
HTML NNP X B-Skill
, , X O
CSS NNP X B-Skill
and CC X O
JavaScript NNP X B-Skill
Work NNP X O
closely RB X O
with IN X O
This DT X O

is VBZ X O
in IN X O
order NN X O
to TO X O
maintain VB X B-Skill
control NN X I-Skill
over IN X I-Skill
the DT X I-Skill
financial JJ X I-Skill
performance NN X I-Skill
of IN X O
the DT X O
organisation NN X O
and CC X O
report NN X O
as IN X O
necessary JJ X O
to TO X O
senior JJ X B-Domain
management NN X I-Domain
, , X O
Directors NNS X B-Occupation
and CC X O
a DT X O

realpharma NN X O
. . X O
comTo VB X O
find VB X O
out RP X O
more RBR X O
about IN X O
Real JJ X O
please NN X O
visit NN X O
www NN X O
. . X O
realstaffing VBG X O
. . X O
com NN X O
You PRP X O

will MD X O
work VB X B-Skill
to TO X I-Skill
short VB X I-Skill
, , X I-Skill
medium NN X I-Skill
and CC X I-Skill
long JJ X I-Skill
term NN X I-Skill
targets NNS X I-Skill
on IN X O
the DT X O
portfolio NN X B-Skill
working VBG X O
diligently RB X O
and CC X O
effectively RB X O
with IN X O
editorial NN X B-Occupation
, , X O
marketing NN X B-Occupation
and CC X O
sales NNS X B-Occupation
colleagues NNS X I-Occupation
to TO X O
hit VB X O
deadlines NNS X O
, , X O
quality NN X B-Skill
targets NNS X O
and CC X O
brand NN X B-Skill
development NN X I-Skill
targets NNS X O
. . X O
, , X O

demo JJ X B-Skill
sessions NNS X I-Skill
Accurately RB X O
recording VBG X B-Skill
and CC X I-Skill
documenting VBG X I-Skill
interactions NNS X I-Skill
with IN X I-Skill
customers NNS X I-Skill
, , X O
project NN X B-Skill
notes NNS X I-Skill
, , X O
support NN X B-Skill
issues NNS X I-Skill
, , X O
etc FW X O
The DT X O
ideal NN X O
candidate NN X O
for IN X O
the DT X O
Tableau NNP X B-Occupation
Consultant NNP X I-Occupation
role NN X O
will MD X O
have VB X O
the DT X O
following JJ X O
skills NNS X O
/ JJ X O
experience NN X O
: : X O
Analytical JJ X B-Skill
skills NNS X O
We PRP X O

are VBP X O
looking VBG X O
for IN X O
someone NN X O
to TO X O
be VB X O
responsible JJ X O
for IN X O
the DT X O
strategic JJ X B-Skill
development NN X I-Skill
of IN X I-Skill
commercial JJ X I-Skill
products NNS X I-Skill
across IN X O
the DT X O
organisation NN X O
looking VBG X O
particularly RB X O
at IN X O
Digital NNP X B-Skill
and CC X I-Skill
Mobile NNP X I-Skill
products NNS X I-Skill
. . X O
You PRP X O

ll VBP X O
be VB X O
promoting VBG X O
fantastic JJ X O
levels NNS X O
of IN X O
customer NN X B-Domain
service NN X I-Domain
, , X O
driving VBG X B-Skill
efficient JJ X I-Skill
store NN X I-Skill
replenishment NN X I-Skill
procedures NNS X I-Skill
, , X O
and CC X O
continuously RB X B-Skill
developing VBG X I-Skill
the DT X I-Skill
team NN X I-Skill
through IN X O
your PRP$ X O
fantastic JJ X B-Skill
coaching NN X I-Skill
and CC X O
mentoring NN X B-Skill
skills NNS X I-Skill
. . X O
Your PRP$ X O

work NN X O
will MD X O
be VB X O
mainly RB X O
based VBN X O
at IN X O
your PRP$ X O
UK JJ X O
base NN X O
but CC X O
with IN X O
some DT X O
travel NN X O
upon IN X O
delivery NN X B-Skill
of IN X I-Skill
the DT X I-Skill
project NN X I-Skill
equipment NN X I-Skill
. . X O
Working VBG X O

predominantly RB X O
with IN X O
Trusts NNS X B-Domain
and CC X O
Foundations NNP X B-Domain
the DT X O
role NN X O
also RB X O
offers VBZ X O
the DT X O
opportunity NN X O
to TO X O
work VB X B-Skill
with IN X I-Skill
individual JJ X I-Skill
fundraising NN X I-Skill
supporters NNS X I-Skill
and CC X I-Skill
groups NNS X I-Skill
. . X O
You PRP X O

will MD X O
be VB X O
responsible JJ X O
for IN X O
all DT X O
aspects NNS X O
of IN X O
people NNS X B-Skill
, , X I-Skill
business NN X I-Skill
and CC X I-Skill
operational JJ X I-Skill
management NN X I-Skill
. . X O
If IN X O

this DT X O
Senior NNP X B-Occupation
SQL NNP X I-Occupation
Developer NNP X I-Occupation
role NN X O
sounds VBZ X O
like IN X O
the DT X O
opportunity NN X O
for IN X O
you PRP X O
then RB X O
please VB X O
click VB X O
the DT X O
APPLY NNP X O
button NN X O
below IN X O
or CC X O
call VB X O
me PRP X O
immediately RB X O
to TO X O
discuss VB X O
on IN X O
The DT X O

successful JJ X O
candidate NN X O
will MD X O
be VB X O
responsible JJ X O
for IN X O
designing VBG X B-Skill
quality NN X I-Skill
flyers NNS X I-Skill
, , X I-Skill
brochures NNS X I-Skill
, , X I-Skill
patient JJ X I-Skill
information NN X I-Skill
, , X I-Skill
posters NNS X I-Skill
and CC X O
creating VBG X B-Skill
websites NNS X I-Skill
, , X I-Skill
illustrations NNS X I-Skill
and CC X I-Skill
branding VBG X I-Skill
materials NNS X I-Skill
. . X O
Excellent JJ X O

Benefits NNP X O
, , X O
Watford NNP X O
Market NNP X O
leading VBG X O
Gaming VBG X O
/ JJ X O
Online NNP X O
Gaming NNP X O
Company NNP X O
? . X O
You PRP X O

would MD X O
be VB X O
working VBG X O
on IN X O
high JJ X O
end NN X O
developments NNS X O
selling VBG X B-Skill
luxurious JJ X I-Skill
properties NNS X I-Skill
. . X O
This DT X O

role NN X O
involves VBZ X O
responsibility NN X O
for IN X O
the DT X O
delivery NN X B-Skill
of IN X I-Skill
care NN X I-Skill
within IN X I-Skill
our PRP$ X I-Skill
Elderly JJ X I-Skill
Frail NNP X I-Skill
community NN X I-Skill
. . X O
Take VB X O

an DT X O
active JJ X O
role NN X O
in IN X O
the DT X O
development NN X O
of IN X O
yourself NNS X O
and CC X O
others NNS X O
We PRP X O

pay VBP X O
7 CD X O
. . X O
40 CD X O
weekdays NNS X O
& CC X O
8 CD X O
. . X O
50 CD X O
weekends NNS X O
as RB X O
well RB X O
as IN X O
millage NN X O
and CC X O
holiday JJ X O
pay NN X O
. . X O
You PRP X O

will MD X O
have VB X O
stayed VBN X O
within IN X O
your PRP$ X O
last JJ X O
position NN X O
for IN X O
at IN X B-Experience
least JJS X I-Experience
the DT X I-Experience
last JJ X I-Experience
12 CD X I-Experience
months NNS X I-Experience
A DT X O

full JJ X O
driving NN X B-Qualification
licence NN X I-Qualification
and CC X O
the DT X O
use NN X B-Skill
of IN X I-Skill
a DT X I-Skill
car NN X I-Skill
are VBP X O
essential JJ X O
. . X O
You PRP X O

will MD X O
need VB X O
solid JJ X O
knowledge NN X O
of IN X O
: : X O
SEO NNP X B-Skill
Search NNP X I-Skill
Engine NNP X I-Skill
Optimisation NNP X I-Skill
experience NN X O
. . X O
CMA NNP X O

are VBP X O
recruiting VBG X O
for IN X O
a DT X O
prestigious JJ X O
client NN X O
in IN X O
Basingstoke NNP X O
with IN X O
easy JJ X O
access NN X O
to TO X O
the DT X O
train NN X O
station NN X O
. . X O
Hudson NNP X O

is VBZ X O
a DT X O
leading VBG X O
provider NN X O
of IN X O
permanent JJ X B-Domain
recruitment NN X I-Domain
, , X B-Occupation
contract NN X I-Occupation
professionals NNS X I-Occupation
and CC X O
talent JJ X B-Domain
management NN X I-Domain
solutions NNS X O
worldwide VBP X O
. . X O
Celsian JJ X O

Education NN X O
has VBZ X O
been VBN X O
placing VBG X O
teachers NNS X B-Occupation
and CC X O
teaching VBG X B-Occupation
assistants NNS X I-Occupation
into IN X O
jobs NNS X O
in IN X O
schools NNS X O
since IN X O
Adecco NNP X O

operate NN X O
as IN X O
an DT X O
Equal JJ X O
Opportunities NNP X O
Employer NNP X O
and CC X O
as IN X O
a DT X O
Recruitment NNP X O
Agency NNP X O
. . X O
/ VB X O

A DT X O
Please NNP X O
note NN X O
, , X O
due JJ X O
to TO X O
the DT X O
high JJ X O
volume NN X O
of IN X O
responses NNS X O
you PRP X O
will MD X O
only RB X O
be VB X O
contacted VBN X O
if IN X O
your PRP$ X O
application NN X O
is VBZ X O
successful JJ X O
and CC X O
you PRP X O
MUST VBP X O
come VBN X O
from IN X O
the DT X O
background NN X O
specified VBD X O
on IN X O
the DT X O
advert NN X O
to TO X O
apply VB X O
. . X O
Working VBG X B-Skill

with IN X I-Skill
the DT X I-Skill
fleet NN X I-Skill
teams NNS X I-Skill
to TO X I-Skill
ensure VB X I-Skill
that IN X I-Skill
the DT X I-Skill
most RBS X I-Skill
cost JJ X I-Skill
effective JJ X I-Skill
resources NNS X I-Skill
available JJ X I-Skill
are VBP X I-Skill
utilized VBN X I-Skill
The DT X O
Person NNP X O
: : X O
Two CD X B-Experience
years NNS X I-Experience
customer NN X I-Experience
services NNS X I-Experience
experience NN X I-Experience
in IN X O
a DT X O
vehicle NN X B-Skill
based VBN X I-Skill
environment NN X I-Skill
. . X O
This DT X O

is VBZ X O
an DT X O
excellent JJ X O
time NN X O
to TO X O
join VB X O
our PRP$ X O
company NN X O
as IN X O
we PRP X O
are VBP X O
going VBG X O
through IN X O
an DT X O
exciting JJ X O
period NN X O
of IN X O
growth NN X O
. . X O
Comfortable JJ X O

leading VBG X B-Skill
presentations NNS X I-Skill
and CC X I-Skill
briefings NNS X I-Skill
to TO X I-Skill
senior JJ X I-Skill
customers NNS X I-Skill
and CC X I-Skill
at IN X I-Skill
public JJ X I-Skill
events NNS X I-Skill
e NN X O
. . X O
g NN X O
. . X O
conferences NNS X O
Willing VBG X B-Skill
to TO X I-Skill
travel VB X I-Skill
to TO X I-Skill
client NN X I-Skill
meetings NNS X I-Skill
and CC X I-Skill
international JJ X I-Skill
events NNS X I-Skill
as IN X O
required VBN X O
Desirable NNP X O
Skills NNP X O
Relationship NNP X B-Skill
/ NNP X I-Skill
Stakeholder NNP X I-Skill
management NN X I-Skill
and CC X I-Skill
influencing VBG X I-Skill
skills NNS X I-Skill
Ability NNP X O
to TO X O
align VB X B-Skill
group NN X I-Skill
strategy NN X I-Skill
with IN X I-Skill
company NN X I-Skill
business NN X I-Skill
objectives NNS X I-Skill
Ability NNP X O
to TO X O
make VB X B-Skill
balanced JJ X I-Skill
judgments NNS X I-Skill
based VBN X I-Skill
upon IN X I-Skill
company NN X I-Skill
, , X I-Skill
customer NN X I-Skill
and CC X I-Skill
industry NN X I-Skill
drivers NNS X I-Skill
Relevant JJ X O
experience NN X B-Skill
of IN X I-Skill
working VBG X I-Skill
on IN X I-Skill
projects NNS X I-Skill
or CC X I-Skill
programmes NNS X I-Skill
adhering VBG X I-Skill
to TO X I-Skill
methodologies NNS X I-Skill
such JJ X O
as IN X O
To TO X O

aid NN X B-Skill
in IN X I-Skill
the DT X I-Skill
production NN X I-Skill
of IN X I-Skill
key JJ X I-Skill
business NN X I-Skill
reports NNS X I-Skill
both DT X I-Skill
internally RB X I-Skill
and CC X I-Skill
externally RB X I-Skill
. . X O
A DT X O

market NN X O
leader NN X O
within IN X O
the DT X O
hosting VBG X O
/ NNP X O
data NNS X B-Domain
centre NN X O
industry NN X O
are VBP X O
seeking VBG X O
a DT X O
Technical JJ X B-Occupation
Consultant NNP X I-Occupation
/ NNP X O
Senior NNP X B-Occupation
Engineer NNP X I-Occupation
. . X O
Develop NNP X B-Skill

local JJ X I-Skill
partnerships NNS X I-Skill
to TO X I-Skill
support VB X I-Skill
young JJ X I-Skill
people NNS X I-Skill
to TO X I-Skill
learn VB X I-Skill
about IN X I-Skill
their PRP$ X I-Skill
communities NNS X I-Skill
, , X O
participate VB X B-Skill
in IN X I-Skill
volunteering VBG X I-Skill
activity NN X I-Skill
and CC X I-Skill
develop VB X I-Skill
youth NN X I-Skill
led VBN X I-Skill
service NN X I-Skill
projects NNS X I-Skill
with IN X O
real JJ X O
local JJ X O
benefit NN X O
4 CD X O
. . X O
You PRP X O

must MD X O
be VB X O
experienced VBN X B-Skill
in IN X O
the DT X O
preparation NN X B-Skill
of IN X I-Skill
accounts NNS X I-Skill
, , X O
bank NN X B-Skill
recs NN X I-Skill
, , X O
VAT NNP X B-Skill
returns NNS X I-Skill
and CC X O
Excel NNP X B-Skill
spreadsheets NNS X I-Skill
. . X O
The DT X O

successful JJ X O
applicant NN X O
will MD X O
have VB X O
the DT X O
following JJ X O
essential JJ X O
skills NNS X O
: : X O
The DT X O

primary JJ X O
role NN X O
of IN X O
the DT X O
Business NNP X B-Occupation
Analyst NNP X I-Occupation
is VBZ X O
to TO X O
work VB X B-Skill
with IN X I-Skill
the DT X I-Skill
project NN X I-Skill
stakeholders VBZ X I-Skill
to TO X O
assess VB X B-Skill
current JJ X I-Skill
and CC X I-Skill
future JJ X I-Skill
processes NNS X I-Skill
, , X O
with IN X O
a DT X O
view NN X O
to TO X O
capturing VBG X B-Skill
detailed JJ X I-Skill
requirements NNS X I-Skill
. . X O
48 CD X O

hour NN X O
week NN X O
/ IN X O
Working VBG X O
under IN X O
a DT X O
well RB X B-Skill
known VBN X I-Skill
award NN X I-Skill
winning VBG X I-Skill
Head NNP X B-Occupation
Chef NNP X I-Occupation
/ NNP X O
Meals NNP X O
on IN X O
duty NN X O
/ NNP X O
Discount NNP X O
card NN X O
/ NNP X O
Excellent NNP X O
brigade NN X O
of IN X O
Chefs NNP X O
in IN X O
place NN X O
. . X O
Where WRB X O

a DT X O
claim NN X O
is VBZ X O
deemed VBN X O
invalid JJ X O
, , X O
informing VBG X B-Skill
the DT X I-Skill
claimant NN X I-Skill
in IN X I-Skill
a DT X I-Skill
fair JJ X I-Skill
and CC X I-Skill
reasonable JJ X I-Skill
manner NN X I-Skill
. . X O
They PRP X O

are VBP X O
a DT X O
distributor NN X B-Occupation
and CC X O
stockist NN X B-Occupation
of IN X O
Timber NNP X B-Domain
Products NNPS X I-Domain
and CC X O
have VB X O
a DT X O
strong JJ X O
reputation NN X O
for IN X O
quality NN X B-Skill
, , X O
service NN X B-Skill
and CC X O
delivery NN X B-Skill
and CC X I-Skill
ensuring VBG X I-Skill
customer NN X I-Skill
satisfaction NN X I-Skill
at IN X O
all DT X O
times NNS X O
. . X O
: : X O

For IN X O
an DT X O
information NN X O
discussion NN X O
in IN X O
confidence NN X O
or CC X O
to TO X O
find VB X O
out RP X O
more JJR X O
, , X O
please VB X O
telephone NN X O
Duncan NNP X O
Clark NNP X O
on IN X O
Apply NNP X O
online NN X O
Manage NN X B-Skill

changes NNS X I-Skill
and CC X I-Skill
improvements NNS X I-Skill
to TO X O
the DT X O
processes NNS X O
in IN X O
coordination NN X O
across IN X O
the DT X O
business NN X O
Future JJ X O

employees NNS X O
need VBP X O
dedication NN X O
to TO X O
give VB X B-Skill
some DT X I-Skill
80 CD X I-Skill
million CD X I-Skill
customers NNS X I-Skill
a DT X I-Skill
memorable JJ X I-Skill
service NN X I-Skill
; : X O
be VB X O
able JJ X O
to TO X O
think VB X B-Skill
on IN X I-Skill
your PRP$ X I-Skill
feet NNS X I-Skill
, , X I-Skill
go VBP X O
the DT X O
extra JJ X O
mile NN X O
, , X O
desire NN X B-Skill
and CC X O
deliver VB X B-Skill
autonomy NN X I-Skill
, , X O
forward RB X B-Skill
thinking VBG X I-Skill
, , X O
fast JJ X B-Skill
pace NN X I-Skill
, , X O
inspirational JJ X O
leadership NN X B-Skill
, , X O
maximising VBG X B-Skill
all DT X I-Skill
business NN X I-Skill
opportunities NNS X I-Skill
, , X I-Skill
introducing VBG X I-Skill
new JJ X I-Skill
innovative JJ X I-Skill
ideas NNS X I-Skill
and CC X O
the DT X O
essential JJ X O
ingredient NN X O
needed VBN X O
is VBZ X O
passion NN X O
Their PRP$ X O

software NN X O
is VBZ X O
constantly RB X O
being VBG X O
developed VBN X O
and CC X O
covers NNS X O
extensive JJ X O
areas NNS X O
of IN X O
their PRP$ X O
specialist NN X O
market NN X O
including VBG X O
asset NN X B-Skill
management NN X I-Skill
, , X O
valuations NNS X B-Skill
, , X O
accounting NN X B-Skill
, , X O
document JJ X B-Skill
management NN X I-Skill
, , X O
acquisitions NNS X B-Skill
, , X O
energy NN X B-Skill
consumption NN X I-Skill
, , X O
investments NNS X B-Skill
, , X O
planning NN X B-Skill
, , X O
GIS NNP X B-Skill
and CC X O
PDA NNP X B-Skill
s NN X I-Skill
. . X O
as RB X O

long RB X O
as IN X O
you PRP X O
have VBP X O
a DT X O
passion NN X O
for IN X O
working VBG X O
with IN X O
people NNS X O
with IN X O
Learning NNP X O
Disabilities NNPS X O
, , X O
and CC X O
the DT X O
core NN X O
values NNS X O
, , X O
ethics NNS X O
and CC X O
personal JJ X O
attributes NNS X O
that IN X O
enable JJ X O
you PRP X O
to TO X O
provide VB X B-Skill
outstanding JJ X I-Skill
care NN X I-Skill
and CC X I-Skill
support NN X I-Skill
with IN X O
compassion NN X B-Skill
, , X I-Skill
patience NN X I-Skill
and CC X O
a DT X O
personcentred JJ X B-Skill
approach NN X I-Skill
. . X O
/ JJ X O

ASPDOTNETSTOREFRONT NNP X O
Are NNP X O
you PRP X O
an DT X O
experienced JJ X B-Experience
C NNP X B-Occupation
. . X I-Occupation
NET NNP X I-Occupation
web VBD X I-Occupation
developer NN X I-Occupation
with IN X O
a DT X O
cando JJ X O
attitude NN X O
, , X O
looking VBG X O
to TO X O
join VB X O
the DT X O
digital JJ X O
revolution NN X O
? . X O
In IN X O

this DT X O
role NN X O
you PRP X O
will MD X O
be VB X O
responsible JJ X O
for IN X O
general JJ X B-Skill
administration NN X I-Skill
duties NNS X O
, , X O
you PRP X O
must MD X O
be VB X O
confident JJ X B-Skill
with IN X I-Skill
Excel NNP X I-Skill
. . X O
Ideally RB X O

be VB X O
working VBG X O
as IN X O
a DT X O
Assistant NNP X B-Occupation
Hotel NNP X I-Occupation
Manager NNP X I-Occupation
, , X O
Deputy NNP X B-Occupation
Hotel NNP X I-Occupation
Manager NNP X I-Occupation
, , X O
Deputy NNP X B-Occupation
Manager NNP X I-Occupation
, , X O
Site NNP X B-Occupation
Manager NNP X I-Occupation
, , X O
Retail NNP X B-Occupation
Manager NNP X I-Occupation
, , X O
Hotel NNP X B-Occupation
Duty NNP X I-Occupation
Manager NNP X I-Occupation
, , X O
Hotel NNP X B-Occupation
Shift NNP X I-Occupation
Manager NNP X I-Occupation
, , X O
Hotel NNP X B-Occupation
Manager NNP X I-Occupation
General NNP X I-Occupation
Manager NNP X I-Occupation
or CC X O
have VBP X O
relevant JJ X O
management NN X B-Domain
experience NN X O
within IN X O
Retail NNP X B-Domain
or CC X O
Hospitality NNP X B-Domain
for IN X O
a DT X O
leading JJ X O
brand NN X O
. . X O
Requirements NNS X O

You PRP X O
must MD X O
have VB X O
had VBN X O
at IN X B-Experience
least JJS X I-Experience
2 CD X I-Experience
years NNS X I-Experience
recent JJ X O
B2B NNP X O
cold VBD X O
calling VBG X O
experience NN X O
. . X O
Air NNP X B-Domain

Traffic NNP X I-Domain
/ NNP X O
Navigational NNP X B-Domain
Aids NNP X I-Domain
projects NNS X O
airport VBP X O
side NN X O
this DT X O
would MD X O
also RB X O
be VB X O
of IN X O
interest NN X O
. . X O
The DT X O

candidate NN X O
will MD X O
join VB X O
a DT X O
growing NN X O
, , X O
dynamic JJ X O
inhouse NN X O
creative JJ X O
team NN X O
and CC X O
will MD X O
work VB X O
across IN X O
both DT X O
Interactive NNP X B-Domain
TV NN X I-Domain
and CC X O
web JJ X B-Domain
projects NNS X O
. . X O
Responsible JJ X B-Skill

for IN X I-Skill
the DT X I-Skill
installation NN X I-Skill
, , X I-Skill
deinstallation NN X I-Skill
, , X I-Skill
on IN X I-Skill
site NN X I-Skill
repair NN X I-Skill
or CC X I-Skill
whole JJ X I-Skill
unit NN X I-Skill
exchange NN X I-Skill
of IN X I-Skill
customer NN X I-Skill
owned VBN X I-Skill
products NNS X I-Skill
; : X O
testing VBG X B-Skill
the DT X I-Skill
hardware NN X I-Skill
and CC X I-Skill
software NN X I-Skill
to TO X I-Skill
specific JJ X I-Skill
client NN X I-Skill
requirements NNS X I-Skill
. . X O
My PRP$ X O

client NN X O
is VBZ X O
a DT X O
highly RB X O
regarded JJ X O
company NN X O
, , X O
which WDT X O
provides VBZ X O
complete JJ X O
solutions NNS X O
to TO X O
global JJ X O
customer NN X O
base NN X O
within IN X O
the DT X O
Oil NNP X O
subsea NN X O
products NNS X O
, , X O
Hydraulic NNP X O
and CC X O
Mechanical NNP X O
mechanisms NNS X O
or CC X O
equipment NN X O
. . X O
Previous JJ X O

sales NNS X O
work NN X O
within IN X O
the DT X O
waste NN X B-Domain
industry NN X I-Domain
would MD X O
be VB X O
a DT X O
big JJ X O
advantage NN X O
however RB X O
, , X O
a DT X O
good JJ X O
strong JJ X O
proven NN X O
background NN X O
in IN X O
a DT X O
similar JJ X O
industry NN X O
would MD X O
be VB X O
considered VBN X O
. . X O
Strong JJ X O

written VBN X B-Skill
and CC X I-Skill
oral JJ X I-Skill
communication NN X I-Skill
skills NNS X I-Skill
, , X O
and CC X O
the DT X O
ability NN X O
to TO X O
work VB X B-Skill
effectively RB X I-Skill
with IN X I-Skill
internal JJ X I-Skill
stakeholders NNS X I-Skill
and CC X O
to TO X O
represent VB X B-Skill
Ofgem NNP X I-Skill
and CC X O
influence NN X B-Skill
key JJ X I-Skill
external JJ X I-Skill
stakeholders NNS X I-Skill
, , X I-Skill
including VBG X I-Skill
industry NN X I-Skill
, , X I-Skill
government NN X I-Skill
and CC X I-Skill
academics NNS X I-Skill
. . X O
They PRP X O

have VBP X O
received VBN X O
industry NN X O
recognised VBD X O
awards NNS X O
for IN X O
customer NN X O
service NN X O
and CC X O
satisfaction NN X O
and CC X O
need VBP X O
someone NN X O
for IN X O
who WP X O
this DT X O
will MD X O
be VB X O
equally RB X O
important JJ X O
, , X O
to TO X O
maintain VB X O
this DT X O
reputation NN X O
. . X O
Proactively RB X O

approach NN X O
assessing VBG X B-Skill
trends NNS X I-Skill
, , X O
risks NNS X B-Skill
and CC X O
areas NNS X B-Skill
of IN X I-Skill
opportunities NNS X I-Skill
within IN X O
the DT X O
core NN X B-Skill
business NN X I-Skill
activities NNS X I-Skill
. . X O
The DT X O

purpose NN X O
of IN X O
the DT X O
job NN X O
will MD X O
be VB X O
to TO X O
provide VB X O
expert JJ X B-Skill
financial JJ X I-Skill
guidance NN X I-Skill
to TO X I-Skill
allocated VBN X I-Skill
business NN X I-Skill
areas NNS X I-Skill
and CC X I-Skill
perform VB X I-Skill
relevant JJ X I-Skill
and CC X I-Skill
timely JJ X I-Skill
analysis NN X I-Skill
of IN X I-Skill
financial JJ X I-Skill
data NNS X I-Skill
aiding VBG X I-Skill
business NN X I-Skill
decision NN X I-Skill
making NN X I-Skill
. . X O
**** NN X O

employees NNS X O
across IN X O
the DT X O
UK NNP X O
and CC X O
continue VB X O
to TO X O
offer VB X O
their PRP$ X O
customers NNS X O
an DT X O
award NN X O
winning VBG X O
service NN X O
year NN X O
on IN X O
year NN X O
. . X O
The DT X O

role NN X O
is VBZ X O
ideal JJ X O
for IN X O
someone NN X O
with IN X O
previous JJ X O
experience NN X O
as IN X O
a DT X O
section NN X B-Occupation
editor NN X I-Occupation
or CC X O
deputy NN X B-Occupation
editor NN X I-Occupation
looking VBG X O
for IN X O
the DT X O
next JJ X O
step NN X O
. . X O
****/ NN X O

BPM NNP X B-Skill
, , X O
NetWeaver NNP X B-Skill
, , X I-Skill
PI NNP X I-Skill
, , X O
Sybase NNP X B-Skill
Unwired NNP X I-Skill
Platform NNP X I-Skill
, , X O
Gateway NNP X B-Skill
, , X O
Duet NNP X B-Skill
, , X O
Enterprise NNP X B-Skill
Services NNPS X I-Skill
, , X I-Skill
SAP NNP X I-Skill
Portal NNP X I-Skill
, , X O
WebDynpro NNP X B-Skill
, , X O
ABAP NNP X B-Skill
, , X I-Skill
VC NNP X I-Skill
. . X O
My PRP$ X O

client NN X O
is VBZ X O
also RB X O
looking VBG X O
for IN X O
people NNS X O
who WP X O
they PRP X O
can MD X O
progress VB X O
to TO X O
Associate NNP X B-Occupation
level NN X O
and CC X O
beyond IN X O
and CC X O
will MD X O
be VB X O
given VBN X O
the DT X O
opportunity NN X O
to TO X O
drive VB X O
the DT X O
business NN X O
forward RB X O
from IN X O
a DT X O
business NN X B-Domain
and CC X O
client NN X B-Domain
development NN X I-Domain
perspective NN X O
. . X O
sales NNS X B-Domain

, , X O
field NN X B-Domain
sales NNS X I-Domain
/ VBP X I-Domain
marketing NN X I-Domain
or CC X O
facetoface NN X B-Domain
sales NNS X I-Domain
, , X O
experience NN X O
would MD X O
be VB X O
beneficial JJ X O
but CC X O
not RB X O
essential JJ X O
However RB X O

experience NN X O
in IN X O
a DT X O
similar JJ X O
role NN X O
is VBZ X O
essential JJ X O
to TO X O
allow VB X O
you PRP X O
to TO X O
confidently VB X O
step NN X O
into IN X O
the DT X O
role NN X O
with IN X O
minimal JJ X O
training NN X O
. . X O
The DT X O

current JJ X O
SQL NNP X B-Occupation
Project NN X I-Occupation
Managers NNS X I-Occupation
have VBP X O
worked VBN X O
their PRP$ X O
way NN X O
up IN X O
into IN X O
the DT X O
Project NNP X B-Domain
Management NNP X I-Domain
roles NNS X O
from IN X O
the DT X O
SQL NNP X B-Skill
Server NNP X I-Skill
Development NNP X O
team NN X O
, , X O
and CC X O
therefore RB X O
all DT X O
new JJ X O
and CC X O
existing VBG X O
Project NN X B-Occupation
Managers NNS X I-Occupation
are VBP X O
required VBN X O
to TO X O
have VB X O
some DT X O
technical JJ X O
competency NN X O
in IN X O
SQL NNP X B-Skill
Server NNP X I-Skill
2005 CD X I-Skill
, , X O
SQL NNP X B-Skill
Server NNP X I-Skill
2008 CD X I-Skill
, , X O
TSQL NNP X B-Skill
, , X O
stored VBD X B-Skill
procedures NNS X I-Skill
, , X O
triggers NNS X B-Skill
, , X O
and CC X O
ideally RB X O
knowledge NN X O
of IN X O
SSIS NNP X B-Skill
. . X O
THE DT X O

CANDIDATE NN X O
: : X O
The DT X O
successful JJ X O
individual NN X O
will MD X O
have VB X O
a DT X O
minimum NN X O
of IN X O
4 CD X B-Experience
years NNS X I-Experience
PQE NNP X O
and CC X O
will MD X O
have VB X O
gained VBN X O
experience NN X O
in IN X O
the DT X O
full JJ X O
range NN X O
of IN X O
property NN X B-Skill
matters NNS X I-Skill
. . X O
Other JJ X O

qualifications NNS X O
may MD X O
be VB X O
accepted VBN X O
at IN X O
the DT X O
discretion NN X O
of IN X O
Engineering NNP X B-Skill
Management NNP X I-Skill
. . X O
e NN X O

. . X O
g NN X O
. . X O
TFS NNP X B-Skill
or CC X I-Skill
Sub NNP X I-Skill
Version NNP X I-Skill
Desired NNP X I-Skill
Experience NNP X I-Skill
Familiarity NNP X I-Skill
with IN X I-Skill
a DT X I-Skill
. . X I-Skill
NETbased VBN X I-Skill
CMS NNP X I-Skill
and CC X O
/ NNP X O
or CC X O
Ecommerce NNP X B-Skill
platforms NNS X I-Skill
experience NN X I-Skill
This DT X O

position NN X O
is VBZ X O
responsible JJ X B-Skill
for IN X I-Skill
all DT X I-Skill
aspects NNS X I-Skill
of IN X I-Skill
review NN X I-Skill
, , X O
supervision NN X B-Skill
and CC X I-Skill
preparation NN X I-Skill
of IN X I-Skill
estimates NNS X I-Skill
for IN X I-Skill
Engineering NNP X I-Skill
, , X O
PMT NNP X B-Skill
, , X I-Skill
Marine NNP X I-Skill
and CC X I-Skill
Fabrication NNP X I-Skill
works NNS X I-Skill
for IN X I-Skill
upstream JJ X I-Skill
projects NNS X I-Skill
. . X O
Age NNP X O

UK NNP X O
has VBZ X O
a DT X O
vision NN X O
of IN X O
a DT X O
world NN X O
in IN X O
which WDT X O
older JJR X O
people NNS X O
flourish VBP X O
. . X O
Good JJ X O

levels NNS X O
of IN X O
IT NNP X B-Skill
literacy NN X I-Skill
experience NN X I-Skill
in IN X O
using VBG X O
MS NNP X B-Skill
office NN X I-Skill
**** NN X O

with IN X O
an DT X O
excellent JJ X O
commission NN X O
structure NN X O
and CC X O
bonuses NNS X O
, , X O
putting VBG X O
the DT X O
on IN X O
target NN X O
earnings NNS X O
in IN X O
the DT X O
region NN X O
of IN X O
To TO X O

be VB X O
able JJ X O
to TO X O
apply VB X O
for IN X O
this DT X O
position NN X O
you PRP X O
must MD X O
be VB X O
able JJ X O
to TO X O
demonstrate VB X O
a DT X O
history NN X O
of IN X O
10 CD X B-Experience
years NNS X I-Experience
within IN X O
the DT X O
Demolition NNP X B-Domain
sector NN X I-Domain
, , X I-Domain
along IN X O
with IN X O
managing VBG X B-Skill
projects NNS X I-Skill
with IN X I-Skill
values NNS X I-Skill
over IN X I-Skill
1 CD X I-Skill
million CD X I-Skill
on IN X I-Skill
regular JJ X I-Skill
occasions NNS X I-Skill
. . X O
Experience NN X O

of IN X O
user NN X B-Skill
centred VBN X I-Skill
design NN X I-Skill
Full NNP X O
knowledge NN X O
of IN X O
email JJ X B-Skill
marketing NN X I-Skill
best JJS X I-Skill
practice NN X I-Skill
and CC X O
HTML NNP X B-Skill
guidelines NNS X I-Skill
The DT X O

Person NNP X O
You PRP X O
should MD X O
have VB X O
a DT X O
solid JJ X O
background NN X O
working VBG X O
as IN X O
a DT X O
Commercial JJ X B-Occupation
Account NNP X I-Occupation
Handler NNP X I-Occupation
/ NNP X O
Broker NNP X B-Occupation
and CC X O
have VBP X B-Skill
dealt VBN X I-Skill
with IN X I-Skill
a DT X I-Skill
good JJ X I-Skill
range NN X I-Skill
of IN X I-Skill
risks NNS X I-Skill
and CC X I-Skill
trades NNS X I-Skill
. . X O
Excellent JJ X O

knowledge NN X B-Skill
and CC X I-Skill
understanding NN X I-Skill
of IN X I-Skill
the DT X I-Skill
EYFS NNP X I-Skill
Excellent NNP X O
organisational JJ X B-Skill
skills NNS X I-Skill
with IN X O
the DT X O
ability NN X B-Skill
to TO X I-Skill
work VB X I-Skill
to TO X I-Skill
targets NNS X I-Skill
and CC X I-Skill
deadlines NNS X I-Skill
Knowledge NNP X I-Skill
of IN X I-Skill
health NN X I-Skill
and CC X I-Skill
safety NN X I-Skill
legislation NN X I-Skill
Knowledge NNP X I-Skill
of IN X I-Skill
OFSTED NNP X I-Skill
standards NNS X I-Skill
Strong NNP X O
people NNS X B-Skill
management NN X I-Skill
skills NNS X I-Skill
with IN X O
the DT X O
ability NN X B-Skill
to TO X I-Skill
lead VB X I-Skill
and CC X I-Skill
motivate VB X I-Skill
a DT X I-Skill
staff NN X I-Skill
team NN X I-Skill
Excellent NNP X O
rates NNS X O
of IN X O
pay NN X O
, , X O
bonuses NNS X O
and CC X O
benefits NNS X O
with IN X O
ongoing JJ X O
support NN X O
and CC X O
career NN X O
development NN X O
. . X O
As IN X O

an DT X O
optometrist NN X B-Occupation
you PRP X O
will MD X O
be VB X O
responsible JJ X O
for IN X O
thorough JJ X B-Skill
eye NN X I-Skill
examinations NNS X I-Skill
, , X O
contact NN X B-Skill
lens JJ X I-Skill
assessments NNS X I-Skill
and CC X O
aftercares NNS X B-Skill
and CC X O
assisting VBG X B-Skill
colleagues NNS X I-Skill
where WRB X O
necessary JJ X O
to TO X O
ensure VB X O
the DT X O
practice NN X O
operates VBZ X O
smoothly RB X O
. . X O
Great NNP X O

opportunities NNS X O
to TO X O
progress VB X O
within IN X O
our PRP$ X O
award NN X O
winning VBG X O
company NN X O
If IN X O

you PRP X O
or CC X O
some DT X O
you PRP X O
know VBP X O
are VBP X O
just RB X O
the DT X O
person NN X O
for IN X O
the DT X O
job NN X O
, , X O
then RB X O
we PRP X O
` `` X O
d RB X O
love VB X O
to TO X O
hear VB X O
from IN X O
you PRP X O
. . X O
**** JJ X O

hours NNS X O
/ VBP X O
week NN X O
days NNS X O
3 CD X O
shifts JJ X O
Supervision NNP X B-Skill
and CC X I-Skill
management NN X I-Skill
of IN X O
all DT X O
care JJ X O
staff NN X O
on IN X O
your PRP$ X O
shift NN X O
Respond NNP X B-Skill
to TO X I-Skill
incidents NNS X I-Skill
in IN X O
a DT X O
professional JJ X O
and CC X O
appropriate JJ X O
manor NN X O
Assess NNP X B-Skill
clients NNS X I-Skill
care NN X I-Skill
needs NNS X I-Skill
, , X O
and CC X O
provide VB X O
direct JJ X B-Skill
nursing NN X I-Skill
care NN X I-Skill
when WRB X O
required VBN X O
Maintain NNP X B-Skill
accurate NN X I-Skill
, , X I-Skill
individualised VBN X I-Skill
care NN X I-Skill
plans NNS X I-Skill
for IN X O
each DT X O
client NN X O
Establish NNP X B-Skill
and CC X I-Skill
maintain VB X I-Skill
good JJ X I-Skill
communication NN X I-Skill
with IN X O
clients NNS X O
, , X O
relatives NNS X O
and CC X O
colleagues NNS X O
The DT X O

Company NN X O
: : X O
Respected JJ X B-Skill
market NN X B-Domain
leader NN X O
within IN X O
the DT X O
Kitchen NNP X B-Domain
Bedrooms NNP X I-Domain
Bathrooms NNP X I-Domain
sector NN X I-Domain
offering NN X O
unique JJ X O
solutions NNS X O
at IN X O
the DT X O
forefront NN X O
of IN X O
luxury NN X B-Domain
designs NNS X I-Domain
. . X O
You PRP X O

will MD X O
have VB X O
a DT X O
strong JJ X O
technical JJ X B-Skill
ability NN X I-Skill
, , X O
including VBG X O
familiarity NN X O
with IN X O
CAD NNP X B-Skill
for IN X O
schematic JJ X B-Skill
capture NN X I-Skill
and CC X O
layout NN X B-Skill
, , X O
and CC X O
can MD X O
demonstrate VB X O
global JJ X B-Skill
hardware NN X I-Skill
and CC X I-Skill
system NN X I-Skill
skills NNS X I-Skill
, , X I-Skill
including VBG X O
Embedded NNP X B-Skill
C NNP X I-Skill
/ NNP X O
C NNP X B-Skill
++. NN X O
Its PRP$ X O

alumni NNS X O
number NN X O
luminaries NNS X O
such JJ X O
as IN X O
Sir NNP X O
Chris NNP X O
Hoy NNP X O
, , X O
King NNP X O
James NNP X O
II NNP X O
of IN X O
Scotland NNP X O
and CC X O
John NNP X O
Napier NNP X O
. . X O
Reporting VBG X O

directly RB X O
to TO X O
the DT X O
Operations NNP X B-Occupation
Manager NNP X I-Occupation
the DT X O
successful JJ X O
candidate NN X O
must MD X O
be VB X O
able JJ X O
to TO X O
demonstrate VB X O
previous JJ X O
supervisory JJ X B-Domain
experience NN X O
in IN X O
assembly NN X B-Skill
processes NNS X I-Skill
, , X O
be VB X O
customer NN X B-Skill
focused VBN X I-Skill
and CC X O
also RB X O
possess VB X O
a DT X O
dynamic JJ X B-Skill
and CC X O
proactive JJ X B-Skill
approach NN X I-Skill
If IN X O

you PRP X O
are VBP X O
interested JJ X O
and CC X O
want VBP X O
more JJR X O
information NN X O
please NN X O
contact NN X O
Brookes NNP X O
Recruitment NNP X B-Domain
on IN X O
Apply NNP X O
online MD X O
only RB X O
The DT X O

job NN X O
requires VBZ X O
the DT X O
minimum JJ X O
attainment NN X O
of IN X O
the DT X O
RYA NNP X B-Qualification
Powerboat NNP X I-Qualification
Level NNP X I-Qualification
2 CD X I-Qualification
qualification NN X I-Qualification
and CC X O
VHF NNP X B-Qualification
Radio NNP X I-Qualification
Operators NNP X I-Qualification
Licence NNP X I-Qualification
. . X O
My PRP$ X O

client NN X O
is VBZ X O
one CD X O
of IN X O
the DT X O
leading VBG X O
companies NNS X O
in IN X O
this DT X O
provision NN X O
of IN X O
patient NN X O
orientated VBN X O
care NN X O
and CC X O
they PRP X O
are VBP X O
looking VBG X O
for IN X O
outstanding JJ X O
clinicians NNS X B-Occupation
to TO X O
join VB X O
their PRP$ X O
ever RB X O
expanding VBG X O
organisation NN X O
Your PRP$ X O
role NN X O
will MD X O
include VB X O
: : X O
These DT X O

are VBP X O
live JJ X O
positions NNS X O
and CC X O
if IN X O
you PRP X O
feel VBP X O
that IN X O
you PRP X O
have VBP X O
the DT X O
right JJ X O
experience NN X B-Skill
then RB X O
please VB X O
contact VB X O
us PRP X O
ASAP NNP X O
or CC X O
if IN X O
you PRP X O
feel VBP X O
that IN X O
you PRP X O
have VBP X O
the DT X O
right JJ X O
attitude NN X B-Skill
and CC X O
approach NN X B-Skill
to TO X O
your PRP$ X O
work NN X O
then RB X O
please VB X O
also RB X O
apply VB X O
This DT X O
job NN X O
was VBD X O
originally RB X O
posted VBN X O
as IN X O
www NN X O
. . X O
totaljobs NN X O
. . X O
com NN X O
/ IN X O
JobSeeking VBG X O
/ JJ X O
CommercialGasEngineer_job NNP X O
Ensure NN X B-Skill

the DT X I-Skill
project NN X I-Skill
management NN X I-Skill
and CC X I-Skill
site NN X I-Skill
supervision NN X I-Skill
are VBP X I-Skill
carried VBN X I-Skill
out RP X I-Skill
efficiently RB X I-Skill
in IN X O
terms NNS X O
of IN X O
use NN X O
of IN X O
all DT X O
resources NNS X O
and CC X O
effectively RB X O
in IN X O
terms NNS X O
of IN X O
meeting NN X O
customer NN X O
requirements NNS X O
. . X O
To TO X O

talk VB X O
to TO X O
us PRP X O
in IN X O
confidence NN X O
about IN X O
this DT X O
opportunity NN X O
and CC X O
any DT X O
other JJ X O
suitable JJ X O
positions NNS X O
please VBP X O
contact VB X O
a DT X O
member NN X O
of IN X O
the DT X O
Optometry NNP X O
division NN X O
on IN X O
Maintain NNP X B-Skill

OHS NNP X I-Skill
Notice NNP X I-Skill
Board NNP X I-Skill
and CC X I-Skill
keep VB X I-Skill
employees NNS X I-Skill
informed VBN X I-Skill
of IN X I-Skill
any DT X I-Skill
relevant JJ X I-Skill
changes NNS X I-Skill
Ideal NNP X O
Experience NN X O
: : X O
benefits NNS X O

is VBZ X O
on IN X O
offer NN X O
, , X O
an DT X O
extremely RB X O
lucrative JJ X O
overall JJ X O
package NN X O
. . X O
As IN X O

a DT X O
result NN X O
there EX X O
is VBZ X O
a DT X O
pressing VBG X O
need NN X O
for IN X O
daily JJ X B-Skill
monitoring NN X I-Skill
of IN X I-Skill
VAT NNP X I-Skill
payments NNS X I-Skill
and CC X I-Skill
reclamations NNS X I-Skill
. . X O
If IN X O

you PRP X O
are VBP X O
an DT X O
experienced JJ X B-Skill
Sales NNS X B-Occupation
Manager NNP X I-Occupation
within IN X O
the DT X O
Meetings NNS X B-Skill
, , X I-Skill
travel NN X I-Skill
or CC X I-Skill
hospitality NN X I-Skill
industries NNS X I-Skill
please VBP X O
read VB X O
on IN X O
Sales NNS X B-Occupation
Manager NNP X I-Occupation
responsibilities NNS X O
To TO X O
become VB X O
recognised JJ X O
within IN X O
the DT X O
meetings NNS X O
industry NN X O
and CC X O
to TO X O
articulate VB X B-Skill
about IN X I-Skill
key JJ X I-Skill
industry NN X I-Skill
issues NNS X I-Skill
Meet NNP X I-Skill
revenue NN X I-Skill
targets NNS X I-Skill
per IN X I-Skill
event NN X I-Skill
via IN X I-Skill
sponsorship NN X I-Skill
and CC X I-Skill
stand VB X I-Skill
sales NNS X I-Skill
Retain NNP X I-Skill
and CC X I-Skill
grow VB X I-Skill
existing VBG X I-Skill
business NN X I-Skill
through IN X I-Skill
key JJ X I-Skill
account NN X I-Skill
management NN X I-Skill
across IN X I-Skill
the DT X I-Skill
portfolio NN X I-Skill
of IN X I-Skill
meetings NNS X I-Skill
, , X I-Skill
business NN X I-Skill
travel NN X I-Skill
and CC X O
incentive JJ X O
Identification NNP X B-Skill
, , X I-Skill
research NN X I-Skill
and CC X I-Skill
successful JJ X I-Skill
closing NN X I-Skill
of IN X I-Skill
new JJ X I-Skill
business NN X I-Skill
prospects NNS X I-Skill
and CC X I-Skill
opportunities NNS X I-Skill
Develop NNP X I-Skill
and CC X I-Skill
implement JJ X I-Skill
sales NNS X I-Skill
plans NNS X I-Skill
, , X O
reports NNS X B-Skill
and CC X O
forecasts NNS X B-Skill
Sales NNS X B-Occupation
Managers NNS X I-Occupation
background IN X B-Skill
You PRP X O
will MD X O
need VB X O
to TO X O
have VB X O
proven VBN X O
and CC X O
extensive JJ X O
sales NNS X B-Skill
experience NN X I-Skill
developing VBG X I-Skill
and CC X I-Skill
managing VBG X I-Skill
business NN X I-Skill
from IN X I-Skill
major JJ X I-Skill
accounts NNS X I-Skill
, , X O
ideally RB X O
within IN X B-Skill
the DT X I-Skill
meetings NNS X I-Skill
, , X I-Skill
travel NN X I-Skill
or CC X I-Skill
hospitality NN X I-Skill
industries NNS X I-Skill
Discounted VBN X O

travel NN X O
and CC X O
fantastic JJ X O
incentives NNS X O
from IN X O
the DT X O
world NN X O
' POS X O
s JJ X O
top JJ X O
travel NN X O
providers NNS X O
Industry NNP X O
renowned VBD X O
social JJ X O
events NNS X O
and CC X O
excellent JJ X O
company NN X O
culture NN X O
Exceptional NNP X O
career NN X O
progression NN X O
with IN X O
worldwide JJ X O
opportunities NNS X O
Fasttrack NNP X O
leadership NN X O
programme NN X O
to TO X O
develop VB X O
our PRP$ X O
future NN X O
leaders NNS X O
Comprehensive NNP X O
induction NN X O
, , X O
sales NNS X O
, , X O
product NN X O
and CC X O
leadership NN X O
training NN X O
Free NNP X O
and CC X O
confidential JJ X O
financial JJ X O
advice NN X O
from IN X O
our PRP$ X O
inhouse NN X O
financial JJ X O
advisors NNS X O
Free NNP X O
health NN X O
consultations NNS X O
, , X O
discounted VBD X O
fitness JJ X O
sessions NNS X O
and CC X O
gym JJ X O
memberships NNS X O
Discounted VBN X O
physiotherapy NN X O
, , X O
massage NN X O
, , X O
reflexology NN X O
, , X O
taxfree JJ X O
bikes NNS X O
and CC X O
more JJR X O
Opportunity NN X O
to TO X O
take VB X O
a DT X O
three CD X O
month NN X O
sabbatical JJ X O
after IN X O
five CD X O
years NNS X O
These DT X O
benefits NNS X O
not RB X O
only RB X O
make VB X O
us PRP X O
stand VB X O
out RP X O
from IN X O
other JJ X O
travel NN X O
companies NNS X O
, , X O
but CC X O
have VBP X O
also RB X O
placed VBN X O
us PRP X O
in IN X O
' '' X O
The DT X O
Sunday NNP X O
Times NNP X O
Best NNP X O
Understanding NN X B-Skill

of IN X I-Skill
the DT X I-Skill
sales NNS X I-Skill
process NN X I-Skill
learnt VBP X I-Skill
through IN X I-Skill
similar JJ X I-Skill
roles NNS X I-Skill
in IN X I-Skill
sales NNS X I-Skill
teams NNS X I-Skill
. . X O
The DT X O

division NN X O
that IN X O
they PRP X O
are VBP X O
recruiting VBG X O
for IN X O
is VBZ X O
involved VBN X O
in IN X O
the DT X O
design NN X B-Skill
and CC X O
manufacture NN X O
of IN X O
high JJ X O
accuracy NN X O
flow NN X O
and CC X O
pressure NN X O
sensors NNS X O
that WDT X O
are VBP X O
used VBN X O
within IN X O
the DT X O
power NN X B-Domain
generation NN X I-Domain
and CC X O
oil NN X O
gas NN X O
industries NNS X O
. . X O
If IN X O

you PRP X O
feel VBP X O
you PRP X O
have VBP X O
the DT X O
skills NNS X O
, , X O
competencies NNS X B-Skill
and CC X O
experience NN X B-Skill
to TO X O
be VB X O
successful JJ X O
in IN X O
this DT X O
role NN X O
please VB X O
apply VB X O
via IN X O
the DT X O
link NN X O
RECRUITER NNP X O
INFORMATION NN X O
: : X O
Must NNP X O

not RB X O
mind VB X O
a DT X O
shopfloor NN X O
sometimes RB X O
rough JJ X O
out IN X O
doors NNS X O
environment NN X O
. . X O
For IN X O

the DT X O
best JJS X O
FMCG NN X O
jobs NNS X O
across IN X O
Sales NNS X B-Domain
, , X O
Marketing NN X B-Domain
, , X O
Operations NNP X B-Domain
, , X O
Technical NNP X O
Finance NNP X O
and CC X O
NPD NNP X O
go VBP X O
to TO X O
www VB X O
. . X O
drnewitt NN X O
. . X O
com NN X O
or CC X O
call VB X O
us PRP X O
on IN X O
Our PRP$ X O

client NN X O
, , X O
one CD X O
of IN X O
the DT X O
largest JJS X O
financial JJ X O
companies NNS X O
, , X O
is VBZ X O
currently RB X O
recruiting VBG X O
for IN X O
Telephone NNP X B-Occupation
customer NN X I-Occupation
relations NNS X I-Occupation
advisor VBP X I-Occupation
to TO X O
work VB X O
in IN X O
their PRP$ X O
offices NNS X O
based VBN X O
in IN X O
Cheadle NNP X O
, , X O
Manchester NNP X O
. . X O
The DT X O

proportion NN X O
of IN X O
pupils NNS X O
who WP X O
have VBP X O
special JJ X O
educational JJ X O
needs NNS X O
are VBP X O
also RB X O
lower JJR X O
than IN X O
the DT X O
national JJ X O
average NN X O
different JJ X O

Barchester NNP X O
offers VBZ X O
a DT X O
range NN X O
of IN X O
diverse NN X O
services NNS X O
, , X O
from IN X O
nursing NN X B-Domain
and CC X O
care NN X B-Domain
services NNS X I-Domain
for IN X O
older JJR X O
people NNS X O
and CC X O
people NNS X O
living VBG X O
with IN X O
dementia NN X O
, , X O
to TO X O
accommodation NN X B-Domain
, , X O
supported VBD X B-Domain
living NN X I-Domain
and CC X O
community NN X B-Domain
support NN X I-Domain
for IN X O
children NNS X O
and CC X O
adults NNS X O
with IN X O
a DT X O
range NN X O
of IN X O
different JJ X O
disabilities NNS X O
. . X O
They PRP X O

are VBP X O
currently RB X O
looking VBG X O
for IN X O
an DT X O
experienced JJ X B-Skill
Associate NNP X B-Occupation
Trainer NNP X I-Occupation
with IN X O
specific JJ X O
manufacturing VBG X B-Domain
sector NN X I-Domain
experience NN X O
. . X O
Currently RB X O

at IN X O
Planning NNP X B-Occupation
Director NNP X I-Occupation
level NN X O
for IN X O
a DT X O
leading JJ X O
media NNS X B-Domain
/ JJ X I-Domain
digital JJ X I-Domain
or CC X O
creative JJ X B-Domain
agency NN X I-Domain
Please NNP X O

note VBP X O
all DT X O
applications NNS X O
will MD X O
be VB X O
made VBN X O
in IN X O
confidence NN X O
. . X O
As IN X O

a DT X O
fourstar NN X O
local JJ X O
authority NN X O
, , X O
we PRP X O
provide VBP X O
high JJ X O
quality NN X O
public NN X O
services NNS X O
to TO X O
over IN X O
a DT X O
million CD X O
customers NNS X O
. . X O
You PRP X O

will MD X O
be VB X O
a DT X O
pragmatic JJ X B-Skill
, , X O
dynamic JJ X B-Skill
with IN X O
a DT X O
' '' X O
roll NN X O
your PRP$ X O
sleeves NNS X O
up RP X O
' POS X O
approach NN X O
where WRB X O
you PRP X O
can MD X O
really RB X O
make VB X O
things NNS X O
happen VB X O
. . X O
Sales NNS X B-Occupation

Manager NNP X I-Occupation
, , X O
Business NNP X B-Occupation
Development NNP X I-Occupation
Manager NNP X I-Occupation
Big NNP X O
Ticket NNP X O
Automotive NNP X B-Domain
Consultancy NNP X O
, , X O
Training NNP X B-Skill
Services NNPS X O
, , X O
Health NNP X B-Skill
and CC X I-Skill
Safety NNP X I-Skill
. . X O
Essential JJ X O

Skills NNP X O
Experience NNP X O
Applicants NNP X O
must MD X O
demonstrate VB X O
strong JJ X O
experience NN X O
in IN X O
GPU NNP X B-Skill
or CC X O
possibly RB X O
CPU NNP X B-Skill
architecture NN X I-Skill
and CC X O
microarchitecture NN X B-Skill
with IN X O
proven JJ X O
design NN X B-Domain
experience NN X O
and CC X O
detailed JJ X O
knowledge NN X O
in IN X O
more JJR X O
than IN X O
one CD X O
of IN X O
the DT X O
following JJ X O
areas NNS X O
: : X O
This DT X O

position NN X O
will MD X O
assist VB X O
the DT X O
Senior NNP X B-Occupation
Manager NNP X I-Occupation
US NNP X B-Skill
GAAP NNP X I-Skill
Reporting NNP X I-Skill
and CC X I-Skill
Special JJ X I-Skill
Projects NNS X I-Skill
in IN X O
performing VBG X O
the DT X O
US NNP X B-Skill
GAAP NNP X I-Skill
accounting NN X I-Skill
of IN X I-Skill
foreign JJ X I-Skill
taxes NNS X I-Skill
, , X O
supporting VBG X O
the DT X O
US NNP X B-Skill
tax NN X I-Skill
return NN X I-Skill
process NN X I-Skill
, , X O
and CC X O
supporting VBG X O
tax NN X B-Skill
planning NN X I-Skill
projects NNS X I-Skill
and CC X I-Skill
initiatives NNS X I-Skill
with IN X O
respect NN X O
to TO X O
the DT X O
UK NNP X O
, , X O
Continental NNP X O
Europe NNP X O
, , X O
Africa NNP X O
and CC X O
the DT X O
Middle NNP X O
East NNP X O
regions NNS X O
. . X O
Applicants NNS X O

will MD X O
need VB X O
to TO X O
have VB X O
previous JJ X O
work NN X O
history NN X O
in IN X O
the DT X O
UK NNP X O
as IN X O
a DT X O
Dentist NNP X B-Occupation
and CC X O
also RB X O
an DT X O
active JJ X O
PCT NNP X B-Qualification
performer NN X I-Qualification
number NN X I-Qualification
. . X O
Champion NN X B-Skill

and CC X I-Skill
drive NN X I-Skill
unique JJ X I-Skill
sales NNS X I-Skill
and CC X I-Skill
service NN X I-Skill
initiatives NNS X I-Skill
, , X O
continually RB X O
seeking VBG X B-Skill
and CC X I-Skill
seizing VBG X I-Skill
opportunities NNS X I-Skill
to TO X I-Skill
accelerate VB X I-Skill
business NN X I-Skill
growth NN X I-Skill
. . X O
Doctoral JJ X O

project NN X O
: : X O
Management NN X B-Domain
and CC X O
Gender NNP X O
Objective NNP X O
: : X O
To TO X O
explore VB X O
university JJ X O
leadership NN X B-Skill
as IN X O
a DT X O
complex JJ X O
relationship NN X O
between IN X O
personal JJ X O
biographies NNS X O
, , X O
institutional JJ X B-Skill
arrangements NNS X I-Skill
and CC X O
policy NN X B-Skill
developments NNS X I-Skill
, , X O
with IN X O
a DT X O
particular JJ X O
emphasis NN X O
on IN X O
gender NN X O
diversity NN X O
. . X O
In IN X O

return NN X O
for IN X O
your PRP$ X O
commitment NN X O
you PRP X O
will MD X O
benefit VB X O
from IN X O
working VBG X O
for IN X O
a DT X O
leading JJ X O
organisation NN X O
that IN X O
offers VBZ X O
unrivalled JJ X O
opportunities NNS X O
for IN X O
career NN X O
development NN X O
for IN X O
Senior NNP X B-Occupation
Environmental NNP X I-Occupation
Advisors NNP X I-Occupation
. . X O
The DT X O

suitable JJ X O
candidate NN X O
for IN X O
this DT X O
role NN X O
will MD X O
have VB X O
: : X O
Experience NN X O
of IN X O
deeloping VBG X B-Skill
in IN X O
VB NNP X B-Skill
/ NNP X O
VBA NNP X B-Skill
Experience NNP X O
of IN X O
working VBG X O
technically RB X O
with IN X O
Excel NNP X B-Skill
, , X O
eg NN X O
. . X O
Cisco NNP X O

Ability NNP X O
to TO X O
work VB X B-Skill
with IN X I-Skill
a DT X I-Skill
high JJ X I-Skill
level NN X I-Skill
of IN X I-Skill
accuracy NN X I-Skill
and CC X I-Skill
thoroughness NN X I-Skill
Multitasking NNP X I-Skill
and CC X I-Skill
prioritization NN X I-Skill
in IN X O
order NN X O
to TO X O
meet VB X O
deadlines NNS X O
Time NNP X B-Skill
management NN X I-Skill
and CC X O
organization NN X B-Skill
skills NNS X O
Experience NNP X O
of IN X O
working VBG X O
in IN X O
a DT X O
team NN X O
within IN X O
a DT X O
customer NN X O
focused VBD X O
environment NN X O
Suitable JJ X O

candidates NNS X O
can MD X O
expect VB X O
a DT X O
competitive JJ X O
salary NN X O
and CC X O
excellent JJ X O
benefits NNS X O
package NN X O
. . X O
Given VBN X O

further RBR X O
project NN X O
wins VBZ X O
in IN X O
Aberdeen NNP X O
, , X O
Norway NNP X O
and CC X O
Canada NNP X O
they PRP X O
are VBP X O
recruiting VBG X O
a DT X O
Principal NNP X B-Occupation
Naval NNP X I-Occupation
Architect NNP X I-Occupation
to TO X O
their PRP$ X O
Suffolk NNP X O
office NN X O
. . X O
In IN X O

keeping VBG X O
with IN X O
the DT X O
policy NN X O
of IN X O
providing VBG X O
first JJ X B-Skill
class NN X I-Skill
service NN X I-Skill
there EX X O
are VBP X O
also RB X O
on IN X O
going VBG X O
training NN X O
programmes NNS X O
for IN X O
specialist NN X B-Skill
instore NN X I-Skill
services NNS X I-Skill
. . X O
This DT X O

huge JJ X O
brand NN X O
has VBZ X O
been VBN X O
established VBN X O
for IN X O
over IN X O
75 CD X O
years NNS X O
and CC X O
is VBZ X O
a DT X O
household NN X O
brand NN X O
name NN X O
in IN X O
the DT X O
floristry NN X B-Domain
industry NN X I-Domain
. . X O
The DT X O

Role NNP X O
You PRP X O
will MD X O
be VB X O
responsible JJ X O
for IN X O
managing VBG X B-Skill
a DT X O
multimillion NN X O
pound NN X O
business NN X O
. . X O
Ideally RB X O

, , X O
you PRP X O
will MD X O
have VB X O
received VBN X O
good JJ X O
reports NNS X O
from IN X O
your PRP$ X O
placements NNS X O
and CC X O
be VB X O
looking VBG X O
to TO X O
excel VB X O
in IN X O
your PRP$ X O
first JJ X O
teaching JJ X B-Skill
role NN X O
. . X O
You PRP X O

will MD X O
be VB X O
reporting VBG X B-Skill
to TO X I-Skill
the DT X I-Skill
Technical NNP X I-Skill
Director NNP X I-Skill
, , X O
however RB X O
working VBG X B-Skill
without IN X I-Skill
the DT X I-Skill
need NN X I-Skill
to TO X I-Skill
be VB X I-Skill
supervised VBN X I-Skill
is VBZ X O
essential JJ X O
. . X O
The DT X O

Person NNP X O
: : X O
Will MD X O
be VB X O
a DT X O
fully RB X O
trained JJ X B-Skill
Electrician JJ X B-Occupation
with IN X O
Electrical JJ X B-Skill
installation NN X I-Skill
experience NN X O
. . X O
You PRP X O

will MD X O
be VB X O
a DT X O
great JJ X O
sales NNS X B-Domain
person NN X O
tenacious JJ X B-Skill
, , X O
enthusiastic JJ X B-Skill
and CC X O
commercially RB X B-Skill
focused VBN X I-Skill
with IN X O
at IN X B-Experience
least JJS X I-Experience
one CD X I-Experience
year NN X I-Experience
s VBD X O
proven RB X O
businesstobusiness JJ X O
telesales NNS X O
experience NN X O
. . X O
**** JJ X O

Highlight NNP X B-Skill
any DT X I-Skill
spending NN X I-Skill
which WDT X I-Skill
will MD X I-Skill
exceed VB X I-Skill
budgets NNS X I-Skill
and CC X O
recommend VB X B-Skill
actions NNS X I-Skill
to TO X I-Skill
mitigate VB X I-Skill
overspends NNS X I-Skill
Our PRP$ X O

client NN X O
provides VBZ X O
a DT X O
large JJ X O
range NN X O
of IN X O
care NN X B-Skill
and CC X I-Skill
support NN X I-Skill
services NNS X I-Skill
to TO X O
people NNS X O
with IN X O
learning VBG X O
disabilities NNS X O
, , X O
their PRP$ X O
families NNS X O
and CC X O
carers NNS X O
. . X O
Senior JJ X B-Occupation

Java NNP X I-Occupation
Developer NNP X I-Occupation
Leading NNP X O
Londonbased VBD X O
trading VBG X B-Domain
software NN X I-Domain
house NN X O
has VBZ X O
an DT X O
outstanding JJ X O
opportunity NN X O
for IN X O
a DT X O
Senior NNP X B-Occupation
Java NNP X I-Occupation
Developer NNP X I-Occupation
/ NNP X O
Architect NNP X B-Occupation
to TO X O
join VB X O
the DT X O
team NN X O
. . X O
Services NNS X O

advertised VBN X O
by IN X O
Project NNP X O
Resource NNP X O
are VBP X O
that IN X O
of IN X O
an DT X O
agency NN X O
and CC X O
/ NN X O
or CC X O
an DT X O
employment NN X B-Domain
business NN X I-Domain
. . X O
Over IN X O

the DT X O
coming VBG X O
year NN X O
they PRP X O
are VBP X O
looking VBG X O
at IN X O
recruiting VBG X O
another DT X O
This DT X O

is VBZ X O
a DT X O
new JJ X O
and CC X O
exciting JJ X O
position NN X O
where WRB X O
we PRP X O
are VBP X O
looking VBG X O
for IN X O
exceptional JJ X O
customer NN X B-Skill
focused VBD X I-Skill
individuals NNS X O
. . X O
Ensuring VBG X B-Skill

all DT X I-Skill
administration NN X I-Skill
for IN X I-Skill
the DT X I-Skill
department NN X I-Skill
is VBZ X I-Skill
carried VBN X I-Skill
out IN X I-Skill
accurately RB X O
and CC X O
efficiently RB X O
, , X O
in IN X O
line NN X O
with IN X O
statutory NN X O
and CC X O
company NN X O
requirements NNS X O
where WRB X O
appropriate NN X O
. . X O
The DT X O

position NN X O
requires VBZ X O
a DT X O
team NN X B-Occupation
player NN X I-Occupation
with IN X O
good JJ X O
communication NN X B-Skill
skills NNS X O
, , X O
liaising VBG X B-Skill
with IN X I-Skill
customers NNS X I-Skill
and CC X I-Skill
suppliers NNS X I-Skill
. . X O
www NN X O

. . X O
bmsit NN X O
. . X O
com NN X O
BMS NNP X O
has VBZ X O
been VBN X O
established VBN X O
for IN X O
twenty NN X O
years NNS X O
, , X O
specialising VBG X O
in IN X O
providing VBG X B-Skill
solutions NNS X I-Skill
sales NNS X I-Skill
and CC X O
presales NNS X O
professionals NNS X O
to TO X O
the DT X O
IT NNP X B-Domain
and CC X O
Telecoms NNP X B-Domain
marketplace NN X O
. . X O
The DT X O

role NN X O
will MD X O
involve VB X O
the DT X O
following VBG X O
specific JJ X O
duties NNS X O
as IN X O
per IN X O
the DT X O
role NN X O
described VBN X O
above IN X O
: : X O
Cost NN X B-Skill
planning NN X I-Skill
and CC X I-Skill
estimating VBG X I-Skill
Costing NNP X I-Skill
exercises NNS X I-Skill
and CC X I-Skill
benchmarking VBG X I-Skill
Package NNP X I-Skill
procurement NN X I-Skill
based VBN X O
on IN X O
robust JJ X O
and CC X O
thorough JJ X O
processes NNS X O
including VBG X O
; : X O
Tender NNP X B-Skill
package NN X I-Skill
preparation NN X I-Skill
including VBG X O
ability NN X B-Skill
to TO X I-Skill
write VB X I-Skill
detailed JJ X I-Skill
Scopes NNP X O
of IN X O
work NN X O
The DT X O

specific JJ X O
tasks NNS X O
associated VBN X O
with IN X O
these DT X O
posst NNS X O
are VBP X O
to TO X O
identify VB X O
users NNS X O
with IN X O
outstanding JJ X O
reviews NNS X O
using VBG X B-Skill
AIS NNP X I-Skill
; : X O
setting VBG X B-Skill
up RP X I-Skill
and CC X I-Skill
undertaking JJ X I-Skill
reviews NNS X I-Skill
: : X O
completing VBG X B-Skill
review NN X I-Skill
, , X I-Skill
including VBG X I-Skill
documentation NN X I-Skill
for IN X I-Skill
those DT X I-Skill
in IN X I-Skill
a DT X I-Skill
care NN X I-Skill
setting VBG X I-Skill
; : X O
completing VBG X B-Skill
a DT X I-Skill
Resource NNP X I-Skill
allocation NN X I-Skill
template NN X I-Skill
for IN X I-Skill
Personal NNP X I-Skill
Budgets NNP X I-Skill
for IN X I-Skill
those DT X I-Skill
with IN X I-Skill
community NN X I-Skill
care NN X I-Skill
package NN X I-Skill
; : X O
encorage CC X B-Skill
takeup NN X I-Skill
of IN X I-Skill
cash NN X I-Skill
PB NNP X I-Skill
' POS X I-Skill
s NN X I-Skill
whee NN X O
possible JJ X O
. . X O
This DT X O

job NN X O
is VBZ X O
unlikely JJ X O
to TO X O
attract VB X O
sponsorship NN X O
to TO X O
work VB X O
. . X O
You PRP X O

will MD X O
have VB X O
strong JJ X O
messaging VBG X B-Skill
experience NN X I-Skill
with IN X O
a DT X O
proven JJ X O
capability NN X B-Skill
of IN X I-Skill
taking VBG X I-Skill
ownership NN X I-Skill
of IN X I-Skill
critical JJ X I-Skill
systems NNS X I-Skill
within IN X I-Skill
a DT X I-Skill
global JJ X I-Skill
environment NN X I-Skill
. . X O
You PRP X O

will MD X O
be VB X O
a DT X O
team NN X B-Skill
player NN X I-Skill
, , X O
able JJ X O
to TO X O
accurately RB X O
interpret VB X B-Skill
the DT X I-Skill
general JJ X I-Skill
climate NN X I-Skill
both DT X O
internally RB X O
and CC X O
with IN X O
key JJ X O
clients NNS X O
. . X O
You PRP X O

will MD X O
have VB X O
experience NN X O
of IN X O
working VBG X B-Skill
within IN X I-Skill
a DT X I-Skill
Nursing NNP X I-Skill
Home NNP X I-Skill
which WDT X O
caters NNS X O
for IN X O
elderly JJ X O
with IN X O
dementia NN X O
as RB X O
well RB X O
as IN X O
younger JJR X O
adults NNS X O
. . X O
An DT X O

important JJ X O
part NN X O
of IN X O
this DT X O
role NN X O
is VBZ X O
to TO X O
enable VB X B-Skill
the DT X I-Skill
service NN X I-Skill
users NNS X I-Skill
to TO X I-Skill
become VB X I-Skill
active JJ X I-Skill
members NNS X I-Skill
of IN X I-Skill
the DT X I-Skill
community NN X I-Skill
. . X O
This DT X O

well NN X O
established VBN X O
Insurance NNP X B-Domain
Broker NNP X O
is VBZ X O
currently RB X O
looking VBG X O
for IN X O
a DT X O
customer NN X B-Skill
service NN X I-Skill
focussed VBD X I-Skill
Personal NNP X O
Lines NNP X O
Insurance NNP X B-Occupation
Advisor NNP X I-Occupation
to TO X O
join VB X O
their PRP$ X O
team NN X O
. . X O
Conscientious JJ X B-Skill

professional NN X B-Occupation
who WP X O
is VBZ X O
organised VBN X B-Skill
and CC X O
dedicated VBN X B-Skill
Motivated NNP X O
self PRP X B-Skill
starter NN X I-Skill
who WP X O
takes VBZ X B-Skill
initiative NN X I-Skill
with IN X I-Skill
minimal JJ X I-Skill
supervision NN X I-Skill
A DT X O

great JJ X O
place NN X O
to TO X O
work VB X O
, , X O
with IN X O
a DT X O
fantastic JJ X O
reputation NN X O
in IN X O
the DT X O
market NN X O
. . X O
Science NN X B-Occupation

Technician JJ X I-Occupation
AER NNP X I-Occupation
teachers NNS X I-Occupation
is VBZ X O
currently RB X O
recruiting VBG X O
for IN X O
a DT X O
Science NNP X B-Occupation
Technician NNP X I-Occupation
to TO X O
work VB X O
at IN X O
a DT X O
fantastic JJ X O
Secondary NNP X O
School NNP X O
based VBN X O
in IN X O
central JJ X O
London NNP X O
. . X O
Serial JJ X B-Skill

interfaces NNS X I-Skill
Familiarity NNP X I-Skill
with IN X O
Single NNP X B-Skill
Board NNP X I-Skill
Computer NNP X I-Skill
architectures NNS X I-Skill
and CC X O
board NN X B-Skill
support NN X I-Skill
packages NNS X I-Skill
We PRP X O

will MD X O
keep VB X O
your PRP$ X O
CV NNP X O
on IN X O
file NN X O
for IN X O
any DT X O
suitable JJ X O
vacancies NNS X O
that WDT X O
may MD X O
arise VB X O
in IN X O
the DT X O
future NN X O
unless IN X O
you PRP X O
contact VBP X O
us PRP X O
and CC X O
request VB X O
otherwise RB X O
It PRP X O

is VBZ X O
essential JJ X O
that IN X O
applicants NNS X O
can MD X O
demonstrate VB X O
a DT X O
positive JJ X B-Skill
attitude NN X I-Skill
and CC X O
the DT X O
ability NN X O
to TO X O
make VB X B-Skill
strong JJ X I-Skill
lasting JJ X I-Skill
relationships NNS X I-Skill
with IN X I-Skill
key JJ X I-Skill
clients NNS X I-Skill
. . X O
They PRP X O

have VBP X O
a DT X O
flat JJ X O
structure NN X O
, , X O
monthly JJ X O
team NN X O
building NN X O
activities NNS X O
and CC X O
a DT X O
fantastic JJ X O
agency NN X O
environment NN X O
. . X O
**** JJ X O

hours NNS X O
over IN X O
5 CD X O
days NNS X O
or CC X O
20 CD X O
hours NNS X O
in IN X O
3 CD X O
days NNS X O
and CC X O
so RB X O
. . X O
Package VB X O

The DT X O
successful JJ X O
candidate NN X O
will MD X O
receive VB X O
a DT X O
competitive JJ X O
basic JJ X O
salary NN X O
. . X O
This DT X O

will MD X O
be VB X O
paid VBN X O
for IN X O
by IN X O
the DT X O
employer NN X O
prior RB X O
to TO X O
the DT X O
applicant JJ X O
starting NN X O
. . X O
For IN X O

more JJR X O
information NN X O
on IN X O
how WRB X O
to TO X O
apply VB X O
please JJ X O
visit NN X O
and CC X O
go VB X O
to TO X O
the DT X O
Work NN X O
For IN X O
Us NNP X O
page NN X O
. . X O
This DT X O

vacancy NN X O
is VBZ X O
being VBG X O
advertised VBN X O
by IN X O
Castlerock NNP X O
Homecare NNP X O
who WP X O
is VBZ X O
acting VBG X O
as IN X O
an DT X O
employment NN X O
business NN X O
with IN X O
a DT X O
wealth NN X O
of IN X O
work NN X O
on IN X O
a DT X O
zero NN X O
hours NNS X O
contract NN X O
. . X O
Sales NNS X B-Skill

Ledger NNP X I-Skill
Sales NNS X I-Skill
invoicing VBG X I-Skill
Fee NNP X I-Skill
' POS X I-Skill
s NN X I-Skill
and CC X I-Skill
Implementation NN X I-Skill
costs NNS X I-Skill
as IN X O
instructed VBN X O
by IN X O
the DT X O
Finance NNP X B-Occupation
Manager NNP X I-Occupation
Filing NNP X B-Skill
of IN X I-Skill
Sales NNS X I-Skill
invoices NNS X I-Skill
. . X O
We PRP X O

are VBP X O
looking VBG X O
for IN X O
somebody NN X O
with IN X O
previous JJ X O
retail JJ X B-Skill
brand NN X I-Skill
experience NN X I-Skill
, , X O
FMCG NNP X B-Skill
preferably RB X O
, , X O
and CC X O
a DT X O
natural JJ X O
flair NN X O
for IN X O
delivering VBG X B-Skill
retail JJ X I-Skill
messages NNS X I-Skill
across IN X I-Skill
multiple JJ X I-Skill
touch NN X I-Skill
points NNS X I-Skill
. . X O
They PRP X O

are VBP X O
looking VBG X O
to TO X O
appoint VB X O
a DT X O
Newly RB X O
Qualified VBN X O
French JJ X B-Occupation
Teacher NNP X I-Occupation
on IN X O
a DT X O
full JJ X O
time NN X O
and CC X O
permanent JJ X O
basis NN X O
as IN X O
of IN X O
September NNP X O
2013 CD X O
. . X O
Additional JJ X O

responsibilities NNS X O
will MD X O
include VB X O
sourcing VBG X B-Skill
, , X O
writing VBG X B-Skill
and CC X I-Skill
editing VBG X I-Skill
articles NNS X I-Skill
for IN X O
the DT X O
global JJ X O
internal JJ X O
magazine NN X O
and CC X O
the DT X O
intranet NN X O
site NN X O
. . X O
This DT X O

is VBZ X O
a DT X O
critical JJ X O
role NN X O
leading VBG X O
the DT X O
Enrolment NNP X B-Domain
Management NNP X I-Domain
Team NNP X O
within IN X O
the DT X O
sales NNS X B-Skill
support NN X I-Skill
division NN X O
of IN X O
the DT X O
International NNP X B-Domain
Sales NNS X I-Domain
Team NNP X O
. . X O
We PRP X O

are VBP X O
looking VBG X O
for IN X O
an DT X O
experienced JJ X B-Skill
, , X O
enthusiastic JJ X B-Skill
and CC X O
committed JJ X B-Skill
field NN X I-Skill
research NN X I-Skill
scientist NN X I-Skill
to TO X O
work VB X O
at IN X O
CEH NNP X O
Edinburgh NNP X O
with IN X O
scientists NNS X O
involved VBN X O
in IN X O
multidisciplinary JJ X B-Skill
field NN X I-Skill
research NN X I-Skill
within IN X I-Skill
the DT X I-Skill
Billett NNP X I-Skill
Section NNP X I-Skill
. . X O
The DT X O

work NN X O
will MD X O
involve VB X O
some DT X O
aspect NN X O
of IN X O
contract NN X B-Skill
management NN X I-Skill
as RB X O
well RB X O
as IN X O
the DT X O
preperation NN X B-Skill
of IN X I-Skill
documentation NN X I-Skill
and CC X O
the DT X O
analysis NN X B-Skill
of IN X I-Skill
tenders NNS X I-Skill
. . X O
Be VB X B-Skill

a DT X I-Skill
role NN X I-Skill
model NN X I-Skill
for IN X I-Skill
and CC X I-Skill
lead JJ X I-Skill
and CC X I-Skill
inspire JJ X I-Skill
my PRP$ X I-Skill
team NN X I-Skill
to TO X I-Skill
successfully RB X I-Skill
perform VB X I-Skill
and CC X I-Skill
exceed VB X I-Skill
against IN X I-Skill
the DT X I-Skill
business NN X I-Skill
goals NNS X I-Skill
. . X O
The DT X O

Role NNP X O
Your NNP X O
primary JJ X O
responsibility NN X O
with IN X O
be VB X O
developing VBG X B-Skill
solid JJ X I-Skill
business NN X I-Skill
relationships NNS X I-Skill
with IN X I-Skill
key JJ X I-Skill
stakeholders NNS X I-Skill
within IN X O
your PRP$ X O
panel NN X O
of IN X O
local JJ X O
/ NNP X O
regional JJ X O
brokers NNS X O
to TO X O
maximise VB X B-Skill
business NN X I-Skill
opportunities NNS X I-Skill
as RB X O
well RB X O
as IN X O
ensure VB X O
retention NN X B-Skill
and CC X I-Skill
profit NN X I-Skill
growth NN X I-Skill
. . X O
As IN X O

Business NNP X B-Occupation
Analysis NNP X I-Occupation
and CC X I-Occupation
Reporting NNP X I-Occupation
Team NNP X I-Occupation
lead NN X I-Occupation
, , X O
you PRP X O
will MD X O
be VB X O
responsible JJ X O
for IN X O
line NN X B-Skill
managing VBG X I-Skill
five CD X O
or CC X O
more JJR X O
people NNS X O
, , X O
running VBG X B-Skill
the DT X I-Skill
stream NN X I-Skill
as IN X O
lead NN X B-Skill
and CC X O
subject JJ X B-Skill
matter NN X I-Skill
expert NN X I-Skill
. . X O
This DT X O

is VBZ X O
an DT X O
exciting JJ X O
opportunity NN X O
for IN X O
experienced JJ X O
Senior NNP X B-Occupation
. . X I-Occupation
Net JJ X I-Occupation
/ NN X O
C NNP X B-Occupation
Software NNP X I-Occupation
Developers NNP X I-Occupation
to TO X O
join VB X O
this DT X O
global JJ X O
financial JJ X O
services NNS X O
organisation NN X O
working VBG X O
on IN X O
New NNP X O
Green NNP X O
Field NNP X O
developments NNS X O
. . X O
Successful JJ X O

candidates NNS X O
will MD X O
be VB X O
able JJ X O
to TO X O
demonstrate VB X O
the DT X O
following JJ X O
skills NNS X O
and CC X O
competencies NNS X O
: : X O
Experience NN X O
with IN X O
Microsoft NNP X B-Skill
Office NNP X I-Skill
based VBN X I-Skill
PC NN X I-Skill
skills NNS X I-Skill
, , X O
In IN X O
respect NN X O
to TO X O
working VBG X O
hours NNS X O
As IN X O

a DT X O
Business NNP X B-Occupation
Development NNP X I-Occupation
Manager NNP X I-Occupation
, , X O
you PRP X O
will MD X O
identify VB X B-Skill
business NN X I-Skill
and CC X I-Skill
tender NN X I-Skill
opportunities NNS X I-Skill
and CC X I-Skill
ensure VB X I-Skill
that IN X I-Skill
the DT X I-Skill
potential NN X I-Skill
for IN X I-Skill
these DT X I-Skill
is VBZ X I-Skill
realised VBN X I-Skill
. . X O
With IN X O

recent JJ X B-Experience
successful JJ X I-Experience
experience NN X I-Experience
in IN X O
managing NN X B-Skill
or CC X O
coordinating VBG X B-Skill
a DT X I-Skill
commissioned JJ X I-Skill
project NN X I-Skill
, , X O
the DT X O
ideal JJ X O
candidate NN X O
will MD X O
hold VB X O
a DT X O
relevant JJ X O
qualification NN X O
at IN X O
degree JJ X B-Qualification
level NN X I-Qualification
or CC X I-Qualification
equivalent NN X I-Qualification
. . X O
The DT X O

firm NN X O
applies VBZ X O
its PRP$ X O
deep JJ X O
industry NN X O
expertise NN X O
, , X O
analytical JJ X O
rigor NN X O
, , X O
and CC X O
breakthrough IN X O
insights NNS X O
to TO X O
complex JJ X O
projects NNS X O
with IN X O
the DT X O
world NN X O
s NN X O
largest JJS X O
financial JJ X O
institutions NNS X O
. . X O
Honorary JJ X O

graduates NNS X O
include VBP X O
Sir NNP X O
David NNP X O
Attenborough NNP X O
and CC X O
Sir NNP X O
Sean NNP X O
Connery NNP X O
. . X O
10pm CD X O

Sleepins VBZ X O
one CD X O
per NN X O
week NN X O
for IN X O
full JJ X O
time NN X O
staff NN X O
, , X O
occassionally RB X O
two CD X O
General NNP X O

knowledge NN X B-Skill
of IN X I-Skill
regulatory JJ X I-Skill
requirements NNS X I-Skill
of IN X I-Skill
animal JJ X I-Skill
nutrition NN X I-Skill
products NNS X I-Skill
and CC X O
knowledge NN X B-Skill
of IN X I-Skill
scientific JJ X I-Skill
methods NNS X I-Skill
in IN X I-Skill
R NNP X I-Skill
D NNP X I-Skill
and CC X I-Skill
Quality NNP X I-Skill
Experience NNP X I-Skill
in IN X I-Skill
preparing VBG X I-Skill
accurate JJ X I-Skill
regulatory JJ X I-Skill
submissions NNS X I-Skill
or CC X O
similar JJ X O
documents NNS X O
such JJ X O
as IN X O
technical JJ X B-Skill
reports NNS X I-Skill
and CC X O
scientific JJ X B-Skill
papers NNS X I-Skill
**** JJ X O

K NNP X O
per IN X O
annum NN X O
benefits NNS X O
Ever RB X O
wanted VBD X O
to TO X O
work VB X O
in IN X O
a DT X O
large JJ X O
corporate JJ X B-Domain
organisation NN X O
for IN X O
one CD X O
of IN X O
the DT X O
worlds NNS X O
leading VBG X O
manufacturers NNS X B-Domain
, , X O
this DT X O
is VBZ X O
the DT X O
role NN X O
for IN X O
you PRP X O
Leading VBG X O
internet JJ X B-Skill
and CC X I-Skill
database NN X I-Skill
development NN X I-Skill
company NN X O
urgently RB X O
looking VBG X O
to TO X O
recruit VB X O
an DT X O
Online NNP X B-Occupation
Project NNP X I-Occupation
Manager NNP X I-Occupation
. . X O
To TO X O

be VB X O
eligible JJ X O
for IN X O
this DT X O
position NN X O
you PRP X O
will MD X O
be VB X O
registered VBN X B-Qualification
with IN X I-Qualification
the DT X I-Qualification
GMC NNP X I-Qualification
, , X O
and CC X O
included VBD X B-Qualification
on IN X I-Qualification
the DT X I-Qualification
GP NNP X I-Qualification
Register NNP X I-Qualification
. . X O
Quarriers NNS X O

provides VBZ X O
practical JJ X O
support NN X O
and CC X O
care NN X O
for IN X O
children NNS X O
, , X O
adults NNS X O
and CC X O
families NNS X O
. . X O
All DT X O

applications NNS X O
will MD X O
be VB X O
treated VBN X O
in IN X O
the DT X O
strictest JJS X O
confidence NN X O
. . X O
**** FW X O

per IN X O
hour NN X O
depending VBG X O
on IN X O
experience NN X O
with IN X O
mileage NN X O
paid VBN X O
and CC X O
full JJ X O
training NN X O
given VBN X O
They PRP X O

currently RB X O
have VBP X O
a DT X O
vacancy NN X O
for IN X O
an DT X O
additional JJ X O
Insolvency NN X B-Occupation
Solicitor NNP X I-Occupation
at IN X O
Senior NNP X O
Associate NNP X O
level NN X O
to TO X O
deal VB X B-Skill
with IN X I-Skill
a DT X I-Skill
small JJ X I-Skill
team NN X I-Skill
in IN X I-Skill
a DT X I-Skill
busy JJ X I-Skill
environment NN X I-Skill
. . X O
Maintain NNP X B-Skill

cleaning NN X I-Skill
equipment NN X I-Skill
, , X O
reporting VBG X B-Skill
faults NNS X I-Skill
or CC X O
damage NN X O
to TO X O
the DT X O
Theatre NNP X B-Occupation
Clinical NNP X I-Occupation
Coordinator NNP X I-Occupation
or CC X O
Sister NNP X B-Occupation
incharge VBP X I-Occupation
as IN X O
they PRP X O
occur VBP X O
. . X O
My PRP$ X O

client NN X O
is VBZ X O
looking VBG X O
for IN X O
an DT X O
Estimating NNP X B-Occupation
Manager NNP X I-Occupation
, , X O
to TO X O
use VB X O
their PRP$ X O
iniative JJ X O
and CC X O
skills NNS X O
within IN X O
the DT X O
market NN X O
in IN X O
order NN X O
to TO X O
secure VB X B-Skill
new JJ X I-Skill
work NN X I-Skill
as RB X O
well RB X O
as IN X O
implementing VBG X B-Skill
project NN X I-Skill
execution NN X I-Skill
plans NNS X I-Skill
, , X O
with IN X O
fantastic JJ X O
opporuntities NNS X O
for IN X O
the DT X O
selected JJ X O
candidate NN X O
. . X O
This DT X O

vacancy NN X O
is VBZ X O
based VBN X O
in IN X O
Bromley NNP X O
and CC X O
our PRP$ X O
client NN X O
is VBZ X O
looking VBG X O
ONLY NNP X O
for IN X O
motor NN X B-Skill
trade NN X I-Skill
experienced VBD X I-Skill
applicants NNS X O
. . X O
Having VBG X O

operated VBN X O
at IN X O
the DT X O
forefront NN X O
of IN X O
the DT X O
industry NN X O
for IN X O
a DT X O
number NN X O
of IN X O
years NNS X O
, , X O
they PRP X O
supply VBP X O
all DT X O
major JJ X O
retailers NNS X O
and CC X O
a DT X O
significant JJ X O
portion NN X O
of IN X O
the DT X O
foodservice NN X O
sector NN X O
from IN X O
their PRP$ X O
portfolio NN X O
of IN X O
processing VBG X O
facilities NNS X O
around IN X O
the DT X O
UK NNP X O
. . X O
Duties NNS X O

include VBP X O
: : X O
To TO X O
empower VB X B-Skill
and CC X I-Skill
facilitate VB X I-Skill
local JJ X I-Skill
people NNS X I-Skill
to TO X I-Skill
identify VB X I-Skill
their PRP$ X I-Skill
needs NNS X I-Skill
, , X I-Skill
rights NNS X I-Skill
and CC X I-Skill
responsibilities NNS X I-Skill
. . X O
This DT X O

is VBZ X O
a DT X O
generalist JJ X O
role NN X O
that WDT X O
acts VBZ X O
as IN X O
an DT X O
HR NNP X B-Occupation
Business NNP X I-Occupation
Partner NNP X I-Occupation
, , X O
based VBN X O
in IN X O
Cambridge NNP X O
. . X O
Develop NNP X B-Skill

EC NNP X I-Skill
and CC X I-Skill
I PRP X I-Skill
engineering NN X I-Skill
designs NNS X I-Skill
and CC X I-Skill
construction NN X I-Skill
practices NNS X I-Skill
are VBP X I-Skill
in IN X I-Skill
accordance NN X I-Skill
with IN X I-Skill
current JJ X I-Skill
legislation NN X I-Skill
, , X I-Skill
policies NNS X I-Skill
and CC X I-Skill
operational JJ X I-Skill
requirements NNS X I-Skill
. . X O
As IN X O

a DT X B-Occupation
Supplier NNP X I-Occupation
, , X O
the DT X O
company NN X O
are VBP X O
responsible JJ X O
for IN X O
ensuring VBG X B-Skill
all DT X I-Skill
industry NN X I-Skill
regulations NNS X I-Skill
and CC X I-Skill
processes NNS X I-Skill
are VBP X I-Skill
adhered VBN X I-Skill
to TO X I-Skill
and CC X I-Skill
followed VBN X I-Skill
to TO X I-Skill
the DT X I-Skill
guidelines NNS X I-Skill
set VBN X I-Skill
by IN X I-Skill
governing VBG X I-Skill
bodies NNS X I-Skill
. . X O
To TO X O

be VB X O
considered VBN X O
you PRP X O
' '' X O
ll JJ X O
be VB X O
experienced VBN X O
in IN X O
planning NN X B-Skill
and CC X I-Skill
scheduling VBG X I-Skill
projects NNS X I-Skill
varying VBG X I-Skill
in IN X I-Skill
size NN X I-Skill
and CC X I-Skill
complexity NN X I-Skill
. . X O
As IN X O

part NN X O
of IN X O
our PRP$ X O
commitment NN X O
to TO X O
the DT X O
safety NN X O
of IN X O
the DT X O
people NNS X O
we PRP X O
support VBP X O
, , X O
we PRP X O
utilise VBP X O
a DT X O
comprehensive JJ X O
selection NN X O
process NN X O
. . X O
Development NNP X B-Skill

and CC X I-Skill
maintenance NN X I-Skill
of IN X I-Skill
technical JJ X I-Skill
standards NNS X I-Skill
for IN X I-Skill
special JJ X I-Skill
equipment NN X I-Skill
. . X O
An DT X O

enhanced JJ X B-Qualification
CRB NNP X I-Qualification
is VBZ X O
required VBN X O
for IN X O
which WDT X O
we PRP X O
pay VBP X O
for IN X O
. . X O
The DT X O

project NN X O
goals NNS X O
are VBP X O
therapeutic JJ X B-Domain
area NN X I-Domain
dependent NN X O
but CC X O
range NN X O
from IN X O
quality NN X O
leads VBZ X O
demonstrating VBG X B-Skill
disease NN X I-Skill
model NN X I-Skill
proof NN X I-Skill
of IN X I-Skill
concept NN X I-Skill
, , X O
through IN X O
to TO X O
perclinical JJ X O
candidates NNS X O
. . X O
For IN X O

more JJR X O
information NN X O
or CC X O
to TO X O
apply VB X O
call JJ X O
Tina NNP X O
Williams NNP X O
on IN X O
As IN X O

this DT X O
role NN X O
is VBZ X O
on IN X O
the DT X O
Bank NNP X O
staff NN X O
, , X O
the DT X O
shifts NNS X O
available JJ X O
are VBP X O
various JJ X O
and CC X O
include VBP X O
days NNS X O
, , X O
nights NNS X O
and CC X O
weekends NNS X O
. . X O
They PRP X O

have VBP X O
an DT X O
incredibly RB X O
low JJ X O
staff NN X O
turnover NN X O
with IN X O
only JJ X O
**** NN X O

in IN X O
4 CD X O
weeks NNS X O
as IN X O
the DT X O
company NN X O
grows VBZ X O
this DT X O
will MD X O
reduce VB X O
Keen NNP X O

to TO X O
succeed VB X O
and CC X O
start VB X O
your PRP$ X O
career NN X O
in IN X O
IT NNP X O
sales NNS X O
. . X O
The DT X O

Internal NNP X B-Occupation
Consulting NNP X I-Occupation
role NN X O
is VBZ X O
focused VBN X O
on IN X O
making VBG X B-Skill
their PRP$ X I-Skill
customers NNS X I-Skill
successful JJ X I-Skill
and CC X O
involves VBZ X O
both DT X O
email NN X B-Skill
and CC X I-Skill
phone NN X I-Skill
support NN X I-Skill
that WDT X O
goes VBZ X O
far RB X O
beyond IN X O
the DT X O
traditional JJ X O
bug NN X O
reporting NN X O
role NN X O
that WDT X O
might MD X O
exist VB X O
in IN X O
other JJ X O
companies NNS X O
. . X O
This DT X O

is VBZ X O
a DT X O
leading JJ X O
Home NNP X O
Counties NNP X O
law NN X B-Domain
firm NN X I-Domain
with IN X O
national JJ X O
and CC X O
international JJ X O
coverage NN X O
, , X O
working VBG X O
with IN X O
some DT X O
fascinating JJ X O
clients NNS X O
. . X O
Global NNP X O

Financial NNP X B-Domain
services NNS X O
company NN X O
with IN X O
over IN X O
30 CD X O
years NNS X O
experience NN X O
and CC X O
a DT X O
network NN X O
of IN X O
UK NNP X O
offices NNS X O
. . X O
The DT X O

right JJ X O
person NN X O
They PRP X O
are VBP X O
looking VBG X O
for IN X O
a DT X O
Site NNP X B-Occupation
Engineer NNP X I-Occupation
for IN X O
their PRP$ X O
Civil NNP X O
Engineering NNP X O
Division NNP X O
in IN X O
the DT X O
London NNP X O
area NN X O
but CC X O
the DT X O
site NN X B-Occupation
engineer NN X I-Occupation
would MD X O
be VB X O
initially RB X O
based VBN X O
on IN X O
a DT X O
prestigious JJ X O
site NN X O
in IN X O
the DT X O
London NNP X O
area NN X O
. . X O
Contract JJ X B-Skill

delivery NN X I-Skill
experience NN X O
Based VBN X O
in IN X O
the DT X O
Young NNP X O
People NNP X O
Families NNP X O
division NN X O
Experience NNP X O
of IN X O
managing VBG X B-Skill
partnerships NNS X I-Skill
Working VBG X I-Skill
closely RB X I-Skill
with IN X I-Skill
the DT X I-Skill
young JJ X I-Skill
people NNS X I-Skill
and CC X I-Skill
families NNS X I-Skill
division NN X I-Skill
and CC X O
line NN X B-Skill
managing VBG X I-Skill
a DT X I-Skill
team NN X I-Skill
of IN X I-Skill
operational JJ X I-Skill
staff NN X I-Skill
, , X O
the DT X O
post NN X O
holder NN X O
will MD X O
plan VB X B-Skill
and CC X I-Skill
deliver VB X I-Skill
contract NN X I-Skill
strategies NNS X I-Skill
alongside IN X O
implementing VBG X B-Skill
marketing NN X I-Skill
and CC X I-Skill
operational JJ X I-Skill
processes NNS X I-Skill
to TO X O
support VB X O
the DT X O
attainment NN X O
of IN X O
project NN X O
targets NNS X O
. . X O
You PRP X O

will MD X O
be VB X O
fully RB X O
responsible JJ X O
for IN X O
inspiring VBG X B-Skill
and CC X I-Skill
engaging VBG X I-Skill
your PRP$ X I-Skill
team NN X I-Skill
to TO X O
achieve VB X B-Skill
business NN X I-Skill
results NNS X I-Skill
and CC X O
deliver VB X B-Skill
excellent JJ X I-Skill
service NN X I-Skill
to TO X I-Skill
our PRP$ X I-Skill
customers NNS X I-Skill
. . X O
An DT X O

experienced JJ X O
management NN X B-Occupation
accountant NN X I-Occupation
is VBZ X O
required VBN X O
for IN X O
an DT X O
interim JJ X O
5 CD X O
month NN X O
contract NN X O
in IN X O
the DT X O
food NN X B-Domain
manufacturing NN X I-Domain
sector NN X O
. . X O
An DT X O

excellent JJ X O
opportunity NN X O
for IN X O
an DT X O
experienced JJ X B-Skill
Nursery NNP X B-Occupation
Manager NNP X I-Occupation
to TO X O
manage VB X O
a DT X O
lovely JJ X O
newly RB X O
opened VBN X O
Nursery NNP X O
in IN X O
the DT X O
Uxbridge NNP X O
area NN X O
. . X O
The DT X O

position NN X O
of IN X O
Support NNP X B-Occupation
Worker NNP X I-Occupation
will MD X O
be VB X O
based VBN X O
in IN X O
Birmingham NNP X O
, , X O
Staffordshire NNP X O
, , X O
Wolverhampton NNP X O
and CC X O
Sandwell NNP X O
Areas NNP X O
Salary NNP X O
: : X O
If IN X O

you PRP X O
match VBP X O
the DT X O
above JJ X O
description NN X O
, , X O
with IN X O
a DT X O
keen JJ X O
interest NN X O
and CC X O
knowledge NN X O
in IN X O
branding NN X B-Domain
and CC X O
retail JJ X B-Domain
communications NNS X I-Domain
, , X O
then RB X O
what WP X O
are VBP X O
you PRP X O
waiting VBG X O
for IN X O
? . X O
This DT X O

will MD X O
allow VB X O
a DT X O
very RB X O
strong JJ X O
Manager NNP X B-Occupation
or CC X O
Senior NNP X B-Occupation
Manager NNP X I-Occupation
to TO X O
join VB X O
them PRP X O
and CC X O
work VB X O
alongside RB X O
an DT X O
exiting NN X O
Partner NNP X O
. . X O
Due JJ X O

to TO X O
their PRP$ X O
ongoing JJ X O
success NN X O
a DT X O
leading VBG X O
supplier NN X O
to TO X O
the DT X O
corporate JJ X O
sector NN X O
seeks VBZ X O
a DT X O
KPI NNP X B-Occupation
driven JJ X I-Occupation
Inventory NNP X I-Occupation
, , X O
Process NNP X B-Occupation
and CC X O
Planning NNP X B-Occupation
Manager NNP X I-Occupation
with IN X O
natural JJ X O
analytical JJ X B-Skill
abilities NNS X I-Skill
and CC X O
a DT X O
proven JJ X O
track NN X O
record NN X O
at IN X O
a DT X O
senior JJ X B-Skill
level NN X I-Skill
within IN X I-Skill
a DT X I-Skill
service NN X I-Skill
driven VBN X I-Skill
company NN X I-Skill
. . X O
You PRP X O

will MD X O
have VB X O
a DT X O
passion NN X B-Skill
for IN X I-Skill
nursing NN X I-Skill
and CC X O
excellent JJ X O
communication NN X B-Skill
skills NNS X O
. . X O
The DT X O

start NN X O
date NN X O
is VBZ X O
not RB X O
yet RB X O
confirmed VBN X O
but CC X O
is VBZ X O
likely JJ X O
to TO X O
be VB X O
after IN X O
the DT X O
Easter NNP X O
break NN X O
. . X O
This DT X O

role NN X O
has VBZ X O
come VBN X O
about IN X O
due JJ X O
to TO X O
growth NN X O
and CC X O
you PRP X O
will MD X O
be VB X O
selling VBG X B-Skill
software NN X I-Skill
to TO X O
the DT X O
healthcare NN X B-Domain
system NN X I-Domain
, , X O
including VBG X O
doctor NN X B-Domain
' '' X I-Domain
s JJ X I-Domain
surgeries NNS X I-Domain
and CC X O
teaching VBG X B-Domain
hospitals NNS X I-Domain
. . X O
Work NN X B-Skill

closely RB X I-Skill
with IN X I-Skill
analysts NNS X I-Skill
and CC X I-Skill
researchers NNS X I-Skill
from IN X I-Skill
other JJ X I-Skill
divisions NNS X I-Skill
as IN X I-Skill
part NN X I-Skill
of IN X I-Skill
the DT X I-Skill
forecasting NN X I-Skill
and CC X I-Skill
modelling NN X I-Skill
process NN X I-Skill
. . X O
Manage VB X B-Skill

the DT X I-Skill
NCS NNP X I-Skill
budget NN X I-Skill
, , X I-Skill
authorising VBG X I-Skill
payments NNS X I-Skill
and CC X O
reporting VBG X B-Skill
on IN X I-Skill
expenditure NN X I-Skill
Please VB X O

download NN X O
full JJ X O
individual NN X O
project NN X O
description NN X O
and CC X O
other JJ X O
relevant JJ X O
documents NNS X O
at IN X O
: : X O
www NN X O
. . X O
unike JJ X O
. . X O
au NN X O
. . X O
dk JJ X O
Deadline NNP X O
for IN X O
applications NNS X O
: : X O
Sunday NNP X O
3 CD X O
February NNP X O
2013 CD X O
at IN X O
4pm CD X O
UK NNP X O
time NN X O
Submit NNP X O
application NN X O
to TO X O
unikeau VB X O
. . X O
dk VB X O
An DT X O

extremely RB X O
generous JJ X O
salary NN X O
and CC X O
benefits NNS X O
package NN X O
is VBZ X O
on IN X O
offer NN X O
designed VBN X O
to TO X O
meet VB X O
both DT X O
individual JJ X O
and CC X O
family NN X O
needs NNS X O
. . X O
Work NNP X B-Skill

scope NN X I-Skill
split NN X I-Skill
or CC X I-Skill
interface NN X I-Skill
definition NN X I-Skill
Establishment NNP X I-Skill
of IN X I-Skill
deliverables NNS X I-Skill
. . X O
We PRP X O

are VBP X O
looking VBG X O
for IN X O
an DT X O
enthusiastic JJ X B-Skill
and CC X O
business NN X B-Skill
minded VBD X I-Skill
person NN X O
with IN X O
excellent JJ X O
communication NN X B-Skill
skills NNS X O
. . X O
This DT X O

is VBZ X O
predominantly RB X O
a DT X O
development NN X O
role NN X O
, , X O
but CC X O
you PRP X O
will MD X O
be VB X O
involved VBN X O
in IN X O
the DT X O
full JJ X O
product NN X O
lifecycle NN X O
including VBG X O
design NN X B-Skill
and CC X I-Skill
clientfacing VBG X I-Skill
duties NNS X I-Skill
, , X O
so IN X O
they PRP X O
need VBP X O
a DT X O
good JJ X O
allrounder NN X O
. . X O
Developing VBG X B-Skill

relationships NNS X I-Skill
with IN X I-Skill
senior JJ X I-Skill
client NN X I-Skill
technical JJ X I-Skill
and CC X I-Skill
managerial JJ X I-Skill
staff NN X I-Skill
to TO X O
support VB X O
Project NNP X O
Teams NNP X O
This DT X O

is VBZ X O
an DT X O
excellent JJ X O
opportunity NN X O
to TO X O
join VB X O
an DT X O
award NN X O
winning VBG X O
company NN X O
who WP X O
are VBP X O
consistently RB X O
recognised VBN X O
for IN X O
developing VBG X B-Skill
cuttingedge NN X I-Skill
technologies NNS X I-Skill
. . X O
This DT X O

is VBZ X O
a DT X O
fantastic JJ X O
opportunity NN X O
for IN X O
a DT X O
candidate NN X O
who WP X O
is VBZ X O
looking VBG X O
for IN X O
an DT X O
opportunity NN X O
with IN X O
an DT X O
exciting VBG X O
business NN X O
that WDT X O
is VBZ X O
offering VBG X O
unparalleled JJ X O
career NN X O
progression NN X O
. . X O
The DT X O

leadership NN X O
team NN X O
work NN X B-Skill
closely RB X I-Skill
with IN X I-Skill
teachers NNS X I-Skill
, , X I-Skill
students NNS X I-Skill
and CC X I-Skill
parents NNS X I-Skill
to TO X I-Skill
ensure VB X I-Skill
such JJ X I-Skill
standards NNS X I-Skill
are VBP X I-Skill
maintained VBN X I-Skill
. . X O
My PRP$ X O

client NN X O
a DT X O
leading JJ X O
Telecoms NNP X B-Domain
business NN X O
based VBN X O
in IN X O
the DT X O
heart NN X O
of IN X O
the DT X O
City NNP X O
are VBP X O
seeking VBG X O
a DT X O
Credit NNP X B-Occupation
Controller NNP X I-Occupation
We PRP X O
are VBP X O
seeking VBG X O
a DT X O
credit NN X B-Occupation
controller NN X I-Occupation
to TO X O
work VB X B-Skill
in IN X I-Skill
a DT X I-Skill
fast NN X I-Skill
paced JJ X I-Skill
environment NN X I-Skill
Dealing VBG X I-Skill
with IN X I-Skill
queries NNS X I-Skill
on IN X I-Skill
the DT X I-Skill
telephone NN X I-Skill
and CC X I-Skill
by IN X I-Skill
email NN X I-Skill
Product NNP X B-Occupation

Director NNP X I-Occupation
Commercial NNP X O
Products NNP X O
B NNP X O
**** NNP X O
C NNP X O
Product NNP X B-Occupation
Director NNP X I-Occupation
is VBZ X O
required VBN X O
by IN X O
our PRP$ X O
leading JJ X O
Media NNP X O
organisation NN X O
based VBN X O
in IN X O
London NNP X O
. . X O
Currently RB X O

looking VBG X O
to TO X O
grow VB X B-Skill
the DT X I-Skill
Reading NNP X I-Skill
office NN X I-Skill
within IN X I-Skill
a DT X I-Skill
number NN X I-Skill
of IN X I-Skill
specialist JJ X I-Skill
recruitment NN X I-Skill
divisions NNS X I-Skill
. . X O
To TO X O

be VB X O
successful JJ X O
, , X O
you PRP X O
must MD X O
have VB X O
the DT X O
ability NN X O
to TO X O
quickly RB X B-Skill
understand VB X I-Skill
each DT X I-Skill
entrepreneurs NN X I-Skill
' '' X I-Skill
business NN X I-Skill
in IN X O
order NN X O
to TO X O
make VB X B-Skill
well RB X I-Skill
thought VBN X I-Skill
out RP X I-Skill
connections NNS X I-Skill
to TO X I-Skill
other JJ X I-Skill
entrepreneurs NNS X I-Skill
and CC X I-Skill
recommendations NNS X I-Skill
to TO X I-Skill
the DT X I-Skill
right JJ X I-Skill
programmes NNS X I-Skill
. . X O
Introduction NN X O

The DT X O
Media NNP X B-Domain
Processing NNP X I-Domain
Division NNP X O
MPD NNP X O
in IN X O
ARM NNP X O
has VBZ X O
the DT X O
mission NN X O
to TO X O
be VB X O
at IN X O
the DT X O
forefront NN X B-Skill
of IN X I-Skill
advanced JJ X I-Skill
multimedia NN X I-Skill
IP NNP X I-Skill
products NNS X I-Skill
for IN X O
the DT X O
consumer NN X O
, , X O
wireless NN X B-Domain
and CC X O
automotive JJ X B-Domain
infotainment NN X I-Domain
markets NNS X I-Domain
. . X O
The DT X O

right JJ X O
person NN X O
will MD X O
have VB X O
experience NN X O
in IN X O
pulling VBG X B-Skill
together RB X I-Skill
global JJ X I-Skill
budgets NNS X I-Skill
, , X O
carrying VBG X B-Skill
out RP X I-Skill
new JJ X I-Skill
market NN X I-Skill
entry NN X I-Skill
costing VBG X I-Skill
and CC X O
writing VBG X B-Skill
business NN X I-Skill
cases NNS X I-Skill
and CC X O
be VB X O
able JJ X O
to TO X O
demonstrate VB X O
excellent JJ X O
communication NN X B-Skill
skills NNS X O
and CC X O
stakeholder VB X B-Skill
management NN X I-Skill
at IN X O
varying VBG X O
seniority NN X O
. . X O
The DT X O

group NN X O
are VBP X O
expanding VBG X O
through IN X O
out IN X O
the DT X O
UK NNP X O
over IN X O
the DT X O
next JJ X O
5 CD X O
years NNS X O
so RB X O
now RB X O
would MD X O
be VB X O
a DT X O
great JJ X O
time NN X O
for IN X O
any DT X O
ambitious JJ X B-Skill
GM NNP X B-Occupation
or CC X O
Deputy NNP X B-Occupation
to TO X O
get VB X O
on IN X O
the DT X O
ladder NN X O
, , X O
especially RB X O
if IN X O
you PRP X O
are VBP X O
wanting VBG X O
a DT X O
move NN X O
to TO X O
Ops NNP X O
. . X O
As IN X O

Europe NNP X O
' POS X O
s NN X O
number NN X O
one CD X O
home NN X O
improvement NN X O
retailer NN X O
we PRP X O
' '' X O
ve NN X O
helped VBD X O
more JJR X O
people NNS X O
make VBP X O
the DT X O
most RBS X O
of IN X O
their PRP$ X O
homes NNS X O
than IN X O
anyone NN X O
else RB X O
. . X O
This DT X O

role NN X O
offers VBZ X O
an DT X O
excellent JJ X O
immediate JJ X O
position NN X O
, , X O
with IN X O
a DT X O
high JJ X B-Skill
level NN X I-Skill
of IN X I-Skill
responsibility NN X I-Skill
, , X O
combined VBN X O
with IN X O
superb JJ X O
prospects NNS X O
for IN X O
development NN X O
within IN X O
the DT X O
group NN X O
of IN X O
companies NNS X O
, , X O
for IN X O
the DT X O
fully RB X O
qualified JJ X O
candidate NN X O
. . X O
Preparation NN X B-Skill

of IN X I-Skill
project NN X I-Skill
quality NN X I-Skill
documentation NN X I-Skill
following VBG X O
all DT X O
IEC NNP X B-Skill
and CC X I-Skill
client NN X I-Skill
quality NN X I-Skill
processes NNS X I-Skill
and CC X O
provide VB X B-Skill
and CC X I-Skill
meet VB X I-Skill
deliverables NNS X I-Skill
for IN X I-Skill
PQP NNP X I-Skill
s NN X I-Skill
. . X O
Maintain NNP X B-Skill
awareness NN X I-Skill
of IN X I-Skill
technological JJ X I-Skill
advances NNS X I-Skill
and CC X I-Skill
industry NN X I-Skill
best RBS X I-Skill
practice NN X I-Skill
. . X O
Previous JJ X O

experience NN X B-Skill
and CC X O
/ NN X O
or CC X O
qualifications NNS X O
to TO X O
ensure VB X O
understanding NN X O
of IN X O
relevant JJ X O
fire NN X B-Skill
, , X I-Skill
access NN X I-Skill
, , X I-Skill
intruder NN X I-Skill
and CC X I-Skill
CCTB NNP X I-Skill
systems NNS X I-Skill
Experience NNP X O
of IN X O
addressable JJ X B-Skill
fire NN X I-Skill
alarm NN X I-Skill
devices NNS X I-Skill
We PRP X O

are VBP X O
looking VBG X O
for IN X O
motivated JJ X B-Skill
people NNS X O
that WDT X O
want VBP X O
to TO X O
earn VB X O
over IN X O
Based VBN X O

at IN X O
Head NNP X O
Office NNP X O
but CC X O
spending VBG X O
a DT X O
good JJ X O
amount NN X O
of IN X O
time NN X O
out IN X O
visiting VBG X B-Skill
sites NNS X I-Skill
and CC X O
dealing VBG X B-Skill
with IN X I-Skill
all DT X I-Skill
HR NNP X I-Skill
queries NNS X I-Skill
. . X O
Whether IN X O

an DT X O
outcome NN X O
is VBZ X O
satisfactory JJ X O
will MD X O
be VB X O
determined VBN X O
by IN X O
the DT X O
University NNP X O
. . X O
experience NN X O

within IN X O
an DT X O
SEN NNP X B-Skill
setting VBG X I-Skill
Ideally RB X O
have VBP X O
undertaken VBN X O
Team NN X O
We PRP X O

are VBP X O
looking VBG X O
to TO X O
recruit VB X O
a DT X O
manager NN X B-Skill
for IN X O
the DT X O
home NN X O
where WRB X O
you PRP X O
will MD X O
be VB X O
the DT X O
Registered NNP X B-Occupation
CQC NNP X I-Occupation
Manager NNP X I-Occupation
, , X O
as IN X O
the DT X O
home NN X O
is VBZ X O
a DT X O
nursing NN X O
home NN X O
you PRP X O
must MD X O
be VB X O
a DT X O
registered JJ X B-Qualification
nurse NN X I-Qualification
with IN X I-Qualification
an DT X I-Qualification
active JJ X I-Qualification
PIN NNP X I-Qualification
number NN X I-Qualification
as RB X O
well RB X O
as IN X O
your PRP$ X O
Registered NNP X B-Qualification
Managers NNPS X I-Qualification
Award NNP X I-Qualification
or CC X I-Qualification
NVQ NNP X I-Qualification
Level NNP X I-Qualification
4 CD X I-Qualification
in IN X I-Qualification
Management NNP X I-Qualification
. . X O
JavaScript NNP X B-Occupation

Developer NNP X I-Occupation
urgently RB X O
required VBD X O
for IN X O
a DT X O
major JJ X O
government NN X O
funded VBD X O
agency NN X O
: : X O
Salesforce NNP X O

. . X O
com NN X O
**** JJ X O
year NN X B-Experience
' POS X I-Experience
s JJ X I-Experience
experience NN X I-Experience
with IN X O
Marketing NNP X B-Skill
Managerial NNP X I-Skill
experience NN X O
Experience NN X O
of IN X O
working VBG X B-Skill
with IN X I-Skill
campaigns NNS X I-Skill
/ VBP X O
managing VBG X B-Skill
campaigns NNS X I-Skill
Experience NNP X O
of IN X O
working VBG X B-Skill
with IN X I-Skill
Social NNP X I-Skill
Media NNP X I-Skill
Campaigns NNP X I-Skill
Mason NNP X O
Frank NNP X O
International NNP X O
understand NN X O
that WDT X O
Salesforce NNP X O
. . X O
com NN X O
is VBZ X O
an DT X O
extremely RB X O
Niche NN X O
Market NN X O
interpersonal JJ X B-Skill

and CC X O
customer NN X B-Skill
relationship NN X I-Skill
skills NNS X O
' POS X O
Appropriate NNP X O
qualifications NNS X O
are VBP X O
ESSENTIAL NNP X O
' POS X O
Barratt NNP X O

continues VBZ X O
to TO X O
go VB X B-Skill
from IN X I-Skill
strength NN X I-Skill
to TO X I-Skill
strength NN X I-Skill
and CC X O
has VBZ X O
recently RB X O
delivered VBN X O
a DT X O
very RB X O
impressive JJ X O
series NN X O
of IN X O
performance NN X O
updates NNS X O
. . X O
Apply VB X O

for IN X O
this DT X O
role NN X O
today NN X O
and CC X O
become VB X O
part NN X O
of IN X O
a DT X O
fantastic JJ X O
conference NN X O
company NN X O
by IN X O
sending VBG X O
me PRP X O
your PRP$ X O
CV NNP X O
via IN X O
this DT X O
website NN X O
have VB X B-Skill

good JJ X I-Skill
technical JJ X I-Skill
and CC X I-Skill
nontechnical JJ X I-Skill
communication NN X I-Skill
skills NNS X I-Skill
be VB X I-Skill
selfmotivated VBN X I-Skill
and CC X I-Skill
able JJ X I-Skill
to TO X I-Skill
take VB X I-Skill
the DT X I-Skill
initiative NN X I-Skill
be VB X I-Skill
focused VBN X I-Skill
on IN X I-Skill
delivery NN X I-Skill
have VBP X I-Skill
great JJ X I-Skill
attention NN X I-Skill
to TO X I-Skill
detail VB X I-Skill
have VB X I-Skill
a DT X I-Skill
a DT X I-Skill
flexible JJ X I-Skill
attitude NN X I-Skill
and CC X I-Skill
enjoy VB X I-Skill
working VBG X I-Skill
in IN X I-Skill
an DT X I-Skill
informal JJ X I-Skill
, , X O
entrepreneurial JJ X B-Skill
environment NN X I-Skill
Visual NNP X I-Skill
Studio NNP X I-Skill
, , X O
C NNP X B-Skill
. . X I-Skill
NET NN X I-Skill
A DT X O

beautiful JJ X O
historic JJ X O
care NN X O
home NN X O
with IN X O
panoramic JJ X O
views NNS X O
across IN X O
the DT X O
South NNP X O
Downs NNP X O
has VBZ X O
the DT X O
following JJ X O
vacancies NNS X O
: : X O
RN NNP X B-Occupation
in IN X O
nursing VBG X O
unit NN X O
full JJ X O
time NN X O
Represents NNS X B-Skill

the DT X I-Skill
organisation NN X I-Skill
at IN X I-Skill
various JJ X I-Skill
business NN X I-Skill
meetings NNS X I-Skill
, , X O
both DT X O
client NN X B-Skill
facing NN X I-Skill
and CC X O
internal JJ X O
. . X O
This DT X O

is VBZ X O
a DT X O
growth NN X O
role NN X O
with IN X O
a DT X O
highly RB X O
successful JJ X O
independent JJ X O
Search NNP X O
and CC X O
Selection NNP X O
Consultancy NNP X O
specialising VBG X O
in IN X O
various JJ X O
professional JJ X O
vertical NN X O
markets NNS X O
. . X O
This DT X O

can MD X O
be VB X O
a DT X O
highly RB X O
pressurised JJ X O
role NN X O
but CC X O
can MD X O
also RB X O
be VB X O
very RB X O
rewarding VBG X O
for IN X O
the DT X O
right JJ X O
person NN X O
. . X O
This DT X O

position NN X O
is VBZ X O
temporary JJ X O
ongoing VBG X O
with IN X O
a DT X O
permanent JJ X O
job NN X O
for IN X O
the DT X O
right JJ X O
candidate NN X O
. . X O
To TO X O

carry VB X B-Skill
out RP X I-Skill
internal JJ X I-Skill
verification NN X I-Skill
duties NNS X I-Skill
as IN X O
required VBN X O
by IN X O
the DT X O
programme JJ X O
area NN X O
manager NN X O
to TO X O
ensure VB X O
that IN X O
both DT X O
the DT X O
verification NN X O
of IN X O
learners NNS X O
' POS X O
work NN X O
and CC X O
course NN X O
requirements NNS X O
comply VBP X O
with IN X O
the DT X O
standards NNS X O
and CC X O
criteria NNS X O
laid VBN X O
down RB X O
by IN X O
the DT X O
external JJ X O
bodies NNS X O
. . X O
As IN X O

the DT X O
Electrical NNP X B-Occupation
Engineering NNP X I-Occupation
technical JJ X I-Occupation
expert NN X I-Occupation
, , X O
to TO X O
support VB X B-Skill
new JJ X I-Skill
and CC X I-Skill
existing VBG X I-Skill
product NN X I-Skill
development NN X I-Skill
and CC X O
provide VB X B-Skill
support NN X I-Skill
to TO X I-Skill
design VB X I-Skill
, , X I-Skill
sales NNS X I-Skill
and CC X I-Skill
technical JJ X I-Skill
teams NNS X I-Skill
throughout IN X I-Skill
the DT X I-Skill
full JJ X I-Skill
product NN X I-Skill
lifecycle NN X I-Skill
. . X O
As RB X O

well RB X O
as IN X O
ensuring VBG X B-Skill
BAU NNP X I-Skill
Unix NNP X I-Skill
operations NNS X I-Skill
, , X O
you PRP X O
will MD X O
provide VB X B-Skill
specialised JJ X I-Skill
advice NN X I-Skill
or CC X I-Skill
consultancy NN X I-Skill
on IN X I-Skill
UNIX NNP X I-Skill
related JJ X I-Skill
matters NNS X I-Skill
. . X O
Provide NNP X O

high JJ X B-Skill
levels NNS X I-Skill
of IN X I-Skill
customer NN X I-Skill
service NN X I-Skill
whilst NN X O
operating VBG X B-Skill
in IN X I-Skill
a DT X I-Skill
manner NN X I-Skill
which WDT X I-Skill
supports VBZ X I-Skill
/ NN X I-Skill
enhances VBZ X I-Skill
the DT X I-Skill
brand NN X I-Skill
values NNS X I-Skill
, , X O
ensures VBZ X B-Skill
customer NN X I-Skill
retention NN X I-Skill
and CC X I-Skill
delivery NN X I-Skill
. . X O
These DT X O

are VBP X O
great JJ X O
opportunities NNS X O
for IN X O
individual NN X O
who WP X O
are VBP X O
keen JJ X O
to TO X O
progress VB X O
their PRP$ X O
career NN X O
and CC X O
learn NN X O
from IN X O
those DT X O
around IN X O
them PRP X O
They PRP X O

are VBP X O
recognised VBN X O
for IN X O
their PRP$ X O
professionalism NN X B-Skill
in IN X O
the DT X O
offshore NN X B-Domain
market NN X I-Domain
and CC X O
deliver NN X O
: : X O
FPSO NNP X B-Skill
concept NN X I-Skill
studies NNS X I-Skill
, , X O
vessel NN X B-Skill
conversions NNS X I-Skill
, , X O
stability NN X B-Skill
studies NNS X I-Skill
, , X O
ship JJ X B-Skill
motions NNS X I-Skill
and CC X O
operability NN X B-Skill
, , X O
ship JJ X B-Skill
structures NNS X I-Skill
analyses VBZ X I-Skill
using VBG X O
FEA NNP X B-Skill
as RB X O
well RB X O
as IN X O
marine NN X B-Skill
and CC X O
offshore JJ X B-Skill
construction NN X I-Skill
operations NNS X I-Skill
. . X O
Working JJ X O

hours NNS X O
are VBP X O
8 CD X O
. . X O
30 CD X O
am VBP X O
5 CD X O
. . X O
00 CD X O
pm NN X O
, , X O
Monday NNP X O
to TO X O
Friday NNP X O
. . X O
We PRP X O

are VBP X O
one CD X O
of IN X O
the DT X O
UKs NNP X O
largest JJS X O
suppliers NNS X O
of IN X O
analytical JJ X B-Occupation
staff NN X I-Occupation
, , X O
and CC X O
have VBP X O
an DT X O
impressive JJ X O
client NN X O
list NN X O
, , X O
ranging VBG X O
from IN X O
SMEs NNP X O
to TO X O
some DT X O
of IN X O
the DT X O
world NN X O
' POS X O
s NN X O
leading VBG X O
bluechip JJ X O
pharmaceutical JJ X O
companies NNS X O
. . X O
This DT X O

could MD X O
include VB X O
work VB X O
placement NN X O
during IN X O
degree NN X B-Qualification
who WP X O
either DT X O
lives NNS X O
within IN X O
Good JJ X O

verbal NN X B-Skill
and CC X I-Skill
written VBN X I-Skill
skills NNS X I-Skill
with IN X O
particular JJ X O
eye NN X B-Skill
for IN X I-Skill
details NNS X I-Skill
A NNP X O
diplomatic NN X B-Skill
and CC X O
flexible JJ X B-Skill
approach NN X O
to TO X O
requests NNS X O
for IN X O
assistance NN X O
is VBZ X O
essential JJ X O
High NNP X O
level NN X O
of IN X O
interpersonal JJ X B-Skill
and CC X I-Skill
customer NN X I-Skill
relationship NN X I-Skill
skills NNS X I-Skill
Knowledge NNP X O
of IN X O
Intranet NNP X B-Skill
systems NNS X I-Skill
and CC X O
My PRP$ X O

client NN X O
is VBZ X O
a DT X O
leading VBG X O
provider NN X O
of IN X O
engineering NN X B-Domain
and CC X I-Domain
facilities NNS X I-Domain
management NN X I-Domain
services NNS X I-Domain
throughout IN X O
the DT X O
UK NNP X O
. . X O
What WP X O

we PRP X O
are VBP X O
looking VBG X O
for IN X O
: : X O
Previous JJ X O
retail JJ X B-Domain
/ NN X I-Domain
shopper NN X I-Domain
marketing NN X I-Domain
experience NN X O
with IN X O
an DT X O
indepth JJ X O
understanding NN X O
of IN X O
retail JJ X B-Skill
messaging NN X I-Skill
and CC X I-Skill
context NN X I-Skill
. . X O
Desirable JJ X O

M NNP X B-Qualification
. . X I-Qualification
Sc NNP X I-Qualification
. . X I-Qualification
or CC X O
Ph NNP X B-Qualification
. . X I-Qualification
D NNP X I-Qualification
. . X I-Qualification
Skills NNP X O
Hands VBZ X O
on IN X O
application NN X O
of IN X O
one CD X O
or CC X O
more JJR X O
of IN X O
the DT X O
techniques NNS X O
listed VBN X O
above IN X O
and CC X O
understand VB X O
their PRP$ X O
use NN X O
in IN X O
characterisation NN X O
of IN X O
Biopharmaceuticals NNS X B-Domain
. . X O
The DT X O

company NN X O
is VBZ X O
currently RB X O
recruiting VBG X O
for IN X O
a DT X O
Water NNP X B-Occupation
Treatment NNP X I-Occupation
Engineer NNP X I-Occupation
to TO X O
join VB X O
their PRP$ X O
team NN X O
working VBG X O
from IN X O
their PRP$ X O
West NNP X O
Midlands NNP X O
office NN X O
. . X O
**** NN X O

in IN X O
your PRP$ X O
current JJ X O
role NN X O
but CC X O
ready JJ X O
to TO X O
step VB X O
up RB X O
to TO X O
take VB X O
overall JJ X O
control NN X O
of IN X O
the DT X O
finances NNS X O
for IN X O
a DT X O
large JJ X O
and CC X O
still RB X O
expanding VBG X O
security NN X O
business NN X O
Portfolio NNP X O

embraces VBZ X O
diversity NN X O
and CC X O
is VBZ X O
committed VBN X O
to TO X O
providing VBG X O
equal JJ X O
opportunities NNS X O
for IN X O
candidates NNS X O
. . X O
The DT X O

role NN X O
will MD X O
be VB X O
a DT X O
diverse JJ X O
one CD X O
, , X O
you PRP X O
will MD X O
spend VB X O
time NN X O
working VBG X B-Skill
with IN X I-Skill
children NNS X I-Skill
in IN X I-Skill
the DT X I-Skill
mainstream NN X I-Skill
and CC X I-Skill
Special JJ X I-Skill
Unit NNP X I-Skill
, , X I-Skill
working VBG X I-Skill
specifically RB X I-Skill
on IN X I-Skill
Speech NNP X I-Skill
& CC X I-Skill
Language NNP X I-Skill
skills VBZ X I-Skill
. . X O
Responsibilities NNS X O

Reporting VBG X B-Skill
to TO X I-Skill
the DT X I-Skill
Audit NNP X I-Skill
Manager NNP X I-Skill
, , X I-Skill
duties NNS X O
and CC X O
responsibilities NNS X O
will MD X O
include VB X O
: : X O
Responsibility NN X B-Skill
for IN X I-Skill
a DT X I-Skill
portfolio NN X I-Skill
of IN X I-Skill
audit NN X I-Skill
clients NNS X I-Skill
Planning NNP X I-Skill
of IN X I-Skill
audit NN X I-Skill
timing NN X I-Skill
, , X I-Skill
staffing VBG X I-Skill
and CC X I-Skill
structure NN X I-Skill
Liaising NNP X I-Skill
closely RB X I-Skill
with IN X I-Skill
clients NNS X I-Skill
Reviewing VBG X I-Skill
audit NN X I-Skill
work NN X I-Skill
papers NNS X I-Skill
Additional JJ X O

Keywords NNS X O
: : X O
Business NNP X B-Occupation
Development NNP X I-Occupation
Manager NNP X I-Occupation
, , X O
Senior NNP X B-Occupation
Business NNP X I-Occupation
Consultant NNP X I-Occupation
, , X O
Business NNP X B-Occupation
Development NNP X I-Occupation
Consultant NNP X I-Occupation
, , X O
BDM NNP X B-Occupation
, , X O
New NNP X B-Occupation
Business NNP X I-Occupation
Sales NNS X I-Occupation
Executive NNP X I-Occupation
, , X O
Senior NNP X B-Occupation
Business NNP X I-Occupation
Development NNP X I-Occupation
Executive NNP X I-Occupation
, , X O
Sales NNS X B-Occupation
Representative NNP X I-Occupation
, , X O
Sales NNS X B-Occupation
Consultant NNP X I-Occupation
, , X O
BDM NNP X B-Occupation
, , X O
Sales NNS X B-Occupation
Executive NNP X I-Occupation
, , X O
New NNP X B-Occupation
Business NNP X I-Occupation
Sales NNS X I-Occupation
Executive NNP X I-Occupation
. . X O
Implementation NN X B-Occupation

Consultant NNP X I-Occupation
/ NNP X O
Applications NNP X B-Occupation
Consultant NNP X I-Occupation
with IN X O
full JJ X B-Skill
life NN X I-Skill
cycle NN X I-Skill
implementation NN X I-Skill
experience NN X O
of IN X O
commercial JJ X B-Skill
software NN X I-Skill
applications NNS X I-Skill
new JJ X O
role NN X O
just RB X O
outside JJ X O
Bristol NNP X O
, , X O
between IN X O
Nailsea NNP X O
and CC X O
Portishead NNP X O
, , X O
very RB X O
convenient NN X O
for IN X O
the DT X O
M5 NNP X O
. . X O
The DT X O

company NN X O
is VBZ X O
proud JJ X O
of IN X O
their PRP$ X O
rich JJ X O
heritage NN X O
, , X O
showing VBG X O
their PRP$ X O
first JJ X O
towels NNS X O
at IN X O
the DT X O
Great NNP X O
Exhibition NNP X O
at IN X O
Crystal NNP X O
Palace NNP X O
in IN X O
Take VB X O

responsibility NN X O
for IN X O
coordinating VBG X B-Skill
own JJ X I-Skill
workload NN X I-Skill
and CC X O
embrace NN X O
teamwork NN X B-Skill
approach NN X O
Experience NN X O
and CC X O
Qualification NNP X O
A NNP X O
Master NNP X B-Qualification
' POS X I-Qualification
s JJ X I-Qualification
degree NN X I-Qualification
or CC X I-Qualification
equivalent NN X I-Qualification
in IN X I-Qualification
statistics NNS X I-Qualification
or CC X I-Qualification
econometrics NNS X I-Qualification
, , X O
preferably RB X O
including VBG X O
a DT X O
medical JJ X B-Skill
statistics NNS X I-Skill
component NN X O
. . X O
Liaising VBG X B-Skill

with IN X I-Skill
end NN X I-Skill
sites NNS X I-Skill
and CC X I-Skill
suppliers NNS X I-Skill
to TO X I-Skill
ensure VB X I-Skill
a DT X I-Skill
smooth JJ X I-Skill
and CC X I-Skill
timely JJ X I-Skill
install NN X I-Skill
. . X O
Successful JJ X O

applicants NNS X O
are VBP X O
required VBN X O
to TO X O
provide VB X O
and CC X O
enhanced JJ X O
disclosure NN X O
. . X O
The DT X O

potential NN X O
is VBZ X O
vast JJ X O
with IN X O
this DT X O
company NN X O
and CC X O
will MD X O
need VB X O
someone NN X O
with IN X O
a DT X O
passion NN X O
to TO X O
build VB X O
a DT X O
career NN X O
in IN X O
this DT X O
industry NN X O
Importantly RB X O

you PRP X O
will MD X O
consider VB X O
the DT X O
impact NN X O
of IN X O
system NN X O
changes NNS X O
on IN X O
business NN X O
process NN X O
. . X O
Duties NNS X O

include VBP X O
: : X O
Undertaking JJ X B-Skill
assessments NNS X I-Skill
of IN X I-Skill
patients NNS X I-Skill
in IN X O
a DT X O
Hospital NNP X O
and CC X O
Home NNP X O
setting VBG X O
Performing VBG X B-Skill
clinical JJ X I-Skill
duties NNS X I-Skill
in IN X O
the DT X O
patients NNS X O
homes NNS X O
IV NNP X B-Skill
therapies NNS X I-Skill
The DT X O

Sous NNP X B-Occupation
Chef NNP X I-Occupation
will MD X O
get VB X O
weekdays NNS X O
off IN X O
The DT X O
Sous NNP X B-Occupation
Chef NNP X I-Occupation
must MD X O
be VB X O
in IN X O
the DT X O
North NNP X O
West NNP X O
of IN X O
London NNP X O
or CC X O
have VB X O
access NN X O
to TO X O
the DT X O
overground NN X O
from IN X O
Richmond NNP X O
or CC X O
Gospel NNP X O
Oak NNP X O
. . X O
As IN X O

a DT X O
minimum NN X O
you PRP X O
will MD X O
need VB X O
to TO X O
have VB X O
a DT X O
qualification NN X O
for IN X O
teaching VBG X B-Domain
adults NNS X O
e RB X O
. . X O
g NN X O
. . X O
PTTLS NNP X B-Qualification
and CC X O
hold VB X O
an DT X O
assessor JJ X B-Qualification
licence NN X I-Qualification
. . X O
all PDT X O

the DT X O
MGT NNP X O
Training NNP X O
company NN X O
policies NNS X O
and CC X O
procedures NNS X O
are VBP X O
maintained VBN X O
throughout IN X O
the DT X O
department NN X O
and CC X O
whilst NN X O
out RP X O
visiting VBG X O
candidates NNS X O
/ JJ X O
employers NNS X O
. . X O
You PRP X O

must MD X O
be VB X O
highly RB X O
organised VBN X B-Skill
with IN X O
demonstrable JJ X O
experience NN X B-Skill
of IN X I-Skill
managing VBG X I-Skill
process NN X I-Skill
driven VBN X O
IT NNP X B-Skill
projects NNS X I-Skill
in IN X O
corporate JJ X O
environments NNS X O
, , X O
with IN X O
the DT X O
ability NN X B-Skill
to TO X I-Skill
maintain VB X I-Skill
a DT X I-Skill
flexible JJ X I-Skill
approach NN X I-Skill
where WRB X O
necessary JJ X O
. . X O
This DT X O

results NNS X O
in IN X O
a DT X O
higher JJR X O
quality NN X O
of IN X O
interviews NNS X O
that WDT X O
are VBP X O
not RB X O
only RB X O
relevant JJ X O
to TO X O
your PRP$ X O
experience NN X O
but CC X O
also RB X O
character NN X O
. . X O
Running VBG X B-Skill

first JJ X I-Skill
interviews NNS X I-Skill
in IN X I-Skill
line NN X I-Skill
with IN X I-Skill
Company NNP X I-Skill
s VB X I-Skill
Standard NNP X I-Skill
Operating NNP X I-Skill
Procedures NNP X I-Skill
Sitting NNP X I-Skill
in IN X I-Skill
on IN X I-Skill
second JJ X I-Skill
interviews NNS X I-Skill
with IN X I-Skill
Directors NNP X B-Occupation
Plan NNP X B-Skill
induction NN X I-Skill
courses NNS X I-Skill
with IN X I-Skill
the DT X I-Skill
Training NNP X B-Occupation
Manager NNP X I-Occupation
to TO X O
ensure VB X B-Skill
continual JJ X I-Skill
pipeline NN X I-Skill
of IN X I-Skill
new JJ X I-Skill
quality NN X I-Skill
recruits VBZ X I-Skill
People NNP X I-Skill
Development NNP X I-Skill
A NNP X I-Skill
focused VBD X I-Skill
approach NN X I-Skill
on IN X I-Skill
all DT X I-Skill
aspects NNS X I-Skill
of IN X I-Skill
people NNS X I-Skill
management NN X I-Skill
and CC X I-Skill
development NN X I-Skill
. . X O
If IN X O

you PRP X O
haven VBP X O
' '' X O
t NN X O
received VBD X O
a DT X O
response NN X O
within IN X O
one CD X O
week NN X O
, , X O
regretfully RB X O
, , X O
you PRP X O
will MD X O
have VB X O
not RB X O
been VBN X O
shortlisted VBN X O
on IN X O
this DT X O
occasion NN X O
This DT X O
job NN X O
was VBD X O
originally RB X O
posted VBN X O
as IN X O
Paid VBN X O

as IN X O
a DT X O
flat JJ X O
weekly JJ X O
rate NN X O
with IN X O
an DT X O
ongoing JJ X O
opportunity NN X O
for IN X O
overtime NN X O
. . X O
Work NN X B-Skill

with IN X I-Skill
the DT X I-Skill
proposals NNS X I-Skill
, , X I-Skill
sales NNS X I-Skill
and CC X I-Skill
operations NNS X I-Skill
teams NNS X I-Skill
to TO X I-Skill
ensure VB X I-Skill
the DT X I-Skill
delivery NN X I-Skill
of IN X I-Skill
the DT X I-Skill
overall JJ X I-Skill
business NN X I-Skill
strategy NN X I-Skill
. . X O
My PRP$ X O

client NN X O
is VBZ X O
a DT X O
leading VBG X O
Transport NNP X O
Consultancy NNP X O
who WP X O
specialise VBP X O
in IN X O
a DT X O
range NN X O
of IN X O
sectors NNS X O
such JJ X O
as IN X O
Civil NNP X B-Domain
and CC X O
Structural NNP X B-Domain
engineering NN X I-Domain
to TO X O
Transport NNP X B-Skill
Planning NNP X I-Skill
and CC X O
Modelling NNP X B-Skill
. . X O
You PRP X O

will MD X O
also RB X O
have VB X O
a DT X O
natural JJ X O
ability NN X O
to TO X O
coordinate VB X B-Skill
and CC X I-Skill
promote VB X I-Skill
products NNS X I-Skill
and CC X I-Skill
services NNS X I-Skill
to TO X O
our PRP$ X O
customers NNS X O
. . X O
Macildowie NNP X O

Associates NNPS X O
is VBZ X O
acting VBG X O
as IN X O
an DT X O
Employment NNP X O
Agency NNP X O
in IN X O
relation NN X O
to TO X O
this DT X O
vacancy NN X O
. . X O
Portfolios NNS X O

should MD X O
be VB X O
uncluttered VBN X O
, , X O
with IN X O
clean JJ X O
lines NNS X O
and CC X O
solid JJ X O
digital JJ X O
web NN X O
examples NNS X O
which WDT X O
can MD X O
be VB X O
clicked VBN X O
on IN X O
to TO X O
see VB X O
more JJR X O
detail NN X O
/ NN X O
background NN X O
around IN X O
the DT X O
project NN X O
. . X O
You PRP X O

as IN X O
a DT X O
Field NNP X B-Occupation
Sales NNS X I-Occupation
Executive NNP X I-Occupation
will MD X O
develop VB X B-Skill
a DT X I-Skill
customer NN X I-Skill
base NN X I-Skill
through IN X I-Skill
major JJ X I-Skill
marketing NN X I-Skill
sites NNS X I-Skill
, , X O
then RB X O
visit VBZ X B-Skill
potential JJ X I-Skill
customers NNS X I-Skill
that WDT X O
have VBP X O
shown VBN X O
an DT X O
interest NN X O
in IN X O
the DT X O
companys NN X O
renewable JJ X O
energy NN X O
products NNS X O
. . X O
The DT X O

successful JJ X O
candidate NN X O
will MD X O
be VB X O
RGN NNP X B-Occupation
or CC X O
RMN NNP X B-Occupation
qualified VBD X O
and CC X O
have VBP X O
previous JJ X O
experience NN X O
of IN X O
working VBG X O
at IN X O
a DT X B-Qualification
supervisory JJ X I-Qualification
level NN X I-Qualification
within IN X O
a DT X O
Nursing NNP X O
Home NNP X O
for IN X O
elderly JJ X O
and CC X O
dementia JJ X O
service NN X O
users NNS X O
environment NN X O
. . X O
Ideally RB X O

you PRP X O
will MD X O
have VB X O
a DT X O
Degree NNP X B-Qualification
in IN X I-Qualification
Design NNP X I-Qualification
or CC X I-Qualification
Multimedia NNP X I-Qualification
but CC X O
strong JJ X O
work NN X O
examples NNS X O
would MD X O
be VB X O
sufficient JJ X O
. . X O
Internally RB X O

the DT X O
opportunities NNS X O
are VBP X O
endless JJ X O
driving VBG X O
this DT X O
cutting VBG X O
edge NN X O
multi CD X B-Domain
million CD X I-Domain
pound NN X I-Domain
business NN X I-Domain
We PRP X O

are VBP X O
currently RB X O
recruiting VBG X O
new JJ X O
Care NNP X B-Occupation
Workers NNPS X I-Occupation
to TO X O
join VB X O
our PRP$ X O
enthusiastic JJ X O
and CC X O
friendly JJ X O
team NN X O
delivering VBG X B-Skill
domiciliary JJ X I-Skill
care NN X I-Skill
to TO X I-Skill
individuals NNS X I-Skill
in IN X I-Skill
their PRP$ X I-Skill
own JJ X I-Skill
homes NNS X I-Skill
, , X O
helping VBG X B-Skill
maintain NN X I-Skill
independence NN X I-Skill
and CC X I-Skill
dignity NN X I-Skill
. . X O
Chartered NNP X B-Skill

ACCA NNP X I-Skill
, , X I-Skill
ACA NNP X I-Skill
, , X I-Skill
CIMA NNP X I-Skill
, , X I-Skill
ERP NNP X I-Skill
, , X I-Skill
SAP NNP X I-Skill
, , X O
management NN X B-Skill
accounts NNS X I-Skill
, , X I-Skill
financial JJ X I-Skill
reporting NN X I-Skill
, , X O
audit NN X B-Skill
management NN X I-Skill
, , X I-Skill
Epicor NNP X I-Skill
ERP NNP X I-Skill
system NN X I-Skill
. . X O
The DT X O

French JJ X B-Occupation
Graduate NNP X I-Occupation
Assistant NNP X I-Occupation
should MD X O
be VB X O
: : X O
Native JJ X B-Skill
French JJ X I-Skill
speaker NN X I-Skill
Educated VBD X O
to TO X O
degree VB X B-Qualification
level NN X I-Qualification
GOQ NNP X I-Qualification
women NNS X B-Skill
Able NNP X O
to TO X O
communicate VB X B-Skill
effectively RB X I-Skill
Able JJ X O
to TO X O
take VB X B-Skill
responsibility NN X I-Skill
and CC X O
make VB X B-Skill
decisions NNS X I-Skill
Calm NNP X I-Skill
under IN X I-Skill
pressure NN X I-Skill
Committed VBN X I-Skill
and CC X O
hard JJ X B-Skill
working NN X I-Skill
To TO X O

act VB X B-Skill
as IN X I-Skill
an DT X I-Skill
advocate NN X I-Skill
for IN X I-Skill
the DT X I-Skill
child NN X I-Skill
and CC X I-Skill
their PRP$ X I-Skill
family NN X I-Skill
, , X O
ensuring VBG X B-Skill
that IN X I-Skill
information NN X I-Skill
regarding VBG X I-Skill
support NN X I-Skill
services NNS X I-Skill
is VBZ X I-Skill
made VBN X I-Skill
available JJ X I-Skill
. . X O
Ability NN X O

to TO X O
manage VB X B-Skill
the DT X I-Skill
demands NNS X I-Skill
of IN X I-Skill
a DT X I-Skill
portfolio NN X I-Skill
of IN X I-Skill
products NNS X I-Skill
. . X O
This DT X O

is VBZ X O
an DT X O
opportunity NN X O
to TO X O
join VB X O
The DT X O
Cooperative NNP X O
Banking NNP X B-Domain
Group NNP X O
at IN X O
a DT X O
time NN X O
of IN X O
exciting VBG X O
growth NN X O
and CC X O
development NN X O
a DT X O
time NN X O
that IN X O
offers VBZ X O
you PRP X O
largescale VBP X O
development NN X O
opportunity NN X O
, , X O
the DT X O
chance NN X O
to TO X O
make VB X O
your PRP$ X O
mark NN X O
and CC X O
progress VB X O
your PRP$ X O
career NN X O
. . X O
To TO X O

be VB X O
considered VBN X O
for IN X O
this DT X O
role NN X O
you PRP X O
must MD X O
be VB X O
a DT X O
Registered NNP X B-Qualification
Nurse NNP X I-Qualification
with IN X O
an DT X O
active JJ X O
PIN NNP X O
. . X O
Established VBN X O

in IN X O
1990 CD X O
, , X O
BMS NNP X O
has VBZ X O
achieved VBN X O
a DT X O
truly RB X O
nationwide JJ X O
presence NN X O
through IN X O
a DT X O
number NN X O
of IN X O
regional JJ X O
centres NNS X O
. . X O
For IN X O

this DT X O
role NN X O
candidates NNS X O
will MD X O
be VB X O
expected VBN X O
to TO X O
: : X O
Take VB X B-Skill
ownership NN X I-Skill
of IN X I-Skill
forecasting VBG X I-Skill
models NNS X I-Skill
for IN X I-Skill
the DT X I-Skill
mobile NN X I-Skill
, , X I-Skill
broadband NN X I-Skill
and CC X I-Skill
broader JJR X I-Skill
telecoms NNS X I-Skill
markets NNS X I-Skill
covering VBG X I-Skill
key JJ X I-Skill
variables NNS X I-Skill
such JJ X I-Skill
as IN X I-Skill
subscribers NNS X I-Skill
, , X I-Skill
handsets NNS X I-Skill
and CC X I-Skill
devices NNS X I-Skill
, , X I-Skill
networks NNS X I-Skill
and CC X I-Skill
content NN X I-Skill
and CC X I-Skill
applications NNS X I-Skill
. . X I-Skill
You PRP X O

will MD X O
need VB X O
to TO X O
exercise VB X O
good JJ X O
common JJ X B-Skill
sense NN X I-Skill
and CC X I-Skill
judgement NN X I-Skill
to TO X O
ensure VB X O
that IN X O
all DT X O
equipment NN X O
is VBZ X O
repaired VBN X O
and CC X O
restored VBN X O
to TO X O
its PRP$ X O
optimum JJ X O
state NN X O
with IN X O
the DT X O
minimum NN X O
of IN X O
down JJ X O
time NN X O
and CC X O
cost NN X O
. . X O
Provide NNP X B-Skill

guidance NN X I-Skill
to TO X I-Skill
temporary JJ X I-Skill
secretaries NNS X I-Skill
when WRB X O
required VBN X O
to TO X O
do VB X O
so RB X O
. . X O
Programs NNP X B-Skill

, , X I-Skill
validates NNS X I-Skill
and CC X I-Skill
documents NNS X I-Skill
data NNS X I-Skill
tabulations NNS X I-Skill
, , X O
graphics NNS X B-Skill
and CC X I-Skill
statistical JJ X I-Skill
evaluations NNS X I-Skill
for IN X O
efficacy NN X O
and CC X O
safety NN X O
. . X O
For IN X O

this DT X O
position NN X O
, , X O
you PRP X O
will MD X O
have VB X O
obtained VBN X O
a DT X B-Qualification
degree NN X I-Qualification
in IN X I-Qualification
life NN X I-Qualification
sciences NNS X I-Qualification
as RB X O
well RB X O
as IN X O
direct JJ X B-Skill
experience NN X I-Skill
in IN X I-Skill
Quality NNP X I-Skill
Assurance NNP X I-Skill
in IN X O
the DT X O
natural JJ X B-Domain
medicines NNS X I-Domain
, , X O
healthcare NN X B-Domain
, , X O
food NN X B-Domain
or CC X O
Pharmaceuticals NNS X B-Domain
Industry NNP X O
. . X O
Ideally RB X O

, , X O
you PRP X O
will MD X O
have VB X O
been VBN X O
involved VBN X O
in IN X O
new JJ X O
sites NNS X O
openings NNS X O
. . X O
She PRP X O

takes VBZ X O
responsibility NN X O
for IN X O
the DT X O
planning NN X B-Skill
, , X O
development NN X B-Skill
, , X O
validation NN X B-Skill
, , X O
documentation NN X B-Skill
and CC X O
maintenance NN X B-Skill
of IN X I-Skill
SAS NNP X I-Skill
code NN X I-Skill
to TO X O
support VB X B-Skill
project NN X I-Skill
work NN X I-Skill
. . X O
Day NNP X O

to TO X O
Day NNP X O
Work NNP X O
: : X O
Respond NN X B-Skill
to TO X I-Skill
technical JJ X I-Skill
service NN X I-Skill
requests NNS X I-Skill
on IN X O
variety NN X O
of IN X O
Desktops NNP X O
, , X O
Laptops NNP X O
, , X O
Printers NNP X O
, , X O
C NNP X O
P NNP X O
and CC X O
Epos NNP X O
equipment NN X O
. . X O
The DT X O

doctoral JJ X O
student NN X O
will MD X O
be VB X O
an DT X O
employee NN X O
of IN X O
the DT X O
University NNP X O
for IN X O
the DT X O
duration NN X O
of IN X O
the DT X O
doctorial JJ X O
studies NNS X O
and CC X O
will MD X O
be VB X O
given VBN X O
a DT X O
fulltime NN X O
contract NN X O
and CC X O
salary NN X O
for IN X O
three CD X O
years NNS X O
. . X O
You PRP X O

will MD X O
be VB X O
a DT X O
team NN X O
player NN X O
with IN X O
a DT X O
strong JJ X O
work NN X B-Skill
ethic JJ X I-Skill
and CC X O
enjoy JJ X O
working VBG X B-Skill
in IN X I-Skill
a DT X I-Skill
large JJ X I-Skill
team NN X I-Skill
. . X O
The DT X O

successful JJ X O
candidate NN X O
will MD X O
be VB X O
joining VBG X O
a DT X O
vibrant NN X O
small JJ X O
company NN X O
and CC X O
will MD X O
need VB X O
to TO X O
keep VB X O
up RP X O
with IN X O
the DT X O
fast NN X O
paced VBD X O
and CC X O
hard JJ X O
working VBG X O
lifestyle NN X O
. . X O
the DT X O

relative JJ X O
success NN X O
of IN X O
the DT X O
strategy NN X O
suite NN X O
and CC X O
recommend VB X B-Skill
corrective JJ X I-Skill
actions NNS X I-Skill
where WRB X O
necessary JJ X O
Assist NN X O
in IN X O
the DT X O
communication NN X B-Skill
of IN X I-Skill
and CC X I-Skill
development NN X I-Skill
of IN X I-Skill
ideas NNS X I-Skill
with IN X O
all DT X O
levels NNS X O
of IN X O
management NN X B-Domain
and CC X O
key JJ X B-Domain
business NN X I-Domain
areas NNS X I-Domain
impacted VBN X O
by IN X O
strategy NN X O
changes NNS X O
Partner NNP X O
with IN X O
key JJ X O
stakeholders NNS X O
from IN X O
across IN X O
the DT X O
business NN X O
to TO X O
develop VB X B-Skill
and CC X I-Skill
execute VB X I-Skill
coordinated VBN X I-Skill
, , X I-Skill
robust JJ X I-Skill
and CC X I-Skill
coherent JJ X I-Skill
treatment NN X I-Skill
strategies NNS X I-Skill
Candidate NNP X O
Profile NNP X O
technologies NNS X O

C NNP X B-Skill
or CC X O
VB NNP X B-Skill
. . X I-Skill
NET JJ X I-Skill
Experience NN X O
of IN X O
ObjectOriented NNP X B-Skill
concepts NNS X I-Skill
within IN X O
software NN X B-Skill
development NN X I-Skill
Experience NNP X O
of IN X O
writing VBG X B-Skill
unit NN X I-Skill
tests NNS X I-Skill
and CC X O
using VBG X B-Skill
unit NN X I-Skill
test NN X I-Skill
frameworks VBZ X I-Skill
Experience NNP X O
with IN X O
. . X B-Skill
NET JJ X I-Skill
web JJ X I-Skill
solutions NNS X I-Skill
such JJ X O
as IN X O
ASP NNP X B-Skill
. . X I-Skill
NET NNP X I-Skill
web NN X O
sites NNS X O
and CC X O
SOAPbased VBD X B-Skill
web NN X I-Skill
services NNS X I-Skill
This DT X O

award NN X O
winning VBG X O
global JJ X O
organisation NN X O
who WP X O
are VBP X O
working VBG X O
on IN X O
innovative JJ X O
and CC X O
market NN X O
leading VBG X O
cloudbased VBN X O
technology NN X O
are VBP X O
experiencing VBG X O
a DT X O
high JJ X O
rate NN X O
of IN X O
growth NN X O
. . X O
You PRP X O

will MD X O
work VB X O
with IN X O
a DT X O
team NN X O
dedicated VBN X B-Skill
to TO X I-Skill
excellence VB X I-Skill
, , X I-Skill
working VBG X I-Skill
with IN X I-Skill
a DT X I-Skill
diverse JJ X I-Skill
range NN X I-Skill
of IN X I-Skill
clients NNS X I-Skill
. . X O
The DT X O

package NN X O
will MD X O
also RB X O
include VB X O
10 CD X O
% NN X O
20 CD X O
% NN X O
Bonus NNP X O
, , X O
Full NNP X O
travel NN X O
expenses NNS X O
, , X O
private JJ X O
healthcare NN X O
, , X O
free JJ X O
gym NN X O
membership NN X O
, , X O
a DT X O
profit NN X O
sharing VBG X O
scheme NN X O
and CC X O
a DT X O
share NN X O
options NNS X O
package NN X O
. . X O
The DT X O

role NN X O
will MD X O
focus VB X O
on IN X O
the DT X O
growth NN X B-Skill
of IN X I-Skill
revenues NNS X I-Skill
within IN X O
the DT X O
training NN X O
division NN X O
and CC X O
the DT X O
management NN X B-Skill
of IN X O
a DT X O
small JJ X O
sales NNS X O
team NN X O
. . X O
This DT X O

is VBZ X O
a DT X O
fantastic JJ X O
opportunity NN X O
for IN X O
a DT X O
current JJ X O
Home NNP X B-Occupation
Manager NNP X I-Occupation
seeking VBG X O
a DT X O
new JJ X O
challenge NN X B-Skill
working VBG X O
for IN X O
a DT X O
prestigious JJ X O
company NN X O
offering VBG X O
a DT X O
competitive JJ X O
salary NN X O
creating VBG X O
a DT X O
lucrative JJ X O
package NN X O
alongside RB X O
company NN X O
incentives NNS X O
, , X O
support NN X O
and CC X O
progression NN X O
within IN X O
this DT X O
company NN X O
. . X O
HTML NNP X B-Skill

/ NNP X O
CSS NNP X B-Skill
/ NNP X O
jQuery NN X B-Skill
/ NNP X O
Perl NNP X B-Skill
/ NNP X O
Adobe NNP X B-Skill
CS NNP X I-Skill
/ NNP X O
London NNP X O
Front NNP X B-Occupation
End NNP X I-Occupation
Developer NNP X I-Occupation
with IN X O
strong JJ X O
JavaScript NNP X B-Skill
experience NN X I-Skill
, , X O
wanted VBN X O
by IN X O
my PRP$ X O
client NN X O
, , X O
a DT X O
well RB X O
established VBN X O
software NN X O
development NN X O
company NN X O
based VBN X O
in IN X O
London NNP X O
. . X O
You PRP X O

must MD X O
also RB X O
demonstrate VB X O
exceptional JJ X O
sales NNS X B-Skill
and CC X I-Skill
communication NN X I-Skill
attributes NNS X I-Skill
and CC X O
be VB X O
adept JJ X B-Skill
and CC X O
comfortable JJ X B-Skill
with IN X I-Skill
dealing VBG X I-Skill
with IN X I-Skill
busy JJ X I-Skill
, , X I-Skill
high JJ X I-Skill
level NN X I-Skill
individuals NNS X I-Skill
. . X O
**** NNS X O

per IN X O
week NN X O
8 CD X O
per IN X O
day NN X O
Listen NNP X B-Skill
to TO X I-Skill
3 CD X I-Skill
calls NNS X I-Skill
per IN X I-Skill
person NN X I-Skill
per IN X I-Skill
week NN X I-Skill
, , X O
noting VBG X B-Skill
on IN X I-Skill
call NN X I-Skill
monitoring NN X I-Skill
forms NNS X I-Skill
specific JJ X I-Skill
feedback NN X I-Skill
provided VBD X I-Skill
To TO X O
apply VB X O
for IN X O
this DT X O
role NN X O
, , X O
please VB X O
make VB X O
sure JJ X O
that IN X O
you PRP X O
have VBP X O
managed VBN X B-Skill
a DT X I-Skill
team NN X I-Skill
of IN X I-Skill
telesales NNS X I-Skill
staff NN X O
previously RB X O
and CC X O
have VBP X O
exceptional JJ X O
telesales NNS X B-Skill
skillsyourself PRP X O
. . X O
Depot NNP X B-Occupation

Sales NNS X I-Occupation
Manager NNP X I-Occupation
Full NNP X O
responsibility NN X B-Skill
for IN X I-Skill
depot NN X I-Skill
, , X I-Skill
office NN X I-Skill
and CC X I-Skill
sales NNS X I-Skill
teams NNS X I-Skill
. . X O
Business NN X B-Occupation

Intelligence NNP X I-Occupation
Consultant NNP X I-Occupation
duties NNS X O
: : X O
Providing VBG X B-Skill
business NN X I-Skill
intelligence NN X I-Skill
consulting VBG X I-Skill
skills NNS X I-Skill
to TO X I-Skill
a DT X I-Skill
wide JJ X I-Skill
range NN X I-Skill
of IN X I-Skill
organizations NNS X I-Skill
Creating NNP X I-Skill
, , X I-Skill
delivering VBG X I-Skill
and CC X I-Skill
supporting VBG X I-Skill
dashboards NNS X I-Skill
that WDT X I-Skill
exemplify VBP X I-Skill
industry NN X I-Skill
bestpractice NN X I-Skill
Possessing VBG X I-Skill
a DT X I-Skill
high JJ X I-Skill
level NN X I-Skill
of IN X I-Skill
competence NN X I-Skill
in IN X I-Skill
all DT X I-Skill
aspects NNS X I-Skill
of IN X I-Skill
data NNS X I-Skill
visualisation NN X I-Skill
including VBG X I-Skill
certification NN X I-Skill
in IN X I-Skill
Tableau NNP X I-Skill
Possessing VBG X I-Skill
a DT X I-Skill
high JJ X I-Skill
level NN X I-Skill
of IN X I-Skill
competence NN X I-Skill
in IN X I-Skill
certain JJ X I-Skill
core NN X I-Skill
programming NN X I-Skill
and CC X I-Skill
/ NN X I-Skill
or CC X I-Skill
database NN X I-Skill
languages NNS X I-Skill
such JJ X O
as IN X O
SQL NNP X B-Skill
, , X O
PHP NNP X B-Skill
, , X O
VB NNP X B-Skill
or CC X O
others NNS X O
as IN X O
required VBN X O
Communicating NNP X B-Skill
clearly RB X I-Skill
with IN X I-Skill
others NNS X I-Skill
by IN X I-Skill
email NN X I-Skill
, , X I-Skill
phone NN X I-Skill
and CC X I-Skill
in IN X I-Skill
person NN X I-Skill
**** NN X O

Word NNP X B-Skill
, , X O
Excel NNP X B-Skill
and CC X O
PowerPoint NNP X B-Skill
is VBZ X O
a DT X O
must MD X O
to TO X O
be VB X O
considered VBN X O
for IN X O
this DT X O
role NN X O
. . X O
is VBZ X O

advantageous JJ X O
; : X O
Able JJ X O
to TO X O
start VB X O
work NN X O
immediately RB X O
or CC X O
within IN X O
short JJ X O
notice NN X O
preferred VBD X O
They PRP X O

are VBP X O
looking VBG X O
for IN X O
a DT X O
Primary NNP X B-Occupation
Teacher NNP X I-Occupation
for IN X O
either CC X O
a DT X O
Year NN X O
1 CD X O
or CC X O
The DT X O

Person NNP X O
: : X O
The DT X O
ideal JJ X O
candidate NN X O
will MD X O
have VB X O
a DT X O
background NN X O
in IN X O
developing VBG X B-Skill
buyer NN X I-Skill
relationships NNS X I-Skill
with IN X O
one CD X O
or CC X O
more JJR X O
of IN X O
the DT X O
Big NNP X O
4 CD X O
Grocery NNP X B-Domain
multiples NNS X O
. . X O
The DT X O

successful JJ X O
candidate NN X O
must MD X O
work VB X B-Skill
well RB X I-Skill
independently RB X I-Skill
and CC X I-Skill
in IN X I-Skill
small JJ X I-Skill
groups NNS X I-Skill
, , X O
have VBP X O
some DT X O
knowledge NN X B-Skill
of IN X I-Skill
OLAP NNP X I-Skill
and CC X O
an DT X O
interest NN X B-Skill
in IN X I-Skill
financial JJ X I-Skill
markets NNS X I-Skill
. . X O
Produce VB X B-Skill

an DT X I-Skill
annual JJ X I-Skill
Business NNP X I-Skill
& CC X I-Skill
Marketing NNP X I-Skill
Plan NN X I-Skill
and CC X I-Skill
ensure VB X I-Skill
its PRP$ X I-Skill
regular JJ X I-Skill
review NN X I-Skill
and CC X I-Skill
monitoring NN X I-Skill
to TO X I-Skill
deliver VB X I-Skill
budget NN X I-Skill
Candidates NNS X O

must MD X O
work VB X B-Skill
well RB X I-Skill
in IN X I-Skill
a DT X I-Skill
team NN X I-Skill
and CC X I-Skill
on IN X I-Skill
their PRP$ X I-Skill
own JJ X I-Skill
initiative NN X I-Skill
. . X O
Knowledge NNP X O

of IN X O
designing VBG X B-Skill
for IN X I-Skill
mobile NN X I-Skill
would MD X O
be VB X O
advantageous JJ X O
, , X O
as RB X O
would MD X O
a DT X O
working VBG X B-Skill
knowledge NN X I-Skill
of IN X I-Skill
designing VBG X I-Skill
for IN X I-Skill
eCommerce NN X I-Skill
systems NNS X I-Skill
. . X O
The DT X O

key JJ X O
focus NN X O
will MD X O
be VB X O
to TO X O
understand VB X B-Skill
and CC X I-Skill
influence VB X I-Skill
customer NN X I-Skill
requirements NNS X I-Skill
, , X O
devise NN X B-Skill
and CC X I-Skill
communicate VB X I-Skill
customer NN X I-Skill
propositions NNS X I-Skill
in IN X O
line NN X O
with IN X O
general JJ X O
value NN X O
proposition NN X O
. . X O
Working VBG X O

at IN X O
this DT X O
wellknown JJ X O
Manchester NNP X O
office NN X O
you PRP X O
will MD X O
join VB X O
the DT X O
Commercial NNP X B-Domain
Litigation NNP X I-Domain
team NN X O
which WDT X O
practices NNS X O
across IN X O
the DT X O
whole JJ X O
Country NN X O
from IN X O
all PDT X O
their PRP$ X O
offices NNS X O
thus RB X O
ensuring VBG X O
a DT X O
wide JJ X O
varied JJ X O
high JJ X O
level NN X O
of IN X O
contentious JJ X O
litigation NN X B-Skill
and CC X I-Skill
insolvency NN X I-Skill
. . X O
Carry NNP X B-Skill

out RP X I-Skill
diagnosis NN X I-Skill
, , X I-Skill
repairs NNS X I-Skill
and CC X I-Skill
servicing VBG X I-Skill
to TO X O
the DT X O
highest JJS X O
standards NNS X O
and CC X O
to TO X O
the DT X O
appropriate JJ X O
specification NN X O
. . X O
If IN X O

so RB X O
I PRP X O
am VBP X O
currently RB X O
recruiting VBG X O
on IN X O
behalf NN X O
of IN X O
one CD X O
of IN X O
the DT X O
world NN X O
' POS X O
s NN X O
leading VBG X O
pharmaceutical JJ X B-Domain
companies NNS X O
who WP X O
are VBP X O
looking VBG X O
to TO X O
invest VB X O
heavily RB X O
to TO X O
build VB X O
up RP X O
a DT X O
strong JJ X O
UK NNP X O
health NN X B-Domain
economics NNS X I-Domain
team NN X O
. . X O
Reporting VBG X B-Skill

to TO X I-Skill
the DT X I-Skill
IT NNP X I-Skill
Director NNP X I-Skill
, , X O
you PRP X O
will MD X O
be VB X O
considered VBN X O
a DT X O
senior JJ X O
member NN X O
of IN X O
the DT X O
team NN X O
, , X O
and CC X O
as IN X O
such JJ X O
will MD X O
be VB X O
expected VBN X O
to TO X O
provide VB X B-Skill
input NN X I-Skill
into IN X I-Skill
the DT X I-Skill
design NN X I-Skill
of IN X I-Skill
our PRP$ X I-Skill
solutions NNS X I-Skill
, , X O
and CC X O
then RB X O
help VB X B-Skill
lead VB X I-Skill
the DT X I-Skill
development NN X I-Skill
of IN X I-Skill
those DT X I-Skill
solutions NNS X I-Skill
. . X O
We PRP X O

are VBP X O
the DT X O
chosen JJ X O
recruitment NN X O
partner NN X O
for IN X O
many JJ X O
of IN X O
the DT X O
UK NNP X O
s NN X O
leading VBG X O
hospitality NN X B-Domain
& CC X I-Domain
leisure NN X I-Domain
companies NNS X O
. . X O
Apply VB X O

for IN X O
this DT X O
position NN X O
by IN X O
forwarding VBG X O
your PRP$ X O
CV NN X O
to TO X O
: : X O
KPOxfordkareplus NNP X O
. . X O
co NN X O
. . X O
uk NN X O
As IN X O

a DT X O
crucial JJ X O
member NN X O
of IN X O
the DT X O
team NN X O
your PRP$ X O
role NN X O
will MD X O
include VB X O
generating VBG X B-Skill
new JJ X I-Skill
customer NN X I-Skill
acquisitions NNS X I-Skill
and CC X O
maximising VBG X B-Skill
sales NNS X I-Skill
opportunities NNS X I-Skill
within IN X I-Skill
existing VBG X I-Skill
accounts NNS X I-Skill
. . X O
As IN X O

a DT X O
Front NNP X B-Occupation
End NNP X I-Occupation
Web NNP X I-Occupation
Developer NNP X I-Occupation
, , X O
you PRP X O
will MD X O
design VB X B-Skill
and CC X I-Skill
build VB X I-Skill
the DT X I-Skill
frontend NN X I-Skill
platform NN X I-Skill
serving VBG X O
most JJS X O
functions NNS X O
of IN X O
the DT X O
business NN X O
, , X O
including VBG X O
customerfacing VBG X O
and CC X O
partner NN X O
websites NNS X O
. . X O
Are NNP X O

you PRP X O
a DT X O
' '' X O
Big JJ X O
4 CD X O
' POS X O
trained VBN X O
recently RB X O
qualified VBN X B-Skill
accountant NN X B-Occupation
looking VBG X O
the DT X O
next JJ X O
step NN X O
in IN X O
your PRP$ X O
career NN X O
? . X O
First RB X O

class NN X O
written VBN X B-Skill
and CC X I-Skill
oral JJ X I-Skill
communication NN X I-Skill
skills NNS X I-Skill
, , X O
including VBG X O
presentation NN X B-Skill
and CC X O
report NN X B-Skill
writing VBG X I-Skill
An DT X O
ability NN X O
to TO X O
assimilate VB X B-Skill
and CC X I-Skill
practice NN X I-Skill
key NN X I-Skill
account VBP X I-Skill
management NN X I-Skill
principles VBZ X I-Skill
A NNP X O
strong JJ X O
customer NN X B-Skill
service NN X I-Skill
philosophy NN X I-Skill
Suitable JJ X O
applicants NNS X O
may MD X O
have VB X O
previously RB X O
worked VBN X O
in IN X O
the DT X O
following JJ X O
roles NNS X O
: : X B-Occupation
Business NNP X I-Occupation
Development NNP X I-Occupation
Manager NNP X I-Occupation
, , X O
Events NNP X B-Occupation
Sales NNS X I-Occupation
Executive NNP X I-Occupation
, , X O
Area NNP X B-Occupation
Sales NNS X I-Occupation
Manager NNP X I-Occupation
, , X I-Occupation
MICE NNP X I-Occupation
Sales NNS X I-Occupation
Executive NNP X I-Occupation
, , X O
MICE NNP X B-Occupation
Account NNP X I-Occupation
Manager NNP X I-Occupation
MICE NNP X I-Occupation
Sales NNS X I-Occupation
Manager NNP X I-Occupation
package NN X O
: : X O
To TO X O

successfully RB X O
manage VB X B-Skill
a DT X I-Skill
variety NN X I-Skill
of IN X I-Skill
operational JJ X I-Skill
schedules NNS X I-Skill
in IN X O
order NN X O
to TO X O
achieve VB X O
all DT X O
deadlines NNS X O
. . X O
With IN X O

deep JJ X O
roots NNS X O
in IN X O
the DT X O
East NNP X O
Midlands NNP X O
our PRP$ X O
Consultants NNS X B-Occupation
have VBP X O
an DT X O
unrivalled JJ X O
understanding NN X B-Skill
of IN X I-Skill
the DT X I-Skill
local JJ X I-Skill
market NN X I-Skill
. . X O
The DT X O

role NN X O
involves VBZ X O
Making VBG X B-Skill
routine JJ X I-Skill
checks NNS X I-Skill
Planned VBD X I-Skill
Preventive NNP X I-Skill
Maintenance NNP X I-Skill
on IN X O
gears NNS X O
, , X O
motors NNS X O
, , X O
overload NN X O
detection NN X O
devices NNS X O
, , X O
brakes NNS X O
, , X O
doors NNS X O
and CC X O
locks NNS X O
. . X O
You PRP X O

will MD X O
be VB X O
responsible JJ X O
for IN X O
the DT X O
DC NNP X B-Skill
layout NN X I-Skill
planning NN X I-Skill
and CC X O
optimising VBG X B-Skill
processes NNS X I-Skill
in IN X I-Skill
order NN X I-Skill
to TO X I-Skill
maximise VB X I-Skill
efficiencies NNS X I-Skill
and CC X I-Skill
productivity NN X I-Skill
. . X O
To TO X O

promote VB X B-Skill
an DT X I-Skill
ethos NN X I-Skill
of IN X I-Skill
Family NNP X I-Skill
Centred NNP X I-Skill
Care NNP X I-Skill
, , X O
and CC X O
to TO X O
ensure VB X B-Skill
the DT X I-Skill
provision NN X I-Skill
of IN X I-Skill
a DT X I-Skill
welcoming NN X I-Skill
, , X O
caring VBG X B-Skill
and CC X O
safe JJ X B-Skill
environment NN X I-Skill
for IN X I-Skill
the DT X I-Skill
children NNS X I-Skill
and CC X I-Skill
their PRP$ X I-Skill
families NNS X I-Skill
. . X O
The DT X O

University NNP X O
s VBD X O
600th JJ X O
Anniversary NNP X O
Campaign NNP X O
and CC X O
celebratory JJ X O
events NNS X O
aim NN X O
to TO X O
raise VB X O
100 CD X O
million CD X O
to TO X O
continue VB X O
to TO X O
provide VB X O
the DT X O
leaders NNS X O
of IN X O
tomorrow NN X O
and CC X O
to TO X O
build VB X O
on IN X O
the DT X O
legacy NN X O
already RB X O
left VBN X O
by IN X O
students NNS X O
, , X O
academics NNS X O
and CC X O
donors NNS X O
. . X O
The DT X O

successful JJ X O
candidate NN X O
will MD X O
have VB X O
the DT X O
ability NN X O
to TO X O
demonstrate VB X B-Skill
webbased JJ X I-Skill
tools NNS X I-Skill
over IN X I-Skill
the DT X I-Skill
telephone NN X I-Skill
, , X O
build VB X B-Skill
rapport NN X I-Skill
with IN X I-Skill
people NNS X I-Skill
easily RB X I-Skill
and CC X O
think VB X B-Skill
on IN X I-Skill
their PRP$ X I-Skill
feet NNS X I-Skill
in IN X I-Skill
a DT X I-Skill
fast NN X I-Skill
paced JJ X I-Skill
environment NN X I-Skill
. . X O
This DT X O

role NN X O
is VBZ X O
active JJ X O
now RB X O
, , X O
interviews NNS X O
are VBP X O
planned VBN X O
for IN X O
the DT X O
week NN X O
ahead RB X O
and CC X O
a DT X O
prompt JJ X O
turnaround NN X O
is VBZ X O
expected VBN X O
. . X O
This DT X O

approach NN X O
is VBZ X O
what WP X O
sets VBZ X O
us PRP X O
apart RB X O
and CC X O
makes VBZ X O
us PRP X O
the DT X O
agency NN X O
to TO X O
come VB X O
to TO X O
for IN X O
your PRP$ X O
recruitment NN X B-Domain
and CC X O
/ NN X O
or CC X O
training NN X B-Domain
needs NNS X O
. . X O
Assist JJ X O

sales NNS X B-Domain
staff NN X O
in IN X O
building NN X B-Skill
configurations NNS X I-Skill
for IN X I-Skill
customer NN X I-Skill
opportunities NNS X I-Skill
Work VBP X I-Skill
on IN X I-Skill
projects NNS X I-Skill
that WDT X I-Skill
will MD X I-Skill
improve VB X I-Skill
the DT X I-Skill
business NN X I-Skill
and CC X I-Skill
working NN X I-Skill
practices NNS X I-Skill
Keep NNP X I-Skill
procedures NNS X I-Skill
and CC X I-Skill
policy NN X I-Skill
Information NNP X I-Skill
uptodate NN X I-Skill
and CC X I-Skill
complete JJ X I-Skill
Deal NNP X I-Skill
with IN X I-Skill
customer NN X I-Skill
technical JJ X I-Skill
queries NNS X I-Skill
relating VBG X I-Skill
to TO X I-Skill
the DT X I-Skill
companies NNS X I-Skill
portfolio NN X I-Skill
. . X O
Proven NNP X O

ability NN X O
in IN X O
your PRP$ X O
chosen NN X O
market NN X O
Excellent NNP X O
business NN X B-Skill
development NN X I-Skill
and CC X I-Skill
relationship NN X I-Skill
building NN X I-Skill
skills NNS X I-Skill
Driven NNP X I-Skill
and CC X O
motivated VBD X B-Skill
to TO X I-Skill
achieve VB X I-Skill
results NNS X I-Skill
We PRP X O
do VBP X O
try VB X O
to TO X O
respond VB X O
personally RB X O
Multiskilled VBN X B-Skill

, , X O
engineer NN X B-Occupation
, , X O
FMCG NNP X B-Domain
, , X O
niche NN X O
, , X O
specialist NN X O
, , X O
maintenance NN X O
, , X O
factory NN X O
, , X O
machinery NN X O
, , X O
manufacture NN X B-Domain
, , X O
package NN X O
, , X O
food NN X O
, , X O
experienced VBD X O
, , X O
fault NN X B-Skill
finding NN X I-Skill
, , X O
repairing NN X B-Skill
, , X O
electrical JJ X B-Domain
, , X O
mechanical JJ X B-Domain
, , X O
breakdowns NNS X O
, , X O
trouble NN X B-Skill
shooting NN X I-Skill
, , X O
setting VBG X O
, , X O
preventative JJ X O
, , X O
The DT X O

post NN X O
carries VBZ X O
an DT X O
attractive JJ X O
salary NN X O
, , X O
plus CC X O
an DT X O
industry NN X B-Domain
competitive JJ X O
commission NN X O
structure NN X O
, , X O
company NN X O
car NN X O
or CC X O
car NN X O
allowance NN X O
, , X O
laptop JJ X O
computer NN X O
and CC X O
company NN X O
mobile NN X O
. . X O
Initially RB X O

the DT X O
requirement NN X O
is VBZ X O
for IN X O
COBOL NNP X B-Skill
skills NNS X O
, , X O
but CC X O
over IN X O
time NN X O
the DT X O
COBOL NNP X O
element NN X O
of IN X O
the DT X O
role NN X O
will MD X O
gradually RB X O
reduce VB X O
and CC X O
the DT X O
Java NNP X B-Skill
aspect NN X O
will MD X O
increase VB X O
. . X O
An DT X O

excellent JJ X O
opportunity NN X O
has VBZ X O
arisen VBN X O
for IN X O
a DT X O
Technical NNP X B-Occupation
/ NNP X I-Occupation
Training NNP X I-Occupation
Estimator NNP X I-Occupation
to TO X O
join VB X O
the DT X O
Estimating NNP X B-Domain
department NN X I-Domain
of IN X O
a DT X O
company NN X O
based VBN X O
in IN X O
Kettering NNP X O
. . X O
If IN X O

you PRP X O
would MD X O
like VB X O
to TO X O
find VB X O
out RP X O
more JJR X O
about IN X O
this DT X O
opportunity NN X O
, , X O
please VB X O
do VB X O
not RB X O
hesitate VB X O
to TO X O
apply VB X O
This DT X O
job NN X O
was VBD X O
originally RB X O
posted VBN X O
as IN X O
www NN X O
. . X O
retailchoice NN X O
. . X O
com NN X O
/ IN X O
JobSeeking VBG X O
/ JJ X B-Occupation
MerchandiseManagerWomensBrandedFashionInterim_job NNP X O
To TO X O

write VB X B-Skill
Standard NNP X I-Skill
Operating NNP X I-Skill
Procedures NNP X I-Skill
and CC X I-Skill
Work NNP X I-Skill
Instructions NNP X I-Skill
where WRB X O
necessary JJ X O
. . X O
The DT X O

energy NN X B-Skill
and CC X O
maturity NN X B-Skill
to TO X O
care VB X B-Skill
for IN X I-Skill
a DT X I-Skill
child NN X I-Skill
who WP X O
needs VBZ X O
a DT X O
Foster NNP X B-Domain
Home NNP X I-Domain
Experience NNP X O
of IN X O
working VBG X B-Skill
with IN X I-Skill
or CC X I-Skill
caring VBG X I-Skill
for IN X I-Skill
children NNS X I-Skill
or CC X I-Skill
young JJ X I-Skill
people NNS X I-Skill
The DT X O

only JJ X O
organisation NN X O
in IN X O
the DT X O
UK NNP X O
providing VBG X O
this DT X O
service NN X O
Excellent NNP X O
management NN X O
opportunities NNS X O
Our PRP$ X O

client NN X O
, , X O
a DT X O
central JJ X O
South NNP X O
Coast NNP X O
International NNP X O
Retailer NNP X O
, , X O
are VBP X O
currently RB X O
seeking VBG X O
to TO X O
recruit VB X O
an DT X O
International NNP X B-Occupation
Financial NNP X I-Occupation
Planning NNP X I-Occupation
Analysis NNP X I-Occupation
Manager NNP X I-Occupation
. . X O
DGH NNP X O

Recruitment NNP X O
Limited NNP X O
acts VBZ X O
as IN X O
both DT X O
an DT X O
Employment NNP X O
Agency NNP X O
and CC X O
Employment NNP X O
Business NNP X O
You PRP X O

will MD X O
be VB X O
using VBG X B-Skill
the DT X I-Skill
latest JJS X I-Skill
technologies NNS X I-Skill
and CC X O
work NN X B-Skill
on IN X I-Skill
the DT X I-Skill
entire JJ X I-Skill
games NNS X I-Skill
development NN X I-Skill
process NN X I-Skill
from IN X O
conceptualization NN X B-Skill
to TO X O
release VB X B-Skill
. . X O
Based VBN X O

in IN X O
exclusive JJ X O
offices NNS X O
in IN X O
the DT X O
City NNP X O
of IN X O
London NNP X O
, , X O
my PRP$ X O
client NN X O
offers VBZ X O
their PRP$ X O
employees NNS X O
a DT X O
range NN X O
of IN X O
benefits NNS X O
including VBG X O
25 CD X O
days NNS X O
holiday JJ X O
plus CC X O
bank NN X O
holidays NNS X O
, , X O
excellent JJ X O
training NN X O
and CC X O
career NN X O
development NN X O
, , X O
discounted VBN X O
gym NN X O
membership NN X O
, , X O
season NN X O
ticket NN X O
loans NNS X O
and CC X O
company NN X O
social JJ X O
events NNS X O
. . X O
Do VBP X O

you PRP X O
have VB X O
a DT X O
good JJ X O
Computer NNP X B-Qualification
Science NNP X I-Qualification
/ NNP X I-Qualification
Computing NNP X I-Qualification
degree NN X I-Qualification
and CC X O
some DT X O
skills NNS X O
in IN X O
ASP NNP X B-Skill
. . X I-Skill
net NN X I-Skill
and CC X O
C NNP X B-Skill
? . X O
: : X O

You PRP X O
will MD X O
ideally RB X O
be VB X O
CIPD NNP X B-Qualification
qualified JJ X I-Qualification
and CC X O
have VBP X O
high JJ X B-Skill
volume NN X I-Skill
Recruitment NNP X I-Skill
experience NN X I-Skill
within IN X I-Skill
a DT X I-Skill
large JJ X I-Skill
Blue NNP X I-Skill
Chip NNP X I-Skill
Organisation NNP X I-Skill
. . X O
Responsibilities NNS X O

Produce NNP X B-Skill
, , X I-Skill
review NN X I-Skill
and CC X I-Skill
update VB X I-Skill
the DT X I-Skill
Project NNP X I-Skill
Environmental NNP X I-Skill
Management NNP X I-Skill
Plan NNP X I-Skill
on IN X O
a DT X O
regular JJ X O
basis NN X O
Develop NNP X B-Skill
and CC X I-Skill
implement VB X I-Skill
the DT X I-Skill
project NN X I-Skill
environmental JJ X I-Skill
strategy NN X I-Skill
Ensure NNP X O
that IN X O
the DT X O
Project NNP X B-Skill
Environmental NNP X I-Skill
Management NNP X I-Skill
System NNP X I-Skill
is VBZ X I-Skill
implemented VBN X I-Skill
and CC X I-Skill
operated VBN X I-Skill
on IN X I-Skill
site NN X I-Skill
through IN X I-Skill
a DT X I-Skill
programme NN X I-Skill
of IN X I-Skill
checking NN X O
and CC X O
audit NN X B-Skill
Report NNP X I-Skill
on IN X I-Skill
the DT X I-Skill
sites NNS X I-Skill
environmental JJ X I-Skill
performance NN X I-Skill
against IN X I-Skill
the DT X I-Skill
Project NNP X I-Skill
s NN X I-Skill
objectives NNS X I-Skill
and CC X I-Skill
targets NNS X I-Skill
. . X O
As IN X O

a DT X O
Learning NNP X B-Occupation
Development NNP X I-Occupation
Specialist NNP X I-Occupation
you PRP X O
will MD X O
have VB X O
a DT X O
real JJ X O
passion NN X B-Skill
for IN X I-Skill
Learning NNP X I-Skill
and CC X I-Skill
Training NNP X I-Skill
in IN X O
the DT X O
world NN X O
of IN X O
Retail NNP X B-Domain
. . X O
This DT X O

will MD X O
include VB X O
dealing VBG X O
with IN X O
any DT X O
renewals NNS X O
, , X O
new JJ X O
business NN X O
, , X O
adjustments NNS X O
, , X O
amendments NNS X O
, , X O
claims NNS X O
and CC X O
queries NNS X O
on IN X O
these DT X O
accounts NNS X O
. . X O
MS NNP X B-Skill

Dynamics NNP X I-Skill
/ NNP X O
MS NNP X B-Skill
CRM NNP X I-Skill
/ NNP X O
Microsoft NNP X B-Skill
Dynamics NNP X I-Skill
/ NNP X O
Solutions NNP X B-Occupation
Architect NNP X I-Occupation
/ NNP X O
Architect NNP X B-Occupation
/ NNP X O
Developer NNP X B-Occupation
/ NNP X O
Senior NNP X B-Occupation
Developer NNP X I-Occupation
/ NNP X O
SME NNP X B-Skill
/ NNP X O
Technical NNP X B-Occupation
Consultant NNP X I-Occupation
/ NNP X O
Senior NNP X B-Occupation
Analyst NNP X I-Occupation
/ NNP X O
Software NNP X B-Occupation
engineer VBZ X I-Occupation
/ NNP X O
London NNP X O
/ NNP X O
City NNP X O
of IN X O
London NNP X O
/ NNP X O
Merton NNP X O
/ NNP X O
Kingston NNP X O
upon IN X O
Thames NNP X O
/ NNP X O
City NNP X O
of IN X O
Westminster NNP X O
/ NNP X O
As RB X O

well RB X O
as IN X O
this DT X O
, , X O
there EX X O
is VBZ X O
plenty NN X O
of IN X O
scope NN X O
to TO X O
work VB X O
remotely RB X O
however RB X O
if IN X O
you PRP X O
do VBP X O
decide VB X O
to TO X O
come VB X O
to TO X O
the DT X O
office NN X O
feel NN X O
free JJ X O
to TO X O
enjoy VB X O
their PRP$ X O
onsite JJ X O
gym NN X O
and CC X O
cafe NN X O
. . X O
Individual JJ X O

Brand NNP X O
plan NN X O
per IN X O
store NN X O
to TO X O
guarantee VB X O
items NNS X O
required VBN X O
are VBP X O
sourced VBN X O
in IN X O
time NN X O
and CC X O
within IN X O
timelines NNS X O
Approve NNP X O
and CC X O
supply NN X O
templates NNS X O
for IN X O
branded JJ X O
imagery NN X O
produced VBN X O
by IN X O
agencies NNS X O
for IN X O
Superdrug NNP X O
Work NNP X O
within IN X O
an DT X O
agreed JJ X O
Marketing NNP X B-Domain
spend NN X O
per IN X O
store NN X O
Brief NNP X O
new JJ X O
elements NNS X O
required VBN X O
and CC X O
approve VB X O
with IN X O
Print NNP X B-Skill
Management NNP X I-Skill
studio NN X O
Work NNP X O
closely RB X O
with IN X O
Space NNP X B-Skill
planning NN X I-Skill
and CC X O
Merchandising NNP X B-Skill
to TO X O
question NN X O
, , X O
challenge NN X O
or CC X O
clarify VB X O
plans NNS X O
in IN X O
line NN X O
with IN X O
Brand NNP X O
perspective NN X O
Influencing VBG X B-Skill

your PRP$ X I-Skill
colleagues NNS X I-Skill
to TO X I-Skill
buy VB X I-Skill
into IN X I-Skill
the DT X I-Skill
strategies NNS X I-Skill
set VBN X I-Skill
will MD X O
be VB X O
critical JJ X O
to TO X O
success NN X O
in IN X O
this DT X O
role NN X O
. . X O
Adhere RB X O

to TO X O
current JJ X O
policies NNS X O
and CC X O
procedures NNS X O
relating VBG X O
to TO X O
health NN X O
and CC X O
safety NN X O
. . X O
The DT X O

Role NNP X O
: : X O
To TO X O
operate VB X B-Skill
and CC X I-Skill
manage VB X I-Skill
vacuum NN X I-Skill
forming VBG X I-Skill
machines NNS X I-Skill
Supervise NNP X I-Skill
a DT X I-Skill
team NN X I-Skill
of IN X I-Skill
machine NN X I-Skill
operatives NNS X I-Skill
A DT X O

range NN X O
of IN X O
positions NNS X O
throughout IN X O
the DT X O
UK NNP X O
, , X O
many JJ X O
exclusive JJ X O
to TO X O
Swim NNP X B-Skill
Guidance NNP X I-Skill
and CC X I-Skill
advice NN X I-Skill
on IN X I-Skill
CVs NNP X I-Skill
/ NNP X I-Skill
Interview NNP X I-Skill
techniques NNS X I-Skill
/ VBP X I-Skill
working VBG X I-Skill
through IN X I-Skill
an DT X I-Skill
agency NN X I-Skill
Support NNP X O
from IN X O
an DT X O
experienced JJ X O
, , X O
dedicated JJ X O
and CC X O
friendly JJ X O
consultants NNS X O
Meridian JJ X O

Business NNP X O
Support NNP X O
are VBP X O
acting VBG X O
on IN X O
behalf NN X O
of IN X O
our PRP$ X O
Clients NNS X O
as IN X O
a DT X O
Recruitment NNP X O
Agency NNP X O
. . X O
This DT X O

is VBZ X O
a DT X O
fantastic JJ X O
opportunity NN X O
for IN X O
a DT X O
Pastry NN X B-Occupation
Chef NNP X I-Occupation
to TO X O
really RB X O
progress VB X O
in IN X O
his PRP$ X O
/ NN X O
her PRP$ X O
carrier NN X O
; : X O
you PRP X O
will MD X O
be VB X O
working VBG X O
alongside IN X O
a DT X O
well RB X O
established VBN X O
team NN X O
headed VBN X O
up RP X O
by IN X O
a DT X O
chef NN X O
who WP X O
has VBZ X O
an DT X O
excellent JJ X O
Michelin NNP X B-Skill
Star NNP X I-Skill
background NN X O
. . X O
Ideal NNP X O

person NN X O
will MD X O
have VB X O
to TO X O
come VB X O
from IN X O
the DT X O
background NN X O
of IN X O
retail JJ X B-Skill
environment NN X O
experience NN X O
. . X O
Provide NNP X O

functional JJ X B-Skill
support NN X I-Skill
and CC X O
guidance NN X B-Skill
to TO X O
more JJR X O
junior JJ X O
staff NN X O
to TO X O
develop VB X O
both DT X O
them PRP X O
as IN X O
individuals NNS X O
and CC X O
the DT X O
capability NN X O
of IN X O
the DT X O
team NN X O
as IN X O
a DT X O
whole NN X O
. . X O
All DT X O

business NN X O
is VBZ X O
to TO X O
be VB X O
conducted VBN X O
in IN X O
a DT X O
regulated JJ X O
manner NN X O
, , X O
adhering VBG X O
to TO X O
company NN X O
and CC X O
FSA NNP X O
guidelines NNS X O
. . X O
If IN X O

you PRP X O
have VBP X O
not RB X O
been VBN X O
contacted VBN X O
within IN X O
this DT X O
timescale JJ X O
your PRP$ X O
application NN X O
has VBZ X O
been VBN X O
unsuccessful JJ X O
on IN X O
this DT X O
occasion NN X O
. . X O
At IN X O

least JJS X O
5 CD X B-Experience
years NNS X I-Experience
experience RB X I-Experience
in IN X I-Experience
a DT X I-Experience
Market NN X I-Experience
Risk NN X I-Experience
or CC X I-Experience
Quantitative JJ X I-Experience
role NN X I-Experience
Knowledge NNP X B-Skill
of IN X I-Skill
stochastic JJ X I-Skill
calculus NN X I-Skill
, , X I-Skill
Monte NNP X I-Skill
Carlo NNP X I-Skill
simulations NNS X I-Skill
, , X I-Skill
PDE NNP X I-Skill
modelling VBG X I-Skill
etc NN X O
. . X O
Identifying VBG X B-Skill

weaknesses NNS X I-Skill
and CC X I-Skill
possible JJ X I-Skill
enhancements NNS X I-Skill
in IN X I-Skill
current JJ X I-Skill
processes NNS X I-Skill
and CC X I-Skill
procedures NNS X I-Skill
. . X O
Risk NNP X B-Skill

management NN X I-Skill
techniques NNS X I-Skill
Experienced NNP X O
in IN X O
project NN X B-Skill
planning NN X I-Skill
with IN X I-Skill
MS NNP X I-Skill
project NN X I-Skill
Customer NNP X I-Skill
facing NN X I-Skill
with IN X O
excellent JJ X O
communication NN X B-Skill
skills NNS X O
Must NNP X O
be VB X O
highly RB X O
flexible JJ X B-Skill
as IN X O
customers NNS X O
are VBP X O
based VBN X O
around IN X O
the DT X O
UK NNP X O
and CC X O
Ireland NNP X O
Full NNP X B-Qualification
driving VBG X I-Qualification
licence NN X I-Qualification
Experience NN X O
of IN X O
working VBG X B-Skill
in IN X I-Skill
a DT X I-Skill
multistakeholder NN X I-Skill
environmentCVs NN X O
are VBP X O
being VBG X O
considered VBN X O
ASAP NNP X O
so RB X O
if IN X O
you PRP X O
feel VBP X O
you PRP X O
fit VBP X O
the DT X O
criteria NNS X O
, , X O
you PRP X O
are VBP X O
happy JJ X O
working VBG X B-Skill
on IN X I-Skill
your PRP$ X I-Skill
own JJ X I-Skill
or CC X I-Skill
as IN X I-Skill
part NN X I-Skill
of IN X I-Skill
a DT X I-Skill
small JJ X I-Skill
team NN X I-Skill
in IN X O
a DT X O
post NN X O
which WDT X O
requires VBZ X O
travel NN X O
and CC X O
occasionally RB X O
longer JJR X O
hours NNS X O
then RB X O
please VB X O
feel VB X O
free JJ X O
to TO X O
send VB X O
your PRP$ X O
CV NNP X O
across IN X O
for IN X O
our PRP$ X O
attention NN X O
Develop VB X O

an DT X O
excellent JJ X O
level NN X O
of IN X O
understanding NN X O
of IN X O
the DT X O
IT NNP X B-Domain
infrastructure NN X O
Identify NNP X O
and CC X O
take VB X O
ownership NN X O
of IN X O
initiatives NNS X O
to TO X O
improve VB X O
the DT X O
UNIX NNP X O
infrastructure NN X O
To TO X O
represent VB X O
IT NNP X B-Domain
as IN X O
a DT X O
subject JJ X O
matter NN X O
expert NN X O
for IN X O
UNIX NNP X O
technologies NNS X O
across IN X O
the DT X O
business NN X O
Free JJ X O

parking NN X O
available JJ X O
, , X O
site NN X O
is VBZ X O
close RB X O
to TO X O
transport VB X O
links NNS X O
. . X O
Tel NN X O

: : X O
[ JJ X O
contact NN X O
details NNS X O
removed VBD X O
] NN X O
; : X O
Email NNP X O
: : X O
[ JJ X O
contact NN X O
details NNS X O
removed VBD X O
] JJ X O
quoting VBG X O
reference NN X O
business NN X O

and CC X O
by IN X O
applying VBG X O
for IN X O
this DT X O
position NN X O
you PRP X O
give VBP X O
your PRP$ X O
consent NN X O
for IN X O
us PRP X O
to TO X O
do VB X O
so RB X O
. . X O
Surrey NNP X O

Summary NNP X O
A NNP X O
fantastic JJ X O
opportunity NN X O
has VBZ X O
arisen VBN X O
to TO X O
join VB X O
a DT X O
growing VBG X O
Supplier NNP X O
Hub NNP X O
Team NNP X O
as IN X O
a DT X O
Supplier NNP X B-Occupation
Hub NNP X I-Occupation
Analyst NNP X I-Occupation
in IN X O
Surrey NNP X O
. . X O
Your PRP$ X O

main JJ X O
role NN X O
will MD X O
be VB X O
to TO X O
deliver VB X B-Skill
and CC X I-Skill
manage VB X I-Skill
projects NNS X I-Skill
through IN X O
effective JJ X B-Skill
requirements NNS X I-Skill
and CC X O
planning NN X B-Skill
. . X O
Oversee NNP X O

and CC X O
manage VB X B-Skill
the DT X I-Skill
work NN X I-Skill
of IN X I-Skill
other JJ X I-Skill
editorial JJ X I-Skill
staff NN X I-Skill
. . X O
Assistant NNP X B-Occupation

Pub NNP X I-Occupation
Manager NNP X I-Occupation
needed VBD X O
for IN X O
a DT X O
local JJ X O
Pub NNP X O
based VBN X O
in IN X O
Guildford NNP X O
. . X O
iNTECH JJ X O

Recruitment NNP X O
act NN X O
as IN X O
both DT X O
an DT X O
employment NN X O
agency NN X O
for IN X O
all DT X O
permanent JJ X O
positions NNS X O
and CC X O
as IN X O
an DT X O
employment NN X O
business NN X O
for IN X O
temporary JJ X O
contract NN X O
positions NNS X O
. . X O
We PRP X O

are VBP X O
looking VBG X O
for IN X O
a DT X O
qualified JJ X O
lecturer NN X B-Occupation
with IN X O
experience NN X O
in IN X O
teaching VBG X O
Electrical JJ X B-Skill
Engineering NNP X I-Skill
to TO X O
undertake VB X O
a DT X O
part NN X O
time NN X O
assignment NN X O
within IN X O
the DT X O
South NNP X O
Yorkshire NNP X O
area NN X O
. . X O
Due JJ X O

to TO X O
the DT X O
vast JJ X O
amount NN X O
of IN X O
applications NNS X O
that IN X O
we PRP X O
receive VBP X O
, , X O
it PRP X O
is VBZ X O
not RB X O
possible JJ X O
for IN X O
us PRP X O
to TO X O
contact VB X O
all DT X O
applicants NNS X O
, , X O
therefore RB X O
only RB X O
suitable JJ X O
Candidates NNPS X O
will MD X O
be VB X O
contacted VBN X O
. . X O
The DT X O

Client NNP X O
has VBZ X O
informed VBN X O
there EX X O
is VBZ X O
also RB X O
a DT X O
Business NNP X O
development NN X O
program NN X O
for IN X O
the DT X O
more RBR X O
ambitious JJ X O
sales NNS X B-Domain
individuals NNS X O
. . X O
cau NN X O

eich JJ X O
bod NN X O
ar NN X O
restr NN X O
fer VBP X O
ar NN X O
gyfer NN X O
cyfweliad NN X O
, , X O
rhaid NN X O
i NN X O
chi VBP X O
gymryd NN X O
yn NN X O
ganiataol NN X O
na TO X O
fyddwch VB X O
The DT X O

role NN X O
itself PRP X O
will MD X O
see VB X O
you PRP X O
take VB X O
full JJ X O
day NN X O
to TO X O
day NN X O
responsibility NN X O
of IN X O
cross NN X B-Skill
category NN X I-Skill
marketing NN X I-Skill
information NN X O
that WDT X O
is VBZ X O
in IN X O
turn NN X O
distributed VBN X O
to TO X O
sales NNS X B-Occupation
& CC X I-Occupation
business NN X I-Occupation
development NN X I-Occupation
stakeholders NNS X I-Occupation
throughout IN X O
the DT X O
business NN X B-Domain
. . X O
For IN X O

more JJR X O
information NN X O
on IN X O
this DT X O
role NN X O
and CC X O
others NNS X O
we PRP X O
have VBP X O
available JJ X O
, , X O
please VB X O
contact VB X O
us PRP X O
today NN X O
: : X O

YOU NN X O
MUST NNP X O
HAVE VBP X O
THE NNP X O
FOLLOWING NNP X O
Extensive NNP X O
knowledge NN X B-Skill
and CC X I-Skill
experience NN X I-Skill
of IN X I-Skill
mechanical JJ X I-Skill
engineering NN X I-Skill
within IN X I-Skill
power NN X I-Skill
plants NNS X I-Skill
or CC X I-Skill
a DT X I-Skill
similar JJ X I-Skill
engineering NN X I-Skill
environment NN X I-Skill
. . X O
all DT X O

applicants NNS X O
must MD X O
be VB X O
eligible JJ X O
to TO X O
live VB X O
and CC X O
work VB X O
in IN X O
the DT X O
UK NNP X O
. . X O
Equally RB X O

capable JJ X O
of IN X O
working VBG X B-Skill
well RB X I-Skill
on IN X I-Skill
own JJ X I-Skill
initiative NN X I-Skill
and CC X I-Skill
as IN X I-Skill
part NN X I-Skill
of IN X I-Skill
a DT X I-Skill
multidisciplined JJ X I-Skill
team NN X I-Skill
. . X O
Data NNP X B-Occupation

Quality NNP X I-Occupation
Manager NNP X I-Occupation
/ NNP X O
Data NNP X B-Occupation
Steward NNP X I-Occupation
required VBD X O
for IN X O
a DT X O
leading VBG X O
Data NNP X O
Management NNP X O
organisation NN X O
based VBN X O
in IN X O
London NNP X O
. . X O
Will MD X O

be VB X O
required VBN X O
to TO X O
assist VB X O
with IN X O
the DT X O
other JJ X O
parts NNS X O
of IN X O
the DT X O
business NN X O
as IN X O
might MD X O
be VB X O
needed VBN X O
Key NNP X O
Skills NNP X O
Experiences NNS X O
required VBN X O
for IN X O
the DT X O
role NN X O
will MD X O
include VB X O
: : X O
Experience NN X O
in IN X O
an DT X O
industrial JJ X B-Skill
/ NN X I-Skill
contracting VBG X I-Skill
environment NN X I-Skill
. . X O
This DT X O

role NN X O
can MD X O
be VB X O
full JJ X O
time NN X O
or CC X O
part NN X O
time NN X O
Min NNP X O
3 CD X O
days NNS X O
per IN X O
week NN X O
. . X O
To TO X O

coordinate VB X B-Skill
, , X O
record NN X B-Skill
and CC X O
control VB X B-Skill
Equipment NNP X I-Skill
Failure NNP X I-Skill
Report NNP X I-Skill
EFR NNP X I-Skill
action NN X I-Skill
. . X O
This DT X O

is VBZ X O
a DT X O
great JJ X O
opportunity NN X O
for IN X O
an DT X O
experienced JJ X B-Skill
and CC X O
enthusiastic JJ X B-Skill
Chemistry NNP X B-Occupation
Teacher NNP X I-Occupation
who WP X O
is VBZ X O
interested JJ X O
in IN X O
working VBG X O
in IN X O
a DT X O
highly RB X O
successful JJ X O
Grammar NNP X O
School NNP X O
. . X O
This DT X O

is VBZ X O
the DT X O
perfect JJ X O
opportunity NN X O
for IN X O
a DT X O
Mechanical NNP X B-Occupation
Draughter NNP X I-Occupation
looking VBG X O
to TO X O
relocate VB X O
to TO X O
North NNP X O
East NNP X O
Scotland NNP X O
working VBG X O
for IN X O
a DT X O
large JJ X O
, , X O
family NN X O
owned VBD X O
manufacturer NN X B-Occupation
. . X O
Job NNP X O

Title NNP X O
: : X B-Occupation
Internal JJ X I-Occupation
Sales NNS X I-Occupation
Executive NN X I-Occupation
Sector NN X O
: : X O
Pipes NNP X B-Domain
, , X O
Fittings NNP X B-Domain
and CC X O
Drainage NNP X B-Domain
Systems NNPS X I-Domain
Niche NNP X O
: : X O
Pipes NNS X B-Domain
and CC X O
fittings NNS X B-Domain
You PRP X O

will MD X O
be VB X O
expected VBN X O
to TO X O
have VB X O
a DT X O
good JJ X O
solid JJ X O
engineering NN X B-Skill
background NN X I-Skill
in IN X O
which WDT X O
you PRP X O
can MD X O
demonstrate VB X O
high JJ X O
level NN X O
of IN X O
skill NN X O
in IN X O
delivery NN X B-Skill
of IN X I-Skill
Plant NNP X I-Skill
fixing NN X I-Skill
. . X O
If IN X O

you PRP X O
wish VBP X O
to TO X O
apply VB X O
for IN X O
further JJ X O
roles NNS X O
please VB X O
do VBP X O
so RB X O
. . X O
The DT X O

successful JJ X O
candidate NN X O
will MD X O
be VB X O
: : X O
Hold VB X O
RGN NNP X B-Qualification
or CC X O
RMN NNP X B-Qualification
nursing NN X I-Qualification
qualification NN X I-Qualification
If IN X O

you PRP X O
want VBP X O
to TO X O
find VB X O
out RP X O
more RBR X O
, , X O
APPLY NNP X O
NOW NNP X O
Keywords NNP X O
: : X O
Android NNP X B-Skill
, , X O
developer NN X B-Occupation
, , X O
iOS NN X B-Domain
, , X O
mobile NN X B-Domain
, , X O
development NN X B-Domain
, , X O
HTML5 NNP X B-Skill
, , X O
HTML NNP X B-Skill
5 CD X I-Skill
, , X O
windows NNS X B-Skill
, , X O
Java NNP X B-Skill
, , X O
Application NNP X B-Skill
Development NNP X I-Skill
, , X O
Apps NNP X B-Domain
, , X O
App NNP X B-Domain
, , X O
blackberry NN X B-Skill
, , X O
computer NN X B-Domain
science NN X I-Domain
, , X O
full JJ X O
time NN X O
, , X O
permanent JJ X O
, , X O
Berkshire NNP X O
, , X O
Agile NNP X B-Skill
, , X O
App NNP X O
store NN X O
, , X O
deployment NN X O
, , X O
ecommerce NN X B-Domain
, , X O
emarkets NNS X B-Domain
, , X O
online NN X O
, , X O
digital JJ X B-Domain
, , X O
technology NN X B-Domain
, , X O
tablet NN X O
, , X O
coding VBG X B-Skill
, , X O
API NNP X B-Skill
, , X O
REStful NNP X B-Skill
, , X O
analytics NNS X B-Skill
Our PRP$ X O

Client NN X O
is VBZ X O
one CD X O
of IN X O
the DT X O
market NN X O
leaders NNS X O
in IN X O
distribution NN X B-Domain
and CC X I-Domain
home NN X I-Domain
delivery NN X I-Domain
. . X O
We PRP X O

require VBP X O
live JJ X B-Occupation
in IN X I-Occupation
care NN X I-Occupation
worker NN X I-Occupation
jobs NNS X O
seekers NNS X O
URGENTLY NNP X O
for IN X O
a DT X O
number NN X O
of IN X O
ongoing VBG X O
vacancies NNS X O
. . X O
They PRP X O

are VBP X O
looking VBG X O
for IN X O
an DT X O
inspirational JJ X B-Skill
teacher NN X B-Occupation
to TO X O
help VB X O
them PRP X O
in IN X O
their PRP$ X O
quest NN X O
to TO X O
become VB X O
an DT X O
' CD X O
outstanding JJ X O
' '' X O
school NN X O
. . X O
Chef NNP X B-Occupation

de FW X I-Occupation
Partie NNP X I-Occupation
Chef NNP X O
de IN X O
Partie NNP X O
Chef NNP X O
de IN X O
Partie NNP X O
Chef NNP X O
de IN X O
Partie NNP X O
Chef NNP X O
de IN X O
Partie NNP X O
Chef NNP X O
de IN X O
Partie NNP X O
All DT X O

developers NNS X O
will MD X O
contribute VB X O
towards IN X O
the DT X O
requirements NNS X O
and CC X O
design NN X O
stage NN X O
and CC X O
you PRP X O
will MD X O
be VB X O
given VBN X O
the DT X O
opportunity NN X O
to TO X O
mentor VB X O
or CC X O
team VB X O
lead JJ X O
dependent NN X O
on IN X O
your PRP$ X O
own JJ X O
aspirations NNS X O
. . X O
If IN X O

this DT X O
role NN X O
sounds VBZ X O
like IN X O
the DT X O
next JJ X O
step NN X O
for IN X O
your PRP$ X O
career NN X O
then RB X O
please VB X O
send VB X O
your PRP$ X O
CV NNP X O
to TO X O
nicola VB X O
. . X O
dentasenitor NN X O
. . X O
com NN X O
or CC X O
call VB X O
me PRP X O
on IN X O
k NN X O

OTEIT NNP X O
Executive NNP X O
Group NNP X O
is VBZ X O
acting VBG X O
as IN X O
an DT X O
Employment NNP X O
Agency NNP X O
in IN X O
relation NN X O
to TO X O
this DT X O
vacancy NN X O
. . X O
The DT X O

Benefits NNP X O
A NNP X O
competitive JJ X O
salary NN X O
and CC X O
bonus NN X O
is VBZ X O
on IN X O
offer NN X O
depending VBG X O
on IN X O
experience NN X O
. . X O
Ability NN X O

to TO X O
work VB X B-Skill
on IN X I-Skill
own JJ X I-Skill
initiative NN X I-Skill
to TO X I-Skill
develop VB X I-Skill
recommendations NNS X I-Skill
to TO X I-Skill
senior JJ X I-Skill
management NN X I-Skill
. . X O
If IN X O

you PRP X O
are VBP X O
interested JJ X O
in IN X O
finding VBG X O
out RP X O
more RBR X O
about IN X O
this DT X O
role NN X O
, , X O
please VB X O
apply RB X O
today NN X O
. . X O
Future JJ X O

Select NNP X O
specialize NN X O
in IN X O
recruiting VBG X B-Skill
staff NN X I-Skill
in IN X O
the DT X O
asbestos NN X B-Domain
industry NN X I-Domain
and CC X O
currently RB X O
have VBP X O
many JJ X O
clients NNS X O
looking VBG X O
for IN X O
candidates NNS X O
. . X O
The DT X O

is VBZ X O
a DT X O
key JJ X O
accounting NN X O
role NN X O
and CC X O
you PRP X O
will MD X O
need VB X O
to TO X O
be VB X O
able JJ X O
to TO X O
work VB X B-Skill
on IN X I-Skill
your PRP$ X I-Skill
own JJ X I-Skill
initiative NN X I-Skill
with IN X O
high JJ X O
levels NNS X O
of IN X O
responsibility NN X O
. . X O
We PRP X O

are VBP X O
looking VBG X O
for IN X O
a DT X O
driven JJ X B-Skill
Manager NNP X B-Occupation
with IN X O
a DT X O
similar JJ X B-Skill
branded VBN X I-Skill
background NN X O
within IN X O
a DT X O
leading VBG X B-Domain
branded JJ X I-Domain
restaurant NN X I-Domain
or CC X O
foodled VBN X B-Domain
pub NN X I-Domain
who WP X O
is VBZ X O
looking VBG X O
for IN X O
their PRP$ X O
next JJ X O
exciting JJ X O
challenge NN X O
. . X O
I PRP X O

am VBP X O
currently RB X O
looking VBG X O
for IN X O
a DT X B-Occupation
C NNP X I-Occupation
Developer NNP X I-Occupation
to TO X O
work VB X O
for IN X O
a DT X O
Software NNP X O
Company NNP X O
based VBN X O
in IN X O
Coventry NNP X O
. . X O
Commercially RB X B-Skill

minded VBN X I-Skill
Accountant NNP X B-Occupation
with IN X O
excellent JJ X O
analytical JJ X B-Skill
and CC X I-Skill
business NN X I-Skill
partnering VBG X I-Skill
skills NNS X I-Skill
needed VBN X O
by IN X O
my PRP$ X O
international JJ X O
client NN X O
. . X O
We PRP X O

offer VBP X O
more JJR X O
private JJ X O
consultation NN X O
areas NNS X O
than IN X O
any DT X O
other JJ X O
pharmacy NN X O
Senior JJ X B-Occupation

Planning NNP X I-Occupation
Engineer NNP X I-Occupation
, , X O
Construction NNP X O
North NNP X O
West NNP X O
Senior NNP X B-Occupation
Planning NNP X I-Occupation
Engineer NNP X I-Occupation
with IN X O
a DT X O
strong JJ X O
understanding NN X B-Skill
of IN X I-Skill
construction NN X I-Skill
techniques NNS X I-Skill
is VBZ X O
currently RB X O
required VBN X O
by IN X O
a DT X O
highly RB X O
regarded JJ X O
national JJ X O
main JJ X O
contractor NN X O
. . X O
Your PRP$ X O

brief NN X O
will MD X O
be VB X O
to TO X O
take VB X O
full JJ X O
responsibility NN X B-Skill
for IN X I-Skill
all DT X I-Skill
strategic JJ X I-Skill
and CC X I-Skill
tactical JJ X I-Skill
sales NNS X I-Skill
activity NN X I-Skill
across IN X I-Skill
over IN X I-Skill
Sleep JJ X O

ins NNS X O
fulltime JJ X O
staff NN X O
will MD X O
be VB X O
required VBN X O
to TO X O
work VB X O
a DT X O
sleepin NN X O
either DT X O
once RB X O
or CC X O
twice RB X O
per IN X O
week NN X O
, , X O
but CC X O
this DT X O
will MD X O
be VB X O
paid VBN X O
additionally RB X O
at IN X O
a DT X O
rate NN X O
of IN X O
You PRP X O

will MD X O
be VB X O
reporting VBG X B-Skill
to TO X I-Skill
the DT X I-Skill
director NN X I-Skill
of IN X I-Skill
sales NNS X I-Skill
so IN X O
you PRP X O
will MD X O
be VB X O
supporting VBG X B-Skill
their PRP$ X I-Skill
projects NNS X I-Skill
and CC X I-Skill
will MD X I-Skill
be VB X I-Skill
present JJ X I-Skill
where WRB X I-Skill
required VBN X I-Skill
at IN X I-Skill
client NN X I-Skill
meetings NNS X I-Skill
and CC X I-Skill
events NNS X I-Skill
. . X O
My PRP$ X O

client NN X O
is VBZ X O
currently RB X O
recruiting VBG X O
for IN X O
a DT X O
Senior NNP X B-Skill
Social NNP X B-Occupation
Worker NNP X I-Occupation
to TO X O
work VB X O
in IN X O
their PRP$ X O
Children NNP X O
with IN X O
Disabilities NNP X O
team NN X O
in IN X O
South NNP X O
London NNP X O
. . X O
Be VB X O

a DT X O
commander NN X B-Skill
of IN X I-Skill
your PRP$ X I-Skill
own JJ X I-Skill
diary NN X I-Skill
and CC X O
a DT X O
slave NN X O
to TO X O
a DT X O
rota JJ X O
Experience NN X B-Skill
other JJ X I-Skill
surgeries NNS X I-Skill
, , X O
Walkin NNP X B-Skill
centres VBZ X I-Skill
as IN X O
a DT X O
Prescriber NNP X B-Occupation
and CC X O
Electrical JJ X B-Skill

Installation NNP X I-Skill
deliverables NNS X O
Producing VBG X B-Skill
Technical JJ X I-Skill
Requirement NNP X I-Skill
Documents NNP X I-Skill
Liaising VBG X O
with IN X O
other JJ X O
engineering NN X B-Skill
functions NNS X I-Skill
to TO X O
ensure VB X O
a DT X O
fully RB X O
integrated VBN X O
, , X O
safe JJ X O
Previous NNP X O
knowledge NN X O
/ NNP X O
experience NN X O
of IN X O
rolling VBG X B-Skill
stock NN X I-Skill
design NN X I-Skill
would MD X O
be VB X O
ideal JJ X O
however RB X O
aerospace NN X B-Domain
or CC X O
automotive JJ X B-Domain
candidates NNS X O
would MD X O
be VB X O
suitable JJ X O
Understanding NNP X O
of IN X O
rolling VBG X B-Skill
stock NN X I-Skill
wiring NN X I-Skill
practices NNS X I-Skill
highly RB X O

skilled VBN X O
and CC X O
experienced JJ X B-Skill
CNC NNP X B-Occupation
Millers NNPS X I-Occupation
to TO X O
join VB X O
our PRP$ X O
Ferndown NNP X O
based VBN X O
team NN X O
. . X O
Client JJ X B-Skill

facing VBG X I-Skill
experience NN X I-Skill
is VBZ X O
great JJ X O
, , X O
if IN X O
not RB X O
showing VBG X O
the DT X O
attributes NNS X B-Skill
to TO X I-Skill
negotiate VB X I-Skill
and CC X I-Skill
build VB X I-Skill
rapport NN X I-Skill
with IN X I-Skill
clients NNS X I-Skill
is VBZ X O
a DT X O
MUST NNP X O
. . X O
The DT X O

partnership NN X O
between IN X O
English NNP X O
culinary VBP X B-Domain
giant JJ X O
Marco NNP X O
Pierre NNP X O
White NNP X O
and CC X O
Frankie NNP X O
Dettori NNP X O
, , X O
Frankie NNP X O
s VBD X O
Bar NNP X O
Grill NNP X O
is VBZ X O
a DT X O
focal JJ X O
point NN X O
of IN X O
the DT X O
hotel NN X O
offering NN X B-Skill
guests VBZ X I-Skill
the DT X I-Skill
highest JJS X I-Skill
standard NN X I-Skill
in IN X I-Skill
cuisine NN X I-Skill
. . X O
The DT X O

firm NN X O
itself PRP X O
is VBZ X O
known VBN X O
for IN X O
their PRP$ X O
practical JJ X B-Skill
, , X I-Skill
handson JJ X I-Skill
approach NN X I-Skill
to TO X O
solving VBG X B-Skill
client NN X I-Skill
problems NNS X I-Skill
. . X O
The DT X O

Person NNP X O
For IN X O
your PRP$ X O
application NN X O
to TO X O
be VB X O
considered VBN X O
you PRP X O
must MD X O
have VB X O
a DT X O
solid JJ X O
, , X O
proven JJ X O
background NN X O
in IN X O
Commercial JJ X B-Domain
Insurance NNP X I-Domain
sales NNS X I-Domain
roles NNS X O
, , X O
preferably RB X O
in IN X O
the DT X O
SME NNP X B-Domain
/ NNP X I-Domain
Mid NNP X I-Domain
market NN X I-Domain
. . X O
Despite IN X O

the DT X O
vast JJ X O
geographical JJ X O
range NN X O
and CC X O
huge JJ X O
variety NN X O
of IN X O
their PRP$ X O
operations NNS X O
, , X O
there EX X O
is VBZ X O
a DT X O
common JJ X O
set NN X O
of IN X O
values NNS X O
firmly RB X O
in IN X O
place NN X O
across IN X O
all DT X O
levels NNS X O
of IN X O
their PRP$ X O
organisation NN X O
and CC X O
wherever NN X O
they PRP X O
are VBP X O
working VBG X O
in IN X O
the DT X O
world NN X O
. . X O
Carry NNP X B-Skill

out RP X I-Skill
corrective JJ X I-Skill
and CC X I-Skill
improvement NN X I-Skill
activities NNS X I-Skill
, , X O
and CC X O
provide VB X B-Skill
written VBN X I-Skill
feedback NN X I-Skill
. . X O
Manage VB X B-Skill

the DT X I-Skill
development NN X I-Skill
of IN X I-Skill
reporting NN X I-Skill
tools NNS X I-Skill
and CC X I-Skill
controls NNS X I-Skill
relating VBG X I-Skill
to TO X I-Skill
catastrophe VB X I-Skill
risk NN X I-Skill
processes NNS X I-Skill
Ensure NN X O

works NNS X O
are VBP X O
completed VBN X O
to TO X O
meet VB X B-Skill
the DT X I-Skill
contractual JJ X I-Skill
timescales NNS X I-Skill
Promote NNP X B-Skill

overall JJ X I-Skill
Quality NNP X I-Skill
Engineering NNP X I-Skill
activities NNS X I-Skill
, , X O
particularly RB X O
within IN X O
New NNP X O
Product NNP X O
Development NNP X O
/ NNP X O
Introduction NNP X O
. . X O
Getting VBG X O

to TO X O
know VB X O
you PRP X O
, , X O
you PRP X O
re VBP X O
skills NNS X O
, , X O
experiences NNS X O
and CC X O
most JJS X O
importantly RB X O
what WP X O
you PRP X O
want VBP X O
from IN X O
your PRP$ X O
career NN X O
. . X O
**** NN X O

stores NNS X O
and CC X O
more JJR X O
than IN X O
12million CD X O
customer NN X O
visits NNS X O
every DT X O
week NN X O
. . X O
Cherryred NNP X O

is VBZ X O
a DT X O
true JJ X O
specialist NN X B-Domain
consultancy NN X I-Domain
a DT X O
business NN X B-Domain
that WDT X O
specialises VBZ X O
in IN X O
Hospitality NNP X B-Domain
and CC X O
Catering NNP X B-Domain
Permanent JJ X O

role NN X O
Expanding VBG X O
food NN X B-Domain
company NN X I-Domain
based VBN X O
in IN X O
Dungannon NNP X O
are VBP X O
currently RB X O
recruiting VBG X O
for IN X O
a DT X O
maintenance NN X B-Occupation
technician NN X I-Occupation
The DT X O

company NN X O
are VBP X O
a DT X O
leading VBG X B-Skill
Big NNP X I-Skill
Data NNP X I-Skill
consultancy NN X I-Skill
working VBG X I-Skill
with IN X I-Skill
all DT X I-Skill
of IN X I-Skill
the DT X I-Skill
leading VBG X I-Skill
Big NNP X I-Skill
Data NNP X I-Skill
technology NN X I-Skill
vendors NNS X I-Skill
to TO X I-Skill
build VB X I-Skill
best JJS X I-Skill
of IN X I-Skill
the DT X I-Skill
best JJS X I-Skill
data NNS X I-Skill
solutions NNS X I-Skill
Perform NNP X I-Skill
design NN X I-Skill
and CC X I-Skill
development NN X I-Skill
of IN X I-Skill
changes NNS X I-Skill
to TO X I-Skill
existing VBG X I-Skill
new JJ X I-Skill
systems NNS X I-Skill
Discuss NNP X O
and CC X O
Assist NN X O

in IN X O
devising VBG X O
a DT X O
tender NN X B-Skill
schedule NN X I-Skill
and CC X O
monitor NN X B-Skill
progress NN X I-Skill
This DT X O
role NN X O
is VBZ X O
open JJ X O
to TO X O
anyone NN X O
in IN X O
an DT X O
engineering NN X B-Domain
/ NN X O
IT NNP X B-Domain
environment NN X O
with IN X O
admin JJ X B-Skill
experience NN X O
of IN X O
complex JJ X B-Skill
, , X I-Skill
high JJ X I-Skill
value NN X I-Skill
tenders NNS X I-Skill
. . X O
Holding VBG X B-Skill

NPD NNP X I-Skill
programme NN X I-Skill
team NN X I-Skill
meetings NNS X I-Skill
as IN X O
a DT X O
forum NN X O
for IN X O
communication NN X O
. . X O
You PRP X O

will MD X O
be VB X O
supporting VBG X O
the DT X O
Commercial NNP X O
team NN X O
with IN X O
a DT X O
framework NN X O
to TO X O
build VB X B-Skill
tailored JJ X I-Skill
plans NNS X I-Skill
within IN X I-Skill
the DT X I-Skill
retailer NN X I-Skill
, , X O
thus RB X O
enabling VBG X B-Skill
continual JJ X I-Skill
growth NN X I-Skill
and CC X I-Skill
category NN X I-Skill
success NN X I-Skill
built VBN X O
on IN X O
the DT X O
strength NN X O
of IN X O
the DT X O
customer NN X B-Skill
relationship NN X I-Skill
. . X O
The DT X O

successful JJ X O
candidate NN X O
will MD X O
have VB X O
a DT X O
proven JJ X O
track NN X O
record NN X O
within IN X O
the DT X O
water NN X B-Domain
industry NN X I-Domain
, , X O
knowledge NN X O
of IN X O
Cooling VBG X B-Skill
Towers NNP X I-Skill
or CC X O
Steam NNP X B-Skill
Boilers NNP X I-Skill
would MD X O
be VB X O
advantageous JJ X O
but CC X O
not RB X O
essential JJ X O
. . X O
Be NNP X O

fully RB X O
familiar JJ X B-Skill
with IN X I-Skill
Client NNP X I-Skill
General NNP X I-Skill
Practices NNPS X I-Skill
and CC X I-Skill
all DT X I-Skill
updates NNS X I-Skill
. . X O
The DT X O

Role NNP X O
: : X O
Managing VBG X B-Skill
two CD X I-Skill
of IN X I-Skill
the DT X I-Skill
biggest JJS X I-Skill
Grocery NN X I-Skill
multiples NNS X I-Skill
in IN X I-Skill
the DT X I-Skill
world NN X I-Skill
, , X O
you PRP X O
will MD X O
be VB X O
developing VBG X B-Skill
promotional JJ X I-Skill
strategies NNS X I-Skill
with IN X I-Skill
the DT X I-Skill
' POS X I-Skill
at IN X I-Skill
home NN X I-Skill
' POS X I-Skill
and CC X I-Skill
leisure NN X I-Skill
buyer NN X I-Skill
at IN X I-Skill
head NN X I-Skill
office NN X I-Skill
. . X O
Call VB X O

Us NNP X O
Now RB X O
For IN X O
Motor NNP X B-Domain
Trade NNP X I-Domain
Jobs NNP X O
, , X O
Working VBG X O
in IN X O
Automotive NNP X B-Domain
Main NNP X O
Car NNP X O
Dealerships NNP X O
such JJ X O
as IN X O
Mercedes NNP X O
, , X O
Audi NNP X O
, , X O
BMW NNP X O
, , X O
VW NNP X O
, , X O
Jaguar NNP X O
, , X O
Land NNP X O
Rover NNP X O
, , X O
Volvo NNP X O
, , X O
Bentley NNP X O
, , X O
Saab NNP X O
, , X O
Lexus NNP X O
, , X O
Toyota NNP X O
, , X O
Mazda NNP X O
, , X O
Ford NNP X O
, , X O
Peugeot NNP X O
, , X O
Renault NNP X O
, , X O
Citroen NNP X O
, , X O
Vauxhall NNP X O
, , X O
Nissan NNP X O
and CC X O
many JJ X O
more JJR X O
. . X O
If IN X O

you PRP X O
are VBP X O
interested JJ X O
in IN X O
this DT X O
varied JJ X O
and CC X O
challenging JJ X O
role NN X O
and CC X O
are VBP X O
looking VBG X O
to TO X O
work VB X O
within IN X O
a DT X O
fun NN X B-Skill
loving VBG X I-Skill
team NN X O
in IN X O
a DT X O
company NN X O
with IN X O
great JJ X O
employee NN X O
benefits NNS X O
please VBP X O
submit VB X O
your PRP$ X O
CV NNP X O
without IN X O
delay NN X O
. . X O
Due JJ X O

to TO X O
on IN X O
going VBG X O
company NN X O
growth NN X O
they PRP X O
are VBP X O
now RB X O
looking VBG X O
to TO X O
recruit VB X O
additional JJ X O
Internal NNP X B-Occupation
Consultants NNPS X I-Occupation
to TO X O
work VB X O
in IN X O
the DT X O
UK NNP X O
based VBN X O
support NN X O
centre NN X O
, , X O
joining VBG X O
an DT X O
existing VBG X O
team NN X O
of IN X O
highly RB X O
motivated VBN X O
and CC X O
skilled VBN X O
individuals NNS X O
. . X O
They PRP X O

are VBP X O
about IN X O
to TO X O
embark VB X O
upon IN X O
several JJ X O
joint JJ X O
. . X B-Skill
NET JJ X I-Skill
/ NN X I-Skill
C NNP X I-Skill
software NN X I-Skill
development NN X I-Skill
projects NNS X I-Skill
with IN X O
Microsoft NNP X O
that WDT X O
will MD X O
take VB X O
the DT X O
IT NNP X B-Domain
industry NN X I-Domain
by IN X O
storm NN X O
We PRP X O
are VBP X O
seeking VBG X O
several JJ X O
. . X B-Occupation
NET JJ X I-Occupation
Developer NN X I-Occupation
with IN X O
full JJ X O
project NN X O
life NN X O
cycle NN X O
experience NN X O
and CC X O
a DT X O
skill NN X O
set VBN X O
that IN X O
encompasses VBZ X O
: : X O
. . X O
NET NN X O
, , X O
A DT X O

deep JJ X O
understanding NN X O
of IN X O
the DT X O
training NN X B-Skill
and CC X I-Skill
simulation NN X I-Skill
market NN X I-Skill
place NN X I-Skill
, , X O
current JJ X B-Skill
trends NNS X I-Skill
and CC X I-Skill
innovations NNS X I-Skill
NOW NN X O

: : X O
Your PRP$ X O
CV NNP X O
will MD X O
be VB X O
forwarded VBN X O
to TO X O
Clive NNP X O
Wadelin NNP X O
at IN X O
our PRP$ X O
advising VBG X O
consultant NN X O
' '' X O
s NN X O
, , X O
Jonathan NNP X O
Lee NNP X O
Recruitment NNP X O
, , X O
who WP X O
will MD X O
treat VB X O
it PRP X O
in IN X O
the DT X O
strictest NN X O
confidence NN X O
and CC X O
keep VB X O
you PRP X O
closely RB X O
informed VBN X O
on IN X O
the DT X O
progress NN X O
of IN X O
your PRP$ X O
application NN X O
. . X O
Implement NNP X B-Skill

Continuous NNP X I-Skill
Improvement NNP X I-Skill
activities NNS X I-Skill
through IN X I-Skill
the DT X I-Skill
deployment NN X I-Skill
of IN X I-Skill
the DT X I-Skill
lean JJ X I-Skill
manufacturing NN X I-Skill
Develop NNP X I-Skill
, , X I-Skill
control NN X I-Skill
and CC X I-Skill
participate VB X I-Skill
in IN X I-Skill
all DT X I-Skill
maintenance NN X I-Skill
activities NNS X I-Skill
to TO X I-Skill
optimise VB X I-Skill
efficiency NN X I-Skill
. . X O
Blue NNP X O

Skies NNPS X O
Marketing NNP X O
Recruitment NNP X O
specialises VBZ X O
in IN X O
marketing VBG X O
jobs NNS X O
across IN X O
Creative NNP X B-Skill
, , X O
PR NNP X B-Skill
, , X O
Clientside NNP X B-Skill
, , X O
Account NNP X B-Skill
Handling NNP X I-Skill
and CC X O
Executive NNP X B-Skill
. . X O
You PRP X O

will MD X O
work VB X B-Skill
with IN X I-Skill
the DT X I-Skill
Head NNP X I-Skill
of IN X I-Skill
Fundraising NNP X I-Skill
, , X O
Director NNP X B-Occupation
of IN X I-Occupation
Development NNP X I-Occupation
, , X O
the DT X B-Skill
development NN X I-Skill
team NN X I-Skill
, , X O
members NNS X B-Skill
of IN X I-Skill
academic JJ X I-Skill
staff NN X I-Skill
and CC X I-Skill
key JJ X I-Skill
volunteers NNS X I-Skill
to TO X I-Skill
identify VB X I-Skill
, , X I-Skill
cultivate NN X I-Skill
and CC X I-Skill
solicit JJ X I-Skill
major JJ X I-Skill
gifts NNS X I-Skill
from IN X I-Skill
new JJ X I-Skill
and CC X I-Skill
existing VBG X I-Skill
individual JJ X I-Skill
and CC X I-Skill
corporate JJ X I-Skill
prospects NNS X I-Skill
. . X O
For IN X O

an DT X O
informal JJ X O
visit NN X O
/ NNP X O
discussion NN X O
please NN X O
contact NN X O
Catherine NNP X O
O NNP X O
' POS X O
Connor NNP X O
, , X O
Ward NNP X B-Occupation
Manager NNP X I-Occupation
at IN X O
catherine NN X O
. . X O
oconnorhje NN X O
. . X O
org NN X O
. . X O
uk JJ X O
or CC X O
contact NN X O
on IN X O
Principal JJ X B-Occupation

Engineers NNS X I-Occupation
within IN X O
this DT X O
area NN X O
of IN X O
are VBP X O
responsible JJ X B-Skill
for IN X I-Skill
leading VBG X I-Skill
and CC X I-Skill
implementing VBG X I-Skill
civil JJ X I-Skill
engineering NN X I-Skill
design NN X I-Skill
work NN X I-Skill
for IN X I-Skill
all DT X I-Skill
types NNS X I-Skill
of IN X I-Skill
rail NN X I-Skill
projects NNS X I-Skill
including VBG X I-Skill
multidisciplinary JJ X I-Skill
enhancement NN X I-Skill
schemes NNS X I-Skill
, , X I-Skill
bridge NN X I-Skill
refurb NN X I-Skill
/ NNP X I-Skill
recon NN X I-Skill
, , X I-Skill
railway NN X I-Skill
buildings NNS X I-Skill
, , X I-Skill
station NN X I-Skill
platforms NNS X I-Skill
, , X I-Skill
resignalling VBG X I-Skill
schemes NNS X I-Skill
, , X I-Skill
level NN X I-Skill
crossings NNS X I-Skill
, , X I-Skill
and CC X I-Skill
other JJ X I-Skill
civil JJ X I-Skill
engineering NN X I-Skill
structures NNS X I-Skill
. . X O
**** JJ X O

**** NNP X O
**** NN X O
or CC X O
click NN X O
' '' X O
Apply RB X O
Now RB X O
' POS X O
below NN X O
and CC X O
follow VB X O
our PRP$ X O
easy JJ X O
to TO X O
view VB X O
instructions NNS X O
. . X O
The DT X O

applicant NN X O
will MD X O
be VB X O
required VBN X O
to TO X O
hold VB X O
a DT X O
pass NN X O
Certificate NNP X B-Qualification
for IN X I-Qualification
the DT X I-Qualification
Essex NNP X I-Qualification
County NNP X I-Qualification
Council NNP X I-Qualification
Minibus NNP X I-Qualification
Test NNP X I-Qualification
before IN X O
being VBG X O
awarded VBD X O
the DT X O
post NN X O
This DT X O

is VBZ X O
a DT X O
fast RB X O
paced JJ X O
, , X O
busy JJ X O
environment NN X O
with IN X O
some DT X O
highly RB X O
experienced JJ X O
and CC X O
successful JJ X O
recruitment NN X O
consultants NNS X O
you PRP X O
will MD X O
be VB X O
joining VBG X B-Skill
an DT X I-Skill
award NN X I-Skill
winning NN X I-Skill
and CC X I-Skill
highly RB X I-Skill
passionate JJ X I-Skill
team NN X I-Skill
of IN X I-Skill
people NNS X I-Skill
. . X O
Join VB X O

our PRP$ X O
dedicated VBN X O
homecare NN X B-Domain
team NN X O
in IN X O
Aldershot NNP X O
Castlerock NNP X O
Homecare NNP X O
a DT X O

qualified JJ X O
Registered NNP X O
General NNP X B-Occupation
Nurse NNP X I-Occupation
Must NNP X O
have VBP X O
at IN X B-Experience
least JJS X I-Experience
1 CD X I-Experience
years NNS X I-Experience
experience RB X I-Experience
working VBG X O
with IN X O
elderly JJ X O
clients NNS X O
**** NN X O

k NN X O
plus CC X O
bonus NN X O
dependant NN X O
on IN X O
experience NN X O
Interested VBN X O
in IN X O
this DT X O
challenge NN X O
send VB X O
your PRP$ X O
CV NNP X O
to TO X O
JHcorecruitment NNP X O
. . X O
com NN X O
Follow NNP X O
COREcruitment NNP X O
on IN X O
your PRP$ X O
favourite JJ X O
social JJ X B-Domain
networks NNS X I-Domain
Facebook NNP X I-Domain
, , X O
Twitter NNP X B-Domain
, , X O
LinkedIn NNP X B-Domain
and CC X O
Pinterest NNP X B-Domain
. . X O
Ensure NN X B-Skill

client NN X I-Skill
satisfaction NN X I-Skill
by IN X O
providing VBG X B-Skill
seamless NN X I-Skill
back RB X I-Skill
up RB X I-Skill
cover NN X I-Skill
to TO X I-Skill
other JJ X I-Skill
team NN X I-Skill
members NNS X I-Skill
Demonstrate NNP X I-Skill
continual JJ X I-Skill
awareness NN X I-Skill
of IN X I-Skill
Company NNP X I-Skill
core NN X I-Skill
values NNS X I-Skill
Deal NNP X I-Skill
in IN X I-Skill
an DT X I-Skill
ethical JJ X I-Skill
honest NN X I-Skill
manner NN X I-Skill
in IN X O
all DT X O
ways NNS X O
The DT X O

role NN X O
will MD X O
involve VB X O
driving VBG X B-Skill
change NN X I-Skill
across IN X I-Skill
the DT X I-Skill
business NN X I-Skill
, , X O
ensuring VBG X O
that IN X O
the DT X O
products NNS X B-Skill
are VBP X I-Skill
appropriately RB X I-Skill
prioritised VBN X I-Skill
within IN X O
the DT X O
business NN X O
IT NNP X B-Domain
and CC X O
business NN X O
change NN X O
, , X O
and CC X O
that IN X O
appropriate JJ X B-Skill
resources NNS X I-Skill
and CC X I-Skill
support NN X I-Skill
are VBP X I-Skill
achieved VBN X I-Skill
. . X O
My PRP$ X O

client NN X O
, , X O
a DT X O
leading JJ X O
precision NN X O
engineering NN X O
company NN X O
based VBN X O
in IN X O
Hailsham NNP X O
requires VBZ X O
a DT X O
number NN X O
of IN X O
skilled JJ X O
CNC NNP X B-Occupation
Millers NNP X I-Occupation
& CC X O
CNC NNP X B-Occupation
Turners NNPS X I-Occupation
to TO X O
join VB X O
their PRP$ X O
already RB X O
busy JJ X O
team NN X O
. . X O
Canadian JJ X O

crosses NNS X O
PFSU NNP X O
s NN X O
Maintain NNP X B-Skill
seasonal JJ X I-Skill
POS NNP X I-Skill
in IN X I-Skill
store NN X I-Skill
reinvention NN X I-Skill
stores NNS X I-Skill
and CC X O
create NN X B-Skill
store NN X I-Skill
communication NN X I-Skill
for IN X O
seasonal JJ X O
updates NNS X O
/ VBP X O
changeovers NNS X O
Point NNP X O
of IN X O
sale NN X O
contact NN X O
to TO X O
support VB X O
buying VBG X O
teams NNS X O
on IN X O
refreshes NNS X B-Skill
of IN X I-Skill
permanent JJ X I-Skill
fixturisation NN X I-Skill
projects NNS X I-Skill
, , X O
new JJ X O
in IN X B-Skill
store NN X I-Skill
fixture NN X I-Skill
trials NNS X I-Skill
, , X O
concession NN X O
and CC X O
third JJ X O
party NN X O
POS NNP X O
support NN X O
Track NNP X B-Skill
monthly JJ X I-Skill
spend NN X I-Skill
on IN X I-Skill
store NN X I-Skill
reinvention NN X I-Skill
projects NNS X I-Skill
and CC X O
work NN X O
with IN X O
line NN X O
manager NN X O
to TO X B-Skill
maintain VB X I-Skill
budget NN X I-Skill
and CC X O
cross NN X B-Skill
charge NN X I-Skill
payments NNS X I-Skill
on IN X O
monthly JJ X O
basis NN X O
You PRP X O

will MD X O
be VB X O
involved VBN X O
in IN X O
all DT X O
areas NNS X O
of IN X O
benefit NN X B-Domain
processing NN X I-Domain
including VBG X O
the DT X O
calculation NN X B-Skill
of IN X I-Skill
death NN X I-Skill
, , X O
retirement NN X B-Skill
and CC X O
leaving VBG X B-Skill
service NN X I-Skill
benefits NNS X I-Skill
and CC X I-Skill
options NNS X I-Skill
using VBG X O
computerized JJ X O
and CC X O
partmanual JJ X O
systems NNS X O
alongside IN X O
communication NN X B-Skill
of IN X I-Skill
benefits NNS X I-Skill
and CC X O
query DT X B-Skill
resolution NN X I-Skill
. . X O
With IN X O

a DT X O
huge JJ X O
multi NN X O
million CD X O
pound NN X O
investment NN X O
, , X O
An DT X O
urgent JJ X O
need NN X O
for IN X O
an DT X O
experienced JJ X O
Systems NNP X B-Occupation
developer NN X I-Occupation
with IN X O
a DT X O
Linux NNP X B-Skill
focus NN X I-Skill
and CC X I-Skill
Perl NNP X I-Skill
scripting NN X I-Skill
language NN X I-Skill
To TO X B-Skill

develop VB X I-Skill
and CC X I-Skill
deliver VB X I-Skill
courses NNS X I-Skill
including VBG X I-Skill
the DT X I-Skill
theoretical JJ X I-Skill
knowledge NN X I-Skill
and CC X I-Skill
practical JJ X I-Skill
skills NNS X I-Skill
for IN X I-Skill
both DT X I-Skill
fulltime NN X I-Skill
and CC X I-Skill
parttime NN X I-Skill
learners NNS X I-Skill
, , X O
at IN X O
a DT X O
range NN X O
of IN X O
levels NNS X O
in IN X O
accordance NN X O
with IN X O
the DT X O
college NN X O
' POS X O
s JJ X O
conditions NNS X O
of IN X O
service NN X O
, , X O
in IN X O
order NN X O
to TO X O
achieve VB X B-Skill
high JJ X I-Skill
quality NN X I-Skill
learning VBG X I-Skill
experiences NNS X I-Skill
and CC X I-Skill
high JJ X I-Skill
success NN X I-Skill
rates NNS X I-Skill
. . X O
English NNP X O

is VBZ X O
a DT X O
successful JJ X O
subject NN X O
, , X O
enjoyed VBN X O
by IN X O
students NNS X O
and CC X O
delivered VBN X O
by IN X O
a DT X O
team NN X O
of IN X O
experienced JJ X O
, , X O
hardworking VBG X O
and CC X O
enthusiastic JJ X O
staff NN X O
. . X O
The DT X O

successful JJ X O
candidate NN X O
must MD X O
also RB X O
be VB X O
committed VBN X O
to TO X O
helping VBG X O
develop VB X B-Skill
internal JJ X I-Skill
staff NN X I-Skill
. . X O
Domiciliary NNP X O

Care NNP X O
Worker NNP X O
Company NNP X O
Are NNP X O
you PRP X O
looking VBG X O
for IN X O
a DT X O
career NN X O
in IN X O
care NN X B-Domain
or CC X O
a DT X O
new JJ X O
job NN X O
in IN X O
a DT X O
home NN X B-Domain
care NN X I-Domain
setting VBG X O
? . X O
You PRP X O

should MD X O
be VB X O
able JJ X O
to TO X O
demonstrate VB X O
that IN X O
you PRP X O
can MD X O
use VB X B-Skill
your PRP$ X I-Skill
initiative NN X I-Skill
to TO X I-Skill
work VB X I-Skill
outside RB X I-Skill
your PRP$ X I-Skill
comfort NN X I-Skill
zone NN X I-Skill
and CC X I-Skill
to TO X I-Skill
seek VB X I-Skill
out RP X I-Skill
relevant JJ X I-Skill
information NN X I-Skill
Enthusiastic NNP X I-Skill
to TO X I-Skill
research NN X I-Skill
data NNS X I-Skill
, , X I-Skill
retailers NNS X I-Skill
, , X I-Skill
market NN X I-Skill
sectors NNS X I-Skill
, , X O
but CC X O
have VBP X O
the DT X O
ability NN X B-Skill
to TO X I-Skill
understand VB X I-Skill
what WP X I-Skill
s NN X I-Skill
important JJ X I-Skill
and CC X I-Skill
influencing VBG X I-Skill
Good NNP X I-Skill
communicator NN X I-Skill
verbal NN X I-Skill
and CC X I-Skill
written VBN X I-Skill
as IN X O
they PRP X O
will MD X O
need VB X O
to TO X O
be VB X O
able JJ X B-Skill
to TO X I-Skill
adapt VB X I-Skill
styles NNS X I-Skill
to TO X I-Skill
derive VB X I-Skill
the DT X I-Skill
best JJS X I-Skill
out IN X I-Skill
of IN X I-Skill
retailers NNS X I-Skill
, , X I-Skill
the DT X I-Skill
sales NNS X I-Skill
team NN X I-Skill
, , X I-Skill
key JJ X I-Skill
departmental JJ X I-Skill
staff NN X I-Skill
, , X I-Skill
suppliers NNS X I-Skill
Show VBP X O
maturity NN X O
, , X O
presence NN X O
and CC X O
plausibility NN X O
Be NNP X O
happy JJ X O
to TO X O
multitask VB X O
, , X B-Skill
with IN X I-Skill
a DT X I-Skill
keen JJ X I-Skill
attention NN X I-Skill
to TO X I-Skill
detail VB X I-Skill
Show NNP X I-Skill
commitment NN X I-Skill
and CC X I-Skill
tenacity NN X I-Skill
, , X I-Skill
with IN X I-Skill
a DT X I-Skill
strong JJ X I-Skill
work NN X I-Skill
ethic NN X I-Skill
Be VB X O

an DT X O
ideas JJ X B-Skill
person NN X I-Skill
whose WP$ X O
focus NN X O
is VBZ X O
to TO X O
solve VB X B-Skill
as RB X I-Skill
well RB X I-Skill
as IN X I-Skill
identify NN X I-Skill
challenges NNS X I-Skill
Be NNP X O
minimum JJ X B-Qualification
degree NN X I-Qualification
educated VBD X I-Qualification
or CC X O
equivalent JJ X O
in IN X O
a DT X O
relevant JJ X O
subject NN X O
to TO X O
Or CC X O

will MD X O
you PRP X O
be VB X O
an DT X O
NQT NNP X O
in IN X O
a DT X O
few JJ X O
months NNS X O
that WDT X O
is VBZ X O
looking VBG X O
for IN X O
a DT X O
supportive JJ X O
and CC X O
settled JJ X O
school NN X B-Domain
to TO X O
become VB X O
a DT X O
part NN X O
of IN X O
? . X O
Visit VB X O

our PRP$ X O
website NN X O
or CC X O
get VB X O
in IN X O
touch JJ X O
today NN X O
to TO X O
discuss VB X O
this DT X O
role NN X O
, , X O
find VB X O
out RP X O
what WP X O
else RB X O
The DT X O

Services NNPS X O
Pipeline NNP X O
systems NNS X O
represent VBP X O
significant JJ X O
financial JJ X O
investment NN X O
and CC X O
constitute VB X O
a DT X O
key JJ X O
element NN X O
of IN X O
the DT X O
industrial JJ X O
and CC X O
public JJ X O
value NN X O
chain NN X O
. . X O
Project NN X B-Occupation

Planner NNP X I-Occupation
required VBD X O
for IN X O
dynamic JJ X O
software NN X O
house NN X O
near IN X O
Cheadle NNP X O
. . X O
Please VB X O

apply RB X O
now RB X O
, , X O
and CC X O
one CD X O
of IN X O
our PRP$ X O
consultants NNS X O
will MD X O
call VB X O
you PRP X O
shortly RB X O
to TO X O
confidentially RB X O
discuss VB X O
your PRP$ X O
career NN X O
goals NNS X O
. . X O
If IN X O

you PRP X O
feel VBP X O
you PRP X O
have VBP X O
the DT X O
right JJ X O
combination NN X O
of IN X O
technical JJ X B-Skill
skills NNS X O
and CC X O
personal JJ X B-Skill
drive NN X I-Skill
, , X O
please VB X O
apply VB X O
ASAP NNP X O
to TO X O
avoid VB X O
missing VBG X O
out RP X O
on IN X O
this DT X O
position NN X O
. . X O
Growth NNP X O

and CC X O
retention NN X O
of IN X O
members NNS X O
that WDT X O
are VBP X O
families NNS X O
with IN X O
children NNS X O
Member NNP X O
Focus NNP X O
. . X O
Viamii NNP X O

Recruitment NNP X B-Domain
covers VBZ X O
Content NNP X B-Domain
, , X O
Internal NNP X B-Domain
/ NNP X I-Domain
External NNP X I-Domain
Communications NNP X I-Domain
, , X O
Digital NNP X B-Domain
, , X O
Client NNP X B-Domain
Services NNPS X I-Domain
and CC X O
Marcomms NNP X B-Domain
within IN X O
London NNP X O
and CC X O
the DT X O
home NN X O
counties NNS X O
Please NNP X O
note NN X O
: : X O
Only RB X O
successful JJ X O
candidates NNS X O
will MD X O
be VB X O
notified VBN X O
. . X O
All DT X O

employees NNS X O
are VBP X O
expected VBN X O
to TO X O
adhere VB X B-Skill
to TO X I-Skill
the DT X I-Skill
principles NNS X I-Skill
set VBN X I-Skill
out RP X I-Skill
in IN X I-Skill
the DT X I-Skill
Equal JJ X I-Skill
Opportunities NNP X I-Skill
in IN X I-Skill
Employment NNP X I-Skill
Policy NNP X I-Skill
, , X I-Skill
Promoting VBG X I-Skill
Race NNP X I-Skill
Equality NNP X I-Skill
Policy NNP X I-Skill
and CC X I-Skill
Disability NNP X I-Skill
Policy NNP X I-Skill
and CC X I-Skill
all DT X I-Skill
other JJ X I-Skill
relevant JJ X I-Skill
guidance NN X I-Skill
/ NNP X I-Skill
practice NN X I-Skill
frameworks NNS X I-Skill
. . X O
You PRP X O

will MD X O
need VB X O
to TO X O
search VB X B-Skill
across IN X I-Skill
the DT X I-Skill
market NN X I-Skill
for IN X I-Skill
competitors NNS X I-Skill
and CC X O
work NN X B-Skill
to TO X I-Skill
reach VB X I-Skill
new JJ X I-Skill
clients NNS X I-Skill
. . X O
Working VBG X O

within IN X O
a DT X O
dynamic JJ X O
and CC X O
constantly RB X O
developing VBG X O
business NN X B-Domain
environment NN X O
, , X O
you PRP X O
will MD X O
identify VB X B-Skill
and CC X I-Skill
analyse VB X I-Skill
business NN X I-Skill
needs NNS X I-Skill
and CC X I-Skill
outcomes NNS X I-Skill
for IN X O
existing VBG X O
and CC X O
new JJ X O
processes NNS X O
. . X O
The DT X O

salary NN X O
is VBZ X O
negotiable JJ X O
and CC X O
is VBZ X O
dependant JJ X O
on IN X O
your PRP$ X O
experience NN X O
and CC X O
the DT X O
right JJ X O
attitude NN X O
and CC X O
approach NN X O
that IN X O
you PRP X O
can MD X O
provide VB X O
the DT X O
company NN X O
, , X O
upon IN X O
being VBG X O
successful JJ X O
with IN X O
your PRP$ X O
interview NN X O
. . X O
Additional JJ X O

experience NN X O
in IN X O
other JJ X O
Project NNP X B-Skill
Controls NNP X I-Skill
; : X O
Project NNP X B-Skill
Planning NNP X I-Skill
, , X O
Cost NNP X B-Skill
Engineering NNP X I-Skill
and CC X O
Project NNP X B-Skill
Execution NNP X I-Skill
is VBZ X O
desirable JJ X O
. . X O
If IN X O

the DT X O
Graphic NNP X B-Occupation
Designer NNP X I-Occupation
has VBZ X O
any DT X O
experience NN X B-Skill
in IN X I-Skill
web NN X I-Skill
design NN X I-Skill
that WDT X O
would MD X O
be VB X O
a DT X O
bonus NN X O
. . X O
We PRP X O

also RB X O
have VBP X O
many JJ X O
other JJ X O
jobs NNS X O
available JJ X O
, , X O
keep VB X O
checking VBG X O
our PRP$ X O
website JJ X O
www NN X O
. . X O
alexanderlloyd NN X O
. . X O
co NN X O
. . X O
uk NN X O
. . X O
This DT X O

role NN X O
would MD X O
suit VB X O
a DT X O
strong JJ X B-Skill
part NN X O
qualified VBD X O
or CC X O
qualified JJ X O
Management NNP X B-Qualification
Accountant NNP X I-Qualification
who WP X O
has VBZ X O
a DT X O
strong JJ X B-Skill
, , X O
recent JJ X O
working VBG X B-Skill
knowledge NN X I-Skill
of IN X O
SAP NNP X B-Skill
. . X O
Working VBG X B-Skill

closely RB X I-Skill
with IN X I-Skill
the DT X I-Skill
faculty NN X I-Skill
? . X O
s JJ X O
budget NN X O
holders NNS X O
, , X O
you PRP X O
will MD X O
ensure VB X B-Skill
that IN X I-Skill
budgetary JJ X I-Skill
control NN X I-Skill
is VBZ X I-Skill
being VBG X I-Skill
exercised VBN X I-Skill
and CC X I-Skill
financial JJ X I-Skill
targets NNS X I-Skill
are VBP X I-Skill
met VBN X I-Skill
. . X I-Skill
? . X O
This DT X O

varied JJ X O
and CC X O
exciting JJ X O
role NN X O
will MD X O
see VB X O
you PRP X O
getting VBG X O
involved VBN X O
with IN X O
testing VBG X B-Skill
/ JJ X O
installation NN X B-Skill
of IN X O
their PRP$ X O
unique JJ X O
product NN X O
on IN X O
client NN X O
sites NNS X O
around IN X O
Birmingham NNP X O
and CC X O
the DT X O
West NNP X O
Midlands NNPS X O
. . X O
Have VBP X O

the DT X O
potential JJ X B-Skill
to TO X I-Skill
engage VB X I-Skill
in IN X I-Skill
innovative JJ X I-Skill
research NN X I-Skill
and CC X O
to TO X O
complete VB X B-Skill
the DT X I-Skill
PhD NNP X I-Skill
within IN X I-Skill
the DT X I-Skill
specified JJ X I-Skill
length NN X I-Skill
of IN X I-Skill
time NN X I-Skill
. . X O
In IN X O

return NN X O
you PRP X O
will MD X O
receive VB X O
a DT X O
competitive JJ X O
basic JJ X O
salary NN X O
, , X O
a DT X O
highly RB X O
rewarding NN X O
and CC X O
achievable JJ X O
bonus NN X O
package NN X O
, , X O
everyday JJ X O
rewards NNS X O
and CC X O
third JJ X O
party NN X O
benefits NNS X O
, , X O
and CC X O
the DT X O
opportunity NN X O
to TO X O
progress VB X O
and CC X O
develop VB X O
your PRP$ X O
own JJ X O
retail JJ X B-Domain
management NN X I-Domain
career NN X O
through IN X O
the DT X O
companies NNS X O
supportive VBP X O
and CC X O
structured VBD X O
training NN X O
programmes NNS X O
. . X O
It PRP X O

will MD X O
assist VB X O
the DT X O
company NN X O
for IN X O
three CD X O
months NNS X O
from IN X O
the DT X O
end NN X O
of IN X O
January NNP X O
. . X O
Support NN X B-Skill

processes VBZ X I-Skill
to TO X O
ensure VB X O
the DT X O
group NN X O
financial JJ X O
targets NNS X O
are VBP X O
met VBN X O
. . X O
Redhat NNP X B-Skill

/ NNP X I-Skill
Centos NNP X I-Skill
and CC X I-Skill
Debian NNP X I-Skill
/ NNP X I-Skill
Ubuntu NNP X I-Skill
server NN X I-Skill
operating VBG X I-Skill
systems NNS X I-Skill
Expert NNP X O
knowledge NN X B-Skill
of IN X I-Skill
virtualisation NN X I-Skill
technology NN X I-Skill
and CC X I-Skill
hypervisors NNS X I-Skill
including VBG X I-Skill
vmware NN X I-Skill
ESXi NNP X I-Skill
and CC X I-Skill
Linux NNP X I-Skill
KVM NNP X I-Skill
Expert NNP X O
knowledge NN X B-Skill
of IN X I-Skill
the DT X I-Skill
operation NN X I-Skill
and CC X I-Skill
troubleshooting NN X I-Skill
of IN X I-Skill
common JJ X I-Skill
open JJ X I-Skill
source NN X I-Skill
application NN X I-Skill
stacks NNS X I-Skill
including VBG X I-Skill
Apache NNP X I-Skill
and CC X I-Skill
nginx JJ X I-Skill
webservers NNS X I-Skill
, , X I-Skill
PHP NNP X I-Skill
and CC X I-Skill
Java NNP X I-Skill
application NN X I-Skill
environments NNS X I-Skill
and CC X I-Skill
MySQL NNP X I-Skill
database NN X I-Skill
servers NNS X I-Skill
Expert NNP X O
knowledge NN X B-Skill
of IN X I-Skill
opensource NN X I-Skill
infrastructure NN X I-Skill
software NN X I-Skill
including VBG X I-Skill
PF NNP X I-Skill
and CC X I-Skill
IPtables NNP X I-Skill
firewalls NNS X I-Skill
, , X I-Skill
squid NN X I-Skill
HTTP NNP X I-Skill
caching NN X I-Skill
, , X I-Skill
memcached VBD X I-Skill
object JJ X I-Skill
cache NN X I-Skill
and CC X I-Skill
relayd NN X I-Skill
and CC X I-Skill
haproxy JJ X I-Skill
loadbalancers NNS X I-Skill
, , X O
Expert NNP X O
knowledge NNP X B-Skill
of IN X I-Skill
core NN X I-Skill
internet NN X I-Skill
protocols NNS X I-Skill
such JJ X I-Skill
as IN X I-Skill
DNS NNP X I-Skill
, , X I-Skill
HTTP NNP X I-Skill
and CC X I-Skill
SMTP NNP X I-Skill
Expert NNP X O
knowledge NN X B-Skill
of IN X I-Skill
security NN X I-Skill
protocols NNS X I-Skill
, , X I-Skill
software NN X I-Skill
and CC X I-Skill
industry NN X I-Skill
standard NN X I-Skill
hardening VBG X I-Skill
processes NNS X I-Skill
including VBG X I-Skill
SSL NNP X I-Skill
/ NNP X I-Skill
TLS NNP X I-Skill
, , X I-Skill
IPsec NNP X I-Skill
, , X I-Skill
SELinux NNP X I-Skill
and CC X I-Skill
CIS NNP X I-Skill
/ NNP X I-Skill
NIST NNP X I-Skill
guidelines NNS X I-Skill
Strong NNP X O
knowledge NN X B-Skill
of IN X I-Skill
storage NN X I-Skill
concepts NNS X I-Skill
, , X I-Skill
hardware NN X I-Skill
and CC X I-Skill
management NN X I-Skill
including VBG X I-Skill
SANs NNP X I-Skill
, , X I-Skill
NASs NNP X I-Skill
, , X I-Skill
RAID NNP X I-Skill
and CC X I-Skill
iSCSI VB X I-Skill
This DT X O

client NN X O
school NN X O
is VBZ X O
searching VBG X O
for IN X O
a DT X O
Psychology NNP X B-Qualification
Graduate NNP X I-Qualification
with IN X O
a DT X O
background NN X B-Skill
in IN X I-Skill
Speech NNP X I-Skill
& CC X I-Skill
Language NNP X I-Skill
??? NN X O
developer NN X B-Occupation

, , X O
asp NN X B-Skill
. . X I-Skill
net NN X I-Skill
, , X O
vb NN X B-Skill
. . X I-Skill
net NN X I-Skill
, , X O
vb NN X B-Occupation
. . X I-Occupation
net JJ X I-Occupation
developer NN X I-Occupation
, , X O
asp NN X B-Occupation
. . X I-Occupation
net JJ X I-Occupation
developer NN X I-Occupation
, , X O
asp NN X B-Skill
. . X I-Skill
net NN X I-Skill
, , X O
html NN X B-Skill
, , X O
ajax NN X B-Skill
, , X O
jquery NN X B-Skill
, , X O
mvc NN X B-Skill
, , X O
asp NN X B-Skill
. . X I-Skill
net NN X I-Skill
, , X O
vb NN X B-Occupation
. . X I-Occupation
net JJ X I-Occupation
developer NN X I-Occupation
, , X O
sql NN X B-Skill
server NN X I-Skill
, , X O
agile NN X B-Skill
, , X O
scrum NN X B-Skill
, , X I-Skill
scrum NN X I-Skill
methodology NN X I-Skill
, , X O
scrum NN X B-Skill
agile NN X I-Skill
, , X O
scrum NN X B-Skill
, , X O
agile JJ X B-Skill
/ NN X I-Skill
scrum NN X I-Skill
, , X O
xml NNP X B-Skill
, , X O
xml NNP X B-Skill
/ NNP X I-Skill
xslt NNP X I-Skill
, , X O
xml NNP X B-Skill
/ NNP X I-Skill
web NN X I-Skill
services NNS X I-Skill
, , X O
web NN X B-Skill
development NN X I-Skill
, , X O
web NN X B-Skill
developer NN X I-Skill
, , X O
web NN X B-Skill
development NN X I-Skill
, , X O
microsoft JJ X B-Skill
. . X I-Skill
net NN X I-Skill
, , X O
microsoft JJ X B-Skill
. . X I-Skill
net JJ X I-Skill
framework NN X I-Skill
, , X O
oracle NN X B-Skill
database NN X I-Skill
, , X O
sql JJ X B-Skill
server NN X I-Skill
Role NNP X I-Skill
There EX X O

is VBZ X O
an DT X O
energy NN X O
and CC X O
buzz NN X O
to TO X O
the DT X O
studio NN X O
based VBN X O
in IN X O
Clerkenwell NNP X O
which WDT X O
coupled VBD X O
with IN X O
the DT X O
down NN X O
to TO X O
earth JJ X O
culture NN X O
makes VBZ X O
it PRP X O
a DT X O
fabulous JJ X O
place NN X O
to TO X O
work VB X O
. . X O
The DT X O

Matchtech NNP X O
Controls NNP X O
amp NN X O
; : X O
Automation NNP X O
team NN X O
specialise NN X O
in IN X O
Automation NNP X B-Domain
and CC X I-Domain
Control NNP X I-Domain
Systems NNP X I-Domain
requirements NNS X O
both DT X O
from IN X O
a DT X O
contract NN X O
or CC X O
permanent JJ X O
perspective NN X O
. . X O
Be VB X O

a DT X O
Brand NNP X O
Guardian NNP X O
for IN X O
projects NNS X O
, , X O
guiding VBG X O
agencies NNS X O
and CC X O
Project NN X B-Occupation
Managers NNP X I-Occupation
Responsible NNP X O
for IN X O
all DT X O
environmental JJ X O
signage NN X O
and CC X O
imagery NN X O
selecting VBG X O
suitable JJ X O
imagery NN X O
from IN X O
an DT X O
already RB X O
available JJ X O
library JJ X O
Source NNP X O
bespoke NN X O
onbrand NN X O
imagery NN X O
for IN X O
visual JJ X O
areas NNS X O
of IN X O
store NN X O
and CC X O
windows NNS X O
in IN X O
line NN X O
with IN X O
timelines NNS X O
and CC X O
Brand NNP X O
Guidelines NNP X O
Work NNP X O
closely RB X O
with IN X O
Print NNP X B-Skill
Management NNP X I-Skill
to TO X O
ensure VB X O
solutions NNS X O
fit VBP X O
with IN X O
timelines NNS X O
and CC X O
the DT X O
whole NN X O
chain NN X O
roll NN X O
out RB X O
and CC X O
that IN X O
all DT X O
relevant JJ X O
information NN X O
is VBZ X O
recorded VBN X O
as IN X O
part NN X O
of IN X O
Event NNP X O
POS NNP X O
allocations NNS X O
per IN X O

annum NN X O
depending VBG X O
on IN X O
experience NN X O
benefits NNS X O
and CC X O
pension NN X O
. . X O
The DT X O

first JJ X O
stage NN X O
of IN X O
the DT X O
application NN X O
process NN X O
is VBZ X O
to TO X O
apply VB X O
online NN X O
. . X O
A DT X B-Skill

proactive JJ X I-Skill
work NN X I-Skill
approach NN X I-Skill
and CC X O
high JJ X O
level NN X O
communication NN X B-Skill
skills NNS X I-Skill
, , X O
with IN X O
the DT X O
ability NN X B-Skill
to TO X I-Skill
identify VB X I-Skill
SAP NNP X I-Skill
solutions NNS X I-Skill
to TO X I-Skill
fit VB X I-Skill
business NN X I-Skill
processes NNS X I-Skill
. . X O
We PRP X O

are VBP X O
looking VBG X O
for IN X O
highly RB X B-Skill
motivated VBN X I-Skill
and CC X O
experienced JJ X B-Skill
individuals NNS X O
, , X O
who WP X O
can MD X O
work VB X B-Skill
as IN X I-Skill
part NN X I-Skill
of IN X I-Skill
a DT X I-Skill
close JJ X I-Skill
team NN X I-Skill
and CC X O
produce VBP X B-Skill
exceptional JJ X I-Skill
results NNS X I-Skill
within IN X I-Skill
tight JJ X I-Skill
deadlines NNS X I-Skill
. . X O
Wallpaper NNP X O

Bespoke NNP X O
clients NNS X O
are VBP X O
all DT X O
high JJ X O
end NN X O
luxury NN X O
brands NNS X O
from IN X O
within IN X O
the DT X O
following JJ X O
sectors NNS X O
: : X O
fashion NN X O
, , X O
interiors NNS X O
, , X O
beauty NN X O
, , X O
hospitality NN X O
, , X O
travel NN X O
, , X O
cars NNS X O
, , X O
alcohol NN X O
and CC X O
watches NNS X O
. . X O
This DT X O

is VBZ X O
one CD X O
of IN X O
the DT X O
few JJ X O
firms NNS X O
where WRB X O
you PRP X O
can MD X O
achieve VB X O
partnership NN X O
through IN X O
your PRP$ X O
technical JJ X B-Skill
skills NNS X I-Skill
as IN X O
opposed VBN X O
to TO X O
pure VB X O
business NN X B-Domain
development NN X I-Domain
and CC X O
marketing NN X B-Domain
. . X O
To TO X O

prepare VB X B-Skill
and CC X I-Skill
serve VB X I-Skill
food NN X I-Skill
that WDT X O
conforms VBZ X O
to TO X O
the DT X O
College NNP X O
and CC X O
kitchen NN X O
standards NNS X O
by IN X O
working VBG X O
as IN X O
part NN X O
of IN X O
the DT X O
refectory NN X O
team NN X O
and CC X O
to TO X O
follow VB X B-Skill
and CC X I-Skill
adhere VB X I-Skill
to TO X I-Skill
kitchen VB X I-Skill
legislation NN X I-Skill
. . X O
Hays NNS X O

are VBP X O
recruiting VBG X O
for IN X O
a DT X O
Maintenance NNP X B-Occupation
Engineer NNP X I-Occupation
to TO X O
join VB X O
an DT X O
expanding VBG X O
team NN X O
operating NN X O
in IN X O
food NN X B-Domain
manufacture NN X I-Domain
You PRP X O
will MD X O
complete VB X B-Skill
all DT X I-Skill
planned VBN X I-Skill
and CC X I-Skill
reactive JJ X I-Skill
maintenance NN X I-Skill
to TO X O
achieve VB X O
optimum JJ X O
output NN X O
and CC X O
reliability NN X O
of IN X O
the DT X O
plant NN X O
while IN X O
reducing VBG X B-Skill
potential JJ X I-Skill
downtime NN X I-Skill
and CC X O
report NN X B-Skill
directly RB X I-Skill
to TO X I-Skill
the DT X I-Skill
Engineering NNP X I-Skill
Manager NNP X I-Skill
. . X O
You PRP X O

will MD X O
achieve VB X O
this DT X O
by IN X O
demanding VBG X O
the DT X O
very RB X O
best JJS X O
from IN X O
your PRP$ X O
team NN X O
and CC X O
by IN X O
managing VBG X B-Skill
and CC X I-Skill
coaching VBG X I-Skill
them PRP X O
to TO X O
success NN X O
. . X O
Applicants NNS X O

should MD X O
be VB X O
Chartered VBN X O
Financial NNP X B-Occupation
Planners NNPS X I-Occupation
or CC X O
working VBG X O
towards NNS X O
. . X O
About IN X O

our PRP$ X O
client NN X O
A DT X O
global JJ X O
organisation NN X O
with IN X O
an DT X O
excellent JJ X O
reputation NN X O
as IN X O
a DT X O
leading VBG X O
employer NN X O
. . X O
The DT X O

right JJ X O
candidate NN X O
will MD X O
: : X O
have VB X O
a DT X O
strong JJ X O
recent JJ X O
background NN X O
minimum VBD X B-Experience
3 CD X I-Experience
years NNS X I-Experience
in IN X O
ASP NNP X B-Skill
. . X I-Skill
Net JJ X I-Skill
web NN X I-Skill
development NN X I-Skill
technologies NNS X I-Skill
, , X O
related VBN X O
databases NNS X B-Skill
and CC X I-Skill
server NN X I-Skill
platforms NNS X I-Skill
have VBP X O
Several JJ X O

years NNS X O
experienced VBD X O
gained VBN X O
in IN X O
a DT X O
heavy JJ X O
industry NN X O
environment NN X O
such JJ X O
as IN X O
Power NNP X B-Domain
Station NNP X I-Domain
, , X O
Foundry NNP X B-Domain
, , X O
Refinery NNP X B-Domain
, , X O
Oil NNP X B-Domain
& CC X I-Domain
Gas NNP X I-Domain
etc NN X O
. . X O
Communicates NNS X B-Skill

professionally RB X I-Skill
with IN X I-Skill
clients NNS X I-Skill
both DT X O
on IN X O
the DT X O
phone NN X O
and CC X O
React JJ X B-Skill

quickly RB X I-Skill
and CC X I-Skill
positively RB X I-Skill
to TO X I-Skill
issues NNS X I-Skill
/ JJ X I-Skill
developments NNS X I-Skill
in IN X I-Skill
the DT X I-Skill
system NN X I-Skill
. . X O
Assist NN X B-Skill

in IN X I-Skill
controlling VBG X I-Skill
the DT X I-Skill
implementation NN X I-Skill
and CC X I-Skill
use NN X I-Skill
of IN X I-Skill
proceduresEnsure NN X O
quality NN X B-Skill
standards NNS X I-Skill
and CC X I-Skill
accreditation NN X I-Skill
requirements NNS X I-Skill
are VBP X I-Skill
up RB X I-Skill
to TO X I-Skill
date NN X I-Skill
, , X O
file JJ X B-Skill
administration NN X I-Skill
and CC X I-Skill
housekeeping NN X I-Skill
is VBZ X I-Skill
maintained VBN X I-Skill
and CC X O
effective JJ X B-Skill
communication NN X I-Skill
as RB X I-Skill
required VBN X I-Skill
to TO X I-Skill
various JJ X I-Skill
stakeholders NNS X I-Skill
. . X O
They PRP X O

are VBP X O
looking VBG X O
for IN X O
a DT X O
motivated JJ X O
consultant NN X B-Occupation
who WP X O
can MD X O
work VB X O
on IN X O
their PRP$ X O
own JJ X O
initiative NN X O
as RB X O
well RB X O
as IN X O
being VBG X O
a DT X O
strong JJ X O
team NN X B-Skill
player NN X I-Skill
; : X O
someone NN X O
with IN X O
excellent JJ X O
communication NN X B-Skill
skills NNS X I-Skill
, , X O
happy JJ X O
to TO X O
travel VB X O
to TO X O
client NN X O
sites NNS X O
, , X O
with IN X O
good JJ X O
attention NN X B-Skill
to TO X I-Skill
detail VB X I-Skill
and CC X O
business NN X B-Skill
analysis NN X I-Skill
skills NNS X O
. . X O
**** NN X O

carers NNS X O
and CC X O
will MD X O
be VB X O
part NN X O
of IN X O
a DT X O
supportive NN X O
a DT X O
close JJ X O
nit NN X O
team NN X O
. . X O
This DT X O

large JJ X O
Pharmaceutical NNP X O
has VBZ X O
a DT X O
great JJ X O
work NN X O
ethos NN X O
in IN X O
place NN X O
and CC X O
is VBZ X O
looking VBG X O
for IN X O
a DT X O
SAS NNP X B-Occupation
programmer NN X I-Occupation
to TO X O
work VB X O
within IN X O
one CD X O
of IN X O
their PRP$ X O
busy JJ X O
teams NNS X O
immediately RB X O
. . X O
The DT X O

appointment NN X O
will MD X O
be VB X O
for IN X O
four CD X O
years NNS X O
and CC X O
can MD X O
be VB X O
taken VBN X O
up RP X O
as RB X O
soon RB X O
as IN X O
possible JJ X O
. . X O
The DT X O

role NN X O
will MD X O
be VB X O
primarily RB X O
Microsoft NNP X B-Skill
SQL NNP X I-Skill
based VBN X O
but CC X O
due JJ X O
to TO X O
recent JJ X O
adoption NN X O
of IN X O
MySQL NNP X B-Skill
technologies NNS X O
. . X O
Experience NN X B-Skill

in IN X I-Skill
implementing VBG X I-Skill
projects NNS X I-Skill
in IN X I-Skill
banking NN X I-Skill
and CC X I-Skill
/ NN X I-Skill
or CC X I-Skill
financial JJ X I-Skill
systems NNS X I-Skill
. . X O
Throughout IN X O

its PRP$ X O
expansion NN X O
, , X O
Oliver NNP X O
Wyman NNP X O
has VBZ X O
remained VBN X O
committed VBN X B-Skill
to TO X I-Skill
the DT X I-Skill
rapid JJ X I-Skill
advancement NN X I-Skill
of IN X O
its PRP$ X O
consulting VBG X B-Occupation
professionals NNS X I-Occupation
in IN X O
an DT X O
environment NN X B-Skill
of IN X I-Skill
intellectual JJ X I-Skill
challenges NNS X I-Skill
, , X O
limited JJ X O
hierarchy NN X O
, , X O
and CC X O
a DT X B-Skill
cultural JJ X I-Skill
commitment NN X I-Skill
to TO X I-Skill
a DT X I-Skill
balanced VBN X I-Skill
lifestyle NN X I-Skill
and CC X I-Skill
a DT X I-Skill
sense NN X I-Skill
of IN X I-Skill
fun NN X I-Skill
. . X O
Newly RB X B-Qualification

Qualified VBN X I-Qualification
Teacher NNP X I-Qualification
Status NNP X I-Qualification
or CC X O
QTS NNP X B-Qualification
Qualified NNP X I-Qualification
Teacher NNP X I-Qualification
Status NNP X I-Qualification
This DT X O

is VBZ X O
a DT X O
varied JJ X O
role NN X O
and CC X O
experience NN X O
within IN X O
the DT X O
property NN X B-Skill
sector NN X I-Skill
will MD X O
be VB X O
a DT X O
massive JJ X O
advantage NN X O
. . X O
An DT X O

Area NNP X B-Occupation
Sales NNS X I-Occupation
Manager NNP X I-Occupation
is VBZ X O
sought VBN X O
to TO X O
join VB X O
this DT X O
established VBN X O
Fundraising NNP X B-Domain
company NN X O
, , X O
to TO X O
recruit VB X B-Skill
, , X I-Skill
train NN X I-Skill
and CC X I-Skill
manage NN X I-Skill
Direct JJ X I-Skill
Sales NNS X I-Skill
Teams VBP X I-Skill
working VBG X O
in IN X O
prebooked JJ X O
venues NNS X O
across IN X O
Reading NNP X O
, , X O
High NNP X O
Wycombe NNP X O
, , X O
Basingstoke NNP X O
and CC X O
Guildford NNP X O
This DT X O

Compiler NNP X B-Occupation
job NN X O
requires VBZ X O
applicants NNS X O
with IN X O
previous JJ X O
compiler NN X B-Skill
development NN X I-Skill
experience NN X O
in IN X O
GNU NNP X O
gcc NN X O
Responsible JJ X B-Skill

for IN X I-Skill
the DT X I-Skill
effective JJ X I-Skill
provision NN X I-Skill
and CC X I-Skill
operation NN X I-Skill
of IN X I-Skill
pressure NN X I-Skill
and CC X I-Skill
inspection NN X I-Skill
systems NNS X I-Skill
engineering NN X I-Skill
and CC X I-Skill
services NNS X I-Skill
to TO X I-Skill
the DT X I-Skill
allocated VBN X I-Skill
facilities NNS X I-Skill
, , X O
to TO X O
ensure VB X B-Skill
that DT X I-Skill
plant NN X I-Skill
and CC X I-Skill
equipment NN X I-Skill
is VBZ X I-Skill
certified VBN X I-Skill
in IN X I-Skill
accordance NN X I-Skill
with IN X I-Skill
the DT X I-Skill
Client NNP X I-Skill
and CC X I-Skill
Client NNP X I-Skill
Codes NNP X I-Skill
of IN X I-Skill
Practice NNP X I-Skill
, , X I-Skill
strategies NNS X I-Skill
and CC X I-Skill
offshore JJR X I-Skill
legislation NN X I-Skill
, , X I-Skill
ensuring VBG X I-Skill
feedback NN X I-Skill
of IN X I-Skill
results NNS X I-Skill
to TO X I-Skill
Client NNP X I-Skill
Asset NNP X I-Skill
Group NNP X I-Skill
. . X O
For IN X O

more JJR X O
information NN X O
about IN X O
the DT X O
positions NNS X O
we PRP X O
are VBP X O
currently RB X O
recruiting VBG X O
for IN X O
, , X O
please VB X O
take VB X O
a DT X O
look NN X O
at IN X O
www NN X O
. . X O
alectorecruitment NN X O
. . X O
com NN X O
or CC X O
follow VB X O
us PRP X O
on IN X O
Twitter NNP X O
alectorecruit NN X O
Please NNP X O

note NN X O
that IN X O
my PRP$ X O
client NN X O
will MD X O
be VB X O
conducting VBG X O
interviews NNS X O
as RB X O
soon RB X O
as IN X O
possible JJ X O
so IN X O
if IN X O
you PRP X O
are VBP X O
interested JJ X O
, , X O
please JJ X O
submit VB X O
your PRP$ X O
CV NNP X O
. . X O
For IN X O
further JJ X O
details NNS X O
please VB X O
contact NN X O
Paul NNP X O
Smith NNP X O
at IN X O
SYK NNP X O
Recruitment NNP X O
Specialists VBZ X O
on IN X O
**** NN X O

minutes NNS X O
away RB X O
from IN X O
central JJ X O
Stockport NNP X O
, , X O
with IN X O
easy JJ X O
access NN X O
via IN X O
public JJ X O
transport NN X O
. . X O
Science NNP X B-Occupation

Teacher NNP X I-Occupation
required VBD X O
for IN X O
mixed JJ X O
school NN X O
based VBN X O
in IN X O
the DT X O
North NNP X O
of IN X O
Birmingham NNP X O
. . X O
**** JJ X O

working VBG X O
days NNS X O
, , X O
please JJ X O
consider VB X O
yourself PRP X O
unsuccessful JJ X O
on IN X O
this DT X O
application NN X O
. . X O
An DT X O

opportunity NN X O
has VBZ X O
arisen VBN X O
to TO X O
appoint VB X O
translators NNS X B-Skill
within IN X O
the DT X O
Council NNP X O
s JJ X O
Corporate NNP X O
Language NNP X O
Services NNPS X O
Unit NNP X O
at IN X O
Bodlondeb NNP X O
, , X O
Conwy NNP X O
. . X O
The DT X O

role NN X O
will MD X O
including VBG X O
maintaining VBG X B-Skill
the DT X I-Skill
nominal JJ X I-Skill
ledger NN X I-Skill
including VBG X I-Skill
reconciliations NNS X I-Skill
, , X I-Skill
fixed VBN X I-Skill
asset NN X I-Skill
register NN X I-Skill
, , X I-Skill
stock NN X I-Skill
control NN X I-Skill
, , X O
liaising VBG X B-Skill
with IN X I-Skill
project NN X I-Skill
accountant NN X I-Skill
, , X O
and CC X O
also RB X O
cover VB X B-Skill
for IN X I-Skill
payroll NN X I-Skill
, , X O
HMRC NNP X B-Skill
reporting NN X I-Skill
and CC X I-Skill
other JJ X I-Skill
duties NNS X I-Skill
. . X O
A DT X O

great JJ X O
career NN X O
pathway NN X O
when WRB X O
combined VBN X O
with IN X O
clinical JJ X O
skills NNS X O
development NN X O
. . X O
To TO X O

be VB X O
considered VBN X O
for IN X O
this DT X O
exciting JJ X O
position NN X O
, , X O
please VB X O
email VB X O
your PRP$ X O
CV NNP X O
in IN X O
the DT X O
first JJ X O
instance NN X O
The DT X O
application NN X O
process NN X O
is VBZ X O
subject JJ X O
to TO X O
the DT X O
successful JJ X O
completion NN X O
of IN X O
background NN X O
and CC X O
reference NN X O
checking NN X O
, , X O
including VBG X O
CRB NNP X B-Qualification
and CC X O
CCJ NNP X B-Qualification
The DT X O

successful JJ X O
cand NN X O
id NN X O
ate NN X O
will MD X O
be VB X O
able JJ X O
to TO X O
demonstrate VB X O
excellent JJ X O
organisational JJ X B-Skill
and CC X I-Skill
time NN X I-Skill
management NN X I-Skill
skills NNS X I-Skill
and CC X O
be VB X O
a DT X O
good JJ X O
team NN X B-Skill
player NN X I-Skill
. . X O
Must RB X O

be VB X O
comfortable JJ X O
working VBG X O
with IN X O
Primavera NNP X B-Skill
, , X O
an DT X O
Oracle NNP X B-Skill
tool NN X O
for IN X O
Enterprise NNP X O
Project NNP X B-Skill
Portfolio NNP X I-Skill
Management NNP X I-Skill
. . X O
Animal NNP X B-Domain

NutritionCompanyOur NNP X O
client NN X O
is VBZ X O
a DT X O
very RB X O
well RB X O
respected VBN X O
and CC X O
industry NN X O
leading VBG X O
animal JJ X B-Occupation
feed NN X I-Occupation
additive JJ X I-Occupation
developer NN X I-Occupation
/ NNP X I-Occupation
manufacturer NN X I-Occupation
. . X O
All DT X O

usual JJ X O
driving NN X B-Qualification
paperwork NN X I-Qualification
will MD X O
be VB X O
required VBN X O
including VBG X O
a DT X O
Digital NNP X B-Qualification
Tachograph NNP X I-Qualification
. . X O
This DT X O

will MD X O
be VB X O
a DT X O
challenging NN X O
and CC X O
rewarding VBG X O
role NN X O
, , X O
and CC X O
candidates NNS X O
that IN X O
possess NN X O
a DT X O
sound JJ X B-Skill
work NN X I-Skill
ethic RB X I-Skill
, , X O
integrity NN X B-Skill
and CC X O
honesty NN X B-Skill
are VBP X O
encouraged VBN X O
to TO X O
apply VB X O
. . X O
Produce NNP X B-Skill

periodic JJ X I-Skill
revenue NN X I-Skill
forecasts NNS X I-Skill
, , X I-Skill
including VBG X I-Skill
reports NNS X I-Skill
on IN X I-Skill
new JJ X I-Skill
accounts NNS X I-Skill
gained VBN X I-Skill
, , X I-Skill
lost VBN X I-Skill
business NN X I-Skill
and CC X I-Skill
accounts NNS X I-Skill
under IN X I-Skill
threat NN X I-Skill
Initiates NNS X I-Skill
and CC X I-Skill
organises NNS X I-Skill
targeted VBD X I-Skill
sales NNS X I-Skill
initiatives NNS X I-Skill
such JJ X I-Skill
as IN X I-Skill
depot NN X I-Skill
open JJ X I-Skill
days NNS X I-Skill
. . X O
The DT X O

role NN X O
enjoys VBZ X O
a DT X O
strong JJ X O
reward NN X O
package NN X O
and CC X O
career NN X O
potential NN X O
but CC X O
equally RB X O
it PRP X O
is VBZ X O
a DT X O
demanding VBG X O
role NN X O
with IN X O
travel NN X O
across IN X O
the DT X O
various JJ X O
sites NNS X O
which WDT X O
gives VBZ X O
it PRP X O
diversity NN X O
and CC X O
variety NN X O
. . X O
Experience NN X O

with IN X O
Agile NNP X B-Skill
as RB X O
well RB X O
as IN X O
oil NN X B-Domain
/ NNP X O
gas NN X B-Domain
/ NNP X O
energy NN X B-Domain
sectors NNS X I-Domain
is VBZ X O
ideal JJ X O
. . X O
Please NNP X O

contact VB X O
our PRP$ X O
office NN X O
on IN X O
N NNP X O
/ FW X O
A NNP X O
if IN X O
you PRP X O
wish VBP X O
to TO X O
discuss VB X O
this DT X O
copyright NN X O
. . X O
Woodfield NNP X O

Road NNP X O
is VBZ X O
a DT X O
Supported JJ X B-Domain
Living NN X I-Domain
Project NN X O
that WDT X O
support VBD X O
8 CD X O
individuals NNS X O
, , X O
male NN X O
and CC X O
female NN X O
, , X O
aged VBD X O
30yrs CD X O
to TO X O
This DT X O

chain NN X O
is VBZ X O
a DT X O
small JJ X O
but CC X O
rapidly RB X O
expanding VBG X O
Piri NNP X O
Piri NNP X O
chicken NN X O
diner NN X O
. . X O
With IN X O

a DT X O
world NN X O
renowned VBN X O
reputation NN X O
and CC X O
top JJ X B-Skill
level NN X I-Skill
clientele NN X I-Skill
, , X O
this DT X O
really RB X O
is VBZ X O
a DT X O
destination NN X O
to TO X O
top VB X O
the DT X O
most RBS X O
wanted JJ X O
list NN X O
. . X O
The DT X O

successful JJ X O
candidate NN X O
will MD X O
have VB X O
direct JJ X O
experience NN X O
of IN X O
selling VBG X B-Skill
the DT X I-Skill
services NNS X I-Skill
of IN X I-Skill
a DT X I-Skill
CRO NNP X I-Skill
, , X O
with IN X O
some DT X O
understanding NN X B-Skill
of IN X I-Skill
early JJ X I-Skill
Phase NNP X I-Skill
trials NNS X I-Skill
required VBD X O
Working VBG X B-Skill

experience NN X I-Skill
within IN X I-Skill
the DT X I-Skill
supply NN X I-Skill
base NN X I-Skill
or CC X O
a DT X O
broad JJ X B-Skill
knowledge NN X I-Skill
of IN X I-Skill
how WRB X I-Skill
the DT X I-Skill
supply NN X I-Skill
base NN X I-Skill
really RB X I-Skill
works VBZ X I-Skill
. . X O
An DT X O

excellent JJ X O
opportunity NN X O
for IN X O
a DT X O
Principle NNP X B-Occupation
Business NNP X I-Occupation
Intelligence NNP X I-Occupation
Developer NNP X I-Occupation
has VBZ X O
arisen VBN X O
with IN X O
a DT X O
leading VBG X O
company NN X O
based VBN X O
in IN X O
Cambridge NNP X O
. . X O
The DT X O

Company NN X O
: : X O
This DT X O
organisation NN X O
operates VBZ X O
in IN X O
every DT X O
country NN X O
in IN X O
the DT X O
world NN X O
and CC X O
has VBZ X O
a DT X O
truly RB X O
unrivalled JJ X O
reputation NN X O
for IN X O
product NN X B-Domain
quality NN X I-Domain
, , X I-Domain
delivery NN X I-Domain
of IN X I-Domain
service NN X I-Domain
, , X O
innovation NN X B-Domain
and CC X O
passion NN X O
for IN X O
developing VBG X O
their PRP$ X O
people NNS X O
. . X O
Job JJ X O

Elements NNS X O
: : X O
To TO X O
provide VB X B-Skill
engineering NN X I-Skill
support NN X I-Skill
to TO X O
the DT X O
operations NNS X O
departments NNS X O
that WDT X O
meet VBP X O
agreed JJ X O
service NN X O
levels NNS X O
, , X O
whilst NN X O
maintaining NN X B-Skill
standards NNS X I-Skill
of IN X I-Skill
health NN X I-Skill
and CC X I-Skill
safety NN X I-Skill
by IN X O
delivery NN X O
of IN X O
the DT X O
following NN X O
: : X O
To TO X O
carry VB X B-Skill
out RP X I-Skill
planned JJ X I-Skill
maintenance NN X I-Skill
activities NNS X I-Skill
as IN X O
scheduled VBN X O
by IN X O
the DT X O
maintenance NN X O
plan NN X O
contained VBN X O
within IN X O
the DT X O
CMMS NNP X O
. . X O
Initially RB X O

then RB X O
Live NNP X O
in IN X O
from IN X O
Sept NNP X O
onwards IN X O
All NNP X O
specialized VBD X O
training NN X B-Domain
will MD X O
be VB X O
provided VBN X O
. . X O
all DT X O

incoming VBG X O
calls NNS X O
Managing VBG X B-Skill
and CC X I-Skill
organising VBG X I-Skill
the DT X I-Skill
meeting NN X I-Skill
rooms NNS X I-Skill
Diary NNP X I-Skill
management NN X I-Skill
for IN X I-Skill
certain JJ X I-Skill
members NNS X I-Skill
of IN X I-Skill
staff NN X I-Skill
Typing NNP X I-Skill
general JJ X I-Skill
correspondence NN X I-Skill
With IN X O

a DT X O
positive JJ X B-Skill
can MD X I-Skill
do VB X I-Skill
approach VB X I-Skill
the DT X O
candidate NN X O
needs VBZ X O
to TO X O
be VB X O
an DT X O
excellent JJ X O
communicator NN X B-Skill
and CC X O
have VBP X O
experience VBN X O
managing VBG X B-Skill
people NNS X I-Skill
and CC X O
developing VBG X B-Skill
teams NNS X I-Skill
. . X O
Be NNP X O

able JJ X O
to TO X O
demonstrate VB X O
a DT X O
career NN X B-Skill
history NN X I-Skill
showing VBG X I-Skill
high JJ X I-Skill
levels NNS X I-Skill
of IN X I-Skill
achievement NN X I-Skill
and CC X O
a DT X O
very RB X B-Skill
real JJ X I-Skill
passion NN X I-Skill
for IN X I-Skill
the DT X I-Skill
motor NN X I-Skill
trade NN X I-Skill
. . X O
Work NN X O

with IN X O
the DT X O
scorecard NN X O
development NN X O
team NN X O
to TO X O
influence NN X B-Skill
and CC X I-Skill
validate NN X I-Skill
model NN X I-Skill
development NN X I-Skill
and CC X O
also RB X O
develop VB X B-Skill
implementation NN X I-Skill
strategies NNS X I-Skill
with IN X O
measurable JJ X O
impactsAnalyse NN X O
data NNS X O
and CC X O
the DT X O
performance NN X O
of IN X O
the DT X O
portfolio NN X O
, , X O
key JJ X O
trends NNS X O
and CC X O
impacts NNS X O
of IN X O
proposed VBN X O
changes NNS X O
. . X O
Hands NNS X O

on IN X O
experience NN X B-Skill
in IN X I-Skill
storage NN X I-Skill
SAN NNP X I-Skill
, , X I-Skill
NAS NNP X I-Skill
, , X I-Skill
fibre NN X I-Skill
and CC X I-Skill
copper NN X I-Skill
cabling NN X I-Skill
, , X O
and CC X O
strong JJ X O
networking NN X B-Skill
skills NNS X I-Skill
including VBG X I-Skill
switches NNS X I-Skill
, , X I-Skill
routers NNS X I-Skill
and CC X I-Skill
firewalls NNS X I-Skill
are VBP X O
required VBN X O
for IN X O
this DT X O
role NN X O
. . X O
The DT X O

ideal JJ X O
Transport NNP X B-Occupation
Planner NNP X I-Occupation
will MD X O
have VB X O
: : X O
At IN X B-Experience
least JJS X I-Experience
2 CD X I-Experience
years NNS X I-Experience
' POS X I-Experience
experience NN X I-Experience
as IN X O
a DT X O
Transport NNP X B-Occupation
Planner NNP X I-Occupation
in IN X O
the DT X O
UK NNP X O
Have VBP X O
a DT X O
quality NN X B-Qualification
degree NN X I-Qualification
in IN X I-Qualification
a DT X I-Qualification
relevant JJ X I-Qualification
subject NN X I-Qualification
Have NNP X O
solid JJ X B-Skill
experience NN X O
in IN X O
industry NN X B-Domain
software NN X I-Domain
, , X O
such JJ X O
as IN X O
ARCADY NNP X B-Domain
, , X O
PICADY NNP X B-Domain
and CC X O
LINSIG NNP X B-Domain
Excellent NNP X O
verbal NN X B-Skill
and CC X O
written VBN X B-Skill
communication NN X I-Skill
Be NNP X O
fully RB X O
knowledgeable JJ X O
in IN X O
UK NNP X B-Domain
standards NNS X I-Domain
and CC X I-Domain
legislation NN X I-Domain
Your PRP$ X O
duties NNS X O
as IN X O
a DT X O
Transport NNP X B-Occupation
Planner NNP X I-Occupation
will MD X O
include VB X O
: : X O
Ensuring JJ X O
reports NNS X B-Skill
are VBP X O
delivered VBN X O
to TO X O
a DT X O
high JJ X O
standard NN X O
Liaising VBG X B-Skill
with IN X I-Skill
clients NNS X I-Skill
As IN X O

a DT X O
Snr NNP X B-Occupation
Designer NNP X I-Occupation
you PRP X O
will MD X O
be VB X O
responsible JJ X O
for IN X O
the DT X O
creation NN X B-Skill
and CC X I-Skill
delivery NN X I-Skill
of IN X I-Skill
assets NNS X I-Skill
required VBN X O
by IN X O
senior JJ X O
designers NNS X O
, , X O
art NN X O
directors NNS X O
and CC X O
technologists NNS X O
. . X O
We PRP X O

offer VBP X O
a DT X O
wide JJ X O
range NN X O
of IN X O
products NNS X O
and CC X O
services NNS X O
and CC X O
have VBP X O
a DT X O
large JJ X O
publishing NN X O
division NN X O
. . X O
If IN X O

this DT X O
sounds VBZ X O
like IN X O
the DT X O
role NN X O
you PRP X O
ve VBP X O
been VBN X O
waiting VBG X O
for IN X O
please NN X O
do VBP X O
get VB X O
in IN X O
touch JJ X O
with IN X O
your PRP$ X O
folio NN X O
today NN X O
As RB X O

well RB X O
as IN X O
excellent JJ X O
communication NN X B-Skill
skills NNS X I-Skill
you PRP X O
should MD X O
fully RB X O
understand VB X O
the DT X O
supply NN X B-Domain
chain NN X I-Domain
/ NNP X I-Domain
distribution NN X I-Domain
business NN X I-Domain
. . X O
It PRP X O

is VBZ X O
a DT X O
very RB X O
high JJ X O
achieving VBG X O
school NN X B-Domain
with IN X O
excellent JJ X O
behaviour NN X O
and CC X O
very RB X O
high JJ X O
standards NNS X O
. . X O
IF NNP X O

YOU NNP X O
LIVE NNP X O
WITHIN NNP X O
EASY NNP X O
COMMUTE NNP X O
OF IN X O
THIS NNP X O
JOB NNP X O
The DT X O

Process NNP X B-Occupation
Improvement NNP X I-Occupation
Manager NNP X I-Occupation
should MD X O
: : X O
Understand VB X B-Skill
and CC X I-Skill
can MD X I-Skill
apply VB X I-Skill
project JJ X I-Skill
management NN X I-Skill
principles NNS X I-Skill
and CC X I-Skill
processes NNS X I-Skill
, , X O
ensures VBZ X B-Skill
that IN X I-Skill
the DT X I-Skill
project NN X I-Skill
meets VBZ X I-Skill
deadlines NNS X I-Skill
, , X I-Skill
quality NN X I-Skill
, , X I-Skill
customer NN X I-Skill
and CC X I-Skill
budget NN X I-Skill
standards NNS X I-Skill
. . X O
Jane NNP X O

Lewis NNP X O
have VBP X O
been VBN X O
providing VBG X B-Skill
temporary JJ X I-Skill
staffing NN X I-Skill
and CC X I-Skill
permanent JJ X I-Skill
recruitment NN X I-Skill
solutions NNS X I-Skill
to TO X O
a DT X O
wide JJ X O
range NN X O
of IN X O
public JJ X O
& CC X O
private JJ X O
sector NN X O
clients NNS X O
since IN X O
The DT X O

researcher NN X B-Occupation
will MD X O
take VB X B-Skill
the DT X I-Skill
lead NN X I-Skill
on IN X I-Skill
driving VBG X I-Skill
the DT X I-Skill
computer NN X I-Skill
vision NN X I-Skill
aspects NNS X I-Skill
of IN X O
the DT X O
project NN X O
together RB X O
with IN X O
Prof NNP X O
Davison NNP X O
. . X O
You PRP X O

will MD X O
also RB X O
lead VB X B-Skill
a DT X I-Skill
team NN X I-Skill
of IN X I-Skill
engineers NNS X I-Skill
and CC X I-Skill
technicians NNS X I-Skill
. . X O
Big JJ X O

Budgets NNS X O
, , X O
A NNP X O
Close NNP X O
Team NNP X O
and CC X O
a DT X O
Variety NN X O
of IN X O
clients NNS X O
Is NNP X O
PPC NNP X O
your PRP$ X O
Passion NN X O
? . X O
We PRP X O

are VBP X O
situated VBN X O
within IN X O
walking VBG X O
distance NN X O
to TO X O
the DT X O
main JJ X O
Town NNP X O
Centre NNP X O
and CC X O
all PDT X O
the DT X O
attractions NNS X O
that WDT X O
Hexham NNP X O
has VBZ X O
to TO X O
offer VB X O
. . X O
You PRP X O

will MD X O
also RB X O
need VB X O
to TO X O
have VB X B-Skill
worked VBN X I-Skill
in IN X I-Skill
an DT X I-Skill
accounts NNS X I-Skill
environment NN X I-Skill
having VBG X O
exposure NN X O
to TO X O
management NN X B-Skill
accounts NNS X I-Skill
and CC X O
at IN X O
least JJS X O
to TO X O
accruals NNS X O
/ JJ X O
prepaypments NNS X O
level NN X O
, , X O
but CC X O
exposure NN X B-Skill
to TO X I-Skill
month NN X I-Skill
end NN X I-Skill
reporting NN X I-Skill
would MD X O
be VB X O
beneficial JJ X O
. . X O
If IN X O

you PRP X O
are VBP X O
interested JJ X O
then RB X O
please VB X O
contact NN X O
David NNP X O
Culley NNP X O
for IN X O
more JJR X O
information NN X O
. . X O
Support VB X B-Skill

them PRP X I-Skill
to TO X I-Skill
maintain VB X I-Skill
community NN X I-Skill
connections NNS X I-Skill
and CC X I-Skill
be VB X I-Skill
actively RB X I-Skill
involved VBN X I-Skill
. . X O
Please NNP X O

click NN X O
on IN X O
the DT X O
download NN X O
button NN X O
for IN X O
an DT X O
application NN X O
pack NN X O
. . X O
A DT X O

Program NNP X B-Occupation
Manager NNP X I-Occupation
, , X I-Occupation
who WP X O
will MD X O
manage VB X B-Skill
the DT X I-Skill
operational JJ X I-Skill
aspects NNS X I-Skill
of IN X I-Skill
the DT X I-Skill
team NN X I-Skill
, , X O
will MD X O
support VB X B-Skill
the DT X I-Skill
operational JJ X I-Skill
side NN X I-Skill
of IN X I-Skill
their PRP$ X I-Skill
projects NNS X I-Skill
. . X O
We PRP X O

operate VBP X O
as IN X O
an DT X O
employment NN X O
agency NN X O
and CC X O
employment NN X O
business NN X O
They PRP X O

are VBP X O
looking VBG X O
to TO X O
recruit VB X O
a DT X O
Helpdesk NNP X B-Occupation
Supervisor NNP X I-Occupation
to TO X O
join VB X O
their PRP$ X O
team NN X O
based VBN X O
at IN X O
London NNP X O
Heathrow NNP X O
on IN X O
Fixed NNP X O
Term NNP X O
Contract NNP X O
until IN X O
the DT X O
30th CD X O
June NNP X O
2013 CD X O
. . X O
Full NNP X B-Qualification

driving VBG X I-Qualification
licence NN X I-Qualification
and CC X O
use NN X O
of IN X O
car NN X O
Work NN X O
may MD X O
be VB X O
required VBN X O
outside JJ X O
office NN X O
hours NNS X O
Oversee IN X O

the DT X O
work NN X O
of IN X O
a DT X O
Financial NNP X B-Occupation
Accountant NNP X I-Occupation
and CC X O
a DT X O
Management NNP X B-Occupation
Accountant NNP X I-Occupation
and CC X O
the DT X O
preparation NN X B-Skill
of IN X I-Skill
management NN X I-Skill
accounting NN X I-Skill
reports NNS X I-Skill
. . X O
They PRP X O

deliver VBP X O
many JJ X O
key JJ X O
services NNS X O
including VBG X O
design NN X O
, , X O
build NN X O
, , X O
manage NN X O
, , X O
operate NN X O
and CC X O
maintaining VBG X O
assets NNS X O
, , X O
dealing VBG X O
with IN X O
companies NNS X O
both DT X O
in IN X O
the DT X O
UK NNP X O
and CC X O
overseas RB X O
, , X O
supplying VBG X O
customers NNS X O
in IN X O
a DT X O
wide JJ X O
variety NN X O
of IN X O
industry NN X O
sectors NNS X O
including VBG X O
, , X O
Aerospace NNP X O
, , X O
Training NNP X O
, , X O
Defence NNP X O
, , X O
Marine NNP X O
, , X O
Naval NNP X O
, , X O
MoD NNP X O
, , X O
Oil NNP X O
Gas NNP X O
, , X O
Communications NNP X O
, , X O
Energy NNP X O
and CC X O
Transportation NNP X O
. . X O
MedicsPro NNP X O

offer VBP X O
both DT X O
Locum NNP X B-Skill
and CC X O
Permanent NNP X B-Skill
staffing VBG X I-Skill
solutions NNS X O
across IN X O
all DT X O
medical JJ X B-Domain
areas NNS X I-Domain
working VBG X O
with IN X O
Nurses NNP X B-Occupation
, , X O
Doctors NNP X B-Occupation
, , X O
Allied NNP X B-Occupation
Health NNP X I-Occupation
Professionals NNP X I-Occupation
AHP NNP X I-Occupation
, , X O
Health NNP X B-Domain
Science NNP X I-Domain
Staff NNP X O
Search NNP X O

Recruitment NNP X O
Consultant NNP X O
Rochester NNP X O
Basic NNP X O
Salary NNP X O
c VBD X O
.**** NNP X O
k NNP X O
**** NNP X O
k VBZ X O
depending VBG X O
on IN X O
experience NN X O
Excellent JJ X B-Skill
Commission NNP X I-Skill
to TO X O
Some DT X O

routine NN X O
and CC X O
some DT X O
nonroutine JJ X O
analysis NN X O
will MD X O
be VB X O
carried VBN X O
out RP X O
. . X O
For IN X O

more JJR X O
information NN X O
on IN X O
this DT X O
post NN X O
, , X O
apply VB X O
direct JJ X O
or CC X O
please VB X O
contact JJ X O
Nicholas NNP X O
Hawkes NNP X O
at IN X O
AJ NNP X O
Chambers NNP X O
A DT X O

key JJ X O
part NN X O
of IN X O
your PRP$ X O
role NN X O
will MD X O
be VB X O
working VBG X B-Skill
with IN X I-Skill
data NNS X I-Skill
centre NNS X I-Skill
hardware NN X I-Skill
, , X O
so IN X O
a DT X O
data NN X B-Skill
centre NN X I-Skill
/ NNP X I-Skill
hosting NN X I-Skill
background NN X O
is VBZ X O
highly RB X O
desirable JJ X O
. . X O
APD NNP X B-Occupation

work NN X O
will MD X O
predominantly RB X O
include VB X O
architectural JJ X B-Skill
design NN X I-Skill
, , X O
modelling VBG X B-Skill
including VBG X O
performance NN X B-Skill
modelling NN X I-Skill
and CC X O
writing VBG X B-Skill
specifications NNS X I-Skill
. . X O
Ideally RB X O

Qualified NNP X O
or CC X O
Studying NNP X O
towards IN X O
a DT X O
recognised JJ X B-Qualification
payroll NN X I-Qualification
qualification NN X I-Qualification
, , X O
you PRP X O
shall MD X O
be VB X O
analytical JJ X B-Skill
, , X O
determined JJ X B-Skill
and CC X O
flexible JJ X B-Skill
. . X O
The DT X O

company NN X O
use NN X O
SQL NNP X B-Skill
server NN X I-Skill
as IN X O
their PRP$ X O
system NN X O
so RB X O
knowledge RB X O
in IN X O
this DT X O
is VBZ X O
desirable JJ X O
however RB X O
not RB X O
essential JJ X O
. . X O
Exciting JJ X O

role NN X O
for IN X O
an DT X O
accomplished JJ X B-Skill
partnerships NNS X B-Occupation
manager NN X I-Occupation
to TO X O
join VB X O
a DT X O
growing VBG X O
business NN X B-Domain
services NNS X I-Domain
organisation NN X O
to TO X O
play VB X O
a DT X O
lead JJ X O
role NN X O
in IN X O
designing VBG X B-Skill
and CC X O
driving VBG X B-Skill
forward RB X I-Skill
partnership NN X I-Skill
frameworks NNS X I-Skill
to TO X O
aid VB X B-Skill
the DT X I-Skill
growth NN X I-Skill
of IN X I-Skill
new JJ X I-Skill
service NN X I-Skill
portfolios NNS X I-Skill
. . X O
Recruitment NNP X O

Consultant NNP X O
/ NNP X B-Skill
Senior NNP X I-Skill
Consultant NNP X B-Occupation
Milton NNP X O
Keynes NNP X O
Basic NNP X O
salary JJ X O
circa NN X O
Do VBP X O

you PRP X O
have VB X O
some DT X O
commercial JJ X B-Skill
experience NN X I-Skill
in IN X O
an DT X O
IT NNP X B-Skill
focused VBD X I-Skill
role NN X O
? . X O
Upgrading VBG X B-Skill

ATM NNP X I-Skill
communication NN X I-Skill
and CC X I-Skill
system NN X I-Skill
types NNS X I-Skill
and CC X O
helping VBG X B-Skill
to TO X I-Skill
diagnose VB X I-Skill
and CC X I-Skill
restore VB X I-Skill
communication NN X I-Skill
errors NNS X I-Skill
will MD X O
also RB X O
form VB X O
part NN X O
of IN X O
the DT X O
successful JJ X O
applicant NN X O
' POS X O
s JJ X O
duties NNS X O
. . X O
Your PRP$ X O

judgement NN X B-Skill
and CC X O
organisational JJ X B-Skill
skills NNS X O
be VB X O
paramount VBN X O
to TO X O
your PRP$ X O
success NN X O
. . X O
You PRP X O

will MD X O
be VB X O
dealing VBG X B-Skill
with IN X I-Skill
related JJ X I-Skill
general JJ X I-Skill
enquiries NNS X I-Skill
and CC X I-Skill
telephone NN X I-Skill
messages NNS X I-Skill
and CC X O
may MD X O
be VB X O
involved VBN X O
in IN X O
checking VBG X B-Skill
the DT X I-Skill
work NN X I-Skill
of IN X I-Skill
other JJ X I-Skill
team NN X I-Skill
members NNS X I-Skill
. . X O
The DT X O

successful JJ X O
Senior NNP X B-Occupation
Manufacturing NNP X I-Occupation
Engineer NNP X I-Occupation
will MD X O
be VB X O
offered VBN X O
a DT X O
competitive JJ X O
package NN X O
, , X O
stability NN X O
, , X O
the DT X O
opportunity NN X O
to TO X O
work VB X O
with IN X O
a DT X O
leading VBG X O
automotive JJ X O
supplier NN X O
and CC X O
ongoing JJ X O
job NN X O
satisfaction NN X O
. . X O
Holding VBG X O

excellent JJ X O
organisational JJ X B-Skill
and CC X I-Skill
communication NN X I-Skill
skills NNS X I-Skill
the DT X O
ideal JJ X O
candidate NN X O
will MD X O
be VB X O
familiar JJ X O
with IN X O
working VBG X B-Skill
in IN X I-Skill
a DT X I-Skill
fast NN X I-Skill
paced JJ X I-Skill
environment NN X I-Skill
and CC X O
due JJ X O
to TO X O
covering VBG X O
a DT X O
large JJ X O
geographical JJ X O
area NN X O
a DT X O
driving NN X B-Qualification
licence NN X I-Qualification
and CC X O
own JJ X B-Skill
transport NN X I-Skill
is VBZ X O
essential JJ X O
. . X O
Provide NNP X B-Skill

liaison NN X I-Skill
activities NNS X I-Skill
with IN X O
customer NN X O
and CC X O
engineering NN X O
staff NN X O
, , X O
including VBG X O
conducting VBG X B-Skill
briefings NNS X I-Skill
with IN X O
customers NNS X O
, , X O
vendors NNS X O
, , X O
and CC X O
company NN X O
representatives NNS X O
. . X O
We PRP X O

have VBP X O
dedicated VBN X O
teams NNS X O
of IN X O
Account NNP X B-Occupation
Managers NNP X I-Occupation
and CC X O
aim NN X O
to TO X O
provide VB X O
the DT X O
best JJS X O
possible JJ X O
service NN X O
to TO X O
all DT X O
A DT X O

leading VBG X O
charity NN X B-Domain
based VBN X O
in IN X O
Manchester NNP X O
City NNP X O
Centre NNP X O
who WP X O
have VBP X O
a DT X O
presence NN X O
nationally RB X O
and CC X O
impact VB X O
the DT X O
lives NNS X O
of IN X O
thousands NNS X O
of IN X O
people NNS X O
throughout IN X O
the DT X O
UK NNP X O
. . X O
You PRP X O

will MD X O
Work VB X B-Skill
on IN X I-Skill
the DT X I-Skill
dev NN X I-Skill
team NN X I-Skill
with IN X I-Skill
a DT X I-Skill
system NN X I-Skill
focus NN X I-Skill
. . X O
The DT X O

successful JJ X O
candidate NN X O
for IN X O
the DT X O
role NN X O
of IN X O
Support NNP X B-Occupation
Worker NNP X I-Occupation
will MD X O
have VB X O
: : X O
Experience NN X O
of IN X O
working VBG X B-Skill
in IN X I-Skill
Care NNP X I-Skill
Setting VBG X I-Skill
Experience NN X O
in IN X O
personal JJ X B-Domain
Care NN X I-Domain
**** NN X O

**** NNP X O
k NN X O
Superb NNP X O
Training NNP X O
Schemes NNP X O
Career NNP X O
Progression NNP X O
Uniform NNP X O
Provided NNP X O
Meals NNP X O
on IN X O
duty NN X O
Working NNP X O
within IN X O
a DT X O
rosette NN X O
If IN X O

you PRP X O
have VBP X O
any DT X O
queries NNS X O
about IN X O
this DT X O
position NN X O
please VB X O
contact JJ X O
Jason NNP X O
Jederon NNP X O
on IN X O
The DT X O

ideal JJ X O
candidate NN X O
will MD X O
come VB X O
from IN X O
a DT X O
production NN X B-Experience
/ NNP X I-Experience
stock NN X I-Experience
holding VBG X I-Experience
company NN X O
previously RB X O
. . X O
The DT X O

required JJ X O
Sous NNP X B-Occupation
Chefwill NNP X O
be VB X O
working VBG X O
closely RB X O
with IN X O
the DT X O
head NN X B-Occupation
chef NN X I-Occupation
in IN X O
brogade NN X O
of IN X O
They PRP X O

are VBP X O
looking VBG X O
to TO X O
recruit VB X O
a DT X O
Vehicle NNP X B-Occupation
Supply NNP X I-Occupation
& CC X I-Occupation
Build NNP X I-Occupation
Coordinator NNP X I-Occupation
. . X O
Your PRP$ X O

Key NNP X O
skills NNS X O
will MD X O
include VB X O
: : X O
Ability NNP X O
to TO X O
motivate VB X B-Skill
people NNS X I-Skill
Good NNP X O
spoken NN X B-Skill
and CC X I-Skill
written VBN X I-Skill
communication NN X I-Skill
skills NNS X O
They PRP X O

all DT X O
share NN X O
a DT X O
passion NN X O
for IN X O
technology NN X O
and CC X O
there EX X O
is VBZ X O
a DT X O
true JJ X O
entrepreneurial JJ X O
spirit NN X O
in IN X O
this DT X O
vibrant NN X O
and CC X O
dynamic JJ X O
team NN X O
. . X O
Compass NN X O

Associates NNS X O
are VBP X O
currently RB X O
recruiting VBG X O
for IN X O
a DT X O
Clinical JJ X B-Occupation
Lead NNP X I-Occupation
Nurse NNP X I-Occupation
who WP X O
is VBZ X O
RGN NNP X B-Qualification
qualified VBD X I-Qualification
to TO X O
work VB X O
for IN X O
a DT X O
medium NN X O
sized VBN X O
nursing NN X O
home NN X O
based VBN X O
in IN X O
Bridgend NNP X O
area NN X O
Due JJ X O

to TO X O
continued JJ X O
success NN X O
, , X O
the DT X O
business NN X O
is VBZ X O
looking VBG X O
for IN X O
an DT X O
experienced JJ X B-Skill
all DT X I-Skill
rounder NN X I-Skill
to TO X O
lead VB X B-Skill
, , X O
guide NN X B-Skill
, , X O
nurture NN X B-Skill
and CC X O
grow VB X B-Skill
the DT X I-Skill
small JJ X I-Skill
development NN X I-Skill
utilizing VBG X I-Skill
your PRP$ X I-Skill
technical JJ X I-Skill
experience NN X I-Skill
and CC X I-Skill
strong JJ X I-Skill
leadership NN X I-Skill
/ NNP X I-Skill
management NN X I-Skill
skills NNS X I-Skill
. . X O
An DT X O

experienced JJ X B-Skill
RGN NNP X B-Qualification
is VBZ X O
required VBN X O
for IN X O
nights NNS X O
at IN X O
a DT X O
Residential JJ X O
Nursing NN X O
Home NNP X O
in IN X O
Kidderminster NNP X O
to TO X O
ensure VB X B-Skill
the DT X I-Skill
home NN X I-Skill
provides VBZ X I-Skill
and CC X I-Skill
maintains VBZ X I-Skill
the DT X I-Skill
highest JJS X I-Skill
levels NNS X I-Skill
of IN X I-Skill
care NN X I-Skill
and CC X I-Skill
service NN X I-Skill
in IN X O
a DT X O
professional JJ X O
manner NN X O
through IN X O
direct JJ X B-Skill
nursing NN X I-Skill
care NN X I-Skill
and CC X O
effective JJ X O
supervision NN X B-Skill
of IN X O
Staff NNP X O
Members NNP X O
. . X O
url JJ X O

removed VBD X O
or CC X O
alternatively RB X O
call JJ X O
Apply NNP X O
online NN X O
only RB X O
to TO X O
discuss VB X O
the DT X O
role NN X O
further RB X O
. . X O
Key JJ X O

elements NNS X O
of IN X O
your PRP$ X O
profile NN X O
will MD X O
include VB X O
; : X O
Experience NNP X B-Skill
of IN X I-Skill
working VBG X I-Skill
as IN X I-Skill
a DT X I-Skill
team NN X I-Skill
member NN X I-Skill
, , X I-Skill
team NN X I-Skill
leader NN X I-Skill
and CC X I-Skill
manager NN X I-Skill
within IN X I-Skill
a DT X I-Skill
customer NN X I-Skill
service NN X I-Skill
focused VBD X I-Skill
helpdesk JJ X I-Skill
/ NNP X I-Skill
Call NNP X I-Skill
Centre NNP X I-Skill
environment NN X O
Experience NN X B-Skill
of IN X I-Skill
multiteam NN X I-Skill
people NNS X I-Skill
management NN X I-Skill
within IN X I-Skill
a DT X I-Skill
helpdesk NN X I-Skill
/ NN X I-Skill
Call NNP X I-Skill
Centre NNP X I-Skill
environment NN X I-Skill
Knowledge NNP X I-Skill
of IN X I-Skill
call NN X I-Skill
centre NN X I-Skill
software NN X I-Skill
and CC X I-Skill
application NN X I-Skill
to TO X I-Skill
operations NNS X I-Skill
management NN X I-Skill
Experience NN X I-Skill
of IN X I-Skill
managing VBG X I-Skill
change NN X I-Skill
within IN X I-Skill
a DT X I-Skill
helpdesk NN X I-Skill
/ NN X I-Skill
Call NNP X I-Skill
Centre NNP X I-Skill
environment NN X I-Skill
Experience NN X I-Skill
of IN X I-Skill
managing VBG X I-Skill
growth NN X I-Skill
and CC X I-Skill
implementing VBG X I-Skill
new JJ X I-Skill
service NN X I-Skill
lines NNS X I-Skill
or CC X I-Skill
clients NNS X I-Skill
within IN X I-Skill
a DT X I-Skill
helpdesk NN X I-Skill
/ NN X I-Skill
Call NNP X I-Skill
Centre NNP X I-Skill
environment NN X I-Skill
Experience NNP X I-Skill
of IN X I-Skill
bid NN X I-Skill
writing NN X I-Skill
and CC X I-Skill
helpdesk NN X I-Skill
pricing NN X I-Skill
You PRP X O

will MD X O
be VB X O
supporting VBG X B-Skill
the DT X I-Skill
sales NNS X I-Skill
team NN X I-Skill
, , X O
providing VBG X B-Skill
coverage NN X I-Skill
for IN X I-Skill
incoming VBG X I-Skill
calls NNS X I-Skill
, , X O
ensuring VBG X B-Skill
customer NN X I-Skill
payments NNS X I-Skill
are VBP X I-Skill
up RB X I-Skill
to TO X I-Skill
date NN X I-Skill
and CC X O
attending VBG X B-Skill
regular JJ X I-Skill
product NN X I-Skill
and CC X I-Skill
sales NNS X I-Skill
training NN X I-Skill
. . X O
Laking VBG X O

Aran NNP X O
Moorhouse NNP X O
is VBZ X O
a DT X O
leading VBG X O
provider NN X O
of IN X O
personnel NNS X O
into IN X O
the DT X O
Oil NNP X B-Domain
and CC X I-Domain
Gas NNP X I-Domain
industry NN X O
worldwide NN X O
. . X O
Ensure NN X O

excellent JJ X O
levels NNS X O
of IN X O
customer NN X B-Skill
service NN X I-Skill
and CC X I-Skill
satisfaction NN X I-Skill
are VBP X O
achieved VBN X O
, , X B-Skill
tailoring VBG X I-Skill
services NNS X I-Skill
to TO X I-Skill
meet VB X I-Skill
the DT X I-Skill
requirements NNS X I-Skill
of IN X I-Skill
individual JJ X I-Skill
businesses NNS X I-Skill
and CC X O
establishing VBG X O
strong JJ X B-Skill
working VBG X I-Skill
relationships NNS X I-Skill
with IN X I-Skill
local JJ X I-Skill
businesses NNS X I-Skill
To TO X O
generate VB X B-Skill
profitable JJ X I-Skill
growth NN X I-Skill
of IN X I-Skill
the DT X I-Skill
business NN X I-Skill
through IN X I-Skill
direct JJ X I-Skill
and CC X I-Skill
proactive JJ X I-Skill
business NN X I-Skill
development NN X I-Skill
activity NN X I-Skill
, , X O
providing VBG X O
operational JJ X B-Skill
research NN X I-Skill
and CC X O
presentation NN X O
of IN X O
operational JJ X B-Skill
solutions NNS X I-Skill
for IN X I-Skill
growth NN X I-Skill
of IN X I-Skill
existing VBG X I-Skill
and CC X I-Skill
new JJ X I-Skill
customers NNS X I-Skill
You PRP X O

will MD X O
react VB X O
positively RB X O
to TO X O
changing VBG X O
demands NNS X O
and CC X O
will MD X O
have VB X O
an DT X O
ability NN X B-Skill
to TO X I-Skill
influence VB X I-Skill
at IN X I-Skill
all DT X I-Skill
levels NNS X I-Skill
. . X O
Your PRP$ X O

duties NNS X O
will MD X O
include VB X O
: : X O
Providing VBG X O
an DT X O
efficient JJ X B-Skill
and CC X O
outstanding JJ X B-Skill
customer NN X B-Domain
service NN X I-Domain
to TO X O
all DT X O
customers NNS X O
in IN X O
line NN X O
with IN X O
restaurant NN X O
high JJ X O
standards NNS X O
and CC X O
reputation NN X O
Understanding VBG X B-Skill
the DT X I-Skill
food NN X I-Skill
and CC X I-Skill
wine NN X I-Skill
menus NN X I-Skill
providing VBG X O
expert JJ X B-Skill
knowledge NN X I-Skill
and CC X O
selling NN X B-Skill
service NN X I-Skill
to TO X I-Skill
customers NNS X I-Skill
The DT X O

career NN X O
options NNS X O
for IN X O
a DT X O
Sales NNS X B-Occupation
Executive NNP X I-Occupation
include VBP X O
a DT X O
promotion NN X O
to TO X O
Account NNP X B-Occupation
Manager NNP X I-Occupation
or CC X O
cross VB X B-Skill
functional JJ X I-Skill
to TO X O
other JJ X O
areas NNS X O
with IN X O
Experian JJ X B-Domain
QAS NNP X I-Domain
or CC X O
the DT X O
wider NN X O
Experian JJ X B-Domain
business NN X I-Domain
. . X O
Either DT X O

direct JJ X O
responsibility NN X O
or CC X O
significant JJ X O
input NN X O
to TO X O
the DT X O
following JJ X O
key JJ X O
test NN X O
artefacts NNS X O
. . X O
You PRP X O

can MD X O
learn VB X O
more JJR X O
about IN X O
this DT X O
position NN X O
and CC X O
apply VB X O
online NN X O
at IN X O
our PRP$ X O
website NN X O
. . X O
An DT X O

exciting JJ X O
opportunity NN X O
has VBZ X O
arisen VBN X O
with IN X O
a DT X O
global JJ X O
consumer NN X B-Domain
electronics NNS X I-Domain
company NN X O
for IN X O
a DT X O
graduate NN X B-Qualification
Physical NNP X B-Occupation
Scientist NNP X I-Occupation
such JJ X O
as IN X O
a DT X O
Chemist NNP X O
/ NNP X O
Material NNP X O
Scientist NNP X O
/ NNP X O
Materials NNP X O
Physicist NNP X O
/ NNP X O
Electrochemist NNP X O
. . X O
You PRP X O

will MD X O
need VB X O
a DT X B-Skill
low JJ X I-Skill
level NN X I-Skill
understanding NN X I-Skill
of IN X I-Skill
technology NN X I-Skill
and CC X O
the DT X O
ability NN X O
to TO X O
understand VB X O
how WRB X O
technology NN X O
works VBZ X O
' POS X O
under IN X O
the DT X O
hood NN X O
'. POS X O
This DT X O

is VBZ X O
a DT X O
wonderful JJ X O
opportunity NN X O
for IN X O
someone NN X O
with IN X O
motivation NN X B-Skill
to TO X O
make VB X O
a DT X O
name NN X O
for IN X O
themselves PRP X O
with IN X O
an DT X O
emerging VBG X O
industry NN X O
leader NN X O
and CC X O
to TO X O
lay VB X O
the DT X O
foundations NNS X O
for IN X O
an DT X O
AX NNP X O
career NN X O
that WDT X O
could MD X O
genuinely RB X O
take VB X O
them PRP X O
wherever WRB X O
they PRP X O
wish VBP X O
to TO X O
go VB X O
. . X O
The DT X O

financial JJ X B-Skill
acumen NNS X I-Skill
to TO X I-Skill
plan VB X I-Skill
and CC X I-Skill
grow VB X I-Skill
the DT X I-Skill
business NN X I-Skill
to TO X I-Skill
achieve VB X I-Skill
its PRP$ X I-Skill
full JJ X I-Skill
potential JJ X I-Skill
What WP X O
we PRP X O
offer VBP X O
Attractive JJ X O
salary JJ X O
Generous NNP X O
bonus NN X O
scheme NN X O
earn VBP X O
up RB X O
to TO X O
100 CD X O
% NN X O
of IN X O
your PRP$ X O
salary JJ X O
General NNP X B-Occupation
Manager NNP X I-Occupation
benefits NNS X O
package NN X O
A DT X O
commitment NN X O
to TO X O
a DT X O
quality NN X O
training NN X O
programme NN X O
How WRB X O

we PRP X O
' '' X O
re VBP X O
differentBarchester NN X O
offers VBZ X O
a DT X O
range NN X O
of IN X O
diverse NN X O
services NNS X O
, , X O
from IN X O
nursing NN X O
and CC X O
care NN X O
services NNS X O
for IN X O
older JJR X O
people NNS X O
and CC X O
people NNS X O
living VBG X O
with IN X O
dementia NN X O
, , X O
to TO X O
accommodation NN X O
, , X O
supported VBD X O
living NN X O
and CC X O
community NN X O
support NN X O
for IN X O
children NNS X O
and CC X O
adults NNS X O
with IN X O
a DT X O
range NN X O
of IN X O
different JJ X O
disabilities NNS X O
. . X O
We PRP X O

are VBP X O
an DT X O
Employment NNP X O
Business NNP X O
and CC X O
an DT X O
Employment JJ X O
Agency NN X O
as IN X O
defined VBN X O
within IN X O
The DT X O
Conduct NNP X O
of IN X O
Employment NNP X O
Agencies NNP X O
& CC X O
Employment NNP X O
Businesses NNP X O
Regulations NNP X O
Previous JJ X O

site NN X B-Skill
based VBN X I-Skill
installation NN X I-Skill
experience NN X O
and CC X O
a DT X O
CSCS NNP X B-Qualification
card NN X I-Qualification
is VBZ X O
very RB X O
desireable JJ X O
. . X O
For IN X O

an DT X O
informal JJ X O
chat NN X O
or CC X O
further JJ X O
information NN X O
, , X O
simply RB X O
apply VB X O
now RB X O
or CC X O
give VB X O
us PRP X O
a DT X O
call NN X O
. . X O
Ensure NN X B-Skill

plan NN X I-Skill
adherence NN X I-Skill
of IN X O
all DT X O
inspections NNS X O
and CC X O
provide VB X O
regular JJ X O
reporting NN X B-Skill
on IN X O
adherence NN X O
and CC X O
backlog NN X O
. . X O
The DT X O

successful JJ X O
candidate NN X O
will MD X O
take VB X O
responsibility NN X O
for IN X O
both DT X O
the DT X O
intellectual JJ X B-Skill
mapping NN X I-Skill
of IN X I-Skill
product NN X I-Skill
and CC X O
customer NN X B-Skill
account NN X I-Skill
locations NNS X I-Skill
flow NN X I-Skill
and CC X O
operational JJ X B-Skill
process NN X I-Skill
control NN X I-Skill
within IN X O
The DT X O

Head NNP X B-Occupation
Chef NNP X I-Occupation
is VBZ X O
looking VBG X O
for IN X O
a DT X O
CDP NNP X B-Occupation
with IN X O
a DT X O
solid JJ X O
background NN X O
in IN X O
Hotel NNP X B-Domain
environments NNS X I-Domain
and CC X O
Rosette NNP X B-Skill
experience NN X O
would MD X O
be VB X O
advantageous JJ X O
. . X O
Or CC X O

connect NN X O
with IN X O
me PRP X O
to TO X O
see VB X O
more JJR X O
roles NNS X O
like IN X O
this DT X O
at IN X O
http NN X O
:// NNP X O
uk NN X O
. . X O
linkedin NN X O
. . X O
com NN X O
/ NN X O
in IN X O
/ NNP X O
senitorkatemorrell NN X O
Skills NNS X O
: : X O
Lettings NNS X B-Skill

databases VBZ X I-Skill
Making VBG X I-Skill
payments NNS X I-Skill
to TO X I-Skill
landlord VB X I-Skill
/ JJ X I-Skill
contractors NNS X I-Skill
and CC X O
providing VBG X B-Skill
statements NNS X I-Skill
but CC X O

overtime NN X O
will MD X O
be VB X O
available JJ X O
If IN X O
this DT X O
position NN X O
is VBZ X O
of IN X O
interest NN X O
to TO X O
you PRP X O
please VB X O
contact VB X O
Chris NNP X O
Fenwick NNP X O
at IN X O
Responsible JJ X O

for IN X O
overall JJ X B-Skill
planning NN X I-Skill
, , X O
execution NN X B-Skill
and CC X O
success NN X B-Skill
of IN X I-Skill
the DT X I-Skill
engagement NN X I-Skill
. . X O
Required VBN X O

: : X O
C NNP X B-Skill
++, NNP X O
STL NNP X B-Skill
, , X O
Boost NNP X B-Skill
, , X O
COM NNP X B-Skill
/ NNP X I-Skill
COM NNP X I-Skill
, , X O
Agile NNP X B-Skill
, , X O
Continuous NNP X B-Skill
Improvement NNP X I-Skill
, , X O
TDD NNP X B-Skill
, , X O
BDD NNP X B-Skill
, , X O
Multithreading NNP X B-Skill
. . X O
To TO X O

liaise VB X B-Skill
with IN X I-Skill
the DT X I-Skill
regional JJ X I-Skill
sourcing NN X I-Skill
teams NNS X I-Skill
and CC X I-Skill
suppliers NNS X I-Skill
on IN X I-Skill
innovations NNS X I-Skill
, , X O
market NN X B-Skill
intelligence NN X I-Skill
and CC X O
market NN X B-Skill
prices NNS X I-Skill
of IN X I-Skill
fibre NN X I-Skill
, , X I-Skill
yarn NN X I-Skill
and CC X I-Skill
fabric NN X I-Skill
. . X O
You PRP X O

MUST VBP X O
: : X O
Have VBP X O
a DT X O
full JJ X B-Qualification
UK NNP X I-Qualification
driving VBG X I-Qualification
licence NN X I-Qualification
as IN X O
some DT X O
travel NN X O
to TO X O
Nuneaton NNP X O
will MD X O
be VB X O
required VBN X O
In IN X O

essence NN X O
the DT X O
software NN X B-Domain
product NN X O
allows VBZ X O
even RB X O
novice JJ X O
content NN X B-Occupation
administrators NNS X I-Occupation
to TO X O
add VB X B-Skill
, , X O
change NN X B-Skill
and CC X O
delete NN X B-Skill
web NNS X I-Skill
based VBN X I-Skill
information NN X I-Skill
online NN X I-Skill
. . X O
Leeds NNP X O

Yorkshire NNP X O
Free NNP X O
parking VBG X O
onsite RB X O
and CC X O
a DT X O
free JJ X O
shuttle NN X O
bus NN X O
Leeds NNP X O
train NN X O
station NN X O
. . X O
Processing NN X B-Skill

of IN X I-Skill
payments NNS X I-Skill
and CC X O
maintenance NN X O
of IN X O
member NN X O
data NNS X B-Skill
as RB X O
well RB X O
as RB X O
assisting VBG X B-Skill
as IN X I-Skill
part NN X I-Skill
of IN X I-Skill
a DT X I-Skill
project NN X I-Skill
team NN X I-Skill
dealing VBG X I-Skill
with IN X I-Skill
oneoff JJ X I-Skill
projects NNS X I-Skill
will MD X O
be VB X O
key JJ X O
parts NNS X O
of IN X O
the DT X O
role NN X O
. . X O
The DT X O

successful JJ X O
candidates NNS X O
will MD X O
be VB X O
required VBN X O
to TO X O
undertake VB X B-Skill
some DT X I-Skill
work NN X I-Skill
outside IN X I-Skill
normal JJ X I-Skill
office NN X I-Skill
hours NNS X I-Skill
. . X O
In IN X O

this DT X O
role NN X O
you PRP X O
will MD X O
join VB X O
the DT X O
south JJ X O
east JJ X O
team NN X O
building VBG X B-Skill
relationships NNS X I-Skill
with IN X O
some DT X O
of IN X O
the DT X O
biggest JJS X O
engineering NN X O
firms NNS X O
in IN X O
the DT X O
UK NNP X O
and CC X O
high JJ X O
level NN X O
engineers NNS X O
. . X O
As IN X O

Web NNP X B-Occupation
Designer NNP X I-Occupation
you PRP X O
will MD X O
work VB X O
on IN X O
a DT X O
number NN X O
projects NNS X O
designing VBG X B-Skill
compelling NN X I-Skill
, , X I-Skill
attractive JJ X I-Skill
digital JJ X I-Skill
design NN X I-Skill
solutions NNS X I-Skill
for IN X O
websites NNS X O
and CC X O
web NN X O
applications NNS X O
. . X O
Please NNP X O

contact NN X O
Hugh NNP X O
Strivens NNP X O
on IN X O
N NNP X O
/ VBP X O
A NNP X O
or CC X O
email JJ X O
bms NN X O
N NNP X O
/ VBZ X O
A DT X O
to TO X O
discuss VB X O
this DT X O
and CC X O
other JJ X O
unadvertised JJ X O
positions NNS X O
. . X O
Responsible JJ X O

for IN X O
the DT X O
Mechanical NNP X B-Skill
input NN X I-Skill
into IN X I-Skill
asset NN X I-Skill
surveys NNS X I-Skill
and CC X I-Skill
plant NN X I-Skill
condition NN X I-Skill
assessments NNS X I-Skill
, , X O
feasibility NN X B-Skill
studies NNS X I-Skill
, , X O
optioneering VBG X B-Skill
, , X O
whole JJ X B-Skill
life NN X I-Skill
costing NN X I-Skill
and CC X O
conceptual JJ X B-Skill
design NN X I-Skill
Responsible NNP X I-Skill
for IN X I-Skill
detailed JJ X I-Skill
design NN X I-Skill
, , X O
value NN X B-Skill
engineering NN X I-Skill
, , X O
specification NN X B-Skill
and CC X I-Skill
selection NN X I-Skill
of IN X I-Skill
process NN X I-Skill
equipment NN X I-Skill
, , X O
tender NN X B-Skill
assessments NNS X I-Skill
, , X I-Skill
reports NNS X I-Skill
and CC X I-Skill
recommendations NNS X I-Skill
. . X O
adopt VB X B-Skill

a DT X I-Skill
customer NN X I-Skill
based VBN X I-Skill
philosophy NN X I-Skill
in IN X O
the DT X O
approach NN X O
to TO X O
the DT X O
work NN X O
carried VBD X O
out RP X O
Constant JJ X B-Skill
interaction NN X I-Skill
with IN X I-Skill
customer NN X I-Skill
management NN X I-Skill
and CC X I-Skill
marketing NN X I-Skill
colleagues NNS X I-Skill
Full NNP X O

training NN X O
will MD X O
be VB X O
provided VBN X O
, , X O
so IN X O
no DT X O
experience NN X O
is VBZ X O
necessary JJ X O
. . X O
Ideal JJ X O

candidate NN X O
must MD X O
have VB X O
experience NN X O
managing VBG X B-Skill
top JJ X I-Skill
4 CD X I-Skill
retail JJ X I-Skill
account NN X I-Skill
and CC X O
chilled VBD X B-Skill
foods NNS X I-Skill
experience NN X O
. . X O
**** JJ X O

kV NN X O
/ NNP X O
Biomass NNP X B-Occupation
Engineer NNP X I-Occupation
/ NNP X O
Electrical NNP X B-Domain
Project NNP X I-Domain
Locations NNP X O
suitable NN X O
for IN X O
the DT X O
role NN X O
will MD X O
include VB X O
: : X O
Warrington NNP X O
, , X O
Oldham NNP X O
, , X O
Stockport NNP X O
, , X O
Manchester NNP X O
, , X O
Marple NNP X O
, , X O
Altrincham NNP X O
, , X O
Stretford NNP X O
, , X O
Wilmslow NNP X O
, , X O
Bolton NNP X O
, , X O
Bury NNP X O
, , X O
Middleton NNP X O
, , X O
Glossop NNP X O
, , X O
Rochdale NNP X O
, , X O
Gatley NNP X O
, , X O
Hale NNP X O
, , X O
Eccles NNP X O
, , X O
Leigh NNP X O
, , X O
Handforth NNP X O
, , X O
Bramhall NNP X O
, , X O
Knutsford NNP X O
, , X O
Alderley NNP X O
Edge NNP X O
, , X O
Wigan NNP X O
, , X O
St NNP X O
Helens NNP X O
, , X O
Macclesfield NNP X O
, , X O
Hyde NNP X O
, , X O
Sale NNP X O
, , X O
Prestwich NNP X O
, , X O
Swinton NNP X O
, , X O
Westhoughton NNP X O
, , X O
Northwich NNP X O
You PRP X O

will MD X O
be VB X O
reporting VBG X B-Skill
directly RB X I-Skill
to TO X I-Skill
the DT X I-Skill
Operations NNP X I-Skill
Manager NNP X I-Skill
. . X O
discipline NN X O

Minimum NNP X B-Experience
of IN X I-Experience
three CD X I-Experience
years NNS X I-Experience
experience RB X I-Experience
in IN X O
an DT X O
IT NNP X B-Domain
office NN X O
environment NN X O
Working VBG X O
knowledge NN X B-Skill
of IN X I-Skill
relational JJ X I-Skill
databases NNS X I-Skill
Project NNP X I-Skill
management NN X I-Skill
of IN X I-Skill
a DT X I-Skill
significant JJ X I-Skill
Business NNP X I-Skill
Improvement NNP X I-Skill
Project NNP X I-Skill
The DT X O

successful JJ X O
DSP NNP X B-Occupation
Algorithms NNP X I-Occupation
developer NN X I-Occupation
will MD X O
join VB X O
an DT X O
established VBN X O
team NN X O
and CC X O
will MD X O
have VB X O
responsibility NN X O
for IN X O
design NN X B-Skill
of IN X I-Skill
signal JJ X I-Skill
processing NN X I-Skill
algorithms NN X I-Skill
and CC X I-Skill
architectures NNS X I-Skill
to TO X O
be VB X O
implemented VBN X O
on IN X O
their PRP$ X O
integrated JJ X O
circuits NNS X O
or CC X O
as IN X O
standalone NN X B-Skill
software NN X I-Skill
component JJ X I-Skill
solutions NNS X I-Skill
. . X O
Be VB X O

familiar JJ X O
with IN X O
Safety NNP X B-Skill
of IN X I-Skill
Machinery NNP X I-Skill
, , X O
Safety NNP X B-Skill
Integrity NNP X I-Skill
Levels NNP X I-Skill
and CC X O
Risk NNP X B-Skill
Assessments NNP X I-Skill
. . X O
Duties NNS X O

will MD X O
Include VB X O
: : X O
Administration NN X B-Skill
of IN X I-Skill
Oxygen NNP X I-Skill
Tracheostomy NNP X I-Skill
Care NNP X I-Skill
Suction NNP X I-Skill
and CC X I-Skill
Chest NNP X I-Skill
Physiotherapy NNP X I-Skill
Ventilators NNP X I-Skill
Gastrostomy NNP X I-Skill
and CC X I-Skill
Pump NNP X I-Skill
Feeding NNP X I-Skill
Fluid NNP X I-Skill
Balance NNP X I-Skill
and CC X I-Skill
Diet NNP X I-Skill
intake VBP X I-Skill
Newly RB X B-Occupation

Qualified VBN X I-Occupation
French JJ X I-Occupation
Teacher NNP X I-Occupation
Outstanding NNP X O
Ofsted NNP X O
2012 CD X O
Secondary NNP X O
School NNP X O
Permanent NNP X O
job NN X O
Responsibilities NNS X O

as IN X O
a DT X O
Graduate NNP X O
Sales NNS X B-Occupation
Executive NNP X I-Occupation
will MD X O
include VB X O
: : X O
Organising NN X B-Skill
in IN X I-Skill
store NN X I-Skill
events NNS X I-Skill
Training VBG X I-Skill
other JJ X I-Skill
individuals NNS X I-Skill
on IN X O
You PRP X O

will MD X O
be VB X O
helping VBG X O
to TO X O
plan VB X B-Skill
all DT X I-Skill
data NNS X I-Skill
for IN X I-Skill
the DT X I-Skill
contact NN X I-Skill
centre JJ X I-Skill
staff NN X I-Skill
; : X O
therefore CC X O
you PRP X O
must MD X O
have VB X O
the DT X O
ability NN X O
to TO X O
work VB X B-Skill
in IN X I-Skill
a DT X I-Skill
fast NN X I-Skill
paced JJ X I-Skill
environment NN X I-Skill
whilst NN X O
maintaining VBG X O
great JJ X O
accuracy NN X O
. . X O
For IN X O

an DT X O
initial JJ X O
, , X O
noncommittal JJ X O
discussion NN X O
about IN X O
this DT X O
vacancy NN X O
or CC X O
other JJ X O
opportunities NNS X O
in IN X O
the DT X O
environmental JJ X B-Domain
sector NN X I-Domain
, , X O
please VB X O
do VB X O
not RB X O
hesitate VB X O
to TO X O
call VB X O
Isabel NNP X O
Stephens NNP X O
of IN X O
Penguin NNP X O
Recruitment NNP X O
on IN X O
An DT X O

understanding NN X B-Skill
of IN X I-Skill
instrumentation NN X I-Skill
and CC X I-Skill
control NN X I-Skill
system NN X I-Skill
theory NN X I-Skill
, , X O
including VBG X O
PID NNP X B-Skill
control NN X I-Skill
. . X O
persuasive JJ X B-Skill

marketing NN X I-Skill
material NN X I-Skill
strong JJ X O
determination NN X B-Skill
to TO X I-Skill
succeed VB X I-Skill
PLEASE NNP X O
only RB X O
apply VB X O
if IN X O
you PRP X O
possess VBP X O
a DT X O
marketing NN X B-Qualification
degree NN X I-Qualification
qualification NN X O
. . X O
Provide NNP X B-Skill

accurate NN X I-Skill
and CC X I-Skill
timely JJ X I-Skill
management NN X I-Skill
information NN X I-Skill
to TO X O
meet VB X O
the DT X O
needs NNS X O
of IN X O
the DT X O
Directors NNPS X O
and CC X O
Senior NNP X O
Management NNP X O
Team NNP X O
. . X O
HCPC NNP X B-Domain

Registered NNP X O
Eligible NNP X O
to TO X O
work VB X O
in IN X O
the DT X O
UK NNP X O
Car NNP X B-Occupation
Driver NNP X I-Occupation
Salary NNP X O
range NN X O
is VBZ X O
High JJ X O

professional JJ X O
integrity NN X O
Training NNP X O
& CC X O
Development NNP X O
DNV NNP X O
develops VBZ X O
individuals NNS X O
through IN X O
a DT X O
portfolio NN X O
of IN X O
training NN X O
and CC X O
development NN X O
courses NNS X O
designed VBN X O
to TO X O
help VB X O
you PRP X O
make VB X O
the DT X O
best JJS X O
of IN X O
your PRP$ X O
abilities NNS X O
and CC X O
talents NNS X O
. . X O
With IN X O

proven JJ X B-Experience
supervisory JJ X I-Experience
and CC X I-Experience
budget NN X I-Experience
management NN X I-Experience
experience NN X I-Experience
, , X O
you PRP X O
will MD X O
be VB X O
flexible JJ X B-Skill
in IN X I-Skill
your PRP$ X I-Skill
working NN X I-Skill
hours NNS X I-Skill
and CC X O
have VBP X O
excellent VBN X B-Skill
communication NN X I-Skill
and CC X I-Skill
organisational JJ X I-Skill
skills NNS X I-Skill
. . X O
Adecco NNP X O

is VBZ X O
acting VBG X O
as IN X O
an DT X O
Employment NNP X B-Domain
Agency NNP X O
in IN X O
relation NN X O
to TO X O
this DT X O
vacancy NN X O
. . X O
We PRP X O

are VBP X O
currently RB X O
working VBG X O
extensively RB X O
with IN X O
an DT X O
acute NN X O
NHS NNP X O
Trust NNP X O
in IN X O
Norfolk NNP X O
and CC X O
the DT X O
surrounding VBG X O
area NN X O
We PRP X O

are VBP X O
looking VBG X O
for IN X O
an DT X O
ERP NNP X B-Occupation
/ NNP X I-Occupation
Dynamics NNP X I-Occupation
NAV NNP X I-Occupation
Consultant NNP X I-Occupation
to TO X O
be VB X O
involved VBN X O
in IN X O
the DT X O
implementation NN X B-Skill
of IN X I-Skill
Microsoft NNP X I-Skill
Dynamics NNP X I-Skill
NAV NNP X I-Skill
as RB X O
well RB X O
as IN X O
writing VBG X B-Skill
reports NNS X I-Skill
on IN X I-Skill
site NN X I-Skill
. . X O
The DT X O

Company NNP X O
Our PRP$ X O
client NN X O
provides VBZ X B-Skill
a DT X I-Skill
range NN X I-Skill
of IN X I-Skill
Commercial JJ X I-Skill
Insurances NNS X I-Skill
and CC X O
has VBZ X O
an DT X O
excellent JJ X O
reputation NN X O
throughout IN X O
the DT X O
UK NNP X O
. . X O
The DT X O

role NN X O
is VBZ X O
within IN X O
the DT X O
Business NNP X B-Domain
Control NNP X I-Domain
team NN X O
based VBN X O
in IN X O
London NNP X O
and CC X O
will MD X O
involve VB X O
the DT X O
preparation NN X B-Skill
of IN X I-Skill
statutory JJ X I-Skill
accounts NNS X I-Skill
for IN X O
the DT X O
asset NN X O
backed VBD X O
commercial JJ X O
ABCP NNP X O
paper NN X O
conduits NNS X O
within IN X O
the DT X O
SF NNP X B-Domain
business NN X I-Domain
Successful JJ X O

candidates NNS X O
will MD X O
be VB X O
locally RB X O
based VBN X O
with IN X O
experience NN X B-Skill
of IN X I-Skill
full JJ X I-Skill
Retail NNP X I-Skill
FitOut NNP X I-Skill
nonfood NN X O
Your PRP$ X O

duties NNS X O
as IN X O
a DT X O
Technical NNP X B-Occupation
/ NNP X I-Occupation
Training NNP X I-Occupation
Estimator NNP X I-Occupation
will MD X O
include VB X O
: : X O
To TO X O
produce VB X B-Skill
an DT X I-Skill
average NN X I-Skill
of IN X O
You PRP X O

will MD X O
have VB X O
a DT X O
proactive JJ X B-Skill
approach NN X I-Skill
towards NNS X I-Skill
making VBG X I-Skill
the DT X I-Skill
sales NNS X I-Skill
calls NNS X I-Skill
and CC X O
building NN X B-Skill
and CC X I-Skill
maintaining VBG X I-Skill
client NN X I-Skill
relationship NN X I-Skill
. . X O
If IN X O

you PRP X O
think VBP X O
you PRP X O
have VBP X O
what WP X O
it PRP X O
takes VBZ X O
then RB X O
please VB X O
submit NN X O
CV NNP X O
for IN X O
immediate JJ X O
response NN X O
to TO X O
Laura NNP X O
at IN X O
Cornwall NNP X O
Staff NNP X O
Agency NNP X O
or CC X O
call VB X O
on IN X O
This DT X O

is VBZ X O
an DT X O
exciting JJ X O
opportunity NN X O
to TO X O
step VB X O
into IN X O
an DT X O
influential JJ X O
role NN X O
that WDT X O
will MD X O
provide VB X O
the DT X O
successful JJ X O
candidate NN X O
the DT X O
ability NN X O
to TO X O
take VB X B-Skill
the DT X I-Skill
functional JJ X I-Skill
lead NN X I-Skill
of IN X I-Skill
the DT X I-Skill
region NN X I-Skill
s NN X I-Skill
business NN X I-Skill
units NNS X I-Skill
to TO X O
ensure VB X B-Skill
the DT X I-Skill
financial JJ X I-Skill
results NNS X I-Skill
are VBP X I-Skill
achieved VBN X I-Skill
by IN X O
bringing VBG X B-Skill
insight NN X I-Skill
and CC X I-Skill
challenge NN X I-Skill
to TO X I-Skill
the DT X I-Skill
finance NN X I-Skill
and CC X I-Skill
general JJ X I-Skill
managers NNS X I-Skill
. . X O
Using VBG X O

these DT X O
skills NNS X O
, , X O
you PRP X O
ll VBP X O
guide JJ X B-Skill
people NNS X I-Skill
through IN X I-Skill
the DT X I-Skill
most RBS X I-Skill
important JJ X I-Skill
purchase NN X I-Skill
of IN X I-Skill
their PRP$ X I-Skill
lives NNS X I-Skill
developing VBG X O
supportive JJ X B-Skill
relationships NNS X I-Skill
and CC X O
really RB X O
getting VBG X B-Skill
to TO X I-Skill
the DT X I-Skill
heart NN X I-Skill
of IN X I-Skill
their PRP$ X I-Skill
needs NNS X I-Skill
. . X O
Great NNP X O

career NN X O
opportunity NN X O
in IN X O
the DT X O
world NN X O
' POS X O
s NN X O
leading VBG X O
exhibition NN X O
organiser NN X O
for IN X O
travel NN X O
& CC X O
tourism NN X O
events NNS X O
and CC X O

you PRP X O
ll VBP X O
discuss VB X O
with IN X O
your PRP$ X O
Manager NN X O
when WRB X O
you PRP X O
feel VBP X O
ready JJ X O
to TO X O
visit VB X O
patients NNS X O
on IN X O
your PRP$ X O
own JJ X O
. . X O
, , X O

highvolume VB X O
environment NN X O
You PRP X O
ll VBP X O
help VB X O
ensure VB X O
that IN X O
all DT X O
procedures NNS X O
are VBP X O
followed VBN X O
to TO X O
the DT X O
letter NN X O
You PRP X O
ll VBP X O
maintain VB X O
the DT X O
highest JJS X O
standards NNS X O
even RB X O
under IN X O
the DT X O
most RBS X O
severe JJ X O
pressure NN X O
Bonus NNP X O

and CC X O
Company NNP X O
benefits NNS X O
Please NNP X O
note VBP X O
jobcoop NN X O
provide VBP X O
an DT X O
anonymous JJ X O
service NN X O
to TO X O
candidates NNS X O
Are NNP X O

you PRP X O
looking VBG X O
for IN X O
a DT X O
new JJ X O
and CC X O
exciting JJ X O
challenge NN X O
within IN X O
a DT X O
well RB X O
established VBN X O
and CC X O
professional JJ X O
company NN X O
? . X O
To TO X O

undertake VB X O
responsibilities NNS X O
such JJ X O
as IN X O
personal JJ X B-Skill
tutoring NN X I-Skill
, , X O
course NN X B-Skill
leading NN X I-Skill
, , X O
a DT X O
department NN X O
or CC X O
cross NN X O
college NN X O
role NN X O
as IN X O
agreed VBN X O
with IN X O
the DT X O
Programme NNP X B-Occupation
Area NNP X I-Occupation
Manager NNP X I-Occupation
in IN X O
order NN X O
to TO X O
contribute VB X O
to TO X O
the DT X O
effective JJ X O
functioning NN X O
and CC X O
development NN X O
of IN X O
the DT X O
programme JJ X O
area NN X O
, , X O
faculty NN X O
or CC X O
college NN X O
objectives NNS X O
. . X O
Ensure NN X B-Skill

effective JJ X I-Skill
communication NN X I-Skill
to TO X I-Skill
staff NN X I-Skill
regarding VBG X O
the DT X O
companies NNS X O
business NN X O
strategy NN X O
, , X O
key JJ X O
decisions NNS X O
and CC X O
initiatives NNS X O
Ensures NNS X B-Skill
compliance NN X I-Skill
with IN X I-Skill
all DT X I-Skill
relevant JJ X I-Skill
HR NNP X I-Skill
, , X I-Skill
Security NNP X I-Skill
, , X I-Skill
Health NNP X I-Skill
and CC X I-Skill
Safety NNP X I-Skill
policies NNS X I-Skill
and CC X I-Skill
procedures NNS X I-Skill
Contributes VBZ X I-Skill
to TO X I-Skill
corporate JJ X I-Skill
/ JJ X I-Skill
companywide NN X I-Skill
projects NNS X I-Skill
as IN X O
required VBN X O
. . X O
Depending VBG X O

on IN X O
the DT X O
needs NNS X O
of IN X O
the DT X O
service NN X O
user IN X O
you PRP X O
may MD X O
be VB X O
asked VBN X O
to TO X O
provide VB X B-Skill
support NN X I-Skill
to TO X I-Skill
service NN X I-Skill
users NNS X I-Skill
that WDT X I-Skill
display VBP X I-Skill
challenging VBG X I-Skill
behaviour NN X I-Skill
, , X O
you PRP X O
will MD X O
be VB X O
provided VBN X O
with IN X O
training NN X O
for IN X O
all DT X O
aspects NNS X O
of IN X O
the DT X O
role NN X O
. . X O
All DT X O

research NN X O
staff NN X O
may MD X O
be VB X O
expected VBN X O
to TO X O
undertake VB X O
certain JJ X O
teaching VBG X B-Skill
duties NNS X O
without IN X O
additional JJ X O
payment NN X O
, , X O
subject JJ X O
to TO X O
any DT X O
limitations NNS X O
prescribed VBN X O
by IN X O
the DT X O
terms NNS X O
of IN X O
the DT X O
grant NN X O
or CC X O
contract NN X O
under IN X O
with IN X O
they PRP X O
are VBP X O
employed VBN X O
. . X O
Experience NN X O

and CC X O
Knowledge NNP X O
of IN X O
Microsoft NNP X B-Skill
Office NNP X I-Skill
programs NNS X I-Skill
and CC X O
Windows VBZ X B-Skill
7 CD X I-Skill
and CC X I-Skill
XP NNP X I-Skill
are VBP X O
essenital JJ X O
as IN X O
is VBZ X O
experience NN X O
of IN X O
troubleshooting VBG X B-Skill
IT NNP X I-Skill
problems NNS X I-Skill
. . X O
The DT X O

role NN X O
will MD X O
involve VB X O
face NN X B-Skill
to TO X I-Skill
face VB X I-Skill
meetings NNS X I-Skill
, , X O
service NN X B-Skill
reviews NNS X I-Skill
and CC X O
have VBP X O
experience VBN X O
in IN X O
influencing VBG X B-Skill
/ JJ X O
negotiation NN X B-Skill
of IN X I-Skill
contracts NNS X I-Skill
and CC X O
seeking VBG X B-Skill
agreements NNS X I-Skill
moving VBG X I-Skill
forwards NNS X I-Skill
from IN X I-Skill
3rd CD X I-Skill
party NN X I-Skill
partners NNS X I-Skill
this DT X O
can MD X O
include VB X O
serving VBG X B-Skill
service NN X I-Skill
penalties NNS X I-Skill
if IN X O
required VBN X O
. . X O
Work NN X O

closely RB X O
with IN X O
the DT X O
GM NNP X B-Occupation
to TO X O
create VB X B-Skill
and CC X I-Skill
implement VB X I-Skill
the DT X I-Skill
sales NNS X I-Skill
strategy NN X I-Skill
. . X O
The DT X O

Management NNP X B-Occupation
Accountant NNP X I-Occupation
will MD X O
also RB X O
supervise VB X B-Qualification
and CC X I-Qualification
oversee VB X I-Qualification
the DT X I-Qualification
work NN X I-Qualification
, , X I-Qualification
training NN X I-Qualification
and CC X I-Qualification
development NN X I-Qualification
of IN X I-Qualification
four CD X I-Qualification
partqualified JJ X I-Qualification
accountants NNS X I-Qualification
. . X O
To TO X O

lead VB X B-Skill
a DT X I-Skill
team NN X I-Skill
in IN X I-Skill
providing VBG X I-Skill
a DT X I-Skill
managed JJ X I-Skill
payroll NN X I-Skill
service NN X I-Skill
to TO X I-Skill
Network NNP X I-Skill
Rail NNP X I-Skill
and CC X I-Skill
its PRP$ X I-Skill
employees NNS X I-Skill
. . X O
Strong JJ X B-Skill

technical JJ X I-Skill
skills NNS X I-Skill
encompassing VBG X I-Skill
competent NN X I-Skill
use NN X I-Skill
of IN X I-Skill
Microsoft NNP X I-Skill
products NNS X I-Skill
Experience NNP X I-Skill
of IN X I-Skill
Risk NNP X I-Skill
Management NNP X I-Skill
techniques NNS X I-Skill
Proficiency NNP X I-Skill
in IN X I-Skill
analytical JJ X I-Skill
software NN X I-Skill
such JJ X I-Skill
as IN X I-Skill
SAS NNP X I-Skill
or CC X I-Skill
SQL NNP X I-Skill
Experience NNP X O
within IN X O
a DT X B-Domain
Credit NNP X I-Domain
Card NNP X I-Domain
/ NNP X I-Domain
Business NNP X I-Domain
/ NNP X I-Domain
Commercial NNP X I-Domain
Lending NNP X I-Domain
environment NN X O
The DT X O

ability NN X O
to TO X O
identify VB X B-Skill
areas NNS X I-Skill
of IN X I-Skill
improvement NN X I-Skill
on IN X I-Skill
the DT X I-Skill
line NN X I-Skill
Duties NNPS X I-Skill
will MD X O
include VB X O
: : X O
Responsible JJ X O
for IN X O
a DT X O
team NN X O
of IN X O
up IN X O
to TO X O
Sats NNS X O

Monitor NNP X O
Bowel NNP X O
care NN X B-Skill
including VBG X I-Skill
Sweeps NNP X I-Skill
Catheter NNP X I-Skill
Care NNP X I-Skill
Nebulisers NNP X I-Skill
Applicants NNP X O
need VB X O
to TO X O
be VB X O
flexible JJ X B-Skill
with IN X I-Skill
their PRP$ X I-Skill
working NN X I-Skill
hours NNS X I-Skill
as IN X O
they PRP X O
may MD X O
be VB X O
needed VBN X O
to TO X O
cover VB X O
at IN X O
short JJ X O
notice NN X O
; : X O
although IN X O
rota NN X O
' '' X O
s NNS X O
are VBP X O
done VBN X O
matching JJ X O
competent JJ X O
staff NN X O
' POS X O
s NN X O
availability NN X O
and CC X O
in IN X O
advance NN X O
. . X O
Work NN X O

will MD X O
be VB X O
performed VBN X O
in IN X O
an DT X O
Agile NNP X O
environment NN X O
where WRB X O
the DT X O
emphasis NN X O
is VBZ X O
placed VBN X O
upon IN X O
achieving VBG X O
high JJ X O
quality NN X O
. . X O
This DT X O

Sutton NNP X O
based VBN X O
school NN X O
is VBZ X O
a DT X O
superb JJ X O
school NN X B-Domain
with IN X O
many JJ X O
outstanding JJ X O
features NNS X O
. . X O
Provide NNP X B-Skill

technical JJ X I-Skill
support NN X I-Skill
and CC X I-Skill
consultancy NN X I-Skill
to TO X I-Skill
the DT X I-Skill
UNIX NNP X I-Skill
infrastructure NN X I-Skill
, , X O
this DT X O
includes VBZ X O
but CC X O
is VBZ X O
not RB X O
limited VBN X O
to TO X O
: : X O
UNIX NNP X B-Experience
related VBD X I-Experience
systems NNS X I-Experience
including VBG X I-Experience
legacy NN X I-Experience
platforms NNS X I-Experience
Working VBG X O

within IN X O
a DT X O
team NN X O
of IN X O
four CD X O
, , X O
this DT X O
role NN X O
is VBZ X O
No DT X O
. . X O
This DT X O

is VBZ X O
an DT X O
exciting JJ X O
opportunity NN X O
to TO X O
develop VB X O
your PRP$ X O
Project NNP X O
Management NNP X O
career NN X O
further RB X O
in IN X O
a DT X O
growing VBG X O
IT NNP X B-Domain
organisation NN X O
. . X O
a DT X O

valid JJ X O
passport NN X O
, , X O
proof NN X O
of IN X O
address NN X O
and CC X O
national JJ X O
insurance NN X O
number NN X O
. . X O
This DT X O

contract NN X O
opportunity NN X O
has VBZ X O
arisen VBN X O
due JJ X O
to TO X O
extra JJ X O
work NN X O
won VBD X O
on IN X O
the DT X O
project NN X O
due JJ X O
to TO X O
finish VB X O
September NNP X O
2013 CD X O
. . X O
*** NN X O

or CC X O
more JJR X O
discuss NNS X O
in IN X O
interview NN X O
flexible JJ X O
Rate NNP X O
of IN X O
pay NN X O
: : X O
The DT X O

role NN X O
is VBZ X O
extremely RB X O
broad JJ X O
covering VBG X O
a DT X O
wide JJ X O
range NN X O
of IN X O
corporate JJ X O
and CC X O
business NN X O
tax NN X O
matters NNS X O
including VBG X O
: : X O
Reorganisation NN X B-Skill
' '' X I-Skill
s JJ X I-Skill
Share NNP X I-Skill
schemes NNS X I-Skill
and CC X I-Skill
employment NN X I-Skill
tax NN X I-Skill
related JJ X I-Skill
matters NNS X I-Skill
Research NNP X I-Skill
Development NNP X I-Skill
Transactional NNP X I-Skill
support NN X I-Skill
ABPM NNP X O

as IN X O
experts NNS X O
in IN X O
financial JJ X B-Domain
recruitment NN X I-Domain
have VBP X O
been VBN X O
retained VBN X O
by IN X O
our PRP$ X O
readily RB X O
recognisable JJ X O
manufacturing VBG X B-Domain
client NN X O
in IN X O
the DT X O
search NN X O
and CC X O
selection NN X O
of IN X O
an DT X O
operationally RB X B-Skill
focused VBN X I-Skill
finance NN X B-Occupation
professional NN X I-Occupation
to TO X O
support VB X O
the DT X O
regional JJ X O
Director NNP X B-Occupation
and CC X O
sites VBZ X O
across IN X O
the DT X O
Southern JJ X O
region NN X O
. . X O
Validate NNP X B-Skill

IM NNP X I-Skill
Shared NNP X I-Skill
Services NNPS X I-Skill
proposals NNS X I-Skill
and CC X I-Skill
ensure VB X I-Skill
Business NNP X I-Skill
buy VB X I-Skill
in IN X I-Skill
Engage NN X I-Skill
in IN X I-Skill
solution NN X I-Skill
design NN X I-Skill
with IN X I-Skill
Group NNP X I-Skill
IM NNP X I-Skill
Technical NNP X I-Skill
Recommendation NNP X I-Skill
and CC X I-Skill
Testing NNP X I-Skill
Leads NNP X I-Skill
testing VBG X I-Skill
efforts NNS X I-Skill
. . X O
That DT X O

is VBZ X O
why WRB X O
the DT X O
businesses NNS X O
we PRP X O
work VBP X O
with IN X O
trust NN X O
us PRP X O
to TO X O
shape VB X O
their PRP$ X O
most JJS X O
precious JJ X O
assets NNS X O
their PRP$ X O
image NN X O
and CC X O
reputation NN X O
. . X O
My PRP$ X O

client NN X O
is VBZ X O
recruiting VBG X O
for IN X O
General NNP X B-Occupation
Manager NNP X I-Occupation
for IN X O
their PRP$ X O
premium NN X O
You PRP X O

will MD X O
have VB X O
excellent JJ X O
interpersonal JJ X B-Skill
skills NNS X O
with IN X O
the DT X O
ability NN X O
to TO X O
build VB X B-Skill
strong JJ X I-Skill
and CC X I-Skill
lasting JJ X I-Skill
relationships NNS X I-Skill
with IN X O
a DT X O
range NN X O
in IN X O
individuals NNS X O
from IN X O
senior JJ X O
management NN X O
to TO X O
new JJ X O
and CC X O
existing VBG X O
customers NNS X O
. . X O
The DT X O

Registered NNP X O
General NNP X O
Nurse NNP X B-Occupation
RGN NNP X O
ideally RB X O
will MD X O
have VB X O
already RB X O
worked VBN X O
in IN X O
a DT X O
care NN X O
or CC X O
nursing NN X B-Skill
home NN X O
environment NN X O
at IN X O
RGN NNP X O
level NN X O
. . X O
An DT X O

ability NN X B-Skill
to TO X I-Skill
be VB X I-Skill
proactive JJ X I-Skill
, , X O
productive JJ X B-Skill
and CC X I-Skill
to TO X I-Skill
work VB X I-Skill
effectively RB X I-Skill
in IN X I-Skill
teams NNS X I-Skill
A NNP X O
demonstrated VBD X O
ability NN X B-Skill
to TO X I-Skill
work VB X I-Skill
in IN X I-Skill
an DT X I-Skill
organized JJ X I-Skill
manner NN X I-Skill
and CC X O
to TO X O
standard VB X B-Skill
operating NN X I-Skill
procedures NNS X I-Skill
Experience NNP X I-Skill
of IN X I-Skill
culturing VBG X I-Skill
parasites NNS X I-Skill
in IN X I-Skill
Category NN X I-Skill
That IN X O

you PRP X O
are VBP X O
a DT X O
team NN X O
player NN X O
by IN X O
supporting VBG X B-Skill
your PRP$ X I-Skill
colleagues NNS X I-Skill
as IN X I-Skill
appropriate NN X I-Skill
. . X O
Providing VBG X B-Skill

chip NN X I-Skill
and CC X I-Skill
pin NN X I-Skill
services NNS X I-Skill
to TO X O
retailers NNS X O
and CC X O
retailers NNS X O
of IN X O
all DT X O
varieties NNS X O
. . X O
The DT X O

ideal JJ X O
candidate NN X O
must MD X O
be VB X O
able JJ X O
to TO X O
demonstrate VB X O
: : X O
All DT X O
round VBP X O
ecological JJ X B-Skill
expertise NN X I-Skill
Successful NNP X O
project NN X B-Skill
management NN X I-Skill
, , X O
including VBG X O
managing VBG X B-Skill
project JJ X I-Skill
budgets NNS X I-Skill
and CC X I-Skill
staff NN X I-Skill
Financial NNP X I-Skill
literacy NN X I-Skill
and CC X O
proven JJ X O
track NN X B-Skill
record NN X I-Skill
of IN X I-Skill
achieving VBG X I-Skill
departmental JJ X I-Skill
budgetary JJ X I-Skill
targets NNS X I-Skill
Maximising VBG X I-Skill
profitability NN X I-Skill
Effective NNP X O
client NN X B-Skill
and CC X I-Skill
consultee NN X I-Skill
liaison NN X I-Skill
Developing NNP X O
and CC X O
sustaining VBG X O
client NN X B-Skill
relationships NNS X I-Skill
Ability NNP X I-Skill
to TO X I-Skill
work VB X I-Skill
to TO X I-Skill
tight VB X I-Skill
deadlines NNS X I-Skill
Ability NNP X I-Skill
to TO X I-Skill
identify VB X I-Skill
pragmatic JJ X I-Skill
solutions NNS X I-Skill
to TO X I-Skill
ecological JJ X I-Skill
constraints NNS X I-Skill
Procurement NNP X I-Skill
of IN X I-Skill
new JJ X I-Skill
business NN X I-Skill
and CC X O
successful JJ X O
tendering NN X B-Skill
GENERAL NNP X B-Occupation

MANAGERS NNP X I-Occupation
NEEDED NNP X O
FOR NNP X O
FANTASTIC NNP X O
FOOD NNP X O
LED NNP X O
PUBS NNP X O
IN NNP X O
PICTURESQUE NNP X O
LOCATIONS NNP X O
Salary NNP X O
: : X O
To TO X O

find VB X O
out RP X O
more RBR X O
about IN X O
Orgtel NNP X O
please VB X O
visit NN X O
www NN X O
. . X O
orgtel NN X O
. . X O
com NN X O
What WP X O

we PRP X O
re VBP X O
looking VBG X O
for IN X O
RGN NNP X B-Occupation
Demonstrable NNP X O
post NN X O
qualification NN X O
/ NNP X O
adaption NN X O
experience NN X O
Experience NNP X O
in IN X O
IV NNP X B-Skill
treatment NN X I-Skill
, , X O
venepuncture NN X B-Skill
and CC X O
cannulation NN X B-Skill
. . X O
Defining VBG X B-Skill

the DT X I-Skill
development NN X I-Skill
and CC X I-Skill
training NN X I-Skill
needs NNS X I-Skill
for IN X I-Skill
the DT X I-Skill
discipline NN X I-Skill
and CC X I-Skill
for IN X I-Skill
graduate NN X I-Skill
development NN X I-Skill
. . X O
Work NN X O

with IN X O
the DT X O
Business NNP X B-Occupation
Launch NNP X I-Occupation
and CC X I-Occupation
Delivery NNP X I-Occupation
Manager NNP X I-Occupation
to TO X O
ensure VB X O
that IN X O
deliverables VBZ X B-Skill
become RB X I-Skill
embedded VBN X I-Skill
within IN X I-Skill
bau NN X I-Skill
and CC X O
that IN X O
mechanisms NNS X B-Skill
are VBP X I-Skill
in IN X I-Skill
place NN X I-Skill
to TO X O
realise VB X B-Skill
and CC X I-Skill
track VB X I-Skill
benefits NNS X I-Skill
in IN X I-Skill
a DT X I-Skill
sustainable JJ X I-Skill
way NN X I-Skill
. . X O
Critical JJ X O

Success NNP X O
Factors NNP X O
Able NNP X B-Skill
to TO X I-Skill
take VB X I-Skill
the DT X I-Skill
lead NN X I-Skill
and CC X I-Skill
work NN X I-Skill
independently RB X I-Skill
Manage NNP X B-Skill

data NNS X I-Skill
input NN X I-Skill
process NN X I-Skill
including VBG X I-Skill
closure NN X I-Skill
Provide NNP X I-Skill
statistical JJ X I-Skill
information NN X I-Skill
regarding VBG X I-Skill
Helpdesk NNP X I-Skill
reporting NN X I-Skill
To TO X O
raise VB X B-Skill
requests NNS X I-Skill
on IN X I-Skill
the DT X I-Skill
Computer NNP X I-Skill
system NN X I-Skill
To TO X O
raise VB X B-Skill
Purchase NNP X I-Skill
Orders NNP X I-Skill
and CC X I-Skill
uplifts JJ X I-Skill
General NNP X I-Skill
administration NN X I-Skill
including VBG X I-Skill
filing NN X I-Skill
, , X I-Skill
scanning VBG X I-Skill
, , X I-Skill
document NN X I-Skill
control NN X I-Skill
. . X O
operates VBZ X O

as IN X O
an DT X O
Employment NNP X O
Agency NN X O
when WRB X O
recruiting NN X O
for IN X O
permanent JJ X O
vacancies NNS X O
, , X O
and CC X O
an DT X O
Employment NN X O
Business NN X O
when WRB X O
recruiting NN X O
for IN X O
contract NN X O
vacancies NNS X O
If IN X O

you PRP X O
feel VBP X O
you PRP X O
fit VBP X O
the DT X O
above NN X O
requirements NNS X O
, , X O
please VB X O
apply VB X O
to TO X O
Tammy NNP X O
Smith NNP X O
now RB X O
for IN X O
an DT X O
immediate JJ X O
interview NN X O
. . X O
This DT X O

company NN X O
is VBZ X O
all DT X O
about IN X O
action NN X B-Skill
, , X O
collaboration NN X B-Skill
, , X O
and CC X O
results NNS X B-Skill
and CC X O
your PRP$ X O
career NN X O
path NN X O
is VBZ X O
no DT X O
exception NN X O
. . X O
Design NNP X O

experience NN X O
of IN X O
HV NNP X B-Skill
and CC X O
LV NNP X B-Skill
infrastructure NN X I-Skill
, , X O
grid JJ X B-Skill
connection NN X I-Skill
of IN X I-Skill
embedded JJ X I-Skill
generation NN X I-Skill
, , X O
project NN X B-Skill
management NN X I-Skill
, , X O
installation NN X B-Skill
and CC X I-Skill
commissioning NN X I-Skill
is VBZ X O
essential JJ X O
. . X O
Please NNP X O

put VBD X O
the DT X O
words NNS X O
Deputy NNP X B-Occupation
Manager NNP X I-Occupation
as IN X O
the DT X O
Subject NNP X O
of IN X O
the DT X O
email NN X O
Desirable JJ X O

: : X O
Experience NN X B-Experience
of IN X I-Experience
working VBG X I-Experience
within IN X I-Experience
an DT X I-Experience
ITIL NNP X I-Experience
aligned VBD X I-Experience
environment NN X I-Experience
Prepare NNP X O

numerical JJ X B-Skill
analysis NN X I-Skill
and CC X O
offer NN X O
interpretations NNS X O
Complete NNP X O
product NN X B-Skill
specification NN X I-Skill
sheets NNS X O
for IN X O
retailers NNS X O
as IN X O
requested VBN X O
Be NNP X O
an DT X O
ambassador NN X B-Skill
across IN X O
the DT X O
brands NNS X O
, , X O
ensuring VBG X O
that IN X O
all DT X O
Company NNP X O
employees NNS X O
are VBP X O
kept JJ X O
uptodate JJ X O
and CC X O
that DT X O
successes NNS X O
are VBP X O
communicated VBN X B-Skill
as RB X O
well RB X O
as IN X O
any DT X O
issues NNS X B-Skill
dealt VBP X I-Skill
with IN X I-Skill
Assist NNP X O
with IN X O
input NN X O
for IN X O
various JJ X O
marketing VBG X B-Skill
communication NN X I-Skill
activities NNS X O
ensuring VBG X O
product NN X B-Skill
information NN X I-Skill
is VBZ X O
correct JJ X O
Attend NNP X O
exhibitions NNS X B-Skill
Work VBP X O
together RB X O
with IN X O
technical JJ X O
resources NNS X O
on IN X O
new JJ X O
product NN X B-Skill
testing NN X I-Skill
and CC X O
reporting NN X B-Skill
of IN X O
test NN X O
results NNS X O
; : X O
Liaise NNP X B-Skill
with IN X O
appropriate JJ X O
testing VBG X O
institutes NNS X O
for IN X O
product NN X B-Skill
testing NN X I-Skill
; : X O
Be VB X O
a DT X O
brand NN X B-Skill
champion NN X I-Skill
and CC X O
answer VB X O
product NN X B-Skill
queries NNS X I-Skill
of IN X O
sales NNS X B-Domain
and CC X O
marketing NN X B-Domain
staff NN X O
; : X O
Work NN X O
with IN X O
the DT X O
supplier NN X O
, , X O
Home NNP X O
Economist NNP X O
and CC X O
technical JJ X O
resources NNS X O
to TO X O
update VB X O
instruction NN X B-Skill
manuals NNS X I-Skill
; : X O
Carry NNP X O
out RP X O
market NN X B-Skill
research NN X I-Skill
desk NN X O
and CC X O
external NN X O
. . X O
Business NNP X B-Occupation

Travel NNP X I-Occupation
Consultant NNP X I-Occupation
Responsibilities NNPS X O
Drawing NNP X B-Skill
upon IN X I-Skill
unsurpassable JJ X I-Skill
communication NN X I-Skill
skills NNS X I-Skill
and CC X I-Skill
a DT X I-Skill
love NN X I-Skill
of IN X I-Skill
all DT X I-Skill
things NNS X I-Skill
travel VBP X I-Skill
, , X O
our PRP$ X O
Business NNP X O
Travel NNP X O
Consultants NNP X O
build VB X B-Skill
and CC X I-Skill
manage VB X I-Skill
a DT X I-Skill
portfolio NN X I-Skill
of IN X I-Skill
corporate JJ X I-Skill
clients NNS X I-Skill
, , X O
each DT X O
with IN X O
a DT X O
spend NN X O
of IN X O
between IN X O
This DT X O

is VBZ X O
a DT X O
senior JJ X B-Occupation
role NN X I-Occupation
and CC X O
would MD X O
suit VB X O
candidates NNS X O
with IN X O
a DT X O
Commercial JJ X B-Domain
Contracts NNP X I-Domain
background NN X O
, , X O
ideally RB X O
with IN X O
a DT X O
knowledge NN X B-Skill
of IN X I-Skill
waste NN X I-Skill
management NN X I-Skill
. . X O
My PRP$ X O

client NN X O
are VBP X O
a DT X O
large JJ X O
organisation NN X O
with IN X O
their PRP$ X O
offices NNS X O
based VBN X O
on IN X O
the DT X O
outskirts NNS X O
of IN X O
Portsmouth NNP X O
. . X O
To TO X O

monitor VB X B-Skill
and CC X I-Skill
assess VB X I-Skill
learner JJR X I-Skill
progress NN X I-Skill
to TO X O
ensure VB X O
that IN X O
learners NNS X B-Occupation
achieve VBP X O
a DT X O
high JJ X O
quality NN X O
experience NN X O
and CC X O
a DT X O
high JJ X O
level NN X O
of IN X O
success NN X O
Depending VBG X O

on IN X O
Experience NNP X O
A NNP X O
fantastic JJ X O
opportunity NN X O
has VBZ X O
arisen VBN X O
for IN X O
a DT X O
graphic JJ X B-Occupation
designer NN X I-Occupation
to TO X O
join VB X O
a DT X O
rapidly RB X O
growing VBG X O
digital JJ X B-Domain
business NN X I-Domain
. . X O
The DT X O

requirements NNS X O
You PRP X O
will MD X O
need VB X O
to TO X O
meet VB X O
the DT X O
relevant JJ X O
experience NN X O
and CC X O
qualification NN X O
requirements NNS X O
as IN X O
set VBN X O
out RP X O
in IN X O
the DT X O
person NN X O
specification NN X O
. . X O
My PRP$ X O

client NN X O
has VBZ X O
an DT X O
immediate JJ X O
requirement NN X O
for IN X O
a DT X O
PLC NNP X B-Occupation
Engineer NNP X I-Occupation
to TO X O
join VB X O
their PRP$ X O
fast JJS X O
growing VBG X O
Power NNP X B-Domain
Generation NNP X I-Domain
division NN X O
. . X O
Commitment NN X B-Skill

to TO X I-Skill
high JJ X I-Skill
professional NN X I-Skill
and CC X I-Skill
personal JJ X I-Skill
standards NNS X I-Skill
of IN X I-Skill
work NN X I-Skill
and CC X I-Skill
of IN X I-Skill
conduct NN X I-Skill
The DT X O

hospital NN X B-Domain
has VBZ X O
suite NN X O
of IN X O
three CD X O
Theatres NNS X O
two CD X O
equipped VBD X O
with IN X O
laminar JJ X O
flow NN X O
covers VBZ X O
a DT X O
wide JJ X O
range NN X O
of IN X O
surgical JJ X B-Domain
specialities NNS X O
and CC X O
includes VBZ X O
a DT X O
dedicated VBN X O
sterile NN X B-Domain
services NNS X I-Domain
department NN X O
. . X O
This DT X O

work NN X O
is VBZ X O
flexible JJ X O
and CC X O
we PRP X O
will MD X O
aim VB X O
to TO X O
get VB X O
you PRP X O
the DT X O
hours NNS X O
that IN X O
you PRP X O
require VBP X O
to TO X O
fit VB X O
around IN X O
your PRP$ X O
availability NN X O
in IN X O
return NN X O
we PRP X O
expect VBP X O
you PRP X O
to TO X O
uphold VB X O
the DT X O
name NN X O
of IN X O
the DT X O
agency NN X O
and CC X O
continue VB X O
to TO X O
build VB X O
the DT X O
good JJ X O
reputation NN X O
of IN X O
Precedo NNP X O
Healthcare NNP X O
through IN X O
quality NN X B-Skill
care NN X I-Skill
provision NN X I-Skill
and CC X O
commitment NN X B-Skill
. . X O
Setting VBG X B-Skill

strategic JJ X I-Skill
and CC X I-Skill
tactical JJ X I-Skill
direction NN X I-Skill
with IN X I-Skill
regard NN X I-Skill
to TO X I-Skill
policy NN X I-Skill
/ NN X I-Skill
procedures NNS X I-Skill
, , X O
work NN X B-Skill
force NN X I-Skill
staffing NN X I-Skill
and CC X O
budgeting NN X B-Skill
within IN X O
the DT X O
discipline NN X O
. . X O
So RB X O

if IN X O
you PRP X O
are VBP X O
a DT X O
Solution NNP X B-Occupation
sales NNS X I-Occupation
professional NN X I-Occupation
with IN X O
a DT X O
proven JJ X B-Skill
track NN X I-Skill
record NN X I-Skill
in IN X I-Skill
the DT X I-Skill
sector NN X I-Skill
and CC X O
targeted JJ X O
region NN X O
please VB X O
forward RB X O
a DT X O
full JJ X O
Word NNP X O
CV NNP X O
with IN X O
sales NNS X O
performance NN X O
summary NN X O
to TO X O
sjitexecutive VB X O
. . X O
com NN X O
Circa NNP X O
Minimum NNP X B-Experience

of IN X I-Experience
5 CD X I-Experience
years NNS X I-Experience
experiences VBZ X I-Experience
with IN X O
Fire NNP X B-Domain
and CC X I-Domain
Security NNP X I-Domain
system NN X I-Domain
maintenance NN X I-Domain
Overall JJ X O

, , X O
this DT X O
is VBZ X O
a DT X O
great JJ X O
opportunity NN X O
for IN X O
someone NN X O
with IN X O
determination NN X B-Skill
and CC X O
ambition NN X B-Skill
to TO X O
make VB X O
a DT X O
step NN X O
towards VBZ X O
a DT X O
successful JJ X O
career NN X O
in IN X O
medical JJ X B-Domain
communications NNS X I-Domain
. . X O
This DT X O

includes VBZ X O
a DT X O
unique JJ X O
portfolio NN X O
of IN X O
capabilities NNS X O
from IN X O
renewable JJ X B-Skill
technologies NNS X I-Skill
to TO X O
building VBG X B-Skill
management NN X I-Skill
systems NNS X I-Skill
and CC X O
energy NN X B-Skill
performance NN X I-Skill
partnerships NNS X I-Skill
. . X O
Do VBP X O

you PRP X O
want VB X O
to TO X O
work VB X O
for IN X O
a DT X O
leading JJ X O
, , X O
growing VBG X O
organisation NN X O
? . X O
You PRP X O

ll VBP X O
share NN X B-Skill
your PRP$ X I-Skill
expertise NN X I-Skill
with IN X O
colleagues NNS X O
too RB X O
as IN X O
part NN X O
of IN X O
our PRP$ X O
supportive JJ X B-Skill
and CC X O
friendly JJ X B-Skill
branch NN X O
team NN X O
. . X O
Because IN X O

of IN X O
the DT X O
nature NN X O
of IN X O
the DT X O
work NN X O
, , X O
it PRP X O
is VBZ X O
essential JJ X O
that IN X O
you PRP X O
are VBP X O
a DT X O
car NN X B-Skill
driver NN X I-Skill
with IN X I-Skill
your PRP$ X I-Skill
own JJ X I-Skill
transport NN X I-Skill
This DT X O

firm NN X O
is VBZ X O
growing VBG X O
quickly RB X O
throughout IN X O
the DT X O
UK NNP X O
, , X O
so IN X O
this DT X O
is VBZ X O
a DT X O
great JJ X O
opportunity NN X O
to TO X O
join VB X O
a DT X O
firm NN X O
who WP X O
are VBP X O
on IN X O
their PRP$ X O
way NN X O
to TO X O
becoming VBG X O
industry NN X O
leaders NNS X O
within IN X O
the DT X O
Utilities NNS X B-Domain
sector NN X I-Domain
. . X O
We PRP X O

are VBP X O
currently RB X O
looking VBG X O
to TO X O
recruit VB X O
an DT X O
experienced JJ X O
Class NN X B-Qualification
1 CD X I-Qualification
Driver NNP X I-Qualification
for IN X O
a DT X O
company NN X O
in IN X O
the DT X O
Durham NNP X O
area NN X O
. . X O
A DT X O

Leading VBG X O
manufacturing NN X B-Domain
and CC X O
solutions NNS X B-Domain
organisation NN X O
is VBZ X O
currently RB X O
recruiting VBG X O
for IN X O
a DT X O
PreSales NNP X B-Occupation
Applications NNP X I-Occupation
Manager NNP X I-Occupation
to TO X O
be VB X O
based VBN X O
at IN X O
their PRP$ X O
offices NNS X O
in IN X O
Basingstoke NNP X O
. . X O
You PRP X O

will MD X O
display VB X O
a DT X O
determination NN X B-Skill
to TO X I-Skill
meet VB X I-Skill
and CC X I-Skill
exceed VB X I-Skill
sale NN X I-Skill
expectations NNS X O
A NNP X O
healthy JJ X B-Skill
attitude NN X I-Skill
to TO X I-Skill
competition NN X I-Skill
and CC X O
will MD X O
be VB X O
a DT X O
natural JJ X B-Skill
leader NN X I-Skill
who WP X O
inspires VBZ X B-Skill
others NNS X I-Skill
to TO X I-Skill
succeed VB X I-Skill
. . X O
This DT X O

9 CD X O
month NN X O
contract NN X O
offers NNS X O
good JJ X O
extension NN X O
prospects NNS X O
making VBG X O
this DT X O
role NN X O
a DT X O
fantastic JJ X O
opportunity NN X O
to TO X O
make VB X O
your PRP$ X O
mark NN X O
with IN X O
a DT X O
worldrenowned JJ X O
organisation NN X O
. . X O
Do VBP X O

you PRP X O
want VB X O
to TO X O
support VB X B-Skill
someone NN X I-Skill
to TO X I-Skill
live VB X I-Skill
independently RB X I-Skill
in IN X I-Skill
their PRP$ X I-Skill
own JJ X I-Skill
home NN X I-Skill
? . X O
Structuring VBG X B-Skill

your PRP$ X I-Skill
approach NN X I-Skill
around IN X I-Skill
KPI NNP X I-Skill
' POS X I-Skill
s NN X I-Skill
you PRP X O
will MD X O
ensure VB X O
a DT X O
timely JJ X O
and CC X O
efficient JJ X O
recruitment NN X O
process NN X O
. . X O
Successful JJ X O

candidates NNS X O
will MD X O
be VB X O
contacted VBN X O
to TO X O
discuss VB X O
their PRP$ X O
skillset NN X O
in IN X O
more JJR X O
detail NN X O
. . X O
This DT X O

role NN X O
is VBZ X O
a DT X O
very RB X O
busy JJ X O
position NN X O
working VBG X O
in IN X O
our PRP$ X O
lettings NNS X B-Domain
department NN X I-Domain
. . X O
To TO X O

carry VB X B-Skill
out RP X I-Skill
regular JJ X I-Skill
candidate NN X I-Skill
reviews NNS X I-Skill
as IN X I-Skill
required VBN X I-Skill
and CC X I-Skill
update JJ X I-Skill
learner NN X I-Skill
files NNS X I-Skill
to TO X I-Skill
reflect VB X I-Skill
achievements NNS X I-Skill
. . X O
With IN X O

a DT X O
proactive JJ X B-Skill
approach NN X I-Skill
, , X O
you PRP X O
will MD X O
take VB X B-Skill
advantage NN X I-Skill
of IN X I-Skill
social JJ X I-Skill
media NNS X I-Skill
platforms NNS X I-Skill
to TO X O
both DT X O
source NN X B-Skill
and CC X I-Skill
attract VB X I-Skill
candidates NNS X I-Skill
. . X O
An DT X O

excellent JJ X O
opportunity NN X O
for IN X O
a DT X O
Group NNP X B-Occupation
Account NNP X I-Occupation
Director NNP X I-Occupation
to TO X O
reinvigorate VB X O
client NN X B-Skill
relationships NNS X I-Skill
, , X O
quality NN X B-Skill
of IN X I-Skill
service NN X I-Skill
and CC X O
the DT X O
management NN X B-Skill
and CC X I-Skill
growth NN X I-Skill
of IN X I-Skill
a DT X I-Skill
number NN X I-Skill
of IN X I-Skill
key JJ X I-Skill
accounts NNS X I-Skill
: : X I-Skill
Be VB X O
the DT X O
senior JJ X O
' POS X B-Skill
go NN X I-Skill
to TO X I-Skill
' POS X I-Skill
person NN X I-Skill
for IN X O
your PRP$ X O
clients NNS X O
and CC X O
the DT X O
agency NN X O
; : X O
own JJ X B-Skill
and CC X I-Skill
grow VB X I-Skill
a DT X I-Skill
group NN X I-Skill
of IN X I-Skill
accounts NNS X I-Skill
as IN X O
a DT X O
profitable JJ X O
business NN X O
within IN X O
the DT X O
agency NN X O
Lead NNP X O
the DT X O
planning NN X B-Skill
& CC X I-Skill
buying NN X I-Skill
across IN X O
a DT X O
variety NN X O
of IN X O
Digital NNP X B-Skill
Media NNP X I-Skill
forms NNS X I-Skill
: : X O
display NN X B-Skill
, , X O
sponsorship NN X B-Skill
, , X O
response NN X B-Skill
, , X O
lead JJ X B-Skill
generation NN X I-Skill
/ NNP X I-Skill
acquisition NN X I-Skill
, , X O
content JJ X B-Skill
integration NN X I-Skill
and CC X O
publisher NN X B-Skill
partnerships NNS X I-Skill
, , X O
social JJ X B-Skill
, , X I-Skill
mobile JJ X I-Skill
search NN X I-Skill
It PRP X O

s VBD X O
lively RB X O
work NN X O
, , X O
with IN X O
regular JJ X O
events NNS X O
, , X O
a DT X O
varied JJ X O
menu NN X O
, , X O
food NN X O
sizzling VBG X O
on IN X O
piping VBG X O
hot JJ X O
iron NN X O
skillets NNS X O
and CC X O
lots NNS X O
of IN X O
smiling VBG X O
families NNS X O
. . X O
To TO X O

apply VB X O
please JJ X O
send VB X O
your PRP$ X O
CV NNP X O
to TO X O
Jimi NNP X O
Matthews NNP X O
, , X O
quoting VBG X O
Job NNP X O
Ref NNP X O
: : X O
The DT X O

role NN X O
involves VBZ X O
setting VBG X B-Skill
up RP X I-Skill
a DT X I-Skill
file NN X I-Skill
for IN X I-Skill
each DT X I-Skill
new JJ X I-Skill
client NN X I-Skill
with IN X I-Skill
all PDT X I-Skill
the DT X I-Skill
relevant JJ X I-Skill
paperwork NN X I-Skill
, , X O
inputting VBG X B-Skill
all PDT X I-Skill
the DT X I-Skill
client NN X I-Skill
and CC X I-Skill
contact JJ X I-Skill
information NN X I-Skill
on IN X I-Skill
the DT X I-Skill
case NN X I-Skill
management NN X I-Skill
system NN X I-Skill
and CC X O
sending VBG X B-Skill
out RP X I-Skill
all PDT X I-Skill
the DT X I-Skill
initial JJ X I-Skill
letters NNS X I-Skill
which WDT X O
are VBP X O
standard VBN X O
on IN X O
the DT X O
system NN X O
. . X O
You PRP X O

will MD X O
need VB X O
to TO X O
have VB X O
experience NN X O
of IN X O
managing VBG X B-Skill
a DT X I-Skill
change NN X I-Skill
management NN X I-Skill
team NN X I-Skill
within IN X O
either CC X O
a DT X O
fixed JJ X B-Skill
line NN X I-Skill
or CC X O
mobile NN X B-Skill
carrier NN X I-Skill
environment NN X I-Skill
, , X O
an DT X O
understanding NN X O
of IN X O
managed JJ X B-Domain
services NNS X I-Domain
, , X O
application NN X B-Domain
layer NN X I-Domain
technologies NNS X I-Domain
, , X O
other JJ X O
relevant JJ X O
technologies NNS X O
and CC X O
an DT X O
understanding NN X O
of IN X O
ITIL NNP X B-Skill
Methodology NNP X I-Skill
and CC X O
ISO20K NNP X B-Skill
is VBZ X O
required VBN X O
To TO X B-Skill

develop VB X I-Skill
your PRP$ X I-Skill
business NN X I-Skill
by IN X I-Skill
continually RB X I-Skill
seeking VBG X I-Skill
opportunities NNS X I-Skill
to TO X I-Skill
increase VB X I-Skill
sales NNS X I-Skill
and CC X I-Skill
improve VB X I-Skill
service NN X I-Skill
anticipating VBG X I-Skill
changes NNS X I-Skill
and CC X I-Skill
planning VBG X I-Skill
accordingly RB X I-Skill
. . X O
You PRP X O

must MD X O
be VB X O
conscientious JJ X O
about IN X O
completing VBG X B-Skill
work NN X I-Skill
thoroughly RB X I-Skill
and CC X O
able JJ X O
to TO X O
organise VB X B-Skill
your PRP$ X I-Skill
time NN X I-Skill
and CC X I-Skill
workload NN X I-Skill
effectively RB X I-Skill
. . X O
You PRP X O

will MD X O
also RB X O
be VB X O
a DT X O
driver NN X B-Occupation
and CC X O
have VB X O
your PRP$ X O
own JJ X O
transport NN X O
. . X O
With IN X O

an DT X O
award NN X O
winning VBG X O
product NN X O
range NN X O
, , X O
our PRP$ X O
client NN X O
is VBZ X O
looking VBG X O
expand VB X O
its PRP$ X O
household NN X O
product NN X O
and CC X O
appliance NN X O
division NN X O
within IN X O
the DT X O
multiple JJ X O
Grocery NNP X B-Domain
sector NN X O
by IN X O
recruiting VBG X O
a DT X O
dynamic JJ X B-Skill
and CC X O
exciting JJ X O
National NNP X B-Occupation
Account NNP X I-Occupation
Manager NNP X I-Occupation
. . X O
Are NNP X O

you PRP X O
experienced VBD X O
in IN X O
the DT X O
Hospitality NNP X B-Domain
Catering NNP X I-Domain
industry NN X I-Domain
, , X O
to TO X O
management NN X O
level NN X O
? . X O
Must NNP X O

maintain VB X B-Skill
a DT X I-Skill
high JJ X I-Skill
level NN X I-Skill
of IN X I-Skill
professionalism NN X I-Skill
at IN X I-Skill
all DT X I-Skill
times NNS X I-Skill
Must NNP X O
be VB X O
able JJ X B-Skill
to TO X I-Skill
work VB X I-Skill
under IN X I-Skill
pressure NN X I-Skill
You PRP X O

must MD X O
be VB X O
able JJ X O
to TO X O
work VB X B-Skill
to TO X I-Skill
deadlines NNS X I-Skill
, , X O
present JJ X B-Skill
information NN X I-Skill
clearly RB X I-Skill
and CC X I-Skill
concisely RB X I-Skill
and CC X O
have VBP X O
the DT X O
ability NN X O
to TO X O
collate VB X B-Skill
, , X I-Skill
analyse NN X I-Skill
and CC X I-Skill
interpret VB X I-Skill
statistical JJ X I-Skill
information NN X I-Skill
. . X O
C NNP X B-Skill

Windows NNP X I-Skill
Forms NNP X I-Skill
Development NNP X I-Skill
experience NN X O
Windows NNP X B-Skill
Communication NNP X I-Skill
Foundation NNP X I-Skill
Web NNP X I-Skill
service NN X I-Skill
creation NN X I-Skill
and CC X O
integration NN X B-Skill
NTier NNP X I-Skill
By IN X O

doing VBG X O
so RB X O
you PRP X O
will MD X O
be VB X O
taken VBN X O
to TO X O
our PRP$ X O
website NN X O
to TO X O
complete VB X O
a DT X O
short JJ X O
online NN X O
application NN X O
form NN X O
. . X O
This DT X O

is VBZ X O
a DT X O
fantastic JJ X O
opportunity NN X O
to TO X O
join VB X O
our PRP$ X O
well NN X B-Skill
established VBN X I-Skill
and CC X O
very RB X O
successful JJ X B-Skill
multichannel NN X O
retail JJ X B-Domain
client NN X O
as IN X O
a DT X O
Web NNP X B-Occupation
Analyst NNP X I-Occupation
covering VBG X O
maternity NN X O
cover NN X O
. . X O
The DT X O

timetable NN X O
for IN X O
this DT X O
position NN X O
will MD X O
be VB X O
split VBN X O
between IN X O
key JJ X O
stage NN X O
3 CD X O
and CC X O
You PRP X O

should MD X O
have VB X O
management NN X B-Skill
experience NN X I-Skill
as IN X I-Skill
a DT X I-Skill
Manager NNP X I-Skill
of IN X I-Skill
your PRP$ X I-Skill
own JJ X I-Skill
branch NN X I-Skill
with IN X I-Skill
full JJ X I-Skill
p NN X I-Skill
l NN X I-Skill
responsibility NN X I-Skill
or CC X O
an DT X O
Assistant JJ X B-Occupation
Manager NNP X I-Occupation
looking VBG X B-Skill
for IN X I-Skill
a DT X I-Skill
step NN X I-Skill
up RB X I-Skill
. . X O
The DT X O

Payroll NNP X B-Occupation
Manager NNP X I-Occupation
shall MD X O
be VB X O
responsible JJ X O
for IN X O
: : X O
manage NN X B-Skill
a DT X I-Skill
payroll NN X I-Skill
team NN X I-Skill
of IN X I-Skill
4 CD X I-Skill
deliver NN X I-Skill
an DT X O
accurate NN X O
payroll NN X O
for IN X O
Production NN X B-Skill

industries NNS X O
Demonstrable NNP X O
experience NN X O
of IN X O
working VBG X B-Skill
within IN X I-Skill
a DT X I-Skill
production NN X I-Skill
team NN X I-Skill
Demonstrable NNP X O
experience NN X O
of IN X O
assessing VBG X B-Skill
competency NN X I-Skill
and CC X I-Skill
skills NNS X I-Skill
within IN X O
the DT X O
specialism NN X O
To TO X O

work VB X B-Skill
as IN X I-Skill
part NN X I-Skill
of IN X I-Skill
a DT X I-Skill
team NN X I-Skill
to TO X O
maintain VB X B-Skill
a DT X I-Skill
high JJ X I-Skill
standard NN X I-Skill
and CC X O
to TO X O
carry VB X B-Skill
out RP X I-Skill
day NN X I-Skill
to TO X I-Skill
day NN X I-Skill
maintenance NN X I-Skill
on IN X I-Skill
the DT X I-Skill
fabric NN X I-Skill
of IN X I-Skill
the DT X I-Skill
building NN X I-Skill
, , X I-Skill
its PRP$ X I-Skill
services NNS X I-Skill
and CC X I-Skill
grounds NNS X I-Skill
in IN X I-Skill
order NN X I-Skill
to TO X I-Skill
ensure VB X I-Skill
that IN X I-Skill
they PRP X I-Skill
are VBP X I-Skill
maintained VBN X I-Skill
in IN X I-Skill
a DT X I-Skill
safe JJ X I-Skill
and CC X I-Skill
efficient JJ X I-Skill
functional JJ X I-Skill
order NN X I-Skill
. . X O
Will MD X O

be VB X O
required VBN X O
to TO X O
deputise VB X O
for IN X O
the DT X O
Store NNP X B-Skill
Cleaning NNP X I-Skill
Manager NNP X I-Skill
in IN X O
their PRP$ X O
absence NN X O
. . X O
Provide VB X B-Skill

sales NNS X I-Skill
support VB X I-Skill
Ensure NNP X I-Skill
all DT X I-Skill
Health NNP X I-Skill
Safety NNP X I-Skill
objectives NNS X I-Skill
are VBP X I-Skill
met VBN X I-Skill
Compie NNP X I-Skill
Risk NNP X I-Skill
Assessments NNP X I-Skill
, , X O
Method NNP X B-Skill
Statements NNP X I-Skill
and CC X I-Skill
Health NNP X I-Skill
Safety NNP X I-Skill
Plans NNPS X I-Skill
Check NNP X I-Skill
and CC X I-Skill
approve VB X I-Skill
all DT X I-Skill
drawings NNS X I-Skill
produced VBN X O
by IN X O
other JJ X O
Electrical JJ X B-Occupation
Design NNP X I-Occupation
Engineers NNPS X I-Occupation
and CC X O
/ VB X O
or CC X O
subcontractors NNS X O
Compliance NNP X B-Skill
with IN X I-Skill
all DT X I-Skill
relevant JJ X I-Skill
procedures NNS X I-Skill
KNOWLEDGE NNP X O
AND NNP X O
EXPERIENCE NNP X O
Essential NNP X O
Our PRP$ X O

client NN X O
is VBZ X O
looking VBG X O
to TO X O
recruit VB X O
a DT X O
Marketing NNP X B-Occupation
Executive NN X I-Occupation
on IN X O
a DT X O
permanent JJ X O
basis NN X O
. . X O
Given VBN X O

further RBR X O
project NN X O
wins VBZ X O
they PRP X O
are VBP X O
recruiting VBG X O
a DT X O
Principal NNP X B-Occupation
Naval NNP X I-Occupation
Architect NNP X I-Occupation
to TO X O
their PRP$ X O
Suffolk NNP X O
office NN X O
. . X O
We PRP X O

are VBP X O
committed VBN X O
to TO X O
a DT X O
personcentred JJ X O
approach NN X O
for IN X O
all PDT X O
the DT X O
individuals NNS X O
we PRP X O
support VBP X O
, , X O
in IN X O
all DT X O
aspects NNS X O
of IN X O
their PRP$ X O
lives NNS X O
. . X O
We PRP X O

re VBP X O
the DT X O
UK NNP X O
s JJ X O
second RB X O
largest JJS X O
mortgage NN X O
provider NN X O
, , X O
with IN X O
a DT X O
huge JJ X O
branch NN X O
network NN X O
and CC X O
clear JJ X B-Skill
ambitions NNS X I-Skill
to TO X O
become VB X O
the DT X O
very RB X O
best JJS X O
in IN X O
our PRP$ X O
industry NN X O
. . X O
You PRP X O

will MD X O
need VB X O
to TO X O
have VB X O
excellent JJ X O
organisation NN X B-Skill
and CC X O
manmanagement NN X B-Skill
skills NNS X O
and CC X O
be VB X O
prepared VBN X O
to TO X O
lead VB X B-Skill
from IN X I-Skill
the DT X I-Skill
front NN X I-Skill
. . X O
Train VB X B-Skill

Chinese JJ X I-Skill
Operators NNS X I-Skill
in IN X I-Skill
the DT X I-Skill
correct JJ X I-Skill
setting NN X I-Skill
and CC X I-Skill
safe JJ X I-Skill
running NN X I-Skill
of IN X I-Skill
the DT X I-Skill
machines NNS X I-Skill
via IN X I-Skill
interpreters NNS X I-Skill
. . X O
Developer NNP X B-Occupation

to TO X O
join VB X O
the DT X O
Identity NNP X O
Management NNP X O
development NN X O
team NN X O
at IN X O
our PRP$ X O
FTSE NNP X O
100 CD X O
client NN X O
Capita NNP X O
in IN X O
their PRP$ X O
Nottingham NNP X O
office NN X O
. . X O
A DT X O

flexible JJ X B-Skill
approach NN X I-Skill
to TO X I-Skill
work VB X I-Skill
is VBZ X O
required VBN X O
, , X O
as RB X O
well RB X O
as IN X O
having VBG X O
a DT X O
real JJ X B-Skill
drive NN X I-Skill
and CC X I-Skill
enthusiasm NN X I-Skill
to TO X I-Skill
develop VB X I-Skill
the DT X I-Skill
product NN X I-Skill
and CC X I-Skill
people NNS X I-Skill
around IN X I-Skill
you PRP X I-Skill
. . X O
D NNP X O

****/**** NNP X O
would MD X O
be VB X O
considered VBN X O
although IN X O
training NN X O
and CC X O
qualifications NNS X O
would MD X O
be VB X O
offered VBN X O
to TO X O
the DT X O
ideal JJ X O
candidate NN X O
. . X O
By IN X O

applying VBG X O
for IN X O
this DT X O
job NN X O
you PRP X O
accept VBP X O
the DT X O
T NNP X O
& CC X O
C NNP X O
' POS X O
s NN X O
, , X O
Privacy NN X O
Policy NNP X O
and CC X O
Disclaimers NNP X O
which WDT X O
can MD X O
be VB X O
found VBN X O
at IN X O
hays NNS X O
. . X O
co NN X O
. . X O
uk JJ X O
Visa NNP X O
Required NNP X O
: : X O
Applicants NNS X O
must MD X O
be VB X O
eligible JJ X O
to TO X O
work VB X O
in IN X O
the DT X O
specified JJ X O
location NN X O
We PRP X O

invite VBP X O
talented VBN X B-Skill
and CC X O
motivated VBN X B-Skill
graduates NNS X O
to TO X O
apply VB X O
for IN X O
our PRP$ X O
The DT X O

ability NN X B-Skill
to TO X I-Skill
engage VB X I-Skill
pupils NNS X I-Skill
at IN X I-Skill
all DT X I-Skill
levels NNS X I-Skill
Benefits NNS X O
You PRP X O

will MD X O
develop VB X B-Skill
your PRP$ X I-Skill
key JJ X I-Skill
client NN X I-Skill
accounts NNS X I-Skill
and CC X O
build VB X B-Skill
strong JJ X I-Skill
business NN X I-Skill
relationships NNS X I-Skill
in IN X O
order NN X O
to TO X O
identify VB X O
untapped JJ X O
potential NN X O
within IN X O
your PRP$ X O
panel NN X O
of IN X O
brokers NNS X O
. . X O
For IN X O

immediate JJ X O
consideration NN X O
or CC X O
for IN X O
a DT X O
more RBR X O
indepth JJ X O
discussion NN X O
regarding VBG X O
this DT X O
role NN X O
and CC X O
details NNS X O
of IN X O
our PRP$ X O
other JJ X O
vacancies NNS X O
please VBP X O
call VB X O
us PRP X O
, , X O
alternatively RB X O
email VB X O
your PRP$ X O
CV NNP X O
straightaway NN X O
This DT X O
job NN X O
was VBD X O
originally RB X O
posted VBN X O
as IN X O
www NN X O
. . X O
totaljobs NN X O
. . X O
com NN X O
/ IN X O
JobSeeking VBG X O
/ JJ X O
SeniorSalesExecFluentGermanSoftwareVendor_job NNP X O
Help NNP X B-Skill

service NN X I-Skill
users NNS X I-Skill
to TO X I-Skill
identify VB X I-Skill
and CC X I-Skill
choose VB X I-Skill
their PRP$ X I-Skill
support NN X I-Skill
needs NNS X I-Skill
. . X O
If IN X O

you PRP X O
are VBP X O
unable JJ X O
to TO X O
complete VB X O
your PRP$ X O
application NN X O
online NN X O
please NN X O
write VB X O
quoting VBG X O
the DT X O
relevant JJ X O
reference NN X O
number NN X O
to TO X O
: : X O
Resourcing NNP X O
Team NNP X O
, , X O
Circle NNP X O
Housing NNP X O
Group NNP X O
, , X O
Projects NNS X O

offer VBP X O
a DT X O
wide JJ X O
variety NN X O
of IN X O
work NN X O
and CC X O
clients NNS X O
coupled VBN X O
with IN X O
the DT X O
ability NN X O
to TO X O
carve VB X B-Skill
your PRP$ X I-Skill
own JJ X I-Skill
niche NN X I-Skill
based VBN X I-Skill
on IN X I-Skill
deep JJ X I-Skill
expertise NN X I-Skill
. . X O
Utilising VBG X O

10 CD X O
years NNS X O
of IN X O
skills NNS X O
and CC X O
experience NN X O
alongside RB X O
limitless JJ X O
passion NN X O
, , X O
the DT X O
Senior NNP X B-Occupation
Producer NNP X I-Occupation
will MD X O
provide VB X B-Skill
a DT X I-Skill
lead JJ X I-Skill
role NN X I-Skill
within IN X I-Skill
the DT X I-Skill
delivery NN X I-Skill
team NN X I-Skill
. . X O
*** NN X O

and CC X O
you PRP X O
will MD X O
have VB X B-Skill
a DT X I-Skill
link NN X I-Skill
role NN X I-Skill
within IN X I-Skill
the DT X I-Skill
clinic NN X I-Skill
. . X O
You PRP X O

will MD X O
need VB X O
to TO X O
be VB X O
prepared VBN X O
to TO X O
work VB X B-Skill
from IN X I-Skill
home NN X I-Skill
and CC X O
travel NN X O
into IN X O
the DT X O
Midlands NNPS X O
and CC X O
down RB X O
to TO X O
the DT X O
South NNP X O
, , X O
London NNP X O
and CC X O
Home NNP X O
counties NNS X O
. . X O
The DT X O

Role NNP X O
We PRP X O
are VBP X O
working VBG X O
on IN X O
this DT X O
position NN X O
on IN X O
an DT X O
exclusive JJ X O
basis NN X O
and CC X O
our PRP$ X O
client NN X O
is VBZ X O
looking VBG X O
for IN X O
an DT X O
ambitious JJ X B-Skill
individual NN X O
to TO X O
work VB X B-Skill
with IN X I-Skill
an DT X I-Skill
established VBN X I-Skill
Insolvency NNP X I-Skill
director NN X I-Skill
with IN X O
a DT X O
view NN X O
to TO X O
inheriting VBG X O
a DT X O
substantial JJ X O
caseload NN X O
in IN X O
the DT X O
future NN X O
, , X O
whilst JJ X O
assisting VBG X B-Skill
in IN X I-Skill
the DT X I-Skill
growth NN X I-Skill
of IN X I-Skill
the DT X I-Skill
division NN X I-Skill
at IN X O
present NN X O
. . X O
Excellent JJ X B-Skill

communication NN X I-Skill
and CC X I-Skill
interpersonal JJ X I-Skill
skillsRemuneration NN X O
for IN X B-Qualification
the DT X I-Qualification
Senior NNP X I-Qualification
Web NNP X I-Qualification
/ NNP X I-Qualification
Software NNP X I-Qualification
DevelopersFrom NNP X O
: : X O
Confined JJ X B-Skill

Space NNP X I-Skill
, , X O
Water NNP X B-Skill
Management NNP X I-Skill
and CC X O
Electrical NNP X B-Skill
training NN X I-Skill
are VBP X O
all DT X O
preferred JJ X O
Remuneration NNP X O
' POS X O
Salary NNP X O
is VBZ X O
negotiable JJ X O
, , X O
dependant JJ X O
on IN X O
experience NN X O
' '' X O
Monday NNP X O
to TO X O
Friday NNP X O
' POS X O
07 CD X O
. . X O
45am CD X O
to TO X O
3 CD X O
. . X O
45pm CD X O
Developing VBG X B-Skill

custom NN X I-Skill
SharePoint NNP X I-Skill
sites VBZ X I-Skill
to TO X O
meet VB X O
requirements NNS X O
, , X O
web JJ X B-Skill
part NN X I-Skill
, , X O
master NN X B-Skill
page NN X I-Skill
development NN X I-Skill
& CC X I-Skill
UI NNP X I-Skill
design NN X I-Skill
. . X O
Previous JJ X O

automotive JJ X B-Skill
advisory JJ X I-Skill
experience NN X O
is VBZ X O
preferred VBN X O
but CC X O
not RB X O
essential JJ X O
. . X O
Please NNP X O

note NN X O
that IN X O
this DT X O
College NNP X O
does VBZ X O
NOT NNP X O
accept VB X O
CV NNP X O
s NN X O
. . X O
French JJ X O

Customer NNP X O
Service NNP X O
Excellent NNP X O
benefits NNS X O
Our PRP$ X O
client NN X O
in IN X O
Louth NNP X O
, , X O
a DT X O
leading VBG X O
company NN X O
requires VBZ X O
French JJ X B-Occupation
Customer NNP X I-Occupation
Service NNP X I-Occupation
Advisors NNP X I-Occupation
, , X O
candidates NNS X O
must MD X O
speak VB X O
native JJ X O
level NN X O
French JJ X B-Skill
and CC X O
fluent JJ X O
English NNP X B-Skill
. . X O
Demonstrable JJ X O

experience NN X O
in IN X O
performing VBG X B-Skill
analysis NN X I-Skill
of IN X I-Skill
functional JJ X I-Skill
requirements NNS X I-Skill
to TO X I-Skill
create VB X I-Skill
technical JJ X I-Skill
design NN X I-Skill
specifications NNS X I-Skill
. . X O
They PRP X O

Synergy NNP X O
Group NNP X O
is VBZ X O
a DT X O
Specialist JJ X O
Recruiter NNP X O
of IN X O
Social NNP X B-Domain
Work NNP X I-Domain
Jobs NNP X O
, , X O
to TO X O
view VB X O
a DT X O
full JJ X O
selection NN X O
of IN X O
our PRP$ X O
current JJ X O
vacancies NNS X O
please VBP X O
visit NN X O
www NN X O
. . X O
synergygroup NN X O
. . X O
co NN X O
. . X O
uk NN X O
You PRP X O

will MD X O
help VB X B-Skill
in IN X I-Skill
all DT X I-Skill
departments NNS X I-Skill
to TO X I-Skill
ensure VB X I-Skill
the DT X I-Skill
smooth JJ X I-Skill
running NN X I-Skill
of IN X I-Skill
the DT X I-Skill
hotel NN X I-Skill
and CC X I-Skill
deal NN X I-Skill
with IN X I-Skill
any DT X I-Skill
concerns NNS X I-Skill
that IN X I-Skill
arise NN X I-Skill
. . X O
Ensure NN X O

individuals NNS X O
receive VBP X O
a DT X O
nutritious JJ X O
balanced VBN X O
diet JJ X O
and CC X O
adequate JJ X O
hydration NN X O
in IN X O
accordance NN X O
with IN X O
their PRP$ X O
plan NN X O
of IN X O
care NN X O
Provide NNP X B-Skill
coaching NN X I-Skill
, , X I-Skill
training NN X I-Skill
and CC X I-Skill
support NN X I-Skill
to TO X O
junior JJ X B-Occupation
staff NN X I-Occupation
when WRB X O
applicable JJ X O
Carry NNP X B-Skill
out RP X I-Skill
all DT X I-Skill
duties NNS X I-Skill
in IN X I-Skill
a DT X I-Skill
safe JJ X I-Skill
manner NN X I-Skill
having VBG X I-Skill
regard NN X I-Skill
for IN X I-Skill
the DT X I-Skill
health NN X I-Skill
, , X I-Skill
safety NN X I-Skill
and CC X I-Skill
welfare NN X I-Skill
of IN X I-Skill
self NN X I-Skill
, , X I-Skill
staff NN X I-Skill
, , X I-Skill
residents NNS X I-Skill
and CC X I-Skill
visitors NNS X I-Skill
and CC X I-Skill
report NN X I-Skill
accidents NNS X I-Skill
as IN X I-Skill
necessary JJ X I-Skill
The DT X O
Individual NNP X O
: : X O
Registered NNP X B-Occupation
General NNP X I-Occupation
Nurse NNP X I-Occupation
You PRP X O

will MD X O
be VB X O
required VBN X O
to TO X O
work VB X O
on IN X O
Energy NNP X B-Skill
efficient JJ X I-Skill
lighting VBG X I-Skill
to TO X O
reduce VB X B-Skill
electricity NN X I-Skill
costs NNS X I-Skill
in IN X I-Skill
warehouses NNS X I-Skill
, , X I-Skill
industrial JJ X I-Skill
and CC X I-Skill
commercial JJ X I-Skill
applications NNS X I-Skill
. . X O
we PRP X O

ve VBP X O
got VBD X O
or CC X O
just RB X O
for IN X O
a DT X O
chat NN X O
about IN X O
the DT X O
state NN X O
of IN X O
your PRP$ X O
industry NN X O
. . X O
Proven NNP X O

commercial JJ X O
Web NNP X B-Skill
/ NNP X I-Skill
Software NNP X I-Skill
development NN X I-Skill
experience NN X O
in IN X O
some DT X O
or CC X O
most JJS X O
of IN X O
the DT X O
following JJ X O
. . X B-Skill
NET JJ X I-Skill
Liaising VBG X B-Skill

with IN X I-Skill
other JJ X I-Skill
key NN X I-Skill
nominated VBN X I-Skill
operating VBG X I-Skill
units NNS X I-Skill
to TO X O
establish VB X O
appropriate JJ X B-Skill
common JJ X I-Skill
working VBG X I-Skill
methods NNS X I-Skill
to TO X O
support VB X B-Skill
work NN X I-Skill
share NN X I-Skill
and CC X O
best JJS X O
practices NNS X O
available JJ X O
discipline JJ X B-Skill
interface NN X I-Skill
operations NNS X O
is VBZ X O
to TO X O
be VB X O
considered VBN X O
essential JJ X O
. . X O
We PRP X O

are VBP X O
currently RB X O
looking VBG X O
for IN X O
a DT X O
Service NNP X B-Occupation
Control NNP X I-Occupation
Manager NNP X I-Occupation
to TO X O
work VB X O
for IN X O
a DT X O
very RB X O
well RB X O
known VBN X O
and CC X O
established VBN X O
company NN X O
based VBN X O
in IN X O
Doncaster NNP X O
. . X O
Due JJ X O

to TO X O
continued JJ X O
success NN X O
a DT X O
leading VBG X O
aerospace NN X B-Domain
engineering NN X I-Domain
company NN X O
is VBZ X O
currently RB X O
looking VBG X O
for IN X O
a DT X O
Manufacturing NNP X B-Occupation
Engineer NNP X I-Occupation
from IN X O
a DT X O
precision NN X B-Skill
machining NN X I-Skill
environment NN X O
. . X O
The DT X O

ability NN X O
to TO X O
work VB X B-Skill
as IN X I-Skill
part NN X I-Skill
of IN X I-Skill
a DT X I-Skill
team NN X I-Skill
on IN X O
site NN X O
in IN X O
some DT X O
cases NNS X O
or CC X O
be VB X O
self VBN X B-Skill
motivated JJ X I-Skill
and CC X O
work NN X B-Skill
in IN X I-Skill
isolation NN X I-Skill
of IN X O
other JJ X O
team NN X O
members NNS X O
in IN X O
other JJ X O
cases NNS X O
. . X O
**** JJ X O

Send NNP X O
all DT X O
P NNP X O
**** NNP X O
s VBD X O
/ NNP X O
P NNP X O
**** NNP X O
s VBD X O
to TO X O
Revenue NNP X O
and CC X O
Customs NNP X O
for IN X O
all DT X O
starters NNS X O
and CC X O
leavers NNS X O
If IN X O

you PRP X O
do VBP X O
not RB X O
wish VB X O
your PRP$ X O
CV NNP X O
to TO X O
be VB X O
sent VBN X O
to TO X O
our PRP$ X O
client NN X O
then RB X O
you PRP X O
must MD X O
clearly RB X O
state NN X O
this DT X O
to TO X O
us PRP X O
. . X O
**** JJ X O

asbestos NN X B-Qualification
certificate NN X I-Qualification
and CC X O
must MD X O
have VB X O
experience NN X O
working VBG X O
within IN X O
this DT X O
role NN X O
and CC X O
within IN X O
the DT X O
asbestos NN X B-Domain
sector NN X I-Domain
. . X O
We PRP X O

are VBP X O
looking VBG X O
to TO X O
recruit VB X O
8 CD X O
permanent JJ X O
Social NNP X B-Occupation
Workers NNPS X I-Occupation
across IN X O
If IN X O

we PRP X O
place VBP X O
them PRP X O
in IN X O
a DT X O
permanent JJ X O
role NN X O
, , X O
we PRP X O
will MD X O
reward VB X O
you PRP X O
with IN X O
Review NNP X B-Skill

and CC X I-Skill
update JJ X I-Skill
budget NN X I-Skill
data NNS X I-Skill
ready NN X O
for IN X O
Agresso NNP X O
go VBP X O
live JJ X O
Share NNP X B-Skill
work NN X I-Skill
load NN X I-Skill
and CC X I-Skill
provide VB X I-Skill
holiday NN X I-Skill
cover NN X I-Skill
for IN X I-Skill
cost NN X I-Skill
recovery NN X I-Skill
team NN X I-Skill
Person NNP X O
specification NN X O
Essential NNP X O
minimum NN X O
PartQualified NNP X B-Skill
Accountant NNP X B-Occupation
/ NNP X I-Occupation
Finalist NNP X I-Occupation
or CC X O
equivalent JJ X O
experience NN X O
Excellent JJ X O

communication NN X B-Skill
skills NNS X O
with IN X O
business NN X O
and CC X O
to TO X O
sponsor VB X O
level NN X O
. . X O
Whatever WDT X O

the DT X O
reason NN X O
, , X O
Everest NNP X O
offers VBZ X O
you PRP X O
a DT X O
wealth NN X O
of IN X O
exciting VBG X O
opportunities NNS X O
. . X O
Undergo NNP X B-Skill

Risk NNP X I-Skill
Assessments NNP X I-Skill
of IN X I-Skill
the DT X I-Skill
businesses NNS X I-Skill
and CC X I-Skill
control NN X I-Skill
processes NNS X I-Skill
. . X O
Due JJ X O

to TO X O
continued JJ X O
expansion NN X O
my PRP$ X O
client NN X O
is VBZ X O
currently RB X O
recruiting VBG X O
a DT X O
permanent JJ X O
full JJ X O
time NN X O
Commercial JJ X B-Occupation
Contracts NNP X I-Occupation
Manager NNP X I-Occupation
, , X O
based VBN X O
at IN X O
their PRP$ X O
head NN X O
office NN X O
in IN X O
Cornwall NNP X O
. . X O
: : X O

Friday NNP X O
25 CD X O
January NNP X O
2013 CD X O
Interview NNP X O
Date NNP X O
: : X O
To TO X O
be VB X O
confirmed VBN X O
Reference NNP X O
: : X O
If IN X O

you PRP X O
believe VBP X O
that IN X O
you PRP X O
meet VBP X O
the DT X O
above NN X O
requirements NNS X O
and CC X O
would MD X O
enjoy VB X O
the DT X O
role NN X O
then RB X O
either CC X O
hit VBD X O
the DT X O
Apply NNP X O
button NN X O
below IN X O
or CC X O
please VB X O
feel VB X O
free JJ X O
to TO X O
contact VB X O
Louise NNP X O
Pickin NNP X O
at IN X O
Harnham NNP X O
Search NNP X O
and CC X O
Selection NNP X O
on IN X O
2003 CD X B-Experience

/ JJ X I-Experience
2008 CD X I-Experience
Server NNP X I-Experience
experience NN X I-Experience
Knowledge NNP X B-Skill
and CC X I-Skill
experience NN X I-Skill
of IN X I-Skill
installing NN X I-Skill
and CC X I-Skill
supporting VBG X I-Skill
MS NNP X I-Skill
Exchange NNP X I-Skill
Produce NNP X B-Skill

reports NNS X I-Skill
on IN X I-Skill
system NN X I-Skill
quality NN X I-Skill
and CC X I-Skill
metrics NNS X I-Skill
on IN X I-Skill
test NN X I-Skill
cases NNS X I-Skill
However RB X O

, , X O
consideration NN X O
will MD X O
be VB X O
given VBN X O
to TO X O
candidates NNS X O
who WP X O
have VBP X O
the DT X O
equivalent JJ X B-Experience
IFRS NNP X I-Experience
knowledge NN X I-Experience
and CC X I-Experience
experience NN X I-Experience
. . X O
?? NN X O
Candidates NNS X O

will MD X O
be VB X O
required VBN X O
to TO X O
undertake VB X O
a DT X O
Disclosure NN X B-Qualification
and CC X I-Qualification
Barring NNP X I-Qualification
Service NNP X I-Qualification
check VBD X I-Qualification
previously RB X O
CRB NNP X B-Qualification
check NN X I-Qualification
. . X O
Manage VB X B-Skill

the DT X I-Skill
Work NN X I-Skill
in IN X I-Skill
Process NNP X I-Skill
information NN X I-Skill
for IN X O
engineers NNS X B-Occupation
Dispatch NNP X B-Skill
reactive VBP X I-Skill
call NN X I-Skill
outs NNS X I-Skill
to TO X O
engineers NNS X B-Occupation
and CC X O
subcontractors NNS X B-Occupation
as IN X O
required JJ X O
Manage NNP X B-Skill
SLA NNP X I-Skill
' POS X I-Skill
s NN X I-Skill
on IN X I-Skill
the DT X I-Skill
computer NN X I-Skill
system NN X I-Skill
and CC X I-Skill
chase NN X I-Skill
engineers NNS X I-Skill
before IN X I-Skill
SLA NNP X I-Skill
failure NN X I-Skill
Potential JJ X O

to TO X O
work VB X O
towards NNS X O
the DT X O
Level NNP X B-Qualification
4 CD X I-Qualification
Diploma NNP X I-Qualification
qualification NN X I-Qualification
Employee NNP X O
discount NN X O
scheme NN X O
, , X O
including VBG X O
discounted VBN X O
gym JJ X O
membership NN X O
with IN X O
LA NNP X O
Fitness NNP X O
. . X O
You PRP X O

will MD X O
be VB X O
working VBG X B-Skill
with IN X I-Skill
residents NNS X I-Skill
with IN X I-Skill
varying VBG X I-Skill
disabilities NNS X I-Skill
including VBG X O
autism NN X O
, , X O
epilepsy NN X O
, , X O
challenging VBG X O
behaviour NN X O
, , X O
physical JJ X O
disabilities NNS X O
etc VBP X O
. . X O
No DT X O

programming VBG X O
experience NN X O
required VBN X O
for IN X O
this DT X O
position NN X O
but CC X O
candidates NNS X O
must MD X O
be VB X O
able JJ X O
to TO X O
set VB X O
and CC X O
operate VB X O
various JJ X O
Mills NNS X B-Skill
and CC X O
Lathes NNP X B-Skill
to TO X O
a DT X O
high JJ X O
standard NN X O
. . X O
The DT X O

academy NN X O
is VBZ X O
one CD X O
of IN X O
the DT X O
most RBS X O
improved JJ X O
schools NNS X O
in IN X O
the DT X O
country NN X O
. . X O
The DT X O

book NN X O
is VBZ X O
a DT X O
good JJ X O
mix NN X O
of IN X O
quality NN X O
commercial JJ X O
risks NNS X O
, , X O
mainly RB X O
at IN X O
large JJ X O
SME NNP X O
and CC X O
midmarket NN X O
level NN X O
with IN X O
cases NNS X O
paying VBG X O
anything NN X O
Furthermore RB X O

, , X O
our PRP$ X O
organisation NN X O
consists VBZ X O
of IN X O
several JJ X O
highly RB X B-Skill
focused JJ X I-Skill
teams NNS X O
, , X O
aimed VBN X O
at IN X O
specific JJ X O
market NN X B-Domain
sectors NNS X I-Domain
, , X O
enabling VBG X O
us PRP X O
to TO X O
deliver VB X B-Skill
a DT X I-Skill
service NN X I-Skill
directly RB X O
tailored VBN X O
to TO X O
your PRP$ X O
needs NNS X O
. . X O
We PRP X O

are VBP X O
looking VBG X O
for IN X O
a DT X O
top JJ X B-Skill
class NN X I-Skill
Senior NNP X B-Occupation
Producer NNP X I-Occupation
/ NNP X I-Occupation
Project NNP X I-Occupation
Manager NNP X I-Occupation
to TO X O
help VB X O
us PRP X O
deliver VB X B-Skill
robust JJ X I-Skill
solutions NNS X I-Skill
to TO X O
our PRP$ X O
client NN X O
base NN X O
. . X O
The DT X O

successful JJ X O
candidate NN X O
will MD X O
provide VB X O
an DT X O
extremely RB X O
high JJ X O
maintenance NN X B-Skill
service NN X I-Skill
for IN X I-Skill
the DT X I-Skill
modern JJ X I-Skill
site NN X I-Skill
assets NNS X I-Skill
and CC X O
will MD X O
have VB X O
responsibility NN X B-Skill
for IN X I-Skill
making VBG X I-Skill
sure JJ X I-Skill
production NN X I-Skill
equipment NN X I-Skill
is VBZ X I-Skill
running VBG X I-Skill
smoothly RB X I-Skill
. . X O
The DT X O

role NN X O
is VBZ X O
going VBG X O
to TO X O
be VB X O
an DT X O
integral JJ X O
position NN X O
working VBG X B-Skill
within IN X I-Skill
the DT X I-Skill
organisation NN X I-Skill
' POS X I-Skill
s NN X I-Skill
highly RB X I-Skill
capable JJ X I-Skill
development NN X I-Skill
team NN X I-Skill
. . X O
If IN X O

you PRP X O
do VBP X O
not RB X O
hear VB X O
back RB X O
from IN X O
us PRP X O
within IN X O
four CD X O
days NNS X O
you PRP X O
have VBP X O
unfortunately RB X O
been VBN X O
unsuccessful JJ X O
in IN X O
your PRP$ X O
application NN X O
. . X O
It PRP X O

is VBZ X O
expected VBN X O
new JJ X B-Skill
business NN X I-Skill
will MD X O
be VB X O
50 CD X O
% NN X O
of IN X O
the DT X O
role NN X O
. . X O
They PRP X O

represent VBP X O
some DT X O
of IN X O
Europe NNP X O
' POS X O
s NN X O
strongest JJS X O
brands NNS X O
, , X O
and CC X O
their PRP$ X O
kitchens NNS X O
retail VBP X O
at IN X O
The DT X O

company NN X O
is VBZ X O
now RB X O
looking VBG X O
for IN X O
a DT X O
bright JJ X B-Skill
, , X O
ambitious JJ X B-Skill
individual NN X O
to TO X O
join VB X O
the DT X O
retail JJ X O
Ecommerce NNP X B-Domain
team NN X O
, , X O
dealing VBG X O
with IN X O
the DT X O
administration NN X B-Domain
, , X O
coordination NN X O
and CC X O
monitoring NN X O
of IN X O
all DT X O
technical JJ X O
Ecommerce NNP X B-Domain
activities NNS X O
such JJ X O
as IN X O
interface NN X B-Skill
management NN X I-Skill
, , X O
product NN X O
, , X O
and CC X O
price NN X B-Skill
and CC X I-Skill
inventory NN X I-Skill
management NN X I-Skill
. . X O
St NNP X O

Joseph NNP X O
is VBZ X O
a DT X O
13 CD X O
bedded JJ X O
specialist NN X O
ward NN X O
with IN X O
responsibility NN X O
for IN X O
Gynaecology NNP X O
, , X O
Breats NNP X O
and CC X O
ENT NNP X O
Surgery NNP X O
, , X O
the DT X O
ward NN X O
also RB X O
has VBZ X O
medical JJ X O
admissions NNS X O
. . X O
You PRP X O

should MD X O
be VB X O
someone NN X O
who WP X O
strives VBZ X O
to TO X O
make VB X B-Skill
experiences NNS X I-Skill
and CC X I-Skill
situations NNS X I-Skill
positive JJ X I-Skill
and CC X I-Skill
rewarding VBG X I-Skill
for IN X I-Skill
the DT X I-Skill
adults NNS X I-Skill
you PRP X I-Skill
support VBP X I-Skill
. . X O
My PRP$ X O

client NN X O
is VBZ X O
a DT X O
highly RB X O
respected VBN X O
and CC X O
well RB X O
regarding VBG X O
consultancy NN X B-Domain
with IN X O
a DT X O
strong JJ X O
presence NN X O
right RB X O
across IN X O
the DT X O
UK NNP X O
and CC X O
overseas RB X O
operating NN X O
across IN X O
the DT X O
new JJ X B-Domain
build NN X I-Domain
, , X I-Domain
fit VBP X I-Domain
out RP X O
and CC X O
refurbishment NN X B-Domain
markets NNS X I-Domain
for IN X O
clients NNS X O
in IN X O
both DT X O
Building NNP X B-Domain
and CC X O
Civil NNP X B-Domain
Engineering NNP X I-Domain
sectors NNS X I-Domain
. . X O
If IN X O

you PRP X O
want VBP X O
to TO X O
know VB X O
more JJR X O
about IN X O
this DT X O
position NN X O
please VB X O
call JJ X O
Ruby NNP X O
Sherriff NNP X O
. . X O
It PRP X O

is VBZ X O
essential JJ X O
for IN X O
the DT X O
candidate NN X O
to TO X O
have VB X O
a DT X O
LUCAS NNP X B-Skill
card NN X I-Skill
, , X O
experience NN X B-Skill
in IN X I-Skill
precise NN X I-Skill
levelling NN X I-Skill
Instigate NNP X O

appropriate JJ X O
remedial JJ X B-Skill
action NN X I-Skill
for IN X I-Skill
any DT X I-Skill
noncompliance NN X I-Skill
and CC X O
ensure VB X O
that DT X O
inspection NN X B-Skill
frequencies NNS X O
are VBP X O
maximised VBN X O
. . X O
**** NN X O

minutes NNS X O
travelling VBG X O
time NN X O
of IN X O
hospital NN X O
For IN X O
more JJR X O
information NN X O
please NN X O
contact NN X O
Holly NNP X O
Brace NNP X O
at IN X O
JP NNP X O
Recruit NNP X O
on IN X O
You PRP X O

may MD X O
even RB X O
have VB X O
some DT X O
experience NN X O
of IN X O
dealing VBG X B-Skill
with IN X I-Skill
clients NNS X I-Skill
firsthand NNS X I-Skill
and CC X I-Skill
with IN X I-Skill
reporting NN X I-Skill
. . X O
Must NNP X O

hold VB X O
full JJ X B-Qualification
drivers NNS X I-Qualification
licence NN X I-Qualification
, , X O
have VBP X O
previous JJ X O
experience NN X B-Skill
of IN X O
social JJ X B-Skill
housing NN X I-Skill
refurbishment NN X I-Skill
and CC X O
hold VB X O
either CC X O
a DT X O
City NNP X B-Qualification
Guilds NNP X I-Qualification
or CC X O
NVQ NNP X B-Qualification
qualification NN X O
in IN X O
Painting NNP X B-Skill
. . X O
They PRP X O

will MD X O
be VB X O
used VBN X B-Skill
to TO X I-Skill
working VBG X I-Skill
in IN X I-Skill
a DT X I-Skill
busy JJ X I-Skill
and CC X I-Skill
fast RB X I-Skill
paced JJ X I-Skill
environment NN X I-Skill
and CC X O
will MD X O
thrive VB X B-Skill
within IN X I-Skill
a DT X I-Skill
dynamic JJ X I-Skill
team NN X I-Skill
. . X O
The DT X O

working JJ X O
hours NNS X O
of IN X O
this DT X O
role NN X O
will MD X O
be VB X O
8 CD X O
. . X O
45am CD X O
5 CD X O
. . X O
00pm CD X O
Monday NNP X O
to TO X O
Thursday NNP X O
and CC X O
8 CD X O
. . X O
45am CD X O
3 CD X O
. . X O
00pm CD X O
on IN X O
a DT X O
Friday NNP X O
. . X O
The DT X O

successful JJ X O
candidate NN X O
will MD X O
have VB X O
to TO X O
have VB X O
a DT X O
track NN X O
record NN X O
of IN X O
budget NN X B-Skill
monitoring NN X I-Skill
, , X O
process NN X B-Skill
improvement NN X I-Skill
and CC X O
experience NN X O
in IN X O
managing VBG X B-Skill
resources NNS X I-Skill
and CC X I-Skill
service NN X I-Skill
delivery NN X I-Skill
. . X O
The DT X O

Person NNP X O
Will NNP X O
have VBP X O
a DT X O
Marketing NNP X B-Qualification
Communications NNP X I-Qualification
related VBD X I-Qualification
degree NN X I-Qualification
combined VBN X O
with IN X O
previous JJ X O
experience NN X O
in IN X O
Web NNP X B-Skill
site NN X I-Skill
creation NN X I-Skill
, , X O
editing VBG X B-Skill
and CC X O
content JJ X B-Skill
updating VBG X I-Skill
together RB X O
with IN X O
a DT X O
strong JJ X O
graphical JJ X B-Skill
flair NN X I-Skill
with IN X I-Skill
brand NN X I-Skill
values NNS X I-Skill
and CC X I-Skill
visual JJ X I-Skill
design NN X I-Skill
. . X O
Manage NN X B-Skill

and CC X I-Skill
schedule NN X I-Skill
ongoing VBG X I-Skill
client NN X I-Skill
contact JJ X I-Skill
meetings NNS X I-Skill
to TO X O
stay VB X O
on IN X O
top NN X O
of IN X O
current JJ X O
and CC X O
future JJ X O
opportunities NNS X O
. . X O
What WP X O

we PRP X O
offer VBP X O
you PRP X O
: : X O
25 CD X O
days NNS X O
annual JJ X O
leave VBP X O
; : X O
rising VBG X O
to TO X O
30 CD X O
days NNS X O
after IN X O
two CD X O
years NNS X O
excellent JJ X O
training NN X O
and CC X O
development NN X O
opportunities NNS X O
/ NN X O

Microsoft NNP X B-Skill
background NN X I-Skill
including VBG X O
C NNP X B-Experience
Experience NNP X I-Experience
of IN X I-Experience
software NN X I-Experience
development NN X I-Experience
methodologies NNS X I-Experience
such JJ X I-Experience
as IN X I-Experience
Waterfall NNP X I-Experience
, , X I-Experience
Agile NNP X I-Experience
, , X I-Experience
Scrum NNP X I-Experience
or CC X I-Experience
similar JJ X I-Experience
Good JJ X B-Skill
problem NN X I-Skill
solving NN X I-Skill
and CC X I-Skill
defect JJ X I-Skill
resolution NN X I-Skill
skills NNS X I-Skill
. . X O
What WP X O

you PRP X O
ll VBP X O
do VB X O
in IN X O
this DT X O
role NN X O
Offering VBG X O
the DT X O
incredible JJ X O
value NN X O
Proactive JJ X B-Skill

approach NN X O
to TO X O
training VBG X B-Skill
/ NNP X I-Skill
learning VBG X I-Skill
new JJ X I-Skill
and CC X I-Skill
existing VBG X I-Skill
systems NNS X I-Skill
with IN X O
guidance NN X O
from IN X O
the DT X O
MD NNP X B-Occupation
and CC X O
Accounts NNP X B-Occupation
Director NNP X I-Occupation
Leading VBG X O

Pharmaceuticals NNS X B-Domain
company NN X O
in IN X O
North NNP X O
Hampshire NNP X O
, , X O
who WP X O
have VBP X O
a DT X O
strong JJ X O
customer NN X O
focus NN X O
and CC X O
whose WP$ X O
range NN X O
of IN X O
products NNS X O
are VBP X O
leaders NNS X O
in IN X O
their PRP$ X O
particular JJ X O
sectors NNS X O
, , X O
currently RB X O
have VBP X O
a DT X O
fantastic JJ X O
opportunity NN X O
for IN X O
an DT X O
' '' X B-Occupation
Associate NNP X I-Occupation
Director NNP X I-Occupation
, , X O
Payroll NNP X O
'. POS X O
We PRP X O

currently RB X O
have VBP X O
an DT X O
opportunity NN X O
for IN X O
a DT X O
Registered NNP X B-Occupation
General NNP X I-Occupation
Nurse NNP X I-Occupation
RGN NNP X O
to TO X O
join VB X O
our PRP$ X O
team NN X O
based VBN X O
in IN X O
Leigh NNP X O
, , X O
Lancashire NNP X O
. . X O
The DT X O

General NNP X B-Occupation
Manager NNP X I-Occupation
will MD X O
have VB X O
a DT X O
solid JJ X O
background NN X O
in IN X O
Bars NNP X B-Skill
/ NNP X I-Skill
Night NNP X I-Skill
Venues NNP X I-Skill
and CC X O
the DT X O
motivation NN X O
and CC X O
drive NN X O
to TO X O
take VB X B-Skill
the DT X I-Skill
business NN X I-Skill
to TO X I-Skill
the DT X I-Skill
next JJ X I-Skill
level NN X I-Skill
. . X O
The DT X O

successful JJ X O
candidate NN X O
will MD X O
need VB X O
to TO X O
have VB X O
a DT X O
sound NN X O
knowledge NN X O
of IN X O
the DT X O
digital JJ X B-Domain
TV NN X I-Domain
industry NN X I-Domain
and CC X O
a DT X O
solid JJ X O
background NN X O
in IN X O
product NN X B-Domain
management NN X I-Domain
. . X O
Reporting VBG X B-Skill

in IN X I-Skill
to TO X I-Skill
the DT X I-Skill
Site NNP X I-Skill
Agent NNP X I-Skill
giving VBG X I-Skill
daily JJ X I-Skill
updates NNS X I-Skill
. . X O
Our PRP$ X O

clients NNS X O
company NN X O
philosophy NN X O
is VBZ X O
to TO X O
serve VB X B-Skill
top JJ X I-Skill
quality NN X I-Skill
fresh JJ X I-Skill
food NN X I-Skill
in IN X I-Skill
relaxed NN X I-Skill
, , X I-Skill
inviting VBG X I-Skill
and CC X I-Skill
friendly JJ X I-Skill
surroundings NNS X I-Skill
many JJ X O
of IN X O
their PRP$ X O
restaurants NNS X O
being VBG X O
in IN X O
high JJ X O
profile NN X O
, , X O
affluent JJ X O
locations NNS X O
across IN X O
Central NNP X O
London NNP X O
We PRP X O

are VBP X O
committed VBN X O
to TO X O
equality NN X O
of IN X O
opportunity NN X O
for IN X O
all DT X O
candidates NNS X O
. . X O
Effectively RB X B-Skill

monitor JJ X I-Skill
delivery NN X I-Skill
of IN X I-Skill
reactive JJ X I-Skill
works NNS X I-Skill
and CC X O
ensure VB X O
contract NN X O
Evaluating NN X B-Skill

and CC X I-Skill
amending VBG X I-Skill
the DT X I-Skill
existing VBG X I-Skill
reports NNS X I-Skill
according VBG X I-Skill
to TO X I-Skill
the DT X I-Skill
accuracy NN X I-Skill
and CC X I-Skill
needs NNS X I-Skill
of IN X I-Skill
the DT X I-Skill
business NN X I-Skill
owners NNS X I-Skill
. . X O
Job NNP X O

Description NNP X O
: : X O
Advantage NN X O
Healthcare NNP X O
are VBP X O
currently RB X O
looking VBG X O
for IN X O
Complex NNP X B-Occupation
Carers NNP X I-Occupation
to TO X O
care VB X O
and CC X O
support VB X O
Before IN X O

confirming VBG X O
appointment NN X O
, , X O
you PRP X O
will MD X O
be VB X O
required VBN X O
to TO X O
obtain VB X B-Skill
PVG NNP X I-Skill
Scheme NNP X I-Skill
Membership NNP X I-Skill
through IN X O
Disclosure NNP X O
Scotland NNP X O
. . X O
For IN X O

many JJ X O
of IN X O
our PRP$ X O
customers NNS X O
, , X O
you PRP X O
' '' X O
ll RB X O
be VB X O
their PRP$ X O
first JJ X O
point NN X O
of IN X O
contact NN X O
, , X O
so IN X O
you PRP X O
' '' X O
ll NNS X O
need VBP X O
to TO X O
have VB X O
a DT X O
friendly JJ X B-Skill
, , X O
helpful JJ X B-Skill
personality NN X I-Skill
. . X O
Proactively RB X O

contribute NN X B-Skill
to TO X I-Skill
the DT X I-Skill
club NN X I-Skill
Annual NNP X I-Skill
Operating NNP X I-Skill
Plan NNP X I-Skill
; : X O
making VBG X B-Skill
recommendations NNS X I-Skill
that WDT X O
will MD X O
ultimately RB X O
deliver VB X B-Skill
the DT X I-Skill
club NN X I-Skill
s JJ X I-Skill
targets NNS X I-Skill
and CC X O
profit NN X B-Skill
loss NN X I-Skill
performance NN X I-Skill
. . X O
Ability NN X O

to TO X O
remain VB X B-Skill
calm JJ X I-Skill
under IN X I-Skill
pressure NN X I-Skill
whilst NN X O
working VBG X O
to TO X O
deadlines NNS X O
The DT X O

successful JJ X O
candidate NN X O
will MD X O
have VB X O
previously RB X O
worked VBN X O
for IN X O
a DT X O
Main NNP X O
contractor NN X O
on IN X O
large JJ X O
Civil NNP X B-Domain
Engineering NNP X I-Domain
projects NNS X O
. . X O
Liaising VBG X O

with IN X O
the DT X O
Local NNP X O
authorities NNS X O
To TO X O
coordinate VB X B-Skill
and CC X O
maintain VB X B-Skill
the DT X I-Skill
environmental JJ X I-Skill
training NN X I-Skill
programme NN X I-Skill
Provides NNP X O
appropriate JJ X O
leadership NN X B-Skill
and CC X O
vision NN X B-Skill
to TO X I-Skill
inspire VB X I-Skill
others NNS X I-Skill
to TO X O
deliver VB X O
the DT X O
environmental JJ X O
strategy NN X O
. . X O
Candidates NNS X O

wishing VBG X O
to TO X O
apply VB X O
for IN X O
this DT X O
role NN X O
must MD X O
have VB X O
experience NN X O
of IN X O
working VBG X B-Skill
with IN X I-Skill
other JJ X I-Skill
established VBN X I-Skill
housebuilders NNS X I-Skill
. . X O
**** JJ X O

Create NNP X O
a DT X O
team NN X O
environment NN X O
which WDT X O
facilitates VBZ X B-Skill
the DT X I-Skill
motivation NN X I-Skill
of IN X I-Skill
each DT X I-Skill
individual NN X I-Skill
and CC X O
maximises NNS X B-Skill
performance NN X I-Skill
capability NN X I-Skill
3 CD X O
. . X B-Skill
Manage NN X I-Skill
and CC X I-Skill
coach NN X I-Skill
staff NN X I-Skill
to TO X O
ensure VB X O
The DT X O

right JJ X O
candidate NN X O
will MD X O
benefit VB X O
from IN X O
a DT X O
market NN X O
leading VBG X O
salary JJ X O
, , X O
No DT X O
Sunday NNP X O
working NN X O
and CC X O
excellent JJ X O
road NN X O
links NNS X O
to TO X O
the DT X O
store NN X O
. . X O
Ensure NN X B-Skill

all DT X I-Skill
ledger JJR X I-Skill
postings NNS X I-Skill
are VBP X I-Skill
accurate JJ X I-Skill
and CC X I-Skill
complete JJ X I-Skill
in IN X O
line NN X O
with IN X O
reporting VBG X O
deadlines NNS X O
To TO X O
assist VB X O
the DT X O
finance NN X O
team NN X O
in IN X O
preparing VBG X B-Skill
monthly JJ X I-Skill
management NN X I-Skill
accounts NNS X I-Skill
and CC X I-Skill
project NN X I-Skill
review NN X I-Skill
data NNS X I-Skill
Assist NNP X I-Skill
with IN X I-Skill
budgets NNS X I-Skill
and CC X I-Skill
forecasts NNS X I-Skill
Prepare NNP X B-Skill

basic JJ X I-Skill
and CC X I-Skill
detailed JJ X I-Skill
EC NNP X I-Skill
and CC X I-Skill
I PRP X I-Skill
engineering NN X I-Skill
specifications NNS X I-Skill
and CC X O
designs NNS X B-Skill
in IN X O
accordance NN X O
with IN X O
British NNP X O
or CC X O
European JJ X O
Standards NNPS X O
Support NNP X O
technical JJ X O
assessment NN X O
of IN X O
tender NN X O
submissions NNS X O
and CC X O
reporting VBG X B-Skill
recommendations NNS X I-Skill
to TO X I-Skill
client NN X I-Skill
. . X O
Platinum NNP X O

Recruitment NNP X O
Consultancy NNP X O
are VBP X O
prohibited VBN X O
from IN X O
charging VBG X O
workseekers NNS X O
for IN X O
work NN X O
finding NN X O
services NNS X O
Report NN X O

on IN X O
marketing VBG X B-Skill
KPIs NNP X I-Skill
to TO X O
Director NNP X O
of IN X O
Commercial NNP X O
and CC X O
Marketing NNP X B-Skill
Analysis NNP X I-Skill
of IN X O
KPIs NNP X O
reporting VBG X O
to TO X O
identify VB X O
changes NNS X O
required VBN X O
to TO X O
drive VB X B-Skill
improvement NN X I-Skill
. . X O
Modelling VBG X B-Skill

Wide NNP X I-Skill
Mobile NNP X I-Skill
Telecommunications NNP X I-Skill
knowledge NN X I-Skill
base NN X I-Skill
preferred VBD X I-Skill
Managing NNP X I-Skill
and CC X I-Skill
driving VBG X I-Skill
change NN X I-Skill
and CC X I-Skill
process NN X I-Skill
development NN X I-Skill
based VBN X I-Skill
on IN X I-Skill
implementing NN X I-Skill
and CC X I-Skill
analysing VBG X I-Skill
quality NN X I-Skill
metrics NNS X I-Skill
Analytical NNP X I-Skill
fact NN X I-Skill
based VBN X I-Skill
problem NN X I-Skill
solving VBG X I-Skill
ability NN X I-Skill
Strong NNP X I-Skill
Communication NNP X I-Skill
skills NNS X I-Skill
at IN X I-Skill
all DT X I-Skill
levels NNS X I-Skill
of IN X I-Skill
the DT X I-Skill
business NN X I-Skill
Collaborative NNP X I-Skill
approach NN X I-Skill
to TO X I-Skill
driving VBG X I-Skill
change NN X I-Skill
Delivery NNP X I-Skill
at IN X I-Skill
both CC X I-Skill
the DT X I-Skill
functional NN X I-Skill
and CC X I-Skill
detailed JJ X I-Skill
level NN X O
You PRP X O

' '' X O
ll JJ X O
be VB X O
working VBG X O
as IN X O
part NN X O
of IN X O
a DT X O
large JJ X O
team NN X O
so RB X O
good JJ X O
people NNS X B-Skill
skills NNS X I-Skill
are VBP X O
a DT X O
must MD X O
. . X O
: : X O

My PRP$ X O
client NN X O
currently RB X O
runs VBZ X O
a DT X O
wellloved JJ X O
pub NN X O
group NN X O
based VBN X O
in IN X O
Hampshire NNP X O
. . X O
So RB X O

if IN X O
this DT X O
sounds VBZ X O
like IN X O
the DT X O
opportunity NN X O
you PRP X O
have VBP X O
been VBN X O
waiting VBG X O
for IN X O
, , X O
please VB X O
send VB X O
your PRP$ X O
CV NNP X O
to TO X O
: : X O
Lorraine NN X O
or CC X O
Katy NNP X O
at IN X O
Prime NNP X O
Time NNP X O
Maldon NNP X O
We PRP X O

are VBP X O
totally RB X O
committed VBN X O
to TO X O
raising VBG X O
the DT X O
standards NNS X O
of IN X O
facilities NNS X B-Domain
management NN X I-Domain
recruitment NN X I-Domain
, , X O
both DT X O
in IN X O
the DT X O
UK NNP X O
and CC X O
internationally RB X O
. . X O
You PRP X O

will MD X O
receive VB X O
a DT X O
competitive JJ X O
salary NN X O
along IN X O
with IN X O
a DT X O
generous JJ X O
benefits NNS X O
package NN X O
. . X O
A DT X O

stable JJ X B-Skill
work NN X I-Skill
history NN X I-Skill
and CC X O
an DT X O
enthusiastic JJ X B-Skill
attitude NN X I-Skill
are VBP X O
essential JJ X O
. . X O
*** JJ X O

training NN X B-Skill
and CC X O
support NN X B-Skill
to TO X O
meet VB X O
specified JJ X O
needs NNS X O
as IN X O
identified VBN X O
by IN X O
other JJ X O
IT NNP X B-Domain
staff NN X O
, , X O
e NN X O
. . X O
g NN X O
. . X O
in IN X O
areas NNS X O
such JJ X O
as IN X O
Sage NNP X B-Skill
, , X O
ELF NNP X B-Skill
, , X O
Microsoft NNP X B-Skill
Office NNP X I-Skill
etc NN X O
. . X O
Due JJ X O

to TO X O
the DT X O
high JJ X O
volume NN X O
of IN X O
applicants NNS X O
, , X O
only RB X O
those DT X O
successful JJ X O
will MD X O
be VB X O
contacted VBN X O
. . X O
To TO X O

be VB X O
considered VBN X O
for IN X O
this DT X O
position NN X O
, , X O
you PRP X O
' '' X O
ll NNS X O
need VBP X O
to TO X O
be VB X O
educated VBN X O
to TO X O
ONC NNP X B-Qualification
level NN X I-Qualification
or CC X I-Qualification
equivalent NN X O
in IN X O
Aerospace NNP X B-Skill
Engineering NNP X I-Skill
and CC X O
have VBP X O
extensive JJ X O
knowledge NN X B-Skill
and CC X I-Skill
experience NN X I-Skill
of IN X I-Skill
working VBG X I-Skill
within IN X I-Skill
a DT X I-Skill
lean JJ X I-Skill
manufacturing NN X I-Skill
/ NN X I-Skill
process NN X I-Skill
environment NN X I-Skill
. . X O
Report NNP X B-Skill

on IN X I-Skill
current JJ X I-Skill
and CC X I-Skill
future JJ X I-Skill
delivery NN X I-Skill
and CC X O
requirements NNS X O
to TO X O
desired JJ X O
time NN X O
scales NNS X O
. . X O
Have VBP X O

experience NN X B-Skill
of IN X I-Skill
the DT X I-Skill
project NN X I-Skill
management NN X I-Skill
and CC X I-Skill
commercial JJ X I-Skill
requirements NNS X O
associated VBN X O
with IN X O
an DT X O
engineering NN X O
consultancy NN X O
If IN X O
you PRP X O
are VBP X O
ready JJ X O
to TO X O
advance VB X O
your PRP$ X O
career NN X O
within IN X O
a DT X O
challenging NN X O
, , X O
exciting VBG X O
and CC X O
supportive JJ X O
environment NN X O
with IN X O
excellent JJ X O
career NN X O
prospects NNS X O
and CC X O
benefits NNS X O
, , X O
then RB X O
send VB X O
a DT X O
copy NN X O
of IN X O
your PRP$ X O
CV NNP X O
to TO X O
cv_steve_dignumers NNS X O
. . X O
co NN X O
. . X O
uk NN X O
or CC X O
to TO X O
find VB X O
out RP X O
more JJR X O
information NN X O
call NN X O
Steve NNP X O
on IN X O
Well RB X O

organised VBN X B-Skill
, , X I-Skill
taking VBG X I-Skill
ownership NN X I-Skill
of IN X I-Skill
tasks NNS X I-Skill
and CC X O
being VBG X O
able JJ X O
to TO X O
work VB X B-Skill
to TO X I-Skill
detail VB X I-Skill
. . X O
OO NNP X O

skills VBZ X O
Experience NNP X B-Skill
of IN X I-Skill
NTier NNP X I-Skill
applications NNS X I-Skill
data NNS X I-Skill
access NN X I-Skill
layers NNS X I-Skill
and CC X I-Skill
business NN X I-Skill
logic NN X I-Skill
layers NNS X I-Skill
Develop NNP X I-Skill
web NN X I-Skill
applications NNS X I-Skill
and CC X I-Skill
integrate VB X I-Skill
new JJ X I-Skill
and CC X I-Skill
existing VBG X I-Skill
C NNP X I-Skill
. . X I-Skill
NET JJ X I-Skill
solutions NNS X I-Skill
QA NNP X B-Skill

/ NNP X I-Skill
QC NNP X I-Skill
hands VBZ X O
on IN X O
perspective JJ X O
Additional NNP X O
benefits NNS X O
to TO X O
Salary NNP X O
PositionsCompany NNP X O
Pension NNP X O
SchemeStandard NNP X O
Death NNP X O
in IN X O
service NN X O
Excellent JJ X O

salary NN X O
and CC X O
benefits NNS X O
package NN X O
for IN X O
the DT X O
right JJ X O
candidate NN X O
. . X O
As IN X O

this DT X O
role NN X O
has VBZ X O
emphasis NN X O
within IN X O
selling VBG X B-Skill
within IN X O
the DT X O
events NNS X O
space NN X O
also RB X O
, , X O
part NN X O
of IN X O
your PRP$ X O
role NN X O
will MD X O
be VB X O
to TO X O
attend VB X O
business NN X B-Skill
conferences NNS X I-Skill
, , X O
therefore RB X O
someone NN X O
who WP X O
naturally RB X O
enjoys VBZ X O
networking NN X B-Skill
would MD X O
be VB X O
successful JJ X O
in IN X O
this DT X O
position NN X O
. . X O
This DT X O

is VBZ X O
a DT X O
very RB X O
exciting JJ X O
opportunity NN X O
for IN X O
a DT X O
competent NN X B-Skill
registered VBD X I-Skill
nurse JJR X B-Occupation
to TO X O
develop VB X O
their PRP$ X O
Orthopaedic NNP X O
/ NNP X O
Ophthalmic NNP X O
/ NNP X O
General NNP X O
surgical JJ X O
nursing NN X O
skills NNS X O
. . X O
Ensure NN X O

that IN X O
the DT X O
David NNP X O
Lloyd NNP X O
Kids NNP X O
Coaches NNP X O
look VBP X B-Skill
after IN X I-Skill
the DT X I-Skill
children NNS X I-Skill
with IN X I-Skill
absolute JJ X I-Skill
diligence NN X I-Skill
and CC X O
compliance NN X O
to TO X O
our PRP$ X O
Health NNP X B-Domain
Safety NNP X I-Domain
requirements NNS X O
and CC X O
standards NNS X O
of IN X O
care NN X O
. . X O
You PRP X O

will MD X O
have VB X O
experience NN X B-Experience
of IN X I-Experience
Managing VBG X I-Experience
a DT X I-Experience
large JJ X I-Experience
caseload NN X I-Experience
Conducting NNP X I-Experience
Section NN X I-Experience
All DT X O

that DT X O
is VBZ X O
required VBN X O
is VBZ X O
that IN X O
you PRP X O
have VBP X O
a DT X O
strong JJ X O
background NN X O
in IN X O
outbound NN X B-Skill
B2Btelesales NNP X I-Skill
and CC X O
have VBP X O
the DT X O
thrive NN X O
and CC X O
motivation NN X O
to TO X O
achieve VB X B-Skill
targets NNS X I-Skill
and CC X I-Skill
earn VB X I-Skill
money NN X I-Skill
. . X O
Do VBP X O

you PRP X O
want VB X O
to TO X O
make VB X O
a DT X O
positive JJ X O
difference NN X O
to TO X O
the DT X O
lives NNS X O
of IN X O
others NNS X O
? . X O
It PRP X O

is VBZ X O
essential JJ X O
that IN X O
you PRP X O
have VBP X O
strong JJ X O
SQL NNP X B-Skill
skills NNS X O
and CC X O
be VB X O
able JJ X O
to TO X O
run VB X B-Skill
basic JJ X I-Skill
SQL NNP X I-Skill
scripts NNS X I-Skill
, , X O
general JJ X B-Skill
SQL NNP X I-Skill
server NN X I-Skill
maintenance NN X I-Skill
and CC X O
be VB X O
experienced VBN X B-Skill
in IN X I-Skill
supporting VBG X I-Skill
applications NNS X I-Skill
running VBG X I-Skill
on IN X I-Skill
SQL NNP X I-Skill
servers NNS X I-Skill
. . X O
Ensure NN X B-Skill

any DT X I-Skill
failures NNS X I-Skill
, , X I-Skill
variations NNS X I-Skill
and CC X I-Skill
amendments NNS X I-Skill
are VBP X I-Skill
fed VBN X I-Skill
back RB X I-Skill
into IN X I-Skill
the DT X I-Skill
Technical NNP X I-Skill
Integrity NNP X I-Skill
Team NNP X I-Skill
and CC X O
the DT X O
Client NNP X O
representative NN X O
. . X O
Then RB X O

expand VB X O
it PRP X O
, , X O
research NN X B-Skill
it PRP X O
, , X O
repitch VB X B-Skill
it PRP X O
and CC X O
ultimately RB X O
manage VB X B-Skill
the DT X I-Skill
team NN X I-Skill
to TO X O
deliver VB X O
it PRP X O
. . X O
Gender NNP X O

is VBZ X O
considered VBN X O
to TO X O
be VB X O
a DT X O
genuine JJ X O
occupational JJ X O
requirement NN X O
in IN X O
accordance NN X O
with IN X O
paragraph NN X O
You PRP X O

should MD X O
have VB X O
a DT X O
stable JJ X O
career NN X O
with IN X O
periods NNS X B-Experience
of IN X I-Experience
2 CD X I-Experience
years NNS X I-Experience
in IN X O
each DT X O
position NN X O
of IN X O
employment NN X B-Domain
so IN X O
that IN X O
you PRP X O
have VBP X O
a DT X O
track NN X O
record NN X O
of IN X O
business NN X B-Skill
development NN X I-Skill
. . X O
Strong JJ X B-Skill

analytical JJ X I-Skill
and CC X I-Skill
problem NN X I-Skill
solving VBG X I-Skill
skills NNS X I-Skill
to TO X O
be VB X O
able JJ X B-Skill
to TO X I-Skill
assess VB X I-Skill
the DT X I-Skill
needs NNS X I-Skill
of IN X I-Skill
users NNS X I-Skill
and CC X O
the DT X O
organisation NN X B-Skill
in IN X I-Skill
varying VBG X I-Skill
situations NNS X I-Skill
requiring VBG X I-Skill
interpretation NN X I-Skill
and CC X I-Skill
judgement NN X I-Skill
. . X O
My PRP$ X O

client NN X O
has VBZ X O
an DT X O
outstanding JJ X O
role NN X O
for IN X O
an DT X O
Audit NNP X B-Occupation
Manager NNP X I-Occupation
or CC X O
Senior NNP X B-Occupation
Manager NNP X I-Occupation
to TO X O
be VB X O
recruited VBN X O
with IN X O
a DT X O
view NN X O
to TO X O
making VBG X O
partner NN X O
in IN X O
the DT X O
very RB X O
short JJ X O
term NN X O
. . X O
We PRP X O

are VBP X O
looking VBG X O
for IN X O
people NNS X O
who WP X O
can MD X O
work VB X B-Skill
accurately RB X I-Skill
and CC X I-Skill
quickly RB X I-Skill
under IN X I-Skill
pressure NN X I-Skill
and CC X O
who WP X O
will MD X O
be VB X B-Skill
an DT X I-Skill
effective JJ X I-Skill
member NN X I-Skill
of IN X I-Skill
the DT X I-Skill
team NN X I-Skill
. . X O
Progression NN X B-Occupation

opportunities NNS X I-Occupation
within IN X O
this DT X O
company NN X O
are VBP X O
fantastic JJ X O
The DT X O
Company NN X O
: : X O
This DT X O
multi NN X O
million CD X O
pound NN X O
, , X O
well RB X O
recognised VBN X O
organisation NN X O
that WDT X O
has VBZ X O
been VBN X O
established VBN X O
over IN X O
100 CD X O
years NNS X O
is VBZ X O
expanding VBG X O
their PRP$ X O
team NN X O
to TO X O
include VB X O
a DT X O
creative JJ X B-Skill
, , X O
dynamic JJ X O
graduate NN X B-Qualification
eager NN X O
to TO X O
establish VB X O
their PRP$ X O
career NN X O
in IN X O
the DT X O
FMCG NNP X B-Domain
market NN X I-Domain
. . X O
would MD X O

like VB X O
progression NN X O
opportunities NNS X O
that IN X O
a DT X O
large JJ X O
stable JJ X O
manufacturer NN X B-Domain
can MD X O
offer VB X O
. . X O
Reliable JJ X B-Skill

Telehandler NNP X B-Occupation
required VBD X O
for IN X O
a DT X O
well RB X O
known VBN X O
Main NNP X O
Contractor NNP X O
who WP X O
hold VBP X O
a DT X O
very RB X O
healthy JJ X O
order NN X O
book NN X O
for IN X O
Monitoring NN X B-Skill

and CC X O
fault NN X B-Skill
resolution NN X I-Skill
for IN X O
Ecommerce NNP X B-Domain
interfacing VBG X B-Skill
into IN X I-Skill
/ VBN X I-Skill
out IN X I-Skill
of IN X I-Skill
SAP NNP X I-Skill
. . X O
While IN X O

ideally RB X O
you PRP X O
will MD X O
already RB X O
have VB X O
experience NN X B-Skill
in IN X I-Skill
retail JJ X I-Skill
, , X I-Skill
leisure NN X I-Skill
or CC X I-Skill
hospitality NN X I-Skill
in IN X I-Skill
a DT X I-Skill
management NN X I-Skill
or CC X I-Skill
supervisory JJ X I-Skill
position NN X I-Skill
, , X O
it PRP X O
will MD X O
be VB X O
your PRP$ X O
commitment NN X B-Skill
, , X O
passion NN X B-Skill
and CC X O
drive NN X B-Skill
to TO X I-Skill
deliver VB X I-Skill
high JJ X I-Skill
retail JJ X I-Skill
standards NNS X I-Skill
and CC X I-Skill
motivate VB X I-Skill
your PRP$ X I-Skill
team NN X I-Skill
to TO X I-Skill
provide VB X I-Skill
and CC X I-Skill
maintain VB X I-Skill
excellent JJ X I-Skill
customer NN X I-Skill
service NN X I-Skill
, , X O
which WDT X O
will MD X O
set VB X O
you PRP X O
apart RB X O
from IN X O
your PRP$ X O
retail JJ X O
colleagues NNS X O
and CC X O
make VB X O
you PRP X O
the DT X O
ideal JJ X O
candidate NN X O
for IN X O
our PRP$ X O
clients NNS X O
retail JJ X O
management NN X O
training NN X O
programme NN X O
. . X O
Support NN X O

experience NN X O
in IN X O
professional JJ X B-Domain
services NNS X I-Domain
, , X O
and CC X O
technical JJ X B-Skill
support NN X I-Skill
capacity NN X I-Skill
. . X O
loadingCORE JJ X O

SKILLS NNP X O
EXPERIENCE NNP X O
REQUIREDIn NNP X O
the DT X O
role NN X O
of IN X O
Service NNP X B-Occupation
Advisor NNP X I-Occupation
/ NNP X I-Occupation
Administrator NNP X I-Occupation
you PRP X O
must MD X O
be VB X O
able JJ X O
to TO X O
: : X O
Deliver VB X B-Skill
an DT X I-Skill
outstanding JJ X I-Skill
customer NN X I-Skill
experience NN X I-Skill
100 CD X O
% NN X O
consistently RB X O
. . X O
A DT X B-Skill

professional JJ X I-Skill
attitude NN X I-Skill
to TO X I-Skill
work VB X I-Skill
and CC X I-Skill
clients NNS X I-Skill
is VBZ X O
essential JJ X O
Stable JJ X O
working VBG X O
background NN X O
As IN X O

this DT X O
is VBZ X O
an DT X O
on IN X O
line NN X O
print NN X O
business NN X O
you PRP X O
will MD X O
also RB X O
need VB X O
to TO X O
understand VB X O
the DT X O
on IN X O
line NN X O
business NN X O
from IN X O
the DT X O
web NN X O
site NN X O
and CC X O
systems NNS X O
that WDT X O
make VBP X O
it PRP X O
work NN X O
for IN X O
a DT X O
marketing NN X O
point NN X O
. . X O
Please VB X O

apply VB X O
with IN X O
your PRP$ X O
full JJ X O
CV NNP X O
to TO X O
Amy NNP X O
Spilsbury NNP X O
via IN X O
the DT X O
email NN X O
link NN X O
to TO X O
this DT X O
advert NN X O
. . X O
Ensures NNS X B-Skill

issues NNS X I-Skill
are VBP X I-Skill
identified VBN X I-Skill
, , X I-Skill
tracked VBN X I-Skill
, , X I-Skill
reported VBN X I-Skill
on IN X I-Skill
and CC X I-Skill
resolved VBN X I-Skill
in IN X I-Skill
a DT X I-Skill
timely JJ X I-Skill
manner NN X I-Skill
. . X O
The DT X O

world NN X O
leader NN X O
in IN X O
the DT X O
provision NN X O
of IN X O
software NN X O
solutions NNS X O
to TO X O
the DT X O
Music NNP X B-Domain
and CC X O
Entertainment NNP X B-Domain
industry NN X I-Domain
is VBZ X O
seeking VBG X O
a DT X O
COBOL NNP X B-Occupation
developer NN X I-Occupation
with IN X O
additional JJ X O
experience NN X O
in IN X O
AS NNP X O
With IN X O

several JJ X O
new JJ X O
openings NNS X O
planned VBN X O
for IN X O
the DT X O
year NN X O
ahead RB X O
they PRP X O
are VBP X O
currently RB X O
looking VBG X O
for IN X O
exceptional JJ X O
pub NN X B-Occupation
managers NNS X I-Occupation
to TO X O
help VB X O
drive VB X B-Skill
the DT X I-Skill
business NN X I-Skill
forward RB X I-Skill
. . X O
Health NNP X O

and CC X O
safety NN X O
is VBZ X O
paramount JJ X O
and CC X O
the DT X O
successful JJ X O
applicant NN X O
will MD X O
ensure VB X B-Skill
machinery NN X I-Skill
complies NNS X I-Skill
with IN X I-Skill
the DT X I-Skill
company NN X I-Skill
and CC X I-Skill
legal JJ X I-Skill
standards NNS X I-Skill
. . X O
Interaction NNP X O

Recruitment NNP X O
Plc NNP X O
are VBP X O
looking VBG X O
for IN X O
a DT X O
Purchase NNP X B-Occupation
Ledger NNP X I-Occupation
Clerk NNP X I-Occupation
for IN X O
our PRP$ X O
client NN X O
based VBN X O
in IN X O
Cambridge NNP X O
. . X O
We PRP X O

deal VBP X O
with IN X O
both DT X O
Microsoft NNP X O
Partners NNPS X O
End NNP X O
Users NNS X O
throughout IN X O
the DT X O
UK NNP X O
and CC X O
Europe NNP X O
and CC X O
we PRP X O
have VBP X O
never RB X O
had VBN X O
more RBR X O
live JJ X O
requirements NNS X O
Lync NNP X O
jobs NNS X O
for IN X O
Microsoft NNP X B-Occupation
professionals NNS X I-Occupation
. . X O
Our PRP$ X O

premium NN X O
products NNS X O
range VBP X O
in IN X O
design NN X O
to TO X O
suit VB X O
our PRP$ X O
customers NNS X O
requirements NNS X O
specifically RB X O
. . X O
**** JJ X O

Design NNP X B-Skill
of IN X I-Skill
assemblies NNS X I-Skill
and CC X I-Skill
systems NNS X I-Skill
, , X O
including VBG X O
production NN X B-Skill
of IN X I-Skill
detail NN X I-Skill
drawings NNS X I-Skill
, , X O
BOM NNP X B-Skill
? . X I-Skill
s NN X I-Skill
and CC X O
assembly NN X B-Skill
drawings NNS X I-Skill
2 CD X O
Liaison NNP X B-Skill
with IN X I-Skill
suppliers NNS X I-Skill
internal JJ X O
and CC X O
external JJ X O
to TO X O
ensure VB X B-Skill
components NNS X I-Skill
are VBP X I-Skill
costeffectively RB X I-Skill
manufactured VBN X I-Skill
to TO X O
meet VB X O
design NN X O
requirements NNS X O
They PRP X O

provide VBP X O
a DT X O
fullspectrum NN X O
of IN X O
consulting VBG X B-Skill
, , X O
technology NN X B-Skill
and CC X I-Skill
business NN X I-Skill
process NN X I-Skill
outsourcing NN X I-Skill
, , X O
product NN X B-Skill
and CC X I-Skill
engineering NN X I-Skill
solutions NNS X I-Skill
. . X O
Would MD X O

you PRP X O
like IN X O
to TO X O
join VB X O
a DT X O
company NN X O
at IN X O
a DT X O
time NN X O
of IN X O
exciting VBG X O
changes NNS X O
? . X O
Your PRP$ X O

aim NN X O
will MD X O
be VB X O
to TO X O
work VB X B-Skill
closely RB X I-Skill
with IN X I-Skill
both DT X I-Skill
the DT X I-Skill
broker NN X I-Skill
and CC X I-Skill
the DT X I-Skill
internal JJ X I-Skill
underwriting NN X I-Skill
team NN X I-Skill
to TO X O
identify VB X B-Skill
and CC X I-Skill
ultimately RB X I-Skill
win JJ X I-Skill
profitable JJ X I-Skill
business NN X I-Skill
. . X O
We PRP X O

are VBP X O
currently RB X O
recruiting VBG X O
for IN X O
General NNP X B-Occupation
Manager NNP X I-Occupation
positions NNS X O
for IN X O
a DT X O
number NN X O
of IN X O
our PRP$ X O
key JJ X O
clients NNS X O
across IN X O
the DT X O
UK NNP X O
, , X O
many JJ X O
of IN X O
whom WP X O
have VBP X O
registered VBN X O
their PRP$ X O
vacancies NNS X O
with IN X O
us PRP X O
and CC X O
us PRP X O
alone RB X O
, , X O
choosing VBG X O
Cherryred NNP X O
as IN X O
the DT X O
consultancy NN X O
of IN X O
choice NN X O
. . X O
Generally RB X O

a DT X O
tenacious JJ X O
confident JJ X O
sales NNS X B-Skill
professional JJ X I-Skill
Telecommunications NNP X I-Skill
or CC X I-Skill
mobile JJ X I-Skill
experience NN X I-Skill
would MD X O
be VB X O
an DT X O
advantage NN X O
, , X O
but CC X O
are VBP X O
not RB X O
essential JJ X O
as IN X O
full JJ X O
training NN X O
will MD X O
be VB X O
given VBN X O
. . X O
To TO X O

ensure VB X B-Skill
all PDT X I-Skill
the DT X I-Skill
relevant JJ X I-Skill
information NN X I-Skill
are VBP X I-Skill
entered VBN X I-Skill
timely RB X I-Skill
and CC X I-Skill
accurately RB X I-Skill
before IN X O
the DT X O
month NN X O
end NN X O
cutoff NN X O
date NN X O
Follow NNP X O
the DT X O
requirements NNS X O
and CC X O
procedures NNS X O
To TO X O
oversee VB X B-Qualification
the DT X I-Qualification
management NN X I-Qualification
of IN X O
human JJ X B-Domain
resources NNS X I-Domain
across IN X O
the DT X O
School NNP X O
. . X O
Your PRP$ X O

duties NNS X O
will MD X O
mainly RB X O
include VB X O
Ordering NNP X B-Skill
and CC X I-Skill
renewing VBG X I-Skill
Domain NNP X I-Skill
Name NNP X I-Skill
registration NN X I-Skill
Exposure NN X O

in IN X O
MVC NNP X B-Skill
would MD X O
be VB X O
desirable JJ X O
but CC X O
is VBZ X O
not RB X O
essential JJ X O
. . X O
Installing VBG X B-Skill

and CC X I-Skill
fitting VBG X I-Skill
out RP X I-Skill
lifts NNS X I-Skill
, , X O
lifting VBG X B-Skill
gear NN X I-Skill
and CC X I-Skill
lift NN X I-Skill
wells NNS X I-Skill
. . X O
Typical JJ X O

areas NNS X O
of IN X O
background NN X B-Skill
in IN X I-Skill
insurance NN X I-Skill
could MD X O
be VB X O
: : X O
organisational JJ X B-Skill
design NN X I-Skill
, , X O
postmerger NN X B-Skill
integration NN X I-Skill
, , X O
product NN X B-Skill
/ NN X I-Skill
marketing NN X I-Skill
, , X O
distribution NN X B-Skill
as RB X O
well RB X O
as IN X O
operations NNS X B-Skill
like IN X I-Skill
underwriting NN X I-Skill
and CC X I-Skill
claims NNS X I-Skill
processing NN X I-Skill
. . X O
k VB X O

My NNP X O
client NN X O
is VBZ X O
looking VBG X O
for IN X O
a DT X O
very RB X O
experienced JJ X B-Skill
systems NNS X I-Skill
architect NN X I-Skill
, , X O
well RB X O
versed VBN X O
in IN X O
the DT X O
world NN X O
of IN X O
DevOps NNP X B-Skill
with IN X O
some DT X O
development NN X B-Skill
experience NN X I-Skill
as RB X I-Skill
well RB X I-Skill
as IN X I-Skill
systems NNS X I-Skill
engineering NN X I-Skill
and CC X I-Skill
operations NNS X I-Skill
. . X O
This DT X O

role NN X O
will MD X O
also RB X O
provide VB X B-Skill
research NN X I-Skill
and CC X I-Skill
administrative JJ X I-Skill
support NN X I-Skill
for IN X I-Skill
the DT X I-Skill
wider NN X I-Skill
NTS NNP X I-Skill
Trust NNP X I-Skill
and CC X I-Skill
Foundations NNP X I-Skill
/ NNP X I-Skill
Grants NNP X I-Skill
Programme NNP X I-Skill
. . X O
You PRP X O

need VBP X O
to TO X O
be VB X O
able JJ X B-Skill
to TO X I-Skill
work VB X I-Skill
in IN X I-Skill
teams NNS X I-Skill
and CC X O
work NN X B-Skill
with IN X I-Skill
minimum JJ X I-Skill
supervision NN X I-Skill
with IN X O
strong JJ X B-Skill
orthopaedic JJ X I-Skill
experience NN X I-Skill
. . X O
**** JJ X O

plus CC X O
a DT X O
Car NNP X O
/ NN X O
Allowance NNP X O
, , X O
along IN X O
with IN X O
excellent JJ X O
career NN X O
opportunities NNS X O
together RB X O
with IN X O
ongoing VBG X O
training NN X O
and CC X O
support NN X O
. . X O
k NN X O

aprox VBZ X O
basic JJ X O
salary JJ X O
plus CC X O
uncapped JJ X O
OTE NNP X O
and CC X O
usual JJ X O
benefits NNS X O
for IN X O
this DT X O
level NN X O
of IN X O
position NN X O
. . X O
You PRP X O

must MD X O
have VB X O
the DT X O
latest JJS X B-Qualification
Smart JJ X I-Qualification
Card NNP X I-Qualification
and CC X O
be VB X O
skilled VBN X O
in IN X O
all DT X O
aspects NNS X O
of IN X O
MOT NNP X B-Skill
repairs NNS X I-Skill
and CC X I-Skill
servicing NN X I-Skill
of IN X I-Skill
all DT X I-Skill
makes VBZ X I-Skill
and CC X I-Skill
models NNS X I-Skill
of IN X I-Skill
cars NNS X I-Skill
. . X O
You PRP X O

can MD X O
also RB X O
look VB X O
forward RB X O
to TO X O
25 CD X O
days NNS X O
holiday JJ X O
pro JJ X O
rata NN X O
for IN X O
parttime NN X O
, , X O
pension NN X O
scheme NN X O
and CC X O
flexible JJ X O
working NN X O
as RB X O
well RB X O
as IN X O
free JJ X O
admission NN X O
to TO X O
all DT X O
our PRP$ X O
incredible JJ X O
places NNS X O
, , X O
and CC X O
a DT X O
helpful JJ X O
20 CD X O
% NN X O
off RB X O
at IN X O
our PRP$ X O
shops NNS X O
, , X O
cafes NN X O
and CC X O
restaurants NNS X O
. . X O
Preparing VBG X B-Skill

presentations NNS X I-Skill
and CC X O
helping VBG X B-Skill
with IN X I-Skill
proposals NNS X I-Skill
and CC X I-Skill
job NN X I-Skill
pitches NNS X I-Skill
. . X O
St NNP X O

Mary NNP X O
s VBD X O
School NNP X O
Ascot NNP X O
is VBZ X O
committed VBN X O
to TO X O
safeguarding VBG X B-Skill
and CC X I-Skill
promoting VBG X I-Skill
the DT X I-Skill
welfare NN X I-Skill
of IN X I-Skill
children NNS X I-Skill
, , X O
and CC X O
applicants NNS X O
must MD X O
be VB X O
willing JJ X B-Skill
to TO X I-Skill
undergo VB X I-Skill
child NN X I-Skill
protection NN X I-Skill
screening VBG X I-Skill
appropriate JJ X O
to TO X O
the DT X O
post NN X O
, , X O
including VBG X B-Skill
checks NNS X I-Skill
with IN X I-Skill
past JJ X I-Skill
employers NNS X I-Skill
and CC X I-Skill
the DT X I-Skill
Disclosures NNP X I-Skill
Barring NNP X I-Skill
Service NNP X I-Skill
. . X O
The DT X O

right JJ X O
candidate NN X O
will MD X O
have VB X O
a DT X O
related JJ X O
degree NN X B-Qualification
and CC X O
two CD X B-Experience
to TO X I-Experience
four CD X I-Experience
years NNS X I-Experience
of IN X O
industry NN X B-Domain
experience NN X B-Experience
. . X O
Dynamics NNS X B-Occupation

NAV NNP X I-Occupation
/ NNP X I-Occupation
Navision NNP X I-Occupation
Consultant NNP X I-Occupation
Abingdon NNP X O
Dynamics NNP X B-Occupation
NAV NNP X I-Occupation
/ NNP X I-Occupation
Navision NNP X I-Occupation
Consultant NNP X I-Occupation
with IN X O
indepth JJ X O
Dynamics NNP X B-Skill
NAV NNP X I-Skill
/ NNP X I-Skill
Navision NNP X I-Skill
Consultancy NNP X B-Domain
/ NNP X I-Domain
Implementation NNP X I-Domain
exposure NN X O
is VBZ X O
required VBN X O
by IN X O
a DT X O
leading VBG X O
southern JJ X O
based VBN X O
Microsoft NNP X B-Occupation
Dynamics NNP X I-Occupation
ERP NNP X I-Occupation
solution NN X I-Occupation
provider NN X I-Occupation
. . X O
In IN X O

return NN X O
for IN X O
your PRP$ X O
hard JJ X O
work NN X O
you PRP X O
will MD X O
receive VB X O
a DT X O
competitive JJ X O
salary NN X O
and CC X O
benefits NNS X O
package NN X O
along IN X O
with IN X O
the DT X O
opportunity NN X O
to TO X O
gain VB X O
experience NN X O
working VBG X O
for IN X O
a DT X O
key JJ X O
retail JJ X B-Domain
name NN X O
. . X O
This DT X O

is VBZ X O
a DT X O
full JJ X O
time NN X O
, , X O
permanent JJ X O
role NN X O
on IN X O
day NN X O
and CC X O
night NN X O
shifts NNS X O
. . X O
As IN X O

part NN X O
of IN X O
the DT X O
club NN X O
team NN X O
ensure VB X O
that IN X O
I PRP X O
support VBP X O
the DT X O
clubs NNS X O
work VBP X O
in IN X O
member NN X O
satisfaction NN X O
and CC X O
member NN X O
count NN X O
growth NN X O
by IN X O
ensuring VBG X O
that IN X O
the DT X O
children NNS X O
s VBP X O
programmes NNS X O
match VBP X O
the DT X O
needs NNS X O
of IN X O
our PRP$ X O
family NN X O
members NNS X O
in IN X O
terms NNS X O
of IN X O
activitities NNS X O
on IN X O
offer NN X O
, , X O
coach NN X B-Skill
expertise NN X I-Skill
and CC X O
session NN X B-Skill
deliverty NN X I-Skill
consistency NN X I-Skill
. . X O
Previous JJ X O

experience NN X O
working VBG X O
with IN X O
a DT X O
contact NN X B-Skill
management NN X I-Skill
system NN X I-Skill
would MD X O
be VB X O
an DT X O
advantage NN X O
. . X O
Ideally RB X O

you PRP X O
experience VB X B-Skill
would MD X O
be VB X O
that IN X O
of IN X O
a DT X O
business NN X B-Skill
owner NN X I-Skill
or CC X O
someone NN X O
that WDT X O
has VBZ X O
taken VBN X O
a DT X O
smaller JJR X B-Skill
business NN X I-Skill
to TO X I-Skill
the DT X I-Skill
next JJ X I-Skill
stage NN X I-Skill
of IN X I-Skill
growth NN X I-Skill
, , X O
with IN X O
an DT X O
understanding NN X B-Skill
of IN X I-Skill
on IN X I-Skill
line NN X I-Skill
presence NN X I-Skill
You PRP X O

' '' X O
ll RB X O
be VB X O
an DT X O
inspirational JJ X O
leader NN X B-Skill
, , X O
developing VBG X O
your PRP$ X O
teams NNS X O
to TO X O
their PRP$ X O
full JJ X O
potential NN X O
and CC X O
enabling VBG X O
them PRP X O
to TO X O
deliver VB X O
outstanding JJ X O
results NNS X O
. . X O
Desirable JJ X O

skills NNS X O
: : X O
Development NNP X O
under IN X O
Linux NNP X B-Skill
and CC X O
the DT X O
gnu NN X B-Skill
software NN X I-Skill
development NN X I-Skill
tools NNS X I-Skill
. . X O
; : X O

gain NN X O
market NN X O
feedback NN X O
through IN X O
the DT X O
Sales NNS X O
Teams NNP X O
and CC X O
by IN X O
visiting VBG X O
retailers NNS X O
together RB X O
with IN X O
the DT X O
Regional NNP X B-Occupation
Sales NNS X I-Occupation
Managers NNPS X I-Occupation
; : X O
provide VB X O
relevant JJ X O
reports NNS X O
; : X O
Regretfully NNP X O
, , X O
due JJ X O
to TO X O
the DT X O
volume NN X O
of IN X O
applications NNS X O
, , X O
if IN X O
you PRP X O
have VBP X O
not RB X O
received VBN X O
a DT X O
response NN X O
within IN X O
one CD X O
week NN X O
, , X O
then RB X O
please VB X O
assume RP X O
that IN X O
you PRP X O
have VBP X O
not RB X O
been VBN X O
shortlisted VBN X O
on IN X O
this DT X O
occasion NN X O
To TO X O

be VB X O
considered VBN X O
for IN X O
the DT X O
role NN X O
of IN X O
Process NNP X B-Occupation
and CC X I-Occupation
Specification NNP X I-Occupation
Technologist NNP X I-Occupation
, , X O
please VB X O
click VB X O
the DT X O
Apply NNP X O
button NN X O
. . X O
If IN X O

you PRP X O
are VBP X O
interested JJ X O
and CC X O
meet VB X O
the DT X O
above NN X O
requirements NNS X O
as IN X O
a DT X O
Technical JJ X B-Occupation
Business NNP X I-Occupation
Analyst NNP X I-Occupation
, , X O
please VB X O
send VB X O
me PRP X O
your PRP$ X O
latest JJS X O
C NNPS X O
. . X O
V NNP X O
. . X O
in IN X O
. . X O
doc JJ X O
format NN X O
and CC X O
I PRP X O
will MD X O
call VB X O
you PRP X O
to TO X O
discuss VB X O
further RB X O
. . X O
Populus JJ X O

Consultants NNS X O
are VBP X O
now RB X O
recruiting VBG X O
a DT X O
Home NNP X B-Occupation
Manager NNP X I-Occupation
to TO X O
join VB X O
a DT X O
wonderful JJ X O
nursing NN X O
home NN X O
situated VBD X O
within IN X O
Poole NNP X O
, , X O
Dorset NNP X O
commutable NN X O
from IN X O
Bournemouth NNP X O
, , X O
Christchurch NNP X O
and CC X O
other JJ X O
rural JJ X O
Dorset NNP X O
locations NNS X O
. . X O
Assists NNS X O

in IN X O
the DT X O
development NN X B-Skill
of IN X I-Skill
trial NN X I-Skill
protocols NNS X I-Skill
, , X O
trial NN X B-Skill
analyses NNS X I-Skill
, , X O
editing VBG X B-Skill
procedures NNS X I-Skill
and CC X O
data NNS X B-Skill
presentations NNS X I-Skill
relating VBG X O
to TO X O
efficacy NN X O
and CC X O
safety NN X O
data NNS X O
and CC X O
evaluability NN X O
under IN X O
the DT X O
direction NN X O
of IN X O
the DT X O
responsible JJ X O
project NN X B-Occupation
statistician NN X I-Occupation
. . X O
The DT X O

position NN X O
begins VBZ X O
on IN X O
a DT X O
temporary JJ X O
basis NN X O
however RB X O
you PRP X O
may MD X O
have VB X O
the DT X O
opportunity NN X O
to TO X O
go VB X O
permanent JJ X O
. . X O
The DT X O

business NN X O
has VBZ X O
built VBN X O
a DT X O
strong JJ X O
reputation NN X O
in IN X O
providing VBG X O
a DT X O
number NN X O
of IN X O
products NNS X O
and CC X O
services NNS X O
that WDT X O
help VBP X O
start VB X O
up RP X O
and CC X O
SME NNP X B-Domain
organisations NNS X O
grow VBP X O
and CC X O
enhance VB X O
their PRP$ X O
own JJ X O
offerings NNS X O
and CC X O
are VBP X O
looking VBG X O
for IN X O
a DT X O
partnership NN X B-Occupation
manager NN X I-Occupation
to TO X O
develop VB X B-Skill
new JJ X I-Skill
and CC X I-Skill
maintain JJ X I-Skill
existing VBG X I-Skill
partner NN X I-Skill
relationships NNS X I-Skill
to TO X O
continue VB X O
to TO X O
grow VB X O
the DT X O
range NN X O
of IN X O
services NNS X O
they PRP X O
can MD X O
offer VB X O
to TO X O
the DT X O
market NN X O
. . X O
Dual JJ X B-Skill

trade NN X I-Skill
skills NNS X I-Skill
and CC X O
some DT X B-Skill
supervisory JJ X I-Skill
experience NN X I-Skill
will MD X O
be VB X O
preferable JJ X O
as IN X O
a DT X O
major JJ X O
element NN X O
of IN X O
this DT X O
role NN X O
includes VBZ X O
involving VBG X B-Skill
, , X I-Skill
coaching VBG X I-Skill
and CC X I-Skill
supporting VBG X I-Skill
the DT X I-Skill
Engineering NNP X I-Skill
team NN X I-Skill
. . X O
No DT X O

live JJ X O
in IN X O
available JJ X O
, , X O
and CC X O
due JJ X O
to TO X O
rural JJ X O
location NN X O
, , X O
you PRP X O
must MD X O
have VB X B-Skill
your PRP$ X I-Skill
own JJ X I-Skill
transport NN X I-Skill
. . X O
The DT X O

UX NNP X B-Occupation
Designer NNP X I-Occupation
should MD X O
look VB X O
forward RB X O
to TO X O
being VBG X O
highly RB X O
analytical JJ X B-Skill
and CC X O
creative JJ X B-Skill
throughout IN X O
the DT X O
whole JJ X O
design NN X O
process NN X O
. . X O
Strong JJ X O

problem NN X B-Skill
solving NN X I-Skill
and CC X O
analytical JJ X B-Skill
skills NNS X I-Skill
and CC X O
object NN X B-Skill
oriented VBN X I-Skill
development NN X I-Skill
. . X O
An DT X O

ability NN X B-Skill
to TO X I-Skill
interpret VB X I-Skill
business NN X I-Skill
and CC X I-Skill
product NN X I-Skill
requirements NNS X I-Skill
and CC X I-Skill
translate VB X I-Skill
into IN X I-Skill
appropriate JJ X I-Skill
test NN X I-Skill
scripts NNS X I-Skill
and CC X I-Skill
plans VBZ X I-Skill
A DT X O
professional JJ X B-Skill
approach NN X I-Skill
and CC X I-Skill
dedication NN X I-Skill
to TO X I-Skill
high JJ X I-Skill
quality NN X I-Skill
testing VBG X I-Skill
Excellent NNP X I-Skill
communication NN X I-Skill
and CC X I-Skill
customerfacing VBG X I-Skill
skills NNS X I-Skill
Flexibility NNP X I-Skill
to TO X I-Skill
travel VB X I-Skill
to TO X I-Skill
local JJ X I-Skill
UK NNP X I-Skill
offices NNS X I-Skill
This DT X O

Sales NNS X B-Occupation
Executive NNP X I-Occupation
role NN X O
requires VBZ X O
you PRP X O
to TO X O
travel VB X B-Skill
around IN X I-Skill
a DT X I-Skill
designated JJ X I-Skill
area NN X I-Skill
in IN X O
all DT X O
weathers NNS X O
, , X O
so IN X O
you PRP X O
ll VBP X O
need VBP X O
to TO X O
have VB X O
a DT X O
real JJ X O
determination NN X B-Skill
to TO X O
put VB X B-Skill
the DT X I-Skill
customer NN X I-Skill
first RB X I-Skill
and CC X O
a DT X O
willingness NN X B-Skill
to TO X I-Skill
succeed VB X I-Skill
. . X O
Requirements NNS X O

for IN X O
iPhone JJ X B-Occupation
Developer NNP X I-Occupation
: : X O
Commercial JJ X B-Experience
iOS NN X I-Experience
development NN X I-Experience
experience NN X I-Experience
, , X O
strong JJ X B-Skill
ObjectiveC NNP X I-Skill
Good NNP X I-Skill
knowledge NN X I-Skill
of IN X I-Skill
web NN X I-Skill
technologies NNS X I-Skill
JSON NNP X I-Skill
, , X I-Skill
AJAX NNP X I-Skill
, , X I-Skill
AMF NNP X I-Skill
, , X I-Skill
HTTP NNP X I-Skill
, , X O
You PRP X O

should MD X O
be VB X O
a DT X O
lean JJ X B-Skill
/ NN X I-Skill
CI NNP X I-Skill
expert NN X I-Skill
having VBG X O
used VBN X O
a DT X O
wide JJ X O
range NN X O
of IN X O
tools NNS X O
and CC X O
techniques NNS X O
including VBG X O
A DT X O

commitment NN X O
to TO X O
equality NN X O
of IN X O
opportunity NN X O
and CC X O
widening VBG X O
access NN X O
to TO X O
education NN X B-Domain
for IN X O
all DT X O
Desirable JJ X O
Criteria NNS X O
: : X O
Ensure NN X O

customer NN X O
satisfaction NN X O
by IN X O
achieving VBG X O
a DT X O
first JJ X B-Skill
time NN X I-Skill
fix NN X I-Skill
, , X O
where WRB X O
possible JJ X O
, , X O
advising VBG X O
the DT X O
customer NN X O
on IN X O
resolution NN X B-Skill
of IN X I-Skill
the DT X I-Skill
issues NNS X I-Skill
. . X O
As IN X O

the DT X O
successful JJ X O
candidate NN X O
, , X O
you PRP X O
will MD X O
provide VB X B-Skill
expert JJ X I-Skill
advice NN X I-Skill
on IN X I-Skill
best JJS X I-Skill
practice NN X I-Skill
for IN X I-Skill
deployment NN X I-Skill
of IN X I-Skill
SharePoint NNP X I-Skill
, , X O
prioritising VBG X B-Skill
your PRP$ X I-Skill
time NN X I-Skill
effectively RB X I-Skill
in IN X O
order NN X O
to TO X O
meet VB X B-Skill
project JJ X I-Skill
deadlines NNS X I-Skill
. . X O
You PRP X O

will MD X O
have VB X O
an DT X O
acute JJ X B-Skill
ward NN X I-Skill
or CC X O
community NN X B-Skill
nursing NN X I-Skill
background NN X I-Skill
, , X O
a DT X O
current JJ X O
NMC NNP X B-Qualification
registration NN X I-Qualification
and CC X O
hold VB X O
a DT X O
full JJ X B-Qualification
EU NNP X I-Qualification
driving VBG X I-Qualification
licence NN X I-Qualification
. . X O
Key NNP X O

skills NNS X O
: : X O
Solid JJ X O
experience NN X O
development NN X B-Skill
of IN X I-Skill
apps NNS X I-Skill
released VBN X I-Skill
on IN X I-Skill
the DT X I-Skill
app NN X I-Skill
store NN X I-Skill
iOS NN X I-Skill
development NN X I-Skill
Objective NNP X I-Skill
C NNP X I-Skill
Web NNP X I-Skill
technologies NNS X I-Skill
: : X I-Skill
JSON NNP X I-Skill
/ NN X O
If IN X O

this DT X O
role NN X O
sounds VBZ X O
like IN X O
you PRP X O
, , X O
let VB X O
me PRP X O
know VB X O
If IN X O

you PRP X O
are VBP X O
looking VBG X O
to TO X O
develop VB X O
your PRP$ X O
career NN X O
, , X O
we PRP X O
can MD X O
assist VB X O
. . X O
Established VBN X O

in IN X O
the DT X O
mid NN X O
1990 CD X O
' '' X O
s NN X O
, , X O
they PRP X O
are VBP X O
backed VBN X O
by IN X O
one CD X O
of IN X O
the DT X O
largest JJS X O
internet JJ X O
payment NN X O
providers NNS X O
worldwide VBP X O
. . X O
LAW NNP X O

Absolute NNP X O
acts VBZ X O
as IN X O
an DT X O
employment NN X B-Domain
business NN X I-Domain
for IN X O
temporary JJ X B-Domain
recruitment NN X I-Domain
and CC X O
as IN X O
an DT X O
employment NN X B-Domain
agency NN X O
for IN X O
fixed JJ X O
term NN X O
contract NN X O
and CC X O
permanent JJ X B-Domain
recruitment NN X I-Domain
Please VB X O

ensure VB X O
your PRP$ X O
dates NNS X O
of IN X O
employment NN X O
, , X O
contact NN X O
numbers NNS X O
and CC X O
residential JJ X O
address NN X O
details NNS X O
are VBP X O
on IN X O
your PRP$ X O
CV NNP X O
. . X O
Enter NNP X B-Skill

project NN X I-Skill
details NNS X I-Skill
onto IN X I-Skill
the DT X I-Skill
company NN X I-Skill
document NN X I-Skill
system NN X I-Skill
including VBG X O
project NN X B-Skill
drawings NNS X I-Skill
, , X O
software NN X B-Skill
and CC X I-Skill
testing VBG X I-Skill
documentation NN X I-Skill
and CC X O
sales NNS X B-Skill
quotations NNS X I-Skill
the DT X O

affiliate NN X O
program NN X O
Maintain NNP X B-Skill
costs VBZ X I-Skill
to TO X I-Skill
budget NN X I-Skill
, , X O
drive NN X B-Skill
qualified VBD X I-Skill
traffic NN X I-Skill
and CC X I-Skill
sales NNS X I-Skill
Oversee VBP X I-Skill
The DT X O

role NN X O
involves VBZ X O
an DT X O
element NN X O
of IN X O
direct JJ X B-Skill
client NN X I-Skill
contact NN X I-Skill
working VBG X I-Skill
from IN X I-Skill
start NN X I-Skill
to TO X I-Skill
finish VB X I-Skill
on IN X I-Skill
multiple JJ X I-Skill
projects NNS X I-Skill
at IN X I-Skill
any DT X I-Skill
time NN X I-Skill
, , X O
pitching VBG X B-Skill
to TO X I-Skill
clients NNS X I-Skill
, , X O
art NN X B-Skill
directing VBG X I-Skill
photo NN X I-Skill
shoots NNS X I-Skill
, , X O
commissioning VBG X B-Skill
and CC X I-Skill
laying VBG X I-Skill
out RP X I-Skill
supplements NNS X I-Skill
, , X O
directing VBG X B-Skill
short JJ X I-Skill
videos NN X O
as RB X O
well RB X O
as IN X O
working VBG X B-Skill
on IN X I-Skill
miniwebsite JJ X I-Skill
hubs NNS X I-Skill
and CC X O
iPad JJ X B-Skill
projects NNS X I-Skill
. . X O
The DT X O

Person NNP X O
: : X O
Compensation NN X O
and CC X O
/ NN X O
or CC X O
benefits NNS X O
from IN X O
an DT X O
international JJ X O
industrial JJ X O
company NN X O
or CC X O
for IN X O
a DT X O
leading VBG X B-Skill
consulting NN X I-Skill
firm NN X I-Skill
Proven NNP X O
experience NN X B-Skill
in IN X I-Skill
the DT X I-Skill
development NN X I-Skill
of IN X I-Skill
solutions NNS X I-Skill
for IN X I-Skill
strategic JJ X I-Skill
and CC X I-Skill
operational JJ X I-Skill
compensation NN X I-Skill
issues NNS X I-Skill
and CC X I-Skill
their PRP$ X I-Skill
functional JJ X I-Skill
implementation NN X O
Knowledge NNP X B-Skill
of IN X I-Skill
Compensation NNP X I-Skill
Consulting NNP X I-Skill
is VBZ X O
advantageous JJ X O
Experience NN X B-Skill
in IN X I-Skill
project NN X I-Skill
management NN X I-Skill
and CC X O
in IN X O
managing VBG X B-Skill
teams NNS X I-Skill
is VBZ X O
a DT X O
plus JJ X O
Analytical JJ X B-Skill
thinking NN X I-Skill
Excellent NNP X O
presentation NN X B-Skill
and CC X I-Skill
communication NN X I-Skill
skills NNS X I-Skill
They PRP X O

are VBP X O
both DT X O
demanding VBG X O
and CC X O
liberal JJ X O
and CC X O
want JJ X O
students NNS X O
to TO X O
develop VB X B-Skill
into IN X I-Skill
articulate NN X I-Skill
and CC X I-Skill
confident JJ X I-Skill
young JJ X I-Skill
people NNS X I-Skill
with IN X I-Skill
clear JJ X I-Skill
personal JJ X I-Skill
and CC X I-Skill
professional JJ X I-Skill
goals NNS X I-Skill
. . X O
**** JJ X O

year NN X O
plan NN X O
which WDT X O
involves VBZ X O
significant JJ X O
growth NN X O
of IN X O
the DT X O
existing VBG X O
business NN X O
as RB X O
well RB X O
as IN X O
exciting VBG X O
new JJ X O
opportunities NNS X O
. . X O
Developers NNS X O

required VBN X O
for IN X O
software NN X B-Skill
house NN X O
with IN X O
client NN X O
sectors NNS X O
of IN X O
music NN X B-Domain
, , X O
film NN X B-Domain
and CC X O
TV NN X B-Domain
. . X O
Leading VBG X B-Skill

nbsp NN X I-Skill
; : X I-Skill
personal JJ X I-Skill
and CC X I-Skill
professional JJ X I-Skill
development NN X I-Skill
issues NNS X I-Skill
with IN X O
partners NNS X O
for IN X O
department NN X O
personnel NNS X O
nbsp VBP X O
; : X O
Ability NN X O

to TO X O
work VB X B-Skill
to TO X I-Skill
deadlines NNS X I-Skill
and CC X O
manage VB X B-Skill
own JJ X I-Skill
workload NN X I-Skill
Used VBN X I-Skill
to TO X I-Skill
working VBG X I-Skill
to TO X I-Skill
very RB X I-Skill
tight JJ X I-Skill
deadlines NNS X I-Skill
in IN X I-Skill
a DT X I-Skill
fastpaced JJ X I-Skill
environment NN X I-Skill
Able NNP X O
to TO X O
working VBG X B-Skill
in IN X I-Skill
a DT X I-Skill
highly RB X I-Skill
demanding VBG X I-Skill
atmosphere RB X I-Skill
Able JJ X I-Skill
to TO X I-Skill
come VB X I-Skill
up RP X I-Skill
with IN X I-Skill
ideas NNS X I-Skill
for IN X I-Skill
improvement NN X I-Skill
and CC X I-Skill
development NN X I-Skill
of IN X I-Skill
the DT X I-Skill
business NN X I-Skill
Team NNP X I-Skill
player NN X I-Skill
but CC X O
also RB X O
able JJ X B-Skill
to TO X I-Skill
work VB X I-Skill
alone RB X I-Skill
and CC X O
use VB X B-Skill
own JJ X I-Skill
initiative NN X I-Skill
You PRP X O

need VBP X O
to TO X O
be VB X O
; : X O
An DT X O
experienced JJ X O
kitchen NN X B-Occupation
sales NNS X I-Occupation
consultant NN X I-Occupation
who WP X O
can MD X O
show VB X O
proven JJ X B-Skill
success NN X I-Skill
in IN X I-Skill
this DT X I-Skill
arena NN X I-Skill
Able NNP X I-Skill
to TO X I-Skill
see VB X I-Skill
the DT X I-Skill
project NN X I-Skill
through IN X I-Skill
from IN X I-Skill
sale NN X I-Skill
to TO X I-Skill
completion NN X I-Skill
. . X O
Our PRP$ X O

client NN X O
list NN X O
includes VBZ X O
> JJ X O
80 CD X O
% NN X O
of IN X O
the DT X O
global JJ X O
top JJ X O
insurers NNS X O
and CC X O
we PRP X O
have VBP X O
industry NN X O
partnerships NNS X O
with IN X O
major JJ X O
institutions NNS X O
, , X O
e NN X O
. . X O
g NN X O
. . X O
The DT X O
Geneva NNP X O
Association NNP X O
. . X O
A DT X O

passion NN X B-Skill
for IN X I-Skill
business NN X I-Skill
and CC X O
a DT X O
commercial JJ X B-Skill
outlook NN X I-Skill
Natural NNP X I-Skill
confidence NN X I-Skill
To TO X O
be VB X O
considered VBN X O
for IN X O
this DT X O
corporate JJ X O
and CC X O
public JJ X B-Skill
affairs NNS X I-Skill
communications NNS X I-Skill
Business NNP X B-Occupation
Development NNP X I-Occupation
Consultant NNP X I-Occupation
role NN X O
please NN X O
click NN X O
to TO X O
apply VB X O
www NN X O
. . X O
theworks NNS X O
. . X O
co NN X O
. . X O
uk NN X O
You PRP X O

will MD X O
be VB X O
meeting VBG X B-Skill
with IN X I-Skill
key JJ X I-Skill
decision NN X I-Skill
makers NNS X I-Skill
, , X O
participating VBG X B-Skill
in IN X I-Skill
demonstration NN X I-Skill
/ NNP X I-Skill
training NN X I-Skill
of IN X I-Skill
technologies NNS X I-Skill
and CC X I-Skill
equipment NN X I-Skill
. . X O
If IN X O

you PRP X O
match VBP X O
the DT X O
specified VBN X O
criteria NNS X O
and CC X O
are VBP X O
interested JJ X O
in IN X O
discussing VBG X O
the DT X O
position NN X O
in IN X O
more JJR X O
detail NN X O
, , X O
we PRP X O
would MD X O
love VB X O
to TO X O
hear VB X O
from IN X O
you PRP X O
. . X O
Commission NNP X O

20 CD X O
% NN X O
Company NN X O
Car NNP X O
Fully NNP X O
Expensed VBD X O
Company NNP X O
Car NNP X O
Benefits NNS X O
Monitor NNP X O

department NN X O
for IN X O
all DT X O
project NN X O
timings NNS X O
and CC X O
ensuring VBG X O
work NN X O
is VBZ X O
delivered VBN X O
on IN X O
time NN X O
. . X O
Responsible JJ X B-Skill

for IN X I-Skill
the DT X I-Skill
daily JJ X I-Skill
operational JJ X I-Skill
and CC X O
clinical JJ X B-Skill
management NN X I-Skill
, , X O
in IN X O
order NN X O
to TO X O
meet VB X O
quality NN X O
outcomes NNS X O
for IN X O
medical JJ X O
and CC X O
financial JJ X O
performance NN X O
. . X O
Educating VBG X B-Skill

existing VBG X I-Skill
customers NNS X I-Skill
on IN X I-Skill
new JJ X I-Skill
products NNS X I-Skill
and CC X O
services NNS X B-Skill
to TO X I-Skill
all DT X I-Skill
customers NNS X I-Skill
and CC X O
making VBG X O
sure JJ X O
they PRP X O
are VBP X O
fully RB X O
aware JJ X O
of IN X O
existing VBG X O
and CC X O
future JJ X O
developments NNS X O
. . X O
The DT X O

successful JJ X O
candidate NN X O
will MD X O
have VB X O
a DT X O
minimum NN X O
of IN X O
8 CD X B-Experience
years NNS X I-Experience
experience NN X I-Experience
in IN X O
project NN X B-Skill
management NN X I-Skill
within IN X I-Skill
the DT X I-Skill
embedded JJ X I-Skill
software NN X I-Skill
space NN X I-Skill
i NN X I-Skill
. . X I-Skill
e NN X I-Skill
. . X I-Skill
mobile JJ X I-Skill
handset NN X I-Skill
or CC X I-Skill
other JJ X I-Skill
hightech NN X I-Skill
, , X O
and CC X O
will MD X O
have VB X O
a DT X O
good JJ X O
understanding NN X B-Skill
of IN X I-Skill
both CC X I-Skill
the DT X I-Skill
business NN X I-Skill
and CC X I-Skill
technical JJ X I-Skill
environment NN X I-Skill
. . X O
I PRP X O

am VBP X O
currently RB X O
looking VBG X O
for IN X O
a DT X O
General NNP X B-Occupation
Manager NNP X I-Occupation
to TO X O
join VB X O
Late NNP X O
night NN X O
venues NNS X O
based VBN X O
around IN X O
Central NNP X O
London NNP X O
. . X O
Provide NNP X O

internal JJ X B-Skill
and CC X O
external JJ X B-Skill
technical JJ X I-Skill
support NN X I-Skill
Report NNP X O
directly RB X O
to TO X O
the DT X O
Managing NNP X B-Occupation
Director NNP X I-Occupation
Service NNP X I-Occupation
Managers NNP X I-Occupation
Requirements NNP X O
Air NNP X B-Domain
Conditioning NNP X I-Domain
/ JJ X O
chillers NNS X B-Domain
experience NN X O
is VBZ X O
All DT X O

applicants NNS X O
must MD X O
have VB X O
vast JJ X O
experience NN X O
in IN X O
the DT X O
project NN X B-Skill
management NN X I-Skill
of IN X I-Skill
large JJ X I-Skill
power NN X I-Skill
generation NN X I-Skill
projects NNS X I-Skill
. . X O
The DT X O

emphasis NN X O
is VBZ X O
on IN X O
technical JJ X B-Skill
aptitude NN X I-Skill
and CC X O
self JJ X B-Skill
motivation NN X I-Skill
rather RB X O
than IN X O
detailed VBN X O
knowledge NN X O
in IN X O
a DT X O
specific JJ X O
field NN X O
. . X O
Work NN X O

closely RB X O
with IN X O
Lead NNP X O
Gen NNP X O
to TO X O
develop VB X B-Skill
qualified JJ X I-Skill
leads NNS X I-Skill
. . X O
An DT X O

exciting JJ X O
opportunity NN X O
has VBZ X O
arisen VBN X O
at IN X O
a DT X O
world NN X O
renowned VBD X O
international JJ X O
humanitarian JJ X O
charity NN X O
at IN X O
their PRP$ X O
regional JJ X O
office NN X O
in IN X O
Hertford NNP X O
for IN X O
a DT X O
Senior NNP X B-Occupation
Community NNP X I-Occupation
Fundraiser NNP X I-Occupation
. . X O
To TO X O

apply VB X O
for IN X O
this DT X O
position NN X O
, , X O
candidates NNS X O
must MD X O
be VB X O
eligible JJ X O
to TO X O
live VB X O
and CC X O
work VB X O
in IN X O
the DT X O
UK NNP X O
Barclay NNP X O
Meade NNP X O
is VBZ X O
acting VBG X O
as IN X O
an DT X O
Employment NN X O
Business NN X O
in IN X O
relation NN X O
to TO X O
this DT X O
vacancy NN X O
. . X O
The DT X O

inclusion NN X O
of IN X O
commercial JJ X B-Skill
events NNS X I-Skill
/ JJ X I-Skill
activities NNS X I-Skill
that WDT X I-Skill
are VBP X I-Skill
likely JJ X I-Skill
to TO X I-Skill
have VB X I-Skill
an DT X I-Skill
impact NN X I-Skill
on IN X I-Skill
the DT X I-Skill
timing NN X I-Skill
of IN X I-Skill
the DT X I-Skill
remaining VBG X I-Skill
works NNS X I-Skill
and CC X O
the DT X O
production NN X B-Skill
of IN X I-Skill
analysis NN X I-Skill
demonstrating VBG X O
the DT X O
effects NNS X O
on IN X O
the DT X O
baseline NN X O
programme NN X O
. . X O
Alternatively RB X O

send VB X O
me PRP X O
your PRP$ X O
CV NNP X O
and CC X O
covering VBG X O
letter NN X O
to TO X O
scott VB X O
. . X O
carlinecirclerecruitment NN X O
. . X O
com NN X O
: : X O

Applicants NNS X O
must MD X O
be VB X O
eligible JJ X O
to TO X O
work VB X O
in IN X O
the DT X O
specified VBN X O
location NN X O
Job NNP X O
duration NN X O
: : X O
18 CD X O
months NNS X O
If IN X O

you PRP X O
are VBP X O
a DT X O
nurse JJ X B-Skill
RMN NNP X B-Qualification
or CC X O
RGN NNP X B-Qualification
passionate VBP X O
about IN X O
care NN X B-Skill
of IN X I-Skill
the DT X I-Skill
elderly JJ X I-Skill
seeking VBG X I-Skill
a DT X I-Skill
new JJ X I-Skill
position NN X I-Skill
then RB X O
this DT X O
could MD X O
be VB X O
the DT X O
position NN X O
for IN X O
you PRP X O
please VBP X O
apply VB X O
today NN X O
. . X O
This DT X O

gives VBZ X O
you PRP X O
firsthand VBP X O
experience NN X O
and CC X O
a DT X O
real JJ X O
career NN X O
opportunity NN X O
in IN X O
an DT X O
affluent JJ X O
area NN X O
of IN X O
Hemel NNP X O
Hempstead NNP X O
. . X O
Please NNP X O

continue VBP X O
to TO X O
visit VB X O
the DT X O
website NN X O
for IN X O
other JJ X O
opportunities NNS X O
. . X O
Vocus NNP X O

is VBZ X O
looking VBG X O
for IN X O
a DT X O
strong JJ X B-Skill
MidMarket NNP X I-Skill
Software NNP X B-Occupation
Sales NNS X I-Occupation
Executive NN X I-Occupation
to TO X O
support VB X O
our PRP$ X O
worldwide JJ X O
expansion NN X O
. . X O
To TO X O

fully RB X O
understand VB X B-Skill
the DT X I-Skill
raw JJ X I-Skill
material NN X I-Skill
supply NN X I-Skill
chain NN X I-Skill
for IN X O
Clothing NNP X B-Domain
. . X O
A DT X O

recognised JJ X O
relevant JJ X O
qualification NN X O
eg NN X O
ACA NNP X B-Qualification
, , X O
CFA NNP X B-Qualification
, , X O
ACCA NNP X B-Qualification
, , X O
CIMA NNP X B-Qualification
, , X O
CIPFA NNP X B-Qualification
or CC X O
evidence NN X O
of IN X O
equivalent JJ X B-Skill
understanding NN X I-Skill
of IN X I-Skill
relevant JJ X I-Skill
financial JJ X I-Skill
accounting NN X I-Skill
concepts NNS X I-Skill
and CC X I-Skill
principles NNS X I-Skill
from IN X I-Skill
practical JJ X I-Skill
experience NN X I-Skill
. . X O
Provide NNP X B-Skill

decision NN X I-Skill
support NN X I-Skill
to TO X I-Skill
critical JJ X I-Skill
initiatives NNS X I-Skill
and CC X I-Skill
investment NN X I-Skill
projects NNS X I-Skill
and CC X I-Skill
help VB X I-Skill
delivery NN X I-Skill
of IN X I-Skill
targets NNS X I-Skill
through IN X I-Skill
insightful JJ X I-Skill
analysis NN X I-Skill
idea NN X I-Skill
generation NN X I-Skill
. . X O
The DT X O

ideal JJ X O
candidate NN X O
will MD X O
possess VB X O
the DT X O
following JJ X O
business NN X O
skills NNS X O
: : X O
Closed VBD X B-Skill
profitable JJ X I-Skill
new JJ X I-Skill
business NN X I-Skill
deals NNS X I-Skill
Sold VBD X O
to TO X O
the DT X O
Finance NNP X B-Domain
sector NN X O
in IN X O
London NNP X O
Driven NNP X B-Skill
and CC X O
motivated VBD X B-Skill
to TO X O
be VB X O
successful JJ X O
in IN X O
new JJ X O
business NN X O
sales NNS X O
Sold VBN X O
to TO X O
IT NNP X O
Directors NNP X O
of IN X O
Enterprise NNP X O
business NN X O
For IN X O

immediate JJ X O
consideration NN X O
send VB X O
a DT X O
CV NNP X O
to TO X O
simon VB X O
. . X O
brownsecrecruitment NN X O
. . X O
com NN X O
or CC X O
call VB X O
[ JJ X O
blocked VBN X O
] NN X O
A DT X O

Sous JJ X B-Occupation
Chef NN X I-Occupation
with IN X O
solid JJ X O
knowledge NN X B-Skill
of IN X I-Skill
British JJ X I-Skill
cuisine NN X I-Skill
is VBZ X O
needed VBN X O
to TO X O
help VB X O
move VB X O
a DT X O
fabulous JJ X O
Gastro NNP X O
pub NN X O
forward RB X O
. . X O
You PRP X O

would MD X O
be VB X O
required VBN X O
to TO X O
visit VB X B-Skill
clients NNS X I-Skill
in IN X I-Skill
their PRP$ X I-Skill
home NN X I-Skill
on IN X I-Skill
prearranged JJ X I-Skill
appointments NNS X I-Skill
to TO X O
discuss VB X B-Skill
and CC X I-Skill
sell VB X I-Skill
renewable JJ X I-Skill
energy NN X I-Skill
solutions NNS X I-Skill
. . X O
We PRP X O

offer VBP X O
unrivalled JJ X O
opportunities NNS X O
across IN X O
all DT X O
specialisms NNS X O
and CC X O
industry NN X O
sectors NNS X O
, , X O
presenting VBG X O
you PRP X O
with IN X O
only RB X O
the DT X O
best JJS X O
marketing NN X B-Skill
jobs NNS X O
. . X O
You PRP X O

will MD X O
provide VB X O
mentoring NN X B-Skill
and CC X O
guidance NN X B-Skill
to TO X O
more JJR X O
junior JJ X O
1st CD X O
and CC X O
2nd CD X O
line NN X O
colleagues NNS X O
. . X O
We PRP X O

are VBP X O
looking VBG X O
for IN X O
occupationally RB X O
competent JJ X O
Assessors NNS X B-Occupation
who WP X O
are VBP X O
from IN X O
the DT X O
Hospitality NNP X B-Skill
industry NN X I-Skill
to TO X O
support VB X B-Skill
work NN X I-Skill
based VBN X I-Skill
candidates NNS X I-Skill
through IN X I-Skill
their PRP$ X I-Skill
Scottish JJ X I-Skill
Vocational NNP X I-Skill
Qualification NNP X I-Skill
/ NNP X I-Skill
Modern NNP X I-Skill
Apprenticeship NNP X I-Skill
in IN X I-Skill
hotels NNS X I-Skill
, , X I-Skill
restaurants NNS X I-Skill
, , X I-Skill
bars NNS X I-Skill
and CC X I-Skill
other JJ X I-Skill
relevant JJ X I-Skill
areas NNS X I-Skill
of IN X I-Skill
the DT X I-Skill
hospitality NN X I-Skill
industry NN X I-Skill
in IN X O
and CC X O
around IN X O
Aberdeenshire NNP X O
. . X O
You PRP X O

will MD X O
provide VB X B-Skill
detailed JJ X I-Skill
quotations NNS X I-Skill
and CC X I-Skill
proposals NNS X I-Skill
to TO X I-Skill
customers NNS X I-Skill
, , X O
maintaining VBG X B-Skill
customer NN X I-Skill
relationships NNS X I-Skill
effectively RB X O
. . X O
In IN X O

return NN X O
my PRP$ X O
client NN X O
can MD X O
offer VB X O
a DT X O
competitive JJ X O
basic JJ X O
salary NN X O
and CC X O
benefits NNS X O
, , X O
excellent JJ X O
work NN X O
life NN X O
balance NN X O
including VBG X O
flexible JJ X O
hours NNS X O
and CC X O
a DT X O
To TO X O

ensure VB X O
the DT X O
highest JJS X O
standard NN X O
of IN X O
payroll NN X B-Skill
services NNS X I-Skill
in IN X I-Skill
a DT X I-Skill
timely JJ X I-Skill
fashion NN X I-Skill
and CC X I-Skill
in IN X I-Skill
accordance NN X I-Skill
with IN X I-Skill
statutory JJ X I-Skill
regulations NNS X I-Skill
. . X O
Please NNP X O

click VBZ X O
the DT X O
APPLY NNP X O
button NN X O
to TO X O
send VB X O
your PRP$ X O
interest NN X O
for IN X O
this DT X O
role NN X O
, , X O
then RB X O
we PRP X O
will MD X O
send VB X O
an DT X O
email NN X O
. . X O
Reporting VBG X B-Skill

to TO X I-Skill
the DT X I-Skill
Mechanical NNP X I-Skill
Manager NNP X I-Skill
, , X O
you PRP X O
' '' X O
ll JJ X O
be VB X O
tasked VBN X O
with IN X O
managing VBG X B-Skill
multiple JJ X I-Skill
projects NNS X I-Skill
of IN X I-Skill
varying VBG X I-Skill
value NN X I-Skill
which WDT X O
will MD X O
include VB X O
estimation NN X O
and CC X O
design NN X O
input NN X O
for IN X O
both DT X O
new JJ X O
and CC X O
existing JJ X O
clients NNS X O
, , X O
whilst NNS X O
ensuring VBG X O
all DT X O
projects NNS X O
are VBP X O
delivered VBN X O
within IN X O
budget NN X O
and CC X O
in IN X O
a DT X O
safe JJ X O
and CC X O
timely JJ X O
manner NN X O
. . X O
Work NN X O

with IN X O
customer NN X O
, , X O
Group NNP X B-Occupation
account NN X I-Occupation
manager NN X I-Occupation
and CC X O
Chief NNP X B-Domain
technical JJ X I-Domain
Engineer NNP X I-Domain
to TO X O
ensure VB X O
user NN X O
s NN X O
requirements NNS X O
is VBZ X O
clearly RB X O
understood JJ X O
and CC X O
agreed VBD X O
. . X O
**** JJ X O

Experience NNP X O
of IN X O
partnering VBG X B-Skill
relationships NNS X I-Skill
: : X O
customer NN X O
and CC X O
supply NN X O
chain NN X O
collaboration NN X O
A DT X O

telesales JJ X O
function NN X O
will MD X O
provide VB X O
pre NN X O
booked JJ X O
appointments NNS X O
, , X O
however RB X O
as IN X O
part NN X O
of IN X O
the DT X O
role NN X O
you PRP X O
would MD X O
be VB X O
required VBN X O
to TO X O
supplement VB X B-Skill
these DT X O
with IN X O
self NN X B-Skill
generated VBN X I-Skill
appointments NNS X I-Skill
as IN X O
and CC X O
when WRB X O
needed VBN X O
. . X O
Ensure NN X O

that WDT X O
customer NN X O
focus NN X O
, , X O
both DT X O
internal JJ X O
and CC X O
external JJ X O
, , X O
is VBZ X O
a DT X O
priority NN X O
for IN X O
the DT X O
Hospital NNP X O
e NN X O
. . X O
g NN X O
. . X O
Enquiry NNP X B-Skill
Management NNP X I-Skill
, , X O
etc FW X O
Uphold VBD X B-Skill
the DT X I-Skill
values NNS X I-Skill
of IN X I-Skill
the DT X I-Skill
Company NNP X I-Skill
and CC X I-Skill
uphold VB X I-Skill
your PRP$ X I-Skill
code NN X I-Skill
of IN X I-Skill
professional JJ X I-Skill
conduct NN X I-Skill
where WRB X I-Skill
applicable JJ X I-Skill
. . X O
To TO X O

contribute VB X O
to TO X O
the DT X O
development NN X O
of IN X O
the DT X O
area NN X O
of IN X O
Media NNP X B-Domain
and CC X O
Digital NNP X B-Domain
Communications NNP X I-Domain
as IN X O
a DT X O
Learning NNP X B-Domain
Company NNP X O
. . X O
The DT X O

role NN X O
of IN X O
Technical NNP X B-Occupation
Applications NNP X I-Occupation
Manager NNP X I-Occupation
/ NNP X I-Occupation
Engineer NNP X I-Occupation
offers VBZ X O
a DT X O
basic JJ X O
salary NN X O
of IN X O
Our PRP$ X O

client NN X O
' POS X O
s NN X O
business NN X O
is VBZ X O
growing VBG X O
at IN X O
a DT X O
rapid JJ X O
rate NN X O
and CC X O
need VBP X O
the DT X O
very RB X O
best JJS X O
Managers NNS X B-Occupation
to TO X O
add VB X O
value NN X O
to TO X O
their PRP$ X O
business NN X O
and CC X O
become VB X O
part NN X O
of IN X O
their PRP$ X O
success NN X O
. . X O
The DT X O

successful JJ X O
applicant NN X O
will MD X O
have VB X O
relevant JJ X O
Practice NNP X O
experience NN X O
dealing VBG X B-Skill
with IN X I-Skill
the DT X I-Skill
audit NN X I-Skill
and CC X I-Skill
accounting NN X I-Skill
requirements NNS X I-Skill
for IN X O
Owner NNP X O
Managed NNP X O
Businesses NNP X O
. . X O
They PRP X O

are VBP X O
now RB X O
looking VBG X O
for IN X O
an DT X O
experienced JJ X B-Skill
kitchen NN X B-Occupation
sales NNS X I-Occupation
consultant NN X I-Occupation
to TO X O
help VB X O
them PRP X O
cope VB X O
with IN X O
demand NN X O
. . X O
Assist NN X B-Skill

in IN X I-Skill
a DT X I-Skill
range NN X I-Skill
of IN X I-Skill
patient NN X I-Skill
care NN X I-Skill
administrative JJ X I-Skill
and CC X I-Skill
housekeeping JJ X I-Skill
duties NNS X I-Skill
within IN X O
the DT X O
Department NNP X O
. . X O
If IN X O

you PRP X O
feel VBP X O
this DT X O
is VBZ X O
the DT X O
role NN X O
for IN X O
you PRP X O
and CC X O
want VB X O
to TO X O
work VB X O
in IN X O
Epsom NNP X O
, , X O
please VB X O
apply VB X O
today NN X O
Thank NNP X O
you PRP X O
for IN X O
showing VBG X O
your PRP$ X O
interest NN X O
in IN X O
Tate NNP X O
. . X O
The DT X O

successful JJ X O
candidate NN X O
will MD X O
possess VB X O
: : X O
Degree NNP X B-Qualification
in IN X I-Qualification
Engineering NNP X I-Qualification
, , X I-Qualification
Construction NNP X I-Qualification
Management NNP X I-Qualification
or CC X I-Qualification
Business NNP X I-Qualification
Management NNP X I-Qualification
plus CC X O
a DT X O
minimum NN X O
of IN X O
15 CD X B-Experience
years NNS X I-Experience
experience NN X I-Experience
in IN X O
Estimating NNP X B-Skill
major JJ X I-Skill
Marine NNP X I-Skill
Installation NNP X I-Skill
and CC X I-Skill
Offshore NNP X I-Skill
and CC X I-Skill
Fabrication NNP X I-Skill
of IN X I-Skill
Production NNP X I-Skill
and CC X I-Skill
Storage NNP X I-Skill
Facilities NNP X I-Skill
. . X O
It PRP X O

is VBZ X O
important JJ X O
that IN X O
you PRP X O
are VBP X O
forward RB X B-Skill
thinking VBG X I-Skill
and CC X O
are VBP X O
able JJ X O
to TO X O
interact VB X B-Skill
efficiently RB X I-Skill
when WRB X I-Skill
doing VBG X I-Skill
three CD X I-Skill
way NN X I-Skill
handovers NNS X I-Skill
, , X O
ensuring VBG X O
that IN X O
the DT X O
customer NN X O
and CC X O
dispenser NN X O
understand VBP X O
any DT X O
special JJ X O
requirements NNS X O
. . X O
During IN X O

a DT X O
typical JJ X O
project NN X O
you PRP X O
will MD X O
be VB X O
briefed VBN X O
by IN X O
a DT X O
Business NNP X B-Occupation
Analyst NNP X I-Occupation
and CC X O
you PRP X B-Skill
will MD X I-Skill
be VB X I-Skill
responsible JJ X I-Skill
for IN X I-Skill
your PRP$ X I-Skill
own JJ X I-Skill
technical JJ X I-Skill
designs NNS X I-Skill
ensuring VBG X I-Skill
they PRP X I-Skill
are VBP X I-Skill
kept VBN X I-Skill
in IN X I-Skill
line NN X I-Skill
with IN X I-Skill
the DT X I-Skill
overall JJ X I-Skill
architecture NN X I-Skill
of IN X I-Skill
these DT X I-Skill
complex JJ X I-Skill
transactional NN X I-Skill
systems NNS X I-Skill
. . X O
You PRP X O

will MD X O
be VB X O
required VBN X O
to TO X O
assist VB X B-Skill
the DT X I-Skill
sales NNS X I-Skill
team NN X I-Skill
when WRB X O
necessary JJ X O
and CC X O
communicate VB X B-Skill
new JJ X I-Skill
customer NN X I-Skill
requirements NNS X I-Skill
to TO X I-Skill
the DT X I-Skill
development NN X I-Skill
teams NNS X I-Skill
. . X O
If IN X O

this DT X O
sounds VBZ X O
of IN X O
interest NN X O
then RB X O
please VB X O
send VB X O
your PRP$ X O
most RBS X O
recent JJ X O
cv NN X O
to TO X O
bankingalexanderblackrecruitment VB X O
. . X O
co NN X O
. . X O
uk NN X O
or CC X O
call VB X O
James NNP X O
Holland NNP X O
on IN X O
They PRP X O

are VBP X O
looking VBG X O
to TO X O
expand VB X O
their PRP$ X O
civils NNS X O
based VBN X O
production NN X O
team NN X O
in IN X O
London NNP X O
after IN X O
being VBG X O
extremely RB X O
successful JJ X O
in IN X O
winning VBG X O
a DT X O
number NN X O
of IN X O
rail NN X O
and CC X O
tunnelling NN X O
projects NNS X O
which WDT X O
includes VBZ X O
the DT X O
high JJ X O
profile NN X O
London NNP X O
Underground NNP X O
and CC X O
Cross NNP X O
rail NN X O
Schemes NNP X O
, , X O
so IN X O
they PRP X O
want VBP X O
to TO X O
increase VB X O
their PRP$ X O
number NN X O
of IN X O
Site NNP X B-Occupation
Engineers NNPS X I-Occupation
. . X O
You PRP X O

will MD X O
be VB X O
responsible JJ X O
for IN X O
the DT X O
training NN X B-Skill
of IN X I-Skill
shop NN X I-Skill
floor NN X I-Skill
staff NN X I-Skill
to TO X I-Skill
senior JJ X I-Skill
management NN X I-Skill
in IN X O
leanprincipals NNS X O
andorganisational JJ X O
training NN X O
events NNS X O
. . X O
commitment NN X O

to TO X O
being VBG X O
the DT X O
UK NNP X O
' POS X O
s NN X O
best RBS X O
automotive JJ X B-Domain
retailer NN X I-Domain
means VBZ X O
supporting VBG X O
and CC X O
rewarding VBG X O
their PRP$ X O
colleagues NNS X O
in IN X O
and CC X O
out IN X O
of IN X O
the DT X O
workplace NN X O
. . X O
This DT X O

is VBZ X O
an DT X O
outstanding JJ X O
opportunity NN X O
for IN X O
the DT X O
right JJ X O
candidate NN X O
within IN X O
a DT X O
very RB X O
stable JJ X O
and CC X O
forward JJ X O
thinking NN X O
organisation NN X O
. . X O
Metropolitan NNP X O

employees NNS X O
also RB X O
have VBP X O
access NN X O
to TO X O
a DT X O
voluntary JJ X O
benefits NNS X O
portal NN X O
which WDT X O
offers VBZ X O
a DT X O
wide JJ X O
range NN X O
of IN X O
discounts NNS X O
on IN X O
products NNS X O
and CC X O
services NNS X O
such JJ X O
as IN X O
travel NN X O
and CC X O
high JJ X O
street NN X O
vouchers NNS X O
. . X O
It PRP X O

is VBZ X O
essential JJ X O
that IN X O
all DT X O
candidates NNS X O
have VBP X O
first JJ X O
class NN X O
communication NN X B-Skill
skills NNS X I-Skill
? . X O
All PDT X O

the DT X O
Operation NN X B-Occupation
Managers NNS X I-Occupation
are VBP X O
former JJ X O
Head NNP X B-Occupation
or CC X I-Occupation
Executive NNP X I-Occupation
Chefs NNP X I-Occupation
. . X O
Running VBG X B-Skill

errands NNS X I-Skill
Getting VBG X I-Skill
involved VBN X I-Skill
with IN X I-Skill
projects NNS X I-Skill
The DT X O
successful JJ X O
candidate NN X O
will MD X O
be VB X B-Skill
immaculately RB X I-Skill
presented VBN X I-Skill
with IN X O
confident JJ X B-Skill
communications NNS X I-Skill
skills NNS X I-Skill
. . X O
personal JJ X O

and CC X O
team JJ X O
sales NNS X B-Domain
targets NNS X O
Proactive NNP X B-Skill
and CC X O
ambitious JJ X B-Skill
selfstarter NN X I-Skill
Strong NNP X O
management NN X B-Skill
and CC X I-Skill
leadership NN X I-Skill
skills NNS X I-Skill
and CC X O
experience NN X O
Good NNP X O
analytical JJ X B-Skill
skills NNS X I-Skill
Good JJ X O
networker NN X B-Skill
with IN X O
established VBN X O
industry NN X B-Domain
contacts NNS X O
Degree NNP X B-Qualification
or CC X O
equivalent JJ X O
qualification NN X O
**** JJ X O

working VBG X O
days NNS X O
your PRP$ X O
application NN X O
has VBZ X O
been VBN X O
unsuccessful JJ X O
in IN X O
reaching VBG X O
the DT X O
next JJ X O
stage NN X O
. . X O
Have VBP X O

strong JJ X O
written VBN X B-Skill
and CC X I-Skill
oral JJ X I-Skill
English NNP X I-Skill
Language NNP X I-Skill
communication NN X I-Skill
skills NNS X O
. . X O
Other JJ X O

duties NNS X O
include VBP X O
coordination NN X B-Skill
of IN X I-Skill
resources NNS X I-Skill
in IN X I-Skill
project NN X I-Skill
controls NNS X I-Skill
and CC X O
accounting NN X B-Skill
to TO X O
provide VB X B-Skill
necessary JJ X I-Skill
historical JJ X I-Skill
data NNS X I-Skill
and CC X I-Skill
project NN X I-Skill
and CC X I-Skill
operations NNS X I-Skill
costs NNS X I-Skill
data NNS X I-Skill
for IN X I-Skill
utilization NN X I-Skill
by IN X O
Estimating NNP X B-Skill
. . X O
As IN X O

an DT X O
individual NN X O
, , X O
you PRP X O
will MD X O
ideally RB X O
have VB X O
a DT X O
formal JJ X B-Qualification
degree NN X I-Qualification
, , X I-Qualification
preferably RB X I-Qualification
in IN X I-Qualification
a DT X I-Qualification
marketing NN X I-Qualification
or CC X I-Qualification
related VBN X I-Qualification
discipline NN X I-Qualification
, , X O
as RB X O
well RB X O
as IN X O
selfmotivation NN X B-Skill
, , X O
thoroughness NN X B-Skill
, , X O
and CC X O
proactivity NN X B-Skill
. . X O
Duties NNS X O

will MD X O
include VB X O
; : X B-Skill
Bathing NNP X I-Skill
Personal NNP X I-Skill
Care NNP X I-Skill
Toileting NNP X I-Skill
Caring NNP X I-Skill
Medication NNP X I-Skill
Socialising NNP X I-Skill
End NN X I-Skill
of IN X I-Skill
life NN X I-Skill
care NN X I-Skill
Person NNP X O
Castlerock NNP X O
Homecare NNP X O
is VBZ X O
looking VBG X O
for IN X O
individuals NNS X O
who WP X O
have VBP X O
a DT X O
caring NN X B-Skill
nature NN X I-Skill
and CC X O
a DT X O
real JJ X O
interest NN X B-Skill
in IN X I-Skill
supporting VBG X I-Skill
people NNS X I-Skill
to TO X O
become VB X O
Domiciliary NNP X B-Occupation
Care NNP X I-Occupation
Workers NNP X I-Occupation
. . X O
Proven NNP X O

practical JJ X O
knowledge NN X O
of IN X O
electronic JJ X B-Skill
, , X I-Skill
electrical JJ X I-Skill
, , X I-Skill
mechanical JJ X I-Skill
engineering NN X I-Skill
equipment NN X I-Skill
and CC X I-Skill
plant NN X I-Skill
About IN X O
Talent NNP X O
FM NNP X O
Talent NNP X O
FM NNP X O
are VBP X O
a DT X O
team NN X O
of IN X O
experienced JJ X O
consultants NNS X O
who WP X O
really RB X O
understand VBP X O
all DT X O
aspects NNS X O
of IN X O
the DT X O
facilities NNS X B-Skill
management NN X I-Skill
recruitment NN X I-Skill
market NN X O
. . X O
As IN X O

a DT X O
Sales NNS X B-Occupation
Executive NNP X I-Occupation
you PRP X O
ll VBP X O
be VB X O
provided VBN X O
with IN X O
comprehensive JJ X O
training NN X O
in IN X O
preparation NN X O
for IN X O
the DT X O
role NN X O
. . X O
We PRP X O

are VBP X O
looking VBG X O
for IN X O
someone NN X O
with IN X O
an DT X O
eye NN X B-Skill
for IN X I-Skill
sales NNS X I-Skill
and CC X O
the DT X O
ability NN X O
to TO X O
build VB X B-Skill
on IN X I-Skill
contracts NNS X I-Skill
already RB X I-Skill
in IN X I-Skill
place NN X I-Skill
. . X O
Experience NN X B-Skill

of IN X I-Skill
selling VBG X I-Skill
new JJ X I-Skill
homes NNS X I-Skill
will MD X O
be VB X O
essential JJ X O
and CC X O
you PRP X O
will MD X O
need VB X O
to TO X O
be VB X O
able JJ X B-Skill
to TO X I-Skill
work VB X I-Skill
weekends NNS X I-Skill
. . X O
Service NNP X B-Occupation

Manager NNP X I-Occupation
is VBZ X O
required VBN X O
for IN X O
a DT X O
leading VBG X O
HVAC NNP X B-Domain
company NN X O
based VBN X O
in IN X O
the DT X O
West NNP X O
Midlands NNPS X O
, , X O
the DT X O
ideal JJ X O
Service NNP X B-Occupation
Manager NNP X I-Occupation
will MD X O
have VB X O
a DT X O
strong JJ X O
air NN X B-Skill
conditioning NN X I-Skill
or CC X O
refrigeration NN X B-Skill
background NN X O
and CC X O
have VBP X O
previously RB X O
managed VBN X B-Skill
a DT X I-Skill
busy JJ X I-Skill
service NN X I-Skill
department NN X I-Skill
. . X O
GPU NNP X B-Skill

/ NNP X I-Skill
CPU NNP X I-Skill
performance NN X I-Skill
modelling NN X I-Skill
and CC X I-Skill
microarchitecture NN X I-Skill
specification NN X I-Skill
Instruction NNP X I-Skill
set VBD X I-Skill
architecture RP X I-Skill
Memory NNP X I-Skill
system NN X I-Skill
architecture NN X I-Skill
and CC X O
RTL NNP X B-Skill
design NN X I-Skill
cache NN X I-Skill
system NN X I-Skill
hierarchies NNS X I-Skill
and CC X O
load NN X B-Skill
/ NNP X I-Skill
store VBD X I-Skill
units NNS X I-Skill
You PRP X O

will MD X O
have VB X O
good JJ X O
analytical JJ X B-Skill
skills NNS X I-Skill
and CC X O
be VB X O
able JJ X O
to TO X O
effectively RB X O
liaise VB X B-Skill
with IN X I-Skill
customers NNS X I-Skill
to TO X O
not RB X O
just RB X O
solve VB X B-Skill
their PRP$ X I-Skill
exisiting NN X I-Skill
problem NN X I-Skill
but CC X O
preempt VB X B-Skill
further JJR X I-Skill
issues NNS X I-Skill
and CC X O
proactively RB X O
suggest JJ X B-Skill
improvements NNS X I-Skill
/ VBP X I-Skill
upgrades NNS X I-Skill
that IN X O
with IN X O
improve VB X O
their PRP$ X O
experience NN X O
. . X O
Our PRP$ X O

client NN X O
is VBZ X O
looking VBG X O
for IN X O
a DT X O
resilient NN X B-Skill
, , X O
consistent JJ X B-Skill
and CC X O
organised JJ X B-Skill
person NN X O
with IN X O
good JJ X O
interpersonal NN X B-Skill
and CC X O
negotiating VBG X B-Skill
skills NNS X I-Skill
. . X O
Key NNP X O

Responsibilities NNP X O
of IN X O
the DT X O
role NN X O
will MD X O
include VB X O
: : X O
You PRP X O
will MD X O
be VB X O
required VBN X O
to TO X O
work VB X O
within IN X O
a DT X O
team NN X O
and CC X O
undertake JJ X O
feasibility NN X B-Skill
studies NNS X I-Skill
, , X I-Skill
basic JJ X I-Skill
engineering NN X I-Skill
, , X I-Skill
specification NN X I-Skill
, , X I-Skill
design NN X I-Skill
review NN X I-Skill
, , X I-Skill
construction NN X I-Skill
monitoring NN X I-Skill
and CC X I-Skill
witness NN X I-Skill
of IN X I-Skill
FAT NNP X I-Skill
This DT X O

well NN X O
established VBN X O
European JJ X O
distribution NN X O
company NN X O
, , X O
with IN X O
a DT X O
turnover NN X O
in IN X O
excess NN X O
of IN X O
75 CD X O
Million NNP X O
, , X O
was VBD X O
founded VBN X O
over IN X O
60 CD X O
years NNS X O
ago RB X O
. . X O
The DT X O

vacancy NN X O
is VBZ X O
in IN X O
the DT X O
Sandwell NNP X O
area NN X O
and CC X O
is VBZ X O
to TO X O
commence VB X O
in IN X O
January NNP X O
The DT X O

candidate NN X O
shall MD X O
possess VB X O
the DT X O
following JJ X O
attributes NNS X O
: : X O
Dynamic NNP X B-Skill
and CC X O
proactive JJ X B-Skill
, , X O
particularly RB X O
due JJ X O
to TO X O
the DT X O
nature NN X O
of IN X O
this DT X O
role NN X O
and CC X O
the DT X O
task NN X O
at IN X O
hand NN X O
Cost NNP X B-Skill
planning NN X I-Skill
/ NN X I-Skill
estimating VBG X I-Skill
experience NN X O
Cost NNP X B-Skill
reporting NN X I-Skill
experience NN X O
You PRP X O

will MD X O
also RB X O
be VB X O
involved VBN X O
from IN X O
the DT X O
Requirements NNPS X B-Skill
Definition NNP X I-Skill
stage NN X I-Skill
and CC X O
ensure VB X B-Skill
that IN X I-Skill
the DT X I-Skill
design NN X I-Skill
produced VBD X I-Skill
represents VBZ X I-Skill
what WP X I-Skill
the DT X I-Skill
system NN X I-Skill
will MD X I-Skill
do VB X I-Skill
. . X O
Civil NNP X O

/ NNP X O
Structural NNP X O
Engineers NNPS X O
have VBP X O
a DT X O
requirement NN X O
for IN X O
an DT X O
Associate NNP X O
level NN X O
Civil NNP X B-Occupation
Infrastructure NNP X I-Occupation
Engineer NNP X I-Occupation
to TO X O
set VB X O
up RP X O
a DT X O
Civil NNP X O
Infrastructure NNP X O
Team NNP X O
within IN X O
the DT X O
London NNP X O
office NN X O
. . X O
Gathering VBG X B-Skill

and CC X I-Skill
refining NN X I-Skill
Business NN X I-Skill
requirements NNS X I-Skill
and CC X O
delivering VBG X B-Skill
collaborative JJ X I-Skill
solutions NNS X I-Skill
to TO X O
meet VB X O
those DT X O
requirements NNS X O
. . X O
As IN X O

a DT X O
Food NNP X B-Occupation
Service NNP X I-Occupation
Manager NNP X I-Occupation
you PRP X O
should MD X O
lead VB X O
by IN X O
example NN X O
, , X O
have VBP X O
a DT X O
positive JJ X B-Skill
, , X I-Skill
willing JJ X I-Skill
and CC X I-Skill
flexible JJ X I-Skill
attitude NN X I-Skill
and CC X O
work NN X O
to TO X O
the DT X O
highest JJS X O
levels NNS X O
to TO X O
ensure VB X B-Skill
that IN X I-Skill
the DT X I-Skill
hotels NNS X I-Skill
standards NNS X I-Skill
are VBP X I-Skill
maintained VBN X I-Skill
at IN X I-Skill
all DT X I-Skill
times NNS X I-Skill
. . X O
If IN X O

this DT X O
is VBZ X O
you PRP X O
then RB X O
the DT X O
cklient NN X O
can MD X O
offer VB X O
a DT X O
competitive JJ X O
salary NN X O
, , X O
company NN X O
pension NN X O
scheme NN X O
, , X O
4 CD X O
times NNS X O
salary JJ X O
life NN X O
insurance NN X O
and CC X O
Healthplan NNP X O
membership NN X O
. . X O
Key JJ X O

Duties NNS X O
and CC X O
Responsibilities NNS X O
: : X B-Skill
Leadership NN X I-Skill
and CC X I-Skill
management NN X I-Skill
of IN X I-Skill
P NNP X I-Skill
& CC X I-Skill
P NNP X I-Skill
managers NNS X I-Skill
Lead NNP X I-Skill
implementation NN X I-Skill
and CC X I-Skill
development NN X I-Skill
of IN X I-Skill
the DT X I-Skill
company NN X I-Skill
connect JJ X O
Drive NNP X O
and CC X O
enhance VB X B-Skill
commercial JJ X I-Skill
unit NN X I-Skill
promotional JJ X I-Skill
projects NNS X I-Skill
Compliance NNP X I-Skill
and CC X I-Skill
integrity NN X I-Skill
Build NNP X I-Skill
and CC X I-Skill
maintain RB X I-Skill
positive JJ X I-Skill
working VBG X I-Skill
relationships NNS X I-Skill
with IN X O
EAME NNP X O
brand NN X O
teams NNS X O
, , X O
EAME NNP X O
regulatory JJ X O
teams NNS X O
, , X O
EAME NNP X O
sales NNS X O
& CC X O
country NN X O
management NN X O
teams NNS X O
. . X O
To TO X O

be VB X O
suitable JJ X O
for IN X O
this DT X O
position NN X O
you PRP X O
will MD X O
need VB X O
some DT X O
kind NN X O
of IN X O
experience NN X B-Skill
in IN X I-Skill
a DT X I-Skill
commercial JJ X I-Skill
setting NN X I-Skill
ideally RB X O
supporting VBG X B-Skill
complex JJ X I-Skill
software NN X I-Skill
. . X O
Carer NNP X O

' POS X O
I PRP X O
love VBP X O
being VBG X O
able JJ X O
to TO X O
help VB X O
others NNS X O
, , X O
no DT X O
matter NN X O
how WRB X O
little JJ X O
Are NNP X O
you PRP X O
the DT X O
kind NN X O
of IN X O
person NN X O
who WP X O
thrives VBZ X B-Skill
on IN X I-Skill
making VBG X I-Skill
others NNS X I-Skill
feel VB X I-Skill
valued VBN X I-Skill
? . X O
If IN X O

you PRP X O
can MD X O
answer VB X O
yes RB X O
then RB X O
come VBN X O
and CC X O
join VB X O
the DT X O
award NN X O
winning VBG X O
local JJ X O
Bluebird NNP X O
care NN X B-Domain
team NN X O
in IN X O
Exeter NNP X O
. . X O
Working VBG X O

for IN X O
an DT X O
established VBN X O
engineering NN X O
company NN X O
based VBN X O
in IN X O
Tyne NNP X O
and CC X O
Wear NNP X O
as IN X O
a DT X O
Lift NNP X B-Occupation
Engineer NNP X I-Occupation
Service NNP X I-Occupation
Engineer NNP X I-Occupation
. . X O
An DT X O

administrative JJ X O
position NN X O
has VBZ X O
become VBN X O
available JJ X O
in IN X O
a DT X O
Children NNP X O
s NN X O
Centre NNP X O
in IN X O
North NNP X O
London NNP X O
Paying NNP X O
Development NNP X B-Skill

and CC X I-Skill
enhancement NN X I-Skill
of IN X I-Skill
our PRP$ X I-Skill
inhouse NN X I-Skill
software NN X I-Skill
, , X O
while IN X O
being VBG X O
supported VBN X O
by IN X O
an DT X O
existing VBG X O
team NN X O
. . X O
FINTEC NNP X O

recruit NN X O
is VBZ X O
seeking VBG X O
a DT X O
Project NN X B-Occupation
Engineer NNP X I-Occupation
for IN X O
our PRP$ X O
client NN X O
in IN X O
the DT X O
Marine NNP X B-Domain
and CC X I-Domain
Technology NNP X I-Domain
sector NN X O
. . X O
Full NNP X O

responsibility NN X O
and CC X O
accountability NN X O
, , X O
in IN X O
two CD X O
clinics NNS X O
in IN X O
the DT X O
Accrington NNP X O
and CC X O
Burnley NNP X O
areas NNS X O
. . X O
Proactively RB X O

build JJ X O
and CC X O
maintain JJ X O
relationships NNS X O
with IN X O
overseas JJ X O
partners NNS X O
, , X O
working VBG X O
to TO X O
ensure VB X O
any DT X O
process NN X O
or CC X O
Create NNP X B-Skill

and CC X I-Skill
apply VB X I-Skill
controls NNS X I-Skill
, , X I-Skill
checks NNS X I-Skill
and CC X I-Skill
audit NN X I-Skill
processes NNS X I-Skill
to TO X O
maintain VB X O
payroll NN X O
accuracy NN X O
The DT X O

successful JJ X O
candidate NN X O
will MD X O
have VB X O
the DT X O
opportunity NN X O
to TO X O
develop VB X B-Skill
themselves PRP X I-Skill
by IN X I-Skill
gaining VBG X I-Skill
exposure NN X I-Skill
to TO X I-Skill
all DT X I-Skill
areas NNS X I-Skill
within IN X O
MI NNP X B-Skill
, , X O
Analytics NNP X B-Skill
, , X O
and CC X O
RiskInterviews NNP X B-Skill
are VBP X O
taking VBG X O
place NN X O
next JJ X O
week NN X O
for IN X O
further JJ X O
information NN X O
please NN X O
call VB X O
me PRP X O
on IN X O
Our PRP$ X O

underpinning JJ X O
principle NN X O
is VBZ X O
to TO X O
reject VB X O
the DT X O
behaviour NN X O
, , X O
not RB X O
the DT X O
child NN X O
. . X O
We PRP X O

pride VBP X O
ourselves PRP X O
on IN X O
delivering VBG X O
a DT X O
high JJ X O
quality NN X O
and CC X O
reliable JJ X O
service NN X O
to TO X O
our PRP$ X O
customers NNS X O
and CC X O
staff NN X O
alike RB X O
. . X O
Should MD X O

you PRP X O
choose VB X O
to TO X O
submit VB X O
your PRP$ X O
CV NNP X O
for IN X O
this DT X O
vacancy NN X O
please NN X O
be VB X O
aware JJ X O
that IN X O
we PRP X O
may MD X O
have VB X O
had VBD X O
a DT X O
high JJ X O
volume NN X O
of IN X O
responses NNS X O
regarding VBG X O
this DT X O
opportunity NN X O
. . X O
The DT X O

ideal JJ X O
candidate NN X O
will MD X O
be VB X O
Qualified VBN X O
ACA NNP X B-Qualification
/ NNP X O
ACCA NNP X B-Qualification
/ NNP X O
CIMA NNP X B-Qualification
or CC X O
equivalent NN X O
and CC X O
have VBP X O
previous JJ X O
experience NN X O
of IN X O
working VBG X B-Skill
with IN X I-Skill
consolidation NN X I-Skill
systems NNS X I-Skill
SAP NNP X I-Skill
/ NNP X I-Skill
SUN NNP X I-Skill
. . X O
Knowledge NNP X O

of IN X O
/ NNP X O
exposure NN X O
to TO X O
analogue VB X B-Skill
design NN X I-Skill
, , X O
control NN X B-Skill
circuit NN X I-Skill
design NN X I-Skill
, , X O
PCB NNP X B-Skill
layout NN X I-Skill
, , X O
component JJ X B-Skill
selection NN X I-Skill
, , X O
thermal JJ X B-Skill
management NN X I-Skill
and CC X I-Skill
EMC NNP X I-Skill
would MD X O
certainly RB X O
be VB X O
desirable JJ X O
/ NNP X O
advantageous JJ X O
. . X O
Skills NNS X O

Required VBN X O
Digital NNP X O
expert NN X O
as IN X O
per NN X O
required VBN X O
experience NN X O
Leadership NNP X B-Skill
both DT X I-Skill
internally RB X I-Skill
and CC X I-Skill
externally RB X I-Skill
Excellent NNP X I-Skill
communicator NN X I-Skill
to TO X I-Skill
key VB X I-Skill
stakeholders NNS X I-Skill
with IN X I-Skill
clients NNS X I-Skill
, , X I-Skill
agencies NNS X I-Skill
and CC X I-Skill
media NNS X I-Skill
owners NNS X I-Skill
This DT X O

role NN X O
is VBZ X O
a DT X O
varied JJ X O
role NN X O
offering NN X O
fantastic JJ X O
exposure NN X O
and CC X O
is VBZ X O
based VBN X O
at IN X O
their PRP$ X O
offices NNS X O
in IN X O
central JJ X O
London NNP X O
. . X O
Within IN X O

your PRP$ X O
consulting VBG X O
room NN X O
you PRP X O
will MD X O
discover VB X B-Skill
the DT X I-Skill
state NN X I-Skill
of IN X I-Skill
the DT X I-Skill
art NN X I-Skill
equipment NN X I-Skill
and CC X I-Skill
an DT X I-Skill
airconditioned JJ X I-Skill
environment NN X O
ensuring VBG X B-Skill
that IN X I-Skill
you PRP X I-Skill
are VBP X I-Skill
as RB X I-Skill
comfortable JJ X I-Skill
as IN X I-Skill
possible JJ X I-Skill
. . X O
Excellent JJ X O

opportunity NN X O
for IN X O
an DT X O
enthusiastic JJ X B-Skill
Sous NNP X B-Occupation
Chef NNP X I-Occupation
looking VBG X O
for IN X O
a DT X O
progressive JJ X O
and CC X O
challenging JJ X O
role NN X O
If IN X O
you PRP X O
are VBP X O
the DT X O
ideal JJ X B-Skill
Sous NNP X B-Occupation
Chef NNP X I-Occupation
please VB X O
do VB X O
not RB X O
hesitate VB X O
to TO X O
apply VB X O
James NNP X O
Webber NNP X O
Recruitment NNP X B-Domain
prides VBZ X O
itself PRP X O
on IN X O
providing VBG X B-Skill
the DT X I-Skill
highest JJS X I-Skill
quality NN X I-Skill
of IN X I-Skill
hotel NN X I-Skill
/ NNP X I-Skill
restaurant NN X I-Skill
staff NN X I-Skill
and CC X O
due JJ X O
to TO X O
the DT X O
high JJ X O
volume NN X O
of IN X O
applicants NNS X O
, , X O
please VB X O
note NN X O
that IN X O
we PRP X O
will MD X O
only RB X O
be VB X O
in IN X O
contact NN X O
with IN X O
you PRP X O
if IN X O
your PRP$ X O
application NN X O
is VBZ X O
successful JJ X O
. . X O
THE DT X O

LAST NNP X O
3 CD X O
MONTHS NNP X O
please NN X O
do VBP X O
not RB X O
apply VB X O
as IN X O
our PRP$ X O
specialist NN X B-Occupation
consultants NNS X I-Occupation
are VBP X O
aware JJ X O
of IN X O
your PRP$ X O
availability NN X O
. . X O
Fitting VBG X B-Skill

skills NNS X O
and CC X O
experience NN X O
of IN X O
fault NN X B-Skill
diagnosis NN X I-Skill
using VBG X O
electronic JJ X O
instrumentation NN X O
are VBP X O
required VBN X O
. . X O
If IN X O

you PRP X O
are VBP X O
interested JJ X O
, , X O
please VB X O
contact JJ X O
Pat NNP X O
Keogh NNP X O
on IN X O
You PRP X O

will MD X O
be VB X O
tasked VBN X O
with IN X O
developing VBG X B-Skill
low JJ X I-Skill
level NN X I-Skill
Linux NNP X I-Skill
software NN X I-Skill
that WDT X O
will MD X O
be VB X O
used VBN X O
in IN X O
wireless NN X O
products NNS X O
worldwide RB X O
. . X O
Any DT X O

ad NN X O
hoc NN X O
duties NNS X O
as IN X O
needed VBN X O
The DT X O
job NN X O
will MD X O
suit VB X O
a DT X O
confident JJ X O
communicator NN X B-Occupation
used VBN X O
to TO X O
dealing VBG X B-Skill
with IN X I-Skill
various JJ X I-Skill
stakeholders NNS X I-Skill
. . X O
Verification NN X O

of IN X O
Documentation NNP X O
will MD X O
be VB X O
undertaken VBN X O
as IN X O
part NN X O
of IN X O
the DT X O
recruitment NN X O
process NN X O
This DT X O
job NN X O
was VBD X O
originally RB X O
posted VBN X O
as IN X O
As IN X O

the DT X O
ideal JJ X O
candidate NN X O
you PRP X O
will MD X O
be VB X O
a DT X O
qualified JJ X B-Qualification
accountant NN X I-Qualification
, , X O
with IN X O
significant JJ X B-Experience
experience NN X I-Experience
gained VBD X I-Experience
within IN X I-Experience
industry NN X I-Experience
delivering VBG X I-Experience
similar JJ X I-Experience
financial JJ X I-Experience
controls NNS X I-Experience
. . X O
PIN NNP X O

Proven NNP X O
leadership NN X B-Skill
skills NNS X O
Excellent JJ X O
time NN X B-Skill
management NN X I-Skill
Caring NNP X I-Skill
and CC X O
compassionate VB X B-Skill
Honest NNP X I-Skill
, , X O
reliable JJ X O
and CC X O
flexible JJ X B-Skill
You PRP X O

will MD X O
need VB X O
to TO X O
be VB X O
at IN X O
the DT X O
latter JJ X O
stages NNS X O
of IN X O
studying VBG X O
for IN X O
an DT X O
accounting NN X B-Qualification
qualification NN X I-Qualification
, , X O
or CC X O
have VBP X O
recentley VBN X O
qualified VBN X O
. . X O
We PRP X O

can MD X O
only RB X O
consider VB X O
experienced JJ X B-Skill
nursing NN X B-Occupation
home NN X I-Occupation
managers NNS X I-Occupation
for IN X O
this DT X O
post NN X O
. . X O
You PRP X O

will MD X O
need VB X O
to TO X O
hold VB X O
a DT X O
full JJ X O
UK NNP X O
driving VBG X B-Qualification
licence NN X I-Qualification
and CC X O
be VB X O
able JJ X O
to TO X O
work VB X O
one CD X O
day NN X O
at IN X O
the DT X O
weekend NN X O
in IN X O
return NN X O
for IN X O
a DT X O
day NN X O
off IN X O
in IN X O
the DT X O
week NN X O
. . X O
This DT X O

is VBZ X O
a DT X O
great JJ X O
opportunity NN X O
For IN X O
more JJR X O
information NN X O
please NN X O
contact NN X O
Elle NNP X O
at IN X O
Swim NNP X O
elswimrecruit NN X O
. . X O
co NN X O
. . X O
uk NN X O
The DT X O

ideal JJ X O
candidate NN X O
will MD X O
: : X O
Have VB X O
a DT X O
real JJ X O
cando JJ X B-Skill
attitude NN X I-Skill
and CC X O
bags NNS X B-Skill
of IN X I-Skill
energy NN X I-Skill
Have VBP X O
a DT X O
minimum NN X B-Experience
of IN X I-Experience
2 CD X I-Experience
years NNS X I-Experience
experience NN X I-Experience
at IN X O
Management NNP X B-Skill
level NN X O
in IN X O
a DT X O
busy JJ X O
bar NN X O
or CC X O
club NN X O
It PRP X O

will MD X O
also RB X O
be VB X O
crucial JJ X O
for IN X O
the DT X O
successful JJ X O
candidate NN X O
to TO X O
network NN X B-Skill
across IN X I-Skill
the DT X I-Skill
the DT X I-Skill
organisation NN X I-Skill
and CC X O
work NN X B-Skill
collaboratively RB X I-Skill
with IN X I-Skill
peers NNS X I-Skill
. . X O
If IN X O

you PRP X O
answered VBD X O
yes NNS X O
to TO X O
any DT X O
of IN X O
these DT X O
questions NNS X O
, , X O
we PRP X O
would MD X O
love VB X O
to TO X O
hear VB X O
from IN X O
you PRP X O
. . X O
Have NNP X O

excellent JJ X O
contacts NNS X B-Skill
through IN X I-Skill
the DT X I-Skill
digital JJ X I-Skill
industry NN X I-Skill
and CC X O
a DT X O
proven JJ X O
track NN X B-Skill
record NN X I-Skill
of IN X I-Skill
delivering VBG X I-Skill
results NNS X I-Skill
on IN X I-Skill
time NN X I-Skill
Experience NNP X O
working VBG X O
across IN X O
all DT X B-Skill
channels NNS X I-Skill
Strong NNP X O
knowledge NN X O
of IN X O
the DT X O
media NNS X B-Skill
and CC X O
digital JJ X B-Skill
landscape NN X I-Skill
Our PRP$ X O

client NN X O
, , X O
are VBP X O
currently RB X O
looking VBG X O
for IN X O
a DT X O
Websie NNP X B-Occupation
Designer NNP X I-Occupation
to TO X O
work VB X O
in IN X O
their PRP$ X O
London NNP X O
office NN X O
, , X O
on IN X O
a DT X O
longterm JJ X O
contract NN X O
basis NN X O
. . X O
Sigma NNP X B-Skill

Black NNP X I-Skill
or CC X I-Skill
Green NNP X I-Skill
belt NN X I-Skill
Competencies NNPS X I-Skill
Trained NNP X I-Skill
facilitator NN X I-Skill
with IN X I-Skill
demonstrated JJ X I-Skill
achievement NN X I-Skill
of IN X I-Skill
success NN X I-Skill
Managing VBG X I-Skill
relationships NNS X I-Skill
Planning NNP X I-Skill
& CC X I-Skill
Organising NNP X I-Skill
skills NNS X I-Skill
The DT X O

ideal JJ X O
candidate NN X O
will MD X O
have VB X O
experience NN X O
in IN X O
a DT X O
Restaurant NNP X B-Skill
Supervisorrole NNP X I-Skill
or CC X O
similar JJ X O
position NN X O
in IN X O
a DT X O
high JJ X O
volume NN X O
and CC X O
high JJ X O
quality NN X O
environment NN X O
. . X O
Our PRP$ X O

client NN X O
is VBZ X O
a DT X O
specialist JJ X O
interior JJ X O
fit NN X O
out IN X O
and CC X O
refurbishment JJ X O
company NN X O
operating VBG X O
within IN X O
the DT X O
UK NNP X O
. . X O
The DT X O

successful JJ X O
candidate NN X O
will MD X O
come VB X O
from IN X O
a DT X O
Financial NNP X B-Experience
Services NNPS X I-Experience
background NN X I-Experience
and CC X O
also RB X O
have VBP X O
strong JJ X B-Experience
experience NN X I-Experience
of IN X I-Experience
working VBG X I-Experience
within IN X I-Experience
a DT X I-Experience
client NN X I-Experience
facing VBG X I-Experience
role NN X I-Experience
. . X O
A DT X O

UK NNP X O
based VBN X O
company NN X O
with IN X O
a DT X O
number NN X O
of IN X O
market NN X O
leading JJ X O
products NNS X O
are VBP X O
looking VBG X O
for IN X O
a DT X B-Occupation
Software NNP X I-Occupation
Engineer NNP X I-Occupation
on IN X O
a DT X O
permanent JJ X O
basis NN X O
. . X O
The DT X O

successful JJ X O
candidate NN X O
will MD X O
be VB X O
a DT X O
Production NNP X B-Occupation
Engineer NNP X I-Occupation
with IN X O
a DT X O
solid JJ X O
machine NN X B-Skill
shop NN X I-Skill
background IN X I-Skill
encompassing VBG X I-Skill
CNC NNP X I-Skill
milling NN X I-Skill
, , X I-Skill
Turning NNP X I-Skill
and CC X I-Skill
Grinding NNP X I-Skill
processes NNS X I-Skill
and CC X O
be VB X O
able JJ X O
to TO X O
programme VB X B-Skill
and CC X I-Skill
run VB X I-Skill
Fanuc NNP X I-Skill
operated JJ X I-Skill
machinery NN X I-Skill
online NN X I-Skill
and CC X I-Skill
offline NN X I-Skill
. . X O
This DT X O

role NN X O
will MD X O
require VB X O
support NN X O
workers NNS X O
to TO X O
assist VB X B-Skill
with IN X I-Skill
personal JJ X I-Skill
care NN X I-Skill
and CC X I-Skill
all DT X I-Skill
aspects NNS X I-Skill
of IN X I-Skill
daily JJ X I-Skill
living NN X I-Skill
. . X O
To TO X O

help VB X O
raise VB X B-Skill
the DT X I-Skill
public JJ X I-Skill
awareness NN X I-Skill
of IN X O
projects NNS X O
run VBN X O
by IN X O
Brookfield NNP X O
Spaceplace NNP X O
, , X O
other JJ X O
partner NN X O
projects NNS X O
and CC X O
issues NNS X O
relevant VBP X O
to TO X O
the DT X O
community NN X O
We PRP X O

are VBP X O
actively RB X O
recruiting VBG X O
now RB X O
, , X O
please VB X O
contact JJ X O
Ben NNP X O
Whitfield NNP X O
at IN X O
Fresh NNP X O
Partnership NNP X O
for IN X O
more JJR X O
details NNS X O
. . X O
If IN X O

so RB X O
please JJ X O
read NN X O
on IN X O
My NNP X O
client NN X O
is VBZ X O
looking VBG X O
for IN X O
a DT X O
Junior NNP X B-Occupation
SEO NNP X I-Occupation
Executive NNP X I-Occupation
to TO X O
join VB X O
their PRP$ X O
fast NN X O
growing VBG X O
established VBN X O
team NN X O
in IN X O
Manchester NNP X O
. . X O
Duties NNS X O

include VBP X O
mopping VBG X B-Skill
, , X O
dusting VBG X B-Skill
, , X O
vacuuming VBG X B-Skill
and CC X O
all DT X O
other JJ X O
associated VBN X O
tasks NNS X O
as IN X O
required VBN X O
. . X O
Ability NN X O

to TO X O
define VB X B-Skill
, , X I-Skill
sell VB X I-Skill
in IN X I-Skill
and CC X I-Skill
execute JJ X I-Skill
innovation NN X I-Skill
in IN X I-Skill
the DT X I-Skill
digital JJ X I-Skill
space NN X I-Skill
They PRP X O

are VBP X O
well RB X O
known VBN X O
for IN X O
the DT X O
quality NN X O
of IN X O
their PRP$ X O
work NN X O
and CC X O
have VBP X O
an DT X O
outstanding JJ X O
name NN X O
among IN X O
clients NNS X O
and CC X O
employees NNS X O
alike RB X O
. . X O
Our PRP$ X O

consultants NNS X B-Occupation
are VBP X O
aware JJ X O
of IN X O
numerous JJ X O
other JJ X O
opportunities NNS X O
throughout IN X O
the DT X O
country NN X O
that WDT X O
might MD X O
be VB X O
. . X O
Assay NNP X B-Skill

validation NN X I-Skill
and CC X I-Skill
acceptance NN X I-Skill
criteria NNS X I-Skill
for IN X I-Skill
bioanalytical JJ X I-Skill
assays NNS X I-Skill
to TO X O
support VB X O
clinical JJ X O
and CC X O
nonclinical JJ X O
studies NNS X O
. . X O
If IN X O

you PRP X O
would MD X O
like VB X O
to TO X O
apply VB X O
, , X O
please VB X O
contact VB X O
me PRP X O
on IN X O
: : X O
allan NN X O
. . X O
khonjecirclerecruitment NN X O
. . X O
com NN X O
. . X O
Senior JJ X B-Skill

Mechanical NNP X B-Occupation
Engineer NNP X I-Occupation
Water NNP X O
Operations NNP X O
Key NNP X O
Responsibilities NNP X O
Project NNP X B-Skill
management NN X I-Skill
of IN X I-Skill
small JJ X I-Skill
and CC X I-Skill
medium JJ X I-Skill
projects NNS X I-Skill
and CC X I-Skill
sub JJ X I-Skill
projects NNS X I-Skill
on IN X O
larger JJR X O
contracts NNS X O
Control NNP X B-Skill
of IN X I-Skill
budgets NNS X I-Skill
and CC X I-Skill
project NN X I-Skill
programmes NNS X I-Skill
under IN X O
the DT X O
supervision NN X O
of IN X O
a DT X O
principal JJ X O
engineer NN X O
Liaison NNP X B-Skill
with IN X I-Skill
Clients NNP X I-Skill
both DT X I-Skill
internal JJ X I-Skill
and CC X I-Skill
external JJ X I-Skill
A NNP X O
strong JJ X O
focus NN X B-Skill
on IN X I-Skill
Health NNP X I-Skill
and CC X I-Skill
Safety NNP X I-Skill
in IN X I-Skill
design NN X I-Skill
and CC X I-Skill
knowledge NN X I-Skill
of IN X I-Skill
the DT X I-Skill
relevant JJ X I-Skill
regulations NNS X I-Skill
The DT X O

successful JJ X O
candidate NN X O
will MD X O
benefit VB X O
from IN X O
excellent JJ X O
working VBG X O
conditions NNS X O
, , X O
extensive JJ X O
training NN X B-Domain
, , X O
life NN X O
assurance NN X B-Domain
and CC X O
private JJ X O
health NN X B-Domain
care NN X I-Domain
, , X O
making VBG X O
our PRP$ X O
package NN X O
one CD X O
of IN X O
the DT X O
best JJS X O
in IN X O
the DT X O
industry NN X O
. . X O
Our PRP$ X O

patients NNS X O
have VBP X O
high JJ X O
level NN X O
care NN X O
requirements NNS X O
, , X O
and CC X O
some DT X O
are VBP X O
dependant JJ X O
on IN X O
a DT X O
range NN X O
of IN X O
clinical JJ X O
equipment NN X O
. . X O
vs NN X O

. . X O
Control NNP X B-Skill
analytics VBZ X I-Skill
/ JJ X I-Skill
insight JJ X I-Skill
Experience NN X O
of IN X O
using VBG X O
modelling VBG X B-Skill
software NN X I-Skill
such JJ X O
as IN X O
Enterprise NNP X B-Skill
Miner NNP X I-Skill
, , X O
CHAID NNP X B-Skill
, , X O
Knowledge NNP X B-Skill
Studio NNP X I-Skill
or CC X O
equivalent JJ X O
package NN X O
Understanding NNP X O
of IN X O
business NN X B-Skill
P NNP X I-Skill
& CC X I-Skill
L NNP X I-Skill
and CC X I-Skill
its PRP$ X I-Skill
key NN X I-Skill
drivers NNS X I-Skill
The DT X O

successful JJ X O
candidate NN X O
must MD X O
have VB X O
previous JJ X O
experience NN X O
in IN X O
all DT X O
aspects NNS X O
of IN X O
the DT X O
role NN X O
, , X O
and CC X O
must MD X O
be VB X O
available JJ X O
immediately RB X O
An DT X O

exciting JJ X O
company NN X O
in IN X O
the DT X O
travel NN X B-Domain
industry NN X O
is VBZ X O
looking VBG X O
for IN X O
a DT X O
SEO NNP X B-Occupation
executive NN X I-Occupation
to TO X O
join VB X O
their PRP$ X O
successful JJ X O
team NN X O
You PRP X O
will MD X O
be VB X O
responsible JJ X O
for IN X O
conducting VBG X B-Skill
keyword JJ X I-Skill
research NN X I-Skill
and CC X I-Skill
analysis NN X I-Skill
, , X O
monitoring NN X B-Skill
and CC X I-Skill
managing NN X I-Skill
strategies NNS X I-Skill
both DT X I-Skill
on IN X I-Skill
site NN X I-Skill
and CC X I-Skill
off IN X I-Skill
site NN X I-Skill
, , X O
analyzing VBG X B-Skill
web NN X I-Skill
traffic NN X I-Skill
, , X O
ROI NNP X B-Skill
and CC X O
creating VBG X B-Skill
reports NNS X I-Skill
. . X O
A DT X O

lovely JJ X O
girls NN X O
' '' X O
school NN X O
in IN X O
West NNP X O
London NNP X O
is VBZ X O
looking VBG X O
for IN X O
a DT X O
qualified JJ X B-Experience
Business NN X B-Occupation
and CC X I-Occupation
Economics NNP X I-Occupation
Teacher NNP X I-Occupation
to TO X O
cover VB X O
a DT X O
maternity NN X O
position NN X O
. . X O
From IN X O

the DT X O
keen JJ X O
shopper NN X O
and CC X O
the DT X O
leisure NN X O
visitor NN X O
to TO X O
the DT X O
history NN X O
buff NN X O
, , X O
culture NN X O
vulture NN X O
or CC X O
the DT X O
sports NNS X O
fan NN X O
, , X O
there EX X O
is VBZ X O
definitely RB X O
something NN X O
to TO X O
tempt VB X O
everyone NN X O
. . X O
To TO X O

undertake VB X O
all DT X O
course NN X O
administration NN X B-Domain
such JJ X O
as IN X O
lesson NN X B-Skill
plans NNS X I-Skill
, , X O
schemes NNS X B-Skill
of IN X I-Skill
learning NN X I-Skill
, , X O
student NN X B-Skill
tracking NN X I-Skill
, , X O
registers NNS X O
etc VBP X O
and CC X O
other JJ X B-Skill
course NN X I-Skill
related JJ X I-Skill
duties NNS X I-Skill
to TO X I-Skill
ensure VB X I-Skill
efficient JJ X I-Skill
delivery NN X I-Skill
of IN X I-Skill
the DT X I-Skill
curriculum NN X I-Skill
and CC X O
accurate JJ X B-Skill
course NN X I-Skill
administration NN X I-Skill
. . X O
To TO X O

conduct VB X B-Skill
thorough JJ X I-Skill
analysis NN X I-Skill
of IN X I-Skill
all DT X I-Skill
current JJ X I-Skill
trading NN X I-Skill
activities NNS X I-Skill
, , X O
seeking VBG X O
to TO X O
apply VB X B-Skill
the DT X I-Skill
lessons NNS X I-Skill
learned VBD X I-Skill
to TO X I-Skill
help VB X I-Skill
define VB X I-Skill
an DT X I-Skill
accurate NN X I-Skill
forecast NN X I-Skill
for IN X I-Skill
all DT X I-Skill
future JJ X I-Skill
activities NNS X I-Skill
monitor VBP X I-Skill
store NN X I-Skill
performance NN X I-Skill
by IN X I-Skill
product NN X I-Skill
range NN X I-Skill
in IN X I-Skill
order NN X I-Skill
to TO X I-Skill
regulate VB X I-Skill
stock NN X I-Skill
supply NN X I-Skill
conduct NN X I-Skill
regular JJ X I-Skill
visits NNS X I-Skill
to TO X I-Skill
Warehouse NNP X I-Skill
and CC X I-Skill
stores NNS X I-Skill
Conduct NNP X I-Skill
in IN X I-Skill
depth JJ X I-Skill
analysis NN X I-Skill
of IN X I-Skill
all DT X I-Skill
reports NNS X I-Skill
produced VBD X I-Skill
Produce NNP X I-Skill
ad NN X I-Skill
hoc NN X I-Skill
reports NNS X I-Skill
in IN X I-Skill
relation NN X I-Skill
to TO X I-Skill
business NN X I-Skill
needs NNS X I-Skill
A NNP X O
further RB X O
detailed JJ X O
Job NNP X O
description NN X O
is VBZ X O
available JJ X O
upon IN X O
application NN X O
please NN X O
note NN X O
that WDT X O
due JJ X O
to TO X O
the DT X O
high JJ X O
level NN X O
of IN X O
applicants NNS X O
only RB X O
successful JJ X O
candidates NNS X O
will MD X O
be VB X O
contacted VBN X O
Keep VB X O

uptodate NN X O
with IN X O
industry NN X O
best JJS X O
practice NN X O
on IN X O
writing VBG X B-Skill
for IN X I-Skill
the DT X I-Skill
web NN X I-Skill
, , X O
market NN X B-Skill
trends NNS X I-Skill
for IN X I-Skill
international JJ X I-Skill
content NN X I-Skill
development NN X I-Skill
Skills NNP X O
required VBD X O
: : X O
You PRP X O

ll VBP X O
have VB X O
a DT X O
proven JJ X O
history NN X O
of IN X O
fault NN X B-Skill
finding VBG X I-Skill
& CC X O
rectification NN X B-Skill
experience NN X O
of IN X O
maintenance NN X B-Skill
techniques NNS X I-Skill
and CC X O
will MD X O
be VB X O
required VBN X O
to TO X O
liaise VB X B-Skill
with IN X I-Skill
internal JJ X I-Skill
technical JJ X I-Skill
contacts NNS X I-Skill
, , X I-Skill
outside JJ X I-Skill
suppliers NNS X I-Skill
and CC X I-Skill
specialists NNS X I-Skill
where WRB X O
necessary JJ X O
to TO X O
meet VB X O
group NN X O
and CC X O
individual JJ X O
objectives NNS X O
. . X O
If IN X O

you PRP X O
are VBP X O
interested JJ X O
please JJ X O
send VB X O
CV NNP X O
to TO X O
simon VB X O
. . X O
mortimerfpit NN X O
. . X O
co NN X O
. . X O
uk NN X O
. . X O
Project NN X O

work NN X O
will MD X O
include VB X O
: : X O
Resource NNP X B-Skill
allocation NN X I-Skill
Lead NNP X I-Skill
engineering NN X I-Skill
support NN X I-Skill
of IN X I-Skill
the DT X I-Skill
schedule NN X I-Skill
**** NNS X O

per IN X O
year NN X O
of IN X O
free JJ X O
calls NNS X O
to TO X O
all DT X O
UK NNP X O
landlines NNS X O
and CC X O
mobiles NNS X O
Fantastic NNP X O
rates NNS X O
of IN X O
pay NN X O
Dedicated NNP X O
onetoone CD X O
recruitment NN X O
consultant NN X O
Weekly NNP X O
, , X O
fortnightly RB X O
or CC X O
monthly JJ X O
pay NN X O
Fast NNP X O
track NN X O
registration NN X O
and CC X O
free JJ X O
mandatory NN X O
training NN X O
twentyfour NN X O
It PRP X O

will MD X O
involve VB X O
: : X O
Producing NNP X B-Skill
management NN X I-Skill
accounts NNS X I-Skill
Accruals NNS X I-Skill
and CC X I-Skill
prepayments NNS X I-Skill
Skills NNS X O

Expertise NN X O
: : X O
Successful JJ X O
candidate NN X O
will MD X O
have VB X O
experience NN X O
working VBG X O
in IN X O
similar JJ X O
roles NNS X O
; : X O
delivering VBG X B-Skill
finance NN X I-Skill
and CC X I-Skill
resources NNS X I-Skill
to TO X I-Skill
education VB X I-Skill
establishments NNS X I-Skill
either CC X O
as IN X O
a DT X O
Business NNP X B-Occupation
/ NNP X I-Occupation
Finance NNP X I-Occupation
Manager NNP X I-Occupation
or CC X O
Bursar NNP X B-Occupation
/ NNP X O
Finance NNP X B-Occupation
Director NNP X I-Occupation
. . X O
Please VB X O

visit VB X O
our PRP$ X O
website NN X O
at IN X O
www NN X O
. . X O
bmsgraduates NNS X O
. . X O
com NN X O
or CC X O
call VB X O
Sharon NNP X O
Wright NNP X O
on IN X O
Candidates NNS X O

must MD X O
be VB X O
able JJ X O
code NN X B-Skill
PLC NNP X I-Skill
from IN X I-Skill
scratch NN X I-Skill
, , X O
Siemens NNP X O
or CC X O
Rockwell NNP X O
is VBZ X O
preferable JJ X O
but CC X O
not RB X O
essential JJ X O
. . X O
The DT X O

Drug NNP X O
Discovery NNP X O
Unit NNP X O
DDU NNP X O
see VBP X O
http JJ X O
:// NNP X O
www NN X O
. . X O
drugdiscovery NN X O
. . X O
dundee NN X O
. . X O
ac NN X O
. . X O
uk NN X O
is VBZ X O
a DT X O
fully RB X O
integrated JJ X O
drug NN X O
discovery NN X O
operation NN X O
based VBN X O
within IN X O
a DT X O
world NN X O
class NN X O
Life NNP X O
Sciences NNPS X O
research NN X O
environment NN X O
. . X O
This DT X O

role NN X O
offers VBZ X O
the DT X O
successful JJ X O
applicant NN X O
the DT X O
opportunity NN X O
to TO X O
work VB X O
for IN X O
a DT X O
company NN X O
that WDT X O
really RB X O
does VBZ X O
value NN X O
their PRP$ X O
employees NNS X O
and CC X O
is VBZ X O
committed VBN X O
to TO X O
career VB X O
development NN X O
. . X O
Expertise NN X O

in IN X O
marketing VBG X B-Skill
equivalent NN X O
to TO X O
one CD X B-Experience
or CC X I-Experience
two CD X I-Experience
years NNS X I-Experience
of IN X O
experience NN X O
covering VBG X O
the DT X O
full JJ X O
mix NN X O
of IN X O
brand NN X B-Skill
management NN X I-Skill
The DT X O

key JJ X O
attributes NNS X O
would MD X O
be VB X O
: : X O
Bright NNP X B-Skill
, , X I-Skill
organised VBD X I-Skill
and CC X I-Skill
quick JJ X I-Skill
to TO X I-Skill
learn VB X I-Skill
. . X O
Principal NNP X B-Occupation

Developer NNP X I-Occupation
Business NNP X B-Skill
Intelligence NNP X I-Skill
, , X O
SSIS NNP X B-Skill
, , X O
TSQL NNP X B-Skill
, , X O
SSRS NNP X B-Skill
Cambridge NNP X O
Excellent NNP X O
Benefits NNP X O
The DT X O

job NN X O
entails VBZ X O
working VBG X B-Skill
every DT X I-Skill
weekend NN X I-Skill
, , X O
from IN X O
Easter NNP X O
until IN X O
the DT X O
end NN X O
of IN X O
September NNP X O
. . X O
the DT X O

**** NNP X O
k NN X O
mark NN X O
, , X O
regular JJ X O
appraisals NNS X O
, , X O
ongoing VBG X O
development NN X O
and CC X O
training NN X O
plus CC X O
the DT X O
opportunity NN X O
to TO X O
develop VB X O
their PRP$ X O
career NN X O
with IN X O
a DT X O
company NN X O
that WDT X O
genuinely RB X O
encourages VBZ X O
people NNS X O
to TO X O
realise VB X O
their PRP$ X O
goals NNS X O
. . X O
**** JJ X O

rankings NNS X O
, , X O
History NNP X O
at IN X O
Southampton NNP X O
achieved VBD X O
an DT X O
overall JJ X O
position NN X O
of IN X O
seventh JJ X O
in IN X O
the DT X O
country NN X O
for IN X O
the DT X O
quality NN X O
of IN X O
its PRP$ X O
research NN X O
. . X O
You PRP X O

will MD X O
ensure VB X B-Skill
that IN X I-Skill
requests NNS X I-Skill
for IN X I-Skill
service NN X I-Skill
are VBP X I-Skill
legitimate JJ X I-Skill
, , X O
that IN X O
all DT X B-Skill
options NNS X I-Skill
for IN X I-Skill
selfhelp NN X I-Skill
have VBP X I-Skill
been VBN X I-Skill
undertaken JJ X I-Skill
and CC X O
that IN X O
any DT X B-Skill
service NN X I-Skill
request NN X I-Skill
that WDT X I-Skill
is VBZ X I-Skill
subsequently RB X I-Skill
processed VBN X I-Skill
does VBZ X I-Skill
not RB X I-Skill
expose VB X I-Skill
NCP NNP X I-Skill
to TO X I-Skill
otherwise VB X I-Skill
avoidable JJ X I-Skill
costs NNS X I-Skill
. . X O
The DT X O

successful JJ X O
candidate NN X O
will MD X O
also RB X O
need VB X O
to TO X O
be VB X O
physically RB X B-Skill
fit JJ X I-Skill
as IN X O
the DT X O
job NN X O
involves VBZ X O
assisting VBG X B-Skill
patients NNS X I-Skill
escorting VBG X I-Skill
them PRP X I-Skill
to TO X I-Skill
and CC X I-Skill
from IN X I-Skill
their PRP$ X I-Skill
rooms NNS X I-Skill
. . X O
For IN X O

a DT X O
confidential JJ X O
discussion NN X O
and CC X O
to TO X O
find VB X O
out RP X O
more JJR X O
information NN X O
about IN X O
this DT X O
role NN X O
, , X O
or CC X O
simply RB X O
to TO X O
find VB X O
out RP X O
more RBR X O
about IN X O
opportunities NNS X O
available JJ X O
to TO X O
you PRP X O
within IN X O
this DT X O
area NN X O
, , X O
please VB X O
contact JJ X O
Matthew NNP X O
McGinley NNP X O
on IN X O
or CC X O
by IN X O
email NN X O
to TO X O
. . X O
You PRP X O

must MD X O
have VB X O
excellent JJ X O
customer NN X B-Skill
service NN X I-Skill
skills NNS X O
and CC X O
ideally RB X O
knowledge NN X O
of IN X O
the DT X O
vehicle NN X B-Domain
leasing VBG X I-Domain
industry NN X O
. . X O
You PRP X O

will MD X O
ideally RB X O
be VB X O
a DT X O
Biology NNP X B-Domain
specialist NN X O
, , X O
but CC X O
applications NNS X O
from IN X O
other JJ X O
specialist NN X O
will MD X O
be VB X O
considered VBN X O
if IN X O
strong JJ X O
classroom NN X B-Skill
management NN X I-Skill
skills NNS X O
can MD X O
be VB X O
proven VBN X O
. . X O
Commercially NNP X B-Skill

aware JJ X I-Skill
, , X O
able JJ X B-Skill
to TO X I-Skill
accurately RB X I-Skill
judge NN X I-Skill
and CC X I-Skill
advise NN X I-Skill
on IN X I-Skill
priorities NNS X I-Skill
for IN X I-Skill
the DT X I-Skill
business NN X I-Skill
Team NNP X O

Foundation NNP X O
Server NNP X O
Work NNP X B-Skill
closely RB X I-Skill
with IN X I-Skill
all DT X I-Skill
members NNS X I-Skill
of IN X I-Skill
the DT X I-Skill
software NN X I-Skill
and CC X I-Skill
database NN X I-Skill
development NN X I-Skill
teams NNS X I-Skill
to TO X I-Skill
ensure VB X I-Skill
the DT X I-Skill
high JJ X I-Skill
quality NN X I-Skill
of IN X I-Skill
all DT X I-Skill
applications NNS X I-Skill
produced VBN X I-Skill
by IN X I-Skill
the DT X I-Skill
departments NNS X I-Skill
Work NNP X I-Skill
closely RB X I-Skill
with IN X I-Skill
Business NNP X I-Skill
Analysis NNP X I-Skill
and CC X I-Skill
other JJ X I-Skill
teams NNS X I-Skill
to TO X I-Skill
analyse VB X I-Skill
requirements NNS X I-Skill
and CC X I-Skill
to TO X I-Skill
provide VB X I-Skill
clear JJ X I-Skill
feedback NN X I-Skill
into IN X I-Skill
these DT X I-Skill
Provide NNP X I-Skill
detailed VBD X I-Skill
support NN X I-Skill
to TO X I-Skill
first RB X I-Skill
and CC X I-Skill
second JJ X I-Skill
line NN X I-Skill
support NN X I-Skill
teams NNS X I-Skill
as IN X I-Skill
required VBN X I-Skill
Key NNP X O
skills NNS X O
and CC X O
experience NN X O
: : X O
Working VBG X O

on IN X O
Thursdays NNP X O
Night NNP X B-Skill
Shift NNP X I-Skill
from IN X O
19 CD X O
. . X O
00pm CD X O
04 CD X O
. . X O
00am CD X O
for IN X O
The DT X O

Move NNP X O
Services NNP X B-Occupation
Consultant NNP X I-Occupation
will MD X O
be VB X O
responsible JJ X O
for IN X O
coordinating VBG X B-Skill
moves NNS X I-Skill
from IN X I-Skill
start NN X I-Skill
to TO X I-Skill
finish VB X I-Skill
delivering VBG X O
the DT X O
highest JJS X O
level NN X O
of IN X O
customer NN X O
service NN X O
. . X O
By IN X O

applying VBG X O
for IN X O
this DT X O
job NN X O
you PRP X O
accept VBP X O
the DT X O
T NNP X O
C NNP X O
' POS X O
s NN X O
, , X O
Privacy NN X O
Policy NNP X O
and CC X O
Disclaimers NNP X O
which WDT X O
can MD X O
be VB X O
found VBN X O
at IN X O
hays NNS X O
. . X O
co NN X O
. . X O
uk NN X O
and CC X O

you PRP X O
be VB X O
expected VBN X O
to TO X O
make VB X B-Skill
client NN X I-Skill
visits NNS X I-Skill
when WRB X O
necessary JJ X O
. . X O
C NNP X B-Occupation

Team NNP X I-Occupation
Lead NNP X I-Occupation
/ NNP X I-Occupation
Development NNP X I-Occupation
Manager NNP X I-Occupation
Structured NNP X O
Products NNP X O
Hays NNP X O
FT NNP X O
have VBP X O
been VBN X O
engaged VBN X O
by IN X O
a DT X O
leading JJ X O
investment NN X B-Domain
bank NN X I-Domain
to TO X O
assist VB X B-Skill
in IN X I-Skill
the DT X I-Skill
recruitment NN X I-Skill
of IN X I-Skill
a DT X I-Skill
highly RB X I-Skill
skilled VBN X I-Skill
team NN X I-Skill
lead NN X O
C NNP X B-Occupation
developer NN X I-Occupation
for IN X O
the DT X O
Structured NNP X O
Products NNP X O
team NN X O
of IN X O
a DT X O
Global NNP X O
Investment NNP X O
Bank NNP X O
. . X O
Process NN X O

and CC X O
submit VB X O
monthly JJ X O
payroll NN X B-Skill
including VBG X I-Skill
statutory JJ X I-Skill
year NN X I-Skill
end NN X I-Skill
returns NNS X I-Skill
and CC X O
A DT X O

string NN X O
of IN X O
new JJ X O
business NN X B-Domain
wins NNS X O
and CC X O
existing VBG X O
clients NNS X O
increasing VBG X O
budgets NNS X O
means VBZ X O
that IN X O
they PRP X O
have VBP X O
room NN X O
for IN X O
another DT X O
Account NNP X B-Occupation
Manager NNP X I-Occupation
/ NNP X I-Occupation
Director NNP X I-Occupation
join VBD X O
the DT X O
Creative NNP X O
Team NNP X O
. . X O
All DT X O

conversations NNS X O
are VBP X O
completely RB X O
confidential JJ X O
and CC X O
involve VB X O
any DT X O
obligation NN X O
. . X O
Please NNP X O

see VB X O
our PRP$ X O
website JJ X O
www NN X O
. . X O
douglasscott NN X O
. . X O
co NN X O
. . X O
uk NN X O
for IN X O
more JJR X O
legal JJ X O
jobs NNS X O
in IN X O
the DT X O
Midlands NNP X O
area NN X O
. . X O
To TO X O

support VB X B-Skill
colleagues NNS X I-Skill
at IN X I-Skill
all DT X I-Skill
times NNS X I-Skill
to TO X O
ensure VB X B-Skill
teamwork NN X I-Skill
is VBZ X I-Skill
maintained VBN X I-Skill
. . X O
In IN X O

return NN X O
, , X O
you PRP X O
ll VBP X O
receive VB X O
a DT X O
marketleading NN X O
salary NN X O
and CC X O
benefits NNS X O
that WDT X O
include VBP X O
: : X O
Company NN X O
car NN X O
Pension NN X O
25 CD X O
days NNS X O
holiday NN X O
with IN X O
the DT X O
option NN X O
to TO X O
buy VB X O
five CD X O
additional JJ X O
days NNS X O
Childcare NNP X O
vouchers NNS X O
Staff NNP X O
discounts NNS X O
About IN X O
us PRP X O
Celesio NNP X O
Group NNP X O
UK NNP X O
is VBZ X O
a DT X O
leading VBG X O
healthcare NN X O
services NNS X O
provider NN X O
who WP X O
employs VBZ X O
over IN X O
Support NNP X B-Skill

the DT X I-Skill
Commercial NNP X I-Skill
budgeting NN X I-Skill
and CC X I-Skill
forecasting NN X I-Skill
processes NNS X I-Skill
providing VBG X O
quarterly JJ X O
forecasts NNS X O
and CC X O
an DT X O
operating NN X O
plan NN X O
for IN X O
all DT X O
commercial JJ X O
areas NNS X O
. . X O
we PRP X O

are VBP X O
fast JJ X O
becoming VBG X O
known VBN X O
as IN X O
the DT X O
agency NN X O
that WDT X O
pays VBZ X O
the DT X O
highest JJS X O
rates NNS X O
in IN X O
London NNP X O
, , X O
Guaranteed NNP X O
Our PRP$ X O
professional JJ X O
approach NN X O
is VBZ X O
well RB X O
received VBN X O
and CC X O
our PRP$ X O
consultants NNS X O
are VBP X O
all DT X O
qualified JJ X O
teachers NNS X B-Occupation
. . X O
As IN X O

one CD X O
of IN X O
the DT X O
UK NNP X O
s NN X O
leading VBG X O
international JJ X O
student NN X O
recruiters NNS X O
, , X O
Coventry NNP X O
University NNP X O
has VBZ X O
The DT X O

culture NN X O
is VBZ X O
informal JJ X O
, , X O
friendly JJ X B-Skill
, , X O
open JJ X B-Skill
and CC X I-Skill
passionate NN X I-Skill
with IN X O
a DT X O
' '' X B-Skill
cando NN X I-Skill
' '' X I-Skill
attitude NN X I-Skill
to TO X O
getting VBG X O
things NNS X O
done VBN X O
. . X O
Curtis NNP X O

& CC X O
Mayfair NNP X O
is VBZ X O
a DT X O
recruitment JJ X O
consultancy NN X O
and CC X O
is VBZ X O
advertising VBG X O
this DT X O
vacancy NN X O
on IN X O
behalf NN X O
of IN X O
one CD X O
of IN X O
its PRP$ X O
clients NNS X O
. . X O
**** NN X O

Able NNP X O
to TO X O
be VB X O
flexible JJ X B-Skill
with IN X O
working VBG X O
hours NNS X O
where WRB X O
extra JJ X O
work NN X O
required VBN X O
WORKING NNP X O
CONDITIONS NNP X O
You PRP X O

will MD X O
liaise VB X B-Skill
with IN X I-Skill
family NN X I-Skill
members NNS X I-Skill
and CC X O
be VB X B-Skill
the DT X I-Skill
focal JJ X I-Skill
point NN X I-Skill
for IN X I-Skill
the DT X I-Skill
home NN X I-Skill
for IN X I-Skill
residents NNS X I-Skill
and CC X I-Skill
families NNS X I-Skill
. . X O
It PRP X O

consists VBZ X O
of IN X O
a DT X O
16 CD X O
beddded VBD X O
Intensive NNP X B-Skill
Care NNP X I-Skill
Unit NNP X O
and CC X O
a DT X O
10 CD X O
bedded JJ X O
Surgical NNP X B-Skill
High NNP X I-Skill
Dependency NNP X I-Skill
Unit NNP X O
. . X O
Carry NNP X O

out RP X O
personal JJ X O
development NN X O
to TO X O
keep VB X O
up RP X O
with IN X O
Equipment NNP X O
Changes NNP X O
/ NNP X O
Modifications NNP X O
. . X O
Our PRP$ X O

test NN X O
systems NNS X O
consist NN X O
of IN X O
a DT X O
variety NN X O
of IN X O
engine NN X O
and CC X O
chassis NN X O
dynamometers NNS X O
and CC X O
high JJ X O
technology NN X O
control NN X O
and CC X O
data NNS X O
acquisition NN X O
software NN X O
, , X O
along IN X O
with IN X O
test NN X O
stands NNS X O
and CC X O
ancillary JJ X O
equipment NN X O
for IN X O
the DT X O
test NN X O
cell NN X O
. . X O
Candidate NN X O

with IN X O
exposure NN X O
to TO X O
MVC NNP X B-Skill
, , X O
LINQ NNP X B-Skill
, , X O
WCF NNP X B-Skill
and CC X O
Windows NNP X B-Skill
services NNS X I-Skill
will MD X O
be VB X O
beneficial JJ X O
. . X O
**** JJ X O

k NN X O
Rouge NNP X O
recruitment NN X O
are VBP X O
recruiting VBG X O
for IN X O
a DT X O
Food NNP X B-Occupation
Services NNP X I-Occupation
Manager NNP X I-Occupation
for IN X O
our PRP$ X O
client NN X O
; : X O
a DT X O
large JJ X O
busy JJ X O
hotel NN X O
near IN X O
Loughborough NNP X O
. . X O
If IN X O

you PRP X O
have VBP X O
experience VBN X O
in IN X O
the DT X O
asbestos NN X O
market NN X O
as IN X O
an DT X O
Asbestos NNP X B-Occupation
Surveyor NNP X I-Occupation
/ NNP X I-Occupation
Asbestos NNP X I-Occupation
Analyst NNP X I-Occupation
, , X O
Asbestos NNP X B-Occupation
Lab NNP X I-Occupation
Analyst NNP X I-Occupation
/ NNP X B-Domain
Administration NNP X I-Domain
, , X O
Asbestos NNP X B-Occupation
Project NNP X I-Occupation
Manager NNP X I-Occupation
or CC X O
Asbestos NNP X O
Technical NNP X O
/ NNP X B-Skill
Quality NNP X I-Skill
Management NNP X I-Skill
, , X O
Asbestos NNP X O
Training NNP X B-Skill
or CC X O
Asbestos NNP X O
Sales NNS X B-Domain
Management NNP X B-Skill
through IN X O
to TO X O
Asbestos NNP X O
Sales NNS X B-Domain
/ NNP X O
Management NNP X O
/ NNP X B-Occupation
Director NNP X I-Occupation
levels NNS X O
please VB X O
forward RB X O
your PRP$ X O
CV NN X O
or CC X O
if IN X O
you PRP X O
have VBP X O
the DT X O
P NNP X O
Page NN X O

Personnel NNP X O
is VBZ X O
a DT X O
leading VBG X O
UK NNP X O
recruitment NN X O
consultancy NN X O
This DT X O
job NN X O
was VBD X O
originally RB X O
posted VBN X O
as IN X O
Knowledge NNP X O

of IN X O
Lotus NNP X B-Skill
Notes NNP X I-Skill
, , X O
Microsoft NNP X B-Skill
Word NNP X I-Skill
and CC X O
Excel NNP X B-Skill
, , X O
Proven NNP X O
track NN X O
record NN X O
of IN X O
exceptional JJ X O
office NN X B-Skill
administration NN X I-Skill
skills NNS X I-Skill
, , X O
civil JJ X B-Domain

/ NNP X I-Domain
electrical JJ X I-Domain
/ NNP X I-Domain
mechanical JJ X I-Domain
PTS NNP X B-Skill
Track NNP X I-Skill
training NN X I-Skill
would MD X O
be VB X O
useful JJ X O
; : X O
A NNP X O
proven RB X O
track NN X B-Skill
record NN X I-Skill
on IN X I-Skill
design NN X I-Skill
for IN X I-Skill
contractors NNS X I-Skill
on IN X I-Skill
D NNP X I-Skill
Key NNP X I-Skill
Words NNS X I-Skill
: : X O
The DT X O

successful JJ X O
candidate NN X O
will MD X O
need VB X O
to TO X O
be VB X O
educated VBN X O
up RP X O
to TO X O
AAT NNP X B-Qualification
level NN X I-Qualification
but CC X O
this DT X O
is VBZ X O
not RB X O
essential JJ X O
. . X O
Extensive JJ X O

site NN X O
experience NN X O
on IN X O
civil JJ X B-Domain
engineering NN X I-Domain
rail NN X I-Domain
projects NNS X I-Domain
in IN X O
a DT X B-Skill
management NN X I-Skill
or CC X O
supervisory JJ X B-Skill
capacity NN X O
. . X O
Recruit NN X O

volunteers NNS X O
, , X O
as IN X O
required VBN X O
, , X O
to TO X O
provide VB X B-Skill
additional JJ X I-Skill
support NN X I-Skill
to TO X I-Skill
the DT X I-Skill
NCS NNP X I-Skill
programme NN X I-Skill
and CC X I-Skill
ongoing JJ X I-Skill
Venturer NNP X I-Skill
groups NNS X I-Skill
and CC X I-Skill
DF NNP X I-Skill
network NN X I-Skill
If IN X O

you PRP X O
have VBP X O
not RB X O
heard VBN X O
from IN X O
us PRP X O
within IN X O
7 CD X O
days NNS X O
please VB X O
assume VB X O
you PRP X O
have VBP X O
been VBN X O
unsuccessful JJ X O
on IN X O
this DT X O
occasion NN X O
. . X O
Working VBG X B-Skill

across IN X I-Skill
the DT X I-Skill
site NN X I-Skill
functions NNS X I-Skill
, , X O
this DT X O
role NN X O
requires VBZ X O
the DT X O
individual NN X O
to TO X O
influence VB X B-Skill
at IN X O
multiple JJ X O
levels NNS X O
to TO X O
drive VB X B-Skill
better JJR X I-Skill
ways NNS X I-Skill
of IN X I-Skill
working VBG X I-Skill
, , X O
and CC X O
sharing NN X B-Skill
of IN X I-Skill
best JJS X I-Skill
practice NN X I-Skill
. . X O
Previous JJ X O

Experience NN X O
in IN X O
a DT X O
complex JJ X B-Skill
solution NN X I-Skill
selling NN X I-Skill
environment NN X I-Skill
Good NNP X O
equipment NN X B-Skill
/ NNP X I-Skill
hardware NN X I-Skill
experience NN X O
within IN X O
a DT X O
complex JJ X O
technology NN X O
environment NN X O
The DT X O

ability NN X O
to TO X O
converse VB X B-Skill
knowledgably RB X I-Skill
and CC X I-Skill
accurately RB X I-Skill
with IN X I-Skill
internal JJ X I-Skill
and CC X I-Skill
external JJ X I-Skill
customers NNS X I-Skill
to TO X O
ensure VB X O
appropriate JJ X B-Skill
delivery NN X I-Skill
of IN X I-Skill
services NNS X I-Skill
Flexible NNP X I-Skill
, , X O
adaptable JJ X B-Skill
and CC X O
pragmatic JJ X B-Skill
approach NN X I-Skill
Able NNP X O
to TO X O
work VB X B-Skill
and CC X I-Skill
evolve VB X I-Skill
in IN X I-Skill
an DT X I-Skill
ever RB X I-Skill
changing VBG X I-Skill
environment NN X I-Skill
and CC X O
manage NN X B-Skill
multiple JJ X I-Skill
projects NNS X I-Skill
simultaneously RB X I-Skill
Data NNP X B-Occupation
Analyst NNP X I-Occupation
, , X O
BMSi NNP X B-Occupation
This DT X O

is VBZ X O
an DT X O
excellent JJ X O
opportunity NN X O
to TO X O
be VB X O
part NN X O
of IN X O
a DT X O
global JJ X O
organisation NN X O
working VBG X O
in IN X O
a DT X O
truly NN X O
unique JJ X O
role NN X O
. . X O
My PRP$ X O

client NN X O
is VBZ X O
a DT X O
growing VBG X O
vibrant NN X B-Skill
IT NNP X B-Domain
Solution NNP X I-Domain
company NN X O
based VBN X O
near IN X O
bath NN X O
. . X O
UNICEF NNP X O

is VBZ X O
the DT X O
world NN X O
s NN X O
leading VBG X O
organisation NN X O
working VBG X B-Skill
for IN X I-Skill
children NNS X I-Skill
and CC X I-Skill
their PRP$ X I-Skill
rights NNS X I-Skill
in IN X O
more JJR X O
than IN X O
190 CD X O
countries NNS X O
. . X O
SkyBlue JJ X O

Solutions NNS X O
are VBP X O
looking VBG X O
for IN X O
an DT X O
experienced JJ X B-Skill
Cleaner NNP X B-Occupation
to TO X O
work VB X O
in IN X O
a DT X O
LargePublicBuilding NNP X O
. . X O
Advocating VBG X B-Skill

putting VBG X I-Skill
customers NNS X I-Skill
first RB X I-Skill
and CC X O
delivering VBG X B-Skill
a DT X I-Skill
consistently RB X I-Skill
excellent JJ X I-Skill
customer NN X I-Skill
experience NN X I-Skill
. . X O
You PRP X O

will MD X O
help VB X O
define VB X B-Skill
, , X I-Skill
introduce VB X I-Skill
and CC X I-Skill
articulate VB X I-Skill
the DT X I-Skill
architectural JJ X I-Skill
and CC X O
design JJ X B-Skill
vision NN X I-Skill
required VBN X O
to TO X O
deliver VB X O
novel JJ X O
and CC X O
innovative JJ X O
products NNS X O
and CC X O
services NNS X O
. . X O
Parkside NNP X O

Recruitment NNP X O
Ltd NNP X O
is VBZ X O
acting VBG X O
as IN X O
an DT X O
Employment NN X O
Business NN X O
in IN X O
relation NN X O
to TO X O
this DT X O
vacancy NN X O
. . X O
We PRP X O

are VBP X O
offering VBG X O
an DT X O
opportunity NN X O
to TO X O
join VB X O
one CD X O
of IN X O
the DT X O
leading VBG X O
branded JJ X O
restaurants NNS X O
as IN X O
a DT X O
Restaurant NNP X O
General NNP X B-Occupation
Manager NNP X I-Occupation
. . X O
Your PRP$ X O

day NN X O
will MD X O
be VB X O
split VBN X O
between IN X O
this DT X O
Front NNP X B-Occupation
of IN X I-Occupation
House NNP X I-Occupation
position NN X I-Occupation
and CC X O
assisting VBG X B-Skill
the DT X I-Skill
Manager NNP X I-Skill
with IN X O
various JJ X O
administration NN X O
duties NNS X O
including VBG X O
inducting VBG X B-Skill
new JJ X I-Skill
staff NN X I-Skill
, , X O
processing NN X B-Skill
bookwork NN X I-Skill
and CC X O
carrying VBG X B-Skill
out RP X I-Skill
staff NN X I-Skill
training NN X I-Skill
. . X O
This DT X O

post NN X O
is VBZ X O
working VBG X O
for IN X O
a DT X O
high JJ X O
profile NN X O
Hospital NNP X O
within IN X O
central JJ X O
London NNP X O
. . X O
Problem NNP X O

Solving NNP X O
Challenges NNP X O
Introduction NNP X B-Skill
of IN X I-Skill
a DT X I-Skill
new JJ X I-Skill
methodology NN X I-Skill
into IN X I-Skill
current JJ X I-Skill
practice NN X I-Skill
Facilitation NN X I-Skill
of IN X I-Skill
a DT X I-Skill
company NN X I-Skill
wide JJ X I-Skill
change NN X I-Skill
programme NN X I-Skill
Managing VBG X I-Skill
resistance NN X I-Skill
to TO X I-Skill
change VB X I-Skill
Coordination NNP X I-Skill
of IN X I-Skill
facilitation NN X I-Skill
team NN X I-Skill
Skills NNP X O
and CC X O
Knowledge NNP X O
Demonstrated NNP X O
facilitator NN X B-Skill
and CC X I-Skill
practitioner NN X I-Skill
in IN X I-Skill
the DT X I-Skill
DTLC NNP X I-Skill
tool NN X I-Skill
methodologies NNS X I-Skill
, , X O
namely RB X O
: : X O
QFD NNP X B-Skill
, , X O
Value NNP X B-Skill
Engineering NNP X I-Skill
, , X O
F NNP X B-Skill
. . X I-Skill
A NNP X I-Skill
. . X I-Skill
S NNP X I-Skill
. . X I-Skill
T NNP X I-Skill
, , X O
Design NNP X B-Skill
and CC X I-Skill
Process NNP X I-Skill
FMEA NNP X I-Skill
, , X O
Design NNP X B-Skill
for IN X I-Skill
Assembly NNP X I-Skill
, , X O
Design NNP X B-Skill
for IN X I-Skill
Test NNP X I-Skill
, , X O
Functional NNP X B-Skill
cost NN X I-Skill
and CC X I-Skill
worth NN X I-Skill
An DT X O

enhanced JJ X O
Criminal NNP X B-Qualification
Records NNP X I-Qualification
Bureau NNP X I-Qualification
CRB NNP X I-Qualification
Disclosure NNP X I-Qualification
check NN X I-Qualification
is VBZ X O
required VBN X O
for IN X O
all DT X O
Protocol NNP X O
assignments NNS X O
. . X O
With IN X O

over IN X O
14 CD X B-Experience
years NNS X I-Experience
experience RB X I-Experience
recruiting VBG X B-Skill
within IN X O
the DT X O
industry NN X O
, , X O
we PRP X O
know VBP X O
what WP X O
we PRP X O
' '' X O
re JJ X O
talking VBG X O
about IN X O
. . X O
Be VB X O

an DT X O
advanced JJ X B-Skill
Excel NNP X I-Skill
user NN X I-Skill
and CC X O
confident NN X O
in IN X O
the DT X O
use NN X O
of IN X O
Pivot NNP X B-Skill
Tables NNP X I-Skill
, , X O
able JJ X O
to TO X O
interpret VB X B-Skill
complex JJ X I-Skill
data NNS X I-Skill
, , X O
monitor NN X B-Skill
financial JJ X I-Skill
performance NN X I-Skill
and CC X O
identify NN X B-Skill
and CC X I-Skill
implement JJ X I-Skill
improvements NNS X I-Skill
in IN X I-Skill
current JJ X I-Skill
systems NNS X I-Skill
To TO X O
apply VB X O
please JJ X O
visit VB X O
our PRP$ X O
website NN X O
, , X O
alternatively RB X O
if IN X O
you PRP X O
require VBP X O
the DT X O
application NN X O
in IN X O
a DT X O
different JJ X O
format NN X O
please NN X O
contact VB X O
the DT X O
Human NNP X O
Resources NNPS X O
Department NNP X O
, , X O
Edge NNP X O
Building NNP X O
, , X O
Birmingham NNP X O
City NNP X O
University NNP X O
, , X O
City NNP X O
North NNP X O
Campus NNP X O
, , X O
Perry NNP X O
Barr NNP X O
, , X O
Birmingham NNP X O
B NNP X O
Assist NN X O

in IN X O
the DT X O
requirements NNS X O
gathering VBG X B-Skill
process NN X O
to TO X O
help VB X O
ensure VB X O
requirements NNS X O
contain VB X O
enough JJ X O
information NN X O
and CC X O
fact NN X O
to TO X O
support VB X B-Skill
design NN X I-Skill
, , X I-Skill
development NN X I-Skill
and CC X I-Skill
implementation NN X I-Skill
. . X O
I PRP X O

design VBP X B-Skill
review NN X I-Skill
and CC X I-Skill
installation NN X I-Skill
upon IN X I-Skill
large JJ X I-Skill
international JJ X I-Skill
CCGT NNP X I-Skill
power NN X I-Skill
stations NNS X I-Skill
. . X O
You PRP X O

will MD X O
become VB X O
an DT X O
essential JJ X O
part NN X O
of IN X O
village NN X O
life NN X O
and CC X O
be VB X O
considering VBG X O
a DT X O
long JJ X O
term NN X O
move NN X O
and CC X O
commitment NN X B-Skill
to TO X I-Skill
managing VBG X I-Skill
the DT X I-Skill
business NN X I-Skill
. . X O
You PRP X O

will MD X O
be VB X O
responsible JJ X O
for IN X O
achieving VBG X B-Skill
your PRP$ X I-Skill
monthly JJ X I-Skill
objectives NNS X I-Skill
and CC X I-Skill
forecasting VBG X I-Skill
likely JJ X I-Skill
business NN X I-Skill
. . X O
Presenting VBG X B-Skill

his PRP$ X I-Skill
/ NN X I-Skill
her PRP$ X I-Skill
ideas NNS X I-Skill
and CC X I-Skill
findings NNS X I-Skill
at IN X I-Skill
meetings NNS X I-Skill
and CC X I-Skill
in IN X I-Skill
writing NN X I-Skill
, , X I-Skill
including VBG X I-Skill
conference NN X I-Skill
and CC X I-Skill
journal JJ X I-Skill
papers NNS X I-Skill
; : X O
occasionally RB X O
travelling VBG X B-Skill
to TO X I-Skill
conferences NNS X I-Skill
to TO X I-Skill
give VB X I-Skill
papers NNS X I-Skill
; : X O
and CC X O
occasionally RB X O
giving VBG X B-Skill
informal JJ X I-Skill
presentations NNS X I-Skill
to TO X I-Skill
the DT X I-Skill
group NN X I-Skill
and CC X I-Skill
maintaining VBG X I-Skill
internal JJ X I-Skill
documentation NN X I-Skill
. . X O
The DT X O

successful JJ X O
candidate NN X O
will MD X O
work VB X O
closely RB X O
with IN X O
both DT X O
the DT X O
Project NNP X B-Occupation
Manager NNP X I-Occupation
s NN X O
and CC X O
Engineers NNS X B-Occupation
, , X O
as RB X O
well RB X O
as IN X O
Sales NNS X B-Occupation
staff NN X I-Occupation
and CC X O
on IN X O
site NN X O
contractors NNS X B-Occupation
to TO X O
ensure VB X O
the DT X O
project NN X O
is VBZ X O
delivered VBN X O
on IN X O
time NN X O
and CC X O
to TO X O
schedule NN X O
. . X O
**** NN X O

Ltd NNP X O
are VBP X O
one CD X O
of IN X O
Hertfordshire NNP X O
' POS X O
s NN X O
fastest JJS X O
growing VBG X O
and CC X O
most JJS X O
dynamic JJ X O
recruitment NN X B-Domain
consultancy NN X I-Domain
. . X O
The DT X O

Home NNP X B-Occupation
Manager NNP X I-Occupation
will MD X O
ideally RB X O
be VB X O
a DT X O
Registered NNP X B-Qualification
General NNP X I-Qualification
Nurse NNP X I-Qualification
or CC X O
Registered NNP X B-Qualification
Mental NNP X I-Qualification
Health NNP X I-Qualification
Nurse NNP X I-Qualification
with IN X O
You PRP X O

will MD X O
be VB X O
a DT X O
key JJ X O
member NN X O
of IN X O
the DT X O
team NN X O
working VBG X O
with IN X O
to TO X O
implement VB X O
new JJ X O
. . X O
NET NN X O
are VBP X O

required VBN X O
Skills NNP X O
Strong JJ X B-Skill
commercial JJ X I-Skill
experience NN X I-Skill
in IN X I-Skill
PHP NNP X I-Skill
, , X I-Skill
OOP NNP X I-Skill
, , X I-Skill
HTML NNP X I-Skill
, , X I-Skill
CSS NNP X I-Skill
, , X I-Skill
Javascript NNP X I-Skill
, , X I-Skill
MySQL NNP X I-Skill
Experience NNP X O
in IN X O
: : X O
Lamp NNP X B-Skill
, , X I-Skill
JQuery NNP X I-Skill
, , X I-Skill
Soap NNP X I-Skill
, , X I-Skill
XML NNP X I-Skill
, , X I-Skill
Linux NNP X I-Skill
, , X I-Skill
Windows NNP X I-Skill
Server NNP X I-Skill
, , X I-Skill
MongoDB NNP X I-Skill
and CC X I-Skill
Application NNP X I-Skill
Development NNP X I-Skill
would MD X I-Skill
be VB X I-Skill
very RB X I-Skill
advantageous JJ X I-Skill
Exposure NN X I-Skill
to TO X I-Skill
CakePHP NNP X I-Skill
or CC X I-Skill
a DT X I-Skill
PHP NNP X I-Skill
Framework NNP X I-Skill
will MD X O
also RB X O
be VB X O
looked VBN X O
favorably RB X O
If IN X O
you PRP X O
are VBP X O
an DT X O
experienced JJ X B-Experience
PHP NNP X B-Occupation
Developer NNP X I-Occupation
with IN X O
a DT X O
can MD X O
do VB X O
attitude VB X O
that DT X O
s NN X O
looking VBG X O
for IN X O
a DT X O
new JJ X O
challenge NN X O
with IN X O
a DT X O
dedicated VBN X O
but CC X O
fun VBP X O
team NN X O
On IN X O

offer NN X O
is VBZ X O
a DT X O
competitive JJ X O
salary NN X O
, , X O
bonus NN X O
package NN X O
, , X O
and CC X O
progression NN X O
options NNS X O
. . X O
nbsp NN X O

; : X O
Skills NNP X O
nbsp VBZ X O
; : X O
ACA NNP X B-Qualification
/ NNP X I-Qualification
ACCA NNP X I-Qualification
Qualified NNP X I-Qualification
Experience NNP X O
as IN X O
a DT X O
managing NN X B-Skill
and CC X I-Skill
leading VBG X I-Skill
a DT X I-Skill
team NN X I-Skill
of IN X I-Skill
auditors NNS X I-Skill
, , X O
planning NN X B-Skill
and CC X I-Skill
reviewing VBG X I-Skill
work NN X I-Skill
Experience NNP X O
of IN X O
business NN X B-Domain
development NN X I-Domain
nbsp NN X O
; : X O
Please NNP X O

send VB X O
your PRP$ X O
CV NNP X O
through IN X O
to TO X O
graham VB X O
. . X O
auldcvscreen NN X O
. . X O
co NN X O
. . X O
uk NN X O
in IN X O
strict JJ X O
confidence NN X O
or CC X O
call VB X O
Graham NNP X O
Auld NNP X O
on IN X O
If IN X O

you PRP X O
have VBP X O
: : X O
Your PRP$ X O
own JJ X O
car NN X O
, , X O
Effective NNP X B-Skill
communication NN X I-Skill
skills NNS X I-Skill
You PRP X O

should MD X O
be VB X O
primarily RB X O
a DT X O
supply NN X B-Occupation
chain NN X I-Occupation
specialist NN X I-Occupation
but CC X O
with IN X O
strong JJ X O
IT NNP X B-Skill
skills VBZ X O
. . X O
The DT X O

services NNS X O
advertised VBN X O
by IN X O
Consortia NNP X O
Personnel NNP X O
are VBP X O
those DT X O
of IN X O
an DT X O
Agency NNP X O
, , X O
a DT X O
specialist JJ X B-Occupation
recruiter NN X I-Occupation
of IN X I-Occupation
IT NNP X I-Occupation
, , X O
Operations NNP X O
, , X O
Finance NNP X O
, , X O
and CC X O
User NNP X O
Experience NNP X O
Positions NNP X O
. . X O
sql NN X O

server NN X O
, , X O
This DT X O
job NN X O
was VBD X O
originally RB X O
posted VBN X O
as IN X O
www NN X O
. . X O
cwjobs NN X O
. . X O
co NN X O
. . X O
uk JJ X O
/ JJ X O
JobSeeking NNP X O
/ NNP X O
NETDeveloperWebdeveloperFinancialServices_job NNP X O
You PRP X O

will MD X O
be VB X O
qualified VBN X O
ACA NNP X B-Qualification
or CC X O
ACCA NNP X B-Qualification
with IN X O
ideally RB X O
an DT X O
audit NN X B-Skill
background NN X O
and CC X O
strong JJ X B-Skill
Excel NNP X I-Skill
. . X O
If IN X O

you PRP X O
are VBP X O
serious JJ X O
about IN X O
your PRP$ X O
career NN X O
in IN X O
Cisco NNP X O
networking NN X O
an DT X O

experienced JJ X B-Experience
Administrator NNP X I-Experience
Must NNP X B-Qualification
be VB X I-Qualification
educated VBN X I-Qualification
to TO X I-Qualification
a DT X I-Qualification
minimum NN X I-Qualification
of IN X I-Qualification
GCSE NNP X I-Qualification
level NN X I-Qualification
including VBG X I-Qualification
Maths NNP X I-Qualification
Experience NNP X I-Qualification
within IN X I-Qualification
banking NN X I-Qualification
/ VBP X I-Qualification
financial JJ X I-Qualification
services NNS X I-Qualification
or CC X I-Qualification
Insurance NNP X I-Qualification
would MD X O
be VB X O
a DT X O
distinct JJ X O
advantage NN X O
What WP X O
are VBP X O
we PRP X O
offering VBG X O
? . X O
This DT X O

is VBZ X O
an DT X O
excellent JJ X O
contract NN X O
opportunity NN X O
for IN X O
an DT X O
experienced JJ X O
market NN X B-Occupation
analyst NN X I-Occupation
with IN X O
strong JJ X O
analytical JJ X B-Skill
, , X O
statistical JJ X B-Skill
and CC X O
project JJ X B-Skill
management NN X I-Skill
skills NNS X I-Skill
to TO X O
join VB X O
the DT X O
forecasting NN X B-Skill
team NN X O
of IN X O
a DT X O
leading VBG X O
FTSE NNP X O
100 CD X O
media NNS X B-Domain
organisation NN X O
. . X O
You PRP X O

should MD X O
be VB X O
a DT X O
motivated JJ X B-Skill
researcher NN X B-Occupation
with IN X O
solid JJ X O
experience NN X O
in IN X O
user NN X B-Skill
testing NN X I-Skill
, , X O
conducting VBG X B-Skill
workshops NNS X I-Skill
and CC X O
focus VB X B-Skill
groups NNS X I-Skill
. . X O
The DT X O

leadership NN X O
wishes VBZ X O
to TO X O
appoint VB X O
a DT X O
Chemistry NNP X B-Occupation
Teacher NNP X I-Occupation
with IN X O
strong JJ X O
subject JJ X B-Skill
knowledge NN X I-Skill
and CC X O
a DT X O
real JJ X O
enthusiasm NN X B-Skill
for IN X I-Skill
their PRP$ X I-Skill
subject NN X I-Skill
that IN X O
they PRP X O
are VBP X O
keen JJ X O
to TO X O
transmit VB X O
to TO X O
their PRP$ X O
students NNS X O
. . X O
You PRP X O

will MD X O
be VB X O
developing VBG X B-Skill
algorithms IN X I-Skill
that DT X I-Skill
sit NN X I-Skill
in IN X I-Skill
this DT X I-Skill
data NN X I-Skill
and CC X O
allow JJ X B-Skill
finctionality NN X I-Skill
across IN X I-Skill
multiple JJ X I-Skill
sets NNS X I-Skill
. . X O
The DT X O

role NN X O
will MD X O
be VB X O
as IN X O
a DT X O
Learning NNP X B-Occupation
Support NNP X I-Occupation
Assistant NNP X I-Occupation
in IN X O
a DT X O
primary JJ X O
school NN X B-Domain
with IN X O
an DT X O
attached VBN X O
Special NNP X B-Skill
Educational NNP X I-Skill
Needs NNP X I-Skill
Unit NNP X O
. . X O
Function NN X O

Responsibilities NNS X O
: : X O
All PDT X O
the DT X O
noted JJ X O
elements NNS X O
are VBP X O
to TO X O
be VB X O
carried VBN X O
out RP X O
on IN X O
behalf NN X O
of IN X O
the DT X O
IIM NNP X B-Occupation
Function NNP X I-Occupation
Manager NNP X I-Occupation
in IN X O
a DT X O
balanced JJ X B-Skill
manner NN X I-Skill
with IN X I-Skill
respect NN X I-Skill
to TO X I-Skill
Health NNP X I-Skill
, , X I-Skill
Safety NNP X I-Skill
, , X I-Skill
Environment NNP X I-Skill
, , X I-Skill
Quality NNP X I-Skill
, , X I-Skill
Security NNP X I-Skill
, , X I-Skill
and CC X I-Skill
encompass NN X I-Skill
all DT X I-Skill
legal JJ X I-Skill
and CC X I-Skill
contractual JJ X I-Skill
requirements NNS X I-Skill
. . X O
The DT X O

Assistant NNP X B-Occupation
Pub NNP X I-Occupation
Manager NNP X I-Occupation
would MD X O
have VB X O
held VBN X O
a DT X O
similar JJ X O
Assistant NN X B-Occupation
Managers NNP X O
role NN X O
previously RB X O
, , X O
be VB X O
customer NN X B-Skill
focused VBN X I-Skill
and CC X O
have VBP X O
passion NN X B-Skill
and CC X I-Skill
drive NN X I-Skill
for IN X I-Skill
the DT X I-Skill
industry NN X I-Skill
. . X O
Axure JJ X B-Skill

Pro NNP X I-Skill
environment NN X O
Exposure NN X O
to TO X O
responsive VB X B-Domain
design NN X I-Domain
, , X O
mobile NN X B-Domain
, , X O
and CC X O
web JJ X B-Domain
analytic JJ X I-Domain
Comfortable JJ X O
working VBG X B-Skill
in IN X I-Skill
a DT X I-Skill
small JJ X I-Skill
, , X I-Skill
dynamic JJ X I-Skill
, , X I-Skill
crossfunctional JJ X I-Skill
team NN X I-Skill
working VBG X I-Skill
to TO X I-Skill
tight JJ X I-Skill
deadlines NNS X I-Skill
Experience NNP X O
in IN X O
Financial NNP X B-Domain
Services NNPS X I-Domain
Astute NNP X B-Skill

and CC X O
commercially RB X B-Skill
aware JJ X I-Skill
professional JJ X B-Occupation
with IN X O
experience NN X O
of IN X O
providing VBG X B-Skill
leadership NN X I-Skill
within IN X I-Skill
a DT X I-Skill
demadning VBG X I-Skill
financial JJ X I-Skill
operation NN X I-Skill
Recognised VBD X B-Qualification
CCAB NNP X I-Qualification
qualification NN X I-Qualification
Significant NNP X O
expereince NN X O
of IN X O
statutory JJ X B-Skill
accounting NN X I-Skill
, , X O
tax NN X B-Skill
and CC X O
PAYE NNP X B-Skill
, , X O
budgetting NN X B-Skill
and CC X O
business NN X B-Skill
audits NNS X I-Skill
. . X O
This DT X O

giving VBG X O
you PRP X O
an DT X O
excellent JJ X O
work NN X O
/ NNP X O
life NN X O
balance NN X O
and CC X O
time NN X O
to TO X O
take VB X O
advantage NN X O
of IN X O
other JJ X O
important JJ X O
aspects NNS X O
in IN X O
your PRP$ X O
life NN X O
. . X O
Cisco NNP X B-Qualification

, , X I-Qualification
Dell NNP X I-Qualification
DCSE NNP X I-Qualification
, , X I-Qualification
A NNP X I-Qualification
certifications NNS X O
are VBP X O
highly RB X O
desired VBN X O
Must NNP X O
be VB X O
available JJ X B-Skill
for IN X I-Skill
afterhours NNS X I-Skill
oncall JJ X O
rotation NN X O
Must NNP X O
be VB X O
available JJ X B-Skill
for IN X I-Skill
varying VBG X I-Skill
shifts NNS X I-Skill
/ JJ X O
days NNS X O
including VBG X O
weekends NNS X O
on IN X O
a DT X O
rotating JJ X O
basis NN X O
. . X O
As IN X O

Costing NNP X B-Occupation
& CC X I-Occupation
Pricing NNP X I-Occupation
Manager NNP X I-Occupation
you PRP X O
will MD X O
be VB X O
involved VBN X O
in IN X O
planning VBG X B-Skill
& CC X I-Skill
reporting NN X I-Skill
as RB X O
well RB X O
as IN X O
implementing VBG X B-Skill
change NN X I-Skill
, , X O
improving VBG X B-Skill
efficiencies NNS X I-Skill
, , X O
effecting VBG X B-Skill
systems NNS X I-Skill
changes NNS X I-Skill
as RB X O
well RB X O
as IN X O
managing VBG X B-Skill
a DT X I-Skill
team NN X I-Skill
of IN X I-Skill
4 CD X I-Skill
staff NN X I-Skill
. . X O
Then RB X O

developing VBG X B-Skill
those DT X I-Skill
relationships NNS X I-Skill
, , X I-Skill
opening VBG X I-Skill
the DT X I-Skill
client NN X I-Skill
up RB X I-Skill
, , X O
finding VBG X B-Skill
out RP X I-Skill
about IN X I-Skill
their PRP$ X I-Skill
issues NNS X I-Skill
and CC X O
then RB X O
presenting VBG X B-Skill
how WRB X I-Skill
our PRP$ X I-Skill
client NN X I-Skill
` `` X I-Skill
s JJ X I-Skill
wide JJ X I-Skill
range NN X I-Skill
of IN X I-Skill
services NNS X I-Skill
and CC X I-Skill
solutions NNS X I-Skill
can MD X I-Skill
fit VB X I-Skill
their PRP$ X I-Skill
needs NNS X I-Skill
via IN X O
a DT X O
multi JJ X B-Skill
presentation NN X I-Skill
, , X O
often RB X O
multi JJ X B-Skill
decision NN X I-Skill
maker NN X I-Skill
sales NNS X I-Skill
process NN X I-Skill
. . X O
Potential JJ X O

candidates NNS X O
must MD X O
be VB X O
prepared VBN X O
to TO X O
take VB X B-Skill
full JJ X I-Skill
responsibility NN X I-Skill
for IN X I-Skill
their PRP$ X I-Skill
work NN X I-Skill
, , X O
all PDT X O
the DT X O
while NN X O
supporting VBG X B-Skill
the DT X I-Skill
creative JJ X I-Skill
managers NNS X I-Skill
in IN X I-Skill
the DT X I-Skill
execution NN X I-Skill
of IN X I-Skill
creative JJ X I-Skill
solutions NNS X I-Skill
. . X O
Freesale NNP X B-Occupation

Executive NNP X I-Occupation
Austrian NNP X O
/ NNP X O
Swiss NNP X O
Market NNP X O
German JJ X B-Skill
Speaker NNP X I-Skill
Start NNP X O
date NN X O
: : X O
The DT X O

role NN X O
will MD X O
involve VB X O
interacting VBG X B-Skill
with IN X I-Skill
different JJ X I-Skill
departments NNS X I-Skill
: : X O
marketing NN X B-Domain
, , X O
operations NNS X B-Domain
and CC X O
central JJ X B-Domain
services NNS X I-Domain
This DT X O

would MD X O
suit VB X O
a DT X O
senior JJ X B-Skill
VP NNP X O
level NN X O
developer NN X B-Occupation
looking VBG X O
to TO X O
take VB X O
on IN X O
more RBR X O
management NN X B-Skill
responsibilities NNS X O
. . X O
Why WRB X O

join NN X O
Barchester NNP X O
as IN X O
a DT X O
Head NNP X O
of IN X O
Care NNP X O
Dementia NNP X O
RN NNP X O
? . X O
Based VBN X O

In IN X O
the DT X O
centre NN X O
of IN X O
Bristol NNP X O
Rise NNP X O
Technical NNP X O
Recruitment NNP X B-Domain
is VBZ X O
fast JJ X O
becoming VBG X O
one CD X O
of IN X O
the DT X O
leading VBG X O
engineering NN X B-Domain
specialist NN X I-Domain
recruitment NN X I-Domain
companies NNS X O
in IN X O
the DT X O
UK NNP X O
. . X O
The DT X O

ideal JJ X O
candidate NN X O
will MD X O
have VB X O
a DT X O
proven JJ X O
track NN X O
record NN X O
in IN X O
the DT X O
preparation NN X B-Skill
of IN X I-Skill
financial JJ X I-Skill
statements NNS X I-Skill
within IN X O
a DT X O
large JJ X O
multi JJ X O
national JJ X O
Financial NNP X O
Services NNPS X O
Company NN X O
along RB X O
with IN X O
the DT X O
ability NN X O
to TO X O
analyse VB X B-Skill
and CC X I-Skill
extract VB X I-Skill
information NN X I-Skill
from IN X I-Skill
financial JJ X I-Skill
reports NNS X I-Skill
The DT X O
successful JJ X O
candidate NN X O
will MD X O
need VB X O
to TO X O
be VB X O
available JJ X O
to TO X O
start VB X O
immediately RB X O
and CC X O
commit NN X O
to TO X O
This DT X O

is VBZ X O
an DT X O
excellent JJ X O
opportunity NN X O
for IN X O
career NN X O
development NN X O
within IN X O
a DT X O
small JJ X O
, , X O
friendly JJ X O
and CC X O
expanding VBG X O
service NN X O
. . X O
**** JJ X O

**** NNP X O
accurate NN X B-Skill
and CC X I-Skill
clear JJ X I-Skill
quotations NNS X I-Skill
per IN X I-Skill
day NN X I-Skill
across IN X I-Skill
a DT X I-Skill
range NN X I-Skill
of IN X I-Skill
products NNS X I-Skill
for IN X I-Skill
new JJ X I-Skill
and CC X I-Skill
revised JJ X I-Skill
quotations NNS X I-Skill
; : X O
Offering VBG X B-Skill
technical JJ X I-Skill
support NN X I-Skill
to TO X I-Skill
internal JJ X I-Skill
and CC X I-Skill
external JJ X I-Skill
customers NNS X I-Skill
; : X O
Emailing NNP X B-Skill
completed VBD X I-Skill
quotes NNS X I-Skill
along IN X I-Skill
with IN X I-Skill
supporting VBG X I-Skill
documents NNS X I-Skill
; : X O
To TO X O
insure VB X B-Skill
that DT X I-Skill
individual JJ X I-Skill
targets NNS X I-Skill
and CC X I-Skill
objectives NNS X I-Skill
are VBP X I-Skill
met VBN X I-Skill
. . X O
that DT X O

s NN X O
made VBD X O
us PRP X O
so RB X O
famous JJ X O
will MD X O
be VB X O
largely RB X O
down JJ X O
to TO X O
you PRP X O
, , X O
as IN X O
General NNP X B-Occupation
Manager NNP X I-Occupation
, , X O
controlling VBG X B-Skill
and CC X I-Skill
managing VBG X I-Skill
your PRP$ X I-Skill
budget NN X I-Skill
. . X O
The DT X O

Role NNP X O
Role NNP X O
will MD X O
begin VB X O
with IN X O
candidate NN X O
doing VBG X O
SCADA NNP X B-Skill
programming VBG X I-Skill
for IN X I-Skill
the DT X I-Skill
creation NN X I-Skill
of IN X I-Skill
an DT X I-Skill
electronic JJ X I-Skill
daily JJ X I-Skill
management NN X I-Skill
board NN X I-Skill
system NN X I-Skill
which WDT X I-Skill
shows VBZ X I-Skill
when WRB X I-Skill
machines NNS X I-Skill
are VBP X I-Skill
/ JJ X O
Liase NNP X B-Skill

across IN X I-Skill
multi JJ X I-Skill
disciplinary JJ X I-Skill
engineering NN X I-Skill
teams NNS X I-Skill
to TO X O
provide VB X B-Skill
end NN X I-Skill
to TO X I-Skill
end VB X I-Skill
integrated JJ X I-Skill
solutions NNS X I-Skill
. . X O
Ensure NN X O

that WDT X O
own JJ X O
work NN X O
and CC X O
that IN X O
of IN X O
more JJR X O
junior JJ X O
engineers NNS X B-Qualification
on IN X O
a DT X O
project NN X O
complies VBZ X O
with IN X O
all DT X O
necessary JJ X O
corporate JJ X B-Domain
, , X O
departmental JJ X O
and CC X O
legislative JJ X O
requirements NNS X O
and CC X O
procedures NNS X O
, , X O
to TO X O
guarantee VB X O
that IN X O
the DT X O
necessary JJ X O
consistency NN X O
and CC X O
quality NN X O
of IN X O
delivery NN X O
is VBZ X O
maintained VBN X O
. . X O
**** JJ X O

candidates NNS X O
must MD X O
prove VB X O
their PRP$ X O
entitlement NN X O
to TO X O
work VB X O
in IN X O
the DT X O
UK NNP X O
In IN X O

return NN X O
for IN X O
your PRP$ X O
hard JJ X O
work NN X O
a DT X O
competitive JJ X O
salary NN X O
and CC X O
benefits NNS X O
package NN X O
is VBZ X O
on IN X O
offer NN X O
. . X O
You PRP X O

may MD X O
well RB X O
have VB X O
a DT X O
background NN X O
outside IN X O
house NN X B-Skill
building NN X I-Skill
: : X O
sectors NNS X O
that WDT X O
are VBP X O
of IN X O
interest NN X O
to TO X O
us PRP X O
include VB X O
Retail NNP X B-Domain
, , X O
Automotive NNP X B-Domain
, , X O
Financial NNP X B-Domain
Services NNPS X I-Domain
, , X O
Homecare NNP X B-Domain
, , X O
and CC X O
Utilities NNS X B-Domain
. . X O
Participation NN X O

in IN X O
R NNP X O
& CC X O
D NNP X O
projects NNS X O
Qualification NNP X B-Skill
of IN X I-Skill
new JJ X I-Skill
technology NN X I-Skill
Risk NNP X I-Skill
assessment NN X I-Skill
services NNS X I-Skill
Qualifications NNP X I-Skill
Education NNP X I-Skill
, , X O
skills NNS X O
and CC X O
experience NN X O
should MD X O
include VB X O
, , X O
but CC X O
may MD X O
not RB X O
be VB X O
limited VBN X O
to TO X O
Relevant NNP X B-Qualification
degree JJ X I-Qualification
Level NNP X I-Qualification
in IN X I-Qualification
Chemical NNP X I-Qualification
, , X O
Corrosion NNP X B-Qualification
or CC X O
Materials NNP X B-Qualification
Engineering NNP X I-Qualification
2 CD X B-Experience
years NNS X I-Experience
of IN X I-Experience
corrosion NN X I-Experience
/ NN X I-Experience
materials NNS X I-Experience
engineering NN X I-Experience
experience NN X I-Experience
with IN X I-Experience
emphasis NN X I-Experience
on IN X I-Experience
oil NN X I-Experience
and CC X I-Experience
gas NN X I-Experience
operations NNS X I-Experience
desirable JJ X O
Cathodic NNP X B-Skill
protection NN X I-Skill
and CC X O
coating VBG X B-Skill
systems NNS X I-Skill
You PRP X O

will MD X O
also RB X O
have VB X O
responsibility NN X O
for IN X O
ensuring VBG X B-Skill
that IN X I-Skill
the DT X I-Skill
correct JJ X I-Skill
governance NN X I-Skill
frameworks NNS X I-Skill
are VBP X I-Skill
in IN X I-Skill
place NN X I-Skill
for IN X I-Skill
both DT X I-Skill
internal JJ X I-Skill
and CC X I-Skill
external JJ X I-Skill
relationships NNS X I-Skill
, , X O
to TO X O
ensure VB X B-Skill
continued JJ X I-Skill
regulatory JJ X I-Skill
compliance NN X I-Skill
and CC X I-Skill
industry NN X I-Skill
best RBS X I-Skill
practice NN X I-Skill
. . X O
The DT X O

closing NN X O
date NN X O
for IN X O
this DT X O
role NN X O
is VBZ X O
Friday NNP X O
15th CD X O
February NNP X O
2013 CD X O
at IN X O
11pm CD X O
Timely RB X B-Skill

and CC X I-Skill
accurate JJ X I-Skill
production NN X I-Skill
of IN X I-Skill
monthly JJ X I-Skill
flash NN X I-Skill
reports NNS X I-Skill
Production NN X O
of IN X O
quarterly JJ X O
FSA NNP X O
/ NN X O
Imperial NNP X O

College NNP X O
is VBZ X O
committed VBN X O
to TO X O
equality NN X O
of IN X O
opportunity NN X O
, , X O
equal JJ X O
treatment NN X O
, , X O
and CC X O
to TO X O
eliminating VBG X O
discrimination NN X O
. . X O
Ability NN X O

to TO X O
interact VB X B-Skill
successfully RB X I-Skill
with IN X I-Skill
others NNS X I-Skill
to TO X O
learn VB X B-Skill
and CC X I-Skill
teach VB X I-Skill
new JJ X I-Skill
skills NNS X I-Skill
. . X O
It PRP X O

would MD X O
be VB X O
desirable JJ X O
candidates NNS X O
also RB X O
have VBP X O
a DT X O
third JJ X B-Qualification
level NN X I-Qualification
qualification NN X I-Qualification
. . X O
The DT X O

Business NNP X O
School NNP X O
is VBZ X O
based VBN X O
at IN X O
Southlands NNP X O
College NNP X O
, , X O
in IN X O
SouthWest NNP X O
London NNP X O
. . X O
Excellent JJ X O

salary NN X O
on IN X O
offer NN X O
as IN X O
is VBZ X O
a DT X O
bonus NN X O
and CC X O
full JJ X O
benefits NNS X O
package NN X O
. . X O
Self NNP X B-Skill

accountability NN X I-Skill
/ NNP X I-Skill
motivation NN X I-Skill
Innovation NNP X I-Skill
Tenacity NNP X I-Skill
Drive NNP X I-Skill
to TO X O
ensure VB X O
success NN X O
. . X O
This DT X O

is VBZ X O
a DT X O
unique JJ X O
opportunity NN X O
to TO X O
gain VB X O
experience NN X O
in IN X O
industrystyle JJ X O
drug NN X O
discovery NN X O
within IN X O
an DT X O
academic JJ X O
setting NN X O
. . X O
**** JJ X O

Evaluate NNP X B-Skill
and CC X I-Skill
develop VB X I-Skill
processes NNS X I-Skill
to TO X O
ensure VB X B-Skill
that DT X I-Skill
service NN X I-Skill
levels NNS X I-Skill
are VBP X I-Skill
maintained VBN X I-Skill
Communicate NNP X O

these DT X O
effectively RB X O
to TO X O
internal JJ X O
stakeholders NNS X O
, , X O
the DT X O
Head NNP X B-Occupation
of IN X I-Occupation
Production NNP X I-Occupation
the DT X O
studio NN X O
To TO X O
assist VB X O
the DT X O
Heads NNP X B-Occupation
of IN X I-Occupation
Digital NNP X I-Occupation
Production NNP X I-Occupation
in IN X O
planning VBG X B-Skill
ensuring VBG X O
adequate JJ X B-Skill
internal JJ X I-Skill
3rd CD X I-Skill
party NN X I-Skill
resource NN X I-Skill
when WRB X O
necessary JJ X O
To TO X O
assist VB X O
in IN X O
the DT X O
functional JJ X B-Skill
requirements NNS X I-Skill
gathering VBG X I-Skill
process NN X O
ensure VB X O
all DT X O
developments NNS X O
use VBP X O
scalable JJ X B-Skill
, , X I-Skill
secure NN X I-Skill
, , X I-Skill
robust JJ X I-Skill
reusable JJ X I-Skill
concepts NNS X I-Skill
throughout IN X O
To TO X O
be VB X O
responsible JJ X O
for IN X O
ensuring VBG X B-Skill
all DT X I-Skill
projects NNS X I-Skill
meet VBP X I-Skill
a DT X I-Skill
high JJ X I-Skill
technical JJ X I-Skill
standard NN X I-Skill
To TO X O
understand VB X O
document NN X O
A DT X O

flexible JJ X O
approach NN X O
is VBZ X O
essential JJ X O
for IN X O
this DT X O
role NN X O
as IN X O
the DT X O
hours NNS X O
to TO X O
be VB X O
worked VBN X O
will MD X O
be VB X O
on IN X O
a DT X O
full JJ X O
shift NN X O
rotation NN X O
including VBG X O
nights NNS X O
and CC X O
weekends NNS X O
. . X O
The DT X O

role NN X O
will MD X O
involve VB X O
working VBG X B-Skill
on IN X I-Skill
their PRP$ X I-Skill
range NN X I-Skill
of IN X I-Skill
casual JJ X I-Skill
Womenswear NNP X I-Skill
Wovens NNP X I-Skill
, , X O
which WDT X O
are VBP X O
supplied VBN X O
to TO X O
key VB X O
accounts NNS X O
such JJ X O
as IN X O
Evans NNS X O
, , X O
Debenhams NNP X O
and CC X O
A DT X O

Problem NNP X B-Occupation
Manager NNP X I-Occupation
is VBZ X O
needed VBN X O
by IN X O
a DT X O
large JJ X O
, , X O
renowned VBD X O
UK NNP X O
retail JJ X O
organisation NN X O
. . X O
A DT X O

leading VBG X O
Financial NNP X O
Services NNPS X O
company NN X O
has VBZ X O
an DT X O
immediate JJ X O
requirement NN X O
for IN X O
a DT X O
qualified JJ X O
ACA NNP X B-Qualification
or CC X O
ACCA NNP X B-Qualification
Financial NNP X B-Occupation
Accountant NNP X I-Occupation
to TO X O
join VB X O
then RB X O
on IN X O
a DT X O
The DT X O

rules NNS X O
are VBP X O
simple JJ X O
: : X O
Refer VB X O
a DT X O
friend NN X O
or CC X O
colleague NN X O
who WP X O
is VBZ X O
not RB X O
already RB X O
registered VBN X O
with IN X O
Morgan NNP X O
Spencer NNP X O
. . X O
It PRP X O

is VBZ X O
essential JJ X O
you PRP X O
have VBP X O
strong JJ X B-Skill
communication NN X I-Skill
skills NNS X I-Skill
, , X O
are VBP X O
well RB X B-Skill
presented VBN X I-Skill
, , X O
personable JJ X B-Skill
, , X O
professional JJ X B-Skill
, , X O
organised JJ X B-Skill
, , X O
personable JJ X B-Skill
and CC X O
a DT X O
team NN X B-Skill
player NN X I-Skill
with IN X O
who WP X O
is VBZ X O
able JJ X B-Skill
to TO X I-Skill
work VB X I-Skill
independently RB X I-Skill
. . X O
The DT X O

Role NNP X O
Successful NNP X O
management NN X B-Skill
of IN X I-Skill
relationships NNS X I-Skill
with IN X I-Skill
clients NNS X I-Skill
in IN X O
the DT X O
pharmaceutical JJ X B-Domain
and CC X O
biotech JJ X B-Domain
industries NNS X O
and CC X O
the DT X O
development NN X B-Skill
of IN X I-Skill
new JJ X I-Skill
client NN X I-Skill
relationships NNS X I-Skill
are VBP X O
at IN X O
the DT X O
core NN X O
of IN X O
the DT X O
position NN X O
. . X O
Both DT X O

classes NNS X O
have VBP X O
a DT X O
child NN X O
with IN X O
a DT X O
statement NN X O
of IN X O
special JJ X O
needs NNS X O
that WDT X O
have VBP X O
the DT X O
support NN X O
of IN X O
a DT X O
part NN X O
time NN X O
LSA NNP X O
. . X O
Creating VBG X B-Skill

electronic JJ X I-Skill
and CC X I-Skill
hard JJ X I-Skill
copy NN X I-Skill
project NN X I-Skill
files NNS X I-Skill
and CC X O
ensuring VBG X B-Skill
files NNS X I-Skill
are VBP X I-Skill
closed VBN X I-Skill
and CC X I-Skill
archived VBN X I-Skill
in IN X I-Skill
line NN X I-Skill
with IN X I-Skill
procedures NNS X I-Skill
at IN X I-Skill
the DT X I-Skill
end NN X I-Skill
of IN X I-Skill
job NN X I-Skill
. . X O
They PRP X O

are VBP X O
one CD X O
of IN X O
the DT X O
market NN X O
leaders NNS X O
in IN X O
their PRP$ X O
sector NN X O
and CC X O
provide VB X O
courier JJR X B-Skill
services NNS X I-Skill
to TO X O
some DT X O
of IN X O
the DT X O
UK NNP X O
` `` X O
S NNP X O
top NN X O
businesses NNS X O
, , X O
in IN X O
addition NN X O
to TO X O
serving VBG X O
the DT X O
needs NNS X O
of IN X O
locally RB X O
based VBN X O
businesses NNS X O
. . X O
Any DT X O

management NN X B-Skill
or CC X O
experience NN X B-Skill
leading VBG X I-Skill
an DT X I-Skill
HEOR NNP X I-Skill
team NN X I-Skill
would MD X O
be VB X O
a DT X O
strong JJ X O
advantage NN X O
, , X O
For IN X O
more JJR X O
information NN X O
on IN X O
this DT X O
Health NNP X B-Occupation
Economics NNP X I-Occupation
Manager NNP X I-Occupation
position NN X O
or CC X O
any DT X O
other JJ X O
roles NNS X O
within IN X O
Health NNP X B-Domain
Economics NNP X I-Domain
please NN X O
contact NN X O
Henry NNP X O
Brodie NNP X O
of IN X O
NonStop NNP X O
Recrutiment NNP X O
on IN X O
As IN X O

Account NNP X B-Occupation
Executive NNP X I-Occupation
, , X O
you PRP X O
will MD X O
develop VB X B-Skill
sales NNS X I-Skill
plans NNS X I-Skill
for IN X I-Skill
each DT X I-Skill
prospect NN X I-Skill
, , X I-Skill
assess NN X I-Skill
prospect NN X I-Skill
readiness NN X I-Skill
, , X O
audit NN X B-Skill
existing VBG X I-Skill
prospect JJ X I-Skill
processes NNS X I-Skill
and CC X O
identify VB X B-Skill
opportunities NNS X I-Skill
for IN X I-Skill
improvement NN X I-Skill
with IN X I-Skill
OpenTable JJ X I-Skill
solutions NNS X I-Skill
. . X O
**** NNS X O

and CC X O
any DT X B-Skill
subsequent JJ X I-Skill
relevant JJ X I-Skill
legislation NN X I-Skill
are VBP X I-Skill
maintained VBN X I-Skill
accurately RB X I-Skill
, , X I-Skill
and CC X I-Skill
are VBP X I-Skill
up RB X I-Skill
to TO X I-Skill
date NN X I-Skill
. . X O
Plus CC X O

you PRP X O
will MD X O
receive VB X O
a DT X O
variety NN X O
of IN X O
benefits NNS X O
including VBG X O
: : X O
Competitive JJ X O
rates NNS X O
of IN X O
pay NN X O
Flexible JJ X O
hours NNS X O
to TO X O
meet VB X O
your PRP$ X O
needs NNS X O
and CC X O
fit VB X O
around IN X O
your PRP$ X O
diary JJ X O
Free JJ X B-Domain
mandatory NN X I-Domain
training NN X I-Domain
Free JJ X O
uniform JJ X O
twentyfour NN X O
/ VBD X O
seven CD X O
access NN X O
to TO X O
a DT X O
team NN X O
of IN X O
experienced JJ X B-Skill
consultants NNS X B-Occupation
and CC X O
recruitment NN X B-Occupation
specialists NNS X I-Occupation
A NNP X O
quick NN X O
and CC X O
hassle JJ X O
free JJ X O
joining NN X O
process NN X O
Plus CC X O
much RB X O
more JJR X O
You PRP X O

will MD X O
have VB X O
direct JJ X O
experience NN X O
of IN X O
UK NNP X O
immigration NN X O
especially RB X O
covering VBG X O
tier JJR X O
2 CD X O
applications NNS X O
under IN X O
the DT X O
PBS NNP X O
. . X O
Act NNP X B-Skill

as IN X I-Skill
local JJ X I-Skill
onsite NN X I-Skill
representative NN X I-Skill
to TO X I-Skill
customer NN X I-Skill
' '' X I-Skill
s JJ X I-Skill
organizations NNS X I-Skill
. . X O
Product NNP X O

area NN X O
is VBZ X O
licensed VBN X O
accessories NNS X O
, , X O
which WDT X O
includes VBZ X O
sunglasses NNS X O
, , X O
phone NN X O
covers NNS X O
, , X O
plus CC X O
licensed VBD X O
home NN X O
textiles NNS X O
A DT X O

successful JJ X O
candidate NN X O
must MD X O
have VB X O
previous JJ X O
experience NN X O
in IN X O
a DT X O
Personal NNP X B-Skill
Lines NNPS X I-Skill
broking VBG X I-Skill
role NN X O
. . X O
Due JJ X O

to TO X O
expansion NN X O
, , X O
they PRP X O
are VBP X O
currently RB X O
seeking VBG X O
a DT X O
Regional NNP X B-Occupation
Manager NNP X I-Occupation
/ NNP X I-Occupation
Principal NNP X I-Occupation
Ecologist NNP X I-Occupation
for IN X O
their PRP$ X O
office NN X O
in IN X O
Yorkshire NNP X O
. . X O
this DT X O

is VBZ X O
like IN X O
a DT X O
very RB X O
busy JJ X O
medical JJ X O
ward NN X O
accommodating VBG X O
up RP X O
to TO X O
For IN X O

regular JJ X O
updates NNS X O
of IN X O
our PRP$ X O
latest JJS X O
vacancies NNS X O
please VBP X O
add VB X O
easyvacancyjobs NNS X O
to TO X O
your PRP$ X O
twitter NN X O
feed NN X O
Our PRP$ X O

clients NNS X O
is VBZ X O
an DT X O
established VBN X B-Skill
regional JJ X O
law NN X B-Domain
firm NN X O
with IN X O
a DT X O
number NN X O
of IN X O
offices NNS X O
in IN X O
the DT X O
South NNP X O
Coast NNP X O
region NN X O
. . X O
a DT X O

Part NNP X O
Time NNP X O
Accounts NNP X O
/ NNP X O
Receptionist NNP X O
the DT X O
hours NNS X O
are VBP X O
1 CD X O
. . X O
30pm CD X O
to TO X O
5 CD X O
. . X O
30pm CD X O
Monday NNP X O
to TO X O
Friday NNP X O
plus CC X O
the DT X O
ability NN X B-Skill
to TO X I-Skill
work VB X I-Skill
full JJ X I-Skill
time NN X I-Skill
to TO X I-Skill
cover VB X I-Skill
holidays NNS X I-Skill
when WRB X I-Skill
necessary JJ X I-Skill
. . X O
Person NNP X O

Degree NNP X B-Qualification
Level NNP X I-Qualification
Chemist NNP X B-Occupation
2 CD X B-Experience
years NNS X I-Experience
experience NN X I-Experience
of IN X O
GCMS NNP X B-Domain
Ideally NNP X O
You PRP X O

will MD X O
be VB X O
able JJ X O
to TO X O
demonstrate VB X O
troubleshooting NN X B-Skill
, , X O
configuration NN X B-Skill
abilities NNS X I-Skill
on IN X O
those DT X O
product NN X O
sets VBZ X O
You PRP X O
will MD X O
also RB X O
possess VB X O
good JJ X O
TCP NNP X B-Skill
/ NNP X I-Skill
IP NNP X I-Skill
Networking NNP X I-Skill
skills NNS X I-Skill
; : X O
Internet NNP X B-Skill
/ NNP X I-Skill
Network NNP X I-Skill
Security NNP X I-Skill
skills VBZ X I-Skill
Firewalls NNP X I-Skill
, , X O
proxies NNS X B-Skill
, , X O
Intrusion NNP X B-Skill
Detection NNP X I-Skill
Systems NNP X I-Skill
, , X O
etc FW X O
. . X O
To TO X O

express VB X O
your PRP$ X O
interest NN X O
in IN X O
this DT X O
role NN X O
please VB X O
apply VB X O
below IN X O
with IN X O
your PRP$ X O
CV NNP X O
. . X O
You PRP X O

must MD X O
have VB X O
extensive JJ X O
experience NN X B-Skill
in IN X I-Skill
a DT X I-Skill
community NN X I-Skill
fundraising NN X I-Skill
or CC X O
volunteer NN X B-Skill
environment NN X I-Skill
, , X O
proven RB X O
track NN X B-Skill
record NN X I-Skill
of IN X I-Skill
delivering VBG X I-Skill
results NNS X I-Skill
and CC X O
experience NN X B-Skill
of IN X I-Skill
volunteer NN X I-Skill
management NN X I-Skill
. . X O
The DT X O

PPC NNP X B-Occupation
Manager NNP X I-Occupation
shall MD X O
be VB X O
responsible JJ X O
for IN X O
analysing VBG X B-Skill
data NNS X I-Skill
to TO X O
improve VB X O
campaign NN X O
performance NN X O
and CC X O
build VB X B-Skill
a DT X I-Skill
strong JJ X I-Skill
client NN X I-Skill
relationship NN X I-Skill
. . X O
The DT X O

Research NNP X B-Occupation
Associate NNP X I-Occupation
will MD X O
work VB X O
with IN X O
Prof NNP X O
Andrew NNP X O
Davison NNP X O
in IN X O
the DT X O
Robot NNP X B-Domain
Vision NNP X I-Domain
Research NNP X I-Domain
Group NNP X O
as IN X O
part NN X O
of IN X O
a DT X O
large JJ X O
and CC X O
exciting VBG X O
new JJ X O
EPSRCfunded NNP X O
project NN X O
. . X O
You PRP X O

will MD X O
attend VB X B-Skill
pre NNS X I-Skill
arranged VBN X I-Skill
appointments NNS X I-Skill
in IN X O
the DT X O
Aberdeen NNP X O
and CC X O
surrounding VBG X O
area NN X O
and CC X O
you PRP X O
will MD X O
be VB X O
paid VBN X O
a DT X O
basic JJ X O
and CC X O
excellent JJ X O
commissions NNS X O
on IN X O
a DT X O
weekly JJ X O
basis NN X O
. . X O
**** NN X O

g NN X O
, , X O
Business NNP X O
Objects NNP X O
desirable JJ X O
Applications NNS X O
for IN X O
Principle NNP X B-Occupation
Developer NNP X I-Occupation
Business NNP X B-Skill
Intelligence NNP X I-Skill
, , X O
SSIS NNP X B-Skill
, , X O
TSQL NNP X B-Skill
, , X O
SSRS NNP X B-Skill
: : X O
If IN X O
you PRP X O
are VBP X O
a DT X O
Principle NNP X B-Occupation
Developer NNP X I-Occupation
Business NNP X B-Skill
Intelligence NNP X I-Skill
, , X O
SSIS NNP X B-Skill
, , X O
TSQL NNP X B-Skill
, , X O
SSRS NNP X B-Skill
and CC X O
looking VBG X O
to TO X O
work VB X O
for IN X O
a DT X O
fantastic JJ X O
company NN X O
in IN X O
Cambridge NNP X O
then RB X O
please VB X O
send VB X O
your PRP$ X O
CV NNP X O
to TO X O
Robert NNP X O
Bull NNP X O
at IN X O
Computer NNP X O
People NNP X O
or CC X O
call VB X O
on IN X O
Proven NNP X O

experience NN X O
in IN X O
working VBG X B-Skill
to TO X I-Skill
and CC X I-Skill
exceeding VBG X I-Skill
targets NNS X I-Skill
Experience NNP X O
of IN X O
managing NN X B-Skill
, , X O
retaining VBG X B-Skill
and CC X O
developing VBG X B-Skill
The DT X O

PMLD NNP X O
Profound NNP X O
Multiple NNP X O
Learning NNP X O
Difficulties NNP X O
Unit NNP X B-Skill
caters NNS X I-Skill
for IN X I-Skill
a DT X I-Skill
diverse JJ X I-Skill
group NN X I-Skill
of IN X I-Skill
pupils NNS X I-Skill
. . X O
Key NNP X O

responsibilities NNS X O
will MD X O
include VB X O
the DT X O
development NN X B-Skill
and CC X I-Skill
implementation NN X I-Skill
of IN X I-Skill
a DT X I-Skill
leadership NN X I-Skill
and CC X I-Skill
management NN X I-Skill
development NN X I-Skill
plan NN X I-Skill
, , X O
development NN X B-Skill
and CC X I-Skill
review NN X I-Skill
of IN X I-Skill
succession NN X I-Skill
learning VBG X I-Skill
solutions NNS X I-Skill
, , X O
budget NN X B-Skill
management NN X I-Skill
, , X O
supplier NN X B-Skill
management NN X I-Skill
and CC X I-Skill
providing VBG X I-Skill
support NN X I-Skill
in IN X I-Skill
terms NNS X I-Skill
of IN X I-Skill
the DT X I-Skill
wider NN X I-Skill
talent NN X I-Skill
management NN X I-Skill
/ NNP X I-Skill
OD NNP X I-Skill
strategy NN X I-Skill
and CC X I-Skill
teams NNS X I-Skill
. . X O
As IN X O

a DT X O
main JJ X O
contractor NN X O
operating NN X O
in IN X O
the DT X O
UK NNP X O
market NN X O
this DT X O
business NN X O
wants VBZ X O
applicants NNS X O
with IN X O
experience NN X B-Skill
of IN X I-Skill
the DT X I-Skill
same JJ X I-Skill
environment NN X I-Skill
, , X O
ideally RB X O
degree JJ X B-Qualification
qualified NNS X O
and CC X O
with IN X O
a DT X O
stable JJ X B-Skill
employment NN X I-Skill
history NN X I-Skill
. . X O
The DT X O

design NN X B-Skill
of IN X I-Skill
major JJ X I-Skill
portions NNS X I-Skill
and CC X I-Skill
/ NN X I-Skill
or CC X I-Skill
components NNS X I-Skill
of IN X I-Skill
the DT X I-Skill
electrical JJ X I-Skill
system NN X I-Skill
including VBG X I-Skill
interfaces NNS X I-Skill
and CC X I-Skill
their PRP$ X I-Skill
modification NN X I-Skill
and CC X O
the DT X O
development NN X B-Skill
and CC X I-Skill
improvement NN X I-Skill
of IN X I-Skill
the DT X I-Skill
product NN X I-Skill
Accepting NNP X O
high JJ X O
level NN X O
Engineering NNP X B-Skill
tasking NN X I-Skill
for IN X O
the DT X O
project NN X O
, , X O
apportioning VBG X B-Skill
each DT X I-Skill
task NN X I-Skill
into IN X I-Skill
constituent JJ X I-Skill
elements NNS X I-Skill
and CC X I-Skill
work NN X I-Skill
packages NNS X I-Skill
, , X O
assigning VBG X B-Skill
these DT X I-Skill
to TO X I-Skill
suitable JJ X I-Skill
engineers NNS X I-Skill
within IN X I-Skill
the DT X I-Skill
team NN X I-Skill
and CC X O
monitoring VBG X B-Skill
the DT X I-Skill
performance NN X I-Skill
of IN X I-Skill
tasks NNS X I-Skill
Developing VBG X I-Skill
basic JJ X I-Skill
, , X O
system NN X B-Skill
level NN X I-Skill
requirements NNS X I-Skill
and CC X I-Skill
data NNS X I-Skill
into IN X I-Skill
preliminary JJ X I-Skill
layouts NNS X I-Skill
, , X O
sketches NNS X B-Skill
and CC X O
notes NNS X B-Skill
for IN X I-Skill
the DT X I-Skill
ongoing JJ X I-Skill
design NN X I-Skill
and CC X O
presenting VBG X B-Skill
these DT X I-Skill
to TO X I-Skill
senior JJ X B-Occupation
project NN X I-Occupation
engineers NNS X I-Occupation
and CC X O
customers NNS X O
Devise NNP X O
, , X O
specify NN X B-Skill
and CC X I-Skill
oversee VB X I-Skill
the DT X I-Skill
build NN X I-Skill
of IN X I-Skill
mockups NNS X I-Skill
and CC X I-Skill
models NNS X I-Skill
to TO X I-Skill
demonstrate VB X I-Skill
and CC X I-Skill
clarify VB X I-Skill
design NN X I-Skill
features NNS X I-Skill
Required VBN X O
Experience NN X O
: : X O
The DT X O

successful JJ X O
candidates NNS X O
will MD X O
be VB X O
working VBG X B-Skill
in IN X I-Skill
a DT X I-Skill
community NN X I-Skill
setting VBG X I-Skill
treating VBG X I-Skill
onetoone RB X I-Skill
acute JJ X I-Skill
health NN X I-Skill
care NN X I-Skill
to TO X I-Skill
patients NNS X I-Skill
in IN X I-Skill
their PRP$ X I-Skill
own JJ X I-Skill
homes NNS X I-Skill
. . X O
Should MD X O

have VB X O
project NN X B-Experience
management NN X I-Experience
knowledge NN X I-Experience
creating VBG X B-Skill
detailed JJ X I-Skill
work NN X I-Skill
plans NNS X I-Skill
within IN X O
a DT X O
PM NNP X O
Software NNP X O
Primavera NNP X O
preferred VBD X O
including VBG X O
duration NN X B-Skill
based VBN X I-Skill
activities NNS X I-Skill
, , X O
resource NN X B-Skill
forecasts NNS X I-Skill
. . X O
The DT X O

successful JJ X O
candidate NN X O
must MD X O
have VB X O
proven VBN X O
teaching VBG X B-Skill
experience NN X O
in IN X O
British JJ X O
schools NNS X O
and CC X O
will MD X O
need VB X O
to TO X O
combine VB X O
their PRP$ X O
professional JJ X O
primary JJ X O
teaching VBG X B-Skill
experience NN X O
and CC X O
skills NNS X O
to TO X O
teach VB X O
a DT X O
varied JJ X O
and CC X O
stimulating VBG X O
curriculum NN X O
to TO X O
the DT X O
year NN X O
4 CD X O
children NNS X O
. . X O
The DT X O

Company NNP X O
This DT X O
award NN X O
winning VBG X O
company NN X O
provides VBZ X B-Skill
landlords NNS X I-Skill
and CC X I-Skill
developers NNS X I-Skill
with IN X I-Skill
property NN X I-Skill
and CC X I-Skill
facilities NNS X I-Skill
management NN X I-Skill
services NNS X I-Skill
across IN X O
the DT X O
UK NNP X O
. . X O
You PRP X O

will MD X O
also RB X O
be VB X O
responsible JJ X O
for IN X O
monitoring VBG X B-Skill
the DT X I-Skill
care NN X I-Skill
users NNS X I-Skill
wellbeing VBG X I-Skill
and CC X O
reports NNS X O
any DT X O
concerns NNS X O
to TO X O
the DT X O
Care NNP X B-Occupation
coordinator NN X I-Occupation
. . X O
The DT X O

PLC NNP X B-Occupation
Software NNP X I-Occupation
Engineer NNP X I-Occupation
will MD X O
also RB X O
be VB X O
required VBN X O
to TO X O
act VB X O
as IN X O
a DT X O
trouble NN X O
shooter NN X O
and CC X O
liaise NN X O
with IN X O
service NN X O
support NN X O
staff NN X O
in IN X O
rectifying VBG X B-Skill
problems NNS X I-Skill
, , X O
which WDT X O
may MD X O
require VB X O
radical JJ X O
solutions NNS X O
to TO X O
problems NNS X O
. . X O
Our PRP$ X O

vision NN X O
, , X O
in IN X O
Fife NNP X O
Education NNP X B-Domain
Service NNP X O
, , X O
is VBZ X O
Excellence NNP X B-Skill
for IN X I-Skill
All NNP X I-Skill
Tenacious JJ X B-Skill

and CC X I-Skill
target VB X I-Skill
driven RB X I-Skill
Good JJ X O
communicator NN X B-Skill
at IN X I-Skill
all DT X I-Skill
levels NNS X I-Skill
Excellent NNP X O
team NN X B-Skill
player NN X I-Skill
Business JJ X B-Occupation

Analyst NNP X I-Occupation
/ NN X I-Occupation
Delivery NNP X I-Occupation
Specialist NNP X I-Occupation
required VBN X O
by IN X O
leading VBG X O
housing NN X O
association NN X O
in IN X O
central JJ X O
Birmingham NNP X O
, , X O
West NNP X O
Midlands NNPS X O
. . X O
To TO X O

apply VB X O
for IN X O
this DT X O
excellent JJ X O
position NN X O
, , X O
please VB X O
send VB X O
on IN X O
a DT X O
full JJ X O
and CC X O
up RB X O
to TO X O
date NN X O
CV NNP X O
, , X O
specifying VBG X O
qualifications NNS X O
, , X O
skills NNS X O
and CC X O
work NN X O
experience NN X O
. . X O
We PRP X O

ll VBP X O
want VBP X O
you PRP X O
to TO X O
do VB X O
exactly RB X O
the DT X O
same JJ X O
in IN X O
bringing VBG X O
all PDT X O
the DT X O
good JJ X O
things NNS X O
from IN X O
your PRP$ X O
past NN X O
too RB X O
What WP X O
you PRP X O
ll VBP X O
do VB X O
in IN X O
this DT X O
role NN X O
The DT X O

Graphic NNP X B-Occupation
Designer NNP X I-Occupation
will MD X O
be VB X O
responsible JJ X O
for IN X O
the DT X O
development NN X B-Skill
of IN X I-Skill
stimulating VBG X I-Skill
graphics NNS X I-Skill
to TO X I-Skill
be VB X I-Skill
applied VBN X I-Skill
across IN X I-Skill
a DT X I-Skill
variety NN X I-Skill
of IN X I-Skill
products NNS X I-Skill
and CC X O
use VB X O
their PRP$ X O
skills NNS X O
to TO X O
convey VB X B-Skill
our PRP$ X I-Skill
company NN X I-Skill
s VB X I-Skill
passion NN X I-Skill
and CC X I-Skill
commitment NN X I-Skill
to TO X I-Skill
its PRP$ X I-Skill
customers NNS X I-Skill
. . X O
You PRP X O

will MD X O
also RB X O
manage VB X O
the DT X O
release NN X O
of IN X O
developed JJ X O
solutions NNS X O
into IN X O
the DT X O
production NN X O
MSSQL NNP X B-Skill
/ NNP X I-Skill
QlikView NNP X I-Skill
environments VBZ X O
together RB X O
with IN X O
the DT X O
IT NNP X B-Occupation
infrastructure NN X O
teams NNS X O
. . X O
The DT X O

successful JJ X O
candidate NN X O
will MD X O
have VB X O
the DT X O
opportunity NN X O
to TO X O
develop VB X O
themselves PRP X O
by IN X O
gaining VBG X O
exposure NN X O
to TO X O
all DT X O
areas NNS X O
within IN X O
Risk NNP X B-Skill
, , X O
Analytics NNP X B-Skill
, , X O
and CC X O
MIRole NNP X B-Skill
Management NN X B-Skill

of IN X I-Skill
delivery NN X I-Skill
and CC X I-Skill
order NN X I-Skill
fulfilment NN X I-Skill
with IN X I-Skill
in IN X I-Skill
territory JJ X I-Skill
vendors NNS X I-Skill
. . X O
This DT X O

role NN X O
is VBZ X O
not RB X O
purely RB X O
managerial JJ X O
and CC X O
the DT X O
successful JJ X O
candidate NN X O
will MD X O
be VB X O
expected VBN X O
to TO X O
develop VB X B-Skill
code NN X I-Skill
and CC X O
deliver VB X B-Skill
projects NNS X I-Skill
. . X O
A DT X O

Web NNP X B-Occupation
Content NNP X I-Occupation
Manager NNP X I-Occupation
is VBZ X O
required VBN X O
to TO X O
take VB X O
responsibility NN X O
for IN X O
all DT X O
their PRP$ X O
global JJ X B-Skill
websites NNS X I-Skill
including VBG X O
their PRP$ X O
corporate JJ X B-Skill
site NN X I-Skill
. . X O
There EX X O

s VBZ X O
an DT X O
art NN X O
to TO X O
delivering VBG X B-Skill
such JJ X I-Skill
extraordinary JJ X I-Skill
value NN X I-Skill
and CC X O
you PRP X O
can MD X O
learn VB X O
these DT X O
invaluable JJ X O
skills NNS X O
in IN X O
the DT X O
relaxed JJ X O
working VBG X O
environment NN X O
of IN X O
a DT X O
friendly JJ X O
local JJ X O
pub NN X O
. . X O
in IN X O

addition NN X O
to TO X O
a DT X O
performance NN X O
related VBN X O
which WDT X O
can MD X O
add VB X O
a DT X O
further JJ X O
20 CD X O
% NN X O
to TO X O
your PRP$ X O
earnings NNS X O
. . X O
To TO X O

apply VB X O
for IN X O
the DT X O
role NN X O
, , X O
please VB X O
submit NN X O
an DT X O
up RB X O
to TO X O
date NN X O
copy NN X O
of IN X O
your PRP$ X O
CV NNP X O
in IN X O
response NN X O
to TO X O
this DT X O
advert NN X O
or CC X O
for IN X O
more JJR X O
information NN X O
, , X O
call NN X O
Liam NNP X O
Fairey NNP X O
on IN X O
presented VBN X O

with IN X O
excellent JJ X O
communication NN X B-Skill
skills NNS X O
A NNP X O
full JJ X B-Qualification
driving NN X I-Qualification
license NN X I-Qualification
For IN X O
more JJR X O
information NN X O
on IN X O
this DT X O
lettings NNS X O
negotiator NN X O
position NN X O
, , X O
please VB X O
apply VB X O
online JJ X O
, , X O
or CC X O
call VB X O
us PRP X O
on IN X O
Permanent JJ X O

As IN X O
global JJ X O
experts NNS X O
in IN X O
specialist JJ X B-Occupation
recruitment NN X I-Occupation
, , X O
my PRP$ X O
client NN X O
is VBZ X O
currently RB X O
looking VBG X O
for IN X O
talented VBN X B-Occupation
and CC X I-Occupation
experienced VBN X I-Occupation
recruitment NN X I-Occupation
consultants NNS X I-Occupation
/ VBP X O
senior JJ X B-Occupation
consultants NNS X I-Occupation
and CC X O
business NN X B-Occupation
managers NNS X I-Occupation
who WP X O
can MD X O
help VB X O
them PRP X O
to TO X O
power NN X O
the DT X O
world NN X O
of IN X O
work NN X O
. . X O
Administration NNP X O

tasks NNS X O
required VBD X O
to TO X O
manage VB X B-Skill
the DT X I-Skill
delivery NN X I-Skill
of IN X I-Skill
content NN X I-Skill
, , X O
included VBD X O
but CC X O
not RB X O
limited JJ X O
to TO X O
, , X O
preparing VBG X B-Skill
order NN X I-Skill
forms NNS X I-Skill
for IN X I-Skill
external JJ X I-Skill
vendors NNS X I-Skill
and CC X O
scheduling VBG X B-Skill
in IN X I-Skill
deliveries NNS X I-Skill
; : X O
notifying VBG X B-Skill
exhibitors NNS X I-Skill
of IN X I-Skill
scheduled JJ X I-Skill
deliveries NNS X I-Skill
both DT X I-Skill
pre NNS X I-Skill
and CC X I-Skill
post NN X I-Skill
delivery NN X I-Skill
; : X O
and CC X O
compiling NN X B-Skill
and CC X I-Skill
delivering NN X I-Skill
reports NNS X I-Skill
. . X O
You PRP X O

will MD X O
be VB X O
hands NNS X B-Skill
on IN X I-Skill
and CC X O
able JJ X O
to TO X O
hit VB X B-Skill
the DT X I-Skill
ground NN X I-Skill
running VBG X I-Skill
in IN X I-Skill
an DT X I-Skill
interim JJ X I-Skill
assignment NN X I-Skill
. . X O
Assist VB X O

the DT X O
company NN X O
' POS X O
s NN X O
web NN X O
team NN X O
with IN X O
the DT X O
PHP NNP X B-Skill
development NN X O
of IN X O
their PRP$ X O
back NN X O
office NN X O
system NN X O
The DT X O

ideal JJ X O
candidate NN X O
will MD X O
possess VB X O
the DT X O
following JJ X O
attributes NNS X O
/ VBP X O
skills NNS X O
: : X O
The DT X O

hotel NN X O
is VBZ X O
in IN X O
an DT X O
out NN X O
of IN X O
town NN X O
location NN X O
but CC X O
can MD X O
provide VB X O
accommodation NN X O
for IN X O
anyone NN X O
moving VBG X O
to TO X O
the DT X O
area NN X O
. . X O
We PRP X O

are VBP X O
nearing VBG X O
the DT X O
end NN X O
of IN X O
our PRP$ X O
20 CD X O
million CD X O
hospital JJ X O
expansion NN X O
project NN X O
, , X O
which WDT X O
results NNS X O
in IN X O
an DT X O
enlarged JJ X O
theatre NN X O
department NN X O
consisting VBG X O
of IN X O
four CD X O
digitally RB X O
integrated JJ X O
theatres NNS X O
and CC X O
an DT X O
endoscopy NN X O
theatre NN X O
. . X O
My PRP$ X O

client NN X O
are VBP X O
a DT X O
leading VBG X O
mobile NN X O
development NN X O
agency NN X O
in IN X O
London NNP X O
urgently RB X O
require VBP X O
a DT X O
blackberry NN X B-Occupation
developer NN X I-Occupation
to TO X O
compliment VB X O
their PRP$ X O
existing VBG X O
industry NN X O
leading VBG X O
team NN X O
. . X O
Carrying VBG X B-Skill

out RP X I-Skill
minor JJ X I-Skill
repairs NNS X I-Skill
or CC X O
isolating VBG X B-Skill
problems NNS X I-Skill
until IN X O
a DT X O
fuller NN X O
service NN X O
can MD X O
be VB X O
done VBN X O
. . X O
Develop NNP X O

and CC X O
deliver VB X O
daily JJ X B-Skill
team NN X I-Skill
briefs NNS X I-Skill
and CC X O
effective JJ X O
two CD X B-Skill
way NN X I-Skill
communication NN X I-Skill
processes NNS X O
. . X O
Bank NNP X O

Holidays NNP X O
, , X O
holiday NN X O
of IN X O
a DT X O
lifetime NN X O
for IN X O
the DT X O
top JJ X O
Recruiter NNP X O
, , X O
charitable JJ X O
donations NNS X O
plus CC X O
a DT X O
fantastic JJ X O
commission NN X O
structure NN X O
, , X O
now RB X O
is VBZ X O
the DT X O
time NN X O
to TO X O
join VB X O
Encore NNP X O
. . X O
Flexible JJ X B-Skill

on IN X I-Skill
working VBG X I-Skill
hours NNS X I-Skill
and CC X O
travel NN X B-Skill
abroad RB X I-Skill
as IN X O
required VBN X O
. . X O
It PRP X O

ranges VBZ X O
from IN X O
traditional JJ X O
favourites NNS X O
such JJ X O
as IN X O
fish JJ X O
and CC X O
chips NNS X O
and CC X O
steaks NNS X O
to TO X O
freshly VB X O
made VBN X O
pizzas NN X O
and CC X O
pastas NNS X O
with IN X O
the DT X O
chef NN X O
s JJ X O
daily JJ X O
specials NNS X O
showcasing VBG X O
the DT X O
finest JJS X O
market NN X O
fresh JJ X O
ingredients NNS X O
. . X O
Potential JJ X O

candidates NNS X O
will MD X O
be VB X O
time NN X O
served VBN X O
and CC X O
ideally RB X O
from IN X O
a DT X O
food NN X B-Skill
manufacture NN X I-Skill
background NN X O
. . X O
The DT X O

ability NN X O
to TO X O
understand VB X O
complex JJ X B-Skill
and CC X I-Skill
often RB X I-Skill
technical JJ X I-Skill
issues NNS X I-Skill
and CC X O
analysis NN X B-Skill
, , X O
and CC X O
to TO X O
communicate VB X B-Skill
this DT X I-Skill
effectively RB X I-Skill
to TO X O
both DT X O
expert NN X O
and CC X O
nonexpert JJ X O
audiences NNS X O
. . X O
Must RB X O

be VB X O
able JJ X O
to TO X O
provide VB X O
references NNS X O
and CC X O
CRB NNP X B-Qualification
checks NNS X I-Qualification
as IN X O
you PRP X O
will MD X O
be VB X O
given VBN X O
keyholder JJR X O
responsibilty NN X O
. . X O
Deploy NNP X O

/ NNP X O
Deployment NNP X O
/ NNP X O
London NNP X O
/ NNP X O
East NNP X O
London NNP X O
/ NNP X O
Essex NNP X O
/ NNP X O
Kent NNP X O
/ NNP X O
Surrey NNP X O
/ NNP X O
Home NNP X O
based VBN X O
/ JJ X O
Central NNP X O
London NNP X O
/ NNP X O
City NNP X O
of IN X O
London NNP X O
/ NN X O
You PRP X O

should MD X O
ideally RB X O
have VB X O
an DT X O
awareness NN X O
of IN X O
Entity NNP X B-Skill
framework NN X I-Skill
and CC X O
dependency NN X B-Skill
Injection NNP X I-Skill
, , X O
Team NNP X B-Skill
Foundation NNP X I-Skill
Server NNP X I-Skill
Assist NN X B-Skill

in IN X I-Skill
the DT X I-Skill
delivery NN X I-Skill
of IN X I-Skill
care NN X I-Skill
to TO X I-Skill
meet VB X I-Skill
patient JJ X I-Skill
s NNS X I-Skill
health NN X I-Skill
and CC X I-Skill
wellbeing NN X I-Skill
. . X O
For IN X O

further JJ X O
details NNS X O
on IN X O
this DT X O
vacancy NN X O
and CC X O
to TO X O
apply VB X O
please JJ X O
visit VB X O
our PRP$ X O
website JJ X O
www NN X O
. . X O
circle NN X O
. . X O
org NN X O
. . X O
uk JJ X O
/ JJ X O
corporate JJ X O
/ NN X O
careers NNS X O
and CC X O
complete VB X O
an DT X O
application NN X O
form NN X O
. . X O
Following VBG X O

a DT X O
recent JJ X O
reorganisation NN X O
of IN X O
the DT X O
wider NN X O
Communications NNP X O
Department NNP X O
, , X O
UNICEF NNP X O
UK NNP X O
is VBZ X O
looking VBG X O
for IN X O
a DT X O
number NN X O
talented VBN X B-Skill
people NNS X O
to TO X O
join VB X O
our PRP$ X O
dynamic JJ X B-Skill
and CC X O
ambitious JJ X B-Skill
Media NNP X B-Domain
Relations NNP X O
Team NNP X O
. . X O
Due JJ X O

to TO X O
the DT X O
high JJ X O
volume NN X O
of IN X O
applications NNS X O
, , X O
only RB X O
shortlisted VBD X O
candidates NNS X O
will MD X O
be VB X O
contacted VBN X O
. . X O
About IN X O

us PRP X O
: : X O
Team24 NN X O
is VBZ X O
a DT X O
healthcare JJ X B-Domain
recruitment NN X O
specialist NN X O
which WDT X O
provides VBZ X O
healthcare NN X O
workers NNS X O
for IN X O
a DT X O
wide JJ X O
range NN X O
of IN X O
permanent JJ X O
and CC X O
temporary JJ X O
placements NNS X O
, , X O
from IN X O
doctors NNS X B-Occupation
to TO X O
specialist VB X B-Occupation
nurses NNS X I-Occupation
across IN X O
the DT X O
NHS NNP X O
and CC X O
private JJ X O
sectors NNS X O
. . X O
The DT X O

South NNP X O
West NNP X O
operation NN X O
, , X O
established VBN X O
in IN X O
1999 CD X O
, , X O
was VBD X O
introduced VBN X O
to TO X O
service VB X O
the DT X O
needs NNS X O
of IN X O
candidates NNS X O
and CC X O
clients NNS X O
alike RB X O
throughout IN X O
the DT X O
South NNP X O
West NNP X O
and CC X O
Wales NNP X O
. . X O
The DT X O

successful JJ X O
candidate NN X O
would MD X O
be VB X O
joining VBG X O
a DT X O
very RB X O
small JJ X O
, , X O
professional JJ X O
team NN X O
with IN X O
exceptionally RB X O
high JJ X O
standards NNS X O
. . X O
Blue NNP X O

Tree NNP X O
Recruits NNP X O
Ltd NNP X O
is VBZ X O
acting VBG X O
as IN X O
an DT X O
Employment NNP X O
Agency NNP X O
in IN X O
relation NN X O
to TO X O
this DT X O
vacancy NN X O
. . X O
30am CD X O

5 CD X O
: : X O
30pm CD X O
Find NNP X O
more JJR X O
vacancies NNS X O
like IN X O
this DT X O
on IN X O
our PRP$ X O
free JJ X O
iPhone NN X O
& CC X O
Android NNP X O
application NN X O
iPhone NN X O
http NN X O
:// NNP X O
tinyurl NN X O
. . X O
com NN X O
/ CD X O
AppleOptometry NN X O
You PRP X O

will MD X O
possess VB X O
as IN X O
a DT X O
minimum NN X O
an DT X O
NVQ NNP X B-Qualification
Level NNP X I-Qualification
3 CD X I-Qualification
Children NNP X I-Qualification
and CC X I-Qualification
Young NNP X I-Qualification
People NNP X I-Qualification
or CC X O
equivalent JJ X O
or CC X O
an DT X O
NVQ NNP X B-Qualification
Level NNP X I-Qualification
4 CD X I-Qualification
in IN X I-Qualification
Children NNP X I-Qualification
and CC X I-Qualification
Young NNP X I-Qualification
People NNP X I-Qualification
desirable JJ X O
. . X O
Successful JJ X O

candidates NNS X O
must MD X O
demonstrate VB X O
competence NN X B-Skill
in IN X I-Skill
caring VBG X I-Skill
for IN X I-Skill
adult NN X I-Skill
patients NNS X I-Skill
within IN X O
a DT X O
HDU NNP X B-Skill
environment NN X I-Skill
; : X O
you PRP X O
must MD X O
reside VB X O
within IN X O
the DT X O
UK NNP X O
and CC X O
poses VBZ X O
a DT X B-Experience
minimum NN X I-Experience
of IN X I-Experience
twelve JJ X I-Experience
months NNS X I-Experience
recent JJ X I-Experience
UK NNP X I-Experience
clinical JJ X I-Experience
experience NN X I-Experience
. . X O
We PRP X O

are VBP X O
the DT X O
nation NN X O
' POS X O
s NN X O
leading VBG X O
distributor NN X O
of IN X O
pharmaceutical JJ X O
and CC X O
healthcare JJ X O
products NNS X O
and CC X O
services NNS X O
to TO X O
pharmacies NNS X O
, , X O
hospitals NNS X O
and CC X O
doctors NNS X O
With IN X O
Ensure NN X B-Skill

that WDT X I-Skill
agreed VBD X I-Skill
service NN X I-Skill
levels NNS X I-Skill
and CC X I-Skill
KPIs NNP X I-Skill
are VBP X I-Skill
met VBN X I-Skill
Minimise NNP X I-Skill
wastage NN X I-Skill
Ensure NNP X O
the DT X O
branch NN X O
health NN X B-Skill
and CC X I-Skill
safety NN X I-Skill
policy NN X I-Skill
and CC X I-Skill
system NN X I-Skill
meets NNS X O
regulatory JJ X B-Skill
and CC X I-Skill
divisional JJ X I-Skill
requirements NNS X I-Skill
As IN X O

the DT X O
QA NNP X B-Occupation
Tester NNP X I-Occupation
/ NNP X O
Test NNP X B-Occupation
Automation NNP X I-Occupation
Engineer NNP X I-Occupation
you PRP X O
will MD X O
be VB X O
: : X O
Liaising VBG X O
with IN X O
the DT X O
development NN X O
team NN X O
Willing VBG X O

to TO X O
take VB X B-Skill
on IN X I-Skill
a DT X I-Skill
variety NN X I-Skill
of IN X I-Skill
tasks NNS X I-Skill
Only RB X O
candidates NNS X O
who WP X O
match VBP X O
the DT X O
above JJ X O
criteria NNS X O
will MD X O
be VB X O
short JJ X O
listed VBN X O
. . X O
Collaborating VBG X O

with IN X O
a DT X O
world NN X O
class NN X O
development NN X O
team NN X O
you PRP X O
will MD X O
help VB X O
them PRP X O
to TO X O
develop VB X B-Skill
and CC X I-Skill
leverage VB X I-Skill
new JJ X I-Skill
and CC X I-Skill
exciting JJ X I-Skill
opportunities NNS X I-Skill
in IN X I-Skill
the DT X I-Skill
social JJ X I-Skill
space NN X I-Skill
. . X O
It PRP X O

is VBZ X O
a DT X O
thriving JJ X O
School NN X O
that WDT X O
has VBZ X O
recently RB X O
received VBN X O
considerable JJ X O
investment NN X O
from IN X O
the DT X O
University NNP X O
, , X O
both DT X O
in IN X O
terms NNS X O
of IN X O
new JJ X O
staff NN X O
and CC X O
research NN X O
students NNS X O
. . X O
Organise NN X B-Skill

production NN X I-Skill
within IN X I-Skill
moulding VBG X I-Skill
to TO X O
achieve VB X B-Skill
production NN X I-Skill
plan NN X I-Skill
to TO X I-Skill
relevant VB X I-Skill
quality NN X I-Skill
standards NNS X I-Skill
. . X O
Troubleshoot NNP X B-Skill

technical JJ X I-Skill
problems NNS X I-Skill
and CC X I-Skill
issues NNS X I-Skill
and CC X O
determine VB X B-Skill
technical JJ X I-Skill
solutions NNS X I-Skill
. . X O
A DT X O

keen JJ X O
interest NN X O
and CC X O
understanding NN X O
of IN X O
communication NN X B-Skill
channels NNS X I-Skill
Ability NNP X O
to TO X O
manage VB X B-Skill
and CC X I-Skill
art VB X I-Skill
direct JJ X I-Skill
both DT X I-Skill
stills NNS X I-Skill
and CC X I-Skill
moving VBG X I-Skill
image NN X I-Skill
campaigns NNS X I-Skill
Retail JJ X I-Skill
marketing NN X I-Skill
experience NN X O
beneficial NN X O
The DT X O

Senior NNP X B-Occupation
Planning NNP X I-Occupation
Engineer NNP X I-Occupation
will MD X O
be VB X O
based VBN X O
in IN X O
the DT X O
North NNP X O
West NNP X O
and CC X O
they PRP X O
will MD X O
cover VB X O
projects NNS X O
within IN X O
the DT X O
region NN X O
. . X O
Then RB X O

the DT X O
vacancies NNS X O
at IN X O
these DT X O
friendly JJ X O
pubs NNS X O
will MD X O
suit VB X O
you PRP X O
down RP X O
to TO X O
the DT X O
ground NN X O
. . X O
Proven NNP X O

capability NN X O
for IN X O
print NN X O
ready JJ X O
artwork NN X O
Outstanding NNP X O
technical JJ X O
ability NN X O
in IN X O
Adobe NNP X B-Skill
, , X O
Photoshop NNP X B-Skill
, , X O
Illustrator NNP X B-Skill
Impeccable NNP X O
attention NN X O
to TO X O
detail VB X O
, , X O
ensuring VBG X O
all DT X O
design NN X O
work NN X O
has VBZ X O
full JJ X O
brand NN X O
consistency NN X O
across IN X O
projects NNS X O
. . X O
Please NNP X O

make VB X O
it PRP X O
clear JJ X O
when WRB X O
contacting VBG X O
us PRP X O
if IN X O
you PRP X O
require VBP X O
an DT X O
application NN X O
form NN X O
to TO X O
be VB X O
translated VBN X O
or CC X O
sent VBN X O
in IN X O
an DT X O
alternative JJ X O
format NN X O
. . X O
ITN NNP X O

Mark NNP X O
Education NNP X O
is VBZ X O
acting VBG X O
as IN X O
an DT X O
Employment NN X O
Business NN X O
in IN X O
relation NN X O
to TO X O
this DT X O
vacancy NN X O
. . X O
The DT X O

role NN X O
requires VBZ X O
evening VBG X O
and CC X O
weekends NNS X O
shifts NNS X O
and CC X O
unsocial JJ X O
hours NNS X O
will MD X O
receive VB X O
a DT X O
supplement NN X O
. . X O
Line NNP X O

manage NN X B-Skill
NCS NNP X I-Skill
project NN X I-Skill
and CC X I-Skill
summer NN X I-Skill
staff NN X I-Skill
, , X I-Skill
directing VBG X I-Skill
them PRP X I-Skill
as IN X I-Skill
appropriate NN X I-Skill
to TO X O
achieve VB X O
the DT X O
programme NN X O
outcomes NNS X O
An DT X O

individual NN X O
that WDT X O
is VBZ X O
looking VBG X B-Skill
for IN X I-Skill
continued JJ X I-Skill
progression NN X I-Skill
and CC X O
is VBZ X O
ambitious JJ X B-Skill
and CC X O
driven JJ X B-Skill
succeed VB X O
The DT X O
Package NN X O
With IN X O
an DT X O
excellent JJ X O
salary JJ X O
offering NN X O
of IN X O
An DT X O

excellent JJ X O
opportunity NN X O
has VBZ X O
arisen VBN X O
for IN X O
an DT X O
experienced JJ X B-Skill
Lighting NNP X B-Occupation
Design NNP X I-Occupation
Engineer NNP X I-Occupation
in IN X O
the DT X O
Hampshire NNP X O
area NN X O
of IN X O
the DT X O
UK NNP X O
. . X O
To TO X O

find VB X O
out RP X O
more JJR X O
about IN X O
this DT X O
exciting JJ X O
opportunity NN X O
as IN X O
a DT X O
Sales NNS X B-Occupation
Lettings NNP X I-Occupation
Secretary NNP X I-Occupation
, , X O
please VB X O
contact JJ X O
Zena NNP X O
O NNP X O
' POS X O
Connor NNP X O
at IN X O
ICS NNP X O
Recruitment NNP X O
on IN X O
It PRP X O

goes VBZ X O
without IN X O
saying VBG X O
that IN X O
you PRP X O
will MD X O
have VB X O
all DT X O
of IN X O
the DT X O
necessary JJ X O
sales NNS X B-Domain
skills NNS X O
in IN X O
place NN X O
. . X O
This DT X O

opportunity NN X O
is VBZ X O
appealing VBG X O
for IN X O
a DT X O
Home NNP X B-Occupation
Manager NNP X I-Occupation
as IN X O
you PRP X O
have VBP X O
the DT X O
opportunity NN X O
to TO X O
improve VB X B-Skill
this DT X I-Skill
service NN X I-Skill
further RBR X I-Skill
and CC X I-Skill
enhance VB X I-Skill
the DT X I-Skill
staffing NN X I-Skill
team NN X I-Skill
. . X O
An DT X O

International NNP X O
Insurer NNP X O
is VBZ X O
actively RB X O
looking VBG X O
to TO X O
recruit VB X O
a DT X O
Risk NNP X B-Occupation
Management NNP X I-Occupation
Analyst NNP X I-Occupation
. . X O
Google NNP X B-Skill

Ad NNP X I-Skill
Words NNP X I-Skill
Knowledge NNP X O
of IN X O
other JJ X O
biddable JJ X B-Skill
media NNS X I-Skill
such JJ X O
as IN X O
Facebook NNP X B-Skill
, , X O
GDN NNP X B-Skill
, , X O
YouTube NNP X B-Skill
and CC X O
Mobile NNP X B-Skill
. . X O
Our PRP$ X O

client NN X O
, , X O
a DT X O
small JJ X O
engineering NN X B-Domain
firm NN X O
, , X O
requires VBZ X O
an DT X O
experienced JJ X B-Occupation
accountant NN X I-Occupation
/ NN X O
assistant NN X B-Occupation
accountant NN X I-Occupation
to TO X O
run VB X O
their PRP$ X O
sales NNS X B-Skill
& CC X O
purchase NN X B-Skill
ledgers NNS X I-Skill
on IN X O
Sage NN X B-Skill
, , X O
their PRP$ X O
Sage NNP X B-Skill
payroll NN X I-Skill
and CC X O
also RB X O
the DT X O
administrative JJ X B-Skill
function NN X O
within IN X O
the DT X O
company NN X O
. . X O
experience NN X B-Skill

in IN X I-Skill
fit NN X I-Skill
out IN X I-Skill
in IN X I-Skill
a DT X I-Skill
rail NN X I-Skill
environment NN X I-Skill
would MD X O
be VB X O
ideal JJ X O
Experience NNP X B-Skill
working VBG X I-Skill
for IN X I-Skill
a DT X I-Skill
UK NNP X I-Skill
main JJ X I-Skill
contractor NN X I-Skill
Desirable JJ X O
Requirements NNS X O
: : X O
Degree NNP X B-Qualification
in IN X I-Qualification
Engineering NNP X I-Qualification
or CC X O
equivalent JJ X O
Engineer NNP X B-Domain
Site NNP X O
Engineer NNP X O
London NNP X O
The DT X O

ideal JJ X O
candidate NN X O
will MD X O
have VB X O
a DT X O
solid JJ X O
background NN X O
in IN X O
design NN X B-Skill
, , X O
and CC X O
have VBP X O
previous JJ X O
experience NN X O
designing VBG X B-Skill
content NN X I-Skill
for IN X I-Skill
email JJ X I-Skill
marketing NN X I-Skill
and CC X I-Skill
web NN X I-Skill
, , X I-Skill
including VBG X I-Skill
brand NN X I-Skill
materials NNS X I-Skill
. . X O
Please NNP X O

contact JJ X O
Paula NNP X O
Read NNP X O
at IN X O
Hays NNP X O
Education NNP X O
to TO X O
reserve VB X O
a DT X O
place NN X O
. . X O
Raising VBG X B-Skill

requisitions NNS X I-Skill
, , X I-Skill
invoices NNS X I-Skill
and CC X I-Skill
journal JJ X I-Skill
payments NNS X I-Skill
Ensuring VBG X I-Skill
adequate JJ X I-Skill
stocks NNS X I-Skill
of IN X I-Skill
stationery NN X I-Skill
and CC X I-Skill
publications NNS X I-Skill
are VBP X I-Skill
available JJ X I-Skill
, , X O
maintaining VBG X B-Skill
inventories NNS X I-Skill
to TO X I-Skill
track VB X I-Skill
stock NN X I-Skill
levels NNS X I-Skill
, , X O
ordering VBG X B-Skill
and CC X O
distributing VBG X B-Skill
new JJ X I-Skill
stock NN X I-Skill
as IN X O
required VBN X O
. . X O
5 CD X B-Experience

years NNS X I-Experience
in IN X I-Experience
a DT X I-Experience
pharmacovigilance NN X I-Experience
setting VBG X I-Experience
Held NNP X O
EU NNP X B-Qualification
based VBN X I-Qualification
QPPV NNP X I-Qualification
or CC X O
deputy NN X B-Qualification
QPPV NNP X I-Qualification
responsibility NN X O
for IN X O
over IN X O
They PRP X O

will MD X O
develop VB X O
your PRP$ X O
skills NNS X O
and CC X O
career NN X O
and CC X O
can MD X O
offer VB X O
you PRP X O
further JJ X O
training NN X B-Domain
and CC X O
development NN X B-Domain
. . X O
Your PRP$ X O

responsibilities NNS X O
: : X O
Developing NNP X B-Skill
, , X I-Skill
assessing VBG X I-Skill
and CC X I-Skill
proposing VBG X I-Skill
credible JJ X I-Skill
molecular JJ X I-Skill
targets NNS X I-Skill
As IN X O

expected VBN X O
of IN X O
such JJ X O
a DT X O
role NN X O
, , X O
the DT X O
successful JJ X O
Negotiator NNP X B-Occupation
will MD X O
be VB X O
expected VBN X B-Skill
to TO X I-Skill
win VB X I-Skill
new JJ X I-Skill
instructions NNS X I-Skill
, , X O
maintain VBP X B-Skill
current JJ X I-Skill
client NN X I-Skill
relationships NNS X I-Skill
, , X O
and CC X O
contribute NN X B-Skill
to TO X I-Skill
the DT X I-Skill
continued JJ X I-Skill
success NN X I-Skill
of IN X I-Skill
the DT X I-Skill
sales NNS X I-Skill
department NN X I-Skill
and CC X I-Skill
office NN X I-Skill
as IN X I-Skill
a DT X I-Skill
whole NN X I-Skill
. . X O
There EX X O

is VBZ X O
plenty NN X O
of IN X O
scope NN X O
for IN X O
training NN X O
and CC X O
this DT X O
long JJ X O
established VBN X O
client NN X O
has VBZ X O
a DT X O
full JJ X O
order NN X O
book NN X O
so IN X O
there EX X O
is VBZ X O
overtime JJ X O
available JJ X O
. . X O
Selex NNP X O

ES NNP X O
is VBZ X O
a DT X O
technological JJ X O
leader NN X O
in IN X O
electronic JJ X B-Domain
and CC X I-Domain
information NN X I-Domain
technologies NNS X I-Domain
for IN X O
defence NN X O
systems NNS X O
, , X O
aerospace NN X O
, , X O
data NN X O
management NN X O
, , X O
infrastructures NNS X O
, , X O
land VBP X O
security NN X O
and CC X O
protection NN X O
, , X O
and CC X O
develops VBZ X O
sustainable JJ X O
smart JJ X O
solutions NNS X O
. . X O
All DT X O

consultants NNS X B-Occupation
are VBP X O
developed VBN X O
through IN X O
a DT X O
full JJ X O
and CC X O
ongoing JJ X O
training NN X O
program NN X O
. . X O
Operational JJ X O

Accountabilities NNP X O
Accountable NNP X O
for IN X O
specific JJ X B-Skill
areas NNS X I-Skill
of IN X I-Skill
responsibility NN X I-Skill
and CC X O
deliverables NNS X B-Skill
and CC X O
manages VBZ X B-Skill
the DT X I-Skill
associated JJ X I-Skill
risks NNS X I-Skill
Delivers NNP X O
activities NNS X O
to TO X O
support VB X B-Skill
operational JJ X I-Skill
objectives NNS X I-Skill
for IN X O
their PRP$ X O
specific JJ X O
contract NN X O
, , X O
project NN X O
or CC X O
specialism NN X O
Inputs NNS X O
to TO X O
planning VBG X B-Skill
activities NNS X I-Skill
with IN X O
horizons NNS X O
of IN X O
typically RB X O
6 CD X O
months NNS X O
to TO X O
one CD X O
year NN X O
Those DT X O

that WDT X O
are VBP X O
considering VBG X O
applying VBG X O
will MD X O
ideally RB X O
be VB X O
from IN X O
a DT X O
design NN X B-Domain
or CC X O
engineering NN X B-Domain
background NN X O
with IN X O
plenty NN X O
of IN X O
pre JJ X B-Skill
construction NN X I-Skill
experience NN X O
. . X O
We PRP X O

are VBP X O
a DT X O
market NN X B-Domain
leader NN X O
for IN X O
permanent JJ X O
jobs NNS X O
within IN X O
all DT X O
food NN X B-Domain
and CC X I-Domain
drink NN X I-Domain
manufacturing NN X I-Domain
throughout IN X O
the DT X O
UK NNP X O
. . X O
To TO X O

help VB X O
manage VB X B-Skill
the DT X I-Skill
Exposure NNP X I-Skill
Management NNP X I-Skill
team NN X I-Skill
' '' X I-Skill
s JJ X I-Skill
critical JJ X I-Skill
reporting NN X I-Skill
responsibilities NNS X I-Skill
: : X I-Skill
Own VB X I-Skill
the DT X I-Skill
RDS NNP X I-Skill
process NN X I-Skill
and CC X O
the DT X O
production NN X O
of IN X O
its PRP$ X O
associated VBN X O
returns NNS X O
to TO X O
Lloyd NNP X O
' POS X O
s NN X O
, , X O
as RB X O
well RB X O
as IN X O
to TO X O
the DT X O
Underwriting NNP X B-Skill
Committee NNP X I-Skill
and CC X I-Skill
Class NNP X I-Skill
Underwriters NNP X I-Skill
This DT X O

is VBZ X O
a DT X O
temporary JJ X O
role NN X O
that WDT X O
may MD X O
go VB X O
permanent NN X O
in IN X O
the DT X O
future NN X O
. . X O
the DT X O

IMechE NNP X O
or CC X O
alternative JJ X O
appropriate JJ X O
body NN X O
Possess NNP X B-Skill
extensive JJ X I-Skill
design NN X I-Skill
experience NN X I-Skill
within IN X O
the DT X O
Water NNP X B-Domain
Industry NNP X I-Domain
sector NN X I-Domain
including VBG X O
in IN X O
areas NNS X O
such JJ X O
as IN X O
potable JJ X O
water NN X O
production NN X O
and CC X O
distribution NN X O
, , X B-Domain
waste NN X I-Domain
water NN X I-Domain
treatment NN X I-Domain
and CC X O
sludge NN X B-Domain
treatment NN X I-Domain
, , X I-Domain
pumping VBG X I-Domain
systems NNS X I-Domain
and CC X O
noninfrastructure JJ X B-Domain
asset NN X I-Domain
management NN X I-Domain
Have NNP X B-Skill
knowledge NN X I-Skill
of IN X I-Skill
current JJ X I-Skill
UK NNP X I-Skill
water NN X I-Skill
industry NN X I-Skill
regulations NNS X I-Skill
. . X O
To TO X O

apply VB X O
for IN X O
this DT X O
lovely JJ X O
Home NNP X B-Occupation
Managers NNPS X I-Occupation
post NN X O
in IN X O
Farnborough NNP X O
, , X O
Hampshire NNP X O
, , X O
please VB X O
send VB X O
your PRP$ X O
CV NNP X O
or CC X O
contact VB X O
Becky NNP X O
at IN X O
Eclypse NNP X O
Recruitment NNP X O
, , X O
the DT X O
Health NNP X O
and CC X O
Social NNP X O
Care NNP X O
Recruitment NNP X O
Specialists NNP X O
. . X O
Ideally RB X O

you PRP X O
will MD X O
have VB X O
Experience NNP X O
Working NNP X B-Skill
with IN X I-Skill
adults NNS X I-Skill
who WP X I-Skill
have VBP X I-Skill
learning VBG X I-Skill
difficulties NNS X I-Skill
. . X O
You PRP X O

ll VBP X O
be VB X O
involved VBN X O
in IN X O
different JJ X O
technologies NNS X O
across IN X O
the DT X O
board NN X O
from IN X O
front JJ X O
office NN X O
to TO X O
back VB X O
office NN X O
. . X O
Litigation NN X B-Skill

experience NN X I-Skill
and CC X O
dealing VBG X B-Skill
with IN X I-Skill
contracts NNS X I-Skill
will MD X O
also RB X O
be VB X O
a DT X O
bonus NN X O
. . X O
A DT X O

first JJ X B-Qualification
or CC X I-Qualification
second JJ X I-Qualification
degree NN X I-Qualification
in IN X I-Qualification
biochemistry NN X I-Qualification
, , X I-Qualification
pharmacology NN X I-Qualification
or CC X O
other JJ X O
relevant JJ X O
biological JJ X O
discipline NN X O
Experience NN X B-Skill
of IN X I-Skill
culturing VBG X I-Skill
cells NNS X I-Skill
in IN X O
Category NN X O
This DT X O

is VBZ X O
a DT X O
fantastic JJ X O
opportunity NN X O
for IN X O
a DT X O
Credit NNP X B-Occupation
Controller NNP X I-Occupation
looking VBG X O
to TO X O
increase VB X O
their PRP$ X O
skillset NN X O
in IN X O
a DT X O
high JJ X O
profile NN X O
company NN X O
. . X O
Strong JJ X O

presentation NN X B-Skill
and CC X I-Skill
customer NN X I-Skill
facing NN X I-Skill
skills NNS X I-Skill
Experience NNP X O
of IN X O
preparing NN X B-Skill
, , X I-Skill
developing VBG X I-Skill
and CC X I-Skill
replying VBG X I-Skill
to TO X I-Skill
customer NN X I-Skill
proposals NNS X I-Skill
and CC X I-Skill
tenders NNS X I-Skill
Strong NNP X O
team NN X B-Skill
working VBG X I-Skill
skills NNS X I-Skill
and CC X O
good JJ X O
attention NN X B-Skill
to TO X I-Skill
detail VB X I-Skill
Ability NNP X I-Skill
to TO X I-Skill
build VB X I-Skill
strong JJ X I-Skill
external JJ X I-Skill
relationships NNS X I-Skill
with IN X I-Skill
customers NNS X I-Skill
and CC X I-Skill
partners NNS X I-Skill
. . X O
It PRP X O

is VBZ X O
essential JJ X O
to TO X O
have VB X O
an DT X O
excellent JJ X O
telephone NN X B-Skill
manner NN X I-Skill
to TO X O
deal VB X O
with IN X O
our PRP$ X O
high JJ X O
net JJ X O
worth NN X O
clients NNS X O
and CC X O
their PRP$ X O
staffing NN X O
requirements NNS X O
. . X O
If IN X O

you PRP X O
are VBP X O
interested JJ X O
and CC X O
meet VB X O
the DT X O
above NN X O
requirements NNS X O
please VB X O
send VB X O
me PRP X O
your PRP$ X O
latest JJS X O
C NNPS X O
. . X O
V NNP X O
and CC X O
I PRP X O
will MD X O
call VB X O
you PRP X O
to TO X O
discuss VB X O
in IN X O
further JJ X O
detail NN X O
. . X O
The DT X O

Person NNP X O
The DT X O
successful JJ X O
applicant NN X O
will MD X O
be VB X O
an DT X O
experienced JJ X B-Skill
Electrical NNP X B-Occupation
Supervisor NNP X I-Occupation
with IN X O
a DT X O
strong JJ X O
mechanical JJ X B-Skill
background NN X O
, , X O
ideally RB X O
gained VBN X O
within IN X O
a DT X O
technical JJ X O
or CC X O
engineering NN X O
business NN X O
. . X O
To TO X O

prepare VB X B-Skill
the DT X I-Skill
dining NN X I-Skill
and CC X I-Skill
severing VBG X I-Skill
areas NNS X I-Skill
for IN X I-Skill
the DT X I-Skill
service NN X I-Skill
of IN X I-Skill
meals NNS X I-Skill
, , X I-Skill
snacks NNS X I-Skill
and CC X I-Skill
beverages NNS X I-Skill
. . X O
Clients NNS X O

include VBP X O
leading VBG X O
FTSE NNP X B-Domain
100 CD X I-Domain
businesses NNS X I-Domain
right RB X O
through IN X O
to TO X O
awe VB X B-Skill
inspiring VBG X I-Skill
campaigns NNS X I-Skill
that WDT X O
form VBP X O
part NN X O
of IN X O
the DT X O
brands NNS X O
that IN X O
we PRP X O
know VBP X O
and CC X O
love VBP X O
. . X O
A DT X O

commitment NN X B-Skill
to TO X I-Skill
high JJ X I-Skill
quality NN X I-Skill
fused VBN X I-Skill
with IN X I-Skill
an DT X I-Skill
inclusive JJ X I-Skill
academic JJ X I-Skill
culture NN X I-Skill
is VBZ X O
our PRP$ X O
hallmark NN X O
and CC X O
led VBD X O
the DT X O
Times NNP X O
Higher NNP X O
Education NNP X O
to TO X O
describe VB X O
us PRP X O
as IN X O
elite NN X O
without IN X O
being VBG X O
elitist NN X O
. . X O
All DT X O

of IN X O
our PRP$ X O
Job NNP X O
Adverts NNP X O
are VBP X O
for IN X O
live JJ X O
Jobs NNP X O
that IN X O
we PRP X O
are VBP X O
proactively RB X B-Skill
recruiting VBG X I-Skill
for IN X O
. . X O
Proven NNP X B-Skill

, , X O
successful JJ X B-Skill
Sales NNS X B-Occupation
Advisors NNS X I-Occupation
are VBP X O
often RB X O
developed JJ X O
and CC X O
integrated VBN X O
into IN X O
our PRP$ X O
field NN X B-Domain
management NN X I-Domain
structure NN X O
. . X O
The DT X O

role NN X O
will MD X O
involve VB X O
health NN X B-Skill
screening VBG X I-Skill
/ JJ X I-Skill
surveillance NN X I-Skill
to TO X O
include VB X O
venepuncture NN X B-Skill
, , X O
audiometry NN X B-Skill
, , X O
spirometry NN X B-Skill
, , X O
electrocardiogram NN X B-Skill
, , X O
eyesight JJ X B-Skill
testing NN X I-Skill
, , X O
vaccinations NNS X B-Skill
and CC X O
mobility NN X B-Skill
testing NN X I-Skill
, , X O
fitness NN X B-Skill
to TO X I-Skill
work VB X I-Skill
assessments NNS X I-Skill
, , X O
drug NN X B-Skill
and CC X I-Skill
alcohol NN X I-Skill
screening NN X I-Skill
, , X O
health NN X B-Skill
promotion NN X I-Skill
and CC X O
most JJS X O
importantly RB X O
HAVS NNP X B-Skill
. . X O
Ensure NN X O

effective JJ X O
communication NN X B-Skill
within IN X O
the DT X O
team NN X O
, , X O
with IN X O
all DT X O
departments NNS X O
/ VBP X O
functions NNS X O
of IN X O
the DT X O
Company NNP X O
, , X O
with IN X O
external JJ X B-Skill
parties NNS X I-Skill
and CC X O
on IN X O
activities NNS X B-Skill
reporting VBG X I-Skill
. . X O
This DT X O

role NN X O
will MD X O
provide VB X O
the DT X O
successful JJ X O
candidate NN X O
with IN X O
great JJ X O
experience NN X O
of IN X O
working VBG X B-Skill
within IN X I-Skill
medical JJ X I-Skill
communications NNS X I-Skill
that IN X O
you PRP X O
' '' X O
ll JJ X O
be VB X O
able JJ X O
to TO X O
use VB X O
as IN X O
a DT X O
foundation NN X O
for IN X O
a DT X O
fantastic JJ X O
career NN X O
working VBG X O
within IN X O
this DT X O
dynamic JJ X O
and CC X O
fast JJ X O
moving NN X O
sector NN X O
. . X O
The DT X O

posts NNS X O
are VBP X O
available JJ X O
immediately RB X O
and CC X O
salary JJ X O
will MD X O
depend VB X O
on IN X O
experience NN X O
, , X O
but CC X O
will MD X O
be VB X O
up RB X O
to TO X O
22 CD X O

days NNS X O
holiday RB X O
increasing VBG X O
with IN X O
length NN X O
of IN X O
service NN X O
Early JJ X O
finish NN X O
on IN X O
a DT X O
Friday NNP X O
Cost NN X B-Skill

/ JJ X I-Skill
change NN X I-Skill
control NN X I-Skill
and CC X O
monitoring NN X B-Skill
Cost NNP X I-Skill
reporting NN X I-Skill
Producing VBG X I-Skill
and CC X I-Skill
presenting VBG X I-Skill
monthly JJ X I-Skill
Project NNP X I-Skill
Reports NNP X I-Skill
Reviewing NNP X I-Skill
and CC X I-Skill
assessing VBG X I-Skill
contractor NN X I-Skill
competency NN X I-Skill
The DT X O

reason NN X O
this DT X O
position NN X O
has VBZ X O
become VBN X O
available JJ X O
is VBZ X O
due JJ X O
to TO X O
the DT X O
company NN X O
s NN X O
increased VBD X O
workload NN X O
allowing VBG X O
a DT X O
great JJ X O
opportunity NN X O
to TO X O
join VB X O
a DT X O
fast JJ X O
moving VBG X O
developing VBG X O
business NN X B-Domain
with IN X O
fantastic JJ X O
career NN X O
opportunities NNS X O
. . X O
Preparing VBG X B-Skill

test NN X I-Skill
plans NNS X I-Skill
, , X O
attending VBG X B-Skill
equipment NN X I-Skill
factory NN X I-Skill
acceptance NN X I-Skill
tests NNS X I-Skill
and CC X O
reviewing VBG X B-Skill
test NN X I-Skill
evidence NN X I-Skill
and CC X I-Skill
reports NNS X I-Skill
Supporting VBG X I-Skill
procurement JJ X I-Skill
process NN X I-Skill
. . X O
We PRP X O

are VBP X O
looking VBG X O
for IN X O
a DT X O
skilled JJ X B-Skill
, , X O
agile JJ X B-Skill
, , X O
but CC X O
considered VBN X B-Skill
Information NNP X B-Occupation
Manager NNP X I-Occupation
to TO X O
join VB X O
the DT X O
UK NNP X O
taxonomy NN X O
, , X O
expert NN X O
, , X O
team NN X O
to TO X O
build VB X B-Skill
and CC X I-Skill
exploit VB X I-Skill
core NN X I-Skill
infrastructural JJ X I-Skill
semantic JJ X I-Skill
reference NN X I-Skill
databases NNS X I-Skill
. . X O
Duties NNS X O

to TO X O
include VB X O
: : X O
Processing NN X B-Skill
of IN X I-Skill
supplier NN X I-Skill
invoices NNS X I-Skill
credit NN X I-Skill
notes NNS X I-Skill
through IN X O
either DT X O
Verification NNP X O
of IN X O
supplier NN X O
invoices NNS X O
with IN X O
system NN X O
produced VBN X O
GRN NNP X O
s JJ X O
Manual NNP X O
processing NN X O
using VBG X O
batch NN X O
input NN X O
of IN X O
documents NNS X O
Filing VBG X B-Skill
invoices NNS X I-Skill
and CC X I-Skill
credit NN X I-Skill
notes NNS X I-Skill
including VBG X O
documents NNS X O
stored VBN X O
in IN X O
archives NNS X O
Supplier NNP X B-Skill
statement NN X I-Skill
reconciliation NN X I-Skill
including VBG X O
requesting VBG X O
invoice NN X O
copies NNS X O
and CC X O
liaison NN X O
with IN X O
suppliers NNS X O
by IN X O
telephone NN X O
, , X O
fax NN X O
, , X O
post NN X O
or CC X O
email NN X O
Liaison NNP X B-Skill
with IN X I-Skill
other JJ X I-Skill
departments NNS X I-Skill
regarding VBG X I-Skill
queried JJ X I-Skill
invoices NNS X I-Skill
Provide VBP X I-Skill
support NN X I-Skill
to TO X I-Skill
the DT X I-Skill
management NN X I-Skill
accounts VBZ X I-Skill
team NN X I-Skill
Assistance NN X I-Skill
with IN X I-Skill
post NN X I-Skill
opening NN X I-Skill
and CC X I-Skill
distribution NN X I-Skill
Process NNP X I-Skill
employee NN X I-Skill
expenses NNS X I-Skill
Reporting VBG X B-Skill

to TO X I-Skill
the DT X I-Skill
National NNP X I-Skill
Account NNP X I-Skill
Manager NNP X I-Skill
you PRP X O
will MD X O
obtain VB X B-Skill
clarification NN X I-Skill
of IN X I-Skill
customers NNS X I-Skill
requirements NNS X I-Skill
to TO X O
ensure VB X O
accurate JJ X O
quotations NNS X O
are VBP X O
produced VBN X O
in IN X O
a DT X O
customer NN X O
friendly JJ X O
manner NN X O
. . X O
A DT X O

fantastic JJ X O
opportunity NN X O
has VBZ X O
arisen VBN X O
for IN X O
an DT X O
experienced JJ X B-Skill
Warranty NNP X B-Occupation
Administrator NNP X I-Occupation
to TO X O
join VB X O
this DT X O
highly RB X O
successful JJ X O
team NN X O
at IN X O
our PRP$ X O
client NN X O
s RB X O
prestigious JJ X O
MercedesBenz NNP X O
dealership NN X B-Domain
based VBN X O
in IN X O
Carlisle NNP X O
. . X O
So RB X O

if IN X O
this DT X O
sounds VBZ X O
like IN X O
your PRP$ X O
ideal JJ X O
next JJ X O
role NN X O
, , X O
send VB X O
your PRP$ X O
CV NNP X O
to TO X O
Siobhan NNP X O
Harper NNP X O
at IN X O
consultafselection NN X O
. . X O
co NN X O
. . X O
uk NN X O
, , X O
or CC X O
call VB X O
/ JJ X O

seven CD X O
, , X O
365 CD X B-Skill
days NNS X I-Skill
per IN X I-Skill
year NN X I-Skill
telephone NN X I-Skill
and CC X O
email NN X B-Skill
service NN X I-Skill
To TO X O
apply VB X O
for IN X O
this DT X O
position NN X O
please VB X O
submit VB X O
your PRP$ X O
CV NNP X O
by IN X O
clicking VBG X O
on IN X O
the DT X O
' POS X O
Apply NNP X O
Now RB X O
' POS X O
button NN X O
below IN X O
or CC X O
call VB X O
Chris NNP X O
Osbourne NNP X O
on IN X O
for IN X O
a DT X O
detailed JJ X O
discussion NN X O
. . X O
Their PRP$ X O

members NNS X O
are VBP X O
partners NNS X O
in IN X O
law NN X O
firms NNS X O
and CC X O
advocates NNS X O
and CC X O
may MD X O
apply VB X O
for IN X O
judicial JJ X O
appointment NN X O
You PRP X O

ll VBP X O
be VB X O
working VBG X O
directly RB X O
with IN X O
the DT X O
clients NNS X O
so RB X O
your PRP$ X O
knowledge NN X B-Skill
of IN X I-Skill
pricing VBG X I-Skill
/ JJ X I-Skill
strategies NNS X I-Skill
combined VBN X O
with IN X O
a DT X O
great JJ X O
communication NN X B-Skill
skills NNS X I-Skill
written VBN X I-Skill
and CC X I-Skill
on IN X I-Skill
the DT X I-Skill
phone NN X I-Skill
are VBP X O
essential JJ X O
. . X O
Be NNP X O

responsible JJ X B-Skill
for IN X I-Skill
the DT X I-Skill
production NN X I-Skill
of IN X I-Skill
other JJ X I-Skill
returns NNS X I-Skill
including VBG X I-Skill
but CC X I-Skill
not RB X I-Skill
limited JJ X I-Skill
to TO X I-Skill
LCM NNP X I-Skill
, , X I-Skill
QIS NNP X I-Skill
Experience NN X B-Skill

of IN X I-Skill
working VBG X I-Skill
in IN X I-Skill
an DT X I-Skill
office NN X I-Skill
environment NN X I-Skill
with IN X O
a DT X O
sound NN X B-Skill
knowledge NN X I-Skill
of IN X I-Skill
Microsoft NNP X I-Skill
Packages NNP X I-Skill
would MD X O
be VB X O
an DT X O
advantage NN X O
. . X O
This DT X O

is VBZ X O
an DT X O
exceptional JJ X O
role NN X O
for IN X O
a DT X O
budding NN X B-Occupation
developer NN X I-Occupation
looking VBG X O
to TO X O
work VB X O
with IN X O
one CD X O
of IN X O
the DT X O
best JJS X O
. . X O
net NN X O
I PRP X O

am VBP X O
currently RB X O
recruiting VBG X O
for IN X O
a DT X O
Graphic NNP X B-Occupation
Designer NNP X I-Occupation
to TO X O
work VB X O
for IN X O
a DT X O
Software NNP X B-Domain
Company NNP X O
based VBN X O
in IN X O
Leicester NNP X O
. . X O
working VBG X O

days NNS X O
paid VBN X O
holiday JJ X O
plus CC X O
Saudi NNP X O
holidays NNS X O
and CC X O
end NN X O
of IN X O
project NN X O
benefit NN X O
/ JJ X O
bonus NN X O
. . X O
Berkeley NNP X O

Scott NNP X O
is VBZ X O
acting VBG X O
as IN X O
an DT X O
Employment NNP X O
Agency NNP X O
in IN X O
relation NN X O
to TO X O
this DT X O
vacancy NN X O
. . X O
You PRP X O

will MD X O
also RB X O
be VB X O
rewarded VBN X O
with IN X O
an DT X O
industry NN X B-Domain
leading VBG X O
package NN X O
with IN X O
excelent NN X O
flexible JJ X O
benefits NNS X O
Our PRP$ X O

client NN X O
based VBN X O
on IN X O
the DT X O
outskirts NNS X O
of IN X O
Wellingborough NNP X O
are VBP X O
seeking VBG X O
an DT X O
incoming VBG X O
call NN X B-Occupation
handler NN X I-Occupation
to TO X O
join VB X O
their PRP$ X O
busy JJ X O
Customer NNP X B-Domain
Service NNP X I-Domain
team NN X O
, , X O
you PRP X O
will MD X O
be VB X O
responsible JJ X O
for IN X O
providing VBG X B-Skill
a DT X I-Skill
first JJ X I-Skill
class NN X I-Skill
service NN X I-Skill
and CC X O
creating VBG X B-Skill
service NN X I-Skill
call NN X I-Skill
logs NNS X I-Skill
. . X O
My PRP$ X O

Client NN X O
is VBZ X O
recruiting VBG X O
for IN X O
a DT X O
Microsoft NNP X B-Occupation
Lync NNP X I-Occupation
engineer NN X I-Occupation
to TO X O
proactively RB X O
lead VB X B-Skill
the DT X I-Skill
a DT X I-Skill
team NN X I-Skill
through IN X I-Skill
not RB X I-Skill
only RB X I-Skill
their PRP$ X I-Skill
own JJ X I-Skill
projects NNS X I-Skill
throughout IN X I-Skill
the DT X I-Skill
entire JJ X I-Skill
life NN X I-Skill
cycle NN X I-Skill
, , X O
but CC X O
the DT X O
right JJ X O
candidate NN X O
will MD X O
also RB X O
be VB X O
expected VBN X O
to TO X O
offer VB X B-Skill
their PRP$ X I-Skill
vast JJ X I-Skill
experience NN X I-Skill
as IN X I-Skill
the DT X I-Skill
only JJ X I-Skill
point NN X I-Skill
of IN X I-Skill
contact NN X I-Skill
for IN X I-Skill
Microsoft NNP X I-Skill
Lync NNP X I-Skill
throughout IN X I-Skill
a DT X I-Skill
large JJ X I-Skill
scale NN X I-Skill
deployment NN X I-Skill
. . X O
You PRP X O

will MD X O
be VB X O
supporting VBG X B-Skill
people NNS X I-Skill
with IN X O
a DT X O
wide JJ X O
range NN X O
of IN X O
things NNS X O
such JJ X O
as IN X O
personal JJ X B-Skill
care NN X I-Skill
, , X I-Skill
housework NN X I-Skill
, , X O
shopping NN X B-Skill
and CC X O
meal NN X B-Skill
preparation NN X I-Skill
. . X O
The DT X O

following JJ X O
vacancies NNS X O
are VBP X O
currently RB X O
available JJ X O
: : X O
ST NNP X O
JOSEPH NNP X O
WARD NNP X O
Staff NNP X B-Domain
Nurses NNP X I-Domain
HJE NNP X O
Band NNP X O
5 CD X O
/ VBD X O
6 CD X O
Salary NN X O
: : X O
Applications NNS X O

from IN X O
candidates NNS X O
who WP X O
require VBP X O
sponsorship NN X O
to TO X O
work VB X O
in IN X O
the DT X O
UK NNP X O
may MD X O
not RB X O
be VB X O
considered VBN X O
if IN X O
there EX X O
are VBP X O
a DT X O
sufficient JJ X O
number NN X O
of IN X O
other JJ X O
suitable JJ X O
candidates NNS X O
. . X O
THE DT X O

PERSON NNP X O
: : X O
You PRP X O
want VBP X O
to TO X O
be VB X O
best JJS X O
in IN X O
class NN X O
, , X O
a DT X O
great JJ X O
web JJ X B-Occupation
application NN X I-Occupation
designer NN X I-Occupation
and CC X O
developer NN X B-Occupation
and CC X O
your PRP$ X O
role NN X O
here RB X O
will MD X O
help VB X O
to TO X O
Innovate NNP X B-Skill
, , X O
Design NNP X B-Skill
and CC X O
Build NNP X B-Skill
Composite NNP X I-Skill
Application NNP X I-Skill
on IN X O
top NN X O
of IN X O
SAP NNP X B-Skill
. . X O
Saga NNP X O

Homecare NNP X O
is VBZ X O
an DT X O
equal JJ X O
opportunities NNS X O
employer NN X O
and CC X O
regulated VBN X O
by IN X O
CQC NNP X O
. . X O
You PRP X O

must MD X O
have VB X O
ability NN X O
and CC X O
the DT X O
confidence NN X O
to TO X O
be VB X O
able JJ X B-Skill
to TO X I-Skill
communicate VB X I-Skill
, , X I-Skill
negotiate NN X I-Skill
and CC X I-Skill
influence NN X I-Skill
effectively RB X I-Skill
. . X O
This DT X O

is VBZ X O
an DT X O
exciting JJ X O
time NN X O
to TO X O
be VB X O
getting VBG X O
involved VBN X O
with IN X O
this DT X O
company NN X O
so RB X O
please JJ X O
apply VB X O
asap NN X O
. . X O
Experienced NNP X B-Experience

and CC X I-Experience
qualified VBD X I-Experience
Technicians NNS X I-Experience
with IN X O
strong JJ X B-Skill
administration NN X I-Skill
and CC X O
excellent JJ X B-Skill
customer NN X I-Skill
service NN X I-Skill
ability NN X I-Skill
will MD X O
be VB X O
considered VBN X O
. . X O
Background NN X O

: : X O
As IN X O
a DT X O
specialist JJ X O
provider NN X O
of IN X O
OSS NNP X B-Skill
and CC X O
IT NNP X B-Skill
solutions VBZ X I-Skill
to TO X O
the DT X O
global JJ X O
telecommunications NN X B-Skill
marketplace NN X O
, , X O
we PRP X O
urgently RB X O
seek VBP X O
an DT X O
Integration NNP X B-Occupation
Specialist NN X I-Occupation
to TO X O
support VB X O
the DT X O
business NN X O
and CC X O
manage VB X B-Skill
the DT X I-Skill
integration NN X I-Skill
of IN X I-Skill
its PRP$ X I-Skill
software NN X I-Skill
products NNS X I-Skill
with IN X O
Legacy NNP X O
systems NNS X O
, , X O
external JJ X O
and CC X O
internal JJ X O
partners NNS X O
and CC X O
new JJ X O
developments NNS X O
. . X O
My PRP$ X O

client NN X O
is VBZ X O
a DT X O
national JJ X O
procurement NN X B-Domain
business NN X I-Domain
supplying VBG X O
top JJ X O
hotel NN X O
and CC X O
restaurant NN X O
businesses NNS X O
. . X O
The DT X O

closing NN X O
date NN X O
for IN X O
receipt NN X O
of IN X O
applications NNS X O
is VBZ X O
9am CD X O
, , X O
18 CD X O
February NNP X O
2013 CD X O
. . X O
We PRP X O

are VBP X O
currently RB X O
working VBG X O
with IN X O
an DT X O
International NNP X O
education NN X O
charity NN X O
to TO X O
recruit VB X O
a DT X O
new JJ X O
Fundraiser NNP X B-Occupation
. . X O
depending VBG X O

on IN X O
experience NN X O
, , X O
Pension NNP X O
Scheme NNP X O
, , X O
20 CD X O
Days NNS X O
Holiday NNP X O
Bank NNP X O
Holidays NNP X O
Hilltop NNP X O

Manor NNP X O
is VBZ X O
an DT X O
80 CD X O
bed NN X O
care NN X O
home NN X O
offering NN X O
general JJ X B-Skill
residential JJ X I-Skill
and CC X I-Skill
nursing NN X I-Skill
care NN X I-Skill
, , X O
including VBG X O
short JJ X B-Skill
term NN X I-Skill
respite NN X I-Skill
care NN X I-Skill
and CC X O
intermediate JJ X B-Skill
care NN X I-Skill
. . X O
Assisting VBG X O

the DT X O
Mechanical NNP X O
Department NNP X O
Manager NNP X O
and CC X O
the DT X O
Mechanical NNP X O
Equipment NNP X O
Group NNP X O
Chief NNP X O
Engineer NNP X O
in IN X O
: : X O
Developing VBG X B-Skill
corporate JJ X I-Skill
procedures NNS X I-Skill
, , X I-Skill
standards NNS X I-Skill
, , X I-Skill
specifications NNS X I-Skill
and CC X I-Skill
the DT X I-Skill
required JJ X I-Skill
design NN X I-Skill
tools NNS X I-Skill
for IN X I-Skill
compliance NN X I-Skill
with IN X I-Skill
the DT X I-Skill
HSE NNP X I-Skill
policy NN X I-Skill
and CC X O
efficient JJ X B-Skill
execution NN X I-Skill
of IN X I-Skill
production NN X I-Skill
work NN X I-Skill
. . X O
Applications NNS X O

for IN X O
the DT X O
role NN X O
of IN X O
Warranty NNP X B-Occupation
Claims NNP X I-Occupation
Engineer NNP X I-Occupation
will MD X O
only RB X O
be VB X O
considered VBN X O
if IN X O
we PRP X O
are VBP X O
provided VBN X O
with IN X O
a DT X O
full JJ X B-Skill
CV NNP X I-Skill
detailing VBG X I-Skill
your PRP$ X I-Skill
recent JJ X I-Skill
work NN X I-Skill
experience NN X I-Skill
with IN X I-Skill
dates NNS X I-Skill
of IN X I-Skill
employment NN X I-Skill
and CC X O
ensure VB X O
your PRP$ X O
contact NN X O
numbers NNS X O
and CC X O
residential JJ X O
address NN X O
details NNS X O
are VBP X O
on IN X O
your PRP$ X O
CV NNP X O
. . X O
Key JJ X O

Requirements NNS X O
: : X O
At IN X B-Qualification
least JJS X I-Qualification
degreelevel JJ X I-Qualification
education NN X I-Qualification
in IN X I-Qualification
economics NNS X I-Qualification
or CC X I-Qualification
related JJ X I-Qualification
discipline NN X I-Qualification
, , X I-Qualification
or CC X I-Qualification
equivalent NN X I-Qualification
. . X O
You PRP X O

will MD X O
currently RB X O
be VB X O
working VBG X B-Skill
within IN X I-Skill
a DT X I-Skill
customer NN X I-Skill
focussed VBN X I-Skill
environment NN X I-Skill
within IN X O
a DT X O
supermarket NN X B-Domain
or CC X O
large JJ X O
convenience NN X O
store NN X O
. . X O
If IN X O

you PRP X O
are VBP X O
organised VBN X B-Skill
, , X O
flexible JJ X B-Skill
, , X O
able JJ X O
to TO X O
work VB X B-Skill
independently RB X I-Skill
with IN X O
a DT X O
good JJ X O
eye NN X O
for IN X O
detail NN X O
, , X O
you PRP X O
could MD X O
be VB X O
just RB X O
who WP X O
we PRP X O
are VBP X O
looking VBG X O
for IN X O
. . X O
The DT X O

ability NN X B-Skill
to TO X I-Skill
work VB X I-Skill
as IN X I-Skill
an DT X I-Skill
integral JJ X I-Skill
member NN X I-Skill
of IN X I-Skill
the DT X I-Skill
team NN X I-Skill
You PRP X O

will MD X O
provide VB X O
practical JJ X O
assistance NN X O
to TO X O
the DT X O
Design NNP X B-Occupation
Engineers NNP X I-Occupation
and CC X O
will MD X B-Skill
be VB X I-Skill
involved VBN X I-Skill
with IN X I-Skill
the DT X I-Skill
simulation NN X I-Skill
, , X I-Skill
build NN X I-Skill
and CC X I-Skill
commission NN X I-Skill
of IN X I-Skill
circuits NNS X I-Skill
and CC X I-Skill
electronic JJ X I-Skill
equipment NN X I-Skill
. . X O
**** JJ X O

k NN X O
Excellent NNP X O
, , X O
uncapped JJ X O
commission NN X O
scheme NN X O
Market NNP X O
leading VBG X O
organisation NN X O
New NNP X O
, , X O
central JJ X O
offices NNS X O
Maintain NN X O

an DT X O
up RB X O
to TO X O
date NN X O
knowledge NN X O
of IN X O
products NNS X O
, , X O
market NN X O
and CC X O
competitors NNS X O
in IN X O
order NN X O
to TO X O
proactively RB X O
tackle VB X O
any DT X O
arising VBG X O
issues NNS X O
, , X O
needs NNS X O
and CC X O
materials NNS X O
gaps NNS X O
Required VBN X O
Competencies NNS X O
: : X O
Proven NNP X O
leadership NN X B-Skill
skills NNS X I-Skill
Excellent NNP X O
project NN X B-Skill
management NN X I-Skill
skills NNS X I-Skill
Strong JJ X I-Skill
attention NN X I-Skill
to TO X I-Skill
detail VB X I-Skill
Strong NNP X I-Skill
financial JJ X I-Skill
& CC X I-Skill
business NN X I-Skill
acumen NNS X I-Skill
in IN X I-Skill
negotiation NN X I-Skill
, , X O
sales NNS X B-Skill
, , X O
financial JJ X B-Skill
understanding NN X I-Skill
, , X O
data NNS X B-Skill
analysis NN X I-Skill
and CC X O
business NN X B-Skill
planning NN X I-Skill
Strong NNP X O
results NNS X B-Skill
orientation NN X I-Skill
Can MD X O
be VB X O
relied VBN X O
upon IN X O
to TO X O
make VB X O
sound JJ X O
strategic JJ X B-Skill
marketing NN X I-Skill
decisions NNS X I-Skill
with IN X O
little JJ X O
support NN X O
/ NNP X O
input NN X O
required VBN X O
based VBN X O
on IN X O
experience NN X O
and CC X O
marketing NN X B-Domain
expertise NN X O
Science NNP X O
or CC X O
Business NNP X O
degree VBP X O
or CC X O
equivalent JJ X O
Marketing NNP X O
qualification NN X O
desirable JJ X O
e NN X O
. . X O
g NN X O
. . X O
MBA NNP X B-Qualification
/ NNP X I-Qualification
Chartered NNP X I-Qualification
Institute NNP X I-Qualification
Desired NNP X O
Competencies NNS X O
: : X O
you PRP X O

have VBP X O
a DT X O
good JJ X O
grounding NN X B-Skill
in IN X I-Skill
the DT X I-Skill
fundamentals NNS X I-Skill
of IN X I-Skill
commerce NN X I-Skill
and CC X I-Skill
finance NN X I-Skill
. . X O
Reading NN X O

, , X O
Basingstoke NNP X O
, , X O
Bracknell NNP X O
, , X O
Lower NNP X O
Earley NNP X O
, , X O
Finchampstead NNP X O
, , X O
Wokingham NNP X O
, , X O
Hook NNP X O
, , X O
Berkshire NNP X O
, , X O
Hampshire NNP X O
Salary NNP X O
: : X O
You PRP X O

will MD X O
have VB X O
a DT X O
Degree NNP X O
, , X O
Masters NNP X B-Qualification
or CC X I-Qualification
PhD NNP X I-Qualification
in IN X O
life NN X O
sciences NNS X B-Domain
/ VBP X I-Domain
animal JJ X I-Domain
nutrition NN X I-Domain
or CC X O
extensive JJ X O
related JJ X O
field NN X O
experience NN X O
in IN X O
biotechnology NN X B-Domain
/ NNP X I-Domain
regulatory JJ X I-Domain
affairs NNS X O
or CC X O
related VBN X O
areas NNS X O
To TO X O

be VB X O
considered VBN X O
for IN X O
this DT X O
positon NN X O
you PRP X O
will MD X O
need VB X O
to TO X O
have VB X O
previous JJ X O
experience NN X B-Skill
as IN X I-Skill
a DT X I-Skill
recruitment NN X I-Skill
consultant NN X I-Skill
, , X O
preferably RB X O
having VBG X O
worked VBN X B-Skill
in IN X I-Skill
the DT X I-Skill
health NN X I-Skill
and CC X I-Skill
social JJ X I-Skill
care NN X I-Skill
sector NN X I-Skill
but CC X O
this DT X O
is VBZ X O
not RB X O
a DT X O
necessity NN X O
. . X O
design NN X B-Skill

Ability NNP X O
to TO X O
learn VB X B-Skill
quickly RB X I-Skill
and CC X I-Skill
deliver VB X I-Skill
to TO X I-Skill
deadlines VB X I-Skill
Team NNP X I-Skill
player NN X I-Skill
with IN X O
ability NN X O
to TO X O
work VB X B-Skill
independently RB X I-Skill
Highly NNP X O
organized VBN X B-Skill
with IN X O
an DT X O
eye NN X B-Skill
for IN X I-Skill
detail NN X I-Skill
. . X O
Other JJ X O

key JJ X O
responsibilities NNS X O
will MD X O
include VB X O
: : X O
Planning NNP X B-Skill
highlevel NN X I-Skill
cross NN X I-Skill
functional JJ X I-Skill
programme NN X I-Skill
planning NN X O
, , X O
phased VBD X O
according VBG X O
to TO X O
the DT X O
stages NNS X O
and CC X O
milestone NN X O
reviews NNS X O
required VBN X O
by IN X O
the DT X O
PLM NNP X O
process NN X O
. . X O
You PRP X O

will MD X O
be VB X O
employed VBN X O
by IN X O
one CD X O
of IN X O
the DT X O
country NN X O
' POS X O
s JJ X O
leading VBG X O
contracting VBG X O
organisations NNS X O
and CC X O
have VBP X O
excellent JJ X O
promotional JJ X O
prospects NNS X O
with IN X O
a DT X O
structured JJ X O
career NN X O
path NN X O
as RB X O
well RB X O
as IN X O
a DT X O
secure NN X O
workload NN X O
. . X O
This DT X O

is VBZ X O
one CD X O
of IN X O
a DT X O
number NN X O
of IN X O
exciting VBG X O
jobs NNS X O
opportunities NNS X O
Progressive NNP X O
are VBP X O
currently RB X O
assisting VBG X O
our PRP$ X O
clients NNS X O
with IN X O
. . X O
To TO X O

provide VB X B-Skill
learner JJR X I-Skill
placement NN X I-Skill
opportunities NNS X I-Skill
, , X O
you PRP X O
will MD X O
develop VB X B-Skill
an DT X I-Skill
indepth NN X I-Skill
knowledge NN X I-Skill
of IN X I-Skill
local JJ X I-Skill
colleges NNS X I-Skill
and CC X I-Skill
FE NNP X I-Skill
institutions NNS X I-Skill
, , X I-Skill
job NN X I-Skill
centres NNS X I-Skill
and CC X I-Skill
other JJ X I-Skill
partners NNS X I-Skill
and CC X O
will MD X O
arrange VB X B-Skill
to TO X I-Skill
meet VB X I-Skill
with IN X I-Skill
their PRP$ X I-Skill
learners NNS X I-Skill
to TO X I-Skill
assist VB X I-Skill
them PRP X I-Skill
in IN X I-Skill
finding VBG X I-Skill
apprenticeship NN X I-Skill
opportunities NNS X I-Skill
and CC X I-Skill
further JJ X I-Skill
training NN X I-Skill
to TO X I-Skill
develop VB X I-Skill
their PRP$ X I-Skill
career NN X I-Skill
potential NN X I-Skill
. . X O
You PRP X O

will MD X O
develop VB X B-Skill
the DT X I-Skill
necessary JJ X I-Skill
relationships NNS X I-Skill
with IN X I-Skill
Private JJ X I-Skill
Banks NNS X I-Skill
and CC X O
deliver VB X B-Skill
the DT X I-Skill
required JJ X I-Skill
tailored JJ X I-Skill
solutions NNS X I-Skill
to TO X I-Skill
their PRP$ X I-Skill
clients NNS X I-Skill
by IN X O
helping VBG X O
to TO X O
structure NN X O
deals NNS X O
with IN X O
the DT X O
relevant JJ X O
HNW NNP X O
insurance NN X O
product NN X O
providers NNS X O
. . X O
Pinnacle NN X O

Consulting NNP X B-Domain
are VBP X O
a DT X O
leading JJ X O
recruitment NN X O
consultancy NN X B-Domain
serving VBG X O
the DT X O
Building NNP X O
Product NNP X O
sector NN X O
. . X O
There EX X O

are VBP X O
also RB X O
excellent JJ X O
benefits NNS X O
on IN X O
offer NN X O
such JJ X O
as IN X O
continual JJ X O
training NN X O
. . X O
ASP NNP X B-Skill

. . X I-Skill
NET NNP X I-Skill
MVC NNP X I-Skill
, , X O
NHibernate NNP X O
the DT X O
Entity NNP X O
Framework NNP X O
SQL NNP X B-Skill
Server NNP X I-Skill
2008 CD X I-Skill
R2 NNP X O
etc FW X O
. . X O
My PRP$ X O

client NN X O
requires VBZ X O
someone NN X O
who WP X O
has VBZ X O
strong JJ X O
exposure NN X B-Skill
to TO X I-Skill
Exchange NNP X I-Skill
and CC X O
understands VBZ X O
how WRB X O
and CC X O
why WRB X O
it PRP X O
works VBZ X O
. . X O
Benefits NNS X O

London NNP X O
Media NNP X O
Hillcroft NNP X O
Recruitment NNP X O
are VBP X O
currently RB X O
recruiting VBG X O
for IN X O
a DT X O
full JJ X O
time NN X O
permanent JJ X O
Web NNP X B-Occupation
Developer NNP X I-Occupation
. . X O
Career NNP X O

prospects NNS X O
include VBP X O
fast RB X B-Skill
, , X I-Skill
meritocratic JJ X I-Skill
development NN X I-Skill
based VBN X O
on IN X O
ability NN X O
and CC X O
a DT X O
quick JJ X B-Skill
path NN X I-Skill
to TO X I-Skill
Partner NNP X I-Skill
. . X O
In IN X O

return NN X O
, , X O
our PRP$ X O
client NN X O
offers VBZ X O
a DT X O
competitive JJ X O
salary NN X O
and CC X O
bonus NN X O
scheme NN X O
coupled VBN X O
with IN X O
the DT X O
opportunity NN X O
to TO X O
further RBR X O
develop VB X O
your PRP$ X O
career NN X O
within IN X O
a DT X O
fast JJ X O
past NN X O
and CC X O
vibrant JJ X O
organisation NN X O
. . X O
The DT X O

Sales NNS X B-Occupation
Manager NNP X I-Occupation
will MD X O
drive VB X B-Skill
bedrooms NNS X I-Skill
and CC X I-Skill
events NNS X I-Skill
business NN X I-Skill
into IN X I-Skill
the DT X I-Skill
property NN X I-Skill
from IN X I-Skill
local JJ X I-Skill
corporate JJ X I-Skill
clients NNS X I-Skill
, , X I-Skill
key JJ X I-Skill
national JJ X I-Skill
and CC X I-Skill
regional JJ X I-Skill
clients NNS X I-Skill
and CC X I-Skill
hotel NN X I-Skill
booking NN X I-Skill
agents NNS X I-Skill
. . X O
**** JJ X O

year NN X O
outlook NN X O
so IN X O
a DT X O
strong JJ X O
strategic JJ X B-Skill
perspective NN X I-Skill
is VBZ X O
required VBN X O
in IN X O
the DT X O
delivery NN X O
of IN X O
this DT X O
role NN X O
. . X O
You PRP X O

will MD X O
provide VB X B-Skill
relevant JJ X I-Skill
, , X I-Skill
timely JJ X I-Skill
financial JJ X I-Skill
analysis NN X I-Skill
and CC X I-Skill
/ NN X I-Skill
or CC X I-Skill
guidance NN X I-Skill
on IN X I-Skill
the DT X I-Skill
financial JJ X I-Skill
consequences NNS X I-Skill
of IN X I-Skill
policy NN X I-Skill
, , X O
to TO X O
members NNS X O
of IN X O
the DT X O
offshore NN X O
transmission NN X O
senior JJ X O
management NN X O
team NN X O
. . X O
Continuing VBG X O

to TO X O
put VB X B-Skill
improvements NNS X I-Skill
in IN X I-Skill
place NN X I-Skill
and CC X O
guide VB X B-Skill
your PRP$ X I-Skill
team NN X I-Skill
to TO X O
take VB X O
ownership NN X O
of IN X O
quality NN X O
based VBN X O
tasks NNS X O
Grasp NNP X B-Skill
exactly RB X I-Skill
what WP X I-Skill
drives VBZ X I-Skill
cost NN X I-Skill
within IN X O
their PRP$ X O
area NN X O
and CC X O
be VB X O
able JJ X O
to TO X O
oversee VB X B-Skill
the DT X I-Skill
bigger JJR X I-Skill
picture NN X I-Skill
in IN X O
order NN X O
to TO X O
reach VB X B-Skill
the DT X I-Skill
businesses NNS X I-Skill
desired VBD X I-Skill
goals NNS X I-Skill
Must NNP X O
be VB X O
passionate JJ X B-Skill
about IN X I-Skill
change NN X I-Skill
with IN X O
a DT X O
willingness NN X B-Skill
to TO X I-Skill
embrace VB X I-Skill
new JJ X I-Skill
concepts NNS X I-Skill
and CC X O
an DT X O
ability NN X B-Skill
to TO X I-Skill
sell VB X I-Skill
them PRP X I-Skill
into IN X I-Skill
all DT X I-Skill
stakeholders NNS X I-Skill
. . X O
Do VBP X O

you PRP X O
have VB X O
good JJ X O
managering NN X B-Skill
skills NNS X O
and CC X O
are VBP X O
able JJ X B-Skill
to TO X I-Skill
manage VB X I-Skill
a DT X I-Skill
team NN X I-Skill
of IN X I-Skill
competent NN X I-Skill
openers NNS X I-Skill
? . X O
Our PRP$ X O

highly RB X O
trained VBN X O
and CC X O
dedicated VBN X O
team NN X O
is VBZ X O
committed VBN X O
to TO X O
providing VBG X O
the DT X O
highest JJS X O
standards NNS X O
of IN X O
care NN X O
in IN X O
a DT X O
comfortable JJ X O
home NN X O
from IN X O
home NN X O
environment NN X O
. . X O
Must NNP X O

have VBP X O
working VBG X O
knowledge NN X O
of IN X O
Statutory NNP X B-Skill
Legislation NNP X I-Skill
, , X O
ACoPs NNP X B-Skill
and CC X O
SRP NNP X B-Skill
` `` X I-Skill
s NN X I-Skill
Must NNP X O
have VBP X O
a DT X O
cando JJ X B-Skill
attitude NN X I-Skill
and CC X I-Skill
work NN X I-Skill
well RB X I-Skill
as IN X I-Skill
part NN X I-Skill
of IN X I-Skill
a DT X I-Skill
team NN X I-Skill
. . X O
Job NNP X O

Title NNP X O
: : X O
Senior JJ X B-Occupation
Web NNP X I-Occupation
Developer NNP X I-Occupation
PHP NNP X B-Skill
, , X O
MySQL NNP X B-Skill
, , X O
XHTML NNP X B-Skill
, , X O
CSS NNP X B-Skill
Location NNP X O
: : X O
Liaise NN X B-Skill

with IN X I-Skill
Subcontractors NNS X I-Skill
and CC X O
deal NN X B-Skill
with IN X I-Skill
technical JJ X I-Skill
queries NNS X I-Skill
and CC X O
undertake JJ X B-Skill
site NN X I-Skill
testing NN X I-Skill
and CC X I-Skill
commissioning NN X I-Skill
Use NNP X I-Skill
appropriate JJ X I-Skill
software NN X I-Skill
to TO X I-Skill
provide VB X I-Skill
advice NN X I-Skill
, , X I-Skill
solutions NNS X I-Skill
and CC X I-Skill
successful JJ X I-Skill
project NN X I-Skill
outcomes VBZ X I-Skill
for IN X I-Skill
clients NNS X I-Skill
. . X O
Able JJ X O

to TO X O
understand VB X O
designs NNS X O
based VBN X O
on IN X O
finite JJ X B-Skill
element NN X I-Skill
analysis NN X I-Skill
predictions NNS X I-Skill
. . X O
Experience NN X B-Skill

in IN X I-Skill
proposal NN X I-Skill
preparation NN X I-Skill
and CC X I-Skill
management NN X I-Skill
presentations NNS X I-Skill
as RB X O
well RB X O
as IN X O
good JJ X O
oral JJ X B-Skill
and CC X I-Skill
written VBN X I-Skill
communications NNS X I-Skill
and CC X I-Skill
presentation NN X I-Skill
skills NNS X I-Skill
are VBP X O
a DT X O
must MD X O
. . X O
Support VB X O

the DT X O
Account NNP X O
Management NNP X O
team NN X O
in IN X O
maintaining VBG X B-Skill
the DT X I-Skill
accuracy NN X I-Skill
of IN X I-Skill
all DT X I-Skill
associated VBN X I-Skill
invoicing NN X I-Skill
material NN X I-Skill
. . X O
One CD X O

of IN X O
the DT X O
fastest JJS X O
growing VBG X O
IT NNP X B-Domain
organisations NNS X O
in IN X O
the DT X O
world NN X O
is VBZ X O
looking VBG X O
to TO X O
recruit VB X O
a DT X O
strong JJ X O
Oracle NNP X B-Skill
WebCenter NNP X I-Skill
Portal NNP X B-Occupation
and CC X I-Occupation
Content NNP X I-Occupation
Manager NNP X I-Occupation
Architect NNP X I-Occupation
, , X O
with IN X O
multiple JJ X B-Skill
project NN X I-Skill
experience NN X I-Skill
in IN X O
the DT X O
UK NNP X O
market NN X O
. . X O
**** RB X O

islooking VBG X O
to TO X O
take VB X O
on IN X O
a DT X O
Lettings NNP X B-Occupation
Negotiator NNP X I-Occupation
who WP X O
will MD X O
work VB X O
closely RB X O
with IN X O
the DT X O
Lettings NNP X B-Occupation
Account NNP X I-Occupation
Manager NNP X I-Occupation
in IN X O
managing VBG X B-Skill
our PRP$ X I-Skill
large JJ X I-Skill
portfolio NN X I-Skill
of IN X I-Skill
rented JJ X I-Skill
properties NNS X I-Skill
, , X O
and CC X O
also RB X O
deal NN X B-Skill
with IN X I-Skill
customers NNS X I-Skill
who WP X I-Skill
are VBP X I-Skill
buying VBG X I-Skill
and CC X I-Skill
selling VBG X I-Skill
properties NNS X I-Skill
, , X I-Skill
both DT X I-Skill
facetoface NN X I-Skill
and CC X I-Skill
on IN X I-Skill
the DT X I-Skill
telephone NN X I-Skill
. . X O
A DT X O

track NN X O
record NN X O
of IN X O
successful JJ X B-Skill
bidding NN X I-Skill
, , X O
establishing VBG X B-Skill
and CC X O
executing VBG X B-Skill
large JJ X I-Skill
performance NN X I-Skill
based VBN X O
collaborative JJ X B-Skill
style NN X I-Skill
contracts NNS X I-Skill
. . X O
For IN X O

further JJ X O
vacancies NNS X O
, , X O
please VB X O
visit NN X O
http NN X O
:// NNP X O
www NN X O
. . X O
petrie NN X O
. . X O
co NN X O
. . X O
uk JJ X O
Follow NNP X O
us PRP X O
on IN X O
http NN X O
:// NNP X O
www NN X O
. . X O
twitter NN X O
. . X O
com NN X O
/ JJ X O
PetrieRecruit NNP X O
Receive NNP X O
updates VBZ X O
via IN X O
http NN X O
:// NNP X O
www NN X O
. . X O
facebook NN X O
. . X O
com NN X O
/ JJ X O
pages NNS X O
/ VBP X O
PetrieRecruitment NNP X O
/ NN X O
therefore RB X O

we PRP X O
have VBP X O
a DT X O
healthy JJ X O
selection NN X O
of IN X O
employment NN X O
contracts NNS X O
available JJ X O
. . X O
Graduate NNP X B-Qualification

calibre NN X O
with IN X O
recognised JJ X B-Qualification
Marketing NNP X I-Qualification
qualification NN X I-Qualification
Proven NNP X B-Skill
success NN X I-Skill
in IN X I-Skill
developing VBG X I-Skill
and CC X I-Skill
implementing VBG X I-Skill
multidimensional JJ X I-Skill
marketing NN X I-Skill
programmes NNS X I-Skill
within IN X O
consumer NN X O
markets NNS X O
Extensive JJ X O
experience NN X B-Skill
in IN X I-Skill
developing VBG X I-Skill
brands NNS X I-Skill
You PRP X O

must MD X O
have VB X O
the DT X O
ability NN X O
to TO X O
adapt VB X B-Skill
to TO X I-Skill
different JJ X I-Skill
hospital NN X I-Skill
environments NNS X I-Skill
, , X O
be VB X O
selfmotivated VBN X B-Skill
, , X O
use VB X B-Skill
your PRP$ X I-Skill
own JJ X I-Skill
initiative NN X I-Skill
and CC X O
be VB X O
able JJ X O
to TO X O
make VB X B-Skill
on IN X I-Skill
the DT X I-Skill
spot NN X I-Skill
lifesaving NN X I-Skill
decisions NNS X I-Skill
. . X O
Therefore RB X O

, , X O
the DT X O
applicant NN X O
is VBZ X O
required VBN X O
to TO X O
have VB X O
excellent JJ X O
communication NN X B-Skill
skills NNS X O
and CC X O
the DT X O
ability NN X O
to TO X O
work VB X B-Skill
on IN X I-Skill
their PRP$ X I-Skill
own JJ X I-Skill
initiative NN X I-Skill
and CC X O
troubleshoot NN X O
. . X O
The DT X O

candidate NN X O
must MD X O
have VB X O
previous JJ X O
experience NN X O
and CC X O
have VBP X O
a DT X O
background NN X O
in IN X O
similar JJ X O
social JJ X B-Skill
housing NN X I-Skill
administrative JJ X I-Skill
work NN X I-Skill
together RB X O
with IN X O
knowledge NN X O
of IN X O
invoicing NN X B-Skill
and CC X I-Skill
schedules NNS X I-Skill
of IN X I-Skill
rates NNS X I-Skill
. . X O
This DT X O

is VBZ X O
a DT X O
high JJ X O
transaction NN X O
volume NN X O
business NN X O
across IN X O
multiple JJ X O
retail JJ X B-Domain
sectors NNS X O
, , X O
with IN X O
a DT X O
strong JJ X O
UK NN X O
and CC X O
ever RB X O
increasing VBG X O
international JJ X O
presence NN X O
. . X O
This DT X O

has VBZ X O
been VBN X O
achieved VBN X O
by IN X O
recognising VBG X O
that IN X O
their PRP$ X O
premier JJ X O
asset NN X O
and CC X O
the DT X O
bedrock NN X O
to TO X O
continued VB X O
success NN X O
is VBZ X O
its PRP$ X O
staff NN X O
. . X O
An DT X O

opportunity NN X O
has VBZ X O
now RB X O
arisen VBN X O
for IN X O
a DT X O
Business NNP X B-Occupation
Development NNP X I-Occupation
Director NNP X I-Occupation
to TO X O
join VB X O
their PRP$ X O
team NN X O
. . X O
Can MD X O

demonstrate VB X O
working VBG X B-Skill
closely RB X I-Skill
with IN X I-Skill
site NN X I-Skill
staff NN X I-Skill
mentoring NN X I-Skill
, , X O
influencing VBG X B-Skill
and CC X O
guiding VBG X B-Skill
worked VBN X O
as IN X O
part NN X O
of IN X O
regional JJ X B-Domain
Management NNP X I-Domain
team NN X O
Subsidised JJ X O

Training NNP X B-Domain
Contribution NNP X O
to TO X O
HCPC NNP X B-Domain
renewal NN X O
Ongoing NNP X O
Support NNP X O
and CC X O
Advice NNP X O
From IN X O
Your PRP$ X O
Dedicated VBN X O
Consultant NNP X B-Occupation
To TO X O
Apply VB X O
Apply NNP X O
online NN X O
now RB X O
enclosing VBG X O
your PRP$ X O
current JJ X O
CV NNPS X O
and CC X O
covering VBG X O
letter NN X O
. . X O
To TO X O

apply VB X B-Skill
database NN X I-Skill
and CC X I-Skill
operating NN X I-Skill
system NN X I-Skill
upgrades NNS X I-Skill
and CC X I-Skill
updates NNS X I-Skill
To TO X O
deploy VB X B-Skill
application NN X I-Skill
releases NNS X I-Skill
and CC X I-Skill
configuration NN X I-Skill
changes NNS X I-Skill
developing VBG X I-Skill
implementation NN X I-Skill
, , X I-Skill
backup NN X I-Skill
and CC X I-Skill
rollback NN X I-Skill
plans NNS X I-Skill
To TO X O
ensure VB X B-Skill
that DT X I-Skill
incident NN X I-Skill
and CC X I-Skill
problem NN X I-Skill
documentations NNS X I-Skill
are VBP X I-Skill
uptodate JJ X I-Skill
Hours NNS X O

: : X O
37 CD X O
hours NNS X O
per IN X O
week NN X O
, , X O
Monday NNP X O
to TO X O
Friday NNP X O
, , X O
Days NNP X O
, , X O
some DT X O
overtime NN X O
as IN X O
required VBN X O
. . X O
Due JJ X O

to TO X O
the DT X O
overwhelming JJ X O
application NN X O
response NN X O
we PRP X O
receive VBP X O
through IN X O
various JJ X O
sources NNS X O
, , X O
should MD X O
you PRP X O
not RB X O
hear VB X O
from IN X O
us PRP X O
within IN X O
one CD X O
week NN X O
Support NNP X B-Skill

the DT X O
Commercial NNP X B-Occupation
Controller NNP X I-Occupation
in IN X O
overseeing VBG X B-Skill
and CC X I-Skill
driving VBG X I-Skill
accounts NNS X I-Skill
in IN X I-Skill
all DT X I-Skill
areas NNS X I-Skill
, , X O
including VBG X O
, , X O
new JJ X O
tenders NNS X O
, , X O
promotion NN X B-Skill
proposals NNS X I-Skill
, , X I-Skill
price NN X I-Skill
increase NN X I-Skill
negotiations NNS X I-Skill
etc VBP X O
. . X O
Reporting VBG X O

directly RB X O
into IN X O
the DT X O
Head NNP X O
of IN X O
Fundraising NNP X O
, , X O
this DT X O
is VBZ X O
an DT X O
exciting JJ X O
opportunity NN X O
for IN X O
an DT X O
experienced JJ X O
fundraiser NN X B-Occupation
who WP X O
wishes VBZ X O
to TO X O
expand VB X O
and CC X O
build VB X O
their PRP$ X O
current JJ X O
skills NNS X O
. . X O
The DT X O

successful JJ X O
candidate NN X O
will MD X O
make VB X B-Skill
most JJS X I-Skill
of IN X I-Skill
the DT X I-Skill
technical JJ X I-Skill
decisions NNS X I-Skill
regarding VBG X I-Skill
the DT X I-Skill
software NN X I-Skill
architecture NN X I-Skill
, , X I-Skill
server NN X I-Skill
configuration NN X I-Skill
, , X I-Skill
and CC X I-Skill
development NN X I-Skill
process NN X I-Skill
. . X O
You PRP X O

can MD X O
therefore VB X O
apply VB X O
for IN X O
our PRP$ X O
Manchester NNP X O
based VBN X O
Solicitors NNS X B-Occupation
jobs NNS X O
with IN X O
confidence NN X O
, , X O
we PRP X O
are VBP X O
a DT X O
regulated JJ X O
employment NN X B-Domain
agency NN X I-Domain
and CC X O
will MD X O
discuss VB X O
this DT X O
role NN X O
with IN X O
you PRP X O
and CC X O
seek VB X O
your PRP$ X O
approval NN X O
before IN X O
submitting VBG X O
your PRP$ X O
application NN X O
directly RB X O
to TO X O
the DT X O
decision NN X B-Occupation
maker NN X I-Occupation
. . X O
Translate NNP X B-Skill

business NN X I-Skill
change NN X I-Skill
drivers NNS X I-Skill
and CC X I-Skill
Operating NNP X I-Skill
Plan NNP X I-Skill
aims VBZ X I-Skill
into IN X I-Skill
clearly RB X I-Skill
defined VBN X I-Skill
business NN X I-Skill
requirements NNS X I-Skill
as IN X I-Skill
part NN X I-Skill
of IN X I-Skill
initiation NN X I-Skill
and CC X I-Skill
throughout IN X I-Skill
the DT X I-Skill
delivery NN X I-Skill
lifecycle NN X I-Skill
. . X O
Review NNP X O

engineering NN X B-Skill
documentation NN X I-Skill
, , X O
feasibility NN X O
and CC X O
compliance NN X O
with IN X O
client NN X O
requirements NNS X O
and CC X O
support VB X O
the DT X O
preparation NN X B-Skill
of IN X I-Skill
accurate JJ X I-Skill
budgets NNS X I-Skill
including VBG X O
Bills NNS X B-Skill
of IN X I-Skill
Quantities NNS X I-Skill
for IN X O
new JJ X O
projects NNS X O
. . X O
Blackberry NNP X O

application NN X O
/ NNP X O
blackberry NN X O
app NN X O
/ NNP X O
java NN X O
/ NNP X O
j2me NN X O
/ NNP X O
MVC NNP X O
/ NNP X O
OOP NNP X O
/ NNP X O
REST NNP X O
/ NNP X O
Bunit NNP X O
Our PRP$ X O

client NN X O
is VBZ X O
a DT X O
large JJ X O
Birmingham NNP X O
based VBN X O
supplier NN X O
to TO X O
the DT X O
aircraft NN X B-Domain
industry NN X O
looking VBG X O
to TO X O
recruit VB X O
a DT X O
Graduate NNP X B-Qualification
in IN X I-Qualification
Computer NNP X I-Qualification
Science NNP X I-Qualification
to TO X O
become VB X O
a DT X O
SCADA NNP X B-Occupation
Engineer NNP X I-Occupation
. . X O
The DT X O

Role NNP X O
Responsible NNP X B-Skill
for IN X I-Skill
the DT X I-Skill
supervision NN X I-Skill
and CC X I-Skill
management NN X I-Skill
for IN X O
a DT X O
team NN X O
of IN X O
7 CD X O
chefs NNS X O
Carry NNP X B-Skill

out RP X I-Skill
business NN X I-Skill
modelling VBG X I-Skill
activities NNS X I-Skill
Analyse NNP X I-Skill
and CC X I-Skill
document VBD X I-Skill
the DT X I-Skill
profitability NN X I-Skill
of IN X I-Skill
each DT X I-Skill
of IN X I-Skill
the DT X I-Skill
company NN X I-Skill
' POS X I-Skill
s NN X I-Skill
various JJ X I-Skill
waste NN X I-Skill
contracts NNS X I-Skill
and CC X I-Skill
operations NNS X I-Skill
Candidate NNP X O
Requirements NNS X O
: : X O
Processing VBG X O

equipment NN X B-Skill
returns NNS X I-Skill
General NNP X O
administrative JJ X O
duties NNS X O
as IN X O
required VBN X O
Over IN X O
time NN X O
you PRP X O
will MD X O
also RB X O
take VB X O
on IN X O
the DT X O
social JJ X B-Occupation
media NNS X I-Occupation
admin NN X I-Occupation
for IN X O
the DT X O
office NN X O
coordinating VBG X B-Skill
Twitter NNP X I-Skill
accounts NNS X I-Skill
and CC X O
updating VBG X B-Skill
the DT X I-Skill
website JJ X I-Skill
etc NN X O
. . X O
Burns NNS X O

Sheehan NNP X O
Ltd NNP X O
will MD X O
consider VB X O
applications NNS X O
based VBN X O
only RB X O
on IN X O
skills NNS X O
and CC X O
ability NN X O
and CC X O
will MD X O
not RB X O
discriminate VB X O
on IN X O
any DT X O
grounds NNS X O
. . X O
Self NNP X B-Skill

motivated VBD X I-Skill
team NN X I-Skill
player NN X I-Skill
who WP X O
is VBZ X O
organised VBN X B-Skill
with IN X O
strong JJ X B-Skill
administration NN X I-Skill
skills NNS X I-Skill
PERSONAL NNP X O
ATTRIBUTES NNS X O
Oxford NNP X O

Instruments NNP X O
plc NN X O
is VBZ X O
a DT X O
global JJ X O
company NN X O
with IN X O
manufacturing NN X B-Domain
facilities NNS X O
, , X O
offices NNS X B-Skill
and CC X I-Skill
service NN X I-Skill
centres NNS X I-Skill
, , X O
worldwide NN X O
and CC X O
an DT X O
annual JJ X B-Skill
turnover NN X I-Skill
of IN X O
over IN X O
Interviews NNS X O

are VBP X O
likely JJ X O
to TO X O
take VB X O
place NN X O
in IN X O
our PRP$ X O
Edinburgh NNP X O
offices NNS X O
on IN X O
22 CD X O
February NNP X O
2013 CD X O
. . X O
This DT X O

role NN X O
will MD X O
require VB X O
you PRP X O
to TO X O
deal VB X O
with IN X O
a DT X O
variety NN X O
of IN X O
decision NN X B-Skill
makers NNS X I-Skill
, , X O
including VBG X O
managers NNS X B-Occupation
, , X O
directors NNS X B-Occupation
, , X O
head NN X B-Occupation
teachers NNS X I-Occupation
and CC X O
partners NNS X O
on IN X O
a DT X O
regular JJ X O
basis NN X O
. . X O
A DT X O

fantastic JJ X O
opportunity NN X O
has VBZ X O
arisen VBN X O
for IN X O
an DT X O
ECommerce NN X B-Occupation
IT NNP X I-Occupation
Assistant NNP X I-Occupation
based VBN X O
in IN X O
Cheadle NNP X O
, , X O
Manchester NNP X O
to TO X O
join VB X O
an DT X O
expanding VBG X O
company NN X O
. . X O
Company NN X O

A DT X O
market NN X B-Domain
leading VBG X O
organisation NN X O
that IN X O
supply NN X B-Skill
medical JJ X I-Skill
professionals NNS X I-Skill
into IN X I-Skill
both DT X I-Skill
public JJ X I-Skill
sector NN X I-Skill
and CC X I-Skill
private JJ X I-Skill
clients NNS X I-Skill
. . X O
The DT X O

successful JJ X O
candidate NN X O
will MD X O
ideally RB X O
have VB X B-Skill
trained VBN X I-Skill
at IN X I-Skill
a DT X I-Skill
wellknown JJ X I-Skill
Regional NNP X I-Skill
or CC X I-Skill
National NNP X I-Skill
practice NN X I-Skill
and CC X O
have VBP X O
solid VBN X B-Skill
academics NNS X I-Skill
. . X O
The DT X O

post NN X O
holder NN X O
will MD X O
manage VB X B-Skill
the DT X I-Skill
internal JJ X I-Skill
assurance NN X I-Skill
process NN X I-Skill
to TO X O
ensure VB X O
sufficient JJ X O
scrutiny NN X B-Skill
of IN X I-Skill
the DT X I-Skill
contract NN X I-Skill
management NN X I-Skill
process NN X I-Skill
and CC X O
to TO X O
inform VB X B-Skill
the DT X I-Skill
monthly JJ X I-Skill
reporting NN X I-Skill
process NN X I-Skill
to TO X O
CCGs NNP X O
. . X O
**** JJ X O

working VBG X O
days NNS X O
please VB X O
presume VB X O
your PRP$ X O
application NN X O
has VBZ X O
been VBN X O
unsuccessful JJ X O
on IN X O
this DT X O
occasion NN X O
. . X O
Ensuring VBG X B-Skill

customer NN X I-Skill
requirements NNS X I-Skill
are VBP X I-Skill
met VBN X I-Skill
in IN X I-Skill
a DT X I-Skill
timely JJ X I-Skill
, , X I-Skill
controlled VBN X I-Skill
and CC X I-Skill
consistent JJ X I-Skill
manner NN X I-Skill
. . X O
Team NNP X O

player NN X O
who WP X O
excels VBZ X O
at IN X O
building VBG X O
relationships NNS X O
with IN X O
customers NNS X O
and CC X O
colleagues NNS X O
Must NNP X O
have VBP X O
full JJ X B-Qualification
UK NNP X I-Qualification
driving VBG X I-Qualification
licence NN X I-Qualification
. . X O
The DT X O

role NN X O
will MD X O
involve VB X O
varied JJ X O
administrative JJ X O
tasks NNS X O
so RB X O
good JJ X O
workload NN X B-Skill
management NN X I-Skill
, , X O
organisational JJ X B-Skill
, , X O
administrative JJ X B-Skill
and CC X O
interpersonal JJ X B-Skill
skills NNS X O
are VBP X O
required VBN X O
. . X O
Due NNP X O

to TO X O
an DT X O
anticipated JJ X O
high JJ X O
level NN X O
of IN X O
interest NN X O
in IN X O
this DT X O
position NN X O
, , X O
we PRP X O
will MD X O
only RB X O
be VB X O
able JJ X O
to TO X O
respond VB X O
to TO X O
successful JJ X O
candidates NNS X O
. . X O
Arrange NNP X B-Skill

formal JJ X I-Skill
checking NN X I-Skill
of IN X I-Skill
setting VBG X I-Skill
out RP X I-Skill
and CC X O
ensure VB X B-Skill
check NN X I-Skill
request NN X I-Skill
form NN X I-Skill
is VBZ X I-Skill
completed VBN X I-Skill
. . X O
Bank NNP X B-Occupation

Extranet NNP X I-Occupation
and CC X O
Intranet NNP X B-Occupation
Developer NNP X I-Occupation
Software NNP X I-Occupation
engineer VBZ X I-Occupation
Progammer NNP X I-Occupation
analyst NN X I-Occupation
programmer NN X I-Occupation
Sharepoint NNP X I-Occupation
developer NN X I-Occupation
required VBN X O
for IN X O
a DT X O
leading VBG X O
financial JJ X O
services NNS X O
organisation NN X O
based VBN X O
in IN X O
the DT X O
City NNP X O
of IN X O
London NNP X O
. . X O
For IN X O

more JJR X O
information NN X O
and CC X O
an DT X O
immediate JJ X O
interview NN X O
please NN X O
apply VB X O
in IN X O
the DT X O
first JJ X O
instance NN X O
Eden NNP X O
Brown NNP X O
is VBZ X O
committed VBN X O
to TO X O
equality NN X O
in IN X O
the DT X O
workplace NN X O
and CC X O
is VBZ X O
an DT X O
equal JJ X O
opportunity NN X O
employer NN X O
. . X O
The DT X O

school NN X O
also RB X O
has VBZ X O
a DT X O
strong JJ X O
record NN X O
of IN X O
accomplishment NN X O
in IN X O
enabling VBG X B-Skill
students NNS X I-Skill
to TO X I-Skill
maintain VB X I-Skill
consistently RB X I-Skill
high JJ X I-Skill
standards NNS X I-Skill
in IN X I-Skill
all DT X I-Skill
subjects NNS X I-Skill
. . X O
The DT X O

subject NN X O
of IN X O
quality NN X O
is VBZ X O
of IN X O
high JJ X O
priority NN X O
, , X O
making VBG X O
this DT X O
position NN X O
essential JJ X O
to TO X O
maintain VB X O
the DT X O
company NN X O
' POS X O
s JJ X O
growth NN X O
. . X O
of IN X O

the DT X O
M5 NNP X O
and CC X O
could MD X O
be VB X O
commutable JJ X O
from IN X O
Droitwich NNP X O
Spa NNP X O
, , X O
Malvern NNP X O
, , X O
Redditch NNP X O
, , X O
Bromsgrove NNP X O
, , X O
Evesham NNP X O
, , X O
StourportonSevern NNP X O
, , X O
Stourbridge NNP X O
, , X O
Tewkesbury NNP X O
, , X O
Pershore NNP X O
and CC X O
Birmingham NNP X O
. . X O
Key JJ X O

Responsibilities NNP X O
include VBP X O
; : X O
Finance NNP X B-Domain
Management NNP X B-Skill
of IN X O
the DT X O
sales NNS X B-Domain
ledger RBR X O
including VBG X O
; : X O
raising VBG X B-Skill
invoices NNS X I-Skill
, , X O
raising VBG X B-Skill
credit NN X I-Skill
notes NNS X I-Skill
, , X O
allocating VBG X B-Skill
payments NNS X I-Skill
to TO X I-Skill
the DT X I-Skill
correct JJ X I-Skill
ledger NN X I-Skill
, , X O
chasing VBG X B-Skill
overdue JJ X I-Skill
payments NNS X I-Skill
by IN X O
telephone NN X B-Skill
and CC X I-Skill
email JJ X I-Skill
Management NNP X I-Skill
of IN X O
the DT X O
purchase NN X O
ledger NN X O
including VBG X O
; : X O
processing NN X B-Skill
invoices NNS X I-Skill
, , X O
dealing VBG X B-Skill
with IN X I-Skill
supplier NN X I-Skill
queries NNS X I-Skill
, , X O
processing VBG X B-Skill
BACs NNP X I-Skill
payments NNS X I-Skill
, , X O
processing NN X B-Skill
expenses NNS X I-Skill
Weekly NNP X I-Skill
cashbook NN X I-Skill
maintenance NN X I-Skill
and CC X O
bank NN X O
reconciliations NNS X O
Maintaining VBG X O
the DT X O
cash NN X O
flow NN X O
forecast VBD X O
including VBG X O
foreign JJ X B-Skill
exchange NN X I-Skill
conversions NNS X I-Skill
Office NNP X O
Administration NNP X B-Domain
Reception NNP X O
duties NNS X O
including VBG X O
meeting NN X B-Skill
and CC X I-Skill
greeting NN X I-Skill
customers NNS X I-Skill
and CC X O
dealing VBG X B-Skill
with IN X I-Skill
inbound JJ X I-Skill
calls NNS X I-Skill
Dealing VBG X I-Skill
with IN X I-Skill
inbound JJ X I-Skill
post NN X I-Skill
/ NN X I-Skill
deliveries NNS X I-Skill
and CC X O
outbound NN X B-Skill
mailing NN X I-Skill
/ NNP X I-Skill
shipping NN X I-Skill
Responsible NNP X O
for IN X O
the DT X O
HR NNP X B-Domain
portal NN X O
and CC X O
associated VBN X O
HR NNP X B-Domain
queries NNPS X O
Management NNP X B-Skill
of IN X I-Skill
the DT X I-Skill
Business NNP X I-Skill
Calendar NNP X I-Skill
Compile NNP X I-Skill
and CC X I-Skill
manage JJ X I-Skill
client NN X I-Skill
contracts NNS X I-Skill
Book NNP X I-Skill
flights NNS X I-Skill
, , X I-Skill
hotels NNS X I-Skill
, , X I-Skill
train NN X I-Skill
and CC X I-Skill
parking VBG X I-Skill
tickets NNS X I-Skill
as IN X O
required JJ X O
Assist NNP X B-Skill
the DT X O
Marketing NNP X B-Occupation
Manager NNP X I-Occupation
with IN X O
arranging VBG X B-Skill
events NNS X I-Skill
, , X I-Skill
mailshots NNS X I-Skill
, , X I-Skill
promotional JJ X I-Skill
campaigns NNS X I-Skill
and CC X O
attending VBG X B-Skill
presentations NNS X I-Skill
Suitable JJ X O
candidates NNS X O
will MD X O
come VB X O
from IN X O
a DT X O
finance NN X B-Domain
background NN X O
and CC X O
will MD X O
have VB X O
good JJ X O
administration NN X B-Domain
skills NNS X O
and CC X O
experience NN X O
. . X O
We PRP X O

are VBP X O
looking VBG X O
for IN X O
a DT X O
strong JJ X B-Occupation
manager NN X I-Occupation
experienced VBN X B-Skill
in IN X I-Skill
large JJ X I-Skill
catering VBG X I-Skill
operations NNS X I-Skill
and CC X O
the DT X O
ability NN X B-Skill
to TO X I-Skill
drive VB X I-Skill
passion NN X I-Skill
and CC X I-Skill
enthusiasm NN X I-Skill
within IN X I-Skill
the DT X I-Skill
teams NNS X I-Skill
and CC X O
to TO X O
realise VB X B-Skill
the DT X I-Skill
potential NN X I-Skill
of IN X I-Skill
this DT X I-Skill
pub NN X I-Skill
to TO X O
become VB X O
the DT X O
hub NN X O
of IN X O
the DT X O
community NN X O
How NNP X O
can MD X O
Crown VB X O
Carveries NNPS X O
offer VBP X O
such JJ X O
truly IN X O
amazing VBG X O
value NN X O
for IN X O
money NN X O
? . X O
You PRP X O

key VBP X O
tasks NNS X O
will MD X O
be VB X O
to TO X O
take VB X O
shift NN X O
responsibility NN X O
for IN X O
team NN X B-Skill
implementing NN X I-Skill
and CC X O
monitoring VBG X B-Skill
individual JJ X I-Skill
and CC X I-Skill
Team NNP X I-Skill
objectives NNS X I-Skill
and CC X I-Skill
targets NNS X I-Skill
whilst VBP X O
ensuring VBG X B-Skill
company NN X I-Skill
policies NNS X I-Skill
, , X I-Skill
procedures NNS X I-Skill
and CC X I-Skill
legal JJ X I-Skill
requirements NNS X I-Skill
are VBP X I-Skill
adhered VBN X I-Skill
to TO X I-Skill
. . X O
A DT X O

clean JJ X B-Qualification
driving NN X I-Qualification
licence NN X I-Qualification
and CC X O
your PRP$ X O
own JJ X O
car NN X O
are VBP X O
essential JJ X O
. . X O
My PRP$ X O

client NN X O
brings VBZ X O
over IN X B-Experience
30 CD X I-Experience
years NNS X I-Experience
experience RB X I-Experience
as IN X O
pioneers NNS X B-Occupation
in IN X O
providing VBG X O
a DT X O
bespoke JJ X O
package NN X O
of IN X O
high JJ X B-Skill
performance NN X I-Skill
CRM NNP X I-Skill
products NNS X I-Skill
and CC X I-Skill
services NNS X I-Skill
. . X O
The DT X O

role NN X O
will MD X O
include VB X O
acting VBG X B-Skill
as IN X I-Skill
the DT X I-Skill
public JJ X I-Skill
relations NNS X I-Skill
spokesperson NN X I-Skill
for IN X I-Skill
the DT X I-Skill
product NN X I-Skill
, , X O
ensuring VBG X O
that IN X O
the DT X O
business NN X B-Skill
' POS X I-Skill
s NN X I-Skill
promoted VBD X I-Skill
positively RB X I-Skill
through IN X I-Skill
the DT X I-Skill
media NNS X I-Skill
. . X O
You PRP X O

should MD X O
have VB X O
substantial JJ X O
experience NN X O
of IN X O
working VBG X B-Skill
in IN X I-Skill
a DT X I-Skill
busy JJ X I-Skill
office NN X I-Skill
environment NN X I-Skill
, , X O
covering VBG X O
a DT X O
broad JJ X O
range NN X O
of IN X O
well RB X O
developed JJ X O
skills NNS X O
including VBG X O
team NN X B-Skill
leadership NN X I-Skill
, , X O
organisation NN X B-Skill
and CC X O
delegation NN X B-Skill
skills NNS X O
. . X O
We PRP X O

' '' X O
d VBP X O
like IN X O
it PRP X O
if IN X O
you PRP X O
had VBD X O
experience VBN X O
in IN X O
most JJS X O
of IN X O
the DT X O
following NN X O
: : X O
Popular JJ X B-Skill
Web NNP X I-Skill
APIs NNP X I-Skill
, , X O
such JJ X O
as IN X O
Google NNP X O
Maps NNP X O
, , X O
Facebook NNP X O
, , X O
and CC X O
Twitter NNP X O
Social NNP X O
integration NN X O
methods NNS X O
Excellent JJ X O

verbal JJ X B-Skill
communication NN X I-Skill
skills NNS X I-Skill
, , X O
with IN X O
the DT X O
ability NN X O
to TO X O
communicate VB X B-Skill
effectively RB X I-Skill
and CC X I-Skill
professionally RB X I-Skill
at IN X I-Skill
all DT X I-Skill
levels NNS X I-Skill
to TO X I-Skill
both DT X I-Skill
technical JJ X I-Skill
and CC X I-Skill
nontechnical JJ X I-Skill
personnel NNS X I-Skill
. . X O
AER NNP X O

TEACHERS NNP X O
IS NNP X O
ONE NNP X O
OF NNP X O
LONDON NNP X O
' POS X O
S NNP X O
LEADING NNP X O
LONGTERM NNP X O
AND NNP X O
PERMANENT NNP X O
CONTRACT NNP X O
RECRUITMENT NNP X B-Domain
AGENCIES NNP X I-Domain
You PRP X O

must MD X O
also RB X O
have VB X O
good JJ X O
working VBG X O
knowledge NN X O
of IN X O
Microsoft NNP X B-Skill
excel NN X I-Skill
. . X O
Do VB X O

you PRP X O
come VB X O
from IN X O
a DT X O
branded VBN X B-Domain
environment NN X I-Domain
with IN X O
a DT X O
high JJ X O
volume NN X O
site NN X O
and CC X O
have VBP X O
great JJ X B-Skill
career NN X I-Skill
stability NN X I-Skill
? . X O
My PRP$ X O

client NN X O
is VBZ X O
an DT X O
industryleader NN X O
in IN X O
realtime JJ X B-Skill
trading NN X I-Skill
software NN X I-Skill
, , X O
delivering VBG X O
thousands NNS X O
of IN X O
trades NNS X O
with IN X O
millisecond NN X O
latency NN X O
. . X O
In IN X O

return NN X O
, , X O
you PRP X O
' '' X O
ll JJ X O
get VBP X O
an DT X O
excellent JJ X O
base NN X O
salary NN X O
, , X O
pension NN X O
and CC X O
benefits NNS X O
package NN X O
including VBG X O
performance NN X O
related JJ X O
bonus NN X O
, , X O
6 CD X O
. . X O
6weeks CD X O
holiday NN X O
, , X O
and CC X O
great JJ X O
career NN X O
progression NN X O
opportunities NNS X O
. . X O
Customer NNP X B-Skill

Focus NNP X I-Skill
Dealing NNP X O
with IN X O
Change NNP X B-Skill
Delivery NNP X I-Skill
Through IN X O
People NNP X B-Skill
Planning NNP X I-Skill
and CC X O
Organising NNP X B-Skill
Additional NNP X O
Role NNP X O
Information NN X O
, , X O

**** '' X O
Y NNP X O
, , X O
etc FW X O
Instigate NNP X B-Skill
and CC X I-Skill
assist VB X I-Skill
in IN X I-Skill
development NN X I-Skill
of IN X I-Skill
core NN X I-Skill
quality NN X I-Skill
tools NNS X I-Skill
MSA NNP X I-Skill
, , X O
PFMEA NNP X B-Skill
, , X O
and CC X O
SPC NNP X B-Skill
Investigate NNP X I-Skill
internal JJ X I-Skill
and CC X I-Skill
external JJ X I-Skill
nonconformance NN X I-Skill
, , X O
investigate VB X B-Skill
NCR NNP X I-Skill
' POS X I-Skill
s NN X I-Skill
and CC X I-Skill
customer NN X I-Skill
complaints NNS X I-Skill
Carry VBP X I-Skill
out RP X I-Skill
process NN X I-Skill
/ IN X I-Skill
internal JJ X I-Skill
audits NNS X I-Skill
/ VBP X I-Skill
Supplier NNP X I-Skill
audits NN X I-Skill
. . X O
Support VB X B-Skill

the DT X I-Skill
technical JJ X I-Skill
resolution NN X I-Skill
of IN X I-Skill
site NN X I-Skill
or CC X O
construction NN X O
EC NNP X B-Skill
and CC X I-Skill
I PRP X I-Skill
engineering NN X I-Skill
issues NNS X I-Skill
. . X O
An DT X O

excellent JJ X O
AX NNP X O
Gold NNP X O
Partner NNP X O
that WDT X O
is VBZ X O
highly RB X O
respected VBN X O
across IN X O
the DT X O
Dynamics NNS X O
industry NN X O
is VBZ X O
seeking VBG X O
an DT X O
AX NNP X B-Occupation
Solutions NNP X I-Occupation
Architect NNP X I-Occupation
to TO X O
add VB X O
instant JJ X O
highvalue NN X O
capacity NN X O
to TO X O
its PRP$ X O
elite JJ X O
projects NNS X O
team NN X O
. . X O
Our PRP$ X O

client NN X O
, , X O
a DT X O
leading VBG X O
Property NN X O
firm NN X O
, , X O
are VBP X O
looking VBG X O
for IN X O
a DT X O
Team NNP X B-Occupation
Secretary NNP X I-Occupation
to TO X O
join VB X O
their PRP$ X O
office NN X O
based VBN X O
in IN X O
the DT X O
West NNP X O
End NN X O
. . X O
College NNP X O

of IN X O
North NNP X O
West NNP X O
London NNP X O
You PRP X B-Skill
will MD X I-Skill
support VB X I-Skill
with IN X I-Skill
the DT X I-Skill
work NN X I-Skill
of IN X I-Skill
the DT X I-Skill
print NN X I-Skill
room NN X I-Skill
assisting VBG X I-Skill
the DT X I-Skill
team NN X I-Skill
to TO X I-Skill
provide VB X I-Skill
a DT X I-Skill
high JJ X I-Skill
quality NN X I-Skill
reprographics NNS X I-Skill
and CC X O
document JJ X B-Skill
production NN X I-Skill
service NN X I-Skill
and CC X O
also RB X O
assist VB X B-Skill
the DT X I-Skill
technical JJ X I-Skill
support NN X I-Skill
team NN X I-Skill
with IN X I-Skill
desktop NN X I-Skill
and CC X I-Skill
Helpdesk NNP X I-Skill
support NN X I-Skill
. . X O
My PRP$ X O

client NN X O
has VBZ X O
a DT X O
niche NN X O
offering NN X O
within IN X O
the DT X O
marketplace NN X O
a DT X O
designer NN X O
and CC X O
retailer NN X O
of IN X O
specialist NN X O
interior JJ X O
products NNS X O
including VBG X O
furniture NN X O
and CC X O
bedding NN X O
Located VBN X O
in IN X O
North NNP X O
Manchester NNP X O
**** JJ X O

Hours NNP X O
of IN X O
work NN X O
: : X O
37 CD X O
. . X O
5 CD X O
hours NNS X O
per IN X O
week NN X O
, , X O
Monday NNP X O
to TO X O
Friday NNP X O
between IN X O
8am CD X O
and CC X O
6pm CD X O
Medacs NNP X O
Healthcare NNP X O
has VBZ X O
exciting VBG X O
opportunities NNS X O
available JJ X O
for IN X O
recruitment NN X B-Occupation
consultants NNS X I-Occupation
to TO X O
join VB X O
our PRP$ X O
expanding VBG X O
teams NNS X O
based VBN X O
in IN X O
Stafford NNP X O
. . X O
You PRP X O

must MD X O
have VB X O
experience NN X O
in IN X O
selling VBG X B-Skill
panel NN X I-Skill
products NNS X I-Skill
, , X I-Skill
you PRP X O
will MD X O
be VB X O
selling VBG X O
these DT X O
to TO X O
End NN X O
Users NNS X O
in IN X O
the DT X O
Midlands NNP X O
area NN X O
. . X O
Take VB X O

your PRP$ X O
career NN X O
to TO X O
infinity NN X O
and CC X O
beyond IN X O
To TO X O
apply VB X O
for IN X O
this DT X O
position NN X O
please VB X O
send VB X O
your PRP$ X O
CV NNP X O
to TO X O
Henry NNP X O
Morgan NNP X O
at IN X O
Dawson NNP X O
Walsh NNP X O
henry NN X O
. . X O
The DT X O

ideal JJ X O
candidate NN X O
will MD X O
have VB X O
a DT X O
strong JJ X O
corporate JJ X B-Skill
hotel NN X I-Skill
background NN X I-Skill
at IN X O
Newly RB X O

Qualified VBN X O
Teacher NNP X B-Occupation
of IN X I-Occupation
English NNP X I-Occupation
required VBD X O
for IN X O
a DT X O
permanent JJ X O
post NN X O
in IN X O
a DT X O
mixed JJ X O
Estimate NNP X B-Skill

resources NNS X I-Skill
needed VBD X O
to TO X O
achieve VB X O
project NN X O
goals NNS X O
Identify NNP X B-Skill
and CC X I-Skill
manage NN X I-Skill
project NN X I-Skill
dependencies NNS X I-Skill
and CC X I-Skill
critical JJ X I-Skill
paths NNS X I-Skill
Qualifications NNP X O
Essential NNP X O
First NNP X B-Qualification
degree NN X I-Qualification
i NN X I-Qualification
. . X I-Qualification
e NN X I-Qualification
. . X I-Qualification
B NNP X I-Qualification
. . X I-Qualification
Sc NNP X I-Qualification
. . X O
**** JJ X O

Process NNP X B-Skill
all DT X I-Skill
new JJ X I-Skill
starters NNS X I-Skill
and CC X I-Skill
leavers NNS X I-Skill
in IN X O
SAGE NNP X B-Skill
50 CD X I-Skill
and CC X O
Timeware NNP X B-Skill
T NNP X I-Skill
A NNP X I-Skill
System NNP X I-Skill
15 CD X I-Skill
. . X O
The DT X O

Person NNP X O
: : X O
Basic NNP X B-Skill
knowledge NN X I-Skill
of IN X I-Skill
HVAC NNP X I-Skill
principles NNS X I-Skill
and CC X I-Skill
Building NNP X I-Skill
Controls NNP X I-Skill
beneficial NN X O
. . X O
Identify NNP X B-Skill

areas NNS X I-Skill
for IN X I-Skill
improvement NN X I-Skill
in IN X O
requirements NNS X O
and CC X O
feed VB X O
back RB X O
to TO X O
Stakeholders NNP X O
. . X O
Assistant NN X B-Occupation

Principal NNP X O
Care NNP X O
with IN X O
experience NN X B-Skill
of IN X I-Skill
senior JJ X I-Skill
management NN X I-Skill
in IN X O
the DT X O
care NN X B-Domain
sector NN X O
Location NN X O
: : X O
Essex NN X O
/ VBZ X O
Suffolk NNP X O
Salary NNP X O
: : X O
Perfect NNP X O

Placement NNP X O
UK NNP X O
Ltd NNP X O
is VBZ X O
an DT X O
employment NN X O
agency NN X O
acting VBG X O
as IN X O
such JJ X O
under IN X O
the DT X O
Employment NNP X O
Act NNP X O
Please NNP X O

note CC X O
although IN X O
we PRP X O
aim VBP X O
to TO X O
respond VB X O
to TO X O
all DT X O
of IN X O
our PRP$ X O
applicants NNS X O
, , X O
due JJ X O
to TO X O
the DT X O
high JJ X O
number NN X O
we PRP X O
receive VBP X O
we PRP X O
cannot VBP X O
always RB X O
promise VB X O
to TO X O
do VB X O
so RB X O
. . X O
This DT X O

is VBZ X O
an DT X O
excellent JJ X O
opportunity NN X O
, , X O
that WDT X O
would MD X O
suit VB X O
an DT X O
experienced JJ X B-Skill
developer NN X B-Occupation
who WP X O
is VBZ X O
ready JJ X O
to TO X O
take VB X O
the DT X O
next JJ X O
step NN X O
in IN X O
their PRP$ X O
career NN X O
. . X O
You PRP X O

will MD X O
need VB X O
to TO X O
have VB X O
the DT X O
following JJ X O
qualifications NNS X O
, , X O
training NN X O
and CC X O
experience NN X O
: : X O
NNEB NNP X B-Qualification
, , X O
CACHE NNP X B-Qualification
level NN X I-Qualification
3 CD X I-Qualification
, , X O
NVQ NNP X B-Qualification
level VBZ X I-Qualification
3 CD X I-Qualification
or CC X O
equivalent JJ X O
3 CD X B-Experience
years NNS X I-Experience
' POS X I-Experience
postqualification NN X I-Experience
experience NN X I-Experience
and CC X O
2 CD X B-Experience
years NNS X I-Experience
relevant JJ X I-Experience
supervisory JJ X I-Experience
experience NN X I-Experience
Responsible JJ X O

to TO X O
: : X O
Membership NNP X B-Occupation
Development NNP X I-Occupation
Manager NNP X I-Occupation
Hours NNP X O
of IN X O
work NN X O
: : X O
35 CD X O
hours NNS X O
per IN X O
week NN X O
, , X O
will MD X O
include VB X O
residential JJ X B-Skill
activities NNS X I-Skill
, , X O
evenings NNS X O
and CC X O
possibly RB X O
some DT X O
weekends NNS X O
Contract NN X O
: : X O
It PRP X O

is VBZ X O
anticipated VBN X O
interviews NNS X O
will MD X O
be VB X O
held VBN X O
w JJ X O
/ NNP X O
c NN X O
11 CD X O
February NNP X O
2013 CD X O
. . X O
An DT X O

HND NNP X B-Qualification
/ NNP X I-Qualification
professional JJ X I-Qualification
qualification NN X I-Qualification
at IN X I-Qualification
Level NNP X I-Qualification
4 CD X I-Qualification
and CC X O
above VB X O
in IN X O
a DT X O
related JJ X O
discipline NN X O
Evidence NN X O
of IN X O
ongoing VBG X B-Skill
professional JJ X I-Skill
updating NN X I-Skill
and CC X I-Skill
development NN X I-Skill
We PRP X O

need VBP X O
an DT X O
individual JJ X O
with IN X O
experience NN X O
of IN X O
working VBG X O
in IN X O
a DT X O
similar JJ X O
role NN X O
preferably RB X O
within IN X O
the DT X O
nuclear JJ X B-Skill
industry NN X I-Skill
. . X O
Based VBN X O

in IN X O
Bournemouth NNP X O
the DT X O
role NN X O
is VBZ X O
to TO X O
replace VB X O
the DT X O
newly RB X O
promoted VBN X O
Operations NNP X B-Occupation
Director NNP X I-Occupation
. . X O
This DT X O

innovative JJ X O
service NN X O
provider NN X O
is VBZ X O
based VBN X O
just RB X O
outside IN X O
of IN X O
London NNP X O
and CC X O
offer VBP X O
the DT X O
correct NN X O
, , X O
high JJ X O
calibre NN X O
candidate NN X O
amazing VBG X O
career NN X O
progression NN X O
, , X O
training NN X O
and CC X O
competitive JJ X O
financial JJ X O
packages NNS X O
. . X O
Eden NNP X O

Scott NNP X O
' POS X O
s JJ X O
public JJ X O
sector NN X O
client NN X O
are VBP X O
currently RB X O
recruiting VBG X O
for IN X O
an DT X O
Executive NNP X B-Skill
level NN X I-Skill
Secretary NNP X B-Occupation
, , X O
based VBN X O
in IN X O
Glasgow NNP X O
. . X O
Organizing VBG X O

the DT X O
delivery NN X B-Skill
of IN X I-Skill
content NN X I-Skill
to TO X O
territory VB X O
including VBG X O
liaising VBG X B-Skill
with IN X I-Skill
external JJ X I-Skill
vendors NNS X I-Skill
and CC X O
scheduling VBG X B-Skill
in IN X I-Skill
deliveries NNS X I-Skill
. . X O
You PRP X O

will MD X O
also RB X O
secure VB X B-Skill
financial JJ X I-Skill
information NN X I-Skill
through IN X I-Skill
the DT X I-Skill
completion NN X I-Skill
of IN X I-Skill
database NN X I-Skill
backups NNS X I-Skill
. . X O
They PRP X O

aim VBP X O
to TO X O
deliver VB X O
an DT X O
outstanding JJ X O
customer NN X B-Skill
experience NN X I-Skill
, , X O
providing VBG X O
motorists NNS X O
, , X O
businesses NNS X O
and CC X O
vehicle NN X O
manufacturers NNS X O
with IN X O
a DT X O
variety NN X O
of IN X O
automotive JJ X B-Skill
services NNS X I-Skill
including VBG X O
retail JJ X B-Skill
car NN X I-Skill
sales NNS X I-Skill
, , X O
car NN X B-Skill
servicing NN X I-Skill
, , X O
parts NNS X B-Skill
distribution NN X I-Skill
, , X O
bodywork NN X B-Skill
repair NN X I-Skill
and CC X O
a DT X O
great JJ X O
range NN X O
of IN X O
highly RB X O
competitive JJ X O
financial JJ X B-Skill
services NNS X I-Skill
. . X O
AshbyDeLa NNP X O

Zouch NNP X O
, , X O
Leicester NNP X O
, , X O
Lichfield NNP X O
, , X O
Loughborough NNP X O
, , X O
Burton NNP X O
Upon NNP X O
Trent NNP X O
, , X O
Derby NNP X O
, , X O
Nottingham NNP X O
You PRP X O

' '' X O
re NNS X O
familiar JJ X O
with IN X O
message NN X B-Skill
queues NNS X I-Skill
, , X O
relational JJ X B-Skill
databases NNS X I-Skill
, , X O
and CC X O
other JJ X B-Skill
data NN X I-Skill
stores NNS X I-Skill
. . X O
Are NNP X O

you PRP X O
a DT X O
positive JJ X B-Skill
and CC X I-Skill
honest JJS X I-Skill
person NN X I-Skill
who WP X O
is VBZ X O
good JJ X B-Skill
at IN X I-Skill
tuning VBG X I-Skill
into IN X I-Skill
other JJ X I-Skill
people NNS X I-Skill
? . X O
You PRP X O

will MD X O
need VB X O
to TO X O
decide VB X B-Skill
what WP X I-Skill
action NN X I-Skill
is VBZ X I-Skill
taken VBN X I-Skill
and CC X I-Skill
by IN X I-Skill
whom WP X I-Skill
. . X O
As RB X O

far RB X O
as IN X O
the DT X O
technical JJ X O
requirements NNS X O
is VBZ X O
concerned VBN X O
, , X O
she PRP X O
/ VBD X O
he PRP X O
must MD X O
have VB X O
excellent JJ X O
skills NNS X B-Skill
in IN X I-Skill
the DT X I-Skill
use NN X I-Skill
of IN X I-Skill
database NN X I-Skill
technologies NNS X I-Skill
SQL NNP X I-Skill
, , X O
object NN X B-Skill
oriented VBD X I-Skill
C NNP X I-Skill
, , X O
including VBG X O
multithreading NN X B-Skill
, , X O
messaging NN X B-Skill
, , X O
in IN X O
depth NN X B-Skill
WPF NNP X I-Skill
and CC X I-Skill
WCF NNP X I-Skill
. . X O
In IN X O

addition NN X O
, , X O
successful JJ X O
candidates NNS X O
will MD X O
have VB X O
: : X O
SMSTS NNP X B-Qualification
First NNP X I-Qualification
Aid NNP X I-Qualification
The DT X O

analyst NN X O
will MD X O
have VB X O
the DT X O
opportunity NN X O
to TO X O
utilise VB X O
their PRP$ X O
experience NN X B-Experience
in IN X I-Experience
SAS NNP X I-Experience
or CC X I-Experience
SQL NNP X I-Experience
to TO X O
provide VB X B-Skill
customer NN X I-Skill
insight NN X I-Skill
analysis NN X I-Skill
for IN X I-Skill
campaign NN X I-Skill
results NNS X I-Skill
. . X O
A DT X O

fantastic JJ X O
opportunity NN X O
is VBZ X O
available JJ X O
in IN X O
Qatar NNP X O
for IN X O
a DT X B-Skill
talented JJ X I-Skill
and CC X O
ambitious JJ X B-Skill
English NNP X B-Occupation
Teacher NNP X I-Occupation
who WP X O
wishes VBZ X O
to TO X O
gain VB X O
international JJ X O
experience NN X O
at IN X O
a DT X O
school NN X O
which WDT X O
has VBZ X O
excellent NN X O
facilities NNS X O
and CC X O
expects VBZ X O
high JJ X O
standards NNS X O
of IN X O
teaching NN X B-Domain
. . X O
CMS NNP X O

A NNP X O
groundbreaking NN X O
opportunity NN X O
has VBZ X O
arisen VBN X O
for IN X O
a DT X O
senior JJ X B-Occupation
ASP NNP X I-Occupation
. . X I-Occupation
NET NNP X I-Occupation
developer NN X I-Occupation
to TO X O
work VB X O
for IN X O
one CD X O
of IN X O
the DT X O
fastest JJS X O
growing VBG X O
digital JJ X B-Domain
agencies NNS X O
in IN X O
the DT X O
world NN X O
. . X O
Experience NN X B-Skill

is VBZ X O
essential JJ X O
and CC X O
you PRP X O
will MD X O
have VB X O
ideally RB X O
worked VBN X O
within IN X O
the DT X O
medical JJ X B-Domain
, , X O
pharmaceutical JJ X B-Domain
or CC X O
food NN X B-Domain
processing NN X I-Domain
industry NN X O
before IN X O
. . X O
Take VB X O

responsibility NN X O
for IN X O
own JJ X O
personal JJ X O
development NN X O
through IN X O
the DT X O
performance NN X B-Skill
and CC X I-Skill
development NN X I-Skill
reviews NNS X I-Skill
and CC X O
attending VBG X B-Skill
all DT X I-Skill
relevant JJ X I-Skill
training NN X I-Skill
. . X O
The DT X O

Integration NNP X B-Occupation
Specialist NNP X I-Occupation
will MD X O
have VB X O
previous JJ X O
experience NN X O
in IN X O
service NN X O
oriented VBN X O
architecture NN X O
SOA NNP X B-Skill
, , X O
Apache NNP X B-Skill
Camel NNP X I-Skill
, , X O
CXF NNP X B-Skill
and CC X O
either RB X O
ServiceMix NNP X B-Skill
or CC X O
FuseESB NNP X B-Skill
. . X O
In IN X O

addition NN X O
the DT X O
candidate NN X O
would MD X O
also RB X O
ideally RB X O
have VBP X O
the DT X O
following JJ X O
additional JJ X O
technical JJ X O
skills NNS X O
: : X O
Hochiki NNP X B-Skill

HRE NNP X I-Skill
and CC X I-Skill
ESP NNP X I-Skill
, , X O
Apollo NNP X B-Skill
Fire NNP X I-Skill
alarm NN X I-Skill
sounder NN X I-Skill
systems NNS X I-Skill
Intruder NNP X I-Skill
Alarm NNP X I-Skill
maintenance NN X I-Skill
CCTV NNP X I-Skill
maintenance NN X I-Skill
Dedicated NNP X I-Skill
Micro NNP X I-Skill
, , X O
Interlex NNP X B-Skill
, , X O
Tecton NNP X B-Skill
, , X O
Pelco NNP X B-Skill
Access NNP X I-Skill
Control NNP X I-Skill
and CC X I-Skill
door NN X I-Skill
system NN X I-Skill
, , X O
AFX NNP X B-Skill
Chubb NNP X I-Skill
, , X O
Cardax NNP X B-Skill
, , X O
PAC NNP X B-Skill
etc NN X O
A DT X B-Occupation

senior JJ X I-Occupation
new JJ X I-Occupation
business NN X I-Occupation
development NN X I-Occupation
role NN X O
involving VBG X O
initiating VBG X B-Skill
relationships NNS X I-Skill
with IN X I-Skill
senior JJ X I-Skill
level NN X I-Skill
decision NN X I-Skill
makers NNS X I-Skill
for IN X O
example NN X O
Fleet NN X O
Managers NNP X O
up RB X O
to TO X O
Board NNP X O
level NN X O
To TO X O

be VB X O
suitable JJ X O
for IN X O
this DT X O
role NN X O
you PRP X O
must MD X O
hold VB X O
a DT X O
recognised JJ X B-Qualification
teaching NN X I-Qualification
qualification NN X I-Qualification
and CC X O
have VBP X O
recent JJ X B-Skill
experience NN X I-Skill
delivering VBG X I-Skill
Physics NNS X I-Skill
at IN X I-Skill
GCSE NNP X I-Skill
level NN X I-Skill
. . X O
This DT X O

Job NNP X O
description NN X O
is VBZ X O
not RB X O
exhaustive JJ X O
and CC X O
the DT X O
job NN X O
holder NN X O
may MD X O
be VB X O
asked VBN X O
to TO X O
undertake VB X B-Skill
other JJ X I-Skill
tasks NNS X I-Skill
from IN X I-Skill
time NN X I-Skill
to TO X I-Skill
time NN X I-Skill
of IN X O
which WDT X O
of IN X O
the DT X O
Company NNP X O
deems VBZ X O
as IN X O
necessary JJ X O
. . X O
Because IN X O

of IN X O
the DT X O
quality NN X O
of IN X O
the DT X O
firm NN X O
, , X O
you PRP X O
will MD X O
need VB X O
to TO X O
have VB X O
good JJ X O
academics NNS X O
and CC X O
a DT X O
minimum NN X O
of IN X O
four CD X O
years NNS X O
upwards NNS X O
of IN X O
good JJ X O
quality NN X O
PQE NNP X O
, , X O
gained VBD X O
at IN X O
a DT X O
respected JJ X O
national JJ X O
or CC X O
regional JJ X O
firm NN X O
. . X O
NHS NNP X O

Lothian NNP X O
is VBZ X O
responsible JJ X O
for IN X O
meeting VBG X B-Skill
the DT X I-Skill
health NN X I-Skill
needs NNS X I-Skill
of IN X O
approximately RB X O
You PRP X O

will MD X O
be VB X O
an DT X O
exceptional JJ X O
communicator NN X B-Skill
with IN X O
a DT X O
positive JJ X B-Skill
outlook NN X I-Skill
and CC X O
a DT X O
pragmatic JJ X B-Skill
approach NN X I-Skill
to TO X I-Skill
work VB X I-Skill
. . X O
This DT X O

is VBZ X O
a DT X O
market NN X B-Domain
facing VBG X O
role NN X O
which WDT X O
requires VBZ X O
the DT X O
leader NN X O
to TO X O
build VB X B-Skill
external JJ X I-Skill
links NNS X I-Skill
with IN X O
Motor NNP X B-Occupation
Manufacturers NNP X I-Occupation
, , X O
Service NNP X B-Occupation
Providers NNP X I-Occupation
and CC X O
insurance NN X B-Occupation
intermediaries NNS X I-Occupation
. . X O
We PRP X O

are VBP X O
seeking VBG X O
a DT X O
highly RB X O
skilled VBN X O
developer NN X B-Skill
to TO X O
help VB X O
us PRP X O
maintain VB X B-Skill
and CC X I-Skill
develop VB X I-Skill
a DT X I-Skill
wide JJ X I-Skill
range NN X I-Skill
of IN X I-Skill
SharePoint NNP X I-Skill
hosted VBD X I-Skill
services NNS X I-Skill
including VBG X O
selfservice JJ X B-Skill
team NN X I-Skill
sites NNS X I-Skill
, , X O
extranet NN X B-Skill
, , X O
workflow NN X B-Skill
, , X O
intranet NN X B-Skill
and CC X O
internet NN X B-Skill
services NNS X I-Skill
. . X O
You PRP X O

will MD X O
benefit VB X O
from IN X O
excellent JJ X O
training NN X O
and CC X O
development NN X O
programmes NNS X O
and CC X O
a DT X O
future NN X O
within IN X O
a DT X O
growing VBG X O
market NN X O
leader NN X O
. . X O
As IN X O

a DT X O
live NN X O
in IN X O
care NN X B-Occupation
worker NN X I-Occupation
we PRP X O
will MD X O
provide VB X O
you PRP X O
with IN X O
full JJ X O
training NN X O
to TO X O
work VB X O
with IN X O
our PRP$ X O
clients NNS X O
and CC X O
you PRP X O
will MD X O
earn VB X O
holiday JJ X O
pay NN X O
from IN X O
the DT X O
start NN X O
, , X O
get VBP X O
flexible JJ X O
working NN X O
patterns NNS X O
and CC X O
the DT X O
opportunity NN X O
to TO X O
study VB X O
towards NNS X O
a DT X O
diploma NN X O
level NN X O
2 CD X O
and CC X O
hours NNS X O

week NN X O
, , X O
with IN X O
the DT X O
opportunity NN X O
to TO X O
increase VB X O
to TO X O
up RB X O
to TO X O
You PRP X O

must MD X O
be VB X O
IT NNP X B-Qualification
literate NNP X I-Qualification
, , X O
hard JJ X B-Skill
working NN X I-Skill
, , X O
flexible JJ X B-Skill
and CC X I-Skill
conscientious JJ X I-Skill
, , X I-Skill
able JJ X I-Skill
to TO X I-Skill
pay VB X I-Skill
great JJ X I-Skill
attention NN X I-Skill
to TO X O
detail NN X O
. . X O
My PRP$ X O

client NN X O
, , X O
a DT X O
market NN X O
leading VBG X O
rapidly RB X O
growing VBG X O
international JJ X O
organisation NN X O
in IN X O
the DT X O
technology NN X B-Domain
industry NN X O
sector NN X O
, , X O
is VBZ X O
seeking VBG X O
an DT X O
individual NN X O
to TO X O
assist VB X O
the DT X O
finance NN X O
business NN X O
partner NN X O
in IN X O
analysing VBG X B-Skill
revenue NN X I-Skill
streams NNS X I-Skill
, , X O
managing VBG X B-Skill
the DT X I-Skill
bid NN X I-Skill
process NN X I-Skill
and CC X O
investigating VBG X B-Skill
reporting VBG X I-Skill
trends NNS X I-Skill
and CC X I-Skill
issues NNS X I-Skill
across IN X I-Skill
the DT X I-Skill
group NN X I-Skill
. . X O
The DT X O

successful JJ X O
applicant NN X O
will MD X O
be VB X O
able JJ X O
to TO X O
demonstrate VB X O
strong JJ X B-Skill
hands NNS X I-Skill
on IN X I-Skill
development NN X I-Skill
skills NNS X O
ideally RB X O
in IN X O
a DT X O
high JJ X O
volume NN X O
ECommerce NNP X B-Domain
environment NN X O
using VBG X O
C NNP X B-Skill
/ NNP X O
ASP NNP X B-Skill
. . X I-Skill
NET NN X I-Skill
. . X O
View NNP X O

our PRP$ X O
latest JJS X O
jobs NNS X O
today NN X O
at IN X O
www NN X O
. . X O
jamrecruitment NN X O
. . X O
co NN X O
. . X O
uk NN X O
and CC X O
follow VB X O
us PRP X O
on IN X O
Facebook NNP X O
, , X O
Twitter NNP X O
LinkedIn NNP X O
JAM NNP X O
Recruitment NNP X O
is VBZ X O
acting VBG X O
as IN X O
an DT X O
employment NN X O
agency NN X O
with IN X O
regards NNS X O
to TO X O
this DT X O
position NN X O
. . X O
Thurs $ X O

68am CD X O
and CC X O
Sat NNP X O
69am CD X O
Benefits NNP X O
include VBP X O
uniform JJ X O
, , X O
opportunities NNS X O
for IN X O
progression NN X O
, , X O
and CC X O
a DT X O
high JJ X O
street NN X O
discoun NNS X O
t JJ X O
scheme NN X O
. . X O
My PRP$ X O

client NN X O
one CD X O
of IN X O
the DT X O
best JJS X O
UX NN X B-Domain
and CC X O
Research NNP X B-Domain
agencies NNS X O
in IN X O
the DT X O
capital NN X O
are VBP X O
looking VBG X O
to TO X O
flesh VB X O
out RP X O
their PRP$ X O
team NN X O
of IN X O
consultants NNS X B-Occupation
with IN X O
some DT X O
new JJ X O
talent NN X B-Skill
. . X O
You PRP X O

MUST VBP X O
have VB X O
the DT X O
following JJ X O
skills NNS X O
and CC X O
experience NN X O
; : X O
Automotive NNP X B-Skill
electrical JJ X I-Skill
/ NN X I-Skill
electronics NNS X I-Skill
experience NN X O
Preferably RB X O

educated VBN X O
to TO X O
Degree NNP X B-Qualification
standard NN X O
in IN X O
Software NNP X B-Qualification
or CC X O
Electronics NNP X B-Qualification
Engineering NNP X I-Qualification
with IN X O
at IN X O
least JJS X O
two CD X B-Experience
years NNS X I-Experience
industry NN X I-Experience
experience NN X B-Skill
in IN X I-Skill
software NN X I-Skill
engineering NN X I-Skill
. . X I-Skill
Making VBG X B-Skill

appropriate JJ X I-Skill
and CC X I-Skill
innovative JJ X I-Skill
recommendations NNS X I-Skill
to TO X O
drive VB X O
the DT X O
business NN X O
forward RB X O
through IN X O
knowledge NN X B-Skill
of IN X I-Skill
local JJ X I-Skill
marketing NN X I-Skill
conditions NNS X I-Skill
, , X I-Skill
web NN X I-Skill
analysis NN X I-Skill
and CC X I-Skill
competitor NN X I-Skill
activity NN X I-Skill
. . X O
You PRP X O

will MD X O
play VB X O
an DT X O
active JJ X B-Skill
role NN X I-Skill
in IN X I-Skill
weekly JJ X I-Skill
team NN X I-Skill
meetings NNS X I-Skill
and CC X O
training VBG X B-Skill
associate JJ X I-Skill
team NN X I-Skill
members NNS X I-Skill
. . X O
Capita NNP X O

Resourcing VBG X O
Ltd NNP X O
. . X O
Services NNS X O
offered VBN X O
are VBP X O
those DT X O
of IN X O
an DT X O
Employment NNP X O
Agency NNP X O
and CC X O
Employment NNP X O
Business NNP X O
. . X O
We PRP X O

are VBP X O
recruiting VBG X O
for IN X O
a DT X O
Home NNP X B-Occupation
Manager NNP X I-Occupation
with IN X O
a DT X O
background NN X O
in IN X O
Nursing NN X B-Skill
to TO X O
take VB X O
over RP X O
a DT X O
58 CD X O
bedded VBD X O
home NN X O
in IN X O
Kettering NNP X O
, , X O
Northamptonshire NNP X O
local JJ X O
commuting VBG X O
distance NN X O
from IN X O
Leicester NNP X O
, , X O
Bedford NNP X O
, , X O
Northampton NNP X O
NMC NNP X O
Registered NNP X O
Background NNP X O
in IN X O
managing VBG X B-Skill
nursing NN X I-Skill
homes NNS X I-Skill
Strong NNP X O
management NN X B-Skill
personality NN X O
For IN X O
more JJR X O
information NN X O
please NN X O
call NN X O
Sean NNP X O
on IN X O
The DT X O

Commercial NNP X B-Occupation
Manager NNP X I-Occupation
s JJ X O
responsibility NN X O
will MD X O
cover VB X O
, , X O
Commercial NNP X B-Domain
strategy NN X I-Domain
, , X O
Supplier NNP X B-Domain
outsourcing VBG X I-Domain
and CC X O
management NN X B-Domain
and CC X O
Production NNP X B-Domain
liaison NN X I-Domain
, , X O
as IN X O
this DT X O
role NN X O
sits VBZ X O
at IN X O
the DT X O
very RB X O
centre NN X O
of IN X O
the DT X O
Business NNP X B-Domain
, , X O
working VBG X O
closely RB X O
with IN X O
the DT X O
Director NNP X B-Occupation
and CC X O
taking VBG X O
full JJ X O
responsibility NN X O
for IN X O
all DT X O
internal JJ X B-Skill
operational JJ X I-Skill
effectiveness NN X I-Skill
productivity NN X I-Skill
. . X O
Offering VBG X O

personal JJ X O
development NN X O
and CC X O
with IN X O
career NN X O
progression NN X O
this DT X O
a DT X O
great JJ X O
opportunity NN X O
to TO X O
broaden VB X O
experience NN X O
in IN X O
a DT X O
specialised JJ X O
area NN X O
of IN X O
building NN X B-Domain
services NNS X I-Domain
. . X O
The DT X O

Company NN X O
: : X O
Hamptons NNP X O
International NNP X O
premises VBZ X O
department NN X O
are VBP X O
part NN X O
of IN X O
the DT X O
Countrywide NNP X O
Group NNP X O
, , X O
which WDT X O
comprises VBZ X O
of IN X O
over IN X O
We PRP X O

are VBP X O
working VBG X O
with IN X O
one CD X O
of IN X O
our PRP$ X O
largest JJS X O
national JJ X O
client NN X O
that WDT X O
is VBZ X O
recruiting VBG X O
for IN X O
a DT X O
permanent JJ X O
Regional NNP X O
HR NNP X B-Occupation
Advisor NNP X I-Occupation
who WP X O
will MD X O
cover VB X B-Skill
a DT X I-Skill
patch NN X I-Skill
from IN X I-Skill
Kent NNP X I-Skill
to TO X I-Skill
Portsmouth NNP X I-Skill
and CC X O
be VB X O
provided VBN X O
with IN X O
a DT X O
company NN X O
car NN X O
on IN X O
top NN X O
of IN X O
basic JJ X O
salary NN X O
for IN X O
this DT X O
. . X O
Essex NNP X O

County NNP X O
Council NNP X O
is VBZ X O
committed VBN X O
to TO X O
safeguarding VBG X B-Skill
and CC X O
promoting VBG X B-Skill
the DT X I-Skill
welfare NN X I-Skill
of IN X I-Skill
children NNS X I-Skill
and CC X I-Skill
vulnerable JJ X I-Skill
adults NNS X I-Skill
, , X O
and CC X O
expects VBZ X O
all DT X O
employees NNS X O
and CC X O
volunteers NNS X O
to TO X O
share NN X O
this DT X O
commitment NN X O
. . X O
their PRP$ X O

management NN X O
is VBZ X O
desirable JJ X O
training NN X O
can MD X O
be VB X O
provided VBN X O
Good JJ X O
IT NNP X B-Skill
skills VBZ X I-Skill
including VBG X O
Word NNP X B-Skill
, , X O
Excel NNP X B-Skill
, , X O
Power NNP X B-Skill
Point NNP X I-Skill
and CC X O
email VB X B-Skill
Experience NN X O

achieving NN X B-Skill
and CC X I-Skill
delivering NN X I-Skill
set VBN X I-Skill
goals NNS X I-Skill
and CC X I-Skill
targets NNS X I-Skill
. . X I-Skill
A DT X O

workforce NN X O
of IN X O
approx JJ X O
1000 CD X O
Must NNP X O
have VBP X O
previously RB X O
worked VBN X B-Skill
within IN X I-Skill
a DT X I-Skill
unionised JJ X I-Skill
environment NN X I-Skill
. . X O
We PRP X O

are VBP X O
holding VBG X O
an DT X O
Open JJ X O
Event NN X O
at IN X O
the DT X O
school NN X O
for IN X O
prospective JJ X O
candidates NNS X O
on IN X O
Thursday NNP X O
17th CD X O
January NNP X O
at IN X O
10am CD X O
until IN X O
Southampton NNP X O

and CC X O
the DT X O
surrounding VBG X O
areas NNS X O
including VBG X O
Bournemouth NNP X O
, , X O
Portsmouth NNP X O
, , X O
Dorset NNP X O
, , X O
Brighton NNP X O
and CC X O
Salisbury NNP X O
Obtaining VBG X B-Skill

updates NNS X I-Skill
on IN X I-Skill
tenants NNS X I-Skill
housing NN X I-Skill
benefits NNS X I-Skill
claims NNS X I-Skill
from IN X I-Skill
LCC NNP X I-Skill
Ability NN X B-Skill

to TO X I-Skill
work VB X I-Skill
to TO X I-Skill
tight VB X I-Skill
deadlines NNS X I-Skill
If IN X O
you PRP X O
are VBP X O
interested JJ X O
in IN X O
this DT X O
opportunity NN X O
and CC X O
would MD X O
like VB X O
more JJR X O
information NN X O
please NN X O
call NN X O
Kirsten NNP X O
Dellis NNP X O
on IN X O
Experience NN X B-Skill

on IN X I-Skill
parts NNS X I-Skill
for IN X I-Skill
capital NN X I-Skill
equipment NN X I-Skill
would MD X O
be VB X O
an DT X O
advantageouther NN X O
To TO X O
apply VB X O
for IN X O
this DT X O
role NN X O
, , X O
please VB X O
forward RB X O
your PRP$ X O
CV NNP X O
gary NN X O
. . X O
rogersrhrecruiting VBG X O
. . X O
com NN X O
quoting VBG X O
reference NN X O
number NN X O
RLQ NNP X O
Its PRP$ X O

remit NN X O
is VBZ X O
to TO X O
complement VB X O
BioPharma NNP X B-Skill
activities NNS X O
by IN X O
tackling VBG X O
both DT X O
neglected JJ X B-Skill
diseases NNS X I-Skill
trypanosomiasis NN X I-Skill
, , X O
leishmaniasis NN X B-Skill
and CC X O
malaria NN X B-Skill
and CC X O
early JJ X O
stage NN X O
small JJ X B-Skill
molecule JJ X I-Skill
validation NN X I-Skill
of IN X I-Skill
novel JJ X I-Skill
targets NNS X I-Skill
mechanisms VBP X I-Skill
across IN X O
a DT X O
range NN X O
of IN X O
potential JJ X O
therapeutics NNS X B-Skill
areas NNS X O
. . X O
Reporting VBG X O

to TO X O
the DT X O
Engineering NNP X B-Occupation
Manager NNP X I-Occupation
, , X O
the DT X O
Stress NNP X B-Occupation
Engineer NNP X I-Occupation
is VBZ X O
responsible JJ X O
for IN X O
conducting VBG X B-Skill
detailed JJ X I-Skill
design NN X I-Skill
review NN X I-Skill
and CC X I-Skill
stress NN X I-Skill
analyses NNS X I-Skill
of IN X I-Skill
structural JJ X I-Skill
, , X O
piping VBG X O
vessel NN X O
design NN X O
for IN X O
the DT X O
company NN X O
' POS X O
s JJ X O
range NN X O
of IN X O
products NNS X O
. . X O
CESMM NNP X B-Skill

, , X O
/ NNP X O
Team NNP X B-Skill
Plan NNP X I-Skill
, , X O
HND NNP X B-Qualification
/ NNP X I-Qualification
Degree NNP X I-Qualification
in IN X I-Qualification
Civil NNP X I-Qualification
Engineering NNP X I-Qualification
or CC X O
relevant JJ X O
experience NN X B-Skill
gained VBN X O
from IN X O
carrying VBG X O
out RP X O
a DT X O
similar JJ X O
role NN X O
, , X O
Strong NNP X O
Civils NNP X B-Skill
background NN X O
with IN X O
good JJ X O
experience NN X O
in IN X O
major JJ X B-Skill
highways NNS X I-Skill
new JJ X I-Skill
build NN X I-Skill
and CC X O
reconstruction NN X B-Skill
Proficient NNP X O
in IN X O
P NNP X B-Skill
**** NNP X I-Skill
Planning NNP X I-Skill
Software NNP X I-Skill
Duties NNP X O
Responsibilities NNP X O
Production NNP X B-Skill
of IN X I-Skill
tender NN X I-Skill
and CC X I-Skill
contract NN X I-Skill
programme JJ X I-Skill
Production NNP X I-Skill
of IN X I-Skill
planning VBG X I-Skill
file NN X I-Skill
, , X I-Skill
notes NNS X I-Skill
and CC X I-Skill
worksheets NNS X I-Skill
Production NNP X O
of IN X O
quality NN X O
Benefits NNS X O

include VBP X O
: : X O
Competitive JJ X O
rates NNS X O
of IN X O
pay NN X O
Access NNP X O
to TO X O
a DT X O
structured JJ X O
career NN X O
development NN X O
path NN X O
and CC X O
award NN X O
winning VBG X O
training NN X O
via IN X O
the DT X O
Barchester NNP X O
Business NNP X O
School NNP X O
which WDT X O
offer VBP X O
a DT X O
range NN X O
of IN X O
training NN X O
from IN X O
NVQs NNP X O
to TO X O
Masters NNP X O
Degrees NNP X O
Generous NNP X O
Annual NNP X O
Leave NNP X O
Allowance NNP X O
Employer NNP X O
contribution NN X O
to TO X O
a DT X O
Stakeholder NNP X O
pension NN X O
plan NN X O
Access NNP X O
to TO X O
Barchester NNP X O
' POS X O
s NN X O
Shopping NNP X O
Club NNP X O
for IN X O
hundreds NNS X O
of IN X O
savings NNS X O
from IN X O
retail JJ X O
outlets NNS X O
As IN X O

General NNP X B-Occupation
Manager NNP X I-Occupation
you PRP X O
will MD X O
be VB X O
responsible JJ X O
for IN X O
running VBG X O
one CD X O
of IN X O
the DT X O
strongest JJS X O
wellknown JJ X O
brands NNS X O
on IN X O
the DT X O
high JJ X O
street NN X O
. . X O
Locum NNP X O

and CC X O
permanent JJ X O
vacancies NNS X O
throughout IN X O
the DT X O
UK NNP X O
Tell NNP X O
us PRP X O
where WRB X O
you PRP X O
want VBP X O
to TO X O
work VB X O
Freephone CD X O
: : X O
Due JJ X O

to TO X O
recent JJ X O
contract NN X O
wins NNS X O
, , X O
they PRP X O
are VBP X O
looking VBG X O
to TO X O
appoint VB X O
a DT X O
Mechanically NNP X B-Occupation
Bias NNP X I-Occupation
Project NNP X I-Occupation
Manager NNP X I-Occupation
to TO X O
oversee VB X O
a DT X O
series NN X O
of IN X O
projects NNS X O
on IN X O
a DT X O
key JJ X O
contract NN X O
in IN X O
the DT X O
North NNP X O
of IN X O
England NNP X O
. . X O
Position NN X O

Principal NNP X B-Occupation
Developer NNP X I-Occupation
Business NNP X B-Skill
Intelligence NNP X I-Skill
, , X O
SSIS NNP X B-Skill
, , X O
TSQL NNP X B-Skill
, , X O
SSRS NNP X B-Skill
Cambridge NNP X O
Excellent NNP X O
Benefits NNP X O
Location NNP X O
Cambridge NNP X O
Salary NNP X O
for IN X O
Principle NNP X O
Developer NNP X O
Business NNP X O
Intelligence NNP X O
, , X O
SSIS NNP X O
, , X O
TSQL NNP X O
, , X O
A DT X O

leading JJ X O
manufacturer NN X B-Occupation
currently RB X O
requires VBZ X O
the DT X O
services NNS X O
of IN X O
an DT X O
experienced JJ X B-Skill
Counter NNP X B-Occupation
Balance NNP X I-Occupation
Forklift NNP X I-Occupation
Driver NNP X I-Occupation
to TO X O
work VB X O
on IN X O
an DT X O
initial JJ X O
3 CD X O
month NN X O
contract NN X O
basis NN X O
. . X O
**** FW X O

per IN X O
hour NN X O
Night NNP X B-Occupation
Nurse NNP X I-Occupation
required VBD X O
for IN X O
nursing NN X O
home NN X O
in IN X O
Darlington NNP X O
, , X O
County NNP X O
Durham NNP X O
working VBG X O
within IN X O
this DT X O
60 CD X O
bedded VBD X O
Nursing NNP X O
Home NNP X O
offering NN X B-Skill
nursing NN X I-Skill
solutions NNS X I-Skill
for IN X I-Skill
a DT X I-Skill
number NN X I-Skill
of IN X I-Skill
care NN X I-Skill
needs NNS X I-Skill
, , X I-Skill
including VBG X I-Skill
dementia NN X I-Skill
care NN X I-Skill
for IN X I-Skill
physically RB X I-Skill
disabled JJ X I-Skill
residents NNS X I-Skill
Wireframing VBG X B-Skill

/ JJ X I-Skill
UX NNP X I-Skill
knowledge NN X O
Flash NNP X B-Skill
proficiency NN X O
basic JJ X O
tweening VBG X B-Skill
engine NN X I-Skill
/ NNP X I-Skill
sequencing VBG X I-Skill
knowledge NN X O
, , X O
AS IN X O
****/ NN X O
We PRP X O

are VBP X O
currently RB X O
recruiting VBG X O
for IN X O
young JJ X B-Skill
and CC X O
determined JJ X B-Skill
Land NNP X B-Occupation
Managers NNP X I-Occupation
/ NNP X I-Occupation
Senior NNP X I-Occupation
Land NNP X O
Managers NNP X O
to TO X O
work VB X O
for IN X O
a DT X O
high JJ X O
profile NN X O
residential JJ X B-Skill
developer NN X I-Skill
to TO X O
strengthen VB X O
their PRP$ X O
land NN X O
team NN X O
throughout IN X O
the DT X O
Hampshire NNP X O
region NN X O
. . X O
A DT X O

busy JJ X O
and CC X O
respected VBD X O
Pharmaceutical NNP X O
company NN X O
is VBZ X O
looking VBG X O
for IN X O
a DT X O
SAS NNP X B-Occupation
Programmer NNP X I-Occupation
to TO X O
work VB X O
in IN X O
their PRP$ X O
UK NNP X O
office NN X O
in IN X O
the DT X O
London NNP X O
area NN X O
. . X O
Promotions NNS X O

ensuring VBG X B-Skill
the DT X I-Skill
right JJ X I-Skill
promotional JJ X I-Skill
mix NN X I-Skill
for IN X I-Skill
the DT X I-Skill
brand NN X I-Skill
to TO X I-Skill
maximise VB X I-Skill
commercial JJ X I-Skill
results NNS X I-Skill
. . X O
You PRP X O

, , X O
as IN X O
a DT X O
Field NNP X B-Occupation
Sales NNS X I-Occupation
Executive NNP X I-Occupation
, , X O
Kitchen NNP X B-Occupation
Designer NNP X I-Occupation
or CC X O
Area NNP X B-Occupation
Sales NNS X I-Occupation
Agent NNP X I-Occupation
for IN X O
Everest NNP X O
, , X O
will MD X O
have VB X B-Skill
the DT X I-Skill
utmost JJ X I-Skill
confidence NN X I-Skill
in IN X I-Skill
our PRP$ X I-Skill
products NNS X I-Skill
, , X I-Skill
and CC X I-Skill
service NN X I-Skill
. . X O
An DT X O

interest NN X O
in IN X O
the DT X O
financial JJ X B-Domain
markets NNS X I-Domain
is VBZ X O
useful JJ X O
as IN X O
knowledge NN X O
within IN X O
the DT X O
sector NN X O
will MD X O
enable VB X O
you PRP X O
to TO X O
build VB X B-Skill
stronger JJR X I-Skill
relationships NNS X I-Skill
with IN X I-Skill
your PRP$ X I-Skill
clients NNS X I-Skill
. . X O
Furthermore RB X O

, , X O
given VBN X O
the DT X O
academic JJ X O
achievements NNS X O
of IN X O
the DT X O
incumbent JJ X O
staff NN X O
it PRP X O
is VBZ X O
likely JJ X O
you PRP X O
hold VBP X O
an DT X O
M NNP X B-Qualification
. . X I-Qualification
Sc NNP X I-Qualification
or CC X I-Qualification
higher JJR X I-Qualification
in IN X I-Qualification
a DT X I-Qualification
relative JJ X I-Qualification
subject NN X O
but CC X O
B NNP X B-Skill
. . X I-Skill
Eng NNP X I-Skill
applicants NNS X O
will MD X O
be VB X O
considered VBN X O
. . X O
Feel NNP X O

free JJ X O
to TO X O
call VB X O
me PRP X O
directly RB X O
on IN X O
: : X O
Lucy NNP X O
Heron NNP X O
Senior NNP X O
Consultant NNP X O
Niyaa JJ X O

People NNP X O
represent NN X O
Building NNP X O
Services NNPS X O
professionals NNS X O
seeking VBG X O
freelance NN X O
or CC X O
permanent JJ X O
employment NN X O
across IN X O
the DT X O
Midlands NNPS X O
region NN X O
from IN X O
our PRP$ X O
Birmingham NNP X O
office NN X O
. . X O
The DT X O

position NN X O
is VBZ X O
also RB X O
based VBN X O
on IN X O
a DT X O
performance NN X O
related JJ X O
package NN X O
however RB X O
full JJ X O
training NN X O
is VBZ X O
provided VBN X O
Experience NN X O
in IN X O
the DT X O
following JJ X O
areas NNS X O
would MD X O
be VB X O
advantageous JJ X O
but CC X O
NOT NNP X O
necessary JJ X O
: : X O
Customer NNP X B-Skill
Service NNP X I-Skill
, , X O
Sales NNS X B-Skill
, , X O
Marketing NN X B-Skill
, , X O
Customer NNP X B-Skill
Service NNP X I-Skill
/ NNP X I-Skill
Retail NNP X I-Skill
Management NNP X I-Skill
. . X O
This DT X O

is VBZ X O
a DT X O
fantastic JJ X O
opportunity NN X O
for IN X O
an DT X O
enthusiastic JJ X B-Skill
and CC X I-Skill
ambitious JJ X I-Skill
QA NNP X B-Occupation
Manager NNP X I-Occupation
to TO X O
join VB X O
a DT X O
highly RB X O
successful JJ X O
and CC X O
aspiring JJ X O
company NN X O
, , X O
with IN X O
visions NNS X O
towards NNS X O
both DT X O
new JJ X O
technology NN X O
and CC X O
quality NN X O
service NN X O
. . X O
**** NN X O

theatres NNS X O
and CC X O
is VBZ X O
very RB X O
busy JJ X O
, , X O
specialities NNS X O
include VBP X O
; : X O
general JJ X B-Skill
surgery NN X I-Skill
, , X O
orthopaedics NNS X B-Skill
, , X O
gynae NN X B-Skill
, , X I-Skill
urology JJ X I-Skill
spinal NN X I-Skill
, , X O
ENT NNP X B-Skill
etc NN X O
Casual JJ X O

mainly RB X O
evenings NNS X O
Holiday NNP X O
Inn NNP X O
Express NNP X O
and CC X O
Frankie NNP X O
s NN X O
opened VBD X O
its PRP$ X O
doors NNS X O
in IN X O
March NNP X O
2012 CD X O
, , X O
with IN X O
As IN X O

an DT X O
Optometrist NN X B-Occupation
will MD X O
also RB X O
participate VB X B-Skill
in IN X I-Skill
all DT X I-Skill
available JJ X I-Skill
training NN X I-Skill
programs NNS X I-Skill
and CC X I-Skill
seminars NNS X I-Skill
organised VBD X I-Skill
. . X O
Assist VB X B-Skill

your PRP$ X I-Skill
work NN X I-Skill
department NN X I-Skill
with IN X O
the DT X O
achievement NN X O
of IN X O
its PRP$ X O
Skills NNP X O
Development NNP X O
Scotland NNP X O
targets NNS X O
. . X O
**** JJ X O

Experience NNP X B-Skill
of IN X I-Skill
working VBG X I-Skill
in IN X I-Skill
a DT X I-Skill
multicultural JJ X I-Skill
nursery NN X I-Skill
Working VBG X I-Skill
with IN X I-Skill
children NNS X I-Skill
with IN X I-Skill
special JJ X I-Skill
needs NNS X I-Skill
Evidence NN X I-Skill
of IN X I-Skill
antidiscriminatory JJ X I-Skill
practise NN X I-Skill
Experience NN X O
of IN X O
record NN X O
keeping VBG X O
Working NNP X B-Skill
in IN X I-Skill
partnership NN X I-Skill
with IN X I-Skill
parents NNS X I-Skill
Working VBG X I-Skill
with IN X I-Skill
other JJ X I-Skill
professionals NNS X I-Skill
Able JJ X O

to TO X O
question VB X B-Skill
, , X O
constructively RB X B-Skill
challenge NN X I-Skill
and CC X O
look NN X O
for IN X O
creative JJ X B-Skill
ways NNS X I-Skill
to TO X I-Skill
deliver VB X I-Skill
against IN X I-Skill
manufacturing VBG X I-Skill
feasibility NN X I-Skill
issues NNS X I-Skill
. . X O
MedicsPro NNP X O

are VBP X O
acting VBG X O
on IN X O
behalf NN X O
of IN X O
our PRP$ X O
client NN X O
based VBN X O
in IN X O
North NNP X O
West NNP X O
London NNP X O
and CC X O
require VB X O
an DT X O
experienced JJ X O
Band NNP X B-Occupation
6 CD X I-Occupation
Occupational NNP X I-Occupation
Therapist NN X I-Occupation
with IN X O
neuro JJ X B-Skill
experience NN X I-Skill
. . X O
To TO X O

be VB X O
part NN X O
of IN X O
a DT X O
team NN X O
undertaking VBG X O
a DT X O
range NN X O
of IN X O
care NN X B-Skill
support NN X I-Skill
responsibilities NNS X I-Skill
with IN X O
children NNS X O
aged VBN X O
**** JJ X O

nd JJ X O
jobber NN X O
, , X O
and CC X O
therefore IN X O
the DT X O
company NN X O
are VBP X O
willing JJ X O
to TO X O
train VB X O
and CC X O
mould VB X O
into IN X O
the DT X O
role NN X O
giving VBG X O
training VBG X O
where WRB X O
required VBN X O
. . X O
They PRP X O

currently RB X O
have VBP X O
a DT X O
requirement NN X O
within IN X O
their PRP$ X O
Integrated JJ X O
Security NNP X O
Solutions NNP X O
department NN X O
on IN X O
National NNP X O
Infrastructure NNP X B-Domain
for IN X O
a DT X O
P NNP X O
The DT X O

company NN X O
is VBZ X O
growing VBG X O
significantly RB X O
and CC X O
this DT X O
is VBZ X O
expected VBN X O
to TO X O
continue VB X O
. . X O
Majority NN X O

of IN X O
assigned JJ X O
daily JJ X O
tasks NNS X O
are VBP X O
scheduled VBN X O
service NN X O
events NNS X O
related VBN X O
to TO X O
networked VBN X O
retail JJ X O
equipment NN X O
in IN X O
Banking NNP X B-Domain
, , X O
Retail NNP X B-Domain
, , X O
and CC X O
Home NNP X O
user NN X O
environments NNS X O
; : X O
either CC X O
hardware VB X B-Skill
breakfix NN X I-Skill
or CC X I-Skill
software NN X I-Skill
configuration NN X I-Skill
. . X O
Previous JJ X O

experience NN X B-Skill
in IN X I-Skill
commissioning NN X I-Skill
of IN X I-Skill
new JJ X I-Skill
services NNS X I-Skill
Independent NNP X I-Skill
Healthcare NNP X I-Skill
Experience NNP X I-Skill
Financial NNP X I-Skill
Management NNP X I-Skill
Skills NNP X I-Skill
People NNP X I-Skill
Management NNP X I-Skill
Skills NNP X I-Skill
Excellent JJ X O

communication NN X B-Skill
skills NNS X I-Skill
and CC X O
the DT X O
ability NN X O
to TO X O
write VB X B-Skill
technical JJ X I-Skill
reports NNS X I-Skill
clearly RB X I-Skill
and CC X I-Skill
succinctly RB X I-Skill
for IN X I-Skill
publication NN X I-Skill
. . X O
CSCS NNP X B-Qualification

and CC X O
PPE NNP X B-Qualification
required VBD X O
, , X O
along IN X O
with IN X O
2 CD X O
reference NN X O
contacts NNS X O
and CC X O
ID NNP X O
; : X O
Passport NNP X O
/ NNP X O
BirthCert NNP X O
, , X O
Driving NNP X B-Qualification
License NNP X I-Qualification
/ NNP X O
Utilty NNP X O
Bill NNP X O
, , X O
and CC X O
proof NN X O
of IN X O
National NNP X O
Insurance NNP X O
Number NNP X O
. . X O
Employee NNP X O

help NN X B-Skill
line NN X I-Skill
to TO X I-Skill
support VB X I-Skill
staff NN X I-Skill
in IN X I-Skill
times NNS X I-Skill
of IN X I-Skill
need NN X I-Skill
This DT X O

wellestablished VBD X O
automotive JJ X O
Accident NNP X O
Repair NNP X O
Centre NNP X O
based VBN X O
in IN X O
Leicester NNP X O
requires VBZ X O
an DT X O
experienced JJ X B-Skill
ATA NNP X B-Occupation
Car NNP X I-Occupation
Paint NNP X I-Occupation
Sprayer NNP X I-Occupation
to TO X O
work VB X O
within IN X O
their PRP$ X O
busy JJ X O
motor NN X O
trade NN X O
body NN X O
shop NN X O
. . X O
Health NNP X O

and CC X O
Social NNP X O
Care NNP X O
in IN X O
Highland NNP X O
provides VBZ X O
help NN X O
and CC X O
assistance NN X O
in IN X O
many JJ X O
situations NNS X O
arising VBG X O
due JJ X O
to TO X O
illness VB X O
, , X O
disability NN X O
, , X O
old JJ X O
age NN X O
or CC X O
poverty NN X O
. . X O
To TO X O

assure VB X B-Skill
full JJ X I-Skill
compliance NN X I-Skill
with IN X I-Skill
key JJ X I-Skill
policies NNS X I-Skill
, , X I-Skill
notably RB X I-Skill
Equality NNP X I-Skill
and CC X I-Skill
Diversity NNP X I-Skill
; : X I-Skill
Health NNP X I-Skill
and CC X I-Skill
Safety NNP X I-Skill
and CC X I-Skill
Safeguarding NNP X I-Skill
Children NNP X I-Skill
. . X O
Projects NNS X B-Skill

/ VBP X I-Skill
programme JJ X I-Skill
Management NNP X I-Skill
expertise NN X I-Skill
Exposure NN X I-Skill
to TO X I-Skill
category NN X I-Skill
strategy NN X I-Skill
/ CD X O
or CC X O
We PRP X O

work VBP X O
closely RB X O
with IN X O
the DT X O
Home NNP X O
Office NNP X O
in IN X O
order NN X O
to TO X O
prevent VB X B-Skill
illegal JJ X I-Skill
working NN X I-Skill
. . X O
Interacts NNS X B-Skill

with IN X I-Skill
other JJ X I-Skill
members NNS X I-Skill
of IN X I-Skill
Biometric NNP X I-Skill
Team NNP X I-Skill
to TO X I-Skill
clarify VB X I-Skill
programming NN X I-Skill
requirements NNS X I-Skill
and CC X I-Skill
to TO X I-Skill
give VB X I-Skill
advice NN X I-Skill
on IN X I-Skill
the DT X I-Skill
availability NN X I-Skill
of IN X I-Skill
standard JJ X I-Skill
programs NNS X I-Skill
and CC X I-Skill
the DT X I-Skill
cost NN X I-Skill
/ NNP X I-Skill
effectiveness NN X I-Skill
of IN X I-Skill
developing VBG X I-Skill
new JJ X I-Skill
project NN X I-Skill
macros NN X I-Skill
. . X O
If IN X O

you PRP X O
are VBP X O
a DT X O
committed JJ X B-Skill
individual NN X O
with IN X O
a DT X O
passion NN X B-Skill
for IN X I-Skill
providing VBG X I-Skill
high JJ X I-Skill
quality NN X I-Skill
care NN X I-Skill
this DT X O
is VBZ X O
the DT X O
role NN X O
for IN X O
you PRP X O
. . X O
Good JJ X B-Skill

IT NNP X I-Skill
and CC X I-Skill
report NN X I-Skill
writing VBG X I-Skill
/ JJ X I-Skill
record NN X I-Skill
skills NNS X I-Skill
and CC X O
an DT X B-Skill
eye NN X I-Skill
for IN X I-Skill
detail NN X I-Skill
are VBP X I-Skill
essential JJ X I-Skill
You PRP X O

will MD X O
mainly RB X O
be VB X O
targeting VBG X B-Skill
commercial JJ X I-Skill
businesses NNS X I-Skill
and CC X O
be VB X O
able JJ X B-Skill
to TO X I-Skill
deal VB X I-Skill
with IN X I-Skill
people NNS X I-Skill
within IN X I-Skill
various JJ X I-Skill
levels NNS X I-Skill
of IN X I-Skill
their PRP$ X I-Skill
business NN X I-Skill
. . X O
**** JJ X O

ARM NNP X O
architecture NN X O
, , X O
Cambridge NNP X O
IC NNP X O
Software NNP X O
your PRP$ X O
first JJ X O
contact NN X O
for IN X O
Embedded NNP X O
, , X O
DSP NNP X B-Domain
& CC X I-Domain
Software NNP X I-Domain
jobs NNS X O
. . X O
This DT X O

position NN X O
is VBZ X O
a DT X O
fantastic JJ X O
opportunity NN X O
for IN X O
the DT X O
successful JJ X O
candidate NN X O
to TO X O
build VB X O
upon IN X O
existing VBG X O
technical JJ X B-Skill
development NN X I-Skill
and CC X O
analysis NN X B-Skill
skills NNS X O
in IN X O
a DT X O
leading JJ X O
corporate JJ X O
environment NN X O
. . X O
**** NN X O

or CC X O
over IN X O
and CC X O
be VB X O
physically RB X B-Skill
fit JJ X I-Skill
with IN X O
plenty NN X O
of IN X O
energy NN X B-Skill
and CC X O
enthusiasm NN X B-Skill
. . X O
Our PRP$ X O

range NN X O
of IN X O
software NN X B-Domain
helps VBZ X O
organisations NNS X O
worldwide IN X O
to TO X O
capture VB X B-Skill
accurate JJ X I-Skill
address NN X I-Skill
data NNS X I-Skill
and CC X O
conserve NN X B-Skill
integrity NN X I-Skill
over IN X I-Skill
time NN X I-Skill
. . X O
You PRP X O

will MD X O
be VB X O
specifically RB X O
responsible JJ X B-Skill
for IN X I-Skill
delivering VBG X I-Skill
UNICEF NNP X I-Skill
UK NNP X I-Skill
s NN X I-Skill
communications NNS X I-Skill
and CC X I-Skill
media NNS X I-Skill
work NN X I-Skill
for IN X I-Skill
public JJ X I-Skill
campaigning NN X I-Skill
, , X I-Skill
public JJ X I-Skill
fundraising NN X I-Skill
and CC X I-Skill
public JJ X I-Skill
facing VBG X I-Skill
corporate JJ X I-Skill
partnerfocused VBN X I-Skill
communications NNS X I-Skill
work NN X I-Skill
. . X O
well RB X B-Skill

organised VBN X I-Skill
, , X O
show VBP X B-Skill
initiative JJ X I-Skill
, , X O
work NN X B-Skill
to TO X I-Skill
strict VB X I-Skill
deadlines NNS X I-Skill
and CC X O
work NN X B-Skill
effectively RB X I-Skill
under IN X I-Skill
pressure NN X I-Skill
. . X O
**** NN X O

Planning NNP X B-Skill
and CC X I-Skill
coordination NN X I-Skill
of IN X I-Skill
DTLC NNP X I-Skill
workshop NN X I-Skill
events NNS X I-Skill
by IN X O
request NN X O
from IN X O
Projects NNS X O
To TO X O

assist VB X B-Skill
with IN X I-Skill
the DT X I-Skill
production NN X I-Skill
of IN X I-Skill
meals NNS X I-Skill
, , X I-Skill
snacks NNS X I-Skill
and CC X I-Skill
beverages NNS X I-Skill
. . X O
This DT X O

is VBZ X O
an DT X O
exciting JJ X O
role NN X O
with IN X O
a DT X O
very RB X O
well RB X O
established VBN X O
business NN X O
who WP X O
are VBP X O
looking VBG X O
to TO X O
interview NN X O
within IN X O
the DT X O
next JJ X O
few JJ X O
days NNS X O
. . X O
planned VBN X B-Skill

changes NNS X I-Skill
are VBP X I-Skill
effectively RB X I-Skill
communicated VBN X I-Skill
and CC X I-Skill
shipments NNS X I-Skill
are VBP X I-Skill
amended VBN X I-Skill
accordingly RB X I-Skill
to TO X O
proactively RB X B-Skill
manage VB X I-Skill
and CC X I-Skill
facilitate VB X I-Skill
purchasing NN X I-Skill
from IN X I-Skill
all DT X I-Skill
international JJ X I-Skill
franchise NN X I-Skill
partners NNS X I-Skill
, , X O
providing VBG X B-Skill
an DT X I-Skill
effective JJ X I-Skill
support NN X I-Skill
service NN X I-Skill
to TO X I-Skill
the DT X I-Skill
relevant JJ X I-Skill
UK NNP X I-Skill
colleagues NNS X I-Skill
to TO X O
help VB X O
cultivate VB X O
these DT X O
relationships NNS X O
. . X O
Experience NN X O

Required VBN X O
for IN X O
The DT X O
PPC NNP X B-Occupation
Manager NNP X I-Occupation
: : X O
Management NN X B-Skill
Experience NNP X O
Client NNP X B-Skill
facing VBG X I-Skill
Search NNP X O
Experience NNP X O
Knowledge NNP X O
of IN X O
all DT X O
PPC NNP X B-Skill
Search NNP X I-Skill
areas NNS X I-Skill
with IN X O
at IN X B-Experience
least JJS X I-Experience
24 CD X I-Experience
years NNS X I-Experience
experience NN X I-Experience
: : X O
Achievement NN X B-Skill

of IN X I-Skill
programme NN X I-Skill
objectives NNS X I-Skill
and CC X O
within IN X O
agreed VBN X O
timescales NNS X O
and CC X O
budget NN X O
. . X O
Monthly JJ X B-Skill

cash NN X I-Skill
flow NN X I-Skill
reporting VBG X I-Skill
Assisting VBG X I-Skill
with IN X I-Skill
production NN X I-Skill
of IN X I-Skill
annual JJ X I-Skill
budgets NNS X I-Skill
and CC X I-Skill
quarterly JJ X I-Skill
reforecasts NNS X I-Skill
Compilation NNP X I-Skill
of IN X I-Skill
KPIs NNP X I-Skill
and CC X O
other JJ X O
statistical JJ X O
information NN X O
My PRP$ X O

client NN X O
offers VBZ X O
a DT X O
range NN X O
or CC X O
care NN X O
and CC X O
support NN X B-Skill
services NNS X I-Skill
nationwide RB X O
, , X O
which WDT X O
include VBP X O
Home NNP X B-Skill
care NN X I-Skill
for IN X O
the DT X O
elderly JJ X O
and CC X O
people NNS X O
who WP X O
require VBP X O
support NN X O
at IN X O
home NN X O
due JJ X O
to TO X O
illness VB X O
or CC X O
disability NN X O
, , X O
supported VBD X B-Skill
Living NNP X I-Skill
and CC X O
outreach NN X B-Skill
services NNS X I-Skill
for IN X O
people NNS X O
with IN X O
Learning NNP X B-Skill
Disabilities NNPS X I-Skill
, , X O
complex JJ X O
needs NNS X O
and CC X O
associated VBN X O
challenging JJ X O
behaviors NNS X O
and CC X O
Day NNP X B-Skill
Care NNP X I-Skill
services NNS X O
for IN X O
people NNS X B-Skill
with IN X I-Skill
Learning NNP X I-Skill
Disabilities NNPS X I-Skill
, , X I-Skill
physical JJ X I-Skill
disabilities NNS X I-Skill
or CC X I-Skill
Mental NNP X I-Skill
Health NNP X I-Skill
needs NNS X I-Skill
. . X O
Turning VBG X B-Skill

a DT X I-Skill
substantial JJ X I-Skill
amount NN X I-Skill
of IN X I-Skill
money NN X I-Skill
, , X O
this DT X O
site NN X O
requires VBZ X O
only RB X O
the DT X O
best JJS X O
manager NN X B-Occupation
As IN X O

some DT X O
systems NNS X O
are VBP X O
in IN X O
commercial JJ X O
production NN X O
, , X O
there EX X O
will MD X O
also RB X O
be VB X O
the DT X O
need NN X O
to TO X O
modify VB X B-Skill
existing VBG X I-Skill
software NN X I-Skill
to TO X I-Skill
correct VB X I-Skill
errors NNS X I-Skill
, , X I-Skill
to TO X I-Skill
adapt VB X I-Skill
it PRP X I-Skill
to TO X I-Skill
new JJ X I-Skill
hardware NN X I-Skill
or CC X I-Skill
to TO X I-Skill
upgrade VB X I-Skill
interfaces NNS X I-Skill
and CC X I-Skill
improve VB X I-Skill
performance NN X I-Skill
. . X O
The DT X O

vacancy NN X O
is VBZ X O
to TO X O
work VB X O
teaching VBG X B-Skill
art RB X I-Skill
in IN X I-Skill
a DT X I-Skill
large JJ X I-Skill
secondary JJ X I-Skill
school NN X I-Skill
a DT X O
few JJ X O
days NNS X O
a DT X O
week NN X O
. . X O
Some DT X O

unsociable JJ X O
hours NNS X O
may MD X O
be VB X O
required VBN X O
as IN X O
part NN X O
of IN X O
the DT X O
break NN X O
down RP X O
support NN X O
. . X O
Senior NNP X B-Skill

Project NNP X B-Occupation
Manager NNP X I-Occupation
required VBD X O
to TO X O
join VB X O
a DT X O
top JJ X O
10 CD X O
property NN X O
consultancy NN X O
based VBN X O
in IN X O
Sheffield NNP X O
. . X O
Welsh NNP X O

and CC X O
English NNP X O
3 CD X B-Experience
year NN X I-Experience
contract NN X I-Experience
in IN X O
the DT X O
first JJ X B-Skill
instance NN X I-Skill
LAW NN X I-Skill
AND NNP X I-Skill
GOVERNANCE NNP X I-Skill
SERVICE NNP X I-Skill
Corporate NNP X I-Skill
Language NNP X I-Skill
Services NNPS X I-Skill
Unit NNP X O
G NNP X O
You PRP X O

will MD X O
deliver VB X B-Skill
lessons NNS X I-Skill
that WDT X I-Skill
will MD X I-Skill
engage VB X I-Skill
, , X I-Skill
enthuse NN X I-Skill
and CC X I-Skill
motivate VB X I-Skill
our PRP$ X I-Skill
learners NNS X I-Skill
. . X O
Well RB X O

respected VBN X O
Python NNP X B-Occupation
House NNP X I-Occupation
specialists NNS X I-Occupation
in IN X O
Python NNP X B-Qualification
, , X O
bestofthebest JJS X O
calibre NN X O
Developers NNP X B-Occupation
onsite NN X O
. . X O
We PRP X O

are VBP X O
currently RB X O
recruiting VBG X O
for IN X O
a DT X O
highly RB X O
autonomous JJ X O
standalone NN X O
Training NNP X B-Occupation
Manager NNP X I-Occupation
who WP X O
will MD X O
be VB X O
responsible JJ X O
for IN X O
managing VBG X B-Skill
the DT X I-Skill
complete JJ X I-Skill
Training NNP X I-Skill
process NN X I-Skill
from IN X O
Needs NNP X O
Analysis NNP X O
through IN X O
to TO X O
design VB X O
and CC X O
delivery NN X O
. . X O
Any DT X O

successful JJ X O
applicants NNS X O
would MD X O
be VB X O
required VBN X O
to TO X O
undertake VB X O
an DT X O
enhanced JJ X O
CRB NNP X O
payable NN X O
by IN X O
the DT X O
applicant NN X O
. . X O
You PRP X O

will MD X O
actively RB X O
drive VB X B-Skill
company NN X I-Skill
vision NN X I-Skill
and CC X O
business NN X B-Skill
strategies NNS X I-Skill
through IN X O
effective JJ X O
communication NN X B-Skill
, , X O
leadership NN X B-Skill
and CC X O
coaching NN X B-Skill
of IN X O
the DT X O
store NN X O
team NN X O
. . X O
This DT X O

company NN X O
already RB X O
has VBZ X O
a DT X O
large JJ X O
network NN X O
of IN X O
established VBN X O
Dom NNP X O
Care NNP X O
/ NNP X O
Nursing NNP X O
offices NNS X O
so RB X O
you PRP X O
will MD X O
have VB X O
the DT X O
framework NN X O
and CC X O
support NN X O
already RB X O
in IN X O
place NN X O
to TO X O
ensure VB X B-Skill
your PRP$ X I-Skill
office NN X I-Skill
is VBZ X I-Skill
a DT X I-Skill
success NN X I-Skill
. . X O
Negotiations NNS X B-Skill

with IN X I-Skill
suppliers NNS X I-Skill
and CC X I-Skill
3rd CD X I-Skill
parties NNS X I-Skill
to TO X I-Skill
ensure VB X I-Skill
that IN X I-Skill
they PRP X I-Skill
can MD X I-Skill
support VB X I-Skill
the DT X I-Skill
plan NN X I-Skill
e VBZ X I-Skill
. . X I-Skill
g NN X I-Skill
., NNP X I-Skill
software NN X I-Skill
vendors NNS X I-Skill
and CC X I-Skill
CA NNP X I-Skill
approvals NNS X I-Skill
houses NNS X I-Skill
Responsibility NNP X I-Skill
for IN X I-Skill
day NN X I-Skill
to TO X I-Skill
day NN X I-Skill
decision NN X I-Skill
making VBG X I-Skill
to TO X I-Skill
ensure VB X I-Skill
Projects NNPS X I-Skill
deliver VB X I-Skill
effectively RB X I-Skill
and CC X I-Skill
efficiently RB X I-Skill
APPLY NNP X O
NOW NNP X O
FOR NNP X O
MORE NNP X O
INFORMATION NNP X O
Our PRP$ X O

client NN X O
is VBZ X O
looking VBG X O
for IN X O
fan NN X O
enthusiatic JJ X B-Skill
individual NN X O
with IN X O
excellent JJ X O
communication NN X B-Skill
and CC X I-Skill
interpersonal JJ X I-Skill
skills NNS X I-Skill
to TO X O
be VB X B-Skill
part NN X I-Skill
of IN X I-Skill
a DT X I-Skill
team NN X I-Skill
setting VBG X I-Skill
up RP X I-Skill
and CC X I-Skill
running VBG X I-Skill
a DT X I-Skill
machine NN X I-Skill
shop NN X I-Skill
in IN X O
China NNP X O
. . X O
Additional NNP X O

job NN X O
board NN X O
published VBN X O
information NN X O
Annual NNP X O
Bonus NNP X O
Scheme NNP X O
typically RB X O
5 CD X O
% NN X O
of IN X O
annual JJ X O
basic JJ X O
salary NN X O
. . X O
Proven NNP X O

SAP NNP X B-Skill
SD NNP X I-Skill
configuration NN X I-Skill
skills NNS X O
Excellent JJ X O
communication NN X B-Skill
verbal NNS X I-Skill
and CC X I-Skill
written VBN X I-Skill
Business NNP X I-Skill
facing VBG X I-Skill
experience NN X O
essential JJ X O
Responsibilities NNS X O
: : X O
Ability NN X O

to TO X O
meet VB X B-Skill
deadlines NNS X I-Skill
and CC X O
deal NN X B-Skill
with IN X I-Skill
changing VBG X I-Skill
priorities NNS X I-Skill
. . X O
Agile NNP X B-Skill

Software NNP X I-Skill
Development NNP X I-Skill
Previous NNP X O
financial JJ X B-Domain
sector NN X I-Domain
experience NN X O
is VBZ X O
beneficial JJ X O
but CC X O
not RB X O
required VBN X O
. . X O
a DT X O

minute NN X O
it PRP X O
is VBZ X O
essential JJ X O
that IN X O
applicants NNS X O
have VBP X O
previous JJ X O
experience NN X O
with IN X O
an DT X O
OLTP NNP X B-Skill
website NN X I-Skill
and CC X O
comfortable JJ X O
leading VBG X B-Skill
a DT X I-Skill
small JJ X I-Skill
team NN X I-Skill
of IN X I-Skill
SQL NNP X I-Skill
Server NNP X I-Skill
Developers NNP X I-Skill
. . X O
Previous JJ X O

experience NN X O
working VBG X B-Skill
with IN X I-Skill
Swiss NNP X I-Skill
payrolls NNS X I-Skill
is VBZ X O
also RB X O
key JJ X O
. . X O
What WP X O

s NN X O
on IN X O
offer NN X O
A NNP X O
challenging JJ X O
role NN X O
with IN X O
business NN X O
critical JJ X O
responsibilities NNS X O
. . X O
Experience NN X B-Skill

of IN X I-Skill
working VBG X I-Skill
with IN X I-Skill
SAP NNP X I-Skill
, , X I-Skill
time NN X I-Skill
and CC X I-Skill
attendance NN X I-Skill
systems NNS X I-Skill
Champion NNP X B-Occupation
Technical NNP X I-Occupation
, , X I-Occupation
a DT X O
specialist JJ X O
division NN X O
of IN X O
Champion NNP X O
Employment NNP X O
Ltd NNP X O
acting VBG X O
as IN X O
an DT X O
Employment NNP X B-Domain
Agency NNP X I-Domain
Business NNP X I-Domain
. . X O
Organise NN X B-Skill

and CC X I-Skill
lead VB X I-Skill
the DT X I-Skill
Assembly NNP X I-Skill
team NN X I-Skill
to TO X O
achieve VB X O
our PRP$ X O
business NN X O
objectives NNS X O
and CC X O
targets NNS X O
. . X O
AU IN X O

A NNP X O
Data NNP X B-Occupation
Analyst NNP X I-Occupation
is VBZ X O
required VBN X O
to TO X O
fulfil VB X O
a DT X O
key JJ X O
role NN X O
in IN X O
our PRP$ X O
Building NN X O
Controls NNP X O
Energy NNP X O
Bureau NNP X O
, , X O
providing VBG X B-Skill
remote JJ X I-Skill
support NN X I-Skill
to TO X I-Skill
our PRP$ X I-Skill
existing VBG X I-Skill
customer NN X I-Skill
base NN X I-Skill
. . X O
The DT X O

Role NNP X O
of IN X O
Sous NNP X B-Occupation
Chef NNP X I-Occupation
: : X O
Our PRP$ X O
client NN X O
is VBZ X O
looking VBG X O
for IN X O
a DT X O
Sous JJ X B-Occupation
Chef NN X I-Occupation
to TO X O
work VB X B-Skill
within IN X I-Skill
this DT X I-Skill
very RB X I-Skill
prestigious JJ X I-Skill
Blue NNP X I-Skill
Chip NNP X I-Skill
company NN X I-Skill
for IN X O
a DT X O
well NN X O
renowned VBN X O
contract NN X B-Domain
catering VBG X I-Domain
company NN X O
. . X O
Adecco NNP X O

is VBZ X O
acting VBG X O
as IN X O
an DT X O
Employment NN X B-Domain
Business NN X I-Domain
in IN X O
relation NN X O
to TO X O
this DT X O
vacancy NN X O
They PRP X O

will MD X O
also RB X O
be VB X O
responsible JJ X B-Skill
for IN X I-Skill
meeting VBG X I-Skill
the DT X I-Skill
required JJ X I-Skill
standards NNS X I-Skill
of IN X I-Skill
performance NN X I-Skill
which WDT X O
ensures VBZ X O
that IN X O
the DT X O
overall JJ X O
business NN X O
operates VBZ X O
effectively RB X O
and CC X O
efficiently RB X O
to TO X O
ensure VB X O
that IN X O
the DT X O
business NN X O
is VBZ X O
competitive JJ X O
. . X O
Maintain VB X B-Skill

the DT X I-Skill
organisation NN X I-Skill
s NN X I-Skill
Enterprise NNP X I-Skill
Risk NNP X I-Skill
Management NNP X I-Skill
Framework NNP X I-Skill
including VBG X I-Skill
: : X I-Skill
oDefinition NN X I-Skill
and CC X I-Skill
documentation NN X I-Skill
of IN X I-Skill
Risk NNP X I-Skill
Appetite NNP X I-Skill
oMaintain VBP X I-Skill
a DT X I-Skill
detailed JJ X I-Skill
Risk NN X I-Skill
Register NNP X I-Skill
oRisk IN X I-Skill
reporting VBG X I-Skill
including VBG X I-Skill
monitoring NN X I-Skill
of IN X I-Skill
where WRB X I-Skill
risks NNS X I-Skill
fall VB X I-Skill
outside IN X I-Skill
the DT X I-Skill
Branch NNP X I-Skill
s NN X I-Skill
Risk NNP X I-Skill
Appetite NNP X I-Skill
oFollow VBP X I-Skill
up RP X I-Skill
on IN X I-Skill
risk NN X I-Skill
mitigation NN X I-Skill
activities NNS X I-Skill
to TO X I-Skill
ensure VB X I-Skill
these DT X I-Skill
are VBP X I-Skill
completed VBN X I-Skill
Coordinate NNP X I-Skill
Solvency NNP X I-Skill
II NNP X I-Skill
implementation NN X I-Skill
in IN X I-Skill
the DT X I-Skill
Branch NN X I-Skill
with IN X I-Skill
Corporate NNP X I-Skill
Head NNP X I-Skill
Office NNP X I-Skill
with IN X I-Skill
a DT X I-Skill
particular JJ X I-Skill
focus NN X I-Skill
on IN X I-Skill
Insurance NNP X I-Skill
and CC X I-Skill
Operational NNP X I-Skill
Risk NNP X I-Skill
Develop NNP X I-Skill
the DT X I-Skill
ORSA NNP X I-Skill
and CC X I-Skill
ensure VB X I-Skill
risk NN X I-Skill
processes NNS X I-Skill
of IN X I-Skill
governance NN X I-Skill
are VBP X I-Skill
embedded VBN X I-Skill
in IN X I-Skill
the DT X I-Skill
business NN X I-Skill
Liaise NNP X I-Skill
with IN X I-Skill
the DT X I-Skill
capital NN X I-Skill
modelling NN X I-Skill
team NN X I-Skill
and CC X I-Skill
key JJ X I-Skill
stakeholders NNS X I-Skill
in IN X I-Skill
the DT X I-Skill
business NN X I-Skill
to TO X I-Skill
link VB X I-Skill
capital NN X I-Skill
with IN X I-Skill
the DT X I-Skill
risk NN X I-Skill
management NN X I-Skill
framework NN X I-Skill
Liaise NNP X I-Skill
with IN X I-Skill
Internal NNP X I-Skill
Audit NNP X I-Skill
to TO X I-Skill
ensure VB X I-Skill
the DT X I-Skill
control NN X I-Skill
framework NN X I-Skill
is VBZ X I-Skill
uptodate JJ X I-Skill
and CC X I-Skill
effective JJ X I-Skill
and CC X I-Skill
integrate NN X I-Skill
with IN X I-Skill
the DT X I-Skill
Risk NNP X I-Skill
Management NNP X I-Skill
framework NN X I-Skill
. . X O
The DT X O

interview NN X O
date NN X O
for IN X O
this DT X O
position NN X O
will MD X O
be VB X O
Friday NNP X O
22nd CD X O
February NNP X O
2013 CD X O
. . X O
is VBZ X O

acting VBG X O
as IN X O
an DT X O
Employment NNP X O
Agency NNP X O
in IN X O
relation NN X O
to TO X O
this DT X O
vacancy NN X O
. . X O
There EX X O

will MD X O
also RB X O
be VB X O
a DT X B-Skill
strong JJ X I-Skill
focus NN X I-Skill
on IN X I-Skill
costing NN X I-Skill
and CC X I-Skill
stock NN X I-Skill
and CC X O
the DT X O
analysis NN X B-Skill
of IN X I-Skill
business NN X I-Skill
unit NN X I-Skill
performance NN X I-Skill
, , X O
consequently RB X O
our PRP$ X O
client NN X O
has VBZ X O
specified VBN X O
that IN X O
applicants NNS X O
demonstrate VB X O
a DT X O
solid JJ X O
manufacturing NN X B-Skill
track NN X I-Skill
record NN X I-Skill
. . X O
In IN X O

the DT X O
event NN X O
that IN X O
you PRP X O
are VBP X O
contacted VBN X O
for IN X O
a DT X O
role NN X O
, , X O
please VB X O
note NN X O
that IN X O
as IN X O
part NN X O
of IN X O
the DT X O
registration NN X O
process NN X O
you PRP X O
shall MD X O
be VB X O
required VBN X O
to TO X O
provide VB X O
Randstad NNP X O
with IN X O
proof NN X O
of IN X O
identity NN X O
as RB X O
well RB X O
as IN X O
proof NN X O
of IN X O
eligibility NN X O
to TO X O
work VB X O
in IN X O
the DT X O
United NNP X O
Kingdom NNP X O
. . X O
Wythenshawe NNP X O

, , X O
Manchester NNP X O
Salary NNP X O
negotiable JJ X O
A NNP X O
fantastic JJ X O
opportunity NN X O
for IN X O
a DT X O
Vacuum NNP X O
Forming NNP X O
Supervisor NNP X B-Occupation
based VBN X O
in IN X O
Wythenshawe NNP X O
, , X O
Applicants NNS X O

with IN X O
a DT X O
good JJ X O
Honours NNP X B-Qualification
degree NN X I-Qualification
or CC X O
a DT X O
Master NNP X B-Qualification
' POS X I-Qualification
s NN X I-Qualification
degree NN X I-Qualification
, , X O
particularly RB X O
those DT X O
with IN X O
experience NN X B-Skill
in IN X I-Skill
gut NN X I-Skill
physiology NN X I-Skill
, , X O
infection NN X B-Skill
biology NN X I-Skill
or CC X O
cancer NN X B-Skill
biology NN X I-Skill
, , X O
are VBP X O
encouraged VBN X O
to TO X O
apply VB X O
. . X O
The DT X O

Account NNP X O
Team NNP X O
will MD X O
be VB X O
responsible JJ X O
for IN X O
the DT X O
production NN X B-Skill
of IN X I-Skill
signage NN X I-Skill
, , X I-Skill
brochures NNS X I-Skill
, , X I-Skill
leaflets NNS X I-Skill
and CC X I-Skill
exhibition NN X I-Skill
equipment NN X I-Skill
, , X I-Skill
liaising VBG X I-Skill
with IN X I-Skill
property NN X I-Skill
companies NNS X I-Skill
, , X O
managing VBG X B-Skill
expectations NNS X I-Skill
and CC X I-Skill
relationships NNS X I-Skill
in IN X O
the DT X O
roll NN X O
out IN X O
of IN X O
the DT X O
projects NNS X O
. . X O
A DT X O

passion NN X O
for IN X O
delivering VBG X O
great JJ X O
service NN X O
with IN X O
the DT X O
personal JJ X O
touch NN X O
and CC X O
attention NN X B-Skill
to TO X I-Skill
detail VB X I-Skill
to TO X I-Skill
ensure VB X I-Skill
that IN X I-Skill
every DT X I-Skill
single JJ X I-Skill
customer NN X I-Skill
comes VBZ X I-Skill
back RB X I-Skill
for IN X O
more JJR X O
The DT X O
personality NN X B-Skill
, , X O
energy NN X B-Skill
and CC X O
charisma NN X B-Skill
to TO X O
inspire VB X O
, , X O
lead NN X O
and CC X O
develop VB X O
a DT X O
large JJ X O
committed JJ X O
team NN X O
You PRP X O

can MD X O
be VB X O
based VBN X O
anywhere RB X O
in IN X O
Cumbria NNP X O
, , X O
but CC X O
preferably RB X O
in IN X O
the DT X O
West NNP X O
Coast NNP X O
area NN X O
. . X O
An DT X O

understanding NN X B-Skill
of IN X I-Skill
the DT X I-Skill
Design NNP X I-Skill
process NN X I-Skill
and CC X O
Design NNP X B-Skill
reviews NNS X I-Skill
Significant JJ X O

experience NN X O
in IN X O
database NN X B-Skill
administration NN X I-Skill
and CC X O
IT NNP X B-Skill
service NN X I-Skill
delivery NN X I-Skill
in IN X O
a DT X O
high JJ X O
profile NN X O
organization NN X O
Sufficient NNP X O
experience NN X O
of IN X O
working VBG X O
in IN X O
a DT X O
development NN X B-Skill
environment NN X I-Skill
including VBG X O
implementing VBG X B-Skill
testing NN X I-Skill
and CC X I-Skill
version NN X I-Skill
control NN X I-Skill
Substantial NNP X O
MSSQL NNP X B-Skill
experience NN X O
and CC X O
MSSQL NNP X B-Qualification
certification NN X I-Qualification
essential JJ X O
Proficient NNP X O
user NN X O
or CC X O
transferable JJ X O
skills NNS X O
for IN X O
a DT X O
range NN X O
of IN X O
database NN X B-Skill
and CC X I-Skill
networking JJ X I-Skill
technologies NNS X I-Skill
including VBG X O
current JJ X O
MS NNP X B-Skill
Windows NNP X I-Skill
Ability NNP X O
to TO X O
keep VB X O
up RP X O
to TO X O
date NN X O
with IN X O
current JJ X B-Skill
technology NN X I-Skill
, , X I-Skill
methodologies NNS X I-Skill
and CC X I-Skill
department NN X I-Skill
procedures NNS X I-Skill
and CC X O
implement JJ X O
change NN X O
effectively RB X O
Commitment NNP X B-Skill
to TO X O
delivering VBG X O
a DT X O
high JJ X B-Skill
quality NN X I-Skill
service NN X I-Skill
both DT X I-Skill
individually RB X I-Skill
and CC X I-Skill
as IN X I-Skill
a DT X I-Skill
teamPlease NN X O
register NN X O
your PRP$ X O
details NNS X O
now RB X O
for IN X O
a DT X O
full JJ X O
spec NN X O
and CC X O
immediate JJ X O
consideration NN X O
Extending VBG X B-Skill

the DT X I-Skill
section NN X I-Skill
s VBD X I-Skill
enabling VBG X I-Skill
role NN X I-Skill
in IN X I-Skill
the DT X I-Skill
development NN X I-Skill
and CC X O
provision NN X B-Skill
of IN X I-Skill
services NNS X I-Skill
to TO X I-Skill
stakeholders NNS X I-Skill
. . X O
**** RB X O

60 CD X O
degree JJ X O
feedback NN X O
on IN X O
appointments NNS X O
made VBN X O
Proactive JJ X B-Skill
involvement NN X O
with IN X O
the DT X O
lead NN X O
team NN X O
to TO X O
ensure VB X O
360 CD X B-Skill
degree JJ X I-Skill
feedback NN X I-Skill
on IN X I-Skill
lead JJ X I-Skill
quality NN X I-Skill
Development NNP X O
of IN X O
systems NNS X O
to TO X O
encourage VB X O
continual JJ X B-Skill
improvement NN X I-Skill
ideas NNS X I-Skill
across IN X O
the DT X O
department NN X O
and CC X O
improve VB X B-Skill
efficiencies NNS X I-Skill
Recruitment NNP X B-Domain
To TO X O
ensure VB X O
complete JJ X B-Skill
control NN X I-Skill
from IN X I-Skill
end NN X I-Skill
to TO X I-Skill
end VB X I-Skill
of IN X I-Skill
the DT X I-Skill
entire JJ X I-Skill
recruitment NN X I-Skill
process NN X I-Skill
. . X O
Working VBG X B-Skill

knowledge NN X I-Skill
of IN X I-Skill
Web NNP X I-Skill
technologies NNS X I-Skill
such JJ X O
as IN X O
HTML NNP X B-Skill
/ NNP X I-Skill
CSS NNP X I-Skill
/ NNP X I-Skill
JavaScript NNP X I-Skill
with IN X O
a DT X O
view NN X O
to TO X O
HTML5 NNP X B-Skill
and CC X I-Skill
JQuery NNP X I-Skill
. . X O
Safe JJ X O

RegisteredAn NNP X O
exciting VBG X O
role NN X O
, , X O
with IN X O
a DT X O
competitive JJ X O
salary NN X O
joining VBG X O
an DT X O
every DT X O
expanding VBG X O
maintenance NN X B-Domain
company NN X O
in IN X O
Aberdeen NNP X O
. . X O
at IN X O

least JJS X O
**** JJ X B-Experience
year NN X I-Experience
s JJ X I-Experience
commercial JJ X O
experience NN X B-Experience
as IN X O
a DT X O
Graphic NNP X B-Occupation
Designer NNP X I-Occupation
and CC X O
have VBP X O
used VBN X O
the DT X O
latest JJS X O
Adobe NN X B-Skill
Packages NNP X I-Skill
CS5 NNP X I-Skill
/ NNP X I-Skill
CS6 NNP X I-Skill
including VBG X O
Adobe NNP X B-Skill
Photoshop NNP X I-Skill
, , X O
Adobe NNP X B-Skill
Illustrator NNP X I-Skill
and CC X O
Adobe NNP X B-Skill
InDesign NNP X I-Skill
. . X O
They PRP X O

will MD X O
also RB X O
fund VB X O
exams RB X O
/ JJ X O
accreditations NNS X O
across IN X O
VMware NNP X B-Skill
, , X O
EMC NNP X B-Skill
, , X O
Veeam NNP X B-Skill
, , X O
Dell NNP X B-Skill
to TO X O
get VB X O
you PRP X O
up RP X O
to TO X O
speed VB X O
. . X O
**** NNS X O

square JJ X O
foot NN X O
Chilled NNP X O
warehouse NN X O
and CC X O
have VBP X O
a DT X O
Budget NNP X O
control NN X O
of IN X O
20 CD X O
Million NNP X O
. . X O
Joining VBG X O

as IN X O
an DT X O
Audit NNP X B-Occupation
and CC X O
Accounts NNP X B-Occupation
Senior NNP X I-Occupation
, , X O
based VBN X O
at IN X O
the DT X O
firms NNS X O
offices NNS X O
in IN X O
Swindon NNP X O
, , X O
you PRP X O
will MD X O
be VB X O
responsible JJ X O
for IN X O
auditing VBG X B-Skill
accounts NNS X I-Skill
, , X O
interpreting VBG X B-Skill
and CC X I-Skill
verifying VBG X I-Skill
information NN X I-Skill
provided VBN X O
by IN X O
clients NNS X O
, , X O
preparing VBG X O
annual JJ X O
and CC X O
management NN X O
accounts NNS X O
, , X O
completing VBG X B-Skill
tax NN X I-Skill
computations NNS X I-Skill
and CC X O
drafting VBG X B-Skill
letters NNS X I-Skill
, , X I-Skill
emails NNS X I-Skill
and CC X I-Skill
other JJ X I-Skill
documents NNS X I-Skill
for IN X O
clients NNS X O
, , X O
the DT X O
tax NN X O
office NN X O
and CC X O
registrar NN X B-Skill
of IN X I-Skill
companies NNS X I-Skill
. . X O
The DT X O

order NN X O
book NN X O
is VBZ X O
full JJ X O
, , X O
the DT X O
team NN X O
is VBZ X O
almost RB X O
complete JJ X O
and CC X O
my PRP$ X O
client NN X O
is VBZ X O
looking VBG X O
to TO X O
the DT X O
future NN X O
almost RB X O
uniquely RB X O
wellplaced JJ X O
to TO X O
offer VB X O
rapid JJ X O
progression NN X O
and CC X O
highlevel JJ X O
seniority NN X O
from IN X O
the DT X O
word NN X O
In IN X O

a DT X O
superb JJ X O
country NN X O
pub NN X O
with IN X O
subtle JJ X O
dcor NN X O
and CC X O
a DT X O
more RBR X O
relaxed JJ X O
style NN X O
of IN X O
sophisticated JJ X O
contemporary JJ X O
dining NN X O
. . X O
If IN X O

this DT X O
information NN X O
is VBZ X O
missing VBG X O
it PRP X O
slows VBZ X O
down RP X O
our PRP$ X O
process NN X O
and CC X O
may MD X O
result VB X O
in IN X O
us PRP X O
not RB X O
being VBG X O
able JJ X O
to TO X O
contact VB X O
you PRP X O
. . X O
Our PRP$ X O

client NN X O
can MD X O
provide VB X O
you PRP X O
with IN X O
Greenfield NNP X O
project NN X O
work NN X O
and CC X O
exposure NN X O
to TO X O
: : X O
Ability NN X O

to TO X O
express VB X B-Skill
ideas NNS X I-Skill
and CC X I-Skill
communicate VB X I-Skill
effectively RB X I-Skill
Enthusiasm NNP X I-Skill
, , X O
drive NN X O
and CC X O
the DT X O
ability NN X O
to TO X O
schedule VB X B-Skill
workload NN X I-Skill
and CC X I-Skill
plan NN X I-Skill
tasks NNS X I-Skill
Able JJ X O
to TO X O
work VB X B-Skill
under IN X I-Skill
pressure NN X I-Skill
. . X O
While IN X O

you PRP X O
are VBP X O
on IN X O
an DT X O
assignment NN X O
you PRP X O
are VBP X O
provided VBN X O
with IN X O
food NN X O
and CC X O
accommodation NN X O
. . X O
Promote NNP X B-Skill

retail JJ X I-Skill
sales NNS X I-Skill
which WDT X O
meet VBP X B-Skill
individual JJ X I-Skill
targets NNS X I-Skill
and CC X O
contribute VB X B-Skill
the DT X I-Skill
business NN X I-Skill
revenue NN X I-Skill
streams NNS X I-Skill
. . X O
Or CC X O

you PRP X O
could MD X O
come VB X O
from IN X O
a DT X O
more RBR X O
traditional JJ X O
catering NN X B-Skill
background NN X O
, , X O
with IN X O
a DT X O
particular JJ X O
flair NN X O
for IN X O
delivering VBG X B-Skill
high JJ X I-Skill
volume NN X I-Skill
multisite NN X I-Skill
catering NN X I-Skill
. . X O
We PRP X O

have VBP X O
exciting VBG X O
times NNS X O
ahead RB X O
and CC X O
due JJ X O
to TO X O
our PRP$ X O
continued JJ X O
success NN X O
and CC X O
business NN X O
growth NN X O
, , X O
we PRP X O
are VBP X O
looking VBG X O
to TO X O
strengthen VB X O
our PRP$ X O
field NN X O
teams NNS X O
with IN X O
the DT X O
addition NN X O
of IN X O
Inventory NNP X B-Occupation
Supervisors NNP X O
to TO X O
be VB X O
based VBN X O
within IN X O
the DT X O
Cannock NNP X O
, , X O
Staffordshire NNP X O
area NN X O
. . X O
Prior NNP X B-Skill

knowledge NN X I-Skill
and CC X I-Skill
experience NN X I-Skill
in IN X O
the DT X O
meetings NNS X B-Domain
industry NN X I-Domain
in IN X O
desirable JJ X O
but CC X O
not RB X O
essential JJ X O
although IN X O
preferred JJ X O
consideration NN X O
will MD X O
be VB X O
given VBN X O
to TO X O
candidates NNS X O
with IN X O
previous JJ X B-Skill
B2B NNP X I-Skill
experience NN X I-Skill
. . X O
Selfmotivated VBN X B-Skill

and CC X O
capable JJ X B-Skill
of IN X I-Skill
working VBG X I-Skill
unsupervised JJ X I-Skill
with IN X O
the DT X O
ability NN X B-Skill
to TO X I-Skill
meet VB X I-Skill
tight JJ X I-Skill
deadlines NNS X I-Skill
, , X O
enthusiastic JJ X O
team NN X B-Skill
player NN X I-Skill
with IN X O
strong JJ X O
interpersonal JJ X B-Skill
skills NNS X I-Skill
and CC X O
a DT X O
flexible JJ X B-Skill
attitude NN X I-Skill
to TO X I-Skill
work VB X I-Skill
. . X O
Lead VB X O

the DT X O
problem NN X B-Skill
solving VBG X I-Skill
activities NNS X O
and CC X O
deviation NN X B-Skill
investigations NNS X I-Skill
associated VBN X O
with IN X O
all DT X O
stages NNS X O
of IN X O
the DT X O
supply NN X O
chain NN X O
that WDT X O
have VBP X O
GxP NNP X O
impact NN X O
, , X O
developing VBG X B-Skill
and CC X I-Skill
tracking VBG X I-Skill
the DT X I-Skill
implementation NN X I-Skill
of IN X I-Skill
appropriate JJ X I-Skill
CAPA NNP X I-Skill
. . X O
Develop VB X B-Skill

a DT X I-Skill
coherent NN X I-Skill
and CC X I-Skill
planned VBD X I-Skill
strategy NN X I-Skill
for IN X O
the DT X O
ongoing JJ X O
development NN X O
of IN X O
all DT X O
global JJ X O
web NN X B-Skill
content NN X I-Skill
to TO X O

**** VB X O
per IN X O
hour NN X O
with IN X O
a DT X O
commission NN X O
structure NN X O
which WDT X O
could MD X O
double VB X O
your PRP$ X O
salary NN X O
Behavioural JJ X O

Competencies NNPS X O
Achieving NNP X B-Skill
and CC X I-Skill
Doing NNP X I-Skill
Builds NNP X I-Skill
Relationships NNP X I-Skill
Business NNP X I-Skill
Awareness NNP X I-Skill
Swim NN X O

can MD X O
offer VB X O
you PRP X O
: : X O
Excellent JJ X O
and CC X O
highly RB X O
competitive JJ X O
rates NNS X O
of IN X O
pay NN X O
As IN X O

Technical JJ X B-Occupation
Lead NNP X I-Occupation
you PRP X O
ll VBP X O
be VB X O
responsible JJ X O
for IN X O
: : X O
Promoting VBG X B-Skill
an DT X O
innovative JJ X O
agenda NN X O
across IN X O
the DT X O
Business NNP X O
Unit NNP X O
, , X O
managing VBG X B-Skill
which WDT X O
innovations NNS X O
should MD X O
progress VB X O
through IN X O
research NN X O
funding NN X O
Developing NNP X B-Skill
and CC X I-Skill
maintaining VBG X I-Skill
the DT X I-Skill
technology NN X I-Skill
strategy NN X I-Skill
, , X O
taking VBG X B-Skill
into IN X I-Skill
account NN X I-Skill
current JJ X I-Skill
trends NNS X I-Skill
and CC X I-Skill
direction NN X I-Skill
in IN X I-Skill
the DT X I-Skill
industry NN X I-Skill
. . X O
Our PRP$ X O

client NN X O
requires VBZ X O
an DT X O
experienced JJ X B-Skill
Project NN X B-Occupation
Manager NNP X I-Occupation
to TO X O
join VB X O
their PRP$ X O
team NN X O
based VBN X O
in IN X O
the DT X O
Chesire NNP X O
area NN X O
as IN X O
they PRP X O
have VBP X O
several JJ X O
projects NNS X O
starting VBG X O
imminently RB X O
. . X O
Have VBP X O

experience NN X B-Skill
of IN X I-Skill
working VBG X I-Skill
on IN X I-Skill
all DT X I-Skill
sections NNS X I-Skill
of IN X I-Skill
the DT X I-Skill
kitchen NN X I-Skill
. . X I-Skill
A DT X O

secondary JJ X O
role NN X O
will MD X O
be VB X O
to TO X O
support VB X B-Skill
development NN X I-Skill
of IN X I-Skill
intellectual JJ X I-Skill
capital NN X I-Skill
, , X I-Skill
marketing NN X I-Skill
and CC X I-Skill
people NNS X I-Skill
, , X I-Skill
increasingly RB X I-Skill
so RB X I-Skill
as IN X I-Skill
you PRP X I-Skill
progress VBP X I-Skill
through IN X I-Skill
Manager NNP X I-Skill
levels NNS X I-Skill
towards NNS X I-Skill
Partner NNP X O
election NN X O
: : X B-Skill
Developing VBG X I-Skill
own JJ X I-Skill
expertise NN X I-Skill
and CC X I-Skill
our PRP$ X I-Skill
intellectual JJ X I-Skill
capital NN X I-Skill
by IN X I-Skill
developing VBG X I-Skill
new JJ X I-Skill
methodologies NNS X I-Skill
to TO X I-Skill
solve VB X I-Skill
client NN X I-Skill
problems NNS X I-Skill
Writing VBG X I-Skill
marketing NN X I-Skill
materials NNS X I-Skill
, , X I-Skill
pitch NN X I-Skill
materials NNS X I-Skill
and CC X I-Skill
proposals NNS X I-Skill
in IN X I-Skill
conjunction NN X I-Skill
with IN X I-Skill
Partners NNPS X I-Skill
Attending NNP X I-Skill
pitch NN X I-Skill
and CC X I-Skill
proposal NN X I-Skill
meetings NNS X I-Skill
to TO X I-Skill
win VB X I-Skill
new JJ X I-Skill
project NN X I-Skill
work NN X I-Skill
and CC X I-Skill
develop VB X I-Skill
relationships NNS X I-Skill
with IN X I-Skill
clients NNS X I-Skill
Investing VBG X I-Skill
time NN X I-Skill
to TO X I-Skill
support VB X I-Skill
firm JJ X I-Skill
growth NN X I-Skill
by IN X I-Skill
leading VBG X I-Skill
areas NNS X I-Skill
such JJ X I-Skill
as IN X I-Skill
practice NN X I-Skill
group NN X I-Skill
development NN X I-Skill
activities NNS X I-Skill
, , X I-Skill
coordinating VBG X I-Skill
marketing NN X I-Skill
, , X I-Skill
hiring NN X I-Skill
, , X I-Skill
training NN X I-Skill
and CC X I-Skill
onboarding VBG X I-Skill
new JJ X I-Skill
staff NN X I-Skill
, , X I-Skill
event NN X I-Skill
planning VBG X I-Skill
The DT X I-Skill
position NN X I-Skill
will MD X I-Skill
offer VB X I-Skill
attractive JJ X I-Skill
opportunities NNS X I-Skill
for IN X I-Skill
personal JJ X I-Skill
growth NN X I-Skill
Senior NNP X I-Skill
execution NN X I-Skill
role NN X I-Skill
in IN X I-Skill
high JJ X I-Skill
profile NN X I-Skill
consulting VBG X I-Skill
assignments NNS X I-Skill
in IN X I-Skill
the DT X I-Skill
insurance NN X I-Skill
sector NN X I-Skill
Mix NNP X I-Skill
of IN X I-Skill
local JJ X I-Skill
and CC X I-Skill
international JJ X I-Skill
experience NN X I-Skill
Context NNP X I-Skill
of IN X I-Skill
one CD X I-Skill
of IN X I-Skill
the DT X I-Skill
largest JJS X I-Skill
professional JJ X I-Skill
services NNS X I-Skill
organizations NNS X I-Skill
and CC X I-Skill
one CD X I-Skill
of IN X I-Skill
the DT X I-Skill
most RBS X I-Skill
important JJ X I-Skill
service NN X I-Skill
providers NNS X I-Skill
to TO X I-Skill
the DT X I-Skill
global JJ X I-Skill
insurance NN X I-Skill
sector NN X I-Skill
Strong NNP X I-Skill
team NN X I-Skill
culture NN X I-Skill
based VBN X I-Skill
on IN X I-Skill
meritocracy NN X I-Skill
, , X I-Skill
openness NN X I-Skill
and CC X I-Skill
a DT X I-Skill
shared VBN X I-Skill
spirit NN X I-Skill
to TO X I-Skill
build VB X I-Skill
a DT X I-Skill
business NN X I-Skill
Learning VBG X I-Skill
culture NN X I-Skill
with IN X I-Skill
strong JJ X I-Skill
apprenticeship JJ X I-Skill
mentality NN X I-Skill
Fast NNP X O
pace NN X O
career NN X O
progression NN X O
based VBN X O
on IN X O
performance NN X O
with IN X O
an DT X O
expectation NN X O
to TO X O
be VB X O
ready JJ X O
for IN X O
Partner NNP X O
promotion NN X O
in IN X O
46 CD X O
years NNS X O
Attractive JJ X O
incentive JJ X O
package NN X O
with IN X O
substantial JJ X O
upside NN X O
from IN X O
full JJ X O
bonus NN X O
pool NN X O
participation NN X O
Flexible NNP X O
office NN X O
choice NN X O
in IN X O
Germany NNP X O
and CC X O
Switzerland NNP X O
or CC X O
Italy NNP X O
respectively RB X O
Candidate NNP X O
profile NN X O
To TO X O
be VB X O
considered VBN X O
for IN X O
this DT X O
role NN X O
you PRP X O
must MD X B-Skill
have VB X I-Skill
experience NN X I-Skill
of IN X I-Skill
executing VBG X I-Skill
insurance NN X I-Skill
projects NNS X I-Skill
as IN X I-Skill
a DT X I-Skill
business NN X I-Skill
manager NN X I-Skill
, , X I-Skill
consultant NN X I-Skill
or CC X I-Skill
internal JJ X I-Skill
corporate JJ X I-Skill
developer NN X I-Skill
. . X O
Candidates NNS X O

can MD X O
be VB X O
at IN X O
either DT X O
mid NN X O
or CC X O
senior JJ X O
level NN X O
, , X O
with IN X O
competitive JJ X O
salaries NNS X O
for IN X O
both DT X O
levels NNS X O
. . X O
Please VB X O

visit VB X O
our PRP$ X O
website NN X O
at IN X O
url JJ X O
removed VBD X O
to TO X O
view VB X O
other JJ X O
positions NNS X O
we PRP X O
are VBP X O
currently RB X O
handling VBG X O
. . X O
Producing VBG X B-Skill

system NN X I-Skill
designs NNS X I-Skill
and CC X I-Skill
documentation NN X I-Skill
, , X O
including VBG X O
design NN X B-Skill
descriptions NNS X I-Skill
, , X O
schematic JJ X B-Skill
diagrams NNS X I-Skill
and CC X O
safety NN X B-Skill
justifications NNS X I-Skill
Equipment NNP X I-Skill
specification NN X I-Skill
and CC X O
selection NN X B-Skill
and CC X I-Skill
collating VBG X I-Skill
equipment NN X I-Skill
attributes NNS X I-Skill
to TO X O
support VB X O
build VB X B-Skill
model NN X I-Skill
and CC X I-Skill
bill NN X I-Skill
of IN X I-Skill
material JJ X I-Skill
compilation NN X I-Skill
. . X O
Important JJ X O

Exceptional NNP X B-Qualification
Knowledge NNP X I-Qualification
of IN X I-Qualification
Unix NNP X I-Qualification
Infrastructure NNP X I-Qualification
Solaris NNP X I-Qualification
, , X I-Qualification
HPUX NNP X I-Qualification
, , X I-Qualification
AIX NNP X I-Qualification
or CC X I-Qualification
Linux NNP X I-Qualification
At IN X O

Jark NNP X O
we PRP X O
work VBP X O
with IN X O
many JJ X O
of IN X O
the DT X O
Main NNP X B-Occupation
Contractors NNPS X O
in IN X O
the DT X O
industry NN X O
, , X O
as RB X O
well RB X O
as IN X O
a DT X O
large JJ X O
volume NN X O
of IN X O
SubContract NNP X B-Skill
Companies NNP X I-Skill
, , X O
we PRP X O
have VBP X O
new JJ X O
orders NNS X O
placed VBN X O
everyday RB X O
. . X O
THE DT X O

ROLE NNP X O
: : X O
What WP X O
we PRP X O
have VBP X O
here RB X O
is VBZ X O
a DT X O
company NN X O
with IN X O
an DT X O
AS400based JJ X O
product NN X O
that WDT X O
is VBZ X O
gradually RB X O
moving VBG X O
over IN X O
to TO X O
their PRP$ X O
new JJ X O
webbased VBN X O
version NN X O
written VBN X O
in IN X O
Java NNP X B-Skill
. . X O
Attractive JJ X O

range NN X O
of IN X O
company NN X O
benefits NNS X O
including VBG X O
uniform JJ X O
family NN X O
friendly JJ X O
policies NNS X O
discounted VBN X O
meal JJ X O
allowance NN X O
opportunities NNS X O
for IN X O
progression NN X O
. . X O
To TO X O

assist VB X B-Skill
members NNS X I-Skill
of IN X I-Skill
senior JJ X I-Skill
management NN X I-Skill
in IN X I-Skill
team NN X I-Skill
with IN X I-Skill
administrative JJ X I-Skill
or CC X I-Skill
coordination NN X I-Skill
tasks NNS X I-Skill
, , X O
such JJ X O
as IN X O
arranging VBG X B-Skill
meetings NNS X I-Skill
, , X O
sourcing VBG X B-Skill
information NN X I-Skill
, , X O
sending VBG X B-Skill
confidentiality NN X I-Skill
agreements NNS X I-Skill
, , X O
property NN X B-Skill
particulars NNS X I-Skill
etc VBP X O
. . X O
The DT X O

position NN X O
will MD X O
give VB X O
you PRP X O
the DT X O
chance NN X O
to TO X O
work VB X O
with IN X O
cutting VBG X O
edge NN X O
technology NN X O
in IN X O
a DT X O
highly RB X O
respected VBN X O
organisation NN X O
with IN X O
access NN X O
to TO X O
unparalleled JJ X O
training NN X O
whilst NN X O
working VBG X O
in IN X O
a DT X O
challenging JJ X O
team NN X O
oriented VBD X O
environment NN X O
. . X O
Key NNP X O

working VBG X O
relationships NNS X O
: : X O
Staff NNP X O
and CC X O
students NNS X O
within IN X O
the DT X O
Department NNP X O
of IN X O
Computing NNP X O
in IN X O
particular JJ X O
the DT X O
Robot NNP X O
Vision NNP X O
Research NNP X O
Group NNP X O
, , X O
external JJ X O
collaborat NN X O
ion NN X O
partners NNS X O
. . X O
The DT X O

company NN X O
is VBZ X O
dedicated VBN X O
to TO X O
supporting VBG X O
and CC X O
motivating VBG X O
the DT X O
team NN X O
to TO X O
a DT X O
high JJ X O
standard NN X O
and CC X O
are VBP X O
eager JJ X O
to TO X O
meet VB X O
with IN X O
tenacious JJ X B-Skill
, , X O
high JJ X O
calibre NN X O
sales NNS X B-Domain
people NNS X O
with IN X O
a DT X O
track NN X B-Skill
record NN X I-Skill
in IN X I-Skill
closing VBG X I-Skill
high JJ X I-Skill
value NN X I-Skill
sales NNS X I-Skill
. . X O
You PRP X O

will MD X O
be VB X O
manipulating VBG X O
off RP X O
the DT X O
shelf NN X O
Content NNP X B-Skill
Management NNP X I-Skill
Systems NNPS X I-Skill
and CC X O
ecommerce VB X B-Skill
platforms NNS X I-Skill
rather RB X O
than IN X O
writing VBG X O
bespoke JJ X O
code NN X O
from IN X O
scratch NN X O
. . X O
Initially RB X O

you PRP X O
will MD X O
be VB X O
overseeing VBG X B-Skill
a DT X I-Skill
migration NN X I-Skill
to TO X I-Skill
the DT X I-Skill
latest JJS X I-Skill
platform NN X I-Skill
of IN X I-Skill
Dynamics NNP X I-Skill
NAV NNP X I-Skill
from IN X O
version NN X O
The DT X O

role NN X O
is VBZ X O
stand VBP X O
alone RB X O
so RB X O
you PRP X O
will MD X O
also RB X O
be VB X O
responsible JJ X O
for IN X O
development NN X B-Skill
work NN X O
to TO X O
build VB X B-Skill
out RP X I-Skill
the DT X I-Skill
platform NN X I-Skill
for IN X I-Skill
future JJ X I-Skill
trading NN X I-Skill
and CC X I-Skill
brokerage NN X I-Skill
projects NNS X O
the DT X O
company NN X O
undertakes VBZ X O
as IN X O
it PRP X O
expands VBZ X O
, , X O
such JJ X O
as IN X O
enhancing VBG X B-Skill
the DT X I-Skill
existing VBG X I-Skill
systems NNS X I-Skill
horizontal JJ X I-Skill
and CC X I-Skill
vertical JJ X I-Skill
scalability NN X I-Skill
, , X O
and CC X O
enabling VBG X O
direct JJ X B-Skill
integration NN X I-Skill
with IN X I-Skill
our PRP$ X I-Skill
clients NNS X I-Skill
existing VBG X I-Skill
systems NNS X I-Skill
and CC X I-Skill
user JJ X I-Skill
base NN X I-Skill
. . X O
For IN X O

further JJ X O
details NNS X O
or CC X O
a DT X O
confidential JJ X O
conversation NN X O
please NN X O
contact VB X O
me PRP X O
directly RB X O
: : X O
Doug NNP X O
Roberts NNP X O
Pharmaceutical NNP X O
, , X O
Healthcare NNP X O
& CC X O
CRO NNP X O
Division NNP X O
Statistics NNPS X O
, , X O
Biostatistics NNPS X O
& CC X O
Programming VBG X O
Tel NN X O
: : X O
[ NN X O
blocked VBD X O
] JJ X O
doug NN X O
. . X O
robertssecpharma NN X O
. . X O
com VB X O
Pharmaceutical NNP X O
, , X O
clinical JJ X O
trials NNS X O
, , X O
senior JJ X O
programmer NN X O
, , X O
statistical JJ X O
SAS NNP X O
programmer NN X O
, , X O
SAS NNP X O
, , X O
programmer NN X O
, , X O
programming NN X O
, , X O
CDISC NNP X O
, , X O
ADaM NNP X O
, , X O
SDTM NNP X O
, , X O
biostatistics NNS X O
, , X O
biostatistician NN X O
. . X O
The DT X O

ideal JJ X O
candidate NN X O
will MD X O
be VB X O
a DT X O
' POS X O
Time NNP X O
Served NNP X O
' POS X O
skilled VBD X O
CNC NNP X B-Occupation
Miller NNP X I-Occupation
or CC X O
Turner NNP X B-Occupation
with IN X O
experience NN X B-Skill
of IN X I-Skill
setting VBG X I-Skill
and CC X I-Skill
operating VBG X I-Skill
the DT X I-Skill
machine NN X I-Skill
with IN X I-Skill
Heidenhain NNP X I-Skill
, , X I-Skill
Fanuc NNP X I-Skill
or CC X I-Skill
Mazatrol NNP X I-Skill
/ NNP X I-Skill
Mazak NNP X I-Skill
controls VBZ X I-Skill
. . X O
CSS3 NNP X B-Skill

, , X I-Skill
PHP NNP X I-Skill
**** NNP X I-Skill
SQL NNP X I-Skill
, , X O
Javascript NNP X B-Skill
, , X I-Skill
jQuery NN X I-Skill
/ NN X I-Skill
Moo NNP X I-Skill
tools VBZ X I-Skill
plus CC X O
experience NN X O
with IN X O
IIS NNP X B-Skill
preferred VBD X O
. . X O
To TO X O

apply VB X O
for IN X O
the DT X O
role NN X O
of IN X O
Business NNP X B-Occupation
Development NNP X I-Occupation
Director NNP X I-Occupation
, , X O
please VB X O
apply VB X O
via IN X O
the DT X O
button NN X O
shown VBN X O
. . X O
P NNP X O

**** NNP X O
or CC X O
the DT X O
S NNP X O
****/ NNP X O
CCP NNP X O
qualifications NNS X O
, , X O
please VB X O
do VB X O
not RB X O
hesitate VB X O
to TO X O
call VB X O
us PRP X O
, , X O
as IN X O
we PRP X O
would MD X O
be VB X O
interested JJ X O
in IN X O
talking VBG X O
to TO X O
you PRP X O
. . X O
If IN X O

the DT X O
answer NN X O
is VBZ X O
yes RB X O
then RB X O
I PRP X O
have VBP X O
a DT X O
great JJ X O
assignment NN X O
that IN X O
I PRP X O
am VBP X O
sure JJ X O
will MD X O
be VB X O
of IN X O
interest NN X O
to TO X O
youOne CD X O
of IN X O
our PRP$ X O
NHS NNP X B-Domain
clients NNS X O
in IN X O
Yorkshire NNP X O
is VBZ X O
looking VBG X O
to TO X O
recruit VB X O
a DT X O
Senior NNP X B-Occupation
Clinical NNP X I-Occupation
Coder NNP X I-Occupation
to TO X O
join VB X O
their PRP$ X O
existing VBG X O
team NN X O
for IN X O
an DT X O
initial JJ X O
period NN X O
of IN X O
3 CD X O
months NNS X O
with IN X O
a DT X O
high JJ X O
likelihood NN X O
of IN X O
extension NN X O
The DT X O
rate NN X O
will MD X O
be VB X O
up RB X O
to TO X O
As IN X O

a DT X O
result NN X O
of IN X O
the DT X O
volume NN X O
of IN X O
applications NNS X O
, , X O
in IN X O
some DT X O
instances NNS X O
we PRP X O
are VBP X O
unable JJ X O
to TO X O
respond VB X O
with IN X O
individual JJ X O
feedback NN X O
. . X O
This DT X O

leading JJ X O
agency NN X O
is VBZ X O
attracting VBG X O
attention NN X O
for IN X O
its PRP$ X O
vacancies NNS X O
, , X O
please VB X O
don VB X O
t JJ X O
hesitate NN X O
to TO X O
submit VB X O
your PRP$ X O
C NNP X O
. . X O
V NNP X O
as IN X O
they PRP X O
re VBP X O
interviewing VBG X O
right RB X O
now RB X O
Front NNP X B-Occupation
End NNP X I-Occupation
Developer NNP X I-Occupation
This DT X O

is VBZ X O
a DT X O
role NN X O
for IN X O
someone NN X O
with IN X O
good JJ X B-Skill
motor NN X I-Skill
vehicle NN X I-Skill
knowledge NN X I-Skill
to TO X O
be VB X O
a DT X O
Warranty NNP X B-Occupation
Claims NNP X I-Occupation
Engineer NNP X I-Occupation
for IN X O
a DT X O
superb JJ X O
company NN X O
who WP X O
provide VBP X O
services NNS X O
to TO X O
prestigious JJ X O
Motor NNP X O
Manufacturers NNPS X O
. . X O
The DT X O

MD NNP X O
is VBZ X O
looking VBG X O
to TO X O
recruit VB X O
someone NN X O
with IN X O
a DT X O
professional JJ X B-Skill
and CC X I-Skill
mature JJ X I-Skill
approach NN X I-Skill
to TO X I-Skill
working VBG X I-Skill
a DT X I-Skill
team NN X I-Skill
player NN X I-Skill
, , X O
and CC X O
someone NN X O
who WP X O
is VBZ X O
willing JJ X O
to TO X O
' POS X O
roll VB X O
their PRP$ X O
sleeves NNS X O
up IN X O
' POS X O
and CC X O
be VB X O
hands NNS X B-Skill
on IN X I-Skill
within IN X I-Skill
the DT X I-Skill
department NN X I-Skill
. . X O
you PRP X O

will MD X O
be VB X O
expected VBN X O
to TO X O
identify VB X B-Skill
challenges NNS X I-Skill
and CC X I-Skill
growth NN X I-Skill
opportunities NNS X I-Skill
for IN X O
the DT X O
organisation NN X O
, , X O
so RB X O
as IN X O
to TO X O
develop VB X O
a DT X O
robust JJ X O
view NN X O
of IN X O
these DT X O
and CC X O
to TO X O
make VB X B-Skill
recommendations NNS X I-Skill
on IN X O
how WRB X O
to TO X O
approach VB X O
them PRP X O
. . X O
you PRP X O

must MD X O
also RB X O
be VB X O
IT NNP X B-Skill
literate NN X I-Skill
in IN X O
order NN X O
to TO X O
be VB X O
considered VBN X O
for IN X O
this DT X O
role NN X O
. . X O
If IN X O

you PRP X O
would MD X O
like VB X O
to TO X O
work VB X O
with IN X O
like JJ X O
minded VBN X O
professionals NNS X O
in IN X O
a DT X O
good JJ X O
team NN X O
environment NN X O
send VB X O
your PRP$ X O
CV NNP X O
now RB X O
to TO X O
rclarkesenitor VB X O
. . X O
com NN X O
or CC X O
call VB X O
Roisin NNP X O
on IN X O
Producing VBG X B-Skill

notification NN X I-Skill
of IN X I-Skill
sale NN X I-Skill
documents NNS X I-Skill
Also RB X O
carrying VBG X O
other JJ X O
duties NNS X O
as IN X O
required VBN X O
for IN X O
the DT X O
Lettings NNP X O
Account NNP X O
Manager NNP X O
, , X O
Branch NNP X O
Manager NNP X O
and CC X O
Directors NNP X O
. . X O
Attend JJ X B-Skill

clients NNS X I-Skill
both DT X I-Skill
in IN X I-Skill
person NN X I-Skill
and CC X I-Skill
on IN X I-Skill
the DT X I-Skill
telephone NN X I-Skill
and CC X O
to TO X O
provide VB X O
such JJ X O
support NN X O
in IN X O
a DT X O
professional JJ X B-Skill
and CC X O
friendly JJ X B-Skill
manner NN X O
in IN X O
keeping VBG X O
with IN X O
the DT X O
firms NNS X O
standards NNS X O
for IN X O
client NN X B-Skill
care NN X I-Skill
. . X O
With IN X O

a DT X O
variety NN X O
of IN X O
shift NN X O
patterns NNS X O
available JJ X O
and CC X O
future JJ X O
expansion NN X O
of IN X O
the DT X O
hospital NN X O
planned VBD X O
this DT X O
is VBZ X O
an DT X O
excellent JJ X O
opportunity NN X O
to TO X O
join VB X O
this DT X O
dynamic JJ X O
and CC X O
progressive JJ X O
organisation NN X O
. . X O
You PRP X O

should MD X O
be VB X O
fully RB X O
conversant JJ X B-Skill
in IN X I-Skill
health NN X I-Skill
and CC X I-Skill
safety NN X I-Skill
legislation NN X I-Skill
and CC X O
be VB X O
systems NNS X B-Skill
and CC X I-Skill
standards NNS X I-Skill
driven VBN X I-Skill
. . X O
To TO X O

maintain VB X B-Skill
accurate JJ X I-Skill
and CC X I-Skill
complete JJ X I-Skill
records NNS X I-Skill
of IN X I-Skill
all DT X I-Skill
findings NNS X I-Skill
. . X O
Collation NN X B-Skill

of IN X I-Skill
all DT X I-Skill
inputs NNS X I-Skill
to TO X I-Skill
the DT X I-Skill
financial JJ X I-Skill
model NN X I-Skill
amp NN X I-Skill
; : X O
ensure VB X B-Skill
development NN X I-Skill
of IN X I-Skill
robust JJ X I-Skill
models NNS X I-Skill
Development NNP X I-Skill
of IN X I-Skill
financial JJ X I-Skill
model NN X I-Skill
tax NN X I-Skill
and CC X I-Skill
accounting NN X I-Skill
treatment NN X I-Skill
to TO X I-Skill
ensure VB X I-Skill
consistency NN X I-Skill
with IN X I-Skill
current JJ X I-Skill
group NN X I-Skill
policy NN X I-Skill
Revisions NNP X I-Skill
to TO X I-Skill
the DT X I-Skill
financial JJ X I-Skill
model NN X I-Skill
post NN X I-Skill
financial JJ X I-Skill
close RB X I-Skill
to TO X I-Skill
reflect VB X I-Skill
company NN X I-Skill
results NNS X I-Skill
and CC X I-Skill
tax NN X I-Skill
and CC X I-Skill
accounting NN X I-Skill
changes NNS X I-Skill
Drive NNP X B-Skill

change NN X I-Skill
and CC X O
influence NN X B-Skill
managers NNS X I-Skill
to TO X O
take VB X O
ownership NN X O
of IN X O
day NN X B-Domain
to TO X I-Domain
day NN X I-Domain
training VBG X I-Domain
to TO X O
embed VB X B-Skill
a DT X I-Skill
real JJ X I-Skill
learning JJ X I-Skill
culture NN X I-Skill
across IN X O
the DT X O
site NN X O
. . X O
Key NNP X O

Attributes NNP X O
Assistant NNP X B-Occupation
Manager NNP X I-Occupation
Theme NNP X B-Domain
Bar NNP X I-Domain
and CC X O
Restaurant NNP X B-Domain
: : X O
Ideally NNP X O
you PRP X O
will MD X O
already RB X O
be VB X O
from IN X O
a DT X O
branded JJ X B-Domain
Pub NNP X I-Domain
or CC X O
Bar NNP X B-Domain
with IN X O
previous JJ X O
experience NN X O
as IN X O
an DT X O
Assistant NNP X B-Occupation
Manager NNP X I-Occupation
/ NNP X O
Assistant NNP X B-Domain
Restaurant NNP X I-Domain
Manager NNP X I-Domain
. . X O
The DT X O

Agency NN X O
: : X O
My PRP$ X O
client NN X O
provides VBZ X O
the DT X O
best JJS X O
expertise NN X O
in IN X O
the DT X O
market NN X O
for IN X O
global JJ X O
clients NNS X O
within IN X O
event NN X B-Skill
production NN X I-Skill
, , X I-Skill
marketing NN X I-Skill
and CC X I-Skill
experiential NN X I-Skill
. . X O
This DT X O

is VBZ X O
a DT X O
great JJ X O
opportunity NN X O
for IN X O
an DT X O
experienced JJ X B-Skill
wholesle NN X I-Skill
expert NN X I-Skill
with IN X O
a DT X O
strong JJ X O
understanding NN X O
of IN X O
production NN X B-Skill
planning NN X I-Skill
, , X O
stock NN X B-Skill
management NN X I-Skill
, , X O
and CC X O
working VBG X B-Skill
with IN X I-Skill
regional JJ X I-Skill
hib NN X I-Skill
offices NNS X I-Skill
across IN X I-Skill
the DT X I-Skill
globe NN X I-Skill
. . X O
This DT X O

will MD X O
include VB X O
taking VBG X B-Skill
responsibility NN X I-Skill
for IN X I-Skill
absence NN X I-Skill
management NN X I-Skill
including VBG X O
updating VBG X B-Skill
the DT X I-Skill
time NN X I-Skill
and CC X I-Skill
attendance NN X I-Skill
system NN X I-Skill
. . X O
Review VB X B-Skill

the DT X I-Skill
clients NNS X I-Skill
Invitation NNP X I-Skill
to TO X I-Skill
Tender NNP X I-Skill
and CC X O
distribute VB X B-Skill
to TO X I-Skill
all DT X I-Skill
contributing JJ X I-Skill
persons NNS X I-Skill
and CC X I-Skill
departments NNS X I-Skill
. . X O
You PRP X O

will MD X O
also RB X O
be VB X O
able JJ X O
to TO X O
demonstrate VB X B-Skill
how WRB X O
you PRP X O
have VBP X O
improved VBN X O
processes NNS X O
in IN X O
previous JJ X O
roles NNS X O
; : X O
even RB X O
in IN X O
environments NNS X O
where WRB X O
the DT X O
current JJ X O
processes NNS X O
have VBP X O
already RB X O
been VBN X O
strong JJ X O
. . X O
**** JJ X O

familiarity NN X O
with IN X O
cooking NN X B-Skill
for IN X I-Skill
special JJ X I-Skill
dietary JJ X I-Skill
requirements NNS X I-Skill
essential JJ X O
. . X O
**** JJ X O

people NNS X O
from IN X O
a DT X O
range NN X O
of IN X O
departments NNS X O
with IN X O
typical JJ X O
durations NNS X O
of IN X O
projects NNS X O
of IN X O
up IN X O
to TO X O
18 CD X O
months NNS X O
. . X O
As IN X O

part NN X O
of IN X O
the DT X O
global JJ X O
Flight NNP X O
Centre NNP X O
Group NNP X O
, , X O
we PRP X O
also RB X O
offer VBP X O
our PRP$ X O
Business NNP X O
Travel NNP X O
Consultants NNP X O
awardwinning VBG X O
benefits NNS X O
including VBG X O
: : X O
Uncapped JJ X O
commission NN X O
structure NN X O
and CC X O
business NN X O
ownership NN X O
scheme NN X O
The DT X O

Role NNP X O
You PRP X O
will MD X O
support VB X B-Skill
a DT X I-Skill
range NN X I-Skill
of IN X I-Skill
local JJ X I-Skill
clients NNS X I-Skill
, , X O
focusing VBG X O
on IN X O
employability NN X O
and CC X O
specific JJ X O
skills NNS X O
training VBG X O
including VBG X O
: : X O
Health NNP X O
Safety NNP X O
, , X O
This DT X O

role NN X O
includes VBZ X O
method FW X B-Skill
development NN X I-Skill
, , X O
validation NN X B-Skill
, , X O
sample JJ X B-Skill
preparation NN X I-Skill
, , X O
analysis NN X B-Skill
using VBG X O
NMR NNP X O
training NN X O
will MD X O
be VB X O
provided VBN X O
and CC X O
other JJ X O
technologies NNS X B-Domain
, , X O
data NNS X B-Skill
processing NN X I-Skill
and CC X O
reporting NN X B-Skill
. . X O
**** NN X O

GCSEs NNP X B-Qualification
grade VBD X I-Qualification
C NNP X I-Qualification
or CC X I-Qualification
above IN X I-Qualification
, , X O
which WDT X O
must MD X O
include VB X O
numeric JJ X B-Skill
and CC X O
literacy JJ X B-Skill
subjects NNS X O
or CC X O
NVQ NNP X B-Qualification
Level NNP X I-Qualification
3 CD X I-Qualification
in IN X I-Qualification
Business NNP X I-Qualification
Administration NNP X I-Qualification
or CC X O
equivalent VB X O
higher JJR X O
educational JJ X B-Qualification
qualification NN X I-Qualification
. . X O
The DT X O

role NN X O
requires VBZ X O
experience NN X O
with IN X O
: : X O
Commercial JJ X B-Skill
Experience NN X I-Skill
with IN X I-Skill
Web NNP X I-Skill
applications NNS X I-Skill
/ VBP X O
During IN X O

the DT X O
last JJ X O
decades NNS X O
they PRP X O
have VBP X O
become VBN X O
a DT X O
significant JJ X O
international JJ X O
player NN X O
in IN X O
the DT X O
offshore JJ X B-Domain
oil NN X I-Domain
and CC X O
gas NN X B-Domain
construction NN X I-Domain
industry NN X O
. . X O
Do NNP X O

check VB X O
my PRP$ X O
personal JJ X O
blog NN X O
and CC X O
LinkedIn NNP X O
profile VBP X O
out RP X O
for IN X O
all PDT X O
the DT X O
hottest JJS X O
media NNS X O
jobs NNS X O
, , X O
This DT X O

role NN X O
is VBZ X O
immediate JJ X O
so RB X O
please JJ X O
send VB X O
your PRP$ X O
C NNP X O
. . X O
V NNP X O
, , X O
or CC X O
call VB X O
N NNP X O
Would MD X O

you PRP X O
like VB X O
to TO X O
work VB X O
for IN X O
a DT X O
well RB X O
known VBN X O
reputable JJ X O
tour NN X O
operator NN X O
? . X O
/ VB X O

A NNP X O
Meridian JJ X O
Business NNP X O
Support NNP X O
are VBP X O
acting VBG X O
on IN X O
behalf NN X O
of IN X O
our PRP$ X O
Clients NNS X O
as IN X O
a DT X O
Recruitment NNP X O
Agency NNP X O
. . X O
Working VBG X O

closely RB X O
with IN X O
the DT X O
Sales NNS X B-Domain
and CC X O
Account NNP X B-Domain
Management NNP X I-Domain
team NN X O
, , X O
your PRP$ X O
role NN X O
will MD X O
involve VB X O
liaising NN X B-Skill
and CC X I-Skill
building NN X I-Skill
relationships NNS X I-Skill
both DT X I-Skill
inside IN X I-Skill
and CC X I-Skill
outside IN X I-Skill
of IN X I-Skill
the DT X I-Skill
organisation NN X I-Skill
, , X O
and CC X O
to TO X O
contribute VB X O
to TO X O
the DT X O
strategic JJ X B-Skill
marketing NN X I-Skill
plan NN X I-Skill
to TO X O
drive VB X B-Skill
forward NNS X I-Skill
agreed VBD X I-Skill
company NN X I-Skill
objectives NNS X I-Skill
. . X O
Is VBZ X O

hard JJ X B-Skill
working VBG X I-Skill
, , X O
dynamic JJ X B-Skill
and CC X O
looking VBG X O
for IN X O
an DT X O
exciting JJ X O
challenge NN X O
. . X O
factory NN X O

standards NNS X O
including VBG X O
health NN X O
ll NN X O
ideally RB X O
be VB X O
educated VBN X O
to TO X O
ONC NNP X B-Qualification
/ NNP X I-Qualification
HNC NNP X I-Qualification
in IN X I-Qualification
Engineering NNP X I-Qualification
or CC X O
have VBP X O
the DT X O
relevant JJ X O
equivalent JJ X B-Skill
experience NN X I-Skill
. . X O
To TO X O

apply VB X O
: : X O
Please NNP X O
visit VB X O
our PRP$ X O
website JJ X O
nationaltrustjobs NN X O
. . X O
org NN X O
. . X O
uk JJ X O
and CC X O
search NN X O
for IN X O
Seasonal NNP X O
Vacancies NNS X O
You PRP X O

will MD X O
required VB X O
a DT X O
checkable JJ X O
work NN X O
/ NNP X O
back RB X O
to TO X O
school NN X O
history NN X O
for IN X O
security NN X O
clearance NN X O
. . X O
The DT X O

highest JJS X O
standards NNS X O
of IN X O
personal JJ X B-Skill
health NN X I-Skill
and CC X I-Skill
hygiene NN X I-Skill
to TO X O
be VB X O
maintained VBN X O
at IN X O
all DT X O
times NNS X O
. . X O
but CC X O

if IN X O
you PRP X O
have VBP X O
not RB X O
heard VBN X O
from IN X O
us PRP X O
within IN X O
3 CD X O
working VBG X O
days NNS X O
then RB X O
please VB X O
accept VB X O
that IN X O
your PRP$ X O
application NN X O
is VBZ X O
not RB X O
going VBG X O
to TO X O
proceed VB X O
further RB X O
Knowledge NNP X B-Skill

of IN X I-Skill
commercial JJ X I-Skill
vehicle NN X I-Skill
repairs NNS X I-Skill
, , X I-Skill
standard JJ X I-Skill
times NNS X I-Skill
and CC X I-Skill
road NN X I-Skill
transport NN X I-Skill
operations NNS X I-Skill
. . X O
design NN X B-Skill

Exhibits NNS X I-Skill
confidence NN X I-Skill
and CC X O
an DT X O
extensive JJ X O
knowledge NN X O
of IN X O
emerging VBG X B-Skill
industry NN X I-Skill
practices NNS X I-Skill
within IN X O
Manufacturing NNP X B-Domain
/ NNP X I-Domain
Quality NNP X I-Domain
ensuring VBG X O

that IN X O
issues NNS X B-Skill
and CC X I-Skill
requests NNS X I-Skill
are VBP X I-Skill
resolved VBN X I-Skill
to TO X I-Skill
agreed VB X I-Skill
timescales NNS X I-Skill
and CC X O
to TO X O
the DT X O
satisfaction NN X O
of IN X O
the DT X O
end NN X O
user NN X O
. . X O
Will MD X O

be VB X O
able JJ X O
to TO X O
nurture VB X O
and CC X O
develop VB X O
the DT X O
skills NNS X O
of IN X O
your PRP$ X O
team NN X O
Salary NNP X O
Benefits NNP X O
35 CD X O
, , X O
000 CD X O
per IN X O
annum NN X O
basic JJ X O
salary JJ X O
Live NNP X O
in IN X O
accommodation NN X O
available JJ X O
Bonus NNP X O
and CC X O
Incentive NNP X O
programme NN X O
Take VB X O

a DT X O
lead NN X B-Skill
in IN X I-Skill
issue NN X I-Skill
and CC X O
defect JJ X B-Skill
escalation NN X I-Skill
and CC X I-Skill
resolution NN X I-Skill
**** JJ X O

highly RB X O
motivated JJ X B-Skill
biologists NNS X B-Occupation
to TO X O
be VB X O
part NN X O
of IN X O
a DT X O
BioPharma NNP X O
experienced VBD X O
, , X O
multidisciplinary JJ X O
team NN X O
in IN X O
the DT X O
DDU NNP X O
. . X O
The DT X O

successful JJ X O
candidate NN X O
will MD X O
have VB X O
opportunity NN X O
for IN X O
further JJ X O
training NN X O
and CC X O
development NN X O
whilst NN X O
at IN X O
the DT X O
hospital NN X O
, , X O
as RB X O
well RB X O
as IN X O
a DT X O
fantastic JJ X O
benefits NNS X O
package NN X O
. . X O
To TO X O

adhere VB X B-Skill
to TO X I-Skill
business NN X I-Skill
charter NN X I-Skill
Health NNP X B-Domain
and CC X O
Safety NNP X B-Domain
maintaining VBG X B-Skill
a DT X I-Skill
safe JJ X I-Skill
working NN X I-Skill
environment NN X I-Skill
. . X O
To TO X O

be VB X O
considered VBN X O
for IN X O
this DT X O
fantastic JJ X O
role NN X O
, , X O
send VB X O
your PRP$ X O
CV NNP X O
along IN X O
with IN X O
a DT X O
PDF NNP X O
or CC X O
link VB X O
to TO X O
your PRP$ X O
portfolio NN X O
to TO X O
cassie VB X O
. . X O
stubbsdynamicnewalliances NNS X O
. . X O
com NN X O
. . X O
Commercial JJ X O

: : X O
to TO X O
define VB X B-Skill
and CC X I-Skill
implement VB X I-Skill
long RB X I-Skill
and CC X I-Skill
short JJ X I-Skill
term NN X I-Skill
strategies NNS X I-Skill
for IN X I-Skill
the DT X I-Skill
department NN X I-Skill
, , X O
focusing VBG X O
on IN X O
improving VBG X B-Skill
sales NNS X I-Skill
and CC X I-Skill
stock NN X I-Skill
turnover NN X I-Skill
wherever WRB X I-Skill
possible JJ X I-Skill
HSON NNP X O

is VBZ X O
a DT X O
leading VBG X O
provider NN X O
of IN X O
specialised VBN X O
, , X O
professional JJ X O
recruitment NN X O
, , X O
contract NN X O
professionals NNS X O
and CC X O
talent NN X O
management NN X O
services NNS X O
worldwide NN X O
. . X O
Duties NNS X O

include VBP X O
: : X O
Responsible JJ X O
for IN X O
planning NN X B-Skill
and CC X I-Skill
leading VBG X I-Skill
a DT X I-Skill
range NN X I-Skill
of IN X I-Skill
audits NNS X I-Skill
and CC X I-Skill
projects NNS X I-Skill
Audit NNP X I-Skill
methodology NN X I-Skill
will MD X O
be VB X O
riskbased VBN X O
to TO X O
enable VB X O
efficient JJ X B-Skill
and CC X I-Skill
effective JJ X I-Skill
planning NN X I-Skill
, , X O
execution NN X B-Skill
and CC X I-Skill
reporting NN X I-Skill
of IN X I-Skill
complex JJ X I-Skill
audit NN X I-Skill
assignments NNS X I-Skill
. . X O
Job NNP X O

Purpose NNP X O
: : X O
To TO X O
run VB X B-Skill
a DT X I-Skill
profitable JJ X I-Skill
desk NN X I-Skill
and CC X I-Skill
achieve VB X I-Skill
Medacs NNP X I-Skill
healthcare NN X I-Skill
business NN X I-Skill
objectives NNS X I-Skill
through IN X I-Skill
successfully RB X I-Skill
getting VBG X I-Skill
the DT X I-Skill
right JJ X I-Skill
candidate NN X I-Skill
in IN X I-Skill
to TO X I-Skill
the DT X I-Skill
right NN X I-Skill
jobs NNS X I-Skill
and CC X I-Skill
building NN X I-Skill
closer NN X I-Skill
long JJ X I-Skill
term NN X I-Skill
client NN X I-Skill
relationships NNS X I-Skill
Key NNP X O
Result NNP X O
Areas NNP X O
To TO X O
maintain VB X B-Skill
regular JJ X I-Skill
contact NN X I-Skill
with IN X I-Skill
candidates NNS X I-Skill
, , X O
build VB X B-Skill
lasting JJ X I-Skill
relationships NNS X I-Skill
and CC X O
keep VB X B-Skill
them PRP X I-Skill
fully RB X I-Skill
informed VBN X I-Skill
of IN X I-Skill
all DT X I-Skill
new JJ X I-Skill
work NN X I-Skill
opportunities NNS X I-Skill
and CC X I-Skill
details NNS X I-Skill
of IN X I-Skill
confirmed VBN X I-Skill
jobs NNS X I-Skill
To TO X O
put VB X B-Skill
candidates NNS X I-Skill
forward RB X I-Skill
for IN X I-Skill
work NN X I-Skill
at IN X I-Skill
every DT X I-Skill
opportunity NN X I-Skill
and CC X I-Skill
complete VB X I-Skill
the DT X I-Skill
process NN X I-Skill
either DT X I-Skill
to TO X I-Skill
confirmation NN X I-Skill
or CC X I-Skill
rejection NN X I-Skill
A DT X O

strong JJ X O
desire NN X B-Skill
to TO X I-Skill
learn VB X I-Skill
and CC X I-Skill
to TO X I-Skill
gain VB X I-Skill
a DT X I-Skill
deep JJ X I-Skill
understanding NN X I-Skill
of IN X I-Skill
the DT X I-Skill
work NN X I-Skill
of IN X I-Skill
the DT X I-Skill
department NN X I-Skill
. . X O
Key NNP X O

Skills NNP X O
required VBN X O
: : X O
Working VBG X B-Skill
with IN X I-Skill
a DT X I-Skill
customer NN X I-Skill
focused VBN X I-Skill
team NN X I-Skill
and CC X O
have VBP X O
good JJ X O
customer NN X B-Skill
liaison NN X I-Skill
skills NNS X O
. . X O
We PRP X O

are VBP X O
looking VBG X O
for IN X O
CNC NNP X B-Occupation
Millers NNP X I-Occupation
, , X O
who WP X O
can MD X O
Programme NNP X B-Skill
, , X I-Skill
Set NNP X I-Skill
and CC X I-Skill
Operate NNP X I-Skill
using VBG X I-Skill
FANUC NNP X I-Skill
programme NN X I-Skill
. . X O
To TO X O

coordinate VB X O
the DT X O
allocation NN X O
of IN X O
training NN X O
resources NNS X O
within IN X O
the DT X O
PGTE NNP X O
building NN X O
. . X O
For IN X O

more JJR X O
information NN X O
please NN X O
contact NN X O
Graham NNP X O
Feegan NNP X O
on IN X O
grahamitexecutive NN X O
. . X O
com NN X O
or CC X O
call VB X O
Demonstrate NNP X O

principles NNS X B-Skill
of IN X I-Skill
accountable JJ X I-Skill
practice NN X I-Skill
Possess NNP X I-Skill
Equipment NNP X I-Skill
and CC X I-Skill
Medical NNP X I-Skill
Devices NNP X I-Skill
Competences NNP X I-Skill
English NNP X I-Skill
language NN X I-Skill
to TO X I-Skill
IELTS VB X I-Skill
If IN X O

you PRP X O
are VBP X O
interested JJ X O
in IN X O
this DT X O
position NN X O
, , X O
APPLY NNP X O
NOW NNP X O
Please NNP X O
forward RB X O
your PRP$ X O
CV NN X O
with IN X O
a DT X O
covering VBG X O
letter NN X O
outlining VBG X O
your PRP$ X O
relevant JJ X O
experience NN X O
and CC X O
salary NN X O
details NNS X O
. . X O
CIPS NNP X O

Training NNP X O
Cast NNP X O
UK NNP X O
who WP X O
is VBZ X O
a DT X O
leading JJ X O
independent JJ X O
consultancy NN X B-Domain
business NN X O
, , X O
which WDT X O
specialises VBZ X O
in IN X O
Management NNP X B-Skill
and CC X O
Executive NNP X B-Skill
Procurement NNP X I-Skill
, , X O
Supply NNP X B-Skill
Chain NNP X I-Skill
, , X O
Logistics NNP X B-Skill
recruitment NN X I-Skill
, , X O
is VBZ X O
advertising VBG X O
this DT X O
vacancy NN X O
. . X O
You PRP X O

will MD X O
then RB X O
be VB X O
sent VBN X O
a DT X O
web NN X O
link NN X O
to TO X O
an DT X O
online JJ X O
application NN X O
form NN X O
. . X O
They PRP X O

need VBP X O
to TO X O
be VB X O
Chartered VBN X B-Skill
with IN X I-Skill
ICE NNP X I-Skill
and CC X O
must MD X O
have VB X O
a DT X O
mixture NN X O
of IN X O
skills NNS X O
being VBG X O
not RB X O
only RB X O
a DT X O
technical JJ X B-Occupation
Engineer NN X I-Occupation
but CC X O
also RB X O
have VBP X O
the DT X O
potential JJ X O
to TO X B-Skill
service NN X I-Skill
and CC X I-Skill
develop VB X I-Skill
existing VBG X I-Skill
and CC X I-Skill
new JJ X I-Skill
clients NNS X I-Skill
as RB X O
well RB X O
as IN X O
grow VB X B-Skill
a DT X I-Skill
civil JJ X I-Skill
s NN X I-Skill
team NN X I-Skill
over IN X O
the DT X O
next JJ X O
few JJ X O
years NNS X O
. . X O
The DT X O

ability NN X O
to TO X O
demonstrate VB X O
a DT X B-Skill
professional JJ X I-Skill
attitude NN X I-Skill
at IN X O
all DT X O
times NNS X O
when WRB X O
dealing VBG X O
with IN X O
clients NNS X O
and CC X O
colleagues NNS X O
. . X O
You PRP X O

could MD X O
say VB X O
that IN X O
inspiring VBG X O
people NNS X O
to TO X O
fulfil VB X O
their PRP$ X O
potential NN X O
is VBZ X O
what WP X O
we PRP X O
do VBP X O
best RB X O
, , X O
whether IN X O
it PRP X O
' '' X O
s NN X O
in IN X O
the DT X O
workplace NN X O
or CC X O
in IN X O
the DT X O
home NN X O
. . X O
Being VBG X O

one CD X O
of IN X O
the DT X O
market NN X O
leaders NNS X O
and CC X O
with IN X O
full JJ X O
order NN X O
books NNS X O
they PRP X O
are VBP X O
now RB X O
looking VBG X O
for IN X O
a DT X O
Mechanical JJ X B-Occupation
Draughter NN X I-Occupation
to TO X O
enable VB X B-Skill
to TO X I-Skill
company NN X I-Skill
to TO X I-Skill
continue VB X I-Skill
its PRP$ X I-Skill
market NN X I-Skill
dominance NN X I-Skill
. . X O
The DT X O

main JJ X O
part NN X O
of IN X O
the DT X O
role NN X O
will MD X O
be VB X O
to TO X O
liaise VB X B-Skill
with IN X I-Skill
colleagues NNS X I-Skill
at IN X I-Skill
all DT X I-Skill
levels NNS X I-Skill
in IN X O
order NN X O
to TO X O
put VB X O
together RB X O
Requests NNP X O
for IN X O
Information NNP X O
, , X O
Tenders NNP X O
and CC X O
Proposals NNP X O
for IN X O
major JJ X O
clients NNS X O
as IN X O
part NN X O
of IN X O
the DT X O
project NN X O
team NN X O
. . X O
A DT X O

passion NN X O
for IN X O
delivering VBG X B-Skill
value NN X I-Skill
to TO X I-Skill
customers NNS X I-Skill
both DT X I-Skill
internally RB X I-Skill
and CC X I-Skill
externally RB X I-Skill
Ability NNP X O
to TO X O
think VB X B-Skill
quickly RB X I-Skill
on IN X I-Skill
your PRP$ X I-Skill
feet NNS X I-Skill
and CC X O
work NN X B-Skill
in IN X I-Skill
a DT X I-Skill
highly RB X I-Skill
pressurised VBN X I-Skill
environment NN X I-Skill
Experience NN X O

in IN X O
a DT X O
retail JJ X B-Domain
environment NN X O
or CC X O
supervisory JJ X B-Domain
role NN X O
is VBZ X O
essential JJ X O
. . X O
*** CD X B-Experience

years NNS X I-Experience
Clinical JJ X O
Coding NNP X O
experience NN X B-Experience
coding VBG X B-Skill
across IN X I-Skill
a DT X I-Skill
wide JJ X I-Skill
range NN X I-Skill
of IN X I-Skill
specialities NNS X I-Skill
and CC X O
have VBP X O
an DT X O
excellent JJ X O
track NN X O
record NN X O
in IN X O
terms NNS X O
of IN X O
your PRP$ X O
coding VBG X B-Skill
accuracy NN X I-Skill
and CC X O
productivity NN X B-Skill
A NNP X O
start NN X O
date NN X O
within IN X O
the DT X O
next JJ X O
4 CD X O
weeks NNS X O
is VBZ X O
vital JJ X O
, , X O
however RB X O
we PRP X O
are VBP X O
constantly RB X O
picking VBG X O
up RP X O
new JJ X O
opportunities NNS X O
nationally RB X O
so RB X O
if IN X O
you PRP X O
aren VBP X O
` `` X O
t RB X O
available JJ X O
in IN X O
this DT X O
location NN X O
or CC X O
within IN X O
this DT X O
time NN X O
frame NN X O
then RB X O
do VBP X O
get VB X O
in IN X O
touch JJ X O
anyway RB X O
as IN X O
I PRP X O
am VBP X O
sure JJ X O
we PRP X O
will MD X O
have VB X O
other JJ X O
opportunities NNS X O
that WDT X O
will MD X O
be VB X O
of IN X O
interest NN X O
to TO X O
you PRP X O
in IN X O
the DT X O
futureIf NN X O
Do VBP X O

you PRP X O
have VB X O
good JJ X O
working VBG X O
knowledge NN X O
of IN X O
Microsoft NNP X B-Skill
Excel NNP X I-Skill
? . X O
You PRP X O

enjoy VBP X O
the DT X O
buzz NN X O
of IN X O
running VBG X O
shifts NNS X O
and CC X O
love VB X O
spending NN X O
time NN X O
setting VBG X B-Skill
and CC X I-Skill
reviewing VBG X I-Skill
goals NNS X I-Skill
for IN X I-Skill
your PRP$ X I-Skill
staff NN X I-Skill
and CC X I-Skill
supervisors NNS X I-Skill
. . X O
We PRP X O

are VBP X O
looking VBG X O
for IN X O
an DT X O
experienced JJ X B-Skill
Operations NNP X B-Occupation
Manager NNP X I-Occupation
as IN X O
this DT X O
is VBZ X O
for IN X O
a DT X O
large JJ X O
UK NNP X O
wide JJ X O
Key NNP X O
B NNP X O
& CC X O
I PRP X O
Account VBP X O
, , X O
however RB X O
the DT X O
patch NN X O
this DT X O
role NN X O
will MD X O
be VB X O
responsible JJ X O
for IN X O
will MD X O
cover VB X O
from IN X O
Sunderland NNP X O
to TO X O
the DT X O
Isle NNP X O
of IN X O
Man NNP X O
, , X O
Leeds NNP X O
, , X O
Halifax NNP X O
and CC X O
the DT X O
North NNP X O
West NNP X O
. . X O
This DT X O

highly RB X O
successful JJ X O
organization NN X O
offer VBP X O
an DT X O
excellent JJ X O
working NN X O
environment NN X O
, , X O
career NN X O
development NN X O
and CC X O
a DT X O
good JJ X O
benefit NN X O
package NN X O
. . X O
Privately RB X O

owned VBN X O
and CC X O
now RB X O
in IN X O
their PRP$ X O
19th CD X O
year NN X O
of IN X O
trading NN X O
they PRP X O
have VBP X O
an DT X O
impressive JJ X O
offering NN X O
and CC X O
are VBP X O
growing VBG X O
well RB X O
in IN X O
various JJ X O
areas NNS X O
of IN X O
the DT X O
business NN X O
. . X O
You PRP X O

will MD X O
have VB X O
the DT X O
opportunity NN X B-Skill
to TO X I-Skill
teach VB X I-Skill
students NNS X I-Skill
who WP X I-Skill
are VBP X I-Skill
keen JJ X I-Skill
to TO X I-Skill
learn VB X I-Skill
and CC X I-Skill
take VB X I-Skill
the DT X I-Skill
most RBS X I-Skill
from IN X I-Skill
their PRP$ X I-Skill
education NN X I-Skill
. . X O
Please VB X O

visit VB X O
our PRP$ X O
website NN X O
at IN X O
www NN X O
. . X O
bmsgraduates NNS X O
. . X O
com NN X O
or CC X O
call VB X O
Sharon NNP X O
Wright NNP X O
Must NNP X O

have VBP X O
experience NN X O
in IN X O
Multi NNP X B-Domain
Modal NNP X I-Domain
Freight NNP X I-Domain
Forwarding NNP X I-Domain
Sales NNS X I-Domain
18 CD X O

hours NNS X O
per IN X O
week NN X O
Job NNP X O
Summary NNP X O
: : X O
Soundskills NNP X O
is VBZ X O
a DT X O
well RB X O
established VBN X O
community NN X O
centre NN X O
that WDT X O
is VBZ X O
run VBN X O
by IN X O
the DT X O
charity NN X B-Domain
Brookfield NNP X O
Spaceplace NNP X O
. . X O
This DT X O

role NN X O
is VBZ X O
to TO X O
start VB X O
ASAP NNP X O
and CC X O
will MD X O
pay VB X O
Great NNP X O

communication NN X B-Skill
skills VBZ X I-Skill
A DT X O
determination NN X B-Skill
to TO X I-Skill
learn VB X I-Skill
and CC X O
the DT X O
ambition NN X B-Skill
to TO X O
progress VB X O
The DT X O
desire NN X O
to TO X O
progress VB X O
from IN X O
Sous JJ X B-Occupation
Chef NNP X I-Occupation
to TO X O
become VB X O
a DT X O
great JJ X O
Head NN X B-Occupation
Chef NNP X I-Occupation
What WP X O
we PRP X O
offer VBP X O
Highly JJ X O
competitive JJ X O
Sous NNP X B-Occupation
Chef NNP X I-Occupation
salary NN X O
Scheme NNP X O

management NN X O
collective JJ X B-Skill
responsibility NN X I-Skill
for IN X I-Skill
ensuring VBG X I-Skill
claim NN X I-Skill
payments NNS X I-Skill
are VBP X I-Skill
made VBN X I-Skill
within IN X I-Skill
department NN X I-Skill
time NN X I-Skill
scales NNS X I-Skill
SKILL NNP X O
REQUIREMENTS NNP X O
City NNP X B-Skill
& CC X I-Skill
Guilds NNP X I-Skill
in IN X I-Skill
Motor NNP X I-Skill
vehicles NNS X I-Skill
or CC X I-Skill
equivalent JJ X I-Skill
NVQ NNP X I-Skill
, , X O
AQA NNP X B-Skill
, , X O
IMI NNP X B-Skill
essential NN X O
Ensure NN X B-Skill

all DT X I-Skill
statutory JJ X I-Skill
and CC X I-Skill
mandatory JJ X I-Skill
training NN X I-Skill
is VBZ X I-Skill
completed VBN X I-Skill
and CC X I-Skill
appropriate JJ X I-Skill
records NNS X I-Skill
are VBP X I-Skill
kept VBN X I-Skill
. . X O
. . X O
The DT X O

ability NN X O
to TO X O
engage VB X B-Skill
with IN X I-Skill
a DT X I-Skill
diverse JJ X I-Skill
community NN X I-Skill
of IN X I-Skill
people NNS X I-Skill
Previous JJ X O
experience NN X B-Skill
or CC X I-Skill
an DT X I-Skill
appreciation NN X I-Skill
of IN X I-Skill
housing NN X I-Skill
sector NN X I-Skill
issues NNS X I-Skill
would MD X O
be VB X O
advantageous JJ X O
A DT X O
background NN X B-Skill
in IN X I-Skill
counselling VBG X I-Skill
You PRP X O

will MD X O
be VB X O
working VBG X O
in IN X O
a DT X O
professional JJ X O
yet RB X O
informal JJ X O
atmosphere NN X O
with IN X O
superb JJ X O
career NN X O
growth NN X O
opportunities NNS X O
. . X O
You PRP X O

will MD X O
be VB X O
working VBG X O
on IN X O
a DT X O
multi NN X O
million CD X O
pound NN X O
project NN X O
, , X O
upgrading VBG X B-Skill
the DT X I-Skill
road NN X I-Skill
and CC X I-Skill
relevant JJ X I-Skill
infrastructure NN X I-Skill
. . X O
Chemical NNP X B-Skill

analysis NN X I-Skill
of IN X I-Skill
soil NN X I-Skill
water NN X I-Skill
and CC X I-Skill
passive JJ X I-Skill
ammonia NN X I-Skill
samplers NNS X I-Skill
using VBG X O
an DT X O
Ion NNP X B-Skill
chromatograph NN X I-Skill
and CC X I-Skill
AMFIA NNP X I-Skill
instrumentation NN X I-Skill
. . X O
Initial JJ X O

meetings NNS X O
occur VBP X O
at IN X O
the DT X O
convenient NN X O
location NN X O
of IN X O
Bristol NNP X O
just RB X O
off IN X O
the DT X O
M4 NNP X O
and CC X O
M32 NNP X O
and CC X O
within IN X O
easy JJ X O
reach NN X O
of IN X O
the DT X O
M5 NNP X O
. . X O
Any DT X O

other JJ X O
duties NNS X O
as IN X O
required VBN X O
by IN X O
the DT X O
business NN X O
opportunity NN X O
to TO X O
assist VB X O
in IN X O
nominal JJ X B-Skill
ledger NN X I-Skill
reconciliations NNS X I-Skill
, , X O
stock NN X B-Skill
taking VBG X I-Skill
administration NN X I-Skill
, , X O
manufacturing VBG X B-Skill
stock NN X I-Skill
costing NN X I-Skill
KNOWLEDGE NNP X O
AND NNP X O
SKILLS NNP X O
1 CD X O
. . X O
To TO X O

arrange VB X B-Skill
for IN X I-Skill
the DT X I-Skill
effective JJ X I-Skill
distribution NN X I-Skill
of IN X I-Skill
marketing VBG X I-Skill
materials NNS X I-Skill
To TO X O
write VB X B-Skill
and CC X I-Skill
proof VB X I-Skill
read JJ X I-Skill
copy NN X I-Skill
To TO X O
liaise VB X B-Skill
with IN X I-Skill
designers NNS X I-Skill
and CC X I-Skill
printers NNS X I-Skill
To TO X O
manage VB X B-Skill
budgets NNS X I-Skill
To TO X O
identify VB X B-Skill
advertising NN X I-Skill
and CC X I-Skill
editorial NN X I-Skill
opportunities NNS X I-Skill
To TO X O
build VB X B-Skill
and CC X I-Skill
maintain VB X I-Skill
contacts NNS X I-Skill
with IN X I-Skill
the DT X I-Skill
media NNS X I-Skill
To TO X O
write VB X B-Skill
and CC X I-Skill
distribute VB X I-Skill
press NN X I-Skill
releases NNS X I-Skill
To TO X O
prepare VB X B-Skill
and CC X I-Skill
organise VB X I-Skill
photo NN X I-Skill
shoots NNS X I-Skill
To TO X O
maintain VB X B-Skill
, , X I-Skill
build VB X I-Skill
and CC X I-Skill
update VB X I-Skill
mailing NN X I-Skill
databases NNS X I-Skill
To TO X O
organise VB X B-Skill
and CC X I-Skill
attend VB X I-Skill
events NNS X I-Skill
and CC X I-Skill
exhibitions NNS X I-Skill
To TO X O
evaluate VB X B-Skill
marketing NN X I-Skill
campaigns NNS X I-Skill
To TO X O
monitor VB X B-Skill
competitor NN X I-Skill
activity NN X I-Skill
This DT X O

company NN X O
is VBZ X O
part NN X O
of IN X O
a DT X O
Group NNP X O
who WP X O
aims VBZ X O
to TO X O
be VB X O
the DT X O
best JJS X O
motor NN X B-Domain
retailer NN X I-Domain
in IN X O
the DT X O
UK NNP X O
. . X O
Provide VB X B-Skill

cover NN X I-Skill
for IN X I-Skill
other JJ X I-Skill
members NNS X I-Skill
of IN X I-Skill
the DT X I-Skill
Accounts NNP X I-Skill
team NN X I-Skill
Other JJ X O
Accounts NNS X O
and CC X O
general JJ X B-Skill
admin NN X I-Skill
/ NNP X I-Skill
office NN X I-Skill
duties NNS X I-Skill
as IN X O
and CC X O
when WRB X O
required VBN X O
For IN X O
full JJ X O
details NNS X O
please VB X O
apply VB X O
Excellent JJ X O
company NN X O
offering VBG X O
great JJ X O
benefits NNS X O
conditions NNS X O
Our PRP$ X O

client NN X O
a DT X O
leading VBG X O
local JJ X O
case NN X O
management NN X O
organisation NN X O
is VBZ X O
looking VBG X O
to TO X O
recruit VB X O
an DT X O
experienced JJ X B-Skill
HR NNP X B-Occupation
Administrator NNP X I-Occupation
, , X O
HR NNP X O
qualifications VBZ X O
not RB X O
essential JJ X O
. . X O
You PRP X O

will MD X O
work VB X O
alongside RB X O
the DT X O
real JJ X O
estate NN X O
team NN X O
to TO X O
help VB X O
develop VB X B-Skill
and CC X O
expand VB X B-Skill
the DT X I-Skill
firm NN X I-Skill
s VBD X I-Skill
real JJ X I-Skill
estate NN X I-Skill
litigation NN X I-Skill
offering NN X I-Skill
. . X O
Company NN X O

This DT X O
well NN X O
renowned VBD X O
manufacturing VBG X O
company NN X O
is VBZ X O
looking VBG X O
to TO X O
recruit VB X O
a DT X O
Graduate NNP X B-Qualification
Electrical NNP X B-Occupation
Design NNP X I-Occupation
Engineer NNP X I-Occupation
to TO X O
assist VB X O
the DT X O
successful JJ X O
team NN X O
in IN X O
coping VBG X O
with IN X O
an DT X O
ever RB X O
increasing VBG X O
business NN X O
demand NN X O
. . X O
Supervising VBG X B-Skill

and CC X O
directing VBG X B-Skill
junior JJ X I-Skill
staff NN X I-Skill
and CC X I-Skill
3rd CD X I-Skill
party NN X I-Skill
contractors NNS X I-Skill
. . X O
I PRP X O

have VBP X O
an DT X O
immediate JJ X O
requirement NN X O
for IN X O
an DT X O
experienced JJ X B-Skill
Web NNP X B-Occupation
Developer NNP X I-Occupation
to TO X O
join VB X O
a DT X O
hugely RB X O
successful JJ X O
ECommerce NNP X B-Domain
brand NN X O
who WP X O
are VBP X O
instantly RB X O
recognisable JJ X O
as IN X O
the DT X O
market NN X O
leaders NNS X O
in IN X O
their PRP$ X O
field NN X O
. . X O
They PRP X O

are VBP X O
looking VBG X O
for IN X O
someone NN X O
who WP X O
is VBZ X O
commercially RB X O
aware JJ X B-Skill
, , X O
proactive JJ X B-Skill
with IN X O
good JJ X O
communication NN X B-Skill
/ NNP X I-Skill
presentation NN X I-Skill
skills NNS X O
. . X O
PC NN X B-Skill

literate NN X I-Skill
with IN X O
practical JJ X B-Skill
working VBG X I-Skill
knowledge NN X I-Skill
of IN X I-Skill
Microsoft NNP X I-Skill
packages NNS X I-Skill
But CC X O

most JJS X O
of IN X O
all DT X O
, , X O
must MD X O
have VB X O
an DT X O
unquestionable JJ X B-Skill
attitude NN X I-Skill
, , X O
drive NN X B-Skill
& CC X O
energy NN X B-Skill
to TO X O
see VB X O
your PRP$ X O
team NN X O
succeed VB X O
. . X O
A DT X O

proven JJ X B-Skill
track NN X I-Skill
record NN X I-Skill
in IN X O
sales NNS X B-Domain
and CC X O
an DT X O
understanding NN X B-Skill
of IN X O
the DT X O
renewables NNS X B-Domain
industry NN X I-Domain
would MD X O
be VB X O
advantageous JJ X O
but CC X O
not RB X O
essential JJ X O
as IN X O
full JJ X O
training NN X O
is VBZ X O
provided VBN X O
. . X O
The DT X O

Inventory NNP X B-Occupation
Supervisor NNP X I-Occupation
role NN X O
will MD X O
involve VB X O
travel NN X O
and CC X O
nights NNS X O
away RB X O
and CC X O
a DT X O
full JJ X B-Qualification
clean JJ X I-Qualification
driving VBG X I-Qualification
license NN X I-Qualification
is VBZ X O
also RB X O
needed VBN X O
, , X O
plus CC X O
you PRP X O
must MD X O
be VB X O
prepared VBN X O
to TO X O
use VB X O
your PRP$ X O
own JJ X O
car NN X O
at IN X O
peak NN X O
times NNS X O
you PRP X O

will MD X O
be VB X O
responsible JJ X O
for IN X O
motivating VBG X B-Skill
and CC X I-Skill
training VBG X I-Skill
the DT X I-Skill
team NN X I-Skill
to TO X O
consistently RB X O
achieve VB X O
high JJ X O
standards NNS X O
along IN X O
with IN X O
maintaining VBG X O
the DT X O
fantastic JJ X O
reputation NN X O
. . X O
Experience NN X B-Skill

of IN X I-Skill
Access NNP X I-Skill
Dimensions NNP X I-Skill
is VBZ X O
preferred VBN X O
but CC X O
not RB X O
essential JJ X O
. . X O
Producing VBG X B-Skill

and CC X I-Skill
providing VBG X I-Skill
asbestos JJ X I-Skill
test NN X I-Skill
reports NNS X I-Skill
to TO X I-Skill
the DT X I-Skill
clients NNS X I-Skill
and CC X I-Skill
contractors NNS X I-Skill
as IN X I-Skill
and CC X I-Skill
when WRB X I-Skill
required VBN X I-Skill
. . X O
For IN X O

further JJ X O
information NN X O
on IN X O
this DT X O
Mechanical NNP X B-Occupation
Design NNP X I-Occupation
Engineer NNP X I-Occupation
in IN X O
Oxfordshire NNP X O
please NN X O
contact NN X O
Adam NNP X O
Morgan NNP X O
on IN X O
Apply NNP X O
online NN X O
You PRP X O

will MD X O
be VB X O
educated VBN X O
to TO X O
degree VB X B-Qualification
level NN X I-Qualification
in IN X I-Qualification
Electronic NNP X I-Qualification
Engineering NNP X I-Qualification
or CC X O
related VBN X O
field NN X O
and CC X O
would MD X O
be VB X O
enthusiastic JJ X O
to TO X O
develop VB X O
your PRP$ X O
skills NNS X O
in IN X O
the DT X O
field NN X O
of IN X O
Power NNP X B-Skill
Supply NNP X I-Skill
design NN X I-Skill
. . X O
Any DT X O

social JJ X B-Qualification
media NNS X I-Qualification
experience NN X I-Qualification
will MD X O
be VB X O
a DT X O
huge JJ X O
plus NN X O
Facebook NNP X O
As IN X O

part NN X O
of IN X O
that DT X O
ongoing VBG X O
support NN X O
they PRP X O
now RB X O
wish VBP X O
to TO X O
recruit VB X O
a DT X O
Head NNP X B-Occupation
of IN X I-Occupation
General NNP X I-Occupation
Welfare NNP X I-Occupation
to TO X O
lead VB X B-Skill
the DT X I-Skill
support NN X I-Skill
team NN X I-Skill
. . X O
This DT X O

Global JJ X B-Domain
Trainee NNP X I-Domain
Program NNP X O
is VBZ X O
a DT X O
combination NN X O
of IN X O
classroom NN X B-Domain
training NN X I-Domain
, , X O
elearning VBG X B-Domain
courses NNS X O
and CC X O
practical JJ X O
onthejob NN X O
experience NN X O
lasting VBG X O
2 CD X O
years NNS X O
. . X O
In IN X O

terms NNS X O
of IN X O
a DT X O
team NN X O
fit NN X O
ideally RB X O
you PRP X O
ll VBP X O
be VB X O
confident JJ X B-Skill
, , X O
sociable JJ X B-Skill
with IN X O
an DT X O
outgoing JJ X B-Skill
personality NN X I-Skill
, , X I-Skill
able JJ X I-Skill
to TO X I-Skill
take VB X I-Skill
on IN X I-Skill
responsibility NN X I-Skill
and CC X O
have VBP X O
excellent VBN X O
communication NN X B-Skill
skills NNS X I-Skill
. . X O
Ensure NN X B-Skill

costeffective JJ X I-Skill
scheduling NN X I-Skill
of IN X I-Skill
resources NNS X I-Skill
in IN X O
order NN X O
to TO X O
maximise VB X B-Skill
operational JJ X I-Skill
efficiency NN X I-Skill
. . X O
Ability NN X O

to TO X O
identify VB X B-Skill
and CC X I-Skill
evaluate VB X I-Skill
the DT X I-Skill
risks NNS X I-Skill
to TO X I-Skill
the DT X I-Skill
company NN X I-Skill
associated VBN X I-Skill
with IN X I-Skill
specific JJ X I-Skill
opportunities NNS X I-Skill
In IN X O
return NN X O
my PRP$ X O
client NN X O
Chromatography NN X B-Skill

of IN X I-Skill
proteins NNS X I-Skill
, , X I-Skill
glycoproteins NNS X I-Skill
and CC X I-Skill
peptides NNS X I-Skill
including VBG X O
SEC NNP X B-Skill
, , X O
RPHPLC NNP X B-Skill
, , X I-Skill
Ion NNP X I-Skill
Exchange NNP X I-Skill
chromatography NN X I-Skill
. . X O
An DT X O

organisation NN X O
that WDT X O
boasts VBZ X O
impressive JJ X O
growth NN X O
plans NNS X O
for IN X O
2013 CD X O
. . X O
Package NN X O

for IN X O
this DT X O
role NN X O
will MD X O
include VB X O
a DT X O
basic JJ X O
salary NN X O
of IN X O
up IN X O
to TO X O
If IN X O

you PRP X O
do VBP X O
not RB X O
hear VB X O
from IN X O
us PRP X O
within IN X O
14 CD X O
days NNS X O
of IN X O
the DT X O
closing NN X O
date NN X O
, , X O
please VB X O
assume VB X O
your PRP$ X O
application NN X O
has VBZ X O
been VBN X O
unsuccessful JJ X O
on IN X O
this DT X O
occasion NN X O
. . X O
Representing VBG X B-Skill

national JJ X I-Skill
high JJ X I-Skill
brand NN X I-Skill
clients NNS X I-Skill
and CC X I-Skill
full JJ X I-Skill
product NN X I-Skill
training NN X I-Skill
provided VBD X I-Skill
, , X O
this DT X O
could MD X O
be VB X O
the DT X O
opportunity NN X O
you PRP X O
have VBP X O
been VBN X O
looking VBG X O
for IN X O
No NNP X O
previous JJ X O
sales NNS X O
experience NN X O
is VBZ X O
required VBN X O
as IN X O
we PRP X O
have VBP X O
a DT X O
team NN X O
ready NN X O
to TO X O
coach VB X O
and CC X O
develop VB X O
you PRP X O
in IN X O
all DT X O
aspects NNS X O
of IN X O
our PRP$ X O
business NN X O
and CC X O
clients NNS X O
, , X O
but CC X O
previous JJ X B-Skill
customer NN X I-Skill
service NN X I-Skill
, , X I-Skill
sales NNS X I-Skill
, , X I-Skill
advertising NN X I-Skill
, , X I-Skill
promotions NNS X I-Skill
, , X I-Skill
retail JJ X I-Skill
, , X I-Skill
call VB X I-Skill
centre NN X I-Skill
, , X I-Skill
hospitality NN X I-Skill
or CC X I-Skill
marketing NN X I-Skill
experience NN X I-Skill
is VBZ X O
welcome JJ X O
. . X O
My PRP$ X O

client NN X O
, , X O
a DT X O
well RB X O
established VBN X O
firm NN X O
of IN X O
accountants NNS X O
in IN X O
Worcester NNP X O
, , X O
requires VBZ X O
a DT X O
talented JJ X B-Skill
and CC X O
enthusiastic JJ X B-Skill
individual NN X O
to TO X O
join VB X O
them PRP X O
as IN X O
an DT X O
Audit NNP X B-Occupation
Semi NNP X I-Occupation
Senior NNP X I-Occupation
. . X O
The DT X O

ideal NN X O
Sous NNP X O
Chef NNP X B-Occupation
will MD X O
be VB X O
seeking VBG X O
a DT X O
challenge NN X B-Skill
and CC X I-Skill
looking VBG X I-Skill
to TO X I-Skill
progress VB X I-Skill
in IN X I-Skill
a DT X I-Skill
rosette NN X I-Skill
environment NN X I-Skill
. . X O
Prospects NNS X O

here RB X O
are VBP X O
that IN X O
you PRP X O
ll VBP X O
gain VB X O
more JJR X O
experience NN X O
in IN X O
Java NNP X B-Skill
and CC X O
also RB X O
Websphere NNP X B-Skill
. . X O
Support NNP X B-Skill

the DT X I-Skill
Finance NNP X I-Skill
Manager NNP X I-Skill
and CC X I-Skill
the DT X I-Skill
widercommercial JJ X I-Skill
team NN X I-Skill
with IN X I-Skill
financial JJ X I-Skill
processes NNS X I-Skill
, , X I-Skill
analysis NN X I-Skill
and CC X I-Skill
reporting NN X I-Skill
. . X O
If IN X O

you PRP X O
are VBP X O
currently RB X O
a DT X O
deputy NN X B-Occupation
or CC X I-Occupation
assistant NN X I-Occupation
manager NN X I-Occupation
, , X O
department NN X B-Occupation
manager NN X I-Occupation
, , X O
duty NN X B-Occupation
manager NN X I-Occupation
or CC X O
supervisor NN X B-Occupation
in IN X O
a DT X O
retail JJ X B-Domain
store NN X O
environment NN X O
and CC X O
are VBP X O
looking VBG X O
for IN X O
long JJ X O
term NN X O
development NN X O
, , X O
training NN X O
, , X O
progression NN X O
and CC X O
investment NN X O
in IN X O
your PRP$ X O
future NN X O
, , X O
then RB X O
this DT X O
is VBZ X O
the DT X O
opportunity NN X O
for IN X O
you PRP X O
Statistically RB X O

the DT X O
proportion NN X O
of IN X O
pupils NNS X O
who WP X O
speak VBP X O
English NNP X O
as IN X O
an DT X O
additional JJ X O
language NN X O
is VBZ X O
lower JJR X O
than IN X O
average NN X O
, , X O
and CC X O
very RB X O
few JJ X O
pupils NNS X O
are VBP X O
at IN X O
an DT X O
early JJ X O
stage NN X O
of IN X O
learning VBG X O
the DT X O
language NN X O
. . X O
So RB X O

if IN X O
you PRP X O
re VBP X O
looking VBG X O
to TO X O
bring VB X O
some DT X O
fun NN X O
to TO X O
your PRP$ X O
working VBG X O
life NN X O
, , X O
look VB X O
no DT X O
further JJ X O
www NN X O
. . X O
sizzlingpubs NN X O
. . X O
co NN X O
. . X O
uk JJ X O
Welcome NNP X O
to TO X O
Sizzling NNP X O
Pubs NNP X O
Although IN X O

these DT X O
sites NNS X O
have VBP X O
been VBN X O
running VBG X O
for IN X O
a DT X O
number NN X O
of IN X O
months NNS X O
they PRP X O
are VBP X O
really RB X O
only RB X O
just RB X O
getting VBG X O
going VBG X O
with IN X O
a DT X O
number NN X O
of IN X O
years NNS X O
left VBN X O
to TO X O
run VB X O
, , X O
with IN X O
various JJ X O
phases NNS X O
running VBG X O
concurrently RB X O
. . X O
Hours NNP X O

of IN X O
work NN X O
: : X O
37 CD X O
Days NNS X O
of IN X O
work NN X O
: : X O
Monday NNP X O
to TO X O
Friday NNP X O
Work NNP X O
include NN X O
: : X O
Days NNS X O
Industry NN X O
: : X O
Our PRP$ X O

client NN X O
is VBZ X O
a DT X O
Joiint JJ X O
venture NN X O
company NN X O
with IN X O
responsibility NN X O
for IN X O
delievering VBG X O
over IN X O
400million CD X O
worth NN X O
of IN X O
project NN X O
within IN X O
the DT X O
Marine NNP X O
Sector NNP X O
over IN X O
a DT X O
six CD X O
year NN X O
period NN X O
. . X O
A DT X O

logical JJ X B-Skill
thinker NN X I-Skill
with IN X O
proven JJ X O
problem NN X B-Skill
solving VBG X I-Skill
skills NNS X I-Skill
The DT X O
ability NN X O
to TO X O
operate VB X B-Skill
and CC X I-Skill
maximize VB X I-Skill
the DT X I-Skill
use NN X I-Skill
of IN X I-Skill
all DT X I-Skill
modern JJ X I-Skill
equipment NN X I-Skill
including VBG X O
computerized JJ X O
equipment NN X O
A NNP X O
flexible JJ X B-Skill
approach NN X I-Skill
to TO X O
meet VB X O
the DT X O
needs NNS X O
of IN X O
the DT X O
business NN X O
In IN X O

return NN X O
you PRP X O
will MD X O
receive VB X O
a DT X O
competitive JJ X O
salary JJ X O
plus CC X O
bonus NN X O
, , X O
generous JJ X O
holiday NN X O
entitlement NN X O
and CC X O
career NN X O
progression NN X O
. . X O
ICT NNP X O

Literate NNP X O
Ability NNP X O
to TO X O
work VB X B-Skill
as IN X I-Skill
part NN X I-Skill
of IN X I-Skill
a DT X I-Skill
team NN X I-Skill
Flexibility NNP X I-Skill
and CC X O
enthusiasm NN X O
for IN X O
the DT X O
jobExcellent NN X O
time NN X B-Skill
management NN X I-Skill
and CC X O
ability NN X B-Skill
to TO X I-Skill
prioritise VB X I-Skill
own JJ X I-Skill
workload NN X I-Skill
Motivation NNP X I-Skill
/ NNP X I-Skill
ability NN X I-Skill
to TO X I-Skill
speak VB X I-Skill
and CC X I-Skill
/ VB X I-Skill
or CC X I-Skill
learn VB X I-Skill
a DT X I-Skill
community NN X I-Skill
language NN X I-Skill
Ability NNP X O
to TO X O
deliver VB X B-Skill
training VBG X I-Skill
JOB NNP X O
CIRCUMSTANCESWillingness NNP X O
to TO X O
undertake VB X B-Skill
in IN X I-Skill
service NN X I-Skill
training NN X I-Skill
Reporting VBG X B-Skill

into IN X I-Skill
the DT X I-Skill
Finance NNP X I-Skill
Manager NNP X I-Skill
, , X O
this DT X O
is VBZ X O
a DT X O
crucial JJ X O
role NN X O
to TO X O
the DT X O
business NN X O
aiding VBG X B-Skill
and CC X I-Skill
supporting VBG X I-Skill
the DT X I-Skill
enhancements NNS X I-Skill
to TO X I-Skill
the DT X I-Skill
reporting NN X I-Skill
process NN X I-Skill
, , X O
actively RB X B-Skill
contributing VBG X I-Skill
to TO X I-Skill
driving VBG X I-Skill
the DT X I-Skill
business NN X I-Skill
forward RB X I-Skill
. . X O
S NNP X O

he PRP X O
will MD X O
work VB X O
closely RB X O
with IN X O
the DT X O
IT NNP X B-Domain
team NN X O
of IN X O
business NN X B-Occupation
analysts NNS X I-Occupation
, , X O
testers NNS X B-Occupation
and CC X O
project NN X B-Occupation
manager NN X O
but CC X O
also RB X O
with IN X O
our PRP$ X O
key JJ X B-Occupation
stakeholders NNS X I-Occupation
from IN X O
Structuring NNP X B-Domain
, , X O
Operations NNP X B-Domain
and CC X O
Legal NNP X B-Domain
. . X O
Please NNP X O

submit VB X O
your PRP$ X O
CV NNP X O
to TO X O
Lynseyadlibrecruitment NNP X O
. . X O
co NN X O
. . X O
uk NN X O
or CC X O
call NN X O
to TO X O
say VB X O
hello NN X O
. . X O
Keeping VBG X B-Skill

abreast NN X I-Skill
of IN X I-Skill
developments NNS X I-Skill
in IN X I-Skill
the DT X I-Skill
computer NN X I-Skill
vision NN X I-Skill
and CC X I-Skill
mobile JJ X I-Skill
robotics NNS X I-Skill
fields NNS X I-Skill
and CC X I-Skill
applying VBG X I-Skill
them PRP X I-Skill
where WRB X I-Skill
appropriate NN X I-Skill
; : X O
developing VBG X B-Skill
contacts NNS X I-Skill
in IN X I-Skill
these DT X I-Skill
areas NNS X I-Skill
. . X O
The DT X O

successful JJ X O
candidate NN X O
will MD X O
be VB X O
: : X O
Manager NN X B-Occupation
with IN X O
nursing NN X B-Qualification
qualification NN X I-Qualification
Management NN X B-Skill

of IN X O
all DT X O
directly RB X O
employed VBN X O
labour NN X O
and CC X O
subcontractors NNS X O
to TO X O
ensure VB X O
projects NNS X O
are VBP X O
completed VBN X O
on IN X O
time NN X O
and CC X O
within IN X O
budget NN X O
. . X O
Ability NN X O

to TO X O
present VB X B-Skill
themselves PRP X I-Skill
at IN X I-Skill
meetings NNS X I-Skill
, , X I-Skill
conferences NNS X I-Skill
and CC X I-Skill
seminars NNS X I-Skill
with IN X I-Skill
authority NN X I-Skill
and CC X I-Skill
coherence NN X I-Skill
. . X O
This DT X O

role NN X O
also RB X O
requires VBZ X O
you PRP X O
to TO X O
demonstrate VB X O
competency NN X B-Skill
in IN X I-Skill
functional JJ X I-Skill
literacy NN X I-Skill
and CC X I-Skill
numeracy NN X I-Skill
, , X O
and CC X O
have VBP X O
excellent VBN X O
communication NN X B-Skill
skills NNS X O
with IN X O
a DT X O
strong JJ X O
awareness NN X B-Skill
of IN X I-Skill
the DT X I-Skill
needs NNS X I-Skill
of IN X I-Skill
older JJR X I-Skill
people NNS X I-Skill
. . X O
We PRP X O

are VBP X O
currently RB X O
recruiting VBG X O
for IN X O
an DT X O
experienced JJ X O
head NN X B-Occupation
chef NN X I-Occupation
for IN X O
this DT X O
popular JJ X O
country NN X O
dining VBG X B-Domain
pub NN X O
in IN X O
the DT X O
East NNP X O
Riding NNP X O
area NN X O
. . X O
**** JJ X O

D NNP X B-Occupation
CAD NNP X I-Occupation
system NN X I-Occupation
PRO NNP X I-Occupation
Engineer NNP X I-Occupation
, , X O
Inventor NNP X B-Occupation
, , X B-Skill
Unigraphics NNP X I-Skill
NX NNP X I-Skill
Experience NNP X O
in IN X O
plastic NN X B-Skill
injection NN X I-Skill
moulded VBD X I-Skill
components NNS X I-Skill
Experience NN X O
with IN X O
films NNS X B-Skill
or CC X I-Skill
seals NNS X I-Skill
would MD X O
be VB X O
beneficial JJ X O
Experience NN X O
with IN X O
intricate JJ X B-Skill
parts NNS X I-Skill
We PRP X O

are VBP X O
opening VBG X O
a DT X O
new JJ X O
service NN X O
within IN X O
the DT X O
Llandudno NNP X O
area NN X O
. . X O
We PRP X O

are VBP X O
currently RB X O
recruiting VBG X O
for IN X O
a DT X O
domiciliary JJ X B-Occupation
branch NN X I-Occupation
manager NN X I-Occupation
in IN X O
Northampton NNP X O
. . X O
You PRP X O

will MD X O
be VB X O
based VBN X O
at IN X O
your PRP$ X O
local JJ X O
Asda NNP X O
South NNP X O
Harrow NNP X O
S NNP X O
upermarket NN X O
. . X O
Why WRB X O

join NN X O
Barchester NNP X O
as IN X O
a DT X O
Head NNP X O
of IN X O
Care NNP X O
Elderly NNP X O
Frail NNP X O
RN NNP X B-Occupation
? . X O
The DT X O

Wallpaper NNP X B-Experience
Bespoke NNP X I-Experience
Senior NNP X I-Experience
Designer NNP X I-Experience
role NN X O
is VBZ X O
an DT X O
incredibly RB X O
exciting JJ X O
and CC X O
fast RB X O
paced JJ X O
position NN X O
. . X O
3 CD X O

**** $ X O
0M CD X O
IT NNP X O
Solutions NNP X O
Company NNP X O
is VBZ X O
recruiting VBG X O
for IN X O
a DT X O
suitably RB X O
experienced VBN X B-Skill
IT NNP X B-Occupation
Networks NNP X I-Occupation
Support NNP X I-Occupation
Analyst NNP X I-Occupation
3rd CD X O
Line NNP X O
, , X O
to TO X O
work VB X O
work NN X O
as IN X O
part NN X O
of IN X O
a DT X O
busy JJ X O
SOC NNP X O
Team NNP X O
within IN X O
large JJ X O
modern JJ X O
offices NNS X O
. . X O
Key NNP X O

attributes NNS X O
of IN X O
the DT X O
Group NNP X B-Occupation
Account NNP X I-Occupation
Director NNP X I-Occupation
: : X O
Significant JJ X B-Skill
media NNS X I-Skill
planning NN X I-Skill
& CC X I-Skill
buying NN X I-Skill
experience NN X I-Skill
including VBG X I-Skill
online NN X I-Skill
, , X O
offline NN X B-Skill
, , X O
broadcast NN X B-Skill
, , X O
narrowcast RB X B-Skill
, , X O
brand NN X B-Skill
, , X O
direct JJ X B-Skill
and CC X I-Skill
lead JJ X I-Skill
generation NN X I-Skill
how WRB X O
it PRP X O
can MD X O
be VB X O
integrated VBN X O
, , X O
with IN X O
the DT X O
ability NN X B-Skill
to TO X I-Skill
suggest VB X I-Skill
strategic JJ X I-Skill
and CC X I-Skill
tactical JJ X I-Skill
solutions NNS X I-Skill
to TO X I-Skill
reaching VBG X I-Skill
objectives NNS X I-Skill
Well RB X O
versed VBN X B-Skill
in IN X I-Skill
digital JJ X I-Skill
solutions NNS X I-Skill
in IN X O
particular JJ X O
and CC X O
have VBP X O
a DT X O
knowledge NN X B-Skill
of IN X I-Skill
the DT X I-Skill
various JJ X I-Skill
types NNS X I-Skill
of IN X I-Skill
trading NN X I-Skill
and CC X I-Skill
measurement JJ X I-Skill
Proven NNP X I-Skill
commercial JJ X I-Skill
acumen NNS X I-Skill
and CC X I-Skill
industry NN X I-Skill
gravitas NNS X I-Skill
with IN X I-Skill
the DT X I-Skill
ability NN X I-Skill
to TO X I-Skill
command VB X I-Skill
authority NN X I-Skill
, , X I-Skill
trust NN X I-Skill
and CC X I-Skill
respect NN X I-Skill
At IN X O

times NNS X O
you PRP X O
may MD X O
be VB X O
required VBN X O
to TO X O
manage VB X B-Skill
junior JJ X I-Skill
staff NN X I-Skill
This DT X O

is VBZ X O
altogether RB X O
, , X O
an DT X O
excellent JJ X O
and CC X O
prestigious JJ X O
firm NN X O
to TO X O
work VB X O
for IN X O
, , X O
in IN X O
a DT X O
great JJ X O
Home NNP X O
Counties NNP X O
location NN X O
. . X O
The DT X O

Role NNP X O
Supervision NNP X B-Skill
and CC X I-Skill
checking VBG X I-Skill
work NN X I-Skill
of IN X I-Skill
CAD NNP X I-Skill
Technicians NNP X I-Skill
Design NNP X I-Skill
liaison NN X I-Skill
with IN X I-Skill
Clients NNP X I-Skill
Responsible NNP X O
for IN X O
planning NN X B-Skill
, , X O
scheduling NN X B-Skill
, , X O
and CC X O
managing VBG X B-Skill
the DT X I-Skill
daily JJ X I-Skill
workflow NN X I-Skill
through IN X O
the DT X O
CAD NNP X O
department NN X O
. . X O
Title NN X O

: : X O
Small NNP X O
Works NNP X O
Lead NNP X O
Technician JJ X O
Location NN X O
: : X O
Ansty NNP X O
, , X O
Coventry NNP X O
Salary NNP X O
: : X O
You PRP X O

will MD X O
have VB X O
strong JJ X O
negotiation NN X B-Skill
expertise NN X I-Skill
and CC X O
will MD X O
be VB X O
able JJ X O
to TO X O
communicate VB X B-Skill
well RB X I-Skill
across IN X I-Skill
different JJ X I-Skill
areas NNS X I-Skill
of IN X I-Skill
the DT X I-Skill
business NN X I-Skill
. . X O
The DT X O

suitable JJ X O
Planner NNP X B-Occupation
will MD X O
be VB X O
based VBN X O
on IN X O
site NN X O
for IN X O
the DT X O
duration NN X O
of IN X O
the DT X O
project NN X O
. . X O
As IN X O

part NN X O
of IN X O
the DT X O
R NNP X O
D NNP X O
department NN X O
, , X O
you PRP X O
will MD X O
have VB X O
responsibility NN X O
from IN X O
day NN X O
one CD X O
and CC X O
be VB X O
a DT X O
member NN X O
of IN X O
a DT X O
truly NN X O
global JJ X O
company NN X O
. . X O
This DT X O

role NN X O
presents VBZ X O
an DT X O
excellent JJ X O
opportunity NN X O
for IN X O
an DT X O
accomplished JJ X B-Skill
Microsoft NNP X B-Occupation
Dynamics NNP X I-Occupation
NAV NNP X I-Occupation
/ NNP X I-Occupation
Navision NNP X I-Occupation
Consultant NNP X I-Occupation
to TO X O
make VB X O
their PRP$ X O
mark NN X O
with IN X O
a DT X O
fast JJ X O
expanding VBG X O
Microsoft NNP X B-Domain
Dynamics NNP X I-Domain
Consultancy NNP X I-Domain
. . X O
We PRP X O

will MD X O
endeavour VB X O
to TO X O
respond VB X O
to TO X O
all DT X O
applicants NNS X O
however RB X O
due RB X O
to TO X O
the DT X O
sheer NN X O
volume NN X O
of IN X O
response NN X O
, , X O
we PRP X O
can MD X O
only RB X O
guarantee VB X O
that IN X O
candidates NNS X O
who WP X O
have VBP X O
been VBN X O
shortlisted VBN X O
will MD X O
be VB X O
contacted VBN X O
If IN X O

you PRP X O
have VBP X O
not RB X O
heard VBN X O
from IN X O
us PRP X O
within IN X O
a DT X O
week NN X O
, , X O
then RB X O
unfortunately RB X O
you PRP X O
have VBP X O
been VBN X O
unsuccessful JJ X O
in IN X O
your PRP$ X O
application NN X O
. . X O
By IN X O

specialising VBG X O
solely RB X O
in IN X O
placing VBG X O
candidates NNS X O
in IN X O
the DT X O
Microsoft NNP X B-Domain
Dynamics NNP X I-Domain
market NN X I-Domain
I PRP X O
have VBP X O
built VBN X B-Skill
relationships NNS X I-Skill
with IN X O
most JJS X O
of IN X O
the DT X O
key JJ X B-Occupation
employers NNS X I-Occupation
in IN X O
the DT X O
UK NNP X O
and CC X O
have VBP X O
an DT X O
unrivalled JJ X O
understanding NN X O
of IN X O
where WRB X O
the DT X O
best JJS X O
opportunities NNS X O
& CC X O
CRM NNP X O
jobs NNS X O
are VBP X O
. . X O
You PRP X O

will MD X O
relish VB X O
the DT X O
chance NN X O
to TO X O
operate VB X B-Skill
within IN X I-Skill
a DT X I-Skill
fast NN X I-Skill
paced JJ X I-Skill
culture NN X I-Skill
without IN X O
the DT X O
constraints NNS X O
and CC X O
inertia NN X O
of IN X O
an DT X O
established VBN X O
large JJ X O
operation NN X O
. . X O
K IN X O

We PRP X O
are VBP X O
looking VBG X O
for IN X O
a DT X O
talented JJ X B-Skill
, , X O
enthusiastic JJ X B-Skill
and CC X O
experienced JJ X B-Experience
Digital NNP X I-Experience
Account NNP X I-Experience
Managers NNP X I-Experience
to TO X O
join VB X O
our PRP$ X O
London NNP X O
Team NN X O
to TO X O
support VB X O
us PRP X O
in IN X O
the DT X O
retention NN X O
and CC X O
growth NN X O
of IN X O
our PRP$ X O
extensive JJ X O
client NN X O
portfolio NN X O
. . X O
You PRP X O

' '' X O
ll JJ X O
be VB X O
working VBG X B-Skill
alongside IN X I-Skill
the DT X O
Programme NNP X B-Occupation
Managers NNPS X I-Occupation
to TO X O
ensure VB X B-Skill
product NN X I-Skill
development NN X I-Skill
plans NNS X I-Skill
are VBP X I-Skill
fully RB X I-Skill
integrated VBN X I-Skill
with IN X I-Skill
customer NN X I-Skill
implementation NN X I-Skill
plans NNS X I-Skill
. . X O
They PRP X O

have VBP X O
been VBN X O
in IN X O
the DT X O
business NN X O
for IN X O
over IN X O
100 CD X O
years NNS X O
and CC X O
are VBP X O
focused VBN X O
on IN X O
expansion NN X O
so IN X O
this DT X O
is VBZ X O
an DT X O
excellent JJ X O
time NN X O
to TO X O
join VB X O
their PRP$ X O
team NN X O
. . X O
The DT X O

Registered NNP X B-Qualification
Nurse NNP X I-Qualification
RGN NNP X I-Qualification
is VBZ X O
required VBN X O
to TO X O
provide VB X O
and CC X O
supervise VB X O
the DT X O
delivery NN X B-Skill
of IN X I-Skill
high JJ X I-Skill
quality NN X I-Skill
nursing NN X I-Skill
care NN X I-Skill
to TO X O
residents NNS X O
in IN X O
accordance NN X O
with IN X O
up IN X O
to TO X O
date NN X O
, , X O
evidencebased VBD X O
professional JJ X O
practice NN X O
and CC X O
company NN X O
policies NNS X O
Assess NNP X B-Skill
, , X O
plan NN X B-Skill
, , X O
implement NN X B-Skill
and CC X O
evaluate VB X B-Skill
person NN X I-Skill
centred VBN X I-Skill
care NN X I-Skill
for IN X O
each DT X O
individual NN X O
that WDT X O
meets VBZ X O
their PRP$ X O
needs NNS X O
and CC X O
demonstrates VBZ X O
outcomes NNS X O
within IN X O
the DT X O
expected JJ X O
timescales NNS X O
Establish JJ X O
and CC X O
maintain VB X B-Skill
good JJ X I-Skill
relationships NNS X I-Skill
with IN X I-Skill
the DT X I-Skill
people NNS X I-Skill
we PRP X O
support VBP X O
, , X O
Please VB X O

APPLY NNP X O
NOW NNP X O
as IN X O
this DT X O
is VBZ X O
an DT X O
URGENT JJ X O
role NN X O
with IN X O
IMMEDIATE NNP X O
interviews NNS X O
High JJ X B-Skill

level NN X I-Skill
of IN X I-Skill
analysis NN X I-Skill
and CC X I-Skill
reporting NN X I-Skill
to TO X I-Skill
help VB X I-Skill
understand VB X I-Skill
results NNS X I-Skill
of IN X I-Skill
the DT X I-Skill
region NN X I-Skill
Help NNP X I-Skill
shape VB X I-Skill
the DT X I-Skill
business NN X I-Skill
recommendations NNS X I-Skill
and CC X I-Skill
profit NN X I-Skill
improvement NN X I-Skill
plans NNS X I-Skill
in IN X I-Skill
line NN X I-Skill
with IN X I-Skill
regional JJ X I-Skill
objectives NNS X I-Skill
Develop VBP X I-Skill
a DT X I-Skill
detailed JJ X I-Skill
knowledge NN X I-Skill
of IN X I-Skill
pricing NN X I-Skill
and CC X I-Skill
reporting VBG X I-Skill
systems NNS X I-Skill
in IN X I-Skill
order NN X I-Skill
to TO X I-Skill
support VB X I-Skill
these DT X I-Skill
recommendations NNS X I-Skill
The DT X I-Skill
ideal JJ X I-Skill
person NN X I-Skill
will MD X I-Skill
have VB X I-Skill
: : X I-Skill
A DT X I-Skill
proven JJ X I-Skill
track NN X I-Skill
record NN X I-Skill
of IN X O
As IN X O

Operations NNP X B-Occupation
Manager NNP X I-Occupation
for IN X O
the DT X O
North NNP X O
you PRP X O
will MD X O
be VB X O
responsible JJ X B-Skill
for IN X I-Skill
around IN X I-Skill
1820 CD X I-Skill
sites NNS X I-Skill
and CC X I-Skill
the DT X I-Skill
catering NN X I-Skill
operation NN X I-Skill
within IN X I-Skill
them PRP X I-Skill
. . X O
This DT X O

may MD X O
include VB X O
involvement NN X B-Skill
in IN X I-Skill
quality NN X I-Skill
circles NNS X I-Skill
and CC X I-Skill
project NN X I-Skill
teams NNS X I-Skill
as IN X O
appropriate NN X O
. . X O
About IN X O

the DT X O
role NN X O
Focus NNP X O
on IN X O
driving VBG X B-Domain
Corporate NNP X O
and CC X O
MICE NNP X O
business NN X O
from IN X O
the DT X O
local JJ X O
market NN X O
. . X O
There EX X O

is VBZ X O
a DT X O
real JJ X O
opportunity NN X O
for IN X O
anyone NN X O
coming VBG X O
on IN X O
board NN X O
to TO X O
quickly RB X O
establish VB X O
a DT X O
marketwide JJ X O
reputation NN X O
. . X O
If IN X O

so RB X O
, , X O
read NN X O
on IN X O
, , X O
we PRP X O
are VBP X O
the DT X O
perfect JJ X O
company NN X O
for IN X O
you PRP X O
Any DT X O

knowledge NN X O
of IN X O
SEO NNP X B-Skill
and CC X O
Google NNP X B-Skill
analytics NNS X I-Skill
would MD X O
be VB X O
highly RB X O
desirable JJ X O
DUTIES NNS X O
In IN X O

addition NN X O
to TO X O
managing VBG X B-Skill
the DT X I-Skill
experimental JJ X I-Skill
work NN X I-Skill
, , X O
an DT X O
important JJ X O
part NN X O
of IN X O
the DT X O
job NN X O
will MD X O
be VB X O
to TO X O
maintain VB X B-Skill
communications NNS X I-Skill
with IN X I-Skill
senior JJ X I-Skill
staff NN X I-Skill
and CC X O
to TO X O
work VB X B-Skill
around RP X I-Skill
any DT X I-Skill
problems NNS X I-Skill
encountered VBN X I-Skill
. . X O
It PRP X O

is VBZ X O
essential JJ X O
that IN X O
the DT X O
candidate NN X O
has VBZ X O
structural JJ X B-Skill
experience NN X I-Skill
including VBG X I-Skill
RC NNP X I-Skill
Frame NNP X I-Skill
, , X I-Skill
metsec NN X I-Skill
facade NN X I-Skill
and CC X I-Skill
brick NN X I-Skill
cladding NN X I-Skill
, , X O
the DT X O
candidate NN X O
must MD X O
also RB X O
have VB X O
a DT X O
track NN X O
record NN X B-Skill
of IN X I-Skill
delivering VBG X I-Skill
projects NNS X I-Skill
in IN X I-Skill
excess NN X I-Skill
of IN X I-Skill
10m CD X I-Skill
as IN X I-Skill
No NNP X I-Skill
. . X I-Skill
1 CD X I-Skill
. . X O
A DT X O

background NN X O
in IN X O
industry NN X O
as IN X O
an DT X O
engineer NN X B-Occupation
designing VBG X B-Skill
high JJ X I-Skill
tech NN X I-Skill
products NNS X I-Skill
? . X O
The DT X O

key JJ X O
responsibilities NNS X O
of IN X O
the DT X O
role NN X O
are VBP X O
as IN X O
follows VBZ X O
: : X O
The DT X O

successful JJ X O
buyer NN X O
will MD X O
be VB X O
tasked VBN X B-Skill
with IN X I-Skill
implementing VBG X I-Skill
robust JJ X I-Skill
purchasing NN X I-Skill
procedures NNS X I-Skill
and CC X I-Skill
negotiation NN X I-Skill
preferable JJ X I-Skill
terms NNS X I-Skill
and CC X I-Skill
price NN X I-Skill
points NNS X I-Skill
with IN X I-Skill
the DT X I-Skill
suppliers NNS X I-Skill
. . X O
Able JJ X O

to TO X O
work VB X B-Skill
collaboratively RB X I-Skill
with IN X I-Skill
stakeholders NNS X I-Skill
, , X I-Skill
agency NN X I-Skill
partners NNS X I-Skill
, , X I-Skill
children NNS X I-Skill
, , X I-Skill
young JJ X I-Skill
people NNS X I-Skill
and CC X I-Skill
their PRP$ X I-Skill
families NNS X I-Skill
to TO X O
further RBR X O
develop VB X B-Skill
the DT X I-Skill
vision NN X I-Skill
of IN X I-Skill
the DT X I-Skill
service NN X I-Skill
. . X O
The DT X O

ideal JJ X O
candidate NN X O
will MD X O
have VB X O
nuclear JJ X B-Domain
sector NN X I-Domain
experience NN X O
, , X O
however RB X O
they PRP X O
will MD X O
also RB X O
consider VB X O
candidates NNS X O
who WP X O
have VBP X O
worked VBN X O
within IN X O
petrochem NN X B-Domain
, , X O
utilities NNS X B-Domain
, , X O
oil NN X B-Domain
gas NN X I-Domain
or CC X O
defence NN X B-Domain
. . X O
This DT X O

is VBZ X O
a DT X O
unique JJ X O
opportunity NN X O
to TO X B-Skill
lead VB X I-Skill
a DT X I-Skill
business NN X I-Skill
through IN X I-Skill
an DT X I-Skill
exciting JJ X I-Skill
time NN X I-Skill
in IN X O
its PRP$ X O
own JJ X O
evolution NN X O
and CC X O
to TO X B-Skill
support VB X I-Skill
through IN X I-Skill
the DT X I-Skill
delivery NN X I-Skill
of IN X I-Skill
outstanding JJ X I-Skill
service NN X I-Skill
, , X O
that IN X O
the DT X O
employer NN X O
as IN X O
a DT X O
leader NN X O
in IN X O
their PRP$ X O
field NN X O
. . X O
You PRP X O

will MD X O
be VB X O
involved VBN X O
in IN X O
the DT X O
full JJ X O
development NN X O
lifecycle NN X O
and CC X O
will MD X O
work VB X O
on IN X O
a DT X O
variety NN X O
of IN X O
highly RB X O
rewarding VBG X O
projects NNS X O
for IN X O
the DT X O
biggest JJS X O
companies NNS X O
in IN X O
the DT X O
world NN X O
. . X O
Your PRP$ X O

responsibilities NNS X O
will MD X O
include VB X O
working VBG X B-Skill
closely RB X I-Skill
with IN X I-Skill
power NN X I-Skill
supply NN X I-Skill
design NN X I-Skill
engineers NNS X I-Skill
, , X O
Design NNP X B-Skill
/ NNP X I-Skill
Modifications NNP X I-Skill
, , X O
testing VBG X B-Skill
prototype NN X I-Skill
Switch NNP X I-Skill
Mode NNP X I-Skill
Power NNP X I-Skill
Supply NNP X I-Skill
Ideal NNP X O

location NN X O
Newbury NNP X O
/ NNP X O
Swindon NNP X O
area NN X O
, , X O
but CC X O
applicants NNS X O
from IN X O
other JJ X O
nearby JJ X O
locations NNS X O
welcomed VBD X O
Hours NNP X O
: : X O
8 CD X O
. . X O
25 CD X O
hours NNS X O
per IN X O
day NN X O
flexible JJ X O
depending VBG X O
upon IN X O
the DT X O
needs NNS X O
of IN X O
each DT X O
project NN X O
Salary NNP X O
: : X O
My PRP$ X O

Client NN X O
is VBZ X O
looking VBG X O
for IN X O
an DT X O
experienced JJ X B-Skill
Business NNP X B-Occupation
Manager NNP X I-Occupation
within IN X O
the DT X O
Automotive NNP X B-Domain
industry NN X I-Domain
and CC X O
as IN X O
such JJ X O
you PRP X O
must MD X O
have VB X O
Main NNP X O
Dealer NNP X O
experience NN X O
. . X O
Successful JJ X O

applicants NNS X O
will MD X O
be VB X O
invited VBN X O
to TO X O
an DT X O
assessment JJ X O
day NN X O
in IN X O
Scotland NNP X O
Location NNP X O
: : X O
Ghana NN X O
Must NNP X O

have VBP X O
good JJ X O
educational JJ X B-Skill
background NN X I-Skill
to TO X I-Skill
High NNP X I-Skill
School NNP X I-Skill
level NN X I-Skill
Experience NNP X I-Skill
in IN X I-Skill
a DT X I-Skill
field NN X I-Skill
service NN X I-Skill
or CC X I-Skill
support NN X I-Skill
role NN X I-Skill
**** NN X O

and CC X O
32 CD X B-Skill
bit NN X I-Skill
microcontrollers NNS X I-Skill
including VBG X I-Skill
Power NNP X I-Skill
PC NNP X I-Skill
Familiarity NNP X O
with IN X O
C NNP X B-Skill
++, NNP X O
C NNP X B-Skill
. . X I-Skill
NET NNP X I-Skill
frameworks VBZ X I-Skill
Familiarity NNP X O
with IN X O
Operating NNP X O
Systems NNPS X O
DOS NNP X B-Skill
, , X O
Windows NNP X B-Skill
, , X I-Skill
Linux NNP X I-Skill
, , X O
VxWorks NNP X B-Skill
, , X O
Integrity NNP X B-Skill
Network NNP X I-Skill
communications NNS X I-Skill
Working VBG X B-Skill

as IN X I-Skill
part NN X I-Skill
of IN X I-Skill
an DT X I-Skill
HR NNP X I-Skill
team NN X I-Skill
and CC X O
reporting VBG X O
into IN X O
an DT X O
HR NNP X B-Occupation
Manager NNP X I-Occupation
. . X O
Successful JJ X O

candidates NNS X O
will MD X O
have VB X O
experience NN X B-Skill
from IN X O
major JJ X O
aerospace NN X B-Domain
, , X O
defence NN X B-Skill
projects NNS X I-Skill
or CC X O
civil JJ X B-Skill
projects NNS X I-Skill
with IN X O
similar JJ X O
life NN X O
cycles NNS X O
, , X O
run VBN X O
under IN X O
prescribed NN X O
, , X O
requirement NN X O
defined VBD X O
processes NNS X O
. . X O
They PRP X O

are VBP X O
looking VBG X O
for IN X O
someone NN X O
who WP X O
is VBZ X O
comfortable JJ X O
developing VBG X B-Skill
relationships NNS X I-Skill
from IN X I-Skill
a DT X I-Skill
standing VBG X I-Skill
start NN X I-Skill
, , X O
while IN X O
possessing VBG X O
the DT X O
skills NNS X O
to TO X O
nurture VB X B-Skill
this DT X I-Skill
in IN X I-Skill
an DT X I-Skill
ongoing JJ X I-Skill
manner NN X I-Skill
. . X O
This DT X O

is VBZ X O
an DT X O
excellent JJ X O
opportunity NN X O
for IN X O
an DT X O
Account NNP X B-Occupation
Director NNP X I-Occupation
to TO X O
join VB X O
a DT X O
Marketing NN X B-Domain
Services NNP X I-Domain
Company NNP X I-Domain
based VBN X O
in IN X O
Colchester NNP X O
. . X O
My PRP$ X O

client NN X O
is VBZ X O
a DT X O
well RB X O
established VBN X O
software NN X O
solutions NNS X O
provider NN X O
and CC X O
is VBZ X O
looking VBG X O
for IN X O
an DT X O
experienced JJ X O
JavaScript NNP X B-Occupation
Developer NNP X I-Occupation
to TO X O
join VB X O
their PRP$ X O
existing VBG X O
team NN X O
, , X O
ASAP NNP X O
. . X O
Help NNP X O

ensure VB X B-Skill
that IN X I-Skill
the DT X I-Skill
fabric NN X I-Skill
and CC X I-Skill
security NN X I-Skill
of IN X I-Skill
the DT X I-Skill
building NN X I-Skill
are VBP X I-Skill
properly RB X I-Skill
maintained VBN X I-Skill
and CC X O
any DT X O
repairs NNS X O
are VBP X O
reported VBN X O
and CC X O
dealt NN X O
with IN X O
promptly RB X O
. . X O
The DT X O

choice NN X O
of IN X O
PAYE NNP X O
or CC X O
Limited VBN X O
Company NNP X O
Schemes NNP X O
Weekly NNP X O
payroll NN X O
service NN X O
Access NNP X O
to TO X O
free VB X O
training NN X O
courses NNS X O
that WDT X O
count VBP X O
towards NNS X O
your PRP$ X O
GSCC NNP X O
registration NN X O
Excellent NNP X O
rates NNS X O
of IN X O
pay NN X O
Honest NNP X O
and CC X O
personal JJ X O
service NN X O
from IN X O
a DT X O
consultant NN X O
with IN X O
over IN X O
You PRP X O

must MD X O
have VB X O
experience NN X B-Skill
managing VBG X I-Skill
an DT X I-Skill
entertainment NN X I-Skill
or CC X I-Skill
events NNS X I-Skill
venue NN X I-Skill
, , X O
have VBP X B-Skill
a DT X I-Skill
good JJ X I-Skill
understanding NN X I-Skill
if IN X I-Skill
logistics NNS X I-Skill
, , X O
be VB X O
a DT X O
great JJ X B-Skill
relationship NN X I-Skill
manager NN X I-Skill
and CC X O
have VBP X B-Skill
experience VBN X I-Skill
managing VBG X I-Skill
a DT X I-Skill
team NN X I-Skill
. . X O
The DT X O

primary JJ X O
role NN X O
of IN X O
the DT X O
Senior NNP X B-Occupation
Market NNP X I-Occupation
Forecaster NNP X I-Occupation
will MD X O
be VB X O
to TO X O
maintain VB X B-Skill
and CC X I-Skill
develop VB X I-Skill
forecasting NN X I-Skill
models NNS X I-Skill
across IN X O
the DT X O
telecoms NNS X B-Domain
and CC X I-Domain
media NNS X I-Domain
industries NNS X I-Domain
. . X O
We PRP X O

dispense VBP X O
over IN X O
150 CD X O
million CD X O
prescription NN X O
items NNS X O
every DT X O
year NN X O
. . X O
The DT X O

client NN X O
is VBZ X O
a DT X O
wellestablished JJ X O
and CC X O
growing VBG X O
organisation NN X O
, , X O
based VBN X O
in IN X O
the DT X O
Midlands NNP X O
commutable JJ X O
from IN X O
Kenilworth NNP X O
, , X O
Leamington NNP X O
Spa NNP X O
, , X O
Warwick NNP X O
, , X O
Stratford NNP X O
upon IN X O
Avon NNP X O
, , X O
Redditch NNP X O
, , X O
Solihull NNP X O
, , X O
Coventry NNP X O
, , X O
Birmingham NNP X O
, , X O
Nuneaton NNP X O
, , X O
Hinckley NNP X O
, , X O
Leicester NNP X O
, , X O
Daventry NNP X O
and CC X O
Banbury NNP X O
. . X O
You PRP X O

must MD X O
have VB X O
a DT X O
good JJ X O
understanding NN X O
of IN X O
all DT X O
aspects NNS X O
of IN X O
microsoft JJ X B-Skill
office NN X I-Skill
and CC X O
the DT X O
ability NN X O
to TO X O
deal VB X B-Skill
with IN X I-Skill
people NNS X I-Skill
at IN X I-Skill
all DT X I-Skill
levels NNS X I-Skill
. . X O
To TO X O

apply VB X O
for IN X O
this DT X O
role NN X O
please NN X O
follow VB X O
the DT X O
link NN X O
below IN X O
and CC X O
complete VB X O
an DT X O
online JJ X O
application NN X O
form NN X O
. . X O
Excellent JJ X O

written VBN X B-Skill
communication NN X I-Skill
skills NNS X I-Skill
, , X I-Skill
able JJ X I-Skill
to TO X I-Skill
produce VB X I-Skill
brief JJ X I-Skill
reports NNS X I-Skill
and CC X I-Skill
clear JJ X I-Skill
, , X I-Skill
concise NN X I-Skill
emails NNS X I-Skill
. . X O
The DT X O

ability NN X O
and CC X O
willingness NN X O
to TO X O
work VB X B-Skill
extensively RB X I-Skill
in IN X I-Skill
the DT X I-Skill
field NN X I-Skill
, , X O
often RB X O
in IN X O
adverse JJ X O
weather NN X O
conditions NNS X O
and CC X O
at IN X O
field NN X O
sites NNS X O
inaccessible JJ X O
by IN X O
road NN X O
and CC X O
a DT X B-Qualification
full JJ X I-Qualification
driving NN X I-Qualification
license NN X I-Qualification
is VBZ X O
essential JJ X O
. . X O
The DT X O

successful JJ X O
candidate NN X O
will MD X O
play VB X O
a DT X O
key JJ X O
role NN X O
in IN X O
identifying VBG X B-Skill
and CC X I-Skill
acquiring VBG X I-Skill
land NN X I-Skill
for IN X O
residential JJ X B-Skill
development NN X I-Skill
. . X O
The DT X O

role NN X O
is VBZ X O
very RB X O
hands NNS X B-Skill
on IN X I-Skill
so RB X O
expect VB X O
to TO X O
be VB X O
running VBG X O
around IN X O
a DT X O
lot NN X O
We PRP X O
' '' X O
ll JJ X O
reward NN X O
that WDT X O
effort NN X O
by IN X O
training VBG X O
you PRP X O
up IN X O
to TO X O
be VB X O
the DT X O
best JJS X O
in IN X O
the DT X O
business NN X O
. . X O
Accountability NN X B-Skill

for IN X I-Skill
the DT X I-Skill
clinic JJ X I-Skill
s NN X I-Skill
compliance NN X I-Skill
with IN X O
all DT X O
policies NNS X O
, , X O
procedures NNS X O
, , X O
guidelines NNS X O
and CC X O
regulations NNS X O
, , X B-Skill
ensuring VBG X I-Skill
that IN X I-Skill
the DT X I-Skill
clinic NN X I-Skill
is VBZ X I-Skill
prepared VBN X I-Skill
for IN X I-Skill
audit NN X I-Skill
365 CD X O
days NNS X O
of IN X O
the DT X O
year NN X O
. . X O
They PRP X O

are VBP X O
known VBN X O
for IN X O
work NN X O
which WDT X O
seamlessly RB X O
incorporates VBZ X O
social JJ X O
media NNS X O
and CC X O
experiential JJ X B-Skill
marketing NN X I-Skill
. . X O
PHP NNP X B-Occupation

Developer NNP X I-Occupation
, , X O
Graduate NNP X B-Occupation
PHP NNP X I-Occupation
, , X O
Junior NNP X B-Occupation
PHP NNP X I-Occupation
, , X O
Graduate NNP X B-Occupation
Developer NNP X I-Occupation
, , X O
Junior NNP X B-Occupation
Developer NNP X I-Occupation
, , X O
Web NNP X B-Occupation
Developer NNP X O
, , X O
PHP NNP X B-Occupation
Developer NNP X I-Occupation
, , X O
PHP NNP X B-Skill
, , X O
MySQL NNP X B-Skill
, , X O
OO NNP X B-Skill
, , X I-Skill
MVC NNP X I-Skill
, , X O
CMS NNP X B-Skill
, , X O
XHTML NNP X B-Skill
, , X O
CSS NNP X B-Skill
, , X O
Javascript NNP X B-Skill
, , X O
Jquery NNP X B-Skill
, , X O
CodeIgniter NNP X O
, , X O
Preston NNP X O
, , X O
Blackburn NNP X O
, , X O
Blackpool NNP X O
, , X O
Bamber NNP X O
Bridge NNP X O
, , X O
Leyland NNP X O
, , X O
Lancashire NNP X O
Must NNP X O

have VBP X O
experience NN X O
of IN X O
the DT X O
whole JJ X B-Skill
sales NNS X I-Skill
process NN X I-Skill
from IN X O
start NN X O
to TO X O
finish VB X O
. . X O
To TO X O

ensure VB X B-Skill
that DT X I-Skill
at IN X I-Skill
all DT X I-Skill
times NNS X I-Skill
residents NNS X I-Skill
are VBP X I-Skill
treated VBN X I-Skill
with IN X I-Skill
respect NN X I-Skill
and CC X I-Skill
dignity NN X I-Skill
and CC X I-Skill
that IN X I-Skill
individual JJ X I-Skill
s NN X I-Skill
rights NNS X I-Skill
to TO X I-Skill
privacy NN X I-Skill
, , X I-Skill
dignity NN X I-Skill
, , X I-Skill
independence NN X I-Skill
and CC X I-Skill
choice NN X I-Skill
are VBP X I-Skill
met VBN X I-Skill
. . X O
Please VB X O

respond NN X O
to TO X O
find VB X O
out RP X O
more RBR X O
about IN X O
company NN X O
info NN X O
. . X O
It PRP X O

would MD X O
be VB X O
advantageous JJ X O
if IN X O
they PRP X O
also RB X O
possess VBP X O
the DT X O
following JJ X O
experience NN X O
: : X O
Calculation NN X B-Skill

and CC X I-Skill
management NN X I-Skill
of IN X I-Skill
counterparty NN X I-Skill
credit NN X I-Skill
risk NN X I-Skill
Ensure NNP X I-Skill
valuation NN X I-Skill
systems NNS X I-Skill
are VBP X I-Skill
efficient JJ X I-Skill
Liaise NNP X I-Skill
with IN X I-Skill
Front NNP X I-Skill
Office NNP X I-Skill
teams NNS X I-Skill
on IN X O
any DT X O
issues NNS X O
Requirements NNS X O
for IN X O
the DT X O
Head NNP X B-Occupation
of IN X I-Occupation
Quantitative NNP X I-Occupation
Market NNP X I-Occupation
Risk NNP X I-Occupation
role NN X O
: : X O
Strong JJ X B-Skill
Quantitative JJ X I-Skill
experience NN X I-Skill
; : X O
strong JJ X B-Skill
Market NN X I-Skill
Risk NNP X I-Skill
and CC X I-Skill
Treasury NNP X I-Skill
knowledge VBP X I-Skill
Degree NNP X I-Skill
in IN X I-Skill
a DT X I-Skill
Quantitative JJ X I-Skill
subject NN X I-Skill
You PRP X O

will MD X O
be VB X O
innovative JJ X O
and CC X O
creative JJ X O
with IN X O
an DT X O
ROI NNP X O
focus NN X O
and CC X O
the DT X O
ability NN X O
to TO X O
influence NN X O
and CC X O
engage NN X O
with IN X O
stakeholders NNS X O
at IN X O
all DT X O
levels NNS X O
. . X O
Promotes NNS X B-Skill

best JJS X I-Skill
practice NN X I-Skill
in IN X I-Skill
health NN X I-Skill
and CC X I-Skill
safety NN X I-Skill
and CC X I-Skill
security NN X I-Skill
. . X O
The DT X O

ideal JJ X O
candidate NN X O
will MD X O
have VB X O
a DT X O
minimum NN X O
of IN X O
5 CD X B-Experience
years NNS X I-Experience
Business JJ X B-Occupation
Analysis NNP X I-Occupation
experience NN X O
in IN X O
requirements NNS X B-Skill
elicitation VBP X I-Skill
through IN X O
the DT X O
use NN X O
of IN X O
stakeholder NN X B-Skill
interviews NNS X I-Skill
, , X O
document NN X B-Skill
analysis NN X I-Skill
, , X O
requirements NNS X B-Skill
workshops VBP X I-Skill
, , X O
surveys NNS X B-Skill
, , X O
site NN X B-Skill
visits NNS X I-Skill
, , X O
business NN X B-Skill
process NN X I-Skill
descriptions NNS X I-Skill
, , X O
scenarios NNS X B-Skill
, , X I-Skill
business NN X I-Skill
analysis NN X I-Skill
, , X O
task NN X B-Skill
and CC X I-Skill
workflow JJ X I-Skill
analysis NN X I-Skill
, , X O
and CC X O
/ NNP X O
or CC X O
viewpoints NNS X O
. . X O
The DT X O

business NN X O
currently RB X O
has VBZ X O
a DT X O
turnover NN X O
in IN X O
the DT X O
region NN X O
of IN X O
20 CD X O
million CD X O
. . X O
The DT X O

firm NN X O
is VBZ X O
offering VBG X O
a DT X O
genuine JJ X O
work NN X O
/ NNP X O
life NN X O
balance NN X O
and CC X O
genuine JJ X O
partnership NN X O
opportunities NNS X O
in IN X O
the DT X O
not RB X O
too RB X O
distant JJ X O
future NN X O
. . X O
Additional JJ X O

Resources NNS X O
are VBP X O
an DT X O
Employment NNP X O
Business NNP X O
and CC X O
an DT X O
Employment JJ X O
Agency NN X O
as IN X O
defined VBN X O
within IN X O
The DT X O
Conduct NNP X O
of IN X O
Employment NNP X O
Agencies NNP X O
& CC X O
Employment NNP X O
Businesses NNP X O
Regulations NNP X O
Able JJ X O

to TO X O
demonstrate VB X O
sound JJ X B-Skill
experience NN X O
in IN X O
a DT X O
payroll NN X B-Domain
/ NN X I-Domain
finance NN X I-Domain
related VBN X O
environment NN X O
2 CD X O
. . X O
Supporting VBG X B-Skill

senior JJ X I-Skill
management NN X I-Skill
team NN X I-Skill
to TO X I-Skill
drive VB X I-Skill
store NN X I-Skill
operations NNS X I-Skill
and CC X I-Skill
delivery NN X I-Skill
on IN X I-Skill
a DT X I-Skill
day NN X I-Skill
to TO X I-Skill
day NN X I-Skill
basis NN X O
For IN X O
this DT X O
role NN X O
you PRP X O
will MD X O
be VB X O
required VBN X O
to TO X O
have VB X O
the DT X O
following JJ X O
attributes NNS X O
: : X O
Ability NN X O
to TO X O
think VB X B-Skill
on IN X I-Skill
your PRP$ X I-Skill
feet NNS X I-Skill
whilst VBP X I-Skill
working VBG X I-Skill
in IN X I-Skill
a DT X I-Skill
very RB X I-Skill
fast RB X I-Skill
paced JJ X I-Skill
environment NN X I-Skill
Based VBN X O

within IN X O
the DT X O
Credit NNP X O
Risk NNP X O
Reporting NNP X O
team NN X O
; : X O
the DT X O
role NN X O
involves VBZ X O
running VBG X O
highly RB X O
demanding VBG X O
regulatory JJ X O
projects NNS X O
, , X O
focusing VBG X O
on IN X O
the DT X O
portfolio NN X O
aggregation NN X O
buildout IN X O
using VBG X O
QlikView NNP X B-Skill
/ NNP X I-Skill
MSSQL NNP X I-Skill
providing VBG X O
a DT X O
fronttoback JJ X O
view NN X O
on IN X O
the DT X O
trading NN X B-Skill
and CC X I-Skill
banking NN X I-Skill
books NNS X I-Skill
, , X O
including VBG X O
all DT X O
major JJ X O
asset NN X O
classes NNS X O
; : X O
loans NNS X O
and CC X O
OTC NNP X O
Derivatives NNP X O
. . X O
You PRP X O

will MD X O
have VB X O
the DT X O
tenacity NN X B-Skill
to TO X O
open VB X O
doors NNS X O
and CC X O
initiate JJ X B-Skill
relationships NNS X I-Skill
, , X O
but CC X O
the DT X O
credibility NN X B-Skill
to TO X O
present VB X B-Skill
at IN X I-Skill
Board NNP X I-Skill
level NN X I-Skill
and CC X O
the DT X O
professionalism NN X B-Skill
, , X O
skill NN X O
and CC X O
patience NN X B-Skill
to TO X O
deal VB X O
with IN X O
multi JJ X O
decision NN X O
maker NN X O
sales NNS X B-Domain
processes VBZ X O
PROSPECTS NNS X O
: : X O
Requirements NNS X O

: : X O
BA NNP X B-Qualification
/ NNP X I-Qualification
BS NNP X I-Qualification
degree NN X I-Qualification
or CC X O
equivalent JJ X O
experience NN X O
preferred VBD X O
. . X O
experience NN X O

of IN X O
electrical JJ X B-Skill
power NN X I-Skill
and CC X I-Skill
control NN X I-Skill
systems NNS X I-Skill
Have VBP X O
experience NN X O
of IN X O
electrical JJ X B-Skill
motor NN X I-Skill
control NN X I-Skill
using VBG X I-Skill
variable JJ X I-Skill
speed NN X I-Skill
inverter NN X I-Skill
drives NNS X I-Skill
We PRP X O

also RB X O
provide VBP X O
: : X O
Company NN X O
Bonus NNP X O
Share NNP X O
Scheme NNP X O
an DT X O
unprecedented JJ X O
approach NN X O
to TO X O
rewarding VBG X O
high JJ X O
achievers NNS X O
. . X O
**** JJ X O

hotels NNS X O
as RB X O
well RB X O
as IN X O
for IN X O
a DT X O
corporate JJ X B-Domain
organization NN X O
in IN X O
a DT X O
leadership NN X B-Skill
role NN X O
either CC X O
in IN X O
house NN X O
or CC X O
for IN X O
a DT X O
service NN X O
provider NN X O
. . X O
If IN X O

your PRP$ X O
CV NNP X O
is VBZ X O
shortlisted VBN X O
Prime NNP X O
Time NNP X O
will MD X O
call VB X O
you PRP X O
to TO X O
discuss VB X O
this DT X O
opportunity NN X O
in IN X O
more JJR X O
detail NN X O
. . X O
If IN X O

you PRP X O
are VBP X O
smart JJ X B-Skill
in IN X O
your PRP$ X O
appearance NN X O
with IN X O
a DT X O
very RB X O
confident JJ X B-Skill
and CC X I-Skill
conscientious JJ X I-Skill
attitude NN X I-Skill
with IN X O
fast JJ X B-Skill
track NN X I-Skill
capabilities NNS X I-Skill
then RB X O
this DT X O
position NN X O
is VBZ X O
for IN X O
you PRP X O
Come VBP X O
on IN X O
make NN X O
that IN X O
money NN X O
you PRP X O
ve VBP X O
always RB X O
dreamt NN X O
of IN X O
Interested NNP X O
in IN X O
working VBG X O
for IN X O
this DT X O
highly RB X O
respected VBN X O
company NN X O
? . X O
RGN NNP X B-Qualification

with IN X O
experience NN X O
ideally RB X O
within IN X O
a DT X O
nursing NN X B-Domain
home NN X I-Domain
environment NN X I-Domain
Passion NNP X O
for IN X O
nursing NN X B-Domain
and CC X O
delivering VBG X O
high JJ X O
quality NN X O
care NN X O
Valid NNP X O
NMC NNP X B-Qualification
pin NN X I-Qualification
number NN X I-Qualification
Have VBP X O
excellent JJ X O
communication NN X B-Skill
and CC X O
interpersonal JJ X B-Skill
skills NNS X I-Skill
Terms NNS X O
and CC X O
conditions NNS X O
apply VBP X O
You PRP X O

will MD X O
not RB X O
provide VB X O
technical JJ X O
solutions NNS X O
, , X O
but CC X O
will MD X O
be VB X O
responsible JJ X O
for IN X O
clarifying VBG X B-Skill
precise NN X I-Skill
business NN X I-Skill
requirements NNS X I-Skill
; : X O
writing VBG X B-Skill
business NN X I-Skill
cases NNS X I-Skill
and CC X O
detailed JJ X B-Skill
project NN X I-Skill
initiation NN X I-Skill
documents NNS X I-Skill
, , X O
based VBN X O
on IN X O
detailed JJ X B-Skill
scoping NN X I-Skill
and CC X O
analysis NN X B-Skill
of IN X I-Skill
solutions NNS X I-Skill
. . X O
You PRP X O

will MD X O
be VB X O
an DT X O
effective JJ X B-Skill
communicator NN X I-Skill
, , X O
strong JJ X B-Skill
leader NN X I-Skill
and CC X O
organiser NN X B-Skill
, , X O
able JJ X B-Skill
to TO X I-Skill
function VB X I-Skill
autonomously RB X I-Skill
and CC X O
using VBG X B-Skill
own JJ X I-Skill
initiative NN X I-Skill
; : X O
professional JJ X B-Skill
and CC X O
supportive JJ X B-Skill
to TO X O
staff NN X O
. . X O
Longer JJR X O

term NN X O
, , X O
you PRP X O
could MD X O
move VB X O
into IN X O
Product NNP X O
Management NNP X O
, , X O
Project NNP X O
Management NNP X O
, , X O
Client NNP X O
Management NNP X O
or CC X O
even RB X O
the DT X O
Sales NNS X B-Domain
and CC X O
Marketing NN X B-Domain
of IN X O
their PRP$ X O
software NN X O
if IN X O
you PRP X O
wish VBP X O
. . X O
**** RB X O

live JJ X O
roles NNS X O
across IN X O
the DT X O
UK NNP X O
, , X O
Middle NNP X O
East NNP X O
, , X O
Europe NNP X O
, , X O
North NNP X O
America NNP X O
, , X O
South NNP X O
East NNP X O
Asia NNP X O
, , X O
Africa NNP X O
and CC X O
Australia NNP X O
. . X O
As IN X O

an DT X O
ECommerce NN X B-Occupation
IT NNP X I-Occupation
Assistant NNP X I-Occupation
your PRP$ X O
duties NNS X O
will MD X O
include VB X O
: : X O
Providing VBG X O
support NN X O
and CC X O
assistance NN X O
to TO X O
all DT X O
internal JJ X O
users NNS X O
of IN X O
Ecommerce NNP X O
to TO X O
provide VB X O
a DT X O
resource NN X O
to TO X O
facilitate VB X O
a DT X O
good JJ X O
customer NN X O
experience NN X O
. . X O
They PRP X O

currently RB X O
have VBP X O
a DT X O
need NN X O
for IN X O
a DT X O
Site NNP X B-Occupation
Engineer NNP X I-Occupation
to TO X O
work VB X O
on IN X O
a DT X O
number NN X O
of IN X O
project NN X O
based VBN X O
in IN X O
Essex NNP X O
. . X O
As IN X O

the DT X O
ideal JJ X O
candidate NN X O
you PRP X O
will MD X O
have VB X O
experience NN X O
of IN X O
inspection NN X B-Skill
functions NNS X I-Skill
within IN X I-Skill
a DT X I-Skill
manufacturing NN X I-Skill
environment NN X I-Skill
, , X O
understand VBP X O
NADCAP NNP X B-Skill
accreditation NN X I-Skill
in IN X O
UT NNP X B-Skill
/ NNP X O
RT NNP X B-Skill
Methods NNP X I-Skill
, , X O
calibrating VBG X B-Skill
NDT NNP X I-Skill
equipment NN X I-Skill
and CC X O
be VB X O
used VBN X O
to TO X O
developing VBG X B-Skill
processes NNS X I-Skill
and CC X O
standard JJ X B-Skill
operating NN X I-Skill
procedures NNS X I-Skill
alongside IN X O
other JJ X O
members NNS X O
of IN X O
the DT X O
production NN X B-Domain
team NN X O
. . X O
Do VBP X O

you PRP X O
have VB X O
a DT X O
strong JJ X O
mechanical JJ X B-Skill
background NN X I-Skill
and CC X O
strong JJ X O
CAD NNP X B-Skill
/ NNP X I-Skill
CAM NNP X I-Skill
experience NN X I-Skill
? . X O
Global JJ X O

Engineering NNP X O
Consultancy NNP X B-Domain
providing VBG X O
Client NNP X O
Consultancy NNP X O
, , X O
Owners NNP X O
Engineer NNP X B-Domain
and CC X O
Design NNP X B-Domain
services NNS X O
for IN X O
the DT X O
international JJ X O
power NN X B-Domain
sector NN X I-Domain
. . X O
They PRP X O

are VBP X O
currently RB X O
looking VBG X O
for IN X O
a DT X O
Junior NNP X B-Qualification
Technical NNP X B-Skill
PreSales NNP X I-Skill
consultant NN X B-Occupation
to TO X O
full JJ X O
fill VB X O
a DT X O
varied JJ X B-Skill
and CC X I-Skill
interactive JJ X I-Skill
position NN X I-Skill
. . X O
Strong JJ X O

Associate NNP X B-Occupation
with IN X O
experience NN X O
and CC X O
a DT X O
good JJ X O
understanding NN X B-Skill
of IN X I-Skill
Fixed NNP X I-Skill
Income NNP X I-Skill
or CC X I-Skill
Equity NNP X I-Skill
products NNS X I-Skill
Strong NNP X O
business NN X B-Skill
knowledge NN X I-Skill
of IN X I-Skill
Fixed NNP X I-Skill
Income NNP X I-Skill
, , X O
Stock NNP X B-Skill
loan NN X I-Skill
, , X O
Equity NNP X B-Skill
finance NN X I-Skill
and CC X O
Collateral NNP X B-Skill
Management NNP X I-Skill
is VBZ X O
desired VBN X O
The DT X O
ability NN X O
to TO X O
prioritise VB X O
workloads NNS X O
in IN X O
a DT X O
highly RB X O
pressured JJ X O
environment NN X O
is VBZ X O
essential JJ X O
as IN X O
is VBZ X O
the DT X O
ability NN X O
to TO X O
build VB X O
capacity NN X O
and CC X O
scale NN X O
within IN X O
the DT X O
rapidly RB X O
increasing VBG X O
business NN X O
Excellent NNP X O
analytical NN X B-Skill
and CC X I-Skill
problem NN X I-Skill
solving NN X I-Skill
skills NNS X I-Skill
Establish VB X B-Skill

a DT X I-Skill
strong JJ X I-Skill
reputation NN X I-Skill
and CC X O
manage NN X B-Skill
working VBG X I-Skill
relationship NN X I-Skill
with IN X I-Skill
key JJ X I-Skill
stakeholders NNS X I-Skill
. . X O
It PRP X O

prides VBZ X O
itself PRP X O
on IN X O
offering VBG X B-Skill
exceptional JJ X I-Skill
customer NN X I-Skill
service NN X I-Skill
and CC X O
being VBG X B-Skill
a DT X I-Skill
leader NN X I-Skill
within IN X O
its PRP$ X O
sector NN X O
. . X O
Leading VBG X O

subsea NN X O
engineering NN X O
company NN X O
is VBZ X O
looking VBG X O
for IN X O
a DT X O
Business NNP X B-Occupation
Development NNP X I-Occupation
Director NNP X I-Occupation
to TO X O
join VB X O
their PRP$ X O
growing VBG X O
team NN X O
on IN X O
a DT X O
permanent JJ X O
basis NN X O
. . X O
They PRP X O

are VBP X O
looking VBG X O
for IN X O
a DT X O
Project NNP X B-Occupation
Quality NNP X I-Occupation
Engineer NNP X I-Occupation
to TO X O
join VB X O
their PRP$ X O
team NN X O
in IN X O
Peterborough NNP X O
. . X O
At IN X B-Experience

least JJS X I-Experience
two CD X I-Experience
years NNS X I-Experience
working VBG X B-Skill
with IN X I-Skill
children NNS X I-Skill
aged VBN X I-Skill
3 CD X I-Skill
and CC X O
Working VBG X O

with IN X O
several JJ X O
of IN X O
the DT X O
worlds NNS X O
leading VBG X O
financial JJ X B-Domain
organisations NNS X I-Domain
, , X O
this DT X O
role NN X O
will MD X O
give VB X O
diverse NN X O
project NN X B-Skill
driven VBN X I-Skill
content JJ X I-Skill
and CC X O
development NN X B-Skill
around IN X I-Skill
the DT X I-Skill
entire JJ X I-Skill
software NN X I-Skill
lifecycle NN X I-Skill
adding VBG X O
excellent JJ X O
career NN X O
progression NN X O
to TO X O
an DT X O
already RB X O
long JJ X O
list NN X O
of IN X O
attractive JJ X O
attributes NNS X O
. . X O
Due JJ X O

to TO X O
continued JJ X O
success NN X O
our PRP$ X O
client NN X O
is VBZ X O
currently RB X O
looking VBG X O
to TO X O
recruit VB X O
a DT X O
Technician JJ X B-Occupation
with IN X O
a DT X O
proven JJ X O
track NN X O
record NN X O
, , X O
who WP X O
is VBZ X O
happy JJ X O
to TO X O
be VB X O
part NN X O
of IN X O
a DT X O
team NN X O
and CC X O
work NN X B-Skill
competently RB X I-Skill
under IN X I-Skill
pressure NN X O
. . X O
o JJ X O

C NNP X B-Skill
/ NNP X I-Skill
C NNP X I-Skill
++ NNP X I-Skill
o JJ X O
Experience NNP X O
of IN X O
implementing VBG X B-Skill
audio JJ X I-Skill
algorithms NN X I-Skill
on IN X O
fixed JJ X O
point NN X O
DSP NNP X B-Skill
or CC X O
custom NN X B-Skill
hardware NN X I-Skill
The DT X O

position NN X O
will MD X O
include VB X O
several JJ X O
focus NNS X O
areas NNS X O
dependent VBP X O
on IN X O
qualifications NNS X O
and CC X O
interests NNS X O
related VBN X O
to TO X O
the DT X O
pipeline NN X O
life NN X O
cycle NN X O
. . X O
All DT X O

positions NNS X O
advertised VBN X O
are VBP X O
for IN X O
immediate JJ X O
start NN X O
unless IN X O
otherwise RB X O
stated VBN X O
. . X O
The DT X O

core NN X O
strength NN X O
of IN X O
the DT X O
business NN X O
is VBZ X O
built VBN X O
on IN X O
developing VBG X B-Skill
outstanding JJ X I-Skill
sales NNS X I-Skill
talent NN X I-Skill
and CC X O
delivering VBG X B-Skill
an DT X I-Skill
exceptional JJ X I-Skill
installation NN X I-Skill
for IN X O
the DT X O
customer NN X O
. . X O
Manage VB X B-Skill

the DT X I-Skill
CUI NNP X I-Skill
process NN X I-Skill
in IN X O
line NN X O
with IN X O
the DT X O
Client NNP X O
and CC X O
their PRP$ X O
process NN X O
flow NN X O
. . X O
The DT X O

ability NN X O
to TO X O
be VB X O
creative JJ X B-Skill
with IN X I-Skill
data NNS X I-Skill
in IN X O
order NN X O
to TO X O
develop VB X B-Skill
pricing NN X I-Skill
and CC X I-Skill
rating NN X I-Skill
. . X O
To TO X O

keep VB X B-Skill
accurate NN X I-Skill
records NNS X I-Skill
of IN X I-Skill
learner NN X I-Skill
attendance NN X I-Skill
which WDT X O
are VBP X O
regularly RB X O
shared VBN X O
with IN X O
the DT X O
relevant JJ X O
employer NN X O
. . X O
The DT X O

successful JJ X O
candidate NN X O
will MD X O
be VB X O
an DT X O
accomplished JJ X O
Chemistry NNP X B-Occupation
teacher NN X I-Occupation
experienced VBD X B-Skill
or CC X O
outstanding JJ X B-Skill
NQT NNP X I-Skill
with IN X O
a DT X O
desire NN X O
and CC X O
expertise NN X B-Skill
for IN X I-Skill
engaging VBG X I-Skill
and CC X I-Skill
inspiring VBG X I-Skill
their PRP$ X I-Skill
students NNS X I-Skill
within IN X I-Skill
Chemistry NNP X I-Skill
lessons NNS X I-Skill
. . X O
The DT X O

aim NN X O
is VBZ X O
to TO X O
equip VB X B-Skill
each DT X I-Skill
child NN X I-Skill
with IN X I-Skill
the DT X I-Skill
personal JJ X I-Skill
, , X I-Skill
emotional JJ X I-Skill
, , X I-Skill
social JJ X I-Skill
and CC X I-Skill
learning JJ X I-Skill
skills NNS X I-Skill
and CC X I-Skill
abilities NNS X I-Skill
to TO X I-Skill
cope VB X I-Skill
in IN X I-Skill
a DT X I-Skill
family NN X I-Skill
and CC X I-Skill
in IN X I-Skill
a DT X I-Skill
local JJ X I-Skill
school NN X I-Skill
and CC X I-Skill
community NN X I-Skill
. . X O
THE DT X O

ARNOLD NNP X O
CLARK NNP X O
GROUP NNP X O
IS NNP X O
OFFERED NNP X O
SUBJECT NNP X O
TO NNP X O
SATISFACTORY NNP X O
REFERENCE NNP X O
AND NNP X O
DISCLOSURE NNP X O
CHECK NNP X O
. . X O
You PRP X O

will MD X O
work VB X B-Skill
in IN X I-Skill
teams NNS X I-Skill
composed VBN X O
of IN X O
Art NNP X B-Occupation
Directors NNP X I-Occupation
, , X I-Occupation
Senior NNP X I-Occupation
Designers NNP X I-Occupation
, , X O
Designers NNP X B-Occupation
and CC X O
UX NNP X B-Occupation
Designers NNP X I-Occupation
. . X O
This DT X O

includes VBZ X O
preparing VBG X B-Skill
Product NNP X I-Skill
Data NNP X I-Skill
and CC X I-Skill
Process NNP X I-Skill
/ NNP X I-Skill
Facility NNP X I-Skill
Data NNP X I-Skill
and CC X O
integrating VBG X B-Skill
the DT X I-Skill
complete JJ X I-Skill
proposed VBN X I-Skill
process NN X I-Skill
solution NN X I-Skill
for IN X I-Skill
requested JJ X I-Skill
activities NNS X I-Skill
. . X O
Champion NNP X O

quality NN X O
within IN X O
the DT X O
programmes NNS X O
and CC X O
projects NNS X O
Create NNP X B-Skill
requirements NNS X I-Skill
documentation NN X I-Skill
from IN X I-Skill
business NN X I-Skill
and CC X I-Skill
sales NNS X I-Skill
requirements NNS X O
and CC X O
collaborate NN X B-Skill
with IN X I-Skill
relevant JJ X I-Skill
business NN X I-Skill
teams NNS X I-Skill
Deliver NNP X O
new JJ X B-Skill
and CC X I-Skill
updated JJ X I-Skill
documentation NN X I-Skill
of IN X I-Skill
the DT X I-Skill
marketing NN X I-Skill
processes VBZ X I-Skill
resulting VBG X I-Skill
from IN X I-Skill
project NN X I-Skill
change NN X I-Skill
This DT X O
job NN X O
was VBD X O
originally RB X O
posted VBN X O
as IN X O
This DT X O

is VBZ X O
a DT X O
self NN X O
employed VBN X O
position NN X O
and CC X O
is VBZ X O
commission NN X O
based VBN X O
. . X O
bonusCompany NN X O

vehicle NN X O
, , X O
mobile NN X O
, , X O
Competitive NNP X O
benefits NNS X O
package NN X O
BMS NNP X O
specialises VBZ X O
in IN X O
engineering NN X B-Domain
recruitment NN X O
. . X O
We PRP X O

are VBP X O
seeking VBG X O
to TO X O
recruit VB X O
a DT X O
strong JJ X O
Nurse NNP X B-Occupation
Manager NNP X I-Occupation
to TO X O
take VB X O
on IN X O
this DT X O
position NN X O
of IN X O
Home NNP X O
Manager NNP X O
within IN X O
a DT X O
very RB X O
reputable JJ X O
home NN X O
in IN X O
Northumberland NNP X O
. . X O
This DT X O

role NN X O
offers VBZ X O
impact NN X O
with IN X O
senior JJ X O
clients NNS X O
, , X O
both DT X O
externally RB X B-Skill
working VBG X I-Skill
with IN X I-Skill
people NNS X I-Skill
who WP X I-Skill
lead VBP X I-Skill
the DT X I-Skill
industry NN X I-Skill
, , X O
and CC X O
internally RB X B-Skill
with IN X I-Skill
the DT X I-Skill
Partners NNPS X I-Skill
driving VBG X I-Skill
the DT X I-Skill
business NN X I-Skill
. . X O
The DT X O

company NN X O
Oliver NNP X O
Wyman NNP X O
is VBZ X O
an DT X O
international JJ X O
management NN X B-Skill
consultancy NN X I-Skill
best RBS X O
known VBN X O
for IN X O
its PRP$ X O
focus NN X O
on IN X O
the DT X O
financial JJ X B-Skill
services NNS X I-Skill
industry NN X I-Skill
. . X O
Our PRP$ X O

diverse JJ X O
range NN X O
of IN X O
services NNS X O
, , X O
along IN X O
with IN X O
our PRP$ X O
excellent JJ X O
partner NN X O
relationships NNS X O
make VBP X O
a DT X O
real JJ X O
difference NN X O
to TO X O
customers NNS X O
living VBG X O
in IN X O
our PRP$ X O
homes NNS X O
. . X O
The DT X O

overall JJ X O
project NN X O
aim NN X O
is VBZ X O
an DT X O
integrated JJ X B-Skill
attack NN X I-Skill
on IN X I-Skill
the DT X I-Skill
software NN X I-Skill
, , X I-Skill
compiler NN X I-Skill
, , X I-Skill
runtime NN X I-Skill
/ NN X I-Skill
operating VBG X I-Skill
systems NNS X I-Skill
and CC X I-Skill
architecture NN X I-Skill
challenges NNS X I-Skill
in IN X I-Skill
manycore NN X I-Skill
computer NN X I-Skill
systems NNS X I-Skill
, , X O
driven VBN X O
by IN X O
3D CD X B-Skill
scene NN X I-Skill
understanding NN X I-Skill
. . X O
The DT X O

current JJ X O
Manager NNP X O
is VBZ X O
relocating VBG X O
abroad RB X O
but CC X O
remaining VBG X O
within IN X O
the DT X O
business NN X O
, , X O
so RB X O
will MD X O
be VB X O
available JJ X O
to TO X O
ensure VB X O
a DT X O
smooth JJ X O
transition NN X O
for IN X O
this DT X O
expert JJ X O
team NN X O
. . X O
If IN X O

you PRP X O
have VBP X O
not RB X O
been VBN X O
contacted VBN X O
within IN X O
7 CD X O
days NNS X O
of IN X O
your PRP$ X O
application NN X O
, , X O
then RB X O
please VB X O
presume VB X O
that IN X O
you PRP X O
have VBP X O
not RB X O
been VBN X O
successful JJ X O
on IN X O
this DT X O
occasion NN X O
Take VB X B-Skill

ownership NN X I-Skill
of IN X I-Skill
customer NN X I-Skill
enquiries NNS X I-Skill
or CC X I-Skill
complaints NNS X I-Skill
and CC X O
provide VB X B-Skill
prompt JJ X I-Skill
resolution NN X I-Skill
to TO X O
these DT X O
. . X O
Creative JJ X B-Skill

solution NN X I-Skill
finding VBG X I-Skill
This DT X O
role NN X O
would MD X O
suit VB X O
someone NN X O
who WP X O
is VBZ X O
looking VBG X O
to TO X O
take VB X O
a DT X O
step NN X O
up RB X O
from IN X O
a DT X O
small JJ X O
distributor NN X O
or CC X O
company NN X O
and CC X O
Ensure NN X B-Skill

that IN X I-Skill
the DT X I-Skill
marketing NN X I-Skill
and CC X I-Skill
commercial JJ X I-Skill
processes NNS X I-Skill
are VBP X I-Skill
documented VBN X I-Skill
and CC X I-Skill
maintained VBN X I-Skill
in IN X I-Skill
a DT X I-Skill
consistent JJ X I-Skill
and CC X I-Skill
readily RB X I-Skill
available JJ X I-Skill
way NN X I-Skill
. . X O
Ensures NNS X B-Skill

that WDT X I-Skill
programs NNS X I-Skill
developed VBD X I-Skill
for IN X I-Skill
specific JJ X I-Skill
projects NNS X I-Skill
/ VBP X I-Skill
protocols NNS X I-Skill
are VBP X I-Skill
sufficiently RB X I-Skill
portable JJ X I-Skill
to TO X I-Skill
allow VB X I-Skill
application NN X I-Skill
to TO X I-Skill
other JJ X I-Skill
projects NNS X I-Skill
and CC X I-Skill
protocols NNS X I-Skill
. . X O
but CC X O

this DT X O
can MD X O
only RB X O
be VB X O
offered VBN X O
if IN X O
you PRP X O
register VBP X O
or CC X O
apply VBP X O
directly RB X O
through IN X O
the DT X O
jobcoop NN X O
site NN X O
. . X O
You PRP X O

ll VBP X O
be VB X O
a DT X O
great JJ X O
problem NN X B-Occupation
solver NN X I-Occupation
with IN X O
a DT X O
logical JJ X B-Skill
mind NN X I-Skill
, , X O
and CC X O
a DT X O
proven JJ X O
ability NN X O
to TO X O
implement VB X B-Skill
process NN X I-Skill
and CC X I-Skill
procedure NN X I-Skill
. . X O
The DT X O

Customer NNP X B-Occupation
Service NNP X I-Occupation
Executive NNP X I-Occupation
will MD X O
be VB X O
responsible JJ X O
for IN X O
all DT X O
incoming NN X B-Skill
calls NNS X I-Skill
, , X I-Skill
from IN X I-Skill
both DT X I-Skill
existing VBG X I-Skill
and CC X I-Skill
prospect JJ X I-Skill
customers NNS X I-Skill
and CC X I-Skill
clients NNS X I-Skill
as RB X O
well RB X O
as IN X O
all DT X O
administrative JJ X B-Skill
duties NNS X I-Skill
. . X O
The DT X O

company NN X O
is VBZ X O
an DT X O
established VBN X O
building NN X B-Skill
services NNS X I-Skill
maintenance NN X I-Skill
provider NN X O
, , X O
they PRP X O
have VBP X O
a DT X O
great JJ X O
reputation NN X O
for IN X O
training NN X O
and CC X O
staff NN X O
retention NN X O
. . X O
Hours NNP X O

of IN X O
work NN X O
are VBP X O
6am CD X O
to TO X O
10am CD X O
and CC X O
2pm CD X O
to TO X O
6pm CD X O
. . X O
Please NNP X O

be VB X O
assured VBN X O
your PRP$ X O
CV NNP X O
will MD X O
be VB X O
treated VBN X O
with IN X O
the DT X O
strictest NN X O
confidence NN X O
and CC X O
we PRP X O
would MD X O
never RB X O
send VB X O
out RP X O
your PRP$ X O
CV NN X O
without IN X O
speaking VBG X O
to TO X O
you PRP X O
first RB X O
. . X O
To TO X O

input VB X B-Skill
cheques NNS X I-Skill
/ NNP X I-Skill
bacs NN X I-Skill
received VBD X I-Skill
onto IN X I-Skill
Sage NNP X I-Skill
200 CD X I-Skill
accurately RB X I-Skill
To TO X O
reconcile VB X B-Skill
remittances NNS X I-Skill
with IN X I-Skill
actual JJ X I-Skill
receipts NNS X I-Skill
. . X O
We PRP X O

aim VBP X O
to TO X O
improve VB X B-Skill
later RB X I-Skill
life NN X I-Skill
for IN X I-Skill
everyone NN X I-Skill
through IN X I-Skill
our PRP$ X I-Skill
information NN X I-Skill
and CC X I-Skill
advice NN X I-Skill
, , X I-Skill
campaigns NNS X I-Skill
, , X I-Skill
products NNS X I-Skill
, , X I-Skill
training NN X I-Skill
and CC X I-Skill
research NN X I-Skill
. . X O
Able JJ X B-Skill

to TO X I-Skill
influence VB X I-Skill
NHS NNP X I-Skill
staff NN X I-Skill
at IN X O
the DT X O
highest JJS X O
levels NNS X O
. . X O
Spry NNP X O

/ NNP X O
Prototype NNP X O
Excellent NNP X O
knowledge NN X B-Skill
of IN X I-Skill
web JJ X I-Skill
application NN X I-Skill
technologies NNS X I-Skill
including VBG X O
AJAX NNP X B-Skill
Demonstrable NNP X O
source NN X B-Skill
control NN X I-Skill
experience NN X I-Skill
preferably RB X O
About IN X O

us PRP X O
The DT X O
IET NNP X O
Institution NNP X O
of IN X O
Engineering NNP X O
and CC X O
Technology NNP X O
is VBZ X O
one CD X O
of IN X O
the DT X O
world NN X O
s NN X O
leading VBG X B-Domain
professional JJ X I-Domain
societies NNS X I-Domain
. . X O
Although IN X O

a DT X O
small JJ X O
intimate NN X O
nursing NN X B-Domain
home NN X I-Domain
we PRP X O
are VBP X O
seeking VBG X O
a DT X O
strong JJ X B-Skill
, , X O
committed JJ X B-Skill
experienced VBD X I-Skill
Home NNP X B-Occupation
Manager NNP X I-Occupation
. . X O
We PRP X O

are VBP X O
recruiting VBG X O
on IN X O
behalf NN X O
of IN X O
our PRP$ X O
client NN X O
; : X O
an DT X O
online JJ X B-Domain
advertising NN X I-Domain
platform NN X O
and CC X O
brokerage NN X B-Domain
in IN X O
the DT X O
lead JJ X B-Domain
generation NN X I-Domain
sector NN X I-Domain
. . X O
We PRP X O

specialize VBP X O
in IN X O
longterm NN X O
and CC X O
permanent JJ X O
recruitment NN X O
for IN X O
schools NNS X O
in IN X O
Greater NNP X O
London NNP X O
. . X O
This DT X O

role NN X O
is VBZ X O
being VBG X O
handled VBN X O
by IN X O
McCarthy NNP X O
Recruitment NNP X O
, , X O
award RB X O
winning VBG X O
specialist NN X O
retail JJ X O
recruitment NN X O
consultancy NN X O
covering VBG X O
the DT X O
whole NN X O
of IN X O
the DT X O
UK NNP X O
. . X O
We PRP X O

are VBP X O
looking VBG X O
for IN X O
a DT X O
highly RB X O
motivated VBN X B-Skill
RGN NNP X B-Occupation
who WP X O
has VBZ X O
great JJ X O
communication NN X B-Skill
skills NNS X O
is VBZ X O
willing JJ X B-Skill
to TO X I-Skill
learn VB X I-Skill
and CC X O
work VB X B-Skill
hard RB X I-Skill
. . X O
You PRP X O

are VBP X O
of IN X O
course NN X O
free JJ X O
to TO X O
resubmit VB X O
your PRP$ X O
CV NNP X O
/ NN X O
details NNS X O
in IN X O
the DT X O
future NN X O
and CC X O
we PRP X O
shall MD X O
assess VB X O
your PRP$ X O
suitability NN X O
at IN X O
that DT X O
time NN X O
. . X O
Lettings NNS X O

Negotiator NNP X O
Docklands NNP X O
Curtis NNP X O
& CC X O
Mayfair NNP X O
have VBP X O
a DT X O
brilliant JJ X O
opportunity NN X O
for IN X O
a DT X O
confident JJ X O
Lettings NNP X B-Occupation
Negotiator NNP X I-Occupation
to TO X O
join VB X B-Skill
a DT X I-Skill
well RB X I-Skill
established VBN X I-Skill
estate NN X I-Skill
agent NN X I-Skill
, , X O
based VBN X O
in IN X O
their PRP$ X O
thriving NN X O
Docklands NNS X O
based VBN X O
office NN X O
, , X O
as IN X O
a DT X O
Lettings NNP X B-Occupation
Negotiator NNP X I-Occupation
. . X O
The DT X O

Hospital NNP X O
of IN X O
St NNP X O
John NNP X O
and CC X O
St NNP X O
Elizabeth NNP X O
has VBZ X O
a DT X O
tradition NN X O
of IN X O
care NN X O
which WDT X O
goes VBZ X O
back RB X O
for IN X O
over IN X O
150 CD X O
years NNS X O
and CC X O
is VBZ X O
the DT X O
oldest JJS X O
independent JJ X O
Hospital NN X O
in IN X O
the DT X O
country NN X O
. . X O
In IN X O

this DT X O
key JJ X O
role NN X O
you PRP X O
will MD X O
be VB X O
responsible JJ X B-Skill
for IN X I-Skill
the DT X I-Skill
development NN X I-Skill
of IN X I-Skill
a DT X I-Skill
wide JJ X I-Skill
portfolio NN X I-Skill
of IN X I-Skill
products NNS X I-Skill
making VBG X I-Skill
sure JJ X I-Skill
that IN X I-Skill
they PRP X I-Skill
are VBP X I-Skill
defined VBN X I-Skill
, , X I-Skill
developed VBN X I-Skill
, , X I-Skill
launched VBN X I-Skill
and CC X I-Skill
manufactured VBN X I-Skill
until IN X I-Skill
end NN X I-Skill
of IN X I-Skill
life NN X I-Skill
under IN X O
the DT X O
Product NNP X O
Lifecycle NNP X O
Management NNP X O
process NN X O
PLM NNP X O
. . X O
Candidates NNS X O

must MD X O
demonstrate VB X O
excellent JJ X O
communication NN X B-Skill
, , X O
presentation NN X B-Skill
and CC X O
negotiation NN X B-Skill
skills NNS X O
. . X O
This DT X O

vacancy NN X O
is VBZ X O
exempt JJ X O
from IN X O
the DT X O
Rehabilitation NNP X O
of IN X O
Offenders NNP X O
Act NNP X O
This DT X O

is VBZ X O
a DT X O
senior JJ X B-Occupation
role NN X I-Occupation
within IN X O
the DT X O
directorate NN X O
and CC X O
has VBZ X O
line NN X O
management NN X O
responsibility NN X B-Skill
for IN X O
a DT X O
team NN X O
of IN X O
Account NNP X B-Occupation
Directors NNP X I-Occupation
to TO X O
deliver VB X O
the DT X O
required JJ X O
outcomes NNS X O
for IN X O
each DT X O
CCG NNP X B-Domain
, , X O
in IN X O
accordance NN X O
with IN X O
the DT X O
agreed JJ X O
Service NNP X O
Specifications NNP X O
and CC X O
Key NNP X O
Performance NNP X O
Indicators NNPS X O
KPIs NNP X O
. . X O
The DT X O

ideal NN X B-Skill
living NN X I-Skill
location NN X I-Skill
is VBZ X I-Skill
West NNP X I-Skill
Midlands NNPS X I-Skill
and CC X O
the DT X O
role NN X O
will MD X O
cover VB X O
West NNP X O
Midlands NNPS X O
, , X O
East NNP X O
Midlands NNP X O
Oxfordshire NNP X O
, , X O
Herefordshire NNP X O
and CC X O
Worcestershire NNP X O
Badenoch NNP X O

& CC X O
Clark NNP X O
is VBZ X O
acting VBG X O
as IN X O
an DT X O
Employment NNP X O
Agency NNP X O
in IN X O
relation NN X O
to TO X O
this DT X O
vacancy NN X O
. . X O
To TO X O

be VB X O
considered VBN X O
for IN X O
this DT X O
role NN X O
, , X O
you PRP X O
must MD X O
have VB X O
: : X O
A DT X O
demonstrable JJ X B-Skill
sales NNS X I-Skill
record NN X I-Skill
Experience NN X I-Skill
of IN X I-Skill
managing VBG X I-Skill
a DT X I-Skill
sales NNS X I-Skill
department NN X O
Experience NN X B-Skill
of IN X I-Skill
working VBG X I-Skill
in IN X I-Skill
a DT X I-Skill
fast JJ X I-Skill
changing NN X I-Skill
SME NNP X I-Skill
environment NN X I-Skill
**** JJ X O

R NNP X O
**** NNP X O
Database NNP X B-Skill
Design NNP X I-Skill
and CC X O
Performance NNP X B-Skill
tuning VBG X I-Skill
Significant NNP X O
development NN X B-Skill
experience NN X O
, , X O
including VBG X O
mentoring VBG X B-Skill
other JJ X I-Skill
developers NNS X I-Skill
within IN X O
a DT X O
team NN X O
Strong NNP X O
understanding NN X B-Skill
of IN X I-Skill
functional JJ X I-Skill
programming NN X I-Skill
languages NNS X I-Skill
and CC X O
functional JJ X B-Skill
design NN X I-Skill
patterns VBZ X I-Skill
Any DT X O
experience NN X O
with IN X O
SQL NNP X B-Skill
Server NNP X I-Skill
, , X O
SVN NNP X B-Skill
, , X O
C NNP X B-Skill
, , X O
Oracle NNP X B-Skill
The DT X O

agency NN X O
themselves PRP X O
have VBP X O
an DT X O
impressive JJ X O
collection NN X O
of IN X O
client NN X O
and CC X O
are VBP X O
well RB X O
respected VBN X O
for IN X O
their PRP$ X O
approach NN X O
, , X O
including VBG X O
unique JJ X O
/ NNP X O
innovative NN X O
and CC X O
cutting VBG X O
edge NN X O
marketing NN X O
strategies NNS X O
. . X O
They PRP X O

will MD X O
invest VB X O
in IN X O
developing VBG X O
your PRP$ X O
recruiting NN X O
expertise NN X O
at IN X O
all DT X O
stages NNS X O
of IN X O
your PRP$ X O
career NN X O
through IN X O
a DT X O
first JJ X O
class NN X O
learning NN X O
and CC X O
development NN X O
programme NN X O
designed VBN X O
to TO X O
develop VB X O
your PRP$ X O
skills NNS X O
and CC X O
knowledge NN X O
. . X O
Requirements NNS X O

Degree NNP X B-Qualification
in IN X I-Qualification
Electrical NNP X I-Qualification
Engineering NNP X I-Qualification
or CC X O
relevant JJ X O
EC NNP X O
and CC X O
I PRP X O
discipline VBP X O
. . X O
There EX X O

is VBZ X O
future JJ X O
potential JJ X O
to TO X O
develop VB X O
your PRP$ X O
career NN X O
with IN X O
a DT X O
clear JJ X O
promotional JJ X O
structure NN X O
in IN X O
place NN X O
to TO X O
recognise VB X O
top JJ X O
performers NNS X O
. . X O
THE DT X O

COMPANY NN X O
: : X O
a DT X O
leading VBG X O
importer NN X O
of IN X O
premium JJ X O
ambient NN X O
food NN X O
products NNS X O
is VBZ X O
looking VBG X O
to TO X O
recruit VB X O
a DT X O
Technical JJ X B-Occupation
Manager NNP X I-Occupation
to TO X O
drive VB X B-Skill
business NN X I-Skill
growth NN X I-Skill
. . X O
This DT X O

is VBZ X O
a DT X O
position NN X O
allows VBZ X O
the DT X O
scope NN X O
for IN X O
the DT X O
right JJ X O
individual NN X O
to TO X O
really RB X O
stand VB X O
out RP X O
and CC X O
will MD X O
not RB X O
be VB X O
around RB X O
again RB X O
The DT X O

please NN X O
click NN X O
' '' X O
apply RB X O
now RB X O
' POS X O
and CC X O
send VB X O
your PRP$ X O
CV NNP X O
A DT X B-Qualification

C NNP X I-Qualification
grades NNS X I-Qualification
including VBG X O
English JJ X B-Skill
and CC X O
Mathematics NNS X B-Skill
and CC X O
90 CD X O
% NN X O
of IN X O
students NNS X O
gaining VBG X O
KNOWLEDGE NNP X O

, , X O
EXPERIENCE NNP X O
and CC X O
SKILLS NNP X O
REQUIRED NNP X O
Knowledge NNP X O
of IN X O
businesstobusiness NN X O
sales NNS X B-Skill
processes NNS X I-Skill
and CC X I-Skill
procedures NNS X I-Skill
Exciting VBG X O

software NN X B-Skill
development NN X I-Skill
opportunities NNS X O
exist VBP X O
within IN X O
this DT X O
wireless JJ X B-Domain
communications NNS X I-Domain
specialist VBP X O
based VBN X O
in IN X O
Cambridge NNP X O
. . X O
Maintenance NN X B-Skill

and CC X I-Skill
support NN X I-Skill
for IN X I-Skill
existing VBG X I-Skill
websites NNS X I-Skill
and CC X I-Skill
hosting VBG X I-Skill
services NNS X I-Skill
? . X O
However RB X O

, , X O
they PRP X O
still RB X O
have VBP X O
a DT X O
large JJ X O
client NN X O
base NN X O
on IN X O
the DT X O
original JJ X O
AS400 NNP X O
version NN X O
that WDT X O
needs VBZ X O
supporting VBG X O
, , X O
hence RB X O
the DT X O
requirement NN X O
for IN X O
a DT X O
COBOL NNP X B-Occupation
programmer NN X I-Occupation
. . X O
but CC X O

you PRP X O
will MD X O
need VB X O
to TO X O
be VB X O
able JJ X O
to TO X O
stay VB X O
focused JJ X O
to TO X O
identify VB X B-Skill
any DT X I-Skill
quality NN X I-Skill
issues NNS X I-Skill
with IN X I-Skill
components NNS X I-Skill
which WDT X O
could MD X O
result VB X O
in IN X O
the DT X O
end NN X O
product NN X O
being VBG X O
scrapped VBN X O
. . X O
One CD X O

of IN X O
the DT X O
world NN X O
s NN X O
leading VBG X O
engineering NN X B-Domain
consultancies NNS X I-Domain
is VBZ X O
looking VBG X O
to TO X O
recruit VB X O
an DT X O
Senior NNP X B-Occupation
Mechanical NNP X I-Occupation
Engineer NNP X I-Occupation
to TO X O
join VB X O
one CD X O
of IN X O
the DT X O
largest JJS X O
Water JJ X B-Domain
Operations NNPS X I-Domain
teams NNS X O
in IN X O
the DT X O
UK NNP X O
. . X O
This DT X O

is VBZ X O
a DT X O
fantastic JJ X O
opportunity NN X O
for IN X O
a DT X O
PLC NNP X B-Occupation
Engineer NNP X I-Occupation
to TO X O
join VB X O
a DT X O
leading JJ X O
firm NN X O
within IN X O
the DT X O
Automation NNP X B-Domain
arena NN X O
to TO X O
work VB X O
in IN X O
the DT X O
Power NNP X B-Domain
Generation NNP X I-Domain
sector NN X I-Domain
. . X O
Our PRP$ X O

client NN X O
is VBZ X O
one CD X O
of IN X O
the DT X O
largest JJS X O
rail NN X B-Domain
consultancies NNS X I-Domain
in IN X O
the DT X O
UK NNP X O
and CC X O
is VBZ X O
a DT X O
leading VBG X O
supplier NN X O
of IN X O
engineering NN X B-Domain
services NNS X I-Domain
to TO X O
government NN X O
, , X O
regulatory JJ X O
and CC X O
local JJ X O
authorities NNS X O
, , X O
infrastructure NN X O
owners NNS X O
and CC X O
operators NNS X O
, , X O
train VBP X O
operating VBG X O
companies NNS X O
, , X O
design NN X O
and CC X O
build NN X O
contractors NNS X O
and CC X O
other JJ X O
clients NNS X O
within IN X O
the DT X O
industry NN X O
. . X O
Joining VBG X O

this DT X O
independent JJ X B-Occupation
consultancy NN X I-Occupation
you PRP X O
can MD X O
expect VB X O
to TO X O
work VB X O
with IN X O
industry NN X O
experts NNS X O
on IN X O
a DT X O
variety NN X O
of IN X O
oil NN X O
s NN X O
, , X O
pipe NN X B-Skill
laying NN X I-Skill
, , X I-Skill
installation NN X I-Skill
or CC X I-Skill
LNG NNP X I-Skill
vessels NNS X I-Skill
. . X O
PRINCIPAL NNP X O

ACCOUNTABILITIES NNP X O
Design NNP X B-Skill
and CC X I-Skill
commissioning NN X I-Skill
of IN X I-Skill
equipment NN X I-Skill
Specification NNP X I-Skill
and CC X I-Skill
selection NN X I-Skill
of IN X I-Skill
appropriate JJ X I-Skill
electrical JJ X I-Skill
components NNS X I-Skill
so IN X O

we PRP X O
are VBP X O
able JJ X O
to TO X O
represent VB X O
you PRP X O
accurately RB X O
to TO X O
our PRP$ X O
clients NNS X O
. . X O
There EX X O

is VBZ X O
much JJ X O
to TO X O
admire VB X O
and CC X O
enjoy VB X O
in IN X O
the DT X O
Lothian JJ X O
region NN X O
, , X O
from IN X O
the DT X O
splendour NN X O
of IN X O
Edinburgh NNP X O
, , X O
Scotland NNP X O
' POS X O
s NN X O
historic JJ X O
capital NN X O
city NN X O
, , X O
to TO X O
the DT X O
beauty NN X O
and CC X O
variety NN X O
of IN X O
the DT X O
countryside NN X O
and CC X O
coastline NN X O
. . X O
Complete JJ X B-Skill

accurate NN X I-Skill
load NN X I-Skill
plans NNS X I-Skill
/ VBP X I-Skill
schedules NNS X I-Skill
identifying VBG X I-Skill
store NN X I-Skill
, , X I-Skill
frozen JJ X I-Skill
and CC X I-Skill
chill JJ X I-Skill
Ensure NNP X I-Skill
all DT X I-Skill
totes NNS X I-Skill
and CC X I-Skill
pallets NNS X I-Skill
are VBP X I-Skill
returned VBN X I-Skill
to TO X I-Skill
the DT X I-Skill
RDC NNP X I-Skill
on IN X I-Skill
the DT X I-Skill
next JJ X I-Skill
available JJ X I-Skill
trunk NN X I-Skill
. . X O
My PRP$ X O

client NN X O
is VBZ X O
a DT X O
leading VBG X O
supplier NN X O
to TO X O
the DT X O
Aerospace NNP X B-Domain
Industry NNP X O
and CC X O
due JJ X O
to TO X O
an DT X O
increased VBN X O
order NN X O
book NN X O
, , X O
they PRP X O
are VBP X O
looking VBG X O
for IN X O
an DT X O
experienced JJ X B-Skill
Logistics NNS X B-Occupation
Coordinator NNP X I-Occupation
to TO X O
join VB X O
their PRP$ X O
team NN X O
in IN X O
Andover NNP X O
. . X O
For IN X O

a DT X O
leading JJ X O
Austrian JJ X O
insurer NN X B-Occupation
, , X O
developed VBD X B-Skill
a DT X I-Skill
new JJ X I-Skill
nonlife NN X I-Skill
strategy NN X I-Skill
and CC X O
supported VBD X B-Skill
implementation NN X I-Skill
For IN X O
a DT X O
major JJ X O
European JJ X O
insurer NN X B-Occupation
, , X O
defined VBD X B-Skill
its PRP$ X I-Skill
future NN X I-Skill
target NN X I-Skill
industrial JJ X I-Skill
and CC X I-Skill
digitalization NN X I-Skill
model NN X I-Skill
For IN X O
a DT X O
leading JJ X O
European JJ X O
life NN X B-Occupation
insurer NN X I-Occupation
, , X O
optimized VBN X B-Skill
profitability NN X I-Skill
along IN X O
the DT X O
value NN X B-Skill
chain NN X I-Skill
Paramount NNP X O

Recruitment NNP X B-Domain
Limited NNP X O
provides VBZ X B-Skill
services NNS X I-Skill
as IN X O
an DT X O
agency NN X O
and CC X O
an DT X O
employment NN X B-Domain
business NN X I-Domain
. . X O
We PRP X O

are VBP X O
require VBG X O
a DT X O
senior JJ X O
EAI NNP X B-Skill
EDI NNP X I-Skill
GENTRAN NNP X I-Skill
consultant NN X I-Skill
to TO X O
work VB X B-Skill
in IN X I-Skill
conjunction NN X I-Skill
with IN X I-Skill
our PRP$ X I-Skill
clients NNS X I-Skill
SAP NNP X I-Skill
Implementation NNP X I-Skill
. . X O
By IN X O

applying VBG X O
for IN X O
this DT X O
role NN X O
you PRP X O
hereby VBP X O
consent JJ X O
to TO X O
us PRP X O
submitting VBG X O
your PRP$ X O
CV NN X O
to TO X O
our PRP$ X O
client NN X O
. . X O
They PRP X O

supply VBP X O
their PRP$ X O
consumer NN X O
and CC X O
healthcare NN X B-Domain
products NNS X I-Domain
around IN X O
the DT X O
world NN X O
with IN X O
increasing VBG X O
demand NN X O
in IN X O
America NNP X O
and CC X O
China NNP X O
. . X O
Childcare NNP X O

voucher PRP X O
scheme NN X O
available JJ X O
, , X O
NVQ NNP X O
program NN X O
, , X O
free JJ X O
onsite NN X O
parking NN X O
and CC X O
free JJ X O
uniform NN X O
also RB X O
available JJ X O
. . X O
If IN X O

you PRP X O
have VBP X O
around VBN X O
34 CD X B-Experience
years NNS X I-Experience
experience NN X I-Experience
of IN X O
PPC NNP X B-Skill
Search NNP X I-Skill
and CC X O
are VBP X O
hungry JJ X O
to TO X O
take VB X O
that DT X O
step NN X O
up RB X O
into IN X O
a DT X O
Manager NNP X B-Occupation
role NN X O
within IN X O
the DT X O
PPC NNP X B-Domain
sector NN X O
of IN X O
a DT X O
global JJ X O
agency NN X O
then RB X O
do VBP X O
get VB X O
in IN X O
touch NN X O
. . X O
Joining VBG X O

Sports NNS X O
Direct NNP X O
provides VBZ X O
you PRP X O
the DT X O
opportunity NN X O
to TO X O
be VB X O
a DT X O
part NN X O
of IN X O
such JJ X O
exciting JJ X O
bonus NN X O
incentives NNS X O
. . X O
Produce NNP X B-Skill

programmes NNS X I-Skill
, , X O
reports NNS X B-Skill
and CC X I-Skill
/ NNS X I-Skill
or CC X I-Skill
extract JJ X I-Skill
filters NNS X I-Skill
as IN X O
required VBN X O
by IN X O
the DT X O
project NN X O
team NN X O
, , X O
including VBG X O
indication NN X O
of IN X O
deviation NN X O
from IN X O
the DT X O
baseline NN X O
programme NN X O
in IN X O
P NNP X O
They PRP X O

must MD X O
also RB X O
possess VB X O
a DT X O
strong JJ X O
commitment NN X B-Skill
to TO X I-Skill
researchled VB X I-Skill
education NN X I-Skill
in IN X O
a DT X O
department NN X O
that WDT X O
enjoys VBZ X O
an DT X O
excellent JJ X O
reputation NN X O
for IN X O
its PRP$ X O
innovative JJ X O
curriculum NN X O
and CC X O
studentcentred VBD X O
teaching NN X B-Skill
. . X O
They PRP X O

are VBP X O
a DT X O
market NN X O
leader NN X O
with IN X O
award NN X O
winning VBG X O
audio JJ X O
IC NNP X O
and CC X O
solutions NNS X O
development NN X O
for IN X O
mobile NN X B-Domain
, , X O
personal JJ X B-Domain
media NNS X I-Domain
player NN X I-Domain
, , X O
automotive JJ X B-Domain
and CC X O
many JJ X O
other JJ X O
applications NNS X O
. . X O
Please NNP X O

note NN X O
this DT X O
role NN X O
may MD X O
be VB X O
filled VBN X O
prior RB X O
to TO X O
the DT X O
closing NN X O
date NN X O
Working NNP X O
for IN X O
Essex NNP X O
Celsian JJ X O

Education NNP X O
is VBZ X O
committed VBN X O
to TO X O
safeguarding VBG X B-Skill
the DT X I-Skill
welfare NN X I-Skill
of IN X I-Skill
children NNS X I-Skill
and CC X I-Skill
young JJ X I-Skill
people NNS X I-Skill
within IN X O
education NN X B-Domain
. . X O
They PRP X O

are VBP X O
now RB X O
looking VBG X O
for IN X O
a DT X O
corporate JJ X B-Occupation
consultant NN X I-Occupation
with IN X O
a DT X O
successful JJ X O
track NN X O
record NN X O
in IN X O
business NN X B-Skill
development NN X I-Skill
within IN X I-Skill
a DT X I-Skill
communications NN X I-Skill
environment NN X I-Skill
. . X O
Experience NN X B-Skill

working VBG X I-Skill
in IN X I-Skill
a DT X I-Skill
similar JJ X I-Skill
role NN X I-Skill
for IN X I-Skill
an DT X I-Skill
international JJ X I-Skill
, , X I-Skill
B2B NNP X I-Skill
organisation NN X I-Skill
Demonstrable NNP X O
experience NN X B-Skill
of IN X I-Skill
developing VBG X I-Skill
web JJ X I-Skill
content NN X I-Skill
strategies NNS X I-Skill
An DT X O
excellent JJ X O
command NN X B-Skill
of IN X I-Skill
the DT X I-Skill
English JJ X I-Skill
language NN X I-Skill
with IN X I-Skill
a DT X I-Skill
thorough JJ X I-Skill
understanding NN X I-Skill
of IN X I-Skill
language NN X I-Skill
structure NN X I-Skill
, , X I-Skill
grammar NN X I-Skill
and CC X I-Skill
tone NN X I-Skill
of IN X I-Skill
voice NN X I-Skill
Knowledge NNP X I-Skill
of IN X I-Skill
digital JJ X I-Skill
marketing NN X I-Skill
, , X I-Skill
SEO NNP X I-Skill
/ NNP X I-Skill
PPC NNP X I-Skill
and CC X I-Skill
Social NNP X I-Skill
Media NNP X I-Skill
Ability NNP X I-Skill
to TO X I-Skill
share NN X I-Skill
information NN X I-Skill
with IN X I-Skill
stakeholders NNS X I-Skill
at IN X I-Skill
all DT X I-Skill
levels NNS X I-Skill
of IN X I-Skill
the DT X I-Skill
company NN X I-Skill
, , X I-Skill
gaining VBG X I-Skill
an DT X I-Skill
understanding NN X I-Skill
of IN X I-Skill
their PRP$ X I-Skill
needs NNS X I-Skill
and CC X I-Skill
offering VBG X I-Skill
advice NN X I-Skill
on IN X I-Skill
how WRB X I-Skill
the DT X I-Skill
website NN X I-Skill
can MD X I-Skill
help VB X I-Skill
Experience NNP X I-Skill
of IN X I-Skill
innovation NN X I-Skill
, , X I-Skill
thought VBN X I-Skill
leadership NN X I-Skill
and CC X I-Skill
best JJS X I-Skill
practice NN X I-Skill
for IN X I-Skill
international JJ X I-Skill
content NN X I-Skill
development NN X I-Skill
Project NNP X I-Skill
management NN X I-Skill
experience NN X I-Skill
and CC X I-Skill
organisational JJ X I-Skill
skills NNS X I-Skill
Strong JJ X I-Skill
communication NN X I-Skill
skills NNS X I-Skill
with IN X I-Skill
the DT X I-Skill
ability NN X I-Skill
to TO X I-Skill
work VB X I-Skill
with IN X I-Skill
members NNS X I-Skill
of IN X I-Skill
staff NN X I-Skill
remotely RB X I-Skill
Able JJ X I-Skill
to TO X I-Skill
work VB X I-Skill
with IN X I-Skill
technical JJ X I-Skill
teams NNS X I-Skill
and CC X I-Skill
understand VBP X I-Skill
basic JJ X I-Skill
IA NNP X I-Skill
and CC X I-Skill
web JJ X I-Skill
publishing NN X I-Skill
principles NNS X I-Skill
Experience NNP X I-Skill
in IN X I-Skill
managing NN X I-Skill
and CC X I-Skill
mentoring VBG X I-Skill
staff NN X I-Skill
Confidence NN X O
to TO X O
understand VB X B-Skill
how WRB X I-Skill
users NNS X I-Skill
interact VBP X I-Skill
with IN X I-Skill
the DT X I-Skill
structure NN X I-Skill
of IN X I-Skill
business NN X I-Skill
lines NNS X I-Skill
and CC X I-Skill
services NNS X I-Skill
on IN X I-Skill
the DT X I-Skill
company NN X I-Skill
' POS X I-Skill
s NN X I-Skill
websites VBZ X I-Skill
Ability NNP X O
to TO X O
identify VB X B-Skill
problem NN X I-Skill
areas NNS X I-Skill
and CC X I-Skill
create VB X I-Skill
innovative JJ X I-Skill
solutions NNS X I-Skill
to TO X I-Skill
improve VB X I-Skill
the DT X I-Skill
user NN X I-Skill
experience NN X I-Skill
The DT X O

successful JJ X O
candidate NN X O
would MD X O
also RB X O
be VB X O
required VBN X O
to TO X O
work VB X B-Skill
on IN X I-Skill
site NN X I-Skill
when WRB X O
needed VBN X O
. . X O
Where WRB X O

we PRP X O
can MD X O
we PRP X O
use VB X O
the DT X O
local JJ X O
community NN X O
resources NNS X O
to TO X O
their PRP$ X O
best JJS X O
. . X O
Ensure NN X B-Skill

that IN X I-Skill
all DT X I-Skill
tasks NNS X I-Skill
and CC X I-Skill
responsibilities NNS X I-Skill
are VBP X I-Skill
carried VBN X I-Skill
out IN X I-Skill
in IN X I-Skill
accordance NN X I-Skill
with IN X I-Skill
our PRP$ X I-Skill
Values NNS X I-Skill
and CC X I-Skill
Customer NNP X I-Skill
Service NNP X I-Skill
Charter NNP X I-Skill
Know NNP X I-Skill
, , X I-Skill
understand NN X I-Skill
and CC X I-Skill
apply VB X I-Skill
the DT X I-Skill
principles NNS X I-Skill
of IN X I-Skill
TCF NNP X I-Skill
, , X O
and CC X O
report VB X B-Skill
any DT X I-Skill
potential JJ X I-Skill
area NN X I-Skill
of IN X I-Skill
risk NN X I-Skill
to TO X I-Skill
your PRP$ X I-Skill
line NN X I-Skill
manager NN X I-Skill
Adhere NNP X I-Skill
to TO X I-Skill
FSA NNP X I-Skill
, , X I-Skill
TCF NNP X I-Skill
and CC X I-Skill
Data NNP X I-Skill
Protection NNP X I-Skill
Joining VBG X O

a DT X O
highly RB X O
successful JJ X O
Technology NNP X B-Domain
Company NNP X O
to TO X O
ensure VB X B-Skill
the DT X I-Skill
operation NN X I-Skill
of IN X I-Skill
the DT X I-Skill
UNIX NNP X I-Skill
infrastructure NN X I-Skill
through IN X I-Skill
provision NN X I-Skill
of IN X I-Skill
proactive JJ X I-Skill
and CC X I-Skill
reactive JJ X I-Skill
technical JJ X I-Skill
support NN X I-Skill
. . X O
Have NNP X B-Skill

oversight NN X I-Skill
of IN X I-Skill
the DT X I-Skill
NCS NNP X I-Skill
programme NN X I-Skill
, , X O
ensuring VBG X B-Skill
that IN X I-Skill
systems NNS X I-Skill
and CC X I-Skill
plans NNS X I-Skill
are VBP X I-Skill
in IN X I-Skill
place NN X I-Skill
to TO X O
support VB X O
the DT X O
effective JJ X O
management NN X O
of IN X O
all DT X O
aspects NNS X O
of IN X O
the DT X O
programme NN X O
participant NN X O
recruitment NN X O
, , X O
staff NN X O
management NN X O
, , X O
finance NN X O
, , X O
safeguarding VBG X O
, , X O
programme NN X O
development NN X O
, , X O
monitoring NN X O
and CC X O
evaluation NN X O
Strong JJ X O

Team NNP X B-Skill
working VBG X I-Skill
ability NN X I-Skill
, , X O
strong JJ X O
communication NN X B-Skill
skills NNS X O
Key JJ X O
Words NNS X O
: : X O
The DT X O

Hospital NNP X O
is VBZ X O
an DT X O
Equal JJ X O
Opportunities NNP X O
Employer NNP X O
Registered NNP X O
Charity NNP X O
and CC X O

they PRP X O
are VBP X O
passionate JJ X O
about IN X O
ensuring VBG X B-Skill
their PRP$ X I-Skill
customers NNS X I-Skill
are VBP X I-Skill
put VBN X I-Skill
first RB X I-Skill
. . X O
Technical JJ X B-Skill

skills NNS X I-Skill
with IN X O
SQL NNP X B-Skill
are VBP X O
also RB X O
highly RB X O
beneficial JJ X O
for IN X O
this DT X O
position NN X O
. . X O
The DT X O

business NN X O
is VBZ X O
located VBN X O
in IN X O
a DT X O
pretty JJ X O
village NN X O
not RB X O
far RB X O
from IN X O
both DT X O
Bristol NNP X O
and CC X O
Bath NNP X O
. . X O
You PRP X O

will MD X O
currently RB X O
be VB X O
a DT X O
high JJ X B-Skill
achieving NN X I-Skill
, , X I-Skill
KPI NNP X I-Skill
destroying NN X I-Skill
, , X O
target NN X B-Skill
busting VBG X I-Skill
Sales NNS X B-Occupation
Executive NNP X I-Occupation
within IN X O
a DT X O
Prestige NNP X O
or CC X O
High JJ X O
end NN X O
Sales NNS X B-Domain
environment NN X O
. . X O
Responsibilities NNS X O

include VBP X O
: : X O
Maintaining VBG X B-Skill
the DT X I-Skill
consolidation NN X I-Skill
system NN X I-Skill
, , X I-Skill
SAP NNP X I-Skill
and CC X I-Skill
SUN NNP X I-Skill
Improving NNP X I-Skill
and CC X I-Skill
enhancing VBG X I-Skill
the DT X I-Skill
reporting NN X I-Skill
systems NNS X I-Skill
used VBN X O
for IN X O
financial JJ X O
and CC X O
management NN X O
accounts NNS X O
Training VBG X B-Skill
new JJ X I-Skill
users NNS X I-Skill
Working VBG X I-Skill
closely RB X I-Skill
with IN X I-Skill
IT NNP X I-Skill
department NN X I-Skill
and CC X I-Skill
external JJ X I-Skill
consultants NNS X I-Skill
. . X O
If IN X O

you PRP X O
suit VBP X O
the DT X O
above JJ X O
criteria NNS X O
and CC X O
would MD X O
love VB X O
the DT X O
opportunity NN X O
to TO X O
join VB X O
a DT X O
wellestablished JJ X O
company NN X O
then RB X O
get VB X O
applying VBG X O
now RB X O
To TO X O
apply VB X O
for IN X O
this DT X O
position NN X O
please VB X O
click NN X O
' '' X O
**** NN X O

, , X O
their PRP$ X O
output NN X B-Skill
, , X O
development NN X B-Skill
and CC X O
motivation NN X B-Skill
Drive NNP X I-Skill
the DT X I-Skill
collaboration NN X I-Skill
of IN X I-Skill
the DT X I-Skill
agencies NNS X I-Skill
performance NN X I-Skill
Cooperate NN X O

with IN X O
Inspectors NNS X O
of IN X O
the DT X O
Commission NNP X O
for IN X O
Social NNP X B-Skill
Care NNP X I-Skill
Inspection NNP X I-Skill
. . X O
Ability NN X B-Skill

to TO X I-Skill
build VB X I-Skill
and CC X I-Skill
maintain VB X I-Skill
relationships NNS X I-Skill
at IN X I-Skill
all DT X I-Skill
levels NNS X I-Skill
THE NNP X O
PACKAGE NNP X O
INCLUDES NNP X O
: : X O
Your PRP$ X O

timetable JJ X O
and CC X O
experience NN X O
will MD X O
develop VB X O
as IN X O
you PRP X O
training VBG X O
and CC X O
confidence NN X O
grows NNS X O
. . X O
They PRP X O

are VBP X O
based VBN X O
in IN X O
a DT X O
newly RB X O
built VBN X O
, , X O
modern JJ X O
office NN X O
building NN X O
with IN X O
excellent JJ X O
transport NN X O
links NNS X O
as RB X O
well RB X O
as IN X O
free JJ X O
parking NN X O
. . X O
Gweithio NNP X O

Oriau NNP X O
Hyblyg NNP X O
Tl NNP X O
Salwch NNP X O
Galwedigaethol NNP X O
Cyfleoedd NNP X O
hyfforddiant VBD X O
a DT X O
datblygu NN X O
With IN X O

a DT X O
huge JJ X O
emphasis NN X O
on IN X O
the DT X O
quality NN X O
of IN X O
our PRP$ X O
fantastic JJ X O
fresh JJ X O
ingredients NNS X O
, , X O
plus CC X O
a DT X O
commitment NN X O
to TO X O
being VBG X O
part NN X O
of IN X O
our PRP$ X O
local JJ X O
community NN X O
, , X O
you PRP X O
ll VBP X O
need VBP X O
to TO X O
develop VB X B-Skill
a DT X I-Skill
multiskilled JJ X I-Skill
and CC X I-Skill
motivated VBD X I-Skill
team NN X I-Skill
that WDT X O
can MD X O
contribute VB X O
to TO X O
our PRP$ X O
friendly JJ X O
and CC X O
welcoming VBG X O
atmosphere RB X O
. . X O
Introduction NNP X O

Unix NNP X B-Qualification
Specialist NNP X I-Qualification
required VBD X O
for IN X O
fantastic JJ X O
opportunity NN X O
based VBN X O
in IN X O
Winchester NNP X O
, , X O
Hampshire NNP X O
. . X O
Several JJ X B-Experience

years NNS X I-Experience
practical JJ X I-Experience
working VBG X I-Experience
experience NN X I-Experience
within IN X O
the DT X O
motor NN X B-Domain
trade NN X I-Domain
working VBG X B-Skill
with IN X I-Skill
different JJ X I-Skill
types NNS X I-Skill
of IN X I-Skill
light JJ X I-Skill
vehicles NNS X I-Skill
including VBG X O
the DT X O
ability NN X O
to TO X O
use VB X B-Skill
diagnostic JJ X I-Skill
procedures NNS X I-Skill
. . X O
YOU NN X O

MUST NNP X O
HAVE VBP X O
THE NNP X O
FOLLOWING NNP X O
SKILLS NNP X O
TO NNP X O
BE VB X O
A NNP X O
STORE NNP X B-Occupation
MANAGER NNP X I-Occupation
Take VB X B-Skill

urgent JJ X I-Skill
blood NN X I-Skill
specimens NNS X I-Skill
to TO X O
Pathology NNP X B-Domain
Laboratory NNP X I-Domain
if IN X O
and CC X O
when WRB X O
required VBN X O
. . X O
What WP X O

is VBZ X O
common JJ X O
, , X O
is VBZ X O
how WRB X O
much JJ X O
they PRP X O
come VBP X O
to TO X O
trust VB X O
and CC X O
rely VB X O
on IN X O
our PRP$ X O
great JJ X O
team NN X O
. . X O
You PRP X O

will MD X O
present VB X B-Skill
business NN X I-Skill
cases NNS X I-Skill
for IN X I-Skill
effective JJ X I-Skill
change NN X I-Skill
and CC X O
will MD X O
educate VB X B-Skill
, , X I-Skill
reinforce NN X I-Skill
processes NNS X I-Skill
and CC X O
be VB X O
persuasive JJ X B-Skill
in IN X O
order NN X O
to TO X O
get VB X O
the DT X O
buy NN X O
in IN X O
of IN X O
other JJ X O
parts NNS X O
of IN X O
the DT X O
business NN X O
. . X O
You PRP X O

can MD X O
request VB X O
an DT X O
application NN X O
form NN X O
or CC X O
send VB X O
a DT X O
CV NNP X O
by IN X O
email NN X O
. . X O
All DT X O

employees NNS X O
are VBP X O
required VBN X O
to TO X O
comply VB X O
with IN X O
and CC X O
promote VB X O
the DT X O
policy NN X O
and CC X O
to TO X O
ensure VB X O
that DT X O
discrimination NN X O
is VBZ X O
eliminated VBN X O
in IN X O
the DT X O
service NN X O
of IN X O
the DT X O
Authority NNP X O
. . X O
You PRP X O

will MD X O
oversee VB X B-Skill
the DT X O
development NN X O
of IN X O
the DT X O
care NN X O
home NN X O
and CC X O
you PRP X O
will MD X O
oversee VB X B-Skill
all DT X O
aspects NNS X O
of IN X O
the DT X O
running NN X O
of IN X O
the DT X O
home NN X O
. . X O
You PRP X O

will MD X O
be VB X O
an DT X O
innovative JJ X B-Skill
and CC X O
passionate JJ X B-Skill
English NNP X B-Occupation
Teacher NNP X I-Occupation
with IN X O
at IN X B-Experience
least JJS X I-Experience
2 CD X I-Experience
years NNS X I-Experience
experience NN X O
and CC X O
hold VB X O
Qualified NNP X B-Qualification
Teacher NNP X I-Qualification
Status NNP X I-Qualification
QTS NNP X I-Qualification
. . X O
Please NNP X O

apply VB X O
online NN X O
or CC X O
to TO X O
discuss VB X O
your PRP$ X O
application NN X O
further RB X O
contact JJ X O
Katie NNP X O
Greenwood NNP X O
on IN X O
My PRP$ X O

client NN X O
is VBZ X O
a DT X O
large JJ X O
, , X O
multisite JJ X O
organisation NN X O
based VBN X O
in IN X O
the DT X O
West NNP X O
Midlands NNPS X O
with IN X O
free JJ X O
parking VBG X O
onsite NN X O
. . X O
**** JJ X O

working VBG X O
days NNS X O
, , X O
please NN X O
assume VB X O
that IN X O
you PRP X O
' '' X O
ve NNS X O
not RB X O
been VBN X O
successful JJ X O
on IN X O
this DT X O
occasion NN X O
. . X O
The DT X O

role NN X O
will MD X O
appeal VB X O
to TO X O
a DT X O
dynamic JJ X B-Skill
individual NN X O
who WP X O
possess VBP X O
knowledge NN X B-Skill
contacts NNS X I-Skill
that WDT X I-Skill
will MD X I-Skill
truly VB X I-Skill
impact VB X I-Skill
this DT X I-Skill
Business NN X I-Skill
. . X O
A DT X O

customerfocused JJ X O
individual NN X O
, , X O
you PRP X O
will MD X O
look VB X B-Skill
to TO X I-Skill
build VB X I-Skill
solid JJ X I-Skill
working VBG X I-Skill
relationships NNS X I-Skill
, , X O
controlling VBG X B-Skill
and CC X O
managing VBG X B-Skill
any DT X I-Skill
customer NN X I-Skill
issues NNS X I-Skill
that WDT X I-Skill
may MD X I-Skill
arise VB X I-Skill
, , X O
ensuring VBG X B-Skill
a DT X I-Skill
positive JJ X I-Skill
resolution NN X I-Skill
to TO X I-Skill
ensure VB X I-Skill
the DT X I-Skill
highest JJS X I-Skill
degree NN X I-Skill
of IN X I-Skill
customer NN X I-Skill
experience NN X I-Skill
and CC X I-Skill
loyalty NN X I-Skill
. . X O
Have VBP X O

an DT X O
Electrical JJ X B-Qualification
qualification NN X I-Qualification
Have VBP X O
previous JJ X O
experience NN X O
of IN X O
supervising VBG X B-Skill
staff NN X O
Have VBP X O
previous JJ X O
experience NN X O
in IN X O
a DT X O
similar JJ X O
role NN X O
Elevation NNP X O

Engineering NNP X O
& CC X O
Manufacturing NNP X O
are VBP X O
currently RB X O
recruiting VBG X O
for IN X O
a DT X O
MultiSkilled JJ X O
Maintenance NNP X B-Occupation
Engineer NNP X I-Occupation
. . X O
Please NNP X O

send VB X O
us PRP X O
your PRP$ X O
CV NNP X O
TODAY NN X O
Managers NNP X O
needed VBD X O
, , X O
who WP X O
love VBD X O
food NN X O
, , X O
funky JJ X O
bar NN X O
with IN X O
great JJ X O
cocktails NNS X O
and CC X O
high JJ X O
volume NN X O
restaurant NN X O
buzz NN X O
Interested NNP X O
in IN X O
this DT X O
challenge NN X O
? . X O
ESSENTIAL NNP X O

Candidates NNP X O
suitable JJ X O
for IN X O
this DT X O
position NN X O
can MD X O
live VB X O
anywhere RB X O
in IN X O
the DT X O
following JJ X O
Ashford NNP X O
Bexhill NNP X O
Brighton NNP X O
Eastbourne NNP X O
East NNP X O
Grinstead NNP X O
Folkestone NNP X O
Hastings NNP X O
Heathfield NNP X O
Hailsham NNP X O
Hove NNP X O
Hythe NNP X O
Lewes NNP X O
Maidstone NNP X O
Newhaven NNP X O
New NNP X O
Romney NNP X O
Pevensey NNP X O
Uckfield NNP X O
Royal NNP X O
Tunbridge NNP X O
Wells NNP X O
Seaford NNP X O
Tonbridge NNP X O
Additional NNP X O
Resources NNPS X O
Ltd NNP X O
The DT X O

Company NNP X O
Part NNP X O
of IN X O
a DT X O
medium NN X O
sized VBN X O
motor NN X B-Domain
dealer NN X I-Domain
group NN X O
my PRP$ X O
Client NNP X O
has VBZ X O
a DT X O
large JJ X O
dealership NN X O
offering VBG X O
new JJ X O
and CC X O
used JJ X O
cars NNS X O
from IN X O
their PRP$ X O
flagship NN X O
. . X O
A DT X O

superb JJ X O
opportunity NN X O
to TO X O
join VB X O
this DT X O
market NN X O
leader NN X O
in IN X O
an DT X O
already RB X O
established VBN X O
, , X O
highly RB X O
successful JJ X O
division NN X O
. . X O
IEC NNP X O

**** NNP X O
standard VBD X O
Understanding NNP X O
of IN X O
fieldbus JJ X B-Skill
technology NN X I-Skill
Certified NNP X B-Qualification
Profibus NNP X I-Qualification
or CC X O
Profinet NNP X B-Qualification
Designer NNP X I-Qualification
preferred VBD X O
The DT X O
Individual NNP X B-Skill
Process NNP X I-Skill
documentation NN X I-Skill
Writing NNP X I-Skill
Technical NNP X I-Skill
reports NNS X I-Skill
. . X O
A DT X O

prestigious JJ X O
and CC X O
established VBN X O
brand NN X O
renowned VBD X O
for IN X O
offering VBG X O
an DT X O
excellent JJ X O
working VBG X O
environment NN X O
with IN X O
excellent JJ X O
opportunity NN X O
for IN X O
professional JJ X O
progression NN X O
. . X O
Accounts NNS X O

will MD X O
also RB X O
include VB X O
Morrisons NNP X O
, , X O
Sainsbury NNP X O
s NN X O
and CC X O
some DT X O
key JJ X O
Wholesale JJ X O
Accounts NNS X O
. . X O
Develop NNP X O

and CC X O
deliver VB X O
comprehensive JJ X O
marketing NN X B-Skill
plans NNS X I-Skill
that IN X O
deliver NN X O
bullion NN X B-Skill
sales NNS X I-Skill
, , X O
in IN X O
line NN X O
with IN X O
overall JJ X O
Commemorative NNP X B-Domain
Coin NNP X I-Domain
business NN X I-Domain
strategy NN X O
and CC X O
objectives NNS X O
. . X O
The DT X O

role NN X O
of IN X O
the DT X O
Business NNP X B-Occupation
Development NNP X I-Occupation
Manager NNP X I-Occupation
is VBZ X O
to TO X O
develop VB X B-Skill
new JJ X I-Skill
business NN X I-Skill
opportunities NNS X I-Skill
and CC X O
expand VB X B-Skill
cross NN X I-Skill
sell NN X I-Skill
into IN X I-Skill
Accounts NNS X I-Skill
that WDT X I-Skill
will MD X I-Skill
be VB X I-Skill
aligned VBN X I-Skill
to TO X I-Skill
the DT X I-Skill
individual NN X I-Skill
to TO X I-Skill
manage VB X I-Skill
. . X O
To TO X O

apply VB X O
, , X O
please VB X O
download VB X O
a DT X O
copy NN X O
of IN X O
the DT X O
application NN X O
pack NN X O
. . X O
You PRP X O

will MD X O
be VB X O
working VBG X O
alongside IN X O
the DT X O
Global NNP X B-Occupation
Regulatory NNP X I-Occupation
Director NNP X I-Occupation
. . X O
Works NNP X B-Skill

well RB X I-Skill
under IN X I-Skill
pressure NN X I-Skill
and CC X I-Skill
to TO X I-Skill
deadlines NNS X I-Skill
Experience NNP X O
of IN X O
the DT X O
Construction NNP X B-Domain
industry NN X I-Domain
would MD X O
be VB X O
highly RB X O
beneficial JJ X O
Working VBG X B-Skill

in IN X I-Skill
a DT X I-Skill
team NN X I-Skill
of IN X O
highly RB X O
trained JJ X O
business NN X B-Occupation
travel NN X I-Occupation
professionals NNS X I-Occupation
, , X O
you PRP X O
will MD X O
be VB X O
working VBG X O
on IN X O
a DT X O
diverse JJ X O
mix NN X O
of IN X O
business NN X O
travel NN X O
accounts NNS X O
using VBG X O
Sabre NNP X B-Skill
CRS NNP X I-Skill
. . X O
Rail NNP X B-Domain

, , X O
Civil NNP X B-Domain
, , X O
Mechanical NNP X B-Domain
, , X O
Electrical NNP X B-Domain
, , X O
Engineer NNP X B-Occupation
, , X O
Manager NNP X B-Occupation
Electus NNP X O
Recruitment NNP X B-Domain
Solutions NNP X O
provides VBZ X O
specialist JJ X B-Skill
engineering NN X I-Skill
and CC X I-Skill
technical JJ X I-Skill
recruitment NN X I-Skill
solutions NNS X O
to TO X O
a DT X O
number NN X O
of IN X O
high JJ X B-Domain
technology NN X I-Domain
industries NNS X I-Domain
. . X O
Roles NNS X O

/ CC X O
Responsibilities NNPS X O
Lead NNP X B-Skill
client NN X I-Skill
business NN X I-Skill
across IN X I-Skill
all DT X I-Skill
digital JJ X I-Skill
functions NNS X I-Skill
. . X O
Although IN X O

this DT X O
is VBZ X O
a DT X O
telesales JJ X B-Domain
role NN X O
, , X O
it PRP X O
s VBZ X O
not RB X O
a DT X O
telesales NNS X O
role NN X O
as IN X O
we PRP X O
are VBP X O
calling VBG X O
to TO X O
our PRP$ X O
existing VBG X O
BT NNP X O
client NN X O
base NN X O
of IN X O
**** NN X O

k NN X O
Company NNP X O
car NN X O
, , X O
Mobile NNP X O
phone NN X O
, , X O
Laptop NNP X O
computer NN X O
, , X O
Broadband NNP X O
home NN X O
connection NN X O
, , X O
25 CD X O
days NNS X O
annual JJ X O
paid VBN X O
leave NN X O
, , X O
**** NN X O

dependant JJ X O
upon IN X O
experience NN X O
and CC X O
the DT X O
possibility NN X O
of IN X O
forging VBG X O
a DT X O
career NN X O
within IN X O
the DT X O
Logistics NNPS X B-Domain
Industry NNP X O
. . X O
We PRP X O

challenge VBP X O
inequality NN X O
of IN X O
opportunity NN X O
and CC X O
choice NN X O
to TO X O
bring VB X O
about RP X O
positive JJ X O
change NN X O
in IN X O
people NNS X O
' POS X O
s NN X O
lives NNS X O
. . X O
This DT X O

is VBZ X O
an DT X O
excellent JJ X O
opportunity NN X O
and CC X O
there EX X O
is VBZ X O
an DT X O
excellent JJ X O
salary NN X O
and CC X O
benefits NNS X O
on IN X O
offer NN X O
to TO X O
the DT X O
successful JJ X O
candidate NN X O
. . X O
SharePoint NN X B-Skill

Best NNP X I-Skill
Practices NNPS X I-Skill
Strong NNP X O
Analytical NNP X B-Skill
Working NNP X I-Skill
knowledge NN X I-Skill
of IN X I-Skill
agile JJ X I-Skill
working VBG X I-Skill
practices NNS X I-Skill
Operate NNP X B-Skill

and CC X I-Skill
perform VB X I-Skill
in IN X I-Skill
accordance NN X I-Skill
with IN X I-Skill
the DT X I-Skill
business NN X I-Skill
behaviours NN X I-Skill
. . X O
**** JJ X O

male NN X O
or CC X O
female JJ X O
, , X O
who WP X O
have VBP X O
been VBN X O
detained VBN X O
under IN X O
the DT X O
Mental NNP X O
Health NNP X O
Act NNP X O
. . X O
To TO X O

advise VB X B-Skill
clients NNS X I-Skill
and CC X O
other JJ X O
Departments NNS X O
in IN X O
civil JJ X O
and CC X O
commercial JJ X O
litigation NN X O
matters NNS X O
and CC X O
to TO X O
conduct VB X B-Skill
proceedings NNS X I-Skill
if IN X O
appropriate JJ X O
. . X O
The DT X O

nursing NN X O
home NN X O
is VBZ X O
large JJ X O
so RB X O
ideally RB X O
we PRP X O
are VBP X O
looking VBG X O
for IN X O
a DT X O
Home NNP X B-Occupation
Manager NNP X I-Occupation
who WP X O
has VBZ X O
previously RB X B-Skill
managed VBN X I-Skill
nursing NN X I-Skill
homes NNS X I-Skill
at IN X I-Skill
40 CD X I-Skill
beds NNS X I-Skill
or CC X I-Skill
bigger JJR X I-Skill
. . X O
We PRP X O

will MD X O
only RB X O
contact VB X O
you PRP X O
within IN X O
the DT X O
next JJ X O
14 CD X O
days NNS X O
if IN X O
you PRP X O
are VBP X O
s JJ X O
Page NNP X O
Personnel NNP X O
is VBZ X O
a DT X O
leading VBG X O
UK NNP X O
recruitment NN X O
consultancy NN X O
This DT X O
job NN X O
was VBD X O
originally RB X O
posted VBN X O
as IN X O
Being VBG X O

the DT X O
Super NNP X B-Occupation
User NNP X I-Occupation
for IN X O
the DT X O
team NN X O
of IN X O
bespoke NN X O
corporate JJ X B-Domain
IT NNP X I-Domain
and CC X O
department NN X O
databases NNS X B-Skill
. . X O
Undertake VB X B-Skill

the DT X I-Skill
refurbishment NN X I-Skill
/ NNP X I-Skill
shop NN X I-Skill
fitting NN X I-Skill
of IN X I-Skill
new JJ X I-Skill
and CC X I-Skill
existing VBG X I-Skill
estate NN X I-Skill
agency NN X I-Skill
premises NNS X I-Skill
My PRP$ X O

client NN X O
, , X O
based VBN X O
in IN X O
Oxford NNP X O
is VBZ X O
looking VBG X O
for IN X O
a DT X O
production NN X B-Occupation
supervisor NN X I-Occupation
to TO X O
manage VB X B-Skill
and CC X I-Skill
organise VB X I-Skill
the DT X I-Skill
moulding NN X I-Skill
team NN X I-Skill
so RB X O
that IN X O
the DT X O
production NN X O
plan NN X O
for IN X O
the DT X O
area NN X O
in IN X O
terms NNS X O
of IN X O
volume NN X O
and CC X O
quality NN X O
requirements NNS X O
are VBP X O
fulfilled VBN X O
. . X O
KEY NNP X O

ACTIVITIES NNP X O
/ NNP X O
RESPONSIBILITIES NNP X O
Analysis NNP X B-Skill
and CC X O
Solution NNP X B-Skill
definition NN X I-Skill
Understand NNP X O
the DT X O
business NN X B-Skill
process NN X I-Skill
, , X O
solution NN X O
IT NNP X B-Skill
needs VBZ X O
in IN X O
the DT X O
areas NNS X O
of IN X O
Manufacturing NNP X B-Domain
and CC X O
Quality NNP X B-Domain
Organization NNP X I-Domain
**** NN X O

pupils NNS X O
that WDT X O
have VBP X O
the DT X O
full JJ X O
time NN X O
support NN X O
of IN X O
experienced JJ X B-Skill
Teaching NNP X B-Occupation
Assistants NNS X I-Occupation
. . X O
Deputy NNP X B-Occupation

Home NNP X I-Occupation
Manager NNP X I-Occupation
Learning NNP X B-Skill
disabilities NNS X I-Skill
My NNP X O
client NN X O
is VBZ X O
a DT X O
leading VBG X O
provider NN X B-Occupation
of IN X I-Occupation
care NN X I-Occupation
within IN X O
the DT X O
Learning NNP X B-Domain
Disabilities NNP X I-Domain
Sector NNP X I-Domain
and CC X O
is VBZ X O
now RB X O
looking VBG X O
for IN X O
a DT X O
Deputy NNP X B-Occupation
Home NNP X I-Occupation
manager NN X I-Occupation
for IN X O
one CD X O
of IN X O
their PRP$ X O
homes NNS X O
based VBN X O
in IN X O
Taunton NNP X O
close NN X O
to TO X O
public JJ X O
transport NN X O
. . X O
They PRP X O

are VBP X O
renowned VBN X O
for IN X O
their PRP$ X O
manufacture NN X O
of IN X O
natural JJ X O
healthcare NN X O
products NNS X O
and CC X O
they PRP X O
predominately RB X O
specialise VBP X O
in IN X O
bach NN X O
flower NN X O
remedies NNS X O
, , X O
herbal JJ X O
remedies NNS X O
, , X O
homeopathy NN X O
and CC X O
nutrition NN X O
and CC X O
health NN X O
. . X O
Passionate VB X B-Skill

about IN X O
delivering VBG X O
high JJ X O
quality NN X O
services NNS X O
, , X O
we PRP X O
enable VBP X O
our PRP$ X O
customers NNS X O
to TO X O
develop VB X B-Skill
and CC X I-Skill
maintain VB X I-Skill
the DT X I-Skill
skills NNS X I-Skill
and CC X I-Skill
confidence NN X I-Skill
they PRP X I-Skill
need VBP X I-Skill
to TO X I-Skill
live VB X I-Skill
as RB X I-Skill
independently RB X I-Skill
as IN X I-Skill
possible JJ X I-Skill
. . X O
Our PRP$ X O

client NN X O
is VBZ X O
a DT X O
well RB X O
established VBN X O
care NN X B-Domain
organisation NN X I-Domain
who WP X O
are VBP X O
looking VBG X O
for IN X O
experienced JJ X B-Skill
RGN NNP X B-Occupation
s NN X O
. . X O
Days NNS X O
and CC X O
nights NNS X O
. . X O
You PRP X O

will MD X O
be VB X O
a DT X O
fluent JJ X O
German JJ X B-Skill
speaker NN X I-Skill
, , X O
as RB X O
well RB X O
as IN X O
having VBG X O
fluency NN X B-Skill
in IN X I-Skill
English NNP X I-Skill
written VBN X I-Skill
and CC X I-Skill
oral JJ X I-Skill
and CC X O
on IN X O
top NN X O
of IN X O
that DT X O
, , X O
a DT X O
rare JJ X O
combination NN X O
of IN X O
flare NN X B-Skill
and CC X O
a DT X O
commitment NN X B-Skill
to TO X O
results NNS X O
within IN X O
a DT X O
blue JJ X O
chip NN X O
corporate JJ X B-Domain
environment NN X O
. . X O
Oracle NNP X B-Skill

WebCenter NNP X I-Skill
and CC X O
business NN X B-Skill
skills NNS X I-Skill
, , X O
in IN X O
architecture NN X B-Skill
, , X O
stakeholder VB X B-Skill
management NN X I-Skill
and CC X O
the DT X O
ability NN X B-Skill
to TO X I-Skill
lead VB X I-Skill
workshops NNS X I-Skill
. . X O
**** JJ X O

plus CC X O
discretionary JJ X O
Bonus NNP X O
and CC X O
benefits NNS X O
THE NNP X O
COMPANY NNP X O
AND NNP X O
SITUATION NNP X O
: : X O
but CC X O

they PRP X O
would MD X O
also RB X O
consider VB X O
strong JJ X O
Java NNP X B-Occupation
Developers NNPS X I-Occupation
who WP X O
have VBP X O
some DT X O
experience NN X O
in IN X O
big JJ X B-Domain
data NNS X I-Domain
OR NNP X O
will MD X O
also RB X O
look VB X O
at IN X O
people NNS X O
experienced VBN X B-Skill
in IN X O
Cassandra NNP X B-Skill
or CC X O
other JJ X O
NoSQL NNP X B-Skill
technologies NNS X O
like IN X O
MongoDB NNP X B-Skill
etc FW X O
Passionate NNP X B-Skill
about IN X O
working VBG X O
in IN X O
the DT X O
Big NNP X B-Domain
data NNS X I-Domain
space NN X O
and CC X O
building NN X B-Skill
great JJ X I-Skill
technology NN X I-Skill
solutions NNS X I-Skill
ROLE NNP X O
INFORMATION NN X O
**** NN X O

k NN X O
, , X O
Mileage NNP X O
, , X O
Pension NNP X O
, , X O
Mobile NNP X O
, , X O
Laptop NNP X O
Location NNP X O
London NNP X O
, , X O
Reading NNP X O
, , X O
Guildford NNP X O
, , X O
Basingstoke NNP X O
, , X O
Woking VBG X O
The DT X O
Company NN X O
Our PRP$ X O

client NN X O
is VBZ X O
an DT X O
integrated JJ X O
agency NN X O
that WDT X O
is VBZ X O
looking VBG X O
for IN X O
an DT X O
Account NNP X B-Occupation
Executive NNP X I-Occupation
to TO X O
work VB X B-Skill
across IN X I-Skill
the DT X I-Skill
PR NNP X I-Skill
and CC X I-Skill
Social NNP X I-Skill
Media NNP X I-Skill
teams NNS X I-Skill
. . X O
In IN X O

particular JJ X O
: : X O
To TO X O
lead VB X B-Skill
the DT X I-Skill
development NN X I-Skill
of IN X I-Skill
new JJ X I-Skill
IT NNP X I-Skill
solutions NNS X I-Skill
and CC X I-Skill
initiatives NNS X I-Skill
. . X O
The DT X O

desire NN X B-Skill
and CC X I-Skill
commitment NN X I-Skill
to TO X I-Skill
achieve VB X I-Skill
high JJ X I-Skill
standards NNS X I-Skill
of IN X O
safeguarding VBG X O
Due NNP X O
to TO X O
the DT X O
nature NN X O
of IN X O
the DT X O
position NN X O
, , X O
successful JJ X O
candidates NNS X O
will MD X O
be VB X O
required VBN X O
to TO X O
complete VB X O
an DT X O
enhanced JJ X B-Qualification
CRB NNP X I-Qualification
disclosure NN X I-Qualification
prior RB X O
to TO X O
commencement NN X O
of IN X O
employment NN X O
, , X O
the DT X O
disclosure NN X O
expense NN X O
will MD X O
be VB X O
met VBN X O
by IN X O
the DT X O
employer NN X O
. . X O
The DT X O

ideal NN X O
candidates NNS X O
will MD X O
be VB X O
enthusiastic JJ X B-Skill
, , X O
well RB X B-Skill
presented VBN X I-Skill
and CC X O
have VBP X B-Skill
a DT X I-Skill
passion NN X I-Skill
for IN X I-Skill
customer NN X I-Skill
service NN X I-Skill
. . X O
Please NNP X O

note NN X O
that IN X O
you PRP X O
must MD X O
apply VB X O
online NN X O
for IN X O
this DT X O
position NN X O
. . X O
You PRP X O

will MD X O
also RB X O
be VB X O
required VBN X O
to TO X O
work VB X O
on IN X O
both DT X O
online NN X O
and CC X O
offline JJ X O
brand NN X O
materials NNS X O
, , X O
so IN X O
you PRP X O
will MD X O
need VB X O
to TO X O
have VB X O
a DT X O
strong JJ X O
creative JJ X B-Skill
flair NN X I-Skill
and CC X O
clear JJ X B-Skill
understanding NN X I-Skill
of IN X I-Skill
our PRP$ X I-Skill
brand NN X I-Skill
Enjoy VB X O

the DT X O
responsibility NN X O
of IN X O
working VBG X O
in IN X O
a DT X O
close JJ X O
knit NN X O
, , X O
specialist NN X O
team NN X O
and CC X O
enjoy VB X O
good JJ X O
support NN X B-Skill
. . X O
Additionally RB X O

you PRP X O
will MD X O
be VB X O
part NN X O
of IN X O
the DT X O
team NN X O
liaising VBG X O
with IN X O
Service NNP X B-Occupation
Delivery NNP X I-Occupation
/ NNP X O
Project NNP X B-Occupation
Managers NNP X I-Occupation
, , X O
responsible JJ X O
for IN X O
the DT X O
successful JJ X O
implementation NN X O
of IN X O
the DT X O
systems NNS X B-Skill
design NN X I-Skill
. . X O
Complete NNP X B-Skill

all DT X I-Skill
relevant JJ X I-Skill
documentation NN X I-Skill
for IN X I-Skill
returns NNS X I-Skill
and CC X I-Skill
ensure VB X I-Skill
copies NNS X I-Skill
are VBP X I-Skill
sent VBN X I-Skill
with IN X I-Skill
stock NN X I-Skill
. . X O
My PRP$ X O

prestigious JJ X O
client NN X O
are VBP X O
looking VBG X O
to TO X O
recruit VB X O
a DT X O
Senior NNP X B-Skill
Administrator NNP X B-Occupation
to TO X O
work VB X O
within IN X O
the DT X O
Sales NNS X B-Domain
and CC X O
Stock NNP X B-Domain
Control NNP X I-Domain
department NN X O
. . X O
To TO X O

Support VB X O
the DT X O
Campaign NNP X B-Occupation
and CC X I-Occupation
Programme NNP X I-Occupation
Manager NNP X I-Occupation
and CC X O
the DT X O
Head NNP X B-Occupation
of IN X I-Occupation
Marketing NNP X I-Occupation
Communication NNP X I-Occupation
to TO X O
ensure VB X B-Skill
the DT X I-Skill
annual JJ X I-Skill
plan NN X I-Skill
is VBZ X I-Skill
in IN X I-Skill
place NN X I-Skill
for IN X I-Skill
all DT X I-Skill
CF NNP X I-Skill
BU NNP X I-Skill
s JJ X I-Skill
Ensure NN X I-Skill
that WDT X I-Skill
campaigns VBP X I-Skill
all DT X I-Skill
have VBP X I-Skill
agreed VBN X I-Skill
KPIs NNP X I-Skill
that WDT X O
can MD X O
be VB X O
tracked VBN X O
, , X O
measured VBN X O
and CC X O
reported VBN X O
Workclosely RB X B-Skill
with IN X I-Skill
the DT X I-Skill
category NN X I-Skill
teams NNS X I-Skill
to TO X O
support VB X B-Skill
commercial JJ X I-Skill
targets NNS X I-Skill
as IN X O
part NN X O
of IN X O
the DT X O
integrated JJ X B-Skill
plan NN X I-Skill
Provide NNP X B-Skill

advice NN X I-Skill
, , X I-Skill
support NN X I-Skill
and CC X I-Skill
resolve VB X I-Skill
escalated JJ X I-Skill
queries NNS X I-Skill
relating VBG X I-Skill
to TO X I-Skill
payroll VB X I-Skill
processes NNS X I-Skill
, , X I-Skill
policies NNS X I-Skill
and CC X I-Skill
systems NNS X I-Skill
. . X O
This DT X O

could MD X O
be VB X O
your PRP$ X O
first JJ X O
step NN X O
to TO X O
a DT X O
highly RB X O
successful JJ X O
career NN X O
in IN X O
Health NNP X O
and CC X O
Social NNP X O
Care NNP X O
. . X O
Assist NN X B-Skill

with IN X I-Skill
any DT X I-Skill
other JJ X I-Skill
duties NNS X I-Skill
as IN X O
and CC X O
when WRB X O
required VBN X O
. . X O
Investors NNS X O

in IN X O
People NNP X O
Groundwork NNP X O
Lancashire NNP X O
West NNP X O
Wigan NNP X O
will MD X O
commit VB X O
to TO X O
being VBG X O
an DT X O
Investor NN X O
in IN X O
People NNS X O
About IN X O

us PRP X O
The DT X O
Ryes NNP X O
College NNP X O
and CC X O
Community NNP X O
is VBZ X O
currently RB X O
5 CD X O
children NNS X O
s JJ X O
homes NNS X O
and CC X O
a DT X O
school NN X O
which WDT X O
provides VBZ X O
Education NN X B-Domain
and CC X O
Care NNP X B-Domain
for IN X O
troubled VBN X O
and CC X O
vulnerable JJ X O
young JJ X O
people NNS X O
aged VBD X O
The DT X O

passing NN X O
on IN X O
of IN X O
information NN X O
between IN X O
parties NNS X O
and CC X O
to TO X O
exemployees NNS X O
is VBZ X O
not RB X O
acceptable JJ X O
. . X O
The DT X O

company NN X O
will MD X O
provide VB X O
lead JJ X O
generation NN X O
support NN X O
and CC X O
appointments NNS X O
. . X O
This DT X O

role NN X O
is VBZ X O
working VBG X B-Skill
from IN X I-Skill
home NN X I-Skill
with IN X O
a DT X O
requirement NN X O
to TO X O
visit VB X O
the DT X O
office NN X O
in IN X O
Manchester NNP X O
once RB X O
or CC X O
twice RB X O
a DT X O
month NN X O
. . X O
The DT X O

successful JJ X O
candidate NN X O
will MD X O
be VB X O
flexible JJ X B-Skill
, , X O
motivated JJ X B-Skill
and CC X I-Skill
enthusiastic JJ X I-Skill
in IN X I-Skill
their PRP$ X I-Skill
work NN X I-Skill
. . X O
Experience NN X B-Experience

of IN X I-Experience
working VBG X I-Experience
in IN X I-Experience
a DT X I-Experience
highly RB X I-Experience
computerised VBN X I-Experience
environment NN X I-Experience
and CC X O
ability NN X B-Skill
to TO X I-Skill
understand VB X I-Skill
the DT X I-Skill
inter NN X I-Skill
relationship NN X I-Skill
between IN X I-Skill
different JJ X I-Skill
accounting VBG X I-Skill
systems NNS X I-Skill
. . X O
You PRP X O

will MD X O
be VB X O
working VBG X O
on IN X O
multiple JJ X O
projects NNS X O
insuring VBG X B-Skill
service NN X I-Skill
transition NN X I-Skill
is VBZ X I-Skill
successfully RB X I-Skill
delivered VBN X I-Skill
across IN X I-Skill
business NN X I-Skill
units NNS X I-Skill
. . X O
The DT X O

ideal JJ X O
candidate NN X O
must MD X O
be VB X O
empathetic JJ X B-Skill
, , X O
considerate NN X B-Skill
and CC X O
reliable JJ X B-Skill
and CC X O
dedicated VBN X B-Skill
to TO X I-Skill
the DT X I-Skill
role NN X I-Skill
of IN X I-Skill
working VBG X I-Skill
with IN X I-Skill
elderly JJ X I-Skill
service NN X I-Skill
users NNS X I-Skill
. . X O
Personable JJ X B-Skill

, , X O
proactive JJ X B-Skill
and CC X O
professional JJ X B-Skill
, , X O
you PRP X O
will MD X O
have VB X O
excellent JJ X B-Skill
communication NN X I-Skill
skills NNS X I-Skill
and CC X O
experience NN X B-Experience
of IN X I-Experience
managing NN X I-Experience
and CC X I-Experience
motivating VBG X I-Experience
a DT X I-Experience
team NN X I-Experience
. . X O
The DT X O

Candidate NNP X O
Proven NNP X O
sales NNS X B-Skill
experience NN X I-Skill
to TO X I-Skill
the DT X I-Skill
high JJ X I-Skill
street NN X I-Skill
The DT X O

desired JJ X O
candidate NN X O
will MD X O
have VB X O
previous JJ X O
credit NN X B-Skill
control NN X I-Skill
experience NN X O
using VBG X O
Sage NNP X B-Skill
. . X O
Proven NNP X O

track NN X B-Skill
record NN X I-Skill
of IN X I-Skill
meeting NN X I-Skill
and CC X I-Skill
exceeding VBG X I-Skill
sales NNS X I-Skill
targets NNS X I-Skill
They PRP X O

cover VBP X O
a DT X O
large JJ X O
geographical JJ X O
location NN X O
so IN X O
your PRP$ X O
clients NNS X O
will MD X O
be VB X O
diverse JJ X O
and CC X O
interesting JJ X O
. . X O
My PRP$ X O

client NN X O
has VBZ X O
entered VBN X O
into IN X O
a DT X O
partnership NN X O
with IN X O
a DT X O
leading VBG X O
premium NN X O
food NN X O
retailer NN X O
. . X O
Sales NNS X O

experience NN X O
is VBZ X O
not RB X O
necessary JJ X O
but CC X O
willingness NN X B-Skill
to TO X I-Skill
learn VB X I-Skill
is VBZ X O
essential JJ X O
, , X O
a DT X B-Skill
great JJ X I-Skill
personality NN X I-Skill
and CC X O
a DT X O
positive JJ X B-Skill
can MD X I-Skill
do VB X I-Skill
attitude VB X I-Skill
would MD X O
make VB X O
you PRP X O
a DT X O
great JJ X O
candidate NN X O
for IN X O
this DT X O
Sales NNS X B-Domain
and CC X O
Customer NNP X B-Domain
Service NNP X I-Domain
role NN X O
. . X O
Based VBN X O

from IN X O
home NN X O
, , X O
you PRP X O
will MD X O
put VB X O
an DT X O
account NN X B-Skill
management NN X I-Skill
diary JJ X I-Skill
plan NN X I-Skill
together RB X O
which WDT X O
not RB X O
only RB X O
allows VBZ X O
you PRP X O
to TO X O
increase VB X B-Skill
profits NNS X I-Skill
within IN X O
these DT X O
existing VBG X O
customers NNS X O
, , X O
but CC X O
also RB X O
allows VBZ X O
you PRP X O
to TO X O
develop VB X B-Skill
new JJ X I-Skill
business NN X I-Skill
on IN X O
your PRP$ X O
territory NN X O
. . X O
We PRP X O

are VBP X O
currently RB X O
recruiting VBG X O
for IN X O
an DT X O
enthusiastic JJ X B-Skill
sales NNS X B-Domain
and CC X I-Domain
marketing NN X I-Domain
team NN X O
for IN X O
our PRP$ X O
Nottingham NNP X O
location NN X O
. . X O
You PRP X O

need VBP X O
to TO X O
be VB X O
a DT X O
strong JJ X O
leader NN X B-Skill
, , X O
be VB X O
able JJ X O
to TO X O
keep VB X B-Skill
cool NN X I-Skill
under IN X I-Skill
pressure NN X I-Skill
and CC X O
be VB X O
confident JJ X B-Skill
in IN X I-Skill
your PRP$ X I-Skill
decisions NNS X I-Skill
. . X O
Eager NN X O

to TO X O
learn VB X O
and CC X O
develop VB X O
yourself PRP X O
Motivated NNP X B-Skill
and CC X O
ambitious JJ X B-Skill
Excellent NNP X I-Skill
communication NN X I-Skill
and CC X I-Skill
interpersonal JJ X I-Skill
skills NNS X I-Skill
Kare NNP X O

Plus NNP X O
is VBZ X O
an DT X O
equal JJ X O
opportunities NNS X O
employer NN X O
and CC X O
is VBZ X O
committed VBN X O
to TO X O
delivering VBG X O
high JJ X O
quality NN X O
care NN X O
and CC X O
service NN X O
delivery NN X O
. . X O
The DT X O

role NN X O
is VBZ X O
based VBN X O
in IN X O
the DT X O
city NN X O
of IN X O
Worcester NNP X O
, , X O
close RB X O
to TO X O
junction NN X O
This DT X O

is VBZ X O
an DT X O
excellent JJ X O
opportunity NN X O
to TO X O
develop VB X O
your PRP$ X O
skills NNS X O
and CC X O
immigration NN X O
knowledge NN X O
in IN X O
a DT X O
multinational JJ X O
organisation NN X O
. . X O
**** JJ X O

HTML5 NNP X B-Skill
and CC X O
CSS3 NNP X B-Skill
amongst VBP X O
others NNS X O
including VBG X O
the DT X O
opportunity NN X O
to TO X O
complete VB X O
Microsoft NNP X B-Qualification
certified JJ X I-Qualification
courses NNS X O
like IN X O
the DT X O
MCSD NNP X B-Skill
. . X O
Cabling VBG X O

may MD X O
have VB X O
to TO X O
be VB X O
hidden VBN X O
in IN X O
trunking NN X O
, , X O
which WDT X O
will MD X O
be VB X O
supplied VBN X O
to TO X O
attending VBG X O
engineer NN X B-Occupation
. . X O
To TO X O

Apply VB X O
Please NNP X O
forward RB X O
your PRP$ X O
most JJS X O
uptodate JJ X O
CV NNP X O
together RB X O
with IN X O
salary JJ X O
details NNS X O
quoting VBG X O
We PRP X O

offer VBP X O
engineering NN X O
jobs NNS X O
across IN X O
a DT X O
range NN X O
of IN X O
sectors NNS X O
industrial JJ X B-Domain
, , X O
building NN X B-Domain
services NNS X I-Domain
, , X O
mechanical JJ X B-Domain
, , X I-Domain
electrical JJ X I-Domain
, , X O
process NN X B-Domain
and CC X I-Domain
medical JJ X I-Domain
. . X O
Ideally RB X O

, , X O
you PRP X O
will MD X O
hold VB X B-Qualification
your PRP$ X I-Qualification
Registered NNP X I-Qualification
Managers NNPS X I-Qualification
Award NNP X I-Qualification
plus CC X O
an DT X O
NVQ NNP X B-Qualification
****/ NNP X I-Qualification
SVQ NNP X I-Qualification
To TO X O

Apply VB X O
: : X O
Please NNP X O
forward VB X O
your PRP$ X O
CV NNP X O
along IN X O
with IN X O
salary JJ X O
details NNS X O
quoting VBG X O
the DT X O
reference NN X O
number NN X O
HH NNP X O
/****/ NNP X O
GM NNP X O
or CC X O
by IN X O
calling VBG X O
Heather NNP X O
Hingston NNP X O
on IN X O
Manage NN X B-Skill

incoming NN X I-Skill
and CC X I-Skill
outgoing VBG X I-Skill
mail NN X I-Skill
, , X O
including VBG X O
: : X O
logging NN X B-Skill
, , X O
scanning NN X B-Skill
, , X O
distribution NN X B-Skill
, , X O
safe JJ X B-Skill
receipt NN X I-Skill
of IN X I-Skill
cheques NNS X I-Skill
and CC X I-Skill
recorded VBD X I-Skill
delivery NN X I-Skill
items NNS X I-Skill
. . X O
Our PRP$ X O

Deputy NN X B-Occupation
Managers NNPS X I-Occupation
are VBP X O
both DT X O
flexible JJ X B-Skill
and CC X O
adaptable JJ X B-Skill
, , X O
with IN X O
a DT X O
real JJ X O
ambition NN X B-Skill
and CC X O
desire NN X O
to TO X O
progress VB X O
within IN X O
the DT X O
company NN X O
. . X O
As IN X O

a DT X O
mature NN X O
employer NN X O
it PRP X O
enjoys VBZ X O
a DT X O
longterm JJ X O
commitment NN X O
from IN X O
its PRP$ X O
growing VBG X O
number NN X O
of IN X O
employees NNS X O
and CC X O
joining VBG X O
my PRP$ X O
FTSE250 NNP X O
client NN X O
offers VBZ X O
the DT X O
real JJ X O
prospect NN X O
of IN X O
personal JJ X O
career NN X O
progression NN X O
as IN X O
it PRP X O
actively RB X O
invests VBZ X O
in IN X O
skills NNS X O
development NN X O
. . X O
specified VBN X O

timings NNS X O
Skills NNP X O
required VBD X O
Ability NNP X B-Skill
to TO X I-Skill
work VB X I-Skill
confidently RB X I-Skill
on IN X I-Skill
own JJ X I-Skill
Ability NNP X I-Skill
to TO X I-Skill
build VB X I-Skill
working VBG X I-Skill
strong JJ X I-Skill
relationships NNS X I-Skill
in IN X I-Skill
order NN X I-Skill
to TO X I-Skill
deliver VB X I-Skill
the DT X I-Skill
right JJ X I-Skill
outcome NN X I-Skill
Strong NNP X I-Skill
Project NNP X I-Skill
Management NNP X I-Skill
skills VBZ X I-Skill
Confident JJ X I-Skill
challenging NN X I-Skill
and CC X I-Skill
making VBG X I-Skill
decisions NNS X I-Skill
All DT X O

staff NN X O
will MD X O
adhere VB X O
to TO X O
the DT X O
current JJ X O
Health NNP X O
Safety NN X O
Policy NNP X O
. . X O
Our PRP$ X O

client NN X O
is VBZ X O
looking VBG X O
to TO X O
recruit VB X O
RGNs NNP X B-Occupation
to TO X O
work VB X O
in IN X O
their PRP$ X O
brand NN X O
Ensure NN X B-Skill

compliance NN X I-Skill
with IN X I-Skill
all DT X I-Skill
health NN X I-Skill
and CC X I-Skill
safety NN X I-Skill
/ NN X I-Skill
food NN X I-Skill
hygiene NN X I-Skill
regulations NNS X I-Skill
Responsibilities NNS X O

You PRP X O
will MD X O
be VB X O
responsible JJ X O
for IN X O
contributing VBG X O
to TO X O
all DT X O
aspects NNS X O
of IN X O
the DT X O
department NN X O
' POS X O
s JJ X O
work NN X O
particularly RB X O
in IN X O
decision NN X B-Skill
modelling NN X I-Skill
and CC X O
related JJ X O
statistical JJ X B-Skill
analyses NNS X I-Skill
. . X O
Analyse NNP X B-Skill

successful JJ X I-Skill
and CC X I-Skill
unsuccessful JJ X I-Skill
bids NNS X I-Skill
and CC X I-Skill
proposals NNS X I-Skill
ensuring VBG X I-Skill
key JJ X I-Skill
lessons NNS X I-Skill
are VBP X I-Skill
learnt JJ X I-Skill
and CC X I-Skill
mistakes NNS X I-Skill
are VBP X I-Skill
not RB X I-Skill
repeated VBN X I-Skill
. . X O
Design NNP X B-Skill

software NN X I-Skill
that WDT X O
meets VBZ X O
the DT X O
requirements NNS X O
of IN X O
the DT X O
business NN X O
and CC X O
users NNS X O
with IN X O
scope NN X O
for IN X O
extensibility NN X O
, , X O
ease NN X O
of IN X O
maintenance NN X O
, , X O
supportability NN X O
and CC X O
configuration NN X O
. . X O
Also RB X O

to TO X O
assist VB X B-Skill
with IN X O
other JJ X O
ad NN X O
hoc NN X O
projects NNS X O
as IN X O
and CC X O
when WRB X O
appropriate NN X O
. . X O
Ensuring VBG X O

that IN X O
each DT X O
pipeline NN X O
is VBZ X O
designed VBN X B-Skill
, , X O
fabricated VBN X B-Skill
and CC X O
operated VBN X B-Skill
in IN X O
a DT X O
safe JJ X O
, , X O
reliable JJ X O
and CC X O
costeffective JJ X B-Skill
manner NN X O
involves VBZ X O
a DT X O
multitude NN X O
of IN X O
professional JJ X O
disciplines NNS X O
. . X O
Your PRP$ X O

job NN X O
will MD X O
involve VB X O
offering NN X B-Skill
advice NN X I-Skill
and CC X O
you PRP X O
must MD X O
have VB X O
the DT X O
ability NN X O
to TO X O
deal VB X B-Skill
tactfully RB X I-Skill
with IN X I-Skill
difficult JJ X I-Skill
and CC X I-Skill
demanding JJ X I-Skill
situations NNS X I-Skill
and CC X O
be VB X O
able JJ X O
to TO X O
ensure VB X O
compliance NN X B-Skill
of IN X I-Skill
local JJ X I-Skill
byelaws NN X I-Skill
. . X O
Complete NNP X B-Skill

detailed VBD X I-Skill
reports NNS X I-Skill
, , X O
highlighting VBG X B-Skill
any DT X I-Skill
potential JJ X I-Skill
remedial NN X I-Skill
works NNS X I-Skill
Callout RP X O
Client NN X B-Occupation

: : X O
Highly NNP X B-Skill
technical JJ X I-Skill
tester NN X I-Skill
with IN X I-Skill
strong JJ X I-Skill
computing VBG X I-Skill
/ JJ X O
technical JJ X B-Skill
knowledge NN X I-Skill
sought VBN X O
by IN X O
successful JJ X O
and CC X O
expanding VBG X O
scientific JJ X O
software NN X O
house NN X O
based VBN X O
in IN X O
Belfast NNP X O
; : X O
they PRP X O
provide VBP X O
an DT X O
award NN X O
winning VBG X O
set NN X O
of IN X O
products NNS X O
to TO X O
the DT X O
Medical NNP X B-Domain
industry NN X I-Domain
. . X O
You PRP X O

will MD X O
be VB X O
: : X O
Managing NNP X B-Skill
key JJ X I-Skill
accounts NNS X I-Skill
and CC X I-Skill
a DT X I-Skill
small JJ X I-Skill
, , X I-Skill
highly RB X I-Skill
professional JJ X I-Skill
team NN X I-Skill
Motivating VBG X I-Skill
this DT X I-Skill
team NN X I-Skill
so RB X I-Skill
they PRP X I-Skill
reach VBP X I-Skill
their PRP$ X I-Skill
maximum JJ X I-Skill
potential JJ X I-Skill
Managing NNP X I-Skill
high JJ X I-Skill
level NN X I-Skill
journalist NN X I-Skill
and CC X I-Skill
client NN X I-Skill
relations NNS X I-Skill
Winning VBG X I-Skill
new JJ X I-Skill
high JJ X I-Skill
value NN X I-Skill
accounts NNS X I-Skill
Managing VBG X I-Skill
clients NNS X I-Skill
to TO X I-Skill
budget NN X I-Skill
. . X O
Reporting VBG X O

directly RB X O
into IN X O
the DT X O
Finance NNP X B-Occupation
Director NNP X I-Occupation
the DT X O
desired JJ X O
candidate NN X O
will MD X O
be VB X O
a DT X O
qualified JJ X O
accountant NN X B-Occupation
with IN X O
previous JJ X O
experience NN X O
of IN X O
a DT X O
similar JJ X O
role NN X O
within IN X O
the DT X O
Insurance NN X B-Domain
industry NN X O
. . X O
The DT X O

Head NNP X B-Occupation
of IN X I-Occupation
Product NNP X I-Occupation
Management NNP X I-Occupation
will MD X O
lead VB X B-Skill
and CC X I-Skill
develop VB X I-Skill
a DT X I-Skill
small JJ X I-Skill
, , X I-Skill
specialist JJ X I-Skill
team NN X I-Skill
of IN X O
Product NN X B-Occupation
Managers NNS X O
creating VBG X B-Skill
products NNS X I-Skill
in IN X I-Skill
the DT X I-Skill
IPTV NNP X I-Skill
arena NN X I-Skill
. . X O
Have VBP X O

experience NN X O
working VBG X B-Skill
within IN X I-Skill
a DT X I-Skill
multi JJ X I-Skill
brand NN X I-Skill
environment NN X I-Skill
ideally RB X O
with IN X O
Womenswear JJ X B-Domain
exposure NN X O
. . X O
Prior JJ X O

experience NN X O
managing VBG X B-Skill
/ NNP X I-Skill
leading VBG X I-Skill
a DT X I-Skill
small JJ X I-Skill
team NN X I-Skill
is VBZ X O
highly RB X O
desirable JJ X O
. . X O
If IN X O

you PRP X O
do VBP X O
not RB X O
want VB X O
us PRP X O
to TO X O
do VB X O
this DT X O
please VB X O
call VB X O
us PRP X O
on IN X O
You PRP X O

will MD X O
ideally RB X O
have VB X O
a DT X O
track NN X O
record NN X B-Skill
of IN X I-Skill
sales NNS X I-Skill
to TO X I-Skill
the DT X I-Skill
public NN X I-Skill
sector NN X I-Skill
Consultative NNP X I-Skill
and CC X O
confident JJ X B-Skill
sales NNS X B-Domain
people NNS X O
traditionally RB X O
do VBP X O
very RB X O
well RB X O
here RB X O
The DT X O
Role NNP X O
To TO X O

interact VB X O
with IN X O
internal JJ X O
teams NNS X O
and CC X O
external JJ X O
third JJ X O
party NN X O
vendors NNS X O
to TO X O
trouble NN X B-Skill
shoot NN X I-Skill
and CC X I-Skill
resolve VB X I-Skill
complex JJ X I-Skill
problems NNS X I-Skill
Technical NNP X B-Skill

knowledge NN X I-Skill
, , X O
an DT X O
aptitude NN X B-Skill
for IN X I-Skill
technical JJ X I-Skill
learning NN X I-Skill
, , X O
and CC X O
experience NN X B-Skill
, , X O
are VBP X O
key JJ X O
considerations NNS X O
for IN X O
the DT X O
position NN X O
; : X O
but CC X O
demonstrating VBG X O
professional JJ X B-Skill
behaviours NN X I-Skill
in IN X O
a DT X O
highly RB X B-Skill
focused JJ X I-Skill
customer NN X I-Skill
care NN X I-Skill
ethos NN X O
is VBZ X O
imperative JJ X O
. . X O
Key NNP X O

accountabilities NNS X O
Leading VBG X B-Skill
your PRP$ X I-Skill
team NN X I-Skill
to TO X I-Skill
deliver VB X I-Skill
excellent JJ X I-Skill
customer NN X I-Skill
service NN X I-Skill
Managing NNP X I-Skill
talent NN X I-Skill
Strong JJ X O

customer NN X B-Skill
focused VBD X I-Skill
attitude NN X I-Skill
with IN X O
the DT X O
ability NN X O
to TO X O
build VB X B-Skill
and CC X I-Skill
maintain VB X I-Skill
relationships NNS X I-Skill
at IN X I-Skill
all DT X I-Skill
levels NNS X I-Skill
. . X O
Key JJ X O

Words NNS X O
: : X O
Service NNP X B-Occupation
Engineer NNP X I-Occupation
, , X O
Maintenance NNP X B-Domain
, , X O
Diesel NNP X O
, , X O
Engine NNP X O
, , X O
Hydraulics NNP X B-Domain
, , X O
Chassis NNP X O
, , X O
VOSA NNP X O
, , X O
Welding NNP X O
, , X O
ECU NNP X O
, , X O
Engine NNP X O
Control NNP X O
Unit NNP X O
, , X O
Fault NNP X B-Domain
Finding NNP X I-Domain
, , X I-Domain
Repair NNP X I-Domain
You PRP X O

will MD X O
be VB X O
a DT X O
passionate JJ X B-Skill
advocate NN X I-Skill
for IN X I-Skill
the DT X I-Skill
customer NN X I-Skill
experience NN X I-Skill
in IN X I-Skill
store NN X I-Skill
, , X O
identifying VBG X B-Skill
key JJ X I-Skill
business NN X I-Skill
priorities NNS X I-Skill
, , X O
evaluating VBG X B-Skill
operational JJ X I-Skill
processes NNS X I-Skill
and CC X O
implementing VBG X B-Skill
change NN X I-Skill
. . X O
A DT X O

working VBG X B-Skill
understanding NN X I-Skill
of IN X I-Skill
Mechanical JJ X I-Skill
Electrical NNP X I-Skill
technical JJ X I-Skill
manuals NNS X I-Skill
drawings NNS X I-Skill
Basic NNP X O
understanding NN X B-Skill
of IN X I-Skill
control NN X I-Skill
systems NNS X I-Skill
and CC X I-Skill
techniques NNS X I-Skill
The DT X O

Role NNP X O
: : X O
The DT X O
role NN X O
of IN X O
a DT X O
Support NNP X B-Occupation
Worker NNP X I-Occupation
involves VBZ X O
working VBG X B-Skill
with IN X I-Skill
Adults NNP X I-Skill
with IN X I-Skill
Autism NNP X I-Skill
, , X I-Skill
challenging VBG X I-Skill
behaviours NNS X I-Skill
, , X I-Skill
physical JJ X I-Skill
and CC X I-Skill
learning JJ X I-Skill
disabilities NNS X I-Skill
, , X O
providing VBG X O
them PRP X O
with IN X O
practical JJ X B-Skill
and CC X I-Skill
emotional JJ X I-Skill
care NN X I-Skill
, , X O
enabling VBG X O
them PRP X O
to TO X O
lead VB X O
as IN X O
ordinary JJ X O
life NN X O
as IN X O
they PRP X O
can MD X O
achieve VB X O
within IN X O
a DT X O
within IN X O
a DT X O
supported JJ X B-Skill
living NN X I-Skill
setting NN X I-Skill
. . X O
Senior JJ X B-Occupation

Quantity NNP X I-Occupation
Surveyor NNP X I-Occupation
required VBD X O
for IN X O
large JJ X O
established VBN X O
developer NN X O
to TO X O
work VB X O
as RB X O
No1 NNP X O
on IN X O
Recent JJ X O

examples NNS X O
include VBP X O
automating VBG X B-Skill
operational JJ X I-Skill
workflows NNS X I-Skill
for IN X I-Skill
lifecycle NN X I-Skill
events NNS X I-Skill
and CC X O
the DT X O
addition NN X B-Skill
of IN X I-Skill
new JJ X I-Skill
product NN X I-Skill
types NNS X I-Skill
to TO X I-Skill
the DT X I-Skill
applications NNS X I-Skill
. . X O
Versatility NN X B-Skill

of IN X I-Skill
work NN X I-Skill
is VBZ X O
important JJ X O
, , X O
so IN X O
applications NNS X O
from IN X O
those DT X O
who WP X O
ve VBP X O
worked VBN X O
with IN X O
, , X O
and CC X O
without IN X O
, , X O
structured VBD X O
templates NNS X O
, , X O
will MD X O
be VB X O
viewed VBN X O
favourably RB X O
. . X O
You PRP X O

must MD X O
be VB X O
a DT X O
car NN X B-Skill
owner NN X I-Skill
/ VBD X I-Skill
driver RB X I-Skill
to TO X O
visit VB X O
partnership NN X O
organisations NNS X O
and CC X O
will MD X O
mostly RB X O
be VB X O
based VBN X O
at IN X O
the DT X O
Luton NNP X O
Centre NNP X O
. . X O
This DT X O

is VBZ X O
an DT X O
opportunity NN X O
for IN X O
you PRP X O
to TO X O
become VB X O
a DT X O
great JJ X O
success NN X O
and CC X O
to TO X O
develop VB X O
a DT X O
long JJ X O
term NN X O
career NN X O
within IN X O
WIS NNP X B-Domain
. . X O
West NNP X O

Byfleet NNP X O
Role NNP X O
: : X O
This DT X O
role NN X O
will MD X O
be VB X O
mainly RB X O
a DT X O
key JJ X O
account NN X B-Domain
management NN X I-Domain
role NN X O
looking VBG X B-Skill
after IN X I-Skill
the DT X I-Skill
company NN X I-Skill
s VBD X I-Skill
key JJ X I-Skill
accounts NNS X I-Skill
You PRP X O
will MD X O
also RB X O
be VB X O
expected VBN X O
to TO X O
bring VB X B-Skill
on IN X I-Skill
some DT X I-Skill
new JJ X I-Skill
business NN X I-Skill
Great NNP X O
role NN X O
doing VBG X O
a DT X O
mix NN X O
of IN X O
existing VBG X O
and CC X O
new JJ X O
business NN X O
Looking VBG X O
for IN X O
someone NN X O
with IN X O
a DT X O
bhunter NN X B-Skill
attitude NN X I-Skill
As IN X O

an DT X O
accomplished JJ X O
Control NNP X B-Occupation
Systems NNP X I-Occupation
Engineer NNP X I-Occupation
/ NNP X I-Occupation
Automation NNP X I-Occupation
Systems NNP X I-Occupation
Engineer NNP X I-Occupation
/ NNP X I-Occupation
PLCSCADA NNP X I-Occupation
Engineer NNP X I-Occupation
you PRP X O
will MD X O
have VB X O
a DT X O
thorough JJ X O
understanding NN X O
of IN X O
PLC NNP X B-Skill
and CC X O
SCADA NNP X B-Skill
Control NNP X I-Skill
systems NNS X I-Skill
used VBN X O
in IN X O
a DT X O
wide JJ X O
range NN X O
of IN X O
industries NNS X O
including VBG X O
Water NNP X B-Domain
, , X O
Power NNP X B-Domain
Generation NNP X I-Domain
, , X O
Oil NNP X B-Domain
Gas NNP X I-Domain
and CC X I-Domain
Chemical NNP X I-Domain
processing NN X I-Domain
. . X O
The DT X O

team NN X O
ethos NN X O
will MD X O
bring VB X O
you PRP X O
into IN X O
daily JJ X B-Skill
contact NN X I-Skill
and CC X I-Skill
interaction NN X I-Skill
with IN X I-Skill
highly RB X I-Skill
professional JJ X I-Skill
colleagues NNS X I-Skill
within IN X I-Skill
the DT X I-Skill
firm NN X I-Skill
from IN X I-Skill
other JJ X I-Skill
areas NNS X I-Skill
of IN X I-Skill
law NN X I-Skill
. . X O
White NNP X O

Recruitment NNP X B-Domain
is VBZ X O
a DT X O
rapidly RB X O
growing VBG X O
recruitment NN X B-Domain
agency NN X O
that WDT X O
specialise NN X O
in IN X O
the DT X O
Healthcare NNP X B-Domain
and CC X O
Engineering NNP X B-Domain
markets NNS X I-Domain
. . X O
This DT X O

is VBZ X O
a DT X O
growing VBG X O
Agency NNP X O
with IN X O
a DT X O
great JJ X O
team NN X O
dynamic NN X O
and CC X O
strong JJ X O
reputation NN X O
with IN X O
their PRP$ X O
clients NNS X O
. . X O
Selling VBG X B-Skill

to TO X I-Skill
hotels NNS X I-Skill
, , X I-Skill
restaurants NNS X I-Skill
, , X I-Skill
catering VBG X I-Skill
companies NNS X I-Skill
, , X I-Skill
schools NNS X I-Skill
, , X I-Skill
universities NNS X I-Skill
and CC X I-Skill
contract NN X I-Skill
cleaning NN X I-Skill
firms NNS X I-Skill
, , X O
you PRP X O
will MD X O
liaise VB X B-Skill
with IN X I-Skill
buyers NNS X I-Skill
and CC X I-Skill
procurement NN X I-Skill
managers NNS X I-Skill
in IN X I-Skill
order NN X I-Skill
to TO X I-Skill
drive VB X I-Skill
sales NNS X I-Skill
. . X O
Excellent JJ X O

communication NN X B-Skill
skills NNS X I-Skill
and CC X O
experience NN X B-Skill
dealing VBG X I-Skill
directly RB X I-Skill
with IN X I-Skill
customers NNS X I-Skill
5 CD X I-Skill
. . X O
The DT X O

successful JJ X O
candidate NN X O
will MD X O
: : X O
Currently RB X O
be VB X O
working VBG X O
as IN X O
an DT X O
established VBN X B-Skill
Senior NNP X B-Occupation
Merchandiser NNP X O
and CC X O
ready JJ X O
for IN X O
the DT X O
next JJ X O
step NN X O
, , X O
or CC X O
already RB X O
at IN X O
Merchandise NNP X B-Occupation
Manager NNP X I-Occupation
level NN X O
. . X O
Committed VBN X O

to TO X O
raising VBG X B-Skill
the DT X I-Skill
quality NN X I-Skill
of IN X I-Skill
our PRP$ X I-Skill
provisions NNS X I-Skill
for IN X I-Skill
children NNS X I-Skill
and CC X I-Skill
young JJ X I-Skill
people NNS X I-Skill
from IN X I-Skill
good JJ X I-Skill
to TO X I-Skill
outstanding JJ X I-Skill
, , X O
measuring VBG X B-Skill
performance NN X I-Skill
against IN X I-Skill
the DT X I-Skill
requirements NNS X I-Skill
of IN X I-Skill
the DT X I-Skill
National NNP X I-Skill
Minimum NNP X I-Skill
Standards NNP X I-Skill
Able NNP X O
to TO X O
implement VB X B-Skill
therapeutic JJ X I-Skill
led VBN X I-Skill
approaches NNS X I-Skill
to TO X I-Skill
care VB X I-Skill
Promote NNP X I-Skill
the DT X I-Skill
voice NN X I-Skill
of IN X I-Skill
the DT X I-Skill
child NN X I-Skill
in IN X I-Skill
developing VBG X I-Skill
and CC X I-Skill
shaping VBG X I-Skill
service NN X I-Skill
provision NN X I-Skill
. . X O
Please NNP X O

see VB X O
our PRP$ X O
website JJ X O
www NN X O
. . X O
douglasscott NN X O
. . X O
co NN X O
. . X O
uk NN X O
for IN X O
more JJR X O
Manchester NNP X O
Solicitor NNP X O
jobs NNS X O
. . X O
To TO X O

have VB X O
an DT X O
informal JJ X O
, , X O
confidential JJ X O
discussion NN X O
and CC X O
to TO X O
find VB X O
out RP X O
how WRB X O
to TO X O
apply VB X O
, , X O
please VB X O
contact JJ X O
Paula NNP X O
Read NNP X O
at IN X O
Hays NNP X O
Education NNP X O
Due JJ X O

to TO X O
continued JJ X O
expansion NN X O
our PRP$ X O
client NN X O
currently RB X O
has VBZ X O
an DT X O
exciting JJ X O
opportunity NN X O
for IN X O
a DT X O
Senior JJ X B-Skill
Marketing NNP X B-Occupation
Executive NN X I-Occupation
to TO X O
join VB X O
their PRP$ X O
Suffolk NNP X O
team NN X O
. . X O
This DT X O

is VBZ X O
a DT X O
fantastic JJ X O
company NN X O
in IN X O
which WDT X O
to TO X O
build VB X O
a DT X O
retail JJ X B-Skill
management NN X I-Skill
career NN X O
and CC X O
a DT X O
great JJ X O
time NN X O
to TO X O
join VB X O
them PRP X O
. . X O
Main NNP X B-Occupation

Contractor NNP X I-Occupation
Essential JJ X O
requirements NNS X O
: : X O
Have VBP X O
2 CD X B-Experience
years NNS X I-Experience
of IN X I-Experience
construction NN X O
experience NN X B-Experience
In IN X O

return NN X O
you PRP X O
will MD X O
receive VB X O
a DT X O
negotiable JJ X O
salary NN X O
of IN X O
up IN X O
Therefore RB X O

you PRP X O
must MD X O
have VB X O
previous JJ X O
Practice NNP X O
experience NN X O
in IN X O
both DT X O
Accounts NNP X B-Skill
and CC X O
Audit NNP X B-Skill
, , X O
have VBP X O
excellent JJ X O
academics NNS X B-Skill
, , X O
and CC X O
be VB X O
looking VBG X O
to TO X O
forge VB X O
your PRP$ X O
career NN X O
in IN X O
a DT X O
mixed JJ X O
role NN X O
. . X O
Creative JJ X B-Skill

thinkers NNS X I-Skill
who WP X I-Skill
can MD X I-Skill
solve VB X I-Skill
problems NNS X I-Skill
Able JJ X I-Skill
to TO X I-Skill
manage VB X I-Skill
both DT X I-Skill
their PRP$ X I-Skill
time NN X I-Skill
and CC X I-Skill
others NNS X I-Skill
effectively RB X I-Skill
Are VBP X O
effective JJ X B-Skill
communications NNS X I-Skill
with IN X I-Skill
the DT X I-Skill
ability NN X I-Skill
negotiate NN X I-Skill
and CC X I-Skill
manage NN X I-Skill
conflict NN X I-Skill
You PRP X O

will MD X O
need VB X O
to TO X O
be VB X O
able JJ X O
to TO X O
teach VB X B-Skill
French JJ X I-Skill
across IN X I-Skill
Key NNP X I-Skill
Stages NNP X I-Skill
You PRP X O

must MD X O
be VB X O
a DT X O
natural JJ X O
leader NN X B-Skill
and CC X O
motivator NN X B-Skill
of IN X I-Skill
people NNS X I-Skill
Be NNP X O
able JJ X O
to TO X O
work VB X B-Skill
under IN X I-Skill
pressure NN X I-Skill
in IN X O
a DT X O
fast NN X O
paced VBD X O
environment NN X O
They PRP X O

have VBP X O
invested VBN X O
heavily RB X O
in IN X O
our PRP$ X O
retail JJ X O
management NN X O
training NN X O
programmes NNS X O
, , X O
which WDT X O
have VBP X O
been VBN X O
redesigned VBN X O
and CC X O
are VBP X O
now RB X O
known VBN X O
as IN X O
Fast NNP X O
Track NNP X O
. . X O
To TO X O

drive VB X B-Skill
the DT X I-Skill
performance NN X I-Skill
of IN X I-Skill
the DT X I-Skill
telesales NNS X I-Skill
department NN X I-Skill
ensuring VBG X I-Skill
quality NN X I-Skill
teleappointing NN X I-Skill
and CC X I-Skill
sales NNS X I-Skill
and CC X O
reducing VBG X B-Skill
staff NN X I-Skill
turnover NN X I-Skill
by IN X I-Skill
creating VBG X I-Skill
a DT X I-Skill
fun NN X I-Skill
, , X I-Skill
atmospheric JJ X I-Skill
and CC X I-Skill
professional JJ X I-Skill
telesales NNS X I-Skill
department NN X I-Skill
. . X O
pa JJ X O

Fantastic NNP X O
Career NNP X O
Progression NNP X O
Career NNP X O
Progression NNP X O
Uniform NNP X O
Provided NNP X O
Meals NNP X O
on IN X O
duty NN X O
Temporary NNP X O
Accommodation NNP X O
Menu NNP X O
Autonomy NNP X O
Role NNP X O
Criteria NNP X O
Applications NNS X O

for IN X O
the DT X O
role NN X O
of IN X O
Warranty NNP X B-Occupation
Administrator NNP X I-Occupation
will MD X O
only RB X O
be VB X O
considered VBN X O
if IN X O
we PRP X O
are VBP X O
provided VBN X O
with IN X O
a DT X O
full JJ X O
CV NNP X O
detailing VBG X O
your PRP$ X O
recent JJ X O
work NN X O
experience NN X O
. . X O
The DT X O

role NN X O
is VBZ X O
Cardiff NNP X O
based VBN X O
with IN X O
some DT X O
occasional JJ X O
travel NN X O
with IN X O
the DT X O
team NN X O
, , X O
off RB X O
site NN X O
to TO X O
different JJ X O
locations NNS X O
for IN X O
filming NN X O
. . X O
Hilltop NNP X O

Manor NNP X O
is VBZ X O
situated VBN X O
within IN X O
walking VBG X O
distance NN X O
of IN X O
Chell NNP X O
town NN X O
, , X O
with IN X O
churches NNS X O
and CC X O
shops NNS X O
being VBG X O
nearby JJ X O
. . X O
k NN X O

depending VBG X O
on IN X O
experience NN X O
This DT X O
job NN X O
was VBD X O
originally RB X O
posted VBN X O
as IN X O
You PRP X O

must MD X O
have VB X O
good JJ X O
communicational JJ X B-Skill
skills NNS X I-Skill
and CC X O
be VB X O
able JJ X B-Skill
to TO X I-Skill
develop VB X I-Skill
firstclass JJ X I-Skill
client NN X I-Skill
relationships NNS X I-Skill
. . X O
Significant NNP X O

demonstrable JJ X O
knowledge NN X O
as IN X O
a DT X O
procurement NN X B-Occupation
practitioner NN X I-Occupation
, , X O
with IN X O
someknowledge NN X O
as IN X O
a DT X O
mentor NN X B-Occupation
/ NN X I-Occupation
advisor NN X I-Occupation
/ NNP X I-Occupation
coach NN X I-Occupation
. . X O
Our PRP$ X O

client NN X O
are VBP X O
seeking VBG X O
a DT X O
motivated JJ X B-Skill
sales NNS X B-Occupation
person NN X I-Occupation
with IN X O
sales NNS X B-Domain
experience NN X O
within IN X O
the DT X O
construction NN X B-Domain
marketplace NN X I-Domain
. . X O
Medacs NNP X O

Healthcare NNP X B-Domain
are VBP X O
looking VBG X O
for IN X O
experienced JJ X B-Skill
Support NNP X B-Occupation
Workers NNPS X I-Occupation
to TO X O
work VB X O
within IN X O
Luton NNP X O
and CC X O
the DT X O
surrounding VBG X O
geographical JJ X O
areas NNS X O
. . X O
taken VBN X O

to TO X O
the DT X O
bank NN X O
daily JJ X O
Producing NNP X B-Skill
property NN X I-Skill
brochures NNS X I-Skill
for IN X O
both DT X O
sales NNS X O
and CC X O
lettings NNS X O
We PRP X O

recruit VBP X O
both DT X O
nationally RB X O
and CC X O
internationally RB X O
for IN X O
senior JJ X O
and CC X O
specialist JJ X O
contact NN X O
centre NN X O
roles NNS X O
including VBG X O
: : X O
Team NN X B-Occupation
Leader NNP X I-Occupation
, , X O
Call NNP X B-Occupation
Centre NNP X I-Occupation
Manager NNP X I-Occupation
, , X O
Operations NNP X B-Occupation
Manager NNP X I-Occupation
, , X O
Directorial NNP X B-Domain
Appointments NNP X I-Domain
, , X O
Back NNP X B-Domain
Office NNP X I-Domain
, , X O
Interim NNP X B-Domain
Management NNP X I-Domain
, , X O
Resource NNP X B-Domain
Planning NNP X I-Domain
, , X O
Dialler NNP X B-Domain
Management NNP X I-Domain
, , X O
MIS NNP X B-Domain
, , X O
Project NNP X B-Domain
Management NNP X I-Domain
and CC X O
Training NNP X B-Domain
. . X O
Monitor NNP X B-Skill

sales NNS X I-Skill
inbox NN X I-Skill
and CC X I-Skill
allocate NN X I-Skill
leads NNS X I-Skill
based VBN X O
on IN X O
agreed NN X O
rules NNS X O
. . X O
Skills NNS X O

Required VBN X O
: : X O
High JJ X O
level NN X O
of IN X O
computer NN X B-Skill
literacy NN X I-Skill
, , X O
selfmotivated VBN X B-Skill
, , X O
enthusiastic JJ X B-Skill
and CC X O
effective JJ X B-Skill
Excellent JJ X O

problem NN X B-Skill
solving VBG X I-Skill
skills NNS X O
Experience NN X O
from IN X O
within IN X O
the DT X O
Manchester NNP X O
/ NNP X O
North NNP X O
West NNP X O
market NN X O
ideally RB X O
Insurance NNP X O
company NN X O
**** JJ X O

Ensure NN X B-Skill
that IN X I-Skill
the DT X I-Skill
team NN X I-Skill
have VBP X I-Skill
the DT X I-Skill
equipment NN X I-Skill
, , X I-Skill
tools NNS X I-Skill
and CC X I-Skill
training NN X I-Skill
required VBN X I-Skill
to TO X I-Skill
perform VB X I-Skill
their PRP$ X I-Skill
roles NNS X I-Skill
to TO X I-Skill
the DT X I-Skill
standard NN X I-Skill
required VBN X I-Skill
. . X O
Excellent JJ X O

knowledge NN X B-Skill
of IN X I-Skill
ASP NNP X I-Skill
. . X I-Skill
NET NNP X I-Skill
Knolwedge NNP X O
of IN X O
MVC NNP X B-Skill
Experience NNP X I-Skill
of IN X I-Skill
Version NNP X I-Skill
Control NNP X I-Skill
and CC X I-Skill
Unit NNP X I-Skill
Testing NNP X I-Skill
Knowledge NNP X O
of IN X O
Web NNP X B-Skill
Services NNPS X I-Skill
and CC X O
WPF NNP X B-Skill
CMS NNP X I-Skill
experience NN X I-Skill
Good NNP X O
SQL NNP X B-Skill
knowledge NN X O
Abiltiy NNP X B-Skill
to TO X I-Skill
work VB X I-Skill
in IN X I-Skill
a DT X I-Skill
fast NN X I-Skill
paced JJ X I-Skill
ebnvironment NN X I-Skill
Good NNP X O
communication NN X B-Skill
skills NNS X I-Skill
This DT X O
is VBZ X O
going VBG X O
to TO X O
be VB X O
a DT X O
fantastic JJ X O
opportunity NN X O
for IN X O
a DT X O
senior JJ X B-Occupation
ASP NNP X I-Occupation
. . X I-Occupation
NET NNP X I-Occupation
developer NN X I-Occupation
to TO X O
work VB X O
for IN X O
one CD X O
of IN X O
the DT X O
most RBS X O
exciting JJ X O
digital JJ X O
agenciesin NN X O
the DT X O
industry NN X O
right RB X O
now RB X O
. . X O
For IN X O

this DT X O
role NN X O
you PRP X O
will MD X O
be VB X O
required VBN X O
to TO X O
have VB X O
the DT X O
following JJ X O
attributes VBZ X O
An DT X O
inspirational JJ X B-Skill
and CC X I-Skill
engaging JJ X I-Skill
leadership NN X I-Skill
style NN X I-Skill
These DT X O

Head NNP X B-Occupation
Chef NNP X I-Occupation
skills NNS X O
are VBP X O
essential JJ X O
in IN X O
being VBG X O
able JJ X O
to TO X O
assist VB X O
and CC X O
advise VB X B-Skill
customers NNS X I-Skill
on IN X I-Skill
a DT X I-Skill
consultancy NN X I-Skill
basis NN X I-Skill
, , X O
being VBG X O
important JJ X O
in IN X O
achieving VBG X B-Skill
mutual JJ X I-Skill
targets NNS X I-Skill
. . X O
To TO X O

be VB X O
the DT X O
key JJ X O
Brand NNP X O
contact NN X O
for IN X O
all DT X O
key JJ X O
contacts NNS X O
for IN X O
the DT X O
store NN X O
reinvention NN X O
programme NN X O
Deliver NNP X B-Skill
and CC X I-Skill
maintain VB X I-Skill
a DT X I-Skill
Guidelines NNP X I-Skill
document NN X I-Skill
for IN X O
store NN X O
reinvention NN X O
. . X O
To TO X O

attend VB X B-Skill
regular JJ X I-Skill
Contract NNP X I-Skill
Reviews NNP X I-Skill
with IN X O
your PRP$ X O
Project NN X B-Occupation
Manager NNP X I-Occupation
and CC X O
other JJ X O
team NN X O
members NNS X O
to TO X O
ensure VB X B-Skill
that IN X I-Skill
any DT X I-Skill
issues NNS X I-Skill
are VBP X I-Skill
resolved VBN X I-Skill
. . X O
Contribute NN X O

to TO X O
the DT X O
production NN X B-Skill
of IN X I-Skill
reports NNS X I-Skill
and CC X I-Skill
scientific JJ X I-Skill
papers NNS X I-Skill
. . X O
In IN X O

this DT X O
brand NN X O
new JJ X O
role NN X O
, , X O
you PRP X O
ll VBP X O
put VB X O
our PRP$ X O
customers NNS X O
at IN X O
the DT X O
heart NN X O
of IN X O
everything NN X O
you PRP X O
do VBP X O
as IN X O
you PRP X O
effectively RB X O
act VB X O
as IN X O
an DT X O
Improvement NNP X B-Occupation
Manager NNP X I-Occupation
within IN X O
our PRP$ X O
Customer JJ X O
Relations NNPS X O
function NN X O
. . X O
Reporting VBG X B-Skill

to TO X I-Skill
the DT X I-Skill
Finance NNP X I-Skill
Director NNP X I-Skill
you PRP X O
' '' X O
ll JJ X O
be VB X O
responsible JJ X O
for IN X O
analysing VBG X B-Skill
and CC X O
reporting VBG X B-Skill
key JJ X O
information NN X O
and CC X O
supporting NN X B-Skill
and CC X O
challenging VBG X B-Skill
Operational NNP X O
Management NNP X O
. . X O
The DT X O

Company NN X O
: : X O
This DT X O
innovative JJ X O
and CC X O
dynamic JJ X O
organisation NN X O
is VBZ X O
the DT X O
only JJ X O
company NN X O
in IN X O
the DT X O
UK NNP X O
providing VBG X O
this DT X O
educational JJ X O
service NN X O
of IN X O
providing VBG X O
placements NNS X O
, , X O
experience NN X O
days NNS X O
and CC X O
apprenticeships NNS X O
. . X O
Responsibilities NNS X O

as IN X O
Principal NNP X B-Occupation
Special NNP X I-Occupation
Equipment NNP X I-Occupation
Engineer NNP X I-Occupation
include NN X O
: : X O
Accountable JJ X O
for IN X O
activities NNS X O
of IN X O
all DT X O
special JJ X O
equipment NN X O
engineers NNS X O
. . X O
Already RB X O

providing VBG X B-Skill
IT NNP X I-Skill
Services NNPS X I-Skill
and CC X I-Skill
support VB X I-Skill
to TO X I-Skill
many JJ X I-Skill
partner NN X I-Skill
organisations NNS X I-Skill
the DT X O
Network NNP X O
Services NNP X O
team NN X O
are VBP X O
responsible JJ X O
for IN X O
the DT X O
running NN X B-Skill
and CC X I-Skill
development NN X I-Skill
of IN X I-Skill
all DT X I-Skill
local JJ X I-Skill
and CC X I-Skill
wide JJ X I-Skill
area NN X I-Skill
network NN X I-Skill
services NNS X I-Skill
, , X I-Skill
network NN X I-Skill
security NN X I-Skill
, , X I-Skill
load NN X I-Skill
balancing NN X I-Skill
, , X I-Skill
remote JJ X I-Skill
access NN X I-Skill
, , X I-Skill
internet JJ X I-Skill
connectivity NN X I-Skill
and CC X I-Skill
telephony NN X I-Skill
. . X O
Full NNP X O

support NN X O
by IN X O
an DT X O
expert JJ X O
Social NNP X B-Occupation
Work NNP X I-Occupation
Consultant NNP X I-Occupation
team NN X O
The DT X O

Role NNP X O
They PRP X O
are VBP X O
looking VBG X O
for IN X O
a DT X O
sales NNS X B-Occupation
rep NN X I-Occupation
for IN X O
the DT X O
panel NN X O
products NNS X O
division NN X O
of IN X O
the DT X O
business NN X O
. . X O
Coordinate NNP X B-Skill

and CC X I-Skill
participate VB X I-Skill
in IN X I-Skill
periodic JJ X I-Skill
plant NN X I-Skill
and CC X I-Skill
equipment NN X I-Skill
history NN X I-Skill
reviews NNS X I-Skill
in IN X O
order NN X O
to TO X O
maximise VB X O
plant NN X O
availability NN X O
. . X O
Key NNP X O

Demonstrable NNP X O
experience NN X O
delivering VBG X O
Java NNP X B-Skill
/ NNP X O
J NNP X O
**** NNP X O
EE NNP X B-Skill
/ NNP X I-Skill
JEE5 NNP X I-Skill
solutions NNS X O
crossing VBG X O
EJB NNP X B-Skill
and CC X O
Web NNP X B-Skill
technologies NNS X I-Skill
. . X O
If IN X O

you PRP X O
feel VBP X O
this DT X O
role NN X O
is VBZ X O
not RB X O
entirely RB X O
suitable JJ X O
to TO X O
yourself PRP X O
, , X O
please VB X O
feel VB X O
free JJ X O
to TO X O
send VB X O
this DT X O
email NN X O
on IN X O
to TO X O
anyone NN X O
you PRP X O
feel VBP X O
may MD X O
be VB X O
more JJR X O
appropriate JJ X O
. . X O
Highland NNP X O

Health NNP X B-Domain
and CC X I-Domain
Social NNP X I-Domain
Care NNP X I-Domain
Services NNPS X O
help NN X O
people NNS X O
from IN X O
all DT X O
walks NNS X O
of IN X O
life NN X O
, , X O
as RB X O
well RB X O
as IN X O
their PRP$ X O
families NNS X O
or CC X O
carers NNS X O
. . X O
About IN X O

the DT X O
College NNP X O
Over IN X O
45 CD X O
years NNS X O
Highbury NNP X O
College NNP X O
has VBZ X O
become VBN X O
one CD X O
of IN X O
the DT X O
most RBS X O
dynamic JJ X O
and CC X O
successful JJ X O
College NNP X O
s NN X O
in IN X O
the DT X O
South NNP X O
East NNP X O
with IN X O
student NN X O
success NN X O
rates NNS X O
putting VBG X O
Highbury NNP X O
in IN X O
to TO X O
the DT X O
top JJ X O
3 CD X O
% NN X O
of IN X O
GFE NNP X O
Colleges NNP X O
in IN X O
the DT X O
country NN X O
. . X O
**** JJ X O

One CD X O
of IN X O
the DT X O
UK NNP X O
' POS X O
s NN X O
biggest JJS X O
FM NNP X O
engineering NN X O
outsourcing NN X O
businesses NNS X O
is VBZ X O
currently RB X O
looking VBG X O
to TO X O
attract VB X O
a DT X O
suitably RB X O
qualified VBN X B-Skill
and CC X I-Skill
experienced VBN X I-Skill
Small NNP X I-Skill
Works NNP X I-Skill
Lead NNP X B-Occupation
Technician NNP X I-Occupation
to TO X O
work VB X O
in IN X O
a DT X O
permanent JJ X O
role NN X O
in IN X O
Ansty NNP X O
, , X O
Coventry NNP X O
. . X O
The DT X O

successful JJ X O
candidate NN X O
will MD X O
have VB X O
the DT X O
opportunity NN X O
to TO X O
make VB X B-Skill
business NN X I-Skill
critical JJ X I-Skill
decisions NNS X I-Skill
about IN X O
the DT X O
risks NNS X O
associated VBN X O
with IN X O
all DT X O
aspects NNS X O
of IN X O
credit NN X B-Skill
and CC X I-Skill
account NN X I-Skill
management NN X I-Skill
decisioning VBG X I-Skill
across IN X O
the DT X O
customer NN X O
life NN X O
cycle NN X O
, , X O
including VBG X O
acquisition NN X B-Skill
, , X O
renewals NNS X B-Skill
and CC X O
collections NNS X B-Skill
. . X O
Vacany NNP X O

is VBZ X O
subject JJ X O
to TO X O
a DT X O
Criminal NNP X O
Records NNP X O
Bureau NNP X O
CRB NNP X O
check NN X O
. . X O
All DT X O

candidates NNS X O
with IN X O
the DT X O
above JJ X O
skills NNS X O
and CC X O
experience NN X O
should MD X O
apply VB X O
now RB X O
. . X O
The DT X O

Role NNP X O
Working NNP X O
as IN X O
part NN X O
of IN X O
a DT X O
large JJ X O
global JJ X O
team NN X O
reporting VBG X O
directly RB X O
to TO X O
the DT X O
US NNP X O
head NN X O
office NN X O
you PRP X O
will MD X O
be VB X O
responsible JJ X O
for IN X O
the DT X O
review NN X B-Skill
and CC X I-Skill
interpretation NN X I-Skill
of IN X I-Skill
annual JJ X I-Skill
financial JJ X I-Skill
statements NNS X I-Skill
for IN X O
multi JJ X O
jurisdictional JJ X O
companies NNS X O
for IN X O
annual JJ X O
US NNP X O
Government NNP X O
reporting NN X O
. . X O
You PRP X O

will MD X O
be VB X O
working VBG X O
closely RB X O
with IN X O
IT NNP X B-Domain
and CC X O
Product NNP X B-Domain
Management NNP X I-Domain
teams NNS X O
across IN X O
the DT X O
globe NN X O
to TO X O
define VB X B-Skill
and CC X I-Skill
plan VB X I-Skill
complex JJ X I-Skill
projects NNS X I-Skill
. . X O
Providing VBG X O

phone NN X B-Skill
and CC X I-Skill
desktop VB X I-Skill
support NN X I-Skill
to TO X O
retail JJ X B-Domain
employees NNS X O
, , X O
where WRB X O
required VBN X O
, , X O
mainly RB X O
scanners NNS X B-Skill
and CC X I-Skill
software NN X I-Skill
support NN X I-Skill
. . X O
You PRP X O

must MD X O
be VB X O
motivated VBN X O
to TO X O
offer VB X B-Skill
the DT X I-Skill
highest JJS X I-Skill
standards NNS X I-Skill
of IN X I-Skill
care NN X I-Skill
. . X O
Our PRP$ X O

client NN X O
is VBZ X O
a DT X O
successful JJ X O
supplier NN X O
to TO X O
the DT X O
UK NNP X O
high JJ X O
street NN X O
and CC X O
has VBZ X O
an DT X O
excellent JJ X O
opportunity NN X O
for IN X O
an DT X O
experienced JJ X O
Sales NNS X B-Occupation
Manager NNP X I-Occupation
Sales NNS X I-Occupation
Manager NNP X I-Occupation
Professional JJ X B-Skill

appearance NN X I-Skill
in IN X O
line NN X O
with IN X O
working VBG X O
within IN X O
a DT X O
corporate JJ X O
environment NN X O
This DT X O

highly RB X O
regarded JJ X O
home NN X B-Skill
caters NNS X I-Skill
for IN X I-Skill
the DT X I-Skill
needs NNS X I-Skill
of IN X I-Skill
frail NN X I-Skill
/ NNP X I-Skill
elderly JJ X I-Skill
service NN X I-Skill
users NNS X I-Skill
and CC X O
also RB X O
for IN X O
those DT X B-Skill
with IN X I-Skill
dementia NN X I-Skill
. . X O
This DT X O

brand NN X O
new JJ X O
service NN X O
is VBZ X O
expected VBN X O
to TO X O
open VB X O
in IN X O
February NNP X O
2013 CD X O
and CC X O
comprises NNS X O
of IN X O
five CD X O
flats NNS X O
under IN X O
one CD X O
service NN X O
overlooking VBG X O
the DT X O
beautiful JJ X O
Great NNP X O
Orme NNP X O
coast NN X O
. . X O
This DT X O

leading JJ X O
manufacturer NN X O
is VBZ X O
the DT X O
largest JJS X O
in IN X O
the DT X O
UK NNP X O
as RB X O
well RB X O
as IN X O
the DT X O
longest JJS X O
established VBN X O
throughout IN X O
Europe NNP X O
. . X O
Formally RB X O

issue VB X B-Skill
programme NN X I-Skill
updates NNS X I-Skill
to TO X I-Skill
the DT X I-Skill
client NN X I-Skill
as IN X O
required VBN X O
by IN X O
the DT X O
contract NN X O
in IN X O
P NNP X O
You PRP X O

will MD X O
report VB X O
directly RB X O
to TO X O
the DT X O
sales NNS X B-Occupation
office NN X I-Occupation
manager NN X I-Occupation
, , X O
responsible JJ X O
for IN X O
processing NN X B-Skill
and CC X I-Skill
chasing VBG X I-Skill
sales NNS X I-Skill
leads NNS X I-Skill
and CC X O
quotations NNS X B-Skill
for IN X I-Skill
the DT X I-Skill
relevant JJ X I-Skill
regions NNS X I-Skill
. . X O
But CC X O

above IN X O
all DT X O
it PRP X O
s VBD X O
about IN X O
your PRP$ X O
personality NN X O
and CC X O
attitude NN X O
: : X O
if IN X O
you PRP X O
enjoy VBP X O
work NN X O
and CC X O
gain VB X O
pleasure NN X O
from IN X O
others NNS X O
doing VBG X O
the DT X O
same JJ X O
then RB X O
this DT X O
is VBZ X O
an DT X O
ideal JJ X O
opportunity NN X O
. . X O
Having VBG X O

just RB X O
successfully RB X O
completed VBN X O
an DT X O
ambitious JJ X O
five CD X O
year NN X O
business NN X O
plan NN X O
despite IN X O
the DT X O
economic JJ X O
downturn NN X O
, , X O
this DT X O
highly RB X O
driven JJ X O
organisation NN X O
is VBZ X O
now RB X O
keen JJ X O
to TO X O
further RBR X O
develop VB X O
its PRP$ X O
account NN X O
management NN X O
team NN X O
. . X O
So RB X O

however RB X O
hot JJ X O
the DT X O
skillet NN X O
you PRP X O
ll VBP X O
never RB X O
get VB X O
your PRP$ X O
fingers NNS X O
burned VBD X O
As IN X O
Kitchen NNP X B-Occupation
Manager NNP X I-Occupation
you PRP X O
ll VBP X O
make VB X O
sure JJ X O
that IN X O
every DT X O
dish NN X O
is VBZ X O
sheer JJ X O
perfection NN X O
as IN X O
it PRP X O
makes VBZ X O
its PRP$ X O
way NN X O
from IN X O
kitchen NN X O
to TO X O
table VB X O
Cash NNP X B-Skill

Forecasting NNP X I-Skill
Analyse NNP X I-Skill
operations NNS X I-Skill
across IN X I-Skill
the DT X I-Skill
business NN X I-Skill
Liaise NNP X O
with IN X O
management NN X O
in IN X O
developing VBG X B-Skill
budgets NNS X I-Skill
and CC X I-Skill
cost NN X I-Skill
reporting NN X I-Skill
Sales NNS X I-Skill
and CC X I-Skill
Margin NN X I-Skill
analysis NN X I-Skill
**** JJ X O

homes NNS X O
across IN X O
Central NNP X O
England NNP X O
, , X O
we PRP X O
have VBP X O
ambitious JJ X O
plans NNS X O
for IN X O
the DT X O
future NN X O
. . X O
We PRP X O

are VBP X O
located VBN X O
in IN X O
a DT X O
central JJ X O
location NN X O
overlooking VBG X O
St NNP X O
Philips NNP X O
churchyard NN X O
and CC X O
in IN X O
close JJ X O
proximity NN X O
to TO X O
New NNP X O
Street NNP X O
and CC X O
Snow NNP X O
Hill NNP X O
train NN X O
stations NNS X O
. . X O
Badenoch NNP X O

and CC X O
Clark NNP X O
have VBP X O
an DT X O
opportunity NN X O
for IN X O
a DT X O
tenacious JJ X B-Skill
, , X O
driven JJ X B-Skill
and CC X O
sales NNS X B-Skill
focused VBD X I-Skill
individual JJ X I-Skill
to TO X O
join VB X O
our PRP$ X O
office NN X O
in IN X O
Reading NNP X O
. . X O
To TO X O

apply VB X O
or CC X O
request VB X O
further JJR X O
details NNS X O
please VB X O
email RB X O
only RB X O
to TO X O
sarah VB X O
. . X O
mulhollandquartzhb NN X O
. . X O
co NN X O
. . X O
uk JJ X O
Applications NNS X O
received VBN X O
by IN X O
telephone NN X O
will MD X O
not RB X O
be VB X O
accepted VBN X O
. . X O
Remember NNP X O

there EX X O
is VBZ X O
no DT X O
limit NN X O
on IN X O
the DT X O
number NN X O
of IN X O
referrals NNS X O
you PRP X O
can MD X O
make VB X O
, , X O
and CC X O
therefore RB X O
the DT X O
rewards NNS X O
you PRP X O
can MD X O
claim VB X O
EQUAL NNP X O
OPPORTUNITIES NNP X O
Morgan NNP X O
Spencer NNP X O
Recruitment NNP X O
is VBZ X O
committed VBN X O
to TO X O
equal JJ X O
opportunities NNS X O
and CC X O
actively RB X O
seeks JJ X O
applications NNS X O
from IN X O
all DT X O
sectors NNS X O
of IN X O
the DT X O
community NN X O
irrespective NN X O
of IN X O
gender NN X O
, , X O
race NN X O
, , X O
colour NN X O
, , X O
nationality NN X O
, , X O
ethnic JJ X O
or CC X O
national JJ X O
origin NN X O
, , X O
disability NN X O
, , X O
marital JJ X O
status NN X O
, , X O
sexual JJ X O
orientation NN X O
, , X O
having VBG X O
responsibility NN X O
for IN X O
dependents NNS X O
, , X O
age NN X O
, , X O
religion NN X O
/ NNP X O
beliefs NN X O
, , X O
or CC X O
any DT X O
other JJ X O
reason NN X O
which WDT X O
cannot NN X O
be VB X O
shown VBN X O
to TO X O
be VB X O
justified VBN X O
. . X O
GCS NNP X O

are VBP X O
acting VBG X O
as IN X O
an DT X O
Employment NN X B-Domain
Business NN X O
in IN X O
Relation NNP X O
to TO X O
this DT X O
vacancy NN X O
. . X O
Hoist NNP X O

magazine NN X O
is VBZ X O
a DT X O
trade NN X O
publication NN X O
serving VBG X O
the DT X O
international JJ X O
factory NN X O
crane NN X O
market NN X O
. . X O
ability NN X O

to TO X O
navigate VB X B-Skill
P NNP X I-Skill
L NNP X I-Skill
, , X O
sales NNS X B-Skill
trends NNS X I-Skill
, , X O
cost NN X B-Skill
management NN X I-Skill
and CC X O
market NN X B-Skill
knowledge VB X I-Skill
Your PRP$ X O
vision NN X O
and CC X O
commitment NN X O
to TO X O
our PRP$ X O
shared VBN X O
values NNS X O
will MD X O
be VB X O
crucial JJ X O
not RB X O
just RB X O
for IN X O
the DT X O
development NN X O
of IN X O
your PRP$ X O
department NN X O
but CC X O
for IN X O
the DT X O
success NN X O
of IN X O
the DT X O
store NN X O
and CC X O
as IN X O
a DT X O
key JJ X O
member NN X O
of IN X O
the DT X O
management NN X O
team NN X O
, , X O
your PRP$ X O
leadership NN X B-Skill
will MD X O
help VB X O
to TO X O
actively RB X O
enhance VB X O
employee NN X O
engagement NN X O
at IN X O
all DT X O
levels NNS X O
. . X O
Ensure NN X O

relevant JJ X O
parties NNS X O
Sales NNS X B-Domain
, , X O
crews NNS X O
, , X O
Ops NNP X O
, , X O
Relo NNP X O
, , X O
Furniture NNP X O
Rental NNP X O
, , X O
Concierge NNP X O
, , X O
Warehouse NNP X O
, , X O
To TO X O

assist VB X B-Skill
the DT X I-Skill
Shop NNP X I-Skill
Manager NNP X I-Skill
in IN X I-Skill
providing VBG X I-Skill
a DT X I-Skill
high JJ X I-Skill
quality NN X I-Skill
retail JJ X I-Skill
service NN X I-Skill
in IN X I-Skill
relation NN X I-Skill
to TO X I-Skill
agreed VB X I-Skill
performance NN X I-Skill
targets NNS X I-Skill
. . X O
This DT X O

is VBZ X O
a DT X O
very RB X O
exciting JJ X O
opportunity NN X O
for IN X O
the DT X O
right JJ X O
person NN X O
, , X O
as IN X O
you PRP X O
will MD X O
be VB X O
working VBG X O
to TO X O
ensure VB X O
the DT X O
further JJ X O
growth NN X B-Skill
and CC X I-Skill
development NN X I-Skill
of IN X I-Skill
the DT X I-Skill
business NN X I-Skill
, , X I-Skill
training VBG X I-Skill
carers NNS X I-Skill
, , X I-Skill
carrying VBG X I-Skill
out RP X I-Skill
risk NN X I-Skill
assessments NNS X I-Skill
and CC X I-Skill
reviewing VBG X I-Skill
care NN X I-Skill
packages NNS X I-Skill
, , X I-Skill
taking VBG X I-Skill
a DT X I-Skill
lead NN X I-Skill
on IN X I-Skill
CQC NNP X I-Skill
inspections NNS X I-Skill
and CC X I-Skill
conducting VBG X I-Skill
quality NN X I-Skill
audits NNS X I-Skill
, , X I-Skill
and CC X I-Skill
overseeing VBG X I-Skill
the DT X I-Skill
provision NN X I-Skill
of IN X I-Skill
highquality NN X I-Skill
care NN X I-Skill
to TO X I-Skill
clients NNS X I-Skill
in IN X I-Skill
their PRP$ X I-Skill
own JJ X I-Skill
homes NNS X I-Skill
. . X O
senior JJ X O

' '' X O
s JJ X O
ALL NNP X O
WITH NNP X O
STRONG NNP X O
C NNP X B-Skill
, , X O
WINFORMS NNP X B-Skill
, , X O
WPF NNP X B-Skill
, , X O
SCRUM NNP X B-Skill
AND NNP X O
STRONG NNP X O
TDD NNP X B-Skill
. . X O
The DT X O
Essentials NNS X O
: : X O
but CC X O

if IN X O
you PRP X O
have VBP X O
not RB X O
heard VBN X O
from IN X O
us PRP X O
within IN X O
You PRP X O

should MD X O
be VB X O
driven VBN X B-Skill
and CC X I-Skill
sales NNS X I-Skill
motivated VBN X I-Skill
with IN X I-Skill
experience NN X I-Skill
of IN X I-Skill
managing NN X I-Skill
and CC X I-Skill
developing VBG X I-Skill
key JJ X I-Skill
accounts NNS X I-Skill
. . X O
You PRP X O

will MD X O
also RB X O
be VB X O
provided VBN X O
with IN X O
a DT X O
laptop NN X O
and CC X O
a DT X O
mobile JJ X O
phone NN X O
. . X O
well RB X O

recognised VBN X O
brand NN X O
Multi NNP X O
Million NNP X O
pound NN X O
turnover NN X O
Fantastic NNP X O
progression NN X O
opportunities NNS X O
Innovative NNP X O
product NN X O
range NN X O
Will NNP X O
suit VB X O
a DT X O
creative JJ X B-Skill
and CC X O
dynamic JJ X B-Skill
individual JJ X O
The DT X O
Role NN X O
: : X O
Predominately RB X O
based VBN X O
from IN X O
their PRP$ X O
central JJ X O
offices NNS X O
, , X O
as IN X O
a DT X O
graduate NN X B-Qualification
sales NNS X B-Occupation
executive NN X I-Occupation
you PRP X O
will MD X O
be VB X O
responsible JJ X B-Skill
for IN X I-Skill
promoting VBG X I-Skill
the DT X I-Skill
extensive JJ X I-Skill
range NN X I-Skill
of IN X I-Skill
floor NN X I-Skill
and CC X I-Skill
household NN X I-Skill
care NN X I-Skill
products NNS X I-Skill
into IN X O
the DT X O
leading VBG X O
retailers NNS X O
. . X O
Set NNP X B-Skill

up RP X I-Skill
and CC X I-Skill
run VB X I-Skill
open JJ X I-Skill
evenings NNS X I-Skill
to TO X I-Skill
bulk VB X I-Skill
fill JJ X I-Skill
roles NNS X I-Skill
into IN X I-Skill
the DT X I-Skill
department NN X I-Skill
Care NNP X O

South NNP X O
is VBZ X O
committed VBN X O
to TO X O
being VBG X O
an DT X O
equal JJ X O
opportunities NNS X O
employer NN X O
. . X O
Our PRP$ X O

main JJ X O
contractor NN X O
client NN X O
, , X O
based VBN X O
in IN X O
Surrey NNP X O
, , X O
requires VBZ X O
a DT X B-Occupation
Bid NNP X I-Occupation
Manager NNP X I-Occupation
on IN X O
a DT X O
salary JJ X O
up RP X O
to TO X O
We PRP X O

have VBP X O
a DT X O
range NN X O
of IN X O
full JJ X O
& CC X O
part NN X O
time NN X O
vacancies NNS X O
available JJ X O
with IN X O
flexible JJ X O
working NN X O
hours NNS X O
Pro NNP X B-Skill

/ NNP X I-Skill
Engineer NNP X I-Skill
Wildfire NNP X I-Skill
Detail NNP X I-Skill
drawing NN X I-Skill
and CC X O
assembly NN X B-Skill
production NN X I-Skill
and CC X O
You PRP X O

will MD X O
be VB X O
working VBG X O
with IN X O
the DT X O
guidance NN X O
of IN X O
an DT X O
experienced JJ X O
and CC X O
established VBN X O
SEN NNP X O
Team NNP X O
. . X O
Our PRP$ X O

menu NN X O
changes NNS X O
with IN X O
the DT X O
seasons NNS X O
and CC X O
is VBZ X O
modern JJ X O
British JJ X O
, , X O
comfortably RB X O
interwoven VBN X O
with IN X O
some DT X O
Mediterranean NNP X O
influences NNS X O
. . X O
It PRP X O

is VBZ X O
also RB X O
crucial JJ X O
that IN X O
candidates NNS X O
have VBP X O
excellent JJ X O
Excel NNP X B-Skill
skills NNS X O
and CC X O
are VBP X O
familiar JJ X O
with IN X O
SAP NNP X B-Skill
and CC X O
the DT X O
way NN X B-Skill
in IN X I-Skill
which WDT X I-Skill
information NN X I-Skill
is VBZ X I-Skill
posted VBN X I-Skill
and CC X I-Skill
extracted VBN X I-Skill
. . X O
a DT X O

**** JJ X O
hour NN X O
working VBG X O
week NN X O
, , X O
averaged VBD X O
over IN X O
a DT X O
17 CD X O
week NN X O
reference NN X O
period NN X O
, , X O
and CC X O
based VBN X O
on IN X O
the DT X O
current JJ X O
shift NN X O
rota NN X O
, , X O
any DT X O
change NN X O
to TO X O
shift VB X O
rotas NNS X O
are VBP X O
subject JJ X O
to TO X O
one CD X O
month NN X O
s JJ X O
notice NN X O
of IN X O
change NN X O
. . X O
The DT X O

remuneration NN X O
will MD X O
be VB X O
based VBN X O
upon JJ X O
experience NN X O
to TO X O
date NN X O
and CC X O
includes VBZ X O
a DT X O
discretionary JJ X O
bonus NN X O
which WDT X O
has VBZ X O
proven VBN X O
to TO X O
be VB X O
very RB X O
lucrative JJ X O
in IN X O
the DT X O
past NN X O
. . X O
only RB X O

or CC X O
email VB X O
the DT X O
documents NNS X O
above IN X O
to TO X O
url VB X O
removed JJ X O
Skills NNP X O
Required NNP X O
CPCS NNP X B-Skill
Competitive JJ X O

salary NN X O
and CC X O
excellent JJ X O
benefits NNS X O
and CC X O
ongoing VBG X O
development NN X O
are VBP X O
commensurate NN X O
with IN X O
the DT X O
role NN X O
. . X O
Creation NN X B-Skill

and CC X I-Skill
maintenance NN X I-Skill
of IN X I-Skill
IT NNP X I-Skill
policies NNS X I-Skill
and CC X I-Skill
procedures NNS X I-Skill
and CC X O
ensuring VBG X B-Skill
adherence NN X I-Skill
by IN X O
all DT X O
staff NN X O
members NNS X O
. . X O
Cost NN X B-Skill

Analysis NNP X I-Skill
Stock NNP X I-Skill
Control NNP X O
/ NNP X O
Reporting NNP X B-Skill
Assisting NNP X I-Skill
with IN X I-Skill
the DT X I-Skill
Monthly NNP X I-Skill
Management NNP X I-Skill
Accounts NNP X I-Skill
Other JJ X O
Duties NNPS X O
as IN X O
Requested NNP X O
. . X O
Genuine JJ X O

opportunities NNS X O
for IN X O
long JJ X O
term NN X O
career NN X O
development NN X O
are VBP X O
on IN X O
offer NN X O
for IN X O
candidates NNS X O
looking VBG X O
to TO X O
join VB X O
an DT X O
expanding VBG X O
and CC X O
highly RB X O
successful JJ X O
firm NN X O
of IN X O
chartered JJ X O
accountants NNS X B-Occupation
. . X O
Advising VBG X B-Skill

and CC X I-Skill
supporting VBG X I-Skill
and CC X I-Skill
preparing VBG X I-Skill
participants NNS X I-Skill
for IN X I-Skill
employment NN X I-Skill
Planning NNP X I-Skill
and CC X I-Skill
carrying VBG X I-Skill
out RP X I-Skill
the DT X I-Skill
required JJ X I-Skill
assessment NN X I-Skill
process NN X I-Skill
This DT X O

is VBZ X O
a DT X O
fantastic JJ X O
opportunity NN X O
for IN X O
someone NN X O
looking VBG X O
for IN X O
an DT X O
organisation NN X O
able JJ X O
to TO X O
offer VB X O
longevity NN X O
as RB X O
well RB X O
as IN X O
the DT X O
opportunity NN X O
to TO X O
travel VB X O
internationally RB X O
. . X O
This DT X O

is VBZ X O
your PRP$ X O
chance NN X O
to TO X O
join VB X O
a DT X O
company NN X O
ranked VBD X O
one CD X O
of IN X O
the DT X O
' '' X O
You PRP X O

Cambridge NNP X O
and CC X O
Bedfordshire NNP X O
BT NNP X O
Local NNP X O
Business NNP X O
is VBZ X O
growing VBG X O
rapidly RB X O
and CC X O
needs VBZ X O
a DT X O
host NN X O
of IN X O
extra JJ X O
Telesales NNP X B-Occupation
/ NNP X O
Sales NNS X B-Occupation
Executive NN X I-Occupation
to TO X O
move VB X O
into IN X O
its PRP$ X O
new JJ X O
office NN X O
and CC X O
deliver VB X B-Skill
wow JJ X I-Skill
factor NN X I-Skill
service NN X I-Skill
to TO X I-Skill
an DT X I-Skill
expanding VBG X I-Skill
list NN X I-Skill
of IN X I-Skill
business NN X I-Skill
customers NNS X I-Skill
. . X O
This DT X O

stunning JJ X O
property NN X O
has VBZ X O
had VBN X O
the DT X O
old JJ X O
Manor NNP X O
House NNP X O
transformed VBD X O
for IN X O
additional JJ X O
rooms NNS X O
with IN X O
a DT X O
fully RB X O
glassed VBN X O
extension NN X O
to TO X O
the DT X O
front NN X O
, , X O
which WDT X O
will MD X O
be VB X O
the DT X O
Frankie NNP X O
s NN X O
Restaurant NNP X O
. . X O
It PRP X O

would MD X O
suit VB X O
someone NN X O
looking VBG X O
to TO X O
work VB X B-Skill
on IN X I-Skill
larger JJR X I-Skill
projects NNS X I-Skill
across IN X I-Skill
a DT X I-Skill
range NN X I-Skill
of IN X I-Skill
different JJ X I-Skill
clients NNS X I-Skill
/ JJ X I-Skill
sectors NNS X I-Skill
less RBR X O
so RB X O
someone NN X O
who WP X O
likes VBZ X O
many JJ X O
smaller JJR X O
projects NNS X O
and CC X O
focusing VBG X B-Skill
on IN X I-Skill
understanding VBG X I-Skill
one CD X I-Skill
client NN X I-Skill
. . X O
The DT X O

role NN X O
of IN X O
General NNP X B-Occupation
Manager NNP X I-Occupation
is VBZ X O
fast RB X B-Skill
paced JJ X I-Skill
and CC X O
managing VBG X B-Skill
the DT X I-Skill
business NN X I-Skill
as IN X I-Skill
a DT X I-Skill
whole NN X I-Skill
from IN X O
the DT X O
team NN X O
the DT X O
guests NNS X O
and CC X O
the DT X O
financials NNS X O
. . X O
Independently RB X O

owned VBN X O
international JJ X O
consultancy NN X O
in IN X O
the DT X O
oil NN X O
pigeon NN X O
hole VB X O
them PRP X O
into IN X O
one CD X O
particular JJ X O
area NN X O
. . X O
You PRP X O

will MD X O
work VB X O
independently RB X O
and CC X O
report VB X O
into IN X O
the DT X O
managing VBG X B-Occupation
estimator NN X I-Occupation
. . X O
You PRP X O

will MD X O
take VB X O
the DT X O
lead NN X B-Skill
in IN X I-Skill
delivering VBG X I-Skill
medication NN X I-Skill
, , X O
educating VBG X B-Skill
patients NNS X I-Skill
and CC X O
maintaining VBG X B-Skill
high JJ X I-Skill
quality NN X I-Skill
care NN X I-Skill
documentation NN X I-Skill
. . X O
XML NN X B-Skill

/ NNP X O
XML NNP X B-Skill
Web NNP X I-Skill
Services NNPS X I-Skill
Telerik NNP X I-Skill
controls NNS X I-Skill
and CC X O
components NNS X B-Skill
HTML NNP X I-Skill
The DT X O

company NN X O
are VBP X O
authors NNS X B-Occupation
of IN X I-Occupation
their PRP$ X I-Occupation
own JJ X I-Occupation
software NN X I-Occupation
; : X O
they PRP X O
have VBP X O
been VBN X O
in IN X O
business NN X B-Domain
for IN X O
nearly RB X B-Experience
20 CD X I-Experience
years NNS X I-Experience
and CC X O
have VBP X O
a DT X O
superb JJ X O
track NN X O
record NN X O
with IN X O
a DT X O
100 CD X O
% NN X O
success NN X O
rate NN X O
of IN X O
software NN X B-Domain
implementation NN X O
. . X O
**** JJ X O

issues NNS X O
per IN X O
year NN X O
and CC X O
US NNP X O
sister NN X O
publication NN X O
Overhead NNP X O
Cranes NNP X O
and CC X O
Hoist NNP X O
six CD X O
issues NNS X O
per IN X O
year NN X O
. . X O
**** NN X O

D NNP X O
, , X O
DFMEA NNP X O
, , X O
PFMEA NNP X O
, , X O
APQP NNP X O
, , X O
ISIR NNP X O
, , X O
MSA NNP X O
and CC X O
SPC NNP X O
Experience NNP X B-Skill
in IN X I-Skill
carrying VBG X I-Skill
out RP X I-Skill
process NN X I-Skill
/ JJ X O
quality NN X B-Skill
audits NNS X I-Skill
Knowledge NNP X O
of IN X O
QPulse NNP X B-Skill
would MD X O
be VB X O
beneficial JJ X O
, , X O
but CC X O
not RB X O
essential JJ X O
When WRB X O
applying VBG X O
for IN X O
this DT X O
role NN X O
, , X O
please VB X O
indicate VB X O
your PRP$ X O
current JJ X O
salary JJ X O
plus CC X O
benefits NNS X O
package NN X O
, , X O
minimum JJ X O
salary NN X O
required VBN X O
, , X O
notice JJ X O
period NN X O
and CC X O
your PRP$ X O
reasons NNS X O
for IN X O
wishing VBG X O
to TO X O
move VB X O
from IN X O
your PRP$ X O
current JJ X O
company NN X O
. . X O
The DT X O

home NN X O
is VBZ X O
beautiful JJ X O
and CC X O
is VBZ X O
set VBN X O
in IN X O
a DT X O
perfect JJ X O
location NN X O
for IN X O
commuters NNS X B-Skill
, , X O
drivers NNS X B-Skill
and CC X O
on IN X O
public JJ X B-Skill
transport NN X I-Skill
routes NNS X I-Skill
. . X O
They PRP X O

are VBP X O
now RB X O
on IN X O
the DT X O
lookout NN X O
for IN X O
a DT X O
Financial NNP X B-Occupation
Accountant NNP X I-Occupation
to TO X O
join VB X O
their PRP$ X O
team NN X O
on IN X O
a DT X O
part NN X O
time NN X O
basis NN X O
. . X O
Manchester NN X O

This DT X O
is VBZ X O
a DT X O
temp NN X O
to TO X O
perm VB X O
role NN X O
working VBG X O
for IN X O
a DT X O
well RB X O
established VBN X O
plastics NNS X O
manufacturing VBG X B-Domain
company NN X O
. . X O
Such JJ X O

variations NNS X O
are VBP X O
a DT X O
common JJ X O
occurrence NN X O
and CC X O
cannot NN X O
of IN X O
themselves PRP X O
justify VBP X O
a DT X O
reconsideration NN X O
of IN X O
the DT X O
grading NN X O
of IN X O
the DT X O
post NN X O
. . X O
You PRP X O

will MD X O
get VB X O
to TO X O
know VB X O
them PRP X O
, , X O
and CC X O
their PRP$ X O
families NNS X O
, , X O
enabling VBG X O
you PRP X O
to TO X O
follow VB X B-Skill
personal JJ X I-Skill
care NN X I-Skill
plans NNS X I-Skill
that WDT X O
really RB X O
are VBP X O
as RB X O
unique JJ X O
as IN X O
every DT X O
individual NN X O
. . X O
Clients NNS X O

are VBP X O
primarily RB X O
based VBN X O
within IN X O
regions NNS X O
of IN X O
the DT X O
UK NNP X O
and CC X O
Europe NNP X O
, , X O
and CC X O
the DT X O
Business NNP X O
Development NNP X O
Director NNP X O
will MD X O
be VB X O
responsible JJ X O
for IN X O
expanding VBG X O
the DT X O
European JJ X O
client NN X O
base VBD X O
The DT X O
Person NNP X O
Managing VBG X B-Skill

newly RB X I-Skill
opened VBN X I-Skill
accounts NNS X I-Skill
and CC X O
liaising VBG X B-Skill
with IN X I-Skill
Senior NNP X I-Skill
Buying NNP X I-Skill
teams NNS X I-Skill
. . X O
Applicants NNS X O

should MD X O
be VB X O
degree JJ X B-Qualification
educated VBN X I-Qualification
and CC X O
have VBP X O
significant JJ X O
leadership NN X B-Skill
skills NNS X O
in IN X O
addition NN X O
to TO X O
specialist VB X O
knowledge NN X B-Skill
of IN X I-Skill
commissioning NN X I-Skill
, , X O
contracting VBG X B-Skill
and CC X O
performance NN X B-Skill
management NN X I-Skill
either RB X O
within IN X O
the DT X O
NHS NNP X B-Skill
or CC X O
sector NN X O
of IN X O
comparable JJ X O
complexity NN X O
. . X O
You PRP X O

will MD X O
need VB X O
previous JJ X O
experience NN X B-Skill
within IN X I-Skill
a DT X I-Skill
programming NN X I-Skill
environment NN X I-Skill
ideally RB X O
with IN X O
previous JJ X O
experience NN X O
within IN X O
the DT X O
NHS NNP X B-Skill
. . X O
This DT X O

is VBZ X O
an DT X O
excellent JJ X O
opportunity NN X O
to TO X O
work VB X O
for IN X O
a DT X O
leading JJ X O
contractor NN X O
within IN X O
the DT X O
UK NNP X O
. . X O
Your PRP$ X O

career NN X O
bias NN X O
to TO X O
date NN X O
should MD X O
be VB X O
towards NNS X O
unbranded VBN X B-Domain
food NN X I-Domain
led VBN X I-Domain
businesses NNS X I-Domain
as IN X O
an DT X O
independent JJ X B-Occupation
owner NN X I-Occupation
/ NNP X I-Occupation
operator NN X I-Occupation
, , X O
this DT X O
position NN X O
would MD X O
not RB X O
suit VB X O
someone NN X O
from IN X O
a DT X O
purely RB X O
corporate JJ X O
background NN X O
. . X O
You PRP X O

will MD X O
be VB X O
well RB X O
placed VBN X O
in IN X O
a DT X O
large JJ X O
IT NNP X B-Domain
department NN X O
to TO X O
improve VB X B-Skill
your PRP$ X I-Skill
skill NN X I-Skill
set VBN X I-Skill
, , X O
take VB X B-Skill
on IN X I-Skill
new JJ X I-Skill
responsibility NN X I-Skill
and CC X O
progress VB X B-Skill
your PRP$ X I-Skill
career NN X I-Skill
in IN X I-Skill
a DT X I-Skill
number NN X I-Skill
of IN X I-Skill
directions NNS X I-Skill
. . X O
This DT X O

exciting JJ X O
hotel NN X O
offers NNS X O
Free NNP X O
WiFi NNP X O
, , X O
complimentary JJ X O
breakfast NN X O
plus CC X O
spacious JJ X O
well NN X O
equipped VBD X O
rooms NNS X O
with IN X O
air NN X O
conditioning NN X O
. . X O
Commercial JJ X B-Occupation

IP NNP X I-Occupation
/ VBZ X I-Occupation
IT NNP X I-Occupation
Solicitor NNP X I-Occupation
/ NNP X O
Associate NNP X O
: : X O
Austen NNP X O
Lloyd NNP X O
is VBZ X O
a DT X O
Specialist JJ X O
Legal NNP X O
Recruitment NNP X O
Agency NNP X O
. . X O
This DT X O

VP NNP X O
level NN X O
role NN X O
is VBZ X O
for IN X O
a DT X O
Development NNP X B-Occupation
Manager NNP X I-Occupation
to TO X O
lead VB X O
the DT X O
London NNP X O
team NN X O
of IN X O
The DT X O

Recruitment NNP X B-Domain
and CC X O
Enrolment NNP X B-Domain
team NN X O
at IN X O
Coventry NNP X O
University NNP X O
aims VBZ X O
to TO X O
be VB X O
best JJS X O
in IN X O
sector NN X O
and CC X O
, , X O
as IN X O
such JJ X O
, , X O
an DT X O
important JJ X O
part NN X O
of IN X O
the DT X O
role NN X O
is VBZ X O
developing VBG X B-Skill
and CC X I-Skill
introducing VBG X I-Skill
innovations NNS X I-Skill
so RB X O
that IN X O
leads NNS X O
and CC X O
prospects NNS X O
are VBP X O
continually RB X O
managed VBN X O
better JJR X O
and CC X O
more RBR X O
efficiently RB X O
. . X O
Reflex NNP X O

Computer NNP X O
Recruitment NNP X O
is VBZ X O
a DT X O
successful JJ X O
, , X O
independent JJ X O
IT NNP X B-Domain
Recruitment NNP X I-Domain
Consultancy NNP X I-Domain
seeking VBG X O
successful JJ X O
Recruitment JJ X B-Occupation
Consultants NNS X I-Occupation
to TO X O
join VB X O
us PRP X O
. . X O
Analysis NN X B-Skill

of IN X I-Skill
aged JJ X I-Skill
creditors NNS X I-Skill
and CC X I-Skill
proposing VBG X I-Skill
fortnightly RB X I-Skill
payment NN X I-Skill
runs VBZ X I-Skill
via IN X O
BACS NNP X O
, , X O
Cheque NNP X O
, , X O
CHAPS NNP X O
Processing NNP X O
Employee NNP X O
Expense NNP X O
Claims NNP X O
and CC X O
ensuring VBG X B-Skill
VAT NNP X I-Skill
is VBZ X I-Skill
claimed VBN X I-Skill
in IN X I-Skill
accordance NN X I-Skill
with IN X I-Skill
HMCE NNP X I-Skill
regulations NNS X I-Skill
Supervising VBG X O
the DT X O
Accounts NNPS X O
Payable JJ X O
Administrator NNP X O
. . X O
You PRP X O

will MD X O
need VB X O
: : X O
Strong JJ X B-Experience
handson NN X I-Experience
experience NN X I-Experience
in IN X I-Experience
setting VBG X I-Experience
up RP X I-Experience
and CC X I-Experience
using VBG X I-Experience
automated JJ X I-Experience
test NN X I-Experience
and CC X I-Experience
build NN X I-Experience
tools NNS X I-Experience
An DT X O
understanding NN X B-Skill
of IN X I-Skill
Test NNP X I-Skill
Driven NNP X I-Skill
Development NNP X I-Skill
Experience NNP X B-Experience
in IN X I-Experience
conducting VBG X I-Experience
functional JJ X I-Experience
and CC X I-Experience
nonfunctional JJ X I-Experience
and CC X I-Experience
performance NN X I-Experience
testing VBG X I-Experience
Experience NNP X I-Experience
in IN X I-Experience
setting VBG X I-Experience
up RP X I-Experience
QA NNP X I-Experience
tools NNS X I-Experience
for IN X I-Experience
defect NN X I-Experience
tracking NN X I-Experience
, , X I-Experience
test VB X I-Experience
case NN X I-Experience
management NN X I-Experience
and CC X I-Experience
source NN X I-Experience
control NN X I-Experience
Liaise NN X B-Skill

with IN X I-Skill
client NN X I-Skill
organisation NN X I-Skill
to TO X O
ensure VB X O
bid NN X O
requirements NNS X O
are VBP X O
understood JJ X O
. . X O
Web NNP X O

Recruit NNP X O
Ltd NNP X O
. . X O
The DT X O
services NNS X O
advertised VBN X O
by IN X O
Web NNP X O
Recruit NNP X O
Ltd NNP X O
are VBP X O
those DT X O
of IN X O
an DT X O
Employment NNP X O
Agency NNP X O
. . X O
a DT X O

background NN X O
in IN X O
Customer NNP X B-Domain
Services NNPS X I-Domain
Have VBP X O
excellent JJ X O
oral JJ X B-Skill
and CC X I-Skill
written VBN X I-Skill
communication NN X I-Skill
skills NNS X I-Skill
The DT X O

role NN X O
offers VBZ X O
the DT X O
opportunity NN X O
to TO X O
work VB X O
with IN X O
the DT X O
latest JJS X O
Oracle NN X B-Skill
, , X O
Portal NNP X B-Skill
and CC X O
ECM NNP X B-Skill
technologies NNS X O
, , X O
in IN X O
a DT X O
fast NN X O
paced VBN X O
and CC X O
dynamic JJ X O
company NN X O
. . X O
facilities NNS X O

is VBZ X O
essential JJ X O
Competency NNP X O
in IN X O
a DT X O
range NN X O
of IN X O
assay NN X B-Skill
techniques NNS X I-Skill
Key NNP X O

Tasks NNP X O
and CC X O
Responsibilities NNPS X O
: : X O
Develop NNP X B-Skill
and CC X I-Skill
implement JJ X I-Skill
tactical JJ X I-Skill
sales NNS X I-Skill
plans NNS X I-Skill
to TO X O
penetrate VB X O
appropriate JJ X O
sectors NNS X O
within IN X O
the DT X O
overall JJ X O
company NN X O
sales NNS X O
strategy NN X O
. . X O
Full JJ X O

Time NNP X O
/ NNP X O
Part NNP X O
Time NNP X O
We PRP X O
require VBP X O
reliable JJ X B-Skill
and CC X O
compassionate JJ X B-Skill
individuals NNS X O
to TO X O
work VB X O
as IN X O
Support NNP X B-Occupation
Workers NNPS X I-Occupation
in IN X O
our PRP$ X O
Homecare NNP X O
team NN X O
, , X O
supporting VBG X B-Skill
elderly JJ X I-Skill
people NNS X I-Skill
and CC X I-Skill
people NNS X I-Skill
with IN X I-Skill
disabilities NNS X I-Skill
to TO X I-Skill
maintain VB X I-Skill
their PRP$ X I-Skill
independence NN X I-Skill
at IN X I-Skill
home NN X I-Skill
. . X O
but CC X O

this DT X O
role NN X O
will MD X O
be VB X O
mainly RB X O
based VBN X O
at IN X O
their PRP$ X O
Staffordshire NNP X O
office NN X O
. . X O
Passion NN X B-Skill

and CC X O
commitment NN X B-Skill
to TO X O
dementia VB X O
care NN X O
evidenced VBN X O
through IN X O
training NN X O
and CC X O
previous JJ X O
specialist NN X O
dementia NN X O
care NN X O
home NN X O
management NN X O
Flash NNP X O

Actionscript NNP X O
Personal NNP X O
Qualities NNS X O
: : X O
Enthusiastic JJ X B-Skill
and CC X I-Skill
passionate JJ X I-Skill
attitude NN X I-Skill
towards NNS X I-Skill
design NN X I-Skill
Good NNP X I-Skill
communication NN X I-Skill
skills NNS X I-Skill
with IN X I-Skill
high JJ X I-Skill
standards NNS X I-Skill
in IN X I-Skill
visual JJ X I-Skill
, , X O
written VBN X B-Skill
and CC X I-Skill
oral JJ X I-Skill
communication NN X I-Skill
Set NNP X O

within IN X O
in IN X O
a DT X O
beautiful JJ X O
seaside NN X O
location NN X O
deep NN X O
in IN X O
the DT X O
heart NN X O
of IN X O
the DT X O
West NNP X O
Country NN X O
You PRP X O

will MD X O
be VB X O
able JJ X O
to TO X O
demonstrate VB X O
a DT X O
commitment NN X B-Skill
to TO X I-Skill
researchled VB X I-Skill
teaching NN X I-Skill
at IN X I-Skill
all DT X I-Skill
levels NNS X I-Skill
and CC X I-Skill
to TO X I-Skill
the DT X I-Skill
intellectual JJ X I-Skill
life NN X I-Skill
of IN X I-Skill
a DT X I-Skill
vibrant JJ X I-Skill
department NN X I-Skill
of IN X I-Skill
over IN X I-Skill
thirty JJ X I-Skill
fulltime JJ X I-Skill
academic JJ X I-Skill
staff NN X I-Skill
. . X O
Chase NNP X O

Medical NNP X O
is VBZ X O
currently RB X O
looking VBG X O
for IN X O
experienced JJ X O
Nurse NNP X B-Occupation
Practitioners NNPS X I-Occupation
with IN X O
prescribing VBG X O
qualifications NNS X O
who WP X O
want VBP X O
locum JJ X O
work NN X O
in IN X O
the DT X O
Scunthorpe NNP X O
area NN X O
. . X O
**** NN X O

Set NNP X B-Skill
standards NNS X I-Skill
that WDT X I-Skill
ensure VB X I-Skill
staff NN X I-Skill
fully RB X I-Skill
understand VBP X I-Skill
their PRP$ X I-Skill
aims NNS X I-Skill
, , X I-Skill
objectives NNS X I-Skill
and CC X I-Skill
purpose VB X I-Skill
CCAB NNP X B-Qualification

qualified VBD X O
or CC X O
partqualified VBN X O
with IN X O
relevant JJ X O
experience NN X O
and CC X O
a DT X O
proactive JJ X B-Skill
approach NN X I-Skill
? . X O
Essential JJ X O

: : X O
2 CD X B-Experience
years NNS X I-Experience
of IN X I-Experience
commercial JJ X I-Experience
experience NN X I-Experience
of IN X O
SQL NNP X B-Skill
and CC X O
financial JJ X B-Skill
systems NNS X I-Skill
support NN X O
and CC X O
/ NN X O
or CC X O
development NN X O
. . X O
Trainee NNP X O

Recruitment NNP X O
Consultant NNP X O
Trainee NNP X B-Occupation
Recruitment NNP X I-Occupation
Consultant NNP X I-Occupation
required VBD X O
to TO X O
join VB X O
White NNP X O
Recruitment NNP X O
based VBN X O
in IN X O
Fratton NNP X O
, , X O
Portsmouth NNP X O
. . X O
Possess VB X O

the DT X O
mandatory JJ X B-Domain
training NN X I-Domain
requirements NNS X O
for IN X O
role NN X O
including VBG X O
infection NN X B-Skill
control NN X I-Skill
and CC X O
health NN X B-Skill
and CC X I-Skill
safety NN X I-Skill
competencies NNS X I-Skill
. . X O
Season NNP X O

Ticket NNP X O
Loan NNP X O
Discounted NNP X O
Roadside NNP X B-Domain
Service NNP X I-Domain
and CC X O
Travel NNP X B-Domain
Insurance NNP X I-Domain
Please NNP X O

click VBZ X O
the DT X O
button NN X O
below IN X O
to TO X O
apply VB X O
now RB X O
for IN X O
this DT X O
role NN X O
as IN X O
an DT X O
In IN X O
Field NNP X B-Occupation
Store NNP X I-Occupation
Sales NNS X I-Occupation
Advisor NNP X I-Occupation
. . X O
Senior JJ X B-Occupation

Audit NNP X I-Occupation
Manager NNP X I-Occupation
required VBN X I-Occupation
who WP X O
is VBZ X O
ACA NNP X B-Qualification
or CC X O
ACCA NNP X B-Qualification
qualified VBD X O
with IN X O
a DT X O
UK NNP X O
Public NNP X O
Practice NNP X O
background NN X O
and CC X O
whose WP$ X O
skills NNS X O
include VBP X O
client NN X B-Skill
and CC X I-Skill
staff NN X I-Skill
management NN X I-Skill
as RB X O
well RB X O
as IN X O
being VBG X B-Skill
technically RB X I-Skill
strong JJ X I-Skill
. . X O
You PRP X O

will MD X O
report VB X O
to TO X O
Partner NNP X O
level NN X O
and CC X O
have VBP X O
full JJ X O
responsibility NN X O
for IN X O
a DT X O
portfolio NN X O
of IN X O
clients NNS X O
containing VBG X O
Limited JJ X O
Companies NNS X O
, , X O
Sole NNP X O
Traders NNP X B-Occupation
and CC X O
Partnerships NNP X O
; : X O
combining VBG X O
audit NN X B-Skill
, , X O
accounts NNS X O
and CC X O
taxation NN X B-Skill
requirements NNS X O
. . X O
You PRP X O

should MD X O
be VB X O
confident JJ X O
in IN X O
your PRP$ X O
experience NN X B-Skill
within IN X I-Skill
development NN X I-Skill
. . X O
eCommerce NN X O

Marketing NN X B-Occupation
Assistants NNS X I-Occupation
, , X O
ensuring VBG X B-Skill
all DT X I-Skill
training NN X I-Skill
requirements NNS X I-Skill
are VBP X I-Skill
met VBN X I-Skill
and CC X I-Skill
work NN X I-Skill
is VBZ X I-Skill
completed VBN X I-Skill
on IN X I-Skill
time NN X I-Skill
and CC X I-Skill
is VBZ X I-Skill
accurate JJ X I-Skill
Keep NNP X O
the DT X O
Marketing NNP X B-Occupation
Director NNP X I-Occupation
and CC X O
Head NNP X O
of IN X O
eCommerce NN X O
up IN X O
to TO X O
date NN X O
on IN X O
progress NN X O
and CC X O
issues NNS X O
The DT X O

successful JJ X O
applicant NN X O
should MD X O
also RB X O
be VB X O
familiar JJ X O
with IN X O
Deploy NNP X B-Skill
Gateways NNP X I-Skill
as RB X O
well RB X O
as IN X O
Active NNP X B-Skill
Directory NNP X I-Skill
. . X O
The DT X O

ideal JJ X O
candidate NN X O
will MD X O
have VB X O
exposure NN X O
working VBG X O
on IN X O
a DT X O
MS NNP X B-Skill
Operating NNP X I-Skill
Systems NNPS X I-Skill
, , X O
MS NNP X B-Skill
Office NNP X I-Skill
, , X O
MS NNP X B-Skill
Windows NNP X I-Skill
, , X O
TCP NNP X B-Skill
/ NNP X I-Skill
IP NNP X I-Skill
, , X O
DHCP NNP X B-Skill
, , X O
DNS NNP X B-Skill
, , X O
Active NNP X B-Skill
Directory NNP X I-Skill
and CC X O
Networking NNP X B-Skill
. . X O
Candidates NNS X O

will MD X O
need VB X O
to TO X O
have VB X O
comprehensive NN X B-Skill
and CC X I-Skill
up RB X I-Skill
to TO X I-Skill
date NN X I-Skill
knowledge NN X I-Skill
of IN X I-Skill
general JJ X I-Skill
print NN X I-Skill
products NNS X I-Skill
and CC X I-Skill
online JJ X I-Skill
technology NN X I-Skill
but CC X O
in IN X O
brief NN X O
you PRP X O
will MD X O
, , X O
Assume NNP X B-Skill
full JJ X I-Skill
responsibility NN X I-Skill
for IN X I-Skill
the DT X I-Skill
operational JJ X I-Skill
and CC X I-Skill
production NN X I-Skill
activity NN X I-Skill
in IN X I-Skill
support NN X I-Skill
of IN X I-Skill
sales NNS X I-Skill
and CC X I-Skill
operational JJ X I-Skill
targets NNS X I-Skill
for IN X I-Skill
the DT X I-Skill
business NN X I-Skill
to TO X I-Skill
include VB X I-Skill
P NNP X I-Skill
/ NNP X I-Skill
L NNP X I-Skill
Management NNP X I-Skill
of IN X I-Skill
all DT X I-Skill
resources NNS X I-Skill
within IN X I-Skill
the DT X I-Skill
division NN X I-Skill
to TO X I-Skill
achieve VB X I-Skill
maximum JJ X I-Skill
efficiency NN X I-Skill
and CC X I-Skill
profitability NN X I-Skill
Management NNP X I-Skill
of IN X I-Skill
a DT X I-Skill
team NN X I-Skill
of IN X I-Skill
7 CD X I-Skill
Recruitment NNP X B-Occupation
Vendor NNP X I-Occupation
management NN X O
The DT X O

school NN X O
is VBZ X O
committed VBN X O
to TO X O
safeguarding VBG X B-Skill
and CC X O
promoting VBG X B-Skill
the DT X I-Skill
welfare NN X I-Skill
of IN X I-Skill
children NNS X I-Skill
and CC X I-Skill
young JJ X I-Skill
people NNS X I-Skill
and CC X O
expects VBZ X O
all DT X O
adults NNS X O
in IN X O
our PRP$ X O
school NN X O
team NN X O
to TO X O
share NN X O
this DT X O
commitment NN X O
. . X O
The DT X O

demonstrable JJ X O
expertise NN X O
in IN X O
financial JJ X B-Skill
reporting NN X I-Skill
and CC X O
business NN X B-Skill
analysis NN X I-Skill
with IN X O
a DT X O
proven JJ X O
strength NN X O
in IN X O
communication NN X B-Skill
of IN X I-Skill
financial JJ X I-Skill
information NN X I-Skill
and CC X O
relationship NN X B-Skill
building NN X I-Skill
across IN X O
a DT X O
diverse NN X O
profile NN X O
of IN X O
colleagues NNS X O
is VBZ X O
a DT X O
prerequisite NN X O
. . X O
The DT X O

role NN X O
available JJ X O
is VBZ X O
for IN X O
an DT X O
experienced JJ X B-Skill
consultant NN X B-Occupation
to TO X O
specialise VB X O
in IN X O
either DT X O
qualified JJ X O
or CC X O
partqualified JJ X O
accountancy NN X B-Domain
recruitment NN X O
. . X O
Greenwich NNP X O

/ NNP X O
Hackney NNP X O
/ NNP X O
Romford NNP X O
/ NNP X O
Greenwich NNP X O
/ NNP X O
Islington NNP X O
/ NNP X O
Surrey NNP X O
/ NNP X O
Berkshire NNP X O
/ NNP X O
Essex NNP X O
/ NNP X O
Buckinghamshire NNP X O
The DT X O

Sous NNP X B-Occupation
Chef NNP X I-Occupation
will MD X O
be VB X O
responsible JJ X O
for IN X O
assisting VBG X B-Skill
in IN X I-Skill
maintaining VBG X I-Skill
high JJ X I-Skill
levels NNS X I-Skill
of IN X I-Skill
hygiene NN X I-Skill
and CC X I-Skill
health NN X I-Skill
and CC X I-Skill
safety NN X I-Skill
This DT X O

role NN X O
will MD X O
have VB X O
responsibility NN X O
for IN X O
the DT X O
front NN X O
of IN X O
house NN X O
and CC X O
catering VBG X O
solutions NNS X O
working VBG X O
directly RB X O
for IN X O
the DT X O
organization NN X O
these DT X O
services NNS X O
support NN X O
. . X O
*** NNS X O

per IN X O
week NN X O
, , X O
monday NN X O
to TO X O
saturday VB X O
, , X O
working VBG X O
5 CD X O
days NNS X O
out IN X O
of IN X O
6 CD X O
, , X O
working VBG X O
between IN X O
the DT X O
hours NNS X O
of IN X O
Your PRP$ X O

key JJ X O
accountabilities NNS X O
are VBP X O
to TO X O
; : X O
Work VB X B-Skill
with IN X I-Skill
the DT X I-Skill
Business NNP X I-Skill
Change NNP X I-Skill
Managers NNP X I-Skill
to TO X I-Skill
define VB X I-Skill
business NN X I-Skill
drivers NNS X I-Skill
and CC X I-Skill
change NN X I-Skill
objectives NNS X I-Skill
, , X O
using VBG X B-Skill
stakeholder NN X I-Skill
techniques NNS X I-Skill
to TO X I-Skill
ensure VB X I-Skill
comprehensive JJ X I-Skill
coverage NN X I-Skill
, , X I-Skill
awareness NN X I-Skill
and CC X I-Skill
committed JJ X I-Skill
buyin NN X I-Skill
. . X O
Reporting VBG X O

to TO X O
the DT X O
Production NNP X B-Occupation
Manager NNP X I-Occupation
, , X O
you PRP X O
' '' X O
ll JJ X O
be VB X O
responsible JJ X B-Skill
for IN X I-Skill
the DT X I-Skill
receipt NN X I-Skill
and CC X I-Skill
dispatch NN X I-Skill
of IN X I-Skill
high JJ X I-Skill
value NN X I-Skill
goods NNS X I-Skill
to TO X O
both DT X O
UK NNP X O
based VBN X O
and CC X O
International NNP X O
customers NNS X O
. . X O
They PRP X O

are VBP X O
currently RB X O
looking VBG X O
to TO X O
recruit VB X O
a DT X O
key JJ X O
role NN X O
within IN X O
their PRP$ X O
digital JJ X O
team NN X O
and CC X O
they PRP X O
' '' X O
re NN X O
after IN X O
the DT X O
best JJS X O
. . X O
Key JJ X O

Words NNS X O
: : X O
Senior JJ X B-Occupation
Maintenance NNP X I-Occupation
Estimator NNP X I-Occupation
Road NNP X B-Domain
Networks NNP X I-Domain
Asset NNP X I-Domain
Management NNP X I-Domain
You PRP X O

will MD X O
have VB X O
the DT X O
ability NN X O
to TO X O
manage VB X B-Skill
multiple JJ X I-Skill
relationships NNS X I-Skill
internally RB X O
at IN X O
Age NNP X O
UK NNP X O
and CC X O
externally RB X O
with IN X O
partners NNS X O
to TO X O
ensure VB X O
the DT X O
smooth JJ X B-Skill
running NN X I-Skill
of IN X I-Skill
our PRP$ X I-Skill
new JJ X I-Skill
business NN X I-Skill
in IN X O
the DT X O
Mobile NNP X B-Domain
and CC X O
technology NN X B-Domain
Sector NNP X I-Domain
. . X O
We PRP X O

are VBP X O
currently RB X O
seeking VBG X O
a DT X O
creative JJ X B-Skill
, , X O
userfocussed JJ X B-Skill
Web NNP X B-Occupation
Designer NNP X I-Occupation
to TO X O
join VB X O
their PRP$ X O
web NN X O
team NN X O
and CC X O
deliver VB X B-Skill
unique JJ X I-Skill
designs NNS X I-Skill
for IN X O
their PRP$ X O
many JJ X O
clients NNS X O
. . X O
You PRP X O

will MD X O
need VB X O
a DT X O
basic JJ X O
understanding NN X O
of IN X O
SEO NNP X B-Skill
and CC X O
how WRB X O
search JJ X B-Skill
engines DT X I-Skill
work NN X O
. . X O
I PRP X O

joined VBD X O
Active NNP X O
because IN X O
I PRP X O
wanted VBD X O
to TO X O
find VB X O
a DT X O
job NN X O
that WDT X O
would MD X O
allow VB X O
me PRP X O
to TO X O
enhance VB X O
my PRP$ X O
CV NNP X O
, , X O
live VBP X O
away RB X O
from IN X O
home NN X O
, , X O
save VB X O
money NN X O
for IN X O
travelling VBG X O
in IN X O
the DT X O
future NN X O
, , X O
give VB X O
me PRP X O
excellent JJ X O
training VBG X O
opportunities NNS X O
and CC X O
provide VB X O
me PRP X O
with IN X O
a DT X O
completely RB X O
new JJ X O
experience NN X O
in IN X O
a DT X O
field NN X O
which WDT X O
I PRP X O
had VBD X O
never RB X O
worked VBN X O
in IN X O
. . X O
Bright NNP X B-Skill

, , X O
confident JJ X B-Skill
Management NNP X B-Occupation
Accountant NNP X I-Occupation
is VBZ X O
required VBN X O
to TO X O
join VB X O
a DT X O
lively RB X O
, , X O
international JJ X O
business NN X O
on IN X O
a DT X O
temporary JJ X O
basis NN X O
. . X O
You PRP X O

will MD X O
have VB X O
good JJ X O
communication NN X B-Skill
skills NNS X I-Skill
, , X O
in IN X O
both DT X O
written VBN X B-Skill
and CC X O
oral JJ X B-Skill
form NN X I-Skill
. . X O
General JJ X O

Responsibility NN X O
: : X O
To TO X O
be VB X O
a DT X O
clinical JJ X B-Skill
expert NN X I-Skill
within IN X O
the DT X O
field NN X O
of IN X O
Acute NNP X B-Domain
Neurological NNP X I-Domain
Rehabilitation NNP X I-Domain
. . X O
Involvement NN X B-Skill

in IN X I-Skill
new JJ X I-Skill
programmes NNS X I-Skill
to TO X I-Skill
identify VB X I-Skill
and CC X I-Skill
manage VB X I-Skill
the DT X I-Skill
any DT X I-Skill
necessary JJ X I-Skill
changes NNS X I-Skill
to TO X I-Skill
the DT X I-Skill
marketing NN X I-Skill
plan NN X I-Skill
Key NNP X O

Responsibilities NNP X O
Complete NNP X O
take VB X O
offs NNS X O
Carry NNP X B-Skill
out RP X I-Skill
desk NN X I-Skill
top JJ X I-Skill
pricing NN X I-Skill
Arrange NNP X I-Skill
and CC X I-Skill
carry VBP X I-Skill
out RP X I-Skill
site NN X I-Skill
visits NNS X I-Skill
Liaise NNP X O
with IN X O
clients NNS X O
We PRP X O

currently RB X O
have VBP X O
a DT X O
fantastic JJ X O
opportunity NN X O
for IN X O
a DT X O
passionate NN X O
PHP NNP X B-Occupation
Developer NNP X I-Occupation
to TO X O
join VB X O
a DT X O
global JJ X O
leader NN X O
in IN X O
its PRP$ X O
field NN X O
in IN X O
a DT X O
time NN X O
of IN X O
exciting VBG X O
expansion NN X O
. . X O
If IN X O

interested VBN X O
in IN X O
this DT X O
position NN X O
, , X O
please VB X O
apply VB X O
via IN X O
the DT X O
button NN X O
shown VBN X O
. . X O
It PRP X O

takes VBZ X O
some DT X O
skill NN X O
to TO X O
achieve VB X O
it PRP X O
, , X O
and CC X O
a DT X O
brilliant JJ X B-Skill
General NNP X B-Occupation
Manager NNP X I-Occupation
of IN X O
course NN X O
. . X O
Knowledge NNP X O

of IN X O
layouts NNS X B-Skill
, , X O
graphic JJ X B-Skill
fundamentals NNS X I-Skill
, , X O
typography NN X B-Skill
and CC X O
limitations NNS X O
of IN X O
the DT X O
web NN X O
; : X O
must MD X O
understand VB X B-Skill
Flash NNP X I-Skill
and CC X O
have VBP X O
the DT X O
ability NN X O
to TO X O
storyboard VB X B-Skill
or CC X I-Skill
translate VB X I-Skill
ideas NNS X I-Skill
to TO X I-Skill
designers NNS X I-Skill
and CC X O
develop VB X B-Skill
innovative JJ X I-Skill
motion NN X I-Skill
graphics NNS X I-Skill
solutions NNS X I-Skill
. . X O
To TO X O

manage VB X O
the DT X O
Office NNP X B-Skill
Administration NNP X I-Skill
function NN X O
; : X O
Key NNP X O
responsibilities NNS X O
: : X O
Human NNP X B-Skill
Resources NNPS X I-Skill
Recruitment NNP X I-Skill
and CC X O
retention NN X B-Skill
strategies NNS X I-Skill
; : X O
Employee NNP X B-Skill
relations NNS X I-Skill
advice NN X I-Skill
and CC X I-Skill
management NN X I-Skill
; : X O
Design NNP X B-Skill
and CC X I-Skill
delivery NN X I-Skill
of IN X I-Skill
inhouse NN X I-Skill
training NN X I-Skill
courses NNS X I-Skill
; : X O
Employee NNP X B-Skill
resource NN X I-Skill
planning NN X I-Skill
, , X O
including VBG X O
career NN X O
progression NN X O
and CC X O
associated VBN X O
learning NN X B-Skill
and CC X I-Skill
development NN X I-Skill
issues NNS X I-Skill
; : X O
Overview NNP X O
of IN X O
the DT X O
company NN X O
s POS X O
compensation NN X O
and CC X O
benefits NNS X O
; : X O
Review NNP X B-Skill
of IN X I-Skill
HR NNP X I-Skill
Policies NNP X I-Skill
and CC X I-Skill
Procedures NNP X I-Skill
with IN X O
consideration NN X O
to TO X O
Best NNP X O
Practise NNP X O
and CC X O
changes NNS X O
to TO X O
regulations NNS X B-Skill
and CC X I-Skill
laws NNS X I-Skill
. . X O
**** NN X O

hours NNS X O
then RB X O
you PRP X O
have VBP X O
been VBN X O
unsuccessful JJ X O
on IN X O
this DT X O
occasion NN X O
. . X O
In IN X O

depth JJ X O
knowledge NN X O
of IN X O
the DT X O
core NN X B-Skill
EDI NNP X I-Skill
Interfacing NNP X I-Skill
concepts NNS X I-Skill
, , X O
mapping NN X B-Skill
, , X O
data NNS X O
formats NNS X B-Skill
such JJ X O
as IN X O
EDIFACT NNP X B-Skill
, , X O
TRADACOM NNP X B-Skill
and CC X O
APS NNP X B-Skill

, , X O
Space NNP X B-Skill
Planning NNP X I-Skill
, , X O
Merchandising NNP X B-Skill
, , X O
Stores NNP X B-Skill
, , X O
Commercial NNP X B-Skill
Buying NNP X I-Skill
Team NNP X I-Skill
, , X O
external JJ X B-Skill
suppliers NNS X I-Skill
and CC X I-Skill
signage NN X I-Skill
agencies NNS X I-Skill
Intec JJ X O

UK NNP X O
Ltd NNP X O
is VBZ X O
an DT X O
equal JJ X B-Occupation
opportunities NNS X I-Occupation
employer NN X I-Occupation
and CC X O
a DT X O
member NN X O
of IN X O
the DT X O
Recruitment NNP X B-Domain
and CC X O
Employment NNP X B-Domain
Confederation NNP X O
REC NNP X O
. . X O
suppliers NNS X O

, , X O
this DT X O
is VBZ X O
an DT X O
organisation NN X O
able JJ X O
to TO X O
offer VB X O
career NN X O
growth NN X O
and CC X O
long JJ X O
term NN X O
employment NN X O
for IN X O
the DT X O
successful JJ X O
candidate NN X O
. . X O
Are NNP X O

you PRP X O
able JJ X O
to TO X O
work VB X B-Skill
on IN X I-Skill
your PRP$ X I-Skill
own JJ X I-Skill
initiative NN X I-Skill
? . X O
The DT X O

post NN X O
can MD X O
be VB X O
based VBN X O
at IN X O
either DT X O
Glasgow NNP X O
or CC X O
Edinburgh NNP X O
. . X O
Advice NN X B-Skill

that WDT X O
is VBZ X O
specific JJ X O
to TO X O
individuals NNS X O
, , X O
not RB X O
the DT X O
majority NN X O
. . X O
They PRP X O

hotel VBP X O
has VBZ X O
a DT X O
lively RB X O
restaurant NN X O
serving VBG X O
some DT X O
dishes NNS X O
but CC X O
the DT X O
overall JJ X O
food NN X O
style NN X O
is VBZ X O
not RB X O
fine JJ X O
dining NN X O
or CC X O
rosette NN X O
. . X O
You PRP X O

may MD X O
have VB X O
or CC X O
be VB X O
currently RB X O
working VBG X O
as IN X O
an DT X O
Inventory NN X B-Occupation
Supervisor NNP X I-Occupation
or CC X O
within IN X O
the DT X O
retail JJ X B-Domain
environment NN X I-Domain
as IN X O
an DT X O
assistant NN X B-Occupation
store NN X I-Occupation
manager NN X I-Occupation
, , X I-Occupation
floor NN X I-Occupation
manager NN X I-Occupation
, , X I-Occupation
store NN X I-Occupation
manager NN X I-Occupation
, , X O
team NN X B-Occupation
leader NN X I-Occupation
, , X O
supervisor NN X B-Occupation
or CC X O
from IN X O
within IN X O
a DT X O
similar JJ X O
field NN X O
with IN X O
at IN X B-Experience
least JJS X I-Experience
2 CD X I-Experience
years NNS X I-Experience
retail JJ X B-Skill
experience NN X I-Skill
. . X O
This DT X O

is VBZ X O
a DT X O
fastpaced JJ X O
, , X O
entrepreneurial JJ X O
startup NN X O
team NN X O
with IN X O
the DT X O
feel NN X O
and CC X O
stability NN X O
of IN X O
a DT X O
more RBR X O
well RB X O
established VBN X O
one CD X O
so IN X O
we PRP X O
are VBP X O
looking VBG X O
for IN X O
candidates NNS X O
who WP X O
can MD X O
make VB X O
the DT X O
most JJS X O
of IN X O
this DT X O
opportunity NN X O
. . X O
You PRP X O

must MD X O
have VB X O
extensive JJ X O
experience NN X O
of IN X O
site NN X B-Skill
C NNP X I-Skill
I PRP X I-Skill
management NN X I-Skill
for IN X I-Skill
large JJ X I-Skill
power NN X I-Skill
plants NNS X I-Skill
. . X O
As IN X O

a DT X O
Service NNP X B-Occupation
Manager NNP X I-Occupation
you PRP X O
ll VBP X O
take VB X O
ownership NN X O
for IN X O
delivering VBG X O
the DT X O
highest JJS X O
standards NNS X O
of IN X O
service NN X O
in IN X O
store NN X O
taking NN X O
responsibility NN X O
for IN X O
the DT X O
central JJ X B-Skill
sales NNS X I-Skill
floor NN X I-Skill
, , X O
garden NN X B-Skill
centre NN X I-Skill
areas NNS X I-Skill
and CC X O
the DT X O
replenishment NN X B-Skill
team NN X I-Skill
. . X O
If IN X O

you PRP X O
meet VBP X O
the DT X O
above NN X O
requirements NNS X O
please VB X O
contact JJ X O
Rosie NNP X O
Wallace NNP X O
at IN X O
Select NNP X O
Appointments NNP X O
Norwich NNP X O
. . X O
Reporting VBG X O

to TO X O
the DT X O
Finance NNP X B-Occupation
Manager NNP X I-Occupation
, , X O
the DT X O
position NN X O
involves VBZ X O
Client NNP X B-Skill
Billing NNP X I-Skill
, , X O
Accounts NNP X O
Payable NNP X O
and CC X O
Banking NNP X O
in IN X O
the DT X O
UK NNP X O
International NNP X O
companies NNS X O
Please NNP X O

contact VB X O
Heather NNP X O
Rogers NNP X O
, , X O
Home NNP X B-Occupation
Manager NNP X I-Occupation
for IN X O
an DT X O
application NN X O
form NN X O
. . X O
You PRP X O

will MD X O
need VB X O
to TO X O
have VB X O
excellent JJ X O
communication NN X B-Skill
skills NNS X O
, , X O
be VB X O
organized VBN X B-Skill
and CC X O
have VBP X O
excellent JJ X O
customer NN X B-Skill
service NN X I-Skill
skills NNS X O
to TO X O
deliver VB X O
the DT X O
very RB X O
high JJ X O
quality NN X O
service NN X O
expected VBN X O
by IN X O
the DT X O
client NN X O
. . X O
You PRP X O

should MD X O
be VB X O
able JJ X O
to TO X O
provide VB X B-Skill
focus NN X I-Skill
on IN X I-Skill
communication NN X I-Skill
and CC X I-Skill
education NN X I-Skill
of IN X I-Skill
lean JJ X I-Skill
tools NNS X I-Skill
and CC X I-Skill
practices NNS X I-Skill
by IN X O
leading VBG X B-Skill
focused JJ X I-Skill
continuous JJ X I-Skill
improvement NN X I-Skill
projects NNS X I-Skill
. . X O
Excellent JJ X B-Skill

communication NN X I-Skill
skills NNS X I-Skill
High JJ X I-Skill
attention NN X I-Skill
to TO X I-Skill
detail VB X I-Skill
Excellent NNP X I-Skill
IT NNP X I-Skill
skills VBZ X I-Skill
. . X O
You PRP X O

will MD X O
be VB X O
an DT X O
organised JJ X B-Skill
and CC X I-Skill
structured VBD X I-Skill
individual JJ X I-Skill
with IN X O
a DT X O
professional JJ X B-Skill
but CC X I-Skill
friendly JJ X I-Skill
manner NN X I-Skill
. . X O
**** JJ X O

k NN X O
per IN X O
annum NN X O
with IN X O
the DT X O
opportunity NN X O
for IN X O
increases NNS X O
as IN X O
the DT X O
company NN X O
expands VBZ X O
. . X O
Engage NN X B-Skill

with IN X I-Skill
external JJ X I-Skill
stakeholders NNS X I-Skill
to TO X O
establish VB X O
scope NN X O
and CC X O
deliverables NNS X O
. . X O
Ensuring VBG X B-Skill

the DT X I-Skill
Quality NNP X I-Skill
and CC X I-Skill
Safety NNP X I-Skill
targets NNS X I-Skill
and CC X I-Skill
objectives NNS X I-Skill
in IN X I-Skill
respect NN X I-Skill
of IN X I-Skill
design NN X I-Skill
, , X I-Skill
manufacture NN X I-Skill
and CC X I-Skill
testing VBG X I-Skill
are VBP X I-Skill
achieved VBN X I-Skill
. . X O
Ensuring VBG X B-Skill

tenants NNS X I-Skill
have VBP X I-Skill
completed VBN X I-Skill
application NN X I-Skill
forms NNS X I-Skill
correctly RB X I-Skill
/ VBP X I-Skill
obtaining VBG X I-Skill
landlord NN X I-Skill
references NNS X I-Skill
Highly RB X B-Skill

literate JJ X I-Skill
to TO X O
provide VB X B-Skill
clear JJ X I-Skill
and CC X I-Skill
concise NN X I-Skill
written VBN X I-Skill
documents NNS X I-Skill
on IN X O
key JJ X O
factors NNS X O
such JJ X O
as IN X O
assumptions NNS X O
and CC X O
methodologies NNS X O
TTCS NNP X O
Recruitment NNP X O
are VBP X O
Media NNP X O
specialists NNS X O
operating VBG X O
the DT X O
in IN X O
the DT X O
fields NNS X O
of IN X O
Publishing NNP X B-Domain
, , X I-Domain
Conferencing NNP X I-Domain
and CC X I-Domain
Events NNS X I-Domain
from IN X O
Graduate NNP X O
to TO X O
Director NNP X O
Level NNP X O
. . X O
Key JJ X O

Responsibilities NNS X O
: : X O
Ensuring VBG X B-Skill
you PRP X I-Skill
have VBP X I-Skill
availability VBN X I-Skill
at IN X I-Skill
all DT X I-Skill
of IN X I-Skill
contracted JJ X I-Skill
hotels NNS X I-Skill
mainly RB X O
by IN X O
telephone NN X O
Proven NNP X O

experience NN X O
within IN X O
a DT X O
Risk NNP X B-Domain
Management NNP X I-Domain
; : X O
Acquisition NNP X B-Domain
, , X O
Account NNP X B-Domain
Management NNP X I-Domain
, , X O
Collections NNP X B-Domain
Portfolio NNP X I-Domain
Management NNP X I-Domain
, , X O
Scoring NNP X B-Domain
or CC X O
Strategy NNP X B-Occupation
Manager NNP X I-Occupation
environment NN X O
, , X O
preferably RB X O
in IN X O
a DT X O
credit NN X B-Domain
environment NN X I-Domain
of IN X O
a DT X O
large JJ X O
blue JJ X B-Domain
chip NN X I-Domain
organisationExcellent JJ X O
Data NNP X B-Skill
analysis NN X I-Skill
skills NNS X I-Skill
and CC X O
proven JJ X O
experience NN X O
dealing VBG X B-Skill
with IN X I-Skill
analytical JJ X I-Skill
projectsSAS NN X O
Base NNP X B-Skill
, , X O
Enterprise NNP X B-Skill
GuideSQL NNP X I-Skill
for IN X O
data NN X B-Skill
analysis NN X I-Skill
and CC X O
data NNS X B-Skill
manipulation NN X I-Skill
purposesNumerical NN X O
, , X B-Qualification
mathematical JJ X I-Qualification
, , X O
statistical JJ X B-Qualification
degree NN X I-Qualification
preferablyLeading VBG X O
analytical JJ X B-Skill
projects NNS X I-Skill
, , X O
and CC X O
creating VBG X B-Skill
solutionsAbility NN X O
to TO X B-Skill
work VB X I-Skill
both DT X I-Skill
independently RB X I-Skill
and CC X O
as IN X B-Skill
part NN X I-Skill
of IN X I-Skill
a DT X I-Skill
teamAbility NN X O
to TO X B-Skill
lead VB X I-Skill
a DT X I-Skill
team NN X I-Skill
, , X O
mentor NN X B-Skill
junior JJ X I-Skill
team NN X I-Skill
members NNS X I-Skill
providing VBG X I-Skill
skills NNS X I-Skill
and CC X I-Skill
knowledge NN X I-Skill
transferAbility NN X O
to TO X B-Skill
communicate VB X I-Skill
complex JJ X I-Skill
information NN X I-Skill
to TO X O
key VB X O
stakeholders NNS X O
, , X O
technical JJ X O
, , X O
and CC X O
nontechnical JJ X O
audiences NNS X O
. . X O
You PRP X O

must MD X O
want VB X O
to TO X O
peruse VB X O
a DT X O
career NN X O
in IN X O
recruitment NN X O
Motivated NNP X O
Keenness NNP X O
to TO X O
learn VB X O
and CC X O
develop VB X O
your PRP$ X O
career NN X O
Candidates NNPS X O
with IN X O
Sales NNS X B-Domain
experience NN X O
will MD X O
have VB X O
an DT X O
advantage NN X O
Recruitment NNP X B-Occupation
consultant NN X I-Occupation
, , X O
Sales NNS X B-Skill
, , X O
B2B NNP X O
, , X O
recruitment NN X O
, , X O
resource NN X O
, , X O
junior JJ X O
recruitment NN X O
consultant NN X O
, , X O
Graduate NNP X O
, , X O
telesales NNS X B-Skill
, , X O
Trainee NNP X O
graduate NN X O
, , X O
retail JJ X O
To TO X O
apply VB X O
to TO X O
this DT X O
role NN X O
please VB X O
send VB X O
your PRP$ X O
CV NNP X O
to TO X O
Click NNP X O
here RB X O
to TO X O
contact VB X O
this DT X O
recruiter NN X O
with IN X O
a DT X O
covering VBG X O
letter NN X O
explaining VBG X O
what WP X O
you PRP X O
know VBP X O
about IN X O
the DT X O
recruitment NN X O
industry NN X O
, , X O
what WP X O
a DT X O
recruitment NN X O
consultant NN X O
does VBZ X O
and CC X O
why WRB X O
you PRP X O
want VBP X O
to TO X O
be VB X O
a DT X O
recruitment NN X O
consultant NN X O
. . X O
Approval NN X O

of IN X O
key JJ X O
documents NNS X O
as IN X O
defined VBN X O
in IN X O
company NN X O
standards NNS X O
and CC X O
project NN X O
Quality NNP X O
plan NN X O
. . X O
Please NNP X O

get VB X O
in IN X O
touch NN X O
with IN X O
us PRP X O
NOW NNP X O
to TO X O
register VB X O
with IN X O
our PRP$ X O
agency NN X O
. . X O
You PRP X O

must MD X O
be VB X O
able JJ X O
to TO X O
demonstrate VB X O
the DT X O
ability NN X O
to TO X O
work VB X B-Skill
to TO X I-Skill
a DT X I-Skill
high JJ X I-Skill
degree NN X I-Skill
of IN X I-Skill
accuracy NN X I-Skill
in IN X O
each DT X O
of IN X O
the DT X O
competencies NNS X O
listed VBN X O
above RB X O
. . X O
The DT X O

company NN X O
is VBZ X O
a DT X O
blue JJ X O
chip NN X O
global JJ X O
infrastructure NN X O
services NNS X O
and CC X O
projects NNS X O
player NN X O
with IN X O
a DT X O
heritage NN X O
of IN X O
successfully RB X O
building VBG X O
high JJ X O
profile NN X O
projects NNS X O
and CC X O
running VBG X O
major JJ X O
infrastructure NN X O
contracts NNS X O
across IN X O
Australia NNP X O
and CC X O
internationally RB X O
. . X O
Job NNP X O

Responsibilities NNS X O
: : X O
You PRP X O
will MD X O
be VB X O
working VBG X O
in IN X O
a DT X O
strategic JJ X O
group NN X O
so IN X O
there EX X O
is VBZ X O
a DT X O
very RB X O
good JJ X O
career NN X O
path NN X O
ahead RB X O
of IN X O
you PRP X O
. . X O
If IN X O

you PRP X O
really RB X O
are VBP X O
a DT X O
high JJ X B-Skill
achieving VBG X I-Skill
Sales NNS X B-Domain
Professional NNP X O
within IN X O
a DT X O
Main NNP X O
Dealer NNP X O
environment NN X O
please NN X O
apply VB X O
today NN X O
. . X O
Ensure NN X B-Skill

that IN X I-Skill
the DT X I-Skill
drawings NNS X I-Skill
and CC X I-Skill
specification NN X I-Skill
documents NNS X I-Skill
contain VBP X I-Skill
sufficient JJ X I-Skill
, , X I-Skill
accurate JJ X I-Skill
information NN X I-Skill
for IN X I-Skill
construction NN X I-Skill
of IN X I-Skill
the DT X I-Skill
works NNS X I-Skill
. . X O
with IN X O

the DT X O
average JJ X O
being VBG X O
c JJ X O
.**** NNP X O
k NN X O
and CC X O
negotiated VBN X O
over IN X O
69 CD X O
months NNS X O
. . X O
Carry NNP X O

out RP X O
routine JJ X O
background NN X O
administration NN X B-Skill
tasks NNS X O
on IN X O
key JJ X O
IT NNP X B-Skill
systems NNS X I-Skill
. . X O
To TO X O

apply VB X O
, , X O
please VB X O
follow VB X O
the DT X O
job NN X O
board NN X O
application NN X O
instructions NNS X O
. . X O
The DT X O

key NN X O
to TO X O
this DT X O
position NN X O
is VBZ X O
management NN X B-Skill
of IN X O
a DT X O
Key NNP X O
National NNP X O
Account NNP X O
namely RB X O
Tesco NNP X O
. . X O
This DT X O

is VBZ X O
a DT X O
hugely RB X O
rewarding VBG X O
job NN X O
where WRB X O
you PRP X O
can MD X O
really RB X O
make VB X O
a DT X O
difference NN X O
to TO X O
people NNS X O
' POS X O
s NN X O
lives NNS X O
. . X O
You PRP X O

will MD X O
monitor VB X B-Skill
regulations NNS X I-Skill
and CC X O
evaluate VB X B-Skill
regulatory JJ X I-Skill
implications NNS X I-Skill
of IN X I-Skill
product NN X I-Skill
and CC X I-Skill
process NN X I-Skill
changes NNS X I-Skill
, , X O
recommending VBG X B-Skill
compliance NN X I-Skill
actions NNS X O
Answering NNP X B-Skill
regulatory JJ X I-Skill
questions NNS X I-Skill
from IN X O
both DT X O
internal JJ X O
and CC X O
external JJ X O
customers NNS X O
Liaising VBG X B-Skill
with IN X I-Skill
regulatory JJ X I-Skill
agencies NNS X I-Skill
and CC X I-Skill
trade NN X I-Skill
associations NNS X I-Skill
Represent VBP X I-Skill
the DT X I-Skill
Regulatory NNP X I-Skill
department NN X I-Skill
on IN X I-Skill
project NN X I-Skill
or CC X I-Skill
product NN X I-Skill
development NN X I-Skill
teams NNS X I-Skill
In IN X O

return NN X O
for IN X O
your PRP$ X O
skills NNS X O
, , X O
our PRP$ X O
client NN X O
is VBZ X O
offering VBG X O
They PRP X O

took VBD X O
the DT X O
business NN X O
over IN X O
in IN X O
the DT X O
summer NN X O
of IN X O
2012 CD X O
and CC X O
have VBP X O
invested VBN X O
in IN X O
it PRP X O
to TO X O
make VB X O
it PRP X O
the DT X O
place NN X O
to TO X O
be VB X O
locally RB X O
; : X O
they PRP X O
are VBP X O
now RB X O
looking VBG X O
for IN X O
people NNS X O
with IN X O
engaging VBG X B-Skill
personalities NNS X I-Skill
and CC X O
great JJ X B-Skill
food NN X I-Skill
skills NNS X I-Skill
who WP X O
can MD X O
bring VB X O
to TO X O
this DT X O
unique JJ X O
country NN X O
pub VBD X O
an DT X O
individual JJ X B-Skill
personal JJ X I-Skill
style NN X I-Skill
that WDT X O
reflects VBZ X O
an DT X O
unbranded JJ X O
freehouse NN X O
experience NN X O
. . X O
It PRP X O

is VBZ X O
important JJ X O
that IN X O
the DT X O
successful JJ X O
candidate NN X O
has VBZ X O
good JJ X B-Skill
costing VBG X I-Skill
experience NN X O
and CC X O
could MD X O
be VB X O
available JJ X O
on IN X O
short JJ X O
notice NN X O
for IN X O
an DT X O
early JJ X O
start NN X O
. . X O
The DT X O

department NN X O
participates VBZ X O
in IN X O
a DT X O
number NN X O
of IN X O
research NN X O
centres NNS X O
, , X O
including VBG X O
the DT X O
Centre NNP X O
for IN X O
Imperial NNP X O
and CC X O
PostColonial NNP X O
Studies NNP X O
, , X O
the DT X O
Centres NNP X O
for IN X O
Eighteenth NNP X O
and CC X O
NineteenthCentury NNP X O
Studies NNP X O
, , X O
the DT X O
Parkes NNP X O
Institute NNP X O
for IN X O
the DT X O
Study NNP X O
of IN X O
Jewish NNP X O
/ NNP X O
nonJewish JJ X O
Relations NNP X O
, , X O
and CC X O
the DT X O
Southampton NNP X O
Marine NNP X O
and CC X O
Maritime NNP X O
Institute NNP X O
. . X O
Knowledge NNP X B-Skill

of IN X I-Skill
health NN X I-Skill
and CC X I-Skill
safety NN X I-Skill
requirements NNS X I-Skill
in IN X O
particular JJ X O
CDM NNP X B-Skill
regulation NN X I-Skill
compliance NN X I-Skill
Skills NNP X O
in IN X O
use NN X B-Skill
of IN X I-Skill
Document NNP X I-Skill
Management NNP X I-Skill
tools NNS X I-Skill
You PRP X O

will MD X O
be VB X O
picking VBG X B-Skill
, , X I-Skill
packing VBG X I-Skill
, , X I-Skill
loading VBG X I-Skill
and CC X I-Skill
unloading JJ X I-Skill
vans NNS X I-Skill
and CC X I-Skill
lorries NNS X I-Skill
. . X O
Managers NNS X B-Occupation

who WP X O
are VBP X O
full JJ X O
of IN X O
passion NN X B-Skill
and CC X O
drive NN X B-Skill
, , X O
successfully RB X O
exceeds VBZ X O
standards NNS X O
and CC X O
goals NNS X O
through IN X O
their PRP$ X O
work NN X O
history NN X O
are VBP X O
needed VBN X O
for IN X O
this DT X O
exciting JJ X O
new JJ X O
role NN X O
. . X O
Ideally RB X O

have VBP X O
an DT X O
understanding NN X O
of IN X O
DFM NNP X B-Skill
principles NNS X I-Skill
, , X O
specifically RB X O
with IN X O
injection NN X B-Skill
moulded VBD X I-Skill
components NNS X I-Skill
. . X O
My PRP$ X O

client NN X O
is VBZ X O
an DT X O
exciting NN X O
and CC X O
well RB X O
established VBN X O
fashion NN X B-Domain
business NN X O
here RB X O
in IN X O
London NNP X O
who WP X O
are VBP X O
looking VBG X O
for IN X O
great JJ X O
new JJ X O
talent NN X O
. . X O
Working VBG X O

out IN X O
of IN X O
our PRP$ X O
London NNP X O
offices NNS X O
, , X O
we PRP X O
are VBP X O
looking VBG X O
for IN X O
a DT X O
Business NNP X B-Occupation
Development NNP X I-Occupation
Manager NNP X I-Occupation
. . X O
This DT X O

post NN X O
offers VBZ X O
unrivalled JJ X O
opportunity NN X O
to TO X O
undertake VB X B-Skill
highquality NN X I-Skill
research NN X I-Skill
within IN X I-Skill
an DT X I-Skill
outstanding JJ X I-Skill
academic JJ X I-Skill
and CC X I-Skill
clinical JJ X I-Skill
environment NN X I-Skill
. . X O
As IN X O

a DT X O
Front NNP X B-Occupation
End NNP X I-Occupation
Developer NNP X I-Occupation
with IN X O
experience NN X B-Skill
of IN X O
JavaScript NNP X B-Skill
, , X O
jQuery NN X B-Skill
, , X O
HTML NNP X B-Skill
, , X O
CSS NNP X B-Skill
and CC X O
Adobe NNP X B-Skill
CS NNP X I-Skill
, , X O
you PRP X O
will MD X O
be VB X O
joining VBG X B-Skill
my PRP$ X I-Skill
clients NNS X I-Skill
'' '' X I-Skill
existing VBG X I-Skill
development NN X I-Skill
team NN X I-Skill
and CC X I-Skill
working VBG X I-Skill
closely RB X I-Skill
with IN X I-Skill
the DT X I-Skill
Technical NNP X B-Occupation
Director NNP X I-Occupation
on IN X O
Front NNP X B-Skill
End NNP X I-Skill
software NN X I-Skill
development NN X I-Skill
for IN X I-Skill
end NN X I-Skill
clients NNS X I-Skill
and CC X I-Skill
affiliates NNS X I-Skill
. . X O
You PRP X O

will MD X O
be VB X O
able JJ X O
to TO X O
demonstrate VB X O
a DT X O
history NN X O
of IN X O
generating VBG X B-Skill
new JJ X I-Skill
business NN X I-Skill
through IN X I-Skill
the DT X I-Skill
telephone NN X I-Skill
, , X I-Skill
ideally RB X I-Skill
B2B NNP X I-Skill
. . X O
This DT X O

role NN X O
may MD X O
be VB X O
located VBN X O
in IN X O
London NNP X O
or CC X O
St NNP X O
Andrews NNP X O
pending VBG X O
discussion NN X O
for IN X O
the DT X O
right JJ X O
candidate NN X O
. . X O
An DT X O

enhanced JJ X O
disclosure NN X B-Qualification
from IN X I-Qualification
the DT X I-Qualification
Criminal NNP X I-Qualification
Records NNP X I-Qualification
Bureau NNP X I-Qualification
will MD X O
be VB X O
applied VBN X O
for IN X O
in IN X O
the DT X O
event NN X O
of IN X O
a DT X O
successful JJ X O
application NN X O
. . X O
Apply RB X O

by IN X O
sending VBG X O
your PRP$ X O
CV NN X O
to TO X O
Alex NNP X O
at IN X O
IC NNP X O
Software NNP X O
Key NNP X O
Skills NNP X O
: : X O
For IN X O

more JJR X O
information NN X O
on IN X O
Cast NNP X O
UK NNP X O
, , X O
please VB X O
visit VB X O
our PRP$ X O
website NN X O
at IN X O
URL NNP X O
removed VBD X O
Manage VB X B-Skill

the DT X I-Skill
opening NN X I-Skill
new JJ X I-Skill
accounts NNS X I-Skill
ensure VB X I-Skill
that IN X I-Skill
trade NN X I-Skill
references NNS X I-Skill
are VBP X I-Skill
applied VBN X I-Skill
for IN X I-Skill
and CC X I-Skill
reviewed VBD X I-Skill
. . X O
Typical JJ X O

duties NNS X O
involve VBP X O
commissioning VBG X B-Skill
and CC X I-Skill
approval NN X I-Skill
of IN X I-Skill
new JJ X I-Skill
hydraulic JJ X I-Skill
systems NNS X I-Skill
, , X O
service NN X B-Skill
visits NNS X I-Skill
, , X O
warranty NN X B-Skill
, , X O
technical JJ X B-Skill
and CC X I-Skill
workshop JJ X I-Skill
repair NN X I-Skill
support NN X I-Skill
. . X O
This DT X O

is VBZ X O
a DT X O
highly RB X O
independent JJ X O
role NN X O
, , X O
so IN X O
the DT X O
successful JJ X O
candidate NN X O
will MD X O
need VB X O
to TO X O
evidence NN X O
their PRP$ X O
ability NN X B-Skill
to TO X I-Skill
manage VB X I-Skill
their PRP$ X I-Skill
own JJ X I-Skill
time NN X I-Skill
and CC X I-Skill
workload NN X I-Skill
, , X O
ideally RB X O
having VBG X O
managed VBN X B-Skill
the DT X I-Skill
end NN X I-Skill
to TO X I-Skill
end VB X I-Skill
process NN X I-Skill
of IN X I-Skill
developing VBG X I-Skill
first JJ X I-Skill
class NN X I-Skill
websites NNS X I-Skill
for IN X I-Skill
a DT X I-Skill
global JJ X I-Skill
audience NN X I-Skill
. . X O
Currently RB X O

, , X O
we PRP X O
have VBP X O
a DT X O
Business NNP X B-Occupation
Travel NNP X I-Occupation
Consultant NNP X I-Occupation
opportunity NN X O
in IN X O
Central NNP X O
Londo NNP X O
If IN X O

you PRP X O
are VBP X O
an DT X O
enthusiastic JJ X B-Skill
and CC X O
passionate JJ X B-Skill
individual JJ X O
with IN X O
experience NN X O
in IN X O
managing VBG X B-Skill
a DT X I-Skill
busy JJ X I-Skill
kitchen NN X I-Skill
, , X O
we PRP X O
want VBP X O
to TO X O
hear VB X O
from IN X O
you PRP X O
. . X O
Wideranging VBG X O

expertise NN X O
in IN X O
applying VBG X B-Skill
economics NNS X I-Skill
in IN X I-Skill
a DT X I-Skill
commercial JJ X I-Skill
or CC X I-Skill
public JJ X I-Skill
sector NN X I-Skill
environment NN X I-Skill
and CC X O
significant JJ X O
experience NN X O
in IN X O
leading VBG X B-Skill
analytical JJ X I-Skill
work NN X I-Skill
, , X O
including VBG X O
use NN X O
of IN X O
modelling NN X B-Skill
, , X O
to TO X O
support VB X B-Skill
strategy NN X I-Skill
and CC X I-Skill
policy NN X I-Skill
development NN X I-Skill
. . X O
The DT X O

business NN X O
has VBZ X O
a DT X O
' '' X O
can MD X O
do VB X O
will MD X O
do VB X O
attitude VB X O
' POS X O
and CC X O
the DT X O
successful JJ X O
candidate NN X O
must MD X O
have VB X O
an DT X O
excellent JJ X B-Skill
attitude NN X I-Skill
towards NNS X I-Skill
sales NNS X I-Skill
, , X O
and CC X O
developing VBG X B-Skill
business NN X I-Skill
via IN X I-Skill
the DT X I-Skill
telephone NN X I-Skill
. . X O
The DT X O

ideal JJ X O
candidate NN X O
will MD X O
have VB X O
commercial JJ X B-Skill
experience NN X I-Skill
of IN X I-Skill
both DT X I-Skill
Java NNP X I-Skill
and CC X I-Skill
J NNP X I-Skill
**** NNP X I-Skill
EE NNP X I-Skill
, , X O
commercial JJ X O
experience NN X B-Skill
of IN X I-Skill
JavaScript NNP X I-Skill
, , X O
knowledge NN X B-Skill
of IN X I-Skill
RDBMS NNP X I-Skill
along IN X I-Skill
with IN X I-Skill
SQL NNP X I-Skill
experience NN X I-Skill
and CC X O
also RB X O
Java NNP X B-Skill
server VBD X I-Skill
experience NN X I-Skill
. . X O
are VBP X O

those DT X O
of IN X O
an DT X O
agency NN X O
and CC X O
/ NN X O
or CC X O
an DT X O
employment NN X O
business NN X O
To TO X O

apply VB X O
you PRP X O
will MD X O
need VB X O
to TO X O
have VB X O
recent JJ X O
Practice NNP X B-Skill
Nurse NNP X I-Skill
or CC X O
Occupational NNP X B-Skill
Health NNP X I-Skill
screening VBG X I-Skill
/ JJ X I-Skill
surveillance NN X I-Skill
experience NN X O
and CC X O
MUST NNP X O
be VB X O
HAV NNP X B-Qualification
s NN X O
trained VBD X O
. . X O
Can MD X O

you PRP X O
commit VB X O
for IN X O
the DT X O
remainder NN X O
of IN X O
the DT X O
Academic NNP X O
year NN X O
??? NN X O
Key NNP X O

Skills NNP X O
: : X O
Software NN X B-Skill
, , X O
Firmware NNP X B-Skill
, , X O
Embedded NNP X B-Skill
, , X I-Skill
C NNP X I-Skill
, , X O
RF NNP X B-Skill
, , X O
Analogue NNP X B-Skill
, , X O
Matlab NNP X B-Skill
, , X O
WiFi NNP X B-Skill
, , X O
WLAN NNP X B-Skill
, , X O
Radio NNP X B-Skill
IC NNP X I-Skill
Software NNP X I-Skill
A DT X O

significant JJ X O
technical JJ X O
knowledge NN X B-Skill
of IN X I-Skill
Electrical NNP X I-Skill
, , X I-Skill
Controls NNP X I-Skill
and CC X I-Skill
Instrumentation NNP X I-Skill
systems NNS X I-Skill
. . X O
My PRP$ X O

client NN X O
requires VBZ X O
an DT X O
experienced JJ X O
Telesales NNS X B-Experience
IT NNP X I-Experience
/ NNP X I-Experience
Account NNP X I-Experience
Manager NNP X I-Experience
/ NNP X I-Experience
Internal NNP X I-Experience
Sales NNS X I-Experience
/ VBP X I-Experience
Telemarketer NNP X I-Experience
to TO X O
call VB X B-Skill
new JJ X I-Skill
and CC X I-Skill
existing VBG X I-Skill
clients NNS X I-Skill
with IN X I-Skill
the DT X I-Skill
objective NN X I-Skill
of IN X I-Skill
building VBG X I-Skill
relationships NNS X I-Skill
, , X I-Skill
making VBG X I-Skill
appointments NNS X I-Skill
for IN X I-Skill
the DT X I-Skill
external JJ X I-Skill
sales NNS X I-Skill
staff NN X I-Skill
and CC X I-Skill
discuss NN X I-Skill
internet NN X I-Skill
connectivity NN X I-Skill
. . X O
Able JJ X B-Skill

to TO X I-Skill
work VB X I-Skill
under IN X I-Skill
pressure NN X I-Skill
and CC X I-Skill
to TO X I-Skill
tight VB X I-Skill
deadlines NNS X I-Skill
Must NNP X O
be VB X O
able JJ X B-Skill
to TO X I-Skill
work VB X I-Skill
effectively RB X I-Skill
as IN X I-Skill
part NN X I-Skill
of IN X I-Skill
a DT X I-Skill
team NN X I-Skill
and CC X O
able JJ X B-Skill
to TO X I-Skill
carry VB X I-Skill
out RP X I-Skill
instructions NNS X I-Skill
Working VBG X B-Skill

as IN X I-Skill
part NN X I-Skill
of IN X I-Skill
a DT X I-Skill
cohesive JJ X I-Skill
team NN X I-Skill
you PRP X O
will MD X O
work VB X B-Skill
closely RB X I-Skill
with IN X I-Skill
the DT X I-Skill
Account NNP X I-Skill
Directors NNP X I-Skill
and CC X O
provide VB X B-Skill
support NN X I-Skill
and CC X I-Skill
mentoring NN X I-Skill
to TO X I-Skill
the DT X I-Skill
Account NNP X I-Skill
Executives NNP X I-Skill
. . X O
The DT X O

Sage NNP X O
CRM NNP X B-Occupation
Support NNP X I-Occupation
Consultant NNP X I-Occupation
will MD X O
possess VB X O
good JJ X B-Skill
communication NN X I-Skill
and CC X I-Skill
interpersonal JJ X I-Skill
skills NNS X I-Skill
, , X O
with IN X O
a DT X O
high JJ X B-Skill
level NN X I-Skill
of IN X I-Skill
analytical JJ X I-Skill
ability NN X I-Skill
, , X O
plus CC X O
excellent JJ X B-Skill
diagnostic JJ X I-Skill
and CC X O
troubleshooting JJ X B-Skill
ability NN X I-Skill
. . X O
I PRP X O

m VBP X O
looking VBG X O
for IN X O
a DT X B-Skill
talented JJ X I-Skill
restaurant NN X B-Occupation
manager NN X I-Occupation
with IN X O
bags NNS X O
of IN X O
personality NN X B-Skill
drive NN X I-Skill
and CC X O
enthusiasm NN X B-Skill
to TO X O
open VB X O
what WP X O
will MD X O
be VB X O
my PRP$ X O
clients NNS X O
first JJ X O
site NN X O
in IN X O
Cambridgeshire NNP X O
. . X O
Liaise NN X B-Skill

with IN X I-Skill
and CC X I-Skill
manage VB X I-Skill
financial JJ X I-Skill
advisors NNS X I-Skill
with IN X I-Skill
respect NN X I-Skill
to TO X I-Skill
the DT X I-Skill
financial JJ X I-Skill
model NN X I-Skill
. . X O
You PRP X O

will MD X O
have VB X O
good JJ X B-Skill
customer NN X I-Skill
service NN X I-Skill
skills NNS X I-Skill
and CC X O
be VB X O
a DT X O
team NN X B-Skill
player NN X I-Skill
. . X O
This DT X O

role NN X O
would MD X O
suit VB X O
a DT X O
senior JJ X B-Occupation
cdp NN X I-Occupation
managing VBG X O
a DT X O
team NN X O
of IN X O
4 CD X O
/ JJ X O
5 CD X O
on IN X O
any DT X O
one CD X O
shift NN X O
. . X O
As IN X O

an DT X O
experienced JJ X O
PHP NNP X B-Skill
developer NN X I-Skill
you PRP X O
will MD X O
take VB X O
technical JJ X O
lead NN X O
on IN X O
assigned JJ X O
projects NNS X O
, , X O
working VBG X O
closely RB X O
with IN X O
your PRP$ X O
team NN X O
, , X O
the DT X O
account NN X O
team NN X O
the DT X O
project NN X O
office NN X O
to TO X O
define VB X O
requirements NNS X O
advise VB X O
on IN X O
the DT X O
best JJS X O
technical JJ X O
solution NN X O
whilst NN X O
always RB X O
ensuring VBG X O
the DT X O
integrity NN X O
of IN X O
other JJ X O
areas NNS X O
of IN X O
software NN X O
development NN X O
integration NN X O
between IN X O
different JJ X O
applications NNS X O
as IN X O
required VBN X O
. . X O
An DT X O

ideal JJ X O
candidate NN X O
is VBZ X O
a DT X O
Manager NNP X B-Occupation
wanting VBG X O
to TO X O
make VB X O
a DT X O
real JJ X O
difference NN X O
with IN X O
their PRP$ X O
work NN X O
being VBG X O
rewarded VBN X O
for IN X O
your PRP$ X O
hard JJ X O
work NN X O
in IN X O
commitment NN X O
with IN X O
a DT X O
very RB X O
generous JJ X O
bonus NN X O
structure NN X O
and CC X O
incentives NNS X O
. . X O
We PRP X O

provide VBP X O
services NNS X O
as IN X O
an DT X O
agency NN X O
and CC X O
an DT X O
employment NN X O
business NN X O
. . X O
Effective JJ X B-Skill

lessons NNS X I-Skill
planning VBG X I-Skill
for IN X O
learning VBG X O
is VBZ X O
very RB X O
effective JJ X O
and CC X O
all DT X O
students NNS X O
are VBP X O
challenged VBN X O
by IN X O
good JJ X B-Skill
questioning VBG X I-Skill
techniques NNS X I-Skill
. . X O
Essentials NNS X O

You PRP X O
MUST VBP X O
live VB X O
in IN X O
the DT X O
area NN X O
DipSW NNP X O
or CC X O
equivalent JJ X O
Full NNP X O
clean NN X O
driving VBG X B-Qualification
licence NN X I-Qualification
Managing VBG X B-Skill

the DT X I-Skill
feedback NN X I-Skill
of IN X I-Skill
issues NNS X I-Skill
through IN X I-Skill
the DT X I-Skill
correct JJ X I-Skill
reporting NN X I-Skill
channels NNS X I-Skill
when WRB X O
these DT X O
conditions NNS X O
will MD X O
not RB X O
be VB X O
/ NNS X O
are VBP X O
not RB X O
met VBN X O
. . X O
You PRP X O

will MD X O
be VB X O
required VBN X O
to TO X O
name VB X O
two CD X O
referees NNS X O
on IN X O
the DT X O
application NN X O
form NN X O
. . X O
Communicate NN X B-Skill

with IN X I-Skill
foremen NNS X I-Skill
and CC X I-Skill
gangers NNS X I-Skill
to TO X I-Skill
ensure VB X I-Skill
full JJ X I-Skill
understanding NN X I-Skill
of IN X I-Skill
information NN X I-Skill
provided VBN X I-Skill
. . X O
To TO X O

assess VB X B-Skill
students NNS X I-Skill
achievement JJ X I-Skill
in IN X I-Skill
commercial JJ X I-Skill
production NN X I-Skill
activities NNS X I-Skill
. . X O
Maintaining VBG X B-Skill

and CC X I-Skill
developing VBG X I-Skill
websites NNS X I-Skill
using VBG X O
PHP NNP X B-Skill
, , X O
based VBN X O
around IN X O
SQL NNP X B-Skill
databases VBZ X I-Skill
Dealing VBG X O
with IN X O
internal JJ X B-Skill
support NN X I-Skill
requests NNS X I-Skill
relating VBG X O
to TO X O
companies NNS X O
website IN X O
Being VBG X O
involved VBN X O
in IN X O
the DT X O
full JJ X O
lifecycle NN X O
of IN X O
website JJ X B-Skill
development NN X I-Skill
from IN X I-Skill
initial JJ X I-Skill
client NN X I-Skill
brief NN X I-Skill
to TO X I-Skill
delivery NN X I-Skill
. . X O
Provide NNP X B-Skill

technical JJ X I-Skill
support NN X I-Skill
for IN X I-Skill
existing VBG X I-Skill
software NN X I-Skill
Perform NNP X I-Skill
data VBZ X I-Skill
migration NN X I-Skill
activities NNS X I-Skill
Global NNP X I-Skill
implementation NN X I-Skill
experience NN X O
, , X O
working VBG X B-Skill
for IN X I-Skill
a DT X I-Skill
large JJ X I-Skill
corporate JJ X I-Skill
is VBZ X O
a DT X O
strong JJ X O
preference NN X O
. . X O
All DT X O

of IN X O
our PRP$ X O
consultants NNS X O
have VBP X O
considerable JJ X O
experience NN X O
in IN X O
recruitment NN X O
so IN X O
you PRP X O
can MD X O
be VB X O
confident JJ X O
that IN X O
they PRP X O
will MD X O
have VB X O
your PRP$ X O
best JJS X O
interests NNS X O
at IN X O
heart NN X O
when WRB X O
finding VBG X O
the DT X O
perfect JJ X O
role NN X O
for IN X O
you PRP X O
. . X O
a DT X O

The DT X O
role NN X O
We PRP X O
are VBP X O
seeking VBG X O
to TO X O
recruit VB X O
an DT X O
inspirational JJ X B-Skill
person NN X O
to TO X O
assist VB X O
the DT X O
Principal NNP X B-Occupation
of IN X O
The DT X O
Ryes NNP X O
College NNP X O
and CC X O
Community NNP X O
by IN X O
leading VBG X B-Skill
our PRP$ X I-Skill
care NN X I-Skill
service NN X I-Skill
and CC X O
developing VBG X B-Skill
our PRP$ X I-Skill
care NN X I-Skill
strategy NN X I-Skill
. . X O
You PRP X O

will MD X O
be VB X O
supported VBN X O
by IN X O
presales NNS X B-Occupation
executives NNS X O
and CC X O
a DT X O
marketing NN X B-Domain
team NN X O
with IN X O
SEO NNP X B-Skill
capabilities NNS X I-Skill
but CC X O
will MD X O
also RB X O
need VB X O
to TO X O
be VB X O
proactive JJ X B-Skill
yourself PRP X O
in IN X O
your PRP$ X O
software NN X B-Skill
sales NNS X I-Skill
approach NN X O
. . X O
Our PRP$ X O

Client NNP X O
Our PRP$ X O
client NN X O
is VBZ X O
a DT X O
leading VBG X O
manufacturer NN X O
based VBN X O
Staffordshire NNP X O
. . X O
To TO X O

be VB X O
suitable JJ X O
for IN X O
this DT X O
opportunity NN X O
you PRP X O
will MD X O
need VB X O
a DT X O
good JJ X O
degree NN X B-Qualification
in IN X I-Qualification
Computing VBG X I-Qualification
/ JJ X I-Qualification
Computer NNP X I-Qualification
Science NNP X I-Qualification
or CC X O
equivalent NN X O
with IN X O
some DT X O
practical JJ X O
skills NNS X O
in IN X O
. . X B-Skill
NET NN X I-Skill
Your PRP$ X O

experience NN X O
will MD X O
include VB X O
the DT X O
development NN X B-Skill
and CC X I-Skill
maintenance NN X I-Skill
of IN X I-Skill
a DT X I-Skill
CRM NNP X I-Skill
programme NN X I-Skill
, , X O
based VBN X O
on IN X O
robust JJ X B-Skill
analysis NN X I-Skill
and CC X O
segmentation NN X B-Skill
Fluency NNP X O
in IN X O
written VBN X B-Skill
and CC X O
spoken VBN X B-Skill
English NNP X I-Skill
is VBZ X O
essential JJ X O
, , X O
together RB X O
with IN X O
excellent JJ X O
grammar NN X B-Skill
and CC X O
spelling NN X B-Skill
, , X O
and CC X O
you PRP X O
will MD X O
have VB X O
excellent JJ X O
PC NN X B-Skill
skills NNS X I-Skill
and CC X O
good JJ X O
knowledge NN X O
of IN X O
a DT X O
content JJ X B-Skill
management NN X I-Skill
system NN X I-Skill
and CC X O
Social NNP X B-Domain
Media NNP X I-Domain
. . X O
You PRP X O

should MD X O
be VB X O
able JJ X B-Skill
and CC X I-Skill
willing JJ X I-Skill
to TO X I-Skill
travel VB X I-Skill
across IN X I-Skill
the DT X I-Skill
South NNP X I-Skill
East NNP X I-Skill
of IN X I-Skill
England NNP X I-Skill
. . X O
The DT X O

health NN X O
of IN X O
the DT X O
animals NNS X O
is VBZ X O
of IN X O
paramount NN X O
importance NN X O
to TO X O
our PRP$ X O
client NN X O
. . X O
Our PRP$ X O

client NN X O
is VBZ X O
a DT X O
nationally RB X O
renowned JJ X O
major JJ X O
Civils NNP X B-Domain
contractor NN X O
operating VBG X O
throughout IN X O
the DT X O
United NNP X O
Kingdom NNP X O
, , X O
due JJ X O
to TO X O
this DT X O
year NN X O
s RB X O
unexpected JJ X O
growth NN X O
they PRP X O
are VBP X O
seeking VBG X O
a DT X O
Senior NNP X B-Occupation
Environmental NNP X I-Occupation
Advisor NNP X I-Occupation
to TO X O
work VB X O
alongside RB X O
the DT X O
existing VBG X O
team NN X O
, , X O
assisting VBG X O
in IN X O
the DT X O
development NN X O
and CC X O
promotion NN X O
all DT X O
aspects NNS X O
of IN X O
environmental JJ X O
performance NN X O
on IN X O
an DT X O
exciting NN X O
civils NNS X O
project NN X O
. . X O
Good JJ X O

general JJ X B-Skill
understanding NN X I-Skill
of IN X I-Skill
building NN X I-Skill
technology NN X I-Skill
and CC X I-Skill
construction NN X I-Skill
processes VBZ X I-Skill
Strong NNP X O
IT NNP X B-Skill
skills VBZ X I-Skill
, , X O
particularly RB X O
Outlook NNP X B-Skill
Email NNP X I-Skill
, , X O
Calendar NNP X B-Skill
and CC X O
Microsoft NNP X B-Skill
Excel NNP X I-Skill
The DT X O

successful JJ X O
candidate NN X O
will MD X O
have VB X O
a DT X O
proven JJ X B-Skill
track NN X I-Skill
record NN X I-Skill
in IN X I-Skill
exceeding VBG X I-Skill
target NN X I-Skill
and CC X O
will MD X O
have VB X O
outstanding JJ X O
influencing NN X B-Skill
skills NNS X I-Skill
. . X O
You PRP X O

must MD X O
be VB X O
eligible JJ X O
to TO X O
live VB X O
and CC X O
work VB X O
in IN X O
the DT X O
UK NNP X O
to TO X O
apply VB X O
for IN X O
this DT X O
role NN X O
. . X O
You PRP X O

will MD X O
work VB X O
to TO X O
divisional JJ X O
k NN X O
. . X O
p NN X O
. . X O
i NN X O
' '' X O
s JJ X O
including VBG X O
a DT X O
territory JJ X O
new JJ X O
business NN X O
target NN X O
to TO X O
be VB X O
agreed VBN X O
on IN X O
appointment NN X O
. . X O
About IN X O

UsJane NNP X O
Lewis NNP X O
Health NNP X O
& CC X O
Social NNP X O
Care NNP X O
are VBP X O
the DT X O
North NNP X O
West NNP X O
' POS X O
s JJ X O
leading VBG X O
nursing NN X B-Domain
& CC X I-Domain
social JJ X I-Domain
care NN X I-Domain
recruiter NN X O
. . X O
Ensure NN X B-Skill

that IN X I-Skill
individuals NNS X I-Skill
are VBP X I-Skill
safeguarded VBN X I-Skill
in IN X O
accordance NN X O
with IN X O
No DT X O
Secrets NNP X O
' POS X O
legislation NN X O
, , X O
EC NNP X O
policy NN X O
and CC X O
local JJ X O
safeguarding NN X O
policy NN X O
Undertake NNP X O
medication NN X B-Skill
administration NN X I-Skill
in IN X O
accordance NN X O
with IN X O
best JJ X O
practice NN X O
and CC X O
prevailing VBG X O
NMC NNP X O
guidance NN X O
and CC X O
EC NNP X O
policies NNS X O
and CC X O
procedures NNS X O
Promote NNP X O
and CC X O
maintain VB X O
a DT X O
good JJ X B-Skill
working NN X I-Skill
relationship NN X I-Skill
with IN X I-Skill
all DT X I-Skill
external JJ X I-Skill
bodies NNS X I-Skill
and CC X I-Skill
commissioners NNS X I-Skill
**** VB X O

A NNP X O
Large NNP X O
Financial NNP X B-Domain
services NNS X I-Domain
company NN X O
expanding VBG X O
rapidly RB X O
want VBP X O
to TO X O
recruit VB X O
an DT X O
ambitious JJ X B-Skill
and CC X O
motivated JJ X B-Skill
User NNP X B-Occupation
experience NN X I-Occupation
Designer NNP X I-Occupation
. . X O
My PRP$ X O

client NN X O
is VBZ X O
one CD X O
of IN X O
the DT X O
UK NNP X O
s NN X O
leading VBG X O
support NN X O
services NNS X O
companies NNS X O
. . X O
Develop NNP X B-Skill

and CC X I-Skill
implement JJ X I-Skill
appropriate JJ X I-Skill
risk NN X I-Skill
strategies NNS X I-Skill
to TO X I-Skill
mitigate VB X I-Skill
exposure NN X I-Skill
whilst IN X I-Skill
maximising VBG X I-Skill
profitabilityDeliver NN X O
risk NN X B-Skill
based VBN X I-Skill
customer NN X I-Skill
acquisition NN X I-Skill
strategies NNS X I-Skill
that WDT X I-Skill
align VBP X I-Skill
terms NNS X I-Skill
of IN X I-Skill
business NN X I-Skill
to TO X I-Skill
the DT X I-Skill
level NN X I-Skill
of IN X I-Skill
opportunity NN X I-Skill
and CC X I-Skill
risk NN X I-Skill
, , X I-Skill
whilst NN X I-Skill
improving VBG X I-Skill
customer NN X I-Skill
decisioning NN X I-Skill
and CC X I-Skill
enhanced VBD X I-Skill
resource NN X I-Skill
managementDevelop NN X O
proactive JJ X B-Skill
account NN X I-Skill
management NN X I-Skill
strategies NNS X I-Skill
that WDT X I-Skill
materially RB X I-Skill
enhance VBP X I-Skill
profitability NN X I-Skill
and CC X I-Skill
reduce VB X I-Skill
bad JJ X I-Skill
debt NN X I-Skill
charge NN X I-Skill
. . X O
Experience NN X B-Skill

with IN X I-Skill
setup NN X I-Skill
, , X I-Skill
operation NN X I-Skill
and CC X I-Skill
maintenance NN X I-Skill
of IN X I-Skill
Windows NNP X I-Skill
, , X I-Skill
workstations NNS X I-Skill
, , X I-Skill
printers NNS X I-Skill
, , X I-Skill
peripherals NNS X I-Skill
, , X I-Skill
and CC X I-Skill
touchscreen JJ X I-Skill
monitors NNS X I-Skill
with IN X I-Skill
repair NN X I-Skill
down IN X I-Skill
to TO X I-Skill
component VB X I-Skill
level NN X I-Skill
Be NNP X O
able JJ X B-Skill
to TO X I-Skill
rapidly RB X I-Skill
establish VB X I-Skill
a DT X I-Skill
good JJ X I-Skill
working NN X I-Skill
relationship NN X I-Skill
with IN X I-Skill
end NN X I-Skill
users NNS X I-Skill
and CC X I-Skill
other JJ X I-Skill
professionals NNS X I-Skill
Ability NNP X I-Skill
to TO X I-Skill
work VB X I-Skill
as IN X I-Skill
a DT X I-Skill
part NN X I-Skill
of IN X I-Skill
a DT X I-Skill
team NN X I-Skill
and CC X I-Skill
to TO X I-Skill
collaborate VB X I-Skill
with IN X I-Skill
colleagues NNS X I-Skill
Excellent NNP X O
interpersonal JJ X B-Skill
skills NNS X I-Skill
including VBG X I-Skill
tact NN X I-Skill
, , X I-Skill
diplomacy NN X I-Skill
, , X I-Skill
and CC X I-Skill
flexibility NN X I-Skill
Work NNP X I-Skill
quickly RB X I-Skill
, , X I-Skill
efficiently RB X I-Skill
, , X I-Skill
and CC X I-Skill
accurately RB X I-Skill
Ability NNP X O
to TO X O
manage VB X B-Skill
multiple JJ X I-Skill
tasks NNS X I-Skill
simultaneously RB X I-Skill
Basic NNP X O
tool NN X B-Skill
kit NN X I-Skill
to TO X I-Skill
perform VB X I-Skill
field NN X I-Skill
service NN X I-Skill
hardware NN X I-Skill
repairs VBZ X I-Skill
Working VBG X I-Skill
knowledge NN X I-Skill
with IN X I-Skill
IBM NNP X I-Skill
, , X I-Skill
HP NNP X I-Skill
, , X I-Skill
Compaq NNP X I-Skill
, , X I-Skill
and CC X I-Skill
Dell NNP X I-Skill
laptops NNS X I-Skill
. . X O
If IN X O

you PRP X O
are VBP X O
interested JJ X O
in IN X O
this DT X O
role NN X O
then RB X O
please VB X O
do VB X O
not RB X O
hesitate VB X O
to TO X O
apply VB X O
. . X O
Proven NNP X O

track NN X O
record NN X O
in IN X O
delivery NN X B-Skill
of IN X I-Skill
value NN X I-Skill
add VBP X I-Skill
HR NNP X I-Skill
practise NN X I-Skill
Experience NNP X O
within IN X O
Financial NNP X B-Skill
Services NNPS X I-Skill
, , X O
or CC X O
within IN X O
delivering VBG X O
a DT X O
Business NNP X B-Skill
Partnering NNP X I-Skill
service NN X I-Skill
to TO X I-Skill
a DT X I-Skill
customer NN X I-Skill
facing VBG X I-Skill
client NN X I-Skill
group NN X I-Skill
, , X O
e NN X O
. . X O
g NN X O
: : X O
sales NNS X B-Domain
and CC X O
marketing NN X B-Domain
functions NNS X O
. . X O
It PRP X O

boasts VBZ X O
excellent JJ X O
facilities NNS X O
including VBG X O
en IN X O
suite NN X O
rooms NNS X O
, , X O
communal JJ X O
areas NNS X O
and CC X O
beautifully RB X O
landscaped VBD X O
gardens NNS X O
etc NN X O
. . X O
You PRP X O

` `` X O
ll NNS X O
take VB X O
financial JJ X B-Skill
accountability NN X I-Skill
for IN X I-Skill
your PRP$ X I-Skill
projects NNS X I-Skill
, , X O
ensuring VBG X B-Skill
any DT X I-Skill
issues NNS X I-Skill
are VBP X I-Skill
flagged VBN X I-Skill
straight RB X I-Skill
away RB X I-Skill
, , X O
and CC X O
ensure VB X B-Skill
that IN X I-Skill
all DT X I-Skill
forecasting NN X I-Skill
and CC X I-Skill
financial JJ X I-Skill
reporting NN X I-Skill
is VBZ X I-Skill
accurate JJ X I-Skill
. . X O
As IN X O
Strong JJ X O

personality NN X B-Skill
with IN X O
the DT X O
ability NN X B-Skill
to TO X I-Skill
talk VB X I-Skill
to TO X I-Skill
a DT X I-Skill
wide JJ X I-Skill
range NN X I-Skill
of IN X I-Skill
customers NNS X I-Skill
and CC X O
adapt NN X B-Skill
to TO X I-Skill
each DT X I-Skill
individual NN X I-Skill
managing VBG X B-Skill

mailmerges NNS X I-Skill
on IN X I-Skill
targeted JJ X I-Skill
demographic JJ X I-Skill
groups NNS X I-Skill
Input NNP X I-Skill
accurate VBP X I-Skill
information NN X I-Skill
into IN X I-Skill
spreadsheets NNS X I-Skill
and CC X O
other JJ X O
computer NN X O
systems NNS X O
in IN X O
line NN X O
with IN X O
agreed VBD X O
timescales NNS X O
Senior JJ X B-Occupation

Adult NNP X I-Occupation
Social NNP X I-Occupation
Worker NNP X I-Occupation
is VBZ X O
required VBN X O
to TO X O
join VB X O
a DT X O
busy JJ X O
team NN X O
based VBN X O
in IN X O
Birmingham NNP X O
to TO X O
undertake VB X B-Skill
forensic JJ X I-Skill
analysis NN X I-Skill
of IN X I-Skill
a DT X I-Skill
random JJ X I-Skill
number NN X I-Skill
of IN X I-Skill
assessments NNS X I-Skill
. . X O
You PRP X O

ll VBP X O
be VB X O
responsible JJ X O
for IN X O
training NN X B-Skill
and CC X I-Skill
motivating VBG X I-Skill
your PRP$ X I-Skill
staff NN X I-Skill
ensuring VBG X O
a DT X O
perfect JJ X O
blend NN X O
in IN X O
the DT X O
kitchen NN X O
Working VBG X O

within IN X O
an DT X O
expanding VBG X O
IT NNP X O
services NNS X O
company NN X O
based VBN X O
in IN X O
Central NNP X O
London NNP X O
, , X O
the DT X O
helpdesk NN X O
support NN X O
consultant NN X O
will MD X O
be VB X O
responsible JJ X O
for IN X O
providing VBG X B-Skill
1st CD X I-Skill
to TO X I-Skill
3rd CD X I-Skill
line NN X I-Skill
support NN X I-Skill
for IN X I-Skill
a DT X I-Skill
variety NN X I-Skill
of IN X I-Skill
clients NNS X I-Skill
. . X O
The DT X O

successful JJ X O
General NNP X B-Occupation
Manager NNP X I-Occupation
will MD X O
be VB X O
part NN X O
of IN X O
a DT X O
growing VBG X O
Group NNP X O
. . X O
The DT X O

estimating VBG X O
function NN X O
will MD X O
require VB X O
implementing NN X B-Skill
project NN X I-Skill
execution NN X I-Skill
plans NNS X I-Skill
that WDT X O
will MD X O
put VB X O
them PRP X O
ahead RB X O
of IN X O
competitors NNS X O
. . X O
To TO X O

attend VB X B-Skill
meetings NNS X I-Skill
as IN X I-Skill
required VBN X I-Skill
by IN X I-Skill
clients NNS X I-Skill
or CC X I-Skill
their PRP$ X I-Skill
representatives NNS X I-Skill
. . X O
We PRP X O

are VBP X O
looking VBG X O
for IN X O
someone NN X O
who WP X O
is VBZ X O
passionate NN X B-Skill
about IN X I-Skill
food NN X I-Skill
and CC X O
able JJ X O
to TO X O
demonstrate VB X B-Skill
strong JJ X I-Skill
service NN X I-Skill
skills NNS X I-Skill
through IN X I-Skill
motivating VBG X I-Skill
their PRP$ X I-Skill
teams NNS X I-Skill
. . X O
This DT X O

provides VBZ X O
full JJ X O
time NN X O
carers NNS X O
with IN X O
a DT X O
break NN X O
; : X O
be VB X O
it PRP X O
for IN X O
a DT X O
few JJ X O
hours NNS X O
, , X O
an DT X O
overnight JJ X O
stay NN X O
or CC X O
even RB X O
for IN X O
several JJ X O
weeks NNS X O
during IN X O
school NN X O
holidays NNS X O
. . X O
Please NNP X O

note NN X O
that IN X O
IT NNP X B-Skill
skills NNS X I-Skill
are VBP X O
required VBN X O
for IN X O
all DT X O
Quarriers NNP X O
Vacancies NNP X O
. . X O
Leisurejobs NNP X O

prides VBZ X O
itself PRP X O
on IN X O
providing VBG X B-Skill
the DT X I-Skill
highest JJS X I-Skill
quality NN X I-Skill
of IN X I-Skill
hotel NN X I-Skill
/ NNP X I-Skill
restaurant NN X I-Skill
staff NN X I-Skill
and CC X O
due JJ X O
to TO X O
the DT X O
high JJ X O
volume NN X O
of IN X O
applicants NNS X O
, , X O
please VB X O
note NN X O
that IN X O
we PRP X O
will MD X O
only RB X O
be VB X O
in IN X O
contact NN X O
with IN X O
you PRP X O
if IN X O
you PRP X O
meet VBP X O
the DT X O
above JJ X O
criteria NNS X O
. . X O
Ensure NN X O

any DT X O
corrective JJ X B-Skill
actions NNS X I-Skill
are VBP X O
conducted VBN X O
, , X O
monitor NN X O
and CC X O
review NN X O
Ensure VBP X O
the DT X O
correct JJ X O
PPE NNP X B-Skill
is VBZ X O
available JJ X O
and CC X O
used VBN X O
at IN X O
all DT X O
times NNS X O
Monitor NNP X B-Skill
and CC X I-Skill
control VB X I-Skill
PPE NNP X I-Skill
via IN X O
a DT X O
PPE NNP X B-Skill
Register NNP X I-Skill
for IN X I-Skill
each DT X I-Skill
employee NN X I-Skill
Our PRP$ X O

Client NN X O
is VBZ X O
looking VBG X O
for IN X O
an DT X O
experienced JJ X B-Skill
IT NNP X B-Occupation
Category NNP X I-Occupation
Manager NNP X I-Occupation
to TO X O
join VB X O
their PRP$ X O
team NN X O
on IN X O
an DT X O
ongoing JJ X O
temporary JJ X O
basis NN X O
Take VB X B-Skill

the DT X I-Skill
clinical JJ X I-Skill
lead NN X I-Skill
responsibility NN X I-Skill
, , X O
manage VB X B-Skill
the DT X I-Skill
dementia NN X I-Skill
care NN X I-Skill
suite NN X I-Skill
and CC X I-Skill
deputise NN X I-Skill
for IN X O
the DT X O
Manager NNP X O
in IN X O
their PRP$ X O
absence NN X O
. . X O
Implement NN X B-Skill

and CC X I-Skill
deliver VB X I-Skill
procurement NN X I-Skill
plans NNS X I-Skill
using VBG X O
agreed VBD X O
sourcing VBG X O
and CC X O
negotiation JJ X O
strategies NNS X O
of IN X O
spend NN X O
. . X O
Duties NNS X O

are VBP X O
likely JJ X O
to TO X O
include VB X O
the DT X O
following JJ X O
: : X O
Sales NNS X B-Skill
Ledger NNP X I-Skill
/ NNP X I-Skill
Credit NNP X I-Skill
Control NNP X I-Skill
including VBG X I-Skill
invoicing NN X I-Skill
, , X O
raising VBG X B-Skill
credits NNS X I-Skill
, , X O
resolving VBG X B-Skill
disputes NNS X I-Skill
and CC X I-Skill
queries NNS X I-Skill
, , X O
processing VBG X B-Skill
payments NNS X I-Skill
, , X O
posting VBG X B-Skill
cash NN X I-Skill
receipts NNS X I-Skill
and CC X I-Skill
transfers NNS X I-Skill
, , X O
dealing VBG X B-Skill
with IN X I-Skill
foreign JJ X I-Skill
currencies NNS X I-Skill
, , X O
reconciliation NN X B-Skill
of IN X I-Skill
company NN X I-Skill
s JJ X I-Skill
current JJ X I-Skill
account NN X I-Skill
and CC X I-Skill
sales NNS X I-Skill
ledger RBR X I-Skill
with IN X I-Skill
their PRP$ X I-Skill
factoring NN X I-Skill
company NN X I-Skill
and CC X I-Skill
undertaking VBG X I-Skill
the DT X I-Skill
self NN X I-Skill
bill NN X I-Skill
processes VBZ X I-Skill
for IN X I-Skill
some DT X I-Skill
customers NNS X I-Skill
Assist VBP X I-Skill
the DT X O
FC NNP X O
and CC X O
MD NNP X O
with IN X O
their PRP$ X O
daily JJ X O
responsibilities NNS X O
such JJ X O
as IN X O
variance NN X B-Skill
analysis NN X I-Skill
, , X O
costing NN X B-Skill
, , X O
and CC X O
discrepancies NNS X O
Our PRP$ X O

client NN X O
a DT X O
leading VBG X O
residential JJ X O
developer NN X O
is VBZ X O
looking VBG X O
for IN X O
experienced JJ X B-Skill
temp JJ X O
New NNP X O
Homes NNP X O
Sales NNS X B-Domain
Negotiators NNS X B-Occupation
to TO X O
work VB X O
across IN X O
their PRP$ X O
London NNP X O
and CC X O
South NNP X O
East NNP X O
sites NNS X O
. . X O
By IN X O

applying VBG X O
for IN X O
this DT X O
role NN X O
you PRP X O
hereby VBP X O
consent JJ X O
to TO X O
us PRP X O
to TO X O
finding VBG X O
you PRP X O
work VBP X O
on IN X O
your PRP$ X O
behalf NN X O
. . X O
Knowledge NNP X O

and CC X O
experience NN X O
in IN X O
building NN X B-Skill
html NN X I-Skill
email NN X I-Skill
templates NNS X I-Skill
, , X I-Skill
html NN X I-Skill
pages NNS X I-Skill
and CC X I-Skill
other JJ X I-Skill
creative JJ X I-Skill
digital JJ X I-Skill
solutions NNS X I-Skill
to TO X O
specification VB X O
Solid NNP X O
experience NN X O
of IN X O
web NN X B-Skill
and CC X I-Skill
graphic JJ X I-Skill
design NN X I-Skill
in IN X I-Skill
a DT X I-Skill
commercial JJ X I-Skill
environment NN X I-Skill
You PRP X O

must MD X O
have VB X O
the DT X O
legal JJ X O
right NN X O
to TO X O
work VB X O
in IN X O
the DT X O
UK NNP X O
However RB X O

we PRP X O
are VBP X O
happy JJ X O
to TO X O
consider VB X O
applications NNS X O
from IN X O
all DT X O
candidates NNS X O
who WP X O
are VBP X O
able JJ X O
to TO X O
demonstrate VB X O
the DT X O
skills NNS X O
necessary JJ X O
to TO X O
fulfil VB X O
the DT X O
role NN X O
. . X O
Proactively RB X O

develop VB X B-Skill
the DT X I-Skill
strengths NNS X I-Skill
and CC X I-Skill
talent NN X I-Skill
, , X I-Skill
towards NNS X I-Skill
future JJ X I-Skill
succession NN X I-Skill
. . X O
A DT X O

challenging NN X O
and CC X O
highly RB X O
rewarding VBG X O
opportunity NN X O
has VBZ X O
arisen VBN X O
with IN X O
one CD X O
of IN X O
the DT X O
world NN X O
s VBZ X O
most RBS X O
sought JJ X O
after IN X O
brands NNS X O
in IN X O
the DT X O
Motor NNP X B-Domain
Industry NNP X I-Domain
. . X O
They PRP X O

look VBP X O
for IN X O
the DT X O
best JJS X O
people NNS X O
in IN X O
the DT X O
business NN X O
so RB X O
if IN X O
you PRP X O
are VBP X O
enthusiastic JJ X B-Skill
, , X O
eager JJ X B-Skill
and CC X O
motivated VBD X B-Skill
then RB X O
apply RB X O
now RB X O
. . X O
Build NNP X B-Skill

and CC X I-Skill
operate JJ X I-Skill
processes NNS X I-Skill
and CC X I-Skill
tools NNS X I-Skill
that WDT X O
deliver RB X O
and CC X O
enhance VB X O
the DT X O
team NN X O
s NN X O
work NN X O
. . X O
My PRP$ X O

client NN X O
, , X O
based VBN X O
in IN X O
central JJ X O
Bristol NNP X O
, , X O
is VBZ X O
looking VBG X O
for IN X O
an DT X O
experienced JJ X B-Skill
HR NNP X B-Occupation
Officer NNP X I-Occupation
for IN X O
a DT X O
and CC X O

we PRP X O
are VBP X O
looking VBG X O
for IN X O
a DT X O
likeminded JJ X B-Skill
people NNS X O
to TO X O
join VB X O
this DT X O
experienced JJ X O
English NNP X O
department NN X O
at IN X O
this DT X O
exciting JJ X O
time NN X O
for IN X O
our PRP$ X O
schools NNS X O
. . X O
In IN X O

return NN X O
they PRP X O
will MD X O
offer VB X O
you PRP X O
an DT X O
environment NN X O
where WRB X O
you PRP X O
will MD X O
feel VB X O
highly RB X O
valued VBN X O
. . X O
Use NNP X B-Skill

technical JJ X I-Skill
reporting NN X I-Skill
tools NNS X I-Skill
to TO X I-Skill
interrogate VB X I-Skill
data NNS X I-Skill
on IN X I-Skill
the DT X I-Skill
accounting NN X I-Skill
system NN X I-Skill
. . X O
They PRP X O

are VBP X O
looking VBG X O
to TO X O
recruit VB X O
sales NNS X B-Occupation
professionals NNS X I-Occupation
to TO X O
promote VB X O
delegate JJ X B-Skill
registrations NNS X I-Skill
on IN X I-Skill
to TO X I-Skill
their PRP$ X I-Skill
leading JJ X I-Skill
conferences NNS X I-Skill
, , X I-Skill
training VBG X I-Skill
course NN X I-Skill
and CC X I-Skill
seminars NNS X I-Skill
. . X O
You PRP X O

will MD X O
also RB X O
be VB X O
expected VBN X O
to TO X O
work VB X B-Skill
on IN X I-Skill
daytoday JJ X I-Skill
modifications NNS X I-Skill
to TO X I-Skill
the DT X I-Skill
existing VBG X I-Skill
portfolio NN X I-Skill
of IN X I-Skill
sites NNS X I-Skill
. . X O
Due JJ X O

to TO X O
continued JJ X O
growth NN X O
and CC X O
a DT X O
wide JJ X O
range NN X O
of IN X O
Projects NNS X O
, , X O
they PRP X O
urgently RB X O
require VBP X O
an DT X O
experienced JJ X B-Skill
Business NNP X B-Occupation
Analyst NNP X I-Occupation
to TO X O
join VB X O
their PRP$ X O
Team NN X O
. . X O
Due JJ X O

to TO X O
their PRP$ X O
continual JJ X O
expansion NN X O
they PRP X O
have VBP X O
an DT X O
immediate JJ X O
need NN X O
for IN X O
a DT X O
Planner NNP X B-Occupation
to TO X O
be VB X O
based VBN X O
at IN X O
ChapelCross NNP X O
. . X O
Acute NNP X B-Skill

care NN X I-Skill
is VBZ X O
provided VBN X O
from IN X O
the DT X O
following VBG X O
sites NNS X O
: : X O
the DT X O
Royal NNP X O
Infirmary NNP X O
of IN X O
Edinburgh NNP X O
at IN X O
Little NNP X O
France NNP X O
; : X O
the DT X O
Western NNP X O
General NNP X O
Hospital NNP X O
; : X O
St NNP X O
John NNP X O
' POS X O
s JJ X O
Hospital NN X O
at IN X O
Howden NNP X O
, , X O
Livingston NNP X O
; : X O
the DT X O
Royal NNP X O
Hospital NNP X O
for IN X O
Sick NNP X O
Children NNP X O
; : X O
the DT X O
Royal NNP X O
Victoria NNP X O
Hospital NNP X O
; : X O
Liberton NNP X O
Hospital NNP X O
; : X O
the DT X O
Princess NNP X O
Alexandra NNP X O
Eye NNP X O
Pavilion NNP X O
, , X O
and CC X O
the DT X O
Lauriston NNP X O
Building NNP X O
. . X O
you PRP X O

will MD X O
be VB X O
supporting VBG X B-Skill
the DT X I-Skill
Store NNP X I-Skill
Manager NNP X I-Skill
, , X O
working VBG X B-Skill
with IN X I-Skill
them PRP X I-Skill
to TO X I-Skill
ensure VB X I-Skill
that IN X I-Skill
your PRP$ X I-Skill
store NN X I-Skill
runs NNS X I-Skill
like IN X I-Skill
a DT X I-Skill
well RB X I-Skill
oiled JJ X I-Skill
cog NN X I-Skill
. . X O
You PRP X O

will MD X O
be VB X O
working VBG X O
in IN X O
a DT X O
very RB X O
busy JJ X O
health NN X B-Domain
beauty NN X I-Domain
wholesaler NN X I-Domain
. . X O
To TO X O

provide VB X B-Skill
3rd CD X I-Skill
line NN X I-Skill
application NN X I-Skill
support NN X I-Skill
on IN X I-Skill
complex JJ X I-Skill
internally RB X I-Skill
and CC X I-Skill
externally RB X I-Skill
developed VBD X I-Skill
applications NNS X I-Skill
To TO X O
conduct VB X B-Skill
application NN X I-Skill
monitoring NN X I-Skill
, , X I-Skill
performance NN X I-Skill
tuning NN X I-Skill
and CC X I-Skill
testing VBG X I-Skill
in IN X I-Skill
order NN X I-Skill
to TO X I-Skill
maintain VB X I-Skill
system NN X I-Skill
stability NN X I-Skill
and CC X I-Skill
high JJ X I-Skill
availability NN X I-Skill
Sage NN X B-Skill

200 CD X I-Skill
experience NN X I-Skill
preferred VBN X O
, , X O
minimum JJ X O
Sage NN X B-Skill
50 CD X I-Skill
Ability NNP X O
to TO X O
work VB X B-Skill
to TO X I-Skill
tight VB X I-Skill
deadlines NNS X I-Skill
without IN X I-Skill
errors NNS X I-Skill
To TO X O

provide VB X B-Skill
professional JJ X I-Skill
HR NNP X I-Skill
Advice NNP X I-Skill
and CC X I-Skill
guidance NN X I-Skill
across IN X O
the DT X O
organisation NN X O
on IN X O
all DT X O
HR NNP X O
related VBN X O
issues NNS X O
, , X O
working VBG X B-Skill
in IN X I-Skill
partnership NN X I-Skill
with IN X I-Skill
internal JJ X I-Skill
and CC X I-Skill
external JJ X I-Skill
stakeholders NNS X I-Skill
. . X O
We PRP X O

are VBP X O
currently RB X O
seeking VBG X O
two CD X O
Telesales NNP X B-Occupation
representatives NNS X I-Occupation
to TO X O
join VB X O
a DT X O
new JJ X O
team NN X O
in IN X O
the DT X O
Oswestry NNP X O
area NN X O
You PRP X O
will MD X O
be VB X O
expected VBN X O
to TO X O
sell VB X B-Skill
the DT X I-Skill
products NNS X I-Skill
and CC X I-Skill
services NNS X I-Skill
of IN X I-Skill
the DT X I-Skill
company NN X I-Skill
by IN X I-Skill
calling VBG X I-Skill
prospective JJ X I-Skill
clients NNS X I-Skill
. . X O
The DT X O

company NN X O
is VBZ X O
still RB X O
expanding VBG X O
but CC X O
not RB X O
compromising VBG X O
on IN X O
quality NN X O
of IN X O
service NN X O
and CC X O
products NNS X O
. . X O
Cover NNP X B-Occupation

Supervisor NNP X I-Occupation
Cover NNP X I-Occupation
Supervisor NNP X I-Occupation
required VBD X O
for IN X O
an DT X O
effective JJ X O
and CC X O
well RB X O
managed VBD X O
secondary JJ X O
school NN X O
located VBN X O
in IN X O
Dudley NNP X O
starting VBG X O
immediately RB X O
Experienced VBN X O

at IN X O
leading VBG X O
a DT X O
team NN X O
through IN X O
change NN X O
and CC X O
confident NN X O
at IN X O
being VBG X O
the DT X O
subject NN X O
matter NN X O
expert NN X O
? . X O
You PRP X O

will MD X O
need VB X O
to TO X O
be VB X O
able JJ X O
to TO X O
work VB X B-Skill
well RB X I-Skill
under IN X I-Skill
pressure NN X I-Skill
, , X O
think VBP X B-Skill
on IN X I-Skill
your PRP$ X I-Skill
feet NNS X I-Skill
and CC X O
be VB X O
able JJ X O
to TO X O
interact VB X B-Skill
with IN X I-Skill
the DT X I-Skill
general JJ X I-Skill
public NN X I-Skill
. . X O
Maintain NNP X B-Skill

and CC X I-Skill
ensure VB X I-Skill
safe JJ X I-Skill
working JJ X I-Skill
conditions NNS X I-Skill
for IN X I-Skill
self NN X I-Skill
and CC X I-Skill
others NNS X I-Skill
. . X O
To TO X O

develop VB X B-Skill
new JJ X I-Skill
projects NNS X I-Skill
, , X O
and CC X O
improve VB X B-Skill
existing VBG X I-Skill
systems NNS X I-Skill
to TO X O
constantly RB X O
improve VB X O
the DT X O
solutions NNS X O
delivered VBN X O
to TO X O
users NNS X O
. . X O
Responsible JJ X B-Skill

for IN X I-Skill
the DT X I-Skill
Performance NNP X I-Skill
Management NNP X I-Skill
of IN X I-Skill
your PRP$ X I-Skill
asset NN X I-Skill
and CC X I-Skill
engineer NN X I-Skill
team NN X I-Skill
in IN X I-Skill
line NN X I-Skill
with IN X I-Skill
contract NN X I-Skill
KPIs NNP X I-Skill
. . X O
Applicants NNS X O

are VBP X O
required VBN X O
to TO X O
meet VB X O
ALL NNP X O
of IN X O
the DT X O
following JJ X O
criteria NNS X O
and CC X O
attributes NNS X O
: : X O
THE DT X O

JOB NNP X O
You PRP X O
will MD X O
support VB X B-Skill
the DT X O
production NN X O
cell NN X O
with IN X O
all DT X O
manufacturing VBG X B-Domain
engineering NN X I-Domain
issues NNS X O
and CC X O
concerns NNS X O
, , X O
including VBG X O
ensuring VBG X O
the DT X O
continuity NN X O
of IN X O
existing VBG X O
part NN X O
manufacture NN X O
, , X O
new JJ X O
product NN X O
introduction NN X O
handover NN X O
and CC X O
tooling NN X O
activities NNS X O
. . X O
Be NNP X O

confident JJ X O
meeting NN X B-Skill
customers NNS X I-Skill
and CC X I-Skill
able JJ X I-Skill
to TO X I-Skill
understand VB X I-Skill
their PRP$ X I-Skill
needs NNS X I-Skill
to TO X O
ensure VB X O
excellent JJ X O
customer NN X B-Domain
service NN X I-Domain
. . X O
The DT X O

ideal JJ X O
candidate NN X O
will MD X O
be VB X O
able JJ X O
to TO X O
demonstrate VB X O
that IN X O
they PRP X O
are VBP X O
able JJ X O
to TO X O
work VB X B-Skill
independently RB X I-Skill
and CC X I-Skill
as IN X I-Skill
part NN X I-Skill
of IN X I-Skill
a DT X I-Skill
team NN X I-Skill
. . X O
You PRP X O

will MD X O
be VB X O
providing VBG X O
3rd CD X B-Skill
Line NNP X I-Skill
Networks NNP X I-Skill
support NN X I-Skill
to TO X O
a DT X O
broad JJ X O
client NN X O
based VBN X O
, , X O
working VBG X O
to TO X O
SLA NNP X O
' POS X O
s NN X O
and CC X O
you PRP X O
will MD X O
have VB X O
excellent JJ X O
communication NN X B-Skill
skills NNS X I-Skill
IT NNP X B-Occupation
Networks NNP X I-Occupation
Support NNP X I-Occupation
Analyst NNP X I-Occupation
3rd CD X O
Line NNP X O
Peterborough NNP X O
Salary NNP X O
Our PRP$ X O

client NN X O
is VBZ X O
looking VBG X O
for IN X O
a DT X O
customerfocused JJ X B-Skill
manager NN X B-Occupation
to TO X O
build VB X B-Skill
a DT X I-Skill
rapport NN X I-Skill
with IN X I-Skill
the DT X I-Skill
patients NNS X I-Skill
to TO X O
ensure VB X O
they PRP X O
return VBP X O
to TO X O
our PRP$ X O
client NN X O
ahead RB X O
of IN X O
competition NN X O
from IN X O
the DT X O
multiples NNS X O
. . X O
**** NN X O

hours NNS X O
, , X O
fully RB X O
expensed VBN X O
Vehicle NNP X O
, , X O
phone NN X O
, , X O
specialist NN X O
tools NNS X O
, , X O
PPE NNP X O
, , X O
Pension NNP X O
, , X O
Life NNP X O
insurance NN X O
, , X O
Health NNP X O
Care NNP X O
and CC X O
overtime RB X O
. . X O
Please NNP X O

contact NN X O
James NNP X O
Rosenthal NNP X O
at IN X O
Resources NNP X B-Domain
Group NNP X O
for IN X O
further JJ X O
information NN X O
. . X O
The DT X O

working VBG X O
environment NN X O
here RB X O
is VBZ X O
very RB X O
pleasant JJ X O
with IN X O
a DT X O
casual JJ X O
dress NN X O
code NN X O
, , X O
laid VBN X O
back RB X O
and CC X O
friendly RB X O
atmosphere RB X O
, , X O
but CC X O
also RB X O
hardworking VBG X B-Skill
and CC X O
dynamic JJ X B-Skill
with IN X O
the DT X O
autonomy NN X B-Skill
to TO X I-Skill
drive VB X I-Skill
your PRP$ X I-Skill
job NN X I-Skill
role NN X I-Skill
forward RB X I-Skill
. . X O
Working VBG X O

in IN X O
a DT X O
growing NN X O
and CC X O
hugely RB X O
successful JJ X O
business NN X B-Domain
travel NN X I-Domain
team NN X O
, , X O
your PRP$ X O
main JJ X O
areas NNS X O
of IN X O
responsibility NN X O
will MD X O
include VB X O
working VBG X B-Skill
on IN X I-Skill
a DT X I-Skill
variety NN X I-Skill
of IN X I-Skill
new JJ X I-Skill
and CC X I-Skill
existing VBG X I-Skill
key JJ X I-Skill
accounts NNS X I-Skill
, , X O
providing VBG X O
the DT X O
highest JJS X O
levels NNS X O
of IN X O
service NN X B-Skill
for IN X O
clients NNS X O
using VBG X O
CRS NNP X B-Skill
systems NNS X I-Skill
Sabre NNP X O
. . X O
Based VBN X O

in IN X O
central JJ X O
London NNP X O
the DT X O
role NN X O
will MD X O
conduct VB X B-Skill
operational JJ X I-Skill
and CC X I-Skill
financial JJ X I-Skill
audits NNS X I-Skill
on IN X I-Skill
teams NNS X I-Skill
operating VBG X I-Skill
across IN X I-Skill
the DT X I-Skill
globe NN X I-Skill
, , X O
helping VBG X O
those DT X O
in IN X O
some DT X O
of IN X O
the DT X O
most RBS X O
challenging JJ X O
countries NNS X O
in IN X O
the DT X O
world NN X O
. . X O
The DT X O

Role NNP X O
Undertaking VBG X O
a DT X O
wide JJ X O
range NN X B-Skill
of IN X I-Skill
surgical JJ X I-Skill
specialities NNS X I-Skill
, , X O
this DT X O
position NN X O
presents VBZ X O
an DT X O
opportunity NN X O
to TO X O
broaden VB X O
skills NNS X O
whilst JJ X O
working VBG X B-Skill
in IN X I-Skill
a DT X I-Skill
modern JJ X I-Skill
environment NN X I-Skill
with IN X O
a DT X O
friendly JJ X O
, , X O
enthusiastic JJ X O
team NN X O
. . X O
Strong JJ X B-Skill

ability NN X I-Skill
to TO X I-Skill
train VB X I-Skill
and CC X I-Skill
execute VB X I-Skill
Inspire NNP X I-Skill
and CC X I-Skill
drive JJ X I-Skill
high JJ X I-Skill
performance NN X I-Skill
in IN X I-Skill
individuals NNS X I-Skill
and CC X I-Skill
team NN X I-Skill
, , X O
enabling VBG X O
each DT X O
member NN X O
to TO X O
understand VB X O
his PRP$ X O
/ NN X O
her PRP$ X O
role NN X O
in IN X O
team NN X O
success NN X O
Work NN X O

closely RB X O
with IN X O
the DT X O
group NN X O
' POS X O
s JJ X O
national JJ X O
sales NNS X B-Domain
team NN X O
to TO X O
drive VB X B-Skill
business NN X I-Skill
from IN X I-Skill
key JJ X I-Skill
accounts NNS X I-Skill
. . X O
If IN X O

you PRP X O
do VBP X O
not RB X O
match VB X O
the DT X O
criteria NNS X O
specified VBN X O
above IN X O
then RB X O
please VB X O
refrain NN X O
from IN X O
applying VBG X O
for IN X O
this DT X O
role NN X O
as IN X O
you PRP X O
will MD X O
not RB X O
meet VB X O
our PRP$ X O
client NN X O
s NN X O
specific JJ X O
requirements NNS X O
. . X O
**** JJ X O

Extensive NNP X O
experience NN X O
in IN X O
programme NN X B-Skill
/ NN X O
project NN X B-Skill
management NN X I-Skill
and CC X O
project NN X B-Skill
planning NN X I-Skill
, , X O
including VBG X O
programme NN X B-Skill
controls NNS X I-Skill
, , X I-Skill
project NN X I-Skill
review NN X I-Skill
and CC X O
cost NN X B-Skill
/ NN X O
risk NN X B-Skill
analysisExperience NN X O
of IN X O
working VBG X O
on IN X O
multidiscipline JJ X B-Domain
civil JJ X I-Domain
engineering NN X I-Domain
projects NNS X I-Domain
, , X O
preferably RB X O
in IN X O
a DT X O
rail NN X B-Domain
environmentGood NN X O
attention NN X B-Skill
to TO X I-Skill
detail VB X I-Skill
with IN X O
the DT X O
ability NN X O
to TO X O
work VB X B-Skill
to TO X I-Skill
challenging VBG X I-Skill
deadlines NNS X I-Skill
. . X O
The DT X O

post NN X O
holder NN X O
is VBZ X O
responsible JJ X B-Skill
to TO X I-Skill
Sisters NNPS X I-Skill
and CC X I-Skill
Senior NNP X I-Skill
Sister NNP X I-Skill
, , X I-Skill
and CC X I-Skill
will MD X I-Skill
act VB X I-Skill
up RP X I-Skill
in IN X I-Skill
the DT X I-Skill
absence NN X I-Skill
of IN X I-Skill
senior JJ X I-Skill
staff NN X I-Skill
. . X O
Applicants NNS X O

should MD X O
be VB X O
medically RB X B-Occupation
qualified VBN X I-Occupation
, , X O
have VBP X O
full JJ X O
GMC NNP X B-Occupation
registration NN X I-Occupation
and CC X O
already RB X O
hold VB X O
, , X O
or CC X O
have VBP X O
submitted VBN X O
, , X O
a DT X O
PhD NNP X B-Occupation
/ NNP X I-Occupation
DPhil NNP X I-Occupation
/ NNP X I-Occupation
MD NNP X I-Occupation
and CC X O
be VB X O
of IN X O
the DT X O
standing NN X O
required VBN X O
for IN X O
an DT X O
appropriate JJ X O
honorary JJ X O
contract NN X O
of IN X O
service NN X O
with IN X O
the DT X O
NHS NNP X O
East NNP X O
of IN X O
England NNP X O
Deanery NNP X O
specialist NN X O
registrar NN X O
. . X O
Ideal JJ X O

Candidate NNP X O
Experience NNP X O
of IN X O
Retail NNP X B-Domain
Management NNP X I-Domain
, , X O
in IN X O
food NN X B-Domain
retail NN X I-Domain
, , X O
would MD X O
be VB X O
an DT X O
advantage NN X O
, , X O
although IN X O
any DT X O
retail JJ X B-Domain
, , X O
hospitality NN X B-Domain
or CC X O
leisure NN X B-Domain
management NN X O
background NN X O
will MD X O
be VB X O
considered VBN X O
. . X O
The DT X O

successful JJ X O
candidate NN X O
will MD X O
idealy VB X O
be VB X O
fully RB X O
Qualified VBN X B-Skill
and CC X I-Skill
have VBP X I-Skill
experience VBN X I-Skill
in IN X I-Skill
a DT X I-Skill
similar JJ X I-Skill
role NN X I-Skill
Be NNP X O
competent NN X B-Skill
in IN X I-Skill
the DT X I-Skill
use NN X I-Skill
of IN X I-Skill
Sage NNP X I-Skill
, , X O
Excel NNP X B-Skill
, , X O
Word NNP X B-Skill
etc NN X O
. . X O
In IN X O

addition NN X O
, , X O
you PRP X O
will MD X O
work VB X O
alongside RB X O
the DT X O
digital JJ X O
team NN X O
to TO X O
deliver VB X O
effective JJ X O
, , X O
ambitious JJ X O
and CC X O
wellmessaged VBD X O
multimedia NN X O
coverage NN X O
/ JJ X O
response NN X O
on IN X O
our PRP$ X O
news NN X O
and CC X O
emergency NN X O
work NN X O
. . X O
As IN X O

the DT X O
main JJ X O
point NN X O
of IN X O
contact NN X O
, , X O
you PRP X O
will MD X O
be VB X O
collating VBG X B-Skill
information NN X I-Skill
that WDT X O
has VBZ X O
been VBN X O
acquired VBN X O
from IN X O
all DT X O
personnel NNS X O
involved VBN X O
in IN X O
the DT X O
process NN X O
. . X O
Could MD X O

you PRP X O
be VB X O
interested VBN X O
in IN X O
working VBG X O
for IN X O
a DT X O
lively JJ X O
media NNS X B-Domain
data NNS X I-Domain
insight JJ X O
company NN X O
who WP X O
are VBP X O
using VBG X O
the DT X O
latest JJS X O
and CC X O
greatest JJS X O
. . X B-Skill
NET NN X I-Skill
The DT X O

University NNP X O
values VBZ X O
diversity NN X O
and CC X O
is VBZ X O
committed VBN X O
to TO X O
equality NN X O
of IN X O
opportunity NN X O
. . X O
My PRP$ X O

client NN X O
is VBZ X O
an DT X O
established JJ X O
provider NN X O
of IN X O
Pharmacovigilance NNP X B-Skill
, , X O
Regulatory NNP X B-Skill
and CC X O
QA NNP X B-Skill
services NNS X I-Skill
to TO X O
the DT X O
Global NNP X O
Pharmaceutical NNP X B-Domain
Industry NNP X I-Domain
. . X O
Strong JJ X O

knowledge NN X O
of IN X O
budgeting NN X B-Skill
and CC X O
GP NNP X B-Occupation
levels NNS X O
Is VBZ X O
this DT X O
the DT X O
company NN X O
for IN X O
you PRP X O
? . X O
Software NNP X B-Occupation

Developer NNP X I-Occupation
/. NNP X I-Occupation
NET NNP X I-Occupation
Developer NNP X I-Occupation
C NNP X B-Skill
, , X O
VB NNP X B-Skill
. . X I-Skill
NET NNP X I-Skill
. . X I-Skill
Net NN X I-Skill
, , X O
C NNP X B-Occupation
Developer NNP X I-Occupation
required VBD X O
to TO X O
join VB X O
this DT X O
innovative JJ X O
and CC X O
rapidly RB X O
expanding VBG X O
commercial JJ X O
organisation NN X O
based VBN X O
in IN X O
Leeds NNP X O
. . X O
If IN X O

this DT X O
sounds VBZ X O
of IN X O
interest NN X O
please NN X O
apply VB X O
with IN X O
an DT X O
up NN X O
to TO X O
date NN X O
copy NN X O
of IN X O
your PRP$ X O
CV NNP X O
. . X O
Production NN X B-Skill

of IN X I-Skill
design NN X I-Skill
and CC X I-Skill
installation NN X I-Skill
drawings NNS X I-Skill
using VBG X O
CAD NNP X B-Skill
software NN X I-Skill
not RB X O
essential JJ X O
Management NNP X B-Skill
of IN X I-Skill
health NN X I-Skill
and CC X I-Skill
safety NN X I-Skill
for IN X I-Skill
the DT X I-Skill
projects NNS X I-Skill
and CC X O
production NN X B-Skill
of IN X I-Skill
all DT X I-Skill
necessary JJ X I-Skill
health NN X I-Skill
safety NN X I-Skill
documents NNS X I-Skill
as IN X O
required VBN X O
under IN X O
the DT X O
current JJ X O
legislation NN X O
and CC X O
as IN X O
set VBN X O
out RP X O
in IN X O
the DT X O
company NN X O
health NN X O
and CC X O
safety NN X O
manual NN X O
. . X O
Vacancy NN X O

for IN X O
a DT X O
Level NNP X B-Occupation
2 CD X I-Occupation
Food NNP X I-Occupation
Production NNP X I-Occupation
Apprenticeship NNP X I-Occupation
To TO X O
provide VB X O
a DT X O
friendly JJ X B-Skill
, , X O
efficient JJ X B-Skill
and CC X O
comprehensive JJ X B-Skill
service NN X O
to TO X O
all DT X O
users NNS X O
of IN X O
the DT X O
Catering NNP X B-Domain
facilities NNS X O
. . X O
nb IN X O

The DT X O
right JJ X O
candidate NN X O
will MD X O
be VB X O
a DT X O
graduate NN X O
or CC X O
of IN X O
graduate NN X O
calibre NN X O
and CC X O
will MD X O
be VB X O
studying VBG X O
towards IN X O
a DT X O
relevant JJ X O
qualification NN X O
, , X O
CIMA NNP X B-Qualification
, , X O
ACCA NNP X B-Qualification
or CC X O
the DT X O
latter JJ X B-Qualification
part NN X I-Qualification
of IN X I-Qualification
the DT X I-Qualification
AAT NNP X I-Qualification
. . X O
You PRP X O

would MD X O
be VB X O
assigned VBN X O
to TO X O
assist VB X B-Skill
a DT X I-Skill
client NN X I-Skill
with IN X I-Skill
their PRP$ X I-Skill
everyday JJ X I-Skill
needs NNS X I-Skill
, , X O
including VBG X O
all DT X O
personal JJ X O
care NN X O
and CC X O
domestic JJ X O
duties NNS X O
for IN X O
one CD X O
to TO X O
three CD X O
weeks NNS X O
at IN X O
a DT X O
time NN X O
. . X O
You PRP X O

will MD X O
be VB X O
in IN X O
charge NN X O
of IN X O
a DT X O
multi JJ X B-Skill
outlet NN X I-Skill
organisation NN X I-Skill
consisting NN X I-Skill
of IN X I-Skill
three CD X I-Skill
busy JJ X I-Skill
restaurants NNS X I-Skill
, , X O
serving VBG X O
a DT X O
mixture NN X O
of IN X O
French JJ X O
and CC X O
British JJ X O
cuisine NN X O
. . X O
The DT X O

ideal JJ X O
candidate NN X O
for IN X O
the DT X O
position NN X O
of IN X O
Warranty NNP X B-Occupation
Claims NNP X I-Occupation
Engineer NNP X I-Occupation
must MD X O
have VB X O
City NNP X O
& CC X O
Guilds NNP X O
in IN X O
Motor NNP X O
vehicles NNS X O
and CC X O
experience NN X O
of IN X O
Warranty NNP X B-Skill
Claims NNP X I-Skill
. . X O
With IN X O

your PRP$ X O
development NN X B-Skill
skills NNS X I-Skill
in IN X O
taxonomies NNS X B-Domain
, , X O
thesauri NN X B-Domain
and CC X O
ontologies NNS X B-Domain
you PRP X O
will MD X O
join VB X O
and CC X O
enable VB X O
the DT X O
team NN X O
focused VBD X O
on IN X O
semantics NNS X B-Domain
, , X O
relevance NN X B-Domain
, , X O
content NN X B-Domain
and CC X O
innovation NN X B-Domain
, , X O
delivered VBN X O
in IN X O
hibu NN X O
s NN X O
business NN X B-Domain
and CC X O
consumer NN X B-Skill
digital NN X I-Skill
and CC X O
ecommerce NN X B-Skill
products NNS X I-Skill
; : X O
enabled VBN X O
by IN X O
semantic JJ X B-Skill
browse NN X I-Skill
and CC X O
search NN X B-Skill
and CC X O
lightweight JJ X B-Skill
content NN X I-Skill
integration NN X I-Skill
. . X O
Candidates NNS X O

will MD X O
have VB X O
experience NN X O
within IN X O
timber NN X B-Domain
frame NN X I-Domain
construction NN X I-Domain
, , X O
care NN X B-Domain
home NN X I-Domain
/ NN X I-Domain
sheltered VBD X I-Domain
housing NN X I-Domain
, , X O
understanding NN X O
of IN X O
M NNP X B-Skill
& CC X I-Skill
E NNP X I-Skill
form NN X I-Skill
of IN X I-Skill
contracts NNS X I-Skill
and CC X O
knowledge NN X O
of IN X O
NEC NNP X B-Skill
form NN X I-Skill
of IN X O
contract NN X O
. . X O
Production NN X B-Skill

of IN X I-Skill
accurate NN X I-Skill
& CC X I-Skill
timely JJ X I-Skill
monthly JJ X I-Skill
management NN X I-Skill
accounts NNS X I-Skill
Production NN X I-Skill
of IN X I-Skill
year NN X I-Skill
end NN X I-Skill
statutory NN X I-Skill
accounts NNS X I-Skill
working VBG X I-Skill
with IN X I-Skill
external JJ X I-Skill
accountants NNS X I-Skill
Implementing VBG X I-Skill
tight JJ X I-Skill
financial JJ X I-Skill
controls NNS X I-Skill
Production NN X I-Skill
of IN X I-Skill
detailed JJ X I-Skill
management NN X I-Skill
information NN X I-Skill
Budget NNP X I-Skill
setting NN X I-Skill
and CC X I-Skill
monitoring NN X I-Skill
Cash NNP X I-Skill
flow NN X I-Skill
forecasting NN X I-Skill
Business NN X O
With IN X O

more JJR X O
than IN X O
140 CD X B-Experience
years NNS X I-Experience
experience RB X O
, , X O
Hamptons NNP X O
International NNP X O
offers NNS X O
unrivalled JJ X O
expertise NN X O
and CC X O
service NN X O
in IN X O
the DT X O
market NN X O
. . X O
Ability NN X O

to TO X O
establish VB X B-Skill
and CC X I-Skill
maintain VB X I-Skill
affective JJ X I-Skill
staff NN X I-Skill
training NN X I-Skill
program NN X I-Skill
**** JJ X O

k NN X O
Greywood NNP X O
Associates NNPS X O
are VBP X O
delighted VBN X O
to TO X O
be VB X O
working VBG X O
in IN X O
association NN X O
with IN X O
a DT X O
Market NN X O
Leading VBG X O
Company NNP X O
based VBN X O
in IN X O
Cambridgeshire NNP X O
, , X O
easily RB X O
commutable JJ X O
from IN X O
Cambridge NNP X O
, , X O
Peterborough NNP X O
Ely NNP X O
, , X O
who WP X O
urgently RB X O
requires VBZ X O
a DT X O
Systems NNP X B-Occupation
Developer NNP X I-Occupation
to TO X O
work VB X B-Skill
with IN X I-Skill
the DT X I-Skill
Data NNP X B-Occupation
Services NNPS X I-Occupation
Manager NNP X I-Occupation
in IN X O
managing NN X B-Skill
and CC X I-Skill
expanding VBG X I-Skill
the DT X I-Skill
functionality NN X I-Skill
of IN X I-Skill
the DT X I-Skill
company NN X I-Skill
' POS X I-Skill
s NN X I-Skill
business NN X I-Skill
critical JJ X I-Skill
systems NNS X I-Skill
Responsibilities NNPS X O
Expand NNP X B-Skill
the DT X I-Skill
functionality NN X I-Skill
of IN X I-Skill
the DT X I-Skill
database NN X I-Skill
systems NNS X I-Skill
including VBG X I-Skill
design NN X I-Skill
and CC X I-Skill
accessibility NN X I-Skill
Create NNP X O
Challenge NNP X B-Skill

the DT X I-Skill
business NN X I-Skill
and CC X I-Skill
IT NNP X I-Skill
to TO X O
drive VB X O
for IN X O
solutions NNS X O
that WDT X O
utilise VBP X O
technological JJ X O
advances NNS X O
but CC X O
focus VB X B-Skill
on IN X I-Skill
the DT X I-Skill
priority NN X I-Skill
needs VBZ X I-Skill
not RB X O
wants VBZ X O
of IN X O
the DT X O
business NN X O
and CC X O
ensure VB X B-Skill
that DT X I-Skill
delivery NN X I-Skill
approach NN X I-Skill
is VBZ X I-Skill
reasonable JJ X I-Skill
and CC X I-Skill
achievable JJ X I-Skill
. . X O
You PRP X O

will MD X O
be VB X O
a DT X O
strong JJ X O
Management NNP X B-Occupation
Accountant NNP X I-Occupation
with IN X O
experience NN X O
of IN X O
working VBG X O
for IN X O
a DT X O
busy JJ X O
finance NN X O
team NN X O
using VBG X O
SAP NNP X B-Skill
. . X O
training NN X O

will MD X O
be VB X O
provided VBN X O
and CC X O
will MD X O
offer VB X O
an DT X O
opportunity NN X O
to TO X O
pick VB X O
up RP X O
new JJ X O
valuable JJ X O
skills NNS X O
too RB X O
. . X O
Liaising VBG X O

with IN X O
the DT X O
company NN X O
' POS X O
s NN X O
large JJ X O
portfolio NN X O
of IN X O
clients NNS X O
on IN X O
a DT X O
regular JJ X O
basis NN X O
, , X O
hence RB X O
good JJ X O
clientfacing VBG X B-Skill
skills NNS X O
will MD X O
be VB X O
required VBN X O
for IN X O
this DT X O
role NN X O
. . X O
CUSTOMER NNP X B-Occupation

SERVICE NNP X I-Occupation
OFFICER NNP X I-Occupation
DINWIDDY NNP X O
HOUSE NNP X O
AND NNP X O
PAUL NNP X O
ROBESON NNP X O
HOUSE NNP X O
The DT X O

hotel NN X O
is VBZ X O
mainly RB X O
focused VBN X O
on IN X O
business NN X O
and CC X O
conferencing VBG X O
although IN X O
they PRP X O
also RB X O
do VBP X O
have VB X O
a DT X O
good JJ X O
share NN X O
of IN X O
the DT X O
wedding NN X O
and CC X O
leisure NN X O
market NN X O
. . X O
With IN X O

plans NNS X O
to TO X O
open VB X O
offices NNS X O
in IN X O
Australia NNP X O
in IN X O
2013 CD X O
this DT X O
is VBZ X O
a DT X O
fantastic JJ X O
time NN X O
to TO X O
join VB X O
a DT X O
business NN X O
that WDT X O
wants VBZ X O
to TO X O
take VB X O
on IN X O
motivated JJ X B-Skill
individuals NNS X O
that WDT X O
want VBP X O
to TO X O
achieve VB X O
big JJ X O
things NNS X O
in IN X O
their PRP$ X O
career NN X O
. . X O
CSS NNP X B-Skill

, , X O
HTML NNP X B-Skill
, , X O
Javascript NNP X B-Skill
, , X O
Jquery NNP X B-Skill
, , X O
JSP NNP X B-Skill
, , X O
W3C NNP X B-Skill
Explore NNP X O
Group NNP X O
is VBZ X O
acting VBG X O
as IN X O
an DT X O
Employment NN X B-Domain
Business NN X O
in IN X O
relation NN X O
to TO X O
this DT X O
vacancy NN X O
You PRP X O

will MD X O
also RB X O
be VB X O
tasked VBN X O
with IN X O
identifying NN X B-Skill
and CC X I-Skill
developing VBG X I-Skill
sales NNS X I-Skill
opportunities NNS X I-Skill
with IN X O
our PRP$ X O
clients NNS X O
superb VBP X O
range NN X O
of IN X O
street NN X O
furniture NN X O
and CC X O
related JJ X O
products NNS X O
. . X O
You PRP X O

will MD X O
be VB X O
part NN X O
of IN X O
a DT X O
team NN X O
offering VBG X O
the DT X O
following JJ X O
services NNS X O
to TO X O
our PRP$ X O
clients NNS X O
: : X O
Project NNP X B-Skill
management NN X I-Skill
of IN X I-Skill
multidisciplinary JJ X I-Skill
projects NNS X I-Skill
within IN X O
DNV NNP X B-Skill
Verification NNP X I-Skill
and CC X O
certification NN X B-Domain
services NNS X I-Domain
Advisory NNP X I-Domain
services NNS X I-Domain
and CC X O
troubleshooting VBG X B-Skill
activities NNS X O
For IN X O

further JJ X O
information NN X O
on IN X O
this DT X O
and CC X O
other JJ X O
vacancies NNS X O
based VBN X O
in IN X O
Loughborough NNP X O
/ NNP X O
Shepshed NNP X O
/ NNP X O
Coalville NNP X O
/ NNP X O
Ashby NNP X O
De NNP X O
La NNP X O
Zouch NNP X O
/ NNP X O
Leicester NNP X O
/ NNP X O
Nottingham NNP X O
/ NNP X O
Derby NNP X O
, , X O
please VB X O
do VB X O
not RB X O
hesitate VB X O
to TO X O
contact VB X O
Ray NNP X O
Jones NNP X O
. . X O
An DT X O

excellent JJ X O
remuneration NN X O
package NN X O
is VBZ X O
on IN X O
offer NN X O
tailored VBN X O
to TO X O
the DT X O
individual NN X O
. . X O
Experience NN X O

of IN X O
designing VBG X B-Skill
systems NNS X I-Skill
architectures VBZ X I-Skill
Understanding NNP X O
of IN X O
Agile NNP X B-Skill
methodology NN X I-Skill
Experience NNP X O
of IN X O
property NN X B-Skill
and CC X I-Skill
/ NN X I-Skill
or CC X I-Skill
legal JJ X I-Skill
markets NNS X I-Skill
Main NNP X O

Activities NNP X O
and CC X O
Tasks NNP X O
Plan NNP X B-Skill
, , X I-Skill
check NN X I-Skill
and CC X I-Skill
manage VB X I-Skill
the DT X I-Skill
work NN X I-Skill
of IN X I-Skill
self NNS X I-Skill
and CC X I-Skill
others NNS X I-Skill
in IN X I-Skill
the DT X I-Skill
team NN X I-Skill
as IN X I-Skill
required VBN X I-Skill
, , X O
providing VBG X B-Skill
coaching NN X I-Skill
and CC X I-Skill
support NN X I-Skill
to TO X I-Skill
colleagues NNS X I-Skill
in IN X I-Skill
the DT X I-Skill
team NN X I-Skill
Provide VB X B-Skill

leadership NN X I-Skill
to TO X I-Skill
project VB X I-Skill
team NN X I-Skill
ensuring VBG X I-Skill
that IN X I-Skill
all DT X I-Skill
colleagues NNS X I-Skill
are VBP X I-Skill
directed VBN X I-Skill
, , X I-Skill
motivated VBN X I-Skill
, , X I-Skill
supported VBN X I-Skill
and CC X I-Skill
developed VBN X I-Skill
. . X O
For IN X O

other JJ X O
great JJ X O
opportunities NNS X O
please VBP X O
visit VB X O
our PRP$ X O
website NN X O
: : X O
www NN X O
. . X O
corecruitment NN X O
. . X O
com NN X O
My PRP$ X O

client NN X O
is VBZ X O
a DT X O
VC NNP X O
backed VBD X O
branded VBD X O
start VB X O
up RP X O
business NN X O
with IN X O
links NNS X O
in IN X O
the DT X O
U NNP X O
. . X O
S NNP X O
. . X O
In IN X O

general JJ X O
, , X O
only RB X O
nationals NNS X O
from IN X O
the DT X O
following JJ X O
countries NNS X O
and CC X O
associations NNS X O
of IN X O
countries NNS X O
are VBP X O
eligible JJ X O
for IN X O
employment NN X O
in IN X O
the DT X O
UK NNP X O
Civil NNP X O
Service NNP X O
: : X O
the DT X O
United NNP X O
Kingdom NNP X O
, , X O
the DT X O
Republic NNP X O
of IN X O
Ireland NNP X O
, , X O
the DT X O
Commonwealth NNP X O
, , X O
the DT X O
EEA NNP X O
, , X O
Switzerland NNP X O
and CC X O
Turkey NNP X O
. . X O
Do VBP X O

you PRP X O
want VB X O
to TO X O
work VB X O
with IN X O
some DT X O
of IN X O
Northern NNP X O
Ireland NNP X O
' POS X O
s NN X O
most RBS X O
prestigious JJ X O
companies NNS X O
and CC X O
progress NN X O
to TO X O
Assistant NNP X B-Occupation
Manager NNP X I-Occupation
within IN X O
612 CD X O
months NNS X O
? . X O
Coach NNP X B-Skill

/ NNP X I-Skill
train NN X I-Skill
colleagues NNS X I-Skill
in IN X I-Skill
your PRP$ X I-Skill
specialist NN X I-Skill
products NNS X I-Skill
/ JJ X I-Skill
areas NNS X I-Skill
of IN X I-Skill
expertise NN X I-Skill
. . X O
Our PRP$ X O

client NN X O
would MD X O
like VB X O
to TO X O
see VB X O
CV NNP X O
s NN X O
of IN X O
applicants NNS X O
with IN X O
clean JJ X O
, , X O
ordered JJ X O
portfolios NNS X O
. . X O
There EX X O

is VBZ X O
also RB X O
a DT X O
number NN X O
of IN X O
other JJ X O
care NN X O
related JJ X O
vacancies NNS X O
available JJ X O
should MD X O
your PRP$ X O
experience NN X O
not RB X O
exactly RB X O
match VB X O
the DT X O
above NN X O
or CC X O
should MD X O
you PRP X O
have VB X O
additional JJ X O
experience NN X O
not RB X O
stated VBN X O
Our PRP$ X O

experience NN X O
, , X O
technical JJ X O
support NN X O
and CC X O
our PRP$ X O
standards NNS X O
/ NN X O
tools NNS X O
are VBP X O
utilised VBN X O
in IN X O
more JJR X O
that IN X O
75 CD X O
% NN X O
of IN X O
today NN X O
? . X O
s NN X O
offshore RB X O
pipeline NN X O
projects NNS X O
and CC X O
help NN X O
to TO X O
ensure VB X B-Skill
optimal JJ X I-Skill
solutions NNS X I-Skill
. . X O
In IN X O

addition NN X O
, , X O
the DT X O
suitable JJ X O
Project NNP X B-Occupation
Manager NNP X I-Occupation
must MD X O
also RB X O
be VB X O
competent NN X O
in IN X O
providing VBG X O
project NN X B-Skill
status NN X I-Skill
reports NNS X I-Skill
, , X O
statements NNS X B-Skill
of IN X I-Skill
work NN X I-Skill
and CC X O
have VBP X O
first JJ X O
class NN X O
communication NN X B-Skill
skills NNS X O
with IN X O
both DT X O
technical JJ X O
and CC X O
nontechnical JJ X O
personnel NNS X O
. . X O
Experience NN X B-Skill

in IN X I-Skill
a DT X I-Skill
field NN X I-Skill
service NN X I-Skill
/ NNP X I-Skill
service NN X I-Skill
engineering NN X I-Skill
role NN X I-Skill
coming VBG X O
from IN X O
an DT X O
electrical JJ X B-Skill
/ NN X I-Skill
electronical JJ X I-Skill
background NN X I-Skill
would MD X O
be VB X O
a DT X O
distinct JJ X O
advantage NN X O
. . X O
Overseeing VBG X O

the DT X O
Womenswear NNP X B-Domain
division NN X O
you PRP X O
will MD X O
manage VB X B-Skill
a DT X I-Skill
team NN X I-Skill
of IN X I-Skill
Merchandisers NNS X I-Skill
and CC X I-Skill
Juniors NNS X I-Skill
, , X O
working VBG X B-Skill
to TO X I-Skill
manage VB X I-Skill
stock NN X I-Skill
levels NNS X I-Skill
effectively RB X O
in IN X O
order NN X O
to TO X O
maximise VB X B-Skill
sales NNS X I-Skill
and CC X I-Skill
profitability NN X I-Skill
. . X O
An DT X O

excellent JJ X B-Skill
understanding NN X I-Skill
of IN X I-Skill
VMware NNP X I-Skill
Virtualisation NNP X I-Skill
experience NN X B-Experience
of IN X I-Experience
end NN X I-Experience
to TO X I-Experience
end VB X I-Experience
VMware NNP X I-Experience
build VB X I-Experience
Strong NNP X B-Skill
skills NNS X I-Skill
in IN X I-Skill
Citrix NNP X I-Skill
To TO X O

apply VB X O
for IN X O
this DT X O
position NN X O
, , X O
please VB X O
forward RB X O
your PRP$ X O
CV NN X O
to TO X O
Mike NNP X O
Buick NNP X O
, , X O
ALECTO NNP X O
Recruitment NNP X O
. . X O
**** JJ X O

Plus CC X O
Car NNP X O
Allowance NNP X O
, , X O
24 CD X O
Days NNPS X O
' POS X O
Annual JJ X O
Leave NNP X O
, , X O
Pension NNP X O
Scheme NNP X O
Are NNP X O
you PRP X O
a DT X O
talented JJ X B-Skill
sales NNS X B-Occupation
professional JJ X I-Occupation
with IN X O
expertise NN X B-Skill
in IN X I-Skill
managing VBG X I-Skill
tenders NNS X I-Skill
and CC X I-Skill
business NN X I-Skill
submissions NNS X I-Skill
and CC X O
experience NN X O
of IN X O
managing VBG X B-Skill
a DT X I-Skill
portfolio NN X I-Skill
of IN X I-Skill
service NN X I-Skill
or CC X I-Skill
product NN X I-Skill
types NNS X I-Skill
? . X O
Driving VBG X B-Qualification

licence NN X I-Qualification
and CC X O
access NN X B-Skill
to TO X I-Skill
a DT X I-Skill
car NN X I-Skill
Ability NN X O
to TO X O
work VB X O
at IN X O
least JJS X O
16 CD X O
hours NNS X O
per IN X O
week NN X O
**** JJ X O

K NNP X O
About IN X O
the DT X O
role NN X O
: : X O
A DT X O
challenging JJ X O
opportunity NN X O
for IN X O
a DT X O
qualified JJ X O
ACA NNP X B-Qualification
/ NNP X I-Qualification
ACCA NNP X I-Qualification
in IN X O
a DT X O
management NN X B-Domain
role NN X O
. . X O
In IN X O

addition NN X O
, , X O
you PRP X O
will MD X O
receive VB X O
a DT X O
competitive JJ X O
salary NN X O
plus CC X O
benefits NNS X O
and CC X O
a DT X O
chance NN X O
for IN X O
real JJ X O
career NN X O
progression NN X O
. . X O
Cleaning VBG X B-Occupation

operative NN X I-Occupation
required VBN X O
to TO X O
do VB X O
general JJ X O
office NN X O
cleaning NN X B-Skill
, , X O
mopping NN X B-Skill
, , X O
dusting VBG X B-Skill
, , X O
polishing VBG X B-Skill
. . X O
You PRP X O

will MD X O
need VB X O
to TO X O
be VB X O
the DT X O
kind NN X O
of IN X O
individual NN X O
who WP X O
isn VBP X B-Skill
' '' X I-Skill
t NN X I-Skill
afraid NN X I-Skill
to TO X I-Skill
adopt VB X I-Skill
a DT X I-Skill
' POS X I-Skill
hands NNS X I-Skill
on IN X I-Skill
' '' X I-Skill
role NN X I-Skill
when WRB X O
needed VBN X O
but CC X O
can MD X O
balance VB X O
that DT X O
approach NN X O
with IN X O
strategic JJ X B-Skill
thinking NN X I-Skill
. . X O
The DT X O

hours NNS X O
are VBP X O
based VBN X O
on IN X O
a DT X O
shift NN X O
pattern NN X O
Monday NNP X O
to TO X O
Saturday NNP X O
such PDT X O
that IN X O
you PRP X O
will MD X O
work VB X O
37 CD X O
. . X O
5 CD X O
hours NNS X O
per IN X O
week NN X O
including VBG X O
every DT X O
other JJ X O
Saturday NNP X O
. . X O
Ensure NN X B-Skill

that WDT X I-Skill
material JJ X I-Skill
delivery NN X I-Skill
tickets NNS X I-Skill
are VBP X I-Skill
passed VBN X I-Skill
to TO X I-Skill
the DT X I-Skill
section NN X I-Skill
engineer NN X I-Skill
for IN X I-Skill
cost NN X I-Skill
coding NN X I-Skill
. . X O
Essential JJ X O

qualifications NNS X O
are VBP X O
a DT X O
Qualified NNP X B-Qualification
Teacher NNP X I-Qualification
, , X O
Social NNP X B-Qualification
Worker NNP X I-Qualification
, , X O
Registered NNP X B-Qualification
Mental NNP X I-Qualification
Nurse NNP X I-Qualification
or CC X O
equivalent JJ X O
, , X O
and CC X O
/ VBD X O
or CC X O
higher JJR X B-Qualification
degree JJ X I-Qualification
qualification NN X O
, , X O
postgraduate JJ X B-Qualification
course NN X I-Qualification
, , X O
recognised VBD X B-Qualification
special JJ X I-Qualification
education NN X I-Qualification
qualification NN X O
. . X O
Our PRP$ X O

client NN X O
is VBZ X O
a DT X O
global JJ X O
leader NN X O
in IN X O
the DT X O
design NN X B-Skill
, , X I-Skill
manufacture NN X I-Skill
and CC X I-Skill
distribution NN X I-Skill
of IN X I-Skill
innovative JJ X I-Skill
products NNS X I-Skill
for IN X O
the DT X O
management NN X O
of IN X O
sleep NN X O
disorders NNS X O
. . X O
Apologies NNS X O

, , X O
but CC X O
those DT X O
without IN X O
will MD X O
NOT NNP X O
be VB X O
considered VBN X O
for IN X O
this DT X O
role NN X O
. . X O
Service NNP X B-Occupation

Improvement NNP X I-Occupation
Analyst NNP X I-Occupation
required VBN X O
by IN X O
leading VBG X O
name NN X O
in IN X O
Mobile NNP X B-Domain
Communications NNPS X I-Domain
. . X O
For IN X O

more JJR X O
information NN X O
please NN X O
contact NN X O
Graham NNP X O
Feegan NNP X O
on IN X O
[ NNP X O
contact NN X O
details NNS X O
removed VBD X O
] CD X O
or CC X O
call VB X O
[ JJ X O
contact NN X O
details NNS X O
removed VBD X O
] NN X O
Clear JJ X B-Skill

and CC X I-Skill
defined JJ X I-Skill
targets NNS X I-Skill
for IN X I-Skill
progression NN X I-Skill
Excellent NNP X I-Skill
commission NN X I-Skill
structure NN X I-Skill
Have NNP X O

access NN X O
to TO X O
transport VB X O
We PRP X O
can MD X O
offer VB X O
successful JJ X O
In IN X B-Occupation
Store NNP X I-Occupation
Sales NNS X I-Occupation
Advisors NNS X I-Occupation
chance NN X O
to TO X O
be VB X O
part NN X O
of IN X O
an DT X O
award NN X O
winning VBG X O
company NN X O
with IN X O
opportunities NNS X O
in IN X O
various JJ X O
locations NNS X O
across IN X O
the DT X O
UK NNP X O
through IN X O
2013 CD X O
and CC X O
beyond IN X O
. . X O
facilities NNS X O

is VBZ X O
highly RB X O
desired JJ X O
Experience NNP X O
of IN X O
working VBG X O
in IN X O
drug NN X B-Skill
discovery NN X I-Skill
would MD X O
be VB X O
an DT X O
advantage NN X O
but CC X O
is VBZ X O
not RB X O
essential JJ X O
Dundee NNP X O
, , X O
set VBN X O
on IN X O
the DT X O
eastcoast NN X O
of IN X O
Scotland NNP X O
, , X O
lies VBZ X O
in IN X O
an DT X O
area NN X O
of IN X O
outstanding JJ X O
natural JJ X O
beauty NN X O
, , X O
including VBG X O
large JJ X O
sandy JJ X O
beaches NNS X O
and CC X O
challenging VBG X O
hills NNS X O
. . X O
A DT X O

qualified JJ X B-Qualification
nurse NN X B-Occupation
manager NN X I-Occupation
is VBZ X O
required VBN X O
for IN X O
this DT X O
Head NNP X O
of IN X O
Care NNP X B-Domain
position NN X O
. . X O
we PRP X O

are VBP X O
in IN X O
the DT X O
unique JJ X O
position NN X O
of IN X O
understanding VBG X O
exactly RB X O
what WP X O
you PRP X O
are VBP X O
looking VBG X O
for IN X O
in IN X O
your PRP$ X O
next JJ X O
step NN X O
, , X O
as RB X O
well RB X O
as IN X O
taking VBG X O
the DT X O
time NN X O
to TO X O
fully RB X O
get VB X O
to TO X O
know VB X O
you PRP X O
Randstad NNP X O

Financial NNP X B-Occupation
Professional NNP X I-Occupation
encourage NN X B-Skill
applications NNS X I-Skill
from IN X O
individuals NNS X O
of IN X O
all DT X O
ages NNS X O
backgrounds NNS X O
. . X O
With IN X O

your PRP$ X O
hard JJ X B-Skill
work NN X I-Skill
, , X O
commitment NN X B-Skill
and CC X O
dedication NN X B-Skill
to TO X O
this DT X O
role NN X O
, , X O
the DT X O
successful JJ X O
Project NNP X B-Occupation
Manager NNP X I-Occupation
can MD X O
expect VB X O
a DT X O
salary NN X O
of IN X O
around IN X O
Cost NNP X O

Effective NNP X O
Locum NNP X O
Cars NNP X O
Introduction NNP X O
bonuses VBZ X O
up RP X O
to TO X O
Great NNP X O

opportunity NN X O
for IN X O
an DT X O
experienced JJ X B-Skill
developer NN X I-Skill
with IN X O
strong JJ X O
people NNS X B-Skill
skills NNS X I-Skill
, , X O
looking VBG X O
for IN X O
that DT X O
next JJ X O
move NN X O
up IN X O
the DT X O
ladder NN X O
GROUNDWORK NNP X O

LANCASHIRE NNP X O
WEST NNP X O
WIGAN NNP X O
PERSONAL NNP X O
JOB NNP X O
DETAILS NNP X O
and CC X O
DESCRIPTION NNP X O
January NNP X O
2013 CD X O
Your PRP$ X O

World NNP X O
Healthcare NNP X O
is VBZ X O
currently RB X O
recruiting VBG X O
HDU NNP X B-Occupation
Nurses NNPS X I-Occupation
who WP X O
poses VBZ X O
experience NN X O
of IN X O
caring VBG X B-Skill
for IN X I-Skill
Adult NNP X I-Skill
patients NNS X I-Skill
. . X O
The DT X O

C NNP X B-Occupation
Developer NNP X I-Occupation
must MD X O
have VB X O
at IN X B-Experience
least JJS X I-Experience
3 CD X I-Experience
years NNS X I-Experience
experience NN X I-Experience
in IN X O
C NNP X B-Skill
and CC X O
MVC NNP X B-Skill
. . X O
Checkpoint NNP X B-Skill

installation NN X I-Skill
and CC X O
configuration NN X B-Skill
skills NNS X O
are VBP X O
essential JJ X O
for IN X O
this DT X O
role NN X O
. . X O
This DT X O

is VBZ X O
an DT X O
excellent JJ X O
opportunity NN X O
for IN X O
an DT X O
experienced JJ X B-Experience
Travel NNP X I-Experience
Consultant NNP X I-Experience
/ NNP X I-Experience
Business NNP X I-Experience
Travel NNP X I-Experience
Consultant NNP X I-Experience
with IN X O
a DT X O
passion NN X B-Skill
for IN X I-Skill
sport NN X I-Skill
to TO X O
join VB X O
their PRP$ X O
fantastic JJ X O
team NN X O
in IN X O
Gloucestershire NNP X O
. . X O
and CC X O

'' '' X O
Top NNP X O
Innovative NNP X O
Growing VBG X O
Companies NNS X O
'' '' X O
As IN X O
a DT X O
Senior NNP X B-Occupation
Project NNP X I-Occupation
Manager NNP X I-Occupation
you PRP X O
will MD X O
oversee VB X B-Skill
the DT X I-Skill
IT NNP X I-Skill
delivery NN X I-Skill
of IN X I-Skill
projects NNS X I-Skill
delivering VBG X I-Skill
new JJ X I-Skill
and CC X I-Skill
enhanced JJ X I-Skill
products NNS X I-Skill
to TO X I-Skill
customers NNS X I-Skill
globally RB X I-Skill
. . X O
eRecruit NN X O

Solutions NNP X O
is VBZ X O
a DT X O
flat JJ X O
fee NN X O
online NN X O
recruitment NN X O
company NN X O
, , X O
who WP X O
actively RB X O
recruit NN X O
for IN X O
the DT X O
following JJ X O
roles NNS X O
: : X O
Child NNP X B-Occupation
Care NNP X I-Occupation
, , X O
Social NNP X B-Occupation
Work NNP X I-Occupation
, , X O
Foster NNP X B-Occupation
Carer NNP X I-Occupation
, , X O
Child NNP X B-Occupation
Support NNP X I-Occupation
, , X O
Social NNP X B-Occupation
Care NNP X I-Occupation
, , X O
Residential NNP X B-Occupation
Carer NNP X I-Occupation
, , X O
Youth NNP X B-Occupation
Worker NNP X I-Occupation
, , X O
Foster NNP X B-Occupation
Parent NNP X I-Occupation
in IN X O
Hampshire NNP X O
5 CD X O

days NNS X O
holiday RB X O
, , X O
travel VBP X O
/ JJ X O
mileage NN X O
contribution NN X O
, , X O
uniform NN X O
provided VBD X O
, , X O
flexible JJ X O
working VBG X O
odm NN X O
are VBP X O
looking VBG X O
for IN X O
professional JJ X B-Skill
, , X O
motivated JJ X B-Skill
and CC X O
responsible JJ X B-Skill
sales NNS X B-Occupation
representatives NNS X I-Occupation
to TO X O
join VB X O
the DT X O
existing VBG X O
Sainsbury NNP X O
s VBD X O
Bank NNP X O
sales NNS X B-Domain
team NN X O
to TO X O
support VB X O
a DT X O
nationwide JJ X O
in IN X B-Skill
store NN X I-Skill
sales NNS X I-Skill
project NN X O
for IN X O
Sainsbury NNP X O
s NNP X O
Bank NNP X O
Credit NNP X O
Cards NNP X O
. . X O
Determine VB X B-Skill

the DT X I-Skill
inspection NN X I-Skill
extent NN X I-Skill
and CC X I-Skill
technology NN X I-Skill
requirements NNS X I-Skill
following VBG X I-Skill
RBA NNP X I-Skill
of IN X I-Skill
the DT X I-Skill
allocated JJ X I-Skill
facilities NNS X I-Skill
for IN X O
all DT X O
disciplines NNS X O
. . X O
The DT X O

Service NNP X B-Occupation
Engineer NNP X I-Occupation
Automotive NNP X I-Occupation
Security NNP X I-Occupation
Systems NNP X I-Occupation
, , X O
will MD X O
also RB X O
be VB X O
required VBN X O
to TO X O
travel VB X O
across IN X O
Europe NNP X O
and CC X O
cover VB X O
other JJ X O
parts NNS X O
of IN X O
the DT X O
UK NNP X O
on IN X O
a DT X O
regular JJ X O
basis NN X O
. . X O
Understanding VBG X B-Skill

the DT X I-Skill
impact NN X I-Skill
of IN X I-Skill
areas NNS X I-Skill
of IN X O
work NN X O
in IN X O
order NN X O
to TO X O
achieve VB X O
the DT X O
industry NN X O
standards NNS X O
of IN X O
energy NN X O
settlement NN X O
performance NN X O
, , X O
in IN X O
both DT X O
the DT X O
Half NNP X O
Hourly NNP X O
and CC X O
Non NNP X O
Half NNP X O
Hourly NNP X O
markets NNS X O
. . X O
THE DT X O

CANDIDATE NNP X O
An DT X O
experienced JJ X O
manufacturing NN X B-Domain
engineer NN X B-Occupation
you PRP X O
will MD X O
be VB X O
able JJ X O
to TO X O
provide VB X B-Skill
technical JJ X I-Skill
solutions NNS X I-Skill
to TO X I-Skill
product NN X I-Skill
, , X I-Skill
process NN X I-Skill
and CC X I-Skill
application NN X I-Skill
issues NNS X I-Skill
. . X O
BBBH NNP X O

**** NNP X O
View NNP X O
our PRP$ X O
latest JJS X O
jobs NNS X O
today NN X O
at IN X O
url JJ X O
removed VBN X O
and CC X O
follow VBP X O
us PRP X O
on IN X O
Facebook NNP X O
, , X O
Twitter NNP X O
& CC X O
LinkedIn NNP X O
JAM NNP X O
Recruitment NNP X O
is VBZ X O
acting VBG X O
as IN X O
an DT X O
employment NN X O
agency NN X O
with IN X O
regards NNS X O
to TO X O
this DT X O
position NN X O
**** JJ X O

**** NNP X O
**** NNP X O
or CC X O
submit VB X O
your PRP$ X O
application NN X O
via IN X O
the DT X O
Apply NNP X O
button NN X O
below IN X O
Matchtech NNP X O

is VBZ X O
acting VBG X O
as IN X O
an DT X O
Employment NN X B-Domain
Business NN X O
in IN X O
relation NN X O
to TO X O
this DT X O
vacancy NN X O
. . X O
You PRP X O

can MD X O
also RB X O
follow VB X O
us PRP X O
at IN X O
twitter NN X O
/ VBP X O
facebook NN X O
or CC X O
via IN X O
our PRP$ X O
www NN X O
. . X O
essentialemploy NN X O
. . X O
co NN X O
. . X O
uk NN X O
As IN X O

a DT X O
naturally RB X O
creative JJ X B-Skill
and CC X O
solutions NNS X B-Skill
driven VBP X I-Skill
professional JJ X I-Skill
you PRP X O
want VBP X O
to TO X O
be VB X O
on IN X O
the DT X O
leading VBG X O
edge NN X O
of IN X O
current JJ X O
and CC X O
future JJ X O
technology NN X O
industry NN X O
hype NN X O
cycles NNS X O
. . X O
You PRP X O

must MD X O
be VB X O
a DT X O
self JJ X B-Skill
starter NN X I-Skill
, , X O
able JJ X O
to TO X O
work VB X B-Skill
under IN X I-Skill
pressure NN X I-Skill
and CC X O
always RB X O
be VB X O
cheerful JJ X B-Skill
Experience NNP X I-Skill
in IN X O
a DT X O
similar JJ X O
role NN X O
would MD X O
be VB X O
preferable JJ X O
but CC X O
definitely RB X O
not RB X O
essential JJ X O
. . X O
maintain NN X O

SQL NNP X B-Skill
SSRS NNP X I-Skill
and CC X O
scripts JJ X O
Performance NNP X O
monitoring NN X O
Manage NNP X B-Skill
database NN X I-Skill
backup NN X I-Skill
restore NN X I-Skill
processes VBZ X I-Skill
Write NNP X O
TSQL NNP X B-Skill
code NN X O
for IN X O
reporting NN X O
purposes NNS X O
Requirements NNP X O
Excellent NNP X O
knowledge NN X O
of IN X O
SQL NNP X B-Skill
Working VBG X O

alongside RB X O
some DT X O
the DT X O
most RBS X O
talented JJ X O
people NNS X O
in IN X O
the DT X O
social JJ X O
games NNS X O
industry NN X O
you PRP X O
will MD X O
design VB X B-Skill
and CC X I-Skill
develop VB X I-Skill
new JJ X I-Skill
games NNS X I-Skill
as RB X I-Skill
well RB X I-Skill
as IN X I-Skill
updates NNS X I-Skill
to TO X I-Skill
the DT X I-Skill
current JJ X I-Skill
portfolio NN X I-Skill
for IN X I-Skill
the DT X I-Skill
iPhone NN X I-Skill
/ NNP X I-Skill
iPad NN X I-Skill
, , X O
utilising VBG X B-Skill
the DT X I-Skill
latest JJS X I-Skill
technologies NNS X I-Skill
working VBG X I-Skill
from IN X I-Skill
design NN X I-Skill
concept NN X I-Skill
through IN X I-Skill
to TO X I-Skill
release VB X I-Skill
. . X O
They PRP X O

will MD X O
need VB X O
a DT X O
proactive JJ X B-Skill
approach NN X I-Skill
and CC X O
be VB X O
able JJ X O
to TO X O
prioritise VB X B-Skill
work NN X I-Skill
to TO X I-Skill
a DT X I-Skill
busy JJ X I-Skill
schedule NN X I-Skill
. . X O
Alternatively RB X O

you PRP X O
can MD X O
email VB X O
your PRP$ X O
CV NNP X O
and CC X O
we PRP X O
' '' X O
ll VBP X O
call NN X O
you PRP X O
back VBP X O
. . X O
In IN X O

exchange NN X O
for IN X O
your PRP$ X O
skill NN X O
set VBN X O
and CC X O
commitment NN X O
to TO X O
our PRP$ X O
service NN X O
you PRP X O
will MD X O
not RB X O
only RB X O
receive VBP X O
all DT X O
of IN X O
the DT X O
necessary JJ X O
recruitment NN X O
support NN X O
whilst VBD X O
working VBG X O
for IN X O
Your NNP X O
World NNP X O
Healthcare NNP X O
but CC X O
you PRP X O
will MD X O
also RB X O
enjoy VB X O
a DT X O
full JJ X O
range NN X O
of IN X O
benefits NNS X O
, , X O
including VBG X O
: : X O
Free JJ X O
mobile IN X O
phone NN X O
with IN X O
Organised VBN X B-Skill

, , X O
flexible JJ X B-Skill
and CC X O
able JJ X B-Skill
to TO X I-Skill
manage VB X I-Skill
own JJ X I-Skill
workload NN X I-Skill
effectively RB X I-Skill
, , X O
Confident NNP X B-Skill
, , X I-Skill
positive JJ X I-Skill
and CC X I-Skill
helpful JJ X I-Skill
communications NNS X I-Skill
skills NNS X I-Skill
both DT X I-Skill
verbal JJ X I-Skill
and CC X I-Skill
written VBN X I-Skill
. . X O
To TO X O

operate VB X B-Skill
and CC X I-Skill
support VB X I-Skill
College NNP X I-Skill
' POS X I-Skill
s JJ X I-Skill
Equal JJ X I-Skill
Opportunities NNPS X I-Skill
Policy NNP X I-Skill
, , X O
in IN X O
order NN X O
to TO X O
ensure VB X O
adherence NN X O
throughout IN X O
the DT X O
College NNP X O
. . X O
Screening VBG X B-Skill

and CC X I-Skill
profiling VBG X I-Skill
novel JJ X I-Skill
compounds NNS X I-Skill
Designing VBG X I-Skill
and CC X I-Skill
performing VBG X I-Skill
detailed JJ X I-Skill
mechanism NN X I-Skill
of IN X I-Skill
action NN X I-Skill
studies NNS X I-Skill
Carrying VBG X I-Skill
out RP X I-Skill
data NNS X I-Skill
analysis NN X I-Skill
and CC X I-Skill
relevant JJ X I-Skill
quality NN X I-Skill
assurance NN X I-Skill
protocols NNS X I-Skill
To TO X O

provide VB X O
administrative JJ X B-Skill
support NN X I-Skill
to TO X O
enable VB X O
the DT X O
sales NNS X B-Domain
force NN X O
to TO X O
optimise VB X O
customer NN X O
facing NN X O
time NN X O
. . X O
Will MD X O

log VB X B-Skill
all DT X I-Skill
faults NNS X I-Skill
either CC X I-Skill
manually RB X I-Skill
or CC X I-Skill
in IN X I-Skill
computerised JJ X I-Skill
records NNS X I-Skill
. . X O
You PRP X O

will MD X O
be VB X O
be VB X O
producing VBG X B-Skill
high JJ X I-Skill
quality NN X I-Skill
test NN X I-Skill
plans NNS X I-Skill
, , X I-Skill
automated VBN X I-Skill
architecture NN X I-Skill
and CC X I-Skill
test NN X I-Skill
strategies NNS X I-Skill
to TO X I-Skill
meet VB X I-Skill
product NN X I-Skill
requirements NNS X I-Skill
. . X O
well RB X O

as IN X O
this DT X O
, , X O
they PRP X O
will MD X O
write VB X B-Skill
and CC X I-Skill
update VB X I-Skill
training NN X I-Skill
manuals NNS X I-Skill
and CC X I-Skill
handouts NNS X I-Skill
for IN X I-Skill
training NN X I-Skill
purposes NNS X I-Skill
. . X O
Direct JJ X O

experience NN X O
of IN X O
delivering VBG X B-Skill
social JJ X O
work NN X O
service NN X O
to TO X O
Adult NNP X O
Service NNP X O
Users NNP X O
Clear NNP X O
understanding NN X O
of IN X O
the DT X O
key JJ X O
roles NNS X O
and CC X O
values NNS X O
of IN X O
social JJ X O
work NN X O
and CC X O
the DT X O
difference NN X O
methods NNS X O
of IN X O
social JJ X O
work NN X O
practice NN X O
Able NNP X O
to TO X O
work VB X B-Skill
in IN X I-Skill
partnership NN X I-Skill
with IN X O
Service NNP X O
Users NNP X O
and CC X O
Carers NNP X O
Able NNP X O
to TO X O
work VB X O
with IN X O
other JJ X O
professionals NNS X O
in IN X O
multi NN X O
disciplinary JJ X O
team NN X O
settings NNS X O
Knowledge NNP X B-Skill
of IN X I-Skill
key JJ X I-Skill
legislation NN X I-Skill
that WDT X O
guides VBZ X O
social JJ X O
work NN X O
and CC X O
social JJ X O
care NN X O
with IN X O
adults NNS X O
Produce NNP X O
reports NNS X O
and CC X O
able JJ X O
to TO X O
undertake VB X B-Skill
process NN X I-Skill
of IN X I-Skill
assessment NN X I-Skill
to TO X O
judge NN X O
risk NN X O
, , X O
identity NN X O
need NN X O
and CC X O
arrange VB X O
appropriate JJ X O
services NNS X O
for IN X O
adults NNS X O
Possess NNP X O
CQSW NNP X O
, , X O
Dip NNP X O
SW NNP X O
, , X O
CSS NNP X O
or CC X O
other JJ X O
HCPC NNP X O
recognised VBD X O
social JJ X O
work NN X O
qualification NN X O
To TO X O
discuss VB X O
this DT X O
role NN X O
or CC X O
any DT X O
other JJ X O
Qualified NNP X O
Social NNP X O
Worker NNP X O
jobs NNS X O
in IN X O
the DT X O
West NNP X O
Midlands NNPS X O
Area NNP X O
or CC X O
in IN X O
the DT X O
Social NNP X O
Work NNP X O
field NN X O
please NN X O
contact VB X O
Sam NNP X O
Atkinson NNP X O
at IN X O
the DT X O
Synergy NNP X O
Group NNP X O
on IN X O
Carry NNP X B-Skill

out RP X I-Skill
tender NN X I-Skill
assessment NN X I-Skill
of IN X I-Skill
EC NNP X I-Skill
and CC X I-Skill
I PRP X I-Skill
engineering NN X I-Skill
works VBZ X I-Skill
including VBG X I-Skill
suppliers NNS X I-Skill
, , X O
support NN X B-Skill
to TO X I-Skill
project VB X I-Skill
management NN X I-Skill
on IN X I-Skill
the DT X I-Skill
assessment NN X I-Skill
of IN X I-Skill
bids NNS X I-Skill
. . X O
We PRP X O

are VBP X O
looking VBG X O
for IN X O
someone NN X O
who WP X O
has VBZ X O
the DT X O
thinking NN X B-Skill
and CC X O
capacity NN X B-Skill
to TO X I-Skill
shape VB X I-Skill
the DT X I-Skill
wider NN X I-Skill
aspects NNS X I-Skill
of IN X O
this DT X O
team NN X O
, , X O
leading VBG X O
the DT X O
analysis NN X B-Skill
to TO X O
drive VB X B-Skill
forward RP X I-Skill
the DT X I-Skill
strategy NN X I-Skill
of IN X I-Skill
our PRP$ X I-Skill
brands NNS X I-Skill
and CC X O
with IN X O
the DT X O
ability NN X O
and CC X O
understanding NN X O
to TO X O
quickly RB X O
become VB X O
an DT X O
expert NN X B-Occupation
in IN X O
our PRP$ X O
business NN X B-Domain
. . X O
Be VB X O

a DT X O
team NN X B-Skill
player NN X I-Skill
Be NNP X O
looking VBG X O
for IN X O
a DT X O
new JJ X O
challenge NN X O
Be NNP X O
focused VBN X B-Skill
towards NNS X I-Skill
hitting VBG X I-Skill
targets NNS X I-Skill
For IN X O

this DT X O
role NN X O
you PRP X O
will MD X O
need VB X O
previous JJ X O
experience NN X O
within IN X O
Service NNP X B-Skill
Implementation NNP X I-Skill
/ NNP X I-Skill
Change NNP X I-Skill
Management NNP X I-Skill
with IN X O
previous JJ X O
experience NN X O
using VBG X O
ITIL NNP X B-Skill
. . X O
Project NNP X B-Skill

management NN X I-Skill
experience NN X O
Candidates NNP X O
must MD X O
be VB X O
eligible JJ X O
to TO X O
work VB X O
and CC X O
live VB X O
in IN X O
the DT X O
UK NNP X O
. . X O
The DT X O

ideal JJ X O
candidate NN X O
will MD X O
have VB X O
a DT X B-Experience
minimum NN X I-Experience
of IN X I-Experience
3 CD X I-Experience
years NNS X I-Experience
solid JJ X O
Estate NNP X B-Skill
Agency NNP X I-Skill
Experience NNP X I-Skill
with IN X O
proven JJ X O
background NN X O
. . X O
Proven NNP X O

experience NN X B-Skill
in IN X I-Skill
electronic JJ X I-Skill
or CC X I-Skill
electromechanical JJ X I-Skill
troubleshooting NN X I-Skill
Be NNP X O
skilled VBN X O
in IN X O
reading NN X B-Skill
and CC X I-Skill
interpreting VBG X I-Skill
hydraulic JJ X I-Skill
, , X I-Skill
pneumatic JJ X I-Skill
and CC X I-Skill
electrical JJ X I-Skill
drawings NNS X I-Skill
and CC X I-Skill
schematics NNS X I-Skill
Good NNP X O
innovative JJ X B-Skill
track NN X I-Skill
record NN X I-Skill
Occasionally NNP X O
supervises VBZ X B-Skill
subcontractors NNS X I-Skill
Working VBG X O
to TO X O
estimates NNS X B-Skill
/ JJ X I-Skill
schedule NN X I-Skill
Knowledge NNP X O
and CC X O
Skills NNP X O
Must NNP X O
be VB X O
familiar JJ X B-Skill
with IN X I-Skill
the DT X I-Skill
safe JJ X I-Skill
and CC X I-Skill
effective JJ X I-Skill
use NN X I-Skill
of IN X I-Skill
hand NN X I-Skill
power NN X I-Skill
tools NNS X I-Skill
, , X I-Skill
meters NNS X I-Skill
and CC X I-Skill
measuring VBG X I-Skill
devices NNS X I-Skill
. . X O
This DT X O

can MD X O
be VB X O
part NN X O
time NN X O
3 CD X O
days NNS X O
a DT X O
week NN X O
or CC X O
full JJ X O
time NN X O
5 CD X O
days NNS X O
a DT X O
week NN X O
. . X O
In IN X O

this DT X O
dynamic JJ X O
role NN X O
, , X O
your PRP$ X O
other JJ X O
duties NNS X O
will MD X O
include VB X O
: : X O
Maintaining VBG X B-Skill
financial JJ X I-Skill
security NN X I-Skill
by IN X I-Skill
following VBG X I-Skill
internal JJ X I-Skill
controls NNS X I-Skill
Preparing VBG X I-Skill
payments NNS X I-Skill
through IN X I-Skill
the DT X I-Skill
verification NN X I-Skill
of IN X I-Skill
documentation NN X I-Skill
and CC X O
by IN X O
requesting VBG X B-Skill
disbursements NNS X I-Skill
Complying VBG X I-Skill
with IN X I-Skill
local JJ X I-Skill
and CC X I-Skill
national JJ X I-Skill
financial JJ X I-Skill
legal JJ X I-Skill
requirements NNS X I-Skill
Collecting VBG X I-Skill
, , X O
analysing VBG X B-Skill
, , X O
and CC X O
summarising VBG X B-Skill
account NN X I-Skill
information NN X I-Skill
and CC X I-Skill
trends NNS X I-Skill
Various JJ X O

development NN X O
programmes NNS X O
are VBP X O
also RB X O
available JJ X O
to TO X O
support VB X O
individuals NNS X O
to TO X O
help VB X O
them PRP X O
step VB X O
into IN X O
one CD X O
of IN X O
our PRP$ X O
area NN X O
management NN X O
roles NNS X O
. . X O
technologies NNS X O

such JJ X O
as IN X O
Silverlight NNP X B-Skill
, , X O
WPF NNP X B-Skill
and CC X O
WCF NNP X B-Skill
Microsoft NNP X I-Skill
System NNP X I-Skill
Center NNP X I-Skill
Configuration NNP X I-Skill
Manager NNP X I-Skill
/ NNP X I-Skill
Systems NNP X I-Skill
Management NNP X I-Skill
Server NNP X I-Skill
SaaS NNP X I-Skill
Development NNP X I-Skill
As RB X O

well RB X O
as IN X O
your PRP$ X O
colleagues NNS X O
within IN X O
Finance NNP X B-Domain
, , X O
you PRP X O
will MD X O
also RB X O
be VB X O
working VBG X O
alongside IN X O
a DT X O
team NN X O
of IN X O
designers NNS X B-Occupation
, , X O
and CC X O
Sales NNS X B-Domain
and CC X O
Marketing NN X B-Domain
. . X O
They PRP X O

sell VBP X B-Skill
data NNS X I-Skill
centre NNS X I-Skill
hardware NN X I-Skill
, , X O
IT NNP X B-Skill
hardware VBZ X I-Skill
maintenance NN X I-Skill
and CC X O
the DT X O
associated JJ X O
infrastructure NN X B-Skill
services NNS X I-Skill
, , X O
incorporating VBG X B-Skill
servers NNS X I-Skill
, , X O
storage NN X B-Skill
and CC X I-Skill
disaster NN X I-Skill
recovery NN X I-Skill
services NNS X I-Skill
amongst NN X O
others NNS X O
. . X O
You PRP X O

will MD X O
get VB X O
superb JJ X O
career NN X O
progression NN X O
here RB X O
and CC X O
training VBG X O
in IN X O
their PRP$ X O
flagship NN X O
software NN X B-Domain
product NN X I-Domain
. . X O
Exposed VBN X O

Solutions NNS X O
are VBP X O
recruiting VBG X O
on IN X O
behalf NN X O
of IN X O
their PRP$ X O
client NN X O
; : X O
our PRP$ X O
client NN X O
support NN X O
global JJ X B-Domain
awarding NN X I-Domain
, , X O
assessment NN X B-Domain
and CC X O
educational JJ X B-Domain
bodies NNS X O
in IN X O
reducing VBG X O
administrative JJ X O
pressures NNS X O
, , X O
whilst NN X O
improving VBG X B-Skill
the DT X I-Skill
accuracy NN X I-Skill
and CC X I-Skill
reliability NN X I-Skill
of IN X I-Skill
examination NN X I-Skill
and CC X I-Skill
assessment NN X I-Skill
data NNS X I-Skill
. . X O
In IN X O

return NN X O
Pulse NNP X O
Community NNP X O
Healthcare NNP X O
offer NN X O
: : X O
excellent JJ X O
rates NNS X O
of IN X O
pay NN X O
, , X O
ongoing VBG X O
career NN X O
progression NN X O
and CC X O
development NN X O
, , X O
free JJ X O
mandatory NN X O
training NN X O
and CC X O
a DT X O
dedicated VBN X O
Care NNP X O
Coordinator NNP X O
. . X O
As IN X O

a DT X O
Water NNP X B-Occupation
Treatment NNP X I-Occupation
Engineer NNP X I-Occupation
you PRP X O
will MD X O
be VB X O
expected VBN X O
to TO X O
work VB X B-Skill
to TO X I-Skill
deadlines NNS X I-Skill
and CC X O
have VBP X O
good JJ X O
communication NN X B-Skill
skills NNS X O
, , X O
being VBG X O
able JJ X O
to TO X O
achieve VB X B-Skill
customer NN X I-Skill
satisfaction NN X I-Skill
. . X O
This DT X O

is VBZ X O
a DT X O
fantastic JJ X O
opportunity NN X O
to TO X O
join VB X O
a DT X O
great JJ X O
company NN X O
with IN X O
a DT X O
relaxed JJ X O
working NN X O
environment NN X O
. . X O
This DT X O

role NN X O
will MD X O
require VB X O
someone NN X O
to TO X O
be VB X O
capable JJ X O
of IN X O
prioritising VBG X B-Skill
their PRP$ X I-Skill
work NN X I-Skill
and CC X O
understanding VBG X O
what WP X O
needs VBZ X O
to TO X O
take VB X O
priority NN X O
The DT X O

post NN X B-Occupation
holder NN X I-Occupation
will MD X O
mainly RB X O
be VB X O
responsible JJ X O
for IN X O
the DT X O
organisation NN X B-Skill
of IN X I-Skill
correspondence NN X I-Skill
, , X I-Skill
team NN X I-Skill
emails NNS X I-Skill
and CC X I-Skill
court NN X I-Skill
calendar NN X I-Skill
. . X O
Looking VBG X O

to TO X O
continue VB X O
expansion NN X O
within IN X O
Pharmacovigilance NNP X B-Domain
, , X O
this DT X O
role NN X O
as IN X O
Head NNP X B-Occupation
of IN X I-Occupation
Department NNP X I-Occupation
will MD X O
allow VB X O
you PRP X O
to TO X O
grow VB X O
and CC X O
manage VB X O
your PRP$ X O
team NN X O
. . X O
Procurement NN X O

of IN X O
subcontractors NNS X O
to TO X O
final JJ X O
account NN X O
on IN X O
packages NNS X O
to TO X O
10m CD X O
. . X O
Compass NN X O

Associates NNS X O
are VBP X O
working VBG X O
with IN X O
a DT X O
private JJ X O
medical JJ X O
centre NN X O
in IN X O
the DT X O
East NNP X O
London NNP X O
area NN X O
. . X O
Follow NNP X O

us PRP X O
on IN X O
Twitter NNP X O
or CC X O
connect NN X O
with IN X O
us PRP X O
on IN X O
LinkedIn NNP X O
. . X O
requirements NNS X O

Experience NNP X O
and CC X O
implementation NN X B-Skill
of IN X I-Skill
a DT X I-Skill
formal JJ X I-Skill
escalation NN X I-Skill
process NN X I-Skill
escalation NN X I-Skill
criteria NNS X I-Skill
, , X O
action NN X B-Skill
plan NN X I-Skill
challenging VBG X O
and CC X O
formal JJ X O
escalation NN X O
reporting VBG X O
Excel NNP X B-Skill
and CC X O
MI NNP X B-Skill
Domiciliary NNP X B-Occupation

Care NNP X I-Occupation
Worker NNP X I-Occupation
, , X O
Care NNP X B-Occupation
Assistant NNP X I-Occupation
, , X O
Carer NNP X B-Occupation
, , X O
elderly RB X B-Skill
care NN X I-Skill
, , X O
personal JJ X B-Skill
care NN X I-Skill
, , X O
food NN X B-Skill
preparation NN X I-Skill
, , X O
domestic JJ X B-Skill
duties NNS X I-Skill
, , X O
home NN X B-Skill
care NN X I-Skill
. . X O
To TO X O

programme VB X B-Skill
software NN X I-Skill
using VBG X O
the DT X O
latest JJS X O
technology NN X O
and CC X O
preferred JJ X O
engineering NN X O
techniques NNS X O
. . X O
Produce NNP X B-Skill

reports NNS X I-Skill
and CC X I-Skill
programme JJ X I-Skill
commentary NN X I-Skill
to TO X I-Skill
the DT X I-Skill
Clients NNP X I-Skill
particular JJ X I-Skill
reporting NN X I-Skill
requirements NNS X I-Skill
in IN X I-Skill
P NNP X I-Skill
$ $ X O

package NN X O
Major NNP X O
Bids NNP X O
and CC X O
Contracts NNP X O
Work NNP X O
in IN X O
Sydney NNP X O
and CC X O
be VB X O
a DT X O
key JJ X O
player NN X O
in IN X O
winning VBG X B-Skill
and CC X I-Skill
setting VBG X I-Skill
up RP X I-Skill
Asset NNP X I-Skill
Management NNP X I-Skill
Contracts NNP X I-Skill
for IN X I-Skill
Road NNP X I-Skill
Networks NNP X I-Skill
Upgrades NNP X I-Skill
and CC X I-Skill
Repairs NNP X I-Skill
across IN X O
Australia NNP X O
. . X O
Due JJ X O

to TO X O
unprecedented JJ X O
success NN X O
and CC X O
growth NN X O
of IN X O
the DT X O
Mortgage NNP X B-Domain
Division NNP X O
we PRP X O
will MD X O
be VB X O
looking VBG X O
to TO X O
increase VB X O
the DT X O
Protection NNP X O
Team NNP X O
within IN X O
the DT X O
contact NN X O
centre NN X O
in IN X O
Mays NNP X O
Meadow NNP X O
Belfast NNP X O
Administer NNP X B-Skill

filing NN X I-Skill
which WDT X O
will MD X O
include VB X O
daily JJ X B-Skill
filing NN X I-Skill
and CC X O
the DT X O
opening NN X B-Skill
, , X I-Skill
closing NN X I-Skill
, , X I-Skill
storage NN X I-Skill
and CC X I-Skill
retrieval NN X I-Skill
of IN X I-Skill
client NN X I-Skill
files NNS X I-Skill
in IN X O
accordance NN X O
with IN X O
the DT X O
detailed JJ X O
procedures NNS X O
contained VBN X O
in IN X O
the DT X O
office NN X O
manual NN X O
. . X O
Maintain VB X B-Skill

a DT X I-Skill
safe JJ X I-Skill
working NN X I-Skill
environment NN X I-Skill
by IN X I-Skill
observing VBG X I-Skill
Health NNP X I-Skill
and CC X I-Skill
Safety NNP X I-Skill
regulations NNS X I-Skill
and CC X I-Skill
other JJ X I-Skill
relevant JJ X I-Skill
food NN X I-Skill
hygiene NN X I-Skill
legislation NN X I-Skill
Cleaning NNP X I-Skill
and CC X I-Skill
maintenance NN X I-Skill
of IN X I-Skill
dining VBG X I-Skill
area NN X I-Skill
, , X O
to TO X O
ensure VB X B-Skill
the DT X I-Skill
restaurant NN X I-Skill
is VBZ X I-Skill
always RB X I-Skill
reset VB X I-Skill
for IN X I-Skill
service NN X I-Skill
Supporting VBG X I-Skill
the DT X I-Skill
Chef NNP X I-Skill
in IN X I-Skill
any DT X I-Skill
duties NNS X I-Skill
as IN X I-Skill
and CC X I-Skill
when WRB X I-Skill
requested VBN X I-Skill
To TO X O
be VB X O
considered VBN X O
for IN X O
the DT X O
role NN X O
of IN X O
Front NNP X B-Occupation
of IN X I-Occupation
House NNP X I-Occupation
you PRP X O
must MD X O
have VB X O
: : X O
Experience NN X B-Skill
in IN X I-Skill
a DT X I-Skill
similar JJ X I-Skill
role NN X I-Skill
within IN X O
a DT X O
fine JJ X O
dining NN X O
establishment NN X O
and CC X O
possess NN X O
expert NN X O
knowledge NN X B-Skill
of IN X I-Skill
wine NN X I-Skill
If IN X O

you PRP X O
have VBP X O
the DT X O
required JJ X O
experience NN X O
, , X O
with IN X O
excellent JJ X O
leadership NN X B-Skill
skills NNS X O
internally RB X O
and CC X O
externally RB X O
then RB X O
please VB X O
apply VB X O
for IN X O
the DT X O
ECommerce NNP X B-Occupation
Director NNP X I-Occupation
role NN X O
through IN X O
this DT X O
portal NN X O
or CC X O
feel VB X O
free JJ X O
to TO X O
contact VB X O
Chris NNP X O
Shipley NNP X O
on IN X O
N NNP X O
/ VBP X O
A NNP X O
or CC X O
chriss JJ X O
N NNP X O
/ VBZ X O
A NNP X O
for IN X O
a DT X O
confidential JJ X O
discussion NN X O
about IN X O
this DT X O
or CC X O
other JJ X O
roles NNS X O
we PRP X O
are VBP X O
recruiting VBG X O
for IN X O
. . X O
Consulting NN X O

: : X O
Roadmaps NNP X B-Skill
, , X I-Skill
Solution NNP X I-Skill
Architectures NNP X I-Skill
, , X O
Vendor NNP X B-Skill
Selection NNP X I-Skill
, , X O
Architecture NNP X B-Skill
Assessments NNP X I-Skill
and CC X O
End NNP X B-Skill
User NNP X I-Skill
Experience NNP X I-Skill
Design NNP X I-Skill
. . X O
Working VBG X O

within IN X O
a DT X O
team NN X O
Dealing VBG X B-Skill
with IN X I-Skill
enquiries NNS X I-Skill
for IN X I-Skill
home NN X I-Skill
and CC X I-Skill
motor NN X I-Skill
insurance NN X I-Skill
policies NNS X I-Skill
The DT X O

successful JJ X O
candidate NN X O
will MD X O
be VB X O
expected VBN X O
to TO X O
: : X O
Liaise NN X B-Skill
and CC X I-Skill
maintain VB X I-Skill
relationships NNS X I-Skill
with IN X I-Skill
clients NNS X I-Skill
Take VBP X I-Skill
ownership NN X I-Skill
of IN X I-Skill
all DT X I-Skill
Small NNP X I-Skill
Works NNP X I-Skill
and CC X O
Based VBN X O

at IN X O
their PRP$ X O
state NN X O
of IN X O
the DT X O
art NN X O
campus NN X O
, , X O
this DT X O
exciting VBG X O
new JJ X O
post NN X O
involves NNS X O
: : X O
Delivering NNP X B-Skill
high JJ X I-Skill
quality NN X I-Skill
learning VBG X I-Skill
on IN X I-Skill
Electrical NNP X I-Skill
Installation NNP X I-Skill
programmes VBZ X I-Skill
to TO X O
ensure VB X O
that IN X O
students NNS X O
are VBP X O
fully RB X O
supported VBN X O
to TO X O
achieve VB X O
outstanding JJ X O
results NNS X O
Sharing VBG X B-Skill
your PRP$ X I-Skill
knowledge NN X I-Skill
and CC X I-Skill
skills NNS X I-Skill
with IN X I-Skill
students NNS X I-Skill
to TO X O
help VB X O
them PRP X O
achieve VB X O
at IN X O
the DT X O
highest JJS X O
level NN X O
Adding VBG X B-Skill
value NN X I-Skill
to TO X I-Skill
the DT X I-Skill
curriculum NN X I-Skill
area NN X O
to TO X O
ensure VB X O
continuous JJ X O
improvement NN X O
and CC X O
contributing VBG X O
to TO X O
the DT X O
College NNP X O
s NN X O
journey NN X O
to TO X O
Outstanding VBG X O
Past JJ X O

Experience NN X O
Required NNP X O
Ideally NNP X O
experience NN X O
in IN X O
the DT X O
Leasing NNP X B-Domain
Industry NNP X I-Domain
Customer NNP X B-Skill
Service NNP X I-Skill
Environment NNP X I-Skill
experience NN X I-Skill
The DT X O

successful JJ X O
Health NNP X B-Occupation
Safety NNP X I-Occupation
Advisor NNP X I-Occupation
should MD X O
be VB X O
able JJ X O
to TO X O
demonstrate VB X O
the DT X O
following VBG X O
during IN X O
the DT X O
recruitment JJ X O
process NN X O
: : X O
Minimum NN X B-Qualification
of IN X I-Qualification
NEBOSH NNP X I-Qualification
National NNP X I-Qualification
Certificate NNP X I-Qualification
in IN X O
Occupational NNP X B-Domain
Safety NNP X I-Domain
and CC X O
Health NNP X B-Domain
and CC X O
FPA NNP X B-Domain
or CC X O
NEBOSH NNP X B-Qualification
Fire NNP X I-Qualification
risk NN X I-Qualification
assessment NN X I-Qualification
certificate NN X O
Must NNP X O
have VBP X O
experience NN X O
in IN X O
a DT X O
H NNP X B-Skill
S NNP X I-Skill
role NN X I-Skill
within IN X O
a DT X O
facilities NNS X B-Domain
management NN X I-Domain
sector NN X O
Must NNP X O
be VB X O
willing JJ X O
to TO X O
travel VB X O
throughout IN X O
UK NNP X O
There EX X O

are VBP X O
few JJ X O
audit NN X O
roles NNS X O
that WDT X O
allow VBP X O
you PRP X O
to TO X O
so VB X O
clearly RB X O
see VB X O
how WRB X O
you PRP X O
can MD X O
add VB X O
value NN X O
. . X O
The DT X O

working JJ X O
environment NN X O
is VBZ X O
collaborative JJ X O
, , X O
therefore RB X O
strong JJ X O
communication NN X B-Skill
skills NNS X I-Skill
are VBP X O
paramount NN X O
to TO X O
the DT X O
role NN X O
where WRB X O
you PRP X O
will MD X O
also RB X O
be VB X O
able JJ X O
to TO X O
adapt VB X O
quickly RB X O
to TO X O
changing VBG X O
requirements NNS X O
. . X O
The DT X O

Person NNP X O
Highly NNP X O
technical JJ X B-Skill
you PRP X O
will MD X O
relish VB X O
the DT X O
intellectual JJ X O
challenges NNS X O
of IN X O
working VBG X B-Skill
for IN X I-Skill
a DT X I-Skill
diverse JJ X I-Skill
client NN X I-Skill
base NN X I-Skill
. . X O
The DT X O

role NN X O
will MD X O
require VB X O
the DT X O
individual NN X O
to TO X O
install VB X B-Skill
medium NN X I-Skill
to TO X I-Skill
large JJ X I-Skill
scale JJ X I-Skill
Access NNP X I-Skill
Control NNP X I-Skill
, , X I-Skill
CCTV NNP X I-Skill
and CC X I-Skill
Door NNP X I-Skill
Entry NNP X I-Skill
Security NNP X I-Skill
Systems NNPS X I-Skill
as IN X O
part NN X O
of IN X O
construction NN X O
projects NNS X O
or CC X O
new JJ X O
build JJ X O
installations NNS X O
. . X O
You PRP X O

' '' X O
ll NNS X O
have VBP X O
previous JJ X O
experience NN X O
and CC X O
a DT X O
sound JJ X O
understanding NN X O
of IN X O
working VBG X B-Skill
with IN X I-Skill
those DT X I-Skill
with IN X I-Skill
a DT X I-Skill
Dementia NNP X I-Skill
. . X O
Will MD X O

have VB X O
strong JJ X O
skills NNS X O
in IN X O
writing VBG X B-Skill
web JJ X I-Skill
copy NN X I-Skill
, , X O
possibly RB X O
for IN X O
a DT X O
technical JJ X O
sales NNS X B-Domain
environment NN X O
. . X O
In IN X O

the DT X O
Middle NNP X O
East NNP X O
, , X O
Carillion NNP X O
s VBZ X O
principal JJ X O
market NN X O
sectors NNS X O
are VBP X O
Construction NNP X B-Domain
and CC X O
Facilities NNP X B-Domain
Management NNP X I-Domain
. . X O
You PRP X O

will MD X O
be VB X O
fully RB X O
conversant JJ X O
with IN X O
modern JJ X B-Skill
project NN X I-Skill
control NN X I-Skill
techniques NNS X I-Skill
and CC X O
have VBP X O
experience VBN X O
in IN X O
the DT X O
Preparation NNP X B-Skill
of IN X I-Skill
Proposals NNP X I-Skill
, , X O
Design NNP X B-Skill
Review NNP X I-Skill
and CC X O
Testing NNP X B-Skill
and CC X O
Commissioning NNP X B-Skill
. . X O
This DT X O

role NN X O
includes VBZ X O
having VBG X O
increased VBN X O
responsibility NN X O
to TO X O
motivate VB X B-Skill
your PRP$ X I-Skill
team NN X I-Skill
members NNS X I-Skill
as RB X O
well RB X O
as IN X O
continuing VBG X O
to TO X O
process VB X B-Skill
customer NN X I-Skill
bets NNS X I-Skill
, , X O
complete JJ X O
administrative JJ X B-Skill
duties NNS X I-Skill
, , X O
support NN X B-Skill
and CC X I-Skill
drive VB X I-Skill
our PRP$ X I-Skill
fun NN X I-Skill
machine NN X I-Skill
tournaments NNS X I-Skill
, , X O
and CC X O
ensure VB X B-Skill
that IN X I-Skill
the DT X I-Skill
shop NN X I-Skill
is VBZ X I-Skill
kept VBN X I-Skill
presentable JJ X I-Skill
. . X O
Able JJ X O

to TO X O
capture VB X B-Skill
requirements NNS X I-Skill
in IN X I-Skill
clear JJ X I-Skill
and CC X I-Skill
logical JJ X I-Skill
manner NN X I-Skill
. . X O
This DT X O

is VBZ X O
a DT X O
well RB X B-Skill
established VBN X I-Skill
office NN X O
with IN X O
an DT X O
excellent JJ X O
track NN X O
record NN X O
of IN X O
success NN X O
and CC X O
needs VBZ X O
a DT X O
strong JJ X O
Manager NNP X B-Occupation
to TO X O
push VB X O
this DT X O
business NN X O
on IN X O
to TO X O
the DT X O
next JJ X O
level NN X O
You PRP X O
MUST NNP X O
already RB X O
be VB X O
working VBG X O
as IN X O
a DT X O
Care NNP X B-Occupation
Manager NNP X I-Occupation
or CC X O
as IN X O
a DT X O
Domiciliary NNP X B-Occupation
Care NNP X I-Occupation
Manager NNP X I-Occupation
in IN X O
this DT X O
sector NN X O
and CC X O
already RB X O
have VB X O
a DT X O
successful JJ X O
track NN X O
record NN X O
of IN X O
longevity NN X O
and CC X O
achievement NN X O
. . X O
My PRP$ X O

client NN X O
has VBZ X O
also RB X O
stated VBN X O
that IN X O
there EX X O
will MD X O
be VB X O
opportunities NNS X O
to TO X O
undertake VB X O
your PRP$ X O
Level NNP X B-Qualification
5 CD X I-Qualification
Diploma NNP X I-Qualification
in IN X I-Qualification
Health NNP X I-Qualification
and CC X I-Qualification
Social NNP X I-Qualification
Care NNP X I-Qualification
if IN X O
you PRP X O
do VBP X O
not RB X O
already RB X O
have VB X O
your PRP$ X O
RMA NNP X B-Qualification
or CC X O
similar JJ X B-Qualification
qualification NN X I-Qualification
. . X O
working VBG X O

days NNS X O
please VB X O
assume VB X O
that IN X O
you PRP X O
have VBP X O
not RB X O
been VBN X O
successful JJ X O
. . X O
Build VB X O

the DT X O
relevant JJ X O
business NN X B-Domain
case NN X O
or CC X O
change NN X O
request NN X O
and CC X O
gain NN X O
buyin NN X O
from IN X O
the DT X O
business NN X B-Domain
. . X O
To TO X O

find VB X O
out RP X O
more RBR X O
about IN X O
us PRP X O
please VB X O
Join NNP X O
the DT X O
Ashley NNP X O
Kate NNP X O
HR NNP X B-Domain
LinkedIn NNP X O
group NN X O
And CC X O
follow VBP X O
us PRP X O
on IN X O
The DT X O

aim NN X O
is VBZ X O
to TO X O
use VB X B-Skill
realtime JJ X I-Skill
computer NN X I-Skill
vision NN X I-Skill
as IN X I-Skill
a DT X I-Skill
way NN X I-Skill
of IN X I-Skill
pushing VBG X I-Skill
the DT X I-Skill
frontiers NNS X I-Skill
for IN X I-Skill
the DT X I-Skill
practical JJ X I-Skill
architectures NNS X I-Skill
and CC X I-Skill
system NN X I-Skill
software NN X I-Skill
at IN X I-Skill
the DT X I-Skill
heart NN X I-Skill
of IN X I-Skill
future JJ X I-Skill
massmarket NN X I-Skill
devices NNS X I-Skill
building VBG X I-Skill
the DT X I-Skill
foundation NN X I-Skill
for IN X I-Skill
future JJ X I-Skill
applications NNS X I-Skill
based VBN X I-Skill
on IN X I-Skill
full JJ X I-Skill
awareness NN X I-Skill
of IN X I-Skill
the DT X I-Skill
threedimensional JJ X I-Skill
environment NN X I-Skill
. . X O
They PRP X O

will MD X O
be VB X O
incredibly RB X O
customer NN X B-Skill
orientated VBD X I-Skill
ensuring VBG X O
that IN X O
the DT X O
customer NN X O
experience NN X O
is VBZ X O
second JJ X O
to TO X O
none NN X O
. . X O
Working VBG X O

with IN X O
some DT X O
of IN X O
the DT X O
leading VBG X O
employers NNS X O
around IN X O
the DT X O
world NN X O
, , X O
Advantage NNP X O
offers VBZ X O
global JJ X O
contract NN X O
and CC X O
permanent JJ X O
career NN X O
opportunities NNS X O
across IN X O
a DT X O
wide JJ X O
range NN X O
of IN X O
industries NNS X O
and CC X O
sectors NNS X O
. . X O
What WP X O

is VBZ X O
expected VBN X O
of IN X O
you PRP X O
as IN X O
a DT X O
Head NNP X B-Occupation
of IN X I-Occupation
Care NNP X I-Occupation
**** NN X O

Produce NNP X B-Skill
regular JJ X I-Skill
written VBN X I-Skill
reports NNS X I-Skill
for IN X I-Skill
senior JJ X I-Skill
management NN X I-Skill
detailing VBG X I-Skill
incidents NNS X I-Skill
and CC X I-Skill
project NN X I-Skill
updates NNS X I-Skill
How WRB X O

To TO X O
Apply VB X O
For IN X O
further JJ X O
information NN X O
about IN X O
the DT X O
role NN X O
or CC X O
to TO X O
receive VB X O
a DT X O
full JJ X O
job NN X O
description NN X O
and CC X O
summary NN X O
of IN X O
the DT X O
role NN X O
, , X O
please VB X O
register VB X O
your PRP$ X O
interest NN X O
by IN X O
applying VBG X O
for IN X O
the DT X O
position NN X O
using VBG X O
the DT X O
instructions NNS X O
on IN X O
the DT X O
page NN X O
and CC X O
you PRP X O
will MD X O
be VB X O
contacted VBN X O
in IN X O
due JJ X O
course NN X O
. . X O
Good JJ X O

telephone NN X B-Skill
manner NN X I-Skill
and CC X O
excellent JJ X O
attention NN X B-Skill
to TO X I-Skill
detail VB X I-Skill
whilst NN X O
performing VBG X O
high JJ X O
volume NN X O
tasks NNS X O
with IN X O
a DT X O
personal JJ X B-Skill
commitment NN X I-Skill
to TO X I-Skill
work VB X I-Skill
accuracy NN X O
is VBZ X O
essential JJ X O
. . X O
odm NN X O

is VBZ X O
one CD X O
of IN X O
the DT X O
UK NNP X O
' POS X O
s NN X O
leading VBG X O
Field NNP X O
Marketing NNP X B-Domain
and CC X O
Sales NNS X B-Domain
companies NNS X O
. . X O
You PRP X O

will MD X O
ideally RB X O
have VB X O
a DT X O
background NN X O
in IN X O
database NN X B-Skill
design NN X I-Skill
and CC X O
a DT X O
focus NN X O
on IN X O
high JJ X B-Skill
quality NN X I-Skill
delivery NN X I-Skill
. . X O
The DT X O

impact NN X O
you PRP X O
will MD X O
have VB X O
on IN X O
patients NNS X O
lives NNS X O
will MD X O
go VB X O
far RB X O
beyond IN X O
care NN X B-Skill
giving VBG X O
them PRP X O
independence NN X O
, , X O
choice NN X O
and CC X O
privacy NN X O
. . X O
We PRP X O

regret VBP X O
that DT X O
due JJ X O
to TO X O
volume NN X O
, , X O
only RB X O
shortlisted VBD X O
applicants NNS X O
will MD X O
be VB X O
contacted VBN X O
, , X O
therefore RB X O
if IN X O
you PRP X O
do VBP X O
not RB X O
hear VB X O
from IN X O
one CD X O
of IN X O
our PRP$ X O
consultants NNS X O
within IN X O
A DT X O

successful JJ X B-Skill
and CC X O
motivated JJ X B-Skill
professional NN X B-Occupation
you PRP X O
will MD X O
have VB X O
extensive JJ X O
experience NN X O
and CC X O
knowledge NN X O
of IN X O
the DT X O
investment NN X B-Domain
arena NN X I-Domain
and CC X O
IFA NNP X B-Domain
marketplace NN X I-Domain
. . X O
/ NN X O

Agile NNP X B-Skill
and CC X O
/ NNP X O
or CC X O
Scrum NNP X B-Skill
methodology NN X I-Skill
experience NN X I-Skill
Data NNP X I-Skill
Warehouse NNP X I-Skill
/ NNP X I-Skill
Business NNP X I-Skill
Intelligence NNP X I-Skill
knowledge NN X I-Skill
, , X O
i NN X O
. . X O
e NN X O
. . X O
Kimball NNP X B-Skill
, , X O
OLAP NNP X B-Skill
, , X O
The DT X O

practice NN X O
is VBZ X O
complemented VBN X O
by IN X O
a DT X O
large JJ X O
and CC X O
supportive JJ X O
team NN X O
, , X O
which WDT X O
includes VBZ X O
other JJ X O
resident JJ X O
Optometrists NNS X O
. . X O
37 CD X O

. . X O
5 CD X O
hours NNS X O
per IN X O
week NN X O
, , X O
Monday NNP X O
to TO X O
Friday NNP X O
which WDT X O
may MD X O
vary VB X O
according VBG X O
to TO X O
the DT X O
needs NNS X O
of IN X O
the DT X O
business NN X O
As IN X O

an DT X O
Optometrist NNP X B-Occupation
you PRP X O
will MD X O
be VB X O
responsible JJ X O
for IN X O
thorough JJ X B-Skill
eye NN X I-Skill
examinations NNS X I-Skill
, , X O
contact NN X B-Skill
lens JJ X I-Skill
assessments NNS X I-Skill
and CC X O
aftercares NNS X B-Skill
and CC X O
assisting VBG X B-Skill
colleagues NNS X I-Skill
when WRB X O
necessary JJ X O
to TO X O
ensure VB X O
the DT X O
practice NN X O
operates VBZ X O
smoothly RB X O
. . X O
As IN X O

a DT X O
result NN X O
we PRP X O
are VBP X O
looking VBG X O
to TO X O
recruit VB X O
key JJ X O
marketing NN X B-Skill
roles NNS X O
to TO X O
support VB X O
that DT X O
growth NN X O
. . X O
The DT X O

ideal JJ X O
candidate NN X O
will MD X O
have VB X O
experience NN X O
in IN X O
a DT X O
similar JJ X O
role NN X O
along IN X O
with IN X O
Main JJ X O

duties NNS X O
: : X O
Obtaining NN X B-Skill
required VBN X I-Skill
information NN X I-Skill
from IN X I-Skill
individuals NNS X I-Skill
in IN X I-Skill
the DT X I-Skill
team NN X I-Skill
to TO X O
ensure VB X O
entry NN X B-Skill
of IN X I-Skill
all DT X I-Skill
contact NN X I-Skill
and CC X I-Skill
job NN X I-Skill
data NNS X I-Skill
into IN X I-Skill
central JJ X I-Skill
systems NNS X I-Skill
and CC X O
completion NN X B-Skill
of IN X I-Skill
required VBN X I-Skill
paperwork NN X I-Skill
. . X I-Skill
This DT X O

is VBZ X O
an DT X O
opportunity NN X O
to TO X O
join VB X O
one CD X O
of IN X O
the DT X O
professions NNS X O
biggest JJS X O
real JJ X B-Domain
estate NN X I-Domain
litigation NN X O
teams NNS X O
, , X O
handling VBG X O
high JJ X O
quality NN X O
work NN X O
and CC X O
offering VBG X O
genuine JJ X O
career NN X O
development NN X O
opportunities NNS X O
. . X O
The DT X O

Travellers NNP X O
Home NNP X O
is VBZ X O
special JJ X O
because IN X O
The DT X O
Travellers NNP X O
Home NNP X O
is VBZ X O
set VBN X O
in IN X O
the DT X O
heart NN X O
of IN X O
leafy JJ X O
Bexley NNP X O
Heath NNP X O
, , X O
but CC X O
still RB X O
within IN X O
You PRP X O

will MD X O
be VB X O
responsible JJ X O
in IN X O
ensuring VBG X B-Skill
efficient JJ X I-Skill
and CC X I-Skill
effective JJ X I-Skill
cleanliness NN X I-Skill
throughout IN X I-Skill
the DT X I-Skill
kitchen NN X I-Skill
, , X O
maintaining VBG X B-Skill
standards NNS X I-Skill
of IN X I-Skill
cleanliness NN X I-Skill
relating VBG X I-Skill
to TO X I-Skill
the DT X I-Skill
working VBG X I-Skill
areas NNS X I-Skill
and CC X I-Skill
equipment NN X I-Skill
in IN X I-Skill
the DT X I-Skill
kitchen NN X I-Skill
, , X O
complying VBG X B-Skill
with IN X I-Skill
company NN X I-Skill
standards NNS X I-Skill
and CC X I-Skill
legal JJ X I-Skill
requirements NNS X I-Skill
Due JJ X O

to TO X O
continued JJ X O
success NN X O
there EX X O
is VBZ X O
now RB X O
a DT X O
requirement NN X O
for IN X O
an DT X O
additional JJ X O
Telecoms NNP X B-Domain
Field NNP X I-Domain
Sales NNS X B-Occupation
Executive NNP X I-Occupation
to TO X O
join VB X O
the DT X O
team NN X O
. . X O
Summarising VBG X B-Skill

current JJ X I-Skill
financial JJ X I-Skill
status NN X I-Skill
, , X O
you PRP X O
will MD X O
substantiate VB X B-Skill
transactions NNS X I-Skill
by IN X I-Skill
auditing VBG X I-Skill
documents NNS X I-Skill
and CC X O
maintain VBP X B-Skill
accounting NN X I-Skill
controls NNS X I-Skill
by IN X I-Skill
preparing VBG X I-Skill
and CC X I-Skill
recommending VBG X I-Skill
policies NNS X I-Skill
and CC X I-Skill
procedures NNS X I-Skill
. . X O
depending VBG X O

on IN X O
experience NN X O
plus CC X O
market NN X O
leading VBG X O
benefits NNS X O
package NN X O
For IN X O
further JJ X O
information NN X O
please NN X O
contact NN X O
Gemma NNP X O
Murphy NNP X O
in IN X O
the DT X O
strictest JJS X O
confidence NN X O
on IN X O
Strong JJ X B-Skill

experience NN X I-Skill
gained VBN X I-Skill
as IN X O
an DT X O
Automation NNP X B-Occupation
Engineer NNP X I-Occupation
OR NNP X O
Controls NNP X B-Occupation
Engineer NNP X I-Occupation
OR NNP X O
PLC NNP X B-Occupation
Programmer NNP X I-Occupation
ESSENTIAL NNP X O
Candidates NNP X O
suitable JJ X O
for IN X O
this DT X O
position NN X O
can MD X O
live VB X O
anywhere RB X O
in IN X O
the DT X O
following JJ X O
Ashbourne NNP X O
Buxton NNP X O
Cannock NNP X O
Chester NNP X O
Crewe NNP X O
Derby NNP X O
Leek NNP X O
Macclesfield NNP X O
NewcastleunderLyme NNP X O
Oswestry NNP X O
Rugeley NNP X O
Shrewsbury NNP X O
Stafford NNP X O
StokeonTrent NNP X O
Telford NNP X O
Wrexham NNP X O
Uttoexter NNP X O
Additional NNP X O
Resources NNPS X O
Ltd NNP X O
is VBZ X O
an DT X O
Employment JJ X O
Business NN X O
and CC X O
an DT X O
Employment JJ X O
Agency NN X O
as IN X O
defined VBN X O
within IN X O
The DT X O
Conduct NNP X O
of IN X O
Employment NNP X O
Agencies NNP X O
& CC X O
Employment NNP X O
Businesses NNP X O
Regulations NNP X O
We PRP X O

are VBP X O
currently RB X O
recruiting VBG X O
for IN X O
a DT X O
number NN X O
of IN X O
Electrical JJ X B-Occupation
Installation NNP X I-Occupation
Design NNP X I-Occupation
Engineer NNP X I-Occupation
to TO X O
be VB X O
based VBN X O
in IN X O
Derby NNP X O
on IN X O
a DT X O
contract NN X O
minimum NN X O
of IN X O
6 CD X O
months NNS X O
The DT X O

core NN X O
team NN X O
have VBP X O
many JJ X O
years NNS X O
of IN X O
experience NN X O
and CC X O
are VBP X O
the DT X O
leading VBG X O
experts NNS X O
on IN X O
business NN X O
and CC X O
industrial JJ X O
parks NNS X O
. . X O
Ideally RB X O

you PRP X O
will MD X O
have VB X O
some DT X O
knowledge NN X B-Skill
of IN X I-Skill
other JJ X I-Skill
app NN X I-Skill
development NN X I-Skill
iOS NN X I-Skill
/ NN X I-Skill
Windows NNP X I-Skill
phone NN X I-Skill
, , X O
as RB X O
well RB X O
as IN X O
experience NN X B-Skill
with IN X I-Skill
crossbrowser NN X I-Skill
technologies NNS X I-Skill
such JJ X I-Skill
as IN X I-Skill
HTML5 NNP X I-Skill
. . X O
his PRP$ X O

**** NN X O
s NN X O
and CC X O
has VBZ X O
autism NN X O
and CC X O
can MD X O
display VB X O
challenging JJ X O
behaviours NNS X O
, , X O
he PRP X O
lives VBZ X O
in IN X O
his PRP$ X O
own JJ X O
tenancy NN X O
with IN X O
This DT X O

would MD X O
suit VB X O
a DT X O
Kitchen NNP X B-Occupation
Manager NNP X I-Occupation
from IN X O
a DT X O
Themed NNP X B-Domain
Restaurant NNP X I-Domain
or CC X O
Branded NNP X B-Domain
Pub NNP X I-Domain
Operation NNP X I-Domain
who WP X O
is VBZ X O
able JJ X O
to TO X O
show VB X O
the DT X O
following JJ X O
key JJ X O
skills NNS X O
: : X O
v NN X O
Business NNP X B-Skill
development NN X I-Skill
v NN X O
Must NNP X O
be VB X O
able JJ X O
to TO X O
direct VB X B-Skill
, , X I-Skill
grow VB X I-Skill
and CC X I-Skill
develop VB X I-Skill
a DT X I-Skill
team NN X I-Skill
v NN X O
Must NNP X O
have VBP X O
Strong NNP X O
Kitchen NNP X B-Skill
Management NNP X I-Skill
Skills NNP X I-Skill
v NN X O
Be NNP X B-Skill
creative JJ X I-Skill
and CC X I-Skill
passionate JJ X I-Skill
Please NNP X O
note NN X O
only RB X O
candidates NNS X O
eligible JJ X O
to TO X O
live VB X O
and CC X O
work VB X O
in IN X O
the DT X O
UK NNP X O
can MD X O
apply VB X O
. . X O
My PRP$ X O

client NN X O
is VBZ X O
a DT X O
growing VBG X O
design NN X B-Domain
agency NN X O
providing VBG X O
integrated VBN X O
digital JJ X O
traditional JJ X O
design NN X O
business NN X O
consultancy NN X O
services NNS X O
. . X O
A DT X O

background NN X O
in IN X O
Customer NNP X B-Skill
Services NNPS X I-Skill
is VBZ X O
essential JJ X O
and CC X O
knowledge NN X O
of IN X O
IT NNP X B-Skill
is VBZ X O
desirable JJ X O
My PRP$ X O

client NN X O
is VBZ X O
the DT X O
UK NNP X O
' POS X O
s NN X O
largest JJS X O
technical JJ X B-Domain
facilities NNS X I-Domain
management NN X I-Domain
operation NN X O
employing VBG X O
in IN X O
excess NN X O
of IN X O
the DT X O

agreed JJ X O
commercial JJ X O
performance NN X O
in IN X O
each DT X O
measured VBN X O
department NN X O
and CC X O
achieve VBP X O
SLA NNP X O
s NN X O
and CC X O
targets NNS X O
set VBN X O
for IN X O
the DT X O
team NN X O
Analyse NNP X B-Skill

and CC X I-Skill
updated VBN X I-Skill
as IN X I-Skill
required JJ X I-Skill
electrical JJ X I-Skill
drawings NNS X I-Skill
, , X O
P NNP X B-Skill
s NN X I-Skill
and CC X I-Skill
O NNP X I-Skill
& CC X I-Skill
M NNP X I-Skill
manuals NNS X I-Skill
. . X O
Great NN X B-Skill

on IN X I-Skill
the DT X I-Skill
phone NN X I-Skill
, , X O
professional JJ X B-Skill
and CC X O
quick JJ X B-Skill
to TO X I-Skill
build VB X I-Skill
trust NN X I-Skill
. . X O
JQuery NNP X B-Skill

Ability NNP X O
to TO X O
develop VB X B-Skill
modern JJ X I-Skill
world NN X I-Skill
UI NN X I-Skill
with IN X O
specific JJ X O
detail NN X O
to TO X O
user VB X O
experience NN X O
SVN NNP X B-Skill
Web NNP X I-Skill
services NNS X I-Skill
Supervision NNP X B-Skill

/ NNP X O
mentoring VBG X B-Skill
skills NNS X O
, , X O
and CC X O
any DT X O
SCADA NNP X B-Skill
configuration NN X I-Skill
knowledge NN X O
advantageous JJ X O
. . X O
Please VB X O

visit VB X O
our PRP$ X O
website NN X O
at IN X O
www NN X O
. . X O
elevationrecruitment NN X O
. . X O
com NN X O
for IN X O
more JJR X O
information NN X O
on IN X O
: : X O
Sales NNS X B-Domain
Jobs NNP X O
or CC X O
Sales NNS X B-Domain
Recruitment NNP X I-Domain
Marketing NNP X I-Domain
Jobs NNP X O
or CC X O
Marketing NNP X B-Domain
Recruitment NNP X I-Domain
As IN X O

part NN X O
of IN X O
their PRP$ X O
continuous JJ X O
growth NN X O
strategy NN X O
to TO X O
perform VB X B-Skill
rigless NN X I-Skill
/ NNP X I-Skill
riserless NN X I-Skill
Plug NNP X I-Skill
they PRP X O
are VBP X O
currently RB X O
looking VBG X O
for IN X O
an DT X O
experienced JJ X O
Subsea NNP X B-Skill
Plug NNP X I-Skill
and CC X O
Abandonment NNP X B-Skill
Speciali NNP X I-Skill
If IN X O

you PRP X O
are VBP X O
interested JJ X O
in IN X O
applying VBG X O
for IN X O
this DT X O
role NN X O
please VB X O
send VB X O
your PRP$ X O
CV NNP X O
through IN X O
the DT X O
link NN X O
to TO X O
Katie NNP X O
Durkin NNP X O
now RB X O
. . X O
PHP NNP X B-Skill

Experience NNP X I-Skill
developing VBG X I-Skill
within IN X I-Skill
a DT X I-Skill
team NN X I-Skill
using VBG X I-Skill
Git NNP X I-Skill
/ NNP X I-Skill
Unfuddle NNP X I-Skill
or CC X I-Skill
similar JJ X I-Skill
versioning VBG X I-Skill
workflow JJ X I-Skill
Experience NN X I-Skill
with IN X I-Skill
popular JJ X I-Skill
third JJ X I-Skill
party NN X I-Skill
API NNP X I-Skill
s NN X I-Skill
All DT X O

successful JJ X O
candidates NNS X O
will MD X O
be VB X O
subject JJ X O
to TO X O
an DT X O
Enhanced NNP X O
DBS NNP X O
check NN X O
for IN X O
Regulated NNP X O
Activity NNP X O
, , X O
which WDT X O
will MD X O
include VB X O
a DT X O
check NN X O
against IN X O
both CC X O
the DT X O
Barred NNP X O
adult NN X O
and CC X O
children NNS X O
lists NNS X O
. . X O
Ensuring VBG X B-Skill

the DT X I-Skill
ecommerce NN X I-Skill
websites NNS X I-Skill
are VBP X I-Skill
maintained VBN X I-Skill
in IN X O
terms NNS X O
of IN X O
: : X O
Products NNS X B-Skill
, , X O
prices NNS X B-Skill
, , X I-Skill
colours NNS X I-Skill
, , X O
description NN X B-Skill
and CC X I-Skill
summary JJ X I-Skill
, , X O
dimensions NNS X B-Skill
, , X O
publishing NN X B-Skill
. . X O
In IN X O

return NN X O
our PRP$ X O
client NN X O
, , X O
who WP X O
is VBZ X O
based VBN X O
in IN X O
Reading NNP X O
, , X O
offers VBZ X O
a DT X O
high JJ X O
basic JJ X O
salary NN X O
, , X O
the DT X O
opportunity NN X O
to TO X O
sell VB X O
both DT X O
new JJ X O
and CC X O
used JJ X O
vehicles NNS X O
from IN X O
across IN X O
the DT X O
range NN X O
and CC X O
a DT X O
high JJ X O
OTE NNP X O
. . X O
At IN X O

Barchester NNP X O
you PRP X O
will MD X O
be VB X O
faced VBN X O
with IN X O
a DT X O
range NN X O
of IN X O
exciting VBG X O
careers NNS X O
, , X O
training NN X O
and CC X O
challenges NNS X O
. . X O
This DT X O

is VBZ X O
an DT X O
opportunity NN X O
to TO X O
learn VB X O
from IN X O
a DT X O
high JJ X O
calibre NN X O
team NN X O
within IN X O
a DT X O
dynamic JJ X B-Skill
and CC X O
growing VBG X B-Skill
organisation NN X O
& CC X O
could MD X O
possibly RB X O
progress VB X O
to TO X O
more JJR X O
senior JJ X O
positions NNS X O
if IN X O
you PRP X O
show VBP X O
potential JJ X O
. . X O
In IN X O

accordance NN X O
with IN X O
the DT X O
Employment NNP X O
Agencies NNPS X O
and CC X O
Employment NNP X B-Domain
Businesses NNP X I-Domain
Regulations NNP X O
As IN X O

a DT X O
Senior NNP X B-Occupation
Therapeutic NNP X I-Occupation
Practitioner NNP X I-Occupation
you PRP X O
will MD X O
be VB X O
required VBN X O
to TO X O
support VB X O
the DT X O
Therapeutic NNP X B-Occupation
Team NN X I-Occupation
Managers NNPS X I-Occupation
to TO X O
ensure VB X O
that IN X O
a DT X O
therapeutic JJ X B-Domain
environment NN X I-Domain
is VBZ X O
developed VBN X O
and CC X O
maintained VBN X O
within IN X O
the DT X O
services NNS X B-Domain
by IN X O
striving VBG X O
for IN X O
continuous JJ X O
improvement NN X O
and CC X O
improved VBN X O
outcomes NNS X O
for IN X O
each DT X O
and CC X O
every DT X O
child NN X O
and CC X O
young JJ X O
person NN X O
. . X O
If IN X O

you PRP X O
' VBP X O
re VB X O
an DT X O
AAT NNP X B-Qualification
, , X O
ACA NNP X B-Qualification
, , X O
CIMA NNP X B-Qualification
or CC X O
ACCA NNP X B-Qualification
part NN X O
qualified VBD X O
accountant JJ X B-Occupation
This DT X O

client NN X O
portfolio NN X O
essentially RB X O
becomes VBZ X O
your PRP$ X O
personal JJ X O
and CC X O
profitable JJ X O
business NN X O
. . X O
Vsphere NNP X O

Additional NNP X O
Skills NNP X O
Required NNP X O
or CC X O
Things NNPS X O
to TO X O
Learn NNP X O
Data NNP X O
Centre NNP X O
You PRP X O

will MD X O
be VB X O
expected VBN X O
to TO X O
: : X O
Identify VB X B-Skill
improvements NNS X I-Skill
, , X I-Skill
take VBP X I-Skill
ownership NN X I-Skill
and CC X I-Skill
drive JJ X I-Skill
positive JJ X I-Skill
change NN X I-Skill
across IN X I-Skill
the DT X I-Skill
whole NN X I-Skill
finance NN X I-Skill
team NN X I-Skill
; : X O
Ensure NNP X B-Skill
monthly JJ X I-Skill
financial JJ X I-Skill
records NNS X I-Skill
comply NN X I-Skill
with IN X I-Skill
internal JJ X I-Skill
accounting NN X I-Skill
policies NNS X I-Skill
; : X O
Attend NNP X B-Skill
formal JJ X I-Skill
monthly RB X I-Skill
review VBP X I-Skill
meetings NNS X I-Skill
to TO X I-Skill
understand VB X I-Skill
current JJ X I-Skill
and CC X I-Skill
new JJ X I-Skill
financial JJ X I-Skill
issues NNS X I-Skill
across IN X I-Skill
the DT X I-Skill
business NN X I-Skill
; : X O
Run NNP X B-Skill
monthly RB X I-Skill
reviews NNS X I-Skill
of IN X I-Skill
the DT X I-Skill
balance NN X I-Skill
sheet NN X I-Skill
with IN X I-Skill
the DT X I-Skill
accounting NN X I-Skill
team NN X I-Skill
; : X O
Have VBP X B-Skill
an DT X I-Skill
involvement NN X I-Skill
with IN X I-Skill
the DT X I-Skill
annual JJ X I-Skill
audit NN X I-Skill
; : X O
Establishing NNP X B-Skill
/ NNP X I-Skill
Reviewing NNP X I-Skill
financial JJ X I-Skill
procedures NNS X I-Skill
and CC X I-Skill
controls NNS X I-Skill
in IN X I-Skill
order NN X I-Skill
to TO X I-Skill
identify VB X I-Skill
and CC X I-Skill
resolve VB X I-Skill
accounting NN X I-Skill
and CC X I-Skill
reporting NN X I-Skill
risks NNS X I-Skill
. . X O
, , X O

payroll NN X O
also RB X O
covering VBG X O
accounts NNS X O
assistants NNS X O
, , X O
audit NN X O
, , X O
management NN X O
accounts NNS X O
, , X O
financial JJ X O
accounts NNS X O
, , X O
analysts NNS X O
, , X O
financial JJ X O
controllers NNS X O
, , X O
financial JJ X O
directors NNS X O
, , X O
corporate JJ X O
finance NN X O
, , X O
tax NN X O
including VBG X O
all DT X O
part NN X O
qualified VBD X O
and CC X O
qualified JJ X O
vacancies NNS X O
. . X O
you PRP X O

will MD X O
see VB X O
there EX X O
is VBZ X O
so RB X O
much JJ X O
out IN X O
there EX X O
which WDT X O
you PRP X O
are VBP X O
missing VBG X O
out RP X O
on IN X O
Nurse NNP X B-Occupation
Practitioners NNP X O
Prescribers NNP X O
should MD X O
be VB X O
able JJ X O
to TO X O
work VB X B-Skill
autonomously RB X I-Skill
however RB X O
we PRP X O
have VBP X O
clients NNS X O
who WP X O
are VBP X O
willing JJ X O
to TO X O
help VB X O
you PRP X O
develop VB X O
yourself PRP X O
, , X O
so RB X O
if IN X O
you PRP X O
are VBP X O
fairly RB X O
inexperienced VBN X O
need MD X O
not RB X O
to TO X O
worry VB X O
If IN X O
you PRP X O
are VBP X O
looking VBG X O
for IN X O
a DT X O
new JJ X O
challenge NN X O
please NN X O
contact NN X O
Ahmed NNP X O
on IN X O
This DT X O

is VBZ X O
the DT X O
ideal JJ X O
time NN X O
to TO X O
join VB X O
a DT X O
fast JJ X O
expanding VBG X O
vendor NN X O
whose WP$ X O
products NNS X O
are VBP X O
loved VBN X O
by IN X O
those DT X O
who WP X O
use VBP X O
them PRP X O
. . X O
The DT X O

home NN X O
is VBZ X O
a DT X O
privately RB X O
owned VBN X O
care NN X O
home NN X O
providing VBG X O
elderly JJ X B-Skill
and CC X I-Skill
dementia NN X I-Skill
care NN X I-Skill
for IN X O
Planner NNP X O

Nuclear NNP X O
projects NNS X O
We PRP X O
are VBP X O
currently RB X O
working VBG X O
in IN X O
partnership NN X O
with IN X O
a DT X O
leading VBG X O
company NN X O
who WP X O
have VBP X O
a DT X O
strong JJ X O
UK NNP X O
and CC X O
international JJ X O
presence NN X O
. . X O
This DT X O

processing NN X O
will MD X O
be VB X O
carried VBN X O
out RP X O
in IN X O
accordance NN X O
with IN X O
the DT X O
UK NNP X O
Data NNP X O
Protection NNP X O
Act NNP X O
: : X O

To TO X O
apply VB X O
for IN X O
this DT X O
exciting JJ X O
opportunity NN X O
, , X O
please VB X O
call VB X O
Lee NNP X O
Carroll NNP X O
on IN X O
To TO X O

communicate VB X B-Skill
effectively RB X I-Skill
and CC X I-Skill
in IN X I-Skill
a DT X I-Skill
professional JJ X I-Skill
manner NN X I-Skill
with IN X O
internal JJ X O
members NNS X O
of IN X O
staff NN X O
, , X O
the DT X O
Customer NNP X O
, , X O
Consultants NNP X O
and CC X O
Subcontractors NNP X O
involved VBD X O
in IN X O
the DT X O
Project NN X O
. . X O
You PRP X O

are VBP X O
proactive JJ X B-Skill
and CC X O
flexible JJ X B-Skill
in IN X O
your PRP$ X O
approach NN X O
, , X O
with IN X O
the DT X O
ability NN X O
to TO X O
plan NN X B-Skill
and CC X I-Skill
prioritise VB X I-Skill
your PRP$ X I-Skill
own JJ X I-Skill
workload NN X I-Skill
and CC X O
to TO X O
excel VB X B-Skill
in IN X I-Skill
a DT X I-Skill
semiautonomous JJ X I-Skill
capacity NN X I-Skill
. . X O
Role NNP X O

Overview NNP X O
Work NNP X O
as IN X O
part NN X O
of IN X O
Vehicle NNP X B-Skill
Supply NNP X I-Skill
& CC X I-Skill
Build NNP X I-Skill
team NN X I-Skill
to TO X I-Skill
quote VB X I-Skill
, , X O
order NN X B-Skill
, , X O
build JJ X B-Skill
manage NN X I-Skill
and CC X I-Skill
supply VB X I-Skill
new JJ X I-Skill
and CC X I-Skill
reutilised JJ X I-Skill
vehicles NNS X I-Skill
to TO X I-Skill
identified JJ X I-Skill
customers NNS X I-Skill
. . X O
The DT X O

offices NNS X O
are VBP X O
based VBN X O
on IN X O
Hatton NNP X O
Garden NNP X O
, , X O
central JJ X O
London NNP X O
. . X O
Open JJ X B-Skill

GL NNP X I-Skill
Profiling NNP X I-Skill
tools NNS X I-Skill
/ NNP X O
memory NN X B-Skill
management NN X I-Skill
Social NNP X I-Skill
media NNS X I-Skill
:; NNP X O
Facebook NNP X O
/ NNP X O
twitter NN X O
integration NN X B-Skill
google NN X I-Skill
maps NNS X I-Skill
ect VBP X I-Skill
iOS JJ X I-Skill
Developer NNP X I-Skill
Package NN X I-Skill
: : X O
To TO X O

be VB X O
an DT X O
active JJ X O
member NN X O
of IN X O
the DT X O
Regional NNP X B-Occupation
Manager NNP X I-Occupation
` `` X O
s NN X O
Business NNP X O
Unit NNP X O
management NN X O
teams NNS X O
, , X O
helping VBG X O
to TO X O
develop VB X O
the DT X O
application NN X O
of IN X O
effective JJ X O
HR NNP X B-Occupation
practice NN X O
in IN X O
order NN X O
to TO X O
drive VB X O
performance NN X O
against IN X O
objectives NNS X O
and CC X O
strategy NN X O
To TO X O
ensure VB X O
the DT X O
provision NN X O
of IN X O
consistently RB X O
sound VBN X O
HR NNP X B-Occupation
advice NN X O
and CC X O
support NN X O
to TO X O
managers NNS X O
on IN X O
all DT X O
aspects NNS X O
of IN X O
workforce NN X O
management NN X O
To TO X O
ensure VB X B-Skill
that IN X I-Skill
managers NNS X I-Skill
understand VBP X I-Skill
their PRP$ X I-Skill
responsibilities NNS X I-Skill
as IN X O
people NNS X O
managers NNS X O
both DT X O
in IN X O
terms NNS X O
employment NN X O
legislation NN X O
and CC X O
the DT X O
clientHuman JJ X O
Resources NNPS X O
policies NNS X O
and CC X O
procedures NNS X O
Working VBG X O
with IN X O
Business NNP X O
Unit NNP X O
management NN X O
teams NNS X O
, , X O
developing VBG X O
and CC X O
supporting VBG X O
the DT X O
achievement NN X O
of IN X O
workforce NN X O
plans NNS X O
through IN X O
the DT X O
identification NN X O
of IN X O
workforce NN X O
requirements NNS X O
, , X O
including VBG X O
numbers NNS X O
, , X O
skills NNS X O
and CC X O
behaviours NNS X O
, , X O
proactively RB X O
developing VBG X O
affordable JJ X O
strategies NNS X O
to TO X O
bridge VB X O
identified VBN X O
gaps NNS X O
Work VB X O
with IN X O
the DT X O
Business NNP X O
Unit NNP X O
management NN X O
teams NNS X O
to TO X O
identify VB X O
and CC X O
secure VB X O
workforce NN X O
productivity NN X O
improvements NNS X O
using VBG X O
appropriate JJ X O
benchmarking JJ X O
management NN X O
information NN X O
Working VBG X O
with IN X O
managers NNS X O
, , X O
to TO X O
ensure VB X O
the DT X O
effective JJ X O
resolution NN X O
of IN X O
identified JJ X O
performance NN X O
and CC X O
conduct NN X O
issues NNS X O
in IN X O
accordance NN X O
with IN X O
HR NNP X O
procedures NNS X O
and CC X O
employment NN X O
law NN X O
To TO X O
work VB X O
with IN X O
managers NNS X O
to TO X O
develop VB X O
and CC X O
implement VB X O
effective JJ X O
approaches NNS X O
to TO X O
maximise VB X O
staff NN X O
attendance NN X O
using VBG X O
the DT X O
clients NNS X O
Sickness NNP X O
Absence NN X O
policy NN X O
If IN X O
you PRP X O
meet VBP X O
the DT X O
criteria NNS X O
please VB X O
reply VB X O
with IN X O
your PRP$ X O
up NNS X O
to TO X O
date NN X O
CV NNP X O
to TO X O
: : X O
bdixonvenngroup NN X O
. . X O
com NN X O
Candidates NNS X O

must MD X O
also RB X O
have VB X O
knowledge NN X O
of IN X O
Earned NNP X B-Skill
Value NNP X I-Skill
Analysis NNP X I-Skill
, , X O
WBS NNP X B-Skill
, , X O
CPA NNP X B-Skill
etc FW X O
. . X O
Location NN X O

: : X O
Is VBZ X O
commutable JJ X O
from IN X O
the DT X O
South NNP X O
East NNP X O
region NN X O
of IN X O
England NNP X O
, , X O
Warwickshire NNP X O
and CC X O
Northamptonshire NNP X O
, , X O
Buckinghamshire NNP X O
, , X O
Berkshire NNP X O
to TO X O
the DT X O
south NN X O
, , X O
Wiltshire NNP X O
and CC X O
Gloucestershire NNP X O
and CC X O
Oxfordshire NNP X O
or CC X O
London NNP X O
. . X O
Monthly JJ X O

management NN X B-Skill
accounting NN X I-Skill
experience NN X O
is VBZ X O
essential JJ X O
whether IN X O
that DT X O
be VB X O
in IN X O
industry NN X O
or CC X O
working NN X O
in IN X O
Practice NNP X O
Build NNP X B-Skill

productive JJ X I-Skill
work NN X I-Skill
relationships NNS X I-Skill
with IN X I-Skill
client NN X I-Skill
representatives NNS X I-Skill
upstream RB X I-Skill
and CC X I-Skill
subcontractors NNS X I-Skill
downstream VBP X I-Skill
. . X O
You PRP X O

will MD X O
be VB X O
handling VBG X O
matters NNS X O
on IN X O
behalf NN X O
of IN X O
an DT X O
impressive JJ X O
client NN X O
base NN X O
including VBG X O
well RB X O
known VBN X O
national JJ X O
retailers NNS X O
and CC X O
other JJ X O
end NN X O
users NNS X O
of IN X O
commercial JJ X B-Domain
property NN X I-Domain
, , X O
and CC X O
investment NN X B-Domain
landlords NNS X O
. . X O
You PRP X O

will MD X O
be VB X O
responsible JJ X B-Skill
for IN X I-Skill
managing VBG X I-Skill
teams NNS X I-Skill
of IN X O
up IN X O
to TO X O
Lead JJ X B-Occupation

C NNP X I-Occupation
I PRP X I-Occupation
Engineer VBP X I-Occupation
to TO X O
work VB X O
as IN X O
part NN X O
of IN X O
the DT X O
Owners NNP X O
Engineers NNP X O
Team NNP X O
upon IN X O
a DT X O
new JJ X O
CCGT NNP X B-Skill
Power NNP X I-Skill
Plant NNP X I-Skill
project NN X O
in IN X O
Saudi NNP X O
Arabia NNP X O
. . X O
Working VBG X O

in IN X O
NHS NNP X O
Lothian NNP X O
: : X O
A DT X O
move NN X O
to TO X O
NHS NNP X O
Lothian NNP X O
will MD X O
give VB X O
you PRP X O
the DT X O
chance NN X O
to TO X O
develop VB X O
your PRP$ X O
NHS NNP X O
career NN X O
and CC X O
enhance VB X O
your PRP$ X O
lifestyle NN X O
. . X O
To TO X O

be VB X O
the DT X O
successful JJ X B-Skill
senior JJ X B-Occupation
SharePoint NNP X I-Occupation
Developer NNP X I-Occupation
you PRP X O
will MD X O
possess VB X O
the DT X O
following JJ X O
skills NNS X O
/ JJ X O
experience NN X O
: : X O
Net JJ X B-Skill
ASP NNP X I-Skill
. . X I-Skill
NET NNP X I-Skill
, , X O
VB NNP X B-Skill
. . X I-Skill
NET NNP X I-Skill
, , X I-Skill
C NNP X I-Skill
, , X O
ADO NNP X B-Skill
. . X I-Skill
NET NN X I-Skill
Collaboration NN X B-Skill

with IN X I-Skill
other JJ X I-Skill
commodity NN X I-Skill
teams NNS X I-Skill
Promotes VBZ X I-Skill
the DT X I-Skill
business NN X I-Skill
within IN X O
a DT X O
global JJ X O
supply NN X O
base NN X O
Flexing VBG X O

/ NN X O
reallocating VBG X O
resources NNS X O
/ VBP X O
activity NN X O
based VBN X O
upon IN X O
analysis NN X O
of IN X O
real JJ X O
time NN X O
information NN X O
to TO X O
ensure VB X O
that IN X O
the DT X O
shift NN X O
completes VBZ X O
all DT X O
agreed VBD X O
tasks NNS X O
on IN X O
time NN X O
and CC X O
in IN X O
excess NN X O
of IN X O
minimum JJ X O
key JJ X O
performance NN X O
indicators NNS X O
quality NN X O
standards NNS X O
. . X O
Our PRP$ X O

client NN X O
are VBP X O
widely RB X O
acknowledged VBN X O
as IN X O
one CD X O
of IN X O
the DT X O
UK NNP X O
' POS X O
s NN X O
leading VBG X O
manufacturers NNS X O
within IN X O
the DT X O
construction NN X B-Domain
sector NN X O
. . X O
You PRP X O

will MD X O
manage VB X B-Skill
relationships NNS X I-Skill
across IN X I-Skill
UK NNP X I-Skill
media NNS X I-Skill
and CC X O
contribute NN X B-Skill
to TO X I-Skill
internal JJ X I-Skill
strategic JJ X I-Skill
thinking VBG X I-Skill
about IN X I-Skill
how WRB X I-Skill
to TO X I-Skill
maximise VB X I-Skill
our PRP$ X I-Skill
campaigns NNS X I-Skill
, , X I-Skill
fundraising VBG X I-Skill
and CC X I-Skill
corporate JJ X I-Skill
partner NN X I-Skill
communications NNS X I-Skill
output NN X I-Skill
. . X O
This DT X O

position NN X O
is VBZ X O
a DT X O
full JJ X O
time NN X O
permanent JJ X O
position NN X O
covering VBG X O
36 CD X O
hours NNS X O
per IN X O
week NN X O
. . X O
There EX X O

will MD X O
be VB X O
a DT X O
requirement NN X B-Skill
to TO X I-Skill
travel VB X I-Skill
across IN X I-Skill
the DT X I-Skill
UK NNP X I-Skill
with IN X I-Skill
overnight JJ X I-Skill
stays NNS X I-Skill
Arrange NN X O

for IN X O
all DT X O
copying NN X B-Skill
to TO X O
be VB X O
done VBN X O
, , X O
in IN X O
person NN X O
if IN X O
an DT X O
office NN X B-Occupation
assistant NN X I-Occupation
is VBZ X O
not RB X O
available JJ X O
to TO X O
undertake VB X O
the DT X O
task NN X O
. . X O
To TO X O

apply VB X O
for IN X O
this DT X O
fantastic JJ X O
opportunity NN X O
or CC X O
if IN X O
you PRP X O
have VBP X O
any DT X O
questions NNS X O
please VBP X O
contact JJ X O
Alice NNP X O
King NNP X O
on IN X O
Please NNP X O

send VB X O
your PRP$ X O
CV NNP X O
through IN X O
to TO X O
in IN X O
strict JJ X O
confidence NN X O
or CC X O
call VB X O
Graham NNP X O
Auld NNP X O
on IN X O
Acting VBG X B-Skill

a DT X I-Skill
a DT X I-Skill
role NN X I-Skill
model NN X I-Skill
and CC X I-Skill
expert JJ X I-Skill
clinical JJ X I-Skill
practitioner NN X I-Skill
Supervise NNP X I-Skill
and CC X I-Skill
teach NN X I-Skill
trained JJ X I-Skill
staff NN X I-Skill
, , X I-Skill
health NN X I-Skill
care NN X I-Skill
assistants NNS X I-Skill
and CC X I-Skill
student NN X I-Skill
nurses NNS X I-Skill
To TO X O
assist VB X B-Skill
in IN X I-Skill
the DT X I-Skill
safe JJ X I-Skill
, , X I-Skill
effective JJ X I-Skill
and CC X I-Skill
efficient JJ X I-Skill
management NN X I-Skill
of IN X I-Skill
the DT X I-Skill
department NN X I-Skill
within IN X I-Skill
allocated JJ X I-Skill
resources NNS X I-Skill
To TO X O
undertake VB X B-Skill
delegated JJ X I-Skill
responsibility NN X I-Skill
for IN X I-Skill
the DT X I-Skill
department NN X I-Skill
in IN X I-Skill
the DT X I-Skill
absence NN X I-Skill
of IN X I-Skill
the DT X I-Skill
Ward NNP X B-Occupation
Manager NNP X I-Occupation
They PRP X O

have VBP X O
plenty NN X O
of IN X O
ideas NNS X O
for IN X O
the DT X O
future NN X O
and CC X O
are VBP X O
seeking VBG X O
the DT X O
right JJ X O
people NNS X O
to TO X O
help VB X O
realise VB X O
these DT X O
plans NNS X O
. . X O
Responsibilities NNS X O

Provide NNP X B-Skill
effective JJ X I-Skill
and CC X I-Skill
efficient JJ X I-Skill
quantitative JJ X I-Skill
bioanalysis NN X I-Skill
of IN X I-Skill
known VBN X I-Skill
compounds NNS X I-Skill
and CC X I-Skill
/ NNS X I-Skill
or CC X I-Skill
related VBN X I-Skill
metabolites NNS X I-Skill
in IN X I-Skill
biological JJ X I-Skill
matrices NNS X I-Skill
to TO X O
support VB X O
research NN X O
and CC X O
clinical JJ X O
projects NNS X O
. . X O
Eden NNP X O

Brown NNP X O
Ltd NNP X O
is VBZ X O
acting VBG X O
as IN X O
an DT X O
Employment NN X O
Business NN X O
in IN X O
relation NN X O
to TO X O
this DT X O
vacancy NN X O
. . X O
An DT X O

ability NN X O
to TO X O
communicate VB X B-Skill
at IN X I-Skill
all DT X I-Skill
levels NNS X I-Skill
and CC X O
to TO X O
build VB X B-Skill
outstanding JJ X I-Skill
relationships NNS X I-Skill
with IN X O
our PRP$ X O
customers NNS X O
, , X O
and CC X O
other JJ X O
team NN X O
members NNS X O
is VBZ X O
essential JJ X O
. . X O
We PRP X O

are VBP X O
looking VBG X O
for IN X O
someone NN X O
who WP X O
is VBZ X O
HND NNP X B-Qualification
/ NNP X I-Qualification
HNC NNP X I-Qualification
/ NNP X I-Qualification
Degree NNP X I-Qualification
qualified VBD X O
, , X O
ideally RB X O
with IN X O
a DT X O
postgraduate NN X B-Qualification
degree NN X I-Qualification
in IN X O
Electronics NNP X O
or CC X O
Physics NNPS X O
. . X O
You PRP X O

will MD X O
provide VB X B-Skill
advice NN X I-Skill
and CC X I-Skill
support NN X I-Skill
as RB X I-Skill
required VBN X I-Skill
to TO X I-Skill
assist VB X I-Skill
designated VBN X I-Skill
' POS X I-Skill
Maintainers NNS X I-Skill
in IN X I-Skill
the DT X I-Skill
care NN X I-Skill
of IN X I-Skill
parking VBG X I-Skill
systems NNS X I-Skill
and CC X I-Skill
CCTV NNP X I-Skill
equipment NN X I-Skill
. . X O
Essential JJ X O

Senior NNP X B-Skill
development NN X I-Skill
experience NN X O
within IN X O
a DT X O
digital JJ X O
team NN X O
/ NNP X O
agency NN X O
Extensive NNP X O
demonstrable JJ X O
experience NN X O
of IN X O
PHP NNP X B-Skill
MySQL NNP X I-Skill
Class NN X B-Qualification

1 CD X I-Qualification
HGV NNP X I-Qualification
Drivers NNPS X B-Occupation
required VBD X O
immediately RB X O
to TO X O
work VB X O
for IN X O
major JJ X O
company NN X O
in IN X O
the DT X O
North NNP X O
East NNP X O
. . X O
They PRP X O

are VBP X O
a DT X O
recognised JJ X O
industry NN X O
leader NN X O
at IN X O
the DT X O
forefront NN X O
of IN X O
their PRP$ X O
market NN X O
. . X O
Feedback NNP X O

calls VBZ X O
listened VBN X O
to TO X O
in IN X O
order NN X O
to TO X O
provide VB X O
constructive JJ X O
feedback NN X O
to TO X O
all DT X O
team NN X O
members NNS X O
Targets VBP X O
Personal JJ X O
sales NNS X O
of IN X O
we PRP X O

want VBP X O
to TO X O
have VB X O
grown VBN X O
our PRP$ X O
membership NN X O
to TO X O
more JJR X O
than IN X O
five CD X O
million CD X O
. . X O
offers NNS X O

: : X O
The DT X O
most RBS X O
experienced JJ X O
Social NNP X B-Domain
Work NNP X I-Domain
recruitment NN X O
team NN X O
in IN X O
the DT X O
UK NNP X O
Access NNP X O
to TO X O
the DT X O
broadest JJS X O
selection NN X O
of IN X O
Social NNP X O
Work NNP X O
vacancies NNS X O
in IN X O
the DT X O
UK NNP X O
A DT X O

good JJ X O
understanding NN X O
of IN X O
lean JJ X B-Skill
manufacturing NN X I-Skill
processes VBZ X I-Skill
measures NNS X I-Skill
and CC X I-Skill
goals NNS X I-Skill
Also RB X O

good JJ X O
computer NN X B-Skill
skills NNS X O
are VBP X O
required VBN X O
and CC X O
knowledge NN X O
of IN X O
the DT X O
Profile NNP X B-Skill
recruitment NN X I-Skill
management NN X I-Skill
software NN X I-Skill
or CC X O
similar JJ X O
package NN X O
would MD X O
be VB X O
an DT X O
advantage NN X O
. . X O
Interpreting VBG X B-Skill

reports NNS X I-Skill
and CC X I-Skill
analysis NN X I-Skill
in IN X O
order NN X O
to TO X O
promote VB X O
customerfocused JJ X B-Skill
decision NN X I-Skill
making NN X I-Skill
. . X O
Further RB X O

, , X O
identify VB X B-Skill
future JJ X I-Skill
modelling NN X I-Skill
needs NNS X I-Skill
through IN X O
review NN X O
of IN X O
internal JJ X B-Skill
model NN X I-Skill
performance NN X I-Skill
reporting NN X I-Skill
. . X O
Our PRP$ X O

client NN X O
will MD X O
offer VB X O
an DT X O
outstanding JJ X O
education NN X O
with IN X O
strong JJ X O
parent NN X O
involvement NN X O
and CC X O
local JJ X O
community NN X O
support NN X O
. . X O
Regulations NNS X O

Key NNP X O
Skills NNP X O
and CC X O
Knowledge NNP X O
3 CD X B-Experience
years NNS X I-Experience
experience RB X I-Experience
working VBG X B-Skill
with IN X I-Skill
data NNS X I-Skill
and CC X I-Skill
MI NNP X I-Skill
in IN X I-Skill
an DT X I-Skill
insurance NN X I-Skill
environment NN X I-Skill
Understanding NNP X I-Skill
of IN X I-Skill
personalinsurance NN X I-Skill
products NNS X I-Skill
Understanding NNP X I-Skill
of IN X I-Skill
insurance NN X I-Skill
data NNS X I-Skill
and CC X I-Skill
MI NNP X I-Skill
and CC X I-Skill
how WRB X I-Skill
it PRP X I-Skill
is VBZ X I-Skill
used VBN X I-Skill
within IN X I-Skill
the DT X I-Skill
business NN X I-Skill
Good NNP X I-Skill
understanding NN X I-Skill
and CC X I-Skill
experience NN X I-Skill
of IN X I-Skill
using VBG X I-Skill
relevant JJ X I-Skill
IT NNP X I-Skill
and CC X I-Skill
technical JJ X I-Skill
BI NNP X I-Skill
packages NNS X I-Skill
in IN X I-Skill
insurance NN X I-Skill
Knowledge NNP X I-Skill
of IN X O
SAS NNP X B-Skill
and CC X I-Skill
SQL NNP X I-Skill
scripting VBG X I-Skill
languages NNS X I-Skill
Excellent NNP X O
Excel NNP X B-Skill
skills VBZ X O
Developmental NNP X B-Skill
Skills NNP X I-Skill
and CC X I-Skill
Knowledge NNP X I-Skill
Willingness NNP X I-Skill
to TO X I-Skill
learn VB X I-Skill
SAS NNP X I-Skill
DI NNP X I-Skill
Studio NNP X I-Skill
and CC X I-Skill
Data NNP X I-Skill
Quality NNP X I-Skill
tools NNS X I-Skill
. . X O
With IN X O

a DT X O
strong JJ X O
background NN X O
in IN X O
Pensions NNP X B-Domain
, , X O
you PRP X O
will MD X O
advise VB X O
a DT X O
market NN X B-Skill
leading VBG X I-Skill
portfolio NN X I-Skill
of IN X O
clients NNS X O
of IN X O
funding NN X B-Skill
and CC X I-Skill
investment NN X I-Skill
strategy NN X I-Skill
, , X O
derisking VBG X B-Skill
and CC X O
journey NN X B-Skill
planning NN X I-Skill
. . X O
This DT X O

is VBZ X O
an DT X O
excellent JJ X O
role NN X O
for IN X O
an DT X O
engineer NN X B-Occupation
in IN X O
Essex NNP X O
or CC X O
Hertfordshire NNP X O
that IN X O
doesn VBP X O
t JJ X O
want VBP X O
to TO X O
travel VB X O
into IN X O
London NNP X O
. . X O
Previous JJ X O

experience NN X O
is VBZ X O
desirable JJ X O
but CC X O
not RB X O
essential JJ X O
as IN X O
free JJ X O
training NN X O
is VBZ X O
provided VBN X O
. . X O
and CC X O

you PRP X O
will MD X O
the DT X O
freedom NN X O
of IN X O
running VBG X B-Skill
your PRP$ X I-Skill
section NN X I-Skill
managing VBG X I-Skill
a DT X I-Skill
current JJ X I-Skill
brigade NN X I-Skill
of IN X I-Skill
four CD X I-Skill
pastry NN X I-Skill
chefs NNS X I-Skill
. . X O
any DT X O

additional JJ X O
hours NNS X O
during IN X O
the DT X O
week NN X O
will MD X O
be VB X O
paid VBN X O
at IN X O
basic JJ X O
Key NNP X O

responsibilities NNS X O
will MD X O
include VB X O
: : X O
Checking NNP X B-Skill
/ NNP X I-Skill
setting VBG X I-Skill
out RP X I-Skill
/ JJ X I-Skill
undertaking JJ X I-Skill
quality NN X I-Skill
control NN X I-Skill
of IN X O
early JJ X O
works NNS X O
on IN X O
site NN X O
. . X O
Elderly JJ X B-Occupation

Care NNP X I-Occupation
Community NNP X I-Occupation
Rehabilitation NNP X I-Occupation
Occupational NNP X I-Occupation
Therapist NNP X I-Occupation
needed VBD X O
6 CD X O
months NNS X O
Sussex NNP X O
To TO X O

ensure VB X B-Skill
sufficient JJ X I-Skill
material NN X I-Skill
for IN X I-Skill
the DT X I-Skill
performing NN X I-Skill
of IN X I-Skill
cleaning NN X I-Skill
duties NNS X I-Skill
are VBP X I-Skill
collected VBN X I-Skill
from IN X I-Skill
the DT X I-Skill
stores NNS X I-Skill
. . X O
The DT X O

Role NNP X O
Due NNP X O
to TO X O
succession VB X O
planning NN X O
and CC X O
strategic JJ X O
expansion NN X O
they PRP X O
are VBP X O
looking VBG X O
for IN X O
a DT X O
Senior NNP X B-Occupation
Corporate NNP X I-Occupation
Tax NNP X I-Occupation
Manager NNP X I-Occupation
with IN X O
a DT X O
view NN X O
to TO X O
fast VB X O
tracking VBG X O
them PRP X O
to TO X O
partner NN X B-Occupation
. . X O
Reporting VBG X B-Skill

to TO X O
the DT X O
Engineering NNP X B-Domain
Team NNP X O
Leader NNP X O
, , X O
the DT X O
main JJ X O
purpose NN X O
of IN X O
the DT X O
role NN X O
is VBZ X O
to TO X O
provide VB X B-Skill
engineering NN X I-Skill
maintenance NN X I-Skill
support NN X I-Skill
within IN X O
the DT X O
Mix NNP X O
Processing NNP X O
Utilities NNP X O
Department NNP X O
in IN X O
the DT X O
correction NN X B-Skill
, , X I-Skill
prevention NN X I-Skill
and CC X I-Skill
elimination NN X I-Skill
of IN X I-Skill
technical JJ X I-Skill
abnormalities NNS X I-Skill
including VBG X O
safety NN X B-Skill
, , X I-Skill
quality NN X I-Skill
, , X I-Skill
environmental JJ X I-Skill
and CC X I-Skill
efficiency NN X I-Skill
losses NNS X I-Skill
. . X O
We PRP X O

have VBP X O
uniquely RB X O
combined VBN X O
2 CD X O
key JJ X O
areas NNS X O
of IN X O
an DT X O
individual NN X O
' POS X O
s JJ X O
personal JJ X O
development NN X O
to TO X O
be VB X O
able JJ X O
to TO X O
offer VB X O
it PRP X O
on IN X O
one CD X O
platform NN X O
Viamii NNP X O
. . X O
Be NNP X O

confident JJ X O
and CC X O
competent NN X O
at IN X O
running VBG X O
shifts NNS X O
independently RB X O
, , X O
with IN X O
attention NN X O
to TO X O
detail VB X O
and CC X O
an DT X O
absolute JJ X O
passion NN X O
for IN X O
what WP X O
you PRP X O
do VBP X O
. . X O
You PRP X O

do VBP X O
not RB X O
need VB X O
to TO X O
be VB X O
an DT X O
expert NN X O
at IN X O
working VBG X O
out RP X O
odds NNS X O
and CC X O
prices NNS X O
, , X O
but CC X O
we PRP X O
do VBP X O
need VB X O
you PRP X O
to TO X O
be VB X O
numerate JJ X B-Skill
. . X O
This DT X O

is VBZ X O
a DT X O
fantastic JJ X O
opportunity NN X O
for IN X O
an DT X O
individual NN X O
to TO X O
make VB X O
your PRP$ X O
mark NN X O
on IN X O
an DT X O
up JJ X O
and CC X O
coming VBG X O
technology NN X B-Domain
focused VBD X O
business NN X O
. . X O
Our PRP$ X O

client NN X O
is VBZ X O
a DT X O
well RB X O
respected VBN X O
, , X O
independent JJ X O
, , X O
ecological JJ X O
specialist NN X O
with IN X O
a DT X O
practical JJ X O
, , X O
intelligent JJ X O
and CC X O
pioneering VBG X O
approach NN X O
to TO X O
advising VBG X O
its PRP$ X O
clients NNS X O
. . X O
Cleaning NN X B-Skill

and CC X O
restocking VBG X B-Skill
the DT X O
aircraft NN X O
to TO X O
a DT X O
high JJ X O
standard NN X O
performing VBG X O
checks NNS X O
to TO X O
make VB X B-Skill
sure JJ X I-Skill
the DT X I-Skill
aircraft NN X I-Skill
is VBZ X I-Skill
safe JJ X I-Skill
, , X O
also RB X O
to TO X O
include VB X O
cleaning VBG X B-Skill
toilets NNS X O
and CC X O
must MD X O
be VB X O
able JJ X O
to TO X O
work VB X B-Skill
as IN X I-Skill
part NN X I-Skill
of IN X I-Skill
a DT X I-Skill
team NN X I-Skill
. . X O
Applications NNS X O

are VBP X O
invited VBN X O
for IN X O
a DT X O
Clinical JJ X B-Occupation
Lecturer NNP X I-Occupation
in IN X I-Occupation
Radiology NNP X I-Occupation
, , X O
who WP X O
will MD X O
work VB X O
in IN X O
both DT X O
the DT X O
University NNP X O
and CC X O
NHS NNP X B-Domain
Departments NNP X O
of IN X O
Radiology NNP X B-Domain
, , X O
based VBN X O
at IN X O
Addenbrooke NNP X O
amp NN X O
; : X O
rsquo NN X O
; : X O
s JJ X O
Hospital NNP X O
. . X O
This DT X O

position NN X O
is VBZ X O
a DT X O
twelve JJ X O
hour NN X O
night NN X O
shift NN X O
, , X O
working VBG X O
four CD X O
nights NNS X O
on IN X O
four CD X O
nights NNS X O
off RB X O
. . X O
Opportunityto NNP X O

join VBZ X O
a DT X O
defined JJ X O
contribution NN X O
pension NN X B-Domain
scheme VBD X I-Domain
Many JJ X O
additional JJ X O
company NN X O
benefits NNS X O
Excellent NNP X O
training NN X O
and CC X O
development NN X O
programmes NNS X O
As IN X O

a DT X O
Front NNP X B-Occupation
of IN X I-Occupation
House NNP X I-Occupation
you PRP X O
will MD X O
be VB X O
responsible JJ X O
for IN X O
serving VBG X B-Skill
and CC X I-Skill
advising VBG X I-Skill
customers NNS X I-Skill
on IN X I-Skill
all DT X I-Skill
food NN X I-Skill
beverages NNS X I-Skill
on IN X I-Skill
the DT X I-Skill
menu NN X I-Skill
, , X O
providing VBG X B-Skill
an DT X I-Skill
outstanding JJ X I-Skill
customer NN X I-Skill
experience NN X I-Skill
to TO X O
all DT X O
guests NNS X O
in IN X O
line NN X O
with IN X O
the DT X O
standards NNS X O
set VBN X O
by IN X O
the DT X O
management NN X O
team NN X O
. . X O
Additionally RB X O

, , X O
you PRP X O
must MD X O
possess VB X O
the DT X O
ability NN X O
to TO X O
work VB X B-Skill
on IN X I-Skill
your PRP$ X I-Skill
own JJ X I-Skill
initiative NN X I-Skill
and CC X O
be VB X O
flexible JJ X B-Skill
as IN X O
the DT X O
role NN X O
involves VBZ X O
working VBG X O
varying VBG X O
shift NN X O
patterns NNS X O
involving VBG X O
evening NN X O
and CC X O
weekend NN X O
work NN X O
. . X O
You PRP X O

need VBP X O
also RB X O
need VBP X O
to TO X O
have VB X O
the DT X O
ability NN X O
to TO X O
fault VB X B-Skill
find VB X I-Skill
to TO X I-Skill
modular VB X I-Skill
and CC X I-Skill
component VB X I-Skill
level NN X I-Skill
. . X O
E NNP X O

**** NNP X O
packages VBZ X O
Produce NNP X B-Skill
control NN X I-Skill
software NN X I-Skill
for IN X I-Skill
proprietary JJ X I-Skill
plc NN X O
software NN X B-Skill
packages NNS X I-Skill
Key JJ X O

performance NN X O
indicators NNS X O
: : X O
Success NN X O
of IN X O
Recruitment NNP X B-Skill
and CC X I-Skill
retention NN X I-Skill
strategy NN X I-Skill
; : X O
Effective NNP X O
resolution NN X O
of IN X O
Employee NNP X B-Skill
Relations NNP X I-Skill
issues NNS X I-Skill
; : X O
Employee NNP X B-Skill
development NN X I-Skill
and CC X I-Skill
succession NN X I-Skill
planning NN X I-Skill
; : X O
Effective NNP X O
management NN X B-Skill
and CC X I-Skill
resolution NN X I-Skill
of IN X I-Skill
health NN X I-Skill
Key NNP X O
relationships VBZ X B-Skill
internal JJ X I-Skill
and CC X I-Skill
external JJ X O
: : X O
Internal JJ X B-Skill
HR NNP X I-Skill
/ NNP X I-Skill
Payroll NNP X I-Skill
outsourced VBD X O
, , X O
Finance NNP X B-Occupation
Director NNP X I-Occupation
, , X O
Chief NNP X B-Occupation
Executive NNP X I-Occupation
Officer NNP X I-Occupation
, , X O
Executive NNP X B-Occupation
Management NNP X I-Occupation
; : X O
External NNP X O
Providers NNPS X O
of IN X O
Compensation NNP X O
Signatory NNP X O
P NNP X O

L NNP X O
Be NNP X O
able JJ X O
to TO X O
maximise VB X B-Skill
profits NNS X I-Skill
by IN X I-Skill
controlling VBG X I-Skill
food NN X I-Skill
, , X I-Skill
beverage NN X I-Skill
and CC X I-Skill
labour NN X I-Skill
costs NNS X I-Skill
If IN X O
you PRP X O
have VBP X O
a DT X O
previous JJ X O
experience NN X B-Skill
as IN X O
a DT X O
Restaurant NNP X B-Occupation
General NNP X I-Occupation
Manager NNP X I-Occupation
, , X O
preferably RB X O
in IN X O
a DT X O
branded JJ X O
, , X O
fresh JJ X O
food NN X O
italian JJ X O
restaurant NN X O
and CC X O
the DT X O
ability NN X O
to TO X O
drive VB X B-Skill
sales NNS X I-Skill
by IN X I-Skill
ensuring VBG X I-Skill
guest JJS X I-Skill
satisfaction NN X I-Skill
It PRP X O

is VBZ X O
desirable JJ X O
that IN X O
the DT X O
successful JJ X O
candidate NN X O
will MD X O
have VB X O
an DT X O
understanding NN X O
and CC X O
have VBP X O
experience NN X O
of IN X O
working VBG X O
in IN X O
Higher NNP X B-Domain
Education NNP X I-Domain
or CC X O
the DT X O
public JJ X B-Domain
sector NN X I-Domain
including VBG X O
health NN X B-Domain
care NN X I-Domain
. . X O
Chase NNP X O

and CC X O
Holland NNP X O
are VBP X O
currently RB X O
working VBG X O
on IN X O
an DT X O
exclusive JJ X O
basis NN X O
with IN X O
a DT X O
reputable JJ X O
, , X O
growing VBG X O
business NN X O
based VBN X O
in IN X O
Nottinghamshire NNP X O
who WP X O
are VBP X O
currently RB X O
looking VBG X O
for IN X O
a DT X O
Finance NNP X O
/ NNP X O
PA NNP X O
Executive NNP X O
to TO X O
support VB X O
their PRP$ X O
Finance NNP X O
and CC X O
Administration NNP X O
team NN X O
. . X O
Our PRP$ X O

client NN X O
is VBZ X O
a DT X O
leading VBG X O
waste NN X B-Domain
management NN X I-Domain
business NN X O
that WDT X O
owns VBZ X O
several JJ X O
Power NNP X O
Stations NNP X O
across IN X O
the DT X O
country NN X O
including VBG X O
one CD X O
in IN X O
West NNP X O
Yorkshire NNP X O
. . X O
Experience NN X O

of IN X O
working VBG X O
within IN X O
a DT X O
similar JJ X O
setting NN X O
as IN X O
Manager NNP X B-Occupation
, , X O
would MD X O
be VB X O
favourable JJ X O
. . X O
Show NNP X O

good JJ X O
communication NN X B-Skill
skills NNS X I-Skill
and CC X O
the DT X O
ability NN X O
to TO X O
work VB X B-Skill
alongside RB X I-Skill
the DT X I-Skill
management NN X I-Skill
team NN X I-Skill
to TO X I-Skill
develop VB X I-Skill
ideas JJ X I-Skill
Responsibilities NNPS X O
will MD X O
include VB X O
: : X O
The DT X O
everyday JJ X O
running NN X B-Skill
of IN X I-Skill
the DT X I-Skill
venue NN X I-Skill
Management NNP X I-Skill
and CC X I-Skill
motivation NN X I-Skill
of IN X I-Skill
staff NN X I-Skill
Profit NN X I-Skill
and CC X I-Skill
Loss NNP X I-Skill
Meeting NNP X I-Skill
your PRP$ X I-Skill
KPI NNP X I-Skill
goals NNS X I-Skill
Experience NN X O

with IN X O
supporting VBG X B-Skill
Java NNP X I-Skill
applications NNS X I-Skill
and CC X O
an DT X O
understanding NN X O
of IN X O
web JJ X B-Skill
technology NN X I-Skill
Experience NN X O
with IN X O
supporting VBG X B-Skill
and CC X I-Skill
administering VBG X I-Skill
application NN X I-Skill
and CC X I-Skill
web NN X I-Skill
servers NNS X I-Skill
With IN X O

excellent JJ X O
written VBN X B-Skill
and CC X O
verbal JJ X B-Skill
communication NN X I-Skill
skills NNS X I-Skill
you PRP X O
will MD X O
be VB X O
required VBN X O
to TO X O
maintain VB X B-Skill
rostering VBG X I-Skill
functions NNS X I-Skill
from IN X I-Skill
both DT X I-Skill
office NN X I-Skill
locations NNS X I-Skill
and CC X I-Skill
out IN X I-Skill
of IN X I-Skill
hours NNS X I-Skill
through IN X O
home NN X B-Skill
working VBG X I-Skill
on IN X I-Skill
a DT X I-Skill
rota JJ X I-Skill
basis NN X I-Skill
. . X O
The DT X O

ideal JJ X O
candidate NN X O
should MD X O
have VB X O
a DT X O
mix JJ X O
experience NN X O
in IN X O
the DT X O
following JJ X O
areas NNS X O
Medication NNP X B-Skill
Shift NNP X I-Skill
leading VBG X O
Personal NNP X B-Skill
care NN X I-Skill
Care NNP X I-Skill
plans VBZ X I-Skill
They PRP X O

are VBP X O
currently RB X O
looking VBG X O
to TO X O
employ VB X O
a DT X O
Health NNP X B-Occupation
Safety NNP X I-Occupation
Advisor NNP X I-Occupation
on IN X O
a DT X O
year NN X O
contract NN X O
with IN X O
the DT X O
prospect NN X O
of IN X O
becoming VBG X O
a DT X O
permanent JJ X O
member NN X O
of IN X O
the DT X O
team NN X O
. . X O
Permanent NNP X O

The DT X O
prime JJ X O
role NN X O
of IN X O
the DT X O
PA NNP X B-Occupation
is VBZ X O
to TO X O
provide VB X B-Skill
direct JJ X I-Skill
support NN X I-Skill
to TO X I-Skill
his PRP$ X I-Skill
/ NN X I-Skill
her PRP$ X I-Skill
Supervisor NNP X I-Skill
to TO X I-Skill
enable VB X I-Skill
them PRP X I-Skill
to TO X I-Skill
operate VB X I-Skill
at IN X I-Skill
optimum JJ X I-Skill
efficiency NN X I-Skill
. . X O
The DT X O

Role NNP X O
: : X O
Maintaining NNP X B-Skill
Factory NNP X I-Skill
plant NN X I-Skill
machinery NN X I-Skill
including VBG X I-Skill
Hydraulics NNS X I-Skill
, , X I-Skill
Pneumatics NNPS X I-Skill
and CC X I-Skill
PLCs NNP X I-Skill
Fault NNP X I-Skill
finding NN X I-Skill
, , X O
diagnosis NN X B-Skill
and CC X I-Skill
repair NN X I-Skill
of IN X I-Skill
machinery NN X I-Skill
Reactive NNP X I-Skill
and CC X I-Skill
preventative JJ X I-Skill
maintenance NN X I-Skill
Any DT X O

further JJ X O
information NN X O
sought VBD X O
please NN X O
contact NN X O
Roisin NNP X O
Madden NNP X O
on IN X O
Working VBG X B-Skill

in IN X I-Skill
teams NNS X I-Skill
and CC X O
with IN X B-Skill
minimum JJ X I-Skill
supervision NN X I-Skill
Experience NNP X O
in IN X O
a DT X O
caring JJ X O
role NN X O
Knowledge NNP X O
and CC X O
Technical NNP X O
Ability NNP X O
Competence NNP X O
across IN X O
a DT X O
range NN X O
of IN X O
skills NNS X O
, , X O
supported VBN X O
by IN X O
professional JJ X O
and CC X O
clinical JJ X O
knowledge NN X O
acquired VBD X O
through IN X O
state NN X B-Qualification
registration NN X I-Qualification
/ NNP X I-Qualification
practitioner NN X I-Qualification
qualification NN X I-Qualification
and CC X O
additional JJ X O
training NN X B-Domain
. . X O
this DT X O

should MD X O
include VB X O
drill NN X O
and CC X O
Ladders NNP X O
for IN X O
internal JJ X O
use NN X O
You PRP X O

will MD X O
be VB X O
responsible JJ X B-Skill
for IN X I-Skill
the DT X I-Skill
delivery NN X I-Skill
of IN X I-Skill
care NN X I-Skill
within IN X I-Skill
our PRP$ X I-Skill
Memory NNP X I-Skill
Lane NNP X I-Skill
community NN X I-Skill
which WDT X I-Skill
provide VBP X I-Skill
specialist NN X I-Skill
care NN X I-Skill
for IN X I-Skill
those DT X I-Skill
with IN X I-Skill
Dementia NNP X I-Skill
. . X O
Python NNP X B-Domain

Developer NNP X I-Domain
, , X O
Software NNP X B-Domain
Engineer NNP X I-Domain
, , X O
Maths NNP X O
, , X O
Quant NNP X O
Developer NNP X O
Python NNP X O
, , X O
/ NNP X O
or CC X O
, , X O
Erlang NNP X B-Skill
, , X O
Mathematics NNP X B-Skill
, , X O
Algorithm NNP X O
, , X O
AJAX NNP X B-Skill
, , X O
Comet NNP X B-Skill
, , X O
JavaScript NNP X B-Skill
, , X O
Unix NNP X B-Skill
, , X O
any DT X O
Django NNP X B-Skill
LISP NNP X I-Skill
or CC X O
Haskel NNP X B-Skill
helpful JJ X O
not RB X O
ess RB X O
. . X O
Responsibility NN X O

of IN X O
a DT X O
Project NN X B-Occupation
Planner NNP X I-Occupation
: : X O
Provides NNS X B-Skill
expertise VBP X I-Skill
in IN X I-Skill
specific JJ X I-Skill
areas NNS X I-Skill
of IN X I-Skill
program NN X I-Skill
and CC X I-Skill
project NN X I-Skill
management NN X I-Skill
processes VBZ X I-Skill
to TO X O
ensure VB X B-Skill
the DT X I-Skill
most RBS X I-Skill
efficient JJ X I-Skill
and CC X I-Skill
cost NN X I-Skill
effective JJ X I-Skill
implementation NN X I-Skill
of IN X I-Skill
products NNS X I-Skill
and CC X I-Skill
services NNS X I-Skill
. . X O
Specifically RB X O

input VB X B-Skill
into IN X I-Skill
shutdowns NNS X I-Skill
and CC X I-Skill
programmes NNS X I-Skill
to TO X I-Skill
ensure VB X I-Skill
inspection NN X I-Skill
requirements NNS X I-Skill
are VBP X I-Skill
clearly RB X I-Skill
identified VBN X I-Skill
and CC X I-Skill
scheduled VBN X I-Skill
. . X O
Chair NNP X O

monthly JJ X O
environmental JJ X O
forum NN X O
To TO X O
liaise VB X O
with IN X O
the DT X O
community NN X O
liaison NN X O
office NN X O
and CC X O
Client NNP X O
s VBP X O
representative JJ X O
regarding VBG X O
complaints NNS X O
from IN X O
third JJ X O
parties NNS X O
on IN X O
noise NN X O
, , X O
dust NN X O
and CC X O
or CC X O
other JJ X O
environmental JJ X O
issues NNS X O
. . X O
email NN X O

JS NNP X O
**** NNP X O
operate VB X O
a DT X O
referral JJ X O
scheme NN X O
please NN X O
see VB X O
our PRP$ X O
website NN X O
for IN X O
full JJ X O
details NNS X O
Rise NNP X O

Technical NNP X O
Recruitment NNP X O
Ltd NNP X O
. . X O
The DT X O
services NNS X O
of IN X O
Rise NNP X O
Technical NNP X O
Recruitment NNP X O
Ltd NNP X O
are VBP X O
that IN X O
of IN X O
an DT X O
Employment NNP X O
Agency NNP X O
. . X O
Experience NN X O

as IN X O
a DT X O
Business NNP X B-Occupation
Manager NNP X I-Occupation
is VBZ X O
essential JJ X O
and CC X O
product NN X O
knowledge NN X O
training NN X O
in IN X O
the DT X O
Business NNP X O
Manager NNP X O
role NN X O
will MD X O
be VB X O
provided VBN X O
. . X O
Partqualified NNP X O

accountant NN X B-Occupation
for IN X O
a DT X O
property NN X O
group NN X O
based VBN X O
in IN X O
North NNP X O
London NNP X O
with IN X O
an DT X O
extensive JJ X B-Skill
portfolio NN X I-Skill
of IN X I-Skill
commercial JJ X I-Skill
and CC X I-Skill
residential JJ X I-Skill
properties NNS X I-Skill
throughout IN X O
the DT X O
UK NNP X O
. . X O
techniques NNS X O

Experience NNP X O
in IN X O
silicon NN X B-Skill
IP NNP X I-Skill
development NN X I-Skill
including VBG X O
an DT X O
understanding NN X O
of IN X O
all DT X O
aspects NNS X O
of IN X O
this DT X O
work NN X O
including VBG X O
: : X O
specification NN X B-Skill
, , X O
design NN X B-Skill
, , X O
verification NN X B-Skill
, , X O
and CC X O
implementation NN X B-Skill
Experience NN X O
of IN X O
VHDL NNP X B-Skill
/ NNP X I-Skill
Verilog NNP X I-Skill
/ NNP X I-Skill
SystemVerilog NNP X I-Skill
/ NNP X I-Skill
SystemC NNP X I-Skill
/ NNP X I-Skill
Specman NNP X I-Skill
and CC X O
modelling VBG X B-Skill
at IN X O
an DT X O
architecture NN X B-Domain
/ NN X I-Domain
design NN X I-Domain
level NN X O
Desirable JJ X O
Skills NNP X O
Experience NNP X O
Design NNP X B-Skill
techniques NNS X I-Skill
for IN X O
low JJ X O
power NN X O
Use NNP X O
of IN X O
UNIX NNP X B-Skill
and CC X O
shell VB X B-Skill
programming VBG X I-Skill
OpenGL NNP X I-Skill
ES NNP X I-Skill
, , X O
OpenCL NNP X B-Skill
, , X O
OpenVG NNP X B-Skill
and CC X O
/ NNP X O
or CC X O
DirectX NNP X B-Skill
development NN X I-Skill
experience NN X O
Highlevel NNP X B-Skill
programming NN X I-Skill
language NN X I-Skill
experience NN X O
, , X O
such JJ X O
as IN X O
' POS X B-Skill
C NNP X I-Skill
', POS X O
C NNP X B-Skill
++ NNP X I-Skill
Experience NNP X O
working VBG X B-Skill
and CC X I-Skill
communicating VBG X I-Skill
with IN X I-Skill
remote JJ X I-Skill
design NN X I-Skill
centres VBZ X I-Skill
Experience NNP X O
of IN X O
silicon JJ X B-Skill
physical JJ X I-Skill
implementation NN X I-Skill
. . X O
You PRP X O

will MD X O
manager NN X B-Skill
a DT X I-Skill
team NN X I-Skill
of IN X I-Skill
trainers NNS X I-Skill
and CC X I-Skill
be VB X I-Skill
a DT X I-Skill
truly JJ X I-Skill
inspirational JJ X I-Skill
leader NN X I-Skill
and CC X I-Skill
an DT X I-Skill
ambassdor NN X I-Skill
for IN X I-Skill
the DT X I-Skill
brand NN X I-Skill
Training NNP X I-Skill
design NN X I-Skill
and CC X I-Skill
structure NN X I-Skill
development NN X I-Skill
are VBP X O
key JJ X O
responsibilities NNS X O
of IN X O
the DT X O
Learning NNP X B-Occupation
Development NNP X I-Occupation
Manager NNP X I-Occupation
, , X O
ensuring VBG X B-Skill
a DT X I-Skill
constant JJ X I-Skill
refreshment NN X I-Skill
of IN X I-Skill
ideas NNS X I-Skill
, , X O
as IN X O
is VBZ X O
the DT X O
responsibility NN X O
for IN X O
analysing VBG X B-Skill
performance NN X I-Skill
management NN X I-Skill
and CC X O
implementing VBG X B-Skill
Brand NNP X I-Skill
standards NNS X I-Skill
in IN X O
order NN X O
to TO X O
maximise VB X O
customer NN X O
service NN X O
levels NNS X O
. . X O
This DT X O

means VBZ X O
we PRP X O
put VBD X O
our PRP$ X O
customers NNS X O
' POS X O
interests NNS X O
at IN X O
the DT X O
heart NN X O
of IN X O
everything NN X O
we PRP X O
do VBP X O
. . X O
The DT X O

candidate NN X O
will MD X O
be VB X O
expected VBN X O
to TO X O
be VB X O
involved VBN X B-Skill
in IN X I-Skill
the DT X I-Skill
development NN X I-Skill
and CC X I-Skill
delivery NN X I-Skill
of IN X I-Skill
new JJ X I-Skill
and CC X I-Skill
existing VBG X I-Skill
embedded VBN X I-Skill
software NN X I-Skill
, , X O
including VBG X O
safety NN X B-Skill
critical JJ X I-Skill
applications NNS X I-Skill
. . X O
Ensure NN X B-Skill

that WDT X I-Skill
process NN X I-Skill
improvements NNS X I-Skill
are VBP X I-Skill
fully RB X I-Skill
supported VBN X I-Skill
within IN X I-Skill
the DT X I-Skill
team NN X I-Skill
and CC X O
to TO X O
facilitate VB X B-Skill
continuous JJ X I-Skill
improvement NN X I-Skill
activities NNS X I-Skill
. . X O
This DT X O

is VBZ X O
a DT X O
chance NN X O
for IN X O
an DT X O
experienced JJ X B-Skill
Web NNP X B-Occupation
Designer NNP X I-Occupation
to TO X O
join VB X O
a DT X O
team NN X O
of IN X O
knowledgeable JJ X O
designers NNS X O
work VBP X O
on IN X O
a DT X O
variety NN X O
of IN X O
projects NNS X O
. . X O
**** JJ X O

k NN X O
in IN X O
your PRP$ X O
first JJ X O
year NN X O
and CC X O
progression NN X O
to TO X O
Senior NNP X B-Occupation
Consultant NNP X I-Occupation
/ NNP X I-Occupation
manager NN X I-Occupation
roles NNS X O
. . X O
Reporting VBG X O

to TO X O
the DT X O
Patrol NNP X B-Occupation
Team NNP X I-Occupation
Manager NNP X I-Occupation
the DT X O
job NN X O
holder NN X O
is VBZ X O
responsible JJ X O
for IN X O
providing VBG X B-Skill
a DT X I-Skill
roadside NN X I-Skill
service NN X I-Skill
which WDT X O
delivers VBZ X O
high JJ X O
levels NNS X O
of IN X O
customer NN X O
satisfaction NN X O
. . X O
Lead JJ X B-Skill

impact NN X I-Skill
assessment NN X I-Skill
exercises VBZ X I-Skill
to TO X I-Skill
understand VB X I-Skill
business NN X I-Skill
and CC X I-Skill
change NN X I-Skill
dependencies NNS X I-Skill
. . X O
Working VBG X B-Skill

to TO X I-Skill
the DT X I-Skill
agreed JJ X I-Skill
time NN X I-Skill
, , X I-Skill
cost NN X I-Skill
and CC X I-Skill
quality NN X I-Skill
and CC X O
will MD X O
fully RB X B-Skill
own VB X I-Skill
and CC X I-Skill
document VB X I-Skill
a DT X I-Skill
system NN X I-Skill
change NN X I-Skill
or CC X I-Skill
process NN X I-Skill
such JJ X I-Skill
that IN X I-Skill
it PRP X I-Skill
can MD X I-Skill
be VB X I-Skill
approved VBN X I-Skill
by IN X I-Skill
the DT X I-Skill
business NN X I-Skill
and CC X I-Skill
developed VBD X I-Skill
/ NNS X I-Skill
delivered VBN X I-Skill
by IN X I-Skill
a DT X I-Skill
technology NN X I-Skill
team NN X I-Skill
. . X O
Please NNP X O

contact NN X O
Andrew NNP X O
Langridge NNP X O
at IN X O
Enterprise NNP X O
Recruitment NNP X O
for IN X O
an DT X O
informal JJ X O
discussion NN X O
and CC X O
further RB X O
details NNS X O
. . X O
There EX X O

s VB X O
our PRP$ X O
delicious JJ X O
meaty NN X O
burgers NNS X O
, , X O
our PRP$ X O
gorgeous JJ X O
gammon NN X O
hock NN X O
, , X O
even RB X O
our PRP$ X O
super JJ X O
mega JJ X O
sundaes NN X O
. . X O
Provide VB X O

a DT X O
comprehensive JJ X O
technical JJ X B-Skill
and CC X I-Skill
business NN X I-Skill
support NN X I-Skill
service NN X I-Skill
with IN X O
capability NN X O
to TO X O
intervene VB X O
personally RB X O
in IN X O
any DT X O
technical JJ X B-Skill
issue NN X I-Skill
in IN X O
order NN X O
to TO X O
provide VB X O
excellent JJ X O
customer NN X B-Skill
service NN X I-Skill
Deal NNP X I-Skill
effectively RB X I-Skill
with IN X I-Skill
suppliers NNS X I-Skill
, , X O
Working VBG X O

closely RB X O
with IN X O
these DT X O
organisations NNS X O
you PRP X O
will MD X O
need VB X O
to TO X O
develop VB X O
a DT X O
deep JJ X B-Skill
understanding NN X I-Skill
of IN X O
how WRB X O
they PRP X O
work VBP X O
, , X O
their PRP$ X O
motivations NNS X O
and CC X O
how WRB X O
to TO X O
enhance VB X B-Skill
delivery NN X I-Skill
through IN X O
them PRP X O
. . X O
RESPONSIBILITIES NNP X O

Safe NNP X B-Skill
handling NN X I-Skill
and CC X I-Skill
loading VBG X I-Skill
/ JJ X I-Skill
unloading NN X I-Skill
of IN X I-Skill
mould NN X I-Skill
tools NNS X I-Skill
onto IN X I-Skill
the DT X I-Skill
moulding NN X I-Skill
machines NNS X I-Skill
, , X O
and CC X O
setup NN X B-Skill
of IN X I-Skill
ancillary JJ X I-Skill
equipment NN X I-Skill
associated VBN X I-Skill
with IN X I-Skill
running VBG X I-Skill
the DT X I-Skill
moulds NNS X I-Skill
. . X O
With IN X O

other JJ X O
responsibilities NNS X O
ranging VBG X O
from IN X O
the DT X O
delivery NN X B-Skill
of IN X I-Skill
timely JJ X I-Skill
intelligence NN X I-Skill
reports NNS X I-Skill
through IN X O
to TO X O
the DT X O
creation NN X B-Skill
of IN X I-Skill
monthly JJ X I-Skill
progress NN X I-Skill
reports NNS X I-Skill
to TO X O
the DT X O
Board NNP X O
, , X O
you PRP X O
will MD X O
have VB X O
a DT X O
key JJ X O
role NN X O
to TO X O
play VB X O
in IN X O
supporting VBG X B-Skill
corporatewide JJ X I-Skill
communications NNS X I-Skill
. . X O
You PRP X O

will MD X O
analyse VB X B-Skill
each DT X I-Skill
assessment NN X I-Skill
and CC X O
categorise VB X B-Skill
each DT X I-Skill
into IN X I-Skill
one CD X I-Skill
of IN X I-Skill
the DT X I-Skill
three CD X I-Skill
defined VBD X I-Skill
categories NNS X I-Skill
simple JJ X O
, , X O
complex JJ X O
and CC X O
specialist NN X O
. . X O
The DT X O

role NN X O
will MD X O
include VB X O
, , X O
Care NNP X B-Skill
Planning NNP X I-Skill
, , X O
Medication NNP X B-Skill
Administration NNP X I-Skill
and CC X O
working VBG X B-Skill
within IN X I-Skill
a DT X I-Skill
multidisciplinary JJ X I-Skill
team NN X I-Skill
, , X O
therefore RB X O
candidates NNS X O
who WP X O
apply VBP X O
must MD X O
have VB X O
excellent JJ X O
communication NN X B-Skill
skills NNS X I-Skill
and CC X O
be VB X O
clinically RB X B-Skill
up IN X I-Skill
to TO X I-Skill
date NN X I-Skill
. . X O
Per IN X O

Hour NNP X O
Main NNP X O
Duties NNP X O
include VBP X O
: : X B-Skill
Access JJ X I-Skill
Control NNP X I-Skill
Day NNP X I-Skill
1 CD X I-Skill
HID NNP X I-Skill
Access NNP X I-Skill
Control NNP X I-Skill
Reader NNP X I-Skill
Maglock NNP X I-Skill
Z NNP X I-Skill
L NNP X I-Skill
Bracket NNP X I-Skill
Door NNP X I-Skill
Release NNP X I-Skill
Button NNP X I-Skill
Double NNP X I-Skill
Pole NNP X I-Skill
Resettable NNP X I-Skill
Break NNP X I-Skill
Point NNP X I-Skill
Unit NNP X I-Skill
They PRP X O

are VBP X O
urgently RB X O
recruiting VBG X O
for IN X O
a DT X O
new JJ X O
Senior NNP X B-Occupation
3rd CD X I-Occupation
Line NNP X I-Occupation
Infrastructure NNP X I-Occupation
Engineer NNP X I-Occupation
to TO X O
join VB X O
their PRP$ X O
cutting VBG X O
edge NN X O
technology NN X O
department NN X O
. . X O
Proven RB X O

major JJ X B-Skill
wins NNS X I-Skill
of IN X I-Skill
new JJ X I-Skill
multimillion NN X I-Skill
Services NNS X I-Skill
/ VBP X I-Skill
offshoring VBG X I-Skill
/ NN X I-Skill
outsourcing VBG X I-Skill
deals NNS X I-Skill
Extensive NNP X O
and CC X O
current JJ X O
experience NN X B-Skill
of IN X I-Skill
services NNS X I-Skill
/ VBP X I-Skill
offshoring VBG X I-Skill
including VBG X I-Skill
dealing VBG X I-Skill
with IN X I-Skill
operations NNS X I-Skill
in IN X I-Skill
India NNP X I-Skill
Track NNP X I-Skill
record NN X I-Skill
of IN X I-Skill
initiative NN X I-Skill
, , X I-Skill
creativity NN X I-Skill
and CC X I-Skill
motivation NN X I-Skill
to TO X I-Skill
surpass VB X I-Skill
challenging VBG X I-Skill
performance NN X I-Skill
goals NNS X I-Skill
and CC X I-Skill
sales NNS X I-Skill
targets NNS X I-Skill
Entrepreneurial JJ X I-Skill
spirit NN X I-Skill
and CC X O
the DT X O
desire NN X O
to TO X O
lead VB X B-Skill
sales NNS X I-Skill
Collect NNP X B-Skill

and CC X I-Skill
transfer VB X I-Skill
the DT X I-Skill
patients NNS X I-Skill
bed VBD X I-Skill
through IN X I-Skill
to TO X I-Skill
the DT X I-Skill
theatre JJ X I-Skill
area NN X I-Skill
. . X O
and CC X O

I PRP X O
know VBP X O
how WRB X O
to TO X O
get VB X O
the DT X O
best JJS X O
out IN X O
of IN X O
each DT X O
of IN X O
them PRP X O
. . X O
The DT X O

Role NNP X O
The DT X O
purpose NN X O
and CC X O
remit NN X O
of IN X O
the DT X O
Business NNP X B-Occupation
Development NNP X I-Occupation
Manager NNP X I-Occupation
role NN X O
You PRP X O

will MD X O
be VB X O
expected VBN X O
to TO X O
cover VB X O
an DT X O
area NN X O
in IN X O
and CC X O
around IN X O
London NNP X O
covering VBG X O
corporate JJ X B-Domain
contracts NNS X I-Domain
office NN X I-Domain
buildings NNS X I-Domain
. . X O
You PRP X O

must MD X O
have VB X O
reexisting VBG X O
skills NNS X O
in IN X O
ASP NNP X B-Skill
. . X I-Skill
Net NNP X I-Skill
MVC NNP X I-Skill
skills NNS X I-Skill
in IN X O
your PRP$ X O
own JJ X O
time NN X O
or CC X O
commercially RB X O
as RB X O
well RB X O
as IN X O
web JJ X B-Skill
standard NN X I-Skill
protocols NNS X I-Skill
HTML NNP X I-Skill
, , X O
CSS NNP X B-Skill
, , X O
JQuery NNP X B-Skill
. . X O
Free JJ X O

parking NN X O
and CC X O
lunch NN X O
provided VBN X O
Pension NNP X O
and CC X O
private JJ X B-Domain
healthcare NN X I-Domain
after IN X O
1 CD X B-Experience
years NNS X I-Experience
service NN X O
My PRP$ X O

client NN X O
is VBZ X O
an DT X O
oversubscribed JJ X O
, , X O
flourishing VBG X O
primary JJ X O
school NN X B-Domain
situated VBD X O
close RB X O
to TO X O
the DT X O
borders NNS X O
of IN X O
Croydon NNP X O
. . X O
The DT X O

Senior NNP X B-Occupation
Community NNP X I-Occupation
Fundraiser NNP X I-Occupation
will MD X O
be VB X O
the DT X O
lead JJ X B-Skill
fundraiser NN X I-Skill
within IN X I-Skill
the DT X I-Skill
local JJ X I-Skill
Community NNP X I-Skill
Fundraising NNP X I-Skill
team NN X I-Skill
and CC X O
raise VB X B-Skill
agreed JJ X I-Skill
levels NNS X I-Skill
of IN X I-Skill
income NN X I-Skill
within IN X I-Skill
the DT X I-Skill
Hertfordshire NNP X I-Skill
region NN X I-Skill
from IN X I-Skill
community NN X I-Skill
and CC X I-Skill
volunteer JJ X I-Skill
income NN X I-Skill
steams NNS X I-Skill
. . X O
The DT X O

post NN X O
holder NN X O
provides VBZ X B-Skill
the DT X I-Skill
high JJ X I-Skill
level NN X I-Skill
engineering NN X I-Skill
advice NN X I-Skill
to TO X O
boardroom VB X O
heads NNS X O
Service NNP X B-Skill
Delivery NNP X I-Skill
Project NNP X I-Skill
Management NNP X I-Skill
Building NNP X I-Skill
Services NNPS X I-Skill
Analysis NNP X I-Skill
Research NNP X I-Skill
Budget NNP X I-Skill
and CC X I-Skill
Cost NNP X I-Skill
effective JJ X O
management NN X B-Skill
PPM NNP X I-Skill
Leadership NNP X I-Skill
Direction NNP X O
Experience NNP X B-Skill
Engineering NNP X B-Qualification
degree NN X I-Qualification
in IN X I-Qualification
an DT X I-Qualification
appropriate JJ X I-Qualification
discipline NN X I-Qualification
Management NNP X I-Qualification
or CC X I-Qualification
Business NNP X I-Qualification
qualification NN X I-Qualification
Over IN X B-Experience
10 CD X I-Experience
years NNS X I-Experience
experience NN X I-Experience
in IN X O
an DT X O
engineering NN X B-Skill
and CC X O
management NN X B-Skill
capacity NN X O
Ability NNP X B-Skill
to TO X I-Skill
remain VB X I-Skill
proactive JJ X I-Skill
in IN X I-Skill
a DT X I-Skill
substantially RB X I-Skill
reactive JJ X I-Skill
environment NN X I-Skill
Foster NN X O

Carers NNS X O
are VBP X O
valued VBN X O
for IN X O
their PRP$ X O
skills NNS X O
and CC X O
contribution NN X O
and CC X O
are VBP X O
rewarded VBN X O
with IN X O
continuous JJ X O
training NN X O
and CC X O
development NN X O
, , X O
including VBG X O
NVQ NNP X B-Qualification
qualifications NNS X O
. . X O
As IN X O

Kitchen NNP X B-Occupation
Manager NNP X I-Occupation
you PRP X O
ll VBP X O
be VB X O
responsible JJ X O
for IN X O
everything NN X O
that WDT X O
goes VBZ X O
into IN X O
our PRP$ X O
kitchen NN X O
and CC X O
for IN X O
everything NN X O
that WDT X O
comes VBZ X O
out RP X O
and CC X O
every DT X O
one CD X O
too RB X O
. . X O
You PRP X O

will MD X O
need VB X O
to TO X O
demonstrate VB X O
that IN X O
you PRP X O
can MD X O
communicate VB X B-Skill
effectively RB X I-Skill
with IN X I-Skill
people NNS X I-Skill
at IN X O
all DT X O
levels NNS X O
of IN X O
an DT X O
organisation NN X O
, , X O
that IN X O
you PRP X O
re VBP X O
able JJ X O
to TO X O
write VB X B-Skill
accurate NN X I-Skill
and CC X I-Skill
concise NN X I-Skill
reports NNS X I-Skill
and CC X O
that IN X O
you PRP X O
can MD X O
effectively RB X O
manage VB X B-Skill
your PRP$ X I-Skill
own JJ X I-Skill
time NN X I-Skill
and CC X I-Skill
workload NN X I-Skill
Will NNP X O
be VB X O
adept VBN X O
at IN X O
balancing VBG X B-Skill
the DT X I-Skill
conflicting NN X I-Skill
demands NNS X I-Skill
and CC X I-Skill
priorities NNS X I-Skill
of IN X I-Skill
multiple JJ X I-Skill
assignments NNS X I-Skill
set VBN X O
against IN X O
defined JJ X O
deadlines NNS X O
. . X O
Fashion NN X B-Domain

and CC X O
Retail NNP X B-Domain
Personnel NNP X O
is VBZ X O
acting VBG X O
as IN X O
an DT X O
Employment NNP X B-Domain
Agency NNP X O
in IN X O
relation NN X O
to TO X O
this DT X O
vacancy NN X O
. . X O
The DT X O

principal JJ X O
function NN X O
of IN X O
this DT X O
position NN X O
is VBZ X O
as IN X O
a DT X O
Land NNP X B-Occupation
Surveyor NNP X I-Occupation
with IN X O
experience NN X B-Skill
of IN X I-Skill
monitoring VBG X I-Skill
LUL NNP X I-Skill
tunnels NNS X I-Skill
and CC X I-Skill
rail NN X I-Skill
. . X O
Accountabilities NNS X O

Support NNP X B-Skill
the DT X I-Skill
development NN X I-Skill
of IN X I-Skill
design NN X I-Skill
and CC X I-Skill
delivery NN X I-Skill
of IN X I-Skill
projects NNS X I-Skill
by IN X I-Skill
leading VBG X I-Skill
/ JJ X I-Skill
supporting VBG X I-Skill
the DT X I-Skill
technical JJ X I-Skill
aspects NNS X I-Skill
of IN X I-Skill
EC NNP X I-Skill
and CC X I-Skill
I PRP X I-Skill
An DT X O

excellent JJ X O
salary NN X O
, , X O
benefits NNS X O
package NN X O
study VBD X O
support NN X O
provided VBD X O
is VBZ X O
available JJ X O
to TO X O
the DT X O
successful JJ X O
candidate NN X O
. . X O
This DT X O

presents VBZ X O
itself PRP X O
as IN X O
an DT X O
ideal JJ X O
opportunity NN X O
to TO X O
join VB X O
an DT X O
established VBN X O
company NN X O
, , X O
and CC X O
although IN X O
not RB X O
essential JJ X O
, , X O
could MD X O
be VB X O
well RB X O
suited VBN X O
for IN X O
a DT X O
person NN X O
who WP X O
has VBZ X O
previously RB X O
served VBN X O
in IN X O
the DT X O
armed JJ X B-Skill
forces NNS X I-Skill
i NN X O
. . X O
e NN X O
. . X O
Army NNP X B-Skill
, , X O
Royal NNP X B-Skill
Navy NNP X I-Skill
or CC X O
Royal NNP X B-Skill
Air NNP X I-Skill
Force NNP X I-Skill
Applications NNS X O

are VBP X O
welcomed VBN X O
from IN X O
applicants NNS X O
wanting VBG X O
to TO X O
work VB X O
full JJ X O
or CC X O
part NN X O
time NN X O
hours NNS X O
, , X O
particularly RB X O
evenings NNS X O
and CC X O
weekends NNS X O
The DT X O

role NN X O
we PRP X O
are VBP X O
recruiting VBG X O
for IN X O
is VBZ X O
that DT X O
of IN X O
a DT X O
. . X B-Occupation
NET JJ X I-Occupation
Developer NNP X I-Occupation
. . X O
Proven NNP X O

experience NN X B-Skill
of IN X I-Skill
effecting VBG X I-Skill
significant JJ X I-Skill
change NN X I-Skill
to TO X I-Skill
a DT X I-Skill
problem NN X I-Skill
management NN X I-Skill
function NN X I-Skill
Experience NNP X I-Skill
of IN X I-Skill
working VBG X I-Skill
within IN X I-Skill
a DT X I-Skill
highly RB X I-Skill
collaborative JJ X I-Skill
environment NN X I-Skill
. . X O
Successful JJ X O

candidates NNS X O
will MD X O
have VB X O
a DT X O
Computer NNP X B-Qualification
related VBD X I-Qualification
or CC X O
appropriate JJ X O
Engineering NNP X B-Qualification
qualification NN X I-Qualification
degree NN X I-Qualification
/ NNP X B-Skill
HND NNP X I-Skill
or CC X O
comparable JJ X O
industrial JJ X B-Skill
experience NN X O
. . X O
It PRP X O

is VBZ X O
likely JJ X O
that IN X O
you PRP X O
will MD X O
be VB X O
fully RB X O
CIPD NNP X B-Qualification
qualified VBD X I-Qualification
, , X O
possibly RB X O
as IN X O
a DT X O
Chartered NNP X B-Qualification
Member NNP X I-Qualification
, , X O
although IN X O
equivalent JJ X O
experience NN X O
will MD X O
also RB X O
be VB X O
considered VBN X O
. . X O
T NN X O

he PRP X O
role NN X O
is VBZ X O
a DT X O
12 CD X O
month NN X O
contract NN X O
but CC X O
will MD X O
be VB X O
permanent JJ X O
if IN X O
successful JJ X O
. . X O
Demonstrating VBG X O

your PRP$ X O
knowledge NN X O
and CC X O
expertise NN X O
within IN X O
the DT X O
UK NNP X O
Energy NNP X B-Domain
Trading NN X I-Domain
Market NNP X I-Domain
you PRP X O
will MD X O
lead VB X B-Skill
and CC X I-Skill
support VB X I-Skill
junior JJ X I-Skill
team NN X I-Skill
members NNS X I-Skill
. . X O
The DT X O

ability NN X O
to TO X O
communicate VB X B-Skill
professionally RB X I-Skill
and CC X I-Skill
effectively RB X I-Skill
with IN X I-Skill
customers NNS X I-Skill
in IN X I-Skill
a DT X I-Skill
facetoface NN X I-Skill
situation NN X I-Skill
You PRP X O

will MD X O
get VB X O
involved VBN X O
with IN X O
training NN X B-Skill
, , X I-Skill
planning NN X I-Skill
and CC X I-Skill
specifying VBG X I-Skill
software NN X I-Skill
changes NNS X I-Skill
and CC X O
manage NN X B-Skill
documentation NN X I-Skill
. . X O
This DT X O

is VBZ X O
an DT X O
urgent JJ X O
vacancy NN X O
with IN X O
immediate JJ X O
interviews NNS X O
available JJ X O
. . X O
A DT X O

strong JJ X O
background NN X O
in IN X O
modern JJ X B-Skill
3D CD X I-Skill
computer NN X I-Skill
vision NN X I-Skill
, , X O
but CC X O
also RB X O
a DT X O
demonstrable JJ X O
interest NN X O
and CC X O
track NN X O
record NN X O
in IN X O
the DT X O
practical JJ X B-Skill
software NN X I-Skill
skills NNS X I-Skill
, , X O
which WDT X O
enable VBP X O
high JJ X O
performance NN X O
realtime NN X O
applications NNS X O
. . X O
Ensure NN X B-Skill

the DT X I-Skill
comprehensive JJ X I-Skill
suite NN X I-Skill
of IN X I-Skill
reports NNS X I-Skill
are VBP X I-Skill
maintained VBN X I-Skill
and CC X I-Skill
developed VBN X I-Skill
to TO X O
meet VB X O
the DT X O
needs NNS X O
of IN X O
the DT X O
business NN X O
**** JJ X O

day NN X O
shift VB X O
pattern NN X O
over IN X O
a DT X O
24 CD X O
hour NN X O
period NN X O
as IN X O
you PRP X O
will MD X O
be VB X O
required VBN X B-Skill
to TO X I-Skill
do VB X I-Skill
sleep VB X I-Skill
ins NNS X I-Skill
and CC X I-Skill
waking VBG X I-Skill
nights NNS X I-Skill
flexibility NN X I-Skill
at IN X I-Skill
the DT X I-Skill
weekends NNS X I-Skill
is VBZ X O
also RB X O
required VBN X O
The DT X O
Company NN X O
: : X O
My PRP$ X O
clients NNS X O
is VBZ X O
a DT X O
leading JJ X O
independent JJ X O
, , X O
Social NNP X O
Enterprise NNP X O
that WDT X O
works VBZ X O
with IN X O
' '' X O
Lookedafter NNP X O
Children NNP X O
' POS X O
who WP X O
are VBP X O
in IN X O
need NN X O
of IN X O
specialist NN X O
care NN X O
services NNS X O
throughout IN X O
England NNP X O
and CC X O
Ireland NNP X O
, , X O
their PRP$ X O
aim NN X O
is VBZ X O
to TO X O
provide VB X B-Skill
a DT X I-Skill
safe JJ X I-Skill
and CC X I-Skill
secure JJ X I-Skill
environment NN X I-Skill
with IN X I-Skill
as RB X I-Skill
much JJ X I-Skill
normality NN X I-Skill
as IN X I-Skill
possible JJ X I-Skill
for IN X I-Skill
children NNS X I-Skill
who WP X I-Skill
have VBP X I-Skill
experienced VBN X I-Skill
abuse NN X I-Skill
, , X I-Skill
neglect NN X I-Skill
, , X I-Skill
family NN X I-Skill
breakdown NN X I-Skill
and CC X I-Skill
traumatic JJ X I-Skill
relationships NNS X I-Skill
or CC X I-Skill
for IN X I-Skill
children NNS X I-Skill
who WP X I-Skill
are VBP X I-Skill
in IN X I-Skill
need NN X I-Skill
of IN X I-Skill
Therapeutic NNP X I-Skill
Residential NNP X I-Skill
Child NNP X I-Skill
Care NNP X I-Skill
. . X O
As IN X O

an DT X O
Inventory NN X B-Occupation
Supervisor NNP X I-Occupation
you PRP X O
will MD X O
thrive VB X O
on IN X O
delivering VBG X B-Skill
great JJ X I-Skill
results NNS X I-Skill
and CC X O
ensuring VBG X B-Skill
your PRP$ X I-Skill
team NN X I-Skill
completes VBZ X I-Skill
stock NN X I-Skill
takes VBZ X I-Skill
accurately RB X I-Skill
and CC X I-Skill
successfully RB X I-Skill
. . X O
To TO X O

perform VB X O
the DT X O
duties NNS X O
of IN X O
SHEF NNP X B-Occupation
Custodian NNP X I-Occupation
Energy NNP X I-Occupation
Conservation NNP X I-Occupation
Warden NNP X I-Occupation
for IN X O
the DT X O
PGTE NNP X O
building NN X O
. . X O
This DT X O

is VBZ X O
an DT X O
opportunity NN X O
to TO X O
work VB X O
for IN X O
one CD X O
of IN X O
the DT X O
world NN X O
s NN X O
leading VBG X O
defence NN X B-Domain
companies NNS X I-Domain
. . X O
Any DT X O

other JJ X O
tasks NNS X O
as IN X O
required JJ X O
Person NNP X O
Specification NNP X O
Skills NNP X O
, , X O
Knowledge NNP X O
and CC X O
Experience NNP X O
Required NNP X O
available JJ X O

Uniform NNP X O
and CC X O
meals NNS X O
on IN X O
duty NN X O
provided VBN X O
Excellent NNP X O
career NN X O
development NN X O
with IN X O
a DT X O
great JJ X O
company NN X O
Free NNP X O
us PRP X O
of IN X O
all DT X O
spa NN X O
and CC X O
leisure NN X O
facilities NNS X O
so IN X O

you PRP X O
are VBP X O
able JJ X B-Skill
to TO X I-Skill
visit VB X I-Skill
clients NNS X I-Skill
as IN X O
and CC X O
when WRB X O
required VBN X O
. . X O
Experience NN X O

of IN X O
making VBG X B-Skill
schedule NN X I-Skill
changes NNS X I-Skill
/ VBP X I-Skill
corrections NNS X I-Skill
during IN X O
control NN X O
meetings NNS X O
and CC X O
compression NN X O
sessions NNS X O
. . X O
In IN X O

addition NN X O
to TO X O
having VBG X O
already RB X O
proven VBN X O
yourself PRP X O
to TO X O
possess VB X O
the DT X O
analytical JJ X B-Skill
ability NN X I-Skill
to TO X O
deliver VB X O
key JJ X O
recommendations NNS X O
, , X O
you PRP X O
will MD X O
also RB X O
act VB X O
decisively RB X O
in IN X O
your PRP$ X O
communication NN X O
of IN X O
insight NN X O
and CC X O
be VB X O
able JJ X O
to TO X O
push VB X B-Skill
the DT X I-Skill
existing VBG X I-Skill
data NNS X I-Skill
source NN X I-Skill
to TO X I-Skill
limit VB X I-Skill
, , X I-Skill
whilst VB X O
developing VBG X B-Skill
new JJ X I-Skill
systems NNS X I-Skill
to TO X O
provide VB X O
the DT X O
insight NN X O
the DT X O
team NN X O
requires VBZ X O
. . X O
Essential JJ X O

Requirements NNS X O
: : X O
Minimum NNP X B-Experience
of IN X I-Experience
6 CD X I-Experience
months NNS X I-Experience
care NN X B-Domain
experience NN X O
within IN X O
the DT X O
UK NNP X O
If IN X O

you PRP X O
have VBP X O
a DT X O
web NN X B-Skill
background NN X O
, , X O
are VBP X O
organised VBN X B-Skill
, , X O
like IN X O
lists NNS X B-Skill
, , X O
are VBP X O
very RB X O
detail RB X B-Skill
oriented VBN X I-Skill
and CC X O
great JJ X B-Skill
with IN X I-Skill
people NNS X I-Skill
, , X O
we PRP X O
want VBP X O
to TO X O
speak VB X O
with IN X O
you PRP X O
Salary VBP X O
: : X O
up RB X O
to TO X O
Contact NN X O

Details NNS X O
: : X O
If IN X O
you PRP X O
would MD X O
like VB X O
further JJ X O
information NN X O
or CC X O
would MD X O
be VB X O
interested JJ X O
to TO X O
apply VB X O
for IN X O
this DT X O
vacancy NN X O
please VB X O
contact JJ X O
Gemma NNP X O
Jones NNP X O
at IN X O
eNL NN X O
on IN X O
General NNP X O

Managerlevel NNP X B-Skill
experience NN X O
in IN X O
a DT X O
high JJ X O
volume NN X O
, , X O
ideally RB X O
branded VBN X O
, , X O
restaurant NN X O
or CC X O
pub NN X O
This DT X O

is VBZ X O
your PRP$ X O
opportunity NN X O
to TO X O
provide VB X O
strong JJ X O
management NN X B-Skill
and CC X O
leadership NN X B-Skill
for IN X O
an DT X O
administrative JJ X O
team NN X O
that WDT X O
supports VBZ X O
all DT X O
academic JJ X O
and CC X O
professional JJ X O
service NN X O
departments NNS X O
on IN X O
campus NN X O
. . X O
This DT X O

is VBZ X O
a DT X O
rare JJ X O
opportunity NN X O
to TO X O
work VB X O
for IN X O
a DT X O
thriving NN X O
and CC X O
professional JJ X O
company NN X O
. . X O
With IN X O

ever RB X O
increasing VBG X O
investment NN X O
into IN X O
their PRP$ X O
UK NNP X O
sites VBZ X O
they PRP X O
are VBP X O
now RB X O
looking VBG X O
for IN X O
a DT X O
number NN X O
of IN X O
Technical NNP X B-Occupation
Operator NNP X I-Occupation
s NN X O
to TO X O
work VB X O
within IN X O
their PRP$ X O
Engineering NNP X B-Domain
Department NNP X O
. . X O
HR NNP X B-Occupation

is VBZ X O
seen VBN X O
as IN X O
an DT X O
integral JJ X O
part NN X O
of IN X O
their PRP$ X O
success NN X O
and CC X O
at IN X O
the DT X O
core NN X O
of IN X O
the DT X O
business NN X O
. . X O
WA JJ X O

Consultants NNP X O
is VBZ X O
an DT X O
Employment JJ X O
Business NN X O
and CC X O
an DT X O
Employment JJ X O
Agency NN X O
as IN X O
described NN X O
within IN X O
The DT X O
Conduct NNP X O
of IN X O
Employment NNP X O
Agencies NNPS X O
and CC X O
Employment NNP X O
Able JJ X O

to TO X O
interpret VB X B-Skill
test NN X I-Skill
requirements NNS X I-Skill
and CC X O
document JJ X B-Skill
test NN X I-Skill
results NNS X I-Skill
from IN X I-Skill
requirements NNS X I-Skill
. . X O
Graphic NNP X B-Occupation

Designer NNP X I-Occupation
Adobe NNP X O
Packages NNP X O
CS5 NNP X O
/ NNP X O
CS6 NNP X O
Permanent NNP X O
Leicester NNP X O
up RB X O
to TO X O
As IN X O

the DT X O
Systems NNPS X B-Occupation
Administrator NNP X I-Occupation
in IN X O
this DT X O
team NN X O
of IN X O
two CD X O
you PRP X O
will MD X O
take VB X O
responsibility NN X O
for IN X O
developing VBG X B-Skill
the DT X I-Skill
customised JJ X I-Skill
business NN X I-Skill
systems NNS X I-Skill
used VBN X O
inhouse NN X O
by IN X O
the DT X O
firm NN X O
. . X O
It PRP X O

is VBZ X O
essential JJ X O
to TO X O
have VB X O
good JJ X B-Skill
people NNS X I-Skill
skills NNS X O
and CC X O
enjoy VB X B-Skill
speaking VBG X I-Skill
on IN X I-Skill
the DT X I-Skill
telephone NN X I-Skill
. . X O
You PRP X O

will MD X O
need VB X O
to TO X O
be VB X O
innovative JJ X B-Skill
, , X O
forward RB X B-Skill
thinking VBG X I-Skill
, , X O
have VBP X O
excellent JJ X O
communication NN X B-Skill
skills NNS X O
and CC X O
work NN X B-Skill
closely RB X I-Skill
with IN X I-Skill
the DT X I-Skill
multidisciplinary JJ X I-Skill
team NN X I-Skill
to TO X O
guarantee VB X O
that IN X O
the DT X O
service NN X O
runs VBZ X O
effectively RB X O
. . X O
**** JJ X O

month NN X O
with IN X O
the DT X O
possibility NN X O
of IN X O
being VBG X O
extended VBN X O
and CC X O
potentially RB X O
turn VB X O
into IN X O
a DT X O
permanent JJ X O
role NN X O
. . X O
Please NNP X O

be VB X O
aware JJ X O
we PRP X O
receive VBP X O
a DT X O
high JJ X O
volume NN X O
of IN X O
applications NNS X O
for IN X O
every DT X O
role NN X O
advertised VBD X O
regularly RB X O
receive JJ X O
applications NNS X O
from IN X O
candidates NNS X O
who WP X O
exceed VBP X O
the DT X O
job NN X O
credentials NNS X O
. . X O
Our PRP$ X O

Client NN X O
is VBZ X O
one CD X O
of IN X O
Ireland NNP X O
' POS X O
s NN X O
largest JJS X O
manufacturers NNS X O
for IN X O
their PRP$ X O
sector NN X O
. . X O
In IN X O

Canada NNP X O
and CC X O
the DT X O
Caribbean NNP X O
, , X O
the DT X O
Group NNP X O
s VBD X O
main JJ X O
sectors NNS X O
are VBP X O
Health NNP X B-Domain
, , X O
Roads NNP X B-Domain
Maintenance NNP X I-Domain
and CC X O
Construction NNP X B-Domain
. . X O
This DT X O

role NN X O
runs VBZ X B-Skill
the DT X I-Skill
development NN X I-Skill
of IN X I-Skill
this DT X I-Skill
platform NN X I-Skill
and CC X O
is VBZ X O
integral JJ X O
to TO X O
the DT X O
business NN X O
. . X O
Members NNS X O

of IN X O
the DT X O
team NN X O
are VBP X O
looked VBN X O
after IN X O
and CC X O
the DT X O
vast JJ X O
majority NN X O
of IN X O
the DT X O
staff NN X O
stay NN X O
with IN X O
the DT X O
company NN X O
for IN X O
a DT X O
long JJ X O
period NN X O
. . X O
It PRP X O

is VBZ X O
essential JJ X O
that IN X O
individuals NNS X O
have VBP X O
experience NN X O
of IN X O
leading VBG X B-Skill
both DT X I-Skill
front NN X I-Skill
of IN X I-Skill
house NN X I-Skill
functions NNS X I-Skill
as RB X I-Skill
well RB X I-Skill
as IN X I-Skill
food NN X I-Skill
and CC X I-Skill
beverage NN X I-Skill
services NNS X I-Skill
. . X O
Land NNP X B-Occupation

Surveyor NNP X I-Occupation
required VBD X O
to TO X O
work VB X O
for IN X O
established VBN X O
land NN X B-Domain
surveying VBG X I-Domain
firm NN X O
on IN X O
LUL NNP X B-Skill
tunnels NNS X I-Skill
/ NNP X I-Skill
rail NN X I-Skill
projects NNS X I-Skill
in IN X O
Central NNP X O
London NNP X O
. . X O
Suitable JJ X O

candidates NNS X O
must MD X O
have VB X O
a DT X O
can MD X B-Skill
do VB X I-Skill
attitude VB X I-Skill
and CC X O
must MD X O
be VB X O
able JJ X O
to TO X O
hit VB X B-Skill
the DT X I-Skill
ground NN X I-Skill
running VBG X I-Skill
. . X O
Invoicing VBG X B-Skill

Raising VBG X I-Skill
credits NNS X I-Skill
and CC X I-Skill
debits NNS X I-Skill
Excellent NNP X I-Skill
IT NNP X I-Skill
skills VBZ X I-Skill
is VBZ X O
essential JJ X O
along IN X O
with IN X O
communication NN X B-Skill
skills NNS X I-Skill
and CC X O
the DT X O
ability NN X B-Skill
to TO X I-Skill
communicate VB X I-Skill
at IN X I-Skill
all DT X I-Skill
levels NNS X I-Skill
as IN X O
this DT X O
position NN X O
will MD X O
involve VB X O
a DT X O
lot NN X O
of IN X O
liaison NN X B-Skill
with IN X I-Skill
the DT X I-Skill
sales NNS X I-Skill
team NN X I-Skill
members NNS X I-Skill
. . X O
A DT X O

strong JJ X O
understanding NN X B-Skill
of IN X I-Skill
Object NNP X I-Skill
Orientated NNP X I-Skill
Design NNP X I-Skill
WPF NNP X I-Skill
WCF NNP X I-Skill
SQL NNP X I-Skill
Ideal NNP X O
Industry NNP X O
Background NNP X O
: : X O
Software NNP X B-Skill
development NN X I-Skill
for IN X I-Skill
industrial JJ X I-Skill
machinery NN X I-Skill
Machine NNP X I-Skill
control NN X I-Skill
/ NNP X I-Skill
realtime NN X I-Skill
/ NN X I-Skill
multithreading VBG X I-Skill
programming VBG X I-Skill
experience NN X I-Skill
Recruitment NNP X B-Occupation

consultant NN X I-Occupation
required VBN X O
by IN X O
leading VBG X O
domestic JJ X O
staff NN X O
agency NN X O
in IN X O
London NNP X O
. . X O
Listed VBN X O

as IN X O
one CD X O
of IN X O
the DT X O
top JJ X O
100 CD X O
companies NNS X O
to TO X O
work VB X O
for IN X O
this DT X O
role NN X O
is VBZ X O
an DT X O
unprecedented JJ X O
opportunity NN X O
in IN X O
this DT X O
current JJ X O
market NN X O
place NN X O
. . X O
Ideally RB X O

candidates NNS X O
with IN X O
have VBP X O
Design NNP X O
for IN X O
Six NNP X B-Skill
Sigma NNP X I-Skill
knowledge NN X O
and CC X O
will MD X O
be VB X O
Black NNP X B-Qualification
Belt NNP X I-Qualification
certified VBD X I-Qualification
. . X O
You PRP X O

will MD X O
be VB X O
responsible JJ X O
for IN X O
delivering VBG X B-Skill
income NN X I-Skill
in IN X O
excess NN X O
of IN X O
4 CD X O
million CD X O
per IN X O
year NN X O
, , X O
coordinating VBG X O
all DT X O
aspects NNS X O
of IN X O
business NN X B-Domain
planning NN X I-Domain
, , X O
marketing NN X B-Domain
, , X O
operations NNS X B-Domain
and CC X O
customer NN X B-Skill
liaison NN X I-Skill
. . X O
Use NNP X O

analytical JJ X B-Skill
expertise NN X O
to TO X O
solve VB X O
analytical JJ X O
problems NNS X O
as IN X O
they PRP X O
arise VBP X O
. . X O
Developing VBG X B-Skill

new JJ X I-Skill
software NN X I-Skill
applications NNS X I-Skill
for IN X O
the DT X O
manufacturing NN X O
plant NN X O
. . X O
Interviews NNS X O

will MD X O
be VB X O
held VBN X O
at IN X O
the DT X O
school NN X O
on IN X O
Wednesday NNP X O
6 CD X O
March NNP X O
or CC X O
Friday NNP X O
8 CD X O
March NNP X O
and CC X O
Monday NNP X O
18 CD X O
March NNP X O
2013 CD X O
. . X O
This DT X O

organisation NN X O
works VBZ X O
with IN X O
over IN X O
50 CD X O
, , X O
000 CD X O
children NNS X O
and CC X O
young JJ X O
people NNS X O
and CC X O
runs NNS X O
We PRP X O

are VBP X O
looking VBG X O
for IN X O
somebody NN X O
who WP X O
can MD X O
define VB X B-Skill
the DT X I-Skill
strategic JJ X I-Skill
end NN X I-Skill
state NN X I-Skill
for IN X I-Skill
the DT X I-Skill
application NN X I-Skill
set NN X I-Skill
and CC X I-Skill
a DT X I-Skill
pathway NN X I-Skill
towards IN X I-Skill
it PRP X I-Skill
whilst VBZ X O
continuing VBG X O
to TO X O
meet VB X O
the DT X O
requirements NNS X O
of IN X O
the DT X O
business NN X O
. . X O
Aiding VBG X B-Skill

various JJ X I-Skill
depots NNS X I-Skill
in IN X I-Skill
the DT X I-Skill
UK NNP X I-Skill
Updating NNP X I-Skill
customer NN X I-Skill
information NN X I-Skill
and CC X O
offering VBG X B-Skill
customer NN X I-Skill
service NN X I-Skill
Car NNP X I-Skill
driver NN X I-Skill
essential JJ X O
Working NNP X B-Skill
in IN X I-Skill
a DT X I-Skill
busy JJ X I-Skill
team NN X I-Skill
for IN X I-Skill
the DT X I-Skill
IT NNP X I-Skill
Manager NNP X I-Skill
Fixed NNP X O
Term NNP X O
Contract NNP X O
6 CD X O
months NNS X O
As IN X O

with IN X O
all DT X O
posts NNS X O
, , X O
the DT X O
successful JJ X O
applicant NN X O
will MD X O
be VB X O
required VBN X O
to TO X O
provide VB X O
proof NN X O
of IN X O
their PRP$ X O
right NN X B-Qualification
to TO X I-Qualification
work VB X I-Qualification
in IN X I-Qualification
the DT X I-Qualification
UK NNP X I-Qualification
and CC X O
, , X O
if IN X O
they PRP X O
have VBP X O
lived VBN X O
abroad RB X O
, , X O
overseas JJ X B-Qualification
police NN X I-Qualification
clearance NN X I-Qualification
/ NNP X I-Qualification
s NN X I-Qualification
will MD X O
need VB X O
to TO X O
be VB X O
sought VBN X O
. . X O
Responsibilities NNS X O

Assisting VBG X B-Skill
with IN X I-Skill
the DT X I-Skill
development NN X I-Skill
of IN X I-Skill
risk NN X I-Skill
strategies NNS X I-Skill
that WDT X O
deliver VBP X O
measurable JJ X O
, , X O
profitable JJ X O
growth NN X O
Business NNP X B-Skill
analysis NN X I-Skill
and CC X I-Skill
reporting NN X I-Skill
to TO X O
understand VB X O
financial JJ X O
performance NN X O
by IN X O
risk NN X O
and CC X O
behavioural JJ X O
segments NNS X O
Takes NNP X B-Skill

cultural JJ X I-Skill
and CC X I-Skill
value NN X I-Skill
differences NNS X I-Skill
into IN X I-Skill
account NN X I-Skill
in IN X O
dealings NNS X O
with IN X O
others NNS X O
. . X O
The DT X O

earliest JJS X O
possible JJ X O
startofshift NN X O
time NN X O
excluding VBG X O
dedicated VBN X O
night NN X O
shifts NNS X O
is VBZ X O
Act NNP X B-Skill

as IN X I-Skill
an DT X I-Skill
ambassador NN X I-Skill
for IN X O
the DT X O
College NNP X O
in IN X O
any DT X O
external JJ X O
activities NNS X O
so IN X O
that IN X O
the DT X O
College NNP X O
s VBD X O
good JJ X O
reputation NN X O
is VBZ X O
further JJ X O
developed NN X O
. . X O
For IN X O

information NN X O
on IN X O
the DT X O
Microsoft NNP X O
Lync NNP X O
market NN X O
and CC X O
some DT X O
of IN X O
the DT X O
opportunities NNS X O
jobs NNS X O
that WDT X O
are VBP X O
available JJ X O
I PRP X O
can MD X O
be VB X O
contacted VBN X O
on IN X O
N NNP X O
/ VBD X O
A DT X O
The DT X O

role NN X O
holder NN X O
will MD X O
need VB X O
to TO X O
be VB X O
an DT X O
experienced JJ X B-Skill
operational JJ X B-Occupation
manager NN X I-Occupation
and CC X O
will MD X O
need VB X O
a DT X O
high JJ X B-Skill
level NN X I-Skill
of IN X I-Skill
personal JJ X I-Skill
commitment NN X I-Skill
to TO X I-Skill
achieving VBG X I-Skill
the DT X I-Skill
company NN X I-Skill
s VBZ X I-Skill
objectives NNS X I-Skill
. . X O
The DT X O

researchbased JJ X O
nature NN X O
of IN X O
the DT X O
post NN X O
means VBZ X O
the DT X O
role NN X O
would MD X O
be VB X O
ideally RB X O
suited VBN X O
to TO X O
someone NN X O
with IN X O
an DT X O
aptitude NN X B-Skill
for IN X I-Skill
solving VBG X I-Skill
complex JJ X I-Skill
problems NNS X I-Skill
, , X O
selfmotivated VBD X B-Skill
, , X O
enthusiasm NN X B-Skill
for IN X I-Skill
the DT X I-Skill
subject NN X I-Skill
and CC X O
a DT X O
willingness NN X O
to TO X O
take VB X B-Skill
on IN X I-Skill
responsibility NN X I-Skill
. . X O
**** JJ X O

people NNS X O
in IN X O
their PRP$ X O
engineering NN X B-Domain
department NN X O
and CC X O
can MD X O
offer VB X O
excellent JJ X O
training NN X B-Domain
on IN X O
SCADA NNP X B-Skill
systems NNS X O
Wonderware NNP X B-Skill
and CC X O
Intouch NNP X B-Skill
for IN X O
the DT X O
role NN X O
. . X O
If IN X O

required VBN X O
, , X O
assistance NN X O
with IN X O
relocation NN X O
and CC X O
obtaining VBG X O
a DT X O
work NN X O
visa NN X O
will MD X O
be VB X O
provided VBN X O
to TO X O
the DT X O
successful JJ X O
candidate NN X O
. . X O
This DT X O

is VBZ X O
a DT X O
description NN X O
of IN X O
the DT X O
job NN X O
, , X O
as IN X O
it PRP X O
is VBZ X O
constituted VBN X O
at IN X O
the DT X O
date NN X O
shown VBN X O
above IN X O
. . X O
You PRP X O

re VBP X O
also RB X O
a DT X O
highly RB X B-Skill
cooperative JJ X I-Skill
person NN X O
who WP X O
can MD X O
work VB X O
effectively RB X O
with IN X O
your PRP$ X O
Retail NNP X B-Occupation
Store NNP X I-Occupation
Manager NNP X I-Occupation
, , X O
as RB X O
well RB X O
as IN X O
managing VBG X B-Skill
the DT X I-Skill
Retail JJ X I-Skill
store NN X I-Skill
in IN X O
their PRP$ X O
absence NN X O
. . X O
Developing VBG X B-Skill

new JJ X I-Skill
business NN X I-Skill
and CC X O
maximising VBG X B-Skill
the DT X I-Skill
value NN X I-Skill
of IN X I-Skill
current JJ X I-Skill
business NN X I-Skill
on IN X O
an DT X O
ongoing JJ X O
basis NN X O
Providing VBG X O
active JJ X O
support NN X B-Skill
and CC X I-Skill
guidance NN X I-Skill
to TO X I-Skill
the DT X I-Skill
technical JJ X I-Skill
and CC X I-Skill
commercial JJ X I-Skill
development NN X I-Skill
of IN X O
more JJR X O
junior JJ X B-Occupation
underwriters NNS X I-Occupation
Delivery NNP X O
of IN X O
outstanding JJ X O
underwriting NN X B-Skill
and CC X I-Skill
customer NN X I-Skill
service NN X I-Skill
to TO X I-Skill
Brokers NNPS X I-Skill
in IN X O
your PRP$ X O
area NN X O
Building NNP X B-Skill
and CC X I-Skill
maintaining VBG X I-Skill
relationships NNS X I-Skill
with IN X O
key JJ X O
internal JJ X O
and CC X O
externa JJ X O
Equal JJ X O

Opportunities NNP X O
Groundwork NNP X O
Lancashire NNP X O
West NNP X O
Wigan NNP X O
will MD X O
strive VB X O
to TO X O
be VB X O
an DT X O
equal JJ X O
opportunities NNS X O
employer NN X O
and CC X O
operate VB X O
an DT X O
Equal JJ X O
Opportunities NN X O
policy NN X O
. . X O
Innovative JJ X B-Skill

problem NN X I-Skill
solver NN X I-Skill
who WP X O
can MD X O
generate VB X B-Skill
solutions NNS X I-Skill
and CC X O
resolve VB X B-Skill
issues NNS X I-Skill
Be VB X O

the DT X O
principal JJ X O
point NN X B-Skill
of IN X I-Skill
contact NN X I-Skill
between IN X O
the DT X O
Exposure NNP X B-Skill
Management NNP X I-Skill
team NN X O
and CC X O
the DT X O
direct JJ X O
underwriting NN X B-Skill
teams NNS X O
Please VB X O

visit VB X O
our PRP$ X O
website JJ X O
www NN X O
. . X O
ageuk NN X O
. . X O
org NN X O
. . X O
uk JJ X O
/ NN X O
jobs NNS X O
for IN X O
a DT X O
job NN X O
pack NN X O
and CC X O
information NN X O
on IN X O
how WRB X O
to TO X O
apply VB X O
. . X O
Ensuring VBG X B-Skill

office NN X I-Skill
equipment NN X I-Skill
e NN X I-Skill
. . X I-Skill
g NN X I-Skill
. . X I-Skill
photocopiers NNS X I-Skill
, , X I-Skill
fax NN X I-Skill
machines NNS X I-Skill
and CC X I-Skill
printers NNS X I-Skill
is VBZ X I-Skill
well RB X I-Skill
stocked VBN X I-Skill
and CC X I-Skill
fully RB X I-Skill
operational JJ X I-Skill
, , X I-Skill
taking VBG X I-Skill
appropriate JJ X I-Skill
steps NNS X I-Skill
to TO X I-Skill
remedy VB X I-Skill
any DT X I-Skill
faults NNS X I-Skill
. . X O
We PRP X O

will MD X O
consider VB X O
a DT X O
temp NN X O
to TO X O
perm VB X O
, , X O
or CC X O
straight JJ X O
permanent JJ X O
arrangement NN X O
. . X O
Support VB X O

the DT X O
faculty NN X O
/ NN X B-Occupation
teacher NN X I-Occupation
in IN X O
the DT X O
delivery NN X B-Skill
of IN X I-Skill
appropriately RB X I-Skill
differentiated VBN X I-Skill
high JJ X I-Skill
quality NN X I-Skill
lessons NNS X I-Skill
. . X O
Financial JJ X B-Occupation

Accountant NNP X I-Occupation
is VBZ X O
only RB X O
one CD X O
of IN X O
many JJ X O
vacancies NNS X O
we PRP X O
are VBP X O
handling VBG X O
. . X O
To TO X O

tie VB X O
in IN X O
with IN X O
the DT X O
on IN X O
going VBG X O
expansion NN X O
of IN X O
this DT X O
hugely RB X O
successful JJ X O
and CC X O
popular JJ X O
Travel NNP X B-Domain
Management NNP X I-Domain
Company NNP X O
we PRP X O
are VBP X O
searching VBG X O
for IN X O
a DT X O
Business NNP X B-Occupation
Travel NNP X I-Occupation
Consultant NNP X I-Occupation
to TO X O
be VB X O
located VBN X O
in IN X O
the DT X O
Hull NNP X O
division NN X O
. . X O
Excellent JJ X O

communication NN X B-Skill
skills NNS X I-Skill
are VBP X O
a DT X O
must MD X O
along RB X O
with IN X O
bags NNS X O
of IN X O
enthusiasm NN X B-Skill
. . X O
Ensure NN X B-Skill

that WDT X I-Skill
records VBZ X I-Skill
relating VBG X I-Skill
to TO X I-Skill
residents NNS X I-Skill
are VBP X I-Skill
understood JJ X I-Skill
, , X I-Skill
acted VBN X I-Skill
upon IN X I-Skill
by IN X I-Skill
all DT X I-Skill
staff NN X I-Skill
and CC X I-Skill
that IN X I-Skill
they PRP X I-Skill
are VBP X I-Skill
reviewed VBN X I-Skill
on IN X I-Skill
a DT X I-Skill
regular JJ X I-Skill
basis NN X I-Skill
. . X O
You PRP X O

will MD X O
have VB X O
the DT X O
confidence NN X O
and CC X O
ability NN X O
to TO X O
offer VB X B-Skill
creative JJ X I-Skill
solutions NNS X I-Skill
and CC X O
develop VB X B-Skill
new JJ X I-Skill
ideas NNS X I-Skill
. . X O
Duties NNS X O

may MD X O
include VB X O
: : X O
Maintaining NNP X B-Skill
and CC X I-Skill
promoting VBG X I-Skill
the DT X I-Skill
health NN X I-Skill
and CC X I-Skill
welfare NN X I-Skill
of IN X I-Skill
our PRP$ X I-Skill
service NN X I-Skill
users NNS X I-Skill
whilst VBP X I-Skill
in IN X I-Skill
our PRP$ X I-Skill
care NN X I-Skill
. . X O
Advising VBG X B-Skill

on IN X I-Skill
promotions NNS X I-Skill
and CC X O
merchandising VBG X B-Skill
Assisting VBG X I-Skill
the DT X I-Skill
field NN X I-Skill
sales NNS X I-Skill
team NN X I-Skill
For IN X O
this DT X O
Graduate NNP X B-Occupation
Sales NNS X I-Occupation
position NN X I-Occupation
, , X O
we PRP X O
are VBP X O
looking VBG X O
for IN X O
individuals NNS X O
who WP X O
meet VBP X O
the DT X O
following VBG X O
criteria NNS X O
: : X O
This DT X O

local JJ X O
network NN X O
ensures NNS X B-Skill
excellent JJ X I-Skill
feedback NN X I-Skill
on IN X I-Skill
customers NNS X I-Skill
requirements NNS X I-Skill
and CC X I-Skill
innovative JJ X I-Skill
customer NN X I-Skill
driven VBN X I-Skill
products NNS X I-Skill
and CC X I-Skill
services NNS X I-Skill
. . X O
Carry NNP X B-Skill

out RP X I-Skill
plantrelated JJ X I-Skill
routine JJ X I-Skill
duties NNS X I-Skill
to TO X I-Skill
ensure VB X I-Skill
good JJ X I-Skill
process NN X I-Skill
performance NN X I-Skill
Problem NNP X I-Skill
solving VBG X I-Skill
with IN X I-Skill
regards NNS X I-Skill
to TO X I-Skill
process VB X I-Skill
issues NNS X I-Skill
Wine NNP X O

is VBZ X O
something NN X O
of IN X O
a DT X O
passion NN X O
for IN X O
us PRP X O
and CC X O
nothing NN X O
pleases NNS X O
us PRP X O
more JJR X O
than IN X O
when WRB X O
we PRP X O
unearth VBP X O
a DT X O
new JJ X O
discovery NN X O
that WDT X O
blows VBZ X O
our PRP$ X O
socks NNS X O
off RP X O
Experience NN X O

of IN X O
the DT X O
Accountancy NNP X B-Domain
Recruitment NNP X I-Domain
sector NN X I-Domain
would MD X O
be VB X O
useful JJ X O
. . X O
The DT X O

successful JJ X O
candidate NN X O
will MD X O
have VB X O
high JJ X B-Skill
expectations NNS X I-Skill
and CC X O
good JJ X B-Skill
subject NN X I-Skill
knowledge NN X I-Skill
. . X O
As IN X O

the DT X O
chain NN X O
is VBZ X O
currently RB X O
expanding VBG X O
, , X O
there EX X O
will MD X O
be VB X O
great JJ X O
opportunities NNS X O
for IN X O
career NN X O
progressions NNS X O
. . X O
You PRP X O

will MD X O
ensure VB X B-Skill
all DT X I-Skill
residents NNS X I-Skill
are VBP X I-Skill
happy JJ X I-Skill
and CC X I-Skill
person NN X I-Skill
centred VBN X I-Skill
care NN X I-Skill
is VBZ X I-Skill
delivered VBN X I-Skill
at IN X I-Skill
consistently RB X I-Skill
high JJ X I-Skill
level NN X I-Skill
. . X O
As IN X O

Sous NNP X B-Occupation
Chef NNP X I-Occupation
you PRP X O
ll VBP X O
help VB X O
to TO X O
ensure VB X B-Skill
that DT X I-Skill
every DT X I-Skill
ingredient NN X I-Skill
that WDT X I-Skill
comes VBZ X I-Skill
into IN X I-Skill
the DT X I-Skill
kitchen NN X I-Skill
and CC X I-Skill
every DT X I-Skill
dish NN X I-Skill
that WDT X I-Skill
leaves VBZ X I-Skill
it PRP X I-Skill
is VBZ X I-Skill
perfection JJ X I-Skill
itself PRP X O
Working VBG X O

with IN X O
a DT X O
great JJ X O
team NN X O
, , X O
you PRP X O
ll VBP X O
welcome JJ X B-Skill
visitors NNS X I-Skill
and CC X I-Skill
help VB X I-Skill
them PRP X I-Skill
to TO X I-Skill
explore VB X I-Skill
the DT X I-Skill
house NN X I-Skill
, , X I-Skill
garden NN X I-Skill
and CC X I-Skill
grounds NNS X I-Skill
. . X O
At IN X O

least JJS X O
2 CD X B-Experience
years NNS X I-Experience
experience RB X I-Experience
in IN X O
maintaining VBG X B-Skill
machinery NN X I-Skill
within IN X I-Skill
a DT X I-Skill
high JJ X I-Skill
volume NN X I-Skill
manufacturing VBG X I-Skill
environment NN X I-Skill
, , X O
preferably RB X O
food NN X O
industry NN X O
Experience NN X O
in IN X O
Hydraulics NNP X B-Skill
, , X O
Pneumatics NNP X B-Skill
and CC X O
PLCs NNP X B-Skill
Willingness NNP X I-Skill
to TO X I-Skill
work VB X I-Skill
shifts NNS X I-Skill
For IN X O
more JJR X O
information NN X O
, , X O
please VB X O
call VB X O
Karen NNP X O
Nicholson NNP X O
at IN X O
NI NNP X O
Resourcing VBG X O
on IN X O
The DT X O

company NN X O
has VBZ X O
achieved VBN X O
certification NN X O
under IN X O
ISO9001 NNP X O
and CC X O
Investors NNPS X O
in IN X O
People NNS X O
. . X O
Working VBG X B-Skill

collaboratively RB X I-Skill
with IN X O
members NNS X O
of IN X O
the DT X O
Drug NNP X B-Domain
Discovery NNP X I-Domain
Unit NNP X O
and CC X O
academic JJ X O
or CC X O
industrial JJ X B-Domain
collaborators NNS X O
to TO X O
support VB X B-Skill
drug NN X I-Skill
discovery NN X I-Skill
programs NNS X I-Skill
Previous JJ X O

cleaning VBG X B-Skill
experience NN X O
is VBZ X O
an DT X O
advantage NN X O
but CC X O
training NN X O
will MD X O
be VB X O
provided VBN X O
. . X O
a DT X O

leading JJ X O
regional JJ X O
legal JJ X B-Domain
**** NN X I-Domain
commercial JJ X I-Domain
practice NN X I-Domain
, , X O
who WP X O
are VBP X O
frequently RB X O
instructed VBN X O
by IN X O
leading VBG X B-Domain
businesses NNS X I-Domain
seek VBP X O
an DT X O
experienced JJ X B-Skill
employment NN X B-Occupation
solicitor NN X I-Occupation
to TO X O
join VB X O
their PRP$ X O
growing VBG X O
team NN X O
. . X O
My PRP$ X O

client NN X O
is VBZ X O
a DT X O
Top JJ X O
200 CD X O
UK NNP X O
Law NNP X B-Domain
Firm NN X O
and CC X O
they PRP X O
are VBP X O
looking VBG X O
for IN X O
an DT X O
Employment NNP X B-Occupation
Solicitor NNP X I-Occupation
to TO X O
join VB X O
their PRP$ X O
team NN X O
at IN X O
a DT X O
junior JJ X O
level NN X O
in IN X O
Nottingham NNP X O
. . X O
Candidates NNS X O

need VBP X O
to TO X O
have VB X O
previous JJ X O
experience NN X O
within IN X O
a DT X O
similar JJ X O
role NN X O
and CC X O
ideally RB X O
be VB X O
part NN X O
or CC X O
newly RB X O
qualified VBN X O
CIMA NNP X B-Skill
/ NNP X I-Skill
ACCA NNP X I-Skill
/ NNP X I-Skill
ACA NNP X I-Skill
or CC X O
equivalent NN X B-Skill
from IN X O
either CC X O
an DT X O
industry NN X B-Domain
or CC X O
practice NN X B-Domain
background NN X O
. . X O
Our PRP$ X O

high JJ X O
standards NNS X O
insist VBP X O
you PRP X O
produce VBP X B-Skill
excellent JJ X I-Skill
work NN X I-Skill
to TO X I-Skill
surprise VB X I-Skill
and CC X I-Skill
delight JJ X I-Skill
clients NNS X I-Skill
. . X O
Lead JJ X B-Skill

facilitation NN X I-Skill
of IN X I-Skill
the DT X I-Skill
application NN X I-Skill
of IN X I-Skill
the DT X I-Skill
tools NNS X I-Skill
across IN X I-Skill
the DT X I-Skill
product NN X I-Skill
portfolio NN X I-Skill
url JJ X O
removed VBN X O
munication NN X O
of IN X O
success NN X B-Skill
and CC X I-Skill
promotion NN X I-Skill
of IN X I-Skill
DTLC NNP X I-Skill
methodology NN X I-Skill
and CC X I-Skill
its PRP$ X I-Skill
application NN X I-Skill
4 CD X O
. . X B-Skill
Maintenance NN X I-Skill
of IN X I-Skill
tool NN X I-Skill
application NN X I-Skill
and CC X I-Skill
benefit NN X I-Skill
measurement NN X I-Skill
metrics NNS X I-Skill
As IN X O

a DT X O
Deputy NNP X B-Occupation
Manager NNP X I-Occupation
you PRP X O
will MD X O
be VB X O
responsible JJ X O
for IN X O
all DT X B-Skill
activities NNS X I-Skill
within IN X I-Skill
the DT X I-Skill
site NN X I-Skill
, , X O
including VBG X O
P NNP X B-Skill
L NNP X I-Skill
, , X O
recruitment NN X B-Skill
, , X O
training NN X B-Skill
and CC X O
development NN X B-Skill
, , X O
store NN X B-Skill
standards NNS X I-Skill
, , X O
health NN X B-Skill
and CC X O
safety NN X B-Skill
and CC X I-Skill
stock NN X I-Skill
control NN X I-Skill
. . X O
If IN X O

you PRP X O
have VBP X O
a DT X O
passion NN X B-Skill
for IN X I-Skill
service NN X I-Skill
and CC X O
can MD X O
demonstrate VB X B-Skill
first JJ X I-Skill
class NN X I-Skill
communication NN X I-Skill
and CC X O
strong JJ X O
leadership NN X B-Skill
skills NNS X I-Skill
, , X O
combined VBN X O
with IN X O
an DT X O
eye NN X B-Skill
for IN X I-Skill
detail NN X I-Skill
and CC X O
flair NN X O
we PRP X O
would MD X O
like VB X O
to TO X O
hear VB X O
from IN X O
you PRP X O
. . X O
If IN X O

you PRP X O
wish VBP X O
to TO X O
discuss VB X O
this DT X O
position NN X O
in IN X O
confidence NN X O
or CC X O
to TO X O
speak VB X O
to TO X O
me PRP X O
regarding VBG X O
your PRP$ X O
situation NN X O
or CC X O
any DT X O
other JJ X O
opportunities NNS X O
then RB X O
please VB X O
don VB X O
t JJ X O
hesitate NN X O
to TO X O
contact VB X O
me PRP X O
. . X O
You PRP X O

will MD X O
technically RB X O
have VB X O
solid JJ X O
experience NN X O
of IN X O
developing VBG X B-Skill
ETL NNP X I-Skill
process NN X I-Skill
in IN X I-Skill
the DT X I-Skill
Data NNP X I-Skill
Warehouse NNP X I-Skill
environment NN X I-Skill
with IN X O
Ab NNP X B-Skill
Initio NNP X I-Skill
, , X O
with IN X O
good JJ X O
knowledge NN X O
of IN X O
Oracle NNP X B-Skill
You PRP X O

will MD X O
use VB X O
business NN X B-Skill
analysis NN X I-Skill
skills NNS X O
speaking VBG X O
to TO X O
users NNS X O
to TO X O
find VB X O
out RP X O
how WRB X O
they PRP X O
use VBP X O
the DT X O
system NN X O
and CC X O
look NN X O
for IN X O
improvements NNS X O
to TO X O
be VB X O
made VBN X O
. . X O
Please NNP X O

only RB X O
apply VB X O
should MD X O
you PRP X O
have VB X O
the DT X O
specific JJ X O
skills NNS X O
set VBN X O
out RP X O
above IN X O
as IN X O
only RB X O
suitable JJ X O
candidates NNS X O
will MD X O
be VB X O
considered VBN X O
. . X O
ABOUT IN X O

THE DT X O
ORGANISATION NN X O
: : X O
Following VBG X O
their PRP$ X O
recent JJ X O
restructure NN X O
, , X O
this DT X O
fantastic JJ X O
Londonbased VBN X O
organisation NN X O
are VBP X O
looking VBG X O
to TO X O
appoint VB X O
a DT X O
number NN X O
of IN X O
permanent JJ X O
Support NNP X O
Workers NNPS X O
for IN X O
this DT X O
excellent JJ X O
service NN X O
, , X O
to TO X O
provide VB X O
personcentred JJ X O
, , X O
highly RB X O
individualised VBN X O
care NN X O
for IN X O
the DT X O
people NNS X O
they PRP X O
support VBP X O
. . X O
This DT X O

company NN X O
design NN X B-Skill
and CC X I-Skill
manufacture NN X I-Skill
large JJ X I-Skill
, , X I-Skill
bespoke VBD X I-Skill
mechanical JJ X I-Skill
products NNS X I-Skill
for IN X I-Skill
various JJ X I-Skill
clients NNS X I-Skill
worldwide VBP X I-Skill
. . X O
If IN X O

this DT X O
sounds VBZ X O
like IN X O
the DT X O
opportunity NN X O
for IN X O
you PRP X O
Email VBP X O
a DT X O
CV NNP X O
and CC X O
covering VBG X O
letter NN X O
to TO X O
Grant VB X O
at IN X O
Edustaff NNP X O
for IN X O
immediate JJ X O
consideration NN X O
Our PRP$ X O

Client NN X O
is VBZ X O
a DT X O
world NN X O
leading VBG X O
group NN X O
of IN X O
chemical NN X B-Domain
analysis NN X I-Domain
laboratories VBZ X O
specialising VBG X O
in IN X O
bespoke JJ X O
chemical JJ X B-Skill
testing NN X I-Skill
as RB X O
well RB X O
as IN X O
highend NN X O
GLP NNP X B-Skill
/ NNP X I-Skill
GMP NNP X I-Skill
contract NN X I-Skill
analytical JJ X I-Skill
services NNS X I-Skill
, , X O
consultancy NN X B-Skill
and CC X O
training NN X B-Skill
based VBN X O
on IN X O
Mass NNP X B-Skill
Spectrometry NNP X I-Skill
and CC X O
Chromatography NNP X B-Skill
. . X O
You PRP X O

will MD X O
be VB X O
joining VBG X O
a DT X O
small JJ X O
dynamic JJ X O
team NN X O
where WRB X O
your PRP$ X O
contribution NN X O
will MD X O
be VB X O
recognised VBN X O
and CC X O
where WRB X O
your PRP$ X O
ideas NNS X O
count NN X O
. . X O
You PRP X O

will MD X O
be VB X O
a DT X O
key JJ X O
member NN X O
of IN X O
the DT X O
Infrastructure NNP X B-Domain
team NN X O
; : X O
a DT X O
senior JJ X B-Occupation
figure NN X I-Occupation
and CC X O
a DT X O
technical JJ X B-Occupation
expert NN X I-Occupation
in IN X I-Occupation
VMware NNP X I-Occupation
, , X I-Occupation
Virtualisation NNP X I-Occupation
and CC X I-Occupation
the DT X I-Occupation
Windows NNP X I-Occupation
technology NN X I-Occupation
stack NN X I-Occupation
. . X O
Please NNP X O

note NN X O
: : X O
Only RB X O
candidates NNS X O
with IN X O
the DT X O
relevant JJ X O
skills NNS X O
and CC X O
experience NN X B-Skill
will MD X O
be VB X O
contacted VBN X O
at IN X O
this DT X O
time NN X O
. . X O
You PRP X O

must MD X O
have VB X O
the DT X O
ability NN X O
to TO X O
work VB X B-Skill
within IN X I-Skill
a DT X I-Skill
busy JJ X I-Skill
and CC X I-Skill
target NN X I-Skill
orientated VBN X I-Skill
environment NN X I-Skill
and CC X O
have VBP X O
the DT X O
capability NN X O
to TO X O
think VB X B-Skill
on IN X I-Skill
your PRP$ X I-Skill
feet NNS X I-Skill
and CC X O
use VB X B-Skill
your PRP$ X I-Skill
initiative NN X I-Skill
. . X O
The DT X O

role NN X O
requires VBZ X O
someone NN X O
to TO X O
sell VB X B-Skill
on IN X I-Skill
the DT X I-Skill
telephone NN X I-Skill
and CC X I-Skill
face NN X I-Skill
to TO X I-Skill
face VB X I-Skill
our PRP$ X I-Skill
invoice NN X I-Skill
software NN X I-Skill
. . X O
Our PRP$ X O

client NN X O
currently RB X O
has VBZ X O
a DT X O
very RB X O
exciting JJ X O
opportunity NN X O
working VBG X O
as IN X O
a DT X O
Head NNP X B-Occupation
of IN X I-Occupation
Country NNP X I-Occupation
Marketing NNP X I-Occupation
Execution NNP X O
based VBN X O
in IN X O
Marlow NNP X O
, , X O
Buckinghamshire NNP X O
. . X O
Performing VBG X B-Skill

occasional JJ X I-Skill
demonstrations NNS X I-Skill
of IN X I-Skill
the DT X I-Skill
lab NN X I-Skill
' POS X I-Skill
s JJ X I-Skill
work NN X I-Skill
to TO X I-Skill
potential JJ X I-Skill
students NNS X I-Skill
and CC X I-Skill
/ NN X I-Skill
or CC X I-Skill
industrial JJ X I-Skill
and CC X I-Skill
or CC X I-Skill
academic JJ X I-Skill
collaborators NNS X I-Skill
. . X O
Providing VBG X B-Skill

services NNS X I-Skill
for IN X I-Skill
the DT X I-Skill
restaurant NN X I-Skill
, , X I-Skill
room NN X I-Skill
service NN X I-Skill
and CC X I-Skill
bar NN X I-Skill
operations NNS X I-Skill
Catering VBG X I-Skill
for IN X O
up IN X O
to TO X O
Experience NN X O

of IN X O
project NN X B-Skill
execution NN X I-Skill
using VBG X O
project NN X B-Skill
selected VBN X I-Skill
design NN X I-Skill
modelling VBG X I-Skill
techniques NNS X I-Skill
. . X O
For IN X O

the DT X O
full JJ X O
job NN X O
details NNS X O
visit IN X O
our PRP$ X O
website JJ X O
www NN X O
. . X O
emisonline NN X O
. . X O
com NN X O
or CC X O
email NN X O
recruitmentemis NN X O
. . X O
com NN X O
to TO X O
apply VB X O
. . X O
Refurbishment NN X B-Skill

or CC X I-Skill
replacing VBG X I-Skill
lift JJ X I-Skill
interiors NNS X I-Skill
, , X I-Skill
flooring NN X I-Skill
, , X I-Skill
panel NN X I-Skill
displays NNS X I-Skill
, , X I-Skill
communication NN X I-Skill
systems NNS X I-Skill
, , X I-Skill
buttons NNS X I-Skill
and CC X I-Skill
lighting VBG X I-Skill
. . X O
My PRP$ X O

client NN X O
are VBP X O
looking VBG X O
for IN X O
forward RB X B-Skill
thinking VBG X I-Skill
professionals NNS X O
who WP X O
are VBP X O
comfortable JJ X O
working VBG X O
in IN X O
a DT X O
highly RB X O
independent JJ X O
environment NN X O
, , X O
and CC X O
taking VBG X O
charge NN X O
of IN X O
their PRP$ X O
own JJ X O
projects NNS X O
. . X O
Circa NNP X O

16 CD X O
hours NNS X O
per IN X O
week NN X O
, , X O
MondayFriday NNP X O
, , X O
mornings NNS X O
; : X O
times NNS X O
to TO X O
be VB X O
arranged VBN X O
. . X O
About IN X O

you PRP X O
You PRP X O
ve VBP X O
a DT X O
smile NN X O
and CC X O
a DT X O
story NN X O
for IN X O
everyone NN X O
. . X O
Other JJ X O

Santander NNP X O
benefits NNS X O
include VBP X O
SMART NNP X O
Pension NNP X O
25 CD X O
days NNS X O
Holiday NNP X O
public JJ X O
holidays NNS X O
entitlement JJ X O
Product NNP X O
discounts NNS X O
Retail NNP X O
and CC X O
High NNP X O
Street NNP X O
discounts NNS X O
Factor NNP X O
in IN X O
a DT X O
defined JJ X O
career NN X O
development NN X O
path NN X O
through IN X O
our PRP$ X O
advisor NN X O
progression NN X O
scheme NN X O
and CC X O
it PRP X O
becomes VBZ X O
clear JJ X O
that IN X O
you PRP X O
re VBP X O
looking VBG X O
at IN X O
a DT X O
fantastic JJ X O
career NN X O
opportunity NN X O
. . X O
Recruitment NNP X O

Team NNP X O
of IN X O
the DT X O
Year NNP X O
Winner NNP X O
NI NNP X O
Chamber NNP X O
of IN X O
Commerce NNP X O
Awards NNP X O
2010 CD X O
You PRP X O

will MD X O
have VB X O
proven VBN X O
, , X O
demonstrable JJ X O
experience NN X O
of IN X O
developing VBG X B-Skill
managers NNS X I-Skill
up RB X O
to TO X O
and CC X O
including VBG X O
senior JJ X O
levels NNS X O
with IN X O
a DT X O
solid JJ X O
understanding NN X O
of IN X O
key JJ X O
management NN X B-Skill
and CC X O
leadership NN X B-Skill
development NN X O
models NNS X O
and CC X O
theories NNS X O
. . X O
To TO X O

produce VB X O
valid JJ X O
, , X O
standards NNS X O
compliant NN X O
and CC X O
pixel NN X O
perfect VBP X O
HTML NNP X B-Skill
and CC X O
CSS NNP X B-Skill
based VBN X O
on IN X O
supplied JJ X O
website JJ X O
specifications NNS X O
To TO X B-Skill
test VB X I-Skill
website JJ X I-Skill
rendering VBG X I-Skill
across IN X O
an DT X O
agreed NN X O
set NN X O
of IN X O
web JJ X O
browsers NNS X O
so IN X O
that IN X O
it PRP X O
appears VBZ X O
consistent JJ X O
across IN X O
all DT X O
of IN X O
them PRP X O
To TO X O
attend VB X O
project JJ X O
meetings NNS X O
and CC X O
fix VB X O
Front NNP X O
End NNP X O
bugs NNS X O
raised VBN X O
by IN X O
the DT X O
QA NNP X O
team NN X O
Senior NNP X B-Occupation
Web NNP X I-Occupation
Developer NNP X I-Occupation
, , X O
HTML NNP X B-Skill
5 CD X I-Skill
, , X O
XHTML NNP X B-Skill
, , X O
CSS NNP X B-Skill
, , X O
JavaScript NNP X B-Skill
, , X O
JQuery NNP X B-Skill
, , X O
Front NNP X O
End NNP X O
, , X O
Berkshire NNP X O
. . X O
We PRP X O

have VBP X O
a DT X O
fantastic JJ X O
opportunity NN X O
for IN X O
a DT X O
junior NN X O
to TO X O
midlevel VB X O
Java NNP X B-Skill
developer NN X I-Skill
with IN X O
JavaScript NNP X B-Skill
skills NNS X O
to TO X O
begin VB X O
a DT X O
career NN X O
in IN X O
the DT X O
financial JJ X O
domain NN X O
with IN X O
one CD X O
of IN X O
the DT X O
worlds NNS X O
leading VBG X O
finance NN X O
software NN X O
product NN X O
organisations NNS X O
. . X O
You PRP X O

must MD X O
have VB X O
previous JJ X O
experience NN X B-Experience
within IN X I-Experience
the DT X I-Experience
motor NN X I-Experience
trade NN X I-Experience
industry NN X I-Experience
, , X O
your PRP$ X B-Skill
own JJ X I-Skill
tools NNS X I-Skill
and CC X O
have VBP X O
knowledge VBN X B-Skill
of IN X I-Skill
Aquabase NNP X I-Skill
H NNP X I-Skill
. . X I-Skill
S NNP X I-Skill
. . X I-Skill
Plus CC X I-Skill
and CC X I-Skill
Dry NNP X I-Skill
Flatting NNP X I-Skill
. . X O
We PRP X O

also RB X O
design NN X O
and CC X O
produce NN X O
medals NNS X O
awarded VBD X O
for IN X O
service NN X O
or CC X O
acts NNS X O
of IN X O
gallantry NN X O
to TO X O
UK NNP X O
citizens NNS X O
and CC X O
members NNS X O
of IN X O
our PRP$ X O
armed JJ X O
forces NNS X O
, , X O
as RB X O
well RB X O
as IN X O
the DT X O
production NN X O
of IN X O
all DT X O
Role NN X O

: : X O
To TO X O
develop VB X B-Skill
website JJ X I-Skill
UIs NNP X I-Skill
for IN X O
a DT X O
number NN X O
of IN X O
wellknown JJ X O
clients NNS X O
across IN X O
UK NNP X O
and CC X O
Europe NNP X O
. . X O
It PRP X O

s VBZ X O
a DT X O
trick JJ X O
no DT X O
one NN X O
else RB X O
has VBZ X O
managed VBN X O
to TO X O
pull VB X O
off RP X O
. . X O
In IN X O

addition NN X O
to TO X O
lecturing NN X B-Skill
, , X O
the DT X O
successful JJ X O
candidate NN X O
will MD X O
be VB X O
appointed VBN X O
as IN X O
Course NNP X B-Occupation
Leader NNP X I-Occupation
for IN X O
at IN X O
least JJS X O
one CD X O
of IN X O
our PRP$ X O
Electrical JJ X B-Skill
Installation NNP X I-Skill
programmes NNS X O
and CC X O
will MD X O
act VB X O
as IN X O
a DT X O
personal JJ X B-Occupation
tutor NN X I-Occupation
to TO X O
full JJ X O
and CC X O
parttime JJ X O
students NNS X O
. . X O
The DT X O

Land NNP X B-Occupation
Manager NNP X I-Occupation
will MD X O
have VB X O
the DT X B-Skill
ability NN X I-Skill
to TO X I-Skill
build VB X I-Skill
relationships NNS X I-Skill
with IN X I-Skill
land NN X I-Skill
owners NNS X I-Skill
and CC X I-Skill
local JJ X I-Skill
authorities NNS X I-Skill
in IN X O
order NN X O
to TO X O
negotiate VB X B-Skill
and CC X I-Skill
agree VB X I-Skill
terms NNS X I-Skill
at IN X I-Skill
a DT X I-Skill
commercially RB X I-Skill
viable JJ X I-Skill
rate NN X I-Skill
. . X O
McCarthy NNP X O

is VBZ X O
like IN X O
no DT X O
other JJ X O
recruitment NN X O
agency NN X O
you PRP X O
willhave VBP X O
worked VBN X O
with IN X O
, , X O
our PRP$ X O
difference NN X O
is VBZ X O
our PRP$ X O
commitment NN X O
to TO X O
providing VBG X O
a DT X O
professional JJ X O
and CC X O
personalized JJ X O
recruitment NN X O
service NN X O
of IN X O
the DT X O
highest JJS X O
quality NN X O
. . X O
Working VBG X B-Skill

as IN X I-Skill
part NN X I-Skill
of IN X I-Skill
a DT X I-Skill
team NN X I-Skill
and CC X I-Skill
individually RB X I-Skill
, , X O
you PRP X O
will MD X O
be VB X O
expected VBN X O
to TO X O
hit VB X B-Skill
and CC X I-Skill
exceed VB X I-Skill
sales NNS X I-Skill
targets NNS X I-Skill
. . X O
He PRP X O

or CC X O
she PRP X O
will MD X O
be VB X O
both DT X O
commercially RB X B-Skill
aware JJ X I-Skill
and CC X O
also RB X O
have VBP X O
a DT X O
reasonable JJ X B-Skill
grasp NN X I-Skill
of IN X I-Skill
the DT X I-Skill
technical JJ X I-Skill
complexities NNS X I-Skill
of IN X I-Skill
the DT X I-Skill
products NNS X I-Skill
. . X O
over IN X O

**** JJ X O
branches NNS X O
nationwide JJ X O
and CC X O
an DT X O
ever RB X O
expanding VBG X O
portfolio NN X O
, , X O
Arnold NNP X O
Clark NNP X O
is VBZ X O
proud JJ X O
to TO X O
be VB X O
Europe NNP X O
s RB X O
largest JJS X O
independent JJ X O
motor NN X B-Domain
dealer NN X I-Domain
. . X O
The DT X O

post NN X O
holder NN X O
is VBZ X O
a DT X O
key JJ X O
member NN X O
of IN X O
the DT X O
Head NNP X B-Occupation
of IN X I-Occupation
Departments NNP X O
operational JJ X B-Skill
management NN X I-Skill
team NN X O
. . X O
The DT X O

successful JJ X O
candidate NN X O
will MD X O
become VB X O
the DT X O
specifics NNS X B-Skill
product NN X I-Skill
expert NN X I-Skill
within IN X I-Skill
our PRP$ X I-Skill
clients NNS X I-Skill
UK NNP X I-Skill
business NN X I-Skill
, , X O
and CC X O
represent VB X B-Skill
the DT X I-Skill
UK NNP X I-Skill
in IN X I-Skill
wider NN X I-Skill
Group NNP X I-Skill
. . X O
**** JJ X O

Job NNP X O
Purpose NNP X O
: : X O
To TO X O
coordinate VB X B-Skill
and CC X I-Skill
manage VB X I-Skill
a DT X I-Skill
successful JJ X I-Skill
National NNP X I-Skill
Citizen NNP X I-Skill
Service NNP X I-Skill
programme NN X I-Skill
in IN X O
the DT X O
Wakefield NNP X O
area NN X O
. . X O
For IN X O

the DT X O
role NN X O
of IN X O
Service NNP X B-Occupation
Advisor NNP X I-Occupation
/ NNP X O
Administrator NNP X B-Occupation
there EX X O
is VBZ X O
on IN X O
offer NN X O
: : X O
A DT X O
basic JJ X O
salary NN X O
of IN X O
Commitment NN X B-Skill

to TO X O
be VB X O
displayed VBN X O
to TO X O
training VBG X O
through IN X O
participation NN X O
, , X O
and CC X O
sign VBD X O
off IN X O
of IN X O
training NN X B-Skill
records NNS X I-Skill
, , X O
and CC X O
application NN X B-Skill
of IN X I-Skill
learning VBG X I-Skill
in IN X O
the DT X O
workplace NN X O
Experience NN X O

of IN X O
using VBG X O
object JJ X B-Skill
oriented VBN X I-Skill
programming NN X I-Skill
languages NNS X I-Skill
Knowledge NNP X O
of IN X O
scripting VBG X B-Skill
or CC X O
interpreted JJ X B-Skill
languages NNS X I-Skill
Experience NNP X O
of IN X O
using VBG X O
SQL NNP X B-Skill
Server NNP X I-Skill
or CC X I-Skill
equivalent JJ X I-Skill
directly RB X O
via IN X O
Management NNP X O
interface NN X O
or CC X O
software NN X B-Skill
application NN X I-Skill
Ability NNP X O
to TO X O
solve VB X B-Skill
problems NNS X I-Skill
and CC X O
provide VB X B-Skill
workable JJ X I-Skill
solutions NNS X I-Skill
or CC X I-Skill
workarounds NNS X I-Skill
Ability NNP X O
to TO X O
continually RB X B-Skill
learn VB X I-Skill
and CC X I-Skill
adapt VB X I-Skill
to TO X I-Skill
new JJ X I-Skill
technologies NNS X I-Skill
and CC X O
implement NN X O
where WRB X O
suitable JJ X O
Possess NNP X O
good JJ X O
knowledge NN X B-Skill
of IN X I-Skill
software NN X I-Skill
and CC X I-Skill
hardware NN X I-Skill
environments NNS X I-Skill
including VBG X I-Skill
networking VBG X I-Skill
Wellorganized NNP X I-Skill
, , X O
detailoriented VBD X B-Skill
and CC X O
able JJ X O
to TO X O
handle VB X O
and CC X O
effectively RB X O
prioritize VB X B-Skill
multiple JJ X I-Skill
tasks NNS X I-Skill
under IN X I-Skill
pressure NN X I-Skill
Professional NNP X I-Skill
business NN X I-Skill
attire NN X I-Skill
Flexible NNP X I-Skill
and CC X O
adaptable JJ X B-Skill
to TO X I-Skill
a DT X I-Skill
changing VBG X I-Skill
working NN X I-Skill
environment NN X I-Skill
You PRP X O

should MD X O
have VB X O
a DT X O
proven JJ X O
background NN X O
in IN X O
designing VBG X B-Skill
PLC NNP X I-Skill
or CC X I-Skill
DCS NNP X I-Skill
based VBN X I-Skill
control NN X I-Skill
systems NNS X I-Skill
, , X O
ideally RB X O
with IN X O
experience NN X O
of IN X O
control NN X B-Skill
loop NN X I-Skill
design NN X I-Skill
and CC X I-Skill
tuning NN X I-Skill
, , X O
and CC X O
knowledge NN X B-Skill
of IN X I-Skill
power NN X I-Skill
station NN X I-Skill
process NN X I-Skill
plant NN X I-Skill
. . X O
Duties NNP X O

& CC X O
Responsibilities NNP X O
will MD X O
include VB X O
: : X O
Implementing NNP X B-Skill
and CC X I-Skill
participating VBG X I-Skill
in IN X I-Skill
continuous JJ X I-Skill
improvement NN X I-Skill
initiatives NNS X I-Skill
Completing VBG X I-Skill
risk NN X I-Skill
assessments NNS X I-Skill
and CC X O
dealing VBG X B-Skill
with IN X I-Skill
safety NN X I-Skill
issues NNS X I-Skill
and CC X O
actions NNS X O
Liaising VBG X O
with IN X O
and CC X O
managing VBG X B-Skill
external JJ X I-Skill
contractors NNS X I-Skill
Supporting VBG X I-Skill
the DT X I-Skill
PLC NNP X I-Skill
function NN X I-Skill
on IN X I-Skill
all DT X I-Skill
PLC NNP X I-Skill
driven VBN X I-Skill
equipment NN X I-Skill
Following VBG X I-Skill
good JJ X I-Skill
manufacturing NN X I-Skill
practice NN X I-Skill
at IN X I-Skill
all DT X I-Skill
times NNS X I-Skill
, , X I-Skill
whilst NN X I-Skill
providing VBG X I-Skill
strong JJ X I-Skill
engineering NN X I-Skill
support NN X I-Skill
to TO X I-Skill
the DT X I-Skill
factory NN X I-Skill
Elevation NNP X B-Occupation
Engineering NNP X I-Occupation
& CC X I-Occupation
Manufacturing NNP X I-Occupation
would MD X O
be VB X O
keen JJ X O
to TO X O
speak VB X O
with IN X O
candidates NNS X O
with IN X O
the DT X O
following JJ X O
skills NNS X O
and CC X O
experiences NNS X O
: : X O
At IN X O
least JJS X O
an DT X O
electrically RB X B-Qualification
based VBN X I-Qualification
NVQ NNP X I-Qualification
level NN X I-Qualification
3 CD X I-Qualification
or CC X O
higher JJR X B-Qualification
Certified VBN X I-Qualification
to TO X O
Qualifications NNP X O

& CC X O
Training NNP X O
: : X B-Occupation
Essential JJ X I-Occupation
Registered NNP X I-Occupation
Nurse NNP X I-Occupation
/ NNP X O
HPC NNP X O
Experience NNP X O
: : X O
Essential JJ X O
Working NNP X B-Skill
in IN X I-Skill
teams NNS X I-Skill
and CC X I-Skill
with IN X I-Skill
minimum JJ X I-Skill
supervision NN X I-Skill
Experience NNP X O
in IN X O
a DT X O
caring NN X O
role NN X O
Desirable JJ X O
Experience NN X O
of IN X O
applying VBG X B-Skill
clinical JJ X I-Skill
reasoning NN X I-Skill
skills NNS X I-Skill
to TO X I-Skill
a DT X I-Skill
range NN X I-Skill
of IN X I-Skill
complex JJ X I-Skill
and CC X I-Skill
varied JJ X I-Skill
patient NN X I-Skill
case NN X I-Skill
mixes VB X I-Skill
If IN X O
you PRP X O
would MD X O
like VB X O
to TO X O
apply VB X O
for IN X O
this DT X O
post NN X O
please VB X O
email VB X O
your PRP$ X O
CV NNP X O
to TO X O
echadwickeclypserecruitment VB X O
. . X O
co NN X O
. . X O
uk NN X O
or CC X O
call VB X O
me PRP X O
on IN X O
To TO X O

apply VB X O
for IN X O
this DT X O
position NN X O
, , X O
candidates NNS X O
must MD X O
be VB X O
eligible JJ X O
to TO X O
live VB X O
and CC X O
work VB X O
in IN X O
the DT X O
UK NNP X O
. . X O
**** NN X O

and CC X O
provides VBZ X B-Skill
constructive JJ X I-Skill
and CC X I-Skill
honest JJS X I-Skill
feedback NN X I-Skill
in IN X I-Skill
a DT X I-Skill
timely JJ X I-Skill
manner NN X I-Skill
. . X O
A DT X O

dynamic JJ X B-Skill
individual JJ X O
with IN X O
a DT X O
proven JJ X O
track NN X O
record NN X O
managing VBG X B-Skill
high JJ X I-Skill
performing VBG X I-Skill
teams NNS X I-Skill
in IN X O
challenging VBG X O
environments NNS X O
is VBZ X O
essential JJ X O
. . X O
If IN X O

you PRP X O
have VBP X O
worked VBN X O
within IN X O
the DT X O
EPOS NNP X B-Domain
environment NN X I-Domain
previously RB X O
this DT X O
will MD X O
be VB X O
a DT X O
distinct JJ X O
advantage NN X O
. . X O
The DT X O

role NN X O
will MD X O
involve VB X O
up RB X O
to TO X O
75 CD X O
% NN X O
global JJ X O
travel NN X O
. . X O
My PRP$ X O

client NN X O
is VBZ X O
a DT X O
leading VBG X O
retail JJ X O
and CC X O
fashion NN X O
distributor NN X O
and CC X O
is VBZ X O
now RB X O
looking VBG X O
to TO X O
expand VB X O
their PRP$ X O
Supply NNP X O
Chain NNP X O
department NN X O
with IN X O
a DT X O
Buyer NNP X B-Occupation
The DT X O
Role NNP X O
GENERAL NNP X B-Occupation

MANAGER NNP X I-Occupation
REQUIRED NNP X O
, , X O
HIGH NNP X B-Domain
PROFILE NNP X I-Domain
, , X O
FRESH NNP X B-Domain
AND NNP X I-Domain
QULAITY NNP X I-Domain
RESTAURANT NNP X I-Domain
, , X O
FANATASTIC NNP X O
COMPANY NNP X O
Ensuring VBG X B-Skill

all DT X I-Skill
plant NN X I-Skill
complies NNS X I-Skill
with IN X I-Skill
regulatory JJ X I-Skill
and CC X I-Skill
contractual JJ X I-Skill
requirements NNS X I-Skill
. . X O
The DT X O

requirement NN X O
A NNP X O
qualified JJ X O
Social NNP X B-Occupation
Work NNP X I-Occupation
professional JJ X O
with IN X O
Health NNP X B-Qualification
and CC X I-Qualification
Care NNP X I-Qualification
Professional NNP X I-Qualification
Council NNP X I-Qualification
registration NN X I-Qualification
, , X O
you PRP X O
will MD X O
bring VB X O
significant JJ X O
postqualifying VBG X O
level JJ X O
experience NN X O
of IN X O
working VBG X B-Skill
within IN X I-Skill
a DT X I-Skill
children NNS X I-Skill
and CC X I-Skill
families NNS X I-Skill
social JJ X I-Skill
work NN X I-Skill
environment NN X I-Skill
, , X O
particularly RB X O
with IN X O
looked VBN X B-Skill
after IN X I-Skill
children NNS X I-Skill
as RB X O
well RB X O
as IN X O
significant JJ X B-Skill
court NN X I-Skill
work NN X I-Skill
. . X O
As IN X O

a DT X O
Mid NNP X O
Market NNP X O
Sales NNS X B-Occupation
Executive NNP X I-Occupation
you PRP X O
will MD X O
be VB X O
responsible JJ X O
for IN X O
growing VBG X O
contract NN X O
revenue NN X O
with IN X O
new JJ X O
clients NNS X O
, , X O
with IN X O
a DT X O
major JJ X O
focus NN X O
on IN X O
identifying VBG X O
new JJ X O
opportunities NNS X O
. . X O
**** NN X O

mandays NNS X O
, , X O
but CC X O
some DT X O
involve VBP X O
collaboration NN X B-Skill
with IN X I-Skill
the DT X I-Skill
other JJ X I-Skill
European JJ X I-Skill
Development NNP X I-Skill
Teams NNP X I-Skill
on IN X O
projects NNS X O
requiring VBG X O
up RP X O
to TO X O
To TO X O

oversee VB X O
the DT X O
direct JJ X O
insurance NN X O
catastrophe NN X O
portfolios NNS X O
: : X O
Manage NN X B-Skill
a DT X I-Skill
team NN X I-Skill
of IN X I-Skill
Exposure NNP X I-Skill
Management NNP X I-Skill
Analysts NNS X I-Skill
Ensure NNP X I-Skill
timely RB X I-Skill
and CC X I-Skill
accurate JJ X I-Skill
portfolio NN X I-Skill
rollups NNS X I-Skill
and CC X I-Skill
regular JJ X I-Skill
reporting NN X I-Skill
Monitor NNP X I-Skill
the DT X I-Skill
standards NNS X I-Skill
of IN X I-Skill
quality NN X I-Skill
and CC X I-Skill
timeliness NN X I-Skill
in IN X I-Skill
cat NN X I-Skill
data NNS X I-Skill
processing NN X I-Skill
Produce NNP X I-Skill
and CC X I-Skill
maintain VB X I-Skill
documentation NN X I-Skill
of IN X I-Skill
portfolio NN X I-Skill
management NN X I-Skill
processes VBZ X I-Skill
Help NNP X I-Skill
educate VB X I-Skill
the DT X I-Skill
business NN X I-Skill
about IN X I-Skill
catastrophe NN X I-Skill
risk NN X I-Skill
qualified VBN X B-Skill

, , X O
with IN X O
the DT X O
proven JJ X O
ability NN X O
to TO X O
deliver VB X B-Skill
against IN X I-Skill
targets NNS X I-Skill
in IN X O
a DT X O
regulated JJ X B-Domain
sales NNS X I-Domain
environment NN X I-Domain
. . X O
The DT X O

Organisation NNP X O
Our PRP$ X O
retained JJ X O
client NN X O
is VBZ X O
a DT X O
leading VBG X O
Top JJ X B-Domain
50 CD X I-Domain
accountancy NN X I-Domain
firm NN X O
that WDT X O
is VBZ X O
highly RB X B-Skill
profitable JJ X I-Skill
and CC X O
has VBZ X O
a DT X O
client NN X O
base NN X O
of IN X O
multinationals NNS X B-Domain
, , X O
OMBs NNP X B-Domain
, , X O
and CC X O
HNWIs NNP X B-Domain
across IN X O
a DT X O
wide JJ X O
range NN X O
of IN X O
sectors NNS X O
. . X O
They PRP X O

require VBP X O
an DT X O
experienced JJ X O
Business NNP X B-Occupation
Development NNP X I-Occupation
Manager NNP X I-Occupation
to TO X O
join VB X O
their PRP$ X O
busy JJ X O
Central NNP X O
Sales NNS X B-Domain
team NN X O
. . X O
Healthcare NNP X O

are VBP X O
currently RB X O
recruiting VBG X O
for IN X O
Registered NNP X B-Qualification
Nurses NNP X I-Qualification
with IN X O
experience NN X O
in IN X O
Acute NNP X B-Domain
Care NNP X I-Domain
Sector NNP X I-Domain
in IN X O
the DT X O
Borders NNP X O
. . X O
Their PRP$ X O

employees NNS X O
are VBP X O
well RB X O
known VBN X O
for IN X O
straight JJ X B-Skill
talking VBG X I-Skill
as RB X O
well RB X O
as IN X O
their PRP$ X O
inspirational JJ X B-Skill
and CC X I-Skill
positive JJ X I-Skill
approach NN X I-Skill
, , X O
which WDT X O
has VBZ X O
attracted VBN X B-Skill
a DT X I-Skill
loyal JJ X I-Skill
client NN X I-Skill
following VBG X I-Skill
and CC X O
trusted VBD X B-Skill
advisor NN X B-Occupation
status NN X O
. . X O
Lead VB X B-Skill

the DT X I-Skill
design NN X I-Skill
, , X I-Skill
execution NN X I-Skill
, , X I-Skill
reporting NN X I-Skill
and CC X I-Skill
periodic JJ X I-Skill
review NN X I-Skill
of IN X I-Skill
a DT X I-Skill
program NN X I-Skill
of IN X I-Skill
validation NN X I-Skill
activities NNS X I-Skill
at IN X I-Skill
the DT X I-Skill
manufacturing NN X I-Skill
site NN X I-Skill
. . X O
You PRP X O

should MD X O
be VB X O
self VBN X B-Skill
motivated JJ X I-Skill
and CC X O
ambitious JJ X B-Skill
with IN X O
excellent JJ X O
customer NN X B-Skill
service NN X I-Skill
skills NNS X O
. . X O
A DT X O

busy JJ X O
food NN X B-Skill
focused VBD X I-Skill
pub NN X O
located VBN X O
in IN X O
Cheshire NNP X O
has VBZ X O
the DT X O
position NN X O
of IN X O
Head NNP X B-Occupation
Chef NNP X I-Occupation
available JJ X O
Role NNP X O
: : X O
A DT X O
popular JJ X O
pub NN X O
is VBZ X O
seeking VBG X O
a DT X O
Head NNP X B-Occupation
Chef NNP X I-Occupation
who WP X O
can MD X O
lead VB X B-Skill
the DT X I-Skill
team NN X I-Skill
of IN X I-Skill
chefs JJ X I-Skill
property NN X I-Skill
working VBG X I-Skill
in IN X O
the DT X O
kitchen NN X O
of IN X O
the DT X O
property NN X O
which WDT X O
is VBZ X O
well RB X O
equipped VBN X O
to TO X O
prepare VB X O
meals NNS X O
for IN X O
large JJ X O
numbers NNS X O
of IN X O
covers NNS X O
particularly RB X O
in IN X O
the DT X O
summer NN X O
months NNS X O
. . X O
is VBZ X O

an DT X O
Employment JJ X O
Business NN X O
and CC X O
an DT X O
Employment JJ X O
Agency NN X O
as IN X O
defined VBN X O
within IN X O
The DT X O
Conduct NNP X O
of IN X O
Employment NNP X O
Agencies NNP X O
& CC X O
Employment NNP X O
Businesses NNP X O
Regulations NNP X O
Network NNP X B-Occupation

Administrator NNP X I-Occupation
Cisco NNP X O
Checkpoint NNP X O
Twickenham NNP X O
region NN X O
, , X O
West NNP X O
London NNP X O
/ NNP X O
Surrey NNP X O
. . X O
WITHOUT IN X O

AN NNP X O
APPLICATION NNP X O
FORM NNP X O
WILL MD X O
NOT NNP X O
BE NNP X O
ACCEPTED NNP X O
For IN X O
a DT X O
Recruitment NNP X O
Pack NNP X O
please NN X O
contact JJ X O
Corporate NNP X O
Human NNP X O
Resources NNPS X O
, , X O
Conwy NNP X O
County NNP X O
Borough NNP X O
Council NNP X O
, , X O
Bodlondeb NNP X O
, , X O
Conwy NNP X O
, , X O
you PRP X O

will MD X O
primarily RB X B-Skill
be VB X I-Skill
focused VBN X I-Skill
on IN X I-Skill
backend NN X I-Skill
, , X O
but CC X O
you PRP X O
should MD X O
be VB X O
able JJ X B-Skill
to TO X I-Skill
whip VB X I-Skill
out RP X I-Skill
a DT X I-Skill
site NN X I-Skill
from IN X I-Skill
AZ NNP X I-Skill
comfortably RB X I-Skill
if IN X O
needed VBN X O
Flash NNP X B-Skill
proficiency NN X I-Skill
basic JJ X I-Skill
tweening VBG X I-Skill
engine NN X I-Skill
/ NNP X I-Skill
sequencing VBG X I-Skill
knowledge NN X I-Skill
, , X I-Skill
AS IN X I-Skill
****/ NN X O
As IN X O

an DT X O
iPhone NN X B-Occupation
Developer NNP X I-Occupation
/ NNP X O
Technical NNP X B-Occupation
Lead NNP X I-Occupation
you PRP X O
can MD X O
expect VB X O
to TO X O
earn VB X O
a DT X O
competitive JJ X O
salary NN X O
to TO X O
Based VBN X O

at IN X O
your PRP$ X O
local JJ X O
ASDA NNP X B-Domain
, , X O
Involves VBZ X O
daily JJ X O
supervision NN X B-Skill
of IN X I-Skill
a DT X I-Skill
team NN X I-Skill
of IN X I-Skill
cleaners NNS X I-Skill
. . X O
Candidates NNS X O

will MD X O
ideally RB X O
be VB X O
educated VBN X O
to TO X O
Degree NNP X B-Qualification
Level NNP X I-Qualification
or CC X I-Qualification
equivalent JJ X I-Qualification
in IN X I-Qualification
electrical JJ X I-Qualification
engineering NN X I-Qualification
. . X O
Support NNP X B-Skill

the DT X I-Skill
manager NN X I-Skill
to TO X O
develop VB X O
a DT X O
committed JJ X O
, , X O
enthusiastic JJ X O
and CC X O
informed JJ X O
store NN X O
team NN X O
. . X O
If IN X O

you PRP X O
re VBP X O
interested JJ X O
, , X O
please JJ X O
send VB X O
your PRP$ X O
CV NNP X O
through IN X O
to TO X O
Specialist NNP X O
Andrew NNP X O
Nitek NNP X O
and CC X O
call VB X O
on IN X O
Customer NNP X O

Service NNP X O
Excellence NNP X O
Winner NNP X O
Institute NNP X O
of IN X O
Recruitment NNP X B-Domain
Professionals NNP X O
Awards NNP X O
2010 CD X O
This DT X O

position NN X O
will MD X O
suit VB X O
a DT X O
senior JJ X B-Skill
IT NNP X I-Skill
solutions VBD X I-Skill
sales NNS X I-Skill
professional NN X I-Skill
who WP X O
is VBZ X O
used VBN X O
to TO X O
working VBG X B-Skill
within IN X I-Skill
the DT X I-Skill
export NN X I-Skill
markets NNS X I-Skill
selling VBG X I-Skill
into IN X I-Skill
the DT X I-Skill
country NN X I-Skill
of IN X I-Skill
their PRP$ X I-Skill
mother NN X I-Skill
tongue NN X I-Skill
or CC X O
utilising VBG X B-Skill
a DT X I-Skill
language NN X I-Skill
in IN X I-Skill
which WDT X I-Skill
you PRP X I-Skill
have VBP X I-Skill
complete JJ X I-Skill
coloquial JJ X I-Skill
fluency NN X I-Skill
. . X O
All DT X O

Sous NNP X B-Occupation
Chef NNP X I-Occupation
candidates NNS X O
must MD X O
be VB X O
eligible JJ X B-Qualification
to TO X I-Qualification
work VB X I-Qualification
in IN X I-Qualification
the DT X I-Qualification
UK NNP X I-Qualification
and CC X O
provide VB X O
suitable NN X O
and CC X O
up RB X O
to TO X O
date NN X O
eligibility NN X O
and CC X O
Identification NNP X O
at IN X O
first JJ X O
stage NN X O
interview NN X O
. . X O
If IN X O

you PRP X O
have VBP X O
worked VBN X O
a DT X O
similar JJ X O
role NN X O
or CC X O
similar JJ X O
technologies NNS X O
, , X O
apply RB X O
today NN X O
This DT X O
is VBZ X O
a DT X O
fantastic JJ X O
opportunity NN X O
to TO X O
join VB X O
an DT X O
exciting JJ X O
internationally RB X O
expanding VBG X O
establishment NN X O
, , X O
while IN X O
they PRP X O
are VBP X O
showing VBG X O
exceptional JJ X O
signs NNS X O
of IN X O
growth NN X O
and CC X O
development NN X O
. . X O
Applicants NNS X O

must MD X O
have VB X O
solid JJ X B-Skill
real JJ X I-Skill
estate NN X I-Skill
experience NN X I-Skill
from IN X O
a DT X O
comparable JJ X O
City NNP X O
/ NNP X O
regional JJ X O
firm NN X O
and CC X O
an DT X O
excellent JJ X O
academic JJ X B-Qualification
record NN X I-Qualification
. . X O
ProTax NNP X O

is VBZ X O
acting VBG X O
as IN X O
an DT X O
Employment NNP X O
Agency NNP X O
in IN X O
relation NN X O
to TO X O
this DT X O
vacancy NN X O
. . X O
If IN X O

you PRP X O
are VBP X O
interested JJ X O
in IN X O
applying VBG X O
for IN X O
this DT X O
or CC X O
other JJ X O
roles NNS X O
through IN X O
ATA NNP X O
, , X O
please VB X O
forward RB X O
your PRP$ X O
CV NN X O
to TO X O
or CC X O
call VB X O
N NNP X O
Look NNP X O

for IN X O
business NN X O
improvement NN X O
opportunities NNS X O
You PRP X O
will MD X O
be VB X O
Qualified VBN X O
ACA NNP X B-Skill
, , X O
ACCA NNP X B-Skill
or CC X O
CIMA NNP X B-Skill
, , X O
have VBP X O
excellent JJ X O
interpersonal JJ X B-Skill
and CC X I-Skill
systems NNS X I-Skill
skills NNS X I-Skill
and CC X O
are VBP X O
able JJ X B-Skill
to TO X I-Skill
influence VB X I-Skill
Senior JJ X I-Skill
Managers NNS X I-Skill
. . X O
Providing VBG X B-Skill

training NN X I-Skill
, , X I-Skill
support NN X I-Skill
and CC X I-Skill
advice NN X I-Skill
to TO X O
the DT X O
Council NNP X O
' POS X O
s NN X O
web IN X O
site NN X O
users NNS X O
? . X O
You PRP X O

will MD X O
also RB X O
be VB X O
responsible JJ X O
for IN X O
managing VBG X B-Skill
the DT X I-Skill
client NN X I-Skill
relationship NN X I-Skill
occasionally RB X I-Skill
visiting VBG X I-Skill
their PRP$ X I-Skill
premises NNS X I-Skill
Eg NNP X O
. . X O
Job NNP X O

Title NNP X O
PLC NNP X B-Occupation
Software NNP X I-Occupation
Engineer NNP X I-Occupation
Location NNP X O
Birmingham NNP X O
or CC X O
Bedford NNP X O
Up NNP X O
to TO X O
The DT X O

successful JJ X O
cand NN X O
id NN X O
ate NN X O
will MD X O
have VB X O
at IN X B-Experience
least JJS X I-Experience
two CD X I-Experience
years NNS X I-Experience
experience RB X I-Experience
in IN X O
a DT X B-Occupation
support NN X I-Occupation
role NN X I-Occupation
within IN X O
a DT X O
commercial JJ X O
environment NN X O
and CC X O
have VBP X B-Skill
customer NN X I-Skill
facing NN X I-Skill
experience NN X I-Skill
. . X O
In IN X O

return NN X O
we PRP X O
offer VBP X O
a DT X O
personal JJ X O
pension NN X O
, , X O
free JJ X O
mandatory NN X O
training NN X O
, , X O
flexible JJ X O
hours NNS X O
and CC X O
weekly JJ X O
pay NN X O
combined VBN X O
with IN X O
a DT X O
competitive JJ X O
temporary JJ X O
workers NNS X O
benefit VBP X O
package NN X O
. . X O
Knowledge NNP X O

of IN X O
wind NN X B-Skill
installations NNS X I-Skill
and CC X O
power NN X B-Skill
systems NNS X I-Skill
analysis NN X I-Skill
would MD X O
be VB X O
beneficial JJ X O
. . X O
a DT X O

good JJ X O
sales NNS X B-Domain
background IN X O
Experience NN X O
with IN X O
the DT X O
manufacturer NN X B-Occupation
of IN X O
advanced JJ X B-Domain
energy NN X I-Domain
efficient NN X O
lighting VBG X B-Domain
products NNS X I-Domain
is VBZ X O
ideal JJ X O
. . X O
One CD X O

of IN X O
Devon NNP X O
s VBZ X O
most RBS X O
reputable JJ X O
and CC X O
established VBN X O
hotel NN X O
groups NNS X O
offering VBG X O
an DT X O
award NN X O
winning VBG X O
food NN X O
concept NN X O
and CC X O
luxurious JJ X O
accommodation NN X O
, , X O
is VBZ X O
now RB X O
looking VBG X O
for IN X O
an DT X O
experienced JJ X B-Skill
and CC X O
proficient JJ X B-Skill
Head NNP X B-Occupation
Chef NNP X I-Occupation
to TO X O
join VB X O
its PRP$ X O
highly RB X O
successful JJ X O
team NN X O
. . X O
This DT X O

is VBZ X O
a DT X O
temporary JJ X O
ad NN X O
hoc NN X O
position NN X O
working VBG X O
days NNS X O
as IN X O
and CC X O
when WRB X O
required VBN X O
. . X O
In IN X O

what WP X O
will MD X O
be VB X O
a DT X O
pivotal JJ X O
role NN X O
, , X O
you PRP X O
will MD X O
manage VB X B-Skill
a DT X I-Skill
small JJ X I-Skill
team NN X I-Skill
responsible JJ X I-Skill
for IN X I-Skill
producing VBG X I-Skill
the DT X I-Skill
management NN X I-Skill
and CC X I-Skill
financial JJ X I-Skill
accounts NNS X I-Skill
and CC X I-Skill
providing VBG X I-Skill
high JJ X I-Skill
quality NN X I-Skill
MI NNP X I-Skill
to TO X I-Skill
the DT X I-Skill
senior JJ X I-Skill
management NN X I-Skill
team NN X I-Skill
. . X O
You PRP X O

will MD X O
cover VB X O
the DT X O
Birmingham NNP X O
area NN X O
so RB X O
do VB X O
need MD X O
be VB X O
flexible JJ X B-Skill
to TO X I-Skill
travel VB X I-Skill
in IN X O
this DT X O
area NN X O
. . X O
AER JJ X O

TEACHERS NNS X O
: : X O
We PRP X O
are VBP X O
a DT X O
small JJ X O
but CC X O
effective JJ X O
agency NN X O
, , X O
run VBN X O
by IN X O
teachers NNS X B-Occupation
. . X O
Previous JJ X O

experience NN X O
of IN X O
working VBG X B-Skill
in IN X I-Skill
a DT X I-Skill
Hall NNP X I-Skill
of IN X I-Skill
Residence NNP X I-Skill
or CC X I-Skill
5star CD X I-Skill
hotel NN X I-Skill
is VBZ X O
required VBN X O
. . X O
An DT X O

exciting JJ X O
opportunity NN X O
for IN X O
an DT X O
experienced JJ X O
MICE NNP X B-Domain
Sales NNS X B-Occupation
Manager NNP X I-Occupation
has VBZ X O
arisen VBN X O
to TO X O
join VB X O
a DT X O
company NN X O
who WP X O
excels VBZ X O
creating VBG X O
high JJ X O
profile NN X O
, , X O
consumer NN X O
exhibitions NNS X O
and CC X O
events NNS X O
. . X O
Some DT X O

key JJ X O
responsibilities NNS X O
include VBP X O
: : X O
Commercial JJ X O
working VBG X B-Skill
closely RB X I-Skill
with IN X I-Skill
sales NNS X I-Skill
teams NNS X I-Skill
to TO X O
beat VB X O
commercial JJ X O
targets NNS X O
set VBN X O
for IN X O
your PRP$ X O
brand NN X O
. . X O
Encore RB X O

offer VBP X O
a DT X O
' '' X O
refer NN X O
a DT X O
friend NN X O
' POS X O
reward NN X O
scheme NN X O
where WRB X O
you PRP X O
could MD X O
receive VB X O
a DT X O
gift NN X O
of IN X O
up IN X O
to TO X O
They PRP X O

are VBP X O
looking VBG X O
to TO X O
recruit VB X O
a DT X O
Hydraulics NNP X B-Occupation
Engineer NNP X I-Occupation
to TO X O
join VB X O
their PRP$ X O
team NN X O
based VBN X O
in IN X O
West NNP X O
London NNP X O
on IN X O
a DT X O
permanent JJ X O
basis NN X O
. . X O
eNL RB X O

follow JJ X O
strict NN X O
best JJS X B-Skill
practice NN X I-Skill
recruitment NN X I-Skill
guidelines NNS X I-Skill
monitored VBN X O
by IN X O
the DT X O
Recruitment NNP X B-Domain
and CC X O
Employment NNP X O
Confederation NNP X O
REC NNP X O
. . X O
Reporting VBG X O

into IN X O
one CD X O
of IN X O
the DT X O
design NN X O
team NN X O
leaders NNS X O
, , X O
you PRP X O
will MD X O
be VB X O
involved VBN X O
in IN X O
all DT X B-Skill
areas NNS X I-Skill
of IN X I-Skill
the DT X I-Skill
product NN X I-Skill
development NN X I-Skill
life NN X I-Skill
cycle NN X I-Skill
from IN X I-Skill
concept NN X I-Skill
& CC X I-Skill
detailed JJ X I-Skill
design NN X I-Skill
, , X I-Skill
testing VBG X I-Skill
, , X I-Skill
analysis NN X I-Skill
and CC X I-Skill
seeing VBG X I-Skill
the DT X I-Skill
product NN X I-Skill
through IN X I-Skill
to TO X I-Skill
manufacture VB X I-Skill
. . X O
Strong JJ X O

team NN X B-Skill
leadership NN X I-Skill
, , X O
communication NN X B-Skill
and CC X I-Skill
influencing NN X I-Skill
skills NNS X I-Skill
plus CC X O
the DT X O
ability NN X O
to TO X O
work VB X B-Skill
well RB X I-Skill
under IN X I-Skill
pressure NN X I-Skill
and CC X I-Skill
to TO X I-Skill
deadline VB X I-Skill
This DT X O
job NN X O
was VBD X O
originally RB X O
posted VBN X O
as IN X O
You PRP X O

will MD X O
be VB X O
a DT X O
high JJ X O
acheiver NN X O
who WP X O
combines VBZ X O
the DT X O
desire NN X O
to TO X O
suceed VB X O
with IN X O
true JJ X O
professional JJ X O
integrity NN X O
. . X O
S NNP X O

. . X O
Use NNP X O
of IN X O
CMMS NNP X B-Skill
computerised VBD X I-Skill
maintenance NN X I-Skill
management NN X I-Skill
systems NNS X I-Skill
ideally RB X O
SAP NNP X B-Skill
, , X O
but CC X O
not RB X O
essential JJ X O
. . X O
You PRP X O

will MD X O
have VB X O
a DT X O
strong JJ X O
knowledge NN X B-Skill
of IN X I-Skill
Health NNP X I-Skill
Safety NNP X I-Skill
and CC X O
ideally RB X O
be VB X O
qualified VBN X O
up RP X O
to TO X O
HNC NNP X B-Qualification
/ NNP X I-Qualification
ONC NNP X I-Qualification
in IN X I-Qualification
Mechanical NNP X I-Qualification
or CC X I-Qualification
Building NNP X I-Qualification
Services NNPS X I-Qualification
Engineering NNP X I-Qualification
. . X O
Further JJ X O

information NN X O
for IN X O
the DT X O
iOS JJ X B-Occupation
Developer NN X I-Occupation
: : X O
In IN X O
terms NNS X O
of IN X O
the DT X O
opportunity NN X O
, , X O
my PRP$ X O
client NN X O
has VBZ X O
to TO X O
date NN X O
been VBN X O
100 CD X O
% NN X O
Microsoft NNP X B-Skill
based VBN X I-Skill
developing VBG X I-Skill
an DT X O
industry NN X O
leading VBG X O
application NN X O
inside IN X O
Microsoft NNP X B-Skill
Outlook NNP X I-Skill
and CC X O
Office NNP X B-Skill
. . X O
To TO X O

provide VB X B-Skill
support NN X I-Skill
and CC X I-Skill
care NN X I-Skill
to TO X I-Skill
Service NNP X I-Skill
Users NNP X I-Skill
with IN X I-Skill
Learning NNP X I-Skill
, , X I-Skill
Physical NNP X I-Skill
or CC X I-Skill
Mental NNP X I-Skill
Health NNP X I-Skill
difficulties NNS X I-Skill
in IN X I-Skill
accordance NN X I-Skill
with IN X I-Skill
their PRP$ X I-Skill
assessed VBN X I-Skill
needs NNS X I-Skill
based VBN X I-Skill
on IN X I-Skill
their PRP$ X I-Skill
Care NNP X I-Skill
Plan NNP X I-Skill
an DT X I-Skill
in IN X I-Skill
accordance NN X I-Skill
with IN X I-Skill
instruction NN X I-Skill
from IN X I-Skill
the DT X I-Skill
Line NNP X B-Occupation
Manager NNP X I-Occupation
. . X O
No DT X O

terminology NN X O
in IN X O
this DT X O
advert NN X O
is VBZ X O
designed VBN X O
to TO X O
discriminate VB X O
on IN X O
grounds NNS X O
of IN X O
gender NN X O
, , X O
race NN X O
, , X O
colour NN X O
, , X O
religion NN X O
, , X O
creed NN X O
, , X O
disability NN X O
, , X O
age NN X O
, , X O
sex NN X O
or CC X O
sexual JJ X O
orientation NN X O
. . X O
In IN X O

addition NN X O
to TO X O
the DT X O
duties NNS X O
and CC X O
responsibilities NNS X O
listed VBN X O
; : X O
the DT X O
job NN X O
holder NN X O
is VBZ X O
required VBN X O
to TO X O
perform VB X B-Skill
other JJ X I-Skill
duties NNS X I-Skill
assigned VBN X I-Skill
by IN X I-Skill
the DT X I-Skill
manager NN X I-Skill
from IN X O
time NN X O
to TO X O
time NN X O
Excellent JJ X O

selling NN X B-Skill
skills NNS X I-Skill
Strong NNP X O
work NN X B-Skill
ethics NNS X I-Skill
Experience NNP X O
in IN X O
a DT X O
similar JJ X O
role NN X O
would MD X O
also RB X O
be VB X O
an DT X O
advantage NN X O
to TO X O
carry VB X O
out RP X O
this DT X O
role NN X O
and CC X O
know VB X O
how WRB X O
to TO X O
effectively RB X O
handle VB X B-Skill
accounts NNS X I-Skill
to TO X O
give VB X O
a DT X O
first JJ X O
class NN X O
service NN X O
to TO X O
our PRP$ X O
clients NNS X O
. . X O
At IN X O

Sizzling VBG X O
Pubs NNP X O
we PRP X O
re VBP X O
famous JJ X O
for IN X O
our PRP$ X O
sizzling VBG X O
skillets NNS X O
loaded VBN X O
with IN X O
all DT X O
sorts NNS X O
of IN X O
delicious JJ X O
things NNS X O
from IN X O
surf NN X O
and CC X O
turf NN X O
combos NNS X O
to TO X O
juicy VB X O
prime JJ X O
steaks NNS X O
. . X O
Mrs NNP X O

Mary NNP X O
Breen NNP X O
, , X O
Headmistress NNP X B-Occupation
, , X O
St NNP X O
Mary NNP X O
s VBD X O
School NNP X O
, , X O
Ascot NNP X O
SL5 NNP X O
It PRP X O

will MD X O
be VB X O
based VBN X O
out IN X O
of IN X O
Leeds NNP X O
, , X O
albeit IN X O
most JJS X O
of IN X O
your PRP$ X O
time NN X O
will MD X O
be VB X O
out RB X O
in IN X O
the DT X O
business NN X O
. . X O
Some DT X O

experience NN X O
within IN X O
estate NN X B-Domain
agency NN X I-Domain
lettings NNS X I-Domain
Self NNP X B-Skill
motivated VBD X I-Skill
, , X O
money NN X B-Skill
hungry NN X I-Skill
, , X O
desire NN X B-Skill
to TO X I-Skill
succeed VB X I-Skill
Well NNP X O
Best JJS X O

People NNS X O
Development NNP X O
Winner NNP X O
Abacus NNP X O
Professional NNP X O
Recruitment NNP X O
operates VBZ X O
as IN X O
both DT X O
an DT X O
Employment NNP X B-Domain
Agency NNP X O
and CC X O
Employment NNP X O
Business NNP X O
, , X O
adheres VBZ X O
to TO X O
all DT X O
relevant JJ X O
legislation NN X O
and CC X O
offer NN X O
services NNS X O
regardless NN X O
of IN X O
age NN X O
, , X O
sex NN X O
, , X O
disability NN X O
or CC X O
religious JJ X O
belief NN X O
. . X O
**** NN X O

candidates NNS X O
Adjusting NNP X B-Skill
settings NNS X I-Skill
and CC X I-Skill
performing VBG X I-Skill
colour NN X I-Skill
changes NNS X I-Skill
on IN X I-Skill
the DT X I-Skill
Powder NNP X I-Skill
Coating NNP X I-Skill
Line NNP X I-Skill
The DT X O

National NNP X O
Trust NNP X O
for IN X O
Scotland NNP X O
is VBZ X O
a DT X O
charity NN X O
at IN X O
the DT X O
forefront NN X O
of IN X O
conserving VBG X O
Scotland NNP X O
' POS X O
s NN X O
unique JJ X O
heritage NN X O
. . X O
but CC X O

you PRP X O
ll VBP X O
keep VB X B-Skill
a DT X I-Skill
wary JJ X I-Skill
eye NN X I-Skill
on IN X I-Skill
stock NN X I-Skill
, , X O
control NN X B-Skill
ordering NN X I-Skill
and CC X I-Skill
budgets NNS X I-Skill
. . X O
The DT X O

successful JJ X B-Skill
sales NNS X B-Domain
applicants NNS X O
will MD X O
be VB X O
dealing VBG X O
with IN X O
all DT X O
aspects NNS X O
of IN X O
: : X B-Domain
Customer NNP X I-Domain
ServiceCustomer NNP X O
AcquisitionPromotionsSalesMarketing NNP X O
Key NNP X O
attributes VBZ X O
the DT X O
Client NNP X O
is VBZ X O
looking VBG X O
for IN X O
: : X O
Great JJ X O
communication NN X B-Skill
skillsPassion NN X O
for IN X B-Skill
salesGood NN X O
people NNS X B-Skill
skillsAbility NN X O
to TO X O
work VB X B-Skill
in IN X I-Skill
a DT X I-Skill
team NN X I-Skill
environmentSelf NN X O
The DT X O

ideal JJ X O
Technical NNP X B-Occupation
/ NNP X I-Occupation
Training NNP X I-Occupation
Estimator NNP X I-Occupation
will MD X O
have VB X O
the DT X O
following JJ X O
skills NNS X O
and CC X O
experiences NNS X O
: : X O
You PRP X O

will MD X O
be VB X O
working VBG X O
as IN X O
part NN X O
of IN X O
a DT X O
Site NNP X O
Team NNP X O
consisting VBG X O
of IN X O
Project NNP X B-Occupation
Manager NNP X I-Occupation
, , X O
Site NNP X B-Occupation
Managers NNPS X I-Occupation
and CC X O
Assistants NNPS X B-Occupation
. . X O
We PRP X O

are VBP X O
constantly RB X O
needing VBG X O
candidates NNS X O
for IN X O
daily JJ X O
supply NN X O
work NN X O
and CC X O
longterm JJ X O
Cover NNP X B-Occupation
Supervisor NNP X I-Occupation
placements NNS X O
. . X O
West NNP X O

Midlands NNP X O
commutable JJ X O
from IN X O
Kenilworth NNP X O
, , X O
Leamington NNP X O
Spa NNP X O
, , X O
Warwick NNP X O
, , X O
Stratford NNP X O
upon IN X O
Avon NNP X O
, , X O
Redditch NNP X O
, , X O
Solihull NNP X O
, , X O
Coventry NNP X O
, , X O
Birmingham NNP X O
, , X O
Nuneaton NNP X O
, , X O
Hinckley NNP X O
, , X O
Leicester NNP X O
, , X O
Daventry NNP X O
and CC X O
Banbury NNP X O
. . X O
. . X O
net NN X O
, , X B-Skill
. . X I-Skill
net NN X I-Skill
If IN X O

you PRP X O
re VBP X O
looking VBG X O
for IN X O
an DT X O
Account NNP X B-Occupation
Executive NNP X I-Occupation
role NN X O
with IN X O
a DT X O
difference NN X O
, , X O
this DT X O
could MD X O
be VB X O
the DT X O
job NN X O
for IN X O
you PRP X O
. . X O
Additional JJ X O

traits NNS X O
, , X O
will MD X O
be VB X O
a DT X O
strong JJ X O
desire NN X O
to TO X O
exceed VB X B-Skill
expectations NNS X I-Skill
, , X O
effective JJ X B-Skill
interpersonal JJ X I-Skill
skills NNS X I-Skill
and CC X O
solid JJ X B-Skill
organisational JJ X I-Skill
skills NNS X I-Skill
. . X O
We PRP X O

are VBP X O
looking VBG X O
for IN X O
an DT X O
exceptional JJ X O
candidate NN X O
who WP X O
can MD X O
demonstrate VB X O
the DT X O
ability NN X O
to TO X O
accurately RB X O
process VB X B-Skill
monthly JJ X I-Skill
payroll NN X I-Skill
for IN X O
over IN X O
Deliver NNP X O

key JJ X O
commercial JJ X B-Domain
objectives NNS X O
through IN X O
planning NN X B-Skill
, , X O
measurement NN X B-Skill
and CC X O
analysis NN X B-Skill
of IN X O
activities NNS X O
1 CD X O
. . X O
Review VB X O
actual JJ X O
versus NN X O
budget NN X B-Skill
performance NN X I-Skill
on IN X O
a DT X O
monthly JJ X O
basis NN X O
The DT X O

ideal JJ X O
candidate NN X O
will MD X O
be VB X O
a DT X O
qualified JJ X O
accountant JJ X O
CIMA NNP X B-Skill
/ NNP X I-Skill
ACCA NNP X I-Skill
/ NNP X I-Skill
ACA NNP X I-Skill
and CC X O
have VBP X O
experience NN X O
of IN X O
supervising VBG X B-Skill
junior JJ X I-Skill
members NNS X I-Skill
of IN X O
staff NN X O
. . X O
You PRP X O

will MD X O
be VB X O
inheriting VBG X O
a DT X O
fantastic JJ X O
home NN X O
, , X O
current JJ X O
undergoing JJ X O
changes NNS X O
but CC X O
positive JJ X O
so IN X O
a DT X O
good JJ X O
time NN X O
to TO X O
join VB X O
to TO X O
enable VB X O
you PRP X O
to TO X O
make VB X O
your PRP$ X O
individual JJ X O
mark NN X O
. . X O
/ VB X O

Part NNP X O
time NN X O
work NN X O
available JJ X O
now RB X O
in IN X O
Bromyard NNP X O
and CC X O
Surrounding NNP X O
areas NNS X O
Required NNP X O

skills NNS X O
& CC X O
Experience NN X O
: : X B-Skill
Compiler NN X I-Skill
and CC X O
toolchain NN X B-Skill
development NN X I-Skill
, , X O
ideally RB X O
GCC NNP X B-Skill
and CC X O
binutils NNS X B-Skill
. . X O
You PRP X O

must MD X O
be VB X O
able JJ X O
to TO X O
demonstrate VB X O
excellent JJ X O
communication NN X B-Skill
and CC X O
relationship NN X B-Skill
development NN X I-Skill
skills NNS X O
, , X O
and CC X O
have VBP X O
a DT X O
total JJ X O
understanding NN X B-Skill
of IN X I-Skill
food NN X I-Skill
gross JJ X I-Skill
profit NN X I-Skill
management NN X I-Skill
. . X O
This DT X O

rare JJ X O
opportunity NN X O
will MD X O
enable VB X O
you PRP X O
to TO X O
have VB X O
a DT X O
genuine JJ X O
impact NN X O
upon IN X O
the DT X O
direction NN X O
of IN X O
the DT X O
company NN X O
by IN X O
being VBG X O
an DT X O
integral JJ X O
part NN X O
of IN X O
their PRP$ X O
future NN X O
. . X O
You PRP X O

should MD X O
be VB X O
motivated VBN X B-Skill
, , X O
a DT X O
self NN X B-Skill
starter NN X I-Skill
with IN X O
excellent JJ X O
communication NN X B-Skill
skills NNS X O
. . X O
The DT X O

successful JJ X O
candidate NN X O
will MD X O
be VB X O
Innovative NNP X B-Skill
in IN X O
their PRP$ X O
practice NN X O
and CC X O
leadership NN X O
. . X O
You PRP X O

should MD X O
enjoy VB X O
a DT X O
challenge NN X B-Skill
, , X O
be VB X B-Skill
motivated VBN X I-Skill
, , X O
confident JJ X B-Skill
, , X O
enthusiastic JJ X B-Skill
and CC X O
highly RB X B-Skill
literate JJ X I-Skill
, , X O
and CC X O
also RB X O
be VB X O
able JJ X B-Skill
to TO X I-Skill
demonstrate VB X I-Skill
attention NN X I-Skill
to TO X I-Skill
detail VB X I-Skill
, , X O
market NN X B-Skill
knowledge NN X I-Skill
, , X I-Skill
communication NN X I-Skill
skills NNS X I-Skill
, , X I-Skill
budgeting VBG X I-Skill
ability NN X I-Skill
, , X O
creativity NN X B-Skill
and CC X O
entrepreneurialism NN X B-Skill
. . X O
My PRP$ X O

Client NNP X O
, , X O
a DT X O
leading VBG X O
contractor NN X O
, , X O
have VBP X O
an DT X O
exciting JJ X O
opportunity NN X O
for IN X O
experienced JJ X O
Senior NNP X B-Occupation
Planner NNP X I-Occupation
s VBD X O
to TO X O
be VB X O
based VBN X O
on IN X O
site NN X O
in IN X O
Bournemouth NNP X O
on IN X O
one CD X O
of IN X O
their PRP$ X O
biggest JJS X O
regeneration NN X O
projects NNS X O
. . X O
You PRP X O

ll VBP X O
be VB X O
managing VBG X B-Skill
all DT X I-Skill
aspects NNS X I-Skill
of IN X I-Skill
the DT X I-Skill
client NN X I-Skill
purchase NN X I-Skill
order NN X I-Skill
process NN X I-Skill
by IN X O
generating VBG X B-Skill
, , X I-Skill
distributing VBG X I-Skill
and CC X I-Skill
administrating VBG X I-Skill
orders NNS X I-Skill
and CC X O
working VBG X O
closing NN X O
with IN X O
the DT X O
sales NNS X B-Domain
and CC X O
pricing VBG X B-Domain
teams NNS X O
to TO X O
make VB X O
sure JJ X O
you PRP X O
deliver VBP X O
the DT X O
best JJS X O
service NN X O
to TO X O
the DT X O
clients NNS X O
Great NNP X O
scope NN X O
and CC X O
opportunity NN X O
to TO X O
get VB X O
into IN X O
sales NNS X B-Domain
lots NNS X O
of IN X O
scope NN X O
if IN X O
you PRP X O
want VBP X O
to TO X O
develop VB X O
your PRP$ X O
career NN X O
in IN X O
commercials NNS X B-Domain
. . X O
As RB X O

well RB X O
as IN X O
having VBG X O
an DT X O
understanding NN X O
of IN X O
the DT X O
fundraising NN X B-Skill
process NN X I-Skill
, , X O
you PRP X O
will MD X O
bring VB X B-Skill
an DT X I-Skill
awareness NN X I-Skill
of IN X O
Trust NNP X B-Domain
and CC X I-Domain
Foundation NNP X I-Domain
funding NN X B-Skill
work NN X I-Skill
. . X O
Full JJ X O

Time NNP X O
, , X O
Permanent NNP X O
Motor NNP X B-Domain
Trade NNP X I-Domain
Jobs NNP X O
/ NNP X O
Automotive NNP X B-Domain
Vacancies NNS X I-Domain
: : X O
Automotive NNP X B-Occupation
Business NNP X I-Occupation
Manager NNP X I-Occupation
required VBD X O
in IN X O
St NNP X O
. . X O
Ives NNS X O
. . X O
DNV NNP X O

provides VBZ X O
materials NNS X O
and CC X O
corrosion NN X O
support NN X O
related VBD X O
to TO X O
early JJ X O
phase NN X O
concept NN X B-Skill
/ NNP X I-Skill
FEED NNP X I-Skill
evaluations NNS X I-Skill
, , X O
detailed JJ X O
design NN X B-Skill
activities NNS X I-Skill
, , X O
comprehensive JJ X B-Skill
involvement NN X I-Skill
in IN X I-Skill
all DT X I-Skill
construction NN X I-Skill
phases NNS X I-Skill
and CC X O
integrity NN X O
management NN X B-Skill
in IN X I-Skill
the DT X I-Skill
operational JJ X I-Skill
phase NN X I-Skill
of IN X I-Skill
onshore NN X I-Skill
and CC X I-Skill
offshore NN X I-Skill
facilities NNS X I-Skill
. . X O
Provide NNP X B-Skill

drawings NNS X I-Skill
, , X I-Skill
CNC NNP X I-Skill
programes VBZ X I-Skill
, , X I-Skill
tooling VBG X I-Skill
, , X I-Skill
fixtures NNS X I-Skill
and CC X O
process NN X B-Skill
sheets NNS X I-Skill
in IN X O
line NN X O
with IN X O
the DT X O
production NN X O
plan NN X O
. . X O
**** JJ X O

Javascript NNP X B-Skill
, , X O
and CC X O
jQuery NN X B-Skill
Strong NNP X O
DevOps NNP X B-Skill
skills NNS X O
, , X O
including VBG X O
backups NNS X B-Skill
and CC X I-Skill
automated VBD X I-Skill
deployments NNS X I-Skill
Version NNP X I-Skill
control NN X I-Skill
systems NNS X I-Skill
, , X O
especially RB X O
git JJ X B-Skill
Strong NNP X O
software NN X B-Skill
engineering NN X I-Skill
skills NNS X O
Your PRP$ X O

role NN X O
is VBZ X O
to TO X O
allow VB X B-Skill
our PRP$ X I-Skill
clients NNS X I-Skill
to TO X I-Skill
live VB X I-Skill
independently RB X I-Skill
in IN X I-Skill
their PRP$ X I-Skill
own JJ X I-Skill
homes NNS X I-Skill
. . X O
Dealing VBG X B-Skill

with IN X I-Skill
landlord NN X I-Skill
tenant NN X I-Skill
queries NNS X I-Skill
Booking NNP X I-Skill
viewings NNS X I-Skill
and CC X I-Skill
valuations NNS X I-Skill
The DT X O

successful JJ X O
PHP NNP X B-Occupation
Developer NNP X I-Occupation
will MD X O
develop VB X B-Skill
and CC X I-Skill
maintain VB X I-Skill
a DT X I-Skill
bespoke NN X I-Skill
business NN X I-Skill
critical JJ X I-Skill
system NN X I-Skill
that WDT X O
manages VBZ X O
all DT X O
aspects NNS X O
of IN X O
the DT X O
operational JJ X O
workflow NN X O
. . X O
You PRP X O

will MD X O
currently RB X O
be VB X O
working VBG X B-Skill
in IN X I-Skill
a DT X I-Skill
senior JJ X I-Skill
sales NNS X I-Skill
leadership NN X I-Skill
role NN X I-Skill
for IN X O
a DT X O
respected JJ X O
blue NN X B-Domain
chip NN X I-Domain
organisation NN X O
. . X O
They PRP X O

are VBP X O
looking VBG X O
for IN X O
a DT X O
candidate NN X O
that WDT X O
has VBZ X O
both DT X O
the DT X O
knowledge NN X B-Skill
and CC X I-Skill
communication NN X I-Skill
skills NNS X I-Skill
to TO X O
help VB X O
develop VB X B-Skill
the DT X I-Skill
company NN X I-Skill
, , X I-Skill
assessing VBG X I-Skill
their PRP$ X I-Skill
situation NN X I-Skill
and CC X I-Skill
helping VBG X I-Skill
the DT X I-Skill
company NN X I-Skill
improve VB X I-Skill
its PRP$ X I-Skill
service NN X I-Skill
. . X O
They PRP X O

provide VBP X O
a DT X O
local JJ X B-Skill
support NN X I-Skill
in IN X O
the DT X O
customers NNS X O
time NN X O
zone NN X O
in IN X O
their PRP$ X O
local JJ X B-Skill
language NN X I-Skill
and CC X O
in IN X O
close JJ X O
proximity NN X O
closely RB X O
knit JJ X O
team NN X O
. . X O
We PRP X O

support VBP X O
all DT X O
workers NNS X B-Occupation
to TO X O
undertake VB X O
training NN X B-Domain
and CC X O
development NN X B-Domain
relevant NN X O
to TO X O
the DT X O
post NN X O
. . X O
Creative JJ X B-Skill

flair NN X I-Skill
with IN X O
good JJ X O
understanding NN X O
of IN X O
market NN X B-Domain
trends NNS X I-Domain
Degree NNP X O
Caliber NNP X O
Elevation NNP X O
Sales NNS X B-Domain
& CC X O
Marketing NNP X B-Domain
is VBZ X O
a DT X O
specialist JJ X O
division NN X O
of IN X O
Elevation NNP X O
Recruitment NNP X B-Domain
focusing VBG X O
on IN X O
mid NN X B-Skill
to TO X I-Skill
senior JJ X I-Skill
level NN X I-Skill
positions NNS X I-Skill
in IN X O
Yorkshire NNP X O
and CC X O
surrounding VBG X O
regions NNS X O
. . X O
They PRP X O

are VBP X O
looking VBG X O
for IN X O
individuals NNS X O
with IN X O
Microsoft NNP X B-Skill
experience NN X O
and CC X O
ideally RB X O
people NNS X O
who WP X O
have VBP X O
some DT X O
knowledge NN X B-Skill
of IN X I-Skill
Linux NNP X I-Skill
, , X I-Skill
EMC NNP X I-Skill
and CC X I-Skill
Dell NNP X I-Skill
. . X O
As IN X O

the DT X O
kitchen NN X B-Occupation
Manager NNP X I-Occupation
you PRP X O
will MD X O
be VB X O
required VBN X O
to TO X O
lead VB X B-Skill
a DT X I-Skill
small JJ X I-Skill
team NN X I-Skill
of IN X I-Skill
5 CD X I-Skill
and CC X O
be VB X O
able JJ X B-Skill
to TO X I-Skill
motivate VB X I-Skill
your PRP$ X I-Skill
team NN X I-Skill
to TO X I-Skill
deliver VB X I-Skill
the DT X I-Skill
high JJ X I-Skill
standards NNS X I-Skill
that WDT X I-Skill
are VBP X I-Skill
set VBN X I-Skill
. . X O
Our PRP$ X O

client NN X O
is VBZ X O
a DT X O
multi JJ X O
million CD X O
pound NN X O
turn NN X O
over IN X O
business NN X O
which WDT X O
supplies VBZ X O
own JJ X O
label NN X O
food NN X O
products NNS X O
to TO X O
service VB X O
the DT X O
own JJ X O
brand NN X O
of IN X O
the DT X O
major JJ X O
retailers NNS X O
. . X O
The DT X O

choice NN X O
of IN X O
PAYE NNP X O
or CC X O
Limited VBN X O
Company NNP X O
Schemes NNP X O
Weekly NNP X O
payroll NN X O
service NN X O
Access NNP X O
to TO X O
free VB X O
training NN X O
courses NNS X O
that WDT X O
count VBP X O
towards NNS X O
your PRP$ X O
GSCC NNP X O
registration NN X O
Honest NNP X O
and CC X O
personal JJ X O
service NN X O
from IN X O
a DT X O
consultant NN X O
with IN X O
over IN X O
Demonstrated VBN X B-Skill

ability NN X I-Skill
to TO X I-Skill
lead VB X I-Skill
process NN X I-Skill
implementation NN X I-Skill
in IN X I-Skill
a DT X I-Skill
team NN X I-Skill
environment NN X I-Skill
Full NNP X B-Qualification

driving NN X I-Qualification
license NN X I-Qualification
and CC X O
own JJ X O
transport NN X O
Flexibility NNP X B-Skill
, , X O
a DT X O
willingness NN X B-Skill
and CC X I-Skill
desire NN X I-Skill
to TO X I-Skill
win VB X I-Skill
, , X O
resourceful VB X B-Skill
Self NNP X I-Skill
motivated VBD X I-Skill
show JJ X O
lots NNS X O
of IN X O
drive NN X B-Skill
, , X I-Skill
ambition NN X I-Skill
and CC X I-Skill
desire NN X I-Skill
for IN X I-Skill
results NNS X I-Skill
Be NNP X O
proficient JJ X O
in IN X O
Microsoft NNP X B-Skill
Word NNP X I-Skill
, , X O
Excel NNP X B-Skill
and CC X O
Outlook NNP X B-Skill
with IN X O
strong JJ X B-Skill
organisational JJ X I-Skill
skills NNS X I-Skill
, , X O
demonstrating VBG X O
ability NN X B-Skill
to TO X I-Skill
work VB X I-Skill
autonomously RB X I-Skill
You PRP X O

will MD X O
be VB X O
challenged VBN X B-Skill
daily JJ X I-Skill
and CC X I-Skill
encouraged VBD X I-Skill
to TO X I-Skill
constantly RB X I-Skill
expand VB X I-Skill
your PRP$ X I-Skill
skillset NN X I-Skill
. . X O
The DT X O

Business NNP X B-Occupation
Analyst NNP X I-Occupation
role NN X O
is VBZ X O
key JJ X O
in IN X O
assuring VBG X B-Skill
the DT X I-Skill
solution NN X I-Skill
design NN X I-Skill
produced VBN X I-Skill
by IN X I-Skill
the DT X I-Skill
Design NNP X I-Skill
Lead NNP X I-Skill
on IN X I-Skill
the DT X I-Skill
project NN X I-Skill
fulfils VBZ X I-Skill
the DT X I-Skill
requirements NNS X I-Skill
. . X O
You PRP X O

will MD X O
have VB X O
a DT X O
chance NN X O
to TO X O
work VB X O
directly RB X O
with IN X O
clients NNS X O
to TO X O
formulate VB X O
their PRP$ X O
creative JJ X O
strategy NN X O
so IN X O
you PRP X O
will MD X O
need VB X O
to TO X O
combine VB X O
strong JJ X O
creative JJ X B-Skill
with IN X O
clear JJ X B-Skill
direction NN X I-Skill
. . X O
ie JJ X O

Meeting NNP X O
minute NN X O
taking NN X O
, , X O
great JJ X O
teamwork NN X B-Skill
and CC X O
strong JJ X O
IT NNP X B-Skill
skills VBZ X O
. . X O
**** NN X O

with IN X O
a DT X O
strong JJ X O
track NN X B-Skill
record NN X I-Skill
built VBN X O
on IN X O
the DT X O
core NN X O
principles NNS X O
of IN X O
quality NN X O
, , X O
engineering NN X B-Skill
excellence NN X O
, , X O
integrity NN X B-Skill
and CC X O
community NN X B-Skill
. . X O
You PRP X O

' '' X O
ll JJ X O
be VB X O
highly RB X O
competent JJ X O
working VBG X B-Skill
with IN X I-Skill
electronics NNS X I-Skill
and CC X O
familiar JJ X O
with IN X O
installing NN X B-Skill
, , X I-Skill
maintaining VBG X I-Skill
and CC X I-Skill
fault NN X I-Skill
finding NN X I-Skill
products NNS X I-Skill
. . X O
**** JJ X O

hotel NN X O
that WDT X O
is VBZ X O
looking VBG X O
for IN X O
an DT X O
up JJ X B-Skill
and CC X I-Skill
coming VBG X I-Skill
Head NNP X B-Occupation
Pastry NNP X I-Occupation
Chef NNP X I-Occupation
to TO X O
lead VB X B-Skill
a DT X I-Skill
large JJ X I-Skill
section NN X I-Skill
within IN X O
a DT X O
2AA CD X B-Domain
Rosette NNP X I-Domain
establishment NN X I-Domain
. . X O
To TO X O

be VB X O
considered VBN X O
for IN X O
this DT X O
role NN X O
, , X O
please VB X O
forward RB X O
your PRP$ X O
most RBS X O
recent JJ X O
CV NNP X O
and CC X O
salary JJ X O
expectations NNS X O
quoting VBG X O
reference NN X O
Competitive JJ X O

salary JJ X O
plus CC X O
excellent JJ X O
benefits NNS X O
, , X O
which WDT X O
include VBP X O
medical JJ X O
cover NN X O
, , X O
free JJ X O
health NN X O
screens NNS X O
, , X O
competitive JJ X O
pension NN X O
, , X O
contribution NN X O
towards NNS X O
dental JJ X O
and CC X O
optical JJ X O
treatment NN X O
, , X O
discounted VBN X O
retail JJ X B-Domain
offers NNS X O
. . X O
Please NNP X O

note VBP X O
previous JJ X O
experience NN X O
working VBG X O
in IN X O
a DT X O
nursing NN X O
home NN X O
is VBZ X O
not RB X O
required VBN X O
and CC X O
newly RB X O
qualified VBN X O
nurses NNS X B-Occupation
will MD X O
be VB X O
accepted VBN X O
. . X O
All DT X O

contact NN X O
will MD X O
remain VB X O
strictly RB X O
confidential JJ X O
ensuring VBG X O
your PRP$ X O
discretion NN X O
at IN X O
all DT X O
times NNS X O
throughout IN X O
your PRP$ X O
job NN X O
search NN X O
. . X O
To TO X O

ensure VB X B-Skill
that IN X I-Skill
all DT X I-Skill
design NN X I-Skill
, , X I-Skill
software NN X I-Skill
programming NN X I-Skill
, , X I-Skill
testing VBG X I-Skill
, , X I-Skill
commissioning VBG X I-Skill
and CC X I-Skill
documentation NN X I-Skill
meet NN X I-Skill
the DT X I-Skill
customer NN X I-Skill
' POS X I-Skill
s NN X I-Skill
requirements NNS X I-Skill
and CC X I-Skill
the DT X I-Skill
specific JJ X I-Skill
contract NN X I-Skill
specification NN X I-Skill
. . X O
Assist VB X O

the DT X O
Head NNP X B-Occupation
of IN X I-Occupation
eCommerce NN X I-Occupation
in IN X O
the DT X O
general JJ X B-Skill
smooth NN X I-Skill
running NN X I-Skill
of IN X I-Skill
the DT X I-Skill
department NN X I-Skill
and CC X O
adhoc JJ X B-Skill
duties NNS X I-Skill
as IN X O
required VBN X O
. . X O
A DT X O

DAY NNP X O
6 CD X O
MONTH NNP X O
CONTRACT NNP X O
Skilled NNP X B-Skill
Civil NNP X B-Occupation
s JJ X I-Occupation
SubAgent NNP X I-Occupation
required VBD X O
to TO X O
work VB X O
on IN X O
a DT X O
large JJ X O
Highway NNP X B-Domain
s NN X O
project NN X O
, , X O
upgrading JJ X B-Skill
and CC X I-Skill
building VBG X I-Skill
a DT X I-Skill
new JJ X I-Skill
road NN X I-Skill
system NN X I-Skill
around IN X O
Reading NNP X O
. . X O
Good JJ X O

customer NN X B-Skill
service NN X I-Skill
skills NNS X O
are VBP X O
essential JJ X O
as IN X O
you PRP X O
will MD X O
be VB X O
liaising VBG X B-Skill
with IN X I-Skill
customers NNS X I-Skill
for IN X I-Skill
payment NN X I-Skill
. . X O
This DT X O

is VBZ X O
a DT X O
fantastic JJ X O
opportunity NN X O
to TO X O
join VB X O
one CD X O
of IN X O
the DT X O
fastest JJS X O
growing VBG X O
multi JJ X O
service NN X O
companies NNS X O
in IN X O
the DT X O
UK NNP X O
with IN X O
an DT X O
excellent JJ X O
Portfolio NN X O
of IN X O
clients NNS X O
and CC X O
a DT X O
progressive JJ X O
career NN X O
path NN X O
. . X O
The DT X O

ideal NN X O
In IN X B-Occupation
Store NNP X I-Occupation
Field NNP X I-Occupation
Sales NNS X I-Occupation
Advisor NNP X I-Occupation
will MD X O
: : X O
Be VB X O
extremely RB X O
personable JJ X B-Skill
and CC X O
able JJ X O
to TO X O
develop VB X B-Skill
immediate JJ X I-Skill
customer NN X I-Skill
rapport NN X I-Skill
You PRP X O

will MD X O
have VB X O
wide JJ X O
ranging VBG X O
Marine NNP X B-Skill
Claims NNP X I-Skill
experience NN X O
and CC X O
nbsp NN X B-Skill
; : X O
and CC X O
either RB X O
be VB X O
working VBG X O
towards IN X O
your PRP$ X O
ACII NNP X B-Qualification
or CC X O
be VB X O
qualified VBN X O
. . X O
HMI NNP X B-Occupation

s NN X O
required VBN X O
on IN X O
projects NNS X O
Produce NNP X B-Skill
specifications NNS X I-Skill
for IN X I-Skill
electrical JJ X I-Skill
sub NN X I-Skill
contract NN X I-Skill
packages NNS X I-Skill
and CC X I-Skill
ensure VB X I-Skill
they PRP X I-Skill
are VBP X I-Skill
competitively RB X I-Skill
tendered JJ X I-Skill
Ensure NNP X I-Skill
all DT X I-Skill
sub NN X I-Skill
contract NN X I-Skill
work NN X I-Skill
is VBZ X I-Skill
carried VBN X I-Skill
out IN X I-Skill
to TO X I-Skill
the DT X I-Skill
required JJ X I-Skill
standards NNS X I-Skill
and CC X I-Skill
regulations NNS X I-Skill
Full NNP X O

cycle NN X O
PPC NNP X O
campaign NN X O
management NN X O
Keyword NNP X O
research NN X O
and CC X O
writing VBG X O
ad NN X O
copies NNS X O
On IN X O

going VBG X O
training NN X O
and CC X O
coaching VBG X O
About IN X O
our PRP$ X O
company NN X O
Harrington NNP X O
Brooks NNP X O
is VBZ X O
one CD X O
of IN X O
the DT X O
longest JJS X O
established VBN X O
& CC X O
well RB X O
respected JJ X O
Debt NNP X B-Skill
Management NNP X I-Skill
and CC X O
insolvency NN X B-Skill
companies NNS X O
in IN X O
the DT X O
country NN X O
, , X O
with IN X O
over IN X O
in IN X O

place NN X O
under IN X O
the DT X O
Employment NNP X O
Agencies NNP X O
Act NNP X O
, , X O
JAM NNP X O
Recruitment NNP X O
Ltd NNP X O
will MD X O
require VB X O
proof NN X O
of IN X O
identification NN X O
. . X O
You PRP X O

will MD X O
be VB X O
responsible JJ X O
for IN X O
the DT X O
analysis NN X B-Skill
of IN X I-Skill
a DT X I-Skill
variety NN X I-Skill
of IN X I-Skill
samples NNS X I-Skill
from IN X I-Skill
a DT X I-Skill
variety NN X I-Skill
of IN X I-Skill
sources NNS X I-Skill
. . X O
services NNS X O

offered VBN X O
are VBP X O
those DT X O
of IN X O
an DT X O
employment NN X B-Domain
agency NN X O
for IN X O
permanent JJ X O
work NN X O
and CC X O
/ NN X O
or CC X O
employment NN X O
business NN X O
for IN X O
the DT X O
supply NN X O
of IN X O
contract NN X O
/ NNP X O
temporary JJ X O
work NN X O
Continuously RB X O

developed VBD X O
the DT X O
outlets NNS X O
menu VBP X O
Fully NNP X O
responsible JJ X O
for IN X O
all DT X O
of IN X O
the DT X O
departments NNS X B-Skill
financial JJ X I-Skill
duties NNS X I-Skill
Recruiting NNP X I-Skill
, , X I-Skill
training NN X I-Skill
and CC X I-Skill
inducting VBG X I-Skill
new JJ X I-Skill
members NNS X I-Skill
of IN X O
staff NN X O
on IN X O

the DT X O
same JJ X O
day NN X O
, , X O
any DT X O
verbal JJ X O
instructions NNS X O
received VBD X O
from IN X O
the DT X O
client NN X O
/ NNP X O
designer NN X O
/ NNP X O
RE NNP X O
s JJ X O
staff NN X O
and CC X O
ensure VB X B-Skill
that DT X I-Skill
comprehensive JJ X I-Skill
records NNS X I-Skill
of IN X I-Skill
resources NNS X I-Skill
employed VBN X I-Skill
on IN X I-Skill
additional JJ X I-Skill
works NNS X I-Skill
are VBP X I-Skill
maintained VBN X I-Skill
. . X O
Domestic NNP X O

Gas NNP X B-Occupation
Installers NNP X I-Occupation
required VBD X O
for IN X O
ongoing VBG X O
contract NN X O
work NN X O
in IN X O
SO NNP X O
, , X O
SP NNP X O
, , X O
BA NNP X O
, , X O
SN NNP X O
postcodes VBZ X O
. . X O
If IN X O

this DT X O
sounds VBZ X O
like IN X O
you PRP X O
and CC X O
you PRP X O
would MD X O
like VB X O
the DT X O
chance NN X O
to TO X O
make VB X O
a DT X O
difference NN X O
to TO X O
other JJ X O
people NNS X O
s VBP X O
lives NNS X O
, , X O
this DT X O
could MD X O
be VB X O
the DT X O
job NN X O
for IN X O
you PRP X O
. . X O
You PRP X O

will MD X O
also RB X O
represent VB X B-Skill
the DT X I-Skill
magazine NN X I-Skill
at IN X I-Skill
industry NN X I-Skill
events NNS X I-Skill
around IN X O
the DT X O
world NN X O
. . X O
Important NNP X O

SAP NNP X B-Skill
ABAP NNP X I-Skill
/ NNP X I-Skill
HCM NNP X I-Skill
experience NN X O
, , X O
Development NNP X B-Skill
and CC X I-Skill
Analysis NNP X I-Skill
expertise NN X I-Skill
We PRP X O

are VBP X O
keen JJ X O
to TO X O
discuss VB X O
your PRP$ X O
interests NNS X O
and CC X O
future JJ X O
plans NNS X O
, , X O
please VB X O
register VB X O
your PRP$ X O
interest NN X O
by IN X O
sending VBG X O
a DT X O
CV NNP X O
and CC X O
short JJ X O
covering VBG X O
email NN X O
or CC X O
contact NN X O
Caroline NNP X O
Wood NNP X O
on IN X O
Apply NNP X O
online MD X O
only RB X O
You PRP X O

will MD X O
lead VB X O
and CC X O
inspire VB X O
the DT X O
Bespoke NNP X B-Occupation
Designer NNP X I-Occupation
and CC X O
work NN X O
closely RB X O
with IN X O
the DT X O
senior JJ X O
Wallpaper NNP X O
art NN X O
team NN X O
. . X O
The DT X O

Synergy NNP X O
Group NNP X O
is VBZ X O
a DT X O
Specialist JJ X O
Recruiter NNP X O
of IN X O
Social NNP X B-Domain
Work NNP X I-Domain
Jobs NNP X O
, , X O
to TO X O
view VB X O
a DT X O
full JJ X O
selection NN X O
of IN X O
our PRP$ X O
current JJ X O
vacancies NNS X O
please VBP X O
visit NN X O
www NN X O
. . X O
synergygroup NN X O
. . X O
co NN X O
. . X O
uk JJ X O
Working VBG X O
with IN X O
the DT X O
Synergy NNP X O
Group NNP X O
This DT X O

is VBZ X O
an DT X O
opportunity NN X O
for IN X O
Senior NNP X B-Occupation
Digital NNP X I-Occupation
Designers NNPS X O
who WP X O
are VBP X O
passionate JJ X O
about IN X O
digital JJ X B-Skill
web NN X I-Skill
design NN X I-Skill
. . X O
Additional JJ X O

Keywords NNS X O
: : X O
Food NNP X B-Occupation
Beverage NNP X I-Occupation
Manager NNP X I-Occupation
, , X O
F NNP X B-Occupation
B NNP X I-Occupation
Manager NNP X I-Occupation
, , X O
Food NNP X B-Occupation
and CC X I-Occupation
Beverage NNP X I-Occupation
Manager NNP X I-Occupation
, , X I-Occupation
Food NNP X I-Occupation
Beverage NNP X I-Occupation
Supervisor NNP X I-Occupation
, , X O
Hotel NNP X O
, , X O
Restaurant NNP X O
, , X O
Catering NNP X O
, , X O
Overtime NNP X O

, , X O
including VBG X O
work NN X O
on IN X O
weekends NNS X O
and CC X O
bank NN X O
holidays NNS X O
, , X O
will MD X O
be VB X O
required VBN X O
on IN X O
occasions NNS X O
in IN X O
order NN X O
to TO X O
meet VB X O
deadlines NNS X O
, , X O
and CC X O
an DT X O
overtime JJ X O
rate NN X O
is VBZ X O
payable JJ X O
for IN X O
this DT X O
. . X O
The DT X O

successful JJ X O
candidate NN X O
will MD X O
be VB X O
a DT X O
fully RB X O
qualified VBN X B-Skill
accountant NN X B-Occupation
with IN X O
strong JJ X B-Skill
management NN X I-Skill
accounting NN X I-Skill
and CC X I-Skill
analytical JJ X I-Skill
skills NNS X I-Skill
within IN X I-Skill
a DT X I-Skill
business NN X I-Skill
partnering VBG X I-Skill
environment NN X I-Skill
. . X O
Your PRP$ X O

duties NNS X O
Day NNP X B-Skill
to TO X I-Skill
day NN X I-Skill
coordination NN X I-Skill
of IN X I-Skill
assignee NN X I-Skill
applications NNS X I-Skill
Liaising VBG X I-Skill
with IN X I-Skill
third JJ X I-Skill
party NN X I-Skill
providers NNS X I-Skill
Drafting VBG X I-Skill
UK NNP X I-Skill
immigration NN X I-Skill
applications NNS X I-Skill
Act NNP X I-Skill
as IN X I-Skill
a DT X I-Skill
level NN X I-Skill
1 CD X I-Skill
User NNP X I-Skill
on IN X I-Skill
the DT X I-Skill
SMS NNP X I-Skill
Provide NNP X I-Skill
support NN X I-Skill
guidance NN X I-Skill
to TO X I-Skill
more JJR X I-Skill
junior JJ X I-Skill
members NNS X I-Skill
of IN X I-Skill
staff NN X I-Skill
**** JJ X O

Administer NNP X B-Skill
all DT X I-Skill
employee NN X I-Skill
benefits NNS X I-Skill
including VBG X O
but CC X O
not RB X O
limited JJ X O
to TO X O
Health NNP X O
Insurance NNP X O
, , X O
Company NNP X O
Pensions NNP X O
, , X O
car NN X O
allowance NN X O
and CC X O
respond NN X O
to TO X O
employee NN X O
queries NNS X O
You PRP X O

will MD X O
be VB X O
a DT X O
sales NNS X B-Skill
focused VBN X I-Skill
, , X O
money NN X B-Skill
hungry NN X I-Skill
, , X O
kpi VB X B-Skill
driven JJ X I-Skill
candidate NN X O
who WP X O
is VBZ X O
either RB X O
looking VBG X O
to TO X O
take VB X O
your PRP$ X O
first JJ X O
steps NNS X O
into IN X O
sales NNS X B-Domain
, , X O
or CC X O
progressing VBG X O
on IN X O
from IN X O
your PRP$ X O
existing VBG X O
sales NNS X O
job NN X O
. . X O
We PRP X O

can MD X O
provide VB X O
you PRP X O
with IN X O
the DT X O
tools NNS X O
and CC X O
support NN X O
to TO X O
become VB X O
highly RB X O
experienced JJ X O
in IN X O
these DT X O
fields NNS X O
. . X O
This DT X O

is VBZ X O
an DT X O
ideal JJ X O
opportunity NN X O
to TO X O
join VB X O
a DT X O
leading VBG X O
player NN X O
within IN X O
the DT X O
telecoms JJ X B-Domain
field NN X O
. . X O
This DT X O

is VBZ X O
commutable JJ X O
from IN X O
Basingstoke NNP X O
, , X O
Fleet NNP X O
, , X O
Alton NNP X O
, , X O
Guildford NNP X O
, , X O
Farnborough NNP X O
, , X O
Farnham NNP X O
, , X O
Winchester NNP X O
, , X O
Salisbury NNP X O
, , X O
Southampton NNP X O
, , X O
Fareham NNP X O
, , X O
Portsmouth NNP X O
, , X O
Petersfield NNP X O
, , X O
Andover NNP X O
, , X O
Aldershot NNP X O
To TO X O
apply VB X O
, , X O
please VB X O
send VB X O
your PRP$ X O
CV NNP X O
to TO X O
ghumphries NNS X O
Our PRP$ X O

client NN X O
is VBZ X O
an DT X O
established VBN X O
Facilities NNS X O
Management NNP X O
company NN X O
providing VBG X O
services NNS X O
to TO X O
customers NNS X O
from IN X O
numerous JJ X O
different JJ X O
sectors NNS X O
in IN X O
the DT X O
UK NNP X O
. . X O
If IN X O

so RB X O
read VB X O
on IN X O
as IN X O
this DT X O
could MD X O
be VB X O
the DT X O
ideal JJ X O
role NN X O
for IN X O
you PRP X O
The DT X O
client NN X O
I PRP X O
am VBP X O
representing VBG X O
is VBZ X O
currently RB X O
looking VBG X O
for IN X O
embedded VBN X B-Occupation
software NN X I-Occupation
engineers NNS X I-Occupation
to TO X O
join VB X O
their PRP$ X O
team NN X O
due JJ X O
to TO X O
experiencing VBG X O
a DT X O
sustained JJ X O
period NN X O
of IN X O
growth NN X O
. . X O
To TO X O

be VB X O
successful JJ X O
, , X O
you PRP X O
will MD X O
ideally RB X O
have VB X O
previous JJ X B-Experience
Contracts NNPS X I-Experience
Administration NNP X I-Experience
experience NN X I-Experience
together RB X O
with IN X O
excellent JJ X B-Skill
keyboards NNS X I-Skill
skills NNS X I-Skill
and CC X O
knowledge NN X B-Skill
of IN X I-Skill
MS NNP X I-Skill
Office NNP X I-Skill
packages NNS X I-Skill
. . X O
Knowledge NNP X O

of IN X O
completing VBG X B-Skill
VAT NNP X I-Skill
returns NNS X I-Skill
, , X O
also RB X O
Company NNP X B-Skill
quarterly RB X I-Skill
and CC X I-Skill
annual JJ X I-Skill
reports NNS X I-Skill
and CC X I-Skill
returns NNS X I-Skill
. . X O
The DT X O

improvement NN X B-Skill
of IN X I-Skill
the DT X I-Skill
economy NN X I-Skill
, , X I-Skill
efficiency NN X I-Skill
and CC X I-Skill
effectiveness NN X I-Skill
of IN X I-Skill
service NN X I-Skill
provision NN X I-Skill
. . X O
to TO X O

**** VB X O
plus JJ X O
benefits NNS X O
, , X O
depending VBG X O
on IN X O
the DT X O
experience NN X O
of IN X O
the DT X O
applicants NNS X O
. . X O
Our PRP$ X O

sector NN X O
knowledge NN X O
is VBZ X O
unrivalled JJ X B-Skill
and CC X O
we PRP X O
are VBP X O
passionate JJ X B-Skill
about IN X O
making VBG X B-Skill
every DT X I-Skill
stage NN X I-Skill
of IN X I-Skill
the DT X I-Skill
recruitment NN X I-Skill
process NN X I-Skill
as RB X I-Skill
easy JJ X I-Skill
as IN X I-Skill
possible JJ X I-Skill
for IN X O
our PRP$ X O
clients NNS X O
and CC X O
candidates NNS X O
. . X O
approximately RB X O

**** JJ X O
FTE NNP X O
within IN X O
a DT X O
multi JJ X O
channel NN X O
contact NN X O
centre NN X O
environment NN X O
and CC X O
be VB X O
able JJ X B-Skill
to TO X I-Skill
deliver VB X I-Skill
against IN X I-Skill
high JJ X I-Skill
expectation NN X I-Skill
within IN X O
a DT X O
fast JJ X O
moving NN X O
operation NN X O
. . X O
This DT X O

will MD X O
support VB X B-Skill
all DT X I-Skill
head NN X I-Skill
office NN X I-Skill
and CC X I-Skill
field NN X I-Skill
staff NN X I-Skill
, , X O
and CC X O
is VBZ X O
based VBN X O
predominantly RB X O
from IN X O
the DT X O
head NN X O
office NN X O
in IN X O
Hertfordshire NNP X O
. . X O
We PRP X O

connect VBP X O
OEMs NNP X B-Domain
, , X O
Installers NNP X B-Domain
and CC X O
Retailers NNPS X B-Domain
to TO X O
the DT X O
Groups NNP X O
global JJ X O
supplies NNS X O
through IN X O
local JJ X O
stocks NNS X O
and CC X O
our PRP$ X O
own JJ X O
passionate NN X B-Skill
market NN X B-Occupation
specialists NNS X I-Occupation
in IN X O
: : X O
Swimming NN X O
Pools NNP X O
, , X O
Pumping VBG X B-Domain
Systems NNP X I-Domain
, , X O
and CC X O
Agricultural NNP X B-Domain
Industrial NNP X I-Domain
Pipelines NNP X I-Domain
, , X I-Domain
both DT X O
rigid JJ X O
flexible NN X O
. . X O
Utlise NNP X O

customer NN X B-Skill
insight NN X I-Skill
and CC X O
socio JJ X B-Skill
demographic JJ X I-Skill
profiling NN X I-Skill
to TO X O
effectively RB X O
target VB X O
all DT X O
campaign NN X B-Skill
activity NN X I-Skill
into IN X I-Skill
the DT X I-Skill
market NN X I-Skill
You PRP X O

will MD X O
need VB X O
to TO X O
be VB X O
familiar JJ X O
with IN X O
the DT X O
relevant JJ X O
Health NNP X B-Skill
& CC X I-Skill
Safety NNP X I-Skill
regulations NNS X I-Skill
Please NNP X O
apply VB X O
for IN X O
this DT X O
role NN X O
by IN X O
emailing VBG X O
your PRP$ X O
CV NN X O
to TO X O
us PRP X O
as RB X O
soon RB X O
as IN X O
possible JJ X O
. . X O
AA NNP X O

Rosette NNP X O
Restaurant NNP X B-Domain
and CC X O
is VBZ X O
situated VBN X O
in IN X O
a DT X O
fantastic JJ X O
location NN X O
. . X O
You PRP X O

will MD X O
have VB X O
strong JJ X O
interpersonal JJ X B-Skill
skills NNS X I-Skill
in IN X O
order NN X O
to TO X O
make VB X B-Skill
an DT X I-Skill
impact NN X I-Skill
within IN X I-Skill
the DT X I-Skill
business NN X I-Skill
and CC X I-Skill
IT NNP X I-Skill
department NN X I-Skill
and CC X O
to TO X O
take VB X B-Skill
touch NN X I-Skill
decisions NNS X I-Skill
where WRB X I-Skill
necessary JJ X I-Skill
. . X O
With IN X O

my PRP$ X O
members NNS X O
I PRP X O
need VBP X O
to TO X O
: : X O
Support VB X B-Skill
the DT X I-Skill
Sports NNP X I-Skill
Manager NNP X I-Skill
interacting NN X I-Skill
and CC X I-Skill
communicating VBG X I-Skill
with IN X I-Skill
members NNS X I-Skill
and CC X O
actively RB X B-Skill
promoting VBG X I-Skill
ways NNS X I-Skill
to TO X I-Skill
add VB X I-Skill
value NN X I-Skill
to TO X O
the DT X O
David NNP X O
Lloyd NNP X O
Kids NNP X O
service NN X O
offering NN X O
. . X O
Applicants NNS X O

must MD X O
be VB X O
eligible JJ X B-Qualification
to TO X I-Qualification
live VB X I-Qualification
and CC X I-Qualification
work VB X I-Qualification
in IN X I-Qualification
the DT X I-Qualification
UK NNP X I-Qualification
. . X O
The DT X O

Sous NNP X B-Occupation
Chef NNP X I-Occupation
must MD X O
understand VB X B-Skill
the DT X I-Skill
Modern NNP X I-Skill
British NNP X I-Skill
cusine NN X I-Skill
inside IN X I-Skill
out IN X I-Skill
and CC X I-Skill
upside VB X I-Skill
down RB X I-Skill
to TO X O
be VB X O
considered VBN X O
. . X O
You PRP X O

will MD X O
be VB X O
responsible JJ X O
for IN X O
maintaining VBG X B-Skill
and CC X I-Skill
expanding VBG X I-Skill
the DT X I-Skill
global JJ X I-Skill
brand NN X I-Skill
of IN X O
one CD X O
of IN X O
their PRP$ X O
famous JJ X O
magazines NNS X O
by IN X O
achieving VBG X B-Skill
sales NNS X I-Skill
targets NNS X I-Skill
across IN X I-Skill
print NN X I-Skill
and CC X I-Skill
online NN X I-Skill
. . X O
Program NN X O

in IN X O
SAS NNP X B-Skill
Understand NNP X I-Skill
and CC X I-Skill
apply VB X I-Skill
statistical JJ X I-Skill
methods NNS X I-Skill
, , X O
e NN X O
. . X O
g NN X O
. . X O
Multivariate NNP X B-Skill
methods NNS X I-Skill
, , X O
particularly RB X O
clustering VBG X B-Skill
Experimental NNP X I-Skill
design NN X I-Skill
/ NNP X I-Skill
hypothesis NN X I-Skill
testing VBG X I-Skill
Predictive NNP X I-Skill
modelling VBG X I-Skill
Draw NNP X I-Skill
insight NN X I-Skill
by IN X I-Skill
applying VBG X I-Skill
analysis NN X I-Skill
results NNS X I-Skill
to TO X I-Skill
business NN X I-Skill
/ NN X O
marketing NN X B-Skill
problems NNS X I-Skill
Present NNP X I-Skill
and CC X I-Skill
explain VB X I-Skill
analysis NN X I-Skill
and CC X I-Skill
insight NN X I-Skill
to TO X I-Skill
technical JJ X I-Skill
and CC X I-Skill
nontechnical JJ X I-Skill
audiences NNS X I-Skill
Work VBP X I-Skill
on IN X I-Skill
multiple NNS X I-Skill
small JJ X I-Skill
projects NNS X I-Skill
Provide VBP X I-Skill
support NN X I-Skill
to TO X O
and CC X O
, , X O
potentially RB X O
Benefits NNS X O

include VBP X O
: : X O
company NN X O
pension NN X O
scheme NN X O
, , X O
life NN X O
insurance NN X O
, , X O
25 CD X O
days NNS X O
holiday NN X O
per IN X O
year NN X O
plus CC X O
Effective JJ X O

communicating VBG X B-Skill
with IN X I-Skill
technical JJ X I-Skill
and CC X I-Skill
nontechnical JJ X I-Skill
parties NNS X I-Skill
, , X O
you PRP X O
will MD X O
be VB X O
a DT X O
qualified JJ X O
or CC X O
nearlyqualified JJ X O
Pensions NNS X B-Qualification
Actuary VBP X I-Qualification
with IN X O
strong JJ X O
understanding NN X B-Skill
of IN X O
the DT X O
UK NNP X B-Domain
Pensions NNPS X I-Domain
industry NN X I-Domain
and CC X O
a DT X O
commercial JJ X B-Skill
, , X I-Skill
innovative JJ X I-Skill
mindset NN X I-Skill
. . X O
Due JJ X O

to TO X O
the DT X O
success NN X O
of IN X O
our PRP$ X O
brand NN X O
and CC X O
the DT X O
continued JJ X O
product NN X O
range NN X O
development NN X O
here RB X O
at IN X O
Everest NNP X O
, , X O
we PRP X O
are VBP X O
experiencing VBG X O
fantastic JJ X O
levels NNS X O
of IN X O
Sales NNS X O
growth NN X O
resulting VBG X O
in IN X O
expansion NN X O
across IN X O
the DT X O
country NN X O
. . X O
A DT X O

major JJ X O
international JJ X O
payments NNS X O
partner NN X O
is VBZ X O
looking VBG X O
to TO X O
engage VB X O
a DT X O
AMS NNP X O
Contact NNP X O
Centre NNP X O
Team NNP X B-Occupation
Leader NNP X I-Occupation
to TO X O
be VB X O
based VBN X O
in IN X O
Harrogate NNP X O
. . X O
The DT X O

reproduction NN X O
, , X O
transmission NN X O
or CC X O
other JJ X O
use NN X O
of IN X O
all DT X O
or CC X O
any DT X O
part NN X O
of IN X O
this DT X O
advert NN X O
to TO X O
or CC X O
in IN X O
any DT X O
media NNS X O
, , X O
without IN X O
Perfect NNP X O
Placement NNP X O
UK NNP X O
Limited NNP X O
' POS X O
s NN X O
prior RB X O
written VBN X O
permission NN X O
is VBZ X O
prohibited VBN X O
and CC X O
may MD X O
result VB X O
in IN X O
criminal JJ X O
or CC X O
civil JJ X O
actions NNS X O
. . X O
Support NNP X B-Skill

demonstration NN X I-Skill
of IN X I-Skill
efficiencies NNS X I-Skill
and CC X I-Skill
continual JJ X I-Skill
improvement NN X I-Skill
of IN X I-Skill
estimating VBG X I-Skill
by IN X I-Skill
undertaking VBG X I-Skill
cost NN X I-Skill
analysis NN X I-Skill
of IN X I-Skill
completed VBN X I-Skill
Projects NNS X I-Skill
. . X O
Our PRP$ X O

aim NN X O
is VBZ X O
to TO X O
provide VB X O
the DT X O
people NNS X O
we PRP X O
support VBP X B-Skill
with IN X I-Skill
a DT X I-Skill
clean JJ X I-Skill
, , X I-Skill
comfortable JJ X I-Skill
and CC X I-Skill
homely RB X I-Skill
environment NN X I-Skill
where WRB X I-Skill
they PRP X I-Skill
are VBP X I-Skill
treated VBN X I-Skill
with IN X I-Skill
dignity NN X I-Skill
, , X I-Skill
respect NN X I-Skill
and CC X I-Skill
sensitivity NN X I-Skill
. . X O
Permanent NNP X O

health NN X O
insurance NN X O
Life NNP X O
assurance NN X O
Contributory NNP X O
pension NN X O
Annual NNP X O
bonus NN X O
scheme NN X O
Relocation NNP X O
expenses NNS X O
as IN X O
appropriate JJ X O
Benefits NNS X O

include VBP X O
a DT X O
base JJ X O
entitlement NN X O
of IN X O
25 CD X O
days NNS X O
paid VBN X O
annual JJ X O
leave VBP X O
plus CC X O
eight CD X O
English NNP X O
Public NNP X O
Statutory NNP X O
Holidays NNP X O
. . X O
Senior JJ X B-Occupation

SharePoint NNP X I-Occupation
Developer NNP X I-Occupation
required VBD X O
for IN X O
leading JJ X O
client NN X O
who WP X O
are VBP X O
working VBG X B-Skill
on IN X I-Skill
a DT X I-Skill
number NN X I-Skill
of IN X I-Skill
leading VBG X I-Skill
edge NN X I-Skill
projects NNS X I-Skill
with IN X O
large JJ X O
scale JJ X O
clients NNS X O
. . X O
All DT X O

positions NNS X O
are VBP X O
subject JJ X O
to TO X O
enhanced JJ X O
disclosure NN X O
and CC X O
satisfactory JJ X O
references NNS X O
Where WRB X O

specific JJ X O
UK NNP X O
qualifications NNS X O
are VBP X O
required VBN X O
we PRP X O
will MD X O
take VB X O
into IN X O
account NN X O
overseas JJ X O
equivalents NNS X O
. . X O
If IN X O

this DT X O
post NN X O
is VBZ X O
not RB X O
for IN X O
you PRP X O
, , X O
then RB X O
do VBP X O
phone NN X O
as IN X O
we PRP X O
have VBP X O
many JJ X O
other JJ X O
posts NNS X O
that WDT X O
are VBP X O
as RB X O
flexible JJ X O
as IN X O
you PRP X O
need VBP X O
to TO X O
be VB X O
. . X O
Good JJ X O

verbal NN X B-Skill
and CC X I-Skill
written VBN X I-Skill
communication NN X I-Skill
skillsAbility NN X O
to TO X O
recognise VB X B-Skill
and CC X I-Skill
record VB X I-Skill
change NN X I-Skill
. . X O
Software NNP X B-Occupation

Developer NNP X I-Occupation
delivering VBG X B-Skill
well RB X I-Skill
engineered VBN X I-Skill
products NNS X I-Skill
that WDT X I-Skill
are VBP X I-Skill
ontime RB X I-Skill
, , X I-Skill
to TO X I-Skill
specification NN X I-Skill
and CC X I-Skill
budget NN X I-Skill
**** JJ X O

mths NNS X O
minimum JJ X O
commercial JJ X B-Skill
iOS NN X I-Skill
Development NNP X I-Skill
experience NN X I-Skill
can MD X O
be VB X O
on IN X O
placement JJ X O
year NN X O
. . X O
You PRP X O

will MD X O
be VB X O
an DT X O
experienced JJ X O
consumer NN X B-Occupation
propositions NNS X I-Occupation
developer NN X I-Occupation
with IN X O
a DT X O
background NN X O
in IN X O
either DT X O
base JJ X B-Skill
management NN X I-Skill
, , X O
proposition NN X B-Skill
development NN X I-Skill
or CC X O
product NN X B-Skill
management NN X I-Skill
. . X O
The DT X O

candidate NN X O
will MD X O
have VB X O
a DT X O
balance NN X B-Skill
of IN X I-Skill
team NN X I-Skill
management NN X I-Skill
and CC X I-Skill
payroll NN X I-Skill
as RB X O
well RB X O
as IN X O
being VBG X O
able JJ X O
to TO X O
achieve VB X B-Skill
team NN X I-Skill
objectives NNS X I-Skill
just RB X I-Skill
as RB X I-Skill
much JJ X I-Skill
as IN X I-Skill
personal JJ X I-Skill
objectives NNS X I-Skill
. . X O
The DT X O

development NN X O
of IN X O
specialist JJ X O
teams NNS X O
each DT X O
focusing NN X O
in IN X O
the DT X O
key JJ X O
markets NNS X O
of IN X O
Construction NNP X B-Domain
sales NNS X I-Domain
recruitment NN X O
, , X O
Engineering VBG X B-Domain
sales NNS X I-Domain
recruitment NN X O
and CC X O
Commercial JJ X B-Domain
sales NNS X I-Domain
recruitment NN X O
, , X O
has VBZ X O
enabled VBN X O
our PRP$ X O
consultants NNS X B-Occupation
to TO X O
become VB X O
experts NNS X O
in IN X O
their PRP$ X O
field NN X O
. . X O
The DT X O

C NNP X B-Occupation
Developer NNP X I-Occupation
will MD X O
be VB X O
working VBG X B-Skill
on IN X I-Skill
commercial JJ X I-Skill
software NN X I-Skill
for IN X I-Skill
external JJ X I-Skill
clients NNS X I-Skill
and CC X O
need NN X O
to TO X O
have VB X O
MVC NNP X B-Skill
experience NN X I-Skill
. . X O
You PRP X O

will MD X O
ensure VB X B-Skill
that IN X I-Skill
each DT X I-Skill
care NN X I-Skill
user NN X I-Skill
has VBZ X I-Skill
a DT X I-Skill
Care NNP X I-Skill
Plan NNP X I-Skill
and CC X I-Skill
continuity NN X I-Skill
records NNS X I-Skill
sheets NNS X I-Skill
in IN X O
their PRP$ X O
home NN X O
, , X O
also RB X O
medication NN X B-Skill
record NN X I-Skill
sheets NNS X I-Skill
when WRB X O
overseeing VBG X O
medication NN X O
. . X O
Are NNP X O

you PRP X O
a DT X O
General NNP X B-Occupation
Manager NNP X I-Occupation
who WP X O
would MD X O
you PRP X O
prefer VB X O
to TO X O
work VB X O
for IN X O
an DT X O
independent JJ X O
business NN X B-Domain
with IN X O
an DT X O
excellent JJ X O
local JJ X O
reputation NN X O
, , X O
but CC X O
wants VBZ X O
to TO X O
raise VB X O
their PRP$ X O
profile NN X O
? . X O
IT NNP X B-Occupation

Software NNP X I-Occupation
and CC X I-Occupation
Systems NNP X I-Occupation
developer NN X I-Occupation
Principle NNP X O
Role NNP X O
and CC X O
Responsibilities NNPS X O
: : X O
Liaise NN X B-Skill
with IN X I-Skill
key JJ X I-Skill
end NN X I-Skill
users NNS X I-Skill
to TO X O
obtain VB X B-Skill
and CC X I-Skill
interpret VB X I-Skill
business NN X I-Skill
needs NNS X I-Skill
Translate NNP X I-Skill
business NN X I-Skill
requirements NNS X I-Skill
into IN X I-Skill
appropriate JJ X I-Skill
formats NNS X I-Skill
to TO X O
then RB X O
build VB X B-Skill
into IN X I-Skill
project NN X I-Skill
plans NNS X I-Skill
You PRP X O

will MD X O
be VB X O
participating VBG X O
in IN X O
the DT X O
identification NN X B-Skill
and CC X I-Skill
systematic JJ X I-Skill
review NN X I-Skill
of IN X I-Skill
service NN X I-Skill
needs NNS X I-Skill
and CC X O
the DT X O
planning NN X B-Skill
and CC X I-Skill
delivery NN X I-Skill
of IN X I-Skill
appropriate JJ X I-Skill
Adult NNP X I-Skill
Care NNP X I-Skill
Services NNPS X I-Skill
. . X O
A DT X O

leading JJ X O
leisure NN X O
chain NN X O
located VBN X O
in IN X O
Central NNP X O
London NNP X O
is VBZ X O
urgently RB X O
recruiting VBG X O
for IN X O
an DT X O
experienced JJ X B-Skill
Assistant NNP X B-Occupation
Accountant NNP X I-Occupation
to TO X O
join VB X O
their PRP$ X O
busy JJ X O
finance NN X B-Domain
function NN X O
on IN X O
a DT X O
temp NN X O
to TO X O
perm VB X O
basis NN X O
. . X O
Rainfall DT X O

charts VBZ X O
show NN X O
this DT X O
is VBZ X O
one CD X O
of IN X O
the DT X O
sunniest JJS X O
and CC X O
driest JJS X O
places NNS X O
in IN X O
the DT X O
UK NNP X O
. . X O
**** NN X O

k NN X O
plus CC X O
Along IN X O
with IN X O
the DT X O
above NN X O
earning VBG X O
you PRP X O
will MD X O
also RB X O
be VB X O
provided VBN X O
with IN X O
an DT X O
extensive JJ X O
benefits NNS X O
package NN X O
that WDT X O
includes VBZ X O
a DT X O
fully RB X O
expensed VBN X O
company NN X O
car NN X O
no DT X O
allowance NN X O
option NN X O
, , X O
IPad NNP X O
and CC X O
mobile NN X O
. . X O
You PRP X O

must MD X O
be VB X O
enthusiastic JJ X B-Skill
, , X O
self PRP X B-Skill
motivated VBD X I-Skill
, , X O
pro FW X B-Skill
active JJ X I-Skill
in IN X O
all DT X O
aspects NNS X O
of IN X O
work NN X O
above IN X O
all DT X O
you PRP X O
must MD X O
be VB X O
strong JJ X B-Skill
of IN X I-Skill
character NN X I-Skill
with IN X O
the DT X O
will MD X O
to TO X O
drive VB X O
the DT X O
business NN X O
forward RB X O
. . X O
Fantastic JJ X O

opportunities NNS X O
within IN X O
a DT X O
well RB X O
established VBN X O
Leisure NNP X B-Domain
brand NN X O
Assistant NNP X B-Occupation
and CC X O
Club NNP X B-Occupation
Operations NNP X I-Occupation
Mangers NNP X I-Occupation
needed VBD X O
Swindon NNP X O
The DT X O

successful JJ X O
Mechanical NNP X B-Occupation
Design NNP X I-Occupation
Engineer NNP X I-Occupation
will MD X O
have VB X O
the DT X O
following JJ X O
skills NNS X O
/ JJ X O
experience NN X O
: : X O
Experience NN X O
using VBG X O
SolidWorks NNP X B-Skill
or CC X O
similar JJ X O
They PRP X O

are VBP X O
rapidly RB X O
growing VBG X O
, , X O
recently RB X O
winning VBG X O
some DT X O
new JJ X O
major JJ X O
infrastructure NN X O
clients NNS X O
including VBG X O
an DT X O
iconic JJ X O
London NNP X O
site NN X O
and CC X O
a DT X O
global JJ X O
energy NN X O
company NN X O
. . X O
SAN NNP X B-Skill

Infrastructure NNP X I-Skill
knowledge NN X I-Skill
Knowledge NNP X O
and CC X O
experience NN X O
of IN X O
Backup NNP X B-Skill
Solutions NNP X I-Skill
All DT X O

applicants NNS X O
will MD X O
be VB X O
required VBN X B-Skill
to TO X I-Skill
complete VB X I-Skill
a DT X I-Skill
Criminal NNP X I-Skill
Records NNP X I-Skill
Bureau NNP X I-Skill
Disclosure NNP X I-Skill
. . X O
Teach NNP X B-Skill

training NN X I-Skill
, , X O
although IN X O
this DT X O
is VBZ X O
not RB X O
essential JJ X O
Supply NNP X O
two CD X O
years NNS X O
worth IN X O
of IN X O
references NNS X O
, , X O
at IN X O
least JJS X O
one CD X O
of IN X O
which WDT X O
must MD X O
be VB X O
from IN X O
an DT X O
education NN X B-Domain
setting VBG X O
Benefits NNP X O
of IN X O
working VBG X O
through IN X O
ITN NNP X O
Mark NNP X O
Education NNP X O
: : X O
TAs NNP X O
working VBG X O
as IN X O
part NN X O
of IN X O
team NN X O
Enjoying VBG X O
working VBG X O
in IN X O
a DT X O
lovely JJ X O
environment NN X O
as IN X O
a DT X O
teaching NN X B-Occupation
assistant JJ X I-Occupation
Competitive NNP X O
rates NNS X O
of IN X O
pay NN X O
for IN X O
teaching VBG X B-Occupation
assistants NNS X I-Occupation
Excellent JJ X O
support NN X O
Wonderful NNP X O
facilities NNS X O
Opportunities NNP X O
for IN X O
teaching VBG X B-Occupation
assistants NNS X I-Occupation
to TO X O
join VB X O
our PRP$ X O
TeamTeach NNP X O
training NN X O
scheme NN X O
As IN X O
DfE NNP X O
Quality NNP X O
Mark NNP X O
holders NNS X O
, , X O
ITN NNP X O
Mark NNP X O
Education NNP X O
requires VBZ X O
all DT X O
candidates NNS X O
to TO X O
have VB X O
a DT X O
fully RB X O
enhanced VBN X O
DBS NNP X B-Qualification
check NN X I-Qualification
, , X O
minimum NN X O
of IN X O
two CD X O
references NNS X O
plus CC X O
a DT X O
face NN X O
to TO X O
face VB X O
interview NN X O
. . X O
Oxford NNP X O

nbsp NN X O
; : X O
Our PRP$ X O
client NN X O
, , X O
a DT X O
leading JJ X O
firm NN X O
of IN X O
Chartered NNP X B-Qualification
Accountants NNP X I-Qualification
in IN X O
Oxford NNP X O
are VBP X O
currently RB X O
looking VBG X O
for IN X O
an DT X O
Audit NNP X B-Occupation
Manager NNP X I-Occupation
to TO X O
join VB X O
their PRP$ X O
firm NN X O
nbsp NN X O
; : X O
Due NNP X O
to TO X O
expansion NN X O
this DT X O
company NN X O
is VBZ X O
now RB X O
looking VBG X O
for IN X O
a DT X O
fully RB X B-Skill
qualified VBN X I-Skill
Audit NNP X B-Occupation
manager NN X I-Occupation
with IN X O
a DT X O
strong JJ X O
background NN X O
in IN X O
an DT X O
Accountancy NNP X B-Domain
Practice NNP X I-Domain
, , X O
to TO X O
provide VB X B-Skill
and CC X I-Skill
manage VB X I-Skill
integrated VBN X I-Skill
audit NN X I-Skill
to TO X O
their PRP$ X O
clients NNS X O
nbsp RB X O
; : X O
The DT X O
successful JJ X O
candidate NN X O
will MD X O
be VB X O
ACA NNP X B-Qualification
/ NNP X I-Qualification
ACCA NNP X I-Qualification
qualified VBD X O
with IN X O
extensive JJ X O
audit NN X B-Skill
experience NN X I-Skill
, , X I-Skill
including VBG X I-Skill
large JJ X I-Skill
and CC X I-Skill
small JJ X I-Skill
corporate JJ X I-Skill
and CC X O
will MD X O
also RB X O
have VB X O
experience NN X O
nbsp NN X O
; : X O
in IN X O
Business NNP X B-Domain
Development NNP X I-Domain
nbsp NN X O
; : X O
nbsp CC X O
; : X O
nbsp CC X O
; : X O
Duties NNS X O
and CC X O
Responsibilities NNP X O
nbsp VBP X O
; : X O
nbsp CC X O
; : X O
This DT X O
role NN X O
will MD X O
predominantly RB X O
involve VB X O
undertaking VBG X B-Skill
client NN X I-Skill
audit NN X I-Skill
and CC X O
complying VBG X B-Skill
with IN X I-Skill
the DT X I-Skill
firm NN X I-Skill
s NN X I-Skill
procedures NNS X I-Skill
and CC X I-Skill
statuary JJ X I-Skill
obligations NNS X I-Skill
Existing VBG X O

knowledge NN X O
of IN X O
atmospheric JJ X B-Skill
gas NN X I-Skill
monitoring NN X I-Skill
instrumentation NN X I-Skill
and CC X I-Skill
techniques NNS X I-Skill
would MD X O
be VB X O
an DT X O
advantage NN X O
, , X O
as IN X O
would MD X O
data VB X B-Skill
capture NN X I-Skill
techniques NNS X I-Skill
and CC X O
handling VBG X B-Skill
/ JJ X I-Skill
management NN X I-Skill
of IN X I-Skill
large JJ X I-Skill
longterm JJ X I-Skill
instrument NN X I-Skill
monitoring NN X I-Skill
, , X O
experimental JJ X B-Skill
data NNS X I-Skill
sets NNS X I-Skill
. . X O
The DT X O

role NN X O
will MD X O
focus VB X O
on IN X O
designing NN X B-Skill
, , X I-Skill
defining VBG X I-Skill
and CC X I-Skill
owning VBG X I-Skill
the DT X I-Skill
digital JJ X I-Skill
user NN X I-Skill
experience NN X I-Skill
space NN X I-Skill
across IN X O
the DT X O
services NNS X O
and CC X O
sales NNS X O
journey NN X O
. . X O
Identify NNP X B-Skill

and CC X I-Skill
implement JJ X I-Skill
creative JJ X I-Skill
development NN X I-Skill
improvements NNS X I-Skill
in IN X I-Skill
core NN X I-Skill
website NN X I-Skill
Good NNP X O
to TO X O
have VB X O
knowledge NN X B-Skill
and CC X I-Skill
experience NN X I-Skill
with IN X I-Skill
Asp NNP X I-Skill
. . X O
They PRP X O

are VBP X O
looking VBG X O
for IN X O
someone NN X O
to TO X O
cover VB X O
sickness NN X O
in IN X O
the DT X O
PE NNP X O
department NN X O
and CC X O
the DT X O
role NN X O
is VBZ X O
due JJ X O
to TO X O
start VB X O
ASAP NNP X O
and CC X O
will MD X O
be VB X O
covering VBG X O
sickness NN X O
in IN X O
the DT X O
PE NNP X O
department NN X O
for IN X O
a DT X O
minimum NN X O
of IN X O
4 CD X O
weeks NNS X O
. . X O
The DT X O

closing NN X O
date NN X O
for IN X O
all DT X O
applications NNS X O
is VBZ X O
Friday NNP X O
25th CD X O
January NNP X O
2013 CD X O
at IN X O
9am CD X O
. . X O
Are NNP X O

you PRP X O
looking VBG X O
for IN X O
a DT X O
challenging JJ X O
new JJ X O
role NN X O
that WDT X O
will MD X O
offer VB X O
stability NN X O
and CC X O
job NN X O
satisfaction NN X O
? . X O
With IN X O

your PRP$ X O
expertise NN X O
, , X O
you PRP X O
will MD X O
guide VB X B-Skill
the DT X I-Skill
accounting NN X I-Skill
staff NN X I-Skill
whilst NN X O
reconciling VBG X B-Skill
financial JJ X I-Skill
discrepancies NNS X I-Skill
by IN X O
collecting VBG X O
and CC X O
analysing VBG X O
account NN X O
information NN X O
. . X O
The DT X O

salary JJ X O
offered VBN X O
is VBZ X O
dependant JJ X O
upon IN X O
knowledge NN X O
but CC X O
will MD X O
range VB X O
between IN X O
Defining VBG X B-Skill

the DT X I-Skill
quality NN X I-Skill
assurance NN X I-Skill
methodology NN X I-Skill
for IN X O
the DT X O
function NN X O
, , X O
you PRP X O
ll VBP X O
make VB X O
sure JJ X O
it PRP X O
s RB X O
implemented VBD X O
, , X O
understood NN X O
and CC X O
revised VBN X O
as IN X O
and CC X O
when WRB X O
appropriate NN X O
. . X O
This DT X O

vacancy NN X O
is VBZ X O
a DT X O
maternity NN X O
cover NN X O
until IN X O
the DT X O
end NN X O
of IN X O
December NNP X O
2013 CD X O
in IN X O
the DT X O
first JJ X O
instance NN X O
. . X O
Actively RB X O

seek NN X B-Skill
to TO X I-Skill
improve VB X I-Skill
and CC X I-Skill
grow VB X I-Skill
own JJ X I-Skill
skill NN X I-Skill
and CC X I-Skill
knowledge NN X I-Skill
base NN X I-Skill
in IN X O
appropriate JJ X O
areas NNS X O
. . X O
The DT X O

groundbreaking NN X O
development NN X O
teams NNS X O
are VBP X O
developing VBG X B-Skill
libraries NNS X I-Skill
from IN X I-Skill
the DT X I-Skill
ground NN X I-Skill
up RB X I-Skill
in IN X O
ASP NNP X B-Skill
. . X I-Skill
NET NN X I-Skill
. . X O
The DT X O

role NN X O
will MD X O
involve VB X O
regular JJ X O
UK NNP X O
travel NN X O
and CC X O
occasional JJ X O
international JJ X O
. . X O
This DT X O

is VBZ X O
an DT X O
excellent JJ X O
opportunity NN X O
for IN X O
a DT X O
highly RB X O
organised VBN X B-Skill
individual JJ X O
with IN X O
good JJ X O
evidence NN X O
of IN X O
training VBG X B-Skill
delivery NN X I-Skill
skills NNS X O
to TO X O
join VB X O
this DT X O
very RB X O
popular JJ X O
branded VBD X O
food NN X B-Skill
retail NN X I-Skill
chain NN X O
. . X O
Also RB X O

, , X O
any DT X O
Professional NNP X O
IT NNP X B-Domain
Accreditations NNP X O
CISSP NNP X B-Qualification
, , X O
CCSA NNP X B-Qualification
, , X O
CCSE NNP X B-Qualification
, , X O
JNCIA NNP X B-Qualification
would MD X O
be VB X O
considered VBN X O
a DT X O
plus NN X O
. . X O
Generate NNP X B-Skill

new JJ X I-Skill
business NN X I-Skill
with IN X O
prospective JJ X O
clients NNS X O
within IN X O
an DT X O
assigned JJ X O
target NN X O
area NN X O
Build NNP X B-Skill
relationships NNS X I-Skill
across IN X I-Skill
multiple JJ X I-Skill
sectors NNS X I-Skill
, , X O
including VBG X O
identifying VBG X O
new JJ X O
opportunities NNS X O
within IN X O
the DT X O
market NN X O
. . X O
If IN X O

you PRP X O
have VBP X O
previous JJ X O
experience NN X O
in IN X O
a DT X O
HR NNP X B-Skill
Advisory NNP X I-Skill
capacity NN X I-Skill
and CC X O
would MD X O
be VB X O
available JJ X O
to TO X O
begin VB X O
a DT X O
6month CD X O
contract NN X O
at IN X O
the DT X O
end NN X O
of IN X O
February NNP X O
, , X O
then RB X O
please VB X O
get VB X O
in IN X O
touch NN X O
with IN X O
us PRP X O
today NN X O
. . X O
This DT X O

busy JJ X O
office NN X O
are VBP X O
looking VBG X O
for IN X O
a DT X O
professional JJ X B-Skill
and CC X O
committed JJ X B-Skill
PA NNP X B-Occupation
from IN X O
within IN X O
the DT X O
legal JJ X B-Domain
sector NN X I-Domain
, , X O
who WP X O
is VBZ X O
accustomed VBN X B-Skill
to TO X I-Skill
prioritising VBG X I-Skill
a DT X I-Skill
varied JJ X I-Skill
workload NN X I-Skill
. . X O
Their PRP$ X O

forecourts NNS X O
offer VBP X O
a DT X O
modern JJ X O
retail JJ X O
environment NN X O
with IN X O
the DT X O
latest JJS X O
instore NN X O
facilities NNS X O
and CC X O
a DT X O
comprehensive JJ X O
range NN X O
of IN X O
products NNS X O
in IN X O
convenient JJ X O
locations NNS X O
. . X O
By IN X O

2016 CD X O
, , X O
we PRP X O
want VBP X O
to TO X O
be VB X O
one CD X O
of IN X O
the DT X O
country NN X O
s VBD X O
top JJ X O
three CD X O
providers NNS X O
of IN X O
high JJ X O
quality NN X O
affordable JJ X O
homes NNS X O
, , X O
supporting VBG X O
thriving VBG X O
communities NNS X O
. . X O
Hands NNS X B-Skill

on IN X I-Skill
experience NN X I-Skill
with IN X I-Skill
the DT X I-Skill
Omniture NNP X I-Skill
Marketing NNP X I-Skill
Suite NNP X I-Skill
, , X O
with IN X O
particular JJ X O
focus NN X O
on IN X O
Site NNP X B-Skill
Catalyst NNP X I-Skill
and CC X O
Data NNP X B-Skill
Warehouse NNP X I-Skill
. . X O
The DT X O

closing NN X O
date NN X O
for IN X O
this DT X O
position NN X O
is VBZ X O
5 CD X O
. . X O
00pm CD X O
Monday NNP X O
18th CD X O
February NNP X O
2013 CD X O
A DT X O

strong JJ X O
degree NN X B-Skill
of IN X I-Skill
commerciality NN X I-Skill
, , X O
with IN X O
experience NN X B-Skill
in IN X I-Skill
portfolio NN X I-Skill
management NN X I-Skill
roles NNS X O
including VBG X O
responsibility NN X B-Skill
for IN X I-Skill
budget NN X I-Skill
management NN X I-Skill
and CC X O
P NNP X B-Skill
L NNP X I-Skill
results NNS X I-Skill
. . X O
Our PRP$ X O

client NN X O
, , X O
a DT X O
global JJ X O
IT NNP X B-Domain
services NNS X I-Domain
organisation NN X O
, , X O
is VBZ X O
currently RB X O
hiring VBG X O
for IN X O
a DT X O
Customer NNP X B-Occupation
Support NNP X I-Occupation
Engineer NNP X I-Occupation
. . X O
Foster NNP X O

Carers NNP X O
/ NNP X O
Foster NNP X O
Parents NNP X O
are VBP X O
sought VBN X O
to TO X O
join VB X O
this DT X O
nationwide JJ X O
children NNS X O
s JJ X O
charity NN X B-Domain
in IN X O
Bristol NNP X O
, , X O
to TO X O
welcome VB X O
a DT X O
child NN X O
or CC X O
young JJ X O
person NN X O
into IN X O
your PRP$ X O
home NN X O
and CC X O
care NN X O
for IN X O
them PRP X O
full JJ X O
time NN X O
. . X O
3 LS X O

. . X B-Skill
Ensure NN X I-Skill
regular JJ X I-Skill
forums NNS X I-Skill
/ JJ X I-Skill
meetings NNS X I-Skill
take VBP X I-Skill
place NN X I-Skill
across IN X I-Skill
the DT X I-Skill
teams NNS X I-Skill
this DT X O

role NN X O
will MD X O
; : X O
review VB X B-Skill
, , X O
enhance NN X B-Skill
and CC X O
where WRB X O
necessary JJ X O
restructure NN X B-Skill
the DT X I-Skill
financial JJ X I-Skill
controls NNS X I-Skill
within IN X O
this DT X O
business NN X O
unit NN X O
, , X O
to TO X O
work VB X B-Skill
efficiently RB X I-Skill
with IN X I-Skill
the DT X I-Skill
new JJ X I-Skill
ERP NNP X I-Skill
system NN X I-Skill
which WDT X O
is VBZ X O
due JJ X O
to TO X O
go VB X O
live JJ X O
in IN X O
the DT X O
immediate JJ X O
future NN X O
. . X O
The DT X O

scope NN X O
for IN X O
earning VBG X O
is VBZ X O
vast JJ X O
with IN X O
a DT X O
highly RB X O
competitive JJ X O
uncapped JJ X O
commission NN X O
scheme NN X O
based VBN X O
on IN X O
individual JJ X O
performance NN X O
. . X O
all DT X B-Skill

implemented VBN X I-Skill
solutions NNS X I-Skill
are VBP X I-Skill
backed VBN X I-Skill
up RP X I-Skill
with IN X I-Skill
documentation NN X I-Skill
, , X I-Skill
training NN X I-Skill
and CC X I-Skill
expertise NN X I-Skill
within IN X I-Skill
the DT X I-Skill
Service NNP X I-Skill
desk NN X I-Skill
and CC X I-Skill
Support NNP X I-Skill
areas NNS X I-Skill
. . X O
Skills NNS X O

and CC X O
Abilities NNP X O
Ability NNP X O
to TO X O
carry VB X B-Skill
out RP X I-Skill
independent JJ X I-Skill
research NN X I-Skill
in IN X O
an DT X O
area NN X O
related VBN X O
to TO X O
computer NN X B-Domain
vision NN X I-Domain
and CC X O
/ NN X O
or CC X O
robotics NNS X B-Domain
. . X O
You PRP X O

will MD X O
liaise VB X B-Skill
with IN X I-Skill
various JJ X I-Skill
departments NNS X I-Skill
, , X I-Skill
personnel NNS X I-Skill
and CC X I-Skill
suppliers NNS X I-Skill
. . X O
Our PRP$ X O

client NN X O
is VBZ X O
currently RB X O
looking VBG X O
for IN X O
an DT X O
IT NNP X B-Occupation
Infrastructure NNP X I-Occupation
Engineer NNP X I-Occupation
, , X O
who WP X O
will MD X O
form VB X O
part NN X O
of IN X O
a DT X O
medium NN X O
sized VBD X O
IT NNP X B-Domain
team NN X O
who WP X O
work VBP X B-Skill
in IN X I-Skill
a DT X I-Skill
fast NN X I-Skill
paced VBN X I-Skill
and CC X I-Skill
demanding VBG X I-Skill
environment NN X I-Skill
; : X O
with IN X O
exposure NN X O
to TO X O
critical JJ X B-Skill
applications NNS X I-Skill
and CC X I-Skill
different JJ X I-Skill
technologies NNS X I-Skill
for IN X I-Skill
project NN X I-Skill
work NN X I-Skill
and CC X O
3rd CD X B-Skill
/ NNS X I-Skill
4th CD X I-Skill
line NN X I-Skill
support NN X I-Skill
issues NNS X I-Skill
. . X O
You PRP X O

don VBP X O
t NNS X O
have VBP X O
to TO X O
go VB X O
for IN X O
the DT X O
full JJ X O
works NN X O
if IN X O
you PRP X O
don VBP X O
t JJ X O
want NN X O
to TO X O
, , X O
just RB X O
have VB X O
a DT X O
snack NN X O
and CC X O
a DT X O
lovely JJ X O
drink NN X O
in IN X O
the DT X O
bar NN X O
with IN X O
your PRP$ X O
friends NNS X O
. . X O
We PRP X O

are VBP X O
looking VBG X O
for IN X O
enthusiastic JJ X B-Skill
, , X O
hard JJ X B-Skill
working VBG X I-Skill
Call NNP X B-Occupation
Centre NNP X I-Occupation
Operatives NNPS X I-Occupation
who WP X O
have VBP X O
an DT X O
excellent JJ X O
telephone NN X B-Skill
manner NN X I-Skill
, , X O
negotiation NN X B-Skill
skills NNS X O
and CC X O
the DT X O
drive NN X B-Skill
to TO X I-Skill
succeed VB X I-Skill
. . X O
Company NN X O

Car NNP X O
Large NNP X O
range NN X O
available JJ X O
including VBG X O
Audi NNP X O
and CC X O
BMW NNP X O
. . X O
Posts NNS X O

are VBP X O
available JJ X O
in IN X O
Is NNP X O
lington NN X O
and CC X O
Havering NNP X O
to TO X O
cover VB X O
services NNS X O
across IN X O
Maintain NNP X B-Skill

environmental JJ X I-Skill
documentation NN X I-Skill
Communicate NNP X I-Skill
with IN X I-Skill
management NN X I-Skill
on IN X O
all DT X O
aspects NNS X O
of IN X O
the DT X O
environment NN X O
In IN X O

addition NN X O
to TO X O
day NN X O
to TO X O
day NN X O
support VB X O
there EX X O
will MD X O
be VB X O
a DT X O
requirement NN X O
to TO X O
provide VB X B-Skill
support NN X I-Skill
to TO X I-Skill
both DT X I-Skill
IT NNP X I-Skill
and CC X I-Skill
business NN X I-Skill
based VBN X I-Skill
projects NNS X I-Skill
. . X O
To TO X O

apply VB X O
for IN X O
this DT X O
role NN X O
, , X O
please VB X O
click VB X O
the DT X O
Apply NNP X O
now RB X O
button VBZ X O
. . X O
They PRP X O

are VBP X O
looking VBG X O
for IN X O
an DT X O
experienced JJ X O
area NN X B-Occupation
manager NN X I-Occupation
to TO X O
join VB X O
their PRP$ X O
team NN X O
and CC X O
maintain NN X O
high JJ X O
quality NN X O
care NN X O
. . X O
You PRP X O

will MD X O
be VB X O
managing VBG X B-Skill
a DT X I-Skill
database NN X I-Skill
of IN X I-Skill
top JJ X I-Skill
calibre NN X I-Skill
professionals NNS X I-Skill
within IN X I-Skill
one CD X I-Skill
of IN X I-Skill
our PRP$ X I-Skill
key NN X I-Skill
specialisms NNS X I-Skill
which WDT X O
include VBP X O
Banking NNP X O
and CC X O
Financial NNP X O
Services NNPS X O
, , X O
Legal NNP X O
, , X O
Accountancy NNP X O
and CC X O
Finance NNP X O
and CC X O
Marketing NNP X O
and CC X O
Communications NNP X O
. . X O
Please NNP X O

click VBZ X O
the DT X O
apply JJ X O
button NN X O
You PRP X O
will MD X O
then RB X O
be VB X O
taken VBN X O
directly RB X O
to TO X O
the DT X O
Employer NNP X O
s NN X O
website NN X O
The DT X O

suitable JJ X O
candidate NN X O
will MD X O
preferably RB X O
already RB X O
have VB X B-Experience
a DT X I-Experience
solid JJ X I-Experience
track NN X I-Experience
record NN X I-Experience
of IN X I-Experience
success NN X I-Experience
within IN X I-Experience
professional JJ X I-Experience
services NNS X I-Experience
recruitment NN X I-Experience
or CC X O
a DT X O
strong JJ X B-Experience
background NN X I-Experience
in IN X I-Experience
B2B NNP X I-Experience
sales NNS X I-Experience
. . X O
Operating VBG X B-Skill

closely RB X I-Skill
with IN X I-Skill
the DT X I-Skill
partnership NN X I-Skill
, , X O
the DT X O
role NN X O
will MD X O
cover VB X B-Skill
all DT X I-Skill
elements NNS X I-Skill
of IN X I-Skill
the DT X I-Skill
BD NNP X I-Skill
, , X I-Skill
CRM NNP X I-Skill
and CC X I-Skill
marketing NN X I-Skill
mix NN X I-Skill
. . X O
You PRP X O

will MD X O
be VB X O
enthusiastic JJ X O
with IN X O
the DT X O
desire NN X O
to TO X O
achieve VB X B-Skill
the DT X I-Skill
highest JJS X I-Skill
possible JJ X I-Skill
standard NN X I-Skill
of IN X I-Skill
personalised JJ X I-Skill
customer NN X I-Skill
care NN X I-Skill
in IN X I-Skill
line NN X I-Skill
with IN X I-Skill
the DT X I-Skill
very RB X I-Skill
high JJ X I-Skill
standards NNS X I-Skill
set VBN X I-Skill
out RP X I-Skill
by IN X I-Skill
the DT X I-Skill
brand NN X I-Skill
. . X O
Home NNP X B-Occupation

Manager NNP X I-Occupation
, , X O
Elderly NNP X O
Nursing NNP X O
Home NNP X O
, , X O
Oakington NNP X O
White NNP X O
Recruitment NNP X O
is VBZ X O
currently RB X O
looking VBG X O
for IN X O
a DT X O
mature NN X B-Skill
and CC X I-Skill
assertive JJ X I-Skill
Registered NNP X B-Occupation
Nurse NNP X I-Occupation
RGN NNP X I-Occupation
with IN X O
a DT X O
naturally RB X O
caring JJ X O
nature NN X O
to TO X O
take VB X O
the DT X O
role NN X O
of IN X O
Home NNP X B-Occupation
Manager NNP X I-Occupation
for IN X O
a DT X O
large JJ X O
sized JJ X O
nursing NN X O
home NN X O
in IN X O
Oakington NNP X O
. . X O
We PRP X O

have VBP X O
an DT X O
immediate JJ X O
requirement NN X O
for IN X O
a DT X O
subagent NN X O
to TO X O
work VB X O
alongside RB X O
the DT X O
Project NN X B-Occupation
Manager NNP X I-Occupation
at IN X O
our PRP$ X O
Package NN X O
1 CD X O
site NN X O
in IN X O
Newcastle NNP X O
. . X O
The DT X O

opportunity NN X O
to TO X O
join VB X O
a DT X O
household NN X O
name NN X O
brand NN X O
with IN X O
great JJ X O
career NN X O
prospects NNS X O
Apply VBP X O
now RB X O
if IN X O
you PRP X O
fancy VBP X O
a DT X O
rewarding NN X O
and CC X O
challenging VBG X O
career NN X O
where WRB X O
you PRP X O
can MD X O
really RB X O
go VB X O
places NNS X O
. . X O
**** NN X O

developers NNS X B-Occupation
for IN X O
their PRP$ X O
team NN X O
in IN X O
the DT X O
UK NNP X O
starting VBG X O
with IN X O
Mass NNP X B-Skill

spectrometry NN X I-Skill
of IN X I-Skill
proteins NNS X I-Skill
, , X I-Skill
glycoproteins NNS X I-Skill
and CC X I-Skill
peptides NNS X I-Skill
including VBG X O
ESMS NNP X B-Skill
, , X O
MALDIMS NNP X B-Skill
, , X O
LCMS NNP X B-Skill
and CC X O
LCMSMS NNP X B-Skill
; : X O
nanosprayMS CC X B-Skill
; : X O
Peptide NNP X B-Skill
mapping VBG X I-Skill
techniques NNS X O
and CC X O
interpretation NN X B-Skill
tools NNS X I-Skill
. . X O
people NNS X O

, , X O
they PRP X O
believe VBP X O
in IN X O
creating VBG X O
a DT X O
working JJ X O
culture NN X O
that WDT X O
promotes VBZ X O
trust NN X O
, , X O
respect NN X O
, , X O
diversity NN X O
, , X O
inclusion NN X O
and CC X O
integrity NN X O
one CD X O
in IN X O
which WDT X O
each DT X O
individual NN X O
is VBZ X O
valued VBN X O
and CC X O
given VBN X O
every DT X O
opportunity NN X O
to TO X O
fulfil VB X O
his PRP$ X O
or CC X O
her PRP$ X O
full JJ X O
potential NN X O
. . X O
Forecasting VBG X B-Skill

and CC X I-Skill
analyzing VBG X I-Skill
data NNS X I-Skill
to TO X O
report VB X O
of IN X O
growing VBG X O
trends NNS X O
. . X O
This DT X O

wellknown JJ X O
women NNS X B-Domain
' POS X I-Domain
s JJ X I-Domain
fashion NN X I-Domain
retailer NN X B-Occupation
has VBZ X O
been VBN X O
hugely RB X O
successful JJ X O
in IN X O
recent JJ X O
years NNS X O
and CC X O
currently RB X O
has VBZ X O
over RP X O
Promote NNP X B-Skill

effective JJ X I-Skill
and CC X I-Skill
efficient JJ X I-Skill
standards NNS X I-Skill
of IN X I-Skill
work NN X I-Skill
, , X O
in IN X O
order NN X O
to TO X O
comply VB X B-Skill
with IN X I-Skill
company NN X I-Skill
policy NN X I-Skill
and CC X I-Skill
Health NNP X I-Skill
Safety NNP X I-Skill
legislation NN X I-Skill
Promote NNP X I-Skill
a DT X I-Skill
positive JJ X I-Skill
, , X I-Skill
can MD X I-Skill
do VB X I-Skill
culture NN X I-Skill
. . X O
The DT X O

chosen NN X O
candidate NN X O
will MD X O
be VB X O
responsible JJ X B-Skill
for IN X I-Skill
the DT X I-Skill
ongoing JJ X I-Skill
development NN X I-Skill
of IN X I-Skill
my PRP$ X I-Skill
client NN X I-Skill
' '' X I-Skill
s JJ X I-Skill
existing VBG X I-Skill
and CC X I-Skill
future JJ X I-Skill
websites NNS X I-Skill
and CC X I-Skill
web NN X I-Skill
applications NNS X I-Skill
to TO X O
help VB X O
increase VB X O
their PRP$ X O
online JJ X O
presence NN X O
and CC X O
continue VB X O
their PRP$ X O
growth NN X O
within IN X O
their PRP$ X O
market NN X O
. . X O
Be NNP X O

consulted VBN X O
on IN X O
, , X O
support NN X B-Skill
and CC X I-Skill
assist NN X I-Skill
, , X I-Skill
with IN X I-Skill
data NNS X I-Skill
analysis NN X I-Skill
and CC X I-Skill
data NNS X I-Skill
support NN X I-Skill
, , X O
appropriate JJ X O
Market NNP X O
s NN X O
recognised VBD X O
position NN X O
of IN X O
expertise NN X O
. . X O
Your PRP$ X O

duties NNS X O
will MD X O
include VB X O
preparing NN X B-Skill
, , X O
cooking NN X B-Skill
and CC X O
presenting VBG X B-Skill
dishes NNS X I-Skill
in IN X O
accordance NN X O
with IN X O
the DT X O
product NN X O
specifications NNS X O
and CC X O
undertaking VBG X O
such JJ X O
other JJ X O
kitchen NN X O
duties NNS X O
as IN X O
assigned VBN X O
by IN X O
the DT X O
Head NNP X B-Occupation
Chef NNP X I-Occupation
or CC X O
Sous NNP X B-Occupation
Chef NNP X I-Occupation
. . X O
Be NNP X O

available JJ X O
to TO X O
provide VB X B-Skill
remote NN X I-Skill
or CC X I-Skill
onsite JJ X I-Skill
service NN X I-Skill
for IN X I-Skill
implementations NNS X I-Skill
and CC X I-Skill
migrations NNS X I-Skill
, , X O
both DT X O
in IN X O
and CC X O
out IN X O
of IN X O
core NN X O
hours NNS X O
. . X O
The DT X O

Business NNP X B-Occupation
Analyst NNP X I-Occupation
/ NNP X I-Occupation
Delivery NNP X I-Occupation
Specialist NNP X I-Occupation
will MD X O
have VB X O
strong JJ X O
demonstrable JJ X B-Skill
understanding NN X I-Skill
of IN X I-Skill
business NN X I-Skill
analysis NN X I-Skill
and CC X I-Skill
requirements NNS X I-Skill
gathering NN X I-Skill
. . X O
If IN X O

you PRP X O
can MD X O
commit VB X B-Skill
to TO X O
this DT X O
school NN X O
and CC X O
this DT X O
varied JJ X O
and CC X O
rewarding VBG X O
experience NN X O
for IN X O
the DT X O
remainder NN X O
of IN X O
the DT X O
academic JJ X O
year NN X O
please NN X O
email VB X O
your PRP$ X O
CV NNP X O
to TO X O
Phil NNP X O
at IN X O
Edustaff NNP X O
. . X O
To TO X O

apply VB X O
, , X O
please VB X O
visit NN X O
www NN X O
. . X O
sanctuarygroup NN X O
. . X O
co NN X O
. . X O
uk JJ X O
to TO X O
complete VB X O
an DT X O
online JJ X O
application NN X O
or CC X O
submit VB X O
your PRP$ X O
CV NNP X O
and CC X O
covering VBG X O
letter NN X O
. . X O
Additionally RB X O

you PRP X O
will MD X O
ensure VB X B-Skill
that IN X I-Skill
processes NNS X I-Skill
are VBP X I-Skill
documented VBN X I-Skill
and CC X I-Skill
handover JJ X I-Skill
material NN X I-Skill
is VBZ X I-Skill
available JJ X I-Skill
to TO X I-Skill
the DT X I-Skill
service NN X I-Skill
delivery NN X I-Skill
team NN X I-Skill
. . X O
Regular JJ X O

breaks NNS X O
to TO X O
travel VB X O
, , X O
relax VB X O
and CC X O
get VB X O
back RB X O
to TO X O
your PRP$ X O
own JJ X O
life NN X O
Lots NNP X O
of IN X O
different JJ X O
clients NNS X O
in IN X O
many JJ X O
different JJ X O
parts NNS X O
of IN X O
England NNP X O
and CC X O
Wales NNP X O
ALS NNP X B-Skill

desirable JJ X I-Skill
Understanding NNP X I-Skill
of IN X I-Skill
ECG NNP X I-Skill
interpretation NN X I-Skill
Experience NN X I-Skill
with IN X I-Skill
Cardiac NNP X I-Skill
Surgery NNP X I-Skill
and CC X I-Skill
Cardiology NNP X I-Skill
Customer NNP X I-Skill
satisfaction NN X I-Skill
and CC X I-Skill
patient JJ X I-Skill
satisfaction NN X I-Skill
skills NNS X I-Skill
Speaking VBG X I-Skill
another DT X I-Skill
language NN X I-Skill
desirable JJ X O
Benefits NNS X O
of IN X O
Cardiac NNP X O
Staff NNP X O
Nurse NNP X O
: : X O
Retirement JJ X O
Scheme NNP X O
Healthcare NNP X O
Scheme NNP X O
Life NNP X O
Assurance NNP X O
Critical NNP X O
Illness NNP X O
Insurance NNP X O
As IN X O

a DT X O
Band NNP X O
6 CD X O
Nurse NNP X O
you PRP X O
must MD X O
demonstrate VB X O
the DT X O
following JJ X O
competence NN X O
, , X O
knowledge NN X B-Skill
, , X O
skills NNS X B-Skill
and CC X O
experience NN X B-Skill
and CC X O
evidence NN X B-Skill
of IN X O
continuing VBG X O
professional JJ X O
development NN X O
: : X O
Provide NNP X B-Skill
clinical JJ X I-Skill
leadership NN X I-Skill
and CC X O
ensure VB X B-Skill
the DT X I-Skill
provision NN X I-Skill
of IN X I-Skill
high JJ X I-Skill
quality NN X I-Skill
nursing NN X I-Skill
care NN X I-Skill
Promote NNP X I-Skill
a DT X I-Skill
progressive JJ X I-Skill
attitude NN X I-Skill
to TO X I-Skill
the DT X I-Skill
continual JJ X I-Skill
improvement NN X I-Skill
of IN X I-Skill
patient NN X I-Skill
care NN X I-Skill
through IN X I-Skill
research NN X I-Skill
and CC X I-Skill
evidence NN X I-Skill
based VBN X I-Skill
nursing NN X I-Skill
This DT X O

school NN X B-Domain
is VBZ X O
an DT X O
outstanding JJ X O
environment NN X O
in IN X O
which WDT X O
to TO X O
work NN X O
and CC X O
would MD X O
like VB X O
to TO X O
appoint VB X O
a DT X O
Science NNP X B-Occupation
Technician NNP X I-Occupation
IN NNP X O
FEBRUARY NNP X O
/ NNP X O
MARCH NNP X O
2013 CD X O
on IN X O
a DT X O
permanent JJ X O
contract NN X O
. . X O
If IN X O

you PRP X O
are VBP X O
interested JJ X O
in IN X O
this DT X O
role NN X O
or CC X O
any DT X O
other JJ X O
teaching NN X O
vacancies NNS X O
at IN X O
Alderwood NNP X O
please VB X O
call VB X O
Charlotte NNP X O
Doyle NNP X O
on IN X O
Apply NNP X O
online MD X O
only RB X O
or CC X O
email VB X O
your PRP$ X O
CV NNP X O
To TO X O
apply VB X O
for IN X O
this DT X O
position NN X O
, , X O
candidates NNS X O
must MD X O
be VB X O
eligible JJ X B-Skill
to TO X I-Skill
live VB X I-Skill
and CC X I-Skill
work VB X I-Skill
in IN X I-Skill
the DT X I-Skill
UK NNP X I-Skill
Alderwood NNP X O
Education NNP X O
are VBP X O
acting VBG X O
as IN X O
an DT X O
Employment NNP X O
Agency NNP X O
in IN X O
relation NN X O
to TO X O
this DT X O
vacancy NN X O
The DT X O

majority NN X O
of IN X O
patients NNS X O
have VBP X O
an DT X O
extraordinarily RB X O
complex JJ X O
illnesses NNS X O
, , X O
which WDT X O
present VBP X O
with IN X O
abnormalities NNS X O
in IN X O
physical JJ X O
and CC X O
psychological JJ X O
functioning NN X O
With IN X O
a DT X O
minimum NN X B-Experience
of IN X I-Experience
12 CD X I-Experience
months NNS X I-Experience
post VBN X I-Experience
qualification NN X I-Experience
experience NN X I-Experience
, , X I-Experience
ideally RB X I-Experience
within IN X I-Experience
a DT X I-Experience
secure JJ X I-Experience
hospital NN X I-Experience
environment NN X I-Experience
and CC X I-Experience
working VBG X I-Experience
with IN X I-Experience
children NNS X I-Experience
and CC X I-Experience
adolescents NNS X I-Experience
, , X O
the DT X O
successful JJ X O
applicants NNS X O
will MD X O
be VB X O
rewarded VBN X O
with IN X O
an DT X O
excellent JJ X O
working NN X O
environment NN X O
and CC X O
continued VBD X O
training NN X O
and CC X O
development NN X O
. . X O
then RB X O

this DT X O
is VBZ X O
not RB X O
an DT X O
opportunity NN X O
to TO X O
miss VB X O
Our PRP$ X O
client NN X O
is VBZ X O
looking VBG X O
for IN X O
: : X O
Strong NNP X O
Cisco NNP X B-Skill
network NN X I-Skill
administration NN X I-Skill
skills VBZ X O
Ideally RB X O
having VBG X O
a DT X O
CCNA NNP X B-Qualification
or CC X O
CCNP NNP X B-Qualification
Network NNP X B-Skill
security NN X I-Skill
As IN X O

an DT X O
employee NN X O
of IN X O
our PRP$ X O
client NN X O
, , X O
you PRP X O
will MD X O
receive VB X O
an DT X O
array NN X O
of IN X O
benefits NNS X O
to TO X O
support VB X O
you PRP X O
in IN X O
both DT X O
your PRP$ X O
professional NN X O
and CC X O
personal JJ X O
lives NNS X O
. . X O
Hillcrest NNP X O

Slinfold NNP X O
, , X O
near IN X O
Horsham NNP X O
, , X O
provides VBZ X O
a DT X O
centre NN X O
of IN X O
excellence NN X O
in IN X O
care NN X O
, , X O
education NN X B-Domain
and CC X O
development NN X O
for IN X O
children NNS X O
aged VBN X O
between IN X O
This DT X O

opportunity NN X O
could MD X O
be VB X O
ideal JJ X O
for IN X O
you PRP X O
English VBP X B-Occupation
Teacher PRP X I-Occupation
Mixed JJ X I-Occupation
Wolverhampton NNP X O

Do NNP X O
you PRP X O
have VBP X O
a DT X O
track NN X B-Skill
record NN X I-Skill
of IN X I-Skill
delivering VBG X I-Skill
operational JJ X I-Skill
improvements NNS X I-Skill
? . X O
The DT X O

Senior NNP X B-Occupation
Digital NNP X I-Occupation
Designer NNP X I-Occupation
will MD X O
primarily RB X O
be VB X O
designing VBG X B-Skill
across IN X I-Skill
the DT X I-Skill
Client NNP X I-Skill
s NN X I-Skill
entire JJ X I-Skill
portfolio NN X I-Skill
of IN X I-Skill
customerfacing VBG X I-Skill
channels NNS X I-Skill
. . X O
**** JJ X O

month NN X O
fixed VBD X O
term NN X O
contract NN X O
and CC X O
would MD X O
therefore VB X O
suit NN X O
someone NN X O
on IN X O
short JJ X O
notice NN X O
and CC X O
perhaps RB X O
looking VBG X O
to TO X O
start VB X O
a DT X O
new JJ X O
career NN X O
opportunity NN X O
in IN X O
January NNP X O
. . X O
Your PRP$ X O

client NN X B-Skill
responsibilities NNS X I-Skill
will MD X O
be VB X O
extensive JJ X O
as IN X O
the DT X O
main JJ X O
point NN X O
of IN X O
contact NN X O
and CC X O
will MD X O
include VB X O
billing JJ X B-Skill
management NN X I-Skill
and CC X O
you PRP X O
will MD X O
be VB X O
a DT X O
qualified JJ X B-Qualification
ACA NNP X I-Qualification
/ NNP X I-Qualification
ACCA NNP X I-Qualification
with IN X O
a DT X O
Practice NNP X B-Skill
background NN X I-Skill
and CC X O
experience NN X B-Skill
in IN X O
all PDT X O
the DT X O
core NN X O
areas NNS X O
, , X O
including VBG X O
Corporate JJ X B-Domain
Tax NN X I-Domain
and CC X O
with IN X O
an DT X O
awareness NN X B-Skill
of IN X I-Skill
Personal NNP X I-Skill
Taxation NNP X I-Skill
. . X O
To TO X O

present VB X B-Skill
a DT X I-Skill
consistent NN X I-Skill
and CC X I-Skill
professional JJ X I-Skill
image NN X I-Skill
of IN X I-Skill
the DT X I-Skill
company NN X I-Skill
to TO X I-Skill
existing VBG X I-Skill
and CC X I-Skill
new JJ X I-Skill
accounts NNS X I-Skill
. . X O
Outsource NNP X O

UK NNP X O
Ltd NNP X O
is VBZ X O
an DT X O
' '' X O
Award NNP X O
Winning NNP X O
' POS X O
specialist NN X O
IT NNP X B-Occupation
/ NNP X B-Domain
Engineering NNP X I-Domain
Recruitment NNP X I-Domain
Firm NNP X O
providing VBG X O
a DT X O
customized JJ X B-Skill
consultative JJ X I-Skill
service NN X I-Skill
for IN X O
contract NN X B-Domain
, , X O
interim NN X B-Domain
and CC X O
permanent JJ X B-Domain
roles NNS X I-Domain
. . X O
If IN X O

you PRP X O
are VBP X O
an DT X O
all DT X O
rounder NN X O
who WP X O
wants VBZ X O
a DT X O
new JJ X O
challenging NN X O
, , X O
with IN X O
a DT X O
proactive JJ X B-Skill
attitude NN X I-Skill
this DT X O
is VBZ X O
the DT X O
ideal JJ X O
opportunity NN X O
for IN X O
you PRP X O
. . X O
You PRP X O

must MD X O
be VB X O
a DT X O
qualified JJ X B-Skill
nurse NN X I-Skill
and CC X O
have VBP X O
experience NN X B-Skill
of IN X O
working VBG X B-Skill
with IN X I-Skill
the DT X I-Skill
elderly JJ X I-Skill
and CC X O
especially RB X O
dementia JJ X B-Skill
care NN X I-Skill
. . X O
Advantageous JJ X B-Skill

but CC X O
not RB X O
essential JJ X O
would MD X O
be VB X O
previous JJ X O
knowledge NN X O
of IN X O
SAP NNP X B-Skill
Innovation NNP X I-Skill
technologies NNS X I-Skill
and CC X I-Skill
architectures NNS X I-Skill
, , X O
as RB X O
well RB X O
as IN X O
the DT X O
more RBR X O
traditional JJ X B-Skill
SAP NNP X I-Skill
onpremise NN X O
offerings NNS X O
. . X O
The DT X O

ideal JJ X O
candidate NN X O
will MD X O
work VB X O
predominately RB X O
on IN X O
their PRP$ X O
planned VBN X O
works NNS X O
side RBR X O
and CC X O
the DT X O
primary JJ X O
role NN X O
will MD X O
be VB X O
to TO X O
assist VB X O
the DT X O
Commercial NNP X B-Domain
Department NNP X I-Domain
in IN X O
all DT X O
office NN X O
duties NNS X O
with IN X O
associated JJ X B-Skill
maintenance NN X I-Skill
works NNS X I-Skill
. . X O
You PRP X O

will MD X O
be VB X O
a DT X O
confident JJ X O
communicator NN X B-Skill
, , X O
with IN X O
the DT X O
passion NN X B-Skill
and CC X O
skills NNS X O
to TO X O
develop VB X B-Skill
and CC X I-Skill
inspire VB X I-Skill
a DT X I-Skill
team NN X I-Skill
to TO X O
provide VB X B-Skill
the DT X I-Skill
highest JJS X I-Skill
level NN X I-Skill
of IN X I-Skill
personcentered JJ X I-Skill
care NN X I-Skill
. . X O
You PRP X O

must MD X O
be VB X O
eligible JJ X O
to TO X O
live VB X O
and CC X O
work VB X O
in IN X O
the DT X O
UK NNP X O
. . X O
Leading VBG X O

broker NN X B-Occupation
requires VBZ X O
an DT X O
experienced JJ X B-Skill
Sales NNS X B-Occupation
Manager NNP X I-Occupation
with IN X O
knowledge NN X O
of IN X O
High JJ X B-Skill
Net NNP X I-Skill
Worth NNP X I-Skill
insurance NN X I-Skill
products NNS X I-Skill
including VBG X O
Universal NNP X B-Skill
Life NNP X I-Skill
. . X O
Tradewind NNP X B-Domain

Recruitment NNP X I-Domain
is VBZ X O
proud JJ X O
to TO X O
be VB X O
an DT X O
Equal JJ X O
Opportunities NNP X O
Employer NNP X O
and CC X O
accepts NNS X O
applications NNS X O
from IN X O
all DT X O
sections NNS X O
of IN X O
the DT X O
community NN X O
.' NN X O
Feedback NN X B-Skill

to TO X I-Skill
account NN X I-Skill
managers NNS X I-Skill
and CC X O
possibly RB X O
directly RB X O
to TO X O
clients NNS X O
where WRB X O
further JJ X O
information NN X O
or CC X O
detail NN X O
is VBZ X O
required VBN X O
. . X O
The DT X O

Role NNP X O
: : X O
A DT X O
superb NN X O
opportunity NN X O
for IN X O
a DT X O
sales NNS X B-Occupation
representative NN X I-Occupation
to TO X O
promote VB X B-Skill
Credit NNP X I-Skill
and CC X I-Skill
debit VB X I-Skill
card JJ X I-Skill
payment NN X I-Skill
processing VBG X I-Skill
solutions NNS X I-Skill
to TO X O
clients NNS X O
across IN X O
the DT X O
south JJ X O
west NN X O
. . X O
apply RB X O

now RB X O
' '' X O
or CC X O
send VB X O
your PRP$ X O
CV NNP X O
or CC X O
call VB X O
me PRP X O
. . X O
Proactively RB X B-Skill

generate JJ X O
value NN X O
adding VBG X O
options NNS X O
within IN X O
projects NNS X O
to TO X O
offer VB X O
to TO X O
clients NNS X O
. . X O
If IN X O

you PRP X O
wish VBP X O
to TO X O
apply VB X O
for IN X O
this DT X O
role NN X O
please VB X O
submit VB X O
your PRP$ X O
CV NNP X O
to TO X O
bseprojectresource VB X O
. . X O
co NN X O
. . X O
uk JJ X O
and CC X O
we PRP X O
will MD X O
be VB X O
in IN X O
contact NN X O
within IN X O
Reporting VBG X O

directly RB X O
to TO X O
the DT X O
regional JJ X B-Occupation
manager NN X I-Occupation
you PRP X O
will MD X O
be VB X O
accountable JJ X O
for IN X O
the DT X O
delivery NN X B-Skill
of IN X I-Skill
the DT X I-Skill
controlled JJ X I-Skill
financials NNS X I-Skill
through IN X O
the DT X O
monthly JJ X B-Skill
P NNP X I-Skill
L NNP X I-Skill
Marketing NNP X I-Skill
the DT X I-Skill
business NN X I-Skill
externally RB X I-Skill
through IN X I-Skill
original JJ X I-Skill
campaigns NNS X I-Skill
Exceptional JJ X B-Qualification

working VBG X I-Qualification
knowledge NN X I-Qualification
of IN X I-Qualification
UNIX NNP X I-Qualification
infrastructure NN X I-Qualification
, , X I-Qualification
this DT X I-Qualification
includes VBZ X I-Qualification
the DT X I-Qualification
following NN X I-Qualification
: : X I-Qualification
UNIX JJ X I-Qualification
operating VBG X I-Qualification
systems NNS X I-Qualification
Solaris NNP X I-Qualification
, , X I-Qualification
AIX NNP X I-Qualification
, , X I-Qualification
HPUX NNP X I-Qualification
OR NNP X I-Qualification
**** JJ X O

net JJ X O
per IN X O
UDA NNP X B-Skill
Other JJ X O
Benefits NNP X O
include NN X O
: : X O
o JJ X O
GDC NNP X O
registration NN X O
, , X O
Medical NNP X O
Indemnity NNP X O
and CC X O
Lab NNP X O
Bills NNP X O
paid VBN X O
by IN X O
client NN X O
o NNS X O
Company NNP X O
car NN X O
or CC X O
car NN X O
allowance NN X O
. . X O
The DT X O

teams NNS X O
that IN X O
you PRP X O
will MD X O
be VB X O
working VBG X O
for IN X O
are VBP X O
Under IN X O
You PRP X O

ll VBP X O
have VB X O
a DT X O
logical JJ X B-Skill
fault NN X I-Skill
finding VBG X I-Skill
approach NN X I-Skill
to TO X I-Skill
breakdowns NNS X I-Skill
and CC X O
demonstrate VB X O
a DT X O
sense NN X B-Skill
of IN X I-Skill
urgency NN X I-Skill
whilst NN X O
never RB X B-Skill
compromising VBG X I-Skill
safety NN X I-Skill
or CC X I-Skill
product NN X I-Skill
quality NN X I-Skill
. . X O
A DT X O

project NN X B-Occupation
manager NN X I-Occupation
will MD X O
be VB X O
of IN X O
special JJ X O
interest NN X O
if IN X O
they PRP X O
have VBP X O
experience NN X B-Skill
of IN X I-Skill
assisting VBG X I-Skill
in IN X I-Skill
the DT X I-Skill
setting NN X I-Skill
up RP X I-Skill
and CC X I-Skill
monitoring NN X I-Skill
of IN X I-Skill
the DT X I-Skill
biopharmaceutical JJ X I-Skill
stability NN X I-Skill
and CC X I-Skill
formulation NN X I-Skill
services NNS X I-Skill
. . X O
If IN X O

you PRP X O
would MD X O
like VB X O
to TO X O
be VB X O
considered VBN X O
for IN X O
the DT X O
position NN X O
please VB X O
submit VB X O
your PRP$ X O
CV NNP X O
to TO X O
Alfie NNP X O
at IN X O
Edustaff NNP X O
today NN X O
and CC X O
avoid VB X O
missing VBG X O
out RP X O
on IN X O
this DT X O
excellent JJ X O
opportunity NN X O
Responsibilities NNS X O

will MD X O
be VB X O
an DT X O
interesting JJ X O
split NN X O
of IN X O
3rd CD X B-Skill
/ JJ X I-Skill
4th CD X I-Skill
line NN X I-Skill
support NN X I-Skill
to TO X O
project NN X B-Skill
work NN X I-Skill
, , X O
giving VBG X O
the DT X O
incumbent JJ X O
some DT X O
fantastic JJ X O
exposure NN X O
to TO X O
design VB X B-Skill
and CC X I-Skill
planning NN X I-Skill
of IN X I-Skill
infrastructure NN X I-Skill
projects NNS X I-Skill
. . X O
If IN X O

you PRP X O
meet VBP X O
all PDT X O
the DT X O
requirements NNS X O
please VB X O
contact JJ X O
Tradewind NNP X O
. . X O
To TO X O

be VB X O
considered VBN X O
for IN X O
this DT X O
position NN X O
it PRP X O
will MD X O
be VB X O
necessary JJ X O
to TO X O
have VB X O
an DT X O
academic JJ X B-Qualification
background NN X I-Qualification
within IN X I-Qualification
life NN X I-Qualification
sciences NNS X I-Qualification
whilst VBP X O
having VBG X O
some DT X O
work NN X B-Skill
experience NN X I-Skill
within IN X O
pharmaceuticals NNS X B-Domain
/ NNP X I-Domain
healthcare NN X I-Domain
. . X O
The DT X O

firm NN X O
is VBZ X O
looking VBG X O
for IN X O
a DT X O
future JJ X O
Partner NNP X O
of IN X O
the DT X O
firm NN X O
and CC X O
so RB X O
you PRP X O
will MD X O
need VB X O
to TO X O
demonstrate VB X O
drive NN X B-Skill
and CC X O
ambition NN X B-Skill
and CC X O
commercial JJ X B-Skill
acumen NNS X I-Skill
. . X O
All DT X O

filing NN X B-Skill
and CC X O
photocopying NN X B-Skill
and CC X O
collating JJ X B-Skill
duties NNS X O
Day NNP X B-Skill
to TO X I-Skill
day NN X I-Skill
administration NN X I-Skill
secretarial JJ X I-Skill
duties NNS X O
. . X O
Developer NNP X B-Skill

experience NN X I-Skill
Experience NN X I-Skill
in IN X I-Skill
developing VBG X I-Skill
and CC X I-Skill
maintaining VBG X I-Skill
Identity NNP X I-Skill
Management NNP X I-Skill
Systems NNP X I-Skill
Active NNP X O
Directory NNP X O
You PRP X O

will MD X O
be VB X O
responsible JJ X B-Skill
for IN X I-Skill
the DT X I-Skill
review NN X I-Skill
and CC X I-Skill
approval NN X I-Skill
of IN X I-Skill
all DT X I-Skill
design NN X I-Skill
aspects VBZ X I-Skill
relating VBG X I-Skill
to TO X I-Skill
the DT X I-Skill
control NN X I-Skill
systems NNS X I-Skill
and CC X I-Skill
instrumentation NN X I-Skill
to TO X I-Skill
be VB X I-Skill
installed VBN X I-Skill
. . X O
Services NNS X O

advertised VBN X O
by IN X O
Gold NNP X O
Group NNP X O
are VBP X O
those DT X O
of IN X O
an DT X O
Agency NNP X O
and CC X O
/ NNP X O
or CC X O
an DT X O
Employment JJ X O
Business NN X O
. . X O
Developing VBG X B-Skill

the DT X I-Skill
novel NN X I-Skill
computer NN X I-Skill
vision NN X I-Skill
capabilities NNS X I-Skill
which WDT X O
are VBP X O
best RBS X O
placed VBN X O
to TO X O
benefit VB X O
from IN X O
and CC X O
drive JJ X O
future NN X O
computer NN X O
system NN X O
advances NNS X O
, , X O
building NN X B-Skill
in IN X I-Skill
particular NN X I-Skill
on IN X I-Skill
recent JJ X I-Skill
work NN X I-Skill
on IN X I-Skill
dense JJ X I-Skill
SLAM NNP X I-Skill
and CC X O
scene NN X B-Skill
understanding VBG X I-Skill
using VBG X I-Skill
parallel JJ X I-Skill
processing NN X I-Skill
. . X O
Net NN X B-Skill

, , X O
MVC NNP X B-Skill
and CC X O
SQL NNP X B-Skill
Strong NNP X O
ability NN X O
to TO X O
work VB X B-Skill
on IN X I-Skill
realtime JJ X I-Skill
software NN X I-Skill
development NN X I-Skill
Software NNP X B-Occupation

developer NN X I-Occupation
; : X O
the DT X O
successful JJ X O
candidate NN X O
will MD X O
be VB X O
tasked VBN X O
with IN X O
the DT X O
following NN X O
: : X O
Liaising VBG X B-Skill
with IN X I-Skill
business NN X I-Skill
areas NNS X I-Skill
in IN X O
designing VBG X B-Skill
solutions NNS X I-Skill
, , X O
coding NN X B-Skill
, , X O
and CC X O
documentation NN X B-Skill
and CC X O
testing NN X B-Skill
. . X O
Move NNP X O

and CC X O
clean JJ X B-Skill
theatre NN X I-Skill
table NN X I-Skill
and CC X I-Skill
patient JJ X I-Skill
trolleys NNS X I-Skill
at IN X I-Skill
the DT X I-Skill
end NN X I-Skill
of IN X I-Skill
each DT X I-Skill
session NN X I-Skill
. . X O
Ensuring VBG X B-Skill

that IN X I-Skill
deliverables NNS X I-Skill
are VBP X I-Skill
made VBN X I-Skill
on IN X I-Skill
time NN X I-Skill
and CC X I-Skill
fit NN X I-Skill
for IN X I-Skill
purpose NN X I-Skill
. . X O
With IN X O

a DT X O
wide JJ X O
ranging VBG X O
portfolio NN X O
of IN X O
projects NNS X O
, , X O
they PRP X O
build VBP X O
from IN X O
one CD X O
bedroom NN X O
apartments VBZ X O
through IN X O
to TO X O
detached VB X O
executive NN X O
, , X O
highspec JJ X O
homes NNS X O
. . X O
You PRP X O

ll VBP X O
already RB X O
have VBP X O
some DT X O
customer NN X B-Skill
service NN X I-Skill
experience NN X O
, , X O
and CC X O
you PRP X O
ll VBP X O
love VB X B-Skill
working VBG X I-Skill
with IN X I-Skill
people NNS X I-Skill
of IN X I-Skill
all DT X I-Skill
ages NNS X I-Skill
. . X O
Due JJ X O

to TO X O
their PRP$ X O
continued JJ X O
expansion NN X O
through IN X O
aquisition NN X O
and CC X O
organic JJ X O
growth NN X O
, , X O
they PRP X O
are VBP X O
now RB X O
looking VBG X O
for IN X O
a DT X O
Domiciliary NNP X B-Occupation
Care NNP X I-Occupation
Senior NNP X I-Occupation
Consultant NNP X I-Occupation
for IN X O
their PRP$ X O
Chandlers NNP X O
Ford NNP X O
Office NNP X O
. . X O
With IN X O

experience NN X O
of IN X O
operating NN X B-Skill
and CC X I-Skill
deploying VBG X I-Skill
Quality NNP X I-Skill
Assurance NNP X I-Skill
and CC X I-Skill
Risk NNP X I-Skill
frameworks NNS X I-Skill
in IN X O
a DT X O
regulated JJ X O
environment NN X O
, , X O
we PRP X O
expect VBP X O
you PRP X O
to TO X O
have VB X O
a DT X O
technical JJ X B-Skill
knowledge NN X I-Skill
of IN X I-Skill
Operational NNP X I-Skill
Risk NNP X I-Skill
management NN X I-Skill
including VBG X O
Basel NNP X B-Skill
II NNP X I-Skill
, , X I-Skill
Solvency NNP X I-Skill
II NNP X I-Skill
and CC X O
the DT X O
FSA NNP X B-Skill
Handbook NNP X I-Skill
. . X O
This DT X O

post NN X O
will MD X O
suit VB X O
an DT X O
enthusiastic JJ X B-Skill
and CC X O
motivated JJ X B-Skill
Lecturer NNP X B-Occupation
with IN X O
a DT X O
background NN X O
in IN X O
Electrical JJ X B-Domain
Installation NNP X I-Domain
. . X O
Alternatively RB X O

you PRP X O
can MD X O
email VB X O
Cat NNP X O
Rice NNP X O
via IN X O
the DT X O
contact JJ X O
links NNS X O
or CC X O
by IN X O
phone NN X O
To TO X O

be VB X O
considered VBN X O
for IN X O
this DT X O
role NN X O
, , X O
you PRP X O
will MD X O
need VB X O
to TO X O
send VB X O
your PRP$ X O
CV NNP X O
through IN X O
as RB X O
soon RB X O
as IN X O
possible JJ X O
. . X O
Working VBG X O

during IN X O
store NN X O
opening NN X O
hours NNS X O
in IN X O
a DT X O
busy JJ X O
dynamic JJ X O
environment NN X O
you PRP X O
will MD X O
need VB X O
good JJ X O
customer NN X B-Skill
service NN X I-Skill
skills NNS X I-Skill
to TO X O
deal VB X B-Skill
courteously RB X I-Skill
with IN X O
both DT X O
shoppers NNS X O
and CC X O
the DT X O
ASDA NNP X O
staff NN X O
. . X O
The DT X O

Group NNP X O
has VBZ X O
annual JJ X O
revenue NN X O
of IN X O
over IN X O
pound NN X O
; : X O
5billion CD X O
, , X O
employs VBZ X O
around IN X O
You PRP X O

should MD X O
display VB X O
an DT X O
excellent JJ X O
track NN X O
record NN X O
of IN X O
staff NN X B-Skill
management NN X I-Skill
and CC X I-Skill
development NN X I-Skill
. . X O
Lead VB X B-Skill

the DT X I-Skill
Risk NNP X I-Skill
Assessment NNP X I-Skill
Workshop NNP X I-Skill
Committee NNP X I-Skill
to TO X I-Skill
ensure VB X I-Skill
appropriate JJ X I-Skill
solutions NNS X I-Skill
are VBP X I-Skill
identified VBN X I-Skill
Chair NNP X I-Skill
monthly JJ X I-Skill
OHS NNP X I-Skill
Meetings NNP X I-Skill
, , X O
Record NNP X B-Skill
and CC X I-Skill
distribute VB X I-Skill
the DT X I-Skill
Minutes NNP X I-Skill
of IN X I-Skill
the DT X I-Skill
Meeting NNP X I-Skill
Monitor NNP X I-Skill
and CC X I-Skill
review VB X I-Skill
completion NN X I-Skill
of IN X I-Skill
the DT X I-Skill
follow JJ X I-Skill
up RP X I-Skill
activities NNS X I-Skill
Conduct NNP X I-Skill
various JJ X I-Skill
training VBG X I-Skill
including VBG X I-Skill
OHS NNP X I-Skill
Induction NNP X I-Skill
, , X I-Skill
Manual NNP X I-Skill
Handling NNP X I-Skill
and CC X I-Skill
Work NNP X I-Skill
Safety NNP X I-Skill
Conduct NNP X I-Skill
Tool NNP X I-Skill
Box NNP X I-Skill
Talks NNP X I-Skill
on IN X I-Skill
a DT X I-Skill
variety NN X I-Skill
of IN X I-Skill
subject JJ X I-Skill
matter NN X I-Skill
as IN X O
and CC X O
when WRB X O
required VBN X O
Lead NNP X B-Skill
Accident NNP X I-Skill
Investigations NNP X I-Skill
to TO X I-Skill
ensure VB X I-Skill
the DT X I-Skill
route NN X I-Skill
cause NN X I-Skill
is VBZ X I-Skill
established VBN X I-Skill
Conduct NNP X I-Skill
regular JJ X I-Skill
site NN X I-Skill
audits NNS X I-Skill
and CC X I-Skill
record NN X I-Skill
the DT X I-Skill
findings NNS X I-Skill
As IN X O

an DT X O
Assistant NNP X B-Occupation
Manager NNP X I-Occupation
you PRP X O
will MD X O
have VB X O
responsibility NN X O
for IN X O
all DT X O
aspects NNS X B-Skill
of IN X I-Skill
running VBG X I-Skill
their PRP$ X I-Skill
store NN X I-Skill
and CC X O
great JJ X O
opportunities NNS X O
to TO X O
develop VB X O
a DT X O
successful JJ X O
career NN X O
with IN X O
a DT X O
growing VBG X O
brand NN X O
with IN X O
exciting VBG X O
ideas NNS X O
. . X O
Other JJ X O

industry NN X O
experience NN X O
is VBZ X O
suitable JJ X O
such JJ X O
as IN X O
water NN X B-Skill
, , X O
railways VBZ X B-Skill
or CC X O
oil NN X B-Skill
and CC X I-Skill
gas NN X I-Skill
. . X O
Confident JJ X B-Skill

, , X O
assertive JJ X B-Skill
candidate NN X O
sought VBD X O
to TO X O
: : X O
Support NNP X B-Skill
bespoke VBD X I-Skill
systems NNS X I-Skill
Freight NNP X I-Skill
Systems NNPS X I-Skill
You PRP X O

will MD X O
have VB X O
strong JJ X O
stakeholder NN X B-Skill
, , X O
project NN X B-Skill
and CC X I-Skill
relationship NN X I-Skill
management NN X I-Skill
skills NNS X O
in IN X O
order NN X O
to TO X O
drive VB X O
partnership NN X O
initiatives NNS X O
internally RB X O
and CC X O
externally RB X O
. . X O
Exposure NN X O

to TO X O
technologies NNS X O
such JJ X O
as IN X O
: : X O
Silverlight NNP X B-Skill
, , X O
Scribe NNP X B-Skill
, , X O
SharePoint NNP X B-Skill
, , X O
JavaScript NNP X B-Skill
, , X O
BizTalk NNP X B-Skill
and CC X O
Microsoft NNP X B-Skill
Business NNP X I-Skill
Intelligence NNP X I-Skill
would MD X O
be VB X O
beneficial JJ X O
but CC X O
is VBZ X O
NOT NNP X O
essential JJ X O
. . X O
Ensure NN X O

client NN X O
records NNS X O
on IN X O
company NN X O
computer NN X O
system NN X O
are VBP X O
accurate JJ X O
and CC X O
entered VBN X O
in IN X O
a DT X O
timely JJ X O
manner NN X O
. . X O
You PRP X O

will MD X O
be VB X O
expected VBN X O
to TO X O
get VB X B-Skill
involved VBN X I-Skill
in IN X I-Skill
openings NNS X I-Skill
, , X O
manage VB X B-Skill
your PRP$ X I-Skill
time NN X I-Skill
between IN X I-Skill
developing VBG X I-Skill
yourself PRP X I-Skill
and CC X I-Skill
the DT X I-Skill
team NN X I-Skill
around IN X I-Skill
you PRP X I-Skill
whilst VBP X O
ensuring VBG X O
the DT X O
best JJS X O
customer NN X B-Skill
service NN X I-Skill
is VBZ X O
provided VBN X O
at IN X O
all DT X O
times NNS X O
. . X O
A DT X O

passion NN X B-Skill
and CC X O
capability NN X B-Skill
to TO X I-Skill
understand VB X I-Skill
consumer NN X I-Skill
and CC X I-Skill
shopper NN X I-Skill
insight NN X I-Skill
is VBZ X O
key JJ X O
A NNP X O
passion NN X B-Skill
for IN X I-Skill
food NN X I-Skill
and CC X O
new JJ X O
trends NNS X B-Skill
in IN X I-Skill
eating NN X I-Skill
and CC X I-Skill
drink NN X I-Skill
and CC X O
strong JJ X O
project NN X B-Skill
management NN X I-Skill
skills NNS X I-Skill
are VBP X O
also RB X O
essential JJ X O
, , X O
as IN X O
is VBZ X O
a DT X O
desire NN X O
to TO X O
work VB X B-Skill
closely RB X I-Skill
with IN X I-Skill
customers NNS X I-Skill
to TO X O
implement VB X B-Skill
effective JJ X I-Skill
processes NNS X I-Skill
and CC X I-Skill
planograms NNS X I-Skill
to TO X O
support VB X O
new JJ X B-Skill
product NN X I-Skill
launches NNS X I-Skill
. . X O
We PRP X O

provide VBP X B-Skill
live JJ X I-Skill
in IN X I-Skill
care NN X I-Skill
job NN X I-Skill
seekers NNS X I-Skill
to TO X O
our PRP$ X O
spinalcord NN X O
injured VBN X O
clients NNS X O
who WP X O
are VBP X O
based VBN X O
all DT X O
over IN X O
England NNP X O
and CC X O
Wales NNP X O
. . X O
Experience NN X O

profile NN X O
could MD X O
be VB X O
either CC X O
from IN X O
the DT X O
business NN X O
side NN X O
experience NN X O
working VBG X O
in IN X O
Manufacturing NNP X B-Skill
/ NNP X I-Skill
Quality NNP X I-Skill
with IN X I-Skill
an DT X I-Skill
excellent JJ X I-Skill
knowledge NN X I-Skill
of IN X I-Skill
the DT X I-Skill
business NN X I-Skill
processes VBZ X I-Skill
in IN X O
those DT X O
areas NNS X O
and CC X O
familiarity NN X B-Skill
of IN X I-Skill
the DT X I-Skill
application NN X I-Skill
solutions NNS X I-Skill
in IN X O
those DT X O
areas NNS X O
, , X O
or CC X O
from IN X O
I PRP X B-Skill
T VBP X I-Skill
possessing VBG X I-Skill
excellent JJ X I-Skill
analysis NN X I-Skill
skills NNS X I-Skill
If IN X O

at IN X O
NQ NNP X B-Qualification
level NN X I-Qualification
you PRP X O
will MD X O
have VB X O
completed VBN X O
a DT X O
seat NN X O
in IN X O
Commercial JJ X B-Domain
Litigation NN X I-Domain
and CC X O
preferably RB X O
although IN X O
not RB X O
essential JJ X O
an DT X O
insolvency NN X B-Domain
seat NN X I-Domain
. . X O
Someone NN X O

who WP X O
can MD X B-Skill
relate VB X I-Skill
to TO X I-Skill
a DT X I-Skill
broad JJ X I-Skill
range NN X I-Skill
of IN X I-Skill
clientele NN X I-Skill
especially RB X O
taking VBG X O
into IN X O
account NN X O
that IN X O
kitchens VBZ X O
can MD X O
be VB X O
as RB X O
much JJ X O
as IN X O
Good JJ X O

client NN X B-Skill
liaison NN X I-Skill
skills NNS X I-Skill
are VBP X O
essential JJ X O
, , X O
as IN X O
you PRP X O
will MD X O
be VB X O
dealing VBG X B-Skill
with IN X I-Skill
tenants NNS X I-Skill
, , X I-Skill
landlords NNS X I-Skill
, , X I-Skill
arranging VBG X I-Skill
viewings NNS X I-Skill
on IN X O
a DT X O
day NN X O
to TO X O
day NN X O
basis NN X O
. . X O
As IN X O

a DT X O
Business NNP X B-Occupation
Development NNP X I-Occupation
Director NNP X I-Occupation
, , X O
you PRP X O
will MD X O
have VB X O
overall JJ X O
responsibility NN X O
for IN X O
business NN X B-Skill
development NN X I-Skill
functions NNS X I-Skill
and CC X I-Skill
the DT X I-Skill
small JJ X I-Skill
team NN X I-Skill
of IN X I-Skill
two CD X I-Skill
. . X O
US NNP X O

$**** NNP X O
k VBZ X O
Tax NNP X O
Free NNP X O
per IN X O
annum NN X O
plus CC X O
western JJ X O
style NN X O
accommodation NN X O
, , X O
food NN X O
and CC X O
drink VB X O
twentyfour JJ X O
/ NN X O
seven CD X O
You PRP X O

will MD X O
be VB X O
targeted VBN X O
against IN X O
savings NNS X B-Skill
targets NNS X I-Skill
particularly RB X O
through IN X O
your PRP$ X O
own JJ X O
endeavours NN X B-Skill
in IN X I-Skill
delivering VBG X I-Skill
various JJ X I-Skill
cost NN X I-Skill
savings NNS X I-Skill
projects NNS X I-Skill
. . X O
Please NNP X O

note NN X O
you PRP X O
will MD X O
receive VB X O
an DT X O
automated VBN X O
response NN X O
advising VBG X O
you PRP X O
that IN X O
we PRP X O
have VBP X O
received VBN X O
your PRP$ X O
CV NNP X O
. . X O
Hudson NNP X O
A DT X O

great JJ X O
opportunity NN X O
has VBZ X O
arisen VBN X O
for IN X O
an DT X O
Account NNP X B-Occupation
Manager NNP X I-Occupation
with IN X O
an DT X O
awardwinning VBG X O
marketing NN X O
and CC X O
communications NNS X O
agency NN X O
based VBN X O
in IN X O
Manchester NNP X O
. . X O
The DT X O

Candidate NNP X O
The DT X O
essentials NNS X O
for IN X O
the DT X O
role NN X O
are VBP X O
: : X O
A DT X O
degree NN X B-Qualification
in IN X I-Qualification
Computer NNP X I-Qualification
Science NNP X I-Qualification
. . X O
Thereafter RB X O

you PRP X O
will MD X O
implement VB X B-Skill
agreed JJ X I-Skill
measures NNS X I-Skill
, , X I-Skill
both DT X I-Skill
directly RB X I-Skill
and CC X I-Skill
by IN X I-Skill
influencing VBG X I-Skill
other JJ X I-Skill
managers NNS X I-Skill
to TO X I-Skill
; : X I-Skill
implement VB X I-Skill
new JJ X I-Skill
practices NNS X I-Skill
, , X O
whilst NN X O
producing VBG X B-Skill
and CC X I-Skill
recording VBG X I-Skill
accurate JJ X I-Skill
data NNS X I-Skill
on IN X I-Skill
time NN X I-Skill
and CC X I-Skill
within IN X I-Skill
the DT X I-Skill
ERP NNP X I-Skill
system NN X I-Skill
. . X O
Please NNP X O

be VB X O
aware JJ X O
we PRP X O
receive VBP X O
a DT X O
high JJ X O
volume NN X O
of IN X O
applications NNS X O
for IN X O
every DT X O
role NN X O
advertised VBD X O
& CC X O
regularly RB X O
receive JJ X O
applications NNS X O
from IN X O
candidates NNS X O
who WP X O
exceed VBP X O
the DT X O
job NN X O
credentials NNS X O
. . X O
The DT X O

Background NN X O
: : X O
This DT X O
leading VBG X O
global JJ X O
organization NN X O
is VBZ X O
actively RB X O
seeking VBG X O
an DT X O
addition NN X O
to TO X O
their PRP$ X O
Compensation NNP X B-Domain
team NN X O
. . X O
My PRP$ X O

client NN X O
is VBZ X O
a DT X O
leading VBG X O
consumer NN X O
brand NN X O
with IN X O
an DT X O
immediate JJ X O
requirement NN X O
for IN X O
a DT X O
qualified JJ X O
Digital NNP X B-Occupation
& CC X I-Occupation
CRM NNP X I-Occupation
Manger NNP X I-Occupation
with IN X O
strong JJ X O
data NNS X B-Skill
and CC X O
analytics NNS X B-Skill
experience NN X O
. . X O
By IN X O

supporting VBG X B-Skill
the DT X I-Skill
Area NNP X I-Skill
Business NNP X I-Skill
Development NNP X I-Skill
Manager NNP X I-Skill
you PRP X O
will MD X O
ensure VB X O
that IN X O
other JJ X O
internal JJ X O
teams NNS X O
Underwriting NNP X O
, , X O
Claims NNP X O
, , X O
Sales NNS X O
and CC X O
Service NNP X O
support NN X B-Skill
business NN X I-Skill
development NN X I-Skill
to TO X I-Skill
its PRP$ X I-Skill
full JJ X I-Skill
potential NN X I-Skill
by IN X I-Skill
ensuring VBG X I-Skill
that IN X I-Skill
all DT X I-Skill
strategies NNS X I-Skill
are VBP X I-Skill
implemented VBN X I-Skill
effectively RB X I-Skill
. . X O
s NN X O

, , X O
the DT X O
longest JJS X O
established VBN X O
estate NN X O
and CC X O
lettings NNS X O
agency NN X O
in IN X O
Harehills NNP X O
LS NNP X O
In IN X O

return NN X O
the DT X O
company NN X O
is VBZ X O
offering VBG X O
a DT X O
salary JJ X O
dependent NN X O
on IN X O
experience NN X O
ranging NN X O
You PRP X O

will MD X O
identify VB X B-Skill
customer NN X I-Skill
requirements NNS X I-Skill
and CC X I-Skill
needs NNS X I-Skill
through IN X O
rapport NN X B-Skill
building NN X I-Skill
, , X O
and CC X O
deliver VB X B-Skill
the DT X I-Skill
appropriate JJ X I-Skill
solutions NNS X I-Skill
What WP X O
are VBP X O
we PRP X O
looking VBG X O
for IN X O
? . X O
30 CD X O

Days NNPS X O
Annual NNP X O
Leave NNP X O
, , X O
Company NNP X O
Vehicle NNP X O
, , X O
Pension NNP X O
, , X O
Uniform NNP X O
, , X O
Bonus NNP X O
Hours NNP X O
: : X O
The DT X O

Main NNP X O
purpose NN X O
of IN X O
the DT X O
role NN X O
is VBZ X O
to TO X O
generate VB X B-Skill
targeted VBN X I-Skill
profitable JJ X I-Skill
organic JJ X I-Skill
new JJ X I-Skill
business NN X I-Skill
from IN X I-Skill
existing VBG X I-Skill
customers NNS X I-Skill
with IN X O
a DT X O
spend JJ X O
level NN X O
of IN X O
Requirements NNS X O

: : X O
Registered NNP X B-Qualification
RSCN NNP X I-Qualification
/ NNP X I-Qualification
RNC NNP X I-Qualification
Essential NNP X O
Minimum NNP X O
of IN X O
4 CD X B-Experience
years NNS X I-Experience
experience RB X I-Experience
ENB998 NNP X B-Skill
/ NNP X I-Skill
Preparation NNP X I-Skill
for IN X I-Skill
mentorship NN X I-Skill
You PRP X O

will MD X O
also RB X O
manage VB X B-Skill
the DT X I-Skill
translation NN X I-Skill
process NN X I-Skill
of IN X O
relevant JJ X O
sites NNS X O
into IN X O
numerous JJ X O
different JJ X O
languages NNS X O
. . X O
**** JJ X O

Attract NNP X B-Skill
local JJ X I-Skill
supporters NNS X I-Skill
, , X I-Skill
to TO X I-Skill
ensure VB X I-Skill
there EX X I-Skill
are VBP X I-Skill
no DT X I-Skill
barriers NNS X I-Skill
to TO X I-Skill
achieving VBG X I-Skill
the DT X I-Skill
ambitions NNS X I-Skill
of IN X I-Skill
young JJ X I-Skill
people NNS X I-Skill
taking VBG X I-Skill
part NN X I-Skill
in IN X I-Skill
the DT X I-Skill
programme NN X I-Skill
Reviewing VBG X B-Skill

the DT X I-Skill
design NN X I-Skill
for IN X I-Skill
compliance NN X I-Skill
both DT X I-Skill
formally RB X I-Skill
and CC X I-Skill
informally RB X I-Skill
. . X O
Adecco NNP X O

are VBP X O
currently RB X O
recruiting VBG X O
for IN X O
a DT X O
Customer NNP X B-Occupation
Service NNP X I-Occupation
Executive NNP X I-Occupation
for IN X O
our PRP$ X O
client NN X O
in IN X O
Hatfield NNP X O
, , X O
Hertfordshire NNP X O
. . X O
The DT X O

role NN X O
involves VBZ X O
fast RB X B-Skill
paced JJ X I-Skill
work NN X I-Skill
which WDT X O
can MD X O
be VB X O
repetitive JJ X O
THE DT X O

ROLE NN X O
: : X O
This DT X O
is VBZ X O
a DT X O
full JJ X O
SDLC NNP X B-Skill
role NN X O
: : X O
You PRP X O
will MD X O
be VB X O
involved VBN X O
in IN X O
all DT X B-Skill
stages NNS X I-Skill
of IN X I-Skill
the DT X I-Skill
software NN X I-Skill
development NN X I-Skill
cycle NN X I-Skill
from IN X O
requirements NNS X B-Skill
gathering VBG X I-Skill
and CC X I-Skill
specification NN X I-Skill
through IN X O
development NN X B-Skill
, , X O
implementation NN X B-Skill
, , X O
QA NNP X B-Skill
and CC X O
support NN X B-Skill
. . X O
Any DT X O

other JJ X O
reasonable JJ X O
request NN X O
made VBN X O
by IN X O
a DT X O
manager NN X O
of IN X O
the DT X O
company NN X O
. . X O
Our PRP$ X O

clinical JJ X B-Domain
care NN X I-Domain
, , X O
teaching VBG X B-Skill
and CC X O
research NN X B-Domain
have VBP X O
a DT X O
national JJ X O
and CC X O
growing VBG X O
international JJ X O
reputation NN X O
. . X O
Sunningdale NNP X O

Lodge NNP X O
is VBZ X O
situated VBN X O
in IN X O
a DT X O
quiet JJ X O
suburb NN X O
in IN X O
the DT X O
famous JJ X O
market NN X O
town NN X O
of IN X O
Hexham NNP X O
, , X O
once RB X O
voted VBD X O
England NNP X O
' POS X O
s JJ X O
favourite JJ X O
market NN X O
town NN X O
. . X O
Tender NN X B-Occupation

coordinator NN X I-Occupation
Duties NNPS X O
Support NNP X O
system NN X B-Skill
tenders NNS X I-Skill
from IN X O
the DT X O
prequalification NN X B-Skill
stage NN X O
through IN X O
to TO X O
final JJ X B-Skill
bid NN X I-Skill
submission NN X O
and CC X O
contract NN X B-Skill
award NN X I-Skill
. . X O
The DT X O

Role NNP X O
The DT X O
successful JJ X O
Health NNP X B-Occupation
Safety NNP X I-Occupation
Advisor NNP X I-Occupation
will MD X O
visit VB X B-Skill
properties NNS X I-Skill
and CC X I-Skill
carry VBP X I-Skill
out RP X I-Skill
fire NN X I-Skill
and CC X I-Skill
general JJ X I-Skill
risk NN X I-Skill
assessments NNS X I-Skill
as RB X O
well RB X O
as IN X O
completing VBG X B-Skill
internal JJ X I-Skill
audits NNS X I-Skill
and CC X I-Skill
liaising VBG X I-Skill
with IN X O
the DT X O
business NN X O
development NN X O
team NN X O
to TO X O
develop VB X O
commercially RB X O
viable JJ X O
H NNP X O
S NNP X O
solutions NNS X O
for IN X O
bids NNS X O
. . X O
Planning VBG X B-Skill

maintenance NN X I-Skill
as RB X O
well RB X O
as IN X O
carrying VBG X B-Skill
out RP X I-Skill
the DT X I-Skill
maintenance NN X I-Skill
Working NNP X I-Skill
continental JJ X I-Skill
shift NN X I-Skill
4 CD X O
on IN X O
4 CD X O
off IN X O
days NNS X O
and CC X O
nights NNS X O
The DT X O
Person NNP X O
Electrical NNP X O
bias NN X O
with IN X O
good JJ X O
mechanical JJ X B-Skill
skills NNS X I-Skill
Come NNP X O
from IN X O
an DT X O
FMCG NNP X B-Domain
/ NNP X O
manufacturing NN X B-Domain
industry NN X I-Domain
Commutable NNP X O
distance NN X O
to TO X O
site NN X O
based VBN X O
in IN X O
Chessington NNP X O
Apply NNP X O
now RB X O
to TO X O
url VB X O
removed VBN X O
or CC X O
call VB X O
For IN X O

example NN X O
, , X O
over IN X O
the DT X O
last JJ X O
few JJ X O
months NNS X O
the DT X O
team NN X O
has VBZ X O
worked VBN X O
on IN X O
a DT X O
review NN X B-Skill
of IN X I-Skill
a DT X I-Skill
client NN X I-Skill
s NN X I-Skill
promotions NNS X I-Skill
, , X O
improving VBG X B-Skill
pricing NN X I-Skill
methodology NN X I-Skill
and CC X O
improving VBG X B-Skill
the DT X I-Skill
automation NN X I-Skill
of IN X I-Skill
post NN X I-Skill
campaign NN X I-Skill
analysis NN X I-Skill
. . X O
As IN X O

one CD X O
of IN X O
the DT X O
front JJ X B-Occupation
end NN X I-Occupation
developers NNS X I-Occupation
within IN X O
the DT X O
agency NN X O
you PRP X O
will MD X O
not RB X O
only RB X O
be VB X O
designing VBG X B-Skill
applications NNS X I-Skill
but CC X O
will MD X O
be VB X O
expected VBN X O
to TO X O
up RB X B-Skill
hold VB X I-Skill
the DT X I-Skill
companies NNS X I-Skill
high VBP X I-Skill
development NN X I-Skill
standards NNS X I-Skill
. . X O
You PRP X O

will MD X O
be VB X O
doing VBG X O
a DT X O
wide JJ X O
range NN X O
of IN X O
activities NNS X O
, , X O
from IN X O
helping VBG X O
to TO X O
develop VB X B-Skill
journal JJ X I-Skill
articles NNS X I-Skill
, , X O
organising VBG X B-Skill
specialist JJ X I-Skill
meetings NNS X I-Skill
and CC X I-Skill
conferences NNS X I-Skill
, , X O
developing VBG X B-Skill
medical JJ X I-Skill
education NN X I-Skill
materials NNS X I-Skill
and CC X O
this DT X O
company NN X O
is VBZ X O
getting VBG X O
increasingly RB X O
involved VBN X O
in IN X O
digital JJ X B-Domain
media NNS X I-Domain
. . X O
Jquery NNP X B-Skill

Ability NNP X O
to TO X O
manage VB X B-Skill
own JJ X I-Skill
workload NN X I-Skill
work NN X I-Skill
to TO X I-Skill
project VB X I-Skill
deadlines NNS X I-Skill
etc FW X O
First NNP X O
class NN X O
written VBN X B-Skill
and CC X I-Skill
verbal JJ X I-Skill
communication NN X I-Skill
skills NNS X I-Skill
The DT X O

COBOL NNP X B-Skill
experience NN X I-Skill
must MD X O
be VB X O
recent JJ X O
Experience NN X O
of IN X O
the DT X O
full JJ X B-Skill
software NN X I-Skill
development NN X I-Skill
lifecycle VBZ X I-Skill
A NNP X O
history NN X B-Skill
of IN X I-Skill
permanent JJ X I-Skill
employment NN X I-Skill
as IN X O
opposed VBN X O
to TO X O
contracting VBG X O
Please NNP X O
note NN X O
that IN X O
you PRP X O
must MD X O
meet VB X O
ALL NNP X O
of IN X O
the DT X O
above JJ X O
criteria NNS X O
in IN X O
order NN X O
to TO X O
be VB X O
eligible JJ X O
for IN X O
this DT X O
role NN X O
, , X O
including VBG X O
BOTH NNP X O
the DT X O
COBOL NNP X B-Skill
AND CC X O
the DT X O
AS400 NNP X B-Skill
experience NN X O
. . X O
Compiler NNP X B-Skill

and CC X O
embedded VBD X O
software NN X B-Skill
development NN X I-Skill
job NN X O
with IN X O
my PRP$ X O
client NN X O
a DT X O
preIPO NN X O
HD NNP X O
video NN X O
development NN X O
company NN X O
embedded VBD X O
, , X B-Skill
C NNP X I-Skill
/ NNP X I-Skill
C NNP X I-Skill
++, NNP X O
software NN X B-Skill
, , X O
lowlevel NN X B-Skill
, , X O
assembler NN X B-Skill
, , X O
gnu NN X B-Skill
, , X O
gcc NN X B-Skill
, , X O
g NN X B-Skill
, , X O
compiler NN X B-Skill
, , X O
run VB X B-Skill
time NN X I-Skill
tools NNS X I-Skill
, , X O
video NN X B-Skill
, , X O
mpeg NN X B-Skill
, , X O
h NN X B-Skill
. . X O
In IN X O

return NN X O
we PRP X O
will MD X O
offer VB X O
you PRP X O
a DT X O
rewarding VBG X O
job NN X O
, , X O
and CC X O
opportunities NNS X O
for IN X O
the DT X O
right JJ X O
person NN X O
to TO X O
progress NN X O
and CC X O
develop NN X O
. . X O
A DT X O

large JJ X O
Skills NNP X O
Training NNP X O
Provider NNP X O
delivering VBG X O
governmentfunded VBD X O
apprenticeship NN X O
services NNS X O
across IN X O
the DT X O
UK NNP X O
seeks VBZ X O
a DT X O
PartTime NNP X B-Occupation
Learner NNP X I-Occupation
Engagement NNP X I-Occupation
Officer NNP X I-Occupation
to TO X O
recruit VB X B-Skill
young JJ X I-Skill
learners NNS X I-Skill
for IN X I-Skill
their PRP$ X I-Skill
training NN X I-Skill
and CC X I-Skill
apprenticeship NN X I-Skill
programmes NNS X I-Skill
in IN X O
and CC X O
around IN X O
Luton NNP X O
. . X O
The DT X O

positions NNS X O
are VBP X O
starting VBG X O
January NNP X O
2013 CD X O
temporary JJ X O
to TO X O
permanent JJ X O
positions NNS X O
for IN X O
the DT X O
right JJ X O
candidates NNS X O
. . X O
You PRP X O

will MD X O
develop VB X O
and CC X O
maintain VB X O
the DT X O
Business NNP X B-Domain
Management NNP X I-Domain
Systems NNP X I-Domain
, , X O
corrective JJ X B-Skill
actions NNS X I-Skill
needed VBN X O
for IN X O
internal JJ X O
and CC X O
customer NN X O
concerns NNS X O
, , X O
conduct NN X O
and CC X O
follow VB X O
up RP X O
on IN X O
external JJ X B-Skill
and CC X I-Skill
internal JJ X I-Skill
audits NN X I-Skill
and CC X O
be VB X O
responsible JJ X O
for IN X O
the DT X O
non JJ X B-Skill
performance NN X I-Skill
reporting NN X I-Skill
and CC X O
calibration NN X B-Skill
system NN X I-Skill
. . X O
Lead NNP X B-Occupation

Auditor NNP X I-Occupation
Status NNP X O
Excellent NNP X O
communication NN X B-Skill
skills NNS X O
Keen NNP X O
promoter NN X B-Skill
of IN X I-Skill
Quality NNP X I-Skill
To TO X O
Apply VB X O
: : X O
To TO X O

deliver VB X B-Skill
business NN X I-Skill
process NN X I-Skill
improvements NNS X I-Skill
which WDT X O
will MD X O
result VB X O
in IN X O
better JJR X O
operational JJ X O
effectiveness NN X O
and CC X O
efficiency NN X O
. . X O
Setting VBG X B-Skill

and CC X I-Skill
monitoring VBG X I-Skill
KPI NNP X I-Skill
` `` X I-Skill
s NN X I-Skill
to TO X O
assist VB X B-Skill
management NN X I-Skill
in IN X I-Skill
decision NN X I-Skill
making VBG X I-Skill
Preparation NNP X I-Skill
of IN X I-Skill
board NN X I-Skill
pack NN X I-Skill
Involvement NNP X O
in IN X O
the DT X O
production NN X B-Skill
of IN X I-Skill
weekly JJ X I-Skill
and CC X I-Skill
monthly JJ X I-Skill
forecasts NNS X I-Skill
Involvement NNP X O
in IN X O
setting VBG X B-Skill
the DT X I-Skill
annual JJ X I-Skill
budget NN X I-Skill
, , X O
and CC X O
reporting VBG X B-Skill
against IN X I-Skill
budget NN X I-Skill
Production NN X I-Skill
of IN X I-Skill
monthly JJ X I-Skill
management NN X I-Skill
accounts NNS X I-Skill
Month NNP X I-Skill
end VBP X I-Skill
variance NN X I-Skill
analysis NN X I-Skill
of IN X I-Skill
actual JJ X I-Skill
vs NN X I-Skill
forecast NN X I-Skill
Fixed NNP X I-Skill
asset NN X I-Skill
register NN X I-Skill
Cost NNP X I-Skill
centre NN X I-Skill
accounting NN X I-Skill
system NN X O
implementation NN X O
Driving NNP X B-Skill
system NN X I-Skill
and CC X O
process NN X B-Skill
improvements NNS X I-Skill
VAT NNP X I-Skill
returns NNS X I-Skill
and CC X O
payroll NN X B-Skill
control NN X I-Skill
We PRP X O

are VBP X O
an DT X O
oversubscribed JJ X O
and CC X O
expanding VBG X O
threeform NN X O
entry NN X O
community NN X O
primary JJ X O
school NN X O
where WRB X O
you PRP X O
will MD X O
find VB X O
a DT X O
vibrant NN X B-Skill
, , X O
caring VBG X B-Skill
and CC X O
inspirational JJ X B-Skill
school NN X O
, , X O
which WDT X O
this DT X O
year NN X O
was VBD X O
awarded VBN X O
the DT X O
TES NNP X O
, , X B-Qualification
Primary NNP X I-Qualification
School NNP X I-Qualification
of IN X I-Qualification
the DT X I-Qualification
Year NNP X I-Qualification
Award NNP X I-Qualification
. . X O
As IN X O

Content NNP X B-Occupation
Manager NNP X I-Occupation
, , X O
you PRP X O
will MD X O
determine VB X B-Skill
and CC X I-Skill
strategise VB X I-Skill
content NN X I-Skill
, , X O
manage VB X B-Skill
their PRP$ X I-Skill
editorial NN X I-Skill
calendar NN X I-Skill
and CC X O
ensure VB X B-Skill
appropriate JJ X I-Skill
web NN X I-Skill
content NN X I-Skill
and CC X I-Skill
related JJ X I-Skill
assets NNS X I-Skill
are VBP X I-Skill
combined VBN X I-Skill
. . X O
Has NNP X O

an DT X O
appreciation NN X B-Skill
of IN X I-Skill
the DT X I-Skill
wider NN X I-Skill
IT NNP X I-Skill
field NN X I-Skill
outside IN X I-Skill
own JJ X I-Skill
specialisation NN X I-Skill
and CC X O
understands VBZ X B-Skill
how WRB X I-Skill
own JJ X I-Skill
role NN X I-Skill
relates VBZ X I-Skill
fits NNS X I-Skill
An DT X O

ability NN X O
to TO X O
find VB X B-Skill
and CC X I-Skill
rectify VB X I-Skill
earth NN X I-Skill
faults NNS X I-Skill
as RB X I-Skill
well RB X I-Skill
as IN X I-Skill
open JJ X I-Skill
and CC X I-Skill
short JJ X I-Skill
circuit NN X I-Skill
faults NNS X I-Skill
. . X O
This DT X O

company NN X O
offer VBP X O
a DT X O
stable JJ X O
future NN X O
to TO X O
any DT X O
potential JJ X O
candidate NN X O
, , X O
as RB X O
well RB X O
as IN X O
working VBG X O
in IN X O
a DT X O
culture NN X O
that WDT X O
is VBZ X O
family NN X O
and CC X O
team NN X O
orientated VBN X O
. . X O
Are NNP X O

you PRP X O
Mechanical NNP X B-Occupation
Draughter NNP X I-Occupation
looking VBG X O
to TO X O
relocate VB X O
to TO X O
the DT X O
picturesque JJ X O
North NNP X O
East NNP X O
coast NN X O
of IN X O
Scotland NNP X O
? . X O
As IN X O

an DT X O
organisation NN X O
they PRP X O
have VBP X O
continued VBN X O
to TO X O
grow VB X O
despite IN X O
current JJ X O
changes NNS X O
in IN X O
the DT X O
market NN X O
and CC X O
are VBP X O
looking VBG X O
to TO X O
strengthen VB X O
their PRP$ X O
off RP X O
framework NN X O
team NN X O
. . X O
Ensure NN X B-Skill

that WDT X I-Skill
projects NNS X I-Skill
are VBP X I-Skill
delivered VBN X I-Skill
within IN X I-Skill
deadlines NNS X I-Skill
and CC X O
to TO X O
ensure VB X B-Skill
that IN X I-Skill
each DT X I-Skill
project NN X I-Skill
is VBZ X I-Skill
completed VBN X I-Skill
to TO X I-Skill
required VB X I-Skill
standards NNS X I-Skill
Work NNP X I-Skill
as IN X I-Skill
a DT X I-Skill
team NN X I-Skill
and CC X I-Skill
assist NN X I-Skill
colleagues NNS X I-Skill
This DT X O

role NN X O
will MD X O
appeal VB X O
to TO X O
you PRP X O
if IN X O
you PRP X O
are VBP X O
excited VBN X B-Skill
by IN X I-Skill
change NN X I-Skill
, , X O
comfortable JJ X B-Skill
with IN X I-Skill
ambiguity NN X I-Skill
and CC X O
able JJ X O
to TO X O
meet VB X B-Skill
demanding JJ X I-Skill
deadlines NNS X I-Skill
. . X O
Please NNP X O

note VB X O
our PRP$ X O
advertisements NNS X O
use VBP X O
PQE NNP X O
/ NNP X O
salary JJ X O
levels NNS X O
purely RB X O
as IN X O
a DT X O
guide NN X O
. . X O
Ideally RB X O

a DT X O
qualified JJ X O
engineer NN X B-Occupation
you PRP X O
possess VBP X O
, , X O
Indepth NNP X B-Skill
knowledge NN X I-Skill
of IN X I-Skill
Road NNP X I-Skill
Maintenance NNP X I-Skill
Road NNP X I-Skill
Upgrade NNP X I-Skill
and CC X O
Repair NNP X B-Skill
methods NNS X I-Skill
50 CD X O

% NN X O
of IN X O
your PRP$ X O
time NN X O
will MD X O
be VB X O
spent VBN X O
developing VBG X B-Skill
an DT X I-Skill
existing VBG X I-Skill
client NN X I-Skill
base NN X I-Skill
with IN X I-Skill
the DT X I-Skill
remainder NN X I-Skill
developing VBG X I-Skill
new JJ X I-Skill
business NN X I-Skill
within IN X I-Skill
a DT X I-Skill
broad JJ X I-Skill
range NN X I-Skill
of IN X I-Skill
sectors NNS X I-Skill
. . X O
management NN X O

of IN X O
end NN X O
to TO X O
end VB X O
SPI NNP X O
payroll NN X O
ensure VB X B-Skill
timely JJ X I-Skill
distribution NN X I-Skill
of IN X I-Skill
payslips NNS X I-Skill
P NNP X I-Skill
**** NNP X I-Skill
s NN X I-Skill
and CC X I-Skill
P NNP X I-Skill
**** NNP X I-Skill
Ds NNP X I-Skill
The DT X O
chosen NN X O
candidate NN X O
shall MD X O
demonstrate VB X B-Skill
success NN X I-Skill
in IN X I-Skill
a DT X I-Skill
similar JJ X I-Skill
role NN X I-Skill
effectively RB X I-Skill
managing VBG X I-Skill
a DT X I-Skill
team NN X I-Skill
, , X O
delivering VBG X B-Skill
the DT X I-Skill
highest JJS X I-Skill
levels NNS X I-Skill
of IN X I-Skill
service NN X I-Skill
. . X O
Analysis NN X B-Skill

and CC X I-Skill
report NN X I-Skill
writing VBG X I-Skill
support NN X I-Skill
for IN X O
: : X O
o JJ X O
Monthly NNP X O
business NN X O
review NN X O
decks NNS X O
o VBP X O
Monthly NNP X O
and CC X O
quarterly JJ X O
analytic JJ X O
reviews NNS X O
This DT X O

is VBZ X O
an DT X O
exceptional JJ X O
opportunity NN X O
for IN X O
a DT X O
Quality NNP X B-Occupation
professional NN X I-Occupation
to TO X O
expand VB X O
and CC X O
develop VB X O
their PRP$ X O
experience NN X O
in IN X O
all DT X O
aspects NNS X O
of IN X O
Quality NNP X B-Domain
Assurance NNP X I-Domain
and CC X O
you PRP X O
will MD X O
report VB X B-Skill
directly RB X I-Skill
to TO X I-Skill
the DT X I-Skill
Quality NNP X I-Skill
Manager NNP X I-Skill
with IN X O
the DT X O
following JJ X O
responsibilities NNS X O
: : X O
The DT X O

home NN X O
is VBZ X O
carefully RB X O
split VBN X O
so RB X O
dedicated JJ X O
care NN X O
provided VBD X O
including VBG X O
a DT X O
specific JJ X O
floor NN X O
for IN X O
NHS NNP X O
beds NNS X O
Candidates NNS X O

must MD X O
be VB X O
ATA NNP X B-Qualification
Accredited NNP X I-Qualification
and CC X O
have VBP X O
up VBN X O
to TO X O
date NN X O
knowledge NN X O
of IN X O
the DT X O
Audatex NNP X B-Skill
system NN X I-Skill
. . X O
Proactively RB X B-Skill

contacting VBG X I-Skill
customers NNS X I-Skill
Offering NNP X I-Skill
solutions NNS X I-Skill
and CC X I-Skill
upgrades NNS X I-Skill
to TO X I-Skill
customers NNS X I-Skill
Technical JJ X I-Skill
support NN X I-Skill
to TO X I-Skill
customers NNS X I-Skill
Ensuring VBG X I-Skill
all DT X I-Skill
KPI NNP X I-Skill
' POS X I-Skill
s NN X I-Skill
, , X I-Skill
sales NNS X I-Skill
and CC X I-Skill
budgets NNS X I-Skill
are VBP X I-Skill
all DT X I-Skill
delivered VBN X I-Skill
on IN X I-Skill
time NN X I-Skill
Building NNP X I-Skill
rapport NN X I-Skill
with IN X I-Skill
suppliers NNS X I-Skill
to TO X I-Skill
gain VB X I-Skill
best JJ X I-Skill
price NN X I-Skill
and CC X I-Skill
quality NN X I-Skill
of IN X I-Skill
products NNS X I-Skill
. . X O
**** NN X O

or CC X O
ARM NNP X B-Skill
knowledge NN X I-Skill
to TO X O
develop VB X B-Skill
products NNS X I-Skill
powering VBG X I-Skill
wireless NN X I-Skill
products NNS X I-Skill
worldwide IN X O
Further NNP X O
success NN X O
within IN X O
this DT X O
Cambridge NNP X O
based VBN X O
RD NNP X B-Domain
organisation NN X O
means VBZ X O
more JJR X O
superb JJ X O
opportunities NNS X O
for IN X O
high JJ X O
calibre NN X O
Software NNP X B-Occupation
Engineers NNP X I-Occupation
. . X O
The DT X O

Company NN X O
: : X O
Our PRP$ X O
clients NNS X O
are VBP X O
one CD X O
of IN X O
Europe NNP X O
' POS X O
s NN X O
leading VBG X O
card JJ X B-Domain
acquisition NN X I-Domain
organisations NNS X O
. . X O
We PRP X O

are VBP X O
looking VBG X O
for IN X O
an DT X O
individual NN X O
with IN X O
an DT X O
excellent JJ X O
eye NN X B-Skill
for IN X I-Skill
detail NN X I-Skill
, , X O
a DT X O
good JJ X O
sense NN X B-Skill
of IN X I-Skill
humour NN X I-Skill
, , X O
ambassadorial JJ X O
people NNS X B-Skill
skills NNS X I-Skill
and CC X O
indepth JJ X B-Skill
machine NN X I-Skill
shop NN X I-Skill
skills NNS X I-Skill
and CC X I-Skill
knowledge NN X I-Skill
. . X O
High JJ X O

level NN X O
ofUKgeographical JJ X O
knowledge NN X B-Skill
and CC X O
have VB X O
a DT X O
good JJ X O
standard NN X B-Skill
of IN X I-Skill
education NN X I-Skill
at IN X I-Skill
GCSE NNP X I-Skill
level NN X I-Skill
or CC X I-Skill
equivalent NN X I-Skill
. . X O
Live NNP X O

in IN X O
Care NNP X O
Job NNP X O
, , X O
Cardiff NNP X O
Active NNP X B-Occupation
Assistance NNP X I-Occupation
is VBZ X O
committed VBN X O
to TO X O
safeguarding VBG X B-Skill
and CC X I-Skill
promoting VBG X I-Skill
the DT X I-Skill
welfare NN X I-Skill
of IN X I-Skill
vulnerable JJ X I-Skill
adults NNS X I-Skill
and CC X I-Skill
children NNS X I-Skill
. . X O
To TO X O

identify VB X B-Skill
and CC X I-Skill
implement VB X I-Skill
where WRB X I-Skill
necessary JJ X I-Skill
, , X I-Skill
improvements NNS X I-Skill
to TO X I-Skill
process VB X I-Skill
, , X I-Skill
quality NN X I-Skill
or CC X I-Skill
cost NN X I-Skill
effectiveness NN X I-Skill
of IN X I-Skill
the DT X I-Skill
moulding NN X I-Skill
operation NN X I-Skill
. . X O
In IN X O

return NN X O
you PRP X O
will MD X O
have VB X O
the DT X O
opportunity NN X O
to TO X O
benefit VB X O
from IN X O
parttime NN X O
flexible JJ X O
working NN X O
and CC X O
gain VB X O
a DT X O
final JJ X O
salary NN X O
pension NN X O
. . X O
Good JJ X O

rates NNS X O
of IN X O
pay NN X O
plus CC X O
attendance NN X O
bonus NN X O
are VBP X O
paid VBN X O
. . X O
As RB X O

well RB X O
as IN X O
providing VBG X B-Skill
presales NNS X I-Skill
support RB X I-Skill
, , X O
such JJ X O
as IN X O
input NN X B-Skill
to TO X I-Skill
tenders NNS X I-Skill
and CC X I-Skill
programme NN X I-Skill
plans NNS X I-Skill
. . X O
Sous JJ X B-Occupation

Chef NNP X I-Occupation
must MD X O
be VB X O
passionate NN X B-Skill
and CC X O
have VBP X O
the DT X O
ability NN X B-Skill
to TO X I-Skill
cope VB X I-Skill
under IN X I-Skill
pressure NN X I-Skill
The DT X O
successful JJ X O
Sous NNP X B-Occupation
Chef NNP X I-Occupation
will MD X O
have VB X O
at IN X B-Experience
least JJS X I-Experience
2 CD X I-Experience
years NNS X I-Experience
experience NN X I-Experience
at IN X I-Experience
a DT X I-Experience
senior JJ X I-Experience
level NN X I-Experience
or CC X I-Experience
higher JJR X I-Experience
within IN X I-Experience
a DT X I-Experience
similar JJ X I-Experience
operation NN X I-Experience
. . X O
You PRP X O

will MD X O
also RB X O
need VB X O
to TO X O
be VB X O
comfortable JJ X O
delivering VBG X B-Skill
offline JJ X I-Skill
media NNS X I-Skill
: : X O
Print NN X B-Skill
, , X O
OOH NNP X B-Skill
and CC X O
broadcast NN X O
Manage NNP X B-Skill
, , X I-Skill
motivate NN X I-Skill
and CC X I-Skill
mentor NN X I-Skill
a DT X I-Skill
team NN X I-Skill
of IN X I-Skill
Account NNP X I-Skill
Director NNP X I-Skill
& CC X I-Skill
Account NNP X I-Skill
Managers NNP X I-Skill
Ensure NNP X O
best JJS X O
practice NN X O
, , X O
oversee VBP X B-Skill
campaigns NNS X I-Skill
and CC X O
ensure VB X B-Skill
client NN X I-Skill
receive VBP X I-Skill
the DT X I-Skill
correct JJ X I-Skill
level NN X I-Skill
of IN X I-Skill
reporting VBG X I-Skill
Engage NNP X O
in IN X O
scope NN X O
of IN X O
work NN X O
negotiations NNS X B-Skill
with IN X I-Skill
existing VBG X I-Skill
clients NNS X I-Skill
and CC X O
partner NN X B-Skill
the DT X I-Skill
new JJ X I-Skill
business NN X I-Skill
team NN X I-Skill
on IN X I-Skill
incoming VBG X I-Skill
pitches NNS X I-Skill
/ NNP X I-Skill
briefs NNS X I-Skill
About IN X O
You PRP X O
DNV NNP X O

has VBZ X O
first JJ X O
hand NN X O
experience NN X O
in IN X O
some DT X O
of IN X O
the DT X O
world NN X O
? . X O
s VBZ X O
most JJS X O
technically RB X O
challenging JJ X O
projects NNS X O
. . X O
Help NN X O

to TO X O
control VB X B-Skill
the DT X I-Skill
issue NN X I-Skill
of IN X I-Skill
drugs NNS X I-Skill
for IN X O
which WDT X O
the DT X O
Home NNP X O
has VBZ X O
taken VBN X O
responsibility NN X O
, , X O
to TO X O
maintain VB X B-Skill
the DT X I-Skill
necessary JJ X I-Skill
records NNS X I-Skill
and CC X O
to TO X O
ensure VB X B-Skill
the DT X I-Skill
accuracy NN X I-Skill
and CC X I-Skill
reliability NN X I-Skill
of IN X I-Skill
the DT X I-Skill
systems NNS X I-Skill
for IN X I-Skill
administering VBG X I-Skill
medication NN X I-Skill
. . X O
Power NNP X O

Supply NNP X O
Development NNP X O
Engineer NNP X B-Occupation
/ NNP X I-Occupation
Technician NNP X I-Occupation
, , X O
Essex NNP X B-Skill
, , X O
Design NNP X B-Skill
/ NNP X I-Skill
Modifications NNP X I-Skill
, , X O
testing VBG X B-Skill
prototype NN X I-Skill
Switch NNP X I-Skill
Mode NNP X I-Skill
Power NNP X I-Skill
Supply NNP X I-Skill
SMPS NNP X I-Skill
to TO X O
product NN X O
specification NN X O
, , X O
EMC NNP X B-Skill
/ NNP X I-Skill
thermal JJ X I-Skill
testing NN X I-Skill
, , X O
You PRP X O

will MD X O
provide VB X B-Skill
support NN X I-Skill
to TO X I-Skill
customers NNS X I-Skill
of IN X I-Skill
a DT X I-Skill
supply NN X I-Skill
chain NN X I-Skill
management NN X I-Skill
package NN X I-Skill
to TO X I-Skill
allow VB X I-Skill
them PRP X I-Skill
to TO X I-Skill
make VB X I-Skill
the DT X I-Skill
most JJS X I-Skill
of IN X I-Skill
their PRP$ X I-Skill
investment NN X I-Skill
and CC X I-Skill
ensure VB X I-Skill
that IN X I-Skill
they PRP X I-Skill
remain VBP X I-Skill
as IN X I-Skill
customers NNS X I-Skill
. . X O
SSW NNP X B-Skill

, , X I-Skill
Security NNP X I-Skill
Loss NNP X I-Skill
prevention NN X I-Skill
, , X I-Skill
Manual NNP X I-Skill
Handling NNP X I-Skill
, , X O
MHE NNP X B-Skill
Working NNP X I-Skill
at IN X I-Skill
heights NNS X I-Skill
Assembly NNP X I-Skill
skills VBZ X I-Skill
via IN X I-Skill
simulated JJ X I-Skill
production NN X I-Skill
runs NNS X I-Skill
. . X O
Provides NNS X B-Skill

SAS NNP X I-Skill
datasets NNS X I-Skill
in IN X I-Skill
the DT X I-Skill
format NN X I-Skill
required VBN X I-Skill
for IN X I-Skill
special JJ X I-Skill
evaluations NNS X I-Skill
. . X O
You PRP X O

will MD X O
enjoy VB X B-Skill
working VBG X I-Skill
in IN X I-Skill
a DT X I-Skill
fast NN X I-Skill
paced VBN X I-Skill
, , X I-Skill
rapidly RB X I-Skill
expanding VBG X I-Skill
business NN X I-Skill
where WRB X I-Skill
you PRP X I-Skill
have VBP X I-Skill
real JJ X I-Skill
scope NN X I-Skill
to TO X I-Skill
add VB X I-Skill
value NN X I-Skill
. . X O
**** JJ X O

Create NNP X B-Skill
and CC X I-Skill
maintain VB X I-Skill
all DT X I-Skill
employee NN X I-Skill
personnel NNS X I-Skill
files NNS X I-Skill
, , X O
ensuring VBG X O
archiving NN X B-Skill
of IN X I-Skill
leavers NNS X I-Skill
and CC X I-Skill
cleansing NN X I-Skill
of IN X I-Skill
information NN X I-Skill
held VBN X O
in IN X O
line NN X O
with IN X O
the DT X O
Data NNP X B-Skill
Protection NNP X I-Skill
Act NNP X I-Skill
This DT X O

is VBZ X O
an DT X O
advert NN X O
by IN X O
Contract NNP X O
Options NNPS X O
, , X O
who WP X O
for IN X O
the DT X O
privelege NN X O
are VBP X O
acting VBG X O
on IN X O
behalf NN X O
for IN X O
our PRP$ X O
client NN X O
as IN X O
a DT X O
Recruitment NNP X B-Domain
Agency NNP X O
. . X O
The DT X O

roles NNS X O
will MD X O
also RB X O
require VB X O
occasional JJ X O
travel NN X O
throughout IN X O
the DT X O
UK NNP X O
and CC X O
Overseas NNP X O
. . X O
Professionalism NN X B-Skill

, , X I-Skill
confidence NN X I-Skill
and CC X I-Skill
gravitas NNS X I-Skill
to TO X I-Skill
deal VB X I-Skill
with IN X I-Skill
senior JJ X I-Skill
levels NNS X I-Skill
of IN X I-Skill
personnel NNS X I-Skill
. . X O
We PRP X O

are VBP X O
an DT X O
online JJ X O
recruitment NN X O
company NN X O
providing VBG X B-Skill
recruitment JJ X I-Skill
advertising NN X I-Skill
and CC X I-Skill
response NN X I-Skill
management NN X I-Skill
to TO X O
clients NNS X O
throughout IN X O
the DT X O
UK NNP X O
. . X O
With IN X O

a DT X O
highly RB X O
variant JJ X O
international JJ X O
client NN X O
base NN X O
, , X O
this DT X O
role NN X O
offers VBZ X O
the DT X O
successful JJ X O
candidate NN X O
great JJ X O
job NN X O
satisfaction NN X O
through IN X O
fast NN X O
paced VBN X O
project NN X B-Skill
involvement NN X I-Skill
. . X O
We PRP X O

have VBP X O
regular JJ X O
work NN X O
and CC X O
pay VB X O
the DT X O
highest JJS X O
rates NNS X O
in IN X O
London NNP X O
, , X O
Guaranteed NNP X O
TO NNP X O
APPLY NNP X O
: : X O
Please NNP X O
contact VB X O
Deon NNP X O
or CC X O
Jenna NNP X O
at IN X O
AER NNP X O
Teachers NNP X O
on IN X O
An DT X O

outstanding JJ X O
opportunity NN X O
has VBZ X O
arisen VBN X O
with IN X O
this DT X O
leading VBG X O
manufacturing NN X B-Domain
organisation NN X O
to TO X O
join VB X O
as IN X O
Financial NNP X B-Occupation
Controller NNP X I-Occupation
with IN X O
a DT X O
route NN X O
to TO X O
FD NNP X O
for IN X O
the DT X O
right JJ X O
candidate NN X O
. . X O
As IN X O

a DT X O
Government NNP X O
Procurement NNP X O
Services NNPS X O
approved VBD X O
agency NN X O
we PRP X O
hold VBP X O
a DT X O
range NN X O
of IN X O
preferred VBN X O
supplier NN X O
agreements NNS X O
with IN X O
the DT X O
NHS NNP X O
To TO X O

undertake VB X O
duties NNS X O
as IN X O
required VBN X O
at IN X O
any DT X O
of IN X O
the DT X O
Colleges NNP X O
catering NN X B-Domain
and CC X O
retail JJ X B-Domain
outlets NNS X O
, , X O
ensuring VBG X B-Skill
first JJ X I-Skill
class NN X I-Skill
customer NN X I-Skill
service NN X I-Skill
at IN X I-Skill
all DT X I-Skill
times NNS X I-Skill
. . X O
Maintain NNP X B-Skill

site NN X I-Skill
details NNS X I-Skill
and CC X I-Skill
information NN X I-Skill
on IN X I-Skill
our PRP$ X I-Skill
central JJ X I-Skill
database NN X I-Skill
. . X O
You PRP X O

will MD X O
be VB X O
expected VBN X O
to TO X O
embrace VB X O
and CC X O
contribute VB X O
to TO X O
the DT X O
culture NN X O
of IN X O
process NN X B-Skill
improvement NN X I-Skill
with IN X O
a DT X O
focus NN X O
on IN X O
streamlining VBG X B-Skill
processes NNS X I-Skill
, , X O
adding VBG X B-Skill
value NN X I-Skill
to TO X O
the DT X O
business NN X O
, , X O
and CC X O
meeting VBG X B-Skill
client NN X I-Skill
needs NNS X I-Skill
. . X O
Natural JJ X O

Search NNP X O
Link NNP X O
Building NNP X O
Candidates NNP X O
need VBP X O
to TO X O
demonstrate VB X O
the DT X O
ability NN X O
to TO X O
work VB X B-Skill
and CC X I-Skill
communicate VB X I-Skill
clearly RB X I-Skill
and CC X I-Skill
professionally RB X I-Skill
with IN X O
a DT X O
wide JJ X O
range NN X O
of IN X O
people NNS X O
. . X O
**** NN X O

to TO X O
the DT X O
Finance NNP X B-Occupation
Manager NNP X I-Occupation
and CC X O
has VBZ X O
much JJ X O
diversity NN X B-Skill
and CC X I-Skill
landscape NN X I-Skill
for IN X I-Skill
development NN X I-Skill
and CC X I-Skill
progression NN X I-Skill
. . X O
Knowledge NNP X O

and CC X O
experience NN X O
of IN X O
the DT X O
safe JJ X B-Domain
operation NN X I-Domain
and CC X O
maintenance NN X B-Domain
of IN X O
continuous JJ X O
processing NN X O
plant NN X O
Knowledge NNP X O
of IN X O
safe JJ X B-Skill
working VBG X I-Skill
practices NNS X I-Skill
Excellent NNP X O
communication NN X B-Skill
skills NNS X I-Skill
and CC X O
a DT X O
good JJ X O
level NN X O
of IN X O
computer NN X B-Skill
literacy NN X I-Skill
are VBP X O
essential JJ X O
Knowledge NNP X O
and CC X O
of IN X O
a DT X O
TPM NNP X B-Skill
or CC X O
continuous JJ X B-Skill
improvement NN X I-Skill
culture NN X O
5 CD X O

days NNS X O
holiday RB X O
bank NN X O
holidays NNS X O
Are VBP X O
you PRP X O
a DT X O
Controls NNP X B-Occupation
Engineer NNP X I-Occupation
OR NNP X O
PLC NNP X B-Occupation
Programmer NNP X I-Occupation
looking VBG X O
for IN X O
your PRP$ X O
next JJ X O
challenge NN X O
? . X O
Experience NN X B-Skill

working VBG X I-Skill
with IN X I-Skill
reservations NNS X I-Skill
systems NNS X I-Skill
and CC X O
front NN X B-Skill
of IN X I-Skill
house NN X I-Skill
operations NNS X I-Skill
are VBP X O
vital JJ X O
. . X O
They PRP X O

are VBP X O
seeking VBG X O
a DT X O
dynamic JJ X B-Skill
and CC X O
experienced JJ X B-Skill
freight NN X I-Skill
forwarding VBG X I-Skill
Business NNP X B-Occupation
Development NNP X I-Occupation
Executive NNP X I-Occupation
, , X O
in IN X O
order NN X O
to TO X O
further RBR X O
develop VB X B-Skill
their PRP$ X I-Skill
sales NNS X I-Skill
portfolio NN X I-Skill
in IN X O
the DT X O
East NNP X O
Midlands NNP X O
area NN X O
. . X O
Our PRP$ X O

client NN X O
is VBZ X O
looking VBG X O
to TO X O
appoint VB X O
in IN X O
February NNP X O
so RB X O
if IN X O
you PRP X O
would MD X O
like VB X O
to TO X O
find VB X O
out RP X O
more RBR X O
or CC X O
apply VB X O
then RB X O
please VB X O
contact VB X O
us PRP X O
on IN X O
We PRP X O

are VBP X O
looking VBG X O
for IN X O
: : X O
Proven JJ X O
leadership NN X B-Skill
experience NN X I-Skill
with IN X I-Skill
the DT X I-Skill
vision NN X I-Skill
and CC X I-Skill
commitment NN X I-Skill
to TO X I-Skill
further RBR X I-Skill
develop VB X I-Skill
the DT X I-Skill
school NN X I-Skill
A NNP X O
strategic JJ X B-Skill
thinker NN X I-Skill
who WP X I-Skill
will MD X I-Skill
maintain VB X I-Skill
our PRP$ X I-Skill
high JJ X I-Skill
standards NNS X I-Skill
, , X I-Skill
care NN X I-Skill
and CC X I-Skill
support NN X I-Skill
for IN X I-Skill
all DT X I-Skill
our PRP$ X I-Skill
children NNS X I-Skill
and CC X I-Skill
work NN X I-Skill
with IN X I-Skill
the DT X I-Skill
Headteacher NNP X I-Skill
and CC X I-Skill
Senior NNP X I-Skill
Leadership NNP X I-Skill
Team NNP X I-Skill
to TO X I-Skill
further RBR X I-Skill
develop VB X I-Skill
the DT X I-Skill
school NN X I-Skill
An DT X O
individual NN X O
who WP X O
will MD X O
put VB X B-Skill
the DT X I-Skill
children NNS X I-Skill
' POS X I-Skill
s NN X I-Skill
learning NN X I-Skill
and CC X I-Skill
welfare NN X I-Skill
at IN X I-Skill
the DT X I-Skill
heart NN X I-Skill
of IN X I-Skill
everything NN X I-Skill
they PRP X I-Skill
do VBP X I-Skill
Excellent JJ X O
interpersonal NN X B-Skill
and CC X I-Skill
communication NN X I-Skill
skills NNS X I-Skill
to TO X I-Skill
lead VB X I-Skill
and CC X I-Skill
inspire VB X I-Skill
their PRP$ X I-Skill
teams NNS X I-Skill
We PRP X O
offer VBP X O
: : X O
A DT X O
highly RB X O
skilled VBN X O
, , X O
committed VBN X O
, , X O
and CC X O
supportive JJ X O
team NN X O
with IN X O
a DT X O
dedicated JJ X O
governing NN X O
body NN X O
A NNP X O
full JJ X O
CPD NNP X O
programme NN X O
in IN X O
order NN X O
for IN X O
you PRP X O
to TO X O
reach VB X O
your PRP$ X O
career NN X O
goals NNS X O
and CC X O
full JJ X O
potential JJ X O
Confident NNP X O
, , X O
happy JJ X O
and CC X O
motivated VBN X O
pupils NNS X O
who WP X O
are VBP X O
eager JJ X O
to TO X O
learn VB X O
and CC X O
enjoy VB X O
school NN X O
This DT X O

school NN X O
is VBZ X O
seeking VBG X O
a DT X O
Chemistry NNP X B-Occupation
Teacher NNP X I-Occupation
to TO X O
join VB X O
their PRP$ X O
successful JJ X O
science NN X O
department NN X O
on IN X O
a DT X O
permanent JJ X O
contract NN X O
from IN X O
September NNP X O
2013 CD X O
. . X O
If IN X O

you PRP X O
are VBP X O
currently RB X O
working VBG X O
within IN X O
a DT X O
Retail JJ X B-Domain
or CC X O
Hospitality NNP X B-Domain
Management NNP X I-Domain
role NN X O
we PRP X O
would MD X O
love VB X O
to TO X O
hear VB X O
from IN X O
you PRP X O
Our PRP$ X O
client NN X O
was VBD X O
the DT X O
first JJ X O
budget NN X O
hotel NN X O
brand NN X O
to TO X O
launch VB X O
in IN X O
the DT X O
UK NNP X O
in IN X O
Schedule NN X B-Skill

, , X I-Skill
track NN X I-Skill
, , X I-Skill
and CC X I-Skill
monitor NN X I-Skill
tools NNS X I-Skill
and CC X O
test NN X B-Skill
equipment NN X I-Skill
calibration NN X I-Skill
. . X O
wholesale JJ X O

and CC X O
individual JJ X O
consumers NNS X O
Direct VBP X O
to TO X O
Consumer NNP X O
, , X O
a DT X O
significant JJ X O
growth NN X O
opportunity NN X O
for IN X O
The DT X O
Royal NNP X O
Mint NNP X O
. . X O
You PRP X O

must MD X O
hold VB X O
QTS NNP X B-Qualification
or CC X O
a DT X O
UK NNP X O
recognised VBD X O
equivalent JJ X O
teaching NN X B-Skill
qualification NN X O
Energetic JJ X B-Skill

personality NN X I-Skill
and CC X O
flexible JJ X B-Skill
regarding VBG X I-Skill
working VBG X I-Skill
practice NN X I-Skill
and CC X I-Skill
working NN X I-Skill
hours NNS X I-Skill
. . X O
We PRP X O

have VBP X O
a DT X O
fantastic JJ X O
customer NN X O
base NN X O
which WDT X O
continues VBZ X O
to TO X O
grow VB X O
through IN X O
the DT X O
introduction NN X O
of IN X O
industry NN X O
leading VBG X O
products NNS X O
and CC X O
services NNS X O
that IN X O
our PRP$ X O
customers NNS X O
want VBP X O
like IN X O
Sky NNP X O
and CC X O
Coral NNP X O
TV NNP X O
. . X O
Ensure NN X B-Skill

the DT X I-Skill
site NN X I-Skill
meets VBZ X I-Skill
its PRP$ X I-Skill
corporate JJ X I-Skill
responsibility NN X I-Skill
commitments NNS X I-Skill
and CC X I-Skill
obligations NNS X I-Skill
**** NN X O

employees NNS X O
across IN X O
a DT X O
single JJ X O
site NN X O
, , X O
taking VBG X O
the DT X O
ownership NN X O
of IN X O
driving VBG X O
and CC X O
imbedding VBG X O
a DT X O
variety NN X O
of IN X O
learning VBG X O
initiatives NNS X O
to TO X O
raise VB X O
the DT X O
capability NN X O
and CC X O
performance NN X O
of IN X O
employees NNS X O
. . X O
A DT X O

fantastic JJ X O
opportunity NN X O
has VBZ X O
arisen VBN X O
for IN X O
a DT X O
Branch NNP X B-Occupation
Manager NNP X I-Occupation
/ NNP X O
Store NNP X B-Occupation
Manager NNP X I-Occupation
/ NNP X O
Retail NNP X B-Occupation
Manager NNP X I-Occupation
to TO X O
work VB X O
for IN X O
this DT X O
distributor NN X O
of IN X O
construction NN X O
products NNS X O
in IN X O
Manchester NNP X O
. . X O
Working VBG X O

under IN X O
the DT X O
direction NN X O
of IN X O
the DT X O
Lettings NNP X O
Account NNP X B-Occupation
Manager NNP X I-Occupation
to TO X O
undertake VB X O
the DT X O
following JJ X O
duties NNS X O
: : X O
Recording VBG X B-Skill
rental JJ X I-Skill
payments NNS X I-Skill
from IN X I-Skill
tenants NNS X I-Skill
Entering VBG X I-Skill
data NNS X I-Skill
into IN X I-Skill
the DT X I-Skill
Company NNP X I-Skill
computer NN X I-Skill
system NN X I-Skill
/ NN X O
As IN X O

a DT X O
Senior JJ X O
Marketing NNP X B-Occupation
Sales NNS X I-Occupation
Executive NNP X I-Occupation
your PRP$ X O
skills NNS X O
and CC X O
knowledge NN X O
will MD X O
include VB X O
: : X O
Higher JJR X O
level NN X O
marketing NN X B-Skill
qualification NN X O
This DT X O

is VBZ X O
a DT X B-Skill
challenging NN X I-Skill
and CC X I-Skill
diverse JJ X I-Skill
internal JJ X I-Skill
sales NNS X I-Skill
role NN X I-Skill
within IN X O
a DT X O
busy JJ X O
sales NNS X O
office NN X O
of IN X O
a DT X O
presitgious JJ X O
, , X O
market NN X O
leading VBG X O
manufacturer NN X O
within IN X O
the DT X O
construction NN X O
industry NN X O
. . X O
Fun NNP X B-Skill

and CC X I-Skill
passionate VB X I-Skill
Rationale NNP X I-Skill
and CC X I-Skill
precise VB X I-Skill
Get NNP X I-Skill
up RB X I-Skill
and CC X I-Skill
go VB X I-Skill
attitude NN X I-Skill
Due JJ X O

to TO X O
the DT X O
expansion NN X O
of IN X O
the DT X O
department NN X O
a DT X O
number NN X O
of IN X O
new JJ X O
positions NNS X O
provide VBP X O
an DT X O
exciting JJ X O
opportunity NN X O
for IN X O
dynamic JJ X B-Skill
and CC X O
selfmotivated JJ X B-Skill
individuals NNS X O
to TO X O
join VB X O
our PRP$ X O
theatre NN X O
team NN X O
. . X O
On IN X O

offer NN X O
is VBZ X O
a DT X O
senior JJ X O
position NN X O
for IN X O
the DT X O
leading JJ X O
manufacturer NN X O
who WP X O
will MD X O
offer VB X O
full JJ X O
support NN X O
to TO X O
enable VB X O
you PRP X O
to TO X O
make VB X O
a DT X O
successful JJ X O
move NN X O
to TO X O
this DT X O
quaint JJ X O
part NN X O
of IN X O
Northern NNP X O
Scotland NNP X O
including VBG X O
accommodation NN X O
for IN X O
the DT X O
initial JJ X O
few JJ X O
month NN X O
Senior NNP X B-Occupation
Mechanical NNP X I-Occupation
Draughter NNP X I-Occupation
Fraserburgh NNP X O
, , X O
Our PRP$ X O

products NNS X O
are VBP X O
used VBN X O
by IN X O
most JJS X O
of IN X O
the DT X O
world NN X O
s NN X O
major JJ X O
international JJ X O
companies NNS X O
and CC X O
leading VBG X O
research NN X B-Domain
institutes NN X O
for IN X O
industrial JJ X B-Domain
analysis NN X I-Domain
and CC X O
quality NN X B-Domain
control NN X I-Domain
. . X O
Replacing VBG X B-Skill

or CC X I-Skill
upgrading JJ X I-Skill
client NN X I-Skill
owned VBD X I-Skill
systems NNS X I-Skill
which WDT X O
includes VBZ X O
hardware NN X B-Skill
, , X O
software NN X B-Skill
and CC X O
network NN X B-Skill
configuration NN X I-Skill
. . X O
The DT X O

team NN X O
also RB X O
performs VBZ X O
similar JJ X O
activities NNS X O
for IN X O
the DT X O
extranet NN X B-Skill
& CC X I-Skill
internet NN X I-Skill
SharePoint NN X I-Skill
platforms NNS X I-Skill
. . X O
Whenever WRB X O

creating VBG X B-Skill
new JJ X I-Skill
software NN X I-Skill
, , X O
ensures VBZ X B-Skill
the DT X I-Skill
efficient JJ X I-Skill
use NN X I-Skill
of IN X I-Skill
existing VBG X I-Skill
software NN X I-Skill
. . X O
Develop NNP X B-Skill

appropriate JJ X I-Skill
papers NNS X I-Skill
to TO X I-Skill
facilitate VB X I-Skill
speedy JJ X I-Skill
decision NN X I-Skill
making NN X I-Skill
at IN X O
Triage NNP X O
and CC X O
Operations NNP X O
Committees NNP X O
. . X O
Visiting VBG X B-Skill

accounts NNS X I-Skill
when WRB X I-Skill
needed VBN X I-Skill
Dealing VBG X I-Skill
with IN X I-Skill
high JJ X I-Skill
value NN X I-Skill
accounts NNS X I-Skill
Preparing VBG X I-Skill
files NNS X I-Skill
for IN X I-Skill
litigation NN X I-Skill
where WRB X I-Skill
necessary JJ X I-Skill
Negotiating NNP X I-Skill
payment NN X I-Skill
terms NNS X I-Skill
Working VBG X I-Skill
as IN X I-Skill
part NN X I-Skill
of IN X I-Skill
a DT X I-Skill
team NN X I-Skill
Strong NNP X O
Excel NNP X B-Skill
Oracle NNP X I-Skill
You PRP X O

will MD X O
have VB X O
great JJ X O
problem NN X B-Skill
solving VBG X I-Skill
skills NNS X O
and CC X O
be VB X O
driven VBN X O
by IN X O
using VBG X O
the DT X O
latest JJS X O
areas NNS X O
of IN X O
database NN X B-Skill
technology NN X I-Skill
. . X O
Are NNP X O

you PRP X O
looking VBG X O
for IN X O
a DT X O
new JJ X O
opportunity NN X O
to TO X O
start VB X O
after IN X O
the DT X O
festive JJ X O
season NN X O
is VBZ X O
over RP X O
? . X O
An DT X O

experienced JJ X B-Skill
Credit NNP X I-Skill
Controller NNP X I-Skill
is VBZ X O
required VBN X O
for IN X O
a DT X O
temporary JJ X O
role NN X O
based VBN X O
in IN X O
the DT X O
Huddersfield NNP X O
area NN X O
. . X O
It PRP X O

is VBZ X O
preferred VBN X O
that IN X O
any DT X O
applicant JJ X O
have VBP X O
experience NN X O
either CC X O
in IN X O
Speech NNP X B-Skill
& CC X I-Skill
Language NNP X I-Skill
or CC X O
PMLD NNP X B-Skill
with IN X O
school NN X B-Skill
aged VBN X I-Skill
children NNS X I-Skill
, , X O
but CC X O
all DT X O
high JJ X O
calibre NN X O
candidates NNS X O
will MD X O
be VB X O
considered VBN X O
. . X O
Experience NN X O

with IN X O
programming VBG X B-Skill
/ JJ X I-Skill
Editing NNP X I-Skill
programmes NNS X I-Skill
Be NNP X O
able JJ X O
to TO X O
work VB X O
from IN X O
engineering NN X B-Skill
drawings NNS X I-Skill
Be NNP X O
able JJ X O
to TO X O
keep VB X B-Skill
a DT X I-Skill
clean JJ X I-Skill
workshop NN X I-Skill
Previous JJ X O

experience NN X B-Skill
within IN X I-Skill
sales NNS X I-Skill
marketing NN X I-Skill
is VBZ X O
preferred VBN X O
but CC X O
not RB X O
essential JJ X O
as IN X O
training NN X O
will MD X O
be VB X O
given VBN X O
and CC X O
ideally RB X O
you PRP X B-Skill
will MD X I-Skill
drive VB X I-Skill
due JJ X O
to TO X O
locations NNS X O
. . X O
Our PRP$ X O

Borough NNP X O
is VBZ X O
large JJ X O
and CC X O
diverse JJ X O
and CC X O
will MD X O
offer VB X O
some DT X O
excellent JJ X O
opportunities NNS X O
for IN X O
you PRP X O
to TO X O
further VB X O
your PRP$ X O
career NN X O
and CC X O
increase VB X O
your PRP$ X O
experience NN X O
. . X O
We PRP X O

specialise VBP X O
in IN X O
many JJ X O
industries NNS X O
and CC X O
have VBP X O
a DT X O
number NN X O
of IN X O
other JJ X O
positions NNS X O
that IN X O
maybe RB X O
more RBR X O
suitable JJ X O
for IN X O
your PRP$ X O
background NN X O
. . X O
The DT X O

rate NN X O
of IN X O
pay NN X O
is VBZ X O
7 CD X O
. . X O
30 CD X O
Monday NNP X O
to TO X O
Friday NNP X O
and CC X O
Develop NNP X B-Skill

and CC X I-Skill
deliver VB X I-Skill
integrated VBN X I-Skill
and CC X I-Skill
distinctive JJ X I-Skill
marketing NN X I-Skill
communications NNS X I-Skill
plans NNS X I-Skill
across IN X O
the DT X O
full JJ X O
marketing NN X O
mix NN X O
and CC X O
media NNS X O
, , X O
including VBG X O
online NN X O
, , X O
ensuring VBG X B-Skill
targets NNS X I-Skill
delivered VBN X I-Skill
, , X O
to TO X O
time NN X O
and CC X O
within IN X O
expenditure NN X O
guidelines NNS X O
Support NNP X O
The DT X O

Service NNP X B-Occupation
Improvement NNP X I-Occupation
Analyst NNP X I-Occupation
will MD X O
drive VB X O
and CC X O
control VB X B-Skill
process NN X I-Skill
change NN X I-Skill
across IN X O
the DT X O
marketing NN X B-Domain
team NN X O
, , X O
reporting VBG X B-Skill
on IN X I-Skill
KPIs NNP X I-Skill
and CC X O
managing VBG X B-Skill
continuous JJ X I-Skill
improvement NN X I-Skill
. . X O
If IN X O

this DT X O
sounds VBZ X O
like IN X O
you PRP X O
then RB X O
read VB X O
on IN X O
, , X O
this DT X O
could MD X O
be VB X O
the DT X O
perfect JJ X O
role NN X O
for IN X O
you PRP X O
. . X O
He PRP X O

has VBZ X O
an DT X O
outgoing JJ X B-Skill
personality NN X O
, , X O
responds VBZ X O
well RB X O
to TO X O
positive JJ X O
role NN X O
models NNS X O
and CC X O
is VBZ X O
looking VBG X O
for IN X O
an DT X O
experienced VBN X B-Skill
a DT X O
male JJ X O
support NN X B-Occupation
worker NN X I-Occupation
who WP X O
will MD X O
support VB X B-Skill
him PRP X I-Skill
to TO X I-Skill
increase VB X I-Skill
his PRP$ X I-Skill
independence NN X I-Skill
, , X O
access NN X B-Skill
new JJ X I-Skill
leisure NN X I-Skill
activities NNS X I-Skill
and CC X O
continue VB X O
to TO X O
support VB X B-Skill
him PRP X I-Skill
to TO X I-Skill
live VB X I-Skill
independently RB X I-Skill
. . X O
Use NNP X B-Skill

and CC X I-Skill
knowledge NN X I-Skill
of IN X I-Skill
the DT X I-Skill
Oracle NNP X I-Skill
system NN X I-Skill
is VBZ X O
a DT X O
GREAT JJ X O
advantage NN X O
also RB X O
. . X O
To TO X O

apply VB X O
for IN X O
the DT X O
role NN X O
, , X O
please VB X O
send VB X O
your PRP$ X O
CV NNP X O
by IN X O
email NN X O
In IN X O

partnership NN X O
with IN X O
marketing NN X O
team NN X O
you PRP X O
will MD X O
to TO X O
devise VB X B-Skill
, , X O
manage NN X B-Skill
and CC X O
implement VB X B-Skill
a DT X I-Skill
CRM NNP X I-Skill
and CC X I-Skill
digital JJ X I-Skill
strategy NN X I-Skill
that WDT X I-Skill
delivers VBZ X I-Skill
the DT X I-Skill
Sales NNS X I-Skill
Plan NNP X I-Skill
/ VBP X I-Skill
Target NNP X I-Skill
within IN X I-Skill
profitability NN X I-Skill
targets NNS X I-Skill
and CC X I-Skill
constantly RB X I-Skill
improves VBZ X I-Skill
both CC X I-Skill
the DT X I-Skill
CRM NNP X I-Skill
and CC X I-Skill
digital JJ X I-Skill
programmes NNS X I-Skill
: : X O
Strong JJ X O
rigour NN X B-Skill
around IN X I-Skill
measurement NN X I-Skill
and CC X I-Skill
data NNS X I-Skill
including VBG X I-Skill
: : X O
Instrumental NN X O
in IN X O
devising VBG X B-Skill
and CC X I-Skill
developing VBG X I-Skill
a DT X I-Skill
data NN X I-Skill
driven RB X I-Skill
test NN X I-Skill
learn NN X I-Skill
and CC X I-Skill
refine VB X I-Skill
programme NN X I-Skill
for IN X I-Skill
our PRP$ X I-Skill
CRM NNP X I-Skill
initiatives VBZ X I-Skill
Being NNP X O
responsible JJ X B-Skill
for IN X I-Skill
compiling VBG X I-Skill
and CC X I-Skill
assessing VBG X I-Skill
the DT X I-Skill
CRM NNP X I-Skill
and CC X I-Skill
digital JJ X I-Skill
measures NNS X I-Skill
required VBN X I-Skill
in IN X I-Skill
the DT X I-Skill
business NN X I-Skill
Looking VBG X I-Skill
at IN X I-Skill
local JJ X I-Skill
CRM NNP X I-Skill
campaigns NN X I-Skill
that WDT X I-Skill
will MD X I-Skill
optimise VB X I-Skill
the DT X I-Skill
overall JJ X I-Skill
marketing NN X I-Skill
spend NN X I-Skill
Working VBG X I-Skill
with IN X I-Skill
the DT X I-Skill
digital JJ X I-Skill
media NNS X I-Skill
and CC X I-Skill
creative JJ X I-Skill
agencies NNS X I-Skill
to TO X I-Skill
produce VB X I-Skill
campaigns NNS X I-Skill
that WDT X I-Skill
will MD X I-Skill
meet VB X I-Skill
the DT X I-Skill
overall JJ X I-Skill
business NN X I-Skill
and CC X I-Skill
digital JJ X I-Skill
objectives NNS X I-Skill
Working VBG X I-Skill
with IN X I-Skill
3rd CD X I-Skill
party NN X I-Skill
data NNS X I-Skill
agencies NNS X I-Skill
to TO X I-Skill
acquire VB X I-Skill
new JJ X I-Skill
data NNS X I-Skill
and CC X I-Skill
enhance VB X I-Skill
our PRP$ X I-Skill
own JJ X I-Skill
existing VBG X I-Skill
data NNS X I-Skill
Works NNS X I-Skill
with IN X I-Skill
the DT X I-Skill
Marketing NNP X B-Occupation
Manager NNP X I-Occupation
to TO X O
take VB X B-Skill
digital JJ X I-Skill
and CC X I-Skill
CRM NNP X I-Skill
to TO X I-Skill
the DT X I-Skill
next JJ X I-Skill
level NN X I-Skill
, , X I-Skill
ensuring VBG X I-Skill
overall JJ X I-Skill
calendar NN X I-Skill
and CC X I-Skill
ATL NNP X I-Skill
campaign NN X I-Skill
objectives NNS X I-Skill
Make NNP X O

spot NN X B-Skill
checks NNS X I-Skill
on IN X O
condition NN X O
and CC X O
usage NN X O
of IN X O
correct JJ X O
PPE NNP X B-Skill
Reporting NN X I-Skill
: : X O
Ensure NN X B-Skill

that IN X I-Skill
my PRP$ X I-Skill
team NN X I-Skill
are VBP X I-Skill
really RB X I-Skill
clear JJ X I-Skill
on IN X I-Skill
our PRP$ X I-Skill
performance NN X I-Skill
standards NNS X I-Skill
K NNP X O

Our PRP$ X O
Client NNP X O
is VBZ X O
a DT X O
Global JJ X O
Leader NN X O
in IN X O
the DT X O
International NNP X B-Domain
Freight NNP X I-Domain
Forwarding NNP X I-Domain
and CC X O
Logistics NNP X B-Domain
Sector NNP X I-Domain
with IN X O
1500 CD X O
offices NNS X O
across IN X O
the DT X O
globe NN X O
The DT X O

salary NN X O
for IN X O
the DT X O
role NN X O
is VBZ X O
negotiable JJ X O
depending VBG X O
on IN X O
experience NN X B-Experience
but CC X O
is VBZ X O
offered VBN X O
in IN X O
the DT X O
region NN X O
of IN X O
Ideally RB X O

, , X O
but CC X O
not RB X O
essentially RB X O
you PRP X O
will MD X O
have VB X O
an DT X O
interest NN X O
or CC X O
experience VB X B-Skill
the DT X O
automotive JJ X B-Domain
, , X O
training VBG X B-Domain
or CC X O
health NN X B-Domain
and CC X I-Domain
safety NN X I-Domain
markets NNS X O
. . X O
The DT X O

Senior NNP X O
Operations NNP X O
and CC X O
Venue NNP X O
Manager NNP X O
Role NNP X O
: : X O
As IN X O
an DT X O
existing VBG X O
Operations NNS X B-Occupation
/ VBP X I-Occupation
Venue NNP X I-Occupation
Manager NNP X I-Occupation
you PRP X O
will MD X O
be VB X O
responsible JJ X B-Skill
for IN X I-Skill
the DT X I-Skill
management NN X I-Skill
and CC X O
daily JJ X O
running NN X O
of IN X O
1 CD X O

. . X O
Effectively RB X O
manage NN X B-Skill
and CC X I-Skill
communicate NN X I-Skill
business NN X I-Skill
change NN X I-Skill
to TO X I-Skill
the DT X I-Skill
team NN X I-Skill
and CC X O
use NN X B-Skill
time NN X I-Skill
critical JJ X I-Skill
business NN X I-Skill
communication NN X I-Skill
channels NNS X I-Skill
that WDT X O
enable VBP X O
all DT X O
staff NN X O
to TO X O
receive VB X O
information NN X O
at IN X O
once RB X O
The DT X O

skills NNS X O
we PRP X O
look VBP X O
for IN X O
in IN X O
our PRP$ X O
Primary JJ X B-Occupation
KS2 NNP X I-Occupation
Teachers NNP X I-Occupation
include VBP X O
: : X O
Qualified VBD X B-Qualification
Teacher NNP X I-Qualification
Status NNP X I-Qualification
either CC X O
PGCE NNP X B-Qualification
or CC X O
BA NNP X B-Qualification
Education NNP X I-Qualification
Carry NNP X O

out RP X O
engineering NN X B-Skill
calculations NNS X I-Skill
and CC X O
check VB X O
the DT X O
work NN X O
of IN X O
more JJR X O
junior JJ X B-Occupation
staff NN X I-Occupation
to TO X O
deliver VB X O
a DT X O
quality NN X O
functional JJ X O
input NN X O
to TO X O
projects NNS X O
. . X O
You PRP X O

will MD X O
be VB X O
expected VBN X O
to TO X O
process VB X B-Skill
the DT X I-Skill
accounts NNS X I-Skill
up IN X I-Skill
to TO X I-Skill
trial NN X I-Skill
balance NN X I-Skill
. . X O
The DT X O

ability NN X O
to TO X O
build VB X B-Skill
strong JJ X I-Skill
relationships NNS X I-Skill
internally RB X O
and CC X O
externally RB X O
are VBP X O
also RB X O
of IN X O
paramount NN X O
importance NN X O
. . X O
Celsian NN X O

was VBD X O
one CD X O
of IN X O
the DT X O
first JJ X O
agencies NNS X B-Occupation
to TO X O
be VB X O
awarded VBN X O
the DT X O
DfE NNP X O
Quality NNP X O
Mark NNP X O
, , X O
an DT X O
essential JJ X O
guide NN X O
to TO X O
Quality NNP X B-Skill
and CC X O
Professionalism NNP X B-Skill
. . X O
Do VBP X O

you PRP X O
want VB X O
to TO X O
work VB X O
for IN X O
one CD X O
of IN X O
the DT X O
leading VBG X O
engineering NN X O
and CC X O
technical JJ X O
recruitment NN X O
companies NNS X O
in IN X O
the DT X O
UK NNP X O
with IN X O
a DT X O
wellestablished JJ X O
and CC X O
growing VBG X O
client NN X O
base NN X O
who WP X O
will MD X O
offer VB X O
an DT X O
exceptional JJ X O
commission NN X O
structure NN X O
? . X O
Reporting VBG X O

the DT X O
Executive NNP X B-Occupation
General NNP X I-Occupation
Manager NNP X I-Occupation
you PRP X O
will MD X O
lead VB X B-Skill
and CC X I-Skill
coordinate VB X I-Skill
the DT X I-Skill
development NN X I-Skill
of IN X I-Skill
network NN X I-Skill
strategies NNS X I-Skill
for IN X I-Skill
allocated JJ X I-Skill
Road NNP X I-Skill
Networks NNP X I-Skill
, , X O
establish VB X B-Skill
a DT X I-Skill
bid NN X I-Skill
team NN X I-Skill
, , X O
provide VB X B-Skill
a DT X I-Skill
compliant NN X I-Skill
and CC X I-Skill
winning VBG X I-Skill
bid NN X I-Skill
, , X O
which WDT X O
addresses VBZ X O
commercial JJ X B-Skill
, , X I-Skill
operational JJ X I-Skill
and CC X I-Skill
statutory JJ X I-Skill
issues NNS X I-Skill
and CC X O
facilitate VB X B-Skill
the DT X I-Skill
migration NN X I-Skill
of IN X I-Skill
successful JJ X I-Skill
bids NNS X I-Skill
to TO X I-Skill
operations NNS X I-Skill

